Tue Jan 21 16:22:53 PST 2020
Preparing patching process.
Building string data...
Reading strings from: 1D Menus I.txt
Reading strings from: 1F Menus II.txt
Reading strings from: 23 Item Descriptions I.txt
Reading strings from: 24 Item Descriptions ll.txt
Reading strings from: 25 Item Descriptions III.txt
Reading strings from: 26 Item Names.txt
Reading strings from: New Enemies Data.txt
Reading map config files...
Writing map config table...
Wrote map config table to 0x2805330
Reading battle config files...
Reading sprite list...
Reading direct ROM patches...
Reading patch file: DisableMenuTabs.patch
Reading patch file: FixLWInstruction.patch
Reading patch file: LifeShrooms.patch
Reading patch file: SetStats.patch
Reading patch file: skipStory.patch
Reading patch file: SPtoCoins.patch
Reading patch file: StrangeSack.patch
Reading patch file: TrackingValues.patch
Reading patch file: UtilityFunctions.patch
Parsing global struct: $DisableBadges
Parsing global struct: $PointerToStoreAsciiTo
Parsing global struct: $PointerToStoreStringTo
Parsing global struct: $Formatters
Parsing global struct: $Function_Print_Coins
Parsing global struct: $ConvertAsciiToPM64String
Parsing global struct: $SetStats
Parsing global struct: $ResetTurns
Parsing global struct: $TrackTurns
Parsing global struct: $IsBadgeEquiped
Writing global struct $DisableBadges to 80405F70
Writing global struct $PointerToStoreAsciiTo to 80406048
Writing global struct $PointerToStoreStringTo to 80406068
Writing global struct $Formatters to 80406090
Writing global struct $Function_Print_Coins to 804060A4
Writing global struct $ConvertAsciiToPM64String to 80406158
Writing global struct $SetStats to 804061D4
Writing global struct $ResetTurns to 80406258
Writing global struct $TrackTurns to 804062A4
Writing global struct $IsBadgeEquiped to 8040632C
Finished reading global pointers:
80405330 = $Global_MapConfigTable
80405520 = $Global_ActorNameTable
80405890 = $Global_ActorTattleTable
80405C00 = $Global_ActorOffsetsTable
80405F70 = $DisableBadges
80406048 = $PointerToStoreAsciiTo
80406068 = $PointerToStoreStringTo
80406090 = $Formatters
804060A4 = $Function_Print_Coins
80406158 = $ConvertAsciiToPM64String
804061D4 = $SetStats
80406258 = $ResetTurns
804062A4 = $TrackTurns
8040632C = $IsBadgeEquiped
Building battle data...
Reading patch file: 18 Area FLO.bpat
Found $Function_80219420 (0)
Found $Function_802194E0 (0)
Found $Function_802195A0 (0)
Found $Function_80219660 (0)
Found $Function_80219720 (0)
Found $Function_802197E0 (0)
Found $Function_802198A0 (0)
Found $Function_80219C80 (0)
Found $Function_80219D40 (0)
Found $Function_80219E00 (0)
Merged 20 regions to 19
Reading patch file: 19 Area FLO2.bpat
Found $Function_80218DD0 (0)
Found $Function_80218E90 (0)
Found $Function_80218F50 (0)
Found $Function_80219010 (0)
Found $Function_802190D0 (0)
Found $Function_80219190 (0)
Found $Function_80219250 (0)
Found $Function_80219630 (0)
Found $Function_802196F0 (0)
Found $Function_802197B0 (0)
Merged 13 regions to 12
Changing pointer 80235E00 to 80235DF8 ($End)
Changing pointer 80235E00 to 80235DF8 ($End)
Changing pointer 80235E24 to 80235E1C ($End[24])
Changing pointer 80235E48 to 80235E40 ($End[48])
Changing pointer 80235E6C to 80235E64 ($End[6C])
Changing pointer 80235E90 to 80235E88 ($End[90])
Changing pointer 80235EB4 to 80235EAC ($End[B4])
Changing pointer 80235ED8 to 80235ED0 ($End[D8])
Changing pointer 80235EFC to 80235EF4 ($End[FC])
Changing pointer 80235F20 to 80235F18 ($End[120])
Changing pointer 80235F44 to 80235F3C ($End[144])
Reading patch file: 3A Example Battles.bpat
Creating struct: $00_Goomba
Creating struct: $Function_80218000_00
Creating struct: $Function_8021818C_00
Creating struct: $DefenseTable_80219610_00
Creating struct: $StatusTable_8021961C_00
Creating struct: $SpriteTable_802196C8_00
Creating struct: $IdleAnimations_80219714_00
Creating struct: $IdleAnimations_80219760_00
Creating struct: $Script_Init_802197AC_00
Creating struct: $Script_Idle_802197F8_00
Creating struct: $Script_HandleEvent_80219AD4_00
Creating struct: $FloatTable_8021A194_00
Creating struct: $Script_TakeTurn_8021A300_00
Creating struct: $02_JrTroopa2
Creating struct: $IdleAnimations_80224380_02
Creating struct: $IdleAnimations_802243F8_02
Creating struct: $DefenseTable_8022440C_02
Creating struct: $StatusTable_80224418_02
Creating struct: $SpriteTable_802244C4_02
Creating struct: $Script_80224510_02
Creating struct: $Script_802245A8_02
Creating struct: $IdleAnimations_8022464C_02
Creating struct: $Script_80224658_02
Creating struct: $Script_80224964_02
Creating struct: $Script_Init_80224A94_02
Creating struct: $Script_Idle_80224B24_02
Creating struct: $Script_HandleEvent_80224B58_02
Creating struct: $Script_802250E4_02
Creating struct: $Script_802251CC_02
Creating struct: $Script_TakeTurn_80225314_02
Creating struct: $Script_NextTurn_80225B4C_02
Creating struct: $FormationTable
Creating struct: $Example_Formation
Creating struct: $Boss_Formation
Creating struct: $StageTable
Creating struct: $Stage_Tower
Creating struct: $Stage_Boss
Creating struct: $Script_BeforeBattle
Creating struct: $Script_AfterBattle
Merged 1 regions to 1
$Script_TakeTurn_8021A300_00 will be placed at 80218000 (length = CC8 bytes)
$Script_TakeTurn_80225314_02 will be placed at 80218CC8 (length = 838 bytes)
$Script_HandleEvent_80219AD4_00 will be placed at 80219500 (length = 6C0 bytes)
$Script_HandleEvent_80224B58_02 will be placed at 80219BC0 (length = 58C bytes)
$Script_80224658_02 will be placed at 8021A14C (length = 30C bytes)
$Script_Idle_802197F8_00 will be placed at 8021A458 (length = 2DC bytes)
$Script_NextTurn_80225B4C_02 will be placed at 8021A734 (length = 26C bytes)
$Function_80218000_00 will be placed at 8021A9A0 (length = 18C bytes)
$FloatTable_8021A194_00 will be placed at 8021AB2C (length = 16C bytes)
$Script_802251CC_02 will be placed at 8021AC98 (length = 148 bytes)
$Script_80224964_02 will be placed at 8021ADE0 (length = 130 bytes)
$Function_8021818C_00 will be placed at 8021AF10 (length = F4 bytes)
$Script_802250E4_02 will be placed at 8021B004 (length = E8 bytes)
$StatusTable_8021961C_00 will be placed at 8021B0EC (length = AC bytes)
$StatusTable_80224418_02 will be placed at 8021B198 (length = AC bytes)
$Script_80224510_02 will be placed at 8021B244 (length = 98 bytes)
$Script_Init_80224A94_02 will be placed at 8021B2DC (length = 90 bytes)
$Script_Init_802197AC_00 will be placed at 8021B36C (length = 4C bytes)
$IdleAnimations_80219714_00 will be placed at 8021B3B8 (length = 4C bytes)
$IdleAnimations_80219760_00 will be placed at 8021B404 (length = 4C bytes)
$Script_802245A8_02 will be placed at 8021B450 (length = 40 bytes)
$FormationTable will be placed at 8021B490 (length = 3C bytes)
$IdleAnimations_80224380_02 will be placed at 8021B4CC (length = 3C bytes)
$Script_BeforeBattle will be placed at 8021B508 (length = 3C bytes)
$Script_Idle_80224B24_02 will be placed at 8021B544 (length = 34 bytes)
$Stage_Tower will be placed at 8021B578 (length = 28 bytes)
$Stage_Boss will be placed at 8021B5A0 (length = 28 bytes)
$00_Goomba will be placed at 8021B5C8 (length = 28 bytes)
$02_JrTroopa2 will be placed at 8021B5F0 (length = 28 bytes)
$SpriteTable_802196C8_00 will be placed at 8021B618 (length = 24 bytes)
$SpriteTable_802244C4_02 will be placed at 8021B63C (length = 24 bytes)
$Boss_Formation will be placed at 8021B660 (length = 1C bytes)
$Example_Formation will be placed at 8021B67C (length = 1C bytes)
$StageTable will be placed at 8021B698 (length = 18 bytes)
$IdleAnimations_802243F8_02 will be placed at 8021B6B0 (length = 14 bytes)
$ASCII_ex_bt02_shape_Literal will be placed at 8021B6C4 (length = 10 bytes)
$ASCII_ex_bt01_shape_Literal will be placed at 8021B6D4 (length = 10 bytes)
$Script_AfterBattle will be placed at 8021B6E4 (length = 10 bytes)
$ASCII_ex_bt02_hit_Literal will be placed at 8021B6F4 (length = C bytes)
$ASCII_sbk_bg_Literal will be placed at 8021B700 (length = C bytes)
$ASCII_ex_bt01_hit_Literal will be placed at 8021B70C (length = C bytes)
$IdleAnimations_8022464C_02 will be placed at 8021B718 (length = C bytes)
$DefenseTable_8022440C_02 will be placed at 8021B724 (length = C bytes)
$DefenseTable_80219610_00 will be placed at 8021B730 (length = C bytes)
$ASCII_ex_01_Literal will be placed at 8021B73C (length = 8 bytes)
$ASCII_sbk_tex_Literal will be placed at 8021B744 (length = 8 bytes)
$ASCII_ex_02_Literal will be placed at 8021B74C (length = 8 bytes)
Reading patch file: 30 Area PIT.bpat
Creating struct: $1A_Gloomba
Creating struct: $Function_80218200_1A
Creating struct: $Function_8021838C_1A
Creating struct: $DefenseTable_80222220_1A
Creating struct: $StatusTable_8022222C_1A
Creating struct: $SpriteTable_802222D8_1A
Creating struct: $IdleAnimations_80222324_1A
Creating struct: $IdleAnimations_80222370_1A
Creating struct: $Script_Init_802223BC_1A
Creating struct: $Script_Idle_80222408_1A
Creating struct: $Script_HandleEvent_802226E4_1A
Creating struct: $FloatTable_80222DA4_1A
Creating struct: $Script_TakeTurn_80222F10_1A
Creating struct: $1A_SpikedGloomba
Creating struct: $Function_80218480_1A
Creating struct: $Function_8021860C_1A
Creating struct: $DefenseTable_80223BE0_1A
Creating struct: $StatusTable_80223BEC_1A
Creating struct: $SpriteTable_80223C98_1A
Creating struct: $IdleAnimations_80223CE4_1A
Creating struct: $IdleAnimations_80223D30_1A
Creating struct: $Script_Init_80223D7C_1A
Creating struct: $Script_Idle_80223DC8_1A
Creating struct: $Script_HandleEvent_802240A4_1A
Creating struct: $FloatTable_80224880_1A
Creating struct: $Script_TakeTurn_802249EC_1A
Creating struct: $1A_Paragloomba
Creating struct: $Function_80218700_1A
Creating struct: $Function_80218758_1A
Creating struct: $Function_802188E4_1A
Creating struct: $DefenseTable_80225710_1A
Creating struct: $DefenseTable_8022571C_1A
Creating struct: $StatusTable_80225728_1A
Creating struct: $StatusTable_802257D4_1A
Creating struct: $SpriteTable_80225880_1A
Creating struct: $IdleAnimations_80225938_1A
Creating struct: $IdleAnimations_80225984_1A
Creating struct: $IdleAnimations_802259D0_1A
Creating struct: $IdleAnimations_802259DC_1A
Creating struct: $Script_Init_802259E8_1A
Creating struct: $Script_Idle_80225A34_1A
Creating struct: $Script_80225CF0_1A
Creating struct: $Script_HandleEvent_80225D68_1A
Creating struct: $Script_TakeTurn_8022635C_1A
Creating struct: $Script_80226B74_1A
Creating struct: $IdleAnimations_802270FC_1A
Creating struct: $IdleAnimations_80227148_1A
Creating struct: $Script_80227194_1A
Creating struct: $Script_Idle_802271E0_1A
Creating struct: $Script_HandleEvent_802274BC_1A
Creating struct: $FloatTable_80227B7C_1A
Creating struct: $Script_TakeTurn_80227CE8_1A
Creating struct: $1A_DarkKoopa
Creating struct: $Function_80218000_1A
Creating struct: $DefenseTable_8021A0C0_1A
Creating struct: $DefenseTable_8021A0EC_1A
Creating struct: $StatusTable_8021A0F8_1A
Creating struct: $SpriteTable_8021A1A4_1A
Creating struct: $IdleAnimations_8021A1F0_1A
Creating struct: $IdleAnimations_8021A23C_1A
Creating struct: $IdleAnimations_8021A288_1A
Creating struct: $IdleAnimations_8021A2D4_1A
Creating struct: $IdleAnimations_8021A320_1A
Creating struct: $Script_Init_8021A36C_1A
Creating struct: $Script_8021A464_1A
Creating struct: $Script_Idle_8021A5E4_1A
Creating struct: $IntTable_8021ADF4_1A
Creating struct: $Script_HandleEvent_8021AE4C_1A
Creating struct: $Script_8021BB78_1A
Creating struct: $Script_8021C420_1A
Creating struct: $Script_8021CB70_1A
Creating struct: $Script_TakeTurn_8021D014_1A
Creating struct: $1A_DarkParatroopa
Creating struct: $Function_802180D0_1A
Creating struct: $Function_80218128_1A
Creating struct: $DefenseTable_8021D220_1A
Creating struct: $DefenseTable_8021D24C_1A
Creating struct: $DefenseTable_8021D258_1A
Creating struct: $StatusTable_8021D264_1A
Creating struct: $StatusTable_8021D310_1A
Creating struct: $SpriteTable_8021D3BC_1A
Creating struct: $IdleAnimations_8021D450_1A
Creating struct: $IdleAnimations_8021D49C_1A
Creating struct: $IdleAnimations_8021D4E8_1A
Creating struct: $Script_NextTurn_8021D534_1A
Creating struct: $Script_Init_8021D55C_1A
Creating struct: $Script_8021D5D4_1A
Creating struct: $Script_Idle_8021D6AC_1A
Creating struct: $Script_8021D9BC_1A
Creating struct: $Script_HandleEvent_8021DA3C_1A
Creating struct: $Script_TakeTurn_8021E174_1A
Creating struct: $Script_8021EC2C_1A
Creating struct: $IdleAnimations_8021F1F0_1A
Creating struct: $IdleAnimations_8021F23C_1A
Creating struct: $IdleAnimations_8021F288_1A
Creating struct: $IdleAnimations_8021F2D4_1A
Creating struct: $IdleAnimations_8021F320_1A
Creating struct: $Script_8021F36C_1A
Creating struct: $Script_8021F464_1A
Creating struct: $Script_Idle_8021F5E4_1A
Creating struct: $IntTable_8021FDF4_1A
Creating struct: $Script_HandleEvent_8021FE4C_1A
Creating struct: $Script_80220B78_1A
Creating struct: $Script_80221420_1A
Creating struct: $Script_80221B70_1A
Creating struct: $Script_TakeTurn_80222014_1A
Creating struct: $0B_BuzzyBeetle
Creating struct: $Function_802181A0_0B
Creating struct: $DefenseTable_8021E4C0_0B
Creating struct: $DefenseTable_8021E4DC_0B
Creating struct: $StatusTable_8021E4E8_0B
Creating struct: $SpriteTable_8021E594_0B
Creating struct: $IdleAnimations_8021E5E0_0B
Creating struct: $IdleAnimations_8021E62C_0B
Creating struct: $IdleAnimations_8021E678_0B
Creating struct: $Script_Init_8021E6BC_0B
Creating struct: $Script_Idle_8021E88C_0B
Creating struct: $Script_8021E89C_0B
Creating struct: $Script_HandleEvent_8021ECD0_0B
Creating struct: $Script_8021F18C_0B
Creating struct: $IntTable_8021F1DC_0B
Creating struct: $Script_HandleEvent_8021F228_0B
Creating struct: $Script_TakeTurn_8021FF8C_0B
Creating struct: $Script_TakeTurn_80220A44_0B
Creating struct: $0A_BanditA
Creating struct: $IdleAnimations_8021D510_0A
Creating struct: $IdleAnimations_8021D55C_0A
Creating struct: $IdleAnimations_8021D5A8_0A
Creating struct: $DefenseTable_8021D5B4_0A
Creating struct: $StatusTable_8021D5C0_0A
Creating struct: $SpriteTable_8021D66C_0A
Creating struct: $SpriteTable_8021D6B4_0A
Creating struct: $BanditB_0A
Creating struct: $Vector3D_8021D728_0A
Creating struct: $SpecialFormation_8021D734_0A
Creating struct: $Script_Init_8021D750_0A
Creating struct: $Script_HandleEvent_8021D7B4_0A
Creating struct: $Script_Init_8021D7C4_0A
Creating struct: $Script_Idle_8021D810_0A
Creating struct: $Script_8021D820_0A
Creating struct: $Script_HandleEvent_8021DF88_0A
Creating struct: $Script_TakeTurn_8021E900_0A
Creating struct: $0B_PokeyMummy
Creating struct: $Function_80218000_0B
Creating struct: $DefenseTable_80218C10_0B
Creating struct: $StatusTable_80218C1C_0B
Creating struct: $SpriteTable_80218CC8_0B
Creating struct: $IdleAnimations_80218DC8_0B
Creating struct: $IdleAnimations_80218E04_0B
Creating struct: $IdleAnimations_80218E40_0B
Creating struct: $IdleAnimations_80218E7C_0B
Creating struct: $IdleAnimations_80218EB8_0B
Creating struct: $Script_Init_80218EC4_0B
Creating struct: $Script_Idle_80219040_0B
Creating struct: $Script_HandleEvent_80219050_0B
Creating struct: $Script_TakeTurn_80219D88_0B
Creating struct: $Script_8021A6C8_0B
Creating struct: $Script_8021B088_0B
Creating struct: $Script_8021B1B4_0B
Creating struct: $Script_8021B6AC_0B
Creating struct: $Script_8021B998_0B
Creating struct: $Script_8021BDE4_0B
Creating struct: $Script_8021C2BC_0B
Creating struct: $0B_Swooper
Creating struct: $Function_802180D0_0B
Creating struct: $DefenseTable_8021C4B0_0B
Creating struct: $StatusTable_8021C4BC_0B
Creating struct: $SpriteTable_8021C568_0B
Creating struct: $IdleAnimations_8021C5B4_0B
Creating struct: $IdleAnimations_8021C600_0B
Creating struct: $Script_Init_8021C64C_0B
Creating struct: $Script_Idle_8021C6B0_0B
Creating struct: $Script_8021C6C0_0B
Creating struct: $Script_8021C880_0B
Creating struct: $Script_8021CD04_0B
Creating struct: $Script_HandleEvent_8021D064_0B
Creating struct: $Script_8021D7E4_0B
Creating struct: $Script_TakeTurn_8021DED4_0B
Creating struct: $0D_ForestFuzzy
Creating struct: $Function_80218000_0D
Creating struct: $Function_802180B4_0D
Creating struct: $DefenseTable_802183C0_0D
Creating struct: $StatusTable_802183CC_0D
Creating struct: $SpriteTable_80218478_0D
Creating struct: $ForestFuzzy_0D
Creating struct: $IdleAnimations_802184C4_0D
Creating struct: $Script_Init_80218510_0D
Creating struct: $Script_Idle_80218574_0D
Creating struct: $Script_HandleEvent_80218584_0D
Creating struct: $Script_80218C48_0D
Creating struct: $Script_80219054_0D
Creating struct: $Script_8021A0D4_0D
Creating struct: $Script_8021A45C_0D
Creating struct: $Script_TakeTurn_8021A61C_0D
Creating struct: $Vector3D_8021A7F4_0D
Creating struct: $SpecialFormation_8021A800_0D
Creating struct: $FormationTable
Creating struct: $Formation_Pit0-1-1
Creating struct: $Formation_Pit0-1-2
Creating struct: $Formation_Pit0-1-3
Creating struct: $Formation_Pit0-2-1
Creating struct: $Formation_Pit0-2-2
Creating struct: $Formation_Pit0-2-3
Creating struct: $Formation_Pit0-3-1
Creating struct: $Formation_Pit0-3-2
Creating struct: $Formation_Pit0-3-3
Creating struct: $Formation_Pit0-4-1
Creating struct: $Formation_Pit0-4-2
Creating struct: $Formation_Pit0-4-3
Creating struct: $Formation_Pit0-5-1
Creating struct: $Formation_Pit0-5-2
Creating struct: $Formation_Pit0-5-3
Creating struct: $Formation_Pit1-1-1
Creating struct: $Formation_Pit1-1-2
Creating struct: $Formation_Pit1-1-3
Creating struct: $Formation_Pit1-2-1
Creating struct: $Formation_Pit1-2-2
Creating struct: $Formation_Pit1-2-3
Creating struct: $Formation_Pit1-3-1
Creating struct: $Formation_Pit1-3-2
Creating struct: $Formation_Pit1-3-3
Creating struct: $Formation_Pit1-4-1
Creating struct: $Formation_Pit1-4-2
Creating struct: $Formation_Pit1-4-3
Creating struct: $Formation_Pit1-5-1
Creating struct: $Formation_Pit1-5-2
Creating struct: $Formation_Pit1-5-3
Creating struct: $StageTable
Creating struct: $Stage_Pit1
Creating struct: $Script_BeforeBattle
Creating struct: $Script_AfterBattle
Found $Script_Init_8021C64C_0B (0)
Found $IdleAnimations_8021C5B4_0B (0)
Found $0B_Swooper (0)
Merged 1 regions to 1
$Script_80219054_0D will be placed at 80218000 (length = 1080 bytes)
$Script_TakeTurn_8021E900_0A will be placed at 80219080 (length = E14 bytes)
$Script_HandleEvent_8021F228_0B will be placed at 80219E94 (length = D64 bytes)
$Script_HandleEvent_80219050_0B will be placed at 8021ABF8 (length = D38 bytes)
$Script_HandleEvent_8021FE4C_1A will be placed at 8021B930 (length = D2C bytes)
$Script_HandleEvent_8021AE4C_1A will be placed at 8021C65C (length = D2C bytes)
$Script_TakeTurn_802249EC_1A will be placed at 8021D388 (length = D20 bytes)
$Script_TakeTurn_80227CE8_1A will be placed at 8021E0A8 (length = CC8 bytes)
$Script_TakeTurn_80222F10_1A will be placed at 8021ED70 (length = CC8 bytes)
$Script_TakeTurn_8021E174_1A will be placed at 8021FA38 (length = AB8 bytes)
$Script_TakeTurn_8021FF8C_0B will be placed at 802204F0 (length = AB8 bytes)
$Script_TakeTurn_80220A44_0B will be placed at 80220FA8 (length = A08 bytes)
$Script_8021A6C8_0B will be placed at 802219B0 (length = 9C0 bytes)
$Script_HandleEvent_8021DF88_0A will be placed at 80222370 (length = 978 bytes)
$Script_TakeTurn_80219D88_0B will be placed at 80222CE8 (length = 940 bytes)
$Script_8021BB78_1A will be placed at 80223628 (length = 8A8 bytes)
$Script_80220B78_1A will be placed at 80223ED0 (length = 8A8 bytes)
$Script_TakeTurn_8022635C_1A will be placed at 80224778 (length = 818 bytes)
$Script_Idle_8021A5E4_1A will be placed at 80224F90 (length = 810 bytes)
$Script_Idle_8021F5E4_1A will be placed at 802257A0 (length = 810 bytes)
$Script_HandleEvent_802240A4_1A will be placed at 80225FB0 (length = 7DC bytes)
$Script_HandleEvent_8021D064_0B will be placed at 8022678C (length = 780 bytes)
$Script_8021D820_0A will be placed at 80226F0C (length = 768 bytes)
$Script_80221420_1A will be placed at 80227674 (length = 750 bytes)
$Script_8021C420_1A will be placed at 80227DC4 (length = 750 bytes)
$Script_HandleEvent_8021DA3C_1A will be placed at 80228514 (length = 738 bytes)
$Script_8021D7E4_0B will be placed at 80228C4C (length = 6F0 bytes)
$Script_HandleEvent_80218584_0D will be placed at 8022933C (length = 6C4 bytes)
$Script_HandleEvent_802226E4_1A will be placed at 80229A00 (length = 6C0 bytes)
$Script_HandleEvent_802274BC_1A will be placed at 8022A0C0 (length = 6C0 bytes)
$Script_HandleEvent_80225D68_1A will be placed at 8022A780 (length = 5F4 bytes)
$Script_TakeTurn_8021DED4_0B will be placed at 8022AD74 (length = 5E8 bytes)
$Script_8021EC2C_1A will be placed at 8022B35C (length = 5C4 bytes)
$Script_80226B74_1A will be placed at 8022B920 (length = 588 bytes)
$Script_8021B1B4_0B will be placed at 8022BEA8 (length = 4F8 bytes)
$Script_8021BDE4_0B will be placed at 8022C3A0 (length = 4D8 bytes)
$Script_HandleEvent_8021ECD0_0B will be placed at 8022C878 (length = 4BC bytes)
$Script_8021CB70_1A will be placed at 8022CD34 (length = 4A4 bytes)
$Script_80221B70_1A will be placed at 8022D1D8 (length = 4A4 bytes)
$Script_8021C880_0B will be placed at 8022D67C (length = 484 bytes)
$Script_8021B998_0B will be placed at 8022DB00 (length = 44C bytes)
$Script_8021E89C_0B will be placed at 8022DF4C (length = 434 bytes)
$Script_80218C48_0D will be placed at 8022E380 (length = 40C bytes)
$Script_8021A0D4_0D will be placed at 8022E78C (length = 388 bytes)
$Script_8021CD04_0B will be placed at 8022EB14 (length = 360 bytes)
$Script_Idle_8021D6AC_1A will be placed at 8022EE74 (length = 310 bytes)
$Script_8021B6AC_0B will be placed at 8022F184 (length = 2EC bytes)
$Script_Idle_80223DC8_1A will be placed at 8022F470 (length = 2DC bytes)
$Script_Idle_802271E0_1A will be placed at 8022F74C (length = 2DC bytes)
$Script_Idle_80222408_1A will be placed at 8022FA28 (length = 2DC bytes)
$Script_Idle_80225A34_1A will be placed at 8022FD04 (length = 2BC bytes)
$FormationTable will be placed at 8022FFC0 (length = 26C bytes)
$Script_TakeTurn_8021D014_1A will be placed at 8023022C (length = 200 bytes)
$Script_TakeTurn_80222014_1A will be placed at 8023042C (length = 200 bytes)
$Script_8021C2BC_0B will be placed at 8023062C (length = 1F0 bytes)
$Script_TakeTurn_8021A61C_0D will be placed at 8023081C (length = 1D8 bytes)
$Script_Init_8021E6BC_0B will be placed at 802309F4 (length = 1D0 bytes)
$Script_8021C6C0_0B will be placed at 80230BC4 (length = 1C0 bytes)
$Script_8021A45C_0D will be placed at 80230D84 (length = 1C0 bytes)
$Function_80218758_1A will be placed at 80230F44 (length = 18C bytes)
$Function_80218480_1A will be placed at 802310D0 (length = 18C bytes)
$Function_80218200_1A will be placed at 8023125C (length = 18C bytes)
$Script_8021A464_1A will be placed at 802313E8 (length = 180 bytes)
$Script_8021F464_1A will be placed at 80231568 (length = 180 bytes)
$Script_Init_80218EC4_0B will be placed at 802316E8 (length = 17C bytes)
$FloatTable_80227B7C_1A will be placed at 80231864 (length = 16C bytes)
$FloatTable_80224880_1A will be placed at 802319D0 (length = 16C bytes)
$FloatTable_80222DA4_1A will be placed at 80231B3C (length = 16C bytes)
$Script_8021B088_0B will be placed at 80231CA8 (length = 12C bytes)
$Script_Init_8021A36C_1A will be placed at 80231DD4 (length = F8 bytes)
$Script_8021F36C_1A will be placed at 80231ECC (length = F8 bytes)
$Function_8021838C_1A will be placed at 80231FC4 (length = F4 bytes)
$Function_802188E4_1A will be placed at 802320B8 (length = F4 bytes)
$Function_8021860C_1A will be placed at 802321AC (length = F4 bytes)
$Script_8021D5D4_1A will be placed at 802322A0 (length = D8 bytes)
$SpriteTable_80218CC8_0B will be placed at 80232378 (length = D8 bytes)
$Function_80218128_1A will be placed at 80232450 (length = CC bytes)
$Function_80218000_1A will be placed at 8023251C (length = CC bytes)
$Function_80218000_0B will be placed at 802325E8 (length = CC bytes)
$Function_802181A0_0B will be placed at 802326B4 (length = CC bytes)
$Function_802180D0_0B will be placed at 80232780 (length = CC bytes)
$Function_80218000_0D will be placed at 8023284C (length = B4 bytes)
$Function_802180B4_0D will be placed at 80232900 (length = B4 bytes)
$StatusTable_8021C4BC_0B will be placed at 802329B4 (length = AC bytes)
$StatusTable_802257D4_1A will be placed at 80232A60 (length = AC bytes)
$StatusTable_8021D264_1A will be placed at 80232B0C (length = AC bytes)
$StatusTable_802183CC_0D will be placed at 80232BB8 (length = AC bytes)
$StatusTable_80223BEC_1A will be placed at 80232C64 (length = AC bytes)
$StatusTable_8021D310_1A will be placed at 80232D10 (length = AC bytes)
$StatusTable_8021D5C0_0A will be placed at 80232DBC (length = AC bytes)
$StatusTable_8022222C_1A will be placed at 80232E68 (length = AC bytes)
$StatusTable_8021E4E8_0B will be placed at 80232F14 (length = AC bytes)
$StatusTable_8021A0F8_1A will be placed at 80232FC0 (length = AC bytes)
$StatusTable_80225728_1A will be placed at 8023306C (length = AC bytes)
$StatusTable_80218C1C_0B will be placed at 80233118 (length = AC bytes)
$SpriteTable_80225880_1A will be placed at 802331C4 (length = 90 bytes)
$Formation_Pit0-2-2 will be placed at 80233254 (length = 8C bytes)
$Formation_Pit0-2-3 will be placed at 802332E0 (length = 8C bytes)
$Formation_Pit0-5-3 will be placed at 8023336C (length = 8C bytes)
$Script_8021D9BC_1A will be placed at 802333F8 (length = 80 bytes)
$Script_Init_8021D55C_1A will be placed at 80233478 (length = 78 bytes)
$Script_80225CF0_1A will be placed at 802334F0 (length = 78 bytes)
$Formation_Pit0-4-3 will be placed at 80233568 (length = 70 bytes)
$Formation_Pit0-3-2 will be placed at 802335D8 (length = 70 bytes)
$Formation_Pit0-3-3 will be placed at 80233648 (length = 70 bytes)
$Formation_Pit1-2-3 will be placed at 802336B8 (length = 70 bytes)
$Formation_Pit1-3-2 will be placed at 80233728 (length = 70 bytes)
$Formation_Pit1-3-3 will be placed at 80233798 (length = 70 bytes)
$Formation_Pit0-5-2 will be placed at 80233808 (length = 70 bytes)
$Formation_Pit1-5-3 will be placed at 80233878 (length = 70 bytes)
$Formation_Pit1-5-2 will be placed at 802338E8 (length = 70 bytes)
$SpriteTable_8021D3BC_1A will be placed at 80233958 (length = 6C bytes)
$Script_Init_80218510_0D will be placed at 802339C4 (length = 64 bytes)
$Script_Init_8021C64C_0B will be placed at 80233A28 (length = 64 bytes)
$Script_Init_8021D750_0A will be placed at 80233A8C (length = 64 bytes)
$Function_80218700_1A will be placed at 80233AF0 (length = 58 bytes)
$IntTable_8021ADF4_1A will be placed at 80233B48 (length = 58 bytes)
$IntTable_8021FDF4_1A will be placed at 80233BA0 (length = 58 bytes)
$Function_802180D0_1A will be placed at 80233BF8 (length = 58 bytes)
$Formation_Pit0-4-2 will be placed at 80233C50 (length = 54 bytes)
$Formation_Pit1-1-2 will be placed at 80233CA4 (length = 54 bytes)
$Formation_Pit1-2-2 will be placed at 80233CF8 (length = 54 bytes)
$Formation_Pit1-2-1 will be placed at 80233D4C (length = 54 bytes)
$Formation_Pit0-5-1 will be placed at 80233DA0 (length = 54 bytes)
$Formation_Pit1-4-2 will be placed at 80233DF4 (length = 54 bytes)
$Formation_Pit1-4-3 will be placed at 80233E48 (length = 54 bytes)
$Script_BeforeBattle will be placed at 80233E9C (length = 50 bytes)
$Script_8021F18C_0B will be placed at 80233EEC (length = 50 bytes)
$IdleAnimations_8021A2D4_1A will be placed at 80233F3C (length = 4C bytes)
$IdleAnimations_8021E5E0_0B will be placed at 80233F88 (length = 4C bytes)
$IdleAnimations_80225938_1A will be placed at 80233FD4 (length = 4C bytes)
$IdleAnimations_802270FC_1A will be placed at 80234020 (length = 4C bytes)
$IdleAnimations_8021A288_1A will be placed at 8023406C (length = 4C bytes)
$IdleAnimations_8021F2D4_1A will be placed at 802340B8 (length = 4C bytes)
$IdleAnimations_8021F1F0_1A will be placed at 80234104 (length = 4C bytes)
$IdleAnimations_8021C600_0B will be placed at 80234150 (length = 4C bytes)
$IdleAnimations_8021D4E8_1A will be placed at 8023419C (length = 4C bytes)
$IdleAnimations_8021C5B4_0B will be placed at 802341E8 (length = 4C bytes)
$IdleAnimations_80222370_1A will be placed at 80234234 (length = 4C bytes)
$IdleAnimations_80222324_1A will be placed at 80234280 (length = 4C bytes)
$IdleAnimations_8021A320_1A will be placed at 802342CC (length = 4C bytes)
$IdleAnimations_8021D450_1A will be placed at 80234318 (length = 4C bytes)
$IdleAnimations_8021D510_0A will be placed at 80234364 (length = 4C bytes)
$IdleAnimations_80225984_1A will be placed at 802343B0 (length = 4C bytes)
$Script_Init_8021D7C4_0A will be placed at 802343FC (length = 4C bytes)
$Script_Init_802259E8_1A will be placed at 80234448 (length = 4C bytes)
$IdleAnimations_80223D30_1A will be placed at 80234494 (length = 4C bytes)
$IdleAnimations_802184C4_0D will be placed at 802344E0 (length = 4C bytes)
$IdleAnimations_80223CE4_1A will be placed at 8023452C (length = 4C bytes)
$IdleAnimations_8021F23C_1A will be placed at 80234578 (length = 4C bytes)
$IdleAnimations_8021A23C_1A will be placed at 802345C4 (length = 4C bytes)
$Script_Init_80223D7C_1A will be placed at 80234610 (length = 4C bytes)
$Script_80227194_1A will be placed at 8023465C (length = 4C bytes)
$IdleAnimations_8021D49C_1A will be placed at 802346A8 (length = 4C bytes)
$IdleAnimations_8021D55C_0A will be placed at 802346F4 (length = 4C bytes)
$IdleAnimations_8021A1F0_1A will be placed at 80234740 (length = 4C bytes)
$Script_Init_802223BC_1A will be placed at 8023478C (length = 4C bytes)
$IdleAnimations_8021E62C_0B will be placed at 802347D8 (length = 4C bytes)
$IntTable_8021F1DC_0B will be placed at 80234824 (length = 4C bytes)
$IdleAnimations_8021F288_1A will be placed at 80234870 (length = 4C bytes)
$IdleAnimations_8021F320_1A will be placed at 802348BC (length = 4C bytes)
$IdleAnimations_80227148_1A will be placed at 80234908 (length = 4C bytes)
$SpriteTable_8021D66C_0A will be placed at 80234954 (length = 48 bytes)
$IdleAnimations_8021E678_0B will be placed at 8023499C (length = 44 bytes)
$IdleAnimations_80218E40_0B will be placed at 802349E0 (length = 3C bytes)
$IdleAnimations_80218DC8_0B will be placed at 80234A1C (length = 3C bytes)
$IdleAnimations_80218E7C_0B will be placed at 80234A58 (length = 3C bytes)
$IdleAnimations_80218E04_0B will be placed at 80234A94 (length = 3C bytes)
$Formation_Pit0-2-1 will be placed at 80234AD0 (length = 38 bytes)
$Formation_Pit0-1-2 will be placed at 80234B08 (length = 38 bytes)
$Formation_Pit0-1-3 will be placed at 80234B40 (length = 38 bytes)
$Formation_Pit0-4-1 will be placed at 80234B78 (length = 38 bytes)
$Formation_Pit1-1-3 will be placed at 80234BB0 (length = 38 bytes)
$Formation_Pit1-1-1 will be placed at 80234BE8 (length = 38 bytes)
$Formation_Pit0-3-1 will be placed at 80234C20 (length = 38 bytes)
$Formation_Pit1-3-1 will be placed at 80234C58 (length = 38 bytes)
$Formation_Pit1-4-1 will be placed at 80234C90 (length = 38 bytes)
$Formation_Pit1-5-1 will be placed at 80234CC8 (length = 38 bytes)
$DefenseTable_8021A0C0_1A will be placed at 80234D00 (length = 2C bytes)
$DefenseTable_8021D220_1A will be placed at 80234D2C (length = 2C bytes)
$0A_BanditA will be placed at 80234D58 (length = 28 bytes)
$1A_SpikedGloomba will be placed at 80234D80 (length = 28 bytes)
$Script_NextTurn_8021D534_1A will be placed at 80234DA8 (length = 28 bytes)
$1A_DarkParatroopa will be placed at 80234DD0 (length = 28 bytes)
$1A_Paragloomba will be placed at 80234DF8 (length = 28 bytes)
$0D_ForestFuzzy will be placed at 80234E20 (length = 28 bytes)
$0B_Swooper will be placed at 80234E48 (length = 28 bytes)
$1A_Gloomba will be placed at 80234E70 (length = 28 bytes)
$1A_DarkKoopa will be placed at 80234E98 (length = 28 bytes)
$0B_PokeyMummy will be placed at 80234EC0 (length = 28 bytes)
$ForestFuzzy_0D will be placed at 80234EE8 (length = 28 bytes)
$0B_BuzzyBeetle will be placed at 80234F10 (length = 28 bytes)
$BanditB_0A will be placed at 80234F38 (length = 28 bytes)
$SpriteTable_8021E594_0B will be placed at 80234F60 (length = 24 bytes)
$Stage_Pit1 will be placed at 80234F84 (length = 24 bytes)
$SpriteTable_8021C568_0B will be placed at 80234FA8 (length = 24 bytes)
$SpriteTable_8021A1A4_1A will be placed at 80234FCC (length = 24 bytes)
$SpriteTable_80218478_0D will be placed at 80234FF0 (length = 24 bytes)
$SpriteTable_8021D6B4_0A will be placed at 80235014 (length = 24 bytes)
$SpriteTable_80223C98_1A will be placed at 80235038 (length = 24 bytes)
$SpriteTable_802222D8_1A will be placed at 8023505C (length = 24 bytes)
$SpecialFormation_8021D734_0A will be placed at 80235080 (length = 1C bytes)
$Formation_Pit0-1-1 will be placed at 8023509C (length = 1C bytes)
$SpecialFormation_8021A800_0D will be placed at 802350B8 (length = 1C bytes)
$DefenseTable_8021E4C0_0B will be placed at 802350D4 (length = 1C bytes)
$ASCII_pit_bt01_shape_Literal will be placed at 802350F0 (length = 14 bytes)
$ASCII_pit_bt01_hit_Literal will be placed at 80235104 (length = 10 bytes)
$Script_Idle_80219040_0B will be placed at 80235114 (length = 10 bytes)
$Script_AfterBattle will be placed at 80235124 (length = 10 bytes)
$Script_HandleEvent_8021D7B4_0A will be placed at 80235134 (length = 10 bytes)
$Script_Idle_8021C6B0_0B will be placed at 80235144 (length = 10 bytes)
$StageTable will be placed at 80235154 (length = 10 bytes)
$Script_Idle_8021E88C_0B will be placed at 80235164 (length = 10 bytes)
$Script_Idle_80218574_0D will be placed at 80235174 (length = 10 bytes)
$Script_Idle_8021D810_0A will be placed at 80235184 (length = 10 bytes)
$DefenseTable_8022571C_1A will be placed at 80235194 (length = C bytes)
$DefenseTable_80218C10_0B will be placed at 802351A0 (length = C bytes)
$DefenseTable_8021A0EC_1A will be placed at 802351AC (length = C bytes)
$DefenseTable_8021D258_1A will be placed at 802351B8 (length = C bytes)
$DefenseTable_8021D5B4_0A will be placed at 802351C4 (length = C bytes)
$DefenseTable_80223BE0_1A will be placed at 802351D0 (length = C bytes)
$DefenseTable_802183C0_0D will be placed at 802351DC (length = C bytes)
$IdleAnimations_802259DC_1A will be placed at 802351E8 (length = C bytes)
$Vector3D_8021A7F4_0D will be placed at 802351F4 (length = C bytes)
$DefenseTable_8021C4B0_0B will be placed at 80235200 (length = C bytes)
$Vector3D_8021D728_0A will be placed at 8023520C (length = C bytes)
$DefenseTable_80225710_1A will be placed at 80235218 (length = C bytes)
$DefenseTable_80222220_1A will be placed at 80235224 (length = C bytes)
$ASCII_pit_01_Literal will be placed at 80235230 (length = C bytes)
$DefenseTable_8021E4DC_0B will be placed at 8023523C (length = C bytes)
$IdleAnimations_8021D5A8_0A will be placed at 80235248 (length = C bytes)
$IdleAnimations_80218EB8_0B will be placed at 80235254 (length = C bytes)
$IdleAnimations_802259D0_1A will be placed at 80235260 (length = C bytes)
$DefenseTable_8021D24C_1A will be placed at 8023526C (length = C bytes)
$ASCII_tik_tex_Literal will be placed at 80235278 (length = 8 bytes)
Reading patch file: 31 Area PIT2.bpat
Creating struct: $0D_PiranhaPlant
Creating struct: $IdleAnimations_8021D330_0D
Creating struct: $DefenseTable_8021D394_0D
Creating struct: $StatusTable_8021D3A0_0D
Creating struct: $SpriteTable_8021D44C_0D
Creating struct: $Script_Init_8021D498_0D
Creating struct: $Script_Idle_8021D4E4_0D
Creating struct: $Script_8021D4F4_0D
Creating struct: $Script_HandleEvent_8021D60C_0D
Creating struct: $Script_TakeTurn_8021DCD4_0D
Creating struct: $0E_HyperGoomba
Creating struct: $Function_80218000_0E
Creating struct: $Function_80218058_0E
Creating struct: $Function_802181E4_0E
Creating struct: $DefenseTable_80218770_0E
Creating struct: $StatusTable_8021877C_0E
Creating struct: $SpriteTable_80218828_0E
Creating struct: $IdleAnimations_80218874_0E
Creating struct: $Script_Init_802188C0_0E
Creating struct: $Script_NextTurn_80218950_0E
Creating struct: $Script_802189D4_0E
Creating struct: $Script_TakeTurn_802195F0_0E
Creating struct: $IdleAnimations_80219818_0E
Creating struct: $IdleAnimations_80219864_0E
Creating struct: $Script_Idle_802198FC_0E
Creating struct: $Script_HandleEvent_80219BD8_0E
Creating struct: $FloatTable_8021A4BC_0E
Creating struct: $Script_TakeTurn_8021A628_0E
Creating struct: $0E_HyperParagoomba
Creating struct: $Function_802182E0_0E
Creating struct: $Function_80218338_0E
Creating struct: $Function_802184C4_0E
Creating struct: $DefenseTable_8021B2F0_0E
Creating struct: $DefenseTable_8021B2FC_0E
Creating struct: $StatusTable_8021B308_0E
Creating struct: $StatusTable_8021B3B4_0E
Creating struct: $SpriteTable_8021B460_0E
Creating struct: $IdleAnimations_8021B518_0E
Creating struct: $Script_Init_8021B564_0E
Creating struct: $Script_NextTurn_8021B5F4_0E
Creating struct: $Script_8021B678_0E
Creating struct: $Script_TakeTurn_8021C36C_0E
Creating struct: $IdleAnimations_8021C594_0E
Creating struct: $IdleAnimations_8021C5E0_0E
Creating struct: $IdleAnimations_8021C62C_0E
Creating struct: $IdleAnimations_8021C638_0E
Creating struct: $Script_Idle_8021C690_0E
Creating struct: $Script_8021C94C_0E
Creating struct: $Script_HandleEvent_8021C9C4_0E
Creating struct: $Script_TakeTurn_8021D1DC_0E
Creating struct: $Script_8021D9F4_0E
Creating struct: $IdleAnimations_8021DF7C_0E
Creating struct: $Script_8021E058_0E
Creating struct: $Script_NextTurn_8021E194_0E
Creating struct: $Script_8021E218_0E
Creating struct: $Script_TakeTurn_8021EE34_0E
Creating struct: $IdleAnimations_8021F05C_0E
Creating struct: $IdleAnimations_8021F0A8_0E
Creating struct: $Script_Idle_8021F140_0E
Creating struct: $Script_HandleEvent_8021F41C_0E
Creating struct: $FloatTable_8021FD00_0E
Creating struct: $Script_TakeTurn_8021FE6C_0E
Creating struct: $0E_HyperCleft
Creating struct: $Function_802185C0_0E
Creating struct: $Function_80218618_0E
Creating struct: $DefenseTable_80220B40_0E
Creating struct: $DefenseTable_80220B54_0E
Creating struct: $StatusTable_80220B68_0E
Creating struct: $SpriteTable_80220C14_0E
Creating struct: $IdleAnimations_80220C60_0E
Creating struct: $Script_Init_80220CAC_0E
Creating struct: $Script_NextTurn_80220D3C_0E
Creating struct: $Script_80220DC0_0E
Creating struct: $Script_TakeTurn_80221A58_0E
Creating struct: $IdleAnimations_80221CD4_0E
Creating struct: $IdleAnimations_80221D20_0E
Creating struct: $Script_Idle_80221DD0_0E
Creating struct: $Script_80221DE0_0E
Creating struct: $Script_HandleEvent_80222140_0E
Creating struct: $Script_80222F1C_0E
Creating struct: $Script_80223310_0E
Creating struct: $0F_Clubba
Creating struct: $IdleAnimations_80218000_0F
Creating struct: $DefenseTable_8021804C_0F
Creating struct: $StatusTable_80218058_0F
Creating struct: $SpriteTable_80218104_0F
Creating struct: $Script_Init_80218150_0F
Creating struct: $Script_Idle_8021819C_0F
Creating struct: $Script_HandleEvent_802181AC_0F
Creating struct: $Script_TakeTurn_802186BC_0F
Creating struct: $10_ShyGuy_RED
Creating struct: $Function_80218000_10
Creating struct: $DefenseTable_80219210_10
Creating struct: $StatusTable_80219224_10
Creating struct: $SpriteTable_802192D0_10
Creating struct: $IdleAnimations_8021931C_10
Creating struct: $Script_Init_80219368_10
Creating struct: $Script_Idle_802193B4_10
Creating struct: $Script_802194C4_10
Creating struct: $Script_HandleEvent_80219528_10
Creating struct: $Script_80219A04_10
Creating struct: $Script_8021A12C_10
Creating struct: $Script_TakeTurn_8021ACB4_10
Creating struct: $10_SkyGuy
Creating struct: $Function_80218DB0_10
Creating struct: $Function_80218E08_10
Creating struct: $IdleAnimations_802294C0_10
Creating struct: $IdleAnimations_8022950C_10
Creating struct: $IdleAnimations_80229558_10
Creating struct: $IdleAnimations_802295A4_10
Creating struct: $IdleAnimations_802295F0_10
Creating struct: $DefenseTable_802295FC_10
Creating struct: $DefenseTable_80229610_10
Creating struct: $StatusTable_80229624_10
Creating struct: $SpriteTable_8022977C_10
Creating struct: $Script_Init_8022987C_10
Creating struct: $Script_Idle_80229A24_10
Creating struct: $Script_80229A34_10
Creating struct: $Script_80229C40_10
Creating struct: $Script_80229CB0_10
Creating struct: $Script_80229F08_10
Creating struct: $Script_HandleEvent_8022A398_10
Creating struct: $Script_TakeTurn_8022A9D0_10
Creating struct: $IdleAnimations_8022B104_10
Creating struct: $Script_Idle_8022B19C_10
Creating struct: $Script_8022B2AC_10
Creating struct: $Script_HandleEvent_8022B310_10
Creating struct: $Script_8022B7EC_10
Creating struct: $Script_8022BF14_10
Creating struct: $Script_TakeTurn_8022CA9C_10
Creating struct: $10_MediGuy
Creating struct: $Function_802184E0_10
Creating struct: $Function_802185AC_10
Creating struct: $IdleAnimations_80223410_10
Creating struct: $DefenseTable_8022345C_10
Creating struct: $StatusTable_80223470_10
Creating struct: $SpriteTable_8022351C_10
Creating struct: $Script_Init_80223568_10
Creating struct: $Script_Idle_8022360C_10
Creating struct: $Script_8022371C_10
Creating struct: $Script_HandleEvent_802237E0_10
Creating struct: $Script_FlyingAttack_10
Creating struct: $Script_HealOneAlly_10
Creating struct: $Script_8022486C_10
Creating struct: $Script_TakeTurn_8022494C_10
Creating struct: $10_PyroGuy
Creating struct: $Function_80218EE0_10
Creating struct: $IdleAnimations_8022CB00_10
Creating struct: $DefenseTable_8022CB4C_10
Creating struct: $StatusTable_8022CB88_10
Creating struct: $SpriteTable_8022CC34_10
Creating struct: $Script_Init_8022CC80_10
Creating struct: $Script_Idle_8022CCCC_10
Creating struct: $Script_8022CDDC_10
Creating struct: $Script_HandleEvent_8022CE60_10
Creating struct: $Script_TakeTurn_8022D344_10
Creating struct: $10_SpyGuy
Creating struct: $Function_80218880_10
Creating struct: $Function_80218A98_10
Creating struct: $Function_80218B38_10
Creating struct: $Function_80218CF4_10
Creating struct: $Function_80218D54_10
Creating struct: $IdleAnimations_80227400_10
Creating struct: $IdleAnimations_8022744C_10
Creating struct: $IdleAnimations_80227498_10
Creating struct: $DefenseTable_802274A4_10
Creating struct: $StatusTable_802274B8_10
Creating struct: $SpriteTable_80227564_10
Creating struct: $Script_Init_802275D4_10
Creating struct: $Script_Idle_802276C4_10
Creating struct: $Script_802276D4_10
Creating struct: $Script_HandleEvent_80227ABC_10
Creating struct: $Script_SlingshotAttack_10
Creating struct: $IntTable_80228748_10
Creating struct: $IntTable_80228754_10
Creating struct: $IntTable_80228760_10
Creating struct: $IntTable_8022876C_10
Creating struct: $Script_80228778_10
Creating struct: $Script_HammerAttack_10
Creating struct: $Script_TakeTurn_802293DC_10
Creating struct: $FormationTable
Creating struct: $Formation_Pit2-1-1
Creating struct: $Formation_Pit2-1-2
Creating struct: $Formation_Pit2-1-3
Creating struct: $Formation_Pit2-2-1
Creating struct: $Formation_Pit2-2-2
Creating struct: $Formation_Pit2-2-3
Creating struct: $Formation_Pit2-3-1
Creating struct: $Formation_Pit2-3-2
Creating struct: $Formation_Pit2-3-3
Creating struct: $Formation_Pit2-4-1
Creating struct: $Formation_Pit2-4-2
Creating struct: $Formation_Pit2-4-3
Creating struct: $Formation_Pit2-5-1
Creating struct: $Formation_Pit2-5-2
Creating struct: $Formation_Pit2-5-3
Creating struct: $Formation_Pit3-1-1
Creating struct: $Formation_Pit3-1-2
Creating struct: $Formation_Pit3-1-3
Creating struct: $Formation_Pit3-2-1
Creating struct: $Formation_Pit3-2-2
Creating struct: $Formation_Pit3-2-3
Creating struct: $Formation_Pit3-3-1
Creating struct: $Formation_Pit3-3-2
Creating struct: $Formation_Pit3-3-3
Creating struct: $Formation_Pit3-4-1
Creating struct: $Formation_Pit3-4-2
Creating struct: $Formation_Pit3-4-3
Creating struct: $Formation_Pit3-5-1
Creating struct: $Formation_Pit3-5-2
Creating struct: $Formation_Pit3-5-3
Creating struct: $StageTable
Creating struct: $Stage_Pit1
Creating struct: $Script_BeforeBattle
Creating struct: $Script_AfterBattle
Merged 1 regions to 1
$Script_HandleEvent_80222140_0E will be placed at 80218000 (length = DDC bytes)
$Script_8021B678_0E will be placed at 80218DDC (length = CF4 bytes)
$Script_TakeTurn_8021FE6C_0E will be placed at 80219AD0 (length = CC8 bytes)
$Script_TakeTurn_8021A628_0E will be placed at 8021A798 (length = CC8 bytes)
$Script_80220DC0_0E will be placed at 8021B460 (length = C98 bytes)
$Script_802189D4_0E will be placed at 8021C0F8 (length = C1C bytes)
$Script_8021E218_0E will be placed at 8021CD14 (length = C1C bytes)
$Script_8021A12C_10 will be placed at 8021D930 (length = B88 bytes)
$Script_8022BF14_10 will be placed at 8021E4B8 (length = B88 bytes)
$Script_HammerAttack_10 will be placed at 8021F040 (length = A28 bytes)
$Script_HandleEvent_80219BD8_0E will be placed at 8021FA68 (length = 8E4 bytes)
$Script_HandleEvent_8021F41C_0E will be placed at 8022034C (length = 8E4 bytes)
$Script_80223310_0E will be placed at 80220C30 (length = 84C bytes)
$Script_TakeTurn_8021D1DC_0E will be placed at 8022147C (length = 818 bytes)
$Script_HandleEvent_8021C9C4_0E will be placed at 80221C94 (length = 818 bytes)
$Script_FlyingAttack_10 will be placed at 802224AC (length = 7E8 bytes)
$Script_TakeTurn_8021DCD4_0D will be placed at 80222C94 (length = 77C bytes)
$Script_TakeTurn_8022A9D0_10 will be placed at 80223410 (length = 734 bytes)
$Script_80219A04_10 will be placed at 80223B44 (length = 728 bytes)
$Script_8022B7EC_10 will be placed at 8022426C (length = 728 bytes)
$Script_TakeTurn_8022D344_10 will be placed at 80224994 (length = 6E0 bytes)
$Script_HandleEvent_8021D60C_0D will be placed at 80225074 (length = 6C8 bytes)
$Script_HandleEvent_80227ABC_10 will be placed at 8022573C (length = 67C bytes)
$Script_HandleEvent_8022A398_10 will be placed at 80225DB8 (length = 638 bytes)
$Script_SlingshotAttack_10 will be placed at 802263F0 (length = 610 bytes)
$Script_HandleEvent_802237E0_10 will be placed at 80226A00 (length = 5B0 bytes)
$Script_8021D9F4_0E will be placed at 80226FB0 (length = 588 bytes)
$Script_TakeTurn_802186BC_0F will be placed at 80227538 (length = 554 bytes)
$Script_HandleEvent_802181AC_0F will be placed at 80227A8C (length = 510 bytes)
$Script_HandleEvent_8022CE60_10 will be placed at 80227F9C (length = 4E4 bytes)
$Script_HandleEvent_80219528_10 will be placed at 80228480 (length = 4DC bytes)
$Script_HandleEvent_8022B310_10 will be placed at 8022895C (length = 4DC bytes)
$Script_80229F08_10 will be placed at 80228E38 (length = 490 bytes)
$Script_80222F1C_0E will be placed at 802292C8 (length = 3F4 bytes)
$Script_802276D4_10 will be placed at 802296BC (length = 3E8 bytes)
$Script_80221DE0_0E will be placed at 80229AA4 (length = 360 bytes)
$Script_HealOneAlly_10 will be placed at 80229E04 (length = 2F4 bytes)
$Script_Idle_8021F140_0E will be placed at 8022A0F8 (length = 2DC bytes)
$Script_Idle_802198FC_0E will be placed at 8022A3D4 (length = 2DC bytes)
$Script_Idle_8021C690_0E will be placed at 8022A6B0 (length = 2BC bytes)
$Script_TakeTurn_80221A58_0E will be placed at 8022A96C (length = 27C bytes)
$FormationTable will be placed at 8022ABE8 (length = 26C bytes)
$Script_80229CB0_10 will be placed at 8022AE54 (length = 258 bytes)
$Script_80228778_10 will be placed at 8022B0AC (length = 23C bytes)
$Script_TakeTurn_802195F0_0E will be placed at 8022B2E8 (length = 228 bytes)
$Script_TakeTurn_8021EE34_0E will be placed at 8022B510 (length = 228 bytes)
$Script_TakeTurn_8021C36C_0E will be placed at 8022B738 (length = 228 bytes)
$Function_80218880_10 will be placed at 8022B960 (length = 218 bytes)
$Script_80229A34_10 will be placed at 8022BB78 (length = 20C bytes)
$Function_80218B38_10 will be placed at 8022BD84 (length = 1BC bytes)
$Script_Init_8022987C_10 will be placed at 8022BF40 (length = 1A8 bytes)
$Function_80218338_0E will be placed at 8022C0E8 (length = 18C bytes)
$Function_80218058_0E will be placed at 8022C274 (length = 18C bytes)
$FloatTable_8021FD00_0E will be placed at 8022C400 (length = 16C bytes)
$FloatTable_8021A4BC_0E will be placed at 8022C56C (length = 16C bytes)
$Script_8021E058_0E will be placed at 8022C6D8 (length = 13C bytes)
$Script_8021D4F4_0D will be placed at 8022C814 (length = 118 bytes)
$Script_Idle_8022360C_10 will be placed at 8022C92C (length = 110 bytes)
$Script_Idle_8022CCCC_10 will be placed at 8022CA3C (length = 110 bytes)
$Script_Idle_802193B4_10 will be placed at 8022CB4C (length = 110 bytes)
$Function_802185AC_10 will be placed at 8022CC5C (length = 110 bytes)
$Script_Idle_8022B19C_10 will be placed at 8022CD6C (length = 110 bytes)
$Function_802181E4_0E will be placed at 8022CE7C (length = F4 bytes)
$Function_802184C4_0E will be placed at 8022CF70 (length = F4 bytes)
$Script_Init_802275D4_10 will be placed at 8022D064 (length = F0 bytes)
$Script_8022486C_10 will be placed at 8022D154 (length = E0 bytes)
$Script_TakeTurn_802293DC_10 will be placed at 8022D234 (length = DC bytes)
$SpriteTable_8022977C_10 will be placed at 8022D310 (length = D8 bytes)
$Function_80218E08_10 will be placed at 8022D3E8 (length = CC bytes)
$Function_802184E0_10 will be placed at 8022D4B4 (length = CC bytes)
$Function_80218000_10 will be placed at 8022D580 (length = CC bytes)
$Function_80218EE0_10 will be placed at 8022D64C (length = CC bytes)
$Script_8022371C_10 will be placed at 8022D718 (length = C4 bytes)
$StatusTable_8021B308_0E will be placed at 8022D7DC (length = AC bytes)
$StatusTable_80219224_10 will be placed at 8022D888 (length = AC bytes)
$StatusTable_80223470_10 will be placed at 8022D934 (length = AC bytes)
$StatusTable_80229624_10 will be placed at 8022D9E0 (length = AC bytes)
$StatusTable_80220B68_0E will be placed at 8022DA8C (length = AC bytes)
$StatusTable_8022CB88_10 will be placed at 8022DB38 (length = AC bytes)
$StatusTable_8021B3B4_0E will be placed at 8022DBE4 (length = AC bytes)
$StatusTable_8021877C_0E will be placed at 8022DC90 (length = AC bytes)
$StatusTable_8021D3A0_0D will be placed at 8022DD3C (length = AC bytes)
$StatusTable_802274B8_10 will be placed at 8022DDE8 (length = AC bytes)
$StatusTable_80218058_0F will be placed at 8022DE94 (length = AC bytes)
$Script_Init_80223568_10 will be placed at 8022DF40 (length = A4 bytes)
$Function_80218A98_10 will be placed at 8022DFE4 (length = A0 bytes)
$Script_TakeTurn_8022494C_10 will be placed at 8022E084 (length = 94 bytes)
$SpriteTable_8021B460_0E will be placed at 8022E118 (length = 90 bytes)
$Script_Init_80220CAC_0E will be placed at 8022E1A8 (length = 90 bytes)
$Script_Init_8021B564_0E will be placed at 8022E238 (length = 90 bytes)
$Script_Init_802188C0_0E will be placed at 8022E2C8 (length = 90 bytes)
$Formation_Pit2-2-3 will be placed at 8022E358 (length = 8C bytes)
$Script_8022CDDC_10 will be placed at 8022E3E4 (length = 84 bytes)
$Script_NextTurn_80220D3C_0E will be placed at 8022E468 (length = 84 bytes)
$Script_NextTurn_8021E194_0E will be placed at 8022E4EC (length = 84 bytes)
$Script_NextTurn_8021B5F4_0E will be placed at 8022E570 (length = 84 bytes)
$Script_NextTurn_80218950_0E will be placed at 8022E5F4 (length = 84 bytes)
$Script_8021C94C_0E will be placed at 8022E678 (length = 78 bytes)
$Formation_Pit3-3-3 will be placed at 8022E6F0 (length = 70 bytes)
$Formation_Pit3-3-2 will be placed at 8022E760 (length = 70 bytes)
$Formation_Pit2-5-2 will be placed at 8022E7D0 (length = 70 bytes)
$Formation_Pit2-5-3 will be placed at 8022E840 (length = 70 bytes)
$Formation_Pit3-4-3 will be placed at 8022E8B0 (length = 70 bytes)
$Script_80229C40_10 will be placed at 8022E920 (length = 70 bytes)
$Formation_Pit3-5-3 will be placed at 8022E990 (length = 70 bytes)
$Formation_Pit2-1-1 will be placed at 8022EA00 (length = 70 bytes)
$Formation_Pit2-1-2 will be placed at 8022EA70 (length = 70 bytes)
$Formation_Pit2-2-2 will be placed at 8022EAE0 (length = 70 bytes)
$Formation_Pit2-3-2 will be placed at 8022EB50 (length = 70 bytes)
$Formation_Pit2-3-3 will be placed at 8022EBC0 (length = 70 bytes)
$Formation_Pit2-4-2 will be placed at 8022EC30 (length = 70 bytes)
$Formation_Pit2-4-3 will be placed at 8022ECA0 (length = 70 bytes)
$Script_802194C4_10 will be placed at 8022ED10 (length = 64 bytes)
$Script_8022B2AC_10 will be placed at 8022ED74 (length = 64 bytes)
$Function_80218CF4_10 will be placed at 8022EDD8 (length = 60 bytes)
$Function_80218618_0E will be placed at 8022EE38 (length = 5C bytes)
$Script_TakeTurn_8021ACB4_10 will be placed at 8022EE94 (length = 5C bytes)
$Script_TakeTurn_8022CA9C_10 will be placed at 8022EEF0 (length = 5C bytes)
$Function_80218D54_10 will be placed at 8022EF4C (length = 58 bytes)
$Function_80218DB0_10 will be placed at 8022EFA4 (length = 58 bytes)
$Function_80218000_0E will be placed at 8022EFFC (length = 58 bytes)
$Function_802182E0_0E will be placed at 8022F054 (length = 58 bytes)
$Function_802185C0_0E will be placed at 8022F0AC (length = 58 bytes)
$Formation_Pit2-5-1 will be placed at 8022F104 (length = 54 bytes)
$Formation_Pit3-4-2 will be placed at 8022F158 (length = 54 bytes)
$Formation_Pit3-4-1 will be placed at 8022F1AC (length = 54 bytes)
$Formation_Pit3-5-2 will be placed at 8022F200 (length = 54 bytes)
$Formation_Pit2-1-3 will be placed at 8022F254 (length = 54 bytes)
$Formation_Pit3-1-3 will be placed at 8022F2A8 (length = 54 bytes)
$Formation_Pit3-1-2 will be placed at 8022F2FC (length = 54 bytes)
$Formation_Pit3-2-2 will be placed at 8022F350 (length = 54 bytes)
$Formation_Pit3-2-1 will be placed at 8022F3A4 (length = 54 bytes)
$Formation_Pit2-4-1 will be placed at 8022F3F8 (length = 54 bytes)
$Script_BeforeBattle will be placed at 8022F44C (length = 50 bytes)
$IdleAnimations_8021DF7C_0E will be placed at 8022F49C (length = 4C bytes)
$IdleAnimations_80219864_0E will be placed at 8022F4E8 (length = 4C bytes)
$IdleAnimations_8021931C_10 will be placed at 8022F534 (length = 4C bytes)
$Script_Init_80219368_10 will be placed at 8022F580 (length = 4C bytes)
$IdleAnimations_80218874_0E will be placed at 8022F5CC (length = 4C bytes)
$IdleAnimations_80220C60_0E will be placed at 8022F618 (length = 4C bytes)
$IdleAnimations_8022950C_10 will be placed at 8022F664 (length = 4C bytes)
$IdleAnimations_8021F05C_0E will be placed at 8022F6B0 (length = 4C bytes)
$IdleAnimations_8021D330_0D will be placed at 8022F6FC (length = 4C bytes)
$IdleAnimations_80221D20_0E will be placed at 8022F748 (length = 4C bytes)
$IdleAnimations_8022744C_10 will be placed at 8022F794 (length = 4C bytes)
$IdleAnimations_80229558_10 will be placed at 8022F7E0 (length = 4C bytes)
$Script_Init_8022CC80_10 will be placed at 8022F82C (length = 4C bytes)
$IdleAnimations_80219818_0E will be placed at 8022F878 (length = 4C bytes)
$IdleAnimations_802294C0_10 will be placed at 8022F8C4 (length = 4C bytes)
$IdleAnimations_8021F0A8_0E will be placed at 8022F910 (length = 4C bytes)
$IdleAnimations_8021B518_0E will be placed at 8022F95C (length = 4C bytes)
$IdleAnimations_80221CD4_0E will be placed at 8022F9A8 (length = 4C bytes)
$IdleAnimations_80223410_10 will be placed at 8022F9F4 (length = 4C bytes)
$IdleAnimations_80227400_10 will be placed at 8022FA40 (length = 4C bytes)
$IdleAnimations_8021C594_0E will be placed at 8022FA8C (length = 4C bytes)
$IdleAnimations_8022B104_10 will be placed at 8022FAD8 (length = 4C bytes)
$IdleAnimations_80218000_0F will be placed at 8022FB24 (length = 4C bytes)
$IdleAnimations_802295A4_10 will be placed at 8022FB70 (length = 4C bytes)
$IdleAnimations_8021C5E0_0E will be placed at 8022FBBC (length = 4C bytes)
$IdleAnimations_8022CB00_10 will be placed at 8022FC08 (length = 4C bytes)
$Script_Init_8021D498_0D will be placed at 8022FC54 (length = 4C bytes)
$Script_Init_80218150_0F will be placed at 8022FCA0 (length = 4C bytes)
$SpriteTable_80227564_10 will be placed at 8022FCEC (length = 48 bytes)
$DefenseTable_8022CB4C_10 will be placed at 8022FD34 (length = 3C bytes)
$Formation_Pit3-3-1 will be placed at 8022FD70 (length = 38 bytes)
$Formation_Pit3-5-1 will be placed at 8022FDA8 (length = 38 bytes)
$Formation_Pit2-2-1 will be placed at 8022FDE0 (length = 38 bytes)
$Formation_Pit3-1-1 will be placed at 8022FE18 (length = 38 bytes)
$Formation_Pit2-3-1 will be placed at 8022FE50 (length = 38 bytes)
$Formation_Pit3-2-3 will be placed at 8022FE88 (length = 38 bytes)
$10_MediGuy will be placed at 8022FEC0 (length = 28 bytes)
$0E_HyperCleft will be placed at 8022FEE8 (length = 28 bytes)
$0F_Clubba will be placed at 8022FF10 (length = 28 bytes)
$10_PyroGuy will be placed at 8022FF38 (length = 28 bytes)
$10_ShyGuy_RED will be placed at 8022FF60 (length = 28 bytes)
$10_SpyGuy will be placed at 8022FF88 (length = 28 bytes)
$0E_HyperGoomba will be placed at 8022FFB0 (length = 28 bytes)
$0E_HyperParagoomba will be placed at 8022FFD8 (length = 28 bytes)
$10_SkyGuy will be placed at 80230000 (length = 28 bytes)
$0D_PiranhaPlant will be placed at 80230028 (length = 28 bytes)
$Stage_Pit1 will be placed at 80230050 (length = 24 bytes)
$SpriteTable_8022351C_10 will be placed at 80230074 (length = 24 bytes)
$SpriteTable_802192D0_10 will be placed at 80230098 (length = 24 bytes)
$SpriteTable_80218104_0F will be placed at 802300BC (length = 24 bytes)
$SpriteTable_8021D44C_0D will be placed at 802300E0 (length = 24 bytes)
$SpriteTable_8022CC34_10 will be placed at 80230104 (length = 24 bytes)
$SpriteTable_80218828_0E will be placed at 80230128 (length = 24 bytes)
$SpriteTable_80220C14_0E will be placed at 8023014C (length = 24 bytes)
$DefenseTable_802295FC_10 will be placed at 80230170 (length = 14 bytes)
$DefenseTable_8022345C_10 will be placed at 80230184 (length = 14 bytes)
$ASCII_pit_bt01_shape_Literal will be placed at 80230198 (length = 14 bytes)
$DefenseTable_80220B54_0E will be placed at 802301AC (length = 14 bytes)
$DefenseTable_80229610_10 will be placed at 802301C0 (length = 14 bytes)
$DefenseTable_80219210_10 will be placed at 802301D4 (length = 14 bytes)
$DefenseTable_80220B40_0E will be placed at 802301E8 (length = 14 bytes)
$DefenseTable_802274A4_10 will be placed at 802301FC (length = 14 bytes)
$ASCII_pit_bt01_hit_Literal will be placed at 80230210 (length = 10 bytes)
$Script_Idle_8021D4E4_0D will be placed at 80230220 (length = 10 bytes)
$Script_Idle_80221DD0_0E will be placed at 80230230 (length = 10 bytes)
$Script_AfterBattle will be placed at 80230240 (length = 10 bytes)
$Script_Idle_80229A24_10 will be placed at 80230250 (length = 10 bytes)
$Script_Idle_802276C4_10 will be placed at 80230260 (length = 10 bytes)
$Script_Idle_8021819C_0F will be placed at 80230270 (length = 10 bytes)
$StageTable will be placed at 80230280 (length = 10 bytes)
$DefenseTable_8021804C_0F will be placed at 80230290 (length = C bytes)
$IdleAnimations_8021C62C_0E will be placed at 8023029C (length = C bytes)
$IdleAnimations_802295F0_10 will be placed at 802302A8 (length = C bytes)
$DefenseTable_8021B2F0_0E will be placed at 802302B4 (length = C bytes)
$IntTable_8022876C_10 will be placed at 802302C0 (length = C bytes)
$DefenseTable_80218770_0E will be placed at 802302CC (length = C bytes)
$IdleAnimations_8021C638_0E will be placed at 802302D8 (length = C bytes)
$IdleAnimations_80227498_10 will be placed at 802302E4 (length = C bytes)
$ASCII_pit_01_Literal will be placed at 802302F0 (length = C bytes)
$DefenseTable_8021D394_0D will be placed at 802302FC (length = C bytes)
$IntTable_80228748_10 will be placed at 80230308 (length = C bytes)
$IntTable_80228754_10 will be placed at 80230314 (length = C bytes)
$IntTable_80228760_10 will be placed at 80230320 (length = C bytes)
$DefenseTable_8021B2FC_0E will be placed at 8023032C (length = C bytes)
$ASCII_tik_tex_Literal will be placed at 80230338 (length = 8 bytes)
Reading patch file: 32 Area PIT3.bpat
Creating struct: $14_SpearGuy
Creating struct: $Function_80218000_14
Creating struct: $IdleAnimations_802185C0_14
Creating struct: $IdleAnimations_8021860C_14
Creating struct: $IdleAnimations_80218658_14
Creating struct: $IdleAnimations_80218664_14
Creating struct: $DefenseTable_80218670_14
Creating struct: $DefenseTable_80218684_14
Creating struct: $StatusTable_80218698_14
Creating struct: $StatusTable_80218744_14
Creating struct: $SpriteTable_802187F0_14
Creating struct: $SpearGuy_14
Creating struct: $Script_SetSpearStance_14
Creating struct: $Script_Init_80218980_14
Creating struct: $Script_NextTurn_80218B24_14
Creating struct: $Script_80218B5C_14
Creating struct: $Script_Idle_80218BE0_14
Creating struct: $Script_80218D7C_14
Creating struct: $Script_HandleEvent_80218E3C_14
Creating struct: $Script_SpearStab_14
Creating struct: $Script_SummonBackup_14
Creating struct: $Vector3D_8021A8B4_14
Creating struct: $SpecialFormation_8021A8C0_14
Creating struct: $SpecialFormation_8021A8DC_14
Creating struct: $Script_BecomeShyGuy_14
Creating struct: $Script_SpearThrow_14
Creating struct: $Script_8021B770_14
Creating struct: $Script_8021B96C_14
Creating struct: $Script_8021BB18_14
Creating struct: $Script_TakeTurn_8021BCB4_14
Creating struct: $IdleAnimations_8021BF40_14
Creating struct: $Script_8021BF8C_14
Creating struct: $Script_Idle_8021BFD8_14
Creating struct: $Script_8021C0E8_14
Creating struct: $Script_HandleEvent_8021C14C_14
Creating struct: $Script_8021C628_14
Creating struct: $Script_8021CD50_14
Creating struct: $Script_TakeTurn_8021D8D8_14
Creating struct: $14_HurtPlant
Creating struct: $Function_802180D0_14
Creating struct: $IdleAnimations_8021D940_14
Creating struct: $DefenseTable_8021D98C_14
Creating struct: $StatusTable_8021D9A0_14
Creating struct: $SpriteTable_8021DA4C_14
Creating struct: $Script_Init_8021DA98_14
Creating struct: $Script_Idle_8021DAE4_14
Creating struct: $Script_8021DBFC_14
Creating struct: $Script_HandleEvent_8021DCF4_14
Creating struct: $Script_TakeTurn_8021E33C_14
Creating struct: $14_MBush
Creating struct: $IdleAnimations_80221830_14
Creating struct: $DefenseTable_8022187C_14
Creating struct: $StatusTable_80221890_14
Creating struct: $SpriteTable_8022193C_14
Creating struct: $Script_Init_80221988_14
Creating struct: $Script_Idle_802219D4_14
Creating struct: $Script_802219E4_14
Creating struct: $Script_HandleEvent_80221A74_14
Creating struct: $Script_TakeTurn_80221F78_14
Creating struct: $14_SpikeTop
Creating struct: $Function_802184F0_14
Creating struct: $DefenseTable_80223B20_14
Creating struct: $DefenseTable_80223B3C_14
Creating struct: $StatusTable_80223B48_14
Creating struct: $SpriteTable_80223BF4_14
Creating struct: $IdleAnimations_80223C40_14
Creating struct: $IdleAnimations_80223C8C_14
Creating struct: $IdleAnimations_80223CD8_14
Creating struct: $Script_Init_80223D1C_14
Creating struct: $Script_Idle_80223EEC_14
Creating struct: $Script_80223EFC_14
Creating struct: $Script_HandleEvent_80224330_14
Creating struct: $Script_802247EC_14
Creating struct: $IntTable_8022483C_14
Creating struct: $Script_HandleEvent_80224888_14
Creating struct: $Script_TakeTurn_80225624_14
Creating struct: $Script_TakeTurn_802260DC_14
Creating struct: $14_JungleFuzzy
Creating struct: $Function_802181A0_14
Creating struct: $Function_80218254_14
Creating struct: $DefenseTable_8021E9D0_14
Creating struct: $StatusTable_8021E9E4_14
Creating struct: $SpriteTable_8021EA90_14
Creating struct: $JungleFuzzy_14
Creating struct: $IdleAnimations_8021EADC_14
Creating struct: $Script_Init_8021EB28_14
Creating struct: $Script_Idle_8021EB8C_14
Creating struct: $Script_HandleEvent_8021EB9C_14
Creating struct: $Script_Divide_14
Creating struct: $Script_LeechAttack_14
Creating struct: $Script_802210E0_14
Creating struct: $Script_80221468_14
Creating struct: $Script_TakeTurn_80221628_14
Creating struct: $Vector3D_80221800_14
Creating struct: $SpecialFormation_8022180C_14
Creating struct: $16_LavaBubble
Creating struct: $Function_80218000_16
Creating struct: $DefenseTable_80218E10_16
Creating struct: $StatusTable_80218E3C_16
Creating struct: $SpriteTable_80218EE8_16
Creating struct: $IdleAnimations_80218FC4_16
Creating struct: $IdleAnimations_80219010_16
Creating struct: $Script_Init_8021901C_16
Creating struct: $Script_Idle_802191E4_16
Creating struct: $Script_80219464_16
Creating struct: $Script_HandleEvent_80219500_16
Creating struct: $Script_FireTackle_16
Creating struct: $Script_8021A074_16
Creating struct: $Script_8021A218_16
Creating struct: $Script_Fireballs_Partner_16
Creating struct: $Script_Fireballs_Player_16
Creating struct: $Script_TakeTurn_8021AEA4_16
Creating struct: $15_PutridPiranha
Creating struct: $Function_80218000_15
Creating struct: $Function_802180CC_15
Creating struct: $IdleAnimations_802186C0_15
Creating struct: $DefenseTable_8021870C_15
Creating struct: $StatusTable_80218720_15
Creating struct: $SpriteTable_802187CC_15
Creating struct: $Script_Init_80218818_15
Creating struct: $Script_Idle_80218864_15
Creating struct: $Script_80218974_15
Creating struct: $Script_HandleEvent_802189F0_15
Creating struct: $Script_TakeTurn_80218EC8_15
Creating struct: $Script_Bite_15
Creating struct: $Script_Breath_15
Creating struct: $18_Bzzap
Creating struct: $Function_80218000_18
Creating struct: $Function_802180CC_18
Creating struct: $IdleAnimations_8021E930_18
Creating struct: $DefenseTable_8021E97C_18
Creating struct: $StatusTable_8021E988_18
Creating struct: $SpriteTable_8021EA34_18
Creating struct: $Script_Init_8021EB34_18
Creating struct: $Script_Idle_8021EC20_18
Creating struct: $Script_8021ED30_18
Creating struct: $Script_HandleEvent_8021EDB8_18
Creating struct: $Script_Sting_18
Creating struct: $Script_8021F88C_18
Creating struct: $Script_Swarm_18
Creating struct: $Script_TakeTurn_8022139C_18
Creating struct: $18_CrazeeDayzee
Creating struct: $DefenseTable_8021D7A0_18
Creating struct: $StatusTable_8021D7AC_18
Creating struct: $SpriteTable_8021D858_18
Creating struct: $IdleAnimations_8021D8A4_18
Creating struct: $Script_Init_8021D8F0_18
Creating struct: $Script_Idle_8021D93C_18
Creating struct: $Script_8021D94C_18
Creating struct: $Script_HandleEvent_8021D988_18
Creating struct: $Script_Crazee_Sing_18
Creating struct: $Script_Crazee_RunAway_18
Creating struct: $Script_TakeTurn_8021E7BC_18
Creating struct: $18_YMagikoopa
Creating struct: $Function_802190B0_18
Creating struct: $Function_80219358_18
Creating struct: $DefenseTable_8022E180_18
Creating struct: $StatusTable_8022E198_18
Creating struct: $SpriteTable_8022E2F0_18
Creating struct: $IdleAnimations_8022E3D0_18
Creating struct: $Script_Idle_8022E474_18
Creating struct: $Script_HandleEvent_8022E484_18
Creating struct: $Script_YMagikoopa_ShapeSpell_18
Creating struct: $Script_YMagikoopa_WandStrike_18
Creating struct: $Script_YMagikoopa_RunAway_18
Creating struct: $Script_Init_802305B8_18
Creating struct: $Script_TakeTurn_80230700_18
Creating struct: $FormationTable
Creating struct: $Formation_Pit4-1-1
Creating struct: $Formation_Pit4-1-2
Creating struct: $Formation_Pit4-1-3
Creating struct: $Formation_Pit4-2-1
Creating struct: $Formation_Pit4-2-2
Creating struct: $Formation_Pit4-2-3
Creating struct: $Formation_Pit4-3-1
Creating struct: $Formation_Pit4-3-2
Creating struct: $Formation_Pit4-3-3
Creating struct: $Formation_Pit4-4-1
Creating struct: $Formation_Pit4-4-2
Creating struct: $Formation_Pit4-4-3
Creating struct: $Formation_Pit4-5-1
Creating struct: $Formation_Pit4-5-2
Creating struct: $Formation_Pit4-5-3
Creating struct: $Formation_Pit5-1-1
Creating struct: $Formation_Pit5-1-2
Creating struct: $Formation_Pit5-1-3
Creating struct: $Formation_Pit5-2-1
Creating struct: $Formation_Pit5-2-2
Creating struct: $Formation_Pit5-2-3
Creating struct: $Formation_Pit5-3-1
Creating struct: $Formation_Pit5-3-2
Creating struct: $Formation_Pit5-3-3
Creating struct: $Formation_Pit5-4-1
Creating struct: $Formation_Pit5-4-2
Creating struct: $Formation_Pit5-4-3
Creating struct: $Formation_Pit5-5-1
Creating struct: $Formation_Pit5-5-2
Creating struct: $Formation_Pit5-5-3
Creating struct: $Bzzap00
Creating struct: $Bzzap01
Creating struct: $Bzzap02
Creating struct: $Bzzap03
Creating struct: $StageTable
Creating struct: $Stage_Pit1
Creating struct: $Stage_Pit2
Creating struct: $Script_BeforeBattle
Creating struct: $Script_AfterBattle
Merged 1 regions to 1
$Script_LeechAttack_14 will be placed at 80218000 (length = 1A74 bytes)
$Script_Swarm_18 will be placed at 80219A74 (length = 1618 bytes)
$Script_HandleEvent_80224888_14 will be placed at 8021B08C (length = D9C bytes)
$Script_8021CD50_14 will be placed at 8021BE28 (length = B88 bytes)
$Script_HandleEvent_80218E3C_14 will be placed at 8021C9B0 (length = B70 bytes)
$Script_TakeTurn_80225624_14 will be placed at 8021D520 (length = AB8 bytes)
$Script_SpearThrow_14 will be placed at 8021DFD8 (length = AB4 bytes)
$Script_TakeTurn_802260DC_14 will be placed at 8021EA8C (length = A24 bytes)
$Script_SummonBackup_14 will be placed at 8021F4B0 (length = 9E4 bytes)
$Script_Bite_15 will be placed at 8021FE94 (length = 9A8 bytes)
$Script_TakeTurn_80230700_18 will be placed at 8022083C (length = 784 bytes)
$Script_8021C628_14 will be placed at 80220FC0 (length = 728 bytes)
$Script_HandleEvent_8021EB9C_14 will be placed at 802216E8 (length = 6C4 bytes)
$Script_Fireballs_Player_16 will be placed at 80221DAC (length = 6BC bytes)
$Script_Crazee_Sing_18 will be placed at 80222468 (length = 6A8 bytes)
$Script_TakeTurn_8021E33C_14 will be placed at 80222B10 (length = 688 bytes)
$Script_YMagikoopa_WandStrike_18 will be placed at 80223198 (length = 670 bytes)
$Script_HandleEvent_8021DCF4_14 will be placed at 80223808 (length = 648 bytes)
$Script_YMagikoopa_ShapeSpell_18 will be placed at 80223E50 (length = 61C bytes)
$Script_FireTackle_16 will be placed at 8022446C (length = 5F0 bytes)
$Script_HandleEvent_8021EDB8_18 will be placed at 80224A5C (length = 5E4 bytes)
$Script_TakeTurn_80221F78_14 will be placed at 80225040 (length = 5D4 bytes)
$Script_Breath_15 will be placed at 80225614 (length = 5C0 bytes)
$Script_HandleEvent_80219500_16 will be placed at 80225BD4 (length = 584 bytes)
$Script_Fireballs_Partner_16 will be placed at 80226158 (length = 574 bytes)
$Script_HandleEvent_8021D988_18 will be placed at 802266CC (length = 54C bytes)
$Script_SpearStab_14 will be placed at 80226C18 (length = 524 bytes)
$Script_HandleEvent_8022E484_18 will be placed at 8022713C (length = 518 bytes)
$Script_HandleEvent_80221A74_14 will be placed at 80227654 (length = 504 bytes)
$Script_8021F88C_18 will be placed at 80227B58 (length = 4F8 bytes)
$Script_Sting_18 will be placed at 80228050 (length = 4F0 bytes)
$Script_HandleEvent_8021C14C_14 will be placed at 80228540 (length = 4DC bytes)
$Script_HandleEvent_802189F0_15 will be placed at 80228A1C (length = 4D8 bytes)
$Script_HandleEvent_80224330_14 will be placed at 80228EF4 (length = 4BC bytes)
$Script_80223EFC_14 will be placed at 802293B0 (length = 434 bytes)
$Script_Divide_14 will be placed at 802297E4 (length = 40C bytes)
$Script_BecomeShyGuy_14 will be placed at 80229BF0 (length = 3C4 bytes)
$Script_802210E0_14 will be placed at 80229FB4 (length = 388 bytes)
$Script_TakeTurn_8021BCB4_14 will be placed at 8022A33C (length = 28C bytes)
$Script_Idle_802191E4_16 will be placed at 8022A5C8 (length = 280 bytes)
$FormationTable will be placed at 8022A848 (length = 26C bytes)
$Script_Crazee_RunAway_18 will be placed at 8022AAB4 (length = 240 bytes)
$Script_YMagikoopa_RunAway_18 will be placed at 8022ACF4 (length = 224 bytes)
$Script_8021B770_14 will be placed at 8022AF18 (length = 1FC bytes)
$Script_TakeTurn_8021AEA4_16 will be placed at 8022B114 (length = 1F8 bytes)
$Script_TakeTurn_80221628_14 will be placed at 8022B30C (length = 1D8 bytes)
$Script_Init_80223D1C_14 will be placed at 8022B4E4 (length = 1D0 bytes)
$Script_Init_8021901C_16 will be placed at 8022B6B4 (length = 1C8 bytes)
$Script_80221468_14 will be placed at 8022B87C (length = 1C0 bytes)
$Script_8021B96C_14 will be placed at 8022BA3C (length = 1AC bytes)
$Script_8021A074_16 will be placed at 8022BBE8 (length = 1A4 bytes)
$Script_Init_80218980_14 will be placed at 8022BD8C (length = 1A4 bytes)
$Script_Idle_80218BE0_14 will be placed at 8022BF30 (length = 19C bytes)
$Script_8021BB18_14 will be placed at 8022C0CC (length = 19C bytes)
$Function_802180CC_15 will be placed at 8022C268 (length = 17C bytes)
$Script_TakeTurn_8021E7BC_18 will be placed at 8022C3E4 (length = 174 bytes)
$Function_802190B0_18 will be placed at 8022C558 (length = 158 bytes)
$Function_80218000_16 will be placed at 8022C6B0 (length = 130 bytes)
$Function_802180CC_18 will be placed at 8022C7E0 (length = 11C bytes)
$Script_Idle_8021DAE4_14 will be placed at 8022C8FC (length = 118 bytes)
$Script_Idle_80218864_15 will be placed at 8022CA14 (length = 110 bytes)
$Script_Idle_8021BFD8_14 will be placed at 8022CB24 (length = 110 bytes)
$Script_Idle_8021EC20_18 will be placed at 8022CC34 (length = 110 bytes)
$Script_8021DBFC_14 will be placed at 8022CD44 (length = F8 bytes)
$Script_Init_8021EB34_18 will be placed at 8022CE3C (length = EC bytes)
$SpriteTable_8021EA34_18 will be placed at 8022CF28 (length = D8 bytes)
$Script_SetSpearStance_14 will be placed at 8022D000 (length = D8 bytes)
$Function_80218000_15 will be placed at 8022D0D8 (length = CC bytes)
$Function_80218000_14 will be placed at 8022D1A4 (length = CC bytes)
$Function_80218000_18 will be placed at 8022D270 (length = CC bytes)
$Function_802184F0_14 will be placed at 8022D33C (length = CC bytes)
$Function_802180D0_14 will be placed at 8022D408 (length = CC bytes)
$Function_80219358_18 will be placed at 8022D4D4 (length = C4 bytes)
$Script_80218D7C_14 will be placed at 8022D598 (length = C0 bytes)
$Function_80218254_14 will be placed at 8022D658 (length = B4 bytes)
$Function_802181A0_14 will be placed at 8022D70C (length = B4 bytes)
$SpriteTable_80218EE8_16 will be placed at 8022D7C0 (length = B4 bytes)
$StatusTable_80221890_14 will be placed at 8022D874 (length = AC bytes)
$StatusTable_8021D9A0_14 will be placed at 8022D920 (length = AC bytes)
$StatusTable_8021E9E4_14 will be placed at 8022D9CC (length = AC bytes)
$StatusTable_80218720_15 will be placed at 8022DA78 (length = AC bytes)
$StatusTable_8022E198_18 will be placed at 8022DB24 (length = AC bytes)
$StatusTable_8021D7AC_18 will be placed at 8022DBD0 (length = AC bytes)
$StatusTable_80218744_14 will be placed at 8022DC7C (length = AC bytes)
$StatusTable_80223B48_14 will be placed at 8022DD28 (length = AC bytes)
$StatusTable_8021E988_18 will be placed at 8022DDD4 (length = AC bytes)
$StatusTable_80218698_14 will be placed at 8022DE80 (length = AC bytes)
$StatusTable_80218E3C_16 will be placed at 8022DF2C (length = AC bytes)
$Script_Init_802305B8_18 will be placed at 8022DFD8 (length = A4 bytes)
$Script_80219464_16 will be placed at 8022E07C (length = 9C bytes)
$Script_TakeTurn_8022139C_18 will be placed at 8022E118 (length = 98 bytes)
$Script_TakeTurn_80218EC8_15 will be placed at 8022E1B0 (length = 98 bytes)
$Script_802219E4_14 will be placed at 8022E248 (length = 90 bytes)
$SpriteTable_802187F0_14 will be placed at 8022E2D8 (length = 90 bytes)
$Script_8021ED30_18 will be placed at 8022E368 (length = 88 bytes)
$Script_80218B5C_14 will be placed at 8022E3F0 (length = 84 bytes)
$Script_80218974_15 will be placed at 8022E474 (length = 7C bytes)
$Formation_Pit4-1-3 will be placed at 8022E4F0 (length = 70 bytes)
$Formation_Pit4-2-3 will be placed at 8022E560 (length = 70 bytes)
$Formation_Pit5-5-3 will be placed at 8022E5D0 (length = 70 bytes)
$Formation_Pit4-3-3 will be placed at 8022E640 (length = 70 bytes)
$Formation_Pit4-4-2 will be placed at 8022E6B0 (length = 70 bytes)
$Formation_Pit4-4-3 will be placed at 8022E720 (length = 70 bytes)
$Formation_Pit5-3-3 will be placed at 8022E790 (length = 70 bytes)
$Formation_Pit4-5-2 will be placed at 8022E800 (length = 70 bytes)
$Formation_Pit4-5-3 will be placed at 8022E870 (length = 70 bytes)
$Formation_Pit5-2-3 will be placed at 8022E8E0 (length = 70 bytes)
$Script_8021C0E8_14 will be placed at 8022E950 (length = 64 bytes)
$Script_Init_8021EB28_14 will be placed at 8022E9B4 (length = 64 bytes)
$Script_TakeTurn_8021D8D8_14 will be placed at 8022EA18 (length = 5C bytes)
$Script_8021A218_16 will be placed at 8022EA74 (length = 5C bytes)
$Formation_Pit4-1-2 will be placed at 8022EAD0 (length = 54 bytes)
$Formation_Pit4-1-1 will be placed at 8022EB24 (length = 54 bytes)
$Formation_Pit4-2-2 will be placed at 8022EB78 (length = 54 bytes)
$Formation_Pit5-5-1 will be placed at 8022EBCC (length = 54 bytes)
$Formation_Pit5-5-2 will be placed at 8022EC20 (length = 54 bytes)
$Formation_Pit4-3-1 will be placed at 8022EC74 (length = 54 bytes)
$Formation_Pit4-3-2 will be placed at 8022ECC8 (length = 54 bytes)
$Formation_Pit5-4-1 will be placed at 8022ED1C (length = 54 bytes)
$Formation_Pit5-4-2 will be placed at 8022ED70 (length = 54 bytes)
$Formation_Pit5-4-3 will be placed at 8022EDC4 (length = 54 bytes)
$Formation_Pit5-3-1 will be placed at 8022EE18 (length = 54 bytes)
$Formation_Pit5-3-2 will be placed at 8022EE6C (length = 54 bytes)
$Formation_Pit5-2-2 will be placed at 8022EEC0 (length = 54 bytes)
$Formation_Pit5-1-3 will be placed at 8022EF14 (length = 54 bytes)
$Formation_Pit5-1-1 will be placed at 8022EF68 (length = 54 bytes)
$Formation_Pit5-1-2 will be placed at 8022EFBC (length = 54 bytes)
$Script_BeforeBattle will be placed at 8022F010 (length = 50 bytes)
$Script_802247EC_14 will be placed at 8022F060 (length = 50 bytes)
$IdleAnimations_8021BF40_14 will be placed at 8022F0B0 (length = 4C bytes)
$Script_Init_8021D8F0_18 will be placed at 8022F0FC (length = 4C bytes)
$IdleAnimations_8021D8A4_18 will be placed at 8022F148 (length = 4C bytes)
$IdleAnimations_8022E3D0_18 will be placed at 8022F194 (length = 4C bytes)
$IdleAnimations_8021E930_18 will be placed at 8022F1E0 (length = 4C bytes)
$IdleAnimations_80223C8C_14 will be placed at 8022F22C (length = 4C bytes)
$IdleAnimations_802186C0_15 will be placed at 8022F278 (length = 4C bytes)
$Script_Init_80218818_15 will be placed at 8022F2C4 (length = 4C bytes)
$IdleAnimations_80221830_14 will be placed at 8022F310 (length = 4C bytes)
$IdleAnimations_8021D940_14 will be placed at 8022F35C (length = 4C bytes)
$IdleAnimations_802185C0_14 will be placed at 8022F3A8 (length = 4C bytes)
$IdleAnimations_8021860C_14 will be placed at 8022F3F4 (length = 4C bytes)
$IdleAnimations_80223C40_14 will be placed at 8022F440 (length = 4C bytes)
$Script_8021BF8C_14 will be placed at 8022F48C (length = 4C bytes)
$IdleAnimations_8021EADC_14 will be placed at 8022F4D8 (length = 4C bytes)
$Script_Init_8021DA98_14 will be placed at 8022F524 (length = 4C bytes)
$IntTable_8022483C_14 will be placed at 8022F570 (length = 4C bytes)
$IdleAnimations_80218FC4_16 will be placed at 8022F5BC (length = 4C bytes)
$Script_Init_80221988_14 will be placed at 8022F608 (length = 4C bytes)
$IdleAnimations_80223CD8_14 will be placed at 8022F654 (length = 44 bytes)
$Script_8021D94C_18 will be placed at 8022F698 (length = 3C bytes)
$Script_NextTurn_80218B24_14 will be placed at 8022F6D4 (length = 38 bytes)
$Formation_Pit4-2-1 will be placed at 8022F70C (length = 38 bytes)
$Formation_Pit4-4-1 will be placed at 8022F744 (length = 38 bytes)
$Formation_Pit4-5-1 will be placed at 8022F77C (length = 38 bytes)
$Formation_Pit5-2-1 will be placed at 8022F7B4 (length = 38 bytes)
$DefenseTable_80218E10_16 will be placed at 8022F7EC (length = 2C bytes)
$14_JungleFuzzy will be placed at 8022F818 (length = 28 bytes)
$14_MBush will be placed at 8022F840 (length = 28 bytes)
$18_YMagikoopa will be placed at 8022F868 (length = 28 bytes)
$14_SpikeTop will be placed at 8022F890 (length = 28 bytes)
$JungleFuzzy_14 will be placed at 8022F8B8 (length = 28 bytes)
$18_Bzzap will be placed at 8022F8E0 (length = 28 bytes)
$SpearGuy_14 will be placed at 8022F908 (length = 28 bytes)
$16_LavaBubble will be placed at 8022F930 (length = 28 bytes)
$18_CrazeeDayzee will be placed at 8022F958 (length = 28 bytes)
$15_PutridPiranha will be placed at 8022F980 (length = 28 bytes)
$14_SpearGuy will be placed at 8022F9A8 (length = 28 bytes)
$14_HurtPlant will be placed at 8022F9D0 (length = 28 bytes)
$SpriteTable_8021D858_18 will be placed at 8022F9F8 (length = 24 bytes)
$Stage_Pit1 will be placed at 8022FA1C (length = 24 bytes)
$Stage_Pit2 will be placed at 8022FA40 (length = 24 bytes)
$SpriteTable_8022193C_14 will be placed at 8022FA64 (length = 24 bytes)
$SpriteTable_8022E2F0_18 will be placed at 8022FA88 (length = 24 bytes)
$SpriteTable_8021EA90_14 will be placed at 8022FAAC (length = 24 bytes)
$SpriteTable_80223BF4_14 will be placed at 8022FAD0 (length = 24 bytes)
$SpriteTable_802187CC_15 will be placed at 8022FAF4 (length = 24 bytes)
$SpriteTable_8021DA4C_14 will be placed at 8022FB18 (length = 24 bytes)
$SpecialFormation_8021A8DC_14 will be placed at 8022FB3C (length = 1C bytes)
$SpecialFormation_8022180C_14 will be placed at 8022FB58 (length = 1C bytes)
$SpecialFormation_8021A8C0_14 will be placed at 8022FB74 (length = 1C bytes)
$DefenseTable_80223B20_14 will be placed at 8022FB90 (length = 1C bytes)
$StageTable will be placed at 8022FBAC (length = 18 bytes)
$DefenseTable_8021D98C_14 will be placed at 8022FBC4 (length = 14 bytes)
$ASCII_pit_bt01_shape_Literal will be placed at 8022FBD8 (length = 14 bytes)
$ASCII_pit_bt02_shape_Literal will be placed at 8022FBEC (length = 14 bytes)
$DefenseTable_8022187C_14 will be placed at 8022FC00 (length = 14 bytes)
$DefenseTable_80218670_14 will be placed at 8022FC14 (length = 14 bytes)
$DefenseTable_8021E9D0_14 will be placed at 8022FC28 (length = 14 bytes)
$DefenseTable_8021870C_15 will be placed at 8022FC3C (length = 14 bytes)
$DefenseTable_80218684_14 will be placed at 8022FC50 (length = 14 bytes)
$ASCII_pit_bt01_hit_Literal will be placed at 8022FC64 (length = 10 bytes)
$Script_Idle_8021D93C_18 will be placed at 8022FC74 (length = 10 bytes)
$Script_Idle_80223EEC_14 will be placed at 8022FC84 (length = 10 bytes)
$ASCII_pit_bt02_hit_Literal will be placed at 8022FC94 (length = 10 bytes)
$Script_Idle_8021EB8C_14 will be placed at 8022FCA4 (length = 10 bytes)
$Script_AfterBattle will be placed at 8022FCB4 (length = 10 bytes)
$Script_Idle_802219D4_14 will be placed at 8022FCC4 (length = 10 bytes)
$Script_Idle_8022E474_18 will be placed at 8022FCD4 (length = 10 bytes)
$DefenseTable_80223B3C_14 will be placed at 8022FCE4 (length = C bytes)
$IdleAnimations_80219010_16 will be placed at 8022FCF0 (length = C bytes)
$IdleAnimations_80218664_14 will be placed at 8022FCFC (length = C bytes)
$IdleAnimations_80218658_14 will be placed at 8022FD08 (length = C bytes)
$DefenseTable_8021D7A0_18 will be placed at 8022FD14 (length = C bytes)
$Vector3D_8021A8B4_14 will be placed at 8022FD20 (length = C bytes)
$DefenseTable_8021E97C_18 will be placed at 8022FD2C (length = C bytes)
$ASCII_pit_01_Literal will be placed at 8022FD38 (length = C bytes)
$DefenseTable_8022E180_18 will be placed at 8022FD44 (length = C bytes)
$ASCII_pit_50_Literal will be placed at 8022FD50 (length = C bytes)
$Bzzap03 will be placed at 8022FD5C (length = C bytes)
$Bzzap00 will be placed at 8022FD68 (length = C bytes)
$Bzzap02 will be placed at 8022FD74 (length = C bytes)
$Bzzap01 will be placed at 8022FD80 (length = C bytes)
$Vector3D_80221800_14 will be placed at 8022FD8C (length = C bytes)
$ASCII_tik_tex_Literal will be placed at 8022FD98 (length = 8 bytes)
Reading patch file: 33 Area PIT4.bpat
Creating struct: $18_Lakitu
Creating struct: $IdleAnimations_80219EC0_18
Creating struct: $IdleAnimations_80219F0C_18
Creating struct: $IdleAnimations_80219F18_18
Creating struct: $DefenseTable_80219F24_18
Creating struct: $StatusTable_80219F38_18
Creating struct: $SpriteTable_80219FE4_18
Creating struct: $Script_Init_8021A078_18
Creating struct: $Script_Idle_8021A0DC_18
Creating struct: $Script_8021A0EC_18
Creating struct: $Script_HandleEvent_8021A16C_18
Creating struct: $Script_ThrowSpint_18
Creating struct: $Vector3D_8021B01C_18
Creating struct: $SpecialFormation_8021B028_18
Creating struct: $Script_SummonSpiny_18
Creating struct: $Script_GetFirstOpenColumn_18
Creating struct: $Script_CountActiveSummoners_18
Creating struct: $Script_TakeTurn_8021BD2C_18
Creating struct: $Spiny_18
Creating struct: $18_Spiny
Creating struct: $IdleAnimations_8021BED0_18
Creating struct: $IdleAnimations_8021BF1C_18
Creating struct: $IdleAnimations_8021BF68_18
Creating struct: $DefenseTable_8021BF74_18
Creating struct: $DefenseTable_8021BF80_18
Creating struct: $StatusTable_8021BF8C_18
Creating struct: $SpriteTable_8021C038_18
Creating struct: $Script_Init_8021C0A8_18
Creating struct: $Script_Idle_8021C124_18
Creating struct: $Script_8021C134_18
Creating struct: $Script_8021C258_18
Creating struct: $IntTable_8021C2A8_18
Creating struct: $Script_HandleEvent_8021C2F4_18
Creating struct: $Script_TakeTurn_8021CDC0_18
Creating struct: $18_RuffPuff
Creating struct: $Function_802181F0_18
Creating struct: $IdleAnimations_802225A0_18
Creating struct: $DefenseTable_802225E4_18
Creating struct: $StatusTable_802225F8_18
Creating struct: $SpriteTable_802226A4_18
Creating struct: $Script_Init_802226F0_18
Creating struct: $Script_Idle_8022273C_18
Creating struct: $Script_80222820_18
Creating struct: $Script_HandleEvent_80222898_18
Creating struct: $Script_TakeTurn_80222DE8_18
Creating struct: $1D_FrostPiranha
Creating struct: $Function_802195F0_1D
Creating struct: $Function_802196BC_1D
Creating struct: $IdleAnimations_8022AAB0_1D
Creating struct: $DefenseTable_8022AAFC_1D
Creating struct: $StatusTable_8022AB18_1D
Creating struct: $SpriteTable_8022ABC4_1D
Creating struct: $Script_Init_8022AC10_1D
Creating struct: $Script_Idle_8022AC5C_1D
Creating struct: $Script_8022AD6C_1D
Creating struct: $Script_HandleEvent_8022ADFC_1D
Creating struct: $Script_TakeTurn_8022B2D4_1D
Creating struct: $Script_8022B3AC_1D
Creating struct: $Script_8022BD44_1D
Creating struct: $1D_GRYMagikoopa
Creating struct: $Function_80219840_1D
Creating struct: $Function_80219AE8_1D
Creating struct: $DefenseTable_8022C310_1D
Creating struct: $StatusTable_8022C328_1D
Creating struct: $SpriteTable_8022C480_1D
Creating struct: $IdleAnimations_8022C560_1D
Creating struct: $Script_Idle_8022C604_1D
Creating struct: $Script_HandleEvent_8022C614_1D
Creating struct: $Script_GRYMagikoopa_ShapeSpell_1D
Creating struct: $Script_GRYMagikoopa_WandStrike_1D
Creating struct: $Script_GRYMagikoopa_RunAway_1D
Creating struct: $Script_Init_8022E748_1D
Creating struct: $Script_TakeTurn_8022E890_1D
Creating struct: $FormationTable
Creating struct: $Formation_Pit6-1-1
Creating struct: $Formation_Pit6-1-2
Creating struct: $Formation_Pit6-1-3
Creating struct: $Formation_Pit6-Spiny
Creating struct: $Formation_Pit6-2-1
Creating struct: $Formation_Pit6-2-2
Creating struct: $Formation_Pit6-2-3
Creating struct: $Formation_Pit6-3-1
Creating struct: $Formation_Pit6-3-2
Creating struct: $Formation_Pit6-3-3
Creating struct: $Formation_Pit6-4-1
Creating struct: $Formation_Pit6-4-2
Creating struct: $Formation_Pit6-4-3
Creating struct: $Formation_Pit6-5-1
Creating struct: $Formation_Pit6-5-2
Creating struct: $Formation_Pit6-5-3
Creating struct: $StageTable
Creating struct: $Stage_Pit1
Creating struct: $Stage_Pit2
Creating struct: $Script_BeforeBattle
Creating struct: $Script_AfterBattle
Merged 1 regions to 1
$Script_HandleEvent_8021C2F4_18 will be placed at 80218000 (length = ACC bytes)
$Script_TakeTurn_8021CDC0_18 will be placed at 80218ACC (length = 9E0 bytes)
$Script_SummonSpiny_18 will be placed at 802194AC (length = 9B8 bytes)
$Script_8022B3AC_1D will be placed at 80219E64 (length = 998 bytes)
$Script_ThrowSpint_18 will be placed at 8021A7FC (length = 960 bytes)
$Script_TakeTurn_80222DE8_18 will be placed at 8021B15C (length = 7E0 bytes)
$Script_TakeTurn_8022E890_1D will be placed at 8021B93C (length = 740 bytes)
$Script_GRYMagikoopa_WandStrike_1D will be placed at 8021C07C (length = 670 bytes)
$Script_GRYMagikoopa_ShapeSpell_1D will be placed at 8021C6EC (length = 61C bytes)
$Script_8022BD44_1D will be placed at 8021CD08 (length = 5C0 bytes)
$Script_HandleEvent_80222898_18 will be placed at 8021D2C8 (length = 550 bytes)
$Script_HandleEvent_8021A16C_18 will be placed at 8021D818 (length = 550 bytes)
$Script_HandleEvent_8022C614_1D will be placed at 8021DD68 (length = 518 bytes)
$Script_HandleEvent_8022ADFC_1D will be placed at 8021E280 (length = 4D8 bytes)
$Script_GRYMagikoopa_RunAway_1D will be placed at 8021E758 (length = 224 bytes)
$Script_GetFirstOpenColumn_18 will be placed at 8021E97C (length = 1FC bytes)
$Script_TakeTurn_8021BD2C_18 will be placed at 8021EB78 (length = 19C bytes)
$Function_802181F0_18 will be placed at 8021ED14 (length = 190 bytes)
$Function_802196BC_1D will be placed at 8021EEA4 (length = 17C bytes)
$Function_80219840_1D will be placed at 8021F020 (length = 158 bytes)
$FormationTable will be placed at 8021F178 (length = 154 bytes)
$Script_CountActiveSummoners_18 will be placed at 8021F2CC (length = 134 bytes)
$Script_8021C134_18 will be placed at 8021F400 (length = 124 bytes)
$Script_Idle_8022AC5C_1D will be placed at 8021F524 (length = 110 bytes)
$Script_Idle_8022273C_18 will be placed at 8021F634 (length = E4 bytes)
$Script_TakeTurn_8022B2D4_1D will be placed at 8021F718 (length = D8 bytes)
$Function_802195F0_1D will be placed at 8021F7F0 (length = CC bytes)
$Function_80219AE8_1D will be placed at 8021F8BC (length = C4 bytes)
$StatusTable_80219F38_18 will be placed at 8021F980 (length = AC bytes)
$StatusTable_8021BF8C_18 will be placed at 8021FA2C (length = AC bytes)
$StatusTable_8022C328_1D will be placed at 8021FAD8 (length = AC bytes)
$StatusTable_8022AB18_1D will be placed at 8021FB84 (length = AC bytes)
$StatusTable_802225F8_18 will be placed at 8021FC30 (length = AC bytes)
$Script_Init_8022E748_1D will be placed at 8021FCDC (length = A4 bytes)
$Script_8022AD6C_1D will be placed at 8021FD80 (length = 90 bytes)
$Script_8021A0EC_18 will be placed at 8021FE10 (length = 80 bytes)
$Script_Init_8021C0A8_18 will be placed at 8021FE90 (length = 7C bytes)
$Script_80222820_18 will be placed at 8021FF0C (length = 78 bytes)
$Formation_Pit6-4-3 will be placed at 8021FF84 (length = 70 bytes)
$Formation_Pit6-2-3 will be placed at 8021FFF4 (length = 70 bytes)
$SpriteTable_80219FE4_18 will be placed at 80220064 (length = 6C bytes)
$Script_Init_8021A078_18 will be placed at 802200D0 (length = 64 bytes)
$Formation_Pit6-4-2 will be placed at 80220134 (length = 54 bytes)
$Formation_Pit6-3-1 will be placed at 80220188 (length = 54 bytes)
$Formation_Pit6-3-3 will be placed at 802201DC (length = 54 bytes)
$Formation_Pit6-3-2 will be placed at 80220230 (length = 54 bytes)
$Formation_Pit6-2-2 will be placed at 80220284 (length = 54 bytes)
$Formation_Pit6-1-1 will be placed at 802202D8 (length = 54 bytes)
$Formation_Pit6-1-2 will be placed at 8022032C (length = 54 bytes)
$Formation_Pit6-1-3 will be placed at 80220380 (length = 54 bytes)
$Formation_Pit6-5-3 will be placed at 802203D4 (length = 54 bytes)
$Script_8021C258_18 will be placed at 80220428 (length = 50 bytes)
$Script_BeforeBattle will be placed at 80220478 (length = 50 bytes)
$Script_Init_802226F0_18 will be placed at 802204C8 (length = 4C bytes)
$IdleAnimations_8021BED0_18 will be placed at 80220514 (length = 4C bytes)
$IdleAnimations_8022AAB0_1D will be placed at 80220560 (length = 4C bytes)
$IdleAnimations_80219EC0_18 will be placed at 802205AC (length = 4C bytes)
$IdleAnimations_8021BF1C_18 will be placed at 802205F8 (length = 4C bytes)
$IdleAnimations_8022C560_1D will be placed at 80220644 (length = 4C bytes)
$IntTable_8021C2A8_18 will be placed at 80220690 (length = 4C bytes)
$Script_Init_8022AC10_1D will be placed at 802206DC (length = 4C bytes)
$SpriteTable_8021C038_18 will be placed at 80220728 (length = 48 bytes)
$IdleAnimations_802225A0_18 will be placed at 80220770 (length = 44 bytes)
$Formation_Pit6-4-1 will be placed at 802207B4 (length = 38 bytes)
$Formation_Pit6-Spiny will be placed at 802207EC (length = 38 bytes)
$Formation_Pit6-2-1 will be placed at 80220824 (length = 38 bytes)
$Formation_Pit6-5-1 will be placed at 8022085C (length = 38 bytes)
$Formation_Pit6-5-2 will be placed at 80220894 (length = 38 bytes)
$1D_FrostPiranha will be placed at 802208CC (length = 28 bytes)
$1D_GRYMagikoopa will be placed at 802208F4 (length = 28 bytes)
$18_Spiny will be placed at 8022091C (length = 28 bytes)
$18_RuffPuff will be placed at 80220944 (length = 28 bytes)
$18_Lakitu will be placed at 8022096C (length = 28 bytes)
$Spiny_18 will be placed at 80220994 (length = 28 bytes)
$Stage_Pit1 will be placed at 802209BC (length = 24 bytes)
$Stage_Pit2 will be placed at 802209E0 (length = 24 bytes)
$SpriteTable_8022ABC4_1D will be placed at 80220A04 (length = 24 bytes)
$SpriteTable_8022C480_1D will be placed at 80220A28 (length = 24 bytes)
$SpriteTable_802226A4_18 will be placed at 80220A4C (length = 24 bytes)
$DefenseTable_8022AAFC_1D will be placed at 80220A70 (length = 1C bytes)
$SpecialFormation_8021B028_18 will be placed at 80220A8C (length = 1C bytes)
$StageTable will be placed at 80220AA8 (length = 18 bytes)
$ASCII_pit_bt01_shape_Literal will be placed at 80220AC0 (length = 14 bytes)
$ASCII_pit_bt02_shape_Literal will be placed at 80220AD4 (length = 14 bytes)
$ASCII_pit_bt01_hit_Literal will be placed at 80220AE8 (length = 10 bytes)
$ASCII_pit_bt02_hit_Literal will be placed at 80220AF8 (length = 10 bytes)
$DefenseTable_80219F24_18 will be placed at 80220B08 (length = 10 bytes)
$Script_AfterBattle will be placed at 80220B18 (length = 10 bytes)
$DefenseTable_802225E4_18 will be placed at 80220B28 (length = 10 bytes)
$Script_Idle_8021A0DC_18 will be placed at 80220B38 (length = 10 bytes)
$Script_Idle_8021C124_18 will be placed at 80220B48 (length = 10 bytes)
$Script_Idle_8022C604_1D will be placed at 80220B58 (length = 10 bytes)
$IdleAnimations_80219F0C_18 will be placed at 80220B68 (length = C bytes)
$ASCII_pit_01_Literal will be placed at 80220B74 (length = C bytes)
$ASCII_pit_50_Literal will be placed at 80220B80 (length = C bytes)
$DefenseTable_8021BF74_18 will be placed at 80220B8C (length = C bytes)
$DefenseTable_8021BF80_18 will be placed at 80220B98 (length = C bytes)
$IdleAnimations_80219F18_18 will be placed at 80220BA4 (length = C bytes)
$DefenseTable_8022C310_1D will be placed at 80220BB0 (length = C bytes)
$IdleAnimations_8021BF68_18 will be placed at 80220BBC (length = C bytes)
$Vector3D_8021B01C_18 will be placed at 80220BC8 (length = C bytes)
$ASCII_tik_tex_Literal will be placed at 80220BD4 (length = 8 bytes)
Reading patch file: 34 Area PIT5.bpat
Creating struct: $1D_Gulpit
Creating struct: $IdleAnimations_80227DD0_1D
Creating struct: $IdleAnimations_80227E1C_1D
Creating struct: $IdleAnimations_80227E28_1D
Creating struct: $DefenseTable_80227E34_1D
Creating struct: $StatusTable_80227E40_1D
Creating struct: $SpriteTable_80227EEC_1D
Creating struct: $Script_Init_80227F80_1D
Creating struct: $Script_Idle_80227FCC_1D
Creating struct: $Script_80227FDC_1D
Creating struct: $Script_HandleEvent_80228030_1D
Creating struct: $Script_80228518_1D
Creating struct: $Script_8022898C_1D
Creating struct: $Script_TakeTurn_802291B4_1D
Creating struct: $1D_GulpitRocks
Creating struct: $IdleAnimations_802294D0_1D
Creating struct: $IdleAnimations_802294DC_1D
Creating struct: $DefenseTable_802294E8_1D
Creating struct: $StatusTable_802294F4_1D
Creating struct: $SpriteTable_802295A0_1D
Creating struct: $Script_Init_802295EC_1D
Creating struct: $Script_Idle_8022973C_1D
Creating struct: $Script_8022974C_1D
Creating struct: $Script_HandleEvent_802297B0_1D
Creating struct: $Script_TakeTurn_80229AAC_1D
Creating struct: $1D_Duplighost
Creating struct: $Function_80218000_1D
Creating struct: $Function_80218890_1D
Creating struct: $Function_802189E4_1D
Creating struct: $Function_80218A90_1D
Creating struct: $Function_80218B2C_1D
Creating struct: $Function_80218B74_1D
Creating struct: $Function_80218C40_1D
Creating struct: $Function_80218D64_1D
Creating struct: $Function_80218E88_1D
Creating struct: $Function_80219304_1D
Creating struct: $Function_80219358_1D
Creating struct: $Function_802193A4_1D
Creating struct: $Function_802193F0_1D
Creating struct: $Function_8021943C_1D
Creating struct: $Function_80219480_1D
Creating struct: $Function_GetPartner_1D
Creating struct: $Function_80219524_1D
Creating struct: $IdleAnimations_8021AE90_1D
Creating struct: $IdleAnimations_8021AEDC_1D
Creating struct: $IdleAnimations_8021AEE8_1D
Creating struct: $DefenseTable_8021AEF4_1D
Creating struct: $StatusTable_8021AF00_1D
Creating struct: $SpriteTable_8021AFAC_1D
Creating struct: $Script_Init_8021AFF8_1D
Creating struct: $Script_NextTurn_8021B070_1D
Creating struct: $Script_Idle_8021B110_1D
Creating struct: $Script_8021B120_1D
Creating struct: $Script_HandleEvent_8021B15C_1D
Creating struct: $Script_LungeAttack_1D
Creating struct: $Script_8021BBFC_1D
Creating struct: $Script_8021BC34_1D
Creating struct: $Script_8021C0F8_1D
Creating struct: $Script_8021C784_1D
Creating struct: $Vector3D_8021CAE8_1D
Creating struct: $IdleAnimations_8021CAF4_1D
Creating struct: $DefenseTable_8021CB40_1D
Creating struct: $StatusTable_8021CB4C_1D
Creating struct: $SpriteTable_8021CBF8_1D
Creating struct: $GhostGoombario_1D
Creating struct: $Script_Init_8021CC44_1D
Creating struct: $Script_Idle_8021CC90_1D
Creating struct: $Script_HandleEvent_8021CCA0_1D
Creating struct: $Script_8021D210_1D
Creating struct: $Script_8021D698_1D
Creating struct: $Script_8021D77C_1D
Creating struct: $Script_Goombario_Headbonk_1D
Creating struct: $Script_Goombario_Tattle_1D
Creating struct: $Script_TakeTurn_8021E604_1D
Creating struct: $SpecialFormation_8021E660_1D
Creating struct: $IdleAnimations_8021E67C_1D
Creating struct: $IdleAnimations_8021E6C8_1D
Creating struct: $DefenseTable_8021E714_1D
Creating struct: $DefenseTable_8021E720_1D
Creating struct: $StatusTable_8021E72C_1D
Creating struct: $SpriteTable_8021E7D8_1D
Creating struct: $GhostKooper_1D
Creating struct: $Script_Init_8021E824_1D
Creating struct: $Script_Idle_8021E8A0_1D
Creating struct: $IntTable_8021E9C0_1D
Creating struct: $Script_HandleEvent_8021EA18_1D
Creating struct: $Script_TakeTurn_8021F374_1D
Creating struct: $SpecialFormation_80220314_1D
Creating struct: $IdleAnimations_80220330_1D
Creating struct: $DefenseTable_8022037C_1D
Creating struct: $StatusTable_80220388_1D
Creating struct: $SpriteTable_80220434_1D
Creating struct: $GhostBombette_1D
Creating struct: $Script_Init_80220480_1D
Creating struct: $Script_Idle_802204CC_1D
Creating struct: $Script_802204DC_1D
Creating struct: $Script_HandleEvent_80220654_1D
Creating struct: $Script_TakeTurn_80220CA0_1D
Creating struct: $SpecialFormation_80221574_1D
Creating struct: $IdleAnimations_80221590_1D
Creating struct: $DefenseTable_802215DC_1D
Creating struct: $StatusTable_802215E8_1D
Creating struct: $SpriteTable_80221694_1D
Creating struct: $GhostParakarry_1D
Creating struct: $Script_Init_80221704_1D
Creating struct: $Script_Idle_80221750_1D
Creating struct: $Script_HandleEvent_80221760_1D
Creating struct: $Script_80221D54_1D
Creating struct: $Script_TakeTurn_802224E4_1D
Creating struct: $SpecialFormation_80222500_1D
Creating struct: $IdleAnimations_8022251C_1D
Creating struct: $DefenseTable_80222568_1D
Creating struct: $StatusTable_80222574_1D
Creating struct: $SpriteTable_80222620_1D
Creating struct: $GhostBow_1D
Creating struct: $Script_Init_80222690_1D
Creating struct: $Script_Idle_802226DC_1D
Creating struct: $Script_HandleEvent_802226EC_1D
Creating struct: $Script_TakeTurn_80222C7C_1D
Creating struct: $SpecialFormation_802238D0_1D
Creating struct: $IdleAnimations_802238EC_1D
Creating struct: $DefenseTable_80223938_1D
Creating struct: $StatusTable_8022394C_1D
Creating struct: $SpriteTable_802239F8_1D
Creating struct: $GhostWatt_1D
Creating struct: $Script_Init_80223A68_1D
Creating struct: $Script_Idle_80223AB4_1D
Creating struct: $Script_HandleEvent_80223ADC_1D
Creating struct: $Script_TakeTurn_80223F50_1D
Creating struct: $SpecialFormation_802247CC_1D
Creating struct: $IdleAnimations_802247E8_1D
Creating struct: $DefenseTable_80224834_1D
Creating struct: $StatusTable_80224840_1D
Creating struct: $SpriteTable_802248EC_1D
Creating struct: $GhostSushie_1D
Creating struct: $Script_Init_80224938_1D
Creating struct: $Script_Idle_80224984_1D
Creating struct: $Script_HandleEvent_80224994_1D
Creating struct: $Script_TakeTurn_80224F04_1D
Creating struct: $SpecialFormation_80226164_1D
Creating struct: $IdleAnimations_80226180_1D
Creating struct: $IdleAnimations_802261CC_1D
Creating struct: $DefenseTable_802261D8_1D
Creating struct: $StatusTable_802261E4_1D
Creating struct: $SpriteTable_80226290_1D
Creating struct: $GhostLakilester_1D
Creating struct: $Script_Init_80226300_1D
Creating struct: $Script_Idle_8022634C_1D
Creating struct: $Script_HandleEvent_8022635C_1D
Creating struct: $Script_TakeTurn_80226924_1D
Creating struct: $SpecialFormation_80227404_1D
Creating struct: $Script_CopyPartner_1D
Creating struct: $Script_TakeTurn_80227C40_1D
Creating struct: $ConstDouble_802312D0_1D
Creating struct: $ConstDouble_802312D8_1D
Creating struct: $ConstDouble_802312E0_1D
Creating struct: $ConstDouble_802312E8_1D
Creating struct: $ConstDouble_802312F0_1D
Creating struct: $ConstDouble_802312F8_1D
Creating struct: $ConstDouble_80231300_1D
Creating struct: $ConstDouble_80231308_1D
Creating struct: $ConstDouble_80231310_1D
Creating struct: $ConstDouble_80231318_1D
Creating struct: $JumpTable_80231320_1D
Creating struct: $1C_Swoopula
Creating struct: $Function_802180D0_1C
Creating struct: $Function_8021819C_1C
Creating struct: $Function_80218250_1C
Creating struct: $DefenseTable_8021B860_1C
Creating struct: $StatusTable_8021B86C_1C
Creating struct: $SpriteTable_8021B918_1C
Creating struct: $IdleAnimations_8021B964_1C
Creating struct: $IdleAnimations_8021B9B0_1C
Creating struct: $Script_Init_8021B9FC_1C
Creating struct: $Script_Idle_8021BA60_1C
Creating struct: $Script_8021BA70_1C
Creating struct: $Script_8021BC30_1C
Creating struct: $Script_8021C0B4_1C
Creating struct: $Script_HandleEvent_8021C414_1C
Creating struct: $Script_8021CB94_1C
Creating struct: $Script_TakeTurn_8021E7B4_1C
Creating struct: $1C_Swoopula_NoCeiling
Creating struct: $SpriteTable_Swoopula
Creating struct: $IdleAnimations_Flying
Creating struct: $Script_Init_Swoopula
Creating struct: $1D_WhiteClubba
Creating struct: $IdleAnimations_80229AC0_1D
Creating struct: $DefenseTable_80229B0C_1D
Creating struct: $StatusTable_80229B28_1D
Creating struct: $SpriteTable_80229BD4_1D
Creating struct: $Script_Init_80229C20_1D
Creating struct: $Script_Idle_80229C6C_1D
Creating struct: $Script_HandleEvent_80229C7C_1D
Creating struct: $Script_TakeTurn_8022A18C_1D
Creating struct: $22_Ember
Creating struct: $Function_80218700_22
Creating struct: $DefenseTable_8022C810_22
Creating struct: $StatusTable_8022C834_22
Creating struct: $SpriteTable_8022C8E0_22
Creating struct: $Ember_22
Creating struct: $IdleAnimations_8022C9BC_22
Creating struct: $IdleAnimations_8022CA08_22
Creating struct: $Script_Init_8022CA14_22
Creating struct: $Script_Idle_8022CBDC_22
Creating struct: $Script_8022CE5C_22
Creating struct: $Script_8022CEF8_22
Creating struct: $Vector3D_8022D0F4_22
Creating struct: $SpecialFormation_8022D100_22
Creating struct: $Script_Split_22
Creating struct: $Script_HandleEvent_8022D41C_22
Creating struct: $Script_8022D9C4_22
Creating struct: $Script_8022DFB4_22
Creating struct: $Script_8022E158_22
Creating struct: $Script_8022E1B4_22
Creating struct: $Script_8022E728_22
Creating struct: $Script_TakeTurn_8022EDE4_22
Creating struct: $FormationTable
Creating struct: $Formation_Pit7-1-1
Creating struct: $Formation_Pit7-1-2
Creating struct: $Formation_Pit7-1-3
Creating struct: $Formation_Pit7-2-1
Creating struct: $Formation_Pit7-2-2
Creating struct: $Formation_Pit7-2-3
Creating struct: $Formation_Pit7-3-1
Creating struct: $Formation_Pit7-3-2
Creating struct: $Formation_Pit7-3-3
Creating struct: $Formation_Pit7-4-1
Creating struct: $Formation_Pit7-4-2
Creating struct: $Formation_Pit7-4-3
Creating struct: $Formation_Pit7-5-1
Creating struct: $Formation_Pit7-5-2
Creating struct: $Formation_Pit7-5-3
Creating struct: $0000011
Creating struct: $0000012
Creating struct: $0000013
Creating struct: $0000014
Creating struct: $StageTable
Creating struct: $Stage_Pit1
Creating struct: $Stage_Pit2
Creating struct: $Script_BeforeBattle
Creating struct: $Script_AfterBattle
Merged 1 regions to 1
$Script_8021CB94_1C will be placed at 80218000 (length = 1C20 bytes)
$Script_TakeTurn_8021E7B4_1C will be placed at 80219C20 (length = 1380 bytes)
$Script_TakeTurn_80224F04_1D will be placed at 8021AFA0 (length = 1260 bytes)
$Script_TakeTurn_8021F374_1D will be placed at 8021C200 (length = FA0 bytes)
$Script_TakeTurn_80222C7C_1D will be placed at 8021D1A0 (length = C54 bytes)
$Script_TakeTurn_80226924_1D will be placed at 8021DDF4 (length = AE0 bytes)
$Script_Goombario_Headbonk_1D will be placed at 8021E8D4 (length = A8C bytes)
$Script_HandleEvent_8021EA18_1D will be placed at 8021F360 (length = 95C bytes)
$Script_TakeTurn_8022A18C_1D will be placed at 8021FCBC (length = 920 bytes)
$Script_TakeTurn_80220CA0_1D will be placed at 802205DC (length = 8D4 bytes)
$Function_80218000_1D will be placed at 80220EB0 (length = 890 bytes)
$Script_TakeTurn_80223F50_1D will be placed at 80221740 (length = 87C bytes)
$Script_8022898C_1D will be placed at 80221FBC (length = 828 bytes)
$Script_CopyPartner_1D will be placed at 802227E4 (length = 820 bytes)
$Script_80221D54_1D will be placed at 80223004 (length = 790 bytes)
$Script_HandleEvent_8021C414_1C will be placed at 80223794 (length = 780 bytes)
$Script_8022E728_22 will be placed at 80223F14 (length = 6BC bytes)
$Script_8021C0F8_1D will be placed at 802245D0 (length = 68C bytes)
$Script_HandleEvent_80220654_1D will be placed at 80224C5C (length = 64C bytes)
$Script_HandleEvent_80221760_1D will be placed at 802252A8 (length = 5F4 bytes)
$Script_8022D9C4_22 will be placed at 8022589C (length = 5F0 bytes)
$Script_HandleEvent_8022635C_1D will be placed at 80225E8C (length = 5C8 bytes)
$Script_HandleEvent_8022D41C_22 will be placed at 80226454 (length = 5A8 bytes)
$Script_LungeAttack_1D will be placed at 802269FC (length = 5A0 bytes)
$Script_HandleEvent_802226EC_1D will be placed at 80226F9C (length = 590 bytes)
$Script_8022E1B4_22 will be placed at 8022752C (length = 574 bytes)
$Script_HandleEvent_8021CCA0_1D will be placed at 80227AA0 (length = 570 bytes)
$Script_HandleEvent_80224994_1D will be placed at 80228010 (length = 570 bytes)
$Script_HandleEvent_80229C7C_1D will be placed at 80228580 (length = 510 bytes)
$Script_HandleEvent_8021B15C_1D will be placed at 80228A90 (length = 500 bytes)
$Script_HandleEvent_80228030_1D will be placed at 80228F90 (length = 4E8 bytes)
$Script_8021BC34_1D will be placed at 80229478 (length = 4C4 bytes)
$Script_8021D210_1D will be placed at 8022993C (length = 488 bytes)
$Script_8021BC30_1C will be placed at 80229DC4 (length = 484 bytes)
$Function_80218E88_1D will be placed at 8022A248 (length = 47C bytes)
$Script_HandleEvent_80223ADC_1D will be placed at 8022A6C4 (length = 474 bytes)
$Script_80228518_1D will be placed at 8022AB38 (length = 474 bytes)
$Script_8021C784_1D will be placed at 8022AFAC (length = 364 bytes)
$Script_8021C0B4_1C will be placed at 8022B310 (length = 360 bytes)
$Script_Goombario_Tattle_1D will be placed at 8022B670 (length = 314 bytes)
$Script_TakeTurn_802291B4_1D will be placed at 8022B984 (length = 314 bytes)
$Script_Split_22 will be placed at 8022BC98 (length = 300 bytes)
$Script_HandleEvent_802297B0_1D will be placed at 8022BF98 (length = 2FC bytes)
$Script_Idle_8022CBDC_22 will be placed at 8022C294 (length = 280 bytes)
$Script_8022CEF8_22 will be placed at 8022C514 (length = 1FC bytes)
$Script_TakeTurn_8022EDE4_22 will be placed at 8022C710 (length = 1F8 bytes)
$Script_Init_8022CA14_22 will be placed at 8022C908 (length = 1C8 bytes)
$Script_8021BA70_1C will be placed at 8022CAD0 (length = 1C0 bytes)
$Script_8022DFB4_22 will be placed at 8022CC90 (length = 1A4 bytes)
$Script_TakeTurn_80227C40_1D will be placed at 8022CE34 (length = 190 bytes)
$Script_802204DC_1D will be placed at 8022CFC4 (length = 178 bytes)
$Function_80218890_1D will be placed at 8022D13C (length = 154 bytes)
$Script_Init_802295EC_1D will be placed at 8022D290 (length = 150 bytes)
$FormationTable will be placed at 8022D3E0 (length = 140 bytes)
$Function_80218700_22 will be placed at 8022D520 (length = 130 bytes)
$Function_80218D64_1D will be placed at 8022D650 (length = 124 bytes)
$Function_80218C40_1D will be placed at 8022D774 (length = 124 bytes)
$Script_Idle_8021E8A0_1D will be placed at 8022D898 (length = 120 bytes)
$Script_8021D77C_1D will be placed at 8022D9B8 (length = E8 bytes)
$Script_8021D698_1D will be placed at 8022DAA0 (length = E4 bytes)
$Function_80218B74_1D will be placed at 8022DB84 (length = CC bytes)
$Function_80219524_1D will be placed at 8022DC50 (length = CC bytes)
$Function_802180D0_1C will be placed at 8022DD1C (length = CC bytes)
$Formation_Pit7-3-2 will be placed at 8022DDE8 (length = C4 bytes)
$Function_80218250_1C will be placed at 8022DEAC (length = B4 bytes)
$SpriteTable_8022C8E0_22 will be placed at 8022DF60 (length = B4 bytes)
$Function_8021819C_1C will be placed at 8022E014 (length = B4 bytes)
$StatusTable_80224840_1D will be placed at 8022E0C8 (length = AC bytes)
$StatusTable_8021E72C_1D will be placed at 8022E174 (length = AC bytes)
$StatusTable_802294F4_1D will be placed at 8022E220 (length = AC bytes)
$StatusTable_80220388_1D will be placed at 8022E2CC (length = AC bytes)
$StatusTable_80222574_1D will be placed at 8022E378 (length = AC bytes)
$StatusTable_80227E40_1D will be placed at 8022E424 (length = AC bytes)
$StatusTable_80229B28_1D will be placed at 8022E4D0 (length = AC bytes)
$StatusTable_8022C834_22 will be placed at 8022E57C (length = AC bytes)
$StatusTable_8022394C_1D will be placed at 8022E628 (length = AC bytes)
$StatusTable_8021AF00_1D will be placed at 8022E6D4 (length = AC bytes)
$Function_802189E4_1D will be placed at 8022E780 (length = AC bytes)
$StatusTable_8021CB4C_1D will be placed at 8022E82C (length = AC bytes)
$StatusTable_802215E8_1D will be placed at 8022E8D8 (length = AC bytes)
$StatusTable_802261E4_1D will be placed at 8022E984 (length = AC bytes)
$StatusTable_8021B86C_1C will be placed at 8022EA30 (length = AC bytes)
$Formation_Pit7-2-2 will be placed at 8022EADC (length = A8 bytes)
$Formation_Pit7-1-3 will be placed at 8022EB84 (length = A8 bytes)
$Formation_Pit7-1-2 will be placed at 8022EC2C (length = A8 bytes)
$Formation_Pit7-1-1 will be placed at 8022ECD4 (length = A8 bytes)
$Formation_Pit7-4-2 will be placed at 8022ED7C (length = A8 bytes)
$Script_NextTurn_8021B070_1D will be placed at 8022EE24 (length = A0 bytes)
$Script_8022CE5C_22 will be placed at 8022EEC4 (length = 9C bytes)
$Formation_Pit7-3-3 will be placed at 8022EF60 (length = 8C bytes)
$Script_Init_8021E824_1D will be placed at 8022EFEC (length = 7C bytes)
$Script_Init_8021AFF8_1D will be placed at 8022F068 (length = 78 bytes)
$Formation_Pit7-4-3 will be placed at 8022F0E0 (length = 70 bytes)
$Formation_Pit7-3-1 will be placed at 8022F150 (length = 70 bytes)
$Function_GetPartner_1D will be placed at 8022F1C0 (length = 6C bytes)
$SpriteTable_80227EEC_1D will be placed at 8022F22C (length = 6C bytes)
$Script_8022974C_1D will be placed at 8022F298 (length = 64 bytes)
$Script_Init_Swoopula will be placed at 8022F2FC (length = 64 bytes)
$Function_80218A90_1D will be placed at 8022F360 (length = 64 bytes)
$Script_Init_8021B9FC_1C will be placed at 8022F3C4 (length = 64 bytes)
$Script_TakeTurn_8021E604_1D will be placed at 8022F428 (length = 5C bytes)
$Script_8022E158_22 will be placed at 8022F484 (length = 5C bytes)
$IntTable_8021E9C0_1D will be placed at 8022F4E0 (length = 58 bytes)
$Formation_Pit7-2-3 will be placed at 8022F538 (length = 54 bytes)
$Formation_Pit7-2-1 will be placed at 8022F58C (length = 54 bytes)
$Function_80219304_1D will be placed at 8022F5E0 (length = 54 bytes)
$Formation_Pit7-5-3 will be placed at 8022F634 (length = 54 bytes)
$Formation_Pit7-5-2 will be placed at 8022F688 (length = 54 bytes)
$Formation_Pit7-5-1 will be placed at 8022F6DC (length = 54 bytes)
$Formation_Pit7-4-1 will be placed at 8022F730 (length = 54 bytes)
$Script_80227FDC_1D will be placed at 8022F784 (length = 54 bytes)
$Script_BeforeBattle will be placed at 8022F7D8 (length = 50 bytes)
$IdleAnimations_8021AE90_1D will be placed at 8022F828 (length = 4C bytes)
$Script_Init_80220480_1D will be placed at 8022F874 (length = 4C bytes)
$Script_Init_80224938_1D will be placed at 8022F8C0 (length = 4C bytes)
$IdleAnimations_8021E67C_1D will be placed at 8022F90C (length = 4C bytes)
$Script_Init_80226300_1D will be placed at 8022F958 (length = 4C bytes)
$IdleAnimations_8021B964_1C will be placed at 8022F9A4 (length = 4C bytes)
$Function_80219358_1D will be placed at 8022F9F0 (length = 4C bytes)
$IdleAnimations_8021CAF4_1D will be placed at 8022FA3C (length = 4C bytes)
$IdleAnimations_80221590_1D will be placed at 8022FA88 (length = 4C bytes)
$IdleAnimations_80226180_1D will be placed at 8022FAD4 (length = 4C bytes)
$IdleAnimations_80220330_1D will be placed at 8022FB20 (length = 4C bytes)
$IdleAnimations_80229AC0_1D will be placed at 8022FB6C (length = 4C bytes)
$IdleAnimations_8021E6C8_1D will be placed at 8022FBB8 (length = 4C bytes)
$Script_Init_80227F80_1D will be placed at 8022FC04 (length = 4C bytes)
$IdleAnimations_8022C9BC_22 will be placed at 8022FC50 (length = 4C bytes)
$Script_Init_8021CC44_1D will be placed at 8022FC9C (length = 4C bytes)
$Script_Init_80221704_1D will be placed at 8022FCE8 (length = 4C bytes)
$IdleAnimations_802238EC_1D will be placed at 8022FD34 (length = 4C bytes)
$IdleAnimations_8022251C_1D will be placed at 8022FD80 (length = 4C bytes)
$IdleAnimations_80227DD0_1D will be placed at 8022FDCC (length = 4C bytes)
$IdleAnimations_8021B9B0_1C will be placed at 8022FE18 (length = 4C bytes)
$Function_802193F0_1D will be placed at 8022FE64 (length = 4C bytes)
$Script_Init_80229C20_1D will be placed at 8022FEB0 (length = 4C bytes)
$Script_Init_80222690_1D will be placed at 8022FEFC (length = 4C bytes)
$Script_Init_80223A68_1D will be placed at 8022FF48 (length = 4C bytes)
$IdleAnimations_802247E8_1D will be placed at 8022FF94 (length = 4C bytes)
$Function_802193A4_1D will be placed at 8022FFE0 (length = 4C bytes)
$Function_80218B2C_1D will be placed at 8023002C (length = 48 bytes)
$SpriteTable_80226290_1D will be placed at 80230074 (length = 48 bytes)
$SpriteTable_802239F8_1D will be placed at 802300BC (length = 48 bytes)
$SpriteTable_80221694_1D will be placed at 80230104 (length = 48 bytes)
$SpriteTable_80222620_1D will be placed at 8023014C (length = 48 bytes)
$IdleAnimations_Flying will be placed at 80230194 (length = 48 bytes)
$Function_8021943C_1D will be placed at 802301DC (length = 44 bytes)
$Script_8021B120_1D will be placed at 80230220 (length = 3C bytes)
$Script_8021BBFC_1D will be placed at 8023025C (length = 38 bytes)
$Function_80219480_1D will be placed at 80230294 (length = 38 bytes)
$GhostBow_1D will be placed at 802302CC (length = 28 bytes)
$GhostParakarry_1D will be placed at 802302F4 (length = 28 bytes)
$GhostSushie_1D will be placed at 8023031C (length = 28 bytes)
$1C_Swoopula will be placed at 80230344 (length = 28 bytes)
$22_Ember will be placed at 8023036C (length = 28 bytes)
$1D_GulpitRocks will be placed at 80230394 (length = 28 bytes)
$Script_Idle_80223AB4_1D will be placed at 802303BC (length = 28 bytes)
$Ember_22 will be placed at 802303E4 (length = 28 bytes)
$GhostBombette_1D will be placed at 8023040C (length = 28 bytes)
$GhostWatt_1D will be placed at 80230434 (length = 28 bytes)
$GhostLakilester_1D will be placed at 8023045C (length = 28 bytes)
$1D_WhiteClubba will be placed at 80230484 (length = 28 bytes)
$GhostKooper_1D will be placed at 802304AC (length = 28 bytes)
$GhostGoombario_1D will be placed at 802304D4 (length = 28 bytes)
$1D_Duplighost will be placed at 802304FC (length = 28 bytes)
$1D_Gulpit will be placed at 80230524 (length = 28 bytes)
$1C_Swoopula_NoCeiling will be placed at 8023054C (length = 28 bytes)
$SpriteTable_80220434_1D will be placed at 80230574 (length = 24 bytes)
$Stage_Pit1 will be placed at 80230598 (length = 24 bytes)
$Stage_Pit2 will be placed at 802305BC (length = 24 bytes)
$SpriteTable_Swoopula will be placed at 802305E0 (length = 24 bytes)
$SpriteTable_80229BD4_1D will be placed at 80230604 (length = 24 bytes)
$JumpTable_80231320_1D will be placed at 80230628 (length = 24 bytes)
$DefenseTable_8022C810_22 will be placed at 8023064C (length = 24 bytes)
$SpriteTable_8021E7D8_1D will be placed at 80230670 (length = 24 bytes)
$SpriteTable_8021AFAC_1D will be placed at 80230694 (length = 24 bytes)
$SpriteTable_802295A0_1D will be placed at 802306B8 (length = 24 bytes)
$SpriteTable_8021CBF8_1D will be placed at 802306DC (length = 24 bytes)
$SpriteTable_8021B918_1C will be placed at 80230700 (length = 24 bytes)
$SpriteTable_802248EC_1D will be placed at 80230724 (length = 24 bytes)
$DefenseTable_80229B0C_1D will be placed at 80230748 (length = 1C bytes)
$SpecialFormation_80221574_1D will be placed at 80230764 (length = 1C bytes)
$SpecialFormation_802247CC_1D will be placed at 80230780 (length = 1C bytes)
$SpecialFormation_8021E660_1D will be placed at 8023079C (length = 1C bytes)
$SpecialFormation_802238D0_1D will be placed at 802307B8 (length = 1C bytes)
$SpecialFormation_80220314_1D will be placed at 802307D4 (length = 1C bytes)
$SpecialFormation_80226164_1D will be placed at 802307F0 (length = 1C bytes)
$SpecialFormation_80222500_1D will be placed at 8023080C (length = 1C bytes)
$SpecialFormation_80227404_1D will be placed at 80230828 (length = 1C bytes)
$Script_TakeTurn_802224E4_1D will be placed at 80230844 (length = 1C bytes)
$SpecialFormation_8022D100_22 will be placed at 80230860 (length = 1C bytes)
$StageTable will be placed at 8023087C (length = 18 bytes)
$DefenseTable_80223938_1D will be placed at 80230894 (length = 14 bytes)
$ASCII_pit_bt01_shape_Literal will be placed at 802308A8 (length = 14 bytes)
$ASCII_pit_bt02_shape_Literal will be placed at 802308BC (length = 14 bytes)
$Script_Idle_8021BA60_1C will be placed at 802308D0 (length = 10 bytes)
$ASCII_pit_bt01_hit_Literal will be placed at 802308E0 (length = 10 bytes)
$Script_Idle_8022634C_1D will be placed at 802308F0 (length = 10 bytes)
$ASCII_pit_bt02_hit_Literal will be placed at 80230900 (length = 10 bytes)
$Script_Idle_8021B110_1D will be placed at 80230910 (length = 10 bytes)
$Script_AfterBattle will be placed at 80230920 (length = 10 bytes)
$Script_Idle_80227FCC_1D will be placed at 80230930 (length = 10 bytes)
$Script_Idle_8022973C_1D will be placed at 80230940 (length = 10 bytes)
$Script_TakeTurn_80229AAC_1D will be placed at 80230950 (length = 10 bytes)
$Script_Idle_80224984_1D will be placed at 80230960 (length = 10 bytes)
$Script_Idle_8021CC90_1D will be placed at 80230970 (length = 10 bytes)
$Script_Idle_802226DC_1D will be placed at 80230980 (length = 10 bytes)
$Script_Idle_802204CC_1D will be placed at 80230990 (length = 10 bytes)
$Script_Idle_80229C6C_1D will be placed at 802309A0 (length = 10 bytes)
$Script_Idle_80221750_1D will be placed at 802309B0 (length = 10 bytes)
$IdleAnimations_8022CA08_22 will be placed at 802309C0 (length = C bytes)
$DefenseTable_80224834_1D will be placed at 802309CC (length = C bytes)
$IdleAnimations_80227E28_1D will be placed at 802309D8 (length = C bytes)
$IdleAnimations_802294D0_1D will be placed at 802309E4 (length = C bytes)
$Vector3D_8021CAE8_1D will be placed at 802309F0 (length = C bytes)
$IdleAnimations_802261CC_1D will be placed at 802309FC (length = C bytes)
$0000011 will be placed at 80230A08 (length = C bytes)
$0000012 will be placed at 80230A14 (length = C bytes)
$0000013 will be placed at 80230A20 (length = C bytes)
$0000014 will be placed at 80230A2C (length = C bytes)
$DefenseTable_802261D8_1D will be placed at 80230A38 (length = C bytes)
$IdleAnimations_8021AEDC_1D will be placed at 80230A44 (length = C bytes)
$DefenseTable_80227E34_1D will be placed at 80230A50 (length = C bytes)
$DefenseTable_8021AEF4_1D will be placed at 80230A5C (length = C bytes)
$ASCII_pit_01_Literal will be placed at 80230A68 (length = C bytes)
$Vector3D_8022D0F4_22 will be placed at 80230A74 (length = C bytes)
$DefenseTable_8022037C_1D will be placed at 80230A80 (length = C bytes)
$DefenseTable_8021B860_1C will be placed at 80230A8C (length = C bytes)
$ASCII_pit_50_Literal will be placed at 80230A98 (length = C bytes)
$DefenseTable_8021E720_1D will be placed at 80230AA4 (length = C bytes)
$DefenseTable_8021E714_1D will be placed at 80230AB0 (length = C bytes)
$DefenseTable_802294E8_1D will be placed at 80230ABC (length = C bytes)
$DefenseTable_802215DC_1D will be placed at 80230AC8 (length = C bytes)
$IdleAnimations_802294DC_1D will be placed at 80230AD4 (length = C bytes)
$IdleAnimations_8021AEE8_1D will be placed at 80230AE0 (length = C bytes)
$DefenseTable_8021CB40_1D will be placed at 80230AEC (length = C bytes)
$IdleAnimations_80227E1C_1D will be placed at 80230AF8 (length = C bytes)
$DefenseTable_80222568_1D will be placed at 80230B04 (length = C bytes)
$ConstDouble_802312E0_1D will be placed at 80230B10 (length = 8 bytes)
$ConstDouble_80231310_1D will be placed at 80230B18 (length = 8 bytes)
$ConstDouble_80231308_1D will be placed at 80230B20 (length = 8 bytes)
$ConstDouble_802312D0_1D will be placed at 80230B28 (length = 8 bytes)
$ConstDouble_802312F8_1D will be placed at 80230B30 (length = 8 bytes)
$ConstDouble_80231318_1D will be placed at 80230B38 (length = 8 bytes)
$ConstDouble_802312E8_1D will be placed at 80230B40 (length = 8 bytes)
$ConstDouble_80231300_1D will be placed at 80230B48 (length = 8 bytes)
$ConstDouble_802312D8_1D will be placed at 80230B50 (length = 8 bytes)
$ASCII_tik_tex_Literal will be placed at 80230B58 (length = 8 bytes)
$ConstDouble_802312F0_1D will be placed at 80230B60 (length = 8 bytes)
Reading patch file: 35 Area PIT6.bpat
Creating struct: $22_Koopatrol
Creating struct: $Function_802180D0_22
Creating struct: $Function_8021819C_22
Creating struct: $IdleAnimations_80220320_22
Creating struct: $IdleAnimations_8022036C_22
Creating struct: $IdleAnimations_802203B8_22
Creating struct: $IdleAnimations_80220404_22
Creating struct: $DefenseTable_80220450_22
Creating struct: $DefenseTable_80220464_22
Creating struct: $DefenseTable_80220470_22
Creating struct: $StatusTable_80220484_22
Creating struct: $StatusTable_80220530_22
Creating struct: $SpriteTable_802205CC_22
Creating struct: $Koopatrol_22
Creating struct: $Script_Init_80220618_22
Creating struct: $Script_NextTurn_80220768_22
Creating struct: $Script_802207D4_22
Creating struct: $Script_Idle_8022098C_22
Creating struct: $IntTable_80220E1C_22
Creating struct: $Script_HandleEvent_80220E74_22
Creating struct: $Script_ShellToss_22
Creating struct: $Script_SuperShellToss_22
Creating struct: $Script_80223ADC_22
Creating struct: $Vector3D_80223DEC_22
Creating struct: $SpecialFormation_80223DF8_22
Creating struct: $Script_SummonBackup_22
Creating struct: $Script_80224434_22
Creating struct: $Script_TakeTurn_80224684_22
Creating struct: $22_HammerBros
Creating struct: $IdleAnimations_8021E490_22
Creating struct: $IdleAnimations_8021E4DC_22
Creating struct: $DefenseTable_8021E4E8_22
Creating struct: $StatusTable_8021E4F4_22
Creating struct: $SpriteTable_8021E5A0_22
Creating struct: $Script_Init_8021E6A0_22
Creating struct: $Script_Idle_8021E704_22
Creating struct: $Script_HandleEvent_8021E860_22
Creating struct: $Script_8021ED74_22
Creating struct: $Script_8021F5EC_22
Creating struct: $Script_8021F838_22
Creating struct: $Script_8021FA30_22
Creating struct: $Script_TakeTurn_8022028C_22
Creating struct: $22_BonyBeetle
Creating struct: $Function_80218000_22
Creating struct: $IdleAnimations_80218830_22
Creating struct: $IdleAnimations_8021887C_22
Creating struct: $IdleAnimations_802188C8_22
Creating struct: $IdleAnimations_80218914_22
Creating struct: $DefenseTable_80218960_22
Creating struct: $DefenseTable_8021896C_22
Creating struct: $StatusTable_80218978_22
Creating struct: $SpriteTable_80218A24_22
Creating struct: $Script_Init_80218A70_22
Creating struct: $Script_Idle_80218D6C_22
Creating struct: $Script_HandleEvent_80218D7C_22
Creating struct: $Script_80218EE8_22
Creating struct: $Script_TakeTurn_80219110_22
Creating struct: $IntTable_802191AC_22
Creating struct: $Script_802191FC_22
Creating struct: $Script_Tackle_22
Creating struct: $Script_8021A060_22
Creating struct: $Script_Tackle_Spikes_22
Creating struct: $Script_8021BA6C_22
Creating struct: $Script_FlipOver_22
Creating struct: $Script_8021C234_22
Creating struct: $Script_FlipOver_Spikes_22
Creating struct: $22_DryBones
Creating struct: $IdleAnimations_8021CA20_22
Creating struct: $IdleAnimations_8021CA6C_22
Creating struct: $IdleAnimations_8021CA78_22
Creating struct: $DefenseTable_8021CA84_22
Creating struct: $DefenseTable_8021CAA0_22
Creating struct: $StatusTable_8021CABC_22
Creating struct: $StatusTable_8021CB68_22
Creating struct: $SpriteTable_8021CC14_22
Creating struct: $Script_Init_8021CC84_22
Creating struct: $Script_NextTurn_8021CCFC_22
Creating struct: $Script_Idle_8021CF2C_22
Creating struct: $Script_8021D0E8_22
Creating struct: $Script_HandleEvent_8021D404_22
Creating struct: $Script_8021DAC4_22
Creating struct: $Script_TakeTurn_8021DB48_22
Creating struct: $25_Koopatrol
Creating struct: $Function_80218020_25
Creating struct: $Function_802180EC_25
Creating struct: $IdleAnimations_80219BD0_25
Creating struct: $IdleAnimations_80219C1C_25
Creating struct: $IdleAnimations_80219C68_25
Creating struct: $IdleAnimations_80219CB4_25
Creating struct: $DefenseTable_80219D00_25
Creating struct: $DefenseTable_80219D14_25
Creating struct: $DefenseTable_80219D20_25
Creating struct: $StatusTable_80219D34_25
Creating struct: $StatusTable_80219DE0_25
Creating struct: $SpriteTable_80219E7C_25
Creating struct: $Koopatrol_25
Creating struct: $Script_Init_80219EC8_25
Creating struct: $Script_NextTurn_8021A018_25
Creating struct: $Script_8021A084_25
Creating struct: $Script_Idle_8021A23C_25
Creating struct: $IntTable_8021A6CC_25
Creating struct: $Script_HandleEvent_8021A724_25
Creating struct: $Script_ShellToss_25
Creating struct: $Script_SuperShellToss_25
Creating struct: $Script_8021D38C_25
Creating struct: $Vector3D_8021D69C_25
Creating struct: $SpecialFormation_8021D6A8_25
Creating struct: $Script_SummonBackup_25
Creating struct: $Script_8021DCE4_25
Creating struct: $Script_TakeTurn_8021DF34_25
Creating struct: $FormationTable
Creating struct: $Formation_Pit8-1-1
Creating struct: $Formation_Pit8-1-2
Creating struct: $Formation_Pit8-1-3
Creating struct: $Formation_Pit8-2-1
Creating struct: $Formation_Pit8-2-2
Creating struct: $Formation_Pit8-2-3
Creating struct: $Formation_Pit8-3-1
Creating struct: $Formation_Pit8-3-2
Creating struct: $Formation_Pit8-3-3
Creating struct: $Formation_Pit8-4-1
Creating struct: $Formation_Pit8-4-2
Creating struct: $Formation_Pit8-4-3
Creating struct: $Formation_Pit8-5-1
Creating struct: $Formation_Pit8-5-2
Creating struct: $Formation_Pit8-5-3
Creating struct: $StageTable
Creating struct: $Stage_Pit1
Creating struct: $Stage_Pit2
Creating struct: $Stage_Pit3
Creating struct: $Script_BeforeBattle
Creating struct: $Script_AfterBattle
Found $Script_Init_80218A70_22 (0)
Merged 1 regions to 1
$Script_HandleEvent_80220E74_22 will be placed at 80218000 (length = 11F0 bytes)
$Script_HandleEvent_8021A724_25 will be placed at 802191F0 (length = 11F0 bytes)
$Script_Tackle_Spikes_22 will be placed at 8021A3E0 (length = F58 bytes)
$Script_ShellToss_22 will be placed at 8021B338 (length = D54 bytes)
$Script_ShellToss_25 will be placed at 8021C08C (length = D54 bytes)
$Script_SuperShellToss_22 will be placed at 8021CDE0 (length = D24 bytes)
$Script_SuperShellToss_25 will be placed at 8021DB04 (length = D24 bytes)
$Script_TakeTurn_8021DB48_22 will be placed at 8021E828 (length = 948 bytes)
$Script_TakeTurn_8021DF34_25 will be placed at 8021F170 (length = 890 bytes)
$Script_TakeTurn_80224684_22 will be placed at 8021FA00 (length = 890 bytes)
$Script_8021ED74_22 will be placed at 80220290 (length = 878 bytes)
$Script_8021FA30_22 will be placed at 80220B08 (length = 85C bytes)
$Script_8021A060_22 will be placed at 80221364 (length = 810 bytes)
$Script_Tackle_22 will be placed at 80221B74 (length = 7B0 bytes)
$Script_HandleEvent_8021D404_22 will be placed at 80222324 (length = 6C0 bytes)
$Script_802191FC_22 will be placed at 802229E4 (length = 6B4 bytes)
$Script_SummonBackup_22 will be placed at 80223098 (length = 620 bytes)
$Script_SummonBackup_25 will be placed at 802236B8 (length = 620 bytes)
$Script_8021C234_22 will be placed at 80223CD8 (length = 534 bytes)
$Script_8021BA6C_22 will be placed at 8022420C (length = 52C bytes)
$Script_HandleEvent_8021E860_22 will be placed at 80224738 (length = 514 bytes)
$Script_Idle_8022098C_22 will be placed at 80224C4C (length = 490 bytes)
$Script_Idle_8021A23C_25 will be placed at 802250DC (length = 490 bytes)
$Script_8021D0E8_22 will be placed at 8022556C (length = 31C bytes)
$Script_8021D38C_25 will be placed at 80225888 (length = 310 bytes)
$Script_80223ADC_22 will be placed at 80225B98 (length = 310 bytes)
$Script_Init_80218A70_22 will be placed at 80225EA8 (length = 2FC bytes)
$Script_FlipOver_Spikes_22 will be placed at 802261A4 (length = 2B8 bytes)
$Script_FlipOver_22 will be placed at 8022645C (length = 29C bytes)
$Script_80224434_22 will be placed at 802266F8 (length = 250 bytes)
$Script_8021DCE4_25 will be placed at 80226948 (length = 250 bytes)
$Script_8021F5EC_22 will be placed at 80226B98 (length = 24C bytes)
$Script_NextTurn_8021CCFC_22 will be placed at 80226DE4 (length = 230 bytes)
$Script_80218EE8_22 will be placed at 80227014 (length = 228 bytes)
$Script_8021F838_22 will be placed at 8022723C (length = 1F8 bytes)
$Script_Idle_8021CF2C_22 will be placed at 80227434 (length = 1BC bytes)
$Script_802207D4_22 will be placed at 802275F0 (length = 1B8 bytes)
$Script_8021A084_25 will be placed at 802277A8 (length = 1B8 bytes)
$Script_HandleEvent_80218D7C_22 will be placed at 80227960 (length = 16C bytes)
$Script_Idle_8021E704_22 will be placed at 80227ACC (length = 15C bytes)
$Script_Init_80219EC8_25 will be placed at 80227C28 (length = 150 bytes)
$Script_Init_80220618_22 will be placed at 80227D78 (length = 150 bytes)
$FormationTable will be placed at 80227EC8 (length = 140 bytes)
$SpriteTable_8021E5A0_22 will be placed at 80228008 (length = D8 bytes)
$Function_802180D0_22 will be placed at 802280E0 (length = CC bytes)
$Function_80218000_22 will be placed at 802281AC (length = CC bytes)
$Function_80218020_25 will be placed at 80228278 (length = CC bytes)
$StatusTable_80220484_22 will be placed at 80228344 (length = AC bytes)
$StatusTable_8021CABC_22 will be placed at 802283F0 (length = AC bytes)
$StatusTable_8021E4F4_22 will be placed at 8022849C (length = AC bytes)
$StatusTable_80218978_22 will be placed at 80228548 (length = AC bytes)
$StatusTable_8021CB68_22 will be placed at 802285F4 (length = AC bytes)
$StatusTable_80219D34_25 will be placed at 802286A0 (length = AC bytes)
$StatusTable_80219DE0_25 will be placed at 8022874C (length = 9C bytes)
$Script_TakeTurn_80219110_22 will be placed at 802287E8 (length = 9C bytes)
$StatusTable_80220530_22 will be placed at 80228884 (length = 9C bytes)
$Script_TakeTurn_8022028C_22 will be placed at 80228920 (length = 90 bytes)
$Formation_Pit8-5-3 will be placed at 802289B0 (length = 8C bytes)
$Script_8021DAC4_22 will be placed at 80228A3C (length = 84 bytes)
$Script_Init_8021CC84_22 will be placed at 80228AC0 (length = 78 bytes)
$Formation_Pit8-4-3 will be placed at 80228B38 (length = 70 bytes)
$Formation_Pit8-4-2 will be placed at 80228BA8 (length = 70 bytes)
$Formation_Pit8-3-3 will be placed at 80228C18 (length = 70 bytes)
$Formation_Pit8-2-3 will be placed at 80228C88 (length = 70 bytes)
$Formation_Pit8-5-2 will be placed at 80228CF8 (length = 70 bytes)
$Formation_Pit8-1-3 will be placed at 80228D68 (length = 70 bytes)
$Formation_Pit8-1-1 will be placed at 80228DD8 (length = 70 bytes)
$Script_NextTurn_8021A018_25 will be placed at 80228E48 (length = 6C bytes)
$Script_NextTurn_80220768_22 will be placed at 80228EB4 (length = 6C bytes)
$Script_Init_8021E6A0_22 will be placed at 80228F20 (length = 64 bytes)
$Function_802180EC_25 will be placed at 80228F84 (length = 58 bytes)
$IntTable_8021A6CC_25 will be placed at 80228FDC (length = 58 bytes)
$IntTable_80220E1C_22 will be placed at 80229034 (length = 58 bytes)
$Function_8021819C_22 will be placed at 8022908C (length = 58 bytes)
$Formation_Pit8-4-1 will be placed at 802290E4 (length = 54 bytes)
$Formation_Pit8-3-1 will be placed at 80229138 (length = 54 bytes)
$Formation_Pit8-3-2 will be placed at 8022918C (length = 54 bytes)
$Formation_Pit8-2-2 will be placed at 802291E0 (length = 54 bytes)
$Formation_Pit8-1-2 will be placed at 80229234 (length = 54 bytes)
$Formation_Pit8-5-1 will be placed at 80229288 (length = 54 bytes)
$Script_BeforeBattle will be placed at 802292DC (length = 50 bytes)
$IntTable_802191AC_22 will be placed at 8022932C (length = 50 bytes)
$IdleAnimations_80219C68_25 will be placed at 8022937C (length = 4C bytes)
$IdleAnimations_80220404_22 will be placed at 802293C8 (length = 4C bytes)
$IdleAnimations_80219CB4_25 will be placed at 80229414 (length = 4C bytes)
$IdleAnimations_8021E490_22 will be placed at 80229460 (length = 4C bytes)
$IdleAnimations_8021CA20_22 will be placed at 802294AC (length = 4C bytes)
$IdleAnimations_8022036C_22 will be placed at 802294F8 (length = 4C bytes)
$IdleAnimations_80220320_22 will be placed at 80229544 (length = 4C bytes)
$IdleAnimations_8021887C_22 will be placed at 80229590 (length = 4C bytes)
$IdleAnimations_802203B8_22 will be placed at 802295DC (length = 4C bytes)
$IdleAnimations_80218914_22 will be placed at 80229628 (length = 4C bytes)
$IdleAnimations_80218830_22 will be placed at 80229674 (length = 4C bytes)
$IdleAnimations_80219C1C_25 will be placed at 802296C0 (length = 4C bytes)
$IdleAnimations_80219BD0_25 will be placed at 8022970C (length = 4C bytes)
$IdleAnimations_802188C8_22 will be placed at 80229758 (length = 4C bytes)
$SpriteTable_8021CC14_22 will be placed at 802297A4 (length = 48 bytes)
$Formation_Pit8-2-1 will be placed at 802297EC (length = 38 bytes)
$22_BonyBeetle will be placed at 80229824 (length = 28 bytes)
$22_HammerBros will be placed at 8022984C (length = 28 bytes)
$22_Koopatrol will be placed at 80229874 (length = 28 bytes)
$25_Koopatrol will be placed at 8022989C (length = 28 bytes)
$Koopatrol_25 will be placed at 802298C4 (length = 28 bytes)
$Koopatrol_22 will be placed at 802298EC (length = 28 bytes)
$22_DryBones will be placed at 80229914 (length = 28 bytes)
$SpriteTable_80219E7C_25 will be placed at 8022993C (length = 24 bytes)
$SpriteTable_80218A24_22 will be placed at 80229960 (length = 24 bytes)
$Stage_Pit1 will be placed at 80229984 (length = 24 bytes)
$Stage_Pit3 will be placed at 802299A8 (length = 24 bytes)
$Stage_Pit2 will be placed at 802299CC (length = 24 bytes)
$SpriteTable_802205CC_22 will be placed at 802299F0 (length = 24 bytes)
$StageTable will be placed at 80229A14 (length = 20 bytes)
$SpecialFormation_8021D6A8_25 will be placed at 80229A34 (length = 1C bytes)
$DefenseTable_8021CA84_22 will be placed at 80229A50 (length = 1C bytes)
$SpecialFormation_80223DF8_22 will be placed at 80229A6C (length = 1C bytes)
$DefenseTable_8021CAA0_22 will be placed at 80229A88 (length = 1C bytes)
$ASCII_pit_bt01_shape_Literal will be placed at 80229AA4 (length = 14 bytes)
$ASCII_pit_bt02_shape_Literal will be placed at 80229AB8 (length = 14 bytes)
$ASCII_pit_bt03_shape_Literal will be placed at 80229ACC (length = 14 bytes)
$DefenseTable_80219D20_25 will be placed at 80229AE0 (length = 14 bytes)
$DefenseTable_80220450_22 will be placed at 80229AF4 (length = 14 bytes)
$DefenseTable_80219D00_25 will be placed at 80229B08 (length = 14 bytes)
$DefenseTable_80220470_22 will be placed at 80229B1C (length = 14 bytes)
$ASCII_pit_bt01_hit_Literal will be placed at 80229B30 (length = 10 bytes)
$ASCII_pit_bt03_hit_Literal will be placed at 80229B40 (length = 10 bytes)
$ASCII_pit_bt02_hit_Literal will be placed at 80229B50 (length = 10 bytes)
$Script_AfterBattle will be placed at 80229B60 (length = 10 bytes)
$Script_Idle_80218D6C_22 will be placed at 80229B70 (length = 10 bytes)
$ASCII_pit_81_Literal will be placed at 80229B80 (length = C bytes)
$DefenseTable_8021E4E8_22 will be placed at 80229B8C (length = C bytes)
$IdleAnimations_8021CA6C_22 will be placed at 80229B98 (length = C bytes)
$ASCII_pit_01_Literal will be placed at 80229BA4 (length = C bytes)
$DefenseTable_80218960_22 will be placed at 80229BB0 (length = C bytes)
$DefenseTable_8021896C_22 will be placed at 80229BBC (length = C bytes)
$IdleAnimations_8021E4DC_22 will be placed at 80229BC8 (length = C bytes)
$Vector3D_8021D69C_25 will be placed at 80229BD4 (length = C bytes)
$ASCII_pit_51_Literal will be placed at 80229BE0 (length = C bytes)
$Vector3D_80223DEC_22 will be placed at 80229BEC (length = C bytes)
$DefenseTable_80220464_22 will be placed at 80229BF8 (length = C bytes)
$DefenseTable_80219D14_25 will be placed at 80229C04 (length = C bytes)
$IdleAnimations_8021CA78_22 will be placed at 80229C10 (length = C bytes)
$ASCII_tik_tex_Literal will be placed at 80229C1C (length = 8 bytes)
Reading patch file: 36 Area PIT7.bpat
Creating struct: $30_PoisonFuzzy
Creating struct: $Function_802181A0_14
Creating struct: $Function_80218254_14
Creating struct: $DefenseTable_8021E9D0_14
Creating struct: $StatusTable_8021E9E4_14
Creating struct: $SpriteTable_8021EA90_14
Creating struct: $PoisonFuzzy_30
Creating struct: $IdleAnimations_8021EADC_14
Creating struct: $Script_Init_8021EB28_14
Creating struct: $Script_Idle_8021EB8C_14
Creating struct: $Script_HandleEvent_8021EB9C_14
Creating struct: $Script_Divide_14
Creating struct: $Script_LeechAttack_14
Creating struct: $Script_802210E0_14
Creating struct: $Script_80221468_14
Creating struct: $Script_TakeTurn_80221628_14
Creating struct: $Vector3D_80221800_14
Creating struct: $SpecialFormation_8022180C_14
Creating struct: $30_PoisonPuff
Creating struct: $Function_802181F0_18
Creating struct: $IdleAnimations_802225A0_18
Creating struct: $DefenseTable_802225E4_18
Creating struct: $StatusTable_802225F8_18
Creating struct: $SpriteTable_802226A4_18
Creating struct: $Script_Init_802226F0_18
Creating struct: $Script_Idle_8022273C_18
Creating struct: $Script_80222820_18
Creating struct: $Script_HandleEvent_80222898_18
Creating struct: $Script_TakeTurn_80222DE8_18
Creating struct: $30_InfernoGuy
Creating struct: $Function_80218EE0_10
Creating struct: $IdleAnimations_8022CB00_10
Creating struct: $DefenseTable_8022CB4C_10
Creating struct: $StatusTable_8022CB88_10
Creating struct: $SpriteTable_8022CC34_10
Creating struct: $Script_Init_8022CC80_10
Creating struct: $Script_Idle_8022CCCC_10
Creating struct: $Script_8022CDDC_10
Creating struct: $Script_HandleEvent_8022CE60_10
Creating struct: $Script_TakeTurn_8022D344_10
Creating struct: $30_BlackMagikoopa
Creating struct: $Function_80218200_22
Creating struct: $Function_80218358_22
Creating struct: $Function_80218638_22
Creating struct: $DefenseTable_80224F20_22
Creating struct: $StatusTable_80224F38_22
Creating struct: $SpriteTable_80225090_22
Creating struct: $IdleAnimations_80225170_22
Creating struct: $IdleAnimations_802251BC_22
Creating struct: $Script_Idle_80225214_22
Creating struct: $Script_RunAway_22
Creating struct: $Script_NextTurn_80225D10_22
Creating struct: $Script_Init_80225D60_22
Creating struct: $Script_802260CC_22
Creating struct: $Script_HandleEvent_80226338_22
Creating struct: $Script_HealOne_22
Creating struct: $Script_HealAll_22
Creating struct: $Script_ShapeSpell_22
Creating struct: $Script_80228DA4_22
Creating struct: $Script_HandleEvent_8022908C_22
Creating struct: $Script_Init_8022909C_22
Creating struct: $Script_Init_802290D8_22
Creating struct: $DefenseTable_80229114_22
Creating struct: $DefenseTable_80229120_22
Creating struct: $StatusTable_8022912C_22
Creating struct: $StatusTable_802291D8_22
Creating struct: $SpriteTable_80229284_22
Creating struct: $SpriteTable_802292A8_22
Creating struct: $Magiclone_22
Creating struct: $FlyingMagiclone_22
Creating struct: $Vector3D_8022931C_22
Creating struct: $SpecialFormation_80229328_22
Creating struct: $SpecialFormation_80229344_22
Creating struct: $Script_MakeCopy_22
Creating struct: $Script_BoostAttack_22
Creating struct: $Script_BoostDefense_22
Creating struct: $Script_Electrify_22
Creating struct: $Script_Vanish_22
Creating struct: $Script_TakeTurn_8022B784_22
Creating struct: $30_NegativeChomp
Creating struct: $Function_80218270_0B
Creating struct: $Function_802183C0_0B
Creating struct: $Function_80218458_0B
Creating struct: $Function_802184CC_0B
Creating struct: $IdleAnimations_ChainChomp_A
Creating struct: $IdleAnimations_ChainChomp_B
Creating struct: $IdleAnimations_ChainChomp_C
Creating struct: $IdleAnimations_ChainChomp_D
Creating struct: $IdleAnimations_ChainTail
Creating struct: $DefenseTable_ChainChomp
Creating struct: $StatusTable_ChainChomp
Creating struct: $SpriteTable_ChainChomp
Creating struct: $Script_80221794_0B
Creating struct: $Script_8022181C_0B
Creating struct: $Script_StartAI_ChainChomp
Creating struct: $Script_80221BC4_0B
Creating struct: $Script_Idle_80221D00_0B
Creating struct: $Script_80222324_0B
Creating struct: $Script_HandleEvent_80222364_0B
Creating struct: $Script_TakeTurn_80222ED0_0B
Creating struct: $ConstDouble_80224920_0B
Creating struct: $18_AmazyDayzee
Creating struct: $DefenseTable_80221440_18
Creating struct: $StatusTable_8022144C_18
Creating struct: $SpriteTable_802214F8_18
Creating struct: $IdleAnimations_80221544_18
Creating struct: $Script_Init_80221590_18
Creating struct: $Script_Idle_802215DC_18
Creating struct: $Script_80221690_18
Creating struct: $Script_HandleEvent_802216CC_18
Creating struct: $Script_Amazy_Sing_18
Creating struct: $Script_Amazy_RunAway_18
Creating struct: $Script_TakeTurn_80222500_18
Creating struct: $FormationTable
Creating struct: $Formation_Pit9-1-1
Creating struct: $Formation_Pit9-1-2
Creating struct: $Formation_Pit9-1-3
Creating struct: $Formation_Pit9-2-1
Creating struct: $Formation_Pit9-2-2
Creating struct: $Formation_Pit9-2-3
Creating struct: $Formation_Pit9-3-1
Creating struct: $Formation_Pit9-3-2
Creating struct: $Formation_Pit9-3-3
Creating struct: $Formation_Pit9-4-1
Creating struct: $Formation_Pit9-4-2
Creating struct: $Formation_Pit9-4-3
Creating struct: $Formation_Pit9-5-1
Creating struct: $Formation_Pit9-5-2
Creating struct: $Formation_Pit9-5-3
Creating struct: $StageTable
Creating struct: $Stage_Pit1
Creating struct: $Stage_Pit2
Creating struct: $Stage_Pit3
Creating struct: $Script_BeforeBattle
Creating struct: $Script_AfterBattle
Merged 1 regions to 1
$Script_LeechAttack_14 will be placed at 80218000 (length = 1A74 bytes)
$Script_TakeTurn_8022B784_22 will be placed at 80219A74 (length = 1088 bytes)
$Script_ShapeSpell_22 will be placed at 8021AAFC (length = EB8 bytes)
$Script_HandleEvent_80222364_0B will be placed at 8021B9B4 (length = B6C bytes)
$Script_TakeTurn_80222ED0_0B will be placed at 8021C520 (length = 9E0 bytes)
$Script_TakeTurn_80222DE8_18 will be placed at 8021CF00 (length = 7E0 bytes)
$Script_Electrify_22 will be placed at 8021D6E0 (length = 78C bytes)
$Script_Vanish_22 will be placed at 8021DE6C (length = 748 bytes)
$Script_BoostDefense_22 will be placed at 8021E5B4 (length = 748 bytes)
$Script_BoostAttack_22 will be placed at 8021ECFC (length = 748 bytes)
$Script_HandleEvent_80226338_22 will be placed at 8021F444 (length = 718 bytes)
$Script_TakeTurn_8022D344_10 will be placed at 8021FB5C (length = 6E0 bytes)
$Script_HandleEvent_8021EB9C_14 will be placed at 8022023C (length = 6C4 bytes)
$Script_MakeCopy_22 will be placed at 80220900 (length = 6C0 bytes)
$Script_Amazy_Sing_18 will be placed at 80220FC0 (length = 6A8 bytes)
$Script_HealAll_22 will be placed at 80221668 (length = 6A0 bytes)
$Script_Idle_80221D00_0B will be placed at 80221D08 (length = 624 bytes)
$Script_HealOne_22 will be placed at 8022232C (length = 58C bytes)
$Script_HandleEvent_80222898_18 will be placed at 802228B8 (length = 550 bytes)
$Script_HandleEvent_802216CC_18 will be placed at 80222E08 (length = 54C bytes)
$Script_HandleEvent_8022CE60_10 will be placed at 80223354 (length = 4E4 bytes)
$Script_Divide_14 will be placed at 80223838 (length = 40C bytes)
$Function_802184CC_0B will be placed at 80223C44 (length = 3E4 bytes)
$Script_802210E0_14 will be placed at 80224028 (length = 388 bytes)
$Script_80228DA4_22 will be placed at 802243B0 (length = 2E8 bytes)
$Script_8022181C_0B will be placed at 80224698 (length = 2A0 bytes)
$Script_802260CC_22 will be placed at 80224938 (length = 26C bytes)
$Script_Amazy_RunAway_18 will be placed at 80224BA4 (length = 240 bytes)
$Script_RunAway_22 will be placed at 80224DE4 (length = 224 bytes)
$Script_TakeTurn_80221628_14 will be placed at 80225008 (length = 1D8 bytes)
$Script_Idle_80225214_22 will be placed at 802251E0 (length = 1D0 bytes)
$Script_80221468_14 will be placed at 802253B0 (length = 1C0 bytes)
$Script_Init_80225D60_22 will be placed at 80225570 (length = 1C0 bytes)
$Function_802181F0_18 will be placed at 80225730 (length = 190 bytes)
$Function_80218358_22 will be placed at 802258C0 (length = 190 bytes)
$SpriteTable_ChainChomp will be placed at 80225A50 (length = 168 bytes)
$Function_80218200_22 will be placed at 80225BB8 (length = 158 bytes)
$Function_80218270_0B will be placed at 80225D10 (length = 150 bytes)
$FormationTable will be placed at 80225E60 (length = 140 bytes)
$Script_80221BC4_0B will be placed at 80225FA0 (length = 13C bytes)
$Script_Idle_8022CCCC_10 will be placed at 802260DC (length = 110 bytes)
$Script_StartAI_ChainChomp will be placed at 802261EC (length = 108 bytes)
$Script_Idle_8022273C_18 will be placed at 802262F4 (length = E4 bytes)
$Function_80218EE0_10 will be placed at 802263D8 (length = CC bytes)
$Function_80218638_22 will be placed at 802264A4 (length = C4 bytes)
$Function_802181A0_14 will be placed at 80226568 (length = B4 bytes)
$Function_80218254_14 will be placed at 8022661C (length = B4 bytes)
$Script_Idle_802215DC_18 will be placed at 802266D0 (length = B4 bytes)
$StatusTable_80224F38_22 will be placed at 80226784 (length = AC bytes)
$StatusTable_8021E9E4_14 will be placed at 80226830 (length = AC bytes)
$StatusTable_8022144C_18 will be placed at 802268DC (length = AC bytes)
$StatusTable_802291D8_22 will be placed at 80226988 (length = AC bytes)
$StatusTable_ChainChomp will be placed at 80226A34 (length = AC bytes)
$StatusTable_8022912C_22 will be placed at 80226AE0 (length = AC bytes)
$StatusTable_802225F8_18 will be placed at 80226B8C (length = AC bytes)
$StatusTable_8022CB88_10 will be placed at 80226C38 (length = AC bytes)
$Script_TakeTurn_80222500_18 will be placed at 80226CE4 (length = A0 bytes)
$Function_802183C0_0B will be placed at 80226D84 (length = 98 bytes)
$Formation_Pit9-1-3 will be placed at 80226E1C (length = 8C bytes)
$Formation_Pit9-4-3 will be placed at 80226EA8 (length = 8C bytes)
$Script_80221794_0B will be placed at 80226F34 (length = 88 bytes)
$Script_8022CDDC_10 will be placed at 80226FBC (length = 84 bytes)
$Script_80222820_18 will be placed at 80227040 (length = 78 bytes)
$Function_80218458_0B will be placed at 802270B8 (length = 74 bytes)
$Formation_Pit9-2-3 will be placed at 8022712C (length = 70 bytes)
$Formation_Pit9-2-2 will be placed at 8022719C (length = 70 bytes)
$Formation_Pit9-2-1 will be placed at 8022720C (length = 70 bytes)
$Formation_Pit9-4-2 will be placed at 8022727C (length = 70 bytes)
$Formation_Pit9-3-3 will be placed at 802272EC (length = 70 bytes)
$Script_Init_8021EB28_14 will be placed at 8022735C (length = 64 bytes)
$Formation_Pit9-1-2 will be placed at 802273C0 (length = 54 bytes)
$Formation_Pit9-1-1 will be placed at 80227414 (length = 54 bytes)
$Formation_Pit9-5-3 will be placed at 80227468 (length = 54 bytes)
$Formation_Pit9-5-2 will be placed at 802274BC (length = 54 bytes)
$Formation_Pit9-5-1 will be placed at 80227510 (length = 54 bytes)
$Formation_Pit9-4-1 will be placed at 80227564 (length = 54 bytes)
$Formation_Pit9-3-2 will be placed at 802275B8 (length = 54 bytes)
$Formation_Pit9-3-1 will be placed at 8022760C (length = 54 bytes)
$Script_BeforeBattle will be placed at 80227660 (length = 50 bytes)
$Script_NextTurn_80225D10_22 will be placed at 802276B0 (length = 50 bytes)
$Script_Init_802226F0_18 will be placed at 80227700 (length = 4C bytes)
$Script_Init_80221590_18 will be placed at 8022774C (length = 4C bytes)
$IdleAnimations_80221544_18 will be placed at 80227798 (length = 4C bytes)
$IdleAnimations_8021EADC_14 will be placed at 802277E4 (length = 4C bytes)
$IdleAnimations_802251BC_22 will be placed at 80227830 (length = 4C bytes)
$IdleAnimations_80225170_22 will be placed at 8022787C (length = 4C bytes)
$IdleAnimations_8022CB00_10 will be placed at 802278C8 (length = 4C bytes)
$Script_Init_8022CC80_10 will be placed at 80227914 (length = 4C bytes)
$IdleAnimations_802225A0_18 will be placed at 80227960 (length = 44 bytes)
$Script_80222324_0B will be placed at 802279A4 (length = 40 bytes)
$Script_80221690_18 will be placed at 802279E4 (length = 3C bytes)
$IdleAnimations_ChainChomp_C will be placed at 80227A20 (length = 3C bytes)
$IdleAnimations_ChainChomp_D will be placed at 80227A5C (length = 3C bytes)
$IdleAnimations_ChainChomp_A will be placed at 80227A98 (length = 3C bytes)
$IdleAnimations_ChainChomp_B will be placed at 80227AD4 (length = 3C bytes)
$DefenseTable_8022CB4C_10 will be placed at 80227B10 (length = 3C bytes)
$Script_Init_8022909C_22 will be placed at 80227B4C (length = 3C bytes)
$Script_Init_802290D8_22 will be placed at 80227B88 (length = 3C bytes)
$DefenseTable_ChainChomp will be placed at 80227BC4 (length = 2C bytes)
$30_PoisonPuff will be placed at 80227BF0 (length = 28 bytes)
$FlyingMagiclone_22 will be placed at 80227C18 (length = 28 bytes)
$PoisonFuzzy_30 will be placed at 80227C40 (length = 28 bytes)
$30_PoisonFuzzy will be placed at 80227C68 (length = 28 bytes)
$30_BlackMagikoopa will be placed at 80227C90 (length = 28 bytes)
$30_NegativeChomp will be placed at 80227CB8 (length = 28 bytes)
$18_AmazyDayzee will be placed at 80227CE0 (length = 28 bytes)
$Magiclone_22 will be placed at 80227D08 (length = 28 bytes)
$30_InfernoGuy will be placed at 80227D30 (length = 28 bytes)
$SpriteTable_802292A8_22 will be placed at 80227D58 (length = 24 bytes)
$SpriteTable_80225090_22 will be placed at 80227D7C (length = 24 bytes)
$Stage_Pit1 will be placed at 80227DA0 (length = 24 bytes)
$Stage_Pit3 will be placed at 80227DC4 (length = 24 bytes)
$Stage_Pit2 will be placed at 80227DE8 (length = 24 bytes)
$SpriteTable_802214F8_18 will be placed at 80227E0C (length = 24 bytes)
$SpriteTable_80229284_22 will be placed at 80227E30 (length = 24 bytes)
$SpriteTable_8021EA90_14 will be placed at 80227E54 (length = 24 bytes)
$SpriteTable_8022CC34_10 will be placed at 80227E78 (length = 24 bytes)
$SpriteTable_802226A4_18 will be placed at 80227E9C (length = 24 bytes)
$StageTable will be placed at 80227EC0 (length = 20 bytes)
$SpecialFormation_80229344_22 will be placed at 80227EE0 (length = 1C bytes)
$SpecialFormation_8022180C_14 will be placed at 80227EFC (length = 1C bytes)
$SpecialFormation_80229328_22 will be placed at 80227F18 (length = 1C bytes)
$DefenseTable_8021E9D0_14 will be placed at 80227F34 (length = 14 bytes)
$ASCII_pit_bt01_shape_Literal will be placed at 80227F48 (length = 14 bytes)
$ASCII_pit_bt02_shape_Literal will be placed at 80227F5C (length = 14 bytes)
$DefenseTable_802225E4_18 will be placed at 80227F70 (length = 14 bytes)
$ASCII_pit_bt03_shape_Literal will be placed at 80227F84 (length = 14 bytes)
$ASCII_pit_bt01_hit_Literal will be placed at 80227F98 (length = 10 bytes)
$ASCII_pit_bt03_hit_Literal will be placed at 80227FA8 (length = 10 bytes)
$ASCII_pit_bt02_hit_Literal will be placed at 80227FB8 (length = 10 bytes)
$Script_HandleEvent_8022908C_22 will be placed at 80227FC8 (length = 10 bytes)
$Script_Idle_8021EB8C_14 will be placed at 80227FD8 (length = 10 bytes)
$Script_AfterBattle will be placed at 80227FE8 (length = 10 bytes)
$DefenseTable_80224F20_22 will be placed at 80227FF8 (length = C bytes)
$ASCII_pit_81_Literal will be placed at 80228004 (length = C bytes)
$ASCII_pit_01_Literal will be placed at 80228010 (length = C bytes)
$Vector3D_8022931C_22 will be placed at 8022801C (length = C bytes)
$IdleAnimations_ChainTail will be placed at 80228028 (length = C bytes)
$DefenseTable_80221440_18 will be placed at 80228034 (length = C bytes)
$DefenseTable_80229114_22 will be placed at 80228040 (length = C bytes)
$DefenseTable_80229120_22 will be placed at 8022804C (length = C bytes)
$ASCII_pit_51_Literal will be placed at 80228058 (length = C bytes)
$Vector3D_80221800_14 will be placed at 80228064 (length = C bytes)
$ConstDouble_80224920_0B will be placed at 80228070 (length = 8 bytes)
$ASCII_tik_tex_Literal will be placed at 80228078 (length = 8 bytes)
Reading patch file: 37 Area PIT8.bpat
Creating struct: $31_Bonetail
Creating struct: $IdleAnimations_8021D510_0A
Creating struct: $IdleAnimations_8021D55C_0A
Creating struct: $IdleAnimations_8021D5A8_0A
Creating struct: $DefenseTable_8021D5B4_0A
Creating struct: $StatusTable_8021D5C0_0A
Creating struct: $SpriteTable_8021D66C_0A
Creating struct: $SpriteTable_8021D6B4_0A
Creating struct: $BanditB_0A
Creating struct: $Vector3D_8021D728_0A
Creating struct: $SpecialFormation_8021D734_0A
Creating struct: $Script_Init_8021D750_0A
Creating struct: $Script_HandleEvent_8021D7B4_0A
Creating struct: $Script_Init_8021D7C4_0A
Creating struct: $Script_Idle_8021D810_0A
Creating struct: $Script_8021D820_0A
Creating struct: $Script_HandleEvent_8021DF88_0A
Creating struct: $Script_TakeTurn_8021E900_0A
Creating struct: $FormationTable
Creating struct: $Formation_Bonetail
Creating struct: $0000003
Creating struct: $StageTable
Creating struct: $Stage_Pit1
Creating struct: $Stage_Pit2
Creating struct: $Stage_Pit3
Creating struct: $Script_BeforeBattle
Creating struct: $Script_AfterBattle
Merged 1 regions to 1
$Script_TakeTurn_8021E900_0A will be placed at 80218000 (length = E14 bytes)
$Script_HandleEvent_8021DF88_0A will be placed at 80218E14 (length = 978 bytes)
$Script_8021D820_0A will be placed at 8021978C (length = 768 bytes)
$StatusTable_8021D5C0_0A will be placed at 80219EF4 (length = AC bytes)
$Script_Init_8021D750_0A will be placed at 80219FA0 (length = 80 bytes)
$Script_BeforeBattle will be placed at 8021A020 (length = 50 bytes)
$IdleAnimations_8021D55C_0A will be placed at 8021A070 (length = 4C bytes)
$Script_Init_8021D7C4_0A will be placed at 8021A0BC (length = 4C bytes)
$IdleAnimations_8021D510_0A will be placed at 8021A108 (length = 4C bytes)
$SpriteTable_8021D66C_0A will be placed at 8021A154 (length = 48 bytes)
$31_Bonetail will be placed at 8021A19C (length = 28 bytes)
$FormationTable will be placed at 8021A1C4 (length = 28 bytes)
$BanditB_0A will be placed at 8021A1EC (length = 28 bytes)
$Stage_Pit1 will be placed at 8021A214 (length = 24 bytes)
$Stage_Pit3 will be placed at 8021A238 (length = 24 bytes)
$Stage_Pit2 will be placed at 8021A25C (length = 24 bytes)
$SpriteTable_8021D6B4_0A will be placed at 8021A280 (length = 24 bytes)
$StageTable will be placed at 8021A2A4 (length = 20 bytes)
$Formation_Bonetail will be placed at 8021A2C4 (length = 1C bytes)
$SpecialFormation_8021D734_0A will be placed at 8021A2E0 (length = 1C bytes)
$ASCII_pit_bt01_shape_Literal will be placed at 8021A2FC (length = 14 bytes)
$ASCII_pit_bt03_shape_Literal will be placed at 8021A310 (length = 14 bytes)
$ASCII_pit_bt02_shape_Literal will be placed at 8021A324 (length = 14 bytes)
$ASCII_pit_bt01_hit_Literal will be placed at 8021A338 (length = 10 bytes)
$ASCII_pit_bt03_hit_Literal will be placed at 8021A348 (length = 10 bytes)
$ASCII_pit_bt02_hit_Literal will be placed at 8021A358 (length = 10 bytes)
$Script_Idle_8021D810_0A will be placed at 8021A368 (length = 10 bytes)
$Script_HandleEvent_8021D7B4_0A will be placed at 8021A378 (length = 10 bytes)
$Script_AfterBattle will be placed at 8021A388 (length = 10 bytes)
$Vector3D_8021D728_0A will be placed at 8021A398 (length = C bytes)
$ASCII_pit_01_Literal will be placed at 8021A3A4 (length = C bytes)
$ASCII_pit_51_Literal will be placed at 8021A3B0 (length = C bytes)
$DefenseTable_8021D5B4_0A will be placed at 8021A3BC (length = C bytes)
$IdleAnimations_8021D5A8_0A will be placed at 8021A3C8 (length = C bytes)
$ASCII_pit_81_Literal will be placed at 8021A3D4 (length = C bytes)
$0000003 will be placed at 8021A3E0 (length = C bytes)
$ASCII_tik_tex_Literal will be placed at 8021A3EC (length = 8 bytes)
Executing patch: 00 Goombario.bpat
Found $Function_80238B60 (0)
Found $Function_80238BCC (0)
Merged 3 regions to 2
Changing pointer 8023CDA4 to 8023CD9C ($End[4])
Changing pointer 8023CDA0 to 8023CD98 ($End)
Changing pointer 8023CDA0 to 8023CD98 ($End)
Changing pointer 8023CDA4 to 8023CD9C ($End[4])
Building map data...
Executing patch: ex_00.mpat
Loaded map ex_00
Creating struct: $Header
Creating struct: $EntryList
Creating struct: $Function_Init
Creating struct: $Script_Main
Creating struct: $Script_MakeEntities
Creating struct: $TriggerCoord
Creating struct: $Script_ReadSign
Creating struct: $Script_PlayChime
Creating struct: $Script_DoTrigger
Creating struct: $Script_MovingBlocks
Creating struct: $Script_MakeExits
Creating struct: $Script_ExitW
Creating struct: $Script_ExitE
Creating struct: $Script_ExitN
Creating struct: $Script_ExitS
Creating struct: $Function_GetTattle
Merged 1 regions to 1
$Script_MakeEntities will be placed at 80240000 (length = 38C bytes)
$Script_MovingBlocks will be placed at 8024038C (length = 244 bytes)
$Script_Main will be placed at 802405D0 (length = 12C bytes)
$MapTattle will be placed at 802406FC (length = 80 bytes)
$Script_MakeExits will be placed at 8024077C (length = 80 bytes)
$Script_DoTrigger will be placed at 802407FC (length = 60 bytes)
$Script_ExitE will be placed at 8024085C (length = 5C bytes)
$Script_ExitN will be placed at 802408B8 (length = 5C bytes)
$Script_ExitS will be placed at 80240914 (length = 5C bytes)
$Script_ExitW will be placed at 80240970 (length = 5C bytes)
$Script_ReadSign will be placed at 802409CC (length = 48 bytes)
$SignString will be placed at 80240A14 (length = 44 bytes)
$EntryList will be placed at 80240A58 (length = 40 bytes)
$Header will be placed at 80240A98 (length = 40 bytes)
$Script_PlayChime will be placed at 80240AD8 (length = 2C bytes)
$Function_Init will be placed at 80240B04 (length = 2C bytes)
$Function_GetTattle will be placed at 80240B30 (length = 14 bytes)
$TriggerCoord will be placed at 80240B44 (length = 10 bytes)
$ASCII_ex_01_Literal will be placed at 80240B54 (length = 8 bytes)
$ASCII_machi_Literal will be placed at 80240B5C (length = 8 bytes)
$ASCII_sbk_tex_Literal will be placed at 80240B64 (length = 8 bytes)
$ASCII_ex_00_Literal will be placed at 80240B6C (length = 8 bytes)
Executing patch: ex_01.mpat
Loaded map ex_01
Creating struct: $Header
Creating struct: $EntryList
Creating struct: $Function_Init
Creating struct: $Script_Main
Creating struct: $Script_CreateEntities
Creating struct: $Script_ExitDoor1
Creating struct: $Script_UseDoor2
Creating struct: $Script_ExitDoor2
Creating struct: $Script_UseDoor3
Creating struct: $Script_ExitDoor3
Creating struct: $ItemList_Keys
Creating struct: $Script_RequestKey1
Creating struct: $Script_RequestKey2
Creating struct: $Function_80240870
Creating struct: $Function_GetEntityPosition
Creating struct: $Script_UseChest1
Creating struct: $Script_OpenChest
Creating struct: $Script_GetItem
Creating struct: $Script_CreatePushBlocks
Creating struct: $Script_ToggleGroup1
Creating struct: $Script_ToggleGroup2
Creating struct: $Script_Block1
Creating struct: $Script_Block2
Creating struct: $Script_Block3
Creating struct: $Script_Block4
Creating struct: $Script_Block5
Creating struct: $Script_ReadSign1
Creating struct: $Script_ReadSign2
Creating struct: $Script_MakeExits
Creating struct: $Script_ExitW
Creating struct: $Script_ExitE
Creating struct: $Script_ExitN
Creating struct: $Script_ExitS
Creating struct: $Function_GetTattle
Merged 1 regions to 1
$Script_Main will be placed at 80240000 (length = 214 bytes)
$Script_CreateEntities will be placed at 80240214 (length = 204 bytes)
$Script_RequestKey1 will be placed at 80240418 (length = 178 bytes)
$Script_RequestKey2 will be placed at 80240590 (length = 178 bytes)
$Script_CreatePushBlocks will be placed at 80240708 (length = 164 bytes)
$Script_Block1 will be placed at 8024086C (length = 164 bytes)
$Script_Block2 will be placed at 802409D0 (length = 164 bytes)
$Script_Block3 will be placed at 80240B34 (length = 164 bytes)
$Script_Block4 will be placed at 80240C98 (length = 164 bytes)
$Script_Block5 will be placed at 80240DFC (length = E8 bytes)
$Script_OpenChest will be placed at 80240EE4 (length = E0 bytes)
$Script_ExitDoor1 will be placed at 80240FC4 (length = A4 bytes)
$Script_ExitDoor3 will be placed at 80241068 (length = A4 bytes)
$Script_ExitDoor2 will be placed at 8024110C (length = A4 bytes)
$Function_GetEntityPosition will be placed at 802411B0 (length = A0 bytes)
$MapTattle will be placed at 80241250 (length = 80 bytes)
$Script_MakeExits will be placed at 802412D0 (length = 80 bytes)
$Script_ToggleGroup1 will be placed at 80241350 (length = 78 bytes)
$Script_ToggleGroup2 will be placed at 802413C8 (length = 78 bytes)
$EntryList will be placed at 80241440 (length = 70 bytes)
$Script_GetItem will be placed at 802414B0 (length = 60 bytes)
$Script_ExitN will be placed at 80241510 (length = 5C bytes)
$Script_ExitS will be placed at 8024156C (length = 5C bytes)
$Script_ExitW will be placed at 802415C8 (length = 5C bytes)
$Script_ExitE will be placed at 80241624 (length = 5C bytes)
$Script_UseChest1 will be placed at 80241680 (length = 4C bytes)
$Script_ReadSign1 will be placed at 802416CC (length = 48 bytes)
$Script_ReadSign2 will be placed at 80241714 (length = 48 bytes)
$SignString2 will be placed at 8024175C (length = 44 bytes)
$SignString1 will be placed at 802417A0 (length = 44 bytes)
$Header will be placed at 802417E4 (length = 40 bytes)
$Function_80240870 will be placed at 80241824 (length = 34 bytes)
$Script_UseDoor2 will be placed at 80241858 (length = 2C bytes)
$Script_UseDoor3 will be placed at 80241884 (length = 2C bytes)
$Function_Init will be placed at 802418B0 (length = 2C bytes)
$Function_GetTattle will be placed at 802418DC (length = 14 bytes)
$ItemList_Keys will be placed at 802418F0 (length = 8 bytes)
$ASCII_sbk_tex_Literal will be placed at 802418F8 (length = 8 bytes)
$ASCII_ex_01_Literal will be placed at 80241900 (length = 8 bytes)
$ASCII_ex_02_Literal will be placed at 80241908 (length = 8 bytes)
$ASCII_ex_00_Literal will be placed at 80241910 (length = 8 bytes)
Executing patch: ex_02.mpat
Loaded map ex_02
Creating struct: $Header
Creating struct: $EntryList
Creating struct: $Function_Init
Creating struct: $Script_Main
Creating struct: $Coord_TriggerJ
Creating struct: $Demo_LavaResetList
Creating struct: $Script_MakeEntities
Creating struct: $Script_ReadSignA
Creating struct: $Script_ReadSignB
Creating struct: $Script_ReadSignC
Creating struct: $Script_ReadSignD
Creating struct: $Script_ReadSignE
Creating struct: $Script_ReadSignF
Creating struct: $Script_ReadSignG
Creating struct: $Script_ReadSignH
Creating struct: $Script_ReadSignI
Creating struct: $Script_ReadSignJ
Creating struct: $Script_TriggerA
Creating struct: $Script_TriggerB
Creating struct: $Script_TriggerC
Creating struct: $Script_TriggerD
Creating struct: $Script_TriggerE
Creating struct: $Script_TriggerJ
Creating struct: $Script_MakeExits
Creating struct: $Script_ExitW
Creating struct: $Script_ExitE
Creating struct: $Script_ExitN
Creating struct: $Script_ExitS
Creating struct: $Function_GetTattle
Merged 1 regions to 1
$Script_Main will be placed at 80240000 (length = 228 bytes)
$Script_MakeEntities will be placed at 80240228 (length = 218 bytes)
$Script_TriggerB will be placed at 80240440 (length = CC bytes)
$Script_TriggerE will be placed at 8024050C (length = C0 bytes)
$Script_TriggerD will be placed at 802405CC (length = B0 bytes)
$Script_TriggerC will be placed at 8024067C (length = 98 bytes)
$Script_TriggerJ will be placed at 80240714 (length = 98 bytes)
$Script_TriggerA will be placed at 802407AC (length = 94 bytes)
$String_SignC will be placed at 80240840 (length = 88 bytes)
$Script_MakeExits will be placed at 802408C8 (length = 80 bytes)
$String_SignB will be placed at 80240948 (length = 74 bytes)
$MapTattle will be placed at 802409BC (length = 64 bytes)
$Script_ExitN will be placed at 80240A20 (length = 5C bytes)
$Script_ExitS will be placed at 80240A7C (length = 5C bytes)
$Script_ExitW will be placed at 80240AD8 (length = 5C bytes)
$Script_ExitE will be placed at 80240B34 (length = 5C bytes)
$Demo_LavaResetList will be placed at 80240B90 (length = 50 bytes)
$String_SignJ will be placed at 80240BE0 (length = 4C bytes)
$Script_ReadSignA will be placed at 80240C2C (length = 48 bytes)
$Script_ReadSignB will be placed at 80240C74 (length = 48 bytes)
$Script_ReadSignE will be placed at 80240CBC (length = 48 bytes)
$Script_ReadSignF will be placed at 80240D04 (length = 48 bytes)
$Script_ReadSignC will be placed at 80240D4C (length = 48 bytes)
$Script_ReadSignD will be placed at 80240D94 (length = 48 bytes)
$Script_ReadSignI will be placed at 80240DDC (length = 48 bytes)
$Script_ReadSignJ will be placed at 80240E24 (length = 48 bytes)
$Script_ReadSignG will be placed at 80240E6C (length = 48 bytes)
$Script_ReadSignH will be placed at 80240EB4 (length = 48 bytes)
$String_SignE will be placed at 80240EFC (length = 48 bytes)
$String_SignH will be placed at 80240F44 (length = 44 bytes)
$String_SignA will be placed at 80240F88 (length = 44 bytes)
$EntryList will be placed at 80240FCC (length = 40 bytes)
$String_SignI will be placed at 8024100C (length = 40 bytes)
$Header will be placed at 8024104C (length = 40 bytes)
$String_SignG will be placed at 8024108C (length = 3C bytes)
$String_SignD will be placed at 802410C8 (length = 3C bytes)
$String_SignF will be placed at 80241104 (length = 38 bytes)
$Function_Init will be placed at 8024113C (length = 2C bytes)
$Function_GetTattle will be placed at 80241168 (length = 14 bytes)
$Coord_TriggerJ will be placed at 8024117C (length = 10 bytes)
$ASCII_ex_03_Literal will be placed at 8024118C (length = 8 bytes)
$ASCII_sbk_tex_Literal will be placed at 80241194 (length = 8 bytes)
$ASCII_ex_01_Literal will be placed at 8024119C (length = 8 bytes)
$ASCII_ex_02_Literal will be placed at 802411A4 (length = 8 bytes)
Executing patch: ex_03.mpat
Loaded map ex_03
Creating struct: $Header
Creating struct: $EntryList
Creating struct: $Function_Init
Creating struct: $Script_Main
Creating struct: $Script_ReadSign
Creating struct: $NpcGroups
Creating struct: $NpcGroup_BoxGoomba
Creating struct: $NpcGroup_RingGoomba
Creating struct: $NpcSettings_BoxGoomba
Creating struct: $NpcSettings_RingGoomba
Creating struct: $Script_GoombaAI
Creating struct: $Update_Box_Models
Creating struct: $Remove_Box_Models
Creating struct: $Update_Ring_Models
Creating struct: $Remove_Ring_Models
Creating struct: $AISettings_Goomba
Creating struct: $Script_MakeExits
Creating struct: $Script_ExitW
Creating struct: $Script_ExitE
Creating struct: $Script_ExitN
Creating struct: $Script_ExitS
Creating struct: $Function_GetTattle
Merged 1 regions to 1
$String_Sign will be placed at 80240000 (length = 214 bytes)
$NpcGroup_BoxGoomba will be placed at 80240214 (length = 1F0 bytes)
$NpcGroup_RingGoomba will be placed at 80240404 (length = 1F0 bytes)
$Script_Main will be placed at 802405F4 (length = F8 bytes)
$Update_Box_Models will be placed at 802406EC (length = 84 bytes)
$Update_Ring_Models will be placed at 80240770 (length = 84 bytes)
$Script_MakeExits will be placed at 802407F4 (length = 80 bytes)
$MapTattle will be placed at 80240874 (length = 6C bytes)
$Script_ExitN will be placed at 802408E0 (length = 5C bytes)
$Script_ExitS will be placed at 8024093C (length = 5C bytes)
$Script_ExitW will be placed at 80240998 (length = 5C bytes)
$Script_ExitE will be placed at 802409F4 (length = 5C bytes)
$Script_ReadSign will be placed at 80240A50 (length = 48 bytes)
$Remove_Box_Models will be placed at 80240A98 (length = 44 bytes)
$Remove_Ring_Models will be placed at 80240ADC (length = 44 bytes)
$EntryList will be placed at 80240B20 (length = 40 bytes)
$Header will be placed at 80240B60 (length = 40 bytes)
$AISettings_Goomba will be placed at 80240BA0 (length = 30 bytes)
$NpcSettings_RingGoomba will be placed at 80240BD0 (length = 2C bytes)
$Function_Init will be placed at 80240BFC (length = 2C bytes)
$NpcSettings_BoxGoomba will be placed at 80240C28 (length = 2C bytes)
$NpcGroups will be placed at 80240C54 (length = 24 bytes)
$Script_GoombaAI will be placed at 80240C78 (length = 20 bytes)
$Function_GetTattle will be placed at 80240C98 (length = 14 bytes)
$ASCII_ex_04_Literal will be placed at 80240CAC (length = 8 bytes)
$ASCII_ex_03_Literal will be placed at 80240CB4 (length = 8 bytes)
$ASCII_sbk_tex_Literal will be placed at 80240CBC (length = 8 bytes)
$ASCII_ex_02_Literal will be placed at 80240CC4 (length = 8 bytes)
Executing patch: ex_04.mpat
Loaded map ex_04
Creating struct: $Header
Creating struct: $EntryList
Creating struct: $Function_Init
Creating struct: $Script_Main
Creating struct: $NpcGroups
Creating struct: $NpcGroup_Goomba
Creating struct: $NpcSettings_Goomba
Creating struct: $Script_GoombaAI
Creating struct: $AISettings_Goomba
Creating struct: $NpcGroup_JrTroopa
Creating struct: $BlankSettings
Creating struct: $Script_Init_JrTroopa
Creating struct: $Script_Interact
Creating struct: $Script_IdleAI
Creating struct: $Script_PostBattle
Creating struct: $NpcGroup_Stationary
Creating struct: $Kolorado_Settings
Creating struct: $Script_Interact_Kolorado
Creating struct: $Script_AI_Kolorado
Creating struct: $Script_MakeExits
Creating struct: $Script_ExitW
Creating struct: $Script_ExitE
Creating struct: $Script_ExitN
Creating struct: $Script_ExitS
Creating struct: $Function_GetTattle
Merged 1 regions to 1
$NpcGroup_Goomba will be placed at 80240000 (length = 1F0 bytes)
$NpcGroup_JrTroopa will be placed at 802401F0 (length = 1F0 bytes)
$NpcGroup_Stationary will be placed at 802403E0 (length = 1F0 bytes)
$Script_Main will be placed at 802405D0 (length = 194 bytes)
$Script_AI_Kolorado will be placed at 80240764 (length = 114 bytes)
$MapTattle will be placed at 80240878 (length = D4 bytes)
$Script_PostBattle will be placed at 8024094C (length = C4 bytes)
$Script_Interact will be placed at 80240A10 (length = C0 bytes)
$Script_Interact_Kolorado will be placed at 80240AD0 (length = 90 bytes)
$Script_MakeExits will be placed at 80240B60 (length = 80 bytes)
$KoloradoString will be placed at 80240BE0 (length = 7C bytes)
$KoloradoTattle will be placed at 80240C5C (length = 74 bytes)
$DefeatString will be placed at 80240CD0 (length = 70 bytes)
$TauntString will be placed at 80240D40 (length = 60 bytes)
$Script_ExitN will be placed at 80240DA0 (length = 5C bytes)
$Script_ExitS will be placed at 80240DFC (length = 5C bytes)
$Script_ExitW will be placed at 80240E58 (length = 5C bytes)
$Script_ExitE will be placed at 80240EB4 (length = 5C bytes)
$Script_IdleAI will be placed at 80240F10 (length = 58 bytes)
$Script_Init_JrTroopa will be placed at 80240F68 (length = 4C bytes)
$EntryList will be placed at 80240FB4 (length = 40 bytes)
$Header will be placed at 80240FF4 (length = 40 bytes)
$DeclineString will be placed at 80241034 (length = 30 bytes)
$NpcGroups will be placed at 80241064 (length = 30 bytes)
$AISettings_Goomba will be placed at 80241094 (length = 30 bytes)
$BlankSettings will be placed at 802410C4 (length = 2C bytes)
$Kolorado_Settings will be placed at 802410F0 (length = 2C bytes)
$Function_Init will be placed at 8024111C (length = 2C bytes)
$NpcSettings_Goomba will be placed at 80241148 (length = 2C bytes)
$Script_GoombaAI will be placed at 80241174 (length = 20 bytes)
$AcceptString will be placed at 80241194 (length = 1C bytes)
$Function_GetTattle will be placed at 802411B0 (length = 14 bytes)
$ASCII_ex_03_Literal will be placed at 802411C4 (length = 8 bytes)
$ASCII_sbk_tex_Literal will be placed at 802411CC (length = 8 bytes)
$ASCII_ex_00_Literal will be placed at 802411D4 (length = 8 bytes)
Executing patch: kmr_20.mpat
Loaded map kmr_20
Found $Script_8024FD70 (0)
Merged 25 regions to 24
$ASCII_pit_255_Literal will be placed at 80242BA8 (length = 8 bytes)
Changing pointer 80253060 to 80253054 ($End)
Changing pointer 80253378 to 8025336C ($End[318])
Changing pointer 80253384 to 80253378 ($End[324])
Changing pointer 80253060 to 80253054 ($End)
Changing pointer 8025338C to 80253380 ($End[32C])
Changing pointer 80253060 to 80253054 ($End)
Changing pointer 80253390 to 80253384 ($End[330])
Changing pointer 80257118 to 8025710C ($End[40B8])
Changing pointer 8025B2B0 to 8025B2A4 ($End[8250])
Changing pointer 80257320 to 80257314 ($End[42C0])
Changing pointer 8025B0A8 to 8025B09C ($End[8048])
Changing pointer 8025B2A8 to 8025B29C ($End[8248])
Changing pointer 8025B2AC to 8025B2A0 ($End[824C])
Changing pointer 80253060 to 80253054 ($End)
Changing pointer 8025B2A8 to 8025B29C ($End[8248])
Changing pointer 8025B2AC to 8025B2A0 ($End[824C])
Changing pointer 8025B2B0 to 8025B2A4 ($End[8250])
Executing patch: mac_01.mpat
Loaded map mac_01
Found $Script_802469AC (0)
Merged 16 regions to 15
$ASCII_pit_255_Literal will be placed at 80240E78 (length = 8 bytes)
Changing pointer 80262A68 to 80262A60 ($End[28])
Changing pointer 80262A68 to 80262A60 ($End[28])
Changing pointer 80262A70 to 80262A68 ($End[30])
Changing pointer 80262A70 to 80262A68 ($End[30])
Changing pointer 80262A70 to 80262A68 ($End[30])
Changing pointer 80262A68 to 80262A60 ($End[28])
Changing pointer 80262A60 to 80262A58 ($End[20])
Changing pointer 80262A64 to 80262A5C ($End[24])
Changing pointer 80262A68 to 80262A60 ($End[28])
Changing pointer 80262A60 to 80262A58 ($End[20])
Changing pointer 80262A40 to 80262A38 ($End)
Changing pointer 80262C34 to 80262C2C ($End[1F4])
Changing pointer 80262A64 to 80262A5C ($End[24])
Changing pointer 80262A68 to 80262A60 ($End[28])
Changing pointer 80262A60 to 80262A58 ($End[20])
Changing pointer 80262A40 to 80262A38 ($End)
Changing pointer 80262A60 to 80262A58 ($End[20])
Changing pointer 80262A60 to 80262A58 ($End[20])
Changing pointer 80262A58 to 80262A50 ($End[18])
Changing pointer 80262C38 to 80262C30 ($End[1F8])
Changing pointer 80262F68 to 80262F60 ($End[528])
Changing pointer 80262F68 to 80262F60 ($End[528])
Changing pointer 80262C34 to 80262C2C ($End[1F4])
Changing pointer 80262C38 to 80262C30 ($End[1F8])
Changing pointer 80262F68 to 80262F60 ($End[528])
Changing pointer 80262A48 to 80262A40 ($End[8])
Changing pointer 80262A70 to 80262A68 ($End[30])
Changing pointer 80262A70 to 80262A68 ($End[30])
Executing patch: pit_00.mpat
Loaded map pit_00
Creating struct: $Header
Creating struct: $DeepestLevel
Creating struct: $TotalLevels
Creating struct: $LoadHighscores
Creating struct: $FallingDownPipe
Creating struct: $Function_GetPos
Creating struct: $Function2
Creating struct: $Script_TrackPlayer
Creating struct: $Script_PipeAnimation
Creating struct: $Function_SetAnimation
Creating struct: $Function_GetColliderPos
Creating struct: $Function_TrackInput
Creating struct: $GoToNextLevel
Creating struct: $GoToNextLevel_Roguelike
Creating struct: $Script_SetSetsOfLevels
Creating struct: $Script_LoadMap_Roguelike
Creating struct: $Script_LoadChestMap_Roguelike
Creating struct: $Script_LoadMap_Mover_Roguelike
Creating struct: $Script_LoadChestMap_Mover_Roguelike
Creating struct: $GetFloorPit
Creating struct: $GetFloorSign
Creating struct: $Function_GetTattle1
Creating struct: $Function_GetTattle2
Creating struct: $Script_ReadSign
Creating struct: $EntryList
Creating struct: $Function_Init
Creating struct: $Script_Main
Creating struct: $Function_Set_ProgressionFlags
Creating struct: $Function_ResetGainedCoins
Creating struct: $Script_SetEvents
Creating struct: $Script_MakeEntities
Creating struct: $Script_ReadSign0
Creating struct: $BedTrigger
Creating struct: $WakeUp
Creating struct: $SetTrack
Creating struct: $BedAnimation1
Creating struct: $BedTrack
Creating struct: $P1Trigger
Creating struct: $Function_SetStatsHP
Creating struct: $NpcGroups
Creating struct: $NpcGroup_Cheato
Creating struct: $BlankSettings
Creating struct: $Script_Init_Cheato
Creating struct: $Script_Interact
Creating struct: $Script_ChooseMode
Creating struct: $Script_LearnMore
Creating struct: $NpcGroup_Merlee
Creating struct: $Script_Init_Merlee
Creating struct: $ScriptMerlee_Interact
Creating struct: $Script_CastAnimation
Creating struct: $ByteTable_802475DC
Creating struct: $ByteTable_802475E0
Creating struct: $Function_SetSpell
Creating struct: $Script_MakeExits
Creating struct: $Script_Exit1
Creating struct: $Script_TrackPlayer_Rogue
Creating struct: $TrackEntry
Creating struct: $Function_SaveActivatedBadges
Creating struct: $Function_DisableActivatedBadges
Creating struct: $RestoreBadges
Creating struct: $RestoreBadgesFlags
Creating struct: $CommingDownPipe
Creating struct: $Script_Exit0
Creating struct: $Script_Exit2
Creating struct: $BedAnimation2
Creating struct: $RespawnParthner
Creating struct: $DispawnParthner
Creating struct: $Function_GetTattle
Merged 1 regions to 1
$Script_LoadMap_Mover_Roguelike will be placed at 80240000 (length = F14 bytes)
$Script_ReadSign will be placed at 80240F14 (length = EEC bytes)
$Script_LoadMap_Roguelike will be placed at 80241E00 (length = D9C bytes)
$GoToNextLevel will be placed at 80242B9C (length = D10 bytes)
$GoToNextLevel_Roguelike will be placed at 802438AC (length = 868 bytes)
$Script_ChooseMode will be placed at 80244114 (length = 4C4 bytes)
$RestoreBadgesFlags will be placed at 802445D8 (length = 400 bytes)
$Script_Interact will be placed at 802449D8 (length = 39C bytes)
$FallingDownPipe will be placed at 80244D74 (length = 37C bytes)
$Script_SetSetsOfLevels will be placed at 802450F0 (length = 358 bytes)
$ScriptMerlee_Interact will be placed at 80245448 (length = 348 bytes)
$Script_CastAnimation will be placed at 80245790 (length = 344 bytes)
$Script_LearnMore will be placed at 80245AD4 (length = 338 bytes)
$BedTrigger will be placed at 80245E0C (length = 2F0 bytes)
$RestoreBadges will be placed at 802460FC (length = 2E8 bytes)
$Function_SaveActivatedBadges will be placed at 802463E4 (length = 2E8 bytes)
$BedAnimation1 will be placed at 802466CC (length = 238 bytes)
$NpcGroup_Cheato will be placed at 80246904 (length = 1F0 bytes)
$NpcGroup_Merlee will be placed at 80246AF4 (length = 1F0 bytes)
$Function_DisableActivatedBadges will be placed at 80246CE4 (length = 1E4 bytes)
$String_RogueAbout will be placed at 80246EC8 (length = 1E0 bytes)
$Script_PipeAnimation will be placed at 802470A8 (length = 1D0 bytes)
$Script_ReadSign0 will be placed at 80247278 (length = 1D0 bytes)
$Script_TrackPlayer_Rogue will be placed at 80247448 (length = 1C4 bytes)
$P1Trigger will be placed at 8024760C (length = 198 bytes)
$Script_LoadChestMap_Mover_Roguelike will be placed at 802477A4 (length = 18C bytes)
$Script_LoadChestMap_Roguelike will be placed at 80247930 (length = 164 bytes)
$Script_Main will be placed at 80247A94 (length = 154 bytes)
$String_VanillaAbout will be placed at 80247BE8 (length = 148 bytes)
$TrackEntry will be placed at 80247D30 (length = 144 bytes)
$MapTattle5 will be placed at 80247E74 (length = 13C bytes)
$MapTattle4 will be placed at 80247FB0 (length = 130 bytes)
$Function_SetSpell will be placed at 802480E0 (length = 12C bytes)
$Function_GetColliderPos will be placed at 8024820C (length = E0 bytes)
$Function_GetPos will be placed at 802482EC (length = E0 bytes)
$Script_TrackPlayer will be placed at 802483CC (length = DC bytes)
$MapTattle2 will be placed at 802484A8 (length = D4 bytes)
$Function_TrackInput will be placed at 8024857C (length = BC bytes)
$Script_SetEvents will be placed at 80248638 (length = B4 bytes)
$MapTattle3 will be placed at 802486EC (length = B0 bytes)
$MapTattle1 will be placed at 8024879C (length = A8 bytes)
$SignString_7 will be placed at 80248844 (length = A0 bytes)
$String_HordeAbout will be placed at 802488E4 (length = 9C bytes)
$String_Welcome1-2 will be placed at 80248980 (length = 98 bytes)
$Function_GetTattle1 will be placed at 80248A18 (length = 8C bytes)
$SignString_0 will be placed at 80248AA4 (length = 88 bytes)
$SignString_6 will be placed at 80248B2C (length = 84 bytes)
$SignString_5 will be placed at 80248BB0 (length = 84 bytes)
$MapTattle will be placed at 80248C34 (length = 84 bytes)
$SignString_4 will be placed at 80248CB8 (length = 80 bytes)
$EntryList will be placed at 80248D38 (length = 80 bytes)
$BedAnimation2 will be placed at 80248DB8 (length = 7C bytes)
$SignString_3 will be placed at 80248E34 (length = 7C bytes)
$SignStringBug will be placed at 80248EB0 (length = 7C bytes)
$LoadHighscores will be placed at 80248F2C (length = 7C bytes)
$SignString_2 will be placed at 80248FA8 (length = 78 bytes)
$SignString_1 will be placed at 80249020 (length = 78 bytes)
$Tattle_Cheato will be placed at 80249098 (length = 74 bytes)
$Script_Exit1 will be placed at 8024910C (length = 74 bytes)
$String_Welcome1-1 will be placed at 80249180 (length = 70 bytes)
$ChoiceList1 will be placed at 802491F0 (length = 6C bytes)
$DeepestLevel will be placed at 8024925C (length = 6C bytes)
$Function2 will be placed at 802492C8 (length = 6C bytes)
$Function_SetAnimation will be placed at 80249334 (length = 6C bytes)
$Script_MakeEntities will be placed at 802493A0 (length = 68 bytes)
$GetFloorPit will be placed at 80249408 (length = 68 bytes)
$GetFloorSign will be placed at 80249470 (length = 64 bytes)
$Script_MakeExits will be placed at 802494D4 (length = 64 bytes)
$Script_Exit0 will be placed at 80249538 (length = 5C bytes)
$Script_Exit2 will be placed at 80249594 (length = 5C bytes)
$Function_Set_ProgressionFlags will be placed at 802495F0 (length = 54 bytes)
$Function_SetStatsHP will be placed at 80249644 (length = 4C bytes)
$Function_GetTattle2 will be placed at 80249690 (length = 48 bytes)
$CommingDownPipe will be placed at 802496D8 (length = 48 bytes)
$TauntString will be placed at 80249720 (length = 44 bytes)
$Function_Init will be placed at 80249764 (length = 44 bytes)
$WakeUp will be placed at 802497A8 (length = 44 bytes)
$ModesList will be placed at 802497EC (length = 40 bytes)
$Header will be placed at 8024982C (length = 40 bytes)
$TotalLevels will be placed at 8024986C (length = 38 bytes)
$String_Welcome3 will be placed at 802498A4 (length = 34 bytes)
$String_Welcome4 will be placed at 802498D8 (length = 34 bytes)
$DispawnParthner will be placed at 8024990C (length = 34 bytes)
$String_Welcome2 will be placed at 80249940 (length = 30 bytes)
$String_P1_1 will be placed at 80249970 (length = 30 bytes)
$RespawnParthner will be placed at 802499A0 (length = 30 bytes)
$BedTrack will be placed at 802499D0 (length = 2C bytes)
$SetTrack will be placed at 802499FC (length = 2C bytes)
$BlankSettings will be placed at 80249A28 (length = 2C bytes)
$DifficultyList will be placed at 80249A54 (length = 2C bytes)
$BedString will be placed at 80249A80 (length = 28 bytes)
$Function_ResetGainedCoins will be placed at 80249AA8 (length = 24 bytes)
$NpcGroups will be placed at 80249ACC (length = 24 bytes)
$Script_Init_Merlee will be placed at 80249AF0 (length = 24 bytes)
$Script_Init_Cheato will be placed at 80249B14 (length = 24 bytes)
$String_P1_2 will be placed at 80249B38 (length = 24 bytes)
$SignString100 will be placed at 80249B5C (length = 18 bytes)
$SignString1 will be placed at 80249B74 (length = 14 bytes)
$SignString99 will be placed at 80249B88 (length = 14 bytes)
$SignString98 will be placed at 80249B9C (length = 14 bytes)
$SignString97 will be placed at 80249BB0 (length = 14 bytes)
$SignString96 will be placed at 80249BC4 (length = 14 bytes)
$SignString95 will be placed at 80249BD8 (length = 14 bytes)
$SignString94 will be placed at 80249BEC (length = 14 bytes)
$SignString93 will be placed at 80249C00 (length = 14 bytes)
$SignString92 will be placed at 80249C14 (length = 14 bytes)
$SignString91 will be placed at 80249C28 (length = 14 bytes)
$SignString90 will be placed at 80249C3C (length = 14 bytes)
$SignString59 will be placed at 80249C50 (length = 14 bytes)
$SignString58 will be placed at 80249C64 (length = 14 bytes)
$SignString57 will be placed at 80249C78 (length = 14 bytes)
$SignString56 will be placed at 80249C8C (length = 14 bytes)
$SignString55 will be placed at 80249CA0 (length = 14 bytes)
$SignString54 will be placed at 80249CB4 (length = 14 bytes)
$SignString53 will be placed at 80249CC8 (length = 14 bytes)
$SignString52 will be placed at 80249CDC (length = 14 bytes)
$SignString51 will be placed at 80249CF0 (length = 14 bytes)
$SignString50 will be placed at 80249D04 (length = 14 bytes)
$SignString69 will be placed at 80249D18 (length = 14 bytes)
$SignString68 will be placed at 80249D2C (length = 14 bytes)
$SignString67 will be placed at 80249D40 (length = 14 bytes)
$SignString66 will be placed at 80249D54 (length = 14 bytes)
$SignString65 will be placed at 80249D68 (length = 14 bytes)
$SignString64 will be placed at 80249D7C (length = 14 bytes)
$SignString63 will be placed at 80249D90 (length = 14 bytes)
$SignString62 will be placed at 80249DA4 (length = 14 bytes)
$SignString61 will be placed at 80249DB8 (length = 14 bytes)
$SignString60 will be placed at 80249DCC (length = 14 bytes)
$SignString79 will be placed at 80249DE0 (length = 14 bytes)
$SignString78 will be placed at 80249DF4 (length = 14 bytes)
$SignString77 will be placed at 80249E08 (length = 14 bytes)
$SignString76 will be placed at 80249E1C (length = 14 bytes)
$SignString75 will be placed at 80249E30 (length = 14 bytes)
$SignString74 will be placed at 80249E44 (length = 14 bytes)
$SignString73 will be placed at 80249E58 (length = 14 bytes)
$SignString72 will be placed at 80249E6C (length = 14 bytes)
$SignString71 will be placed at 80249E80 (length = 14 bytes)
$SignString70 will be placed at 80249E94 (length = 14 bytes)
$SignString89 will be placed at 80249EA8 (length = 14 bytes)
$SignString88 will be placed at 80249EBC (length = 14 bytes)
$SignString87 will be placed at 80249ED0 (length = 14 bytes)
$SignString86 will be placed at 80249EE4 (length = 14 bytes)
$SignString85 will be placed at 80249EF8 (length = 14 bytes)
$SignString84 will be placed at 80249F0C (length = 14 bytes)
$SignString83 will be placed at 80249F20 (length = 14 bytes)
$SignString82 will be placed at 80249F34 (length = 14 bytes)
$SignString81 will be placed at 80249F48 (length = 14 bytes)
$SignString80 will be placed at 80249F5C (length = 14 bytes)
$SignString19 will be placed at 80249F70 (length = 14 bytes)
$SignString18 will be placed at 80249F84 (length = 14 bytes)
$SignString17 will be placed at 80249F98 (length = 14 bytes)
$SignString16 will be placed at 80249FAC (length = 14 bytes)
$SignString15 will be placed at 80249FC0 (length = 14 bytes)
$SignString14 will be placed at 80249FD4 (length = 14 bytes)
$SignString13 will be placed at 80249FE8 (length = 14 bytes)
$SignString12 will be placed at 80249FFC (length = 14 bytes)
$Function_GetTattle will be placed at 8024A010 (length = 14 bytes)
$SignString11 will be placed at 8024A024 (length = 14 bytes)
$SignString10 will be placed at 8024A038 (length = 14 bytes)
$SignString3 will be placed at 8024A04C (length = 14 bytes)
$SignString2 will be placed at 8024A060 (length = 14 bytes)
$SignString5 will be placed at 8024A074 (length = 14 bytes)
$SignString4 will be placed at 8024A088 (length = 14 bytes)
$SignString7 will be placed at 8024A09C (length = 14 bytes)
$SignString6 will be placed at 8024A0B0 (length = 14 bytes)
$SignString9 will be placed at 8024A0C4 (length = 14 bytes)
$SignString8 will be placed at 8024A0D8 (length = 14 bytes)
$SignString29 will be placed at 8024A0EC (length = 14 bytes)
$SignString28 will be placed at 8024A100 (length = 14 bytes)
$SignString27 will be placed at 8024A114 (length = 14 bytes)
$SignString26 will be placed at 8024A128 (length = 14 bytes)
$SignString25 will be placed at 8024A13C (length = 14 bytes)
$SignString24 will be placed at 8024A150 (length = 14 bytes)
$SignString23 will be placed at 8024A164 (length = 14 bytes)
$SignString22 will be placed at 8024A178 (length = 14 bytes)
$SignString21 will be placed at 8024A18C (length = 14 bytes)
$SignString20 will be placed at 8024A1A0 (length = 14 bytes)
$SignString will be placed at 8024A1B4 (length = 14 bytes)
$SignString39 will be placed at 8024A1C8 (length = 14 bytes)
$SignString38 will be placed at 8024A1DC (length = 14 bytes)
$SignString37 will be placed at 8024A1F0 (length = 14 bytes)
$SignString36 will be placed at 8024A204 (length = 14 bytes)
$SignString35 will be placed at 8024A218 (length = 14 bytes)
$SignString34 will be placed at 8024A22C (length = 14 bytes)
$SignString33 will be placed at 8024A240 (length = 14 bytes)
$SignString32 will be placed at 8024A254 (length = 14 bytes)
$SignString31 will be placed at 8024A268 (length = 14 bytes)
$SignString30 will be placed at 8024A27C (length = 14 bytes)
$SignString49 will be placed at 8024A290 (length = 14 bytes)
$SignString48 will be placed at 8024A2A4 (length = 14 bytes)
$SignString47 will be placed at 8024A2B8 (length = 14 bytes)
$SignString46 will be placed at 8024A2CC (length = 14 bytes)
$SignString45 will be placed at 8024A2E0 (length = 14 bytes)
$SignString44 will be placed at 8024A2F4 (length = 14 bytes)
$SignString43 will be placed at 8024A308 (length = 14 bytes)
$SignString42 will be placed at 8024A31C (length = 14 bytes)
$SignString41 will be placed at 8024A330 (length = 14 bytes)
$SignString40 will be placed at 8024A344 (length = 14 bytes)
$ASCII_pit_02_Literal will be placed at 8024A358 (length = C bytes)
$ASCII_pit_90_Literal will be placed at 8024A364 (length = C bytes)
$ASCII_pit_34_Literal will be placed at 8024A370 (length = C bytes)
$ASCII_pit_66_Literal will be placed at 8024A37C (length = C bytes)
$ASCII_pit_98_Literal will be placed at 8024A388 (length = C bytes)
$ASCII_pit_19_Literal will be placed at 8024A394 (length = C bytes)
$ASCII_pit_57_Literal will be placed at 8024A3A0 (length = C bytes)
$ASCII_pit_69_Literal will be placed at 8024A3AC (length = C bytes)
$ASCII_pit_72_Literal will be placed at 8024A3B8 (length = C bytes)
$ASCII_pit_81_Literal will be placed at 8024A3C4 (length = C bytes)
$ASCII_pit_43_Literal will be placed at 8024A3D0 (length = C bytes)
$ASCII_pit_28_Literal will be placed at 8024A3DC (length = C bytes)
$Var_Roguelike will be placed at 8024A3E8 (length = C bytes)
$ASCII_pit_78_Literal will be placed at 8024A3F4 (length = C bytes)
$ASCII_pit_63_Literal will be placed at 8024A400 (length = C bytes)
$ASCII_pit_46_Literal will be placed at 8024A40C (length = C bytes)
$ASCII_pit_95_Literal will be placed at 8024A418 (length = C bytes)
$ASCII_pit_16_Literal will be placed at 8024A424 (length = C bytes)
$ASCII_pit_37_Literal will be placed at 8024A430 (length = C bytes)
$ASCII_pit_22_Literal will be placed at 8024A43C (length = C bytes)
$ASCII_pit_05_Literal will be placed at 8024A448 (length = C bytes)
$ASCII_pit_25_Literal will be placed at 8024A454 (length = C bytes)
$ASCII_pit_54_Literal will be placed at 8024A460 (length = C bytes)
$ASCII_pit_08_Literal will be placed at 8024A46C (length = C bytes)
$ASCII_pit_87_Literal will be placed at 8024A478 (length = C bytes)
$ASCII_pit_75_Literal will be placed at 8024A484 (length = C bytes)
$ASCII_pit_13_Literal will be placed at 8024A490 (length = C bytes)
$ASCII_pit_32_Literal will be placed at 8024A49C (length = C bytes)
$ASCII_pit_92_Literal will be placed at 8024A4A8 (length = C bytes)
$ASCII_pit_17_Literal will be placed at 8024A4B4 (length = C bytes)
$ASCII_pit_49_Literal will be placed at 8024A4C0 (length = C bytes)
$ASCII_pit_77_Literal will be placed at 8024A4CC (length = C bytes)
$ASCII_pit_96_Literal will be placed at 8024A4D8 (length = C bytes)
$ASCII_pit_68_Literal will be placed at 8024A4E4 (length = C bytes)
$ASCII_pit_51_Literal will be placed at 8024A4F0 (length = C bytes)
$ASCII_pit_04_Literal will be placed at 8024A4FC (length = C bytes)
$ASCII_pit_83_Literal will be placed at 8024A508 (length = C bytes)
$ASCII_pit_86_Literal will be placed at 8024A514 (length = C bytes)
$ASCII_pit_26_Literal will be placed at 8024A520 (length = C bytes)
$ASCII_pit_41_Literal will be placed at 8024A52C (length = C bytes)
$ASCII_pit_14_Literal will be placed at 8024A538 (length = C bytes)
$ASCII_pit_74_Literal will be placed at 8024A544 (length = C bytes)
$ASCII_pit_60_Literal will be placed at 8024A550 (length = C bytes)
$ASCII_pit_59_Literal will be placed at 8024A55C (length = C bytes)
$ASCII_pit_93_Literal will be placed at 8024A568 (length = C bytes)
$ASCII_pit_65_Literal will be placed at 8024A574 (length = C bytes)
$ASCII_pit_07_Literal will be placed at 8024A580 (length = C bytes)
$ASCII_pit_20_Literal will be placed at 8024A58C (length = C bytes)
$ASCII_pit_35_Literal will be placed at 8024A598 (length = C bytes)
$ASCII_pit_23_Literal will be placed at 8024A5A4 (length = C bytes)
$ASCII_pit_11_Literal will be placed at 8024A5B0 (length = C bytes)
$ASCII_pit_56_Literal will be placed at 8024A5BC (length = C bytes)
$ASCII_pit_44_Literal will be placed at 8024A5C8 (length = C bytes)
$ASCII_pit_89_Literal will be placed at 8024A5D4 (length = C bytes)
$ASCII_pit_79_Literal will be placed at 8024A5E0 (length = C bytes)
$ASCII_pit_62_Literal will be placed at 8024A5EC (length = C bytes)
$ASCII_pit_94_Literal will be placed at 8024A5F8 (length = C bytes)
$ASCII_pit_47_Literal will be placed at 8024A604 (length = C bytes)
$ASCII_pit_21_Literal will be placed at 8024A610 (length = C bytes)
$ASCII_pit_06_Literal will be placed at 8024A61C (length = C bytes)
$ASCII_pit_53_Literal will be placed at 8024A628 (length = C bytes)
$ASCII_pit_09_Literal will be placed at 8024A634 (length = C bytes)
$ASCII_pit_88_Literal will be placed at 8024A640 (length = C bytes)
$ASCII_pit_38_Literal will be placed at 8024A64C (length = C bytes)
$ASCII_pit_24_Literal will be placed at 8024A658 (length = C bytes)
$ASCII_pit_12_Literal will be placed at 8024A664 (length = C bytes)
$ASCII_pit_76_Literal will be placed at 8024A670 (length = C bytes)
$ASCII_pit_01_Literal will be placed at 8024A67C (length = C bytes)
$ASCII_pit_50_Literal will be placed at 8024A688 (length = C bytes)
$ASCII_pit_33_Literal will be placed at 8024A694 (length = C bytes)
$ASCII_pit_99_Literal will be placed at 8024A6A0 (length = C bytes)
$ASCII_pit_67_Literal will be placed at 8024A6AC (length = C bytes)
$ASCII_pit_71_Literal will be placed at 8024A6B8 (length = C bytes)
$ASCII_pit_42_Literal will be placed at 8024A6C4 (length = C bytes)
$ASCII_pit_80_Literal will be placed at 8024A6D0 (length = C bytes)
$ASCII_pit_29_Literal will be placed at 8024A6DC (length = C bytes)
$ASCII_pit_58_Literal will be placed at 8024A6E8 (length = C bytes)
$ASCII_pit_30_Literal will be placed at 8024A6F4 (length = C bytes)
$ASCII_pit_00_Literal will be placed at 8024A700 (length = C bytes)
$ASCII_pit_64_Literal will be placed at 8024A70C (length = C bytes)
$ASCII_pit_36_Literal will be placed at 8024A718 (length = C bytes)
$ASCII_pit_55_Literal will be placed at 8024A724 (length = C bytes)
$ASCII_pit_10_Literal will be placed at 8024A730 (length = C bytes)
$ASCII_pit_45_Literal will be placed at 8024A73C (length = C bytes)
$ASCII_pit_18_Literal will be placed at 8024A748 (length = C bytes)
$ASCII_pit_48_Literal will be placed at 8024A754 (length = C bytes)
$ASCII_pit_03_Literal will be placed at 8024A760 (length = C bytes)
$ASCII_pit_31_Literal will be placed at 8024A76C (length = C bytes)
$ASCII_pit_91_Literal will be placed at 8024A778 (length = C bytes)
$ASCII_pit_97_Literal will be placed at 8024A784 (length = C bytes)
$ASCII_pit_82_Literal will be placed at 8024A790 (length = C bytes)
$ASCII_pit_52_Literal will be placed at 8024A79C (length = C bytes)
$ASCII_pit_70_Literal will be placed at 8024A7A8 (length = C bytes)
$ASCII_pit_85_Literal will be placed at 8024A7B4 (length = C bytes)
$ASCII_pit_40_Literal will be placed at 8024A7C0 (length = C bytes)
$ASCII_pit_39_Literal will be placed at 8024A7CC (length = C bytes)
$ASCII_pit_73_Literal will be placed at 8024A7D8 (length = C bytes)
$ASCII_pit_15_Literal will be placed at 8024A7E4 (length = C bytes)
$ASCII_pit_27_Literal will be placed at 8024A7F0 (length = C bytes)
$ASCII_pit_61_Literal will be placed at 8024A7FC (length = C bytes)
$ByteTable_802475E0 will be placed at 8024A808 (length = 8 bytes)
$Var_Vanilla will be placed at 8024A810 (length = 8 bytes)
$Var_Hard will be placed at 8024A818 (length = 8 bytes)
$Var_Horde will be placed at 8024A820 (length = 8 bytes)
$Var_Normal will be placed at 8024A828 (length = 8 bytes)
$ASCII_pit_842_Literal will be placed at 8024A830 (length = 8 bytes)
$ASCII_pit_100_Literal will be placed at 8024A838 (length = 8 bytes)
$ASCII_tik_tex_Literal will be placed at 8024A840 (length = 8 bytes)
$ByteTable_802475DC will be placed at 8024A848 (length = 4 bytes)
$CancelString will be placed at 8024A84C (length = 4 bytes)
Executing patch: pit_01.mpat
Loaded map pit_01
Creating struct: $EntryList
Creating struct: $DeepestLevel
Creating struct: $TotalLevels
Creating struct: $LoadHighscores
Creating struct: $FallingDownPipe
Creating struct: $Function_GetPos
Creating struct: $Function2
Creating struct: $SetSpawns
Creating struct: $Script_SetNPCPos
Creating struct: $SwitchPath
Creating struct: $VectorList_80244998
Creating struct: $GetPos
Creating struct: $Function_GetDamageTaken
Creating struct: $Function_ResetDamage
Creating struct: $DispawnParthner
Creating struct: $RespawnParthner
Creating struct: $LoadMap
Creating struct: $Script_LoadMapMover_Roguelike
Creating struct: $GetFloor
Creating struct: $LoadCoinsMover
Creating struct: $LoadMapBandit
Creating struct: $GetFloorBandit
Creating struct: $Script_Init_80243B20
Creating struct: $Script_80243A6C
Creating struct: $Script_AddCoins
Creating struct: $Script_SubstractCoins
Creating struct: $NPC_Settings_Sack
Creating struct: $Script_Init_Bag
Creating struct: $Script_Init_Bag_HitBox
Creating struct: $Script_NPC_SackHit_Init
Creating struct: $Script_NPC_Sack_FX
Creating struct: $NPC_Sack_AnimationStart
Creating struct: $NPC_Sack_AnimationEnd
Creating struct: $Script_SackAnimation_Start_GoToTheRight
Creating struct: $Script_SackAnimation_Start_GoToTheLeft
Creating struct: $Script_SackAnimation_End_Right
Creating struct: $Script_SackAnimation_End_Left
Creating struct: $Function_LoadGainedCoins
Creating struct: $Function_RevivePlayer
Creating struct: $AISettings_MoneySack
Creating struct: $Script_NpcAI_MoneySack
Creating struct: $JumpTable_80242448
Creating struct: $Function_NpcAI_MoneySack
Creating struct: $Function_80240260
Creating struct: $Function_80240844
Creating struct: $Function_802409A8
Creating struct: $Script_TrackPlayer
Creating struct: $Script_PipeAnimation
Creating struct: $Function_SetAnimation
Creating struct: $Function_GetColliderPos
Creating struct: $Function_TrackInput
Creating struct: $GoToNextLevel
Creating struct: $GoToNextLevel_Roguelike
Creating struct: $Script_SetSetsOfLevels
Creating struct: $Script_LoadMap_Roguelike
Creating struct: $Script_LoadChestMap_Roguelike
Creating struct: $Script_LoadMap_Mover_Roguelike
Creating struct: $Script_LoadChestMap_Mover_Roguelike
Creating struct: $GetFloorPit
Creating struct: $GetFloorSign
Creating struct: $Function_GetTattle1
Creating struct: $Function_GetTattle2
Creating struct: $Script_ReadSign
Creating struct: $Header
Creating struct: $Function_Init
Creating struct: $Script_Main
Creating struct: $Script_TrackEvents
Creating struct: $NpcGroups
Creating struct: $NpcGroup_Mover
Creating struct: $BlankSettings
Creating struct: $Script_Init_Mover
Creating struct: $Interact_Mover
Creating struct: $Script_MoverWarpAnimation
Creating struct: $NpcGroup_BanditMover
Creating struct: $Script_Init_BanditMover
Creating struct: $Interact_BanditMover
Creating struct: $NpcGroup_MoneyBag
Creating struct: $NpcGroup_Enemy1
Creating struct: $NpcGroup_Enemy2
Creating struct: $NpcGroup_Enemy3
Creating struct: $NpcGroup_Enemy4
Creating struct: $NpcGroup_Enemy5
Creating struct: $NpcGroup_Enemy6
Creating struct: $NpcSettings_Enemy1
Creating struct: $Script_EnemyAI
Creating struct: $AISettings_Enemy
Creating struct: $Script_DisableEnemyAI
Creating struct: $AISettings_DisableEnemy
Creating struct: $PipeSpawning
Creating struct: $Script_MakeEntities
Creating struct: $CommingDownPipe
Creating struct: $Script_MakeExits
Creating struct: $Script_Exit0
Merged 1 regions to 1
$Script_LoadMap_Mover_Roguelike will be placed at 80240000 (length = F14 bytes)
$LoadMap will be placed at 80240F14 (length = EF4 bytes)
$Script_ReadSign will be placed at 80241E08 (length = EEC bytes)
$LoadMapBandit will be placed at 80242CF4 (length = EA4 bytes)
$Script_LoadMap_Roguelike will be placed at 80243B98 (length = D9C bytes)
$GoToNextLevel will be placed at 80244934 (length = D10 bytes)
$GoToNextLevel_Roguelike will be placed at 80245644 (length = 868 bytes)
$Function_80240260 will be placed at 80245EAC (length = 5E4 bytes)
$NpcGroup_MoneyBag will be placed at 80246490 (length = 3E0 bytes)
$SetSpawns will be placed at 80246870 (length = 384 bytes)
$FallingDownPipe will be placed at 80246BF4 (length = 37C bytes)
$Script_SetSetsOfLevels will be placed at 80246F70 (length = 358 bytes)
$Script_SetNPCPos will be placed at 802472C8 (length = 2F4 bytes)
$Function_NpcAI_MoneySack will be placed at 802475BC (length = 238 bytes)
$Script_SackAnimation_Start_GoToTheRight will be placed at 802477F4 (length = 230 bytes)
$Script_TrackEvents will be placed at 80247A24 (length = 21C bytes)
$Script_SackAnimation_Start_GoToTheLeft will be placed at 80247C40 (length = 1F8 bytes)
$Interact_Mover will be placed at 80247E38 (length = 1F8 bytes)
$NpcGroup_Enemy3 will be placed at 80248030 (length = 1F0 bytes)
$NpcGroup_Enemy4 will be placed at 80248220 (length = 1F0 bytes)
$NpcGroup_Enemy5 will be placed at 80248410 (length = 1F0 bytes)
$NpcGroup_Enemy6 will be placed at 80248600 (length = 1F0 bytes)
$NpcGroup_Enemy1 will be placed at 802487F0 (length = 1F0 bytes)
$NpcGroup_Enemy2 will be placed at 802489E0 (length = 1F0 bytes)
$NpcGroup_Mover will be placed at 80248BD0 (length = 1F0 bytes)
$NpcGroup_BanditMover will be placed at 80248DC0 (length = 1F0 bytes)
$Interact_BanditMover will be placed at 80248FB0 (length = 1EC bytes)
$Script_PipeAnimation will be placed at 8024919C (length = 1D0 bytes)
$JumpTable_80242448 will be placed at 8024936C (length = 190 bytes)
$Script_LoadChestMap_Mover_Roguelike will be placed at 802494FC (length = 18C bytes)
$PipeSpawning will be placed at 80249688 (length = 178 bytes)
$NPC_Sack_AnimationStart will be placed at 80249800 (length = 168 bytes)
$Function_80240844 will be placed at 80249968 (length = 164 bytes)
$Script_LoadChestMap_Roguelike will be placed at 80249ACC (length = 164 bytes)
$Script_NPC_SackHit_Init will be placed at 80249C30 (length = 160 bytes)
$Script_SackAnimation_End_Right will be placed at 80249D90 (length = 158 bytes)
$Script_SackAnimation_End_Left will be placed at 80249EE8 (length = 150 bytes)
$MapTattle5 will be placed at 8024A038 (length = 13C bytes)
$MapTattle4 will be placed at 8024A174 (length = 130 bytes)
$Script_Main will be placed at 8024A2A4 (length = 12C bytes)
$GetFloor will be placed at 8024A3D0 (length = 12C bytes)
$BanditMover_Tattle will be placed at 8024A4FC (length = 124 bytes)
$Script_80243A6C will be placed at 8024A620 (length = 114 bytes)
$Script_SubstractCoins will be placed at 8024A734 (length = 10C bytes)
$Script_LoadMapMover_Roguelike will be placed at 8024A840 (length = 104 bytes)
$GetFloorBandit will be placed at 8024A944 (length = F4 bytes)
$Script_MoverWarpAnimation will be placed at 8024AA38 (length = F0 bytes)
$Function_GetColliderPos will be placed at 8024AB28 (length = E0 bytes)
$Function_GetPos will be placed at 8024AC08 (length = E0 bytes)
$Script_TrackPlayer will be placed at 8024ACE8 (length = DC bytes)
$MapTattle2 will be placed at 8024ADC4 (length = D4 bytes)
$Function_TrackInput will be placed at 8024AE98 (length = BC bytes)
$MapTattle3 will be placed at 8024AF54 (length = B0 bytes)
$Script_MakeEntities will be placed at 8024B004 (length = A8 bytes)
$MapTattle1 will be placed at 8024B0AC (length = A8 bytes)
$Script_NpcAI_MoneySack will be placed at 8024B154 (length = A8 bytes)
$MoverStart will be placed at 8024B1FC (length = A4 bytes)
$SwitchPath will be placed at 8024B2A0 (length = A4 bytes)
$Script_NPC_Sack_FX will be placed at 8024B344 (length = A4 bytes)
$GetPos will be placed at 8024B3E8 (length = 9C bytes)
$Script_AddCoins will be placed at 8024B484 (length = 98 bytes)
$BanditMoverStart will be placed at 8024B51C (length = 98 bytes)
$Mover_Tattle will be placed at 8024B5B4 (length = 94 bytes)
$Function_GetTattle1 will be placed at 8024B648 (length = 8C bytes)
$NPC_Sack_AnimationEnd will be placed at 8024B6D4 (length = 84 bytes)
$BanditMover_Options will be placed at 8024B758 (length = 80 bytes)
$SignStringBug will be placed at 8024B7D8 (length = 7C bytes)
$LoadHighscores will be placed at 8024B854 (length = 7C bytes)
$NpcGroups will be placed at 8024B8D0 (length = 78 bytes)
$Mover_Options will be placed at 8024B948 (length = 78 bytes)
$DeepestLevel will be placed at 8024B9C0 (length = 6C bytes)
$Function2 will be placed at 8024BA2C (length = 6C bytes)
$LoadCoinsMover will be placed at 8024BA98 (length = 6C bytes)
$Function_SetAnimation will be placed at 8024BB04 (length = 6C bytes)
$GetFloorPit will be placed at 8024BB70 (length = 68 bytes)
$MoverEnd will be placed at 8024BBD8 (length = 68 bytes)
$BanditMoverEnd will be placed at 8024BC40 (length = 68 bytes)
$GetFloorSign will be placed at 8024BCA8 (length = 64 bytes)
$BanditMoverNoCoins will be placed at 8024BD0C (length = 58 bytes)
$MoverNoCoins will be placed at 8024BD64 (length = 58 bytes)
$Function_GetTattle2 will be placed at 8024BDBC (length = 48 bytes)
$CommingDownPipe will be placed at 8024BE04 (length = 48 bytes)
$Script_Exit0 will be placed at 8024BE4C (length = 48 bytes)
$Function_LoadGainedCoins will be placed at 8024BE94 (length = 48 bytes)
$Function_Init will be placed at 8024BEDC (length = 44 bytes)
$Function_802409A8 will be placed at 8024BF20 (length = 44 bytes)
$Header will be placed at 8024BF64 (length = 40 bytes)
$Script_Init_Bag will be placed at 8024BFA4 (length = 38 bytes)
$TotalLevels will be placed at 8024BFDC (length = 38 bytes)
$Script_Init_Bag_HitBox will be placed at 8024C014 (length = 38 bytes)
$DispawnParthner will be placed at 8024C04C (length = 34 bytes)
$Function_ResetDamage will be placed at 8024C080 (length = 34 bytes)
$AISettings_MoneySack will be placed at 8024C0B4 (length = 30 bytes)
$AISettings_Enemy will be placed at 8024C0E4 (length = 30 bytes)
$AISettings_DisableEnemy will be placed at 8024C114 (length = 30 bytes)
$RespawnParthner will be placed at 8024C144 (length = 30 bytes)
$NPC_Settings_Sack will be placed at 8024C174 (length = 2C bytes)
$Function_GetDamageTaken will be placed at 8024C1A0 (length = 2C bytes)
$Function_RevivePlayer will be placed at 8024C1CC (length = 2C bytes)
$String_CoinsGained will be placed at 8024C1F8 (length = 2C bytes)
$BlankSettings will be placed at 8024C224 (length = 2C bytes)
$Script_MakeExits will be placed at 8024C250 (length = 2C bytes)
$NpcSettings_Enemy1 will be placed at 8024C27C (length = 24 bytes)
$VectorList_80244998 will be placed at 8024C2A0 (length = 24 bytes)
$Script_Init_80243B20 will be placed at 8024C2C4 (length = 24 bytes)
$Script_Init_Mover will be placed at 8024C2E8 (length = 24 bytes)
$Script_Init_BanditMover will be placed at 8024C30C (length = 24 bytes)
$Script_DisableEnemyAI will be placed at 8024C330 (length = 20 bytes)
$EntryList will be placed at 8024C350 (length = 20 bytes)
$Script_EnemyAI will be placed at 8024C370 (length = 20 bytes)
$SignString100 will be placed at 8024C390 (length = 18 bytes)
$SignString1 will be placed at 8024C3A8 (length = 14 bytes)
$SignString99 will be placed at 8024C3BC (length = 14 bytes)
$SignString98 will be placed at 8024C3D0 (length = 14 bytes)
$SignString97 will be placed at 8024C3E4 (length = 14 bytes)
$SignString96 will be placed at 8024C3F8 (length = 14 bytes)
$SignString95 will be placed at 8024C40C (length = 14 bytes)
$SignString94 will be placed at 8024C420 (length = 14 bytes)
$SignString93 will be placed at 8024C434 (length = 14 bytes)
$SignString92 will be placed at 8024C448 (length = 14 bytes)
$SignString91 will be placed at 8024C45C (length = 14 bytes)
$SignString90 will be placed at 8024C470 (length = 14 bytes)
$SignString59 will be placed at 8024C484 (length = 14 bytes)
$SignString58 will be placed at 8024C498 (length = 14 bytes)
$SignString57 will be placed at 8024C4AC (length = 14 bytes)
$SignString56 will be placed at 8024C4C0 (length = 14 bytes)
$SignString55 will be placed at 8024C4D4 (length = 14 bytes)
$SignString54 will be placed at 8024C4E8 (length = 14 bytes)
$SignString53 will be placed at 8024C4FC (length = 14 bytes)
$SignString52 will be placed at 8024C510 (length = 14 bytes)
$SignString51 will be placed at 8024C524 (length = 14 bytes)
$SignString50 will be placed at 8024C538 (length = 14 bytes)
$SignString69 will be placed at 8024C54C (length = 14 bytes)
$SignString68 will be placed at 8024C560 (length = 14 bytes)
$SignString67 will be placed at 8024C574 (length = 14 bytes)
$SignString66 will be placed at 8024C588 (length = 14 bytes)
$SignString65 will be placed at 8024C59C (length = 14 bytes)
$SignString64 will be placed at 8024C5B0 (length = 14 bytes)
$SignString63 will be placed at 8024C5C4 (length = 14 bytes)
$SignString62 will be placed at 8024C5D8 (length = 14 bytes)
$SignString61 will be placed at 8024C5EC (length = 14 bytes)
$SignString60 will be placed at 8024C600 (length = 14 bytes)
$SignString79 will be placed at 8024C614 (length = 14 bytes)
$SignString78 will be placed at 8024C628 (length = 14 bytes)
$SignString77 will be placed at 8024C63C (length = 14 bytes)
$SignString76 will be placed at 8024C650 (length = 14 bytes)
$SignString75 will be placed at 8024C664 (length = 14 bytes)
$SignString74 will be placed at 8024C678 (length = 14 bytes)
$SignString73 will be placed at 8024C68C (length = 14 bytes)
$SignString72 will be placed at 8024C6A0 (length = 14 bytes)
$SignString71 will be placed at 8024C6B4 (length = 14 bytes)
$SignString70 will be placed at 8024C6C8 (length = 14 bytes)
$SignString89 will be placed at 8024C6DC (length = 14 bytes)
$SignString88 will be placed at 8024C6F0 (length = 14 bytes)
$SignString87 will be placed at 8024C704 (length = 14 bytes)
$SignString86 will be placed at 8024C718 (length = 14 bytes)
$SignString85 will be placed at 8024C72C (length = 14 bytes)
$SignString84 will be placed at 8024C740 (length = 14 bytes)
$SignString83 will be placed at 8024C754 (length = 14 bytes)
$SignString82 will be placed at 8024C768 (length = 14 bytes)
$SignString81 will be placed at 8024C77C (length = 14 bytes)
$SignString80 will be placed at 8024C790 (length = 14 bytes)
$SignString19 will be placed at 8024C7A4 (length = 14 bytes)
$SignString18 will be placed at 8024C7B8 (length = 14 bytes)
$SignString17 will be placed at 8024C7CC (length = 14 bytes)
$SignString16 will be placed at 8024C7E0 (length = 14 bytes)
$SignString15 will be placed at 8024C7F4 (length = 14 bytes)
$SignString14 will be placed at 8024C808 (length = 14 bytes)
$SignString13 will be placed at 8024C81C (length = 14 bytes)
$SignString12 will be placed at 8024C830 (length = 14 bytes)
$SignString11 will be placed at 8024C844 (length = 14 bytes)
$SignString10 will be placed at 8024C858 (length = 14 bytes)
$SignString3 will be placed at 8024C86C (length = 14 bytes)
$SignString2 will be placed at 8024C880 (length = 14 bytes)
$SignString5 will be placed at 8024C894 (length = 14 bytes)
$SignString4 will be placed at 8024C8A8 (length = 14 bytes)
$SignString7 will be placed at 8024C8BC (length = 14 bytes)
$SignString6 will be placed at 8024C8D0 (length = 14 bytes)
$SignString9 will be placed at 8024C8E4 (length = 14 bytes)
$SignString8 will be placed at 8024C8F8 (length = 14 bytes)
$SignString29 will be placed at 8024C90C (length = 14 bytes)
$SignString28 will be placed at 8024C920 (length = 14 bytes)
$SignString27 will be placed at 8024C934 (length = 14 bytes)
$SignString26 will be placed at 8024C948 (length = 14 bytes)
$SignString25 will be placed at 8024C95C (length = 14 bytes)
$SignString24 will be placed at 8024C970 (length = 14 bytes)
$SignString23 will be placed at 8024C984 (length = 14 bytes)
$SignString22 will be placed at 8024C998 (length = 14 bytes)
$SignString21 will be placed at 8024C9AC (length = 14 bytes)
$SignString20 will be placed at 8024C9C0 (length = 14 bytes)
$SignString will be placed at 8024C9D4 (length = 14 bytes)
$SignString39 will be placed at 8024C9E8 (length = 14 bytes)
$SignString38 will be placed at 8024C9FC (length = 14 bytes)
$SignString37 will be placed at 8024CA10 (length = 14 bytes)
$SignString36 will be placed at 8024CA24 (length = 14 bytes)
$SignString35 will be placed at 8024CA38 (length = 14 bytes)
$SignString34 will be placed at 8024CA4C (length = 14 bytes)
$SignString33 will be placed at 8024CA60 (length = 14 bytes)
$SignString32 will be placed at 8024CA74 (length = 14 bytes)
$SignString31 will be placed at 8024CA88 (length = 14 bytes)
$SignString30 will be placed at 8024CA9C (length = 14 bytes)
$SignString49 will be placed at 8024CAB0 (length = 14 bytes)
$SignString48 will be placed at 8024CAC4 (length = 14 bytes)
$SignString47 will be placed at 8024CAD8 (length = 14 bytes)
$SignString46 will be placed at 8024CAEC (length = 14 bytes)
$SignString45 will be placed at 8024CB00 (length = 14 bytes)
$SignString44 will be placed at 8024CB14 (length = 14 bytes)
$SignString43 will be placed at 8024CB28 (length = 14 bytes)
$SignString42 will be placed at 8024CB3C (length = 14 bytes)
$SignString41 will be placed at 8024CB50 (length = 14 bytes)
$SignString40 will be placed at 8024CB64 (length = 14 bytes)
$ASCII_pit_02_Literal will be placed at 8024CB78 (length = C bytes)
$ASCII_pit_90_Literal will be placed at 8024CB84 (length = C bytes)
$ASCII_pit_34_Literal will be placed at 8024CB90 (length = C bytes)
$ASCII_pit_66_Literal will be placed at 8024CB9C (length = C bytes)
$ASCII_pit_98_Literal will be placed at 8024CBA8 (length = C bytes)
$ASCII_pit_19_Literal will be placed at 8024CBB4 (length = C bytes)
$ASCII_pit_57_Literal will be placed at 8024CBC0 (length = C bytes)
$ASCII_pit_69_Literal will be placed at 8024CBCC (length = C bytes)
$ASCII_pit_72_Literal will be placed at 8024CBD8 (length = C bytes)
$ASCII_pit_81_Literal will be placed at 8024CBE4 (length = C bytes)
$ASCII_pit_43_Literal will be placed at 8024CBF0 (length = C bytes)
$ASCII_pit_28_Literal will be placed at 8024CBFC (length = C bytes)
$ASCII_pit_78_Literal will be placed at 8024CC08 (length = C bytes)
$ASCII_pit_63_Literal will be placed at 8024CC14 (length = C bytes)
$ASCII_pit_46_Literal will be placed at 8024CC20 (length = C bytes)
$ASCII_pit_95_Literal will be placed at 8024CC2C (length = C bytes)
$ASCII_pit_16_Literal will be placed at 8024CC38 (length = C bytes)
$ASCII_pit_37_Literal will be placed at 8024CC44 (length = C bytes)
$ASCII_pit_22_Literal will be placed at 8024CC50 (length = C bytes)
$ASCII_pit_05_Literal will be placed at 8024CC5C (length = C bytes)
$ASCII_pit_25_Literal will be placed at 8024CC68 (length = C bytes)
$ASCII_pit_54_Literal will be placed at 8024CC74 (length = C bytes)
$ASCII_pit_08_Literal will be placed at 8024CC80 (length = C bytes)
$ASCII_pit_87_Literal will be placed at 8024CC8C (length = C bytes)
$ASCII_pit_75_Literal will be placed at 8024CC98 (length = C bytes)
$ASCII_pit_13_Literal will be placed at 8024CCA4 (length = C bytes)
$ASCII_pit_32_Literal will be placed at 8024CCB0 (length = C bytes)
$ASCII_pit_92_Literal will be placed at 8024CCBC (length = C bytes)
$ASCII_pit_17_Literal will be placed at 8024CCC8 (length = C bytes)
$ASCII_pit_49_Literal will be placed at 8024CCD4 (length = C bytes)
$ASCII_pit_77_Literal will be placed at 8024CCE0 (length = C bytes)
$ASCII_pit_96_Literal will be placed at 8024CCEC (length = C bytes)
$ASCII_pit_68_Literal will be placed at 8024CCF8 (length = C bytes)
$ASCII_pit_51_Literal will be placed at 8024CD04 (length = C bytes)
$ASCII_pit_04_Literal will be placed at 8024CD10 (length = C bytes)
$ASCII_pit_83_Literal will be placed at 8024CD1C (length = C bytes)
$ASCII_pit_86_Literal will be placed at 8024CD28 (length = C bytes)
$ASCII_pit_26_Literal will be placed at 8024CD34 (length = C bytes)
$ASCII_pit_41_Literal will be placed at 8024CD40 (length = C bytes)
$ASCII_pit_14_Literal will be placed at 8024CD4C (length = C bytes)
$ASCII_pit_74_Literal will be placed at 8024CD58 (length = C bytes)
$ASCII_pit_60_Literal will be placed at 8024CD64 (length = C bytes)
$ASCII_pit_59_Literal will be placed at 8024CD70 (length = C bytes)
$ASCII_pit_93_Literal will be placed at 8024CD7C (length = C bytes)
$ASCII_pit_65_Literal will be placed at 8024CD88 (length = C bytes)
$ASCII_pit_07_Literal will be placed at 8024CD94 (length = C bytes)
$ASCII_pit_20_Literal will be placed at 8024CDA0 (length = C bytes)
$ASCII_pit_35_Literal will be placed at 8024CDAC (length = C bytes)
$ASCII_pit_23_Literal will be placed at 8024CDB8 (length = C bytes)
$ASCII_pit_11_Literal will be placed at 8024CDC4 (length = C bytes)
$ASCII_pit_56_Literal will be placed at 8024CDD0 (length = C bytes)
$ASCII_pit_44_Literal will be placed at 8024CDDC (length = C bytes)
$ASCII_pit_89_Literal will be placed at 8024CDE8 (length = C bytes)
$ASCII_pit_79_Literal will be placed at 8024CDF4 (length = C bytes)
$ASCII_pit_62_Literal will be placed at 8024CE00 (length = C bytes)
$ASCII_pit_94_Literal will be placed at 8024CE0C (length = C bytes)
$ASCII_pit_47_Literal will be placed at 8024CE18 (length = C bytes)
$ASCII_pit_21_Literal will be placed at 8024CE24 (length = C bytes)
$ASCII_pit_06_Literal will be placed at 8024CE30 (length = C bytes)
$ASCII_pit_53_Literal will be placed at 8024CE3C (length = C bytes)
$ASCII_pit_09_Literal will be placed at 8024CE48 (length = C bytes)
$ASCII_pit_88_Literal will be placed at 8024CE54 (length = C bytes)
$ASCII_pit_38_Literal will be placed at 8024CE60 (length = C bytes)
$ASCII_pit_24_Literal will be placed at 8024CE6C (length = C bytes)
$ASCII_pit_12_Literal will be placed at 8024CE78 (length = C bytes)
$ASCII_pit_76_Literal will be placed at 8024CE84 (length = C bytes)
$ASCII_pit_01_Literal will be placed at 8024CE90 (length = C bytes)
$ASCII_pit_50_Literal will be placed at 8024CE9C (length = C bytes)
$ASCII_pit_33_Literal will be placed at 8024CEA8 (length = C bytes)
$ASCII_pit_99_Literal will be placed at 8024CEB4 (length = C bytes)
$ASCII_pit_67_Literal will be placed at 8024CEC0 (length = C bytes)
$ASCII_pit_71_Literal will be placed at 8024CECC (length = C bytes)
$ASCII_pit_42_Literal will be placed at 8024CED8 (length = C bytes)
$ASCII_pit_80_Literal will be placed at 8024CEE4 (length = C bytes)
$ASCII_pit_29_Literal will be placed at 8024CEF0 (length = C bytes)
$ASCII_pit_58_Literal will be placed at 8024CEFC (length = C bytes)
$ASCII_pit_30_Literal will be placed at 8024CF08 (length = C bytes)
$ASCII_pit_00_Literal will be placed at 8024CF14 (length = C bytes)
$ASCII_pit_64_Literal will be placed at 8024CF20 (length = C bytes)
$ASCII_pit_36_Literal will be placed at 8024CF2C (length = C bytes)
$ASCII_pit_55_Literal will be placed at 8024CF38 (length = C bytes)
$ASCII_pit_10_Literal will be placed at 8024CF44 (length = C bytes)
$ASCII_pit_45_Literal will be placed at 8024CF50 (length = C bytes)
$ASCII_pit_18_Literal will be placed at 8024CF5C (length = C bytes)
$ASCII_pit_48_Literal will be placed at 8024CF68 (length = C bytes)
$ASCII_pit_03_Literal will be placed at 8024CF74 (length = C bytes)
$ASCII_pit_31_Literal will be placed at 8024CF80 (length = C bytes)
$ASCII_pit_91_Literal will be placed at 8024CF8C (length = C bytes)
$ASCII_pit_97_Literal will be placed at 8024CF98 (length = C bytes)
$ASCII_pit_82_Literal will be placed at 8024CFA4 (length = C bytes)
$ASCII_pit_52_Literal will be placed at 8024CFB0 (length = C bytes)
$ASCII_pit_70_Literal will be placed at 8024CFBC (length = C bytes)
$ASCII_pit_85_Literal will be placed at 8024CFC8 (length = C bytes)
$ASCII_pit_40_Literal will be placed at 8024CFD4 (length = C bytes)
$ASCII_pit_39_Literal will be placed at 8024CFE0 (length = C bytes)
$ASCII_pit_73_Literal will be placed at 8024CFEC (length = C bytes)
$ASCII_pit_15_Literal will be placed at 8024CFF8 (length = C bytes)
$ASCII_pit_27_Literal will be placed at 8024D004 (length = C bytes)
$ASCII_pit_61_Literal will be placed at 8024D010 (length = C bytes)
$ASCII_pit_842_Literal will be placed at 8024D01C (length = 8 bytes)
$ASCII_pit_100_Literal will be placed at 8024D024 (length = 8 bytes)
$ASCII_tik_tex_Literal will be placed at 8024D02C (length = 8 bytes)
$MoverCancel will be placed at 8024D034 (length = 4 bytes)
$BanditMoverCancel will be placed at 8024D038 (length = 4 bytes)
Executing patch: pit_02.mpat
Loaded map pit_02
Creating struct: $EntryList
Creating struct: $DeepestLevel
Creating struct: $TotalLevels
Creating struct: $LoadHighscores
Creating struct: $FallingDownPipe
Creating struct: $Function_GetPos
Creating struct: $Function2
Creating struct: $SetSpawns
Creating struct: $Script_SetNPCPos
Creating struct: $SwitchPath
Creating struct: $VectorList_80244998
Creating struct: $GetPos
Creating struct: $Function_GetDamageTaken
Creating struct: $Function_ResetDamage
Creating struct: $DispawnParthner
Creating struct: $RespawnParthner
Creating struct: $LoadMap
Creating struct: $Script_LoadMapMover_Roguelike
Creating struct: $GetFloor
Creating struct: $LoadCoinsMover
Creating struct: $LoadMapBandit
Creating struct: $GetFloorBandit
Creating struct: $Script_Init_80243B20
Creating struct: $Script_80243A6C
Creating struct: $Script_AddCoins
Creating struct: $Script_SubstractCoins
Creating struct: $NPC_Settings_Sack
Creating struct: $Script_Init_Bag
Creating struct: $Script_Init_Bag_HitBox
Creating struct: $Script_NPC_SackHit_Init
Creating struct: $Script_NPC_Sack_FX
Creating struct: $NPC_Sack_AnimationStart
Creating struct: $NPC_Sack_AnimationEnd
Creating struct: $Script_SackAnimation_Start_GoToTheRight
Creating struct: $Script_SackAnimation_Start_GoToTheLeft
Creating struct: $Script_SackAnimation_End_Right
Creating struct: $Script_SackAnimation_End_Left
Creating struct: $Function_LoadGainedCoins
Creating struct: $Function_RevivePlayer
Creating struct: $AISettings_MoneySack
Creating struct: $Script_NpcAI_MoneySack
Creating struct: $JumpTable_80242448
Creating struct: $Function_NpcAI_MoneySack
Creating struct: $Function_80240260
Creating struct: $Function_80240844
Creating struct: $Function_802409A8
Creating struct: $Script_TrackPlayer
Creating struct: $Script_PipeAnimation
Creating struct: $Function_SetAnimation
Creating struct: $Function_GetColliderPos
Creating struct: $Function_TrackInput
Creating struct: $GoToNextLevel
Creating struct: $GoToNextLevel_Roguelike
Creating struct: $Script_SetSetsOfLevels
Creating struct: $Script_LoadMap_Roguelike
Creating struct: $Script_LoadChestMap_Roguelike
Creating struct: $Script_LoadMap_Mover_Roguelike
Creating struct: $Script_LoadChestMap_Mover_Roguelike
Creating struct: $GetFloorPit
Creating struct: $GetFloorSign
Creating struct: $Function_GetTattle1
Creating struct: $Function_GetTattle2
Creating struct: $Script_ReadSign
Creating struct: $Header
Creating struct: $Function_Init
Creating struct: $Script_Main
Creating struct: $NpcGroups
Creating struct: $NpcGroup_Mover
Creating struct: $BlankSettings
Creating struct: $Script_Init_Mover
Creating struct: $Interact_Mover
Creating struct: $Script_MoverWarpAnimation
Creating struct: $NpcGroup_BanditMover
Creating struct: $Script_Init_BanditMover
Creating struct: $Interact_BanditMover
Creating struct: $NpcGroup_MoneyBag
Creating struct: $NpcGroup_Enemy1
Creating struct: $NpcGroup_Enemy2
Creating struct: $NpcGroup_Enemy3
Creating struct: $NpcGroup_Enemy4
Creating struct: $NpcGroup_Enemy5
Creating struct: $NpcGroup_Enemy6
Creating struct: $NpcSettings_Enemy1
Creating struct: $Script_EnemyAI
Creating struct: $AISettings_Enemy
Creating struct: $Script_DisableEnemyAI
Creating struct: $AISettings_DisableEnemy
Creating struct: $PipeSpawning
Creating struct: $Script_MakeEntities
Creating struct: $CommingDownPipe
Creating struct: $Script_MakeExits
Creating struct: $Script_Exit0
Merged 1 regions to 1
$Script_LoadMap_Mover_Roguelike will be placed at 80240000 (length = F14 bytes)
$LoadMap will be placed at 80240F14 (length = EF4 bytes)
$Script_ReadSign will be placed at 80241E08 (length = EEC bytes)
$LoadMapBandit will be placed at 80242CF4 (length = EA4 bytes)
$Script_LoadMap_Roguelike will be placed at 80243B98 (length = D9C bytes)
$GoToNextLevel will be placed at 80244934 (length = D10 bytes)
$GoToNextLevel_Roguelike will be placed at 80245644 (length = 868 bytes)
$Function_80240260 will be placed at 80245EAC (length = 5E4 bytes)
$NpcGroup_MoneyBag will be placed at 80246490 (length = 3E0 bytes)
$SetSpawns will be placed at 80246870 (length = 384 bytes)
$FallingDownPipe will be placed at 80246BF4 (length = 37C bytes)
$Script_SetSetsOfLevels will be placed at 80246F70 (length = 358 bytes)
$Script_SetNPCPos will be placed at 802472C8 (length = 2F4 bytes)
$Function_NpcAI_MoneySack will be placed at 802475BC (length = 238 bytes)
$Script_SackAnimation_Start_GoToTheRight will be placed at 802477F4 (length = 230 bytes)
$Script_SackAnimation_Start_GoToTheLeft will be placed at 80247A24 (length = 1F8 bytes)
$Interact_Mover will be placed at 80247C1C (length = 1F8 bytes)
$NpcGroup_Enemy3 will be placed at 80247E14 (length = 1F0 bytes)
$NpcGroup_Enemy4 will be placed at 80248004 (length = 1F0 bytes)
$NpcGroup_Enemy5 will be placed at 802481F4 (length = 1F0 bytes)
$NpcGroup_Enemy6 will be placed at 802483E4 (length = 1F0 bytes)
$NpcGroup_Enemy1 will be placed at 802485D4 (length = 1F0 bytes)
$NpcGroup_Enemy2 will be placed at 802487C4 (length = 1F0 bytes)
$NpcGroup_Mover will be placed at 802489B4 (length = 1F0 bytes)
$NpcGroup_BanditMover will be placed at 80248BA4 (length = 1F0 bytes)
$Interact_BanditMover will be placed at 80248D94 (length = 1EC bytes)
$Script_PipeAnimation will be placed at 80248F80 (length = 1D0 bytes)
$JumpTable_80242448 will be placed at 80249150 (length = 190 bytes)
$Script_LoadChestMap_Mover_Roguelike will be placed at 802492E0 (length = 18C bytes)
$PipeSpawning will be placed at 8024946C (length = 178 bytes)
$NPC_Sack_AnimationStart will be placed at 802495E4 (length = 168 bytes)
$Function_80240844 will be placed at 8024974C (length = 164 bytes)
$Script_LoadChestMap_Roguelike will be placed at 802498B0 (length = 164 bytes)
$Script_NPC_SackHit_Init will be placed at 80249A14 (length = 160 bytes)
$Script_SackAnimation_End_Right will be placed at 80249B74 (length = 158 bytes)
$Script_SackAnimation_End_Left will be placed at 80249CCC (length = 150 bytes)
$MapTattle5 will be placed at 80249E1C (length = 13C bytes)
$MapTattle4 will be placed at 80249F58 (length = 130 bytes)
$GetFloor will be placed at 8024A088 (length = 12C bytes)
$BanditMover_Tattle will be placed at 8024A1B4 (length = 124 bytes)
$Script_Main will be placed at 8024A2D8 (length = 120 bytes)
$Script_80243A6C will be placed at 8024A3F8 (length = 114 bytes)
$Script_SubstractCoins will be placed at 8024A50C (length = 10C bytes)
$Script_LoadMapMover_Roguelike will be placed at 8024A618 (length = 104 bytes)
$GetFloorBandit will be placed at 8024A71C (length = F4 bytes)
$Script_MoverWarpAnimation will be placed at 8024A810 (length = F0 bytes)
$Function_GetColliderPos will be placed at 8024A900 (length = E0 bytes)
$Function_GetPos will be placed at 8024A9E0 (length = E0 bytes)
$Script_TrackPlayer will be placed at 8024AAC0 (length = DC bytes)
$MapTattle2 will be placed at 8024AB9C (length = D4 bytes)
$Function_TrackInput will be placed at 8024AC70 (length = BC bytes)
$MapTattle3 will be placed at 8024AD2C (length = B0 bytes)
$Script_MakeEntities will be placed at 8024ADDC (length = A8 bytes)
$MapTattle1 will be placed at 8024AE84 (length = A8 bytes)
$Script_NpcAI_MoneySack will be placed at 8024AF2C (length = A8 bytes)
$MoverStart will be placed at 8024AFD4 (length = A4 bytes)
$SwitchPath will be placed at 8024B078 (length = A4 bytes)
$Script_NPC_Sack_FX will be placed at 8024B11C (length = A4 bytes)
$GetPos will be placed at 8024B1C0 (length = 9C bytes)
$Script_AddCoins will be placed at 8024B25C (length = 98 bytes)
$BanditMoverStart will be placed at 8024B2F4 (length = 98 bytes)
$Mover_Tattle will be placed at 8024B38C (length = 94 bytes)
$Function_GetTattle1 will be placed at 8024B420 (length = 8C bytes)
$NPC_Sack_AnimationEnd will be placed at 8024B4AC (length = 84 bytes)
$BanditMover_Options will be placed at 8024B530 (length = 80 bytes)
$SignStringBug will be placed at 8024B5B0 (length = 7C bytes)
$LoadHighscores will be placed at 8024B62C (length = 7C bytes)
$NpcGroups will be placed at 8024B6A8 (length = 78 bytes)
$Mover_Options will be placed at 8024B720 (length = 78 bytes)
$DeepestLevel will be placed at 8024B798 (length = 6C bytes)
$Function2 will be placed at 8024B804 (length = 6C bytes)
$LoadCoinsMover will be placed at 8024B870 (length = 6C bytes)
$Function_SetAnimation will be placed at 8024B8DC (length = 6C bytes)
$GetFloorPit will be placed at 8024B948 (length = 68 bytes)
$MoverEnd will be placed at 8024B9B0 (length = 68 bytes)
$BanditMoverEnd will be placed at 8024BA18 (length = 68 bytes)
$GetFloorSign will be placed at 8024BA80 (length = 64 bytes)
$BanditMoverNoCoins will be placed at 8024BAE4 (length = 58 bytes)
$MoverNoCoins will be placed at 8024BB3C (length = 58 bytes)
$Function_GetTattle2 will be placed at 8024BB94 (length = 48 bytes)
$CommingDownPipe will be placed at 8024BBDC (length = 48 bytes)
$Script_Exit0 will be placed at 8024BC24 (length = 48 bytes)
$Function_LoadGainedCoins will be placed at 8024BC6C (length = 48 bytes)
$Function_Init will be placed at 8024BCB4 (length = 44 bytes)
$Function_802409A8 will be placed at 8024BCF8 (length = 44 bytes)
$Header will be placed at 8024BD3C (length = 40 bytes)
$Script_Init_Bag will be placed at 8024BD7C (length = 38 bytes)
$TotalLevels will be placed at 8024BDB4 (length = 38 bytes)
$Script_Init_Bag_HitBox will be placed at 8024BDEC (length = 38 bytes)
$DispawnParthner will be placed at 8024BE24 (length = 34 bytes)
$Function_ResetDamage will be placed at 8024BE58 (length = 34 bytes)
$AISettings_MoneySack will be placed at 8024BE8C (length = 30 bytes)
$AISettings_Enemy will be placed at 8024BEBC (length = 30 bytes)
$AISettings_DisableEnemy will be placed at 8024BEEC (length = 30 bytes)
$RespawnParthner will be placed at 8024BF1C (length = 30 bytes)
$NPC_Settings_Sack will be placed at 8024BF4C (length = 2C bytes)
$Function_GetDamageTaken will be placed at 8024BF78 (length = 2C bytes)
$Function_RevivePlayer will be placed at 8024BFA4 (length = 2C bytes)
$String_CoinsGained will be placed at 8024BFD0 (length = 2C bytes)
$BlankSettings will be placed at 8024BFFC (length = 2C bytes)
$Script_MakeExits will be placed at 8024C028 (length = 2C bytes)
$NpcSettings_Enemy1 will be placed at 8024C054 (length = 24 bytes)
$VectorList_80244998 will be placed at 8024C078 (length = 24 bytes)
$Script_Init_80243B20 will be placed at 8024C09C (length = 24 bytes)
$Script_Init_Mover will be placed at 8024C0C0 (length = 24 bytes)
$Script_Init_BanditMover will be placed at 8024C0E4 (length = 24 bytes)
$Script_DisableEnemyAI will be placed at 8024C108 (length = 20 bytes)
$EntryList will be placed at 8024C128 (length = 20 bytes)
$Script_EnemyAI will be placed at 8024C148 (length = 20 bytes)
$SignString100 will be placed at 8024C168 (length = 18 bytes)
$SignString1 will be placed at 8024C180 (length = 14 bytes)
$SignString99 will be placed at 8024C194 (length = 14 bytes)
$SignString98 will be placed at 8024C1A8 (length = 14 bytes)
$SignString97 will be placed at 8024C1BC (length = 14 bytes)
$SignString96 will be placed at 8024C1D0 (length = 14 bytes)
$SignString95 will be placed at 8024C1E4 (length = 14 bytes)
$SignString94 will be placed at 8024C1F8 (length = 14 bytes)
$SignString93 will be placed at 8024C20C (length = 14 bytes)
$SignString92 will be placed at 8024C220 (length = 14 bytes)
$SignString91 will be placed at 8024C234 (length = 14 bytes)
$SignString90 will be placed at 8024C248 (length = 14 bytes)
$SignString59 will be placed at 8024C25C (length = 14 bytes)
$SignString58 will be placed at 8024C270 (length = 14 bytes)
$SignString57 will be placed at 8024C284 (length = 14 bytes)
$SignString56 will be placed at 8024C298 (length = 14 bytes)
$SignString55 will be placed at 8024C2AC (length = 14 bytes)
$SignString54 will be placed at 8024C2C0 (length = 14 bytes)
$SignString53 will be placed at 8024C2D4 (length = 14 bytes)
$SignString52 will be placed at 8024C2E8 (length = 14 bytes)
$SignString51 will be placed at 8024C2FC (length = 14 bytes)
$SignString50 will be placed at 8024C310 (length = 14 bytes)
$SignString69 will be placed at 8024C324 (length = 14 bytes)
$SignString68 will be placed at 8024C338 (length = 14 bytes)
$SignString67 will be placed at 8024C34C (length = 14 bytes)
$SignString66 will be placed at 8024C360 (length = 14 bytes)
$SignString65 will be placed at 8024C374 (length = 14 bytes)
$SignString64 will be placed at 8024C388 (length = 14 bytes)
$SignString63 will be placed at 8024C39C (length = 14 bytes)
$SignString62 will be placed at 8024C3B0 (length = 14 bytes)
$SignString61 will be placed at 8024C3C4 (length = 14 bytes)
$SignString60 will be placed at 8024C3D8 (length = 14 bytes)
$SignString79 will be placed at 8024C3EC (length = 14 bytes)
$SignString78 will be placed at 8024C400 (length = 14 bytes)
$SignString77 will be placed at 8024C414 (length = 14 bytes)
$SignString76 will be placed at 8024C428 (length = 14 bytes)
$SignString75 will be placed at 8024C43C (length = 14 bytes)
$SignString74 will be placed at 8024C450 (length = 14 bytes)
$SignString73 will be placed at 8024C464 (length = 14 bytes)
$SignString72 will be placed at 8024C478 (length = 14 bytes)
$SignString71 will be placed at 8024C48C (length = 14 bytes)
$SignString70 will be placed at 8024C4A0 (length = 14 bytes)
$SignString89 will be placed at 8024C4B4 (length = 14 bytes)
$SignString88 will be placed at 8024C4C8 (length = 14 bytes)
$SignString87 will be placed at 8024C4DC (length = 14 bytes)
$SignString86 will be placed at 8024C4F0 (length = 14 bytes)
$SignString85 will be placed at 8024C504 (length = 14 bytes)
$SignString84 will be placed at 8024C518 (length = 14 bytes)
$SignString83 will be placed at 8024C52C (length = 14 bytes)
$SignString82 will be placed at 8024C540 (length = 14 bytes)
$SignString81 will be placed at 8024C554 (length = 14 bytes)
$SignString80 will be placed at 8024C568 (length = 14 bytes)
$SignString19 will be placed at 8024C57C (length = 14 bytes)
$SignString18 will be placed at 8024C590 (length = 14 bytes)
$SignString17 will be placed at 8024C5A4 (length = 14 bytes)
$SignString16 will be placed at 8024C5B8 (length = 14 bytes)
$SignString15 will be placed at 8024C5CC (length = 14 bytes)
$SignString14 will be placed at 8024C5E0 (length = 14 bytes)
$SignString13 will be placed at 8024C5F4 (length = 14 bytes)
$SignString12 will be placed at 8024C608 (length = 14 bytes)
$SignString11 will be placed at 8024C61C (length = 14 bytes)
$SignString10 will be placed at 8024C630 (length = 14 bytes)
$SignString3 will be placed at 8024C644 (length = 14 bytes)
$SignString2 will be placed at 8024C658 (length = 14 bytes)
$SignString5 will be placed at 8024C66C (length = 14 bytes)
$SignString4 will be placed at 8024C680 (length = 14 bytes)
$SignString7 will be placed at 8024C694 (length = 14 bytes)
$SignString6 will be placed at 8024C6A8 (length = 14 bytes)
$SignString9 will be placed at 8024C6BC (length = 14 bytes)
$SignString8 will be placed at 8024C6D0 (length = 14 bytes)
$SignString29 will be placed at 8024C6E4 (length = 14 bytes)
$SignString28 will be placed at 8024C6F8 (length = 14 bytes)
$SignString27 will be placed at 8024C70C (length = 14 bytes)
$SignString26 will be placed at 8024C720 (length = 14 bytes)
$SignString25 will be placed at 8024C734 (length = 14 bytes)
$SignString24 will be placed at 8024C748 (length = 14 bytes)
$SignString23 will be placed at 8024C75C (length = 14 bytes)
$SignString22 will be placed at 8024C770 (length = 14 bytes)
$SignString21 will be placed at 8024C784 (length = 14 bytes)
$SignString20 will be placed at 8024C798 (length = 14 bytes)
$SignString will be placed at 8024C7AC (length = 14 bytes)
$SignString39 will be placed at 8024C7C0 (length = 14 bytes)
$SignString38 will be placed at 8024C7D4 (length = 14 bytes)
$SignString37 will be placed at 8024C7E8 (length = 14 bytes)
$SignString36 will be placed at 8024C7FC (length = 14 bytes)
$SignString35 will be placed at 8024C810 (length = 14 bytes)
$SignString34 will be placed at 8024C824 (length = 14 bytes)
$SignString33 will be placed at 8024C838 (length = 14 bytes)
$SignString32 will be placed at 8024C84C (length = 14 bytes)
$SignString31 will be placed at 8024C860 (length = 14 bytes)
$SignString30 will be placed at 8024C874 (length = 14 bytes)
$SignString49 will be placed at 8024C888 (length = 14 bytes)
$SignString48 will be placed at 8024C89C (length = 14 bytes)
$SignString47 will be placed at 8024C8B0 (length = 14 bytes)
$SignString46 will be placed at 8024C8C4 (length = 14 bytes)
$SignString45 will be placed at 8024C8D8 (length = 14 bytes)
$SignString44 will be placed at 8024C8EC (length = 14 bytes)
$SignString43 will be placed at 8024C900 (length = 14 bytes)
$SignString42 will be placed at 8024C914 (length = 14 bytes)
$SignString41 will be placed at 8024C928 (length = 14 bytes)
$SignString40 will be placed at 8024C93C (length = 14 bytes)
$ASCII_pit_02_Literal will be placed at 8024C950 (length = C bytes)
$ASCII_pit_90_Literal will be placed at 8024C95C (length = C bytes)
$ASCII_pit_34_Literal will be placed at 8024C968 (length = C bytes)
$ASCII_pit_66_Literal will be placed at 8024C974 (length = C bytes)
$ASCII_pit_98_Literal will be placed at 8024C980 (length = C bytes)
$ASCII_pit_19_Literal will be placed at 8024C98C (length = C bytes)
$ASCII_pit_57_Literal will be placed at 8024C998 (length = C bytes)
$ASCII_pit_69_Literal will be placed at 8024C9A4 (length = C bytes)
$ASCII_pit_72_Literal will be placed at 8024C9B0 (length = C bytes)
$ASCII_pit_81_Literal will be placed at 8024C9BC (length = C bytes)
$ASCII_pit_43_Literal will be placed at 8024C9C8 (length = C bytes)
$ASCII_pit_28_Literal will be placed at 8024C9D4 (length = C bytes)
$ASCII_pit_78_Literal will be placed at 8024C9E0 (length = C bytes)
$ASCII_pit_63_Literal will be placed at 8024C9EC (length = C bytes)
$ASCII_pit_46_Literal will be placed at 8024C9F8 (length = C bytes)
$ASCII_pit_95_Literal will be placed at 8024CA04 (length = C bytes)
$ASCII_pit_16_Literal will be placed at 8024CA10 (length = C bytes)
$ASCII_pit_37_Literal will be placed at 8024CA1C (length = C bytes)
$ASCII_pit_22_Literal will be placed at 8024CA28 (length = C bytes)
$ASCII_pit_05_Literal will be placed at 8024CA34 (length = C bytes)
$ASCII_pit_25_Literal will be placed at 8024CA40 (length = C bytes)
$ASCII_pit_54_Literal will be placed at 8024CA4C (length = C bytes)
$ASCII_pit_08_Literal will be placed at 8024CA58 (length = C bytes)
$ASCII_pit_87_Literal will be placed at 8024CA64 (length = C bytes)
$ASCII_pit_75_Literal will be placed at 8024CA70 (length = C bytes)
$ASCII_pit_13_Literal will be placed at 8024CA7C (length = C bytes)
$ASCII_pit_32_Literal will be placed at 8024CA88 (length = C bytes)
$ASCII_pit_92_Literal will be placed at 8024CA94 (length = C bytes)
$ASCII_pit_17_Literal will be placed at 8024CAA0 (length = C bytes)
$ASCII_pit_49_Literal will be placed at 8024CAAC (length = C bytes)
$ASCII_pit_77_Literal will be placed at 8024CAB8 (length = C bytes)
$ASCII_pit_96_Literal will be placed at 8024CAC4 (length = C bytes)
$ASCII_pit_68_Literal will be placed at 8024CAD0 (length = C bytes)
$ASCII_pit_51_Literal will be placed at 8024CADC (length = C bytes)
$ASCII_pit_04_Literal will be placed at 8024CAE8 (length = C bytes)
$ASCII_pit_83_Literal will be placed at 8024CAF4 (length = C bytes)
$ASCII_pit_86_Literal will be placed at 8024CB00 (length = C bytes)
$ASCII_pit_26_Literal will be placed at 8024CB0C (length = C bytes)
$ASCII_pit_41_Literal will be placed at 8024CB18 (length = C bytes)
$ASCII_pit_14_Literal will be placed at 8024CB24 (length = C bytes)
$ASCII_pit_74_Literal will be placed at 8024CB30 (length = C bytes)
$ASCII_pit_60_Literal will be placed at 8024CB3C (length = C bytes)
$ASCII_pit_59_Literal will be placed at 8024CB48 (length = C bytes)
$ASCII_pit_93_Literal will be placed at 8024CB54 (length = C bytes)
$ASCII_pit_65_Literal will be placed at 8024CB60 (length = C bytes)
$ASCII_pit_07_Literal will be placed at 8024CB6C (length = C bytes)
$ASCII_pit_20_Literal will be placed at 8024CB78 (length = C bytes)
$ASCII_pit_35_Literal will be placed at 8024CB84 (length = C bytes)
$ASCII_pit_23_Literal will be placed at 8024CB90 (length = C bytes)
$ASCII_pit_11_Literal will be placed at 8024CB9C (length = C bytes)
$ASCII_pit_56_Literal will be placed at 8024CBA8 (length = C bytes)
$ASCII_pit_44_Literal will be placed at 8024CBB4 (length = C bytes)
$ASCII_pit_89_Literal will be placed at 8024CBC0 (length = C bytes)
$ASCII_pit_79_Literal will be placed at 8024CBCC (length = C bytes)
$ASCII_pit_62_Literal will be placed at 8024CBD8 (length = C bytes)
$ASCII_pit_94_Literal will be placed at 8024CBE4 (length = C bytes)
$ASCII_pit_47_Literal will be placed at 8024CBF0 (length = C bytes)
$ASCII_pit_21_Literal will be placed at 8024CBFC (length = C bytes)
$ASCII_pit_06_Literal will be placed at 8024CC08 (length = C bytes)
$ASCII_pit_53_Literal will be placed at 8024CC14 (length = C bytes)
$ASCII_pit_09_Literal will be placed at 8024CC20 (length = C bytes)
$ASCII_pit_88_Literal will be placed at 8024CC2C (length = C bytes)
$ASCII_pit_38_Literal will be placed at 8024CC38 (length = C bytes)
$ASCII_pit_24_Literal will be placed at 8024CC44 (length = C bytes)
$ASCII_pit_12_Literal will be placed at 8024CC50 (length = C bytes)
$ASCII_pit_76_Literal will be placed at 8024CC5C (length = C bytes)
$ASCII_pit_01_Literal will be placed at 8024CC68 (length = C bytes)
$ASCII_pit_50_Literal will be placed at 8024CC74 (length = C bytes)
$ASCII_pit_33_Literal will be placed at 8024CC80 (length = C bytes)
$ASCII_pit_99_Literal will be placed at 8024CC8C (length = C bytes)
$ASCII_pit_67_Literal will be placed at 8024CC98 (length = C bytes)
$ASCII_pit_71_Literal will be placed at 8024CCA4 (length = C bytes)
$ASCII_pit_42_Literal will be placed at 8024CCB0 (length = C bytes)
$ASCII_pit_80_Literal will be placed at 8024CCBC (length = C bytes)
$ASCII_pit_29_Literal will be placed at 8024CCC8 (length = C bytes)
$ASCII_pit_58_Literal will be placed at 8024CCD4 (length = C bytes)
$ASCII_pit_30_Literal will be placed at 8024CCE0 (length = C bytes)
$ASCII_pit_00_Literal will be placed at 8024CCEC (length = C bytes)
$ASCII_pit_64_Literal will be placed at 8024CCF8 (length = C bytes)
$ASCII_pit_36_Literal will be placed at 8024CD04 (length = C bytes)
$ASCII_pit_55_Literal will be placed at 8024CD10 (length = C bytes)
$ASCII_pit_10_Literal will be placed at 8024CD1C (length = C bytes)
$ASCII_pit_45_Literal will be placed at 8024CD28 (length = C bytes)
$ASCII_pit_18_Literal will be placed at 8024CD34 (length = C bytes)
$ASCII_pit_48_Literal will be placed at 8024CD40 (length = C bytes)
$ASCII_pit_03_Literal will be placed at 8024CD4C (length = C bytes)
$ASCII_pit_31_Literal will be placed at 8024CD58 (length = C bytes)
$ASCII_pit_91_Literal will be placed at 8024CD64 (length = C bytes)
$ASCII_pit_97_Literal will be placed at 8024CD70 (length = C bytes)
$ASCII_pit_82_Literal will be placed at 8024CD7C (length = C bytes)
$ASCII_pit_52_Literal will be placed at 8024CD88 (length = C bytes)
$ASCII_pit_70_Literal will be placed at 8024CD94 (length = C bytes)
$ASCII_pit_85_Literal will be placed at 8024CDA0 (length = C bytes)
$ASCII_pit_40_Literal will be placed at 8024CDAC (length = C bytes)
$ASCII_pit_39_Literal will be placed at 8024CDB8 (length = C bytes)
$ASCII_pit_73_Literal will be placed at 8024CDC4 (length = C bytes)
$ASCII_pit_15_Literal will be placed at 8024CDD0 (length = C bytes)
$ASCII_pit_27_Literal will be placed at 8024CDDC (length = C bytes)
$ASCII_pit_61_Literal will be placed at 8024CDE8 (length = C bytes)
$ASCII_pit_842_Literal will be placed at 8024CDF4 (length = 8 bytes)
$ASCII_pit_100_Literal will be placed at 8024CDFC (length = 8 bytes)
$ASCII_tik_tex_Literal will be placed at 8024CE04 (length = 8 bytes)
$MoverCancel will be placed at 8024CE0C (length = 4 bytes)
$BanditMoverCancel will be placed at 8024CE10 (length = 4 bytes)
Executing patch: pit_03.mpat
Loaded map pit_03
Creating struct: $EntryList
Creating struct: $DeepestLevel
Creating struct: $TotalLevels
Creating struct: $LoadHighscores
Creating struct: $FallingDownPipe
Creating struct: $Function_GetPos
Creating struct: $Function2
Creating struct: $SetSpawns
Creating struct: $Script_SetNPCPos
Creating struct: $SwitchPath
Creating struct: $VectorList_80244998
Creating struct: $GetPos
Creating struct: $Function_GetDamageTaken
Creating struct: $Function_ResetDamage
Creating struct: $DispawnParthner
Creating struct: $RespawnParthner
Creating struct: $LoadMap
Creating struct: $Script_LoadMapMover_Roguelike
Creating struct: $GetFloor
Creating struct: $LoadCoinsMover
Creating struct: $LoadMapBandit
Creating struct: $GetFloorBandit
Creating struct: $Script_Init_80243B20
Creating struct: $Script_80243A6C
Creating struct: $Script_AddCoins
Creating struct: $Script_SubstractCoins
Creating struct: $NPC_Settings_Sack
Creating struct: $Script_Init_Bag
Creating struct: $Script_Init_Bag_HitBox
Creating struct: $Script_NPC_SackHit_Init
Creating struct: $Script_NPC_Sack_FX
Creating struct: $NPC_Sack_AnimationStart
Creating struct: $NPC_Sack_AnimationEnd
Creating struct: $Script_SackAnimation_Start_GoToTheRight
Creating struct: $Script_SackAnimation_Start_GoToTheLeft
Creating struct: $Script_SackAnimation_End_Right
Creating struct: $Script_SackAnimation_End_Left
Creating struct: $Function_LoadGainedCoins
Creating struct: $Function_RevivePlayer
Creating struct: $AISettings_MoneySack
Creating struct: $Script_NpcAI_MoneySack
Creating struct: $JumpTable_80242448
Creating struct: $Function_NpcAI_MoneySack
Creating struct: $Function_80240260
Creating struct: $Function_80240844
Creating struct: $Function_802409A8
Creating struct: $Script_TrackPlayer
Creating struct: $Script_PipeAnimation
Creating struct: $Function_SetAnimation
Creating struct: $Function_GetColliderPos
Creating struct: $Function_TrackInput
Creating struct: $GoToNextLevel
Creating struct: $GoToNextLevel_Roguelike
Creating struct: $Script_SetSetsOfLevels
Creating struct: $Script_LoadMap_Roguelike
Creating struct: $Script_LoadChestMap_Roguelike
Creating struct: $Script_LoadMap_Mover_Roguelike
Creating struct: $Script_LoadChestMap_Mover_Roguelike
Creating struct: $GetFloorPit
Creating struct: $GetFloorSign
Creating struct: $Function_GetTattle1
Creating struct: $Function_GetTattle2
Creating struct: $Script_ReadSign
Creating struct: $Header
Creating struct: $Function_Init
Creating struct: $Script_Main
Creating struct: $NpcGroups
Creating struct: $NpcGroup_Mover
Creating struct: $BlankSettings
Creating struct: $Script_Init_Mover
Creating struct: $Interact_Mover
Creating struct: $Script_MoverWarpAnimation
Creating struct: $NpcGroup_BanditMover
Creating struct: $Script_Init_BanditMover
Creating struct: $Interact_BanditMover
Creating struct: $NpcGroup_Enemy1
Creating struct: $NpcGroup_Enemy2
Creating struct: $NpcGroup_Enemy3
Creating struct: $NpcGroup_Enemy4
Creating struct: $NpcGroup_Enemy5
Creating struct: $NpcGroup_Enemy6
Creating struct: $NpcSettings_Enemy1
Creating struct: $Script_EnemyAI
Creating struct: $ConstDouble_80243440
Creating struct: $ConstDouble_80243448
Creating struct: $ConstDouble_80243450
Creating struct: $JumpTable_80243458
Creating struct: $FloatTable_80241B2C
Creating struct: $Function_8024130C
Creating struct: $Function_80240000
Creating struct: $Function_802401B0
Creating struct: $Function_802407D8
Creating struct: $Function_80240898
Creating struct: $Function_80240BDC
Creating struct: $Function_80240C54
Creating struct: $Function_80240CC0
Creating struct: $Function_80240DF4
Creating struct: $Function_80240E58
Creating struct: $Function_802411E8
Creating struct: $AISettings_Enemy
Creating struct: $Script_DisableEnemyAI
Creating struct: $AISettings_DisableEnemy
Creating struct: $PipeSpawning
Creating struct: $Script_MakeEntities
Creating struct: $CommingDownPipe
Creating struct: $Script_MakeExits
Creating struct: $Script_Exit0
Merged 1 regions to 1
$Script_LoadMap_Mover_Roguelike will be placed at 80240000 (length = F14 bytes)
$LoadMap will be placed at 80240F14 (length = EF4 bytes)
$Script_ReadSign will be placed at 80241E08 (length = EEC bytes)
$LoadMapBandit will be placed at 80242CF4 (length = EA4 bytes)
$Script_LoadMap_Roguelike will be placed at 80243B98 (length = D9C bytes)
$GoToNextLevel will be placed at 80244934 (length = D10 bytes)
$GoToNextLevel_Roguelike will be placed at 80245644 (length = 868 bytes)
$Function_802401B0 will be placed at 80245EAC (length = 62C bytes)
$Function_80240260 will be placed at 802464D8 (length = 5E4 bytes)
$Function_80240E58 will be placed at 80246ABC (length = 390 bytes)
$SetSpawns will be placed at 80246E4C (length = 384 bytes)
$FallingDownPipe will be placed at 802471D0 (length = 37C bytes)
$Script_SetSetsOfLevels will be placed at 8024754C (length = 358 bytes)
$Function_80240898 will be placed at 802478A4 (length = 340 bytes)
$Script_SetNPCPos will be placed at 80247BE4 (length = 2F4 bytes)
$Function_NpcAI_MoneySack will be placed at 80247ED8 (length = 238 bytes)
$Script_SackAnimation_Start_GoToTheRight will be placed at 80248110 (length = 230 bytes)
$Script_SackAnimation_Start_GoToTheLeft will be placed at 80248340 (length = 1F8 bytes)
$Interact_Mover will be placed at 80248538 (length = 1F8 bytes)
$NpcGroup_Enemy3 will be placed at 80248730 (length = 1F0 bytes)
$NpcGroup_Enemy4 will be placed at 80248920 (length = 1F0 bytes)
$NpcGroup_Enemy5 will be placed at 80248B10 (length = 1F0 bytes)
$NpcGroup_Enemy6 will be placed at 80248D00 (length = 1F0 bytes)
$NpcGroup_Enemy1 will be placed at 80248EF0 (length = 1F0 bytes)
$NpcGroup_Enemy2 will be placed at 802490E0 (length = 1F0 bytes)
$NpcGroup_Mover will be placed at 802492D0 (length = 1F0 bytes)
$NpcGroup_BanditMover will be placed at 802494C0 (length = 1F0 bytes)
$Interact_BanditMover will be placed at 802496B0 (length = 1EC bytes)
$Function_8024130C will be placed at 8024989C (length = 1EC bytes)
$Script_PipeAnimation will be placed at 80249A88 (length = 1D0 bytes)
$Function_80240000 will be placed at 80249C58 (length = 1B4 bytes)
$JumpTable_80242448 will be placed at 80249E0C (length = 190 bytes)
$Script_LoadChestMap_Mover_Roguelike will be placed at 80249F9C (length = 18C bytes)
$PipeSpawning will be placed at 8024A128 (length = 178 bytes)
$NPC_Sack_AnimationStart will be placed at 8024A2A0 (length = 168 bytes)
$Function_80240844 will be placed at 8024A408 (length = 164 bytes)
$Script_LoadChestMap_Roguelike will be placed at 8024A56C (length = 164 bytes)
$Script_NPC_SackHit_Init will be placed at 8024A6D0 (length = 160 bytes)
$Script_SackAnimation_End_Right will be placed at 8024A830 (length = 158 bytes)
$Script_SackAnimation_End_Left will be placed at 8024A988 (length = 150 bytes)
$MapTattle5 will be placed at 8024AAD8 (length = 13C bytes)
$Function_80240CC0 will be placed at 8024AC14 (length = 134 bytes)
$MapTattle4 will be placed at 8024AD48 (length = 130 bytes)
$GetFloor will be placed at 8024AE78 (length = 12C bytes)
$Function_802411E8 will be placed at 8024AFA4 (length = 124 bytes)
$BanditMover_Tattle will be placed at 8024B0C8 (length = 124 bytes)
$Script_Main will be placed at 8024B1EC (length = 120 bytes)
$Script_80243A6C will be placed at 8024B30C (length = 114 bytes)
$Script_SubstractCoins will be placed at 8024B420 (length = 10C bytes)
$Script_LoadMapMover_Roguelike will be placed at 8024B52C (length = 104 bytes)
$GetFloorBandit will be placed at 8024B630 (length = F4 bytes)
$Script_MoverWarpAnimation will be placed at 8024B724 (length = F0 bytes)
$Function_GetColliderPos will be placed at 8024B814 (length = E0 bytes)
$Function_GetPos will be placed at 8024B8F4 (length = E0 bytes)
$Script_TrackPlayer will be placed at 8024B9D4 (length = DC bytes)
$MapTattle2 will be placed at 8024BAB0 (length = D4 bytes)
$Function_802407D8 will be placed at 8024BB84 (length = C0 bytes)
$Function_TrackInput will be placed at 8024BC44 (length = BC bytes)
$MapTattle3 will be placed at 8024BD00 (length = B0 bytes)
$Script_MakeEntities will be placed at 8024BDB0 (length = A8 bytes)
$MapTattle1 will be placed at 8024BE58 (length = A8 bytes)
$Script_NpcAI_MoneySack will be placed at 8024BF00 (length = A8 bytes)
$MoverStart will be placed at 8024BFA8 (length = A4 bytes)
$SwitchPath will be placed at 8024C04C (length = A4 bytes)
$Script_NPC_Sack_FX will be placed at 8024C0F0 (length = A4 bytes)
$GetPos will be placed at 8024C194 (length = 9C bytes)
$Script_AddCoins will be placed at 8024C230 (length = 98 bytes)
$BanditMoverStart will be placed at 8024C2C8 (length = 98 bytes)
$Mover_Tattle will be placed at 8024C360 (length = 94 bytes)
$Function_GetTattle1 will be placed at 8024C3F4 (length = 8C bytes)
$NPC_Sack_AnimationEnd will be placed at 8024C480 (length = 84 bytes)
$BanditMover_Options will be placed at 8024C504 (length = 80 bytes)
$SignStringBug will be placed at 8024C584 (length = 7C bytes)
$LoadHighscores will be placed at 8024C600 (length = 7C bytes)
$Function_80240BDC will be placed at 8024C67C (length = 78 bytes)
$Mover_Options will be placed at 8024C6F4 (length = 78 bytes)
$Script_EnemyAI will be placed at 8024C76C (length = 70 bytes)
$NpcGroups will be placed at 8024C7DC (length = 6C bytes)
$DeepestLevel will be placed at 8024C848 (length = 6C bytes)
$Function2 will be placed at 8024C8B4 (length = 6C bytes)
$Function_80240C54 will be placed at 8024C920 (length = 6C bytes)
$LoadCoinsMover will be placed at 8024C98C (length = 6C bytes)
$Function_SetAnimation will be placed at 8024C9F8 (length = 6C bytes)
$GetFloorPit will be placed at 8024CA64 (length = 68 bytes)
$MoverEnd will be placed at 8024CACC (length = 68 bytes)
$BanditMoverEnd will be placed at 8024CB34 (length = 68 bytes)
$GetFloorSign will be placed at 8024CB9C (length = 64 bytes)
$Function_80240DF4 will be placed at 8024CC00 (length = 64 bytes)
$BanditMoverNoCoins will be placed at 8024CC64 (length = 58 bytes)
$MoverNoCoins will be placed at 8024CCBC (length = 58 bytes)
$Function_GetTattle2 will be placed at 8024CD14 (length = 48 bytes)
$CommingDownPipe will be placed at 8024CD5C (length = 48 bytes)
$Script_Exit0 will be placed at 8024CDA4 (length = 48 bytes)
$Function_LoadGainedCoins will be placed at 8024CDEC (length = 48 bytes)
$Function_Init will be placed at 8024CE34 (length = 44 bytes)
$Function_802409A8 will be placed at 8024CE78 (length = 44 bytes)
$Header will be placed at 8024CEBC (length = 40 bytes)
$JumpTable_80243458 will be placed at 8024CEFC (length = 3C bytes)
$Script_Init_Bag will be placed at 8024CF38 (length = 38 bytes)
$TotalLevels will be placed at 8024CF70 (length = 38 bytes)
$Script_Init_Bag_HitBox will be placed at 8024CFA8 (length = 38 bytes)
$DispawnParthner will be placed at 8024CFE0 (length = 34 bytes)
$Function_ResetDamage will be placed at 8024D014 (length = 34 bytes)
$AISettings_MoneySack will be placed at 8024D048 (length = 30 bytes)
$AISettings_Enemy will be placed at 8024D078 (length = 30 bytes)
$AISettings_DisableEnemy will be placed at 8024D0A8 (length = 30 bytes)
$RespawnParthner will be placed at 8024D0D8 (length = 30 bytes)
$NPC_Settings_Sack will be placed at 8024D108 (length = 2C bytes)
$Function_GetDamageTaken will be placed at 8024D134 (length = 2C bytes)
$NpcSettings_Enemy1 will be placed at 8024D160 (length = 2C bytes)
$Function_RevivePlayer will be placed at 8024D18C (length = 2C bytes)
$String_CoinsGained will be placed at 8024D1B8 (length = 2C bytes)
$BlankSettings will be placed at 8024D1E4 (length = 2C bytes)
$Script_MakeExits will be placed at 8024D210 (length = 2C bytes)
$VectorList_80244998 will be placed at 8024D23C (length = 24 bytes)
$Script_Init_80243B20 will be placed at 8024D260 (length = 24 bytes)
$Script_Init_Mover will be placed at 8024D284 (length = 24 bytes)
$Script_Init_BanditMover will be placed at 8024D2A8 (length = 24 bytes)
$Script_DisableEnemyAI will be placed at 8024D2CC (length = 20 bytes)
$EntryList will be placed at 8024D2EC (length = 20 bytes)
$SignString100 will be placed at 8024D30C (length = 18 bytes)
$FloatTable_80241B2C will be placed at 8024D324 (length = 18 bytes)
$SignString1 will be placed at 8024D33C (length = 14 bytes)
$SignString99 will be placed at 8024D350 (length = 14 bytes)
$SignString98 will be placed at 8024D364 (length = 14 bytes)
$SignString97 will be placed at 8024D378 (length = 14 bytes)
$SignString96 will be placed at 8024D38C (length = 14 bytes)
$SignString95 will be placed at 8024D3A0 (length = 14 bytes)
$SignString94 will be placed at 8024D3B4 (length = 14 bytes)
$SignString93 will be placed at 8024D3C8 (length = 14 bytes)
$SignString92 will be placed at 8024D3DC (length = 14 bytes)
$SignString91 will be placed at 8024D3F0 (length = 14 bytes)
$SignString90 will be placed at 8024D404 (length = 14 bytes)
$SignString59 will be placed at 8024D418 (length = 14 bytes)
$SignString58 will be placed at 8024D42C (length = 14 bytes)
$SignString57 will be placed at 8024D440 (length = 14 bytes)
$SignString56 will be placed at 8024D454 (length = 14 bytes)
$SignString55 will be placed at 8024D468 (length = 14 bytes)
$SignString54 will be placed at 8024D47C (length = 14 bytes)
$SignString53 will be placed at 8024D490 (length = 14 bytes)
$SignString52 will be placed at 8024D4A4 (length = 14 bytes)
$SignString51 will be placed at 8024D4B8 (length = 14 bytes)
$SignString50 will be placed at 8024D4CC (length = 14 bytes)
$SignString69 will be placed at 8024D4E0 (length = 14 bytes)
$SignString68 will be placed at 8024D4F4 (length = 14 bytes)
$SignString67 will be placed at 8024D508 (length = 14 bytes)
$SignString66 will be placed at 8024D51C (length = 14 bytes)
$SignString65 will be placed at 8024D530 (length = 14 bytes)
$SignString64 will be placed at 8024D544 (length = 14 bytes)
$SignString63 will be placed at 8024D558 (length = 14 bytes)
$SignString62 will be placed at 8024D56C (length = 14 bytes)
$SignString61 will be placed at 8024D580 (length = 14 bytes)
$SignString60 will be placed at 8024D594 (length = 14 bytes)
$SignString79 will be placed at 8024D5A8 (length = 14 bytes)
$SignString78 will be placed at 8024D5BC (length = 14 bytes)
$SignString77 will be placed at 8024D5D0 (length = 14 bytes)
$SignString76 will be placed at 8024D5E4 (length = 14 bytes)
$SignString75 will be placed at 8024D5F8 (length = 14 bytes)
$SignString74 will be placed at 8024D60C (length = 14 bytes)
$SignString73 will be placed at 8024D620 (length = 14 bytes)
$SignString72 will be placed at 8024D634 (length = 14 bytes)
$SignString71 will be placed at 8024D648 (length = 14 bytes)
$SignString70 will be placed at 8024D65C (length = 14 bytes)
$SignString89 will be placed at 8024D670 (length = 14 bytes)
$SignString88 will be placed at 8024D684 (length = 14 bytes)
$SignString87 will be placed at 8024D698 (length = 14 bytes)
$SignString86 will be placed at 8024D6AC (length = 14 bytes)
$SignString85 will be placed at 8024D6C0 (length = 14 bytes)
$SignString84 will be placed at 8024D6D4 (length = 14 bytes)
$SignString83 will be placed at 8024D6E8 (length = 14 bytes)
$SignString82 will be placed at 8024D6FC (length = 14 bytes)
$SignString81 will be placed at 8024D710 (length = 14 bytes)
$SignString80 will be placed at 8024D724 (length = 14 bytes)
$SignString19 will be placed at 8024D738 (length = 14 bytes)
$SignString18 will be placed at 8024D74C (length = 14 bytes)
$SignString17 will be placed at 8024D760 (length = 14 bytes)
$SignString16 will be placed at 8024D774 (length = 14 bytes)
$SignString15 will be placed at 8024D788 (length = 14 bytes)
$SignString14 will be placed at 8024D79C (length = 14 bytes)
$SignString13 will be placed at 8024D7B0 (length = 14 bytes)
$SignString12 will be placed at 8024D7C4 (length = 14 bytes)
$SignString11 will be placed at 8024D7D8 (length = 14 bytes)
$SignString10 will be placed at 8024D7EC (length = 14 bytes)
$SignString3 will be placed at 8024D800 (length = 14 bytes)
$SignString2 will be placed at 8024D814 (length = 14 bytes)
$SignString5 will be placed at 8024D828 (length = 14 bytes)
$SignString4 will be placed at 8024D83C (length = 14 bytes)
$SignString7 will be placed at 8024D850 (length = 14 bytes)
$SignString6 will be placed at 8024D864 (length = 14 bytes)
$SignString9 will be placed at 8024D878 (length = 14 bytes)
$SignString8 will be placed at 8024D88C (length = 14 bytes)
$SignString29 will be placed at 8024D8A0 (length = 14 bytes)
$SignString28 will be placed at 8024D8B4 (length = 14 bytes)
$SignString27 will be placed at 8024D8C8 (length = 14 bytes)
$SignString26 will be placed at 8024D8DC (length = 14 bytes)
$SignString25 will be placed at 8024D8F0 (length = 14 bytes)
$SignString24 will be placed at 8024D904 (length = 14 bytes)
$SignString23 will be placed at 8024D918 (length = 14 bytes)
$SignString22 will be placed at 8024D92C (length = 14 bytes)
$SignString21 will be placed at 8024D940 (length = 14 bytes)
$SignString20 will be placed at 8024D954 (length = 14 bytes)
$SignString will be placed at 8024D968 (length = 14 bytes)
$SignString39 will be placed at 8024D97C (length = 14 bytes)
$SignString38 will be placed at 8024D990 (length = 14 bytes)
$SignString37 will be placed at 8024D9A4 (length = 14 bytes)
$SignString36 will be placed at 8024D9B8 (length = 14 bytes)
$SignString35 will be placed at 8024D9CC (length = 14 bytes)
$SignString34 will be placed at 8024D9E0 (length = 14 bytes)
$SignString33 will be placed at 8024D9F4 (length = 14 bytes)
$SignString32 will be placed at 8024DA08 (length = 14 bytes)
$SignString31 will be placed at 8024DA1C (length = 14 bytes)
$SignString30 will be placed at 8024DA30 (length = 14 bytes)
$SignString49 will be placed at 8024DA44 (length = 14 bytes)
$SignString48 will be placed at 8024DA58 (length = 14 bytes)
$SignString47 will be placed at 8024DA6C (length = 14 bytes)
$SignString46 will be placed at 8024DA80 (length = 14 bytes)
$SignString45 will be placed at 8024DA94 (length = 14 bytes)
$SignString44 will be placed at 8024DAA8 (length = 14 bytes)
$SignString43 will be placed at 8024DABC (length = 14 bytes)
$SignString42 will be placed at 8024DAD0 (length = 14 bytes)
$SignString41 will be placed at 8024DAE4 (length = 14 bytes)
$SignString40 will be placed at 8024DAF8 (length = 14 bytes)
$ASCII_pit_02_Literal will be placed at 8024DB0C (length = C bytes)
$ASCII_pit_90_Literal will be placed at 8024DB18 (length = C bytes)
$ASCII_pit_34_Literal will be placed at 8024DB24 (length = C bytes)
$ASCII_pit_66_Literal will be placed at 8024DB30 (length = C bytes)
$ASCII_pit_98_Literal will be placed at 8024DB3C (length = C bytes)
$ASCII_pit_19_Literal will be placed at 8024DB48 (length = C bytes)
$ASCII_pit_57_Literal will be placed at 8024DB54 (length = C bytes)
$ASCII_pit_69_Literal will be placed at 8024DB60 (length = C bytes)
$ASCII_pit_72_Literal will be placed at 8024DB6C (length = C bytes)
$ASCII_pit_81_Literal will be placed at 8024DB78 (length = C bytes)
$ASCII_pit_43_Literal will be placed at 8024DB84 (length = C bytes)
$ASCII_pit_28_Literal will be placed at 8024DB90 (length = C bytes)
$ASCII_pit_78_Literal will be placed at 8024DB9C (length = C bytes)
$ASCII_pit_63_Literal will be placed at 8024DBA8 (length = C bytes)
$ASCII_pit_46_Literal will be placed at 8024DBB4 (length = C bytes)
$ASCII_pit_95_Literal will be placed at 8024DBC0 (length = C bytes)
$ASCII_pit_16_Literal will be placed at 8024DBCC (length = C bytes)
$ASCII_pit_37_Literal will be placed at 8024DBD8 (length = C bytes)
$ASCII_pit_22_Literal will be placed at 8024DBE4 (length = C bytes)
$ASCII_pit_05_Literal will be placed at 8024DBF0 (length = C bytes)
$ASCII_pit_25_Literal will be placed at 8024DBFC (length = C bytes)
$ASCII_pit_54_Literal will be placed at 8024DC08 (length = C bytes)
$ASCII_pit_08_Literal will be placed at 8024DC14 (length = C bytes)
$ASCII_pit_87_Literal will be placed at 8024DC20 (length = C bytes)
$ASCII_pit_75_Literal will be placed at 8024DC2C (length = C bytes)
$ASCII_pit_13_Literal will be placed at 8024DC38 (length = C bytes)
$ASCII_pit_32_Literal will be placed at 8024DC44 (length = C bytes)
$ASCII_pit_92_Literal will be placed at 8024DC50 (length = C bytes)
$ASCII_pit_17_Literal will be placed at 8024DC5C (length = C bytes)
$ASCII_pit_49_Literal will be placed at 8024DC68 (length = C bytes)
$ASCII_pit_77_Literal will be placed at 8024DC74 (length = C bytes)
$ASCII_pit_96_Literal will be placed at 8024DC80 (length = C bytes)
$ASCII_pit_68_Literal will be placed at 8024DC8C (length = C bytes)
$ASCII_pit_51_Literal will be placed at 8024DC98 (length = C bytes)
$ASCII_pit_04_Literal will be placed at 8024DCA4 (length = C bytes)
$ASCII_pit_83_Literal will be placed at 8024DCB0 (length = C bytes)
$ASCII_pit_86_Literal will be placed at 8024DCBC (length = C bytes)
$ASCII_pit_26_Literal will be placed at 8024DCC8 (length = C bytes)
$ASCII_pit_41_Literal will be placed at 8024DCD4 (length = C bytes)
$ASCII_pit_14_Literal will be placed at 8024DCE0 (length = C bytes)
$ASCII_pit_74_Literal will be placed at 8024DCEC (length = C bytes)
$ASCII_pit_60_Literal will be placed at 8024DCF8 (length = C bytes)
$ASCII_pit_59_Literal will be placed at 8024DD04 (length = C bytes)
$ASCII_pit_93_Literal will be placed at 8024DD10 (length = C bytes)
$ASCII_pit_65_Literal will be placed at 8024DD1C (length = C bytes)
$ASCII_pit_07_Literal will be placed at 8024DD28 (length = C bytes)
$ASCII_pit_20_Literal will be placed at 8024DD34 (length = C bytes)
$ASCII_pit_35_Literal will be placed at 8024DD40 (length = C bytes)
$ASCII_pit_23_Literal will be placed at 8024DD4C (length = C bytes)
$ASCII_pit_11_Literal will be placed at 8024DD58 (length = C bytes)
$ASCII_pit_56_Literal will be placed at 8024DD64 (length = C bytes)
$ASCII_pit_44_Literal will be placed at 8024DD70 (length = C bytes)
$ASCII_pit_89_Literal will be placed at 8024DD7C (length = C bytes)
$ASCII_pit_79_Literal will be placed at 8024DD88 (length = C bytes)
$ASCII_pit_62_Literal will be placed at 8024DD94 (length = C bytes)
$ASCII_pit_94_Literal will be placed at 8024DDA0 (length = C bytes)
$ASCII_pit_47_Literal will be placed at 8024DDAC (length = C bytes)
$ASCII_pit_21_Literal will be placed at 8024DDB8 (length = C bytes)
$ASCII_pit_06_Literal will be placed at 8024DDC4 (length = C bytes)
$ASCII_pit_53_Literal will be placed at 8024DDD0 (length = C bytes)
$ASCII_pit_09_Literal will be placed at 8024DDDC (length = C bytes)
$ASCII_pit_88_Literal will be placed at 8024DDE8 (length = C bytes)
$ASCII_pit_38_Literal will be placed at 8024DDF4 (length = C bytes)
$ASCII_pit_24_Literal will be placed at 8024DE00 (length = C bytes)
$ASCII_pit_12_Literal will be placed at 8024DE0C (length = C bytes)
$ASCII_pit_76_Literal will be placed at 8024DE18 (length = C bytes)
$ASCII_pit_01_Literal will be placed at 8024DE24 (length = C bytes)
$ASCII_pit_50_Literal will be placed at 8024DE30 (length = C bytes)
$ASCII_pit_33_Literal will be placed at 8024DE3C (length = C bytes)
$ASCII_pit_99_Literal will be placed at 8024DE48 (length = C bytes)
$ASCII_pit_67_Literal will be placed at 8024DE54 (length = C bytes)
$ASCII_pit_71_Literal will be placed at 8024DE60 (length = C bytes)
$ASCII_pit_42_Literal will be placed at 8024DE6C (length = C bytes)
$ASCII_pit_80_Literal will be placed at 8024DE78 (length = C bytes)
$ASCII_pit_29_Literal will be placed at 8024DE84 (length = C bytes)
$ASCII_pit_58_Literal will be placed at 8024DE90 (length = C bytes)
$ASCII_pit_30_Literal will be placed at 8024DE9C (length = C bytes)
$ASCII_pit_00_Literal will be placed at 8024DEA8 (length = C bytes)
$ASCII_pit_64_Literal will be placed at 8024DEB4 (length = C bytes)
$ASCII_pit_36_Literal will be placed at 8024DEC0 (length = C bytes)
$ASCII_pit_55_Literal will be placed at 8024DECC (length = C bytes)
$ASCII_pit_10_Literal will be placed at 8024DED8 (length = C bytes)
$ASCII_pit_45_Literal will be placed at 8024DEE4 (length = C bytes)
$ASCII_pit_18_Literal will be placed at 8024DEF0 (length = C bytes)
$ASCII_pit_48_Literal will be placed at 8024DEFC (length = C bytes)
$ASCII_pit_03_Literal will be placed at 8024DF08 (length = C bytes)
$ASCII_pit_31_Literal will be placed at 8024DF14 (length = C bytes)
$ASCII_pit_91_Literal will be placed at 8024DF20 (length = C bytes)
$ASCII_pit_97_Literal will be placed at 8024DF2C (length = C bytes)
$ASCII_pit_82_Literal will be placed at 8024DF38 (length = C bytes)
$ASCII_pit_52_Literal will be placed at 8024DF44 (length = C bytes)
$ASCII_pit_70_Literal will be placed at 8024DF50 (length = C bytes)
$ASCII_pit_85_Literal will be placed at 8024DF5C (length = C bytes)
$ASCII_pit_40_Literal will be placed at 8024DF68 (length = C bytes)
$ASCII_pit_39_Literal will be placed at 8024DF74 (length = C bytes)
$ASCII_pit_73_Literal will be placed at 8024DF80 (length = C bytes)
$ASCII_pit_15_Literal will be placed at 8024DF8C (length = C bytes)
$ASCII_pit_27_Literal will be placed at 8024DF98 (length = C bytes)
$ASCII_pit_61_Literal will be placed at 8024DFA4 (length = C bytes)
$ConstDouble_80243448 will be placed at 8024DFB0 (length = 8 bytes)
$ConstDouble_80243440 will be placed at 8024DFB8 (length = 8 bytes)
$ASCII_pit_842_Literal will be placed at 8024DFC0 (length = 8 bytes)
$ConstDouble_80243450 will be placed at 8024DFC8 (length = 8 bytes)
$ASCII_pit_100_Literal will be placed at 8024DFD0 (length = 8 bytes)
$ASCII_tik_tex_Literal will be placed at 8024DFD8 (length = 8 bytes)
$MoverCancel will be placed at 8024DFE0 (length = 4 bytes)
$BanditMoverCancel will be placed at 8024DFE4 (length = 4 bytes)
Executing patch: pit_04.mpat
Loaded map pit_01
Creating struct: $EntryList
Creating struct: $DeepestLevel
Creating struct: $TotalLevels
Creating struct: $LoadHighscores
Creating struct: $FallingDownPipe
Creating struct: $Function_GetPos
Creating struct: $Function2
Creating struct: $SetSpawns
Creating struct: $Script_SetNPCPos
Creating struct: $SwitchPath
Creating struct: $VectorList_80244998
Creating struct: $GetPos
Creating struct: $Function_GetDamageTaken
Creating struct: $Function_ResetDamage
Creating struct: $DispawnParthner
Creating struct: $RespawnParthner
Creating struct: $LoadMap
Creating struct: $Script_LoadMapMover_Roguelike
Creating struct: $GetFloor
Creating struct: $LoadCoinsMover
Creating struct: $LoadMapBandit
Creating struct: $GetFloorBandit
Creating struct: $Script_Init_80243B20
Creating struct: $Script_80243A6C
Creating struct: $Script_AddCoins
Creating struct: $Script_SubstractCoins
Creating struct: $NPC_Settings_Sack
Creating struct: $Script_Init_Bag
Creating struct: $Script_Init_Bag_HitBox
Creating struct: $Script_NPC_SackHit_Init
Creating struct: $Script_NPC_Sack_FX
Creating struct: $NPC_Sack_AnimationStart
Creating struct: $NPC_Sack_AnimationEnd
Creating struct: $Script_SackAnimation_Start_GoToTheRight
Creating struct: $Script_SackAnimation_Start_GoToTheLeft
Creating struct: $Script_SackAnimation_End_Right
Creating struct: $Script_SackAnimation_End_Left
Creating struct: $Function_LoadGainedCoins
Creating struct: $Function_RevivePlayer
Creating struct: $AISettings_MoneySack
Creating struct: $Script_NpcAI_MoneySack
Creating struct: $JumpTable_80242448
Creating struct: $Function_NpcAI_MoneySack
Creating struct: $Function_80240260
Creating struct: $Function_80240844
Creating struct: $Function_802409A8
Creating struct: $Script_TrackPlayer
Creating struct: $Script_PipeAnimation
Creating struct: $Function_SetAnimation
Creating struct: $Function_GetColliderPos
Creating struct: $Function_TrackInput
Creating struct: $GoToNextLevel
Creating struct: $GoToNextLevel_Roguelike
Creating struct: $Script_SetSetsOfLevels
Creating struct: $Script_LoadMap_Roguelike
Creating struct: $Script_LoadChestMap_Roguelike
Creating struct: $Script_LoadMap_Mover_Roguelike
Creating struct: $Script_LoadChestMap_Mover_Roguelike
Creating struct: $GetFloorPit
Creating struct: $GetFloorSign
Creating struct: $Function_GetTattle1
Creating struct: $Function_GetTattle2
Creating struct: $Script_ReadSign
Creating struct: $Header
Creating struct: $Function_Init
Creating struct: $Script_Main
Creating struct: $NpcGroups
Creating struct: $NpcGroup_Mover
Creating struct: $BlankSettings
Creating struct: $Script_Init_Mover
Creating struct: $Interact_Mover
Creating struct: $Script_MoverWarpAnimation
Creating struct: $NpcGroup_BanditMover
Creating struct: $Script_Init_BanditMover
Creating struct: $Interact_BanditMover
Creating struct: $NpcGroup_Enemy1
Creating struct: $NpcGroup_Enemy2
Creating struct: $NpcGroup_Enemy3
Creating struct: $NpcGroup_Enemy4
Creating struct: $NpcGroup_Enemy5
Creating struct: $NpcGroup_Enemy6
Creating struct: $NpcSettings_Enemy1
Creating struct: $Script_EnemyAI
Creating struct: $AISettings_Enemy
Creating struct: $ConstDouble_802471E0
Creating struct: $JumpTable_802471E8
Creating struct: $Function_802406A4
Creating struct: $Function_80240310
Creating struct: $Function_8024038C
Creating struct: $Function_802404C0
Creating struct: $Function_80240624
Creating struct: $Script_DisableEnemyAI
Creating struct: $AISettings_DisableEnemy
Creating struct: $PipeSpawning
Creating struct: $Script_MakeEntities
Creating struct: $CommingDownPipe
Creating struct: $Script_MakeExits
Creating struct: $Script_Exit0
Merged 1 regions to 1
$Script_LoadMap_Mover_Roguelike will be placed at 80240000 (length = F14 bytes)
$LoadMap will be placed at 80240F14 (length = EF4 bytes)
$Script_ReadSign will be placed at 80241E08 (length = EEC bytes)
$LoadMapBandit will be placed at 80242CF4 (length = EA4 bytes)
$Script_LoadMap_Roguelike will be placed at 80243B98 (length = D9C bytes)
$GoToNextLevel will be placed at 80244934 (length = D10 bytes)
$GoToNextLevel_Roguelike will be placed at 80245644 (length = 868 bytes)
$Function_80240260 will be placed at 80245EAC (length = 5E4 bytes)
$Function_802406A4 will be placed at 80246490 (length = 440 bytes)
$SetSpawns will be placed at 802468D0 (length = 384 bytes)
$FallingDownPipe will be placed at 80246C54 (length = 37C bytes)
$Script_SetSetsOfLevels will be placed at 80246FD0 (length = 358 bytes)
$Script_SetNPCPos will be placed at 80247328 (length = 2F4 bytes)
$Function_NpcAI_MoneySack will be placed at 8024761C (length = 238 bytes)
$Script_SackAnimation_Start_GoToTheRight will be placed at 80247854 (length = 230 bytes)
$Script_SackAnimation_Start_GoToTheLeft will be placed at 80247A84 (length = 1F8 bytes)
$Interact_Mover will be placed at 80247C7C (length = 1F8 bytes)
$NpcGroup_Enemy3 will be placed at 80247E74 (length = 1F0 bytes)
$NpcGroup_Enemy4 will be placed at 80248064 (length = 1F0 bytes)
$NpcGroup_Enemy5 will be placed at 80248254 (length = 1F0 bytes)
$NpcGroup_Enemy6 will be placed at 80248444 (length = 1F0 bytes)
$NpcGroup_Enemy1 will be placed at 80248634 (length = 1F0 bytes)
$NpcGroup_Enemy2 will be placed at 80248824 (length = 1F0 bytes)
$NpcGroup_Mover will be placed at 80248A14 (length = 1F0 bytes)
$NpcGroup_BanditMover will be placed at 80248C04 (length = 1F0 bytes)
$Interact_BanditMover will be placed at 80248DF4 (length = 1EC bytes)
$Script_PipeAnimation will be placed at 80248FE0 (length = 1D0 bytes)
$JumpTable_80242448 will be placed at 802491B0 (length = 190 bytes)
$Script_LoadChestMap_Mover_Roguelike will be placed at 80249340 (length = 18C bytes)
$PipeSpawning will be placed at 802494CC (length = 178 bytes)
$NPC_Sack_AnimationStart will be placed at 80249644 (length = 168 bytes)
$Function_80240844 will be placed at 802497AC (length = 164 bytes)
$Script_LoadChestMap_Roguelike will be placed at 80249910 (length = 164 bytes)
$Function_802404C0 will be placed at 80249A74 (length = 164 bytes)
$Script_NPC_SackHit_Init will be placed at 80249BD8 (length = 160 bytes)
$Script_SackAnimation_End_Right will be placed at 80249D38 (length = 158 bytes)
$Script_SackAnimation_End_Left will be placed at 80249E90 (length = 150 bytes)
$MapTattle5 will be placed at 80249FE0 (length = 13C bytes)
$Function_8024038C will be placed at 8024A11C (length = 138 bytes)
$MapTattle4 will be placed at 8024A254 (length = 130 bytes)
$GetFloor will be placed at 8024A384 (length = 12C bytes)
$BanditMover_Tattle will be placed at 8024A4B0 (length = 124 bytes)
$Script_Main will be placed at 8024A5D4 (length = 120 bytes)
$Script_80243A6C will be placed at 8024A6F4 (length = 114 bytes)
$Script_SubstractCoins will be placed at 8024A808 (length = 10C bytes)
$Script_LoadMapMover_Roguelike will be placed at 8024A914 (length = 104 bytes)
$GetFloorBandit will be placed at 8024AA18 (length = F4 bytes)
$Script_MoverWarpAnimation will be placed at 8024AB0C (length = F0 bytes)
$Function_GetColliderPos will be placed at 8024ABFC (length = E0 bytes)
$Function_GetPos will be placed at 8024ACDC (length = E0 bytes)
$Script_TrackPlayer will be placed at 8024ADBC (length = DC bytes)
$MapTattle2 will be placed at 8024AE98 (length = D4 bytes)
$Function_TrackInput will be placed at 8024AF6C (length = BC bytes)
$MapTattle3 will be placed at 8024B028 (length = B0 bytes)
$Script_MakeEntities will be placed at 8024B0D8 (length = A8 bytes)
$MapTattle1 will be placed at 8024B180 (length = A8 bytes)
$Script_NpcAI_MoneySack will be placed at 8024B228 (length = A8 bytes)
$MoverStart will be placed at 8024B2D0 (length = A4 bytes)
$SwitchPath will be placed at 8024B374 (length = A4 bytes)
$Script_NPC_Sack_FX will be placed at 8024B418 (length = A4 bytes)
$GetPos will be placed at 8024B4BC (length = 9C bytes)
$Script_AddCoins will be placed at 8024B558 (length = 98 bytes)
$BanditMoverStart will be placed at 8024B5F0 (length = 98 bytes)
$Mover_Tattle will be placed at 8024B688 (length = 94 bytes)
$Function_GetTattle1 will be placed at 8024B71C (length = 8C bytes)
$NPC_Sack_AnimationEnd will be placed at 8024B7A8 (length = 84 bytes)
$Function_80240624 will be placed at 8024B82C (length = 80 bytes)
$BanditMover_Options will be placed at 8024B8AC (length = 80 bytes)
$SignStringBug will be placed at 8024B92C (length = 7C bytes)
$Function_80240310 will be placed at 8024B9A8 (length = 7C bytes)
$LoadHighscores will be placed at 8024BA24 (length = 7C bytes)
$Mover_Options will be placed at 8024BAA0 (length = 78 bytes)
$Script_EnemyAI will be placed at 8024BB18 (length = 70 bytes)
$NpcGroups will be placed at 8024BB88 (length = 6C bytes)
$DeepestLevel will be placed at 8024BBF4 (length = 6C bytes)
$Function2 will be placed at 8024BC60 (length = 6C bytes)
$LoadCoinsMover will be placed at 8024BCCC (length = 6C bytes)
$Function_SetAnimation will be placed at 8024BD38 (length = 6C bytes)
$GetFloorPit will be placed at 8024BDA4 (length = 68 bytes)
$MoverEnd will be placed at 8024BE0C (length = 68 bytes)
$BanditMoverEnd will be placed at 8024BE74 (length = 68 bytes)
$GetFloorSign will be placed at 8024BEDC (length = 64 bytes)
$BanditMoverNoCoins will be placed at 8024BF40 (length = 58 bytes)
$MoverNoCoins will be placed at 8024BF98 (length = 58 bytes)
$JumpTable_802471E8 will be placed at 8024BFF0 (length = 54 bytes)
$Function_GetTattle2 will be placed at 8024C044 (length = 48 bytes)
$CommingDownPipe will be placed at 8024C08C (length = 48 bytes)
$Script_Exit0 will be placed at 8024C0D4 (length = 48 bytes)
$Function_LoadGainedCoins will be placed at 8024C11C (length = 48 bytes)
$Function_Init will be placed at 8024C164 (length = 44 bytes)
$Function_802409A8 will be placed at 8024C1A8 (length = 44 bytes)
$Header will be placed at 8024C1EC (length = 40 bytes)
$Script_Init_Bag will be placed at 8024C22C (length = 38 bytes)
$TotalLevels will be placed at 8024C264 (length = 38 bytes)
$Script_Init_Bag_HitBox will be placed at 8024C29C (length = 38 bytes)
$DispawnParthner will be placed at 8024C2D4 (length = 34 bytes)
$Function_ResetDamage will be placed at 8024C308 (length = 34 bytes)
$AISettings_MoneySack will be placed at 8024C33C (length = 30 bytes)
$AISettings_Enemy will be placed at 8024C36C (length = 30 bytes)
$AISettings_DisableEnemy will be placed at 8024C39C (length = 30 bytes)
$RespawnParthner will be placed at 8024C3CC (length = 30 bytes)
$NPC_Settings_Sack will be placed at 8024C3FC (length = 2C bytes)
$Function_GetDamageTaken will be placed at 8024C428 (length = 2C bytes)
$NpcSettings_Enemy1 will be placed at 8024C454 (length = 2C bytes)
$Function_RevivePlayer will be placed at 8024C480 (length = 2C bytes)
$String_CoinsGained will be placed at 8024C4AC (length = 2C bytes)
$BlankSettings will be placed at 8024C4D8 (length = 2C bytes)
$Script_MakeExits will be placed at 8024C504 (length = 2C bytes)
$VectorList_80244998 will be placed at 8024C530 (length = 24 bytes)
$Script_Init_80243B20 will be placed at 8024C554 (length = 24 bytes)
$Script_Init_Mover will be placed at 8024C578 (length = 24 bytes)
$Script_Init_BanditMover will be placed at 8024C59C (length = 24 bytes)
$Script_DisableEnemyAI will be placed at 8024C5C0 (length = 20 bytes)
$EntryList will be placed at 8024C5E0 (length = 20 bytes)
$SignString100 will be placed at 8024C600 (length = 18 bytes)
$SignString1 will be placed at 8024C618 (length = 14 bytes)
$SignString99 will be placed at 8024C62C (length = 14 bytes)
$SignString98 will be placed at 8024C640 (length = 14 bytes)
$SignString97 will be placed at 8024C654 (length = 14 bytes)
$SignString96 will be placed at 8024C668 (length = 14 bytes)
$SignString95 will be placed at 8024C67C (length = 14 bytes)
$SignString94 will be placed at 8024C690 (length = 14 bytes)
$SignString93 will be placed at 8024C6A4 (length = 14 bytes)
$SignString92 will be placed at 8024C6B8 (length = 14 bytes)
$SignString91 will be placed at 8024C6CC (length = 14 bytes)
$SignString90 will be placed at 8024C6E0 (length = 14 bytes)
$SignString59 will be placed at 8024C6F4 (length = 14 bytes)
$SignString58 will be placed at 8024C708 (length = 14 bytes)
$SignString57 will be placed at 8024C71C (length = 14 bytes)
$SignString56 will be placed at 8024C730 (length = 14 bytes)
$SignString55 will be placed at 8024C744 (length = 14 bytes)
$SignString54 will be placed at 8024C758 (length = 14 bytes)
$SignString53 will be placed at 8024C76C (length = 14 bytes)
$SignString52 will be placed at 8024C780 (length = 14 bytes)
$SignString51 will be placed at 8024C794 (length = 14 bytes)
$SignString50 will be placed at 8024C7A8 (length = 14 bytes)
$SignString69 will be placed at 8024C7BC (length = 14 bytes)
$SignString68 will be placed at 8024C7D0 (length = 14 bytes)
$SignString67 will be placed at 8024C7E4 (length = 14 bytes)
$SignString66 will be placed at 8024C7F8 (length = 14 bytes)
$SignString65 will be placed at 8024C80C (length = 14 bytes)
$SignString64 will be placed at 8024C820 (length = 14 bytes)
$SignString63 will be placed at 8024C834 (length = 14 bytes)
$SignString62 will be placed at 8024C848 (length = 14 bytes)
$SignString61 will be placed at 8024C85C (length = 14 bytes)
$SignString60 will be placed at 8024C870 (length = 14 bytes)
$SignString79 will be placed at 8024C884 (length = 14 bytes)
$SignString78 will be placed at 8024C898 (length = 14 bytes)
$SignString77 will be placed at 8024C8AC (length = 14 bytes)
$SignString76 will be placed at 8024C8C0 (length = 14 bytes)
$SignString75 will be placed at 8024C8D4 (length = 14 bytes)
$SignString74 will be placed at 8024C8E8 (length = 14 bytes)
$SignString73 will be placed at 8024C8FC (length = 14 bytes)
$SignString72 will be placed at 8024C910 (length = 14 bytes)
$SignString71 will be placed at 8024C924 (length = 14 bytes)
$SignString70 will be placed at 8024C938 (length = 14 bytes)
$SignString89 will be placed at 8024C94C (length = 14 bytes)
$SignString88 will be placed at 8024C960 (length = 14 bytes)
$SignString87 will be placed at 8024C974 (length = 14 bytes)
$SignString86 will be placed at 8024C988 (length = 14 bytes)
$SignString85 will be placed at 8024C99C (length = 14 bytes)
$SignString84 will be placed at 8024C9B0 (length = 14 bytes)
$SignString83 will be placed at 8024C9C4 (length = 14 bytes)
$SignString82 will be placed at 8024C9D8 (length = 14 bytes)
$SignString81 will be placed at 8024C9EC (length = 14 bytes)
$SignString80 will be placed at 8024CA00 (length = 14 bytes)
$SignString19 will be placed at 8024CA14 (length = 14 bytes)
$SignString18 will be placed at 8024CA28 (length = 14 bytes)
$SignString17 will be placed at 8024CA3C (length = 14 bytes)
$SignString16 will be placed at 8024CA50 (length = 14 bytes)
$SignString15 will be placed at 8024CA64 (length = 14 bytes)
$SignString14 will be placed at 8024CA78 (length = 14 bytes)
$SignString13 will be placed at 8024CA8C (length = 14 bytes)
$SignString12 will be placed at 8024CAA0 (length = 14 bytes)
$SignString11 will be placed at 8024CAB4 (length = 14 bytes)
$SignString10 will be placed at 8024CAC8 (length = 14 bytes)
$SignString3 will be placed at 8024CADC (length = 14 bytes)
$SignString2 will be placed at 8024CAF0 (length = 14 bytes)
$SignString5 will be placed at 8024CB04 (length = 14 bytes)
$SignString4 will be placed at 8024CB18 (length = 14 bytes)
$SignString7 will be placed at 8024CB2C (length = 14 bytes)
$SignString6 will be placed at 8024CB40 (length = 14 bytes)
$SignString9 will be placed at 8024CB54 (length = 14 bytes)
$SignString8 will be placed at 8024CB68 (length = 14 bytes)
$SignString29 will be placed at 8024CB7C (length = 14 bytes)
$SignString28 will be placed at 8024CB90 (length = 14 bytes)
$SignString27 will be placed at 8024CBA4 (length = 14 bytes)
$SignString26 will be placed at 8024CBB8 (length = 14 bytes)
$SignString25 will be placed at 8024CBCC (length = 14 bytes)
$SignString24 will be placed at 8024CBE0 (length = 14 bytes)
$SignString23 will be placed at 8024CBF4 (length = 14 bytes)
$SignString22 will be placed at 8024CC08 (length = 14 bytes)
$SignString21 will be placed at 8024CC1C (length = 14 bytes)
$SignString20 will be placed at 8024CC30 (length = 14 bytes)
$SignString will be placed at 8024CC44 (length = 14 bytes)
$SignString39 will be placed at 8024CC58 (length = 14 bytes)
$SignString38 will be placed at 8024CC6C (length = 14 bytes)
$SignString37 will be placed at 8024CC80 (length = 14 bytes)
$SignString36 will be placed at 8024CC94 (length = 14 bytes)
$SignString35 will be placed at 8024CCA8 (length = 14 bytes)
$SignString34 will be placed at 8024CCBC (length = 14 bytes)
$SignString33 will be placed at 8024CCD0 (length = 14 bytes)
$SignString32 will be placed at 8024CCE4 (length = 14 bytes)
$SignString31 will be placed at 8024CCF8 (length = 14 bytes)
$SignString30 will be placed at 8024CD0C (length = 14 bytes)
$SignString49 will be placed at 8024CD20 (length = 14 bytes)
$SignString48 will be placed at 8024CD34 (length = 14 bytes)
$SignString47 will be placed at 8024CD48 (length = 14 bytes)
$SignString46 will be placed at 8024CD5C (length = 14 bytes)
$SignString45 will be placed at 8024CD70 (length = 14 bytes)
$SignString44 will be placed at 8024CD84 (length = 14 bytes)
$SignString43 will be placed at 8024CD98 (length = 14 bytes)
$SignString42 will be placed at 8024CDAC (length = 14 bytes)
$SignString41 will be placed at 8024CDC0 (length = 14 bytes)
$SignString40 will be placed at 8024CDD4 (length = 14 bytes)
$ASCII_pit_02_Literal will be placed at 8024CDE8 (length = C bytes)
$ASCII_pit_90_Literal will be placed at 8024CDF4 (length = C bytes)
$ASCII_pit_34_Literal will be placed at 8024CE00 (length = C bytes)
$ASCII_pit_66_Literal will be placed at 8024CE0C (length = C bytes)
$ASCII_pit_98_Literal will be placed at 8024CE18 (length = C bytes)
$ASCII_pit_19_Literal will be placed at 8024CE24 (length = C bytes)
$ASCII_pit_57_Literal will be placed at 8024CE30 (length = C bytes)
$ASCII_pit_69_Literal will be placed at 8024CE3C (length = C bytes)
$ASCII_pit_72_Literal will be placed at 8024CE48 (length = C bytes)
$ASCII_pit_81_Literal will be placed at 8024CE54 (length = C bytes)
$ASCII_pit_43_Literal will be placed at 8024CE60 (length = C bytes)
$ASCII_pit_28_Literal will be placed at 8024CE6C (length = C bytes)
$ASCII_pit_78_Literal will be placed at 8024CE78 (length = C bytes)
$ASCII_pit_63_Literal will be placed at 8024CE84 (length = C bytes)
$ASCII_pit_46_Literal will be placed at 8024CE90 (length = C bytes)
$ASCII_pit_95_Literal will be placed at 8024CE9C (length = C bytes)
$ASCII_pit_16_Literal will be placed at 8024CEA8 (length = C bytes)
$ASCII_pit_37_Literal will be placed at 8024CEB4 (length = C bytes)
$ASCII_pit_22_Literal will be placed at 8024CEC0 (length = C bytes)
$ASCII_pit_05_Literal will be placed at 8024CECC (length = C bytes)
$ASCII_pit_25_Literal will be placed at 8024CED8 (length = C bytes)
$ASCII_pit_54_Literal will be placed at 8024CEE4 (length = C bytes)
$ASCII_pit_08_Literal will be placed at 8024CEF0 (length = C bytes)
$ASCII_pit_87_Literal will be placed at 8024CEFC (length = C bytes)
$ASCII_pit_75_Literal will be placed at 8024CF08 (length = C bytes)
$ASCII_pit_13_Literal will be placed at 8024CF14 (length = C bytes)
$ASCII_pit_32_Literal will be placed at 8024CF20 (length = C bytes)
$ASCII_pit_92_Literal will be placed at 8024CF2C (length = C bytes)
$ASCII_pit_17_Literal will be placed at 8024CF38 (length = C bytes)
$ASCII_pit_49_Literal will be placed at 8024CF44 (length = C bytes)
$ASCII_pit_77_Literal will be placed at 8024CF50 (length = C bytes)
$ASCII_pit_96_Literal will be placed at 8024CF5C (length = C bytes)
$ASCII_pit_68_Literal will be placed at 8024CF68 (length = C bytes)
$ASCII_pit_51_Literal will be placed at 8024CF74 (length = C bytes)
$ASCII_pit_04_Literal will be placed at 8024CF80 (length = C bytes)
$ASCII_pit_83_Literal will be placed at 8024CF8C (length = C bytes)
$ASCII_pit_86_Literal will be placed at 8024CF98 (length = C bytes)
$ASCII_pit_26_Literal will be placed at 8024CFA4 (length = C bytes)
$ASCII_pit_41_Literal will be placed at 8024CFB0 (length = C bytes)
$ASCII_pit_14_Literal will be placed at 8024CFBC (length = C bytes)
$ASCII_pit_74_Literal will be placed at 8024CFC8 (length = C bytes)
$ASCII_pit_60_Literal will be placed at 8024CFD4 (length = C bytes)
$ASCII_pit_59_Literal will be placed at 8024CFE0 (length = C bytes)
$ASCII_pit_93_Literal will be placed at 8024CFEC (length = C bytes)
$ASCII_pit_65_Literal will be placed at 8024CFF8 (length = C bytes)
$ASCII_pit_07_Literal will be placed at 8024D004 (length = C bytes)
$ASCII_pit_20_Literal will be placed at 8024D010 (length = C bytes)
$ASCII_pit_35_Literal will be placed at 8024D01C (length = C bytes)
$ASCII_pit_23_Literal will be placed at 8024D028 (length = C bytes)
$ASCII_pit_11_Literal will be placed at 8024D034 (length = C bytes)
$ASCII_pit_56_Literal will be placed at 8024D040 (length = C bytes)
$ASCII_pit_44_Literal will be placed at 8024D04C (length = C bytes)
$ASCII_pit_89_Literal will be placed at 8024D058 (length = C bytes)
$ASCII_pit_79_Literal will be placed at 8024D064 (length = C bytes)
$ASCII_pit_62_Literal will be placed at 8024D070 (length = C bytes)
$ASCII_pit_94_Literal will be placed at 8024D07C (length = C bytes)
$ASCII_pit_47_Literal will be placed at 8024D088 (length = C bytes)
$ASCII_pit_21_Literal will be placed at 8024D094 (length = C bytes)
$ASCII_pit_06_Literal will be placed at 8024D0A0 (length = C bytes)
$ASCII_pit_53_Literal will be placed at 8024D0AC (length = C bytes)
$ASCII_pit_09_Literal will be placed at 8024D0B8 (length = C bytes)
$ASCII_pit_88_Literal will be placed at 8024D0C4 (length = C bytes)
$ASCII_pit_38_Literal will be placed at 8024D0D0 (length = C bytes)
$ASCII_pit_24_Literal will be placed at 8024D0DC (length = C bytes)
$ASCII_pit_12_Literal will be placed at 8024D0E8 (length = C bytes)
$ASCII_pit_76_Literal will be placed at 8024D0F4 (length = C bytes)
$ASCII_pit_01_Literal will be placed at 8024D100 (length = C bytes)
$ASCII_pit_50_Literal will be placed at 8024D10C (length = C bytes)
$ASCII_pit_33_Literal will be placed at 8024D118 (length = C bytes)
$ASCII_pit_99_Literal will be placed at 8024D124 (length = C bytes)
$ASCII_pit_67_Literal will be placed at 8024D130 (length = C bytes)
$ASCII_pit_71_Literal will be placed at 8024D13C (length = C bytes)
$ASCII_pit_42_Literal will be placed at 8024D148 (length = C bytes)
$ASCII_pit_80_Literal will be placed at 8024D154 (length = C bytes)
$ASCII_pit_29_Literal will be placed at 8024D160 (length = C bytes)
$ASCII_pit_58_Literal will be placed at 8024D16C (length = C bytes)
$ASCII_pit_30_Literal will be placed at 8024D178 (length = C bytes)
$ASCII_pit_00_Literal will be placed at 8024D184 (length = C bytes)
$ASCII_pit_64_Literal will be placed at 8024D190 (length = C bytes)
$ASCII_pit_36_Literal will be placed at 8024D19C (length = C bytes)
$ASCII_pit_55_Literal will be placed at 8024D1A8 (length = C bytes)
$ASCII_pit_10_Literal will be placed at 8024D1B4 (length = C bytes)
$ASCII_pit_45_Literal will be placed at 8024D1C0 (length = C bytes)
$ASCII_pit_18_Literal will be placed at 8024D1CC (length = C bytes)
$ASCII_pit_48_Literal will be placed at 8024D1D8 (length = C bytes)
$ASCII_pit_03_Literal will be placed at 8024D1E4 (length = C bytes)
$ASCII_pit_31_Literal will be placed at 8024D1F0 (length = C bytes)
$ASCII_pit_91_Literal will be placed at 8024D1FC (length = C bytes)
$ASCII_pit_97_Literal will be placed at 8024D208 (length = C bytes)
$ASCII_pit_82_Literal will be placed at 8024D214 (length = C bytes)
$ASCII_pit_52_Literal will be placed at 8024D220 (length = C bytes)
$ASCII_pit_70_Literal will be placed at 8024D22C (length = C bytes)
$ASCII_pit_85_Literal will be placed at 8024D238 (length = C bytes)
$ASCII_pit_40_Literal will be placed at 8024D244 (length = C bytes)
$ASCII_pit_39_Literal will be placed at 8024D250 (length = C bytes)
$ASCII_pit_73_Literal will be placed at 8024D25C (length = C bytes)
$ASCII_pit_15_Literal will be placed at 8024D268 (length = C bytes)
$ASCII_pit_27_Literal will be placed at 8024D274 (length = C bytes)
$ASCII_pit_61_Literal will be placed at 8024D280 (length = C bytes)
$ConstDouble_802471E0 will be placed at 8024D28C (length = 8 bytes)
$ASCII_pit_842_Literal will be placed at 8024D294 (length = 8 bytes)
$ASCII_pit_100_Literal will be placed at 8024D29C (length = 8 bytes)
$ASCII_tik_tex_Literal will be placed at 8024D2A4 (length = 8 bytes)
$MoverCancel will be placed at 8024D2AC (length = 4 bytes)
$BanditMoverCancel will be placed at 8024D2B0 (length = 4 bytes)
Executing patch: pit_05.mpat
Loaded map pit_05
Creating struct: $EntryList
Creating struct: $DeepestLevel
Creating struct: $TotalLevels
Creating struct: $LoadHighscores
Creating struct: $FallingDownPipe
Creating struct: $Function_GetPos
Creating struct: $Function2
Creating struct: $SetSpawns
Creating struct: $Script_SetNPCPos
Creating struct: $SwitchPath
Creating struct: $VectorList_80244998
Creating struct: $GetPos
Creating struct: $Function_GetDamageTaken
Creating struct: $Function_ResetDamage
Creating struct: $DispawnParthner
Creating struct: $RespawnParthner
Creating struct: $LoadMap
Creating struct: $Script_LoadMapMover_Roguelike
Creating struct: $GetFloor
Creating struct: $LoadCoinsMover
Creating struct: $LoadMapBandit
Creating struct: $GetFloorBandit
Creating struct: $SetSpawnsSpecial
Creating struct: $Function_LoadCoinsInToVar1
Creating struct: $Script_SetSpawnPosition
Creating struct: $Script_Init_80243B20
Creating struct: $Script_80243A6C
Creating struct: $Script_AddCoins
Creating struct: $Script_SubstractCoins
Creating struct: $NPC_Settings_Sack
Creating struct: $Script_Init_Bag
Creating struct: $Script_Init_Bag_HitBox
Creating struct: $Script_NPC_SackHit_Init
Creating struct: $Script_NPC_Sack_FX
Creating struct: $NPC_Sack_AnimationStart
Creating struct: $NPC_Sack_AnimationEnd
Creating struct: $Script_SackAnimation_Start_GoToTheRight
Creating struct: $Script_SackAnimation_Start_GoToTheLeft
Creating struct: $Script_SackAnimation_End_Right
Creating struct: $Script_SackAnimation_End_Left
Creating struct: $Function_LoadGainedCoins
Creating struct: $Function_RevivePlayer
Creating struct: $AISettings_MoneySack
Creating struct: $Script_NpcAI_MoneySack
Creating struct: $JumpTable_80242448
Creating struct: $Function_NpcAI_MoneySack
Creating struct: $Function_80240260
Creating struct: $Function_80240844
Creating struct: $Function_802409A8
Creating struct: $Script_TrackPlayer
Creating struct: $Script_PipeAnimation
Creating struct: $Function_SetAnimation
Creating struct: $Function_GetColliderPos
Creating struct: $Function_TrackInput
Creating struct: $GoToNextLevel
Creating struct: $GoToNextLevel_Roguelike
Creating struct: $Script_SetSetsOfLevels
Creating struct: $Script_LoadMap_Roguelike
Creating struct: $Script_LoadChestMap_Roguelike
Creating struct: $Script_LoadMap_Mover_Roguelike
Creating struct: $Script_LoadChestMap_Mover_Roguelike
Creating struct: $GetFloorPit
Creating struct: $GetFloorSign
Creating struct: $Function_GetTattle1
Creating struct: $Function_GetTattle2
Creating struct: $Script_ReadSign
Creating struct: $Header
Creating struct: $Function_Init
Creating struct: $Script_Main
Creating struct: $NpcGroup1
Creating struct: $NpcGroup2
Creating struct: $NpcGroup3
Creating struct: $NpcGroup4
Creating struct: $NpcGroup5
Creating struct: $NpcGroup6
Creating struct: $NpcGroup7
Creating struct: $NpcGroups
Creating struct: $NpcGroup_Mover
Creating struct: $BlankSettings
Creating struct: $Script_Init_Mover
Creating struct: $Interact_Mover
Creating struct: $Script_MoverWarpAnimation
Creating struct: $NpcGroup_BanditMover
Creating struct: $Script_Init_BanditMover
Creating struct: $Interact_BanditMover
Creating struct: $NpcGroup_Enemy1
Creating struct: $NpcGroup_Enemy2
Creating struct: $NpcGroup_Enemy3
Creating struct: $NpcGroup_Enemy4
Creating struct: $NpcGroup_Enemy5
Creating struct: $NpcGroup_Enemy6
Creating struct: $NpcSettings_Enemy1
Creating struct: $Script_EnemyAI
Creating struct: $AISettings_Enemy
Creating struct: $JumpTable_802448D8
Creating struct: $ConstDouble_80244880
Creating struct: $ConstDouble_80244888
Creating struct: $ConstDouble_80244890
Creating struct: $FloatTable_80242EAC
Creating struct: $Function_8024231C
Creating struct: $Function_80242104
Creating struct: $Function_802421C0
Creating struct: $Function_802422D8
Creating struct: $Function_80241FDC
Creating struct: $Function_SetPos2
Creating struct: $Function_802416C0
Creating struct: $Function_80241738
Creating struct: $Function_802412BC
Creating struct: $Function_SetPos1
Creating struct: $Function_80240AE4
Creating struct: $Function_80241CCC
Creating struct: $Script_DisableEnemyAI
Creating struct: $AISettings_DisableEnemy
Creating struct: $PipeSpawning
Creating struct: $Script_MakeEntities
Creating struct: $CommingDownPipe
Creating struct: $Script_MakeExits
Creating struct: $Script_Exit0
Merged 1 regions to 1
$Script_LoadMap_Mover_Roguelike will be placed at 80240000 (length = F14 bytes)
$LoadMap will be placed at 80240F14 (length = EF4 bytes)
$Script_ReadSign will be placed at 80241E08 (length = EEC bytes)
$LoadMapBandit will be placed at 80242CF4 (length = EA4 bytes)
$Script_LoadMap_Roguelike will be placed at 80243B98 (length = D9C bytes)
$GoToNextLevel will be placed at 80244934 (length = D10 bytes)
$GoToNextLevel_Roguelike will be placed at 80245644 (length = 868 bytes)
$Function_SetPos1 will be placed at 80245EAC (length = 630 bytes)
$SetSpawnsSpecial will be placed at 802464DC (length = 608 bytes)
$Function_80240260 will be placed at 80246AE4 (length = 5E4 bytes)
$SetSpawns will be placed at 802470C8 (length = 384 bytes)
$FallingDownPipe will be placed at 8024744C (length = 37C bytes)
$Script_SetSetsOfLevels will be placed at 802477C8 (length = 358 bytes)
$Function_SetPos2 will be placed at 80247B20 (length = 344 bytes)
$Script_SetNPCPos will be placed at 80247E64 (length = 2F4 bytes)
$Function_8024231C will be placed at 80248158 (length = 250 bytes)
$Function_NpcAI_MoneySack will be placed at 802483A8 (length = 238 bytes)
$Script_SetSpawnPosition will be placed at 802485E0 (length = 234 bytes)
$Script_SackAnimation_Start_GoToTheRight will be placed at 80248814 (length = 230 bytes)
$Script_SackAnimation_Start_GoToTheLeft will be placed at 80248A44 (length = 1F8 bytes)
$Interact_Mover will be placed at 80248C3C (length = 1F8 bytes)
$NpcGroup_Enemy3 will be placed at 80248E34 (length = 1F0 bytes)
$NpcGroup_Enemy4 will be placed at 80249024 (length = 1F0 bytes)
$NpcGroup_Enemy5 will be placed at 80249214 (length = 1F0 bytes)
$NpcGroup_Enemy6 will be placed at 80249404 (length = 1F0 bytes)
$NpcGroup_Enemy1 will be placed at 802495F4 (length = 1F0 bytes)
$NpcGroup_Enemy2 will be placed at 802497E4 (length = 1F0 bytes)
$NpcGroup_Mover will be placed at 802499D4 (length = 1F0 bytes)
$NpcGroup_BanditMover will be placed at 80249BC4 (length = 1F0 bytes)
$Interact_BanditMover will be placed at 80249DB4 (length = 1EC bytes)
$Script_Main will be placed at 80249FA0 (length = 1DC bytes)
$Script_PipeAnimation will be placed at 8024A17C (length = 1D0 bytes)
$Function_80240AE4 will be placed at 8024A34C (length = 1B4 bytes)
$JumpTable_80242448 will be placed at 8024A500 (length = 190 bytes)
$Script_LoadChestMap_Mover_Roguelike will be placed at 8024A690 (length = 18C bytes)
$PipeSpawning will be placed at 8024A81C (length = 178 bytes)
$NPC_Sack_AnimationStart will be placed at 8024A994 (length = 168 bytes)
$Function_80240844 will be placed at 8024AAFC (length = 164 bytes)
$Script_LoadChestMap_Roguelike will be placed at 8024AC60 (length = 164 bytes)
$Script_NPC_SackHit_Init will be placed at 8024ADC4 (length = 160 bytes)
$Script_SackAnimation_End_Right will be placed at 8024AF24 (length = 158 bytes)
$Script_SackAnimation_End_Left will be placed at 8024B07C (length = 150 bytes)
$MapTattle5 will be placed at 8024B1CC (length = 13C bytes)
$MapTattle4 will be placed at 8024B308 (length = 130 bytes)
$GetFloor will be placed at 8024B438 (length = 12C bytes)
$Function_80241FDC will be placed at 8024B564 (length = 128 bytes)
$BanditMover_Tattle will be placed at 8024B68C (length = 124 bytes)
$Function_80241CCC will be placed at 8024B7B0 (length = 124 bytes)
$Function_802421C0 will be placed at 8024B8D4 (length = 118 bytes)
$Script_80243A6C will be placed at 8024B9EC (length = 114 bytes)
$Script_SubstractCoins will be placed at 8024BB00 (length = 10C bytes)
$Script_LoadMapMover_Roguelike will be placed at 8024BC0C (length = 104 bytes)
$GetFloorBandit will be placed at 8024BD10 (length = F4 bytes)
$Script_MoverWarpAnimation will be placed at 8024BE04 (length = F0 bytes)
$Function_GetColliderPos will be placed at 8024BEF4 (length = E0 bytes)
$Function_GetPos will be placed at 8024BFD4 (length = E0 bytes)
$Script_TrackPlayer will be placed at 8024C0B4 (length = DC bytes)
$MapTattle2 will be placed at 8024C190 (length = D4 bytes)
$Function_802412BC will be placed at 8024C264 (length = C0 bytes)
$Function_80242104 will be placed at 8024C324 (length = BC bytes)
$Function_TrackInput will be placed at 8024C3E0 (length = BC bytes)
$MapTattle3 will be placed at 8024C49C (length = B0 bytes)
$Script_MakeEntities will be placed at 8024C54C (length = A8 bytes)
$MapTattle1 will be placed at 8024C5F4 (length = A8 bytes)
$Script_NpcAI_MoneySack will be placed at 8024C69C (length = A8 bytes)
$MoverStart will be placed at 8024C744 (length = A4 bytes)
$SwitchPath will be placed at 8024C7E8 (length = A4 bytes)
$Script_NPC_Sack_FX will be placed at 8024C88C (length = A4 bytes)
$GetPos will be placed at 8024C930 (length = 9C bytes)
$Script_AddCoins will be placed at 8024C9CC (length = 98 bytes)
$BanditMoverStart will be placed at 8024CA64 (length = 98 bytes)
$Mover_Tattle will be placed at 8024CAFC (length = 94 bytes)
$Function_GetTattle1 will be placed at 8024CB90 (length = 8C bytes)
$NPC_Sack_AnimationEnd will be placed at 8024CC1C (length = 84 bytes)
$BanditMover_Options will be placed at 8024CCA0 (length = 80 bytes)
$SignStringBug will be placed at 8024CD20 (length = 7C bytes)
$LoadHighscores will be placed at 8024CD9C (length = 7C bytes)
$Function_802416C0 will be placed at 8024CE18 (length = 78 bytes)
$Mover_Options will be placed at 8024CE90 (length = 78 bytes)
$Script_EnemyAI will be placed at 8024CF08 (length = 70 bytes)
$NpcGroups will be placed at 8024CF78 (length = 6C bytes)
$DeepestLevel will be placed at 8024CFE4 (length = 6C bytes)
$Function2 will be placed at 8024D050 (length = 6C bytes)
$LoadCoinsMover will be placed at 8024D0BC (length = 6C bytes)
$Function_80241738 will be placed at 8024D128 (length = 6C bytes)
$Function_SetAnimation will be placed at 8024D194 (length = 6C bytes)
$GetFloorPit will be placed at 8024D200 (length = 68 bytes)
$MoverEnd will be placed at 8024D268 (length = 68 bytes)
$BanditMoverEnd will be placed at 8024D2D0 (length = 68 bytes)
$GetFloorSign will be placed at 8024D338 (length = 64 bytes)
$BanditMoverNoCoins will be placed at 8024D39C (length = 58 bytes)
$MoverNoCoins will be placed at 8024D3F4 (length = 58 bytes)
$Function_GetTattle2 will be placed at 8024D44C (length = 48 bytes)
$CommingDownPipe will be placed at 8024D494 (length = 48 bytes)
$Script_Exit0 will be placed at 8024D4DC (length = 48 bytes)
$Function_LoadCoinsInToVar1 will be placed at 8024D524 (length = 48 bytes)
$Function_LoadGainedCoins will be placed at 8024D56C (length = 48 bytes)
$Function_802422D8 will be placed at 8024D5B4 (length = 44 bytes)
$Function_Init will be placed at 8024D5F8 (length = 44 bytes)
$Function_802409A8 will be placed at 8024D63C (length = 44 bytes)
$JumpTable_802448D8 will be placed at 8024D680 (length = 40 bytes)
$Header will be placed at 8024D6C0 (length = 40 bytes)
$Script_Init_Bag will be placed at 8024D700 (length = 38 bytes)
$TotalLevels will be placed at 8024D738 (length = 38 bytes)
$Script_Init_Bag_HitBox will be placed at 8024D770 (length = 38 bytes)
$DispawnParthner will be placed at 8024D7A8 (length = 34 bytes)
$Function_ResetDamage will be placed at 8024D7DC (length = 34 bytes)
$AISettings_MoneySack will be placed at 8024D810 (length = 30 bytes)
$AISettings_Enemy will be placed at 8024D840 (length = 30 bytes)
$AISettings_DisableEnemy will be placed at 8024D870 (length = 30 bytes)
$RespawnParthner will be placed at 8024D8A0 (length = 30 bytes)
$NPC_Settings_Sack will be placed at 8024D8D0 (length = 2C bytes)
$Function_GetDamageTaken will be placed at 8024D8FC (length = 2C bytes)
$NpcSettings_Enemy1 will be placed at 8024D928 (length = 2C bytes)
$Function_RevivePlayer will be placed at 8024D954 (length = 2C bytes)
$String_CoinsGained will be placed at 8024D980 (length = 2C bytes)
$BlankSettings will be placed at 8024D9AC (length = 2C bytes)
$Script_MakeExits will be placed at 8024D9D8 (length = 2C bytes)
$NpcGroup7 will be placed at 8024DA04 (length = 24 bytes)
$VectorList_80244998 will be placed at 8024DA28 (length = 24 bytes)
$Script_Init_80243B20 will be placed at 8024DA4C (length = 24 bytes)
$Script_Init_Mover will be placed at 8024DA70 (length = 24 bytes)
$Script_Init_BanditMover will be placed at 8024DA94 (length = 24 bytes)
$Script_DisableEnemyAI will be placed at 8024DAB8 (length = 20 bytes)
$EntryList will be placed at 8024DAD8 (length = 20 bytes)
$NpcGroup6 will be placed at 8024DAF8 (length = 18 bytes)
$NpcGroup3 will be placed at 8024DB10 (length = 18 bytes)
$NpcGroup2 will be placed at 8024DB28 (length = 18 bytes)
$NpcGroup5 will be placed at 8024DB40 (length = 18 bytes)
$NpcGroup4 will be placed at 8024DB58 (length = 18 bytes)
$NpcGroup1 will be placed at 8024DB70 (length = 18 bytes)
$SignString100 will be placed at 8024DB88 (length = 18 bytes)
$FloatTable_80242EAC will be placed at 8024DBA0 (length = 18 bytes)
$SignString1 will be placed at 8024DBB8 (length = 14 bytes)
$SignString99 will be placed at 8024DBCC (length = 14 bytes)
$SignString98 will be placed at 8024DBE0 (length = 14 bytes)
$SignString97 will be placed at 8024DBF4 (length = 14 bytes)
$SignString96 will be placed at 8024DC08 (length = 14 bytes)
$SignString95 will be placed at 8024DC1C (length = 14 bytes)
$SignString94 will be placed at 8024DC30 (length = 14 bytes)
$SignString93 will be placed at 8024DC44 (length = 14 bytes)
$SignString92 will be placed at 8024DC58 (length = 14 bytes)
$SignString91 will be placed at 8024DC6C (length = 14 bytes)
$SignString90 will be placed at 8024DC80 (length = 14 bytes)
$SignString59 will be placed at 8024DC94 (length = 14 bytes)
$SignString58 will be placed at 8024DCA8 (length = 14 bytes)
$SignString57 will be placed at 8024DCBC (length = 14 bytes)
$SignString56 will be placed at 8024DCD0 (length = 14 bytes)
$SignString55 will be placed at 8024DCE4 (length = 14 bytes)
$SignString54 will be placed at 8024DCF8 (length = 14 bytes)
$SignString53 will be placed at 8024DD0C (length = 14 bytes)
$SignString52 will be placed at 8024DD20 (length = 14 bytes)
$SignString51 will be placed at 8024DD34 (length = 14 bytes)
$SignString50 will be placed at 8024DD48 (length = 14 bytes)
$SignString69 will be placed at 8024DD5C (length = 14 bytes)
$SignString68 will be placed at 8024DD70 (length = 14 bytes)
$SignString67 will be placed at 8024DD84 (length = 14 bytes)
$SignString66 will be placed at 8024DD98 (length = 14 bytes)
$SignString65 will be placed at 8024DDAC (length = 14 bytes)
$SignString64 will be placed at 8024DDC0 (length = 14 bytes)
$SignString63 will be placed at 8024DDD4 (length = 14 bytes)
$SignString62 will be placed at 8024DDE8 (length = 14 bytes)
$SignString61 will be placed at 8024DDFC (length = 14 bytes)
$SignString60 will be placed at 8024DE10 (length = 14 bytes)
$SignString79 will be placed at 8024DE24 (length = 14 bytes)
$SignString78 will be placed at 8024DE38 (length = 14 bytes)
$SignString77 will be placed at 8024DE4C (length = 14 bytes)
$SignString76 will be placed at 8024DE60 (length = 14 bytes)
$SignString75 will be placed at 8024DE74 (length = 14 bytes)
$SignString74 will be placed at 8024DE88 (length = 14 bytes)
$SignString73 will be placed at 8024DE9C (length = 14 bytes)
$SignString72 will be placed at 8024DEB0 (length = 14 bytes)
$SignString71 will be placed at 8024DEC4 (length = 14 bytes)
$SignString70 will be placed at 8024DED8 (length = 14 bytes)
$SignString89 will be placed at 8024DEEC (length = 14 bytes)
$SignString88 will be placed at 8024DF00 (length = 14 bytes)
$SignString87 will be placed at 8024DF14 (length = 14 bytes)
$SignString86 will be placed at 8024DF28 (length = 14 bytes)
$SignString85 will be placed at 8024DF3C (length = 14 bytes)
$SignString84 will be placed at 8024DF50 (length = 14 bytes)
$SignString83 will be placed at 8024DF64 (length = 14 bytes)
$SignString82 will be placed at 8024DF78 (length = 14 bytes)
$SignString81 will be placed at 8024DF8C (length = 14 bytes)
$SignString80 will be placed at 8024DFA0 (length = 14 bytes)
$SignString19 will be placed at 8024DFB4 (length = 14 bytes)
$SignString18 will be placed at 8024DFC8 (length = 14 bytes)
$SignString17 will be placed at 8024DFDC (length = 14 bytes)
$SignString16 will be placed at 8024DFF0 (length = 14 bytes)
$SignString15 will be placed at 8024E004 (length = 14 bytes)
$SignString14 will be placed at 8024E018 (length = 14 bytes)
$SignString13 will be placed at 8024E02C (length = 14 bytes)
$SignString12 will be placed at 8024E040 (length = 14 bytes)
$SignString11 will be placed at 8024E054 (length = 14 bytes)
$SignString10 will be placed at 8024E068 (length = 14 bytes)
$SignString3 will be placed at 8024E07C (length = 14 bytes)
$SignString2 will be placed at 8024E090 (length = 14 bytes)
$SignString5 will be placed at 8024E0A4 (length = 14 bytes)
$SignString4 will be placed at 8024E0B8 (length = 14 bytes)
$SignString7 will be placed at 8024E0CC (length = 14 bytes)
$SignString6 will be placed at 8024E0E0 (length = 14 bytes)
$SignString9 will be placed at 8024E0F4 (length = 14 bytes)
$SignString8 will be placed at 8024E108 (length = 14 bytes)
$SignString29 will be placed at 8024E11C (length = 14 bytes)
$SignString28 will be placed at 8024E130 (length = 14 bytes)
$SignString27 will be placed at 8024E144 (length = 14 bytes)
$SignString26 will be placed at 8024E158 (length = 14 bytes)
$SignString25 will be placed at 8024E16C (length = 14 bytes)
$SignString24 will be placed at 8024E180 (length = 14 bytes)
$SignString23 will be placed at 8024E194 (length = 14 bytes)
$SignString22 will be placed at 8024E1A8 (length = 14 bytes)
$SignString21 will be placed at 8024E1BC (length = 14 bytes)
$SignString20 will be placed at 8024E1D0 (length = 14 bytes)
$SignString will be placed at 8024E1E4 (length = 14 bytes)
$SignString39 will be placed at 8024E1F8 (length = 14 bytes)
$SignString38 will be placed at 8024E20C (length = 14 bytes)
$SignString37 will be placed at 8024E220 (length = 14 bytes)
$SignString36 will be placed at 8024E234 (length = 14 bytes)
$SignString35 will be placed at 8024E248 (length = 14 bytes)
$SignString34 will be placed at 8024E25C (length = 14 bytes)
$SignString33 will be placed at 8024E270 (length = 14 bytes)
$SignString32 will be placed at 8024E284 (length = 14 bytes)
$SignString31 will be placed at 8024E298 (length = 14 bytes)
$SignString30 will be placed at 8024E2AC (length = 14 bytes)
$SignString49 will be placed at 8024E2C0 (length = 14 bytes)
$SignString48 will be placed at 8024E2D4 (length = 14 bytes)
$SignString47 will be placed at 8024E2E8 (length = 14 bytes)
$SignString46 will be placed at 8024E2FC (length = 14 bytes)
$SignString45 will be placed at 8024E310 (length = 14 bytes)
$SignString44 will be placed at 8024E324 (length = 14 bytes)
$SignString43 will be placed at 8024E338 (length = 14 bytes)
$SignString42 will be placed at 8024E34C (length = 14 bytes)
$SignString41 will be placed at 8024E360 (length = 14 bytes)
$SignString40 will be placed at 8024E374 (length = 14 bytes)
$ASCII_pit_02_Literal will be placed at 8024E388 (length = C bytes)
$ASCII_pit_90_Literal will be placed at 8024E394 (length = C bytes)
$ASCII_pit_34_Literal will be placed at 8024E3A0 (length = C bytes)
$ASCII_pit_66_Literal will be placed at 8024E3AC (length = C bytes)
$ASCII_pit_98_Literal will be placed at 8024E3B8 (length = C bytes)
$ASCII_pit_19_Literal will be placed at 8024E3C4 (length = C bytes)
$ASCII_pit_57_Literal will be placed at 8024E3D0 (length = C bytes)
$ASCII_pit_69_Literal will be placed at 8024E3DC (length = C bytes)
$ASCII_pit_72_Literal will be placed at 8024E3E8 (length = C bytes)
$ASCII_pit_81_Literal will be placed at 8024E3F4 (length = C bytes)
$ASCII_pit_43_Literal will be placed at 8024E400 (length = C bytes)
$ASCII_pit_28_Literal will be placed at 8024E40C (length = C bytes)
$ASCII_pit_78_Literal will be placed at 8024E418 (length = C bytes)
$ASCII_pit_63_Literal will be placed at 8024E424 (length = C bytes)
$ASCII_pit_46_Literal will be placed at 8024E430 (length = C bytes)
$ASCII_pit_95_Literal will be placed at 8024E43C (length = C bytes)
$ASCII_pit_16_Literal will be placed at 8024E448 (length = C bytes)
$ASCII_pit_37_Literal will be placed at 8024E454 (length = C bytes)
$ASCII_pit_22_Literal will be placed at 8024E460 (length = C bytes)
$ASCII_pit_05_Literal will be placed at 8024E46C (length = C bytes)
$ASCII_pit_25_Literal will be placed at 8024E478 (length = C bytes)
$ASCII_pit_54_Literal will be placed at 8024E484 (length = C bytes)
$ASCII_pit_08_Literal will be placed at 8024E490 (length = C bytes)
$ASCII_pit_87_Literal will be placed at 8024E49C (length = C bytes)
$ASCII_pit_75_Literal will be placed at 8024E4A8 (length = C bytes)
$ASCII_pit_13_Literal will be placed at 8024E4B4 (length = C bytes)
$ASCII_pit_32_Literal will be placed at 8024E4C0 (length = C bytes)
$ASCII_pit_92_Literal will be placed at 8024E4CC (length = C bytes)
$ASCII_pit_17_Literal will be placed at 8024E4D8 (length = C bytes)
$ASCII_pit_49_Literal will be placed at 8024E4E4 (length = C bytes)
$ASCII_pit_77_Literal will be placed at 8024E4F0 (length = C bytes)
$ASCII_pit_96_Literal will be placed at 8024E4FC (length = C bytes)
$ASCII_pit_68_Literal will be placed at 8024E508 (length = C bytes)
$ASCII_pit_51_Literal will be placed at 8024E514 (length = C bytes)
$ASCII_pit_04_Literal will be placed at 8024E520 (length = C bytes)
$ASCII_pit_83_Literal will be placed at 8024E52C (length = C bytes)
$ASCII_pit_86_Literal will be placed at 8024E538 (length = C bytes)
$ASCII_pit_26_Literal will be placed at 8024E544 (length = C bytes)
$ASCII_pit_41_Literal will be placed at 8024E550 (length = C bytes)
$ASCII_pit_14_Literal will be placed at 8024E55C (length = C bytes)
$ASCII_pit_74_Literal will be placed at 8024E568 (length = C bytes)
$ASCII_pit_60_Literal will be placed at 8024E574 (length = C bytes)
$ASCII_pit_59_Literal will be placed at 8024E580 (length = C bytes)
$ASCII_pit_93_Literal will be placed at 8024E58C (length = C bytes)
$ASCII_pit_65_Literal will be placed at 8024E598 (length = C bytes)
$ASCII_pit_07_Literal will be placed at 8024E5A4 (length = C bytes)
$ASCII_pit_20_Literal will be placed at 8024E5B0 (length = C bytes)
$ASCII_pit_35_Literal will be placed at 8024E5BC (length = C bytes)
$ASCII_pit_23_Literal will be placed at 8024E5C8 (length = C bytes)
$ASCII_pit_11_Literal will be placed at 8024E5D4 (length = C bytes)
$ASCII_pit_56_Literal will be placed at 8024E5E0 (length = C bytes)
$ASCII_pit_44_Literal will be placed at 8024E5EC (length = C bytes)
$ASCII_pit_89_Literal will be placed at 8024E5F8 (length = C bytes)
$ASCII_pit_79_Literal will be placed at 8024E604 (length = C bytes)
$ASCII_pit_62_Literal will be placed at 8024E610 (length = C bytes)
$ASCII_pit_94_Literal will be placed at 8024E61C (length = C bytes)
$ASCII_pit_47_Literal will be placed at 8024E628 (length = C bytes)
$ASCII_pit_21_Literal will be placed at 8024E634 (length = C bytes)
$ASCII_pit_06_Literal will be placed at 8024E640 (length = C bytes)
$ASCII_pit_53_Literal will be placed at 8024E64C (length = C bytes)
$ASCII_pit_09_Literal will be placed at 8024E658 (length = C bytes)
$ASCII_pit_88_Literal will be placed at 8024E664 (length = C bytes)
$ASCII_pit_38_Literal will be placed at 8024E670 (length = C bytes)
$ASCII_pit_24_Literal will be placed at 8024E67C (length = C bytes)
$ASCII_pit_12_Literal will be placed at 8024E688 (length = C bytes)
$ASCII_pit_76_Literal will be placed at 8024E694 (length = C bytes)
$ASCII_pit_01_Literal will be placed at 8024E6A0 (length = C bytes)
$ASCII_pit_50_Literal will be placed at 8024E6AC (length = C bytes)
$ASCII_pit_33_Literal will be placed at 8024E6B8 (length = C bytes)
$ASCII_pit_99_Literal will be placed at 8024E6C4 (length = C bytes)
$ASCII_pit_67_Literal will be placed at 8024E6D0 (length = C bytes)
$ASCII_pit_71_Literal will be placed at 8024E6DC (length = C bytes)
$ASCII_pit_42_Literal will be placed at 8024E6E8 (length = C bytes)
$ASCII_pit_80_Literal will be placed at 8024E6F4 (length = C bytes)
$ASCII_pit_29_Literal will be placed at 8024E700 (length = C bytes)
$ASCII_pit_58_Literal will be placed at 8024E70C (length = C bytes)
$ASCII_pit_30_Literal will be placed at 8024E718 (length = C bytes)
$ASCII_pit_00_Literal will be placed at 8024E724 (length = C bytes)
$ASCII_pit_64_Literal will be placed at 8024E730 (length = C bytes)
$ASCII_pit_36_Literal will be placed at 8024E73C (length = C bytes)
$ASCII_pit_55_Literal will be placed at 8024E748 (length = C bytes)
$ASCII_pit_10_Literal will be placed at 8024E754 (length = C bytes)
$ASCII_pit_45_Literal will be placed at 8024E760 (length = C bytes)
$ASCII_pit_18_Literal will be placed at 8024E76C (length = C bytes)
$ASCII_pit_48_Literal will be placed at 8024E778 (length = C bytes)
$ASCII_pit_03_Literal will be placed at 8024E784 (length = C bytes)
$ASCII_pit_31_Literal will be placed at 8024E790 (length = C bytes)
$ASCII_pit_91_Literal will be placed at 8024E79C (length = C bytes)
$ASCII_pit_97_Literal will be placed at 8024E7A8 (length = C bytes)
$ASCII_pit_82_Literal will be placed at 8024E7B4 (length = C bytes)
$ASCII_pit_52_Literal will be placed at 8024E7C0 (length = C bytes)
$ASCII_pit_70_Literal will be placed at 8024E7CC (length = C bytes)
$ASCII_pit_85_Literal will be placed at 8024E7D8 (length = C bytes)
$ASCII_pit_40_Literal will be placed at 8024E7E4 (length = C bytes)
$ASCII_pit_39_Literal will be placed at 8024E7F0 (length = C bytes)
$ASCII_pit_73_Literal will be placed at 8024E7FC (length = C bytes)
$ASCII_pit_15_Literal will be placed at 8024E808 (length = C bytes)
$ASCII_pit_27_Literal will be placed at 8024E814 (length = C bytes)
$ASCII_pit_61_Literal will be placed at 8024E820 (length = C bytes)
$ConstDouble_80244890 will be placed at 8024E82C (length = 8 bytes)
$ConstDouble_80244888 will be placed at 8024E834 (length = 8 bytes)
$ConstDouble_80244880 will be placed at 8024E83C (length = 8 bytes)
$ASCII_pit_842_Literal will be placed at 8024E844 (length = 8 bytes)
$ASCII_pit_100_Literal will be placed at 8024E84C (length = 8 bytes)
$ASCII_tik_tex_Literal will be placed at 8024E854 (length = 8 bytes)
$MoverCancel will be placed at 8024E85C (length = 4 bytes)
$BanditMoverCancel will be placed at 8024E860 (length = 4 bytes)
Executing patch: pit_06.mpat
Loaded map pit_01
Creating struct: $EntryList
Creating struct: $DeepestLevel
Creating struct: $TotalLevels
Creating struct: $LoadHighscores
Creating struct: $FallingDownPipe
Creating struct: $Function_GetPos
Creating struct: $Function2
Creating struct: $SetSpawns
Creating struct: $Script_SetNPCPos
Creating struct: $SwitchPath
Creating struct: $VectorList_80244998
Creating struct: $GetPos
Creating struct: $Function_GetDamageTaken
Creating struct: $Function_ResetDamage
Creating struct: $DispawnParthner
Creating struct: $RespawnParthner
Creating struct: $LoadMap
Creating struct: $Script_LoadMapMover_Roguelike
Creating struct: $GetFloor
Creating struct: $LoadCoinsMover
Creating struct: $LoadMapBandit
Creating struct: $GetFloorBandit
Creating struct: $Script_Init_80243B20
Creating struct: $Script_80243A6C
Creating struct: $Script_AddCoins
Creating struct: $Script_SubstractCoins
Creating struct: $NPC_Settings_Sack
Creating struct: $Script_Init_Bag
Creating struct: $Script_Init_Bag_HitBox
Creating struct: $Script_NPC_SackHit_Init
Creating struct: $Script_NPC_Sack_FX
Creating struct: $NPC_Sack_AnimationStart
Creating struct: $NPC_Sack_AnimationEnd
Creating struct: $Script_SackAnimation_Start_GoToTheRight
Creating struct: $Script_SackAnimation_Start_GoToTheLeft
Creating struct: $Script_SackAnimation_End_Right
Creating struct: $Script_SackAnimation_End_Left
Creating struct: $Function_LoadGainedCoins
Creating struct: $Function_RevivePlayer
Creating struct: $AISettings_MoneySack
Creating struct: $Script_NpcAI_MoneySack
Creating struct: $JumpTable_80242448
Creating struct: $Function_NpcAI_MoneySack
Creating struct: $Function_80240260
Creating struct: $Function_80240844
Creating struct: $Function_802409A8
Creating struct: $Script_TrackPlayer
Creating struct: $Script_PipeAnimation
Creating struct: $Function_SetAnimation
Creating struct: $Function_GetColliderPos
Creating struct: $Function_TrackInput
Creating struct: $GoToNextLevel
Creating struct: $GoToNextLevel_Roguelike
Creating struct: $Script_SetSetsOfLevels
Creating struct: $Script_LoadMap_Roguelike
Creating struct: $Script_LoadChestMap_Roguelike
Creating struct: $Script_LoadMap_Mover_Roguelike
Creating struct: $Script_LoadChestMap_Mover_Roguelike
Creating struct: $GetFloorPit
Creating struct: $GetFloorSign
Creating struct: $Function_GetTattle1
Creating struct: $Function_GetTattle2
Creating struct: $Script_ReadSign
Creating struct: $Header
Creating struct: $Function_Init
Creating struct: $Script_Main
Creating struct: $NpcGroups
Creating struct: $NpcGroup_Mover
Creating struct: $BlankSettings
Creating struct: $Script_Init_Mover
Creating struct: $Interact_Mover
Creating struct: $Script_MoverWarpAnimation
Creating struct: $NpcGroup_BanditMover
Creating struct: $Script_Init_BanditMover
Creating struct: $Interact_BanditMover
Creating struct: $NpcGroup_Enemy1
Creating struct: $NpcGroup_Enemy2
Creating struct: $NpcGroup_Enemy3
Creating struct: $NpcGroup_Enemy4
Creating struct: $NpcGroup_Enemy5
Creating struct: $NpcGroup_Enemy6
Creating struct: $NpcSettings_Enemy1
Creating struct: $Script_EnemyAI
Creating struct: $AISettings_Enemy
Creating struct: $Script_DisableEnemyAI
Creating struct: $AISettings_DisableEnemy
Creating struct: $PipeSpawning
Creating struct: $Script_MakeEntities
Creating struct: $CommingDownPipe
Creating struct: $Script_MakeExits
Creating struct: $Script_Exit0
Merged 1 regions to 1
$Script_LoadMap_Mover_Roguelike will be placed at 80240000 (length = F14 bytes)
$LoadMap will be placed at 80240F14 (length = EF4 bytes)
$Script_ReadSign will be placed at 80241E08 (length = EEC bytes)
$LoadMapBandit will be placed at 80242CF4 (length = EA4 bytes)
$Script_LoadMap_Roguelike will be placed at 80243B98 (length = D9C bytes)
$GoToNextLevel will be placed at 80244934 (length = D10 bytes)
$GoToNextLevel_Roguelike will be placed at 80245644 (length = 868 bytes)
$Function_80240260 will be placed at 80245EAC (length = 5E4 bytes)
$SetSpawns will be placed at 80246490 (length = 384 bytes)
$FallingDownPipe will be placed at 80246814 (length = 37C bytes)
$Script_SetSetsOfLevels will be placed at 80246B90 (length = 358 bytes)
$Script_SetNPCPos will be placed at 80246EE8 (length = 2F4 bytes)
$Function_NpcAI_MoneySack will be placed at 802471DC (length = 238 bytes)
$Script_SackAnimation_Start_GoToTheRight will be placed at 80247414 (length = 230 bytes)
$Script_SackAnimation_Start_GoToTheLeft will be placed at 80247644 (length = 1F8 bytes)
$Interact_Mover will be placed at 8024783C (length = 1F8 bytes)
$NpcGroup_Enemy3 will be placed at 80247A34 (length = 1F0 bytes)
$NpcGroup_Enemy4 will be placed at 80247C24 (length = 1F0 bytes)
$NpcGroup_Enemy5 will be placed at 80247E14 (length = 1F0 bytes)
$NpcGroup_Enemy6 will be placed at 80248004 (length = 1F0 bytes)
$NpcGroup_Enemy1 will be placed at 802481F4 (length = 1F0 bytes)
$NpcGroup_Enemy2 will be placed at 802483E4 (length = 1F0 bytes)
$NpcGroup_Mover will be placed at 802485D4 (length = 1F0 bytes)
$NpcGroup_BanditMover will be placed at 802487C4 (length = 1F0 bytes)
$Interact_BanditMover will be placed at 802489B4 (length = 1EC bytes)
$Script_PipeAnimation will be placed at 80248BA0 (length = 1D0 bytes)
$JumpTable_80242448 will be placed at 80248D70 (length = 190 bytes)
$Script_LoadChestMap_Mover_Roguelike will be placed at 80248F00 (length = 18C bytes)
$PipeSpawning will be placed at 8024908C (length = 178 bytes)
$NPC_Sack_AnimationStart will be placed at 80249204 (length = 168 bytes)
$Function_80240844 will be placed at 8024936C (length = 164 bytes)
$Script_LoadChestMap_Roguelike will be placed at 802494D0 (length = 164 bytes)
$Script_NPC_SackHit_Init will be placed at 80249634 (length = 160 bytes)
$Script_SackAnimation_End_Right will be placed at 80249794 (length = 158 bytes)
$Script_SackAnimation_End_Left will be placed at 802498EC (length = 150 bytes)
$MapTattle5 will be placed at 80249A3C (length = 13C bytes)
$MapTattle4 will be placed at 80249B78 (length = 130 bytes)
$GetFloor will be placed at 80249CA8 (length = 12C bytes)
$BanditMover_Tattle will be placed at 80249DD4 (length = 124 bytes)
$Script_Main will be placed at 80249EF8 (length = 120 bytes)
$Script_80243A6C will be placed at 8024A018 (length = 114 bytes)
$Script_SubstractCoins will be placed at 8024A12C (length = 10C bytes)
$Script_LoadMapMover_Roguelike will be placed at 8024A238 (length = 104 bytes)
$GetFloorBandit will be placed at 8024A33C (length = F4 bytes)
$Script_MoverWarpAnimation will be placed at 8024A430 (length = F0 bytes)
$Function_GetColliderPos will be placed at 8024A520 (length = E0 bytes)
$Function_GetPos will be placed at 8024A600 (length = E0 bytes)
$Script_TrackPlayer will be placed at 8024A6E0 (length = DC bytes)
$MapTattle2 will be placed at 8024A7BC (length = D4 bytes)
$Function_TrackInput will be placed at 8024A890 (length = BC bytes)
$MapTattle3 will be placed at 8024A94C (length = B0 bytes)
$Script_MakeEntities will be placed at 8024A9FC (length = A8 bytes)
$MapTattle1 will be placed at 8024AAA4 (length = A8 bytes)
$Script_NpcAI_MoneySack will be placed at 8024AB4C (length = A8 bytes)
$MoverStart will be placed at 8024ABF4 (length = A4 bytes)
$SwitchPath will be placed at 8024AC98 (length = A4 bytes)
$Script_NPC_Sack_FX will be placed at 8024AD3C (length = A4 bytes)
$GetPos will be placed at 8024ADE0 (length = 9C bytes)
$Script_AddCoins will be placed at 8024AE7C (length = 98 bytes)
$BanditMoverStart will be placed at 8024AF14 (length = 98 bytes)
$Mover_Tattle will be placed at 8024AFAC (length = 94 bytes)
$Function_GetTattle1 will be placed at 8024B040 (length = 8C bytes)
$NPC_Sack_AnimationEnd will be placed at 8024B0CC (length = 84 bytes)
$BanditMover_Options will be placed at 8024B150 (length = 80 bytes)
$SignStringBug will be placed at 8024B1D0 (length = 7C bytes)
$LoadHighscores will be placed at 8024B24C (length = 7C bytes)
$Mover_Options will be placed at 8024B2C8 (length = 78 bytes)
$NpcGroups will be placed at 8024B340 (length = 6C bytes)
$DeepestLevel will be placed at 8024B3AC (length = 6C bytes)
$Function2 will be placed at 8024B418 (length = 6C bytes)
$LoadCoinsMover will be placed at 8024B484 (length = 6C bytes)
$Function_SetAnimation will be placed at 8024B4F0 (length = 6C bytes)
$GetFloorPit will be placed at 8024B55C (length = 68 bytes)
$MoverEnd will be placed at 8024B5C4 (length = 68 bytes)
$BanditMoverEnd will be placed at 8024B62C (length = 68 bytes)
$GetFloorSign will be placed at 8024B694 (length = 64 bytes)
$BanditMoverNoCoins will be placed at 8024B6F8 (length = 58 bytes)
$MoverNoCoins will be placed at 8024B750 (length = 58 bytes)
$Function_GetTattle2 will be placed at 8024B7A8 (length = 48 bytes)
$CommingDownPipe will be placed at 8024B7F0 (length = 48 bytes)
$Script_Exit0 will be placed at 8024B838 (length = 48 bytes)
$Function_LoadGainedCoins will be placed at 8024B880 (length = 48 bytes)
$Function_Init will be placed at 8024B8C8 (length = 44 bytes)
$Function_802409A8 will be placed at 8024B90C (length = 44 bytes)
$Header will be placed at 8024B950 (length = 40 bytes)
$Script_Init_Bag will be placed at 8024B990 (length = 38 bytes)
$TotalLevels will be placed at 8024B9C8 (length = 38 bytes)
$Script_Init_Bag_HitBox will be placed at 8024BA00 (length = 38 bytes)
$DispawnParthner will be placed at 8024BA38 (length = 34 bytes)
$Function_ResetDamage will be placed at 8024BA6C (length = 34 bytes)
$AISettings_MoneySack will be placed at 8024BAA0 (length = 30 bytes)
$AISettings_Enemy will be placed at 8024BAD0 (length = 30 bytes)
$AISettings_DisableEnemy will be placed at 8024BB00 (length = 30 bytes)
$RespawnParthner will be placed at 8024BB30 (length = 30 bytes)
$NPC_Settings_Sack will be placed at 8024BB60 (length = 2C bytes)
$Function_GetDamageTaken will be placed at 8024BB8C (length = 2C bytes)
$Function_RevivePlayer will be placed at 8024BBB8 (length = 2C bytes)
$String_CoinsGained will be placed at 8024BBE4 (length = 2C bytes)
$BlankSettings will be placed at 8024BC10 (length = 2C bytes)
$Script_MakeExits will be placed at 8024BC3C (length = 2C bytes)
$NpcSettings_Enemy1 will be placed at 8024BC68 (length = 24 bytes)
$VectorList_80244998 will be placed at 8024BC8C (length = 24 bytes)
$Script_Init_80243B20 will be placed at 8024BCB0 (length = 24 bytes)
$Script_Init_Mover will be placed at 8024BCD4 (length = 24 bytes)
$Script_Init_BanditMover will be placed at 8024BCF8 (length = 24 bytes)
$Script_DisableEnemyAI will be placed at 8024BD1C (length = 20 bytes)
$EntryList will be placed at 8024BD3C (length = 20 bytes)
$Script_EnemyAI will be placed at 8024BD5C (length = 20 bytes)
$SignString100 will be placed at 8024BD7C (length = 18 bytes)
$SignString1 will be placed at 8024BD94 (length = 14 bytes)
$SignString99 will be placed at 8024BDA8 (length = 14 bytes)
$SignString98 will be placed at 8024BDBC (length = 14 bytes)
$SignString97 will be placed at 8024BDD0 (length = 14 bytes)
$SignString96 will be placed at 8024BDE4 (length = 14 bytes)
$SignString95 will be placed at 8024BDF8 (length = 14 bytes)
$SignString94 will be placed at 8024BE0C (length = 14 bytes)
$SignString93 will be placed at 8024BE20 (length = 14 bytes)
$SignString92 will be placed at 8024BE34 (length = 14 bytes)
$SignString91 will be placed at 8024BE48 (length = 14 bytes)
$SignString90 will be placed at 8024BE5C (length = 14 bytes)
$SignString59 will be placed at 8024BE70 (length = 14 bytes)
$SignString58 will be placed at 8024BE84 (length = 14 bytes)
$SignString57 will be placed at 8024BE98 (length = 14 bytes)
$SignString56 will be placed at 8024BEAC (length = 14 bytes)
$SignString55 will be placed at 8024BEC0 (length = 14 bytes)
$SignString54 will be placed at 8024BED4 (length = 14 bytes)
$SignString53 will be placed at 8024BEE8 (length = 14 bytes)
$SignString52 will be placed at 8024BEFC (length = 14 bytes)
$SignString51 will be placed at 8024BF10 (length = 14 bytes)
$SignString50 will be placed at 8024BF24 (length = 14 bytes)
$SignString69 will be placed at 8024BF38 (length = 14 bytes)
$SignString68 will be placed at 8024BF4C (length = 14 bytes)
$SignString67 will be placed at 8024BF60 (length = 14 bytes)
$SignString66 will be placed at 8024BF74 (length = 14 bytes)
$SignString65 will be placed at 8024BF88 (length = 14 bytes)
$SignString64 will be placed at 8024BF9C (length = 14 bytes)
$SignString63 will be placed at 8024BFB0 (length = 14 bytes)
$SignString62 will be placed at 8024BFC4 (length = 14 bytes)
$SignString61 will be placed at 8024BFD8 (length = 14 bytes)
$SignString60 will be placed at 8024BFEC (length = 14 bytes)
$SignString79 will be placed at 8024C000 (length = 14 bytes)
$SignString78 will be placed at 8024C014 (length = 14 bytes)
$SignString77 will be placed at 8024C028 (length = 14 bytes)
$SignString76 will be placed at 8024C03C (length = 14 bytes)
$SignString75 will be placed at 8024C050 (length = 14 bytes)
$SignString74 will be placed at 8024C064 (length = 14 bytes)
$SignString73 will be placed at 8024C078 (length = 14 bytes)
$SignString72 will be placed at 8024C08C (length = 14 bytes)
$SignString71 will be placed at 8024C0A0 (length = 14 bytes)
$SignString70 will be placed at 8024C0B4 (length = 14 bytes)
$SignString89 will be placed at 8024C0C8 (length = 14 bytes)
$SignString88 will be placed at 8024C0DC (length = 14 bytes)
$SignString87 will be placed at 8024C0F0 (length = 14 bytes)
$SignString86 will be placed at 8024C104 (length = 14 bytes)
$SignString85 will be placed at 8024C118 (length = 14 bytes)
$SignString84 will be placed at 8024C12C (length = 14 bytes)
$SignString83 will be placed at 8024C140 (length = 14 bytes)
$SignString82 will be placed at 8024C154 (length = 14 bytes)
$SignString81 will be placed at 8024C168 (length = 14 bytes)
$SignString80 will be placed at 8024C17C (length = 14 bytes)
$SignString19 will be placed at 8024C190 (length = 14 bytes)
$SignString18 will be placed at 8024C1A4 (length = 14 bytes)
$SignString17 will be placed at 8024C1B8 (length = 14 bytes)
$SignString16 will be placed at 8024C1CC (length = 14 bytes)
$SignString15 will be placed at 8024C1E0 (length = 14 bytes)
$SignString14 will be placed at 8024C1F4 (length = 14 bytes)
$SignString13 will be placed at 8024C208 (length = 14 bytes)
$SignString12 will be placed at 8024C21C (length = 14 bytes)
$SignString11 will be placed at 8024C230 (length = 14 bytes)
$SignString10 will be placed at 8024C244 (length = 14 bytes)
$SignString3 will be placed at 8024C258 (length = 14 bytes)
$SignString2 will be placed at 8024C26C (length = 14 bytes)
$SignString5 will be placed at 8024C280 (length = 14 bytes)
$SignString4 will be placed at 8024C294 (length = 14 bytes)
$SignString7 will be placed at 8024C2A8 (length = 14 bytes)
$SignString6 will be placed at 8024C2BC (length = 14 bytes)
$SignString9 will be placed at 8024C2D0 (length = 14 bytes)
$SignString8 will be placed at 8024C2E4 (length = 14 bytes)
$SignString29 will be placed at 8024C2F8 (length = 14 bytes)
$SignString28 will be placed at 8024C30C (length = 14 bytes)
$SignString27 will be placed at 8024C320 (length = 14 bytes)
$SignString26 will be placed at 8024C334 (length = 14 bytes)
$SignString25 will be placed at 8024C348 (length = 14 bytes)
$SignString24 will be placed at 8024C35C (length = 14 bytes)
$SignString23 will be placed at 8024C370 (length = 14 bytes)
$SignString22 will be placed at 8024C384 (length = 14 bytes)
$SignString21 will be placed at 8024C398 (length = 14 bytes)
$SignString20 will be placed at 8024C3AC (length = 14 bytes)
$SignString will be placed at 8024C3C0 (length = 14 bytes)
$SignString39 will be placed at 8024C3D4 (length = 14 bytes)
$SignString38 will be placed at 8024C3E8 (length = 14 bytes)
$SignString37 will be placed at 8024C3FC (length = 14 bytes)
$SignString36 will be placed at 8024C410 (length = 14 bytes)
$SignString35 will be placed at 8024C424 (length = 14 bytes)
$SignString34 will be placed at 8024C438 (length = 14 bytes)
$SignString33 will be placed at 8024C44C (length = 14 bytes)
$SignString32 will be placed at 8024C460 (length = 14 bytes)
$SignString31 will be placed at 8024C474 (length = 14 bytes)
$SignString30 will be placed at 8024C488 (length = 14 bytes)
$SignString49 will be placed at 8024C49C (length = 14 bytes)
$SignString48 will be placed at 8024C4B0 (length = 14 bytes)
$SignString47 will be placed at 8024C4C4 (length = 14 bytes)
$SignString46 will be placed at 8024C4D8 (length = 14 bytes)
$SignString45 will be placed at 8024C4EC (length = 14 bytes)
$SignString44 will be placed at 8024C500 (length = 14 bytes)
$SignString43 will be placed at 8024C514 (length = 14 bytes)
$SignString42 will be placed at 8024C528 (length = 14 bytes)
$SignString41 will be placed at 8024C53C (length = 14 bytes)
$SignString40 will be placed at 8024C550 (length = 14 bytes)
$ASCII_pit_02_Literal will be placed at 8024C564 (length = C bytes)
$ASCII_pit_90_Literal will be placed at 8024C570 (length = C bytes)
$ASCII_pit_34_Literal will be placed at 8024C57C (length = C bytes)
$ASCII_pit_66_Literal will be placed at 8024C588 (length = C bytes)
$ASCII_pit_98_Literal will be placed at 8024C594 (length = C bytes)
$ASCII_pit_19_Literal will be placed at 8024C5A0 (length = C bytes)
$ASCII_pit_57_Literal will be placed at 8024C5AC (length = C bytes)
$ASCII_pit_69_Literal will be placed at 8024C5B8 (length = C bytes)
$ASCII_pit_72_Literal will be placed at 8024C5C4 (length = C bytes)
$ASCII_pit_81_Literal will be placed at 8024C5D0 (length = C bytes)
$ASCII_pit_43_Literal will be placed at 8024C5DC (length = C bytes)
$ASCII_pit_28_Literal will be placed at 8024C5E8 (length = C bytes)
$ASCII_pit_78_Literal will be placed at 8024C5F4 (length = C bytes)
$ASCII_pit_63_Literal will be placed at 8024C600 (length = C bytes)
$ASCII_pit_46_Literal will be placed at 8024C60C (length = C bytes)
$ASCII_pit_95_Literal will be placed at 8024C618 (length = C bytes)
$ASCII_pit_16_Literal will be placed at 8024C624 (length = C bytes)
$ASCII_pit_37_Literal will be placed at 8024C630 (length = C bytes)
$ASCII_pit_22_Literal will be placed at 8024C63C (length = C bytes)
$ASCII_pit_05_Literal will be placed at 8024C648 (length = C bytes)
$ASCII_pit_25_Literal will be placed at 8024C654 (length = C bytes)
$ASCII_pit_54_Literal will be placed at 8024C660 (length = C bytes)
$ASCII_pit_08_Literal will be placed at 8024C66C (length = C bytes)
$ASCII_pit_87_Literal will be placed at 8024C678 (length = C bytes)
$ASCII_pit_75_Literal will be placed at 8024C684 (length = C bytes)
$ASCII_pit_13_Literal will be placed at 8024C690 (length = C bytes)
$ASCII_pit_32_Literal will be placed at 8024C69C (length = C bytes)
$ASCII_pit_92_Literal will be placed at 8024C6A8 (length = C bytes)
$ASCII_pit_17_Literal will be placed at 8024C6B4 (length = C bytes)
$ASCII_pit_49_Literal will be placed at 8024C6C0 (length = C bytes)
$ASCII_pit_77_Literal will be placed at 8024C6CC (length = C bytes)
$ASCII_pit_96_Literal will be placed at 8024C6D8 (length = C bytes)
$ASCII_pit_68_Literal will be placed at 8024C6E4 (length = C bytes)
$ASCII_pit_51_Literal will be placed at 8024C6F0 (length = C bytes)
$ASCII_pit_04_Literal will be placed at 8024C6FC (length = C bytes)
$ASCII_pit_83_Literal will be placed at 8024C708 (length = C bytes)
$ASCII_pit_86_Literal will be placed at 8024C714 (length = C bytes)
$ASCII_pit_26_Literal will be placed at 8024C720 (length = C bytes)
$ASCII_pit_41_Literal will be placed at 8024C72C (length = C bytes)
$ASCII_pit_14_Literal will be placed at 8024C738 (length = C bytes)
$ASCII_pit_74_Literal will be placed at 8024C744 (length = C bytes)
$ASCII_pit_60_Literal will be placed at 8024C750 (length = C bytes)
$ASCII_pit_59_Literal will be placed at 8024C75C (length = C bytes)
$ASCII_pit_93_Literal will be placed at 8024C768 (length = C bytes)
$ASCII_pit_65_Literal will be placed at 8024C774 (length = C bytes)
$ASCII_pit_07_Literal will be placed at 8024C780 (length = C bytes)
$ASCII_pit_20_Literal will be placed at 8024C78C (length = C bytes)
$ASCII_pit_35_Literal will be placed at 8024C798 (length = C bytes)
$ASCII_pit_23_Literal will be placed at 8024C7A4 (length = C bytes)
$ASCII_pit_11_Literal will be placed at 8024C7B0 (length = C bytes)
$ASCII_pit_56_Literal will be placed at 8024C7BC (length = C bytes)
$ASCII_pit_44_Literal will be placed at 8024C7C8 (length = C bytes)
$ASCII_pit_89_Literal will be placed at 8024C7D4 (length = C bytes)
$ASCII_pit_79_Literal will be placed at 8024C7E0 (length = C bytes)
$ASCII_pit_62_Literal will be placed at 8024C7EC (length = C bytes)
$ASCII_pit_94_Literal will be placed at 8024C7F8 (length = C bytes)
$ASCII_pit_47_Literal will be placed at 8024C804 (length = C bytes)
$ASCII_pit_21_Literal will be placed at 8024C810 (length = C bytes)
$ASCII_pit_06_Literal will be placed at 8024C81C (length = C bytes)
$ASCII_pit_53_Literal will be placed at 8024C828 (length = C bytes)
$ASCII_pit_09_Literal will be placed at 8024C834 (length = C bytes)
$ASCII_pit_88_Literal will be placed at 8024C840 (length = C bytes)
$ASCII_pit_38_Literal will be placed at 8024C84C (length = C bytes)
$ASCII_pit_24_Literal will be placed at 8024C858 (length = C bytes)
$ASCII_pit_12_Literal will be placed at 8024C864 (length = C bytes)
$ASCII_pit_76_Literal will be placed at 8024C870 (length = C bytes)
$ASCII_pit_01_Literal will be placed at 8024C87C (length = C bytes)
$ASCII_pit_50_Literal will be placed at 8024C888 (length = C bytes)
$ASCII_pit_33_Literal will be placed at 8024C894 (length = C bytes)
$ASCII_pit_99_Literal will be placed at 8024C8A0 (length = C bytes)
$ASCII_pit_67_Literal will be placed at 8024C8AC (length = C bytes)
$ASCII_pit_71_Literal will be placed at 8024C8B8 (length = C bytes)
$ASCII_pit_42_Literal will be placed at 8024C8C4 (length = C bytes)
$ASCII_pit_80_Literal will be placed at 8024C8D0 (length = C bytes)
$ASCII_pit_29_Literal will be placed at 8024C8DC (length = C bytes)
$ASCII_pit_58_Literal will be placed at 8024C8E8 (length = C bytes)
$ASCII_pit_30_Literal will be placed at 8024C8F4 (length = C bytes)
$ASCII_pit_00_Literal will be placed at 8024C900 (length = C bytes)
$ASCII_pit_64_Literal will be placed at 8024C90C (length = C bytes)
$ASCII_pit_36_Literal will be placed at 8024C918 (length = C bytes)
$ASCII_pit_55_Literal will be placed at 8024C924 (length = C bytes)
$ASCII_pit_10_Literal will be placed at 8024C930 (length = C bytes)
$ASCII_pit_45_Literal will be placed at 8024C93C (length = C bytes)
$ASCII_pit_18_Literal will be placed at 8024C948 (length = C bytes)
$ASCII_pit_48_Literal will be placed at 8024C954 (length = C bytes)
$ASCII_pit_03_Literal will be placed at 8024C960 (length = C bytes)
$ASCII_pit_31_Literal will be placed at 8024C96C (length = C bytes)
$ASCII_pit_91_Literal will be placed at 8024C978 (length = C bytes)
$ASCII_pit_97_Literal will be placed at 8024C984 (length = C bytes)
$ASCII_pit_82_Literal will be placed at 8024C990 (length = C bytes)
$ASCII_pit_52_Literal will be placed at 8024C99C (length = C bytes)
$ASCII_pit_70_Literal will be placed at 8024C9A8 (length = C bytes)
$ASCII_pit_85_Literal will be placed at 8024C9B4 (length = C bytes)
$ASCII_pit_40_Literal will be placed at 8024C9C0 (length = C bytes)
$ASCII_pit_39_Literal will be placed at 8024C9CC (length = C bytes)
$ASCII_pit_73_Literal will be placed at 8024C9D8 (length = C bytes)
$ASCII_pit_15_Literal will be placed at 8024C9E4 (length = C bytes)
$ASCII_pit_27_Literal will be placed at 8024C9F0 (length = C bytes)
$ASCII_pit_61_Literal will be placed at 8024C9FC (length = C bytes)
$ASCII_pit_842_Literal will be placed at 8024CA08 (length = 8 bytes)
$ASCII_pit_100_Literal will be placed at 8024CA10 (length = 8 bytes)
$ASCII_tik_tex_Literal will be placed at 8024CA18 (length = 8 bytes)
$MoverCancel will be placed at 8024CA20 (length = 4 bytes)
$BanditMoverCancel will be placed at 8024CA24 (length = 4 bytes)
Executing patch: pit_07.mpat
Loaded map pit_01
Creating struct: $EntryList
Creating struct: $DeepestLevel
Creating struct: $TotalLevels
Creating struct: $LoadHighscores
Creating struct: $FallingDownPipe
Creating struct: $Function_GetPos
Creating struct: $Function2
Creating struct: $SetSpawns
Creating struct: $Script_SetNPCPos
Creating struct: $SwitchPath
Creating struct: $VectorList_80244998
Creating struct: $GetPos
Creating struct: $Function_GetDamageTaken
Creating struct: $Function_ResetDamage
Creating struct: $DispawnParthner
Creating struct: $RespawnParthner
Creating struct: $LoadMap
Creating struct: $Script_LoadMapMover_Roguelike
Creating struct: $GetFloor
Creating struct: $LoadCoinsMover
Creating struct: $LoadMapBandit
Creating struct: $GetFloorBandit
Creating struct: $Script_Init_80243B20
Creating struct: $Script_80243A6C
Creating struct: $Script_AddCoins
Creating struct: $Script_SubstractCoins
Creating struct: $NPC_Settings_Sack
Creating struct: $Script_Init_Bag
Creating struct: $Script_Init_Bag_HitBox
Creating struct: $Script_NPC_SackHit_Init
Creating struct: $Script_NPC_Sack_FX
Creating struct: $NPC_Sack_AnimationStart
Creating struct: $NPC_Sack_AnimationEnd
Creating struct: $Script_SackAnimation_Start_GoToTheRight
Creating struct: $Script_SackAnimation_Start_GoToTheLeft
Creating struct: $Script_SackAnimation_End_Right
Creating struct: $Script_SackAnimation_End_Left
Creating struct: $Function_LoadGainedCoins
Creating struct: $Function_RevivePlayer
Creating struct: $AISettings_MoneySack
Creating struct: $Script_NpcAI_MoneySack
Creating struct: $JumpTable_80242448
Creating struct: $Function_NpcAI_MoneySack
Creating struct: $Function_80240260
Creating struct: $Function_80240844
Creating struct: $Function_802409A8
Creating struct: $Script_TrackPlayer
Creating struct: $Script_PipeAnimation
Creating struct: $Function_SetAnimation
Creating struct: $Function_GetColliderPos
Creating struct: $Function_TrackInput
Creating struct: $GoToNextLevel
Creating struct: $GoToNextLevel_Roguelike
Creating struct: $Script_SetSetsOfLevels
Creating struct: $Script_LoadMap_Roguelike
Creating struct: $Script_LoadChestMap_Roguelike
Creating struct: $Script_LoadMap_Mover_Roguelike
Creating struct: $Script_LoadChestMap_Mover_Roguelike
Creating struct: $GetFloorPit
Creating struct: $GetFloorSign
Creating struct: $Function_GetTattle1
Creating struct: $Function_GetTattle2
Creating struct: $Script_ReadSign
Creating struct: $Header
Creating struct: $Function_Init
Creating struct: $Script_Main
Creating struct: $NpcGroups
Creating struct: $NpcGroup_Mover
Creating struct: $BlankSettings
Creating struct: $Script_Init_Mover
Creating struct: $Interact_Mover
Creating struct: $Script_MoverWarpAnimation
Creating struct: $NpcGroup_BanditMover
Creating struct: $Script_Init_BanditMover
Creating struct: $Interact_BanditMover
Creating struct: $NpcGroup_Enemy1
Creating struct: $NpcGroup_Enemy2
Creating struct: $NpcGroup_Enemy3
Creating struct: $NpcGroup_Enemy4
Creating struct: $NpcGroup_Enemy5
Creating struct: $NpcGroup_Enemy6
Creating struct: $NpcSettings_Enemy1
Creating struct: $Script_EnemyAI
Creating struct: $AISettings_Enemy
Creating struct: $Script_DisableEnemyAI
Creating struct: $AISettings_DisableEnemy
Creating struct: $PipeSpawning
Creating struct: $Script_MakeEntities
Creating struct: $CommingDownPipe
Creating struct: $Script_MakeExits
Creating struct: $Script_Exit0
Merged 1 regions to 1
$Script_LoadMap_Mover_Roguelike will be placed at 80240000 (length = F14 bytes)
$LoadMap will be placed at 80240F14 (length = EF4 bytes)
$Script_ReadSign will be placed at 80241E08 (length = EEC bytes)
$LoadMapBandit will be placed at 80242CF4 (length = EA4 bytes)
$Script_LoadMap_Roguelike will be placed at 80243B98 (length = D9C bytes)
$GoToNextLevel will be placed at 80244934 (length = D10 bytes)
$GoToNextLevel_Roguelike will be placed at 80245644 (length = 868 bytes)
$Function_80240260 will be placed at 80245EAC (length = 5E4 bytes)
$SetSpawns will be placed at 80246490 (length = 384 bytes)
$FallingDownPipe will be placed at 80246814 (length = 37C bytes)
$Script_SetSetsOfLevels will be placed at 80246B90 (length = 358 bytes)
$Script_SetNPCPos will be placed at 80246EE8 (length = 2F4 bytes)
$Function_NpcAI_MoneySack will be placed at 802471DC (length = 238 bytes)
$Script_SackAnimation_Start_GoToTheRight will be placed at 80247414 (length = 230 bytes)
$Script_SackAnimation_Start_GoToTheLeft will be placed at 80247644 (length = 1F8 bytes)
$Interact_Mover will be placed at 8024783C (length = 1F8 bytes)
$NpcGroup_Enemy3 will be placed at 80247A34 (length = 1F0 bytes)
$NpcGroup_Enemy4 will be placed at 80247C24 (length = 1F0 bytes)
$NpcGroup_Enemy5 will be placed at 80247E14 (length = 1F0 bytes)
$NpcGroup_Enemy6 will be placed at 80248004 (length = 1F0 bytes)
$NpcGroup_Enemy1 will be placed at 802481F4 (length = 1F0 bytes)
$NpcGroup_Enemy2 will be placed at 802483E4 (length = 1F0 bytes)
$NpcGroup_Mover will be placed at 802485D4 (length = 1F0 bytes)
$NpcGroup_BanditMover will be placed at 802487C4 (length = 1F0 bytes)
$Interact_BanditMover will be placed at 802489B4 (length = 1EC bytes)
$Script_PipeAnimation will be placed at 80248BA0 (length = 1D0 bytes)
$JumpTable_80242448 will be placed at 80248D70 (length = 190 bytes)
$Script_LoadChestMap_Mover_Roguelike will be placed at 80248F00 (length = 18C bytes)
$PipeSpawning will be placed at 8024908C (length = 178 bytes)
$NPC_Sack_AnimationStart will be placed at 80249204 (length = 168 bytes)
$Function_80240844 will be placed at 8024936C (length = 164 bytes)
$Script_LoadChestMap_Roguelike will be placed at 802494D0 (length = 164 bytes)
$Script_NPC_SackHit_Init will be placed at 80249634 (length = 160 bytes)
$Script_SackAnimation_End_Right will be placed at 80249794 (length = 158 bytes)
$Script_SackAnimation_End_Left will be placed at 802498EC (length = 150 bytes)
$MapTattle5 will be placed at 80249A3C (length = 13C bytes)
$MapTattle4 will be placed at 80249B78 (length = 130 bytes)
$GetFloor will be placed at 80249CA8 (length = 12C bytes)
$BanditMover_Tattle will be placed at 80249DD4 (length = 124 bytes)
$Script_Main will be placed at 80249EF8 (length = 120 bytes)
$Script_80243A6C will be placed at 8024A018 (length = 114 bytes)
$Script_SubstractCoins will be placed at 8024A12C (length = 10C bytes)
$Script_LoadMapMover_Roguelike will be placed at 8024A238 (length = 104 bytes)
$GetFloorBandit will be placed at 8024A33C (length = F4 bytes)
$Script_MoverWarpAnimation will be placed at 8024A430 (length = F0 bytes)
$Function_GetColliderPos will be placed at 8024A520 (length = E0 bytes)
$Function_GetPos will be placed at 8024A600 (length = E0 bytes)
$Script_TrackPlayer will be placed at 8024A6E0 (length = DC bytes)
$MapTattle2 will be placed at 8024A7BC (length = D4 bytes)
$Function_TrackInput will be placed at 8024A890 (length = BC bytes)
$MapTattle3 will be placed at 8024A94C (length = B0 bytes)
$Script_MakeEntities will be placed at 8024A9FC (length = A8 bytes)
$MapTattle1 will be placed at 8024AAA4 (length = A8 bytes)
$Script_NpcAI_MoneySack will be placed at 8024AB4C (length = A8 bytes)
$MoverStart will be placed at 8024ABF4 (length = A4 bytes)
$SwitchPath will be placed at 8024AC98 (length = A4 bytes)
$Script_NPC_Sack_FX will be placed at 8024AD3C (length = A4 bytes)
$GetPos will be placed at 8024ADE0 (length = 9C bytes)
$Script_AddCoins will be placed at 8024AE7C (length = 98 bytes)
$BanditMoverStart will be placed at 8024AF14 (length = 98 bytes)
$Mover_Tattle will be placed at 8024AFAC (length = 94 bytes)
$Function_GetTattle1 will be placed at 8024B040 (length = 8C bytes)
$NPC_Sack_AnimationEnd will be placed at 8024B0CC (length = 84 bytes)
$BanditMover_Options will be placed at 8024B150 (length = 80 bytes)
$SignStringBug will be placed at 8024B1D0 (length = 7C bytes)
$LoadHighscores will be placed at 8024B24C (length = 7C bytes)
$Mover_Options will be placed at 8024B2C8 (length = 78 bytes)
$NpcGroups will be placed at 8024B340 (length = 6C bytes)
$DeepestLevel will be placed at 8024B3AC (length = 6C bytes)
$Function2 will be placed at 8024B418 (length = 6C bytes)
$LoadCoinsMover will be placed at 8024B484 (length = 6C bytes)
$Function_SetAnimation will be placed at 8024B4F0 (length = 6C bytes)
$GetFloorPit will be placed at 8024B55C (length = 68 bytes)
$MoverEnd will be placed at 8024B5C4 (length = 68 bytes)
$BanditMoverEnd will be placed at 8024B62C (length = 68 bytes)
$GetFloorSign will be placed at 8024B694 (length = 64 bytes)
$BanditMoverNoCoins will be placed at 8024B6F8 (length = 58 bytes)
$MoverNoCoins will be placed at 8024B750 (length = 58 bytes)
$Function_GetTattle2 will be placed at 8024B7A8 (length = 48 bytes)
$CommingDownPipe will be placed at 8024B7F0 (length = 48 bytes)
$Script_Exit0 will be placed at 8024B838 (length = 48 bytes)
$Function_LoadGainedCoins will be placed at 8024B880 (length = 48 bytes)
$Function_Init will be placed at 8024B8C8 (length = 44 bytes)
$Function_802409A8 will be placed at 8024B90C (length = 44 bytes)
$Header will be placed at 8024B950 (length = 40 bytes)
$Script_Init_Bag will be placed at 8024B990 (length = 38 bytes)
$TotalLevels will be placed at 8024B9C8 (length = 38 bytes)
$Script_Init_Bag_HitBox will be placed at 8024BA00 (length = 38 bytes)
$DispawnParthner will be placed at 8024BA38 (length = 34 bytes)
$Function_ResetDamage will be placed at 8024BA6C (length = 34 bytes)
$AISettings_MoneySack will be placed at 8024BAA0 (length = 30 bytes)
$AISettings_Enemy will be placed at 8024BAD0 (length = 30 bytes)
$AISettings_DisableEnemy will be placed at 8024BB00 (length = 30 bytes)
$RespawnParthner will be placed at 8024BB30 (length = 30 bytes)
$NPC_Settings_Sack will be placed at 8024BB60 (length = 2C bytes)
$Function_GetDamageTaken will be placed at 8024BB8C (length = 2C bytes)
$Function_RevivePlayer will be placed at 8024BBB8 (length = 2C bytes)
$String_CoinsGained will be placed at 8024BBE4 (length = 2C bytes)
$BlankSettings will be placed at 8024BC10 (length = 2C bytes)
$Script_MakeExits will be placed at 8024BC3C (length = 2C bytes)
$NpcSettings_Enemy1 will be placed at 8024BC68 (length = 24 bytes)
$VectorList_80244998 will be placed at 8024BC8C (length = 24 bytes)
$Script_Init_80243B20 will be placed at 8024BCB0 (length = 24 bytes)
$Script_Init_Mover will be placed at 8024BCD4 (length = 24 bytes)
$Script_Init_BanditMover will be placed at 8024BCF8 (length = 24 bytes)
$Script_DisableEnemyAI will be placed at 8024BD1C (length = 20 bytes)
$EntryList will be placed at 8024BD3C (length = 20 bytes)
$Script_EnemyAI will be placed at 8024BD5C (length = 20 bytes)
$SignString100 will be placed at 8024BD7C (length = 18 bytes)
$SignString1 will be placed at 8024BD94 (length = 14 bytes)
$SignString99 will be placed at 8024BDA8 (length = 14 bytes)
$SignString98 will be placed at 8024BDBC (length = 14 bytes)
$SignString97 will be placed at 8024BDD0 (length = 14 bytes)
$SignString96 will be placed at 8024BDE4 (length = 14 bytes)
$SignString95 will be placed at 8024BDF8 (length = 14 bytes)
$SignString94 will be placed at 8024BE0C (length = 14 bytes)
$SignString93 will be placed at 8024BE20 (length = 14 bytes)
$SignString92 will be placed at 8024BE34 (length = 14 bytes)
$SignString91 will be placed at 8024BE48 (length = 14 bytes)
$SignString90 will be placed at 8024BE5C (length = 14 bytes)
$SignString59 will be placed at 8024BE70 (length = 14 bytes)
$SignString58 will be placed at 8024BE84 (length = 14 bytes)
$SignString57 will be placed at 8024BE98 (length = 14 bytes)
$SignString56 will be placed at 8024BEAC (length = 14 bytes)
$SignString55 will be placed at 8024BEC0 (length = 14 bytes)
$SignString54 will be placed at 8024BED4 (length = 14 bytes)
$SignString53 will be placed at 8024BEE8 (length = 14 bytes)
$SignString52 will be placed at 8024BEFC (length = 14 bytes)
$SignString51 will be placed at 8024BF10 (length = 14 bytes)
$SignString50 will be placed at 8024BF24 (length = 14 bytes)
$SignString69 will be placed at 8024BF38 (length = 14 bytes)
$SignString68 will be placed at 8024BF4C (length = 14 bytes)
$SignString67 will be placed at 8024BF60 (length = 14 bytes)
$SignString66 will be placed at 8024BF74 (length = 14 bytes)
$SignString65 will be placed at 8024BF88 (length = 14 bytes)
$SignString64 will be placed at 8024BF9C (length = 14 bytes)
$SignString63 will be placed at 8024BFB0 (length = 14 bytes)
$SignString62 will be placed at 8024BFC4 (length = 14 bytes)
$SignString61 will be placed at 8024BFD8 (length = 14 bytes)
$SignString60 will be placed at 8024BFEC (length = 14 bytes)
$SignString79 will be placed at 8024C000 (length = 14 bytes)
$SignString78 will be placed at 8024C014 (length = 14 bytes)
$SignString77 will be placed at 8024C028 (length = 14 bytes)
$SignString76 will be placed at 8024C03C (length = 14 bytes)
$SignString75 will be placed at 8024C050 (length = 14 bytes)
$SignString74 will be placed at 8024C064 (length = 14 bytes)
$SignString73 will be placed at 8024C078 (length = 14 bytes)
$SignString72 will be placed at 8024C08C (length = 14 bytes)
$SignString71 will be placed at 8024C0A0 (length = 14 bytes)
$SignString70 will be placed at 8024C0B4 (length = 14 bytes)
$SignString89 will be placed at 8024C0C8 (length = 14 bytes)
$SignString88 will be placed at 8024C0DC (length = 14 bytes)
$SignString87 will be placed at 8024C0F0 (length = 14 bytes)
$SignString86 will be placed at 8024C104 (length = 14 bytes)
$SignString85 will be placed at 8024C118 (length = 14 bytes)
$SignString84 will be placed at 8024C12C (length = 14 bytes)
$SignString83 will be placed at 8024C140 (length = 14 bytes)
$SignString82 will be placed at 8024C154 (length = 14 bytes)
$SignString81 will be placed at 8024C168 (length = 14 bytes)
$SignString80 will be placed at 8024C17C (length = 14 bytes)
$SignString19 will be placed at 8024C190 (length = 14 bytes)
$SignString18 will be placed at 8024C1A4 (length = 14 bytes)
$SignString17 will be placed at 8024C1B8 (length = 14 bytes)
$SignString16 will be placed at 8024C1CC (length = 14 bytes)
$SignString15 will be placed at 8024C1E0 (length = 14 bytes)
$SignString14 will be placed at 8024C1F4 (length = 14 bytes)
$SignString13 will be placed at 8024C208 (length = 14 bytes)
$SignString12 will be placed at 8024C21C (length = 14 bytes)
$SignString11 will be placed at 8024C230 (length = 14 bytes)
$SignString10 will be placed at 8024C244 (length = 14 bytes)
$SignString3 will be placed at 8024C258 (length = 14 bytes)
$SignString2 will be placed at 8024C26C (length = 14 bytes)
$SignString5 will be placed at 8024C280 (length = 14 bytes)
$SignString4 will be placed at 8024C294 (length = 14 bytes)
$SignString7 will be placed at 8024C2A8 (length = 14 bytes)
$SignString6 will be placed at 8024C2BC (length = 14 bytes)
$SignString9 will be placed at 8024C2D0 (length = 14 bytes)
$SignString8 will be placed at 8024C2E4 (length = 14 bytes)
$SignString29 will be placed at 8024C2F8 (length = 14 bytes)
$SignString28 will be placed at 8024C30C (length = 14 bytes)
$SignString27 will be placed at 8024C320 (length = 14 bytes)
$SignString26 will be placed at 8024C334 (length = 14 bytes)
$SignString25 will be placed at 8024C348 (length = 14 bytes)
$SignString24 will be placed at 8024C35C (length = 14 bytes)
$SignString23 will be placed at 8024C370 (length = 14 bytes)
$SignString22 will be placed at 8024C384 (length = 14 bytes)
$SignString21 will be placed at 8024C398 (length = 14 bytes)
$SignString20 will be placed at 8024C3AC (length = 14 bytes)
$SignString will be placed at 8024C3C0 (length = 14 bytes)
$SignString39 will be placed at 8024C3D4 (length = 14 bytes)
$SignString38 will be placed at 8024C3E8 (length = 14 bytes)
$SignString37 will be placed at 8024C3FC (length = 14 bytes)
$SignString36 will be placed at 8024C410 (length = 14 bytes)
$SignString35 will be placed at 8024C424 (length = 14 bytes)
$SignString34 will be placed at 8024C438 (length = 14 bytes)
$SignString33 will be placed at 8024C44C (length = 14 bytes)
$SignString32 will be placed at 8024C460 (length = 14 bytes)
$SignString31 will be placed at 8024C474 (length = 14 bytes)
$SignString30 will be placed at 8024C488 (length = 14 bytes)
$SignString49 will be placed at 8024C49C (length = 14 bytes)
$SignString48 will be placed at 8024C4B0 (length = 14 bytes)
$SignString47 will be placed at 8024C4C4 (length = 14 bytes)
$SignString46 will be placed at 8024C4D8 (length = 14 bytes)
$SignString45 will be placed at 8024C4EC (length = 14 bytes)
$SignString44 will be placed at 8024C500 (length = 14 bytes)
$SignString43 will be placed at 8024C514 (length = 14 bytes)
$SignString42 will be placed at 8024C528 (length = 14 bytes)
$SignString41 will be placed at 8024C53C (length = 14 bytes)
$SignString40 will be placed at 8024C550 (length = 14 bytes)
$ASCII_pit_02_Literal will be placed at 8024C564 (length = C bytes)
$ASCII_pit_90_Literal will be placed at 8024C570 (length = C bytes)
$ASCII_pit_34_Literal will be placed at 8024C57C (length = C bytes)
$ASCII_pit_66_Literal will be placed at 8024C588 (length = C bytes)
$ASCII_pit_98_Literal will be placed at 8024C594 (length = C bytes)
$ASCII_pit_19_Literal will be placed at 8024C5A0 (length = C bytes)
$ASCII_pit_57_Literal will be placed at 8024C5AC (length = C bytes)
$ASCII_pit_69_Literal will be placed at 8024C5B8 (length = C bytes)
$ASCII_pit_72_Literal will be placed at 8024C5C4 (length = C bytes)
$ASCII_pit_81_Literal will be placed at 8024C5D0 (length = C bytes)
$ASCII_pit_43_Literal will be placed at 8024C5DC (length = C bytes)
$ASCII_pit_28_Literal will be placed at 8024C5E8 (length = C bytes)
$ASCII_pit_78_Literal will be placed at 8024C5F4 (length = C bytes)
$ASCII_pit_63_Literal will be placed at 8024C600 (length = C bytes)
$ASCII_pit_46_Literal will be placed at 8024C60C (length = C bytes)
$ASCII_pit_95_Literal will be placed at 8024C618 (length = C bytes)
$ASCII_pit_16_Literal will be placed at 8024C624 (length = C bytes)
$ASCII_pit_37_Literal will be placed at 8024C630 (length = C bytes)
$ASCII_pit_22_Literal will be placed at 8024C63C (length = C bytes)
$ASCII_pit_05_Literal will be placed at 8024C648 (length = C bytes)
$ASCII_pit_25_Literal will be placed at 8024C654 (length = C bytes)
$ASCII_pit_54_Literal will be placed at 8024C660 (length = C bytes)
$ASCII_pit_08_Literal will be placed at 8024C66C (length = C bytes)
$ASCII_pit_87_Literal will be placed at 8024C678 (length = C bytes)
$ASCII_pit_75_Literal will be placed at 8024C684 (length = C bytes)
$ASCII_pit_13_Literal will be placed at 8024C690 (length = C bytes)
$ASCII_pit_32_Literal will be placed at 8024C69C (length = C bytes)
$ASCII_pit_92_Literal will be placed at 8024C6A8 (length = C bytes)
$ASCII_pit_17_Literal will be placed at 8024C6B4 (length = C bytes)
$ASCII_pit_49_Literal will be placed at 8024C6C0 (length = C bytes)
$ASCII_pit_77_Literal will be placed at 8024C6CC (length = C bytes)
$ASCII_pit_96_Literal will be placed at 8024C6D8 (length = C bytes)
$ASCII_pit_68_Literal will be placed at 8024C6E4 (length = C bytes)
$ASCII_pit_51_Literal will be placed at 8024C6F0 (length = C bytes)
$ASCII_pit_04_Literal will be placed at 8024C6FC (length = C bytes)
$ASCII_pit_83_Literal will be placed at 8024C708 (length = C bytes)
$ASCII_pit_86_Literal will be placed at 8024C714 (length = C bytes)
$ASCII_pit_26_Literal will be placed at 8024C720 (length = C bytes)
$ASCII_pit_41_Literal will be placed at 8024C72C (length = C bytes)
$ASCII_pit_14_Literal will be placed at 8024C738 (length = C bytes)
$ASCII_pit_74_Literal will be placed at 8024C744 (length = C bytes)
$ASCII_pit_60_Literal will be placed at 8024C750 (length = C bytes)
$ASCII_pit_59_Literal will be placed at 8024C75C (length = C bytes)
$ASCII_pit_93_Literal will be placed at 8024C768 (length = C bytes)
$ASCII_pit_65_Literal will be placed at 8024C774 (length = C bytes)
$ASCII_pit_07_Literal will be placed at 8024C780 (length = C bytes)
$ASCII_pit_20_Literal will be placed at 8024C78C (length = C bytes)
$ASCII_pit_35_Literal will be placed at 8024C798 (length = C bytes)
$ASCII_pit_23_Literal will be placed at 8024C7A4 (length = C bytes)
$ASCII_pit_11_Literal will be placed at 8024C7B0 (length = C bytes)
$ASCII_pit_56_Literal will be placed at 8024C7BC (length = C bytes)
$ASCII_pit_44_Literal will be placed at 8024C7C8 (length = C bytes)
$ASCII_pit_89_Literal will be placed at 8024C7D4 (length = C bytes)
$ASCII_pit_79_Literal will be placed at 8024C7E0 (length = C bytes)
$ASCII_pit_62_Literal will be placed at 8024C7EC (length = C bytes)
$ASCII_pit_94_Literal will be placed at 8024C7F8 (length = C bytes)
$ASCII_pit_47_Literal will be placed at 8024C804 (length = C bytes)
$ASCII_pit_21_Literal will be placed at 8024C810 (length = C bytes)
$ASCII_pit_06_Literal will be placed at 8024C81C (length = C bytes)
$ASCII_pit_53_Literal will be placed at 8024C828 (length = C bytes)
$ASCII_pit_09_Literal will be placed at 8024C834 (length = C bytes)
$ASCII_pit_88_Literal will be placed at 8024C840 (length = C bytes)
$ASCII_pit_38_Literal will be placed at 8024C84C (length = C bytes)
$ASCII_pit_24_Literal will be placed at 8024C858 (length = C bytes)
$ASCII_pit_12_Literal will be placed at 8024C864 (length = C bytes)
$ASCII_pit_76_Literal will be placed at 8024C870 (length = C bytes)
$ASCII_pit_01_Literal will be placed at 8024C87C (length = C bytes)
$ASCII_pit_50_Literal will be placed at 8024C888 (length = C bytes)
$ASCII_pit_33_Literal will be placed at 8024C894 (length = C bytes)
$ASCII_pit_99_Literal will be placed at 8024C8A0 (length = C bytes)
$ASCII_pit_67_Literal will be placed at 8024C8AC (length = C bytes)
$ASCII_pit_71_Literal will be placed at 8024C8B8 (length = C bytes)
$ASCII_pit_42_Literal will be placed at 8024C8C4 (length = C bytes)
$ASCII_pit_80_Literal will be placed at 8024C8D0 (length = C bytes)
$ASCII_pit_29_Literal will be placed at 8024C8DC (length = C bytes)
$ASCII_pit_58_Literal will be placed at 8024C8E8 (length = C bytes)
$ASCII_pit_30_Literal will be placed at 8024C8F4 (length = C bytes)
$ASCII_pit_00_Literal will be placed at 8024C900 (length = C bytes)
$ASCII_pit_64_Literal will be placed at 8024C90C (length = C bytes)
$ASCII_pit_36_Literal will be placed at 8024C918 (length = C bytes)
$ASCII_pit_55_Literal will be placed at 8024C924 (length = C bytes)
$ASCII_pit_10_Literal will be placed at 8024C930 (length = C bytes)
$ASCII_pit_45_Literal will be placed at 8024C93C (length = C bytes)
$ASCII_pit_18_Literal will be placed at 8024C948 (length = C bytes)
$ASCII_pit_48_Literal will be placed at 8024C954 (length = C bytes)
$ASCII_pit_03_Literal will be placed at 8024C960 (length = C bytes)
$ASCII_pit_31_Literal will be placed at 8024C96C (length = C bytes)
$ASCII_pit_91_Literal will be placed at 8024C978 (length = C bytes)
$ASCII_pit_97_Literal will be placed at 8024C984 (length = C bytes)
$ASCII_pit_82_Literal will be placed at 8024C990 (length = C bytes)
$ASCII_pit_52_Literal will be placed at 8024C99C (length = C bytes)
$ASCII_pit_70_Literal will be placed at 8024C9A8 (length = C bytes)
$ASCII_pit_85_Literal will be placed at 8024C9B4 (length = C bytes)
$ASCII_pit_40_Literal will be placed at 8024C9C0 (length = C bytes)
$ASCII_pit_39_Literal will be placed at 8024C9CC (length = C bytes)
$ASCII_pit_73_Literal will be placed at 8024C9D8 (length = C bytes)
$ASCII_pit_15_Literal will be placed at 8024C9E4 (length = C bytes)
$ASCII_pit_27_Literal will be placed at 8024C9F0 (length = C bytes)
$ASCII_pit_61_Literal will be placed at 8024C9FC (length = C bytes)
$ASCII_pit_842_Literal will be placed at 8024CA08 (length = 8 bytes)
$ASCII_pit_100_Literal will be placed at 8024CA10 (length = 8 bytes)
$ASCII_tik_tex_Literal will be placed at 8024CA18 (length = 8 bytes)
$MoverCancel will be placed at 8024CA20 (length = 4 bytes)
$BanditMoverCancel will be placed at 8024CA24 (length = 4 bytes)
Executing patch: pit_08.mpat
Loaded map pit_01
Creating struct: $EntryList
Creating struct: $DeepestLevel
Creating struct: $TotalLevels
Creating struct: $LoadHighscores
Creating struct: $FallingDownPipe
Creating struct: $Function_GetPos
Creating struct: $Function2
Creating struct: $SetSpawns
Creating struct: $Script_SetNPCPos
Creating struct: $SwitchPath
Creating struct: $VectorList_80244998
Creating struct: $GetPos
Creating struct: $Function_GetDamageTaken
Creating struct: $Function_ResetDamage
Creating struct: $DispawnParthner
Creating struct: $RespawnParthner
Creating struct: $LoadMap
Creating struct: $Script_LoadMapMover_Roguelike
Creating struct: $GetFloor
Creating struct: $LoadCoinsMover
Creating struct: $LoadMapBandit
Creating struct: $GetFloorBandit
Creating struct: $Script_Init_80243B20
Creating struct: $Script_80243A6C
Creating struct: $Script_AddCoins
Creating struct: $Script_SubstractCoins
Creating struct: $NPC_Settings_Sack
Creating struct: $Script_Init_Bag
Creating struct: $Script_Init_Bag_HitBox
Creating struct: $Script_NPC_SackHit_Init
Creating struct: $Script_NPC_Sack_FX
Creating struct: $NPC_Sack_AnimationStart
Creating struct: $NPC_Sack_AnimationEnd
Creating struct: $Script_SackAnimation_Start_GoToTheRight
Creating struct: $Script_SackAnimation_Start_GoToTheLeft
Creating struct: $Script_SackAnimation_End_Right
Creating struct: $Script_SackAnimation_End_Left
Creating struct: $Function_LoadGainedCoins
Creating struct: $Function_RevivePlayer
Creating struct: $AISettings_MoneySack
Creating struct: $Script_NpcAI_MoneySack
Creating struct: $JumpTable_80242448
Creating struct: $Function_NpcAI_MoneySack
Creating struct: $Function_80240260
Creating struct: $Function_80240844
Creating struct: $Function_802409A8
Creating struct: $Script_TrackPlayer
Creating struct: $Script_PipeAnimation
Creating struct: $Function_SetAnimation
Creating struct: $Function_GetColliderPos
Creating struct: $Function_TrackInput
Creating struct: $GoToNextLevel
Creating struct: $GoToNextLevel_Roguelike
Creating struct: $Script_SetSetsOfLevels
Creating struct: $Script_LoadMap_Roguelike
Creating struct: $Script_LoadChestMap_Roguelike
Creating struct: $Script_LoadMap_Mover_Roguelike
Creating struct: $Script_LoadChestMap_Mover_Roguelike
Creating struct: $GetFloorPit
Creating struct: $GetFloorSign
Creating struct: $Function_GetTattle1
Creating struct: $Function_GetTattle2
Creating struct: $Script_ReadSign
Creating struct: $Header
Creating struct: $Function_Init
Creating struct: $Script_Main
Creating struct: $NpcGroups
Creating struct: $NpcGroup_Mover
Creating struct: $BlankSettings
Creating struct: $Script_Init_Mover
Creating struct: $Interact_Mover
Creating struct: $Script_MoverWarpAnimation
Creating struct: $NpcGroup_BanditMover
Creating struct: $Script_Init_BanditMover
Creating struct: $Interact_BanditMover
Creating struct: $NpcGroup_Enemy1
Creating struct: $NpcGroup_Enemy2
Creating struct: $NpcGroup_Enemy3
Creating struct: $NpcGroup_Enemy4
Creating struct: $NpcGroup_Enemy5
Creating struct: $NpcGroup_Enemy6
Creating struct: $NpcSettings_Enemy1
Creating struct: $Script_EnemyAI
Creating struct: $ConstDouble_80243440
Creating struct: $ConstDouble_80243448
Creating struct: $ConstDouble_80243450
Creating struct: $JumpTable_80243458
Creating struct: $FloatTable_80241B2C
Creating struct: $Function_8024130C
Creating struct: $Function_80240000
Creating struct: $Function_802401B0
Creating struct: $Function_802407D8
Creating struct: $Function_80240898
Creating struct: $Function_80240BDC
Creating struct: $Function_80240C54
Creating struct: $Function_80240CC0
Creating struct: $Function_80240DF4
Creating struct: $Function_80240E58
Creating struct: $Function_802411E8
Creating struct: $AISettings_Enemy
Creating struct: $Script_DisableEnemyAI
Creating struct: $AISettings_DisableEnemy
Creating struct: $PipeSpawning
Creating struct: $Script_MakeEntities
Creating struct: $CommingDownPipe
Creating struct: $Script_MakeExits
Creating struct: $Script_Exit0
Merged 1 regions to 1
$Script_LoadMap_Mover_Roguelike will be placed at 80240000 (length = F14 bytes)
$LoadMap will be placed at 80240F14 (length = EF4 bytes)
$Script_ReadSign will be placed at 80241E08 (length = EEC bytes)
$LoadMapBandit will be placed at 80242CF4 (length = EA4 bytes)
$Script_LoadMap_Roguelike will be placed at 80243B98 (length = D9C bytes)
$GoToNextLevel will be placed at 80244934 (length = D10 bytes)
$GoToNextLevel_Roguelike will be placed at 80245644 (length = 868 bytes)
$Function_802401B0 will be placed at 80245EAC (length = 62C bytes)
$Function_80240260 will be placed at 802464D8 (length = 5E4 bytes)
$Function_80240E58 will be placed at 80246ABC (length = 390 bytes)
$SetSpawns will be placed at 80246E4C (length = 384 bytes)
$FallingDownPipe will be placed at 802471D0 (length = 37C bytes)
$Script_SetSetsOfLevels will be placed at 8024754C (length = 358 bytes)
$Function_80240898 will be placed at 802478A4 (length = 340 bytes)
$Script_SetNPCPos will be placed at 80247BE4 (length = 2F4 bytes)
$Function_NpcAI_MoneySack will be placed at 80247ED8 (length = 238 bytes)
$Script_SackAnimation_Start_GoToTheRight will be placed at 80248110 (length = 230 bytes)
$Script_SackAnimation_Start_GoToTheLeft will be placed at 80248340 (length = 1F8 bytes)
$Interact_Mover will be placed at 80248538 (length = 1F8 bytes)
$NpcGroup_Enemy3 will be placed at 80248730 (length = 1F0 bytes)
$NpcGroup_Enemy4 will be placed at 80248920 (length = 1F0 bytes)
$NpcGroup_Enemy5 will be placed at 80248B10 (length = 1F0 bytes)
$NpcGroup_Enemy6 will be placed at 80248D00 (length = 1F0 bytes)
$NpcGroup_Enemy1 will be placed at 80248EF0 (length = 1F0 bytes)
$NpcGroup_Enemy2 will be placed at 802490E0 (length = 1F0 bytes)
$NpcGroup_Mover will be placed at 802492D0 (length = 1F0 bytes)
$NpcGroup_BanditMover will be placed at 802494C0 (length = 1F0 bytes)
$Interact_BanditMover will be placed at 802496B0 (length = 1EC bytes)
$Function_8024130C will be placed at 8024989C (length = 1EC bytes)
$Script_PipeAnimation will be placed at 80249A88 (length = 1D0 bytes)
$Function_80240000 will be placed at 80249C58 (length = 1B4 bytes)
$JumpTable_80242448 will be placed at 80249E0C (length = 190 bytes)
$Script_LoadChestMap_Mover_Roguelike will be placed at 80249F9C (length = 18C bytes)
$PipeSpawning will be placed at 8024A128 (length = 178 bytes)
$NPC_Sack_AnimationStart will be placed at 8024A2A0 (length = 168 bytes)
$Function_80240844 will be placed at 8024A408 (length = 164 bytes)
$Script_LoadChestMap_Roguelike will be placed at 8024A56C (length = 164 bytes)
$Script_NPC_SackHit_Init will be placed at 8024A6D0 (length = 160 bytes)
$Script_SackAnimation_End_Right will be placed at 8024A830 (length = 158 bytes)
$Script_SackAnimation_End_Left will be placed at 8024A988 (length = 150 bytes)
$MapTattle5 will be placed at 8024AAD8 (length = 13C bytes)
$Function_80240CC0 will be placed at 8024AC14 (length = 134 bytes)
$MapTattle4 will be placed at 8024AD48 (length = 130 bytes)
$GetFloor will be placed at 8024AE78 (length = 12C bytes)
$Function_802411E8 will be placed at 8024AFA4 (length = 124 bytes)
$BanditMover_Tattle will be placed at 8024B0C8 (length = 124 bytes)
$Script_Main will be placed at 8024B1EC (length = 120 bytes)
$Script_80243A6C will be placed at 8024B30C (length = 114 bytes)
$Script_SubstractCoins will be placed at 8024B420 (length = 10C bytes)
$Script_LoadMapMover_Roguelike will be placed at 8024B52C (length = 104 bytes)
$GetFloorBandit will be placed at 8024B630 (length = F4 bytes)
$Script_MoverWarpAnimation will be placed at 8024B724 (length = F0 bytes)
$Function_GetColliderPos will be placed at 8024B814 (length = E0 bytes)
$Function_GetPos will be placed at 8024B8F4 (length = E0 bytes)
$Script_TrackPlayer will be placed at 8024B9D4 (length = DC bytes)
$MapTattle2 will be placed at 8024BAB0 (length = D4 bytes)
$Function_802407D8 will be placed at 8024BB84 (length = C0 bytes)
$Function_TrackInput will be placed at 8024BC44 (length = BC bytes)
$MapTattle3 will be placed at 8024BD00 (length = B0 bytes)
$Script_MakeEntities will be placed at 8024BDB0 (length = A8 bytes)
$MapTattle1 will be placed at 8024BE58 (length = A8 bytes)
$Script_NpcAI_MoneySack will be placed at 8024BF00 (length = A8 bytes)
$MoverStart will be placed at 8024BFA8 (length = A4 bytes)
$SwitchPath will be placed at 8024C04C (length = A4 bytes)
$Script_NPC_Sack_FX will be placed at 8024C0F0 (length = A4 bytes)
$GetPos will be placed at 8024C194 (length = 9C bytes)
$Script_AddCoins will be placed at 8024C230 (length = 98 bytes)
$BanditMoverStart will be placed at 8024C2C8 (length = 98 bytes)
$Mover_Tattle will be placed at 8024C360 (length = 94 bytes)
$Function_GetTattle1 will be placed at 8024C3F4 (length = 8C bytes)
$NPC_Sack_AnimationEnd will be placed at 8024C480 (length = 84 bytes)
$BanditMover_Options will be placed at 8024C504 (length = 80 bytes)
$SignStringBug will be placed at 8024C584 (length = 7C bytes)
$LoadHighscores will be placed at 8024C600 (length = 7C bytes)
$Function_80240BDC will be placed at 8024C67C (length = 78 bytes)
$Mover_Options will be placed at 8024C6F4 (length = 78 bytes)
$Script_EnemyAI will be placed at 8024C76C (length = 70 bytes)
$NpcGroups will be placed at 8024C7DC (length = 6C bytes)
$DeepestLevel will be placed at 8024C848 (length = 6C bytes)
$Function2 will be placed at 8024C8B4 (length = 6C bytes)
$Function_80240C54 will be placed at 8024C920 (length = 6C bytes)
$LoadCoinsMover will be placed at 8024C98C (length = 6C bytes)
$Function_SetAnimation will be placed at 8024C9F8 (length = 6C bytes)
$GetFloorPit will be placed at 8024CA64 (length = 68 bytes)
$MoverEnd will be placed at 8024CACC (length = 68 bytes)
$BanditMoverEnd will be placed at 8024CB34 (length = 68 bytes)
$GetFloorSign will be placed at 8024CB9C (length = 64 bytes)
$Function_80240DF4 will be placed at 8024CC00 (length = 64 bytes)
$BanditMoverNoCoins will be placed at 8024CC64 (length = 58 bytes)
$MoverNoCoins will be placed at 8024CCBC (length = 58 bytes)
$Function_GetTattle2 will be placed at 8024CD14 (length = 48 bytes)
$CommingDownPipe will be placed at 8024CD5C (length = 48 bytes)
$Script_Exit0 will be placed at 8024CDA4 (length = 48 bytes)
$Function_LoadGainedCoins will be placed at 8024CDEC (length = 48 bytes)
$Function_Init will be placed at 8024CE34 (length = 44 bytes)
$Function_802409A8 will be placed at 8024CE78 (length = 44 bytes)
$Header will be placed at 8024CEBC (length = 40 bytes)
$JumpTable_80243458 will be placed at 8024CEFC (length = 3C bytes)
$Script_Init_Bag will be placed at 8024CF38 (length = 38 bytes)
$TotalLevels will be placed at 8024CF70 (length = 38 bytes)
$Script_Init_Bag_HitBox will be placed at 8024CFA8 (length = 38 bytes)
$DispawnParthner will be placed at 8024CFE0 (length = 34 bytes)
$Function_ResetDamage will be placed at 8024D014 (length = 34 bytes)
$AISettings_MoneySack will be placed at 8024D048 (length = 30 bytes)
$AISettings_Enemy will be placed at 8024D078 (length = 30 bytes)
$AISettings_DisableEnemy will be placed at 8024D0A8 (length = 30 bytes)
$RespawnParthner will be placed at 8024D0D8 (length = 30 bytes)
$NPC_Settings_Sack will be placed at 8024D108 (length = 2C bytes)
$Function_GetDamageTaken will be placed at 8024D134 (length = 2C bytes)
$NpcSettings_Enemy1 will be placed at 8024D160 (length = 2C bytes)
$Function_RevivePlayer will be placed at 8024D18C (length = 2C bytes)
$String_CoinsGained will be placed at 8024D1B8 (length = 2C bytes)
$BlankSettings will be placed at 8024D1E4 (length = 2C bytes)
$Script_MakeExits will be placed at 8024D210 (length = 2C bytes)
$VectorList_80244998 will be placed at 8024D23C (length = 24 bytes)
$Script_Init_80243B20 will be placed at 8024D260 (length = 24 bytes)
$Script_Init_Mover will be placed at 8024D284 (length = 24 bytes)
$Script_Init_BanditMover will be placed at 8024D2A8 (length = 24 bytes)
$Script_DisableEnemyAI will be placed at 8024D2CC (length = 20 bytes)
$EntryList will be placed at 8024D2EC (length = 20 bytes)
$SignString100 will be placed at 8024D30C (length = 18 bytes)
$FloatTable_80241B2C will be placed at 8024D324 (length = 18 bytes)
$SignString1 will be placed at 8024D33C (length = 14 bytes)
$SignString99 will be placed at 8024D350 (length = 14 bytes)
$SignString98 will be placed at 8024D364 (length = 14 bytes)
$SignString97 will be placed at 8024D378 (length = 14 bytes)
$SignString96 will be placed at 8024D38C (length = 14 bytes)
$SignString95 will be placed at 8024D3A0 (length = 14 bytes)
$SignString94 will be placed at 8024D3B4 (length = 14 bytes)
$SignString93 will be placed at 8024D3C8 (length = 14 bytes)
$SignString92 will be placed at 8024D3DC (length = 14 bytes)
$SignString91 will be placed at 8024D3F0 (length = 14 bytes)
$SignString90 will be placed at 8024D404 (length = 14 bytes)
$SignString59 will be placed at 8024D418 (length = 14 bytes)
$SignString58 will be placed at 8024D42C (length = 14 bytes)
$SignString57 will be placed at 8024D440 (length = 14 bytes)
$SignString56 will be placed at 8024D454 (length = 14 bytes)
$SignString55 will be placed at 8024D468 (length = 14 bytes)
$SignString54 will be placed at 8024D47C (length = 14 bytes)
$SignString53 will be placed at 8024D490 (length = 14 bytes)
$SignString52 will be placed at 8024D4A4 (length = 14 bytes)
$SignString51 will be placed at 8024D4B8 (length = 14 bytes)
$SignString50 will be placed at 8024D4CC (length = 14 bytes)
$SignString69 will be placed at 8024D4E0 (length = 14 bytes)
$SignString68 will be placed at 8024D4F4 (length = 14 bytes)
$SignString67 will be placed at 8024D508 (length = 14 bytes)
$SignString66 will be placed at 8024D51C (length = 14 bytes)
$SignString65 will be placed at 8024D530 (length = 14 bytes)
$SignString64 will be placed at 8024D544 (length = 14 bytes)
$SignString63 will be placed at 8024D558 (length = 14 bytes)
$SignString62 will be placed at 8024D56C (length = 14 bytes)
$SignString61 will be placed at 8024D580 (length = 14 bytes)
$SignString60 will be placed at 8024D594 (length = 14 bytes)
$SignString79 will be placed at 8024D5A8 (length = 14 bytes)
$SignString78 will be placed at 8024D5BC (length = 14 bytes)
$SignString77 will be placed at 8024D5D0 (length = 14 bytes)
$SignString76 will be placed at 8024D5E4 (length = 14 bytes)
$SignString75 will be placed at 8024D5F8 (length = 14 bytes)
$SignString74 will be placed at 8024D60C (length = 14 bytes)
$SignString73 will be placed at 8024D620 (length = 14 bytes)
$SignString72 will be placed at 8024D634 (length = 14 bytes)
$SignString71 will be placed at 8024D648 (length = 14 bytes)
$SignString70 will be placed at 8024D65C (length = 14 bytes)
$SignString89 will be placed at 8024D670 (length = 14 bytes)
$SignString88 will be placed at 8024D684 (length = 14 bytes)
$SignString87 will be placed at 8024D698 (length = 14 bytes)
$SignString86 will be placed at 8024D6AC (length = 14 bytes)
$SignString85 will be placed at 8024D6C0 (length = 14 bytes)
$SignString84 will be placed at 8024D6D4 (length = 14 bytes)
$SignString83 will be placed at 8024D6E8 (length = 14 bytes)
$SignString82 will be placed at 8024D6FC (length = 14 bytes)
$SignString81 will be placed at 8024D710 (length = 14 bytes)
$SignString80 will be placed at 8024D724 (length = 14 bytes)
$SignString19 will be placed at 8024D738 (length = 14 bytes)
$SignString18 will be placed at 8024D74C (length = 14 bytes)
$SignString17 will be placed at 8024D760 (length = 14 bytes)
$SignString16 will be placed at 8024D774 (length = 14 bytes)
$SignString15 will be placed at 8024D788 (length = 14 bytes)
$SignString14 will be placed at 8024D79C (length = 14 bytes)
$SignString13 will be placed at 8024D7B0 (length = 14 bytes)
$SignString12 will be placed at 8024D7C4 (length = 14 bytes)
$SignString11 will be placed at 8024D7D8 (length = 14 bytes)
$SignString10 will be placed at 8024D7EC (length = 14 bytes)
$SignString3 will be placed at 8024D800 (length = 14 bytes)
$SignString2 will be placed at 8024D814 (length = 14 bytes)
$SignString5 will be placed at 8024D828 (length = 14 bytes)
$SignString4 will be placed at 8024D83C (length = 14 bytes)
$SignString7 will be placed at 8024D850 (length = 14 bytes)
$SignString6 will be placed at 8024D864 (length = 14 bytes)
$SignString9 will be placed at 8024D878 (length = 14 bytes)
$SignString8 will be placed at 8024D88C (length = 14 bytes)
$SignString29 will be placed at 8024D8A0 (length = 14 bytes)
$SignString28 will be placed at 8024D8B4 (length = 14 bytes)
$SignString27 will be placed at 8024D8C8 (length = 14 bytes)
$SignString26 will be placed at 8024D8DC (length = 14 bytes)
$SignString25 will be placed at 8024D8F0 (length = 14 bytes)
$SignString24 will be placed at 8024D904 (length = 14 bytes)
$SignString23 will be placed at 8024D918 (length = 14 bytes)
$SignString22 will be placed at 8024D92C (length = 14 bytes)
$SignString21 will be placed at 8024D940 (length = 14 bytes)
$SignString20 will be placed at 8024D954 (length = 14 bytes)
$SignString will be placed at 8024D968 (length = 14 bytes)
$SignString39 will be placed at 8024D97C (length = 14 bytes)
$SignString38 will be placed at 8024D990 (length = 14 bytes)
$SignString37 will be placed at 8024D9A4 (length = 14 bytes)
$SignString36 will be placed at 8024D9B8 (length = 14 bytes)
$SignString35 will be placed at 8024D9CC (length = 14 bytes)
$SignString34 will be placed at 8024D9E0 (length = 14 bytes)
$SignString33 will be placed at 8024D9F4 (length = 14 bytes)
$SignString32 will be placed at 8024DA08 (length = 14 bytes)
$SignString31 will be placed at 8024DA1C (length = 14 bytes)
$SignString30 will be placed at 8024DA30 (length = 14 bytes)
$SignString49 will be placed at 8024DA44 (length = 14 bytes)
$SignString48 will be placed at 8024DA58 (length = 14 bytes)
$SignString47 will be placed at 8024DA6C (length = 14 bytes)
$SignString46 will be placed at 8024DA80 (length = 14 bytes)
$SignString45 will be placed at 8024DA94 (length = 14 bytes)
$SignString44 will be placed at 8024DAA8 (length = 14 bytes)
$SignString43 will be placed at 8024DABC (length = 14 bytes)
$SignString42 will be placed at 8024DAD0 (length = 14 bytes)
$SignString41 will be placed at 8024DAE4 (length = 14 bytes)
$SignString40 will be placed at 8024DAF8 (length = 14 bytes)
$ASCII_pit_02_Literal will be placed at 8024DB0C (length = C bytes)
$ASCII_pit_90_Literal will be placed at 8024DB18 (length = C bytes)
$ASCII_pit_34_Literal will be placed at 8024DB24 (length = C bytes)
$ASCII_pit_66_Literal will be placed at 8024DB30 (length = C bytes)
$ASCII_pit_98_Literal will be placed at 8024DB3C (length = C bytes)
$ASCII_pit_19_Literal will be placed at 8024DB48 (length = C bytes)
$ASCII_pit_57_Literal will be placed at 8024DB54 (length = C bytes)
$ASCII_pit_69_Literal will be placed at 8024DB60 (length = C bytes)
$ASCII_pit_72_Literal will be placed at 8024DB6C (length = C bytes)
$ASCII_pit_81_Literal will be placed at 8024DB78 (length = C bytes)
$ASCII_pit_43_Literal will be placed at 8024DB84 (length = C bytes)
$ASCII_pit_28_Literal will be placed at 8024DB90 (length = C bytes)
$ASCII_pit_78_Literal will be placed at 8024DB9C (length = C bytes)
$ASCII_pit_63_Literal will be placed at 8024DBA8 (length = C bytes)
$ASCII_pit_46_Literal will be placed at 8024DBB4 (length = C bytes)
$ASCII_pit_95_Literal will be placed at 8024DBC0 (length = C bytes)
$ASCII_pit_16_Literal will be placed at 8024DBCC (length = C bytes)
$ASCII_pit_37_Literal will be placed at 8024DBD8 (length = C bytes)
$ASCII_pit_22_Literal will be placed at 8024DBE4 (length = C bytes)
$ASCII_pit_05_Literal will be placed at 8024DBF0 (length = C bytes)
$ASCII_pit_25_Literal will be placed at 8024DBFC (length = C bytes)
$ASCII_pit_54_Literal will be placed at 8024DC08 (length = C bytes)
$ASCII_pit_08_Literal will be placed at 8024DC14 (length = C bytes)
$ASCII_pit_87_Literal will be placed at 8024DC20 (length = C bytes)
$ASCII_pit_75_Literal will be placed at 8024DC2C (length = C bytes)
$ASCII_pit_13_Literal will be placed at 8024DC38 (length = C bytes)
$ASCII_pit_32_Literal will be placed at 8024DC44 (length = C bytes)
$ASCII_pit_92_Literal will be placed at 8024DC50 (length = C bytes)
$ASCII_pit_17_Literal will be placed at 8024DC5C (length = C bytes)
$ASCII_pit_49_Literal will be placed at 8024DC68 (length = C bytes)
$ASCII_pit_77_Literal will be placed at 8024DC74 (length = C bytes)
$ASCII_pit_96_Literal will be placed at 8024DC80 (length = C bytes)
$ASCII_pit_68_Literal will be placed at 8024DC8C (length = C bytes)
$ASCII_pit_51_Literal will be placed at 8024DC98 (length = C bytes)
$ASCII_pit_04_Literal will be placed at 8024DCA4 (length = C bytes)
$ASCII_pit_83_Literal will be placed at 8024DCB0 (length = C bytes)
$ASCII_pit_86_Literal will be placed at 8024DCBC (length = C bytes)
$ASCII_pit_26_Literal will be placed at 8024DCC8 (length = C bytes)
$ASCII_pit_41_Literal will be placed at 8024DCD4 (length = C bytes)
$ASCII_pit_14_Literal will be placed at 8024DCE0 (length = C bytes)
$ASCII_pit_74_Literal will be placed at 8024DCEC (length = C bytes)
$ASCII_pit_60_Literal will be placed at 8024DCF8 (length = C bytes)
$ASCII_pit_59_Literal will be placed at 8024DD04 (length = C bytes)
$ASCII_pit_93_Literal will be placed at 8024DD10 (length = C bytes)
$ASCII_pit_65_Literal will be placed at 8024DD1C (length = C bytes)
$ASCII_pit_07_Literal will be placed at 8024DD28 (length = C bytes)
$ASCII_pit_20_Literal will be placed at 8024DD34 (length = C bytes)
$ASCII_pit_35_Literal will be placed at 8024DD40 (length = C bytes)
$ASCII_pit_23_Literal will be placed at 8024DD4C (length = C bytes)
$ASCII_pit_11_Literal will be placed at 8024DD58 (length = C bytes)
$ASCII_pit_56_Literal will be placed at 8024DD64 (length = C bytes)
$ASCII_pit_44_Literal will be placed at 8024DD70 (length = C bytes)
$ASCII_pit_89_Literal will be placed at 8024DD7C (length = C bytes)
$ASCII_pit_79_Literal will be placed at 8024DD88 (length = C bytes)
$ASCII_pit_62_Literal will be placed at 8024DD94 (length = C bytes)
$ASCII_pit_94_Literal will be placed at 8024DDA0 (length = C bytes)
$ASCII_pit_47_Literal will be placed at 8024DDAC (length = C bytes)
$ASCII_pit_21_Literal will be placed at 8024DDB8 (length = C bytes)
$ASCII_pit_06_Literal will be placed at 8024DDC4 (length = C bytes)
$ASCII_pit_53_Literal will be placed at 8024DDD0 (length = C bytes)
$ASCII_pit_09_Literal will be placed at 8024DDDC (length = C bytes)
$ASCII_pit_88_Literal will be placed at 8024DDE8 (length = C bytes)
$ASCII_pit_38_Literal will be placed at 8024DDF4 (length = C bytes)
$ASCII_pit_24_Literal will be placed at 8024DE00 (length = C bytes)
$ASCII_pit_12_Literal will be placed at 8024DE0C (length = C bytes)
$ASCII_pit_76_Literal will be placed at 8024DE18 (length = C bytes)
$ASCII_pit_01_Literal will be placed at 8024DE24 (length = C bytes)
$ASCII_pit_50_Literal will be placed at 8024DE30 (length = C bytes)
$ASCII_pit_33_Literal will be placed at 8024DE3C (length = C bytes)
$ASCII_pit_99_Literal will be placed at 8024DE48 (length = C bytes)
$ASCII_pit_67_Literal will be placed at 8024DE54 (length = C bytes)
$ASCII_pit_71_Literal will be placed at 8024DE60 (length = C bytes)
$ASCII_pit_42_Literal will be placed at 8024DE6C (length = C bytes)
$ASCII_pit_80_Literal will be placed at 8024DE78 (length = C bytes)
$ASCII_pit_29_Literal will be placed at 8024DE84 (length = C bytes)
$ASCII_pit_58_Literal will be placed at 8024DE90 (length = C bytes)
$ASCII_pit_30_Literal will be placed at 8024DE9C (length = C bytes)
$ASCII_pit_00_Literal will be placed at 8024DEA8 (length = C bytes)
$ASCII_pit_64_Literal will be placed at 8024DEB4 (length = C bytes)
$ASCII_pit_36_Literal will be placed at 8024DEC0 (length = C bytes)
$ASCII_pit_55_Literal will be placed at 8024DECC (length = C bytes)
$ASCII_pit_10_Literal will be placed at 8024DED8 (length = C bytes)
$ASCII_pit_45_Literal will be placed at 8024DEE4 (length = C bytes)
$ASCII_pit_18_Literal will be placed at 8024DEF0 (length = C bytes)
$ASCII_pit_48_Literal will be placed at 8024DEFC (length = C bytes)
$ASCII_pit_03_Literal will be placed at 8024DF08 (length = C bytes)
$ASCII_pit_31_Literal will be placed at 8024DF14 (length = C bytes)
$ASCII_pit_91_Literal will be placed at 8024DF20 (length = C bytes)
$ASCII_pit_97_Literal will be placed at 8024DF2C (length = C bytes)
$ASCII_pit_82_Literal will be placed at 8024DF38 (length = C bytes)
$ASCII_pit_52_Literal will be placed at 8024DF44 (length = C bytes)
$ASCII_pit_70_Literal will be placed at 8024DF50 (length = C bytes)
$ASCII_pit_85_Literal will be placed at 8024DF5C (length = C bytes)
$ASCII_pit_40_Literal will be placed at 8024DF68 (length = C bytes)
$ASCII_pit_39_Literal will be placed at 8024DF74 (length = C bytes)
$ASCII_pit_73_Literal will be placed at 8024DF80 (length = C bytes)
$ASCII_pit_15_Literal will be placed at 8024DF8C (length = C bytes)
$ASCII_pit_27_Literal will be placed at 8024DF98 (length = C bytes)
$ASCII_pit_61_Literal will be placed at 8024DFA4 (length = C bytes)
$ConstDouble_80243448 will be placed at 8024DFB0 (length = 8 bytes)
$ConstDouble_80243440 will be placed at 8024DFB8 (length = 8 bytes)
$ASCII_pit_842_Literal will be placed at 8024DFC0 (length = 8 bytes)
$ConstDouble_80243450 will be placed at 8024DFC8 (length = 8 bytes)
$ASCII_pit_100_Literal will be placed at 8024DFD0 (length = 8 bytes)
$ASCII_tik_tex_Literal will be placed at 8024DFD8 (length = 8 bytes)
$MoverCancel will be placed at 8024DFE0 (length = 4 bytes)
$BanditMoverCancel will be placed at 8024DFE4 (length = 4 bytes)
Executing patch: pit_09.mpat
Loaded map pit_01
Creating struct: $EntryList
Creating struct: $DeepestLevel
Creating struct: $TotalLevels
Creating struct: $LoadHighscores
Creating struct: $FallingDownPipe
Creating struct: $Function_GetPos
Creating struct: $Function2
Creating struct: $SetSpawns
Creating struct: $Script_SetNPCPos
Creating struct: $SwitchPath
Creating struct: $VectorList_80244998
Creating struct: $GetPos
Creating struct: $Function_GetDamageTaken
Creating struct: $Function_ResetDamage
Creating struct: $DispawnParthner
Creating struct: $RespawnParthner
Creating struct: $LoadMap
Creating struct: $Script_LoadMapMover_Roguelike
Creating struct: $GetFloor
Creating struct: $LoadCoinsMover
Creating struct: $LoadMapBandit
Creating struct: $GetFloorBandit
Creating struct: $Script_Init_80243B20
Creating struct: $Script_80243A6C
Creating struct: $Script_AddCoins
Creating struct: $Script_SubstractCoins
Creating struct: $NPC_Settings_Sack
Creating struct: $Script_Init_Bag
Creating struct: $Script_Init_Bag_HitBox
Creating struct: $Script_NPC_SackHit_Init
Creating struct: $Script_NPC_Sack_FX
Creating struct: $NPC_Sack_AnimationStart
Creating struct: $NPC_Sack_AnimationEnd
Creating struct: $Script_SackAnimation_Start_GoToTheRight
Creating struct: $Script_SackAnimation_Start_GoToTheLeft
Creating struct: $Script_SackAnimation_End_Right
Creating struct: $Script_SackAnimation_End_Left
Creating struct: $Function_LoadGainedCoins
Creating struct: $Function_RevivePlayer
Creating struct: $AISettings_MoneySack
Creating struct: $Script_NpcAI_MoneySack
Creating struct: $JumpTable_80242448
Creating struct: $Function_NpcAI_MoneySack
Creating struct: $Function_80240260
Creating struct: $Function_80240844
Creating struct: $Function_802409A8
Creating struct: $Script_TrackPlayer
Creating struct: $Script_PipeAnimation
Creating struct: $Function_SetAnimation
Creating struct: $Function_GetColliderPos
Creating struct: $Function_TrackInput
Creating struct: $GoToNextLevel
Creating struct: $GoToNextLevel_Roguelike
Creating struct: $Script_SetSetsOfLevels
Creating struct: $Script_LoadMap_Roguelike
Creating struct: $Script_LoadChestMap_Roguelike
Creating struct: $Script_LoadMap_Mover_Roguelike
Creating struct: $Script_LoadChestMap_Mover_Roguelike
Creating struct: $GetFloorPit
Creating struct: $GetFloorSign
Creating struct: $Function_GetTattle1
Creating struct: $Function_GetTattle2
Creating struct: $Script_ReadSign
Creating struct: $Header
Creating struct: $Function_Init
Creating struct: $Script_Main
Creating struct: $NpcGroups
Creating struct: $NpcGroup_Mover
Creating struct: $BlankSettings
Creating struct: $Script_Init_Mover
Creating struct: $Interact_Mover
Creating struct: $Script_MoverWarpAnimation
Creating struct: $NpcGroup_BanditMover
Creating struct: $Script_Init_BanditMover
Creating struct: $Interact_BanditMover
Creating struct: $NpcGroup_Enemy1
Creating struct: $NpcGroup_Enemy2
Creating struct: $NpcGroup_Enemy3
Creating struct: $NpcGroup_Enemy4
Creating struct: $NpcGroup_Enemy5
Creating struct: $NpcGroup_Enemy6
Creating struct: $NpcSettings_Enemy1
Creating struct: $Script_EnemyAI
Creating struct: $AISettings_Enemy
Creating struct: $ConstDouble_802471E0
Creating struct: $JumpTable_802471E8
Creating struct: $Function_802406A4
Creating struct: $Function_80240310
Creating struct: $Function_8024038C
Creating struct: $Function_802404C0
Creating struct: $Function_80240624
Creating struct: $Script_DisableEnemyAI
Creating struct: $AISettings_DisableEnemy
Creating struct: $PipeSpawning
Creating struct: $Script_MakeEntities
Creating struct: $CommingDownPipe
Creating struct: $Script_MakeExits
Creating struct: $Script_Exit0
Merged 1 regions to 1
$Script_LoadMap_Mover_Roguelike will be placed at 80240000 (length = F14 bytes)
$LoadMap will be placed at 80240F14 (length = EF4 bytes)
$Script_ReadSign will be placed at 80241E08 (length = EEC bytes)
$LoadMapBandit will be placed at 80242CF4 (length = EA4 bytes)
$Script_LoadMap_Roguelike will be placed at 80243B98 (length = D9C bytes)
$GoToNextLevel will be placed at 80244934 (length = D10 bytes)
$GoToNextLevel_Roguelike will be placed at 80245644 (length = 868 bytes)
$Function_80240260 will be placed at 80245EAC (length = 5E4 bytes)
$Function_802406A4 will be placed at 80246490 (length = 440 bytes)
$SetSpawns will be placed at 802468D0 (length = 384 bytes)
$FallingDownPipe will be placed at 80246C54 (length = 37C bytes)
$Script_SetSetsOfLevels will be placed at 80246FD0 (length = 358 bytes)
$Script_SetNPCPos will be placed at 80247328 (length = 2F4 bytes)
$Function_NpcAI_MoneySack will be placed at 8024761C (length = 238 bytes)
$Script_SackAnimation_Start_GoToTheRight will be placed at 80247854 (length = 230 bytes)
$Script_SackAnimation_Start_GoToTheLeft will be placed at 80247A84 (length = 1F8 bytes)
$Interact_Mover will be placed at 80247C7C (length = 1F8 bytes)
$NpcGroup_Enemy3 will be placed at 80247E74 (length = 1F0 bytes)
$NpcGroup_Enemy4 will be placed at 80248064 (length = 1F0 bytes)
$NpcGroup_Enemy5 will be placed at 80248254 (length = 1F0 bytes)
$NpcGroup_Enemy6 will be placed at 80248444 (length = 1F0 bytes)
$NpcGroup_Enemy1 will be placed at 80248634 (length = 1F0 bytes)
$NpcGroup_Enemy2 will be placed at 80248824 (length = 1F0 bytes)
$NpcGroup_Mover will be placed at 80248A14 (length = 1F0 bytes)
$NpcGroup_BanditMover will be placed at 80248C04 (length = 1F0 bytes)
$Interact_BanditMover will be placed at 80248DF4 (length = 1EC bytes)
$Script_PipeAnimation will be placed at 80248FE0 (length = 1D0 bytes)
$JumpTable_80242448 will be placed at 802491B0 (length = 190 bytes)
$Script_LoadChestMap_Mover_Roguelike will be placed at 80249340 (length = 18C bytes)
$PipeSpawning will be placed at 802494CC (length = 178 bytes)
$NPC_Sack_AnimationStart will be placed at 80249644 (length = 168 bytes)
$Function_80240844 will be placed at 802497AC (length = 164 bytes)
$Script_LoadChestMap_Roguelike will be placed at 80249910 (length = 164 bytes)
$Function_802404C0 will be placed at 80249A74 (length = 164 bytes)
$Script_NPC_SackHit_Init will be placed at 80249BD8 (length = 160 bytes)
$Script_SackAnimation_End_Right will be placed at 80249D38 (length = 158 bytes)
$Script_SackAnimation_End_Left will be placed at 80249E90 (length = 150 bytes)
$MapTattle5 will be placed at 80249FE0 (length = 13C bytes)
$Function_8024038C will be placed at 8024A11C (length = 138 bytes)
$MapTattle4 will be placed at 8024A254 (length = 130 bytes)
$GetFloor will be placed at 8024A384 (length = 12C bytes)
$BanditMover_Tattle will be placed at 8024A4B0 (length = 124 bytes)
$Script_Main will be placed at 8024A5D4 (length = 120 bytes)
$Script_80243A6C will be placed at 8024A6F4 (length = 114 bytes)
$Script_SubstractCoins will be placed at 8024A808 (length = 10C bytes)
$Script_LoadMapMover_Roguelike will be placed at 8024A914 (length = 104 bytes)
$GetFloorBandit will be placed at 8024AA18 (length = F4 bytes)
$Script_MoverWarpAnimation will be placed at 8024AB0C (length = F0 bytes)
$Function_GetColliderPos will be placed at 8024ABFC (length = E0 bytes)
$Function_GetPos will be placed at 8024ACDC (length = E0 bytes)
$Script_TrackPlayer will be placed at 8024ADBC (length = DC bytes)
$MapTattle2 will be placed at 8024AE98 (length = D4 bytes)
$Function_TrackInput will be placed at 8024AF6C (length = BC bytes)
$MapTattle3 will be placed at 8024B028 (length = B0 bytes)
$Script_MakeEntities will be placed at 8024B0D8 (length = A8 bytes)
$MapTattle1 will be placed at 8024B180 (length = A8 bytes)
$Script_NpcAI_MoneySack will be placed at 8024B228 (length = A8 bytes)
$MoverStart will be placed at 8024B2D0 (length = A4 bytes)
$SwitchPath will be placed at 8024B374 (length = A4 bytes)
$Script_NPC_Sack_FX will be placed at 8024B418 (length = A4 bytes)
$GetPos will be placed at 8024B4BC (length = 9C bytes)
$Script_AddCoins will be placed at 8024B558 (length = 98 bytes)
$BanditMoverStart will be placed at 8024B5F0 (length = 98 bytes)
$Mover_Tattle will be placed at 8024B688 (length = 94 bytes)
$Function_GetTattle1 will be placed at 8024B71C (length = 8C bytes)
$NPC_Sack_AnimationEnd will be placed at 8024B7A8 (length = 84 bytes)
$Function_80240624 will be placed at 8024B82C (length = 80 bytes)
$BanditMover_Options will be placed at 8024B8AC (length = 80 bytes)
$SignStringBug will be placed at 8024B92C (length = 7C bytes)
$Function_80240310 will be placed at 8024B9A8 (length = 7C bytes)
$LoadHighscores will be placed at 8024BA24 (length = 7C bytes)
$Mover_Options will be placed at 8024BAA0 (length = 78 bytes)
$Script_EnemyAI will be placed at 8024BB18 (length = 70 bytes)
$NpcGroups will be placed at 8024BB88 (length = 6C bytes)
$DeepestLevel will be placed at 8024BBF4 (length = 6C bytes)
$Function2 will be placed at 8024BC60 (length = 6C bytes)
$LoadCoinsMover will be placed at 8024BCCC (length = 6C bytes)
$Function_SetAnimation will be placed at 8024BD38 (length = 6C bytes)
$GetFloorPit will be placed at 8024BDA4 (length = 68 bytes)
$MoverEnd will be placed at 8024BE0C (length = 68 bytes)
$BanditMoverEnd will be placed at 8024BE74 (length = 68 bytes)
$GetFloorSign will be placed at 8024BEDC (length = 64 bytes)
$BanditMoverNoCoins will be placed at 8024BF40 (length = 58 bytes)
$MoverNoCoins will be placed at 8024BF98 (length = 58 bytes)
$JumpTable_802471E8 will be placed at 8024BFF0 (length = 54 bytes)
$Function_GetTattle2 will be placed at 8024C044 (length = 48 bytes)
$CommingDownPipe will be placed at 8024C08C (length = 48 bytes)
$Script_Exit0 will be placed at 8024C0D4 (length = 48 bytes)
$Function_LoadGainedCoins will be placed at 8024C11C (length = 48 bytes)
$Function_Init will be placed at 8024C164 (length = 44 bytes)
$Function_802409A8 will be placed at 8024C1A8 (length = 44 bytes)
$Header will be placed at 8024C1EC (length = 40 bytes)
$Script_Init_Bag will be placed at 8024C22C (length = 38 bytes)
$TotalLevels will be placed at 8024C264 (length = 38 bytes)
$Script_Init_Bag_HitBox will be placed at 8024C29C (length = 38 bytes)
$DispawnParthner will be placed at 8024C2D4 (length = 34 bytes)
$Function_ResetDamage will be placed at 8024C308 (length = 34 bytes)
$AISettings_MoneySack will be placed at 8024C33C (length = 30 bytes)
$AISettings_Enemy will be placed at 8024C36C (length = 30 bytes)
$AISettings_DisableEnemy will be placed at 8024C39C (length = 30 bytes)
$RespawnParthner will be placed at 8024C3CC (length = 30 bytes)
$NPC_Settings_Sack will be placed at 8024C3FC (length = 2C bytes)
$Function_GetDamageTaken will be placed at 8024C428 (length = 2C bytes)
$NpcSettings_Enemy1 will be placed at 8024C454 (length = 2C bytes)
$Function_RevivePlayer will be placed at 8024C480 (length = 2C bytes)
$String_CoinsGained will be placed at 8024C4AC (length = 2C bytes)
$BlankSettings will be placed at 8024C4D8 (length = 2C bytes)
$Script_MakeExits will be placed at 8024C504 (length = 2C bytes)
$VectorList_80244998 will be placed at 8024C530 (length = 24 bytes)
$Script_Init_80243B20 will be placed at 8024C554 (length = 24 bytes)
$Script_Init_Mover will be placed at 8024C578 (length = 24 bytes)
$Script_Init_BanditMover will be placed at 8024C59C (length = 24 bytes)
$Script_DisableEnemyAI will be placed at 8024C5C0 (length = 20 bytes)
$EntryList will be placed at 8024C5E0 (length = 20 bytes)
$SignString100 will be placed at 8024C600 (length = 18 bytes)
$SignString1 will be placed at 8024C618 (length = 14 bytes)
$SignString99 will be placed at 8024C62C (length = 14 bytes)
$SignString98 will be placed at 8024C640 (length = 14 bytes)
$SignString97 will be placed at 8024C654 (length = 14 bytes)
$SignString96 will be placed at 8024C668 (length = 14 bytes)
$SignString95 will be placed at 8024C67C (length = 14 bytes)
$SignString94 will be placed at 8024C690 (length = 14 bytes)
$SignString93 will be placed at 8024C6A4 (length = 14 bytes)
$SignString92 will be placed at 8024C6B8 (length = 14 bytes)
$SignString91 will be placed at 8024C6CC (length = 14 bytes)
$SignString90 will be placed at 8024C6E0 (length = 14 bytes)
$SignString59 will be placed at 8024C6F4 (length = 14 bytes)
$SignString58 will be placed at 8024C708 (length = 14 bytes)
$SignString57 will be placed at 8024C71C (length = 14 bytes)
$SignString56 will be placed at 8024C730 (length = 14 bytes)
$SignString55 will be placed at 8024C744 (length = 14 bytes)
$SignString54 will be placed at 8024C758 (length = 14 bytes)
$SignString53 will be placed at 8024C76C (length = 14 bytes)
$SignString52 will be placed at 8024C780 (length = 14 bytes)
$SignString51 will be placed at 8024C794 (length = 14 bytes)
$SignString50 will be placed at 8024C7A8 (length = 14 bytes)
$SignString69 will be placed at 8024C7BC (length = 14 bytes)
$SignString68 will be placed at 8024C7D0 (length = 14 bytes)
$SignString67 will be placed at 8024C7E4 (length = 14 bytes)
$SignString66 will be placed at 8024C7F8 (length = 14 bytes)
$SignString65 will be placed at 8024C80C (length = 14 bytes)
$SignString64 will be placed at 8024C820 (length = 14 bytes)
$SignString63 will be placed at 8024C834 (length = 14 bytes)
$SignString62 will be placed at 8024C848 (length = 14 bytes)
$SignString61 will be placed at 8024C85C (length = 14 bytes)
$SignString60 will be placed at 8024C870 (length = 14 bytes)
$SignString79 will be placed at 8024C884 (length = 14 bytes)
$SignString78 will be placed at 8024C898 (length = 14 bytes)
$SignString77 will be placed at 8024C8AC (length = 14 bytes)
$SignString76 will be placed at 8024C8C0 (length = 14 bytes)
$SignString75 will be placed at 8024C8D4 (length = 14 bytes)
$SignString74 will be placed at 8024C8E8 (length = 14 bytes)
$SignString73 will be placed at 8024C8FC (length = 14 bytes)
$SignString72 will be placed at 8024C910 (length = 14 bytes)
$SignString71 will be placed at 8024C924 (length = 14 bytes)
$SignString70 will be placed at 8024C938 (length = 14 bytes)
$SignString89 will be placed at 8024C94C (length = 14 bytes)
$SignString88 will be placed at 8024C960 (length = 14 bytes)
$SignString87 will be placed at 8024C974 (length = 14 bytes)
$SignString86 will be placed at 8024C988 (length = 14 bytes)
$SignString85 will be placed at 8024C99C (length = 14 bytes)
$SignString84 will be placed at 8024C9B0 (length = 14 bytes)
$SignString83 will be placed at 8024C9C4 (length = 14 bytes)
$SignString82 will be placed at 8024C9D8 (length = 14 bytes)
$SignString81 will be placed at 8024C9EC (length = 14 bytes)
$SignString80 will be placed at 8024CA00 (length = 14 bytes)
$SignString19 will be placed at 8024CA14 (length = 14 bytes)
$SignString18 will be placed at 8024CA28 (length = 14 bytes)
$SignString17 will be placed at 8024CA3C (length = 14 bytes)
$SignString16 will be placed at 8024CA50 (length = 14 bytes)
$SignString15 will be placed at 8024CA64 (length = 14 bytes)
$SignString14 will be placed at 8024CA78 (length = 14 bytes)
$SignString13 will be placed at 8024CA8C (length = 14 bytes)
$SignString12 will be placed at 8024CAA0 (length = 14 bytes)
$SignString11 will be placed at 8024CAB4 (length = 14 bytes)
$SignString10 will be placed at 8024CAC8 (length = 14 bytes)
$SignString3 will be placed at 8024CADC (length = 14 bytes)
$SignString2 will be placed at 8024CAF0 (length = 14 bytes)
$SignString5 will be placed at 8024CB04 (length = 14 bytes)
$SignString4 will be placed at 8024CB18 (length = 14 bytes)
$SignString7 will be placed at 8024CB2C (length = 14 bytes)
$SignString6 will be placed at 8024CB40 (length = 14 bytes)
$SignString9 will be placed at 8024CB54 (length = 14 bytes)
$SignString8 will be placed at 8024CB68 (length = 14 bytes)
$SignString29 will be placed at 8024CB7C (length = 14 bytes)
$SignString28 will be placed at 8024CB90 (length = 14 bytes)
$SignString27 will be placed at 8024CBA4 (length = 14 bytes)
$SignString26 will be placed at 8024CBB8 (length = 14 bytes)
$SignString25 will be placed at 8024CBCC (length = 14 bytes)
$SignString24 will be placed at 8024CBE0 (length = 14 bytes)
$SignString23 will be placed at 8024CBF4 (length = 14 bytes)
$SignString22 will be placed at 8024CC08 (length = 14 bytes)
$SignString21 will be placed at 8024CC1C (length = 14 bytes)
$SignString20 will be placed at 8024CC30 (length = 14 bytes)
$SignString will be placed at 8024CC44 (length = 14 bytes)
$SignString39 will be placed at 8024CC58 (length = 14 bytes)
$SignString38 will be placed at 8024CC6C (length = 14 bytes)
$SignString37 will be placed at 8024CC80 (length = 14 bytes)
$SignString36 will be placed at 8024CC94 (length = 14 bytes)
$SignString35 will be placed at 8024CCA8 (length = 14 bytes)
$SignString34 will be placed at 8024CCBC (length = 14 bytes)
$SignString33 will be placed at 8024CCD0 (length = 14 bytes)
$SignString32 will be placed at 8024CCE4 (length = 14 bytes)
$SignString31 will be placed at 8024CCF8 (length = 14 bytes)
$SignString30 will be placed at 8024CD0C (length = 14 bytes)
$SignString49 will be placed at 8024CD20 (length = 14 bytes)
$SignString48 will be placed at 8024CD34 (length = 14 bytes)
$SignString47 will be placed at 8024CD48 (length = 14 bytes)
$SignString46 will be placed at 8024CD5C (length = 14 bytes)
$SignString45 will be placed at 8024CD70 (length = 14 bytes)
$SignString44 will be placed at 8024CD84 (length = 14 bytes)
$SignString43 will be placed at 8024CD98 (length = 14 bytes)
$SignString42 will be placed at 8024CDAC (length = 14 bytes)
$SignString41 will be placed at 8024CDC0 (length = 14 bytes)
$SignString40 will be placed at 8024CDD4 (length = 14 bytes)
$ASCII_pit_02_Literal will be placed at 8024CDE8 (length = C bytes)
$ASCII_pit_90_Literal will be placed at 8024CDF4 (length = C bytes)
$ASCII_pit_34_Literal will be placed at 8024CE00 (length = C bytes)
$ASCII_pit_66_Literal will be placed at 8024CE0C (length = C bytes)
$ASCII_pit_98_Literal will be placed at 8024CE18 (length = C bytes)
$ASCII_pit_19_Literal will be placed at 8024CE24 (length = C bytes)
$ASCII_pit_57_Literal will be placed at 8024CE30 (length = C bytes)
$ASCII_pit_69_Literal will be placed at 8024CE3C (length = C bytes)
$ASCII_pit_72_Literal will be placed at 8024CE48 (length = C bytes)
$ASCII_pit_81_Literal will be placed at 8024CE54 (length = C bytes)
$ASCII_pit_43_Literal will be placed at 8024CE60 (length = C bytes)
$ASCII_pit_28_Literal will be placed at 8024CE6C (length = C bytes)
$ASCII_pit_78_Literal will be placed at 8024CE78 (length = C bytes)
$ASCII_pit_63_Literal will be placed at 8024CE84 (length = C bytes)
$ASCII_pit_46_Literal will be placed at 8024CE90 (length = C bytes)
$ASCII_pit_95_Literal will be placed at 8024CE9C (length = C bytes)
$ASCII_pit_16_Literal will be placed at 8024CEA8 (length = C bytes)
$ASCII_pit_37_Literal will be placed at 8024CEB4 (length = C bytes)
$ASCII_pit_22_Literal will be placed at 8024CEC0 (length = C bytes)
$ASCII_pit_05_Literal will be placed at 8024CECC (length = C bytes)
$ASCII_pit_25_Literal will be placed at 8024CED8 (length = C bytes)
$ASCII_pit_54_Literal will be placed at 8024CEE4 (length = C bytes)
$ASCII_pit_08_Literal will be placed at 8024CEF0 (length = C bytes)
$ASCII_pit_87_Literal will be placed at 8024CEFC (length = C bytes)
$ASCII_pit_75_Literal will be placed at 8024CF08 (length = C bytes)
$ASCII_pit_13_Literal will be placed at 8024CF14 (length = C bytes)
$ASCII_pit_32_Literal will be placed at 8024CF20 (length = C bytes)
$ASCII_pit_92_Literal will be placed at 8024CF2C (length = C bytes)
$ASCII_pit_17_Literal will be placed at 8024CF38 (length = C bytes)
$ASCII_pit_49_Literal will be placed at 8024CF44 (length = C bytes)
$ASCII_pit_77_Literal will be placed at 8024CF50 (length = C bytes)
$ASCII_pit_96_Literal will be placed at 8024CF5C (length = C bytes)
$ASCII_pit_68_Literal will be placed at 8024CF68 (length = C bytes)
$ASCII_pit_51_Literal will be placed at 8024CF74 (length = C bytes)
$ASCII_pit_04_Literal will be placed at 8024CF80 (length = C bytes)
$ASCII_pit_83_Literal will be placed at 8024CF8C (length = C bytes)
$ASCII_pit_86_Literal will be placed at 8024CF98 (length = C bytes)
$ASCII_pit_26_Literal will be placed at 8024CFA4 (length = C bytes)
$ASCII_pit_41_Literal will be placed at 8024CFB0 (length = C bytes)
$ASCII_pit_14_Literal will be placed at 8024CFBC (length = C bytes)
$ASCII_pit_74_Literal will be placed at 8024CFC8 (length = C bytes)
$ASCII_pit_60_Literal will be placed at 8024CFD4 (length = C bytes)
$ASCII_pit_59_Literal will be placed at 8024CFE0 (length = C bytes)
$ASCII_pit_93_Literal will be placed at 8024CFEC (length = C bytes)
$ASCII_pit_65_Literal will be placed at 8024CFF8 (length = C bytes)
$ASCII_pit_07_Literal will be placed at 8024D004 (length = C bytes)
$ASCII_pit_20_Literal will be placed at 8024D010 (length = C bytes)
$ASCII_pit_35_Literal will be placed at 8024D01C (length = C bytes)
$ASCII_pit_23_Literal will be placed at 8024D028 (length = C bytes)
$ASCII_pit_11_Literal will be placed at 8024D034 (length = C bytes)
$ASCII_pit_56_Literal will be placed at 8024D040 (length = C bytes)
$ASCII_pit_44_Literal will be placed at 8024D04C (length = C bytes)
$ASCII_pit_89_Literal will be placed at 8024D058 (length = C bytes)
$ASCII_pit_79_Literal will be placed at 8024D064 (length = C bytes)
$ASCII_pit_62_Literal will be placed at 8024D070 (length = C bytes)
$ASCII_pit_94_Literal will be placed at 8024D07C (length = C bytes)
$ASCII_pit_47_Literal will be placed at 8024D088 (length = C bytes)
$ASCII_pit_21_Literal will be placed at 8024D094 (length = C bytes)
$ASCII_pit_06_Literal will be placed at 8024D0A0 (length = C bytes)
$ASCII_pit_53_Literal will be placed at 8024D0AC (length = C bytes)
$ASCII_pit_09_Literal will be placed at 8024D0B8 (length = C bytes)
$ASCII_pit_88_Literal will be placed at 8024D0C4 (length = C bytes)
$ASCII_pit_38_Literal will be placed at 8024D0D0 (length = C bytes)
$ASCII_pit_24_Literal will be placed at 8024D0DC (length = C bytes)
$ASCII_pit_12_Literal will be placed at 8024D0E8 (length = C bytes)
$ASCII_pit_76_Literal will be placed at 8024D0F4 (length = C bytes)
$ASCII_pit_01_Literal will be placed at 8024D100 (length = C bytes)
$ASCII_pit_50_Literal will be placed at 8024D10C (length = C bytes)
$ASCII_pit_33_Literal will be placed at 8024D118 (length = C bytes)
$ASCII_pit_99_Literal will be placed at 8024D124 (length = C bytes)
$ASCII_pit_67_Literal will be placed at 8024D130 (length = C bytes)
$ASCII_pit_71_Literal will be placed at 8024D13C (length = C bytes)
$ASCII_pit_42_Literal will be placed at 8024D148 (length = C bytes)
$ASCII_pit_80_Literal will be placed at 8024D154 (length = C bytes)
$ASCII_pit_29_Literal will be placed at 8024D160 (length = C bytes)
$ASCII_pit_58_Literal will be placed at 8024D16C (length = C bytes)
$ASCII_pit_30_Literal will be placed at 8024D178 (length = C bytes)
$ASCII_pit_00_Literal will be placed at 8024D184 (length = C bytes)
$ASCII_pit_64_Literal will be placed at 8024D190 (length = C bytes)
$ASCII_pit_36_Literal will be placed at 8024D19C (length = C bytes)
$ASCII_pit_55_Literal will be placed at 8024D1A8 (length = C bytes)
$ASCII_pit_10_Literal will be placed at 8024D1B4 (length = C bytes)
$ASCII_pit_45_Literal will be placed at 8024D1C0 (length = C bytes)
$ASCII_pit_18_Literal will be placed at 8024D1CC (length = C bytes)
$ASCII_pit_48_Literal will be placed at 8024D1D8 (length = C bytes)
$ASCII_pit_03_Literal will be placed at 8024D1E4 (length = C bytes)
$ASCII_pit_31_Literal will be placed at 8024D1F0 (length = C bytes)
$ASCII_pit_91_Literal will be placed at 8024D1FC (length = C bytes)
$ASCII_pit_97_Literal will be placed at 8024D208 (length = C bytes)
$ASCII_pit_82_Literal will be placed at 8024D214 (length = C bytes)
$ASCII_pit_52_Literal will be placed at 8024D220 (length = C bytes)
$ASCII_pit_70_Literal will be placed at 8024D22C (length = C bytes)
$ASCII_pit_85_Literal will be placed at 8024D238 (length = C bytes)
$ASCII_pit_40_Literal will be placed at 8024D244 (length = C bytes)
$ASCII_pit_39_Literal will be placed at 8024D250 (length = C bytes)
$ASCII_pit_73_Literal will be placed at 8024D25C (length = C bytes)
$ASCII_pit_15_Literal will be placed at 8024D268 (length = C bytes)
$ASCII_pit_27_Literal will be placed at 8024D274 (length = C bytes)
$ASCII_pit_61_Literal will be placed at 8024D280 (length = C bytes)
$ConstDouble_802471E0 will be placed at 8024D28C (length = 8 bytes)
$ASCII_pit_842_Literal will be placed at 8024D294 (length = 8 bytes)
$ASCII_pit_100_Literal will be placed at 8024D29C (length = 8 bytes)
$ASCII_tik_tex_Literal will be placed at 8024D2A4 (length = 8 bytes)
$MoverCancel will be placed at 8024D2AC (length = 4 bytes)
$BanditMoverCancel will be placed at 8024D2B0 (length = 4 bytes)
Executing patch: pit_10.mpat
Loaded map pit_10
Creating struct: $EntryList
Creating struct: $DeepestLevel
Creating struct: $TotalLevels
Creating struct: $LoadHighscores
Creating struct: $FallingDownPipe
Creating struct: $Function_GetPos
Creating struct: $Function2
Creating struct: $Script_TrackPlayer
Creating struct: $Script_PipeAnimation
Creating struct: $Function_SetAnimation
Creating struct: $Function_GetColliderPos
Creating struct: $Function_TrackInput
Creating struct: $GoToNextLevel
Creating struct: $GoToNextLevel_Roguelike
Creating struct: $Script_SetSetsOfLevels
Creating struct: $Script_LoadMap_Roguelike
Creating struct: $Script_LoadChestMap_Roguelike
Creating struct: $Script_LoadMap_Mover_Roguelike
Creating struct: $Script_LoadChestMap_Mover_Roguelike
Creating struct: $GetFloorPit
Creating struct: $GetFloorSign
Creating struct: $Function_GetTattle1
Creating struct: $Function_GetTattle2
Creating struct: $Script_ReadSign
Creating struct: $BadgeListRogue
Creating struct: $BadgeList
Creating struct: $GetBadge
Creating struct: $CoinChest
Creating struct: $LoadChestFloor
Creating struct: $ShopperInteraction
Creating struct: $GetFloorRowf
Creating struct: $ShopperInventory1-1
Creating struct: $ShopperInventory1-2
Creating struct: $ShopperInventory1-3
Creating struct: $ShopperInventory1-4
Creating struct: $ShopperInventory1-5
Creating struct: $ShopperInventory1-6
Creating struct: $ShopperInventory1-7
Creating struct: $ShopperInventory1-8
Creating struct: $ShopperInventory1-9
Creating struct: $ShopperInventory2-1
Creating struct: $ShopperInventory2-2
Creating struct: $ShopperInventory2-3
Creating struct: $ShopperInventory2-4
Creating struct: $ShopperInventory2-5
Creating struct: $ShopperInventory2-6
Creating struct: $ShopperInventory2-7
Creating struct: $ShopperInventory2-8
Creating struct: $ShopperInventory2-9
Creating struct: $ShopperInventory3-1
Creating struct: $ShopperInventory3-2
Creating struct: $ShopperInventory3-3
Creating struct: $ShopperInventory3-4
Creating struct: $ShopperInventory3-5
Creating struct: $ShopperInventory3-6
Creating struct: $ShopperInventory3-7
Creating struct: $ShopperInventory3-8
Creating struct: $ShopperInventory3-9
Creating struct: $ShopperInventory4-1
Creating struct: $ShopperInventory4-2
Creating struct: $ShopperInventory4-3
Creating struct: $ShopperInventory4-4
Creating struct: $ShopperInventory4-5
Creating struct: $ShopperInventory4-6
Creating struct: $ShopperInventory4-7
Creating struct: $ShopperInventory4-8
Creating struct: $ShopperInventory4-9
Creating struct: $ShopperInventory5-1
Creating struct: $ShopperInventory5-2
Creating struct: $ShopperInventory5-3
Creating struct: $ShopperInventory5-4
Creating struct: $ShopperInventory5-5
Creating struct: $ShopperInventory5-6
Creating struct: $ShopperInventory5-7
Creating struct: $ShopperInventory5-8
Creating struct: $ShopperInventory5-9
Creating struct: $ShopperInventory6-1
Creating struct: $ShopperInventory6-2
Creating struct: $ShopperInventory6-3
Creating struct: $ShopperInventory6-4
Creating struct: $ShopperInventory6-5
Creating struct: $ShopperInventory6-6
Creating struct: $ShopperInventory6-7
Creating struct: $ShopperInventory6-8
Creating struct: $ShopperInventory6-9
Creating struct: $ShopperInventory7-1
Creating struct: $ShopperInventory7-2
Creating struct: $ShopperInventory7-3
Creating struct: $ShopperInventory7-4
Creating struct: $ShopperInventory7-5
Creating struct: $ShopperInventory7-6
Creating struct: $ShopperInventory7-7
Creating struct: $ShopperInventory7-8
Creating struct: $ShopperInventory7-9
Creating struct: $ShopperInventory8-1
Creating struct: $ShopperInventory8-2
Creating struct: $ShopperInventory8-3
Creating struct: $ShopperInventory8-4
Creating struct: $ShopperInventory8-5
Creating struct: $ShopperInventory8-6
Creating struct: $ShopperInventory8-7
Creating struct: $ShopperInventory8-8
Creating struct: $ShopperInventory8-9
Creating struct: $ShopperInventory9-1
Creating struct: $ShopperInventory9-2
Creating struct: $ShopperInventory9-3
Creating struct: $ShopperInventory9-4
Creating struct: $ShopperInventory9-5
Creating struct: $ShopperInventory9-6
Creating struct: $ShopperInventory9-7
Creating struct: $ShopperInventory9-8
Creating struct: $ShopperInventory9-9
Creating struct: $InventoryAvailability
Creating struct: $LoadCoins
Creating struct: $LoadInventory1
Creating struct: $LoadInventory2
Creating struct: $LoadInventory3
Creating struct: $LoadInventory4
Creating struct: $LoadInventory5
Creating struct: $LoadInventory6
Creating struct: $LoadInventory7
Creating struct: $LoadInventory8
Creating struct: $LoadInventory9
Creating struct: $Partner_Settings
Creating struct: $Init_NPC
Creating struct: $NPC_Cutscene1
Creating struct: $NPC_Cutscene2
Creating struct: $NPC_Cutscene3
Creating struct: $NPC_Cutscene4
Creating struct: $NPC_Cutscene5
Creating struct: $Script_MarioAnimation0
Creating struct: $Script_MarioAnimation1
Creating struct: $NPC_Cutscene6
Creating struct: $Script_WattLightnings
Creating struct: $NPC_Cutscene7
Creating struct: $NPC_Cutscene8
Creating struct: $VectorList_Path_Lakilester
Creating struct: $Function_LoadPath
Creating struct: $Script_SetNPC
Creating struct: $PartnerFunc1
Creating struct: $PartnerFunc2
Creating struct: $Explotion
Creating struct: $PartnerImage1
Creating struct: $PartnerImage2
Creating struct: $PartnerImage3
Creating struct: $PartnerImage4
Creating struct: $PartnerImage5
Creating struct: $PartnerImage6
Creating struct: $PartnerImage7
Creating struct: $PartnerImage8
Creating struct: $JoinedYourParty
Creating struct: $SetNPCtoPartner
Creating struct: $Header
Creating struct: $Function_Init
Creating struct: $Script_Main
Creating struct: $Script_MakeEntities
Creating struct: $Script_ReadSignExit
Creating struct: $Script_UseChest
Creating struct: $Script_OpenChest
Creating struct: $Script_GetItem
Creating struct: $Function_ActivateBadge
Creating struct: $CommingDownPipe
Creating struct: $PipeSpawning
Creating struct: $Script_MakeExits
Creating struct: $Script_Exit1
Creating struct: $Script_Exit0
Creating struct: $PipeAnimationX
Creating struct: $Function_802400F0
Creating struct: $Function_80240000
Creating struct: $NpcGroups
Creating struct: $NpcGroup_Partners
Creating struct: $NpcGroup_Rowf
Creating struct: $Rowf_Settings
Creating struct: $Script_AI_Rowf
Creating struct: $InitShopper
Creating struct: $GotItem
Creating struct: $NpcGroup_BlackRowf
Creating struct: $BRowf_Settings
Creating struct: $Init_BRowf
Creating struct: $GetItem_BRowf
Creating struct: $LoadCoins_BRowf
Creating struct: $EnableInputs
Merged 1 regions to 1
$BadgeList will be placed at 80240000 (length = 2040 bytes)
$BadgeListRogue will be placed at 80242040 (length = 143C bytes)
$GetBadge will be placed at 8024347C (length = F9C bytes)
$Script_LoadMap_Mover_Roguelike will be placed at 80244418 (length = F14 bytes)
$Script_ReadSign will be placed at 8024532C (length = EEC bytes)
$NPC_Cutscene5 will be placed at 80246218 (length = DAC bytes)
$Script_LoadMap_Roguelike will be placed at 80246FC4 (length = D9C bytes)
$NpcGroup_Partners will be placed at 80247D60 (length = D90 bytes)
$GoToNextLevel will be placed at 80248AF0 (length = D10 bytes)
$Script_MakeEntities will be placed at 80249800 (length = A48 bytes)
$GoToNextLevel_Roguelike will be placed at 8024A248 (length = 868 bytes)
$ShopperInteraction will be placed at 8024AAB0 (length = 50C bytes)
$NPC_Cutscene4 will be placed at 8024AFBC (length = 500 bytes)
$Script_UseChest will be placed at 8024B4BC (length = 4DC bytes)
$NPC_Cutscene2 will be placed at 8024B998 (length = 4DC bytes)
$LoadInventory7 will be placed at 8024BE74 (length = 474 bytes)
$LoadInventory6 will be placed at 8024C2E8 (length = 474 bytes)
$LoadInventory9 will be placed at 8024C75C (length = 474 bytes)
$LoadInventory8 will be placed at 8024CBD0 (length = 474 bytes)
$LoadInventory3 will be placed at 8024D044 (length = 474 bytes)
$LoadInventory2 will be placed at 8024D4B8 (length = 474 bytes)
$LoadInventory5 will be placed at 8024D92C (length = 474 bytes)
$LoadInventory4 will be placed at 8024DDA0 (length = 474 bytes)
$LoadInventory1 will be placed at 8024E214 (length = 474 bytes)
$NPC_Cutscene3 will be placed at 8024E688 (length = 448 bytes)
$NPC_Cutscene7 will be placed at 8024EAD0 (length = 430 bytes)
$Init_BRowf will be placed at 8024EF00 (length = 3A4 bytes)
$FallingDownPipe will be placed at 8024F2A4 (length = 37C bytes)
$PipeAnimationX will be placed at 8024F620 (length = 364 bytes)
$Script_SetSetsOfLevels will be placed at 8024F984 (length = 358 bytes)
$Script_SetNPC will be placed at 8024FCDC (length = 328 bytes)
$NPC_Cutscene1 will be placed at 80250004 (length = 320 bytes)
$NPC_Cutscene6 will be placed at 80250324 (length = 318 bytes)
$NPC_Cutscene8 will be placed at 8025063C (length = 29C bytes)
$Script_MarioAnimation0 will be placed at 802508D8 (length = 21C bytes)
$NpcGroup_BlackRowf will be placed at 80250AF4 (length = 1F0 bytes)
$NpcGroup_Rowf will be placed at 80250CE4 (length = 1F0 bytes)
$Script_PipeAnimation will be placed at 80250ED4 (length = 1D0 bytes)
$Script_Main will be placed at 802510A4 (length = 1D0 bytes)
$JoinedYourParty will be placed at 80251274 (length = 194 bytes)
$Script_LoadChestMap_Mover_Roguelike will be placed at 80251408 (length = 18C bytes)
$SetNPCtoPartner will be placed at 80251594 (length = 184 bytes)
$PipeSpawning will be placed at 80251718 (length = 178 bytes)
$Function_ActivateBadge will be placed at 80251890 (length = 178 bytes)
$Script_LoadChestMap_Roguelike will be placed at 80251A08 (length = 164 bytes)
$CoinChest will be placed at 80251B6C (length = 158 bytes)
$Init_NPC will be placed at 80251CC4 (length = 154 bytes)
$LoadChestFloor will be placed at 80251E18 (length = 154 bytes)
$MapTattle5 will be placed at 80251F6C (length = 13C bytes)
$MapTattle4 will be placed at 802520A8 (length = 130 bytes)
$Script_WattLightnings will be placed at 802521D8 (length = 124 bytes)
$Script_AI_Rowf will be placed at 802522FC (length = 114 bytes)
$Function_LoadPath will be placed at 80252410 (length = 114 bytes)
$Script_OpenChest will be placed at 80252524 (length = 108 bytes)
$BRowfTattle will be placed at 8025262C (length = F4 bytes)
$ShopperTattle will be placed at 80252720 (length = E8 bytes)
$Function_GetColliderPos will be placed at 80252808 (length = E0 bytes)
$Function_GetPos will be placed at 802528E8 (length = E0 bytes)
$Function_802400F0 will be placed at 802529C8 (length = E0 bytes)
$Script_TrackPlayer will be placed at 80252AA8 (length = DC bytes)
$MapTattle2 will be placed at 80252B84 (length = D4 bytes)
$ShopperBye1 will be placed at 80252C58 (length = C0 bytes)
$Explotion will be placed at 80252D18 (length = BC bytes)
$ShopperBye2 will be placed at 80252DD4 (length = BC bytes)
$Function_TrackInput will be placed at 80252E90 (length = BC bytes)
$ShopperWelcome will be placed at 80252F4C (length = B4 bytes)
$Script_MarioAnimation1 will be placed at 80253000 (length = B0 bytes)
$MapTattle3 will be placed at 802530B0 (length = B0 bytes)
$MapTattle1 will be placed at 80253160 (length = A8 bytes)
$CoinsString will be placed at 80253208 (length = 94 bytes)
$ShopperBuying will be placed at 8025329C (length = 94 bytes)
$Function_GetTattle1 will be placed at 80253330 (length = 8C bytes)
$LoadHighscores will be placed at 802533BC (length = 7C bytes)
$SignStringBug will be placed at 80253438 (length = 7C bytes)
$DeepestLevel will be placed at 802534B4 (length = 6C bytes)
$Function_SetAnimation will be placed at 80253520 (length = 6C bytes)
$Function2 will be placed at 8025358C (length = 6C bytes)
$GetFloorPit will be placed at 802535F8 (length = 68 bytes)
$AfterBuying will be placed at 80253660 (length = 68 bytes)
$GetFloorSign will be placed at 802536C8 (length = 64 bytes)
$Bye-BRowf will be placed at 8025372C (length = 5C bytes)
$Script_GetItem will be placed at 80253788 (length = 54 bytes)
$Init-BRowf will be placed at 802537DC (length = 50 bytes)
$Function_GetTattle2 will be placed at 8025382C (length = 48 bytes)
$ShopperInventory1-9 will be placed at 80253874 (length = 48 bytes)
$ShopperInventory1-8 will be placed at 802538BC (length = 48 bytes)
$ShopperInventory1-7 will be placed at 80253904 (length = 48 bytes)
$ShopperInventory1-6 will be placed at 8025394C (length = 48 bytes)
$ShopperInventory1-5 will be placed at 80253994 (length = 48 bytes)
$StrangeSackBadge will be placed at 802539DC (length = 48 bytes)
$ShopperInventory8-5 will be placed at 80253A24 (length = 48 bytes)
$ShopperInventory8-4 will be placed at 80253A6C (length = 48 bytes)
$ShopperInventory8-3 will be placed at 80253AB4 (length = 48 bytes)
$ShopperInventory8-2 will be placed at 80253AFC (length = 48 bytes)
$ShopperInventory8-1 will be placed at 80253B44 (length = 48 bytes)
$ShopperInventory8-9 will be placed at 80253B8C (length = 48 bytes)
$ShopperInventory8-8 will be placed at 80253BD4 (length = 48 bytes)
$ShopperInventory8-7 will be placed at 80253C1C (length = 48 bytes)
$ShopperInventory8-6 will be placed at 80253C64 (length = 48 bytes)
$ShopperInventory9-4 will be placed at 80253CAC (length = 48 bytes)
$ShopperInventory9-3 will be placed at 80253CF4 (length = 48 bytes)
$ShopperInventory9-2 will be placed at 80253D3C (length = 48 bytes)
$ShopperInventory9-1 will be placed at 80253D84 (length = 48 bytes)
$ShopperInventory9-9 will be placed at 80253DCC (length = 48 bytes)
$ShopperInventory9-8 will be placed at 80253E14 (length = 48 bytes)
$ShopperInventory9-7 will be placed at 80253E5C (length = 48 bytes)
$ShopperInventory9-6 will be placed at 80253EA4 (length = 48 bytes)
$ShopperInventory9-5 will be placed at 80253EEC (length = 48 bytes)
$CommingDownPipe will be placed at 80253F34 (length = 48 bytes)
$ShopperInventory6-7 will be placed at 80253F7C (length = 48 bytes)
$ShopperInventory6-6 will be placed at 80253FC4 (length = 48 bytes)
$ShopperInventory6-5 will be placed at 8025400C (length = 48 bytes)
$ShopperInventory6-4 will be placed at 80254054 (length = 48 bytes)
$ShopperInventory6-3 will be placed at 8025409C (length = 48 bytes)
$ShopperInventory6-2 will be placed at 802540E4 (length = 48 bytes)
$ShopperInventory6-1 will be placed at 8025412C (length = 48 bytes)
$ShopperInventory6-9 will be placed at 80254174 (length = 48 bytes)
$ShopperInventory6-8 will be placed at 802541BC (length = 48 bytes)
$ShopperInventory7-6 will be placed at 80254204 (length = 48 bytes)
$ShopperInventory7-5 will be placed at 8025424C (length = 48 bytes)
$ShopperInventory7-4 will be placed at 80254294 (length = 48 bytes)
$ShopperInventory7-3 will be placed at 802542DC (length = 48 bytes)
$ShopperInventory7-2 will be placed at 80254324 (length = 48 bytes)
$ShopperInventory7-1 will be placed at 8025436C (length = 48 bytes)
$ShopperInventory7-9 will be placed at 802543B4 (length = 48 bytes)
$ShopperInventory7-8 will be placed at 802543FC (length = 48 bytes)
$ShopperInventory7-7 will be placed at 80254444 (length = 48 bytes)
$ShopperInventory4-9 will be placed at 8025448C (length = 48 bytes)
$ShopperInventory4-8 will be placed at 802544D4 (length = 48 bytes)
$ShopperInventory4-7 will be placed at 8025451C (length = 48 bytes)
$ShopperInventory4-6 will be placed at 80254564 (length = 48 bytes)
$ShopperInventory4-5 will be placed at 802545AC (length = 48 bytes)
$ShopperInventory4-4 will be placed at 802545F4 (length = 48 bytes)
$ShopperInventory4-3 will be placed at 8025463C (length = 48 bytes)
$ShopperInventory4-2 will be placed at 80254684 (length = 48 bytes)
$ShopperInventory3-2 will be placed at 802546CC (length = 48 bytes)
$ShopperInventory3-1 will be placed at 80254714 (length = 48 bytes)
$ShopperInventory5-8 will be placed at 8025475C (length = 48 bytes)
$ShopperInventory5-7 will be placed at 802547A4 (length = 48 bytes)
$ShopperInventory5-6 will be placed at 802547EC (length = 48 bytes)
$ShopperInventory5-5 will be placed at 80254834 (length = 48 bytes)
$ShopperInventory5-4 will be placed at 8025487C (length = 48 bytes)
$ShopperInventory5-3 will be placed at 802548C4 (length = 48 bytes)
$ShopperInventory5-2 will be placed at 8025490C (length = 48 bytes)
$ShopperInventory5-1 will be placed at 80254954 (length = 48 bytes)
$ShopperInventory5-9 will be placed at 8025499C (length = 48 bytes)
$ShopperInventory4-1 will be placed at 802549E4 (length = 48 bytes)
$ShopperInventory2-9 will be placed at 80254A2C (length = 48 bytes)
$Script_ReadSignExit will be placed at 80254A74 (length = 48 bytes)
$ShopperInventory2-8 will be placed at 80254ABC (length = 48 bytes)
$ShopperInventory2-7 will be placed at 80254B04 (length = 48 bytes)
$ShopperInventory2-6 will be placed at 80254B4C (length = 48 bytes)
$ShopperInventory2-5 will be placed at 80254B94 (length = 48 bytes)
$ShopperInventory2-4 will be placed at 80254BDC (length = 48 bytes)
$ShopperInventory1-4 will be placed at 80254C24 (length = 48 bytes)
$ShopperInventory1-3 will be placed at 80254C6C (length = 48 bytes)
$ShopperInventory1-2 will be placed at 80254CB4 (length = 48 bytes)
$ShopperInventory1-1 will be placed at 80254CFC (length = 48 bytes)
$Script_Exit1 will be placed at 80254D44 (length = 48 bytes)
$Script_Exit0 will be placed at 80254D8C (length = 48 bytes)
$ShopperInventory3-9 will be placed at 80254DD4 (length = 48 bytes)
$ShopperInventory3-8 will be placed at 80254E1C (length = 48 bytes)
$ShopperInventory3-7 will be placed at 80254E64 (length = 48 bytes)
$Script_MakeExits will be placed at 80254EAC (length = 48 bytes)
$ShopperInventory3-6 will be placed at 80254EF4 (length = 48 bytes)
$ShopperInventory3-5 will be placed at 80254F3C (length = 48 bytes)
$ShopperInventory3-4 will be placed at 80254F84 (length = 48 bytes)
$ShopperInventory3-3 will be placed at 80254FCC (length = 48 bytes)
$ShopperInventory2-3 will be placed at 80255014 (length = 48 bytes)
$ShopperInventory2-2 will be placed at 8025505C (length = 48 bytes)
$ShopperInventory2-1 will be placed at 802550A4 (length = 48 bytes)
$NoInventory-BRowf will be placed at 802550EC (length = 44 bytes)
$GetFloorRowf will be placed at 80255130 (length = 44 bytes)
$Function_Init will be placed at 80255174 (length = 44 bytes)
$GetItem_BRowf will be placed at 802551B8 (length = 44 bytes)
$NoCoins will be placed at 802551FC (length = 44 bytes)
$ShopperCancel will be placed at 80255240 (length = 40 bytes)
$Header will be placed at 80255280 (length = 40 bytes)
$PartnerFunc2 will be placed at 802552C0 (length = 3C bytes)
$VectorList_Path_Lakilester will be placed at 802552FC (length = 3C bytes)
$TotalLevels will be placed at 80255338 (length = 38 bytes)
$PartnerFunc1 will be placed at 80255370 (length = 34 bytes)
$LoadCoins_BRowf will be placed at 802553A4 (length = 34 bytes)
$EntryList will be placed at 802553D8 (length = 30 bytes)
$GotItem will be placed at 80255408 (length = 30 bytes)
$NoMoney-BRowf will be placed at 80255438 (length = 30 bytes)
$InventoryAvailability will be placed at 80255468 (length = 2C bytes)
$EnableInputs will be placed at 80255494 (length = 2C bytes)
$LoadCoins will be placed at 802554C0 (length = 2C bytes)
$Rowf_Settings will be placed at 802554EC (length = 2C bytes)
$Partner_Settings will be placed at 80255518 (length = 2C bytes)
$BRowf_Settings will be placed at 80255544 (length = 28 bytes)
$Init2-BRowf will be placed at 8025556C (length = 24 bytes)
$NpcGroups will be placed at 80255590 (length = 24 bytes)
$InitShopper will be placed at 802555B4 (length = 24 bytes)
$Function_80240000 will be placed at 802555D8 (length = 20 bytes)
$SignStringExit will be placed at 802555F8 (length = 20 bytes)
$SignString100 will be placed at 80255618 (length = 18 bytes)
$SignString1 will be placed at 80255630 (length = 14 bytes)
$SignString59 will be placed at 80255644 (length = 14 bytes)
$SignString58 will be placed at 80255658 (length = 14 bytes)
$SignString57 will be placed at 8025566C (length = 14 bytes)
$SignString56 will be placed at 80255680 (length = 14 bytes)
$SignString55 will be placed at 80255694 (length = 14 bytes)
$SignString54 will be placed at 802556A8 (length = 14 bytes)
$SignString53 will be placed at 802556BC (length = 14 bytes)
$SignString52 will be placed at 802556D0 (length = 14 bytes)
$SignString51 will be placed at 802556E4 (length = 14 bytes)
$SignString50 will be placed at 802556F8 (length = 14 bytes)
$SignString69 will be placed at 8025570C (length = 14 bytes)
$SignString68 will be placed at 80255720 (length = 14 bytes)
$SignString67 will be placed at 80255734 (length = 14 bytes)
$SignString66 will be placed at 80255748 (length = 14 bytes)
$SignString65 will be placed at 8025575C (length = 14 bytes)
$SignString64 will be placed at 80255770 (length = 14 bytes)
$SignString63 will be placed at 80255784 (length = 14 bytes)
$SignString62 will be placed at 80255798 (length = 14 bytes)
$SignString61 will be placed at 802557AC (length = 14 bytes)
$SignString60 will be placed at 802557C0 (length = 14 bytes)
$SignString79 will be placed at 802557D4 (length = 14 bytes)
$SignString78 will be placed at 802557E8 (length = 14 bytes)
$SignString77 will be placed at 802557FC (length = 14 bytes)
$SignString76 will be placed at 80255810 (length = 14 bytes)
$SignString75 will be placed at 80255824 (length = 14 bytes)
$SignString74 will be placed at 80255838 (length = 14 bytes)
$SignString73 will be placed at 8025584C (length = 14 bytes)
$SignString72 will be placed at 80255860 (length = 14 bytes)
$SignString71 will be placed at 80255874 (length = 14 bytes)
$SignString70 will be placed at 80255888 (length = 14 bytes)
$SignString89 will be placed at 8025589C (length = 14 bytes)
$SignString88 will be placed at 802558B0 (length = 14 bytes)
$SignString87 will be placed at 802558C4 (length = 14 bytes)
$SignString86 will be placed at 802558D8 (length = 14 bytes)
$SignString85 will be placed at 802558EC (length = 14 bytes)
$SignString84 will be placed at 80255900 (length = 14 bytes)
$SignString83 will be placed at 80255914 (length = 14 bytes)
$SignString82 will be placed at 80255928 (length = 14 bytes)
$SignString81 will be placed at 8025593C (length = 14 bytes)
$SignString80 will be placed at 80255950 (length = 14 bytes)
$SignString19 will be placed at 80255964 (length = 14 bytes)
$SignString18 will be placed at 80255978 (length = 14 bytes)
$SignString17 will be placed at 8025598C (length = 14 bytes)
$SignString16 will be placed at 802559A0 (length = 14 bytes)
$SignString15 will be placed at 802559B4 (length = 14 bytes)
$SignString14 will be placed at 802559C8 (length = 14 bytes)
$SignString13 will be placed at 802559DC (length = 14 bytes)
$SignString12 will be placed at 802559F0 (length = 14 bytes)
$SignString11 will be placed at 80255A04 (length = 14 bytes)
$SignString10 will be placed at 80255A18 (length = 14 bytes)
$SignString3 will be placed at 80255A2C (length = 14 bytes)
$SignString2 will be placed at 80255A40 (length = 14 bytes)
$SignString5 will be placed at 80255A54 (length = 14 bytes)
$SignString4 will be placed at 80255A68 (length = 14 bytes)
$SignString7 will be placed at 80255A7C (length = 14 bytes)
$SignString6 will be placed at 80255A90 (length = 14 bytes)
$SignString9 will be placed at 80255AA4 (length = 14 bytes)
$SignString8 will be placed at 80255AB8 (length = 14 bytes)
$SignString29 will be placed at 80255ACC (length = 14 bytes)
$SignString28 will be placed at 80255AE0 (length = 14 bytes)
$SignString27 will be placed at 80255AF4 (length = 14 bytes)
$SignString26 will be placed at 80255B08 (length = 14 bytes)
$SignString25 will be placed at 80255B1C (length = 14 bytes)
$SignString24 will be placed at 80255B30 (length = 14 bytes)
$SignString23 will be placed at 80255B44 (length = 14 bytes)
$SignString22 will be placed at 80255B58 (length = 14 bytes)
$SignString21 will be placed at 80255B6C (length = 14 bytes)
$SignString20 will be placed at 80255B80 (length = 14 bytes)
$SignString will be placed at 80255B94 (length = 14 bytes)
$SignString39 will be placed at 80255BA8 (length = 14 bytes)
$SignString38 will be placed at 80255BBC (length = 14 bytes)
$SignString37 will be placed at 80255BD0 (length = 14 bytes)
$SignString36 will be placed at 80255BE4 (length = 14 bytes)
$SignString35 will be placed at 80255BF8 (length = 14 bytes)
$SignString34 will be placed at 80255C0C (length = 14 bytes)
$SignString33 will be placed at 80255C20 (length = 14 bytes)
$SignString32 will be placed at 80255C34 (length = 14 bytes)
$SignString31 will be placed at 80255C48 (length = 14 bytes)
$SignString30 will be placed at 80255C5C (length = 14 bytes)
$SignString49 will be placed at 80255C70 (length = 14 bytes)
$SignString48 will be placed at 80255C84 (length = 14 bytes)
$SignString47 will be placed at 80255C98 (length = 14 bytes)
$SignString46 will be placed at 80255CAC (length = 14 bytes)
$SignString45 will be placed at 80255CC0 (length = 14 bytes)
$SignString44 will be placed at 80255CD4 (length = 14 bytes)
$SignString43 will be placed at 80255CE8 (length = 14 bytes)
$SignString42 will be placed at 80255CFC (length = 14 bytes)
$SignString41 will be placed at 80255D10 (length = 14 bytes)
$SignString40 will be placed at 80255D24 (length = 14 bytes)
$SignString99 will be placed at 80255D38 (length = 14 bytes)
$SignString98 will be placed at 80255D4C (length = 14 bytes)
$SignString97 will be placed at 80255D60 (length = 14 bytes)
$SignString96 will be placed at 80255D74 (length = 14 bytes)
$SignString95 will be placed at 80255D88 (length = 14 bytes)
$SignString94 will be placed at 80255D9C (length = 14 bytes)
$SignString93 will be placed at 80255DB0 (length = 14 bytes)
$SignString92 will be placed at 80255DC4 (length = 14 bytes)
$SignString91 will be placed at 80255DD8 (length = 14 bytes)
$SignString90 will be placed at 80255DEC (length = 14 bytes)
$ShopperAccepted will be placed at 80255E00 (length = 14 bytes)
$PartnerImage4 will be placed at 80255E14 (length = 10 bytes)
$PartnerImage5 will be placed at 80255E24 (length = 10 bytes)
$PartnerImage2 will be placed at 80255E34 (length = 10 bytes)
$PartnerImage8 will be placed at 80255E44 (length = 10 bytes)
$ASCII_pit_02_Literal will be placed at 80255E54 (length = C bytes)
$ASCII_pit_34_Literal will be placed at 80255E60 (length = C bytes)
$ASCII_pit_66_Literal will be placed at 80255E6C (length = C bytes)
$ASCII_pit_98_Literal will be placed at 80255E78 (length = C bytes)
$ASCII_pit_19_Literal will be placed at 80255E84 (length = C bytes)
$ASCII_pit_69_Literal will be placed at 80255E90 (length = C bytes)
$ASCII_pit_81_Literal will be placed at 80255E9C (length = C bytes)
$ASCII_pit_63_Literal will be placed at 80255EA8 (length = C bytes)
$ASCII_pit_95_Literal will be placed at 80255EB4 (length = C bytes)
$ASCII_pit_16_Literal will be placed at 80255EC0 (length = C bytes)
$ASCII_pit_37_Literal will be placed at 80255ECC (length = C bytes)
$ASCII_pit_05_Literal will be placed at 80255ED8 (length = C bytes)
$ASCII_pit_08_Literal will be placed at 80255EE4 (length = C bytes)
$ASCII_pit_87_Literal will be placed at 80255EF0 (length = C bytes)
$ASCII_pit_13_Literal will be placed at 80255EFC (length = C bytes)
$ASCII_pit_92_Literal will be placed at 80255F08 (length = C bytes)
$ASCII_pit_77_Literal will be placed at 80255F14 (length = C bytes)
$ASCII_pit_26_Literal will be placed at 80255F20 (length = C bytes)
$ASCII_pit_41_Literal will be placed at 80255F2C (length = C bytes)
$ASCII_pit_74_Literal will be placed at 80255F38 (length = C bytes)
$ASCII_pit_60_Literal will be placed at 80255F44 (length = C bytes)
$ASCII_pit_59_Literal will be placed at 80255F50 (length = C bytes)
$ASCII_pit_20_Literal will be placed at 80255F5C (length = C bytes)
$ASCII_pit_23_Literal will be placed at 80255F68 (length = C bytes)
$ASCII_pit_56_Literal will be placed at 80255F74 (length = C bytes)
$ASCII_pit_44_Literal will be placed at 80255F80 (length = C bytes)
$ASCII_pit_94_Literal will be placed at 80255F8C (length = C bytes)
$ASCII_pit_21_Literal will be placed at 80255F98 (length = C bytes)
$ASCII_pit_53_Literal will be placed at 80255FA4 (length = C bytes)
$ASCII_pit_09_Literal will be placed at 80255FB0 (length = C bytes)
$ASCII_pit_88_Literal will be placed at 80255FBC (length = C bytes)
$ASCII_pit_38_Literal will be placed at 80255FC8 (length = C bytes)
$ASCII_pit_76_Literal will be placed at 80255FD4 (length = C bytes)
$ASCII_pit_33_Literal will be placed at 80255FE0 (length = C bytes)
$ASCII_pit_99_Literal will be placed at 80255FEC (length = C bytes)
$ASCII_pit_71_Literal will be placed at 80255FF8 (length = C bytes)
$ASCII_pit_58_Literal will be placed at 80256004 (length = C bytes)
$ASCII_pit_64_Literal will be placed at 80256010 (length = C bytes)
$ASCII_pit_10_Literal will be placed at 8025601C (length = C bytes)
$ASCII_pit_45_Literal will be placed at 80256028 (length = C bytes)
$ASCII_pit_03_Literal will be placed at 80256034 (length = C bytes)
$ASCII_pit_82_Literal will be placed at 80256040 (length = C bytes)
$ASCII_pit_52_Literal will be placed at 8025604C (length = C bytes)
$ASCII_pit_70_Literal will be placed at 80256058 (length = C bytes)
$ASCII_pit_40_Literal will be placed at 80256064 (length = C bytes)
$ASCII_pit_39_Literal will be placed at 80256070 (length = C bytes)
$ASCII_pit_15_Literal will be placed at 8025607C (length = C bytes)
$ASCII_pit_27_Literal will be placed at 80256088 (length = C bytes)
$ASCII_pit_90_Literal will be placed at 80256094 (length = C bytes)
$ASCII_pit_57_Literal will be placed at 802560A0 (length = C bytes)
$ASCII_pit_72_Literal will be placed at 802560AC (length = C bytes)
$ASCII_pit_43_Literal will be placed at 802560B8 (length = C bytes)
$ASCII_pit_28_Literal will be placed at 802560C4 (length = C bytes)
$ASCII_pit_78_Literal will be placed at 802560D0 (length = C bytes)
$ASCII_pit_46_Literal will be placed at 802560DC (length = C bytes)
$ASCII_pit_22_Literal will be placed at 802560E8 (length = C bytes)
$ASCII_pit_25_Literal will be placed at 802560F4 (length = C bytes)
$ASCII_pit_54_Literal will be placed at 80256100 (length = C bytes)
$ASCII_pit_75_Literal will be placed at 8025610C (length = C bytes)
$ASCII_pit_32_Literal will be placed at 80256118 (length = C bytes)
$ASCII_pit_17_Literal will be placed at 80256124 (length = C bytes)
$ASCII_pit_49_Literal will be placed at 80256130 (length = C bytes)
$ASCII_pit_96_Literal will be placed at 8025613C (length = C bytes)
$ASCII_pit_68_Literal will be placed at 80256148 (length = C bytes)
$ASCII_pit_51_Literal will be placed at 80256154 (length = C bytes)
$ASCII_pit_04_Literal will be placed at 80256160 (length = C bytes)
$ASCII_pit_83_Literal will be placed at 8025616C (length = C bytes)
$ASCII_pit_86_Literal will be placed at 80256178 (length = C bytes)
$ASCII_pit_14_Literal will be placed at 80256184 (length = C bytes)
$ASCII_pit_93_Literal will be placed at 80256190 (length = C bytes)
$ASCII_pit_65_Literal will be placed at 8025619C (length = C bytes)
$ASCII_pit_07_Literal will be placed at 802561A8 (length = C bytes)
$ASCII_pit_35_Literal will be placed at 802561B4 (length = C bytes)
$ASCII_pit_11_Literal will be placed at 802561C0 (length = C bytes)
$ASCII_pit_89_Literal will be placed at 802561CC (length = C bytes)
$ASCII_pit_79_Literal will be placed at 802561D8 (length = C bytes)
$ASCII_pit_62_Literal will be placed at 802561E4 (length = C bytes)
$Init3-BRowf will be placed at 802561F0 (length = C bytes)
$ASCII_pit_47_Literal will be placed at 802561FC (length = C bytes)
$ASCII_pit_06_Literal will be placed at 80256208 (length = C bytes)
$ASCII_pit_24_Literal will be placed at 80256214 (length = C bytes)
$ASCII_pit_12_Literal will be placed at 80256220 (length = C bytes)
$ASCII_pit_01_Literal will be placed at 8025622C (length = C bytes)
$PartnerImage3 will be placed at 80256238 (length = C bytes)
$PartnerImage6 will be placed at 80256244 (length = C bytes)
$ASCII_pit_50_Literal will be placed at 80256250 (length = C bytes)
$PartnerImage1 will be placed at 8025625C (length = C bytes)
$ASCII_pit_67_Literal will be placed at 80256268 (length = C bytes)
$ASCII_pit_42_Literal will be placed at 80256274 (length = C bytes)
$PartnerImage7 will be placed at 80256280 (length = C bytes)
$ASCII_pit_80_Literal will be placed at 8025628C (length = C bytes)
$ASCII_pit_29_Literal will be placed at 80256298 (length = C bytes)
$ASCII_pit_30_Literal will be placed at 802562A4 (length = C bytes)
$ASCII_pit_00_Literal will be placed at 802562B0 (length = C bytes)
$ASCII_pit_36_Literal will be placed at 802562BC (length = C bytes)
$ASCII_pit_55_Literal will be placed at 802562C8 (length = C bytes)
$ASCII_pit_18_Literal will be placed at 802562D4 (length = C bytes)
$ASCII_pit_48_Literal will be placed at 802562E0 (length = C bytes)
$ASCII_pit_31_Literal will be placed at 802562EC (length = C bytes)
$ASCII_pit_91_Literal will be placed at 802562F8 (length = C bytes)
$ASCII_pit_97_Literal will be placed at 80256304 (length = C bytes)
$ASCII_pit_85_Literal will be placed at 80256310 (length = C bytes)
$ASCII_pit_73_Literal will be placed at 8025631C (length = C bytes)
$ASCII_pit_61_Literal will be placed at 80256328 (length = C bytes)
$ASCII_pit_100_Literal will be placed at 80256334 (length = 8 bytes)
$ASCII_pit_842_Literal will be placed at 8025633C (length = 8 bytes)
$ASCII_tik_tex_Literal will be placed at 80256344 (length = 8 bytes)
$No-BRowf will be placed at 8025634C (length = 4 bytes)
Executing patch: pit_100.mpat
Loaded map pit_04
Creating struct: $EntryList
Creating struct: $DeepestLevel
Creating struct: $TotalLevels
Creating struct: $LoadHighscores
Creating struct: $FallingDownPipe
Creating struct: $Function_GetPos
Creating struct: $Function2
Creating struct: $GetFloorSign
Creating struct: $Function_GetTattle1
Creating struct: $Function_GetTattle2
Creating struct: $Script_ReadSign
Creating struct: $Header
Creating struct: $Function_Init
Creating struct: $Function_GetTattle
Creating struct: $Script_Main
Creating struct: $Script_MakeEntities
Creating struct: $NpcGroups
Creating struct: $NpcGroup_Enemy0
Creating struct: $NpcSettings_Enemy0
Creating struct: $Script_EnemyAI
Creating struct: $AISettings_Enemy
Creating struct: $Script_DisableEnemyAI
Creating struct: $AISettings_DisableEnemy
Creating struct: $Script_Init_80243B20
Creating struct: $Script_80243A6C
Creating struct: $Function_RevivePlayer
Creating struct: $VectorList_80244998
Creating struct: $ChestPath
Creating struct: $Script_UseChest
Creating struct: $Script_OpenChest
Creating struct: $Script_GetItem
Creating struct: $Script_MakeExits
Creating struct: $CommingDownPipe
Creating struct: $Script_Exit0
Creating struct: $PipeAnimationX
Creating struct: $Function_802400F0
Creating struct: $Function_8024023C
Creating struct: $Function_80240000
Creating struct: $EnableInputs
Creating struct: $GetPos
Creating struct: $Function_80241204
Merged 1 regions to 1
$Script_ReadSign will be placed at 80240000 (length = EEC bytes)
$FallingDownPipe will be placed at 80240EEC (length = 37C bytes)
$PipeAnimationX will be placed at 80241268 (length = 364 bytes)
$NpcGroup_Enemy0 will be placed at 802415CC (length = 1F0 bytes)
$ChestPath will be placed at 802417BC (length = 1BC bytes)
$Script_80243A6C will be placed at 80241978 (length = 154 bytes)
$MapTattle5 will be placed at 80241ACC (length = 13C bytes)
$MapTattle4 will be placed at 80241C08 (length = 130 bytes)
$MapTattle will be placed at 80241D38 (length = 124 bytes)
$Function_802400F0 will be placed at 80241E5C (length = E0 bytes)
$Function_GetPos will be placed at 80241F3C (length = E0 bytes)
$Script_OpenChest will be placed at 8024201C (length = D8 bytes)
$MapTattle2 will be placed at 802420F4 (length = D4 bytes)
$Script_Main will be placed at 802421C8 (length = D4 bytes)
$MapTattle3 will be placed at 8024229C (length = B0 bytes)
$Script_MakeEntities will be placed at 8024234C (length = B0 bytes)
$MapTattle1 will be placed at 802423FC (length = A8 bytes)
$Function_8024023C will be placed at 802424A4 (length = A4 bytes)
$GetPos will be placed at 80242548 (length = 9C bytes)
$Function_80241204 will be placed at 802425E4 (length = 94 bytes)
$Function_GetTattle1 will be placed at 80242678 (length = 8C bytes)
$SignStringBug will be placed at 80242704 (length = 7C bytes)
$LoadHighscores will be placed at 80242780 (length = 7C bytes)
$DeepestLevel will be placed at 802427FC (length = 6C bytes)
$Function2 will be placed at 80242868 (length = 6C bytes)
$GetFloorSign will be placed at 802428D4 (length = 64 bytes)
$Script_GetItem will be placed at 80242938 (length = 54 bytes)
$Function_GetTattle2 will be placed at 8024298C (length = 48 bytes)
$CommingDownPipe will be placed at 802429D4 (length = 48 bytes)
$Script_Exit0 will be placed at 80242A1C (length = 48 bytes)
$Function_Init will be placed at 80242A64 (length = 44 bytes)
$Header will be placed at 80242AA8 (length = 40 bytes)
$Script_UseChest will be placed at 80242AE8 (length = 3C bytes)
$TotalLevels will be placed at 80242B24 (length = 38 bytes)
$AISettings_Enemy will be placed at 80242B5C (length = 30 bytes)
$AISettings_DisableEnemy will be placed at 80242B8C (length = 30 bytes)
$Function_RevivePlayer will be placed at 80242BBC (length = 2C bytes)
$EnableInputs will be placed at 80242BE8 (length = 2C bytes)
$Script_MakeExits will be placed at 80242C14 (length = 2C bytes)
$NpcSettings_Enemy0 will be placed at 80242C40 (length = 24 bytes)
$VectorList_80244998 will be placed at 80242C64 (length = 24 bytes)
$Script_Init_80243B20 will be placed at 80242C88 (length = 24 bytes)
$Script_DisableEnemyAI will be placed at 80242CAC (length = 20 bytes)
$EntryList will be placed at 80242CCC (length = 20 bytes)
$Function_80240000 will be placed at 80242CEC (length = 20 bytes)
$Script_EnemyAI will be placed at 80242D0C (length = 20 bytes)
$NpcGroups will be placed at 80242D2C (length = 18 bytes)
$SignString100 will be placed at 80242D44 (length = 18 bytes)
$SignString59 will be placed at 80242D5C (length = 14 bytes)
$SignString58 will be placed at 80242D70 (length = 14 bytes)
$SignString57 will be placed at 80242D84 (length = 14 bytes)
$SignString56 will be placed at 80242D98 (length = 14 bytes)
$SignString55 will be placed at 80242DAC (length = 14 bytes)
$SignString54 will be placed at 80242DC0 (length = 14 bytes)
$SignString53 will be placed at 80242DD4 (length = 14 bytes)
$SignString52 will be placed at 80242DE8 (length = 14 bytes)
$SignString51 will be placed at 80242DFC (length = 14 bytes)
$SignString50 will be placed at 80242E10 (length = 14 bytes)
$SignString69 will be placed at 80242E24 (length = 14 bytes)
$SignString68 will be placed at 80242E38 (length = 14 bytes)
$SignString67 will be placed at 80242E4C (length = 14 bytes)
$SignString66 will be placed at 80242E60 (length = 14 bytes)
$SignString65 will be placed at 80242E74 (length = 14 bytes)
$SignString64 will be placed at 80242E88 (length = 14 bytes)
$SignString63 will be placed at 80242E9C (length = 14 bytes)
$SignString62 will be placed at 80242EB0 (length = 14 bytes)
$SignString61 will be placed at 80242EC4 (length = 14 bytes)
$SignString60 will be placed at 80242ED8 (length = 14 bytes)
$SignString79 will be placed at 80242EEC (length = 14 bytes)
$SignString78 will be placed at 80242F00 (length = 14 bytes)
$SignString77 will be placed at 80242F14 (length = 14 bytes)
$SignString76 will be placed at 80242F28 (length = 14 bytes)
$SignString75 will be placed at 80242F3C (length = 14 bytes)
$SignString74 will be placed at 80242F50 (length = 14 bytes)
$SignString73 will be placed at 80242F64 (length = 14 bytes)
$SignString72 will be placed at 80242F78 (length = 14 bytes)
$SignString71 will be placed at 80242F8C (length = 14 bytes)
$SignString70 will be placed at 80242FA0 (length = 14 bytes)
$SignString1 will be placed at 80242FB4 (length = 14 bytes)
$SignString89 will be placed at 80242FC8 (length = 14 bytes)
$SignString88 will be placed at 80242FDC (length = 14 bytes)
$SignString87 will be placed at 80242FF0 (length = 14 bytes)
$SignString86 will be placed at 80243004 (length = 14 bytes)
$SignString85 will be placed at 80243018 (length = 14 bytes)
$SignString84 will be placed at 8024302C (length = 14 bytes)
$SignString83 will be placed at 80243040 (length = 14 bytes)
$SignString82 will be placed at 80243054 (length = 14 bytes)
$SignString81 will be placed at 80243068 (length = 14 bytes)
$SignString80 will be placed at 8024307C (length = 14 bytes)
$SignString19 will be placed at 80243090 (length = 14 bytes)
$SignString18 will be placed at 802430A4 (length = 14 bytes)
$SignString17 will be placed at 802430B8 (length = 14 bytes)
$SignString16 will be placed at 802430CC (length = 14 bytes)
$SignString15 will be placed at 802430E0 (length = 14 bytes)
$SignString14 will be placed at 802430F4 (length = 14 bytes)
$SignString13 will be placed at 80243108 (length = 14 bytes)
$SignString12 will be placed at 8024311C (length = 14 bytes)
$Function_GetTattle will be placed at 80243130 (length = 14 bytes)
$SignString11 will be placed at 80243144 (length = 14 bytes)
$SignString99 will be placed at 80243158 (length = 14 bytes)
$SignString10 will be placed at 8024316C (length = 14 bytes)
$SignString98 will be placed at 80243180 (length = 14 bytes)
$SignString97 will be placed at 80243194 (length = 14 bytes)
$SignString96 will be placed at 802431A8 (length = 14 bytes)
$SignString95 will be placed at 802431BC (length = 14 bytes)
$SignString94 will be placed at 802431D0 (length = 14 bytes)
$SignString93 will be placed at 802431E4 (length = 14 bytes)
$SignString92 will be placed at 802431F8 (length = 14 bytes)
$SignString91 will be placed at 8024320C (length = 14 bytes)
$SignString90 will be placed at 80243220 (length = 14 bytes)
$SignString3 will be placed at 80243234 (length = 14 bytes)
$SignString2 will be placed at 80243248 (length = 14 bytes)
$SignString5 will be placed at 8024325C (length = 14 bytes)
$SignString4 will be placed at 80243270 (length = 14 bytes)
$SignString7 will be placed at 80243284 (length = 14 bytes)
$SignString6 will be placed at 80243298 (length = 14 bytes)
$SignString9 will be placed at 802432AC (length = 14 bytes)
$SignString8 will be placed at 802432C0 (length = 14 bytes)
$SignString29 will be placed at 802432D4 (length = 14 bytes)
$SignString28 will be placed at 802432E8 (length = 14 bytes)
$SignString27 will be placed at 802432FC (length = 14 bytes)
$SignString26 will be placed at 80243310 (length = 14 bytes)
$SignString25 will be placed at 80243324 (length = 14 bytes)
$SignString24 will be placed at 80243338 (length = 14 bytes)
$SignString23 will be placed at 8024334C (length = 14 bytes)
$SignString22 will be placed at 80243360 (length = 14 bytes)
$SignString21 will be placed at 80243374 (length = 14 bytes)
$SignString20 will be placed at 80243388 (length = 14 bytes)
$SignString will be placed at 8024339C (length = 14 bytes)
$SignString39 will be placed at 802433B0 (length = 14 bytes)
$SignString38 will be placed at 802433C4 (length = 14 bytes)
$SignString37 will be placed at 802433D8 (length = 14 bytes)
$SignString36 will be placed at 802433EC (length = 14 bytes)
$SignString35 will be placed at 80243400 (length = 14 bytes)
$SignString34 will be placed at 80243414 (length = 14 bytes)
$SignString33 will be placed at 80243428 (length = 14 bytes)
$SignString32 will be placed at 8024343C (length = 14 bytes)
$SignString31 will be placed at 80243450 (length = 14 bytes)
$SignString30 will be placed at 80243464 (length = 14 bytes)
$SignString49 will be placed at 80243478 (length = 14 bytes)
$SignString48 will be placed at 8024348C (length = 14 bytes)
$SignString47 will be placed at 802434A0 (length = 14 bytes)
$SignString46 will be placed at 802434B4 (length = 14 bytes)
$SignString45 will be placed at 802434C8 (length = 14 bytes)
$SignString44 will be placed at 802434DC (length = 14 bytes)
$SignString43 will be placed at 802434F0 (length = 14 bytes)
$SignString42 will be placed at 80243504 (length = 14 bytes)
$SignString41 will be placed at 80243518 (length = 14 bytes)
$SignString40 will be placed at 8024352C (length = 14 bytes)
$ASCII_pit_00_Literal will be placed at 80243540 (length = C bytes)
$ASCII_pit_255_Literal will be placed at 8024354C (length = 8 bytes)
$ASCII_tik_tex_Literal will be placed at 80243554 (length = 8 bytes)
Executing patch: pit_11.mpat
Loaded map pit_11
Creating struct: $EntryList
Creating struct: $DeepestLevel
Creating struct: $TotalLevels
Creating struct: $LoadHighscores
Creating struct: $FallingDownPipe
Creating struct: $Function_GetPos
Creating struct: $Function2
Creating struct: $SetSpawns
Creating struct: $Script_SetNPCPos
Creating struct: $SwitchPath
Creating struct: $VectorList_80244998
Creating struct: $GetPos
Creating struct: $Function_GetDamageTaken
Creating struct: $Function_ResetDamage
Creating struct: $DispawnParthner
Creating struct: $RespawnParthner
Creating struct: $LoadMap
Creating struct: $Script_LoadMapMover_Roguelike
Creating struct: $GetFloor
Creating struct: $LoadCoinsMover
Creating struct: $LoadMapBandit
Creating struct: $GetFloorBandit
Creating struct: $Script_Init_80243B20
Creating struct: $Script_80243A6C
Creating struct: $Script_AddCoins
Creating struct: $Script_SubstractCoins
Creating struct: $NPC_Settings_Sack
Creating struct: $Script_Init_Bag
Creating struct: $Script_Init_Bag_HitBox
Creating struct: $Script_NPC_SackHit_Init
Creating struct: $Script_NPC_Sack_FX
Creating struct: $NPC_Sack_AnimationStart
Creating struct: $NPC_Sack_AnimationEnd
Creating struct: $Script_SackAnimation_Start_GoToTheRight
Creating struct: $Script_SackAnimation_Start_GoToTheLeft
Creating struct: $Script_SackAnimation_End_Right
Creating struct: $Script_SackAnimation_End_Left
Creating struct: $Function_LoadGainedCoins
Creating struct: $Function_RevivePlayer
Creating struct: $AISettings_MoneySack
Creating struct: $Script_NpcAI_MoneySack
Creating struct: $JumpTable_80242448
Creating struct: $Function_NpcAI_MoneySack
Creating struct: $Function_80240260
Creating struct: $Function_80240844
Creating struct: $Function_802409A8
Creating struct: $Script_TrackPlayer
Creating struct: $Script_PipeAnimation
Creating struct: $Function_SetAnimation
Creating struct: $Function_GetColliderPos
Creating struct: $Function_TrackInput
Creating struct: $GoToNextLevel
Creating struct: $GoToNextLevel_Roguelike
Creating struct: $Script_SetSetsOfLevels
Creating struct: $Script_LoadMap_Roguelike
Creating struct: $Script_LoadChestMap_Roguelike
Creating struct: $Script_LoadMap_Mover_Roguelike
Creating struct: $Script_LoadChestMap_Mover_Roguelike
Creating struct: $GetFloorPit
Creating struct: $GetFloorSign
Creating struct: $Function_GetTattle1
Creating struct: $Function_GetTattle2
Creating struct: $Script_ReadSign
Creating struct: $Header
Creating struct: $Function_Init
Creating struct: $Script_Main
Creating struct: $NpcGroups
Creating struct: $NpcGroup_Mover
Creating struct: $BlankSettings
Creating struct: $Script_Init_Mover
Creating struct: $Interact_Mover
Creating struct: $Script_MoverWarpAnimation
Creating struct: $NpcGroup_BanditMover
Creating struct: $Script_Init_BanditMover
Creating struct: $Interact_BanditMover
Creating struct: $NpcGroup_Enemy1
Creating struct: $NpcGroup_Enemy2
Creating struct: $NpcGroup_Enemy3
Creating struct: $NpcGroup_Enemy4
Creating struct: $NpcGroup_Enemy5
Creating struct: $NpcGroup_Enemy6
Creating struct: $NpcSettings_Enemy1
Creating struct: $Script_EnemyAI
Creating struct: $AISettings_Enemy
Creating struct: $ConstDouble_802471E0
Creating struct: $JumpTable_802471E8
Creating struct: $Function_802406A4
Creating struct: $Function_80240310
Creating struct: $Function_8024038C
Creating struct: $Function_802404C0
Creating struct: $Function_80240624
Creating struct: $Script_DisableEnemyAI
Creating struct: $AISettings_DisableEnemy
Creating struct: $PipeSpawning
Creating struct: $Script_MakeEntities
Creating struct: $CommingDownPipe
Creating struct: $Script_MakeExits
Creating struct: $Script_Exit0
Merged 1 regions to 1
$Script_LoadMap_Mover_Roguelike will be placed at 80240000 (length = F14 bytes)
$LoadMap will be placed at 80240F14 (length = EF4 bytes)
$Script_ReadSign will be placed at 80241E08 (length = EEC bytes)
$LoadMapBandit will be placed at 80242CF4 (length = EA4 bytes)
$Script_LoadMap_Roguelike will be placed at 80243B98 (length = D9C bytes)
$GoToNextLevel will be placed at 80244934 (length = D10 bytes)
$GoToNextLevel_Roguelike will be placed at 80245644 (length = 868 bytes)
$Function_80240260 will be placed at 80245EAC (length = 5E4 bytes)
$Function_802406A4 will be placed at 80246490 (length = 440 bytes)
$SetSpawns will be placed at 802468D0 (length = 384 bytes)
$FallingDownPipe will be placed at 80246C54 (length = 37C bytes)
$Script_SetSetsOfLevels will be placed at 80246FD0 (length = 358 bytes)
$Script_SetNPCPos will be placed at 80247328 (length = 2F4 bytes)
$Function_NpcAI_MoneySack will be placed at 8024761C (length = 238 bytes)
$Script_SackAnimation_Start_GoToTheRight will be placed at 80247854 (length = 230 bytes)
$Script_SackAnimation_Start_GoToTheLeft will be placed at 80247A84 (length = 1F8 bytes)
$Interact_Mover will be placed at 80247C7C (length = 1F8 bytes)
$NpcGroup_Enemy3 will be placed at 80247E74 (length = 1F0 bytes)
$NpcGroup_Enemy4 will be placed at 80248064 (length = 1F0 bytes)
$NpcGroup_Enemy5 will be placed at 80248254 (length = 1F0 bytes)
$NpcGroup_Enemy6 will be placed at 80248444 (length = 1F0 bytes)
$NpcGroup_Enemy1 will be placed at 80248634 (length = 1F0 bytes)
$NpcGroup_Enemy2 will be placed at 80248824 (length = 1F0 bytes)
$NpcGroup_Mover will be placed at 80248A14 (length = 1F0 bytes)
$NpcGroup_BanditMover will be placed at 80248C04 (length = 1F0 bytes)
$Interact_BanditMover will be placed at 80248DF4 (length = 1EC bytes)
$Script_PipeAnimation will be placed at 80248FE0 (length = 1D0 bytes)
$JumpTable_80242448 will be placed at 802491B0 (length = 190 bytes)
$Script_LoadChestMap_Mover_Roguelike will be placed at 80249340 (length = 18C bytes)
$PipeSpawning will be placed at 802494CC (length = 178 bytes)
$NPC_Sack_AnimationStart will be placed at 80249644 (length = 168 bytes)
$Function_80240844 will be placed at 802497AC (length = 164 bytes)
$Script_LoadChestMap_Roguelike will be placed at 80249910 (length = 164 bytes)
$Function_802404C0 will be placed at 80249A74 (length = 164 bytes)
$Script_NPC_SackHit_Init will be placed at 80249BD8 (length = 160 bytes)
$Script_SackAnimation_End_Right will be placed at 80249D38 (length = 158 bytes)
$Script_SackAnimation_End_Left will be placed at 80249E90 (length = 150 bytes)
$MapTattle5 will be placed at 80249FE0 (length = 13C bytes)
$Function_8024038C will be placed at 8024A11C (length = 138 bytes)
$MapTattle4 will be placed at 8024A254 (length = 130 bytes)
$GetFloor will be placed at 8024A384 (length = 12C bytes)
$BanditMover_Tattle will be placed at 8024A4B0 (length = 124 bytes)
$Script_Main will be placed at 8024A5D4 (length = 120 bytes)
$Script_80243A6C will be placed at 8024A6F4 (length = 114 bytes)
$Script_SubstractCoins will be placed at 8024A808 (length = 10C bytes)
$Script_LoadMapMover_Roguelike will be placed at 8024A914 (length = 104 bytes)
$GetFloorBandit will be placed at 8024AA18 (length = F4 bytes)
$Script_MoverWarpAnimation will be placed at 8024AB0C (length = F0 bytes)
$Function_GetColliderPos will be placed at 8024ABFC (length = E0 bytes)
$Function_GetPos will be placed at 8024ACDC (length = E0 bytes)
$Script_TrackPlayer will be placed at 8024ADBC (length = DC bytes)
$MapTattle2 will be placed at 8024AE98 (length = D4 bytes)
$Function_TrackInput will be placed at 8024AF6C (length = BC bytes)
$MapTattle3 will be placed at 8024B028 (length = B0 bytes)
$Script_MakeEntities will be placed at 8024B0D8 (length = A8 bytes)
$MapTattle1 will be placed at 8024B180 (length = A8 bytes)
$Script_NpcAI_MoneySack will be placed at 8024B228 (length = A8 bytes)
$MoverStart will be placed at 8024B2D0 (length = A4 bytes)
$SwitchPath will be placed at 8024B374 (length = A4 bytes)
$Script_NPC_Sack_FX will be placed at 8024B418 (length = A4 bytes)
$GetPos will be placed at 8024B4BC (length = 9C bytes)
$Script_AddCoins will be placed at 8024B558 (length = 98 bytes)
$BanditMoverStart will be placed at 8024B5F0 (length = 98 bytes)
$Mover_Tattle will be placed at 8024B688 (length = 94 bytes)
$Function_GetTattle1 will be placed at 8024B71C (length = 8C bytes)
$NPC_Sack_AnimationEnd will be placed at 8024B7A8 (length = 84 bytes)
$Function_80240624 will be placed at 8024B82C (length = 80 bytes)
$BanditMover_Options will be placed at 8024B8AC (length = 80 bytes)
$SignStringBug will be placed at 8024B92C (length = 7C bytes)
$Function_80240310 will be placed at 8024B9A8 (length = 7C bytes)
$LoadHighscores will be placed at 8024BA24 (length = 7C bytes)
$Mover_Options will be placed at 8024BAA0 (length = 78 bytes)
$Script_EnemyAI will be placed at 8024BB18 (length = 70 bytes)
$NpcGroups will be placed at 8024BB88 (length = 6C bytes)
$DeepestLevel will be placed at 8024BBF4 (length = 6C bytes)
$Function2 will be placed at 8024BC60 (length = 6C bytes)
$LoadCoinsMover will be placed at 8024BCCC (length = 6C bytes)
$Function_SetAnimation will be placed at 8024BD38 (length = 6C bytes)
$GetFloorPit will be placed at 8024BDA4 (length = 68 bytes)
$MoverEnd will be placed at 8024BE0C (length = 68 bytes)
$BanditMoverEnd will be placed at 8024BE74 (length = 68 bytes)
$GetFloorSign will be placed at 8024BEDC (length = 64 bytes)
$BanditMoverNoCoins will be placed at 8024BF40 (length = 58 bytes)
$MoverNoCoins will be placed at 8024BF98 (length = 58 bytes)
$JumpTable_802471E8 will be placed at 8024BFF0 (length = 54 bytes)
$Function_GetTattle2 will be placed at 8024C044 (length = 48 bytes)
$CommingDownPipe will be placed at 8024C08C (length = 48 bytes)
$Script_Exit0 will be placed at 8024C0D4 (length = 48 bytes)
$Function_LoadGainedCoins will be placed at 8024C11C (length = 48 bytes)
$Function_Init will be placed at 8024C164 (length = 44 bytes)
$Function_802409A8 will be placed at 8024C1A8 (length = 44 bytes)
$Header will be placed at 8024C1EC (length = 40 bytes)
$Script_Init_Bag will be placed at 8024C22C (length = 38 bytes)
$TotalLevels will be placed at 8024C264 (length = 38 bytes)
$Script_Init_Bag_HitBox will be placed at 8024C29C (length = 38 bytes)
$DispawnParthner will be placed at 8024C2D4 (length = 34 bytes)
$Function_ResetDamage will be placed at 8024C308 (length = 34 bytes)
$AISettings_MoneySack will be placed at 8024C33C (length = 30 bytes)
$AISettings_Enemy will be placed at 8024C36C (length = 30 bytes)
$AISettings_DisableEnemy will be placed at 8024C39C (length = 30 bytes)
$RespawnParthner will be placed at 8024C3CC (length = 30 bytes)
$NPC_Settings_Sack will be placed at 8024C3FC (length = 2C bytes)
$Function_GetDamageTaken will be placed at 8024C428 (length = 2C bytes)
$NpcSettings_Enemy1 will be placed at 8024C454 (length = 2C bytes)
$Function_RevivePlayer will be placed at 8024C480 (length = 2C bytes)
$String_CoinsGained will be placed at 8024C4AC (length = 2C bytes)
$BlankSettings will be placed at 8024C4D8 (length = 2C bytes)
$Script_MakeExits will be placed at 8024C504 (length = 2C bytes)
$VectorList_80244998 will be placed at 8024C530 (length = 24 bytes)
$Script_Init_80243B20 will be placed at 8024C554 (length = 24 bytes)
$Script_Init_Mover will be placed at 8024C578 (length = 24 bytes)
$Script_Init_BanditMover will be placed at 8024C59C (length = 24 bytes)
$Script_DisableEnemyAI will be placed at 8024C5C0 (length = 20 bytes)
$EntryList will be placed at 8024C5E0 (length = 20 bytes)
$SignString100 will be placed at 8024C600 (length = 18 bytes)
$SignString1 will be placed at 8024C618 (length = 14 bytes)
$SignString99 will be placed at 8024C62C (length = 14 bytes)
$SignString98 will be placed at 8024C640 (length = 14 bytes)
$SignString97 will be placed at 8024C654 (length = 14 bytes)
$SignString96 will be placed at 8024C668 (length = 14 bytes)
$SignString95 will be placed at 8024C67C (length = 14 bytes)
$SignString94 will be placed at 8024C690 (length = 14 bytes)
$SignString93 will be placed at 8024C6A4 (length = 14 bytes)
$SignString92 will be placed at 8024C6B8 (length = 14 bytes)
$SignString91 will be placed at 8024C6CC (length = 14 bytes)
$SignString90 will be placed at 8024C6E0 (length = 14 bytes)
$SignString59 will be placed at 8024C6F4 (length = 14 bytes)
$SignString58 will be placed at 8024C708 (length = 14 bytes)
$SignString57 will be placed at 8024C71C (length = 14 bytes)
$SignString56 will be placed at 8024C730 (length = 14 bytes)
$SignString55 will be placed at 8024C744 (length = 14 bytes)
$SignString54 will be placed at 8024C758 (length = 14 bytes)
$SignString53 will be placed at 8024C76C (length = 14 bytes)
$SignString52 will be placed at 8024C780 (length = 14 bytes)
$SignString51 will be placed at 8024C794 (length = 14 bytes)
$SignString50 will be placed at 8024C7A8 (length = 14 bytes)
$SignString69 will be placed at 8024C7BC (length = 14 bytes)
$SignString68 will be placed at 8024C7D0 (length = 14 bytes)
$SignString67 will be placed at 8024C7E4 (length = 14 bytes)
$SignString66 will be placed at 8024C7F8 (length = 14 bytes)
$SignString65 will be placed at 8024C80C (length = 14 bytes)
$SignString64 will be placed at 8024C820 (length = 14 bytes)
$SignString63 will be placed at 8024C834 (length = 14 bytes)
$SignString62 will be placed at 8024C848 (length = 14 bytes)
$SignString61 will be placed at 8024C85C (length = 14 bytes)
$SignString60 will be placed at 8024C870 (length = 14 bytes)
$SignString79 will be placed at 8024C884 (length = 14 bytes)
$SignString78 will be placed at 8024C898 (length = 14 bytes)
$SignString77 will be placed at 8024C8AC (length = 14 bytes)
$SignString76 will be placed at 8024C8C0 (length = 14 bytes)
$SignString75 will be placed at 8024C8D4 (length = 14 bytes)
$SignString74 will be placed at 8024C8E8 (length = 14 bytes)
$SignString73 will be placed at 8024C8FC (length = 14 bytes)
$SignString72 will be placed at 8024C910 (length = 14 bytes)
$SignString71 will be placed at 8024C924 (length = 14 bytes)
$SignString70 will be placed at 8024C938 (length = 14 bytes)
$SignString89 will be placed at 8024C94C (length = 14 bytes)
$SignString88 will be placed at 8024C960 (length = 14 bytes)
$SignString87 will be placed at 8024C974 (length = 14 bytes)
$SignString86 will be placed at 8024C988 (length = 14 bytes)
$SignString85 will be placed at 8024C99C (length = 14 bytes)
$SignString84 will be placed at 8024C9B0 (length = 14 bytes)
$SignString83 will be placed at 8024C9C4 (length = 14 bytes)
$SignString82 will be placed at 8024C9D8 (length = 14 bytes)
$SignString81 will be placed at 8024C9EC (length = 14 bytes)
$SignString80 will be placed at 8024CA00 (length = 14 bytes)
$SignString19 will be placed at 8024CA14 (length = 14 bytes)
$SignString18 will be placed at 8024CA28 (length = 14 bytes)
$SignString17 will be placed at 8024CA3C (length = 14 bytes)
$SignString16 will be placed at 8024CA50 (length = 14 bytes)
$SignString15 will be placed at 8024CA64 (length = 14 bytes)
$SignString14 will be placed at 8024CA78 (length = 14 bytes)
$SignString13 will be placed at 8024CA8C (length = 14 bytes)
$SignString12 will be placed at 8024CAA0 (length = 14 bytes)
$SignString11 will be placed at 8024CAB4 (length = 14 bytes)
$SignString10 will be placed at 8024CAC8 (length = 14 bytes)
$SignString3 will be placed at 8024CADC (length = 14 bytes)
$SignString2 will be placed at 8024CAF0 (length = 14 bytes)
$SignString5 will be placed at 8024CB04 (length = 14 bytes)
$SignString4 will be placed at 8024CB18 (length = 14 bytes)
$SignString7 will be placed at 8024CB2C (length = 14 bytes)
$SignString6 will be placed at 8024CB40 (length = 14 bytes)
$SignString9 will be placed at 8024CB54 (length = 14 bytes)
$SignString8 will be placed at 8024CB68 (length = 14 bytes)
$SignString29 will be placed at 8024CB7C (length = 14 bytes)
$SignString28 will be placed at 8024CB90 (length = 14 bytes)
$SignString27 will be placed at 8024CBA4 (length = 14 bytes)
$SignString26 will be placed at 8024CBB8 (length = 14 bytes)
$SignString25 will be placed at 8024CBCC (length = 14 bytes)
$SignString24 will be placed at 8024CBE0 (length = 14 bytes)
$SignString23 will be placed at 8024CBF4 (length = 14 bytes)
$SignString22 will be placed at 8024CC08 (length = 14 bytes)
$SignString21 will be placed at 8024CC1C (length = 14 bytes)
$SignString20 will be placed at 8024CC30 (length = 14 bytes)
$SignString will be placed at 8024CC44 (length = 14 bytes)
$SignString39 will be placed at 8024CC58 (length = 14 bytes)
$SignString38 will be placed at 8024CC6C (length = 14 bytes)
$SignString37 will be placed at 8024CC80 (length = 14 bytes)
$SignString36 will be placed at 8024CC94 (length = 14 bytes)
$SignString35 will be placed at 8024CCA8 (length = 14 bytes)
$SignString34 will be placed at 8024CCBC (length = 14 bytes)
$SignString33 will be placed at 8024CCD0 (length = 14 bytes)
$SignString32 will be placed at 8024CCE4 (length = 14 bytes)
$SignString31 will be placed at 8024CCF8 (length = 14 bytes)
$SignString30 will be placed at 8024CD0C (length = 14 bytes)
$SignString49 will be placed at 8024CD20 (length = 14 bytes)
$SignString48 will be placed at 8024CD34 (length = 14 bytes)
$SignString47 will be placed at 8024CD48 (length = 14 bytes)
$SignString46 will be placed at 8024CD5C (length = 14 bytes)
$SignString45 will be placed at 8024CD70 (length = 14 bytes)
$SignString44 will be placed at 8024CD84 (length = 14 bytes)
$SignString43 will be placed at 8024CD98 (length = 14 bytes)
$SignString42 will be placed at 8024CDAC (length = 14 bytes)
$SignString41 will be placed at 8024CDC0 (length = 14 bytes)
$SignString40 will be placed at 8024CDD4 (length = 14 bytes)
$ASCII_pit_02_Literal will be placed at 8024CDE8 (length = C bytes)
$ASCII_pit_90_Literal will be placed at 8024CDF4 (length = C bytes)
$ASCII_pit_34_Literal will be placed at 8024CE00 (length = C bytes)
$ASCII_pit_66_Literal will be placed at 8024CE0C (length = C bytes)
$ASCII_pit_98_Literal will be placed at 8024CE18 (length = C bytes)
$ASCII_pit_19_Literal will be placed at 8024CE24 (length = C bytes)
$ASCII_pit_57_Literal will be placed at 8024CE30 (length = C bytes)
$ASCII_pit_69_Literal will be placed at 8024CE3C (length = C bytes)
$ASCII_pit_72_Literal will be placed at 8024CE48 (length = C bytes)
$ASCII_pit_81_Literal will be placed at 8024CE54 (length = C bytes)
$ASCII_pit_43_Literal will be placed at 8024CE60 (length = C bytes)
$ASCII_pit_28_Literal will be placed at 8024CE6C (length = C bytes)
$ASCII_pit_78_Literal will be placed at 8024CE78 (length = C bytes)
$ASCII_pit_63_Literal will be placed at 8024CE84 (length = C bytes)
$ASCII_pit_46_Literal will be placed at 8024CE90 (length = C bytes)
$ASCII_pit_95_Literal will be placed at 8024CE9C (length = C bytes)
$ASCII_pit_16_Literal will be placed at 8024CEA8 (length = C bytes)
$ASCII_pit_37_Literal will be placed at 8024CEB4 (length = C bytes)
$ASCII_pit_22_Literal will be placed at 8024CEC0 (length = C bytes)
$ASCII_pit_05_Literal will be placed at 8024CECC (length = C bytes)
$ASCII_pit_25_Literal will be placed at 8024CED8 (length = C bytes)
$ASCII_pit_54_Literal will be placed at 8024CEE4 (length = C bytes)
$ASCII_pit_08_Literal will be placed at 8024CEF0 (length = C bytes)
$ASCII_pit_87_Literal will be placed at 8024CEFC (length = C bytes)
$ASCII_pit_75_Literal will be placed at 8024CF08 (length = C bytes)
$ASCII_pit_13_Literal will be placed at 8024CF14 (length = C bytes)
$ASCII_pit_32_Literal will be placed at 8024CF20 (length = C bytes)
$ASCII_pit_92_Literal will be placed at 8024CF2C (length = C bytes)
$ASCII_pit_17_Literal will be placed at 8024CF38 (length = C bytes)
$ASCII_pit_49_Literal will be placed at 8024CF44 (length = C bytes)
$ASCII_pit_77_Literal will be placed at 8024CF50 (length = C bytes)
$ASCII_pit_96_Literal will be placed at 8024CF5C (length = C bytes)
$ASCII_pit_68_Literal will be placed at 8024CF68 (length = C bytes)
$ASCII_pit_51_Literal will be placed at 8024CF74 (length = C bytes)
$ASCII_pit_04_Literal will be placed at 8024CF80 (length = C bytes)
$ASCII_pit_83_Literal will be placed at 8024CF8C (length = C bytes)
$ASCII_pit_86_Literal will be placed at 8024CF98 (length = C bytes)
$ASCII_pit_26_Literal will be placed at 8024CFA4 (length = C bytes)
$ASCII_pit_41_Literal will be placed at 8024CFB0 (length = C bytes)
$ASCII_pit_14_Literal will be placed at 8024CFBC (length = C bytes)
$ASCII_pit_74_Literal will be placed at 8024CFC8 (length = C bytes)
$ASCII_pit_60_Literal will be placed at 8024CFD4 (length = C bytes)
$ASCII_pit_59_Literal will be placed at 8024CFE0 (length = C bytes)
$ASCII_pit_93_Literal will be placed at 8024CFEC (length = C bytes)
$ASCII_pit_65_Literal will be placed at 8024CFF8 (length = C bytes)
$ASCII_pit_07_Literal will be placed at 8024D004 (length = C bytes)
$ASCII_pit_20_Literal will be placed at 8024D010 (length = C bytes)
$ASCII_pit_35_Literal will be placed at 8024D01C (length = C bytes)
$ASCII_pit_23_Literal will be placed at 8024D028 (length = C bytes)
$ASCII_pit_11_Literal will be placed at 8024D034 (length = C bytes)
$ASCII_pit_56_Literal will be placed at 8024D040 (length = C bytes)
$ASCII_pit_44_Literal will be placed at 8024D04C (length = C bytes)
$ASCII_pit_89_Literal will be placed at 8024D058 (length = C bytes)
$ASCII_pit_79_Literal will be placed at 8024D064 (length = C bytes)
$ASCII_pit_62_Literal will be placed at 8024D070 (length = C bytes)
$ASCII_pit_94_Literal will be placed at 8024D07C (length = C bytes)
$ASCII_pit_47_Literal will be placed at 8024D088 (length = C bytes)
$ASCII_pit_21_Literal will be placed at 8024D094 (length = C bytes)
$ASCII_pit_06_Literal will be placed at 8024D0A0 (length = C bytes)
$ASCII_pit_53_Literal will be placed at 8024D0AC (length = C bytes)
$ASCII_pit_09_Literal will be placed at 8024D0B8 (length = C bytes)
$ASCII_pit_88_Literal will be placed at 8024D0C4 (length = C bytes)
$ASCII_pit_38_Literal will be placed at 8024D0D0 (length = C bytes)
$ASCII_pit_24_Literal will be placed at 8024D0DC (length = C bytes)
$ASCII_pit_12_Literal will be placed at 8024D0E8 (length = C bytes)
$ASCII_pit_76_Literal will be placed at 8024D0F4 (length = C bytes)
$ASCII_pit_01_Literal will be placed at 8024D100 (length = C bytes)
$ASCII_pit_50_Literal will be placed at 8024D10C (length = C bytes)
$ASCII_pit_33_Literal will be placed at 8024D118 (length = C bytes)
$ASCII_pit_99_Literal will be placed at 8024D124 (length = C bytes)
$ASCII_pit_67_Literal will be placed at 8024D130 (length = C bytes)
$ASCII_pit_71_Literal will be placed at 8024D13C (length = C bytes)
$ASCII_pit_42_Literal will be placed at 8024D148 (length = C bytes)
$ASCII_pit_80_Literal will be placed at 8024D154 (length = C bytes)
$ASCII_pit_29_Literal will be placed at 8024D160 (length = C bytes)
$ASCII_pit_58_Literal will be placed at 8024D16C (length = C bytes)
$ASCII_pit_30_Literal will be placed at 8024D178 (length = C bytes)
$ASCII_pit_00_Literal will be placed at 8024D184 (length = C bytes)
$ASCII_pit_64_Literal will be placed at 8024D190 (length = C bytes)
$ASCII_pit_36_Literal will be placed at 8024D19C (length = C bytes)
$ASCII_pit_55_Literal will be placed at 8024D1A8 (length = C bytes)
$ASCII_pit_10_Literal will be placed at 8024D1B4 (length = C bytes)
$ASCII_pit_45_Literal will be placed at 8024D1C0 (length = C bytes)
$ASCII_pit_18_Literal will be placed at 8024D1CC (length = C bytes)
$ASCII_pit_48_Literal will be placed at 8024D1D8 (length = C bytes)
$ASCII_pit_03_Literal will be placed at 8024D1E4 (length = C bytes)
$ASCII_pit_31_Literal will be placed at 8024D1F0 (length = C bytes)
$ASCII_pit_91_Literal will be placed at 8024D1FC (length = C bytes)
$ASCII_pit_97_Literal will be placed at 8024D208 (length = C bytes)
$ASCII_pit_82_Literal will be placed at 8024D214 (length = C bytes)
$ASCII_pit_52_Literal will be placed at 8024D220 (length = C bytes)
$ASCII_pit_70_Literal will be placed at 8024D22C (length = C bytes)
$ASCII_pit_85_Literal will be placed at 8024D238 (length = C bytes)
$ASCII_pit_40_Literal will be placed at 8024D244 (length = C bytes)
$ASCII_pit_39_Literal will be placed at 8024D250 (length = C bytes)
$ASCII_pit_73_Literal will be placed at 8024D25C (length = C bytes)
$ASCII_pit_15_Literal will be placed at 8024D268 (length = C bytes)
$ASCII_pit_27_Literal will be placed at 8024D274 (length = C bytes)
$ASCII_pit_61_Literal will be placed at 8024D280 (length = C bytes)
$ConstDouble_802471E0 will be placed at 8024D28C (length = 8 bytes)
$ASCII_pit_842_Literal will be placed at 8024D294 (length = 8 bytes)
$ASCII_pit_100_Literal will be placed at 8024D29C (length = 8 bytes)
$ASCII_tik_tex_Literal will be placed at 8024D2A4 (length = 8 bytes)
$MoverCancel will be placed at 8024D2AC (length = 4 bytes)
$BanditMoverCancel will be placed at 8024D2B0 (length = 4 bytes)
Executing patch: pit_12.mpat
Loaded map pit_01
Creating struct: $EntryList
Creating struct: $DeepestLevel
Creating struct: $TotalLevels
Creating struct: $LoadHighscores
Creating struct: $FallingDownPipe
Creating struct: $Function_GetPos
Creating struct: $Function2
Creating struct: $SetSpawns
Creating struct: $Script_SetNPCPos
Creating struct: $SwitchPath
Creating struct: $VectorList_80244998
Creating struct: $GetPos
Creating struct: $Function_GetDamageTaken
Creating struct: $Function_ResetDamage
Creating struct: $DispawnParthner
Creating struct: $RespawnParthner
Creating struct: $LoadMap
Creating struct: $Script_LoadMapMover_Roguelike
Creating struct: $GetFloor
Creating struct: $LoadCoinsMover
Creating struct: $LoadMapBandit
Creating struct: $GetFloorBandit
Creating struct: $Script_Init_80243B20
Creating struct: $Script_80243A6C
Creating struct: $Script_AddCoins
Creating struct: $Script_SubstractCoins
Creating struct: $NPC_Settings_Sack
Creating struct: $Script_Init_Bag
Creating struct: $Script_Init_Bag_HitBox
Creating struct: $Script_NPC_SackHit_Init
Creating struct: $Script_NPC_Sack_FX
Creating struct: $NPC_Sack_AnimationStart
Creating struct: $NPC_Sack_AnimationEnd
Creating struct: $Script_SackAnimation_Start_GoToTheRight
Creating struct: $Script_SackAnimation_Start_GoToTheLeft
Creating struct: $Script_SackAnimation_End_Right
Creating struct: $Script_SackAnimation_End_Left
Creating struct: $Function_LoadGainedCoins
Creating struct: $Function_RevivePlayer
Creating struct: $AISettings_MoneySack
Creating struct: $Script_NpcAI_MoneySack
Creating struct: $JumpTable_80242448
Creating struct: $Function_NpcAI_MoneySack
Creating struct: $Function_80240260
Creating struct: $Function_80240844
Creating struct: $Function_802409A8
Creating struct: $Script_TrackPlayer
Creating struct: $Script_PipeAnimation
Creating struct: $Function_SetAnimation
Creating struct: $Function_GetColliderPos
Creating struct: $Function_TrackInput
Creating struct: $GoToNextLevel
Creating struct: $GoToNextLevel_Roguelike
Creating struct: $Script_SetSetsOfLevels
Creating struct: $Script_LoadMap_Roguelike
Creating struct: $Script_LoadChestMap_Roguelike
Creating struct: $Script_LoadMap_Mover_Roguelike
Creating struct: $Script_LoadChestMap_Mover_Roguelike
Creating struct: $GetFloorPit
Creating struct: $GetFloorSign
Creating struct: $Function_GetTattle1
Creating struct: $Function_GetTattle2
Creating struct: $Script_ReadSign
Creating struct: $Header
Creating struct: $Function_Init
Creating struct: $Script_Main
Creating struct: $NpcGroups
Creating struct: $NpcGroup_Mover
Creating struct: $BlankSettings
Creating struct: $Script_Init_Mover
Creating struct: $Interact_Mover
Creating struct: $Script_MoverWarpAnimation
Creating struct: $NpcGroup_BanditMover
Creating struct: $Script_Init_BanditMover
Creating struct: $Interact_BanditMover
Creating struct: $NpcGroup_Enemy1
Creating struct: $NpcGroup_Enemy2
Creating struct: $NpcGroup_Enemy3
Creating struct: $NpcGroup_Enemy4
Creating struct: $NpcGroup_Enemy5
Creating struct: $NpcGroup_Enemy6
Creating struct: $NpcSettings_Enemy1
Creating struct: $Script_EnemyAI
Creating struct: $AISettings_Enemy
Creating struct: $Script_DisableEnemyAI
Creating struct: $AISettings_DisableEnemy
Creating struct: $PipeSpawning
Creating struct: $Script_MakeEntities
Creating struct: $CommingDownPipe
Creating struct: $Script_MakeExits
Creating struct: $Script_Exit0
Merged 1 regions to 1
$Script_LoadMap_Mover_Roguelike will be placed at 80240000 (length = F14 bytes)
$LoadMap will be placed at 80240F14 (length = EF4 bytes)
$Script_ReadSign will be placed at 80241E08 (length = EEC bytes)
$LoadMapBandit will be placed at 80242CF4 (length = EA4 bytes)
$Script_LoadMap_Roguelike will be placed at 80243B98 (length = D9C bytes)
$GoToNextLevel will be placed at 80244934 (length = D10 bytes)
$GoToNextLevel_Roguelike will be placed at 80245644 (length = 868 bytes)
$Function_80240260 will be placed at 80245EAC (length = 5E4 bytes)
$SetSpawns will be placed at 80246490 (length = 384 bytes)
$FallingDownPipe will be placed at 80246814 (length = 37C bytes)
$Script_SetSetsOfLevels will be placed at 80246B90 (length = 358 bytes)
$Script_SetNPCPos will be placed at 80246EE8 (length = 2F4 bytes)
$Function_NpcAI_MoneySack will be placed at 802471DC (length = 238 bytes)
$Script_SackAnimation_Start_GoToTheRight will be placed at 80247414 (length = 230 bytes)
$Script_SackAnimation_Start_GoToTheLeft will be placed at 80247644 (length = 1F8 bytes)
$Interact_Mover will be placed at 8024783C (length = 1F8 bytes)
$NpcGroup_Enemy3 will be placed at 80247A34 (length = 1F0 bytes)
$NpcGroup_Enemy4 will be placed at 80247C24 (length = 1F0 bytes)
$NpcGroup_Enemy5 will be placed at 80247E14 (length = 1F0 bytes)
$NpcGroup_Enemy6 will be placed at 80248004 (length = 1F0 bytes)
$NpcGroup_Enemy1 will be placed at 802481F4 (length = 1F0 bytes)
$NpcGroup_Enemy2 will be placed at 802483E4 (length = 1F0 bytes)
$NpcGroup_Mover will be placed at 802485D4 (length = 1F0 bytes)
$NpcGroup_BanditMover will be placed at 802487C4 (length = 1F0 bytes)
$Interact_BanditMover will be placed at 802489B4 (length = 1EC bytes)
$Script_PipeAnimation will be placed at 80248BA0 (length = 1D0 bytes)
$JumpTable_80242448 will be placed at 80248D70 (length = 190 bytes)
$Script_LoadChestMap_Mover_Roguelike will be placed at 80248F00 (length = 18C bytes)
$PipeSpawning will be placed at 8024908C (length = 178 bytes)
$NPC_Sack_AnimationStart will be placed at 80249204 (length = 168 bytes)
$Function_80240844 will be placed at 8024936C (length = 164 bytes)
$Script_LoadChestMap_Roguelike will be placed at 802494D0 (length = 164 bytes)
$Script_NPC_SackHit_Init will be placed at 80249634 (length = 160 bytes)
$Script_SackAnimation_End_Right will be placed at 80249794 (length = 158 bytes)
$Script_SackAnimation_End_Left will be placed at 802498EC (length = 150 bytes)
$MapTattle5 will be placed at 80249A3C (length = 13C bytes)
$MapTattle4 will be placed at 80249B78 (length = 130 bytes)
$GetFloor will be placed at 80249CA8 (length = 12C bytes)
$BanditMover_Tattle will be placed at 80249DD4 (length = 124 bytes)
$Script_Main will be placed at 80249EF8 (length = 120 bytes)
$Script_80243A6C will be placed at 8024A018 (length = 114 bytes)
$Script_SubstractCoins will be placed at 8024A12C (length = 10C bytes)
$Script_LoadMapMover_Roguelike will be placed at 8024A238 (length = 104 bytes)
$GetFloorBandit will be placed at 8024A33C (length = F4 bytes)
$Script_MoverWarpAnimation will be placed at 8024A430 (length = F0 bytes)
$Function_GetColliderPos will be placed at 8024A520 (length = E0 bytes)
$Function_GetPos will be placed at 8024A600 (length = E0 bytes)
$Script_TrackPlayer will be placed at 8024A6E0 (length = DC bytes)
$MapTattle2 will be placed at 8024A7BC (length = D4 bytes)
$Function_TrackInput will be placed at 8024A890 (length = BC bytes)
$MapTattle3 will be placed at 8024A94C (length = B0 bytes)
$Script_MakeEntities will be placed at 8024A9FC (length = A8 bytes)
$MapTattle1 will be placed at 8024AAA4 (length = A8 bytes)
$Script_NpcAI_MoneySack will be placed at 8024AB4C (length = A8 bytes)
$MoverStart will be placed at 8024ABF4 (length = A4 bytes)
$SwitchPath will be placed at 8024AC98 (length = A4 bytes)
$Script_NPC_Sack_FX will be placed at 8024AD3C (length = A4 bytes)
$GetPos will be placed at 8024ADE0 (length = 9C bytes)
$Script_AddCoins will be placed at 8024AE7C (length = 98 bytes)
$BanditMoverStart will be placed at 8024AF14 (length = 98 bytes)
$Mover_Tattle will be placed at 8024AFAC (length = 94 bytes)
$Function_GetTattle1 will be placed at 8024B040 (length = 8C bytes)
$NPC_Sack_AnimationEnd will be placed at 8024B0CC (length = 84 bytes)
$BanditMover_Options will be placed at 8024B150 (length = 80 bytes)
$SignStringBug will be placed at 8024B1D0 (length = 7C bytes)
$LoadHighscores will be placed at 8024B24C (length = 7C bytes)
$Mover_Options will be placed at 8024B2C8 (length = 78 bytes)
$NpcGroups will be placed at 8024B340 (length = 6C bytes)
$DeepestLevel will be placed at 8024B3AC (length = 6C bytes)
$Function2 will be placed at 8024B418 (length = 6C bytes)
$LoadCoinsMover will be placed at 8024B484 (length = 6C bytes)
$Function_SetAnimation will be placed at 8024B4F0 (length = 6C bytes)
$GetFloorPit will be placed at 8024B55C (length = 68 bytes)
$MoverEnd will be placed at 8024B5C4 (length = 68 bytes)
$BanditMoverEnd will be placed at 8024B62C (length = 68 bytes)
$GetFloorSign will be placed at 8024B694 (length = 64 bytes)
$BanditMoverNoCoins will be placed at 8024B6F8 (length = 58 bytes)
$MoverNoCoins will be placed at 8024B750 (length = 58 bytes)
$Function_GetTattle2 will be placed at 8024B7A8 (length = 48 bytes)
$CommingDownPipe will be placed at 8024B7F0 (length = 48 bytes)
$Script_Exit0 will be placed at 8024B838 (length = 48 bytes)
$Function_LoadGainedCoins will be placed at 8024B880 (length = 48 bytes)
$Function_Init will be placed at 8024B8C8 (length = 44 bytes)
$Function_802409A8 will be placed at 8024B90C (length = 44 bytes)
$Header will be placed at 8024B950 (length = 40 bytes)
$Script_Init_Bag will be placed at 8024B990 (length = 38 bytes)
$TotalLevels will be placed at 8024B9C8 (length = 38 bytes)
$Script_Init_Bag_HitBox will be placed at 8024BA00 (length = 38 bytes)
$DispawnParthner will be placed at 8024BA38 (length = 34 bytes)
$Function_ResetDamage will be placed at 8024BA6C (length = 34 bytes)
$AISettings_MoneySack will be placed at 8024BAA0 (length = 30 bytes)
$AISettings_Enemy will be placed at 8024BAD0 (length = 30 bytes)
$AISettings_DisableEnemy will be placed at 8024BB00 (length = 30 bytes)
$RespawnParthner will be placed at 8024BB30 (length = 30 bytes)
$NPC_Settings_Sack will be placed at 8024BB60 (length = 2C bytes)
$Function_GetDamageTaken will be placed at 8024BB8C (length = 2C bytes)
$NpcSettings_Enemy1 will be placed at 8024BBB8 (length = 2C bytes)
$Function_RevivePlayer will be placed at 8024BBE4 (length = 2C bytes)
$String_CoinsGained will be placed at 8024BC10 (length = 2C bytes)
$BlankSettings will be placed at 8024BC3C (length = 2C bytes)
$Script_MakeExits will be placed at 8024BC68 (length = 2C bytes)
$VectorList_80244998 will be placed at 8024BC94 (length = 24 bytes)
$Script_Init_80243B20 will be placed at 8024BCB8 (length = 24 bytes)
$Script_Init_Mover will be placed at 8024BCDC (length = 24 bytes)
$Script_Init_BanditMover will be placed at 8024BD00 (length = 24 bytes)
$Script_DisableEnemyAI will be placed at 8024BD24 (length = 20 bytes)
$EntryList will be placed at 8024BD44 (length = 20 bytes)
$Script_EnemyAI will be placed at 8024BD64 (length = 20 bytes)
$SignString100 will be placed at 8024BD84 (length = 18 bytes)
$SignString1 will be placed at 8024BD9C (length = 14 bytes)
$SignString99 will be placed at 8024BDB0 (length = 14 bytes)
$SignString98 will be placed at 8024BDC4 (length = 14 bytes)
$SignString97 will be placed at 8024BDD8 (length = 14 bytes)
$SignString96 will be placed at 8024BDEC (length = 14 bytes)
$SignString95 will be placed at 8024BE00 (length = 14 bytes)
$SignString94 will be placed at 8024BE14 (length = 14 bytes)
$SignString93 will be placed at 8024BE28 (length = 14 bytes)
$SignString92 will be placed at 8024BE3C (length = 14 bytes)
$SignString91 will be placed at 8024BE50 (length = 14 bytes)
$SignString90 will be placed at 8024BE64 (length = 14 bytes)
$SignString59 will be placed at 8024BE78 (length = 14 bytes)
$SignString58 will be placed at 8024BE8C (length = 14 bytes)
$SignString57 will be placed at 8024BEA0 (length = 14 bytes)
$SignString56 will be placed at 8024BEB4 (length = 14 bytes)
$SignString55 will be placed at 8024BEC8 (length = 14 bytes)
$SignString54 will be placed at 8024BEDC (length = 14 bytes)
$SignString53 will be placed at 8024BEF0 (length = 14 bytes)
$SignString52 will be placed at 8024BF04 (length = 14 bytes)
$SignString51 will be placed at 8024BF18 (length = 14 bytes)
$SignString50 will be placed at 8024BF2C (length = 14 bytes)
$SignString69 will be placed at 8024BF40 (length = 14 bytes)
$SignString68 will be placed at 8024BF54 (length = 14 bytes)
$SignString67 will be placed at 8024BF68 (length = 14 bytes)
$SignString66 will be placed at 8024BF7C (length = 14 bytes)
$SignString65 will be placed at 8024BF90 (length = 14 bytes)
$SignString64 will be placed at 8024BFA4 (length = 14 bytes)
$SignString63 will be placed at 8024BFB8 (length = 14 bytes)
$SignString62 will be placed at 8024BFCC (length = 14 bytes)
$SignString61 will be placed at 8024BFE0 (length = 14 bytes)
$SignString60 will be placed at 8024BFF4 (length = 14 bytes)
$SignString79 will be placed at 8024C008 (length = 14 bytes)
$SignString78 will be placed at 8024C01C (length = 14 bytes)
$SignString77 will be placed at 8024C030 (length = 14 bytes)
$SignString76 will be placed at 8024C044 (length = 14 bytes)
$SignString75 will be placed at 8024C058 (length = 14 bytes)
$SignString74 will be placed at 8024C06C (length = 14 bytes)
$SignString73 will be placed at 8024C080 (length = 14 bytes)
$SignString72 will be placed at 8024C094 (length = 14 bytes)
$SignString71 will be placed at 8024C0A8 (length = 14 bytes)
$SignString70 will be placed at 8024C0BC (length = 14 bytes)
$SignString89 will be placed at 8024C0D0 (length = 14 bytes)
$SignString88 will be placed at 8024C0E4 (length = 14 bytes)
$SignString87 will be placed at 8024C0F8 (length = 14 bytes)
$SignString86 will be placed at 8024C10C (length = 14 bytes)
$SignString85 will be placed at 8024C120 (length = 14 bytes)
$SignString84 will be placed at 8024C134 (length = 14 bytes)
$SignString83 will be placed at 8024C148 (length = 14 bytes)
$SignString82 will be placed at 8024C15C (length = 14 bytes)
$SignString81 will be placed at 8024C170 (length = 14 bytes)
$SignString80 will be placed at 8024C184 (length = 14 bytes)
$SignString19 will be placed at 8024C198 (length = 14 bytes)
$SignString18 will be placed at 8024C1AC (length = 14 bytes)
$SignString17 will be placed at 8024C1C0 (length = 14 bytes)
$SignString16 will be placed at 8024C1D4 (length = 14 bytes)
$SignString15 will be placed at 8024C1E8 (length = 14 bytes)
$SignString14 will be placed at 8024C1FC (length = 14 bytes)
$SignString13 will be placed at 8024C210 (length = 14 bytes)
$SignString12 will be placed at 8024C224 (length = 14 bytes)
$SignString11 will be placed at 8024C238 (length = 14 bytes)
$SignString10 will be placed at 8024C24C (length = 14 bytes)
$SignString3 will be placed at 8024C260 (length = 14 bytes)
$SignString2 will be placed at 8024C274 (length = 14 bytes)
$SignString5 will be placed at 8024C288 (length = 14 bytes)
$SignString4 will be placed at 8024C29C (length = 14 bytes)
$SignString7 will be placed at 8024C2B0 (length = 14 bytes)
$SignString6 will be placed at 8024C2C4 (length = 14 bytes)
$SignString9 will be placed at 8024C2D8 (length = 14 bytes)
$SignString8 will be placed at 8024C2EC (length = 14 bytes)
$SignString29 will be placed at 8024C300 (length = 14 bytes)
$SignString28 will be placed at 8024C314 (length = 14 bytes)
$SignString27 will be placed at 8024C328 (length = 14 bytes)
$SignString26 will be placed at 8024C33C (length = 14 bytes)
$SignString25 will be placed at 8024C350 (length = 14 bytes)
$SignString24 will be placed at 8024C364 (length = 14 bytes)
$SignString23 will be placed at 8024C378 (length = 14 bytes)
$SignString22 will be placed at 8024C38C (length = 14 bytes)
$SignString21 will be placed at 8024C3A0 (length = 14 bytes)
$SignString20 will be placed at 8024C3B4 (length = 14 bytes)
$SignString will be placed at 8024C3C8 (length = 14 bytes)
$SignString39 will be placed at 8024C3DC (length = 14 bytes)
$SignString38 will be placed at 8024C3F0 (length = 14 bytes)
$SignString37 will be placed at 8024C404 (length = 14 bytes)
$SignString36 will be placed at 8024C418 (length = 14 bytes)
$SignString35 will be placed at 8024C42C (length = 14 bytes)
$SignString34 will be placed at 8024C440 (length = 14 bytes)
$SignString33 will be placed at 8024C454 (length = 14 bytes)
$SignString32 will be placed at 8024C468 (length = 14 bytes)
$SignString31 will be placed at 8024C47C (length = 14 bytes)
$SignString30 will be placed at 8024C490 (length = 14 bytes)
$SignString49 will be placed at 8024C4A4 (length = 14 bytes)
$SignString48 will be placed at 8024C4B8 (length = 14 bytes)
$SignString47 will be placed at 8024C4CC (length = 14 bytes)
$SignString46 will be placed at 8024C4E0 (length = 14 bytes)
$SignString45 will be placed at 8024C4F4 (length = 14 bytes)
$SignString44 will be placed at 8024C508 (length = 14 bytes)
$SignString43 will be placed at 8024C51C (length = 14 bytes)
$SignString42 will be placed at 8024C530 (length = 14 bytes)
$SignString41 will be placed at 8024C544 (length = 14 bytes)
$SignString40 will be placed at 8024C558 (length = 14 bytes)
$ASCII_pit_02_Literal will be placed at 8024C56C (length = C bytes)
$ASCII_pit_90_Literal will be placed at 8024C578 (length = C bytes)
$ASCII_pit_34_Literal will be placed at 8024C584 (length = C bytes)
$ASCII_pit_66_Literal will be placed at 8024C590 (length = C bytes)
$ASCII_pit_98_Literal will be placed at 8024C59C (length = C bytes)
$ASCII_pit_19_Literal will be placed at 8024C5A8 (length = C bytes)
$ASCII_pit_57_Literal will be placed at 8024C5B4 (length = C bytes)
$ASCII_pit_69_Literal will be placed at 8024C5C0 (length = C bytes)
$ASCII_pit_72_Literal will be placed at 8024C5CC (length = C bytes)
$ASCII_pit_81_Literal will be placed at 8024C5D8 (length = C bytes)
$ASCII_pit_43_Literal will be placed at 8024C5E4 (length = C bytes)
$ASCII_pit_28_Literal will be placed at 8024C5F0 (length = C bytes)
$ASCII_pit_78_Literal will be placed at 8024C5FC (length = C bytes)
$ASCII_pit_63_Literal will be placed at 8024C608 (length = C bytes)
$ASCII_pit_46_Literal will be placed at 8024C614 (length = C bytes)
$ASCII_pit_95_Literal will be placed at 8024C620 (length = C bytes)
$ASCII_pit_16_Literal will be placed at 8024C62C (length = C bytes)
$ASCII_pit_37_Literal will be placed at 8024C638 (length = C bytes)
$ASCII_pit_22_Literal will be placed at 8024C644 (length = C bytes)
$ASCII_pit_05_Literal will be placed at 8024C650 (length = C bytes)
$ASCII_pit_25_Literal will be placed at 8024C65C (length = C bytes)
$ASCII_pit_54_Literal will be placed at 8024C668 (length = C bytes)
$ASCII_pit_08_Literal will be placed at 8024C674 (length = C bytes)
$ASCII_pit_87_Literal will be placed at 8024C680 (length = C bytes)
$ASCII_pit_75_Literal will be placed at 8024C68C (length = C bytes)
$ASCII_pit_13_Literal will be placed at 8024C698 (length = C bytes)
$ASCII_pit_32_Literal will be placed at 8024C6A4 (length = C bytes)
$ASCII_pit_92_Literal will be placed at 8024C6B0 (length = C bytes)
$ASCII_pit_17_Literal will be placed at 8024C6BC (length = C bytes)
$ASCII_pit_49_Literal will be placed at 8024C6C8 (length = C bytes)
$ASCII_pit_77_Literal will be placed at 8024C6D4 (length = C bytes)
$ASCII_pit_96_Literal will be placed at 8024C6E0 (length = C bytes)
$ASCII_pit_68_Literal will be placed at 8024C6EC (length = C bytes)
$ASCII_pit_51_Literal will be placed at 8024C6F8 (length = C bytes)
$ASCII_pit_04_Literal will be placed at 8024C704 (length = C bytes)
$ASCII_pit_83_Literal will be placed at 8024C710 (length = C bytes)
$ASCII_pit_86_Literal will be placed at 8024C71C (length = C bytes)
$ASCII_pit_26_Literal will be placed at 8024C728 (length = C bytes)
$ASCII_pit_41_Literal will be placed at 8024C734 (length = C bytes)
$ASCII_pit_14_Literal will be placed at 8024C740 (length = C bytes)
$ASCII_pit_74_Literal will be placed at 8024C74C (length = C bytes)
$ASCII_pit_60_Literal will be placed at 8024C758 (length = C bytes)
$ASCII_pit_59_Literal will be placed at 8024C764 (length = C bytes)
$ASCII_pit_93_Literal will be placed at 8024C770 (length = C bytes)
$ASCII_pit_65_Literal will be placed at 8024C77C (length = C bytes)
$ASCII_pit_07_Literal will be placed at 8024C788 (length = C bytes)
$ASCII_pit_20_Literal will be placed at 8024C794 (length = C bytes)
$ASCII_pit_35_Literal will be placed at 8024C7A0 (length = C bytes)
$ASCII_pit_23_Literal will be placed at 8024C7AC (length = C bytes)
$ASCII_pit_11_Literal will be placed at 8024C7B8 (length = C bytes)
$ASCII_pit_56_Literal will be placed at 8024C7C4 (length = C bytes)
$ASCII_pit_44_Literal will be placed at 8024C7D0 (length = C bytes)
$ASCII_pit_89_Literal will be placed at 8024C7DC (length = C bytes)
$ASCII_pit_79_Literal will be placed at 8024C7E8 (length = C bytes)
$ASCII_pit_62_Literal will be placed at 8024C7F4 (length = C bytes)
$ASCII_pit_94_Literal will be placed at 8024C800 (length = C bytes)
$ASCII_pit_47_Literal will be placed at 8024C80C (length = C bytes)
$ASCII_pit_21_Literal will be placed at 8024C818 (length = C bytes)
$ASCII_pit_06_Literal will be placed at 8024C824 (length = C bytes)
$ASCII_pit_53_Literal will be placed at 8024C830 (length = C bytes)
$ASCII_pit_09_Literal will be placed at 8024C83C (length = C bytes)
$ASCII_pit_88_Literal will be placed at 8024C848 (length = C bytes)
$ASCII_pit_38_Literal will be placed at 8024C854 (length = C bytes)
$ASCII_pit_24_Literal will be placed at 8024C860 (length = C bytes)
$ASCII_pit_12_Literal will be placed at 8024C86C (length = C bytes)
$ASCII_pit_76_Literal will be placed at 8024C878 (length = C bytes)
$ASCII_pit_01_Literal will be placed at 8024C884 (length = C bytes)
$ASCII_pit_50_Literal will be placed at 8024C890 (length = C bytes)
$ASCII_pit_33_Literal will be placed at 8024C89C (length = C bytes)
$ASCII_pit_99_Literal will be placed at 8024C8A8 (length = C bytes)
$ASCII_pit_67_Literal will be placed at 8024C8B4 (length = C bytes)
$ASCII_pit_71_Literal will be placed at 8024C8C0 (length = C bytes)
$ASCII_pit_42_Literal will be placed at 8024C8CC (length = C bytes)
$ASCII_pit_80_Literal will be placed at 8024C8D8 (length = C bytes)
$ASCII_pit_29_Literal will be placed at 8024C8E4 (length = C bytes)
$ASCII_pit_58_Literal will be placed at 8024C8F0 (length = C bytes)
$ASCII_pit_30_Literal will be placed at 8024C8FC (length = C bytes)
$ASCII_pit_00_Literal will be placed at 8024C908 (length = C bytes)
$ASCII_pit_64_Literal will be placed at 8024C914 (length = C bytes)
$ASCII_pit_36_Literal will be placed at 8024C920 (length = C bytes)
$ASCII_pit_55_Literal will be placed at 8024C92C (length = C bytes)
$ASCII_pit_10_Literal will be placed at 8024C938 (length = C bytes)
$ASCII_pit_45_Literal will be placed at 8024C944 (length = C bytes)
$ASCII_pit_18_Literal will be placed at 8024C950 (length = C bytes)
$ASCII_pit_48_Literal will be placed at 8024C95C (length = C bytes)
$ASCII_pit_03_Literal will be placed at 8024C968 (length = C bytes)
$ASCII_pit_31_Literal will be placed at 8024C974 (length = C bytes)
$ASCII_pit_91_Literal will be placed at 8024C980 (length = C bytes)
$ASCII_pit_97_Literal will be placed at 8024C98C (length = C bytes)
$ASCII_pit_82_Literal will be placed at 8024C998 (length = C bytes)
$ASCII_pit_52_Literal will be placed at 8024C9A4 (length = C bytes)
$ASCII_pit_70_Literal will be placed at 8024C9B0 (length = C bytes)
$ASCII_pit_85_Literal will be placed at 8024C9BC (length = C bytes)
$ASCII_pit_40_Literal will be placed at 8024C9C8 (length = C bytes)
$ASCII_pit_39_Literal will be placed at 8024C9D4 (length = C bytes)
$ASCII_pit_73_Literal will be placed at 8024C9E0 (length = C bytes)
$ASCII_pit_15_Literal will be placed at 8024C9EC (length = C bytes)
$ASCII_pit_27_Literal will be placed at 8024C9F8 (length = C bytes)
$ASCII_pit_61_Literal will be placed at 8024CA04 (length = C bytes)
$ASCII_pit_842_Literal will be placed at 8024CA10 (length = 8 bytes)
$ASCII_pit_100_Literal will be placed at 8024CA18 (length = 8 bytes)
$ASCII_tik_tex_Literal will be placed at 8024CA20 (length = 8 bytes)
$MoverCancel will be placed at 8024CA28 (length = 4 bytes)
$BanditMoverCancel will be placed at 8024CA2C (length = 4 bytes)
Executing patch: pit_13.mpat
Loaded map pit_01
Creating struct: $EntryList
Creating struct: $DeepestLevel
Creating struct: $TotalLevels
Creating struct: $LoadHighscores
Creating struct: $FallingDownPipe
Creating struct: $Function_GetPos
Creating struct: $Function2
Creating struct: $SetSpawns
Creating struct: $Script_SetNPCPos
Creating struct: $SwitchPath
Creating struct: $VectorList_80244998
Creating struct: $GetPos
Creating struct: $Function_GetDamageTaken
Creating struct: $Function_ResetDamage
Creating struct: $DispawnParthner
Creating struct: $RespawnParthner
Creating struct: $LoadMap
Creating struct: $Script_LoadMapMover_Roguelike
Creating struct: $GetFloor
Creating struct: $LoadCoinsMover
Creating struct: $LoadMapBandit
Creating struct: $GetFloorBandit
Creating struct: $Script_Init_80243B20
Creating struct: $Script_80243A6C
Creating struct: $Script_AddCoins
Creating struct: $Script_SubstractCoins
Creating struct: $NPC_Settings_Sack
Creating struct: $Script_Init_Bag
Creating struct: $Script_Init_Bag_HitBox
Creating struct: $Script_NPC_SackHit_Init
Creating struct: $Script_NPC_Sack_FX
Creating struct: $NPC_Sack_AnimationStart
Creating struct: $NPC_Sack_AnimationEnd
Creating struct: $Script_SackAnimation_Start_GoToTheRight
Creating struct: $Script_SackAnimation_Start_GoToTheLeft
Creating struct: $Script_SackAnimation_End_Right
Creating struct: $Script_SackAnimation_End_Left
Creating struct: $Function_LoadGainedCoins
Creating struct: $Function_RevivePlayer
Creating struct: $AISettings_MoneySack
Creating struct: $Script_NpcAI_MoneySack
Creating struct: $JumpTable_80242448
Creating struct: $Function_NpcAI_MoneySack
Creating struct: $Function_80240260
Creating struct: $Function_80240844
Creating struct: $Function_802409A8
Creating struct: $Script_TrackPlayer
Creating struct: $Script_PipeAnimation
Creating struct: $Function_SetAnimation
Creating struct: $Function_GetColliderPos
Creating struct: $Function_TrackInput
Creating struct: $GoToNextLevel
Creating struct: $GoToNextLevel_Roguelike
Creating struct: $Script_SetSetsOfLevels
Creating struct: $Script_LoadMap_Roguelike
Creating struct: $Script_LoadChestMap_Roguelike
Creating struct: $Script_LoadMap_Mover_Roguelike
Creating struct: $Script_LoadChestMap_Mover_Roguelike
Creating struct: $GetFloorPit
Creating struct: $GetFloorSign
Creating struct: $Function_GetTattle1
Creating struct: $Function_GetTattle2
Creating struct: $Script_ReadSign
Creating struct: $Header
Creating struct: $Function_Init
Creating struct: $Script_Main
Creating struct: $NpcGroups
Creating struct: $NpcGroup_Mover
Creating struct: $BlankSettings
Creating struct: $Script_Init_Mover
Creating struct: $Interact_Mover
Creating struct: $Script_MoverWarpAnimation
Creating struct: $NpcGroup_BanditMover
Creating struct: $Script_Init_BanditMover
Creating struct: $Interact_BanditMover
Creating struct: $NpcGroup_Enemy1
Creating struct: $NpcGroup_Enemy2
Creating struct: $NpcGroup_Enemy3
Creating struct: $NpcGroup_Enemy4
Creating struct: $NpcGroup_Enemy5
Creating struct: $NpcGroup_Enemy6
Creating struct: $NpcSettings_Enemy1
Creating struct: $Script_EnemyAI
Creating struct: $Function_80240040
Creating struct: $AISettings_Enemy
Creating struct: $Script_DisableEnemyAI
Creating struct: $AISettings_DisableEnemy
Creating struct: $PipeSpawning
Creating struct: $Script_MakeEntities
Creating struct: $CommingDownPipe
Creating struct: $Script_MakeExits
Creating struct: $Script_Exit0
Merged 1 regions to 1
$Script_LoadMap_Mover_Roguelike will be placed at 80240000 (length = F14 bytes)
$LoadMap will be placed at 80240F14 (length = EF4 bytes)
$Script_ReadSign will be placed at 80241E08 (length = EEC bytes)
$LoadMapBandit will be placed at 80242CF4 (length = EA4 bytes)
$Script_LoadMap_Roguelike will be placed at 80243B98 (length = D9C bytes)
$GoToNextLevel will be placed at 80244934 (length = D10 bytes)
$GoToNextLevel_Roguelike will be placed at 80245644 (length = 868 bytes)
$Function_80240260 will be placed at 80245EAC (length = 5E4 bytes)
$SetSpawns will be placed at 80246490 (length = 384 bytes)
$FallingDownPipe will be placed at 80246814 (length = 37C bytes)
$Script_SetSetsOfLevels will be placed at 80246B90 (length = 358 bytes)
$Script_SetNPCPos will be placed at 80246EE8 (length = 2F4 bytes)
$Function_NpcAI_MoneySack will be placed at 802471DC (length = 238 bytes)
$Script_SackAnimation_Start_GoToTheRight will be placed at 80247414 (length = 230 bytes)
$Script_SackAnimation_Start_GoToTheLeft will be placed at 80247644 (length = 1F8 bytes)
$Interact_Mover will be placed at 8024783C (length = 1F8 bytes)
$NpcGroup_Enemy3 will be placed at 80247A34 (length = 1F0 bytes)
$NpcGroup_Enemy4 will be placed at 80247C24 (length = 1F0 bytes)
$NpcGroup_Enemy5 will be placed at 80247E14 (length = 1F0 bytes)
$NpcGroup_Enemy6 will be placed at 80248004 (length = 1F0 bytes)
$NpcGroup_Enemy1 will be placed at 802481F4 (length = 1F0 bytes)
$NpcGroup_Enemy2 will be placed at 802483E4 (length = 1F0 bytes)
$NpcGroup_Mover will be placed at 802485D4 (length = 1F0 bytes)
$NpcGroup_BanditMover will be placed at 802487C4 (length = 1F0 bytes)
$Interact_BanditMover will be placed at 802489B4 (length = 1EC bytes)
$Script_PipeAnimation will be placed at 80248BA0 (length = 1D0 bytes)
$JumpTable_80242448 will be placed at 80248D70 (length = 190 bytes)
$Script_LoadChestMap_Mover_Roguelike will be placed at 80248F00 (length = 18C bytes)
$PipeSpawning will be placed at 8024908C (length = 178 bytes)
$NPC_Sack_AnimationStart will be placed at 80249204 (length = 168 bytes)
$Function_80240844 will be placed at 8024936C (length = 164 bytes)
$Script_LoadChestMap_Roguelike will be placed at 802494D0 (length = 164 bytes)
$Script_NPC_SackHit_Init will be placed at 80249634 (length = 160 bytes)
$Script_SackAnimation_End_Right will be placed at 80249794 (length = 158 bytes)
$Script_SackAnimation_End_Left will be placed at 802498EC (length = 150 bytes)
$MapTattle5 will be placed at 80249A3C (length = 13C bytes)
$MapTattle4 will be placed at 80249B78 (length = 130 bytes)
$GetFloor will be placed at 80249CA8 (length = 12C bytes)
$BanditMover_Tattle will be placed at 80249DD4 (length = 124 bytes)
$Script_Main will be placed at 80249EF8 (length = 120 bytes)
$Script_80243A6C will be placed at 8024A018 (length = 114 bytes)
$Script_SubstractCoins will be placed at 8024A12C (length = 10C bytes)
$Script_LoadMapMover_Roguelike will be placed at 8024A238 (length = 104 bytes)
$GetFloorBandit will be placed at 8024A33C (length = F4 bytes)
$Script_MoverWarpAnimation will be placed at 8024A430 (length = F0 bytes)
$Function_GetColliderPos will be placed at 8024A520 (length = E0 bytes)
$Function_GetPos will be placed at 8024A600 (length = E0 bytes)
$Script_TrackPlayer will be placed at 8024A6E0 (length = DC bytes)
$MapTattle2 will be placed at 8024A7BC (length = D4 bytes)
$Function_TrackInput will be placed at 8024A890 (length = BC bytes)
$MapTattle3 will be placed at 8024A94C (length = B0 bytes)
$Script_MakeEntities will be placed at 8024A9FC (length = A8 bytes)
$MapTattle1 will be placed at 8024AAA4 (length = A8 bytes)
$Script_NpcAI_MoneySack will be placed at 8024AB4C (length = A8 bytes)
$MoverStart will be placed at 8024ABF4 (length = A4 bytes)
$SwitchPath will be placed at 8024AC98 (length = A4 bytes)
$Script_NPC_Sack_FX will be placed at 8024AD3C (length = A4 bytes)
$GetPos will be placed at 8024ADE0 (length = 9C bytes)
$Script_AddCoins will be placed at 8024AE7C (length = 98 bytes)
$BanditMoverStart will be placed at 8024AF14 (length = 98 bytes)
$Mover_Tattle will be placed at 8024AFAC (length = 94 bytes)
$Function_GetTattle1 will be placed at 8024B040 (length = 8C bytes)
$NPC_Sack_AnimationEnd will be placed at 8024B0CC (length = 84 bytes)
$BanditMover_Options will be placed at 8024B150 (length = 80 bytes)
$SignStringBug will be placed at 8024B1D0 (length = 7C bytes)
$LoadHighscores will be placed at 8024B24C (length = 7C bytes)
$Mover_Options will be placed at 8024B2C8 (length = 78 bytes)
$NpcGroups will be placed at 8024B340 (length = 6C bytes)
$DeepestLevel will be placed at 8024B3AC (length = 6C bytes)
$Function2 will be placed at 8024B418 (length = 6C bytes)
$LoadCoinsMover will be placed at 8024B484 (length = 6C bytes)
$Function_SetAnimation will be placed at 8024B4F0 (length = 6C bytes)
$GetFloorPit will be placed at 8024B55C (length = 68 bytes)
$MoverEnd will be placed at 8024B5C4 (length = 68 bytes)
$BanditMoverEnd will be placed at 8024B62C (length = 68 bytes)
$GetFloorSign will be placed at 8024B694 (length = 64 bytes)
$BanditMoverNoCoins will be placed at 8024B6F8 (length = 58 bytes)
$MoverNoCoins will be placed at 8024B750 (length = 58 bytes)
$Function_GetTattle2 will be placed at 8024B7A8 (length = 48 bytes)
$CommingDownPipe will be placed at 8024B7F0 (length = 48 bytes)
$Script_Exit0 will be placed at 8024B838 (length = 48 bytes)
$Function_LoadGainedCoins will be placed at 8024B880 (length = 48 bytes)
$Function_Init will be placed at 8024B8C8 (length = 44 bytes)
$Function_802409A8 will be placed at 8024B90C (length = 44 bytes)
$Header will be placed at 8024B950 (length = 40 bytes)
$Script_Init_Bag will be placed at 8024B990 (length = 38 bytes)
$TotalLevels will be placed at 8024B9C8 (length = 38 bytes)
$Script_Init_Bag_HitBox will be placed at 8024BA00 (length = 38 bytes)
$DispawnParthner will be placed at 8024BA38 (length = 34 bytes)
$Function_ResetDamage will be placed at 8024BA6C (length = 34 bytes)
$AISettings_MoneySack will be placed at 8024BAA0 (length = 30 bytes)
$AISettings_Enemy will be placed at 8024BAD0 (length = 30 bytes)
$AISettings_DisableEnemy will be placed at 8024BB00 (length = 30 bytes)
$RespawnParthner will be placed at 8024BB30 (length = 30 bytes)
$NPC_Settings_Sack will be placed at 8024BB60 (length = 2C bytes)
$Function_GetDamageTaken will be placed at 8024BB8C (length = 2C bytes)
$NpcSettings_Enemy1 will be placed at 8024BBB8 (length = 2C bytes)
$Function_RevivePlayer will be placed at 8024BBE4 (length = 2C bytes)
$String_CoinsGained will be placed at 8024BC10 (length = 2C bytes)
$BlankSettings will be placed at 8024BC3C (length = 2C bytes)
$Script_MakeExits will be placed at 8024BC68 (length = 2C bytes)
$Script_EnemyAI will be placed at 8024BC94 (length = 2C bytes)
$VectorList_80244998 will be placed at 8024BCC0 (length = 24 bytes)
$Script_Init_80243B20 will be placed at 8024BCE4 (length = 24 bytes)
$Script_Init_Mover will be placed at 8024BD08 (length = 24 bytes)
$Script_Init_BanditMover will be placed at 8024BD2C (length = 24 bytes)
$Script_DisableEnemyAI will be placed at 8024BD50 (length = 20 bytes)
$EntryList will be placed at 8024BD70 (length = 20 bytes)
$SignString100 will be placed at 8024BD90 (length = 18 bytes)
$SignString1 will be placed at 8024BDA8 (length = 14 bytes)
$SignString99 will be placed at 8024BDBC (length = 14 bytes)
$SignString98 will be placed at 8024BDD0 (length = 14 bytes)
$SignString97 will be placed at 8024BDE4 (length = 14 bytes)
$SignString96 will be placed at 8024BDF8 (length = 14 bytes)
$SignString95 will be placed at 8024BE0C (length = 14 bytes)
$SignString94 will be placed at 8024BE20 (length = 14 bytes)
$SignString93 will be placed at 8024BE34 (length = 14 bytes)
$SignString92 will be placed at 8024BE48 (length = 14 bytes)
$SignString91 will be placed at 8024BE5C (length = 14 bytes)
$SignString90 will be placed at 8024BE70 (length = 14 bytes)
$Function_80240040 will be placed at 8024BE84 (length = 14 bytes)
$SignString59 will be placed at 8024BE98 (length = 14 bytes)
$SignString58 will be placed at 8024BEAC (length = 14 bytes)
$SignString57 will be placed at 8024BEC0 (length = 14 bytes)
$SignString56 will be placed at 8024BED4 (length = 14 bytes)
$SignString55 will be placed at 8024BEE8 (length = 14 bytes)
$SignString54 will be placed at 8024BEFC (length = 14 bytes)
$SignString53 will be placed at 8024BF10 (length = 14 bytes)
$SignString52 will be placed at 8024BF24 (length = 14 bytes)
$SignString51 will be placed at 8024BF38 (length = 14 bytes)
$SignString50 will be placed at 8024BF4C (length = 14 bytes)
$SignString69 will be placed at 8024BF60 (length = 14 bytes)
$SignString68 will be placed at 8024BF74 (length = 14 bytes)
$SignString67 will be placed at 8024BF88 (length = 14 bytes)
$SignString66 will be placed at 8024BF9C (length = 14 bytes)
$SignString65 will be placed at 8024BFB0 (length = 14 bytes)
$SignString64 will be placed at 8024BFC4 (length = 14 bytes)
$SignString63 will be placed at 8024BFD8 (length = 14 bytes)
$SignString62 will be placed at 8024BFEC (length = 14 bytes)
$SignString61 will be placed at 8024C000 (length = 14 bytes)
$SignString60 will be placed at 8024C014 (length = 14 bytes)
$SignString79 will be placed at 8024C028 (length = 14 bytes)
$SignString78 will be placed at 8024C03C (length = 14 bytes)
$SignString77 will be placed at 8024C050 (length = 14 bytes)
$SignString76 will be placed at 8024C064 (length = 14 bytes)
$SignString75 will be placed at 8024C078 (length = 14 bytes)
$SignString74 will be placed at 8024C08C (length = 14 bytes)
$SignString73 will be placed at 8024C0A0 (length = 14 bytes)
$SignString72 will be placed at 8024C0B4 (length = 14 bytes)
$SignString71 will be placed at 8024C0C8 (length = 14 bytes)
$SignString70 will be placed at 8024C0DC (length = 14 bytes)
$SignString89 will be placed at 8024C0F0 (length = 14 bytes)
$SignString88 will be placed at 8024C104 (length = 14 bytes)
$SignString87 will be placed at 8024C118 (length = 14 bytes)
$SignString86 will be placed at 8024C12C (length = 14 bytes)
$SignString85 will be placed at 8024C140 (length = 14 bytes)
$SignString84 will be placed at 8024C154 (length = 14 bytes)
$SignString83 will be placed at 8024C168 (length = 14 bytes)
$SignString82 will be placed at 8024C17C (length = 14 bytes)
$SignString81 will be placed at 8024C190 (length = 14 bytes)
$SignString80 will be placed at 8024C1A4 (length = 14 bytes)
$SignString19 will be placed at 8024C1B8 (length = 14 bytes)
$SignString18 will be placed at 8024C1CC (length = 14 bytes)
$SignString17 will be placed at 8024C1E0 (length = 14 bytes)
$SignString16 will be placed at 8024C1F4 (length = 14 bytes)
$SignString15 will be placed at 8024C208 (length = 14 bytes)
$SignString14 will be placed at 8024C21C (length = 14 bytes)
$SignString13 will be placed at 8024C230 (length = 14 bytes)
$SignString12 will be placed at 8024C244 (length = 14 bytes)
$SignString11 will be placed at 8024C258 (length = 14 bytes)
$SignString10 will be placed at 8024C26C (length = 14 bytes)
$SignString3 will be placed at 8024C280 (length = 14 bytes)
$SignString2 will be placed at 8024C294 (length = 14 bytes)
$SignString5 will be placed at 8024C2A8 (length = 14 bytes)
$SignString4 will be placed at 8024C2BC (length = 14 bytes)
$SignString7 will be placed at 8024C2D0 (length = 14 bytes)
$SignString6 will be placed at 8024C2E4 (length = 14 bytes)
$SignString9 will be placed at 8024C2F8 (length = 14 bytes)
$SignString8 will be placed at 8024C30C (length = 14 bytes)
$SignString29 will be placed at 8024C320 (length = 14 bytes)
$SignString28 will be placed at 8024C334 (length = 14 bytes)
$SignString27 will be placed at 8024C348 (length = 14 bytes)
$SignString26 will be placed at 8024C35C (length = 14 bytes)
$SignString25 will be placed at 8024C370 (length = 14 bytes)
$SignString24 will be placed at 8024C384 (length = 14 bytes)
$SignString23 will be placed at 8024C398 (length = 14 bytes)
$SignString22 will be placed at 8024C3AC (length = 14 bytes)
$SignString21 will be placed at 8024C3C0 (length = 14 bytes)
$SignString20 will be placed at 8024C3D4 (length = 14 bytes)
$SignString will be placed at 8024C3E8 (length = 14 bytes)
$SignString39 will be placed at 8024C3FC (length = 14 bytes)
$SignString38 will be placed at 8024C410 (length = 14 bytes)
$SignString37 will be placed at 8024C424 (length = 14 bytes)
$SignString36 will be placed at 8024C438 (length = 14 bytes)
$SignString35 will be placed at 8024C44C (length = 14 bytes)
$SignString34 will be placed at 8024C460 (length = 14 bytes)
$SignString33 will be placed at 8024C474 (length = 14 bytes)
$SignString32 will be placed at 8024C488 (length = 14 bytes)
$SignString31 will be placed at 8024C49C (length = 14 bytes)
$SignString30 will be placed at 8024C4B0 (length = 14 bytes)
$SignString49 will be placed at 8024C4C4 (length = 14 bytes)
$SignString48 will be placed at 8024C4D8 (length = 14 bytes)
$SignString47 will be placed at 8024C4EC (length = 14 bytes)
$SignString46 will be placed at 8024C500 (length = 14 bytes)
$SignString45 will be placed at 8024C514 (length = 14 bytes)
$SignString44 will be placed at 8024C528 (length = 14 bytes)
$SignString43 will be placed at 8024C53C (length = 14 bytes)
$SignString42 will be placed at 8024C550 (length = 14 bytes)
$SignString41 will be placed at 8024C564 (length = 14 bytes)
$SignString40 will be placed at 8024C578 (length = 14 bytes)
$ASCII_pit_02_Literal will be placed at 8024C58C (length = C bytes)
$ASCII_pit_90_Literal will be placed at 8024C598 (length = C bytes)
$ASCII_pit_34_Literal will be placed at 8024C5A4 (length = C bytes)
$ASCII_pit_66_Literal will be placed at 8024C5B0 (length = C bytes)
$ASCII_pit_98_Literal will be placed at 8024C5BC (length = C bytes)
$ASCII_pit_19_Literal will be placed at 8024C5C8 (length = C bytes)
$ASCII_pit_57_Literal will be placed at 8024C5D4 (length = C bytes)
$ASCII_pit_69_Literal will be placed at 8024C5E0 (length = C bytes)
$ASCII_pit_72_Literal will be placed at 8024C5EC (length = C bytes)
$ASCII_pit_81_Literal will be placed at 8024C5F8 (length = C bytes)
$ASCII_pit_43_Literal will be placed at 8024C604 (length = C bytes)
$ASCII_pit_28_Literal will be placed at 8024C610 (length = C bytes)
$ASCII_pit_78_Literal will be placed at 8024C61C (length = C bytes)
$ASCII_pit_63_Literal will be placed at 8024C628 (length = C bytes)
$ASCII_pit_46_Literal will be placed at 8024C634 (length = C bytes)
$ASCII_pit_95_Literal will be placed at 8024C640 (length = C bytes)
$ASCII_pit_16_Literal will be placed at 8024C64C (length = C bytes)
$ASCII_pit_37_Literal will be placed at 8024C658 (length = C bytes)
$ASCII_pit_22_Literal will be placed at 8024C664 (length = C bytes)
$ASCII_pit_05_Literal will be placed at 8024C670 (length = C bytes)
$ASCII_pit_25_Literal will be placed at 8024C67C (length = C bytes)
$ASCII_pit_54_Literal will be placed at 8024C688 (length = C bytes)
$ASCII_pit_08_Literal will be placed at 8024C694 (length = C bytes)
$ASCII_pit_87_Literal will be placed at 8024C6A0 (length = C bytes)
$ASCII_pit_75_Literal will be placed at 8024C6AC (length = C bytes)
$ASCII_pit_13_Literal will be placed at 8024C6B8 (length = C bytes)
$ASCII_pit_32_Literal will be placed at 8024C6C4 (length = C bytes)
$ASCII_pit_92_Literal will be placed at 8024C6D0 (length = C bytes)
$ASCII_pit_17_Literal will be placed at 8024C6DC (length = C bytes)
$ASCII_pit_49_Literal will be placed at 8024C6E8 (length = C bytes)
$ASCII_pit_77_Literal will be placed at 8024C6F4 (length = C bytes)
$ASCII_pit_96_Literal will be placed at 8024C700 (length = C bytes)
$ASCII_pit_68_Literal will be placed at 8024C70C (length = C bytes)
$ASCII_pit_51_Literal will be placed at 8024C718 (length = C bytes)
$ASCII_pit_04_Literal will be placed at 8024C724 (length = C bytes)
$ASCII_pit_83_Literal will be placed at 8024C730 (length = C bytes)
$ASCII_pit_86_Literal will be placed at 8024C73C (length = C bytes)
$ASCII_pit_26_Literal will be placed at 8024C748 (length = C bytes)
$ASCII_pit_41_Literal will be placed at 8024C754 (length = C bytes)
$ASCII_pit_14_Literal will be placed at 8024C760 (length = C bytes)
$ASCII_pit_74_Literal will be placed at 8024C76C (length = C bytes)
$ASCII_pit_60_Literal will be placed at 8024C778 (length = C bytes)
$ASCII_pit_59_Literal will be placed at 8024C784 (length = C bytes)
$ASCII_pit_93_Literal will be placed at 8024C790 (length = C bytes)
$ASCII_pit_65_Literal will be placed at 8024C79C (length = C bytes)
$ASCII_pit_07_Literal will be placed at 8024C7A8 (length = C bytes)
$ASCII_pit_20_Literal will be placed at 8024C7B4 (length = C bytes)
$ASCII_pit_35_Literal will be placed at 8024C7C0 (length = C bytes)
$ASCII_pit_23_Literal will be placed at 8024C7CC (length = C bytes)
$ASCII_pit_11_Literal will be placed at 8024C7D8 (length = C bytes)
$ASCII_pit_56_Literal will be placed at 8024C7E4 (length = C bytes)
$ASCII_pit_44_Literal will be placed at 8024C7F0 (length = C bytes)
$ASCII_pit_89_Literal will be placed at 8024C7FC (length = C bytes)
$ASCII_pit_79_Literal will be placed at 8024C808 (length = C bytes)
$ASCII_pit_62_Literal will be placed at 8024C814 (length = C bytes)
$ASCII_pit_94_Literal will be placed at 8024C820 (length = C bytes)
$ASCII_pit_47_Literal will be placed at 8024C82C (length = C bytes)
$ASCII_pit_21_Literal will be placed at 8024C838 (length = C bytes)
$ASCII_pit_06_Literal will be placed at 8024C844 (length = C bytes)
$ASCII_pit_53_Literal will be placed at 8024C850 (length = C bytes)
$ASCII_pit_09_Literal will be placed at 8024C85C (length = C bytes)
$ASCII_pit_88_Literal will be placed at 8024C868 (length = C bytes)
$ASCII_pit_38_Literal will be placed at 8024C874 (length = C bytes)
$ASCII_pit_24_Literal will be placed at 8024C880 (length = C bytes)
$ASCII_pit_12_Literal will be placed at 8024C88C (length = C bytes)
$ASCII_pit_76_Literal will be placed at 8024C898 (length = C bytes)
$ASCII_pit_01_Literal will be placed at 8024C8A4 (length = C bytes)
$ASCII_pit_50_Literal will be placed at 8024C8B0 (length = C bytes)
$ASCII_pit_33_Literal will be placed at 8024C8BC (length = C bytes)
$ASCII_pit_99_Literal will be placed at 8024C8C8 (length = C bytes)
$ASCII_pit_67_Literal will be placed at 8024C8D4 (length = C bytes)
$ASCII_pit_71_Literal will be placed at 8024C8E0 (length = C bytes)
$ASCII_pit_42_Literal will be placed at 8024C8EC (length = C bytes)
$ASCII_pit_80_Literal will be placed at 8024C8F8 (length = C bytes)
$ASCII_pit_29_Literal will be placed at 8024C904 (length = C bytes)
$ASCII_pit_58_Literal will be placed at 8024C910 (length = C bytes)
$ASCII_pit_30_Literal will be placed at 8024C91C (length = C bytes)
$ASCII_pit_00_Literal will be placed at 8024C928 (length = C bytes)
$ASCII_pit_64_Literal will be placed at 8024C934 (length = C bytes)
$ASCII_pit_36_Literal will be placed at 8024C940 (length = C bytes)
$ASCII_pit_55_Literal will be placed at 8024C94C (length = C bytes)
$ASCII_pit_10_Literal will be placed at 8024C958 (length = C bytes)
$ASCII_pit_45_Literal will be placed at 8024C964 (length = C bytes)
$ASCII_pit_18_Literal will be placed at 8024C970 (length = C bytes)
$ASCII_pit_48_Literal will be placed at 8024C97C (length = C bytes)
$ASCII_pit_03_Literal will be placed at 8024C988 (length = C bytes)
$ASCII_pit_31_Literal will be placed at 8024C994 (length = C bytes)
$ASCII_pit_91_Literal will be placed at 8024C9A0 (length = C bytes)
$ASCII_pit_97_Literal will be placed at 8024C9AC (length = C bytes)
$ASCII_pit_82_Literal will be placed at 8024C9B8 (length = C bytes)
$ASCII_pit_52_Literal will be placed at 8024C9C4 (length = C bytes)
$ASCII_pit_70_Literal will be placed at 8024C9D0 (length = C bytes)
$ASCII_pit_85_Literal will be placed at 8024C9DC (length = C bytes)
$ASCII_pit_40_Literal will be placed at 8024C9E8 (length = C bytes)
$ASCII_pit_39_Literal will be placed at 8024C9F4 (length = C bytes)
$ASCII_pit_73_Literal will be placed at 8024CA00 (length = C bytes)
$ASCII_pit_15_Literal will be placed at 8024CA0C (length = C bytes)
$ASCII_pit_27_Literal will be placed at 8024CA18 (length = C bytes)
$ASCII_pit_61_Literal will be placed at 8024CA24 (length = C bytes)
$ASCII_pit_842_Literal will be placed at 8024CA30 (length = 8 bytes)
$ASCII_pit_100_Literal will be placed at 8024CA38 (length = 8 bytes)
$ASCII_tik_tex_Literal will be placed at 8024CA40 (length = 8 bytes)
$MoverCancel will be placed at 8024CA48 (length = 4 bytes)
$BanditMoverCancel will be placed at 8024CA4C (length = 4 bytes)
Executing patch: pit_14.mpat
Loaded map pit_14
Creating struct: $EntryList
Creating struct: $DeepestLevel
Creating struct: $TotalLevels
Creating struct: $LoadHighscores
Creating struct: $FallingDownPipe
Creating struct: $Function_GetPos
Creating struct: $Function2
Creating struct: $SetSpawns
Creating struct: $Script_SetNPCPos
Creating struct: $SwitchPath
Creating struct: $VectorList_80244998
Creating struct: $GetPos
Creating struct: $Function_GetDamageTaken
Creating struct: $Function_ResetDamage
Creating struct: $DispawnParthner
Creating struct: $RespawnParthner
Creating struct: $LoadMap
Creating struct: $Script_LoadMapMover_Roguelike
Creating struct: $GetFloor
Creating struct: $LoadCoinsMover
Creating struct: $LoadMapBandit
Creating struct: $GetFloorBandit
Creating struct: $SetSpawnsSpecial
Creating struct: $Function_LoadCoinsInToVar1
Creating struct: $Script_SetSpawnPosition
Creating struct: $Script_Init_80243B20
Creating struct: $Script_80243A6C
Creating struct: $Script_AddCoins
Creating struct: $Script_SubstractCoins
Creating struct: $NPC_Settings_Sack
Creating struct: $Script_Init_Bag
Creating struct: $Script_Init_Bag_HitBox
Creating struct: $Script_NPC_SackHit_Init
Creating struct: $Script_NPC_Sack_FX
Creating struct: $NPC_Sack_AnimationStart
Creating struct: $NPC_Sack_AnimationEnd
Creating struct: $Script_SackAnimation_Start_GoToTheRight
Creating struct: $Script_SackAnimation_Start_GoToTheLeft
Creating struct: $Script_SackAnimation_End_Right
Creating struct: $Script_SackAnimation_End_Left
Creating struct: $Function_LoadGainedCoins
Creating struct: $Function_RevivePlayer
Creating struct: $AISettings_MoneySack
Creating struct: $Script_NpcAI_MoneySack
Creating struct: $JumpTable_80242448
Creating struct: $Function_NpcAI_MoneySack
Creating struct: $Function_80240260
Creating struct: $Function_80240844
Creating struct: $Function_802409A8
Creating struct: $Script_TrackPlayer
Creating struct: $Script_PipeAnimation
Creating struct: $Function_SetAnimation
Creating struct: $Function_GetColliderPos
Creating struct: $Function_TrackInput
Creating struct: $GoToNextLevel
Creating struct: $GoToNextLevel_Roguelike
Creating struct: $Script_SetSetsOfLevels
Creating struct: $Script_LoadMap_Roguelike
Creating struct: $Script_LoadChestMap_Roguelike
Creating struct: $Script_LoadMap_Mover_Roguelike
Creating struct: $Script_LoadChestMap_Mover_Roguelike
Creating struct: $GetFloorPit
Creating struct: $GetFloorSign
Creating struct: $Function_GetTattle1
Creating struct: $Function_GetTattle2
Creating struct: $Script_ReadSign
Creating struct: $Header
Creating struct: $Function_Init
Creating struct: $Script_Main
Creating struct: $NpcGroup1
Creating struct: $NpcGroup2
Creating struct: $NpcGroup3
Creating struct: $NpcGroup4
Creating struct: $NpcGroup5
Creating struct: $NpcGroup6
Creating struct: $NpcGroup7
Creating struct: $NpcGroups
Creating struct: $NpcGroup_Mover
Creating struct: $BlankSettings
Creating struct: $Script_Init_Mover
Creating struct: $Interact_Mover
Creating struct: $Script_MoverWarpAnimation
Creating struct: $NpcGroup_BanditMover
Creating struct: $Script_Init_BanditMover
Creating struct: $Interact_BanditMover
Creating struct: $NpcGroup_Enemy1
Creating struct: $NpcGroup_Enemy2
Creating struct: $NpcGroup_Enemy3
Creating struct: $NpcGroup_Enemy4
Creating struct: $NpcGroup_Enemy5
Creating struct: $NpcGroup_Enemy6
Creating struct: $NpcSettings_Enemy1
Creating struct: $Script_EnemyAI
Creating struct: $AISettings_Enemy
Creating struct: $JumpTable_80242250
Creating struct: $ConstDouble_80242290
Creating struct: $ConstDouble_80242298
Creating struct: $Function_80240F50
Creating struct: $Script_DisableEnemyAI
Creating struct: $AISettings_DisableEnemy
Creating struct: $PipeSpawning
Creating struct: $Script_MakeEntities
Creating struct: $CommingDownPipe
Creating struct: $Script_MakeExits
Creating struct: $Script_Exit0
Merged 1 regions to 1
$Script_LoadMap_Mover_Roguelike will be placed at 80240000 (length = F14 bytes)
$LoadMap will be placed at 80240F14 (length = EF4 bytes)
$Script_ReadSign will be placed at 80241E08 (length = EEC bytes)
$LoadMapBandit will be placed at 80242CF4 (length = EA4 bytes)
$Script_LoadMap_Roguelike will be placed at 80243B98 (length = D9C bytes)
$GoToNextLevel will be placed at 80244934 (length = D10 bytes)
$GoToNextLevel_Roguelike will be placed at 80245644 (length = 868 bytes)
$Function_80240F50 will be placed at 80245EAC (length = 78C bytes)
$SetSpawnsSpecial will be placed at 80246638 (length = 608 bytes)
$Function_80240260 will be placed at 80246C40 (length = 5E4 bytes)
$SetSpawns will be placed at 80247224 (length = 384 bytes)
$FallingDownPipe will be placed at 802475A8 (length = 37C bytes)
$Script_SetSetsOfLevels will be placed at 80247924 (length = 358 bytes)
$Script_SetNPCPos will be placed at 80247C7C (length = 2F4 bytes)
$Script_Main will be placed at 80247F70 (length = 248 bytes)
$Function_NpcAI_MoneySack will be placed at 802481B8 (length = 238 bytes)
$Script_SetSpawnPosition will be placed at 802483F0 (length = 234 bytes)
$Script_SackAnimation_Start_GoToTheRight will be placed at 80248624 (length = 230 bytes)
$Script_SackAnimation_Start_GoToTheLeft will be placed at 80248854 (length = 1F8 bytes)
$Interact_Mover will be placed at 80248A4C (length = 1F8 bytes)
$NpcGroup_Enemy3 will be placed at 80248C44 (length = 1F0 bytes)
$NpcGroup_Enemy4 will be placed at 80248E34 (length = 1F0 bytes)
$NpcGroup_Enemy5 will be placed at 80249024 (length = 1F0 bytes)
$NpcGroup_Enemy6 will be placed at 80249214 (length = 1F0 bytes)
$NpcGroup_Enemy1 will be placed at 80249404 (length = 1F0 bytes)
$NpcGroup_Enemy2 will be placed at 802495F4 (length = 1F0 bytes)
$NpcGroup_Mover will be placed at 802497E4 (length = 1F0 bytes)
$NpcGroup_BanditMover will be placed at 802499D4 (length = 1F0 bytes)
$Interact_BanditMover will be placed at 80249BC4 (length = 1EC bytes)
$Script_PipeAnimation will be placed at 80249DB0 (length = 1D0 bytes)
$JumpTable_80242448 will be placed at 80249F80 (length = 190 bytes)
$Script_LoadChestMap_Mover_Roguelike will be placed at 8024A110 (length = 18C bytes)
$PipeSpawning will be placed at 8024A29C (length = 178 bytes)
$NPC_Sack_AnimationStart will be placed at 8024A414 (length = 168 bytes)
$Function_80240844 will be placed at 8024A57C (length = 164 bytes)
$Script_LoadChestMap_Roguelike will be placed at 8024A6E0 (length = 164 bytes)
$Script_NPC_SackHit_Init will be placed at 8024A844 (length = 160 bytes)
$Script_SackAnimation_End_Right will be placed at 8024A9A4 (length = 158 bytes)
$Script_SackAnimation_End_Left will be placed at 8024AAFC (length = 150 bytes)
$MapTattle5 will be placed at 8024AC4C (length = 13C bytes)
$MapTattle4 will be placed at 8024AD88 (length = 130 bytes)
$GetFloor will be placed at 8024AEB8 (length = 12C bytes)
$BanditMover_Tattle will be placed at 8024AFE4 (length = 124 bytes)
$Script_80243A6C will be placed at 8024B108 (length = 114 bytes)
$Script_SubstractCoins will be placed at 8024B21C (length = 10C bytes)
$Script_LoadMapMover_Roguelike will be placed at 8024B328 (length = 104 bytes)
$GetFloorBandit will be placed at 8024B42C (length = F4 bytes)
$Script_MoverWarpAnimation will be placed at 8024B520 (length = F0 bytes)
$Function_GetColliderPos will be placed at 8024B610 (length = E0 bytes)
$Function_GetPos will be placed at 8024B6F0 (length = E0 bytes)
$Script_TrackPlayer will be placed at 8024B7D0 (length = DC bytes)
$MapTattle2 will be placed at 8024B8AC (length = D4 bytes)
$Function_TrackInput will be placed at 8024B980 (length = BC bytes)
$MapTattle3 will be placed at 8024BA3C (length = B0 bytes)
$Script_MakeEntities will be placed at 8024BAEC (length = A8 bytes)
$MapTattle1 will be placed at 8024BB94 (length = A8 bytes)
$Script_NpcAI_MoneySack will be placed at 8024BC3C (length = A8 bytes)
$MoverStart will be placed at 8024BCE4 (length = A4 bytes)
$SwitchPath will be placed at 8024BD88 (length = A4 bytes)
$Script_NPC_Sack_FX will be placed at 8024BE2C (length = A4 bytes)
$GetPos will be placed at 8024BED0 (length = 9C bytes)
$Script_AddCoins will be placed at 8024BF6C (length = 98 bytes)
$BanditMoverStart will be placed at 8024C004 (length = 98 bytes)
$Mover_Tattle will be placed at 8024C09C (length = 94 bytes)
$Function_GetTattle1 will be placed at 8024C130 (length = 8C bytes)
$NPC_Sack_AnimationEnd will be placed at 8024C1BC (length = 84 bytes)
$BanditMover_Options will be placed at 8024C240 (length = 80 bytes)
$SignStringBug will be placed at 8024C2C0 (length = 7C bytes)
$LoadHighscores will be placed at 8024C33C (length = 7C bytes)
$Mover_Options will be placed at 8024C3B8 (length = 78 bytes)
$NpcGroups will be placed at 8024C430 (length = 6C bytes)
$DeepestLevel will be placed at 8024C49C (length = 6C bytes)
$Function2 will be placed at 8024C508 (length = 6C bytes)
$LoadCoinsMover will be placed at 8024C574 (length = 6C bytes)
$Function_SetAnimation will be placed at 8024C5E0 (length = 6C bytes)
$GetFloorPit will be placed at 8024C64C (length = 68 bytes)
$MoverEnd will be placed at 8024C6B4 (length = 68 bytes)
$BanditMoverEnd will be placed at 8024C71C (length = 68 bytes)
$GetFloorSign will be placed at 8024C784 (length = 64 bytes)
$BanditMoverNoCoins will be placed at 8024C7E8 (length = 58 bytes)
$MoverNoCoins will be placed at 8024C840 (length = 58 bytes)
$Function_GetTattle2 will be placed at 8024C898 (length = 48 bytes)
$CommingDownPipe will be placed at 8024C8E0 (length = 48 bytes)
$Script_Exit0 will be placed at 8024C928 (length = 48 bytes)
$Function_LoadCoinsInToVar1 will be placed at 8024C970 (length = 48 bytes)
$Function_LoadGainedCoins will be placed at 8024C9B8 (length = 48 bytes)
$Function_Init will be placed at 8024CA00 (length = 44 bytes)
$Function_802409A8 will be placed at 8024CA44 (length = 44 bytes)
$Header will be placed at 8024CA88 (length = 40 bytes)
$JumpTable_80242250 will be placed at 8024CAC8 (length = 40 bytes)
$Script_Init_Bag will be placed at 8024CB08 (length = 38 bytes)
$TotalLevels will be placed at 8024CB40 (length = 38 bytes)
$Script_Init_Bag_HitBox will be placed at 8024CB78 (length = 38 bytes)
$DispawnParthner will be placed at 8024CBB0 (length = 34 bytes)
$Function_ResetDamage will be placed at 8024CBE4 (length = 34 bytes)
$AISettings_MoneySack will be placed at 8024CC18 (length = 30 bytes)
$AISettings_Enemy will be placed at 8024CC48 (length = 30 bytes)
$AISettings_DisableEnemy will be placed at 8024CC78 (length = 30 bytes)
$RespawnParthner will be placed at 8024CCA8 (length = 30 bytes)
$NPC_Settings_Sack will be placed at 8024CCD8 (length = 2C bytes)
$Function_GetDamageTaken will be placed at 8024CD04 (length = 2C bytes)
$NpcSettings_Enemy1 will be placed at 8024CD30 (length = 2C bytes)
$Function_RevivePlayer will be placed at 8024CD5C (length = 2C bytes)
$String_CoinsGained will be placed at 8024CD88 (length = 2C bytes)
$BlankSettings will be placed at 8024CDB4 (length = 2C bytes)
$Script_MakeExits will be placed at 8024CDE0 (length = 2C bytes)
$NpcGroup7 will be placed at 8024CE0C (length = 24 bytes)
$VectorList_80244998 will be placed at 8024CE30 (length = 24 bytes)
$Script_Init_80243B20 will be placed at 8024CE54 (length = 24 bytes)
$Script_Init_Mover will be placed at 8024CE78 (length = 24 bytes)
$Script_Init_BanditMover will be placed at 8024CE9C (length = 24 bytes)
$Script_DisableEnemyAI will be placed at 8024CEC0 (length = 20 bytes)
$EntryList will be placed at 8024CEE0 (length = 20 bytes)
$Script_EnemyAI will be placed at 8024CF00 (length = 20 bytes)
$NpcGroup6 will be placed at 8024CF20 (length = 18 bytes)
$NpcGroup3 will be placed at 8024CF38 (length = 18 bytes)
$NpcGroup2 will be placed at 8024CF50 (length = 18 bytes)
$NpcGroup5 will be placed at 8024CF68 (length = 18 bytes)
$NpcGroup4 will be placed at 8024CF80 (length = 18 bytes)
$NpcGroup1 will be placed at 8024CF98 (length = 18 bytes)
$SignString100 will be placed at 8024CFB0 (length = 18 bytes)
$SignString1 will be placed at 8024CFC8 (length = 14 bytes)
$SignString99 will be placed at 8024CFDC (length = 14 bytes)
$SignString98 will be placed at 8024CFF0 (length = 14 bytes)
$SignString97 will be placed at 8024D004 (length = 14 bytes)
$SignString96 will be placed at 8024D018 (length = 14 bytes)
$SignString95 will be placed at 8024D02C (length = 14 bytes)
$SignString94 will be placed at 8024D040 (length = 14 bytes)
$SignString93 will be placed at 8024D054 (length = 14 bytes)
$SignString92 will be placed at 8024D068 (length = 14 bytes)
$SignString91 will be placed at 8024D07C (length = 14 bytes)
$SignString90 will be placed at 8024D090 (length = 14 bytes)
$SignString59 will be placed at 8024D0A4 (length = 14 bytes)
$SignString58 will be placed at 8024D0B8 (length = 14 bytes)
$SignString57 will be placed at 8024D0CC (length = 14 bytes)
$SignString56 will be placed at 8024D0E0 (length = 14 bytes)
$SignString55 will be placed at 8024D0F4 (length = 14 bytes)
$SignString54 will be placed at 8024D108 (length = 14 bytes)
$SignString53 will be placed at 8024D11C (length = 14 bytes)
$SignString52 will be placed at 8024D130 (length = 14 bytes)
$SignString51 will be placed at 8024D144 (length = 14 bytes)
$SignString50 will be placed at 8024D158 (length = 14 bytes)
$SignString69 will be placed at 8024D16C (length = 14 bytes)
$SignString68 will be placed at 8024D180 (length = 14 bytes)
$SignString67 will be placed at 8024D194 (length = 14 bytes)
$SignString66 will be placed at 8024D1A8 (length = 14 bytes)
$SignString65 will be placed at 8024D1BC (length = 14 bytes)
$SignString64 will be placed at 8024D1D0 (length = 14 bytes)
$SignString63 will be placed at 8024D1E4 (length = 14 bytes)
$SignString62 will be placed at 8024D1F8 (length = 14 bytes)
$SignString61 will be placed at 8024D20C (length = 14 bytes)
$SignString60 will be placed at 8024D220 (length = 14 bytes)
$SignString79 will be placed at 8024D234 (length = 14 bytes)
$SignString78 will be placed at 8024D248 (length = 14 bytes)
$SignString77 will be placed at 8024D25C (length = 14 bytes)
$SignString76 will be placed at 8024D270 (length = 14 bytes)
$SignString75 will be placed at 8024D284 (length = 14 bytes)
$SignString74 will be placed at 8024D298 (length = 14 bytes)
$SignString73 will be placed at 8024D2AC (length = 14 bytes)
$SignString72 will be placed at 8024D2C0 (length = 14 bytes)
$SignString71 will be placed at 8024D2D4 (length = 14 bytes)
$SignString70 will be placed at 8024D2E8 (length = 14 bytes)
$SignString89 will be placed at 8024D2FC (length = 14 bytes)
$SignString88 will be placed at 8024D310 (length = 14 bytes)
$SignString87 will be placed at 8024D324 (length = 14 bytes)
$SignString86 will be placed at 8024D338 (length = 14 bytes)
$SignString85 will be placed at 8024D34C (length = 14 bytes)
$SignString84 will be placed at 8024D360 (length = 14 bytes)
$SignString83 will be placed at 8024D374 (length = 14 bytes)
$SignString82 will be placed at 8024D388 (length = 14 bytes)
$SignString81 will be placed at 8024D39C (length = 14 bytes)
$SignString80 will be placed at 8024D3B0 (length = 14 bytes)
$SignString19 will be placed at 8024D3C4 (length = 14 bytes)
$SignString18 will be placed at 8024D3D8 (length = 14 bytes)
$SignString17 will be placed at 8024D3EC (length = 14 bytes)
$SignString16 will be placed at 8024D400 (length = 14 bytes)
$SignString15 will be placed at 8024D414 (length = 14 bytes)
$SignString14 will be placed at 8024D428 (length = 14 bytes)
$SignString13 will be placed at 8024D43C (length = 14 bytes)
$SignString12 will be placed at 8024D450 (length = 14 bytes)
$SignString11 will be placed at 8024D464 (length = 14 bytes)
$SignString10 will be placed at 8024D478 (length = 14 bytes)
$SignString3 will be placed at 8024D48C (length = 14 bytes)
$SignString2 will be placed at 8024D4A0 (length = 14 bytes)
$SignString5 will be placed at 8024D4B4 (length = 14 bytes)
$SignString4 will be placed at 8024D4C8 (length = 14 bytes)
$SignString7 will be placed at 8024D4DC (length = 14 bytes)
$SignString6 will be placed at 8024D4F0 (length = 14 bytes)
$SignString9 will be placed at 8024D504 (length = 14 bytes)
$SignString8 will be placed at 8024D518 (length = 14 bytes)
$SignString29 will be placed at 8024D52C (length = 14 bytes)
$SignString28 will be placed at 8024D540 (length = 14 bytes)
$SignString27 will be placed at 8024D554 (length = 14 bytes)
$SignString26 will be placed at 8024D568 (length = 14 bytes)
$SignString25 will be placed at 8024D57C (length = 14 bytes)
$SignString24 will be placed at 8024D590 (length = 14 bytes)
$SignString23 will be placed at 8024D5A4 (length = 14 bytes)
$SignString22 will be placed at 8024D5B8 (length = 14 bytes)
$SignString21 will be placed at 8024D5CC (length = 14 bytes)
$SignString20 will be placed at 8024D5E0 (length = 14 bytes)
$SignString will be placed at 8024D5F4 (length = 14 bytes)
$SignString39 will be placed at 8024D608 (length = 14 bytes)
$SignString38 will be placed at 8024D61C (length = 14 bytes)
$SignString37 will be placed at 8024D630 (length = 14 bytes)
$SignString36 will be placed at 8024D644 (length = 14 bytes)
$SignString35 will be placed at 8024D658 (length = 14 bytes)
$SignString34 will be placed at 8024D66C (length = 14 bytes)
$SignString33 will be placed at 8024D680 (length = 14 bytes)
$SignString32 will be placed at 8024D694 (length = 14 bytes)
$SignString31 will be placed at 8024D6A8 (length = 14 bytes)
$SignString30 will be placed at 8024D6BC (length = 14 bytes)
$SignString49 will be placed at 8024D6D0 (length = 14 bytes)
$SignString48 will be placed at 8024D6E4 (length = 14 bytes)
$SignString47 will be placed at 8024D6F8 (length = 14 bytes)
$SignString46 will be placed at 8024D70C (length = 14 bytes)
$SignString45 will be placed at 8024D720 (length = 14 bytes)
$SignString44 will be placed at 8024D734 (length = 14 bytes)
$SignString43 will be placed at 8024D748 (length = 14 bytes)
$SignString42 will be placed at 8024D75C (length = 14 bytes)
$SignString41 will be placed at 8024D770 (length = 14 bytes)
$SignString40 will be placed at 8024D784 (length = 14 bytes)
$ASCII_pit_02_Literal will be placed at 8024D798 (length = C bytes)
$ASCII_pit_90_Literal will be placed at 8024D7A4 (length = C bytes)
$ASCII_pit_34_Literal will be placed at 8024D7B0 (length = C bytes)
$ASCII_pit_66_Literal will be placed at 8024D7BC (length = C bytes)
$ASCII_pit_98_Literal will be placed at 8024D7C8 (length = C bytes)
$ASCII_pit_19_Literal will be placed at 8024D7D4 (length = C bytes)
$ASCII_pit_57_Literal will be placed at 8024D7E0 (length = C bytes)
$ASCII_pit_69_Literal will be placed at 8024D7EC (length = C bytes)
$ASCII_pit_72_Literal will be placed at 8024D7F8 (length = C bytes)
$ASCII_pit_81_Literal will be placed at 8024D804 (length = C bytes)
$ASCII_pit_43_Literal will be placed at 8024D810 (length = C bytes)
$ASCII_pit_28_Literal will be placed at 8024D81C (length = C bytes)
$ASCII_pit_78_Literal will be placed at 8024D828 (length = C bytes)
$ASCII_pit_63_Literal will be placed at 8024D834 (length = C bytes)
$ASCII_pit_46_Literal will be placed at 8024D840 (length = C bytes)
$ASCII_pit_95_Literal will be placed at 8024D84C (length = C bytes)
$ASCII_pit_16_Literal will be placed at 8024D858 (length = C bytes)
$ASCII_pit_37_Literal will be placed at 8024D864 (length = C bytes)
$ASCII_pit_22_Literal will be placed at 8024D870 (length = C bytes)
$ASCII_pit_05_Literal will be placed at 8024D87C (length = C bytes)
$ASCII_pit_25_Literal will be placed at 8024D888 (length = C bytes)
$ASCII_pit_54_Literal will be placed at 8024D894 (length = C bytes)
$ASCII_pit_08_Literal will be placed at 8024D8A0 (length = C bytes)
$ASCII_pit_87_Literal will be placed at 8024D8AC (length = C bytes)
$ASCII_pit_75_Literal will be placed at 8024D8B8 (length = C bytes)
$ASCII_pit_13_Literal will be placed at 8024D8C4 (length = C bytes)
$ASCII_pit_32_Literal will be placed at 8024D8D0 (length = C bytes)
$ASCII_pit_92_Literal will be placed at 8024D8DC (length = C bytes)
$ASCII_pit_17_Literal will be placed at 8024D8E8 (length = C bytes)
$ASCII_pit_49_Literal will be placed at 8024D8F4 (length = C bytes)
$ASCII_pit_77_Literal will be placed at 8024D900 (length = C bytes)
$ASCII_pit_96_Literal will be placed at 8024D90C (length = C bytes)
$ASCII_pit_68_Literal will be placed at 8024D918 (length = C bytes)
$ASCII_pit_51_Literal will be placed at 8024D924 (length = C bytes)
$ASCII_pit_04_Literal will be placed at 8024D930 (length = C bytes)
$ASCII_pit_83_Literal will be placed at 8024D93C (length = C bytes)
$ASCII_pit_86_Literal will be placed at 8024D948 (length = C bytes)
$ASCII_pit_26_Literal will be placed at 8024D954 (length = C bytes)
$ASCII_pit_41_Literal will be placed at 8024D960 (length = C bytes)
$ASCII_pit_14_Literal will be placed at 8024D96C (length = C bytes)
$ASCII_pit_74_Literal will be placed at 8024D978 (length = C bytes)
$ASCII_pit_60_Literal will be placed at 8024D984 (length = C bytes)
$ASCII_pit_59_Literal will be placed at 8024D990 (length = C bytes)
$ASCII_pit_93_Literal will be placed at 8024D99C (length = C bytes)
$ASCII_pit_65_Literal will be placed at 8024D9A8 (length = C bytes)
$ASCII_pit_07_Literal will be placed at 8024D9B4 (length = C bytes)
$ASCII_pit_20_Literal will be placed at 8024D9C0 (length = C bytes)
$ASCII_pit_35_Literal will be placed at 8024D9CC (length = C bytes)
$ASCII_pit_23_Literal will be placed at 8024D9D8 (length = C bytes)
$ASCII_pit_11_Literal will be placed at 8024D9E4 (length = C bytes)
$ASCII_pit_56_Literal will be placed at 8024D9F0 (length = C bytes)
$ASCII_pit_44_Literal will be placed at 8024D9FC (length = C bytes)
$ASCII_pit_89_Literal will be placed at 8024DA08 (length = C bytes)
$ASCII_pit_79_Literal will be placed at 8024DA14 (length = C bytes)
$ASCII_pit_62_Literal will be placed at 8024DA20 (length = C bytes)
$ASCII_pit_94_Literal will be placed at 8024DA2C (length = C bytes)
$ASCII_pit_47_Literal will be placed at 8024DA38 (length = C bytes)
$ASCII_pit_21_Literal will be placed at 8024DA44 (length = C bytes)
$ASCII_pit_06_Literal will be placed at 8024DA50 (length = C bytes)
$ASCII_pit_53_Literal will be placed at 8024DA5C (length = C bytes)
$ASCII_pit_09_Literal will be placed at 8024DA68 (length = C bytes)
$ASCII_pit_88_Literal will be placed at 8024DA74 (length = C bytes)
$ASCII_pit_38_Literal will be placed at 8024DA80 (length = C bytes)
$ASCII_pit_24_Literal will be placed at 8024DA8C (length = C bytes)
$ASCII_pit_12_Literal will be placed at 8024DA98 (length = C bytes)
$ASCII_pit_76_Literal will be placed at 8024DAA4 (length = C bytes)
$ASCII_pit_01_Literal will be placed at 8024DAB0 (length = C bytes)
$ASCII_pit_50_Literal will be placed at 8024DABC (length = C bytes)
$ASCII_pit_33_Literal will be placed at 8024DAC8 (length = C bytes)
$ASCII_pit_99_Literal will be placed at 8024DAD4 (length = C bytes)
$ASCII_pit_67_Literal will be placed at 8024DAE0 (length = C bytes)
$ASCII_pit_71_Literal will be placed at 8024DAEC (length = C bytes)
$ASCII_pit_42_Literal will be placed at 8024DAF8 (length = C bytes)
$ASCII_pit_80_Literal will be placed at 8024DB04 (length = C bytes)
$ASCII_pit_29_Literal will be placed at 8024DB10 (length = C bytes)
$ASCII_pit_58_Literal will be placed at 8024DB1C (length = C bytes)
$ASCII_pit_30_Literal will be placed at 8024DB28 (length = C bytes)
$ASCII_pit_00_Literal will be placed at 8024DB34 (length = C bytes)
$ASCII_pit_64_Literal will be placed at 8024DB40 (length = C bytes)
$ASCII_pit_36_Literal will be placed at 8024DB4C (length = C bytes)
$ASCII_pit_55_Literal will be placed at 8024DB58 (length = C bytes)
$ASCII_pit_10_Literal will be placed at 8024DB64 (length = C bytes)
$ASCII_pit_45_Literal will be placed at 8024DB70 (length = C bytes)
$ASCII_pit_18_Literal will be placed at 8024DB7C (length = C bytes)
$ASCII_pit_48_Literal will be placed at 8024DB88 (length = C bytes)
$ASCII_pit_03_Literal will be placed at 8024DB94 (length = C bytes)
$ASCII_pit_31_Literal will be placed at 8024DBA0 (length = C bytes)
$ASCII_pit_91_Literal will be placed at 8024DBAC (length = C bytes)
$ASCII_pit_97_Literal will be placed at 8024DBB8 (length = C bytes)
$ASCII_pit_82_Literal will be placed at 8024DBC4 (length = C bytes)
$ASCII_pit_52_Literal will be placed at 8024DBD0 (length = C bytes)
$ASCII_pit_70_Literal will be placed at 8024DBDC (length = C bytes)
$ASCII_pit_85_Literal will be placed at 8024DBE8 (length = C bytes)
$ASCII_pit_40_Literal will be placed at 8024DBF4 (length = C bytes)
$ASCII_pit_39_Literal will be placed at 8024DC00 (length = C bytes)
$ASCII_pit_73_Literal will be placed at 8024DC0C (length = C bytes)
$ASCII_pit_15_Literal will be placed at 8024DC18 (length = C bytes)
$ASCII_pit_27_Literal will be placed at 8024DC24 (length = C bytes)
$ASCII_pit_61_Literal will be placed at 8024DC30 (length = C bytes)
$ConstDouble_80242298 will be placed at 8024DC3C (length = 8 bytes)
$ConstDouble_80242290 will be placed at 8024DC44 (length = 8 bytes)
$ASCII_pit_842_Literal will be placed at 8024DC4C (length = 8 bytes)
$ASCII_pit_100_Literal will be placed at 8024DC54 (length = 8 bytes)
$ASCII_tik_tex_Literal will be placed at 8024DC5C (length = 8 bytes)
$MoverCancel will be placed at 8024DC64 (length = 4 bytes)
$BanditMoverCancel will be placed at 8024DC68 (length = 4 bytes)
Executing patch: pit_15.mpat
Loaded map pit_15
Creating struct: $EntryList
Creating struct: $DeepestLevel
Creating struct: $TotalLevels
Creating struct: $LoadHighscores
Creating struct: $FallingDownPipe
Creating struct: $Function_GetPos
Creating struct: $Function2
Creating struct: $SetSpawns
Creating struct: $Script_SetNPCPos
Creating struct: $SwitchPath
Creating struct: $VectorList_80244998
Creating struct: $GetPos
Creating struct: $Function_GetDamageTaken
Creating struct: $Function_ResetDamage
Creating struct: $DispawnParthner
Creating struct: $RespawnParthner
Creating struct: $LoadMap
Creating struct: $Script_LoadMapMover_Roguelike
Creating struct: $GetFloor
Creating struct: $LoadCoinsMover
Creating struct: $LoadMapBandit
Creating struct: $GetFloorBandit
Creating struct: $Script_Init_80243B20
Creating struct: $Script_80243A6C
Creating struct: $Script_AddCoins
Creating struct: $Script_SubstractCoins
Creating struct: $NPC_Settings_Sack
Creating struct: $Script_Init_Bag
Creating struct: $Script_Init_Bag_HitBox
Creating struct: $Script_NPC_SackHit_Init
Creating struct: $Script_NPC_Sack_FX
Creating struct: $NPC_Sack_AnimationStart
Creating struct: $NPC_Sack_AnimationEnd
Creating struct: $Script_SackAnimation_Start_GoToTheRight
Creating struct: $Script_SackAnimation_Start_GoToTheLeft
Creating struct: $Script_SackAnimation_End_Right
Creating struct: $Script_SackAnimation_End_Left
Creating struct: $Function_LoadGainedCoins
Creating struct: $Function_RevivePlayer
Creating struct: $AISettings_MoneySack
Creating struct: $Script_NpcAI_MoneySack
Creating struct: $JumpTable_80242448
Creating struct: $Function_NpcAI_MoneySack
Creating struct: $Function_80240260
Creating struct: $Function_80240844
Creating struct: $Function_802409A8
Creating struct: $Script_TrackPlayer
Creating struct: $Script_PipeAnimation
Creating struct: $Function_SetAnimation
Creating struct: $Function_GetColliderPos
Creating struct: $Function_TrackInput
Creating struct: $GoToNextLevel
Creating struct: $GoToNextLevel_Roguelike
Creating struct: $Script_SetSetsOfLevels
Creating struct: $Script_LoadMap_Roguelike
Creating struct: $Script_LoadChestMap_Roguelike
Creating struct: $Script_LoadMap_Mover_Roguelike
Creating struct: $Script_LoadChestMap_Mover_Roguelike
Creating struct: $GetFloorPit
Creating struct: $GetFloorSign
Creating struct: $Function_GetTattle1
Creating struct: $Function_GetTattle2
Creating struct: $Script_ReadSign
Creating struct: $Header
Creating struct: $Function_Init
Creating struct: $Script_Main
Creating struct: $NpcGroups
Creating struct: $NpcGroup_Mover
Creating struct: $BlankSettings
Creating struct: $Script_Init_Mover
Creating struct: $Interact_Mover
Creating struct: $Script_MoverWarpAnimation
Creating struct: $NpcGroup_BanditMover
Creating struct: $Script_Init_BanditMover
Creating struct: $Interact_BanditMover
Creating struct: $NpcGroup_Enemy1
Creating struct: $NpcGroup_Enemy2
Creating struct: $NpcGroup_Enemy3
Creating struct: $NpcGroup_Enemy4
Creating struct: $NpcGroup_Enemy5
Creating struct: $NpcGroup_Enemy6
Creating struct: $ExtraAnimationList_Enemy1
Creating struct: $NpcSettings_Enemy1
Creating struct: $Script_EnemyAI
Creating struct: $AISettings_Enemy
Creating struct: $ConstDouble_80246CB0
Creating struct: $JumpTable_80246CB8
Creating struct: $Function_80241330
Creating struct: $Function_80240740
Creating struct: $Function_80240970
Creating struct: $Function_80240CA8
Creating struct: $Function_80240D68
Creating struct: $Function_80240F0C
Creating struct: $Function_80240FEC
Creating struct: $Function_802412EC
Creating struct: $Script_DisableEnemyAI
Creating struct: $AISettings_DisableEnemy
Creating struct: $PipeSpawning
Creating struct: $Script_MakeEntities
Creating struct: $CommingDownPipe
Creating struct: $Script_MakeExits
Creating struct: $Script_Exit0
Merged 1 regions to 1
$Script_LoadMap_Mover_Roguelike will be placed at 80240000 (length = F14 bytes)
$LoadMap will be placed at 80240F14 (length = EF4 bytes)
$Script_ReadSign will be placed at 80241E08 (length = EEC bytes)
$LoadMapBandit will be placed at 80242CF4 (length = EA4 bytes)
$Script_LoadMap_Roguelike will be placed at 80243B98 (length = D9C bytes)
$GoToNextLevel will be placed at 80244934 (length = D10 bytes)
$GoToNextLevel_Roguelike will be placed at 80245644 (length = 868 bytes)
$Function_80240260 will be placed at 80245EAC (length = 5E4 bytes)
$SetSpawns will be placed at 80246490 (length = 384 bytes)
$FallingDownPipe will be placed at 80246814 (length = 37C bytes)
$Script_SetSetsOfLevels will be placed at 80246B90 (length = 358 bytes)
$Function_80240970 will be placed at 80246EE8 (length = 33C bytes)
$Function_80240FEC will be placed at 80247224 (length = 300 bytes)
$Script_SetNPCPos will be placed at 80247524 (length = 2F4 bytes)
$Function_NpcAI_MoneySack will be placed at 80247818 (length = 238 bytes)
$Function_80240740 will be placed at 80247A50 (length = 230 bytes)
$Script_SackAnimation_Start_GoToTheRight will be placed at 80247C80 (length = 230 bytes)
$Function_80241330 will be placed at 80247EB0 (length = 224 bytes)
$Script_SackAnimation_Start_GoToTheLeft will be placed at 802480D4 (length = 1F8 bytes)
$Interact_Mover will be placed at 802482CC (length = 1F8 bytes)
$NpcGroup_Enemy3 will be placed at 802484C4 (length = 1F0 bytes)
$NpcGroup_Enemy4 will be placed at 802486B4 (length = 1F0 bytes)
$NpcGroup_Enemy5 will be placed at 802488A4 (length = 1F0 bytes)
$NpcGroup_Enemy6 will be placed at 80248A94 (length = 1F0 bytes)
$NpcGroup_Enemy1 will be placed at 80248C84 (length = 1F0 bytes)
$NpcGroup_Enemy2 will be placed at 80248E74 (length = 1F0 bytes)
$NpcGroup_Mover will be placed at 80249064 (length = 1F0 bytes)
$NpcGroup_BanditMover will be placed at 80249254 (length = 1F0 bytes)
$Interact_BanditMover will be placed at 80249444 (length = 1EC bytes)
$Script_PipeAnimation will be placed at 80249630 (length = 1D0 bytes)
$Function_80240D68 will be placed at 80249800 (length = 1A4 bytes)
$JumpTable_80242448 will be placed at 802499A4 (length = 190 bytes)
$Script_LoadChestMap_Mover_Roguelike will be placed at 80249B34 (length = 18C bytes)
$PipeSpawning will be placed at 80249CC0 (length = 178 bytes)
$NPC_Sack_AnimationStart will be placed at 80249E38 (length = 168 bytes)
$Function_80240844 will be placed at 80249FA0 (length = 164 bytes)
$Script_LoadChestMap_Roguelike will be placed at 8024A104 (length = 164 bytes)
$Script_NPC_SackHit_Init will be placed at 8024A268 (length = 160 bytes)
$Script_SackAnimation_End_Right will be placed at 8024A3C8 (length = 158 bytes)
$Script_SackAnimation_End_Left will be placed at 8024A520 (length = 150 bytes)
$MapTattle5 will be placed at 8024A670 (length = 13C bytes)
$MapTattle4 will be placed at 8024A7AC (length = 130 bytes)
$GetFloor will be placed at 8024A8DC (length = 12C bytes)
$BanditMover_Tattle will be placed at 8024AA08 (length = 124 bytes)
$Script_Main will be placed at 8024AB2C (length = 120 bytes)
$Script_80243A6C will be placed at 8024AC4C (length = 114 bytes)
$Script_SubstractCoins will be placed at 8024AD60 (length = 10C bytes)
$Script_LoadMapMover_Roguelike will be placed at 8024AE6C (length = 104 bytes)
$GetFloorBandit will be placed at 8024AF70 (length = F4 bytes)
$Script_MoverWarpAnimation will be placed at 8024B064 (length = F0 bytes)
$Function_80240F0C will be placed at 8024B154 (length = E0 bytes)
$Function_GetColliderPos will be placed at 8024B234 (length = E0 bytes)
$Function_GetPos will be placed at 8024B314 (length = E0 bytes)
$Script_TrackPlayer will be placed at 8024B3F4 (length = DC bytes)
$MapTattle2 will be placed at 8024B4D0 (length = D4 bytes)
$Function_80240CA8 will be placed at 8024B5A4 (length = C0 bytes)
$Function_TrackInput will be placed at 8024B664 (length = BC bytes)
$MapTattle3 will be placed at 8024B720 (length = B0 bytes)
$Script_MakeEntities will be placed at 8024B7D0 (length = A8 bytes)
$MapTattle1 will be placed at 8024B878 (length = A8 bytes)
$Script_NpcAI_MoneySack will be placed at 8024B920 (length = A8 bytes)
$MoverStart will be placed at 8024B9C8 (length = A4 bytes)
$SwitchPath will be placed at 8024BA6C (length = A4 bytes)
$Script_NPC_Sack_FX will be placed at 8024BB10 (length = A4 bytes)
$GetPos will be placed at 8024BBB4 (length = 9C bytes)
$Script_AddCoins will be placed at 8024BC50 (length = 98 bytes)
$BanditMoverStart will be placed at 8024BCE8 (length = 98 bytes)
$Mover_Tattle will be placed at 8024BD80 (length = 94 bytes)
$Function_GetTattle1 will be placed at 8024BE14 (length = 8C bytes)
$NPC_Sack_AnimationEnd will be placed at 8024BEA0 (length = 84 bytes)
$BanditMover_Options will be placed at 8024BF24 (length = 80 bytes)
$SignStringBug will be placed at 8024BFA4 (length = 7C bytes)
$LoadHighscores will be placed at 8024C020 (length = 7C bytes)
$Mover_Options will be placed at 8024C09C (length = 78 bytes)
$NpcGroups will be placed at 8024C114 (length = 6C bytes)
$DeepestLevel will be placed at 8024C180 (length = 6C bytes)
$Function2 will be placed at 8024C1EC (length = 6C bytes)
$LoadCoinsMover will be placed at 8024C258 (length = 6C bytes)
$Function_SetAnimation will be placed at 8024C2C4 (length = 6C bytes)
$GetFloorPit will be placed at 8024C330 (length = 68 bytes)
$MoverEnd will be placed at 8024C398 (length = 68 bytes)
$BanditMoverEnd will be placed at 8024C400 (length = 68 bytes)
$GetFloorSign will be placed at 8024C468 (length = 64 bytes)
$BanditMoverNoCoins will be placed at 8024C4CC (length = 58 bytes)
$MoverNoCoins will be placed at 8024C524 (length = 58 bytes)
$Function_GetTattle2 will be placed at 8024C57C (length = 48 bytes)
$CommingDownPipe will be placed at 8024C5C4 (length = 48 bytes)
$Script_Exit0 will be placed at 8024C60C (length = 48 bytes)
$Function_LoadGainedCoins will be placed at 8024C654 (length = 48 bytes)
$Function_Init will be placed at 8024C69C (length = 44 bytes)
$Function_802412EC will be placed at 8024C6E0 (length = 44 bytes)
$Function_802409A8 will be placed at 8024C724 (length = 44 bytes)
$Header will be placed at 8024C768 (length = 40 bytes)
$JumpTable_80246CB8 will be placed at 8024C7A8 (length = 3C bytes)
$Script_EnemyAI will be placed at 8024C7E4 (length = 3C bytes)
$Script_Init_Bag will be placed at 8024C820 (length = 38 bytes)
$TotalLevels will be placed at 8024C858 (length = 38 bytes)
$Script_Init_Bag_HitBox will be placed at 8024C890 (length = 38 bytes)
$DispawnParthner will be placed at 8024C8C8 (length = 34 bytes)
$Function_ResetDamage will be placed at 8024C8FC (length = 34 bytes)
$AISettings_MoneySack will be placed at 8024C930 (length = 30 bytes)
$AISettings_Enemy will be placed at 8024C960 (length = 30 bytes)
$AISettings_DisableEnemy will be placed at 8024C990 (length = 30 bytes)
$RespawnParthner will be placed at 8024C9C0 (length = 30 bytes)
$NPC_Settings_Sack will be placed at 8024C9F0 (length = 2C bytes)
$Function_GetDamageTaken will be placed at 8024CA1C (length = 2C bytes)
$NpcSettings_Enemy1 will be placed at 8024CA48 (length = 2C bytes)
$Function_RevivePlayer will be placed at 8024CA74 (length = 2C bytes)
$String_CoinsGained will be placed at 8024CAA0 (length = 2C bytes)
$BlankSettings will be placed at 8024CACC (length = 2C bytes)
$Script_MakeExits will be placed at 8024CAF8 (length = 2C bytes)
$VectorList_80244998 will be placed at 8024CB24 (length = 24 bytes)
$Script_Init_80243B20 will be placed at 8024CB48 (length = 24 bytes)
$Script_Init_Mover will be placed at 8024CB6C (length = 24 bytes)
$Script_Init_BanditMover will be placed at 8024CB90 (length = 24 bytes)
$Script_DisableEnemyAI will be placed at 8024CBB4 (length = 20 bytes)
$EntryList will be placed at 8024CBD4 (length = 20 bytes)
$SignString100 will be placed at 8024CBF4 (length = 18 bytes)
$ExtraAnimationList_Enemy1 will be placed at 8024CC0C (length = 14 bytes)
$SignString1 will be placed at 8024CC20 (length = 14 bytes)
$SignString99 will be placed at 8024CC34 (length = 14 bytes)
$SignString98 will be placed at 8024CC48 (length = 14 bytes)
$SignString97 will be placed at 8024CC5C (length = 14 bytes)
$SignString96 will be placed at 8024CC70 (length = 14 bytes)
$SignString95 will be placed at 8024CC84 (length = 14 bytes)
$SignString94 will be placed at 8024CC98 (length = 14 bytes)
$SignString93 will be placed at 8024CCAC (length = 14 bytes)
$SignString92 will be placed at 8024CCC0 (length = 14 bytes)
$SignString91 will be placed at 8024CCD4 (length = 14 bytes)
$SignString90 will be placed at 8024CCE8 (length = 14 bytes)
$SignString59 will be placed at 8024CCFC (length = 14 bytes)
$SignString58 will be placed at 8024CD10 (length = 14 bytes)
$SignString57 will be placed at 8024CD24 (length = 14 bytes)
$SignString56 will be placed at 8024CD38 (length = 14 bytes)
$SignString55 will be placed at 8024CD4C (length = 14 bytes)
$SignString54 will be placed at 8024CD60 (length = 14 bytes)
$SignString53 will be placed at 8024CD74 (length = 14 bytes)
$SignString52 will be placed at 8024CD88 (length = 14 bytes)
$SignString51 will be placed at 8024CD9C (length = 14 bytes)
$SignString50 will be placed at 8024CDB0 (length = 14 bytes)
$SignString69 will be placed at 8024CDC4 (length = 14 bytes)
$SignString68 will be placed at 8024CDD8 (length = 14 bytes)
$SignString67 will be placed at 8024CDEC (length = 14 bytes)
$SignString66 will be placed at 8024CE00 (length = 14 bytes)
$SignString65 will be placed at 8024CE14 (length = 14 bytes)
$SignString64 will be placed at 8024CE28 (length = 14 bytes)
$SignString63 will be placed at 8024CE3C (length = 14 bytes)
$SignString62 will be placed at 8024CE50 (length = 14 bytes)
$SignString61 will be placed at 8024CE64 (length = 14 bytes)
$SignString60 will be placed at 8024CE78 (length = 14 bytes)
$SignString79 will be placed at 8024CE8C (length = 14 bytes)
$SignString78 will be placed at 8024CEA0 (length = 14 bytes)
$SignString77 will be placed at 8024CEB4 (length = 14 bytes)
$SignString76 will be placed at 8024CEC8 (length = 14 bytes)
$SignString75 will be placed at 8024CEDC (length = 14 bytes)
$SignString74 will be placed at 8024CEF0 (length = 14 bytes)
$SignString73 will be placed at 8024CF04 (length = 14 bytes)
$SignString72 will be placed at 8024CF18 (length = 14 bytes)
$SignString71 will be placed at 8024CF2C (length = 14 bytes)
$SignString70 will be placed at 8024CF40 (length = 14 bytes)
$SignString89 will be placed at 8024CF54 (length = 14 bytes)
$SignString88 will be placed at 8024CF68 (length = 14 bytes)
$SignString87 will be placed at 8024CF7C (length = 14 bytes)
$SignString86 will be placed at 8024CF90 (length = 14 bytes)
$SignString85 will be placed at 8024CFA4 (length = 14 bytes)
$SignString84 will be placed at 8024CFB8 (length = 14 bytes)
$SignString83 will be placed at 8024CFCC (length = 14 bytes)
$SignString82 will be placed at 8024CFE0 (length = 14 bytes)
$SignString81 will be placed at 8024CFF4 (length = 14 bytes)
$SignString80 will be placed at 8024D008 (length = 14 bytes)
$SignString19 will be placed at 8024D01C (length = 14 bytes)
$SignString18 will be placed at 8024D030 (length = 14 bytes)
$SignString17 will be placed at 8024D044 (length = 14 bytes)
$SignString16 will be placed at 8024D058 (length = 14 bytes)
$SignString15 will be placed at 8024D06C (length = 14 bytes)
$SignString14 will be placed at 8024D080 (length = 14 bytes)
$SignString13 will be placed at 8024D094 (length = 14 bytes)
$SignString12 will be placed at 8024D0A8 (length = 14 bytes)
$SignString11 will be placed at 8024D0BC (length = 14 bytes)
$SignString10 will be placed at 8024D0D0 (length = 14 bytes)
$SignString3 will be placed at 8024D0E4 (length = 14 bytes)
$SignString2 will be placed at 8024D0F8 (length = 14 bytes)
$SignString5 will be placed at 8024D10C (length = 14 bytes)
$SignString4 will be placed at 8024D120 (length = 14 bytes)
$SignString7 will be placed at 8024D134 (length = 14 bytes)
$SignString6 will be placed at 8024D148 (length = 14 bytes)
$SignString9 will be placed at 8024D15C (length = 14 bytes)
$SignString8 will be placed at 8024D170 (length = 14 bytes)
$SignString29 will be placed at 8024D184 (length = 14 bytes)
$SignString28 will be placed at 8024D198 (length = 14 bytes)
$SignString27 will be placed at 8024D1AC (length = 14 bytes)
$SignString26 will be placed at 8024D1C0 (length = 14 bytes)
$SignString25 will be placed at 8024D1D4 (length = 14 bytes)
$SignString24 will be placed at 8024D1E8 (length = 14 bytes)
$SignString23 will be placed at 8024D1FC (length = 14 bytes)
$SignString22 will be placed at 8024D210 (length = 14 bytes)
$SignString21 will be placed at 8024D224 (length = 14 bytes)
$SignString20 will be placed at 8024D238 (length = 14 bytes)
$SignString will be placed at 8024D24C (length = 14 bytes)
$SignString39 will be placed at 8024D260 (length = 14 bytes)
$SignString38 will be placed at 8024D274 (length = 14 bytes)
$SignString37 will be placed at 8024D288 (length = 14 bytes)
$SignString36 will be placed at 8024D29C (length = 14 bytes)
$SignString35 will be placed at 8024D2B0 (length = 14 bytes)
$SignString34 will be placed at 8024D2C4 (length = 14 bytes)
$SignString33 will be placed at 8024D2D8 (length = 14 bytes)
$SignString32 will be placed at 8024D2EC (length = 14 bytes)
$SignString31 will be placed at 8024D300 (length = 14 bytes)
$SignString30 will be placed at 8024D314 (length = 14 bytes)
$SignString49 will be placed at 8024D328 (length = 14 bytes)
$SignString48 will be placed at 8024D33C (length = 14 bytes)
$SignString47 will be placed at 8024D350 (length = 14 bytes)
$SignString46 will be placed at 8024D364 (length = 14 bytes)
$SignString45 will be placed at 8024D378 (length = 14 bytes)
$SignString44 will be placed at 8024D38C (length = 14 bytes)
$SignString43 will be placed at 8024D3A0 (length = 14 bytes)
$SignString42 will be placed at 8024D3B4 (length = 14 bytes)
$SignString41 will be placed at 8024D3C8 (length = 14 bytes)
$SignString40 will be placed at 8024D3DC (length = 14 bytes)
$ASCII_pit_02_Literal will be placed at 8024D3F0 (length = C bytes)
$ASCII_pit_90_Literal will be placed at 8024D3FC (length = C bytes)
$ASCII_pit_34_Literal will be placed at 8024D408 (length = C bytes)
$ASCII_pit_66_Literal will be placed at 8024D414 (length = C bytes)
$ASCII_pit_98_Literal will be placed at 8024D420 (length = C bytes)
$ASCII_pit_19_Literal will be placed at 8024D42C (length = C bytes)
$ASCII_pit_57_Literal will be placed at 8024D438 (length = C bytes)
$ASCII_pit_69_Literal will be placed at 8024D444 (length = C bytes)
$ASCII_pit_72_Literal will be placed at 8024D450 (length = C bytes)
$ASCII_pit_81_Literal will be placed at 8024D45C (length = C bytes)
$ASCII_pit_43_Literal will be placed at 8024D468 (length = C bytes)
$ASCII_pit_28_Literal will be placed at 8024D474 (length = C bytes)
$ASCII_pit_78_Literal will be placed at 8024D480 (length = C bytes)
$ASCII_pit_63_Literal will be placed at 8024D48C (length = C bytes)
$ASCII_pit_46_Literal will be placed at 8024D498 (length = C bytes)
$ASCII_pit_95_Literal will be placed at 8024D4A4 (length = C bytes)
$ASCII_pit_16_Literal will be placed at 8024D4B0 (length = C bytes)
$ASCII_pit_37_Literal will be placed at 8024D4BC (length = C bytes)
$ASCII_pit_22_Literal will be placed at 8024D4C8 (length = C bytes)
$ASCII_pit_05_Literal will be placed at 8024D4D4 (length = C bytes)
$ASCII_pit_25_Literal will be placed at 8024D4E0 (length = C bytes)
$ASCII_pit_54_Literal will be placed at 8024D4EC (length = C bytes)
$ASCII_pit_08_Literal will be placed at 8024D4F8 (length = C bytes)
$ASCII_pit_87_Literal will be placed at 8024D504 (length = C bytes)
$ASCII_pit_75_Literal will be placed at 8024D510 (length = C bytes)
$ASCII_pit_13_Literal will be placed at 8024D51C (length = C bytes)
$ASCII_pit_32_Literal will be placed at 8024D528 (length = C bytes)
$ASCII_pit_92_Literal will be placed at 8024D534 (length = C bytes)
$ASCII_pit_17_Literal will be placed at 8024D540 (length = C bytes)
$ASCII_pit_49_Literal will be placed at 8024D54C (length = C bytes)
$ASCII_pit_77_Literal will be placed at 8024D558 (length = C bytes)
$ASCII_pit_96_Literal will be placed at 8024D564 (length = C bytes)
$ASCII_pit_68_Literal will be placed at 8024D570 (length = C bytes)
$ASCII_pit_51_Literal will be placed at 8024D57C (length = C bytes)
$ASCII_pit_04_Literal will be placed at 8024D588 (length = C bytes)
$ASCII_pit_83_Literal will be placed at 8024D594 (length = C bytes)
$ASCII_pit_86_Literal will be placed at 8024D5A0 (length = C bytes)
$ASCII_pit_26_Literal will be placed at 8024D5AC (length = C bytes)
$ASCII_pit_41_Literal will be placed at 8024D5B8 (length = C bytes)
$ASCII_pit_14_Literal will be placed at 8024D5C4 (length = C bytes)
$ASCII_pit_74_Literal will be placed at 8024D5D0 (length = C bytes)
$ASCII_pit_60_Literal will be placed at 8024D5DC (length = C bytes)
$ASCII_pit_59_Literal will be placed at 8024D5E8 (length = C bytes)
$ASCII_pit_93_Literal will be placed at 8024D5F4 (length = C bytes)
$ASCII_pit_65_Literal will be placed at 8024D600 (length = C bytes)
$ASCII_pit_07_Literal will be placed at 8024D60C (length = C bytes)
$ASCII_pit_20_Literal will be placed at 8024D618 (length = C bytes)
$ASCII_pit_35_Literal will be placed at 8024D624 (length = C bytes)
$ASCII_pit_23_Literal will be placed at 8024D630 (length = C bytes)
$ASCII_pit_11_Literal will be placed at 8024D63C (length = C bytes)
$ASCII_pit_56_Literal will be placed at 8024D648 (length = C bytes)
$ASCII_pit_44_Literal will be placed at 8024D654 (length = C bytes)
$ASCII_pit_89_Literal will be placed at 8024D660 (length = C bytes)
$ASCII_pit_79_Literal will be placed at 8024D66C (length = C bytes)
$ASCII_pit_62_Literal will be placed at 8024D678 (length = C bytes)
$ASCII_pit_94_Literal will be placed at 8024D684 (length = C bytes)
$ASCII_pit_47_Literal will be placed at 8024D690 (length = C bytes)
$ASCII_pit_21_Literal will be placed at 8024D69C (length = C bytes)
$ASCII_pit_06_Literal will be placed at 8024D6A8 (length = C bytes)
$ASCII_pit_53_Literal will be placed at 8024D6B4 (length = C bytes)
$ASCII_pit_09_Literal will be placed at 8024D6C0 (length = C bytes)
$ASCII_pit_88_Literal will be placed at 8024D6CC (length = C bytes)
$ASCII_pit_38_Literal will be placed at 8024D6D8 (length = C bytes)
$ASCII_pit_24_Literal will be placed at 8024D6E4 (length = C bytes)
$ASCII_pit_12_Literal will be placed at 8024D6F0 (length = C bytes)
$ASCII_pit_76_Literal will be placed at 8024D6FC (length = C bytes)
$ASCII_pit_01_Literal will be placed at 8024D708 (length = C bytes)
$ASCII_pit_50_Literal will be placed at 8024D714 (length = C bytes)
$ASCII_pit_33_Literal will be placed at 8024D720 (length = C bytes)
$ASCII_pit_99_Literal will be placed at 8024D72C (length = C bytes)
$ASCII_pit_67_Literal will be placed at 8024D738 (length = C bytes)
$ASCII_pit_71_Literal will be placed at 8024D744 (length = C bytes)
$ASCII_pit_42_Literal will be placed at 8024D750 (length = C bytes)
$ASCII_pit_80_Literal will be placed at 8024D75C (length = C bytes)
$ASCII_pit_29_Literal will be placed at 8024D768 (length = C bytes)
$ASCII_pit_58_Literal will be placed at 8024D774 (length = C bytes)
$ASCII_pit_30_Literal will be placed at 8024D780 (length = C bytes)
$ASCII_pit_00_Literal will be placed at 8024D78C (length = C bytes)
$ASCII_pit_64_Literal will be placed at 8024D798 (length = C bytes)
$ASCII_pit_36_Literal will be placed at 8024D7A4 (length = C bytes)
$ASCII_pit_55_Literal will be placed at 8024D7B0 (length = C bytes)
$ASCII_pit_10_Literal will be placed at 8024D7BC (length = C bytes)
$ASCII_pit_45_Literal will be placed at 8024D7C8 (length = C bytes)
$ASCII_pit_18_Literal will be placed at 8024D7D4 (length = C bytes)
$ASCII_pit_48_Literal will be placed at 8024D7E0 (length = C bytes)
$ASCII_pit_03_Literal will be placed at 8024D7EC (length = C bytes)
$ASCII_pit_31_Literal will be placed at 8024D7F8 (length = C bytes)
$ASCII_pit_91_Literal will be placed at 8024D804 (length = C bytes)
$ASCII_pit_97_Literal will be placed at 8024D810 (length = C bytes)
$ASCII_pit_82_Literal will be placed at 8024D81C (length = C bytes)
$ASCII_pit_52_Literal will be placed at 8024D828 (length = C bytes)
$ASCII_pit_70_Literal will be placed at 8024D834 (length = C bytes)
$ASCII_pit_85_Literal will be placed at 8024D840 (length = C bytes)
$ASCII_pit_40_Literal will be placed at 8024D84C (length = C bytes)
$ASCII_pit_39_Literal will be placed at 8024D858 (length = C bytes)
$ASCII_pit_73_Literal will be placed at 8024D864 (length = C bytes)
$ASCII_pit_15_Literal will be placed at 8024D870 (length = C bytes)
$ASCII_pit_27_Literal will be placed at 8024D87C (length = C bytes)
$ASCII_pit_61_Literal will be placed at 8024D888 (length = C bytes)
$ConstDouble_80246CB0 will be placed at 8024D894 (length = 8 bytes)
$ASCII_pit_842_Literal will be placed at 8024D89C (length = 8 bytes)
$ASCII_pit_100_Literal will be placed at 8024D8A4 (length = 8 bytes)
$ASCII_tik_tex_Literal will be placed at 8024D8AC (length = 8 bytes)
$MoverCancel will be placed at 8024D8B4 (length = 4 bytes)
$BanditMoverCancel will be placed at 8024D8B8 (length = 4 bytes)
Executing patch: pit_16.mpat
Loaded map pit_11
Creating struct: $EntryList
Creating struct: $DeepestLevel
Creating struct: $TotalLevels
Creating struct: $LoadHighscores
Creating struct: $FallingDownPipe
Creating struct: $Function_GetPos
Creating struct: $Function2
Creating struct: $SetSpawns
Creating struct: $Script_SetNPCPos
Creating struct: $SwitchPath
Creating struct: $VectorList_80244998
Creating struct: $GetPos
Creating struct: $Function_GetDamageTaken
Creating struct: $Function_ResetDamage
Creating struct: $DispawnParthner
Creating struct: $RespawnParthner
Creating struct: $LoadMap
Creating struct: $Script_LoadMapMover_Roguelike
Creating struct: $GetFloor
Creating struct: $LoadCoinsMover
Creating struct: $LoadMapBandit
Creating struct: $GetFloorBandit
Creating struct: $Script_Init_80243B20
Creating struct: $Script_80243A6C
Creating struct: $Script_AddCoins
Creating struct: $Script_SubstractCoins
Creating struct: $NPC_Settings_Sack
Creating struct: $Script_Init_Bag
Creating struct: $Script_Init_Bag_HitBox
Creating struct: $Script_NPC_SackHit_Init
Creating struct: $Script_NPC_Sack_FX
Creating struct: $NPC_Sack_AnimationStart
Creating struct: $NPC_Sack_AnimationEnd
Creating struct: $Script_SackAnimation_Start_GoToTheRight
Creating struct: $Script_SackAnimation_Start_GoToTheLeft
Creating struct: $Script_SackAnimation_End_Right
Creating struct: $Script_SackAnimation_End_Left
Creating struct: $Function_LoadGainedCoins
Creating struct: $Function_RevivePlayer
Creating struct: $AISettings_MoneySack
Creating struct: $Script_NpcAI_MoneySack
Creating struct: $JumpTable_80242448
Creating struct: $Function_NpcAI_MoneySack
Creating struct: $Function_80240260
Creating struct: $Function_80240844
Creating struct: $Function_802409A8
Creating struct: $Script_TrackPlayer
Creating struct: $Script_PipeAnimation
Creating struct: $Function_SetAnimation
Creating struct: $Function_GetColliderPos
Creating struct: $Function_TrackInput
Creating struct: $GoToNextLevel
Creating struct: $GoToNextLevel_Roguelike
Creating struct: $Script_SetSetsOfLevels
Creating struct: $Script_LoadMap_Roguelike
Creating struct: $Script_LoadChestMap_Roguelike
Creating struct: $Script_LoadMap_Mover_Roguelike
Creating struct: $Script_LoadChestMap_Mover_Roguelike
Creating struct: $GetFloorPit
Creating struct: $GetFloorSign
Creating struct: $Function_GetTattle1
Creating struct: $Function_GetTattle2
Creating struct: $Script_ReadSign
Creating struct: $Header
Creating struct: $Function_Init
Creating struct: $Script_Main
Creating struct: $NpcGroups
Creating struct: $NpcGroup_Mover
Creating struct: $BlankSettings
Creating struct: $Script_Init_Mover
Creating struct: $Interact_Mover
Creating struct: $Script_MoverWarpAnimation
Creating struct: $NpcGroup_BanditMover
Creating struct: $Script_Init_BanditMover
Creating struct: $Interact_BanditMover
Creating struct: $NpcGroup_Enemy1
Creating struct: $NpcGroup_Enemy2
Creating struct: $NpcGroup_Enemy3
Creating struct: $NpcGroup_Enemy4
Creating struct: $NpcGroup_Enemy5
Creating struct: $NpcGroup_Enemy6
Creating struct: $NpcSettings_Enemy1
Creating struct: $Script_EnemyAI
Creating struct: $AISettings_Enemy
Creating struct: $ConstDouble_802471E0
Creating struct: $JumpTable_802471E8
Creating struct: $Function_802406A4
Creating struct: $Function_80240310
Creating struct: $Function_8024038C
Creating struct: $Function_802404C0
Creating struct: $Function_80240624
Creating struct: $Script_DisableEnemyAI
Creating struct: $AISettings_DisableEnemy
Creating struct: $PipeSpawning
Creating struct: $Script_MakeEntities
Creating struct: $CommingDownPipe
Creating struct: $Script_MakeExits
Creating struct: $Script_Exit0
Merged 1 regions to 1
$Script_LoadMap_Mover_Roguelike will be placed at 80240000 (length = F14 bytes)
$LoadMap will be placed at 80240F14 (length = EF4 bytes)
$Script_ReadSign will be placed at 80241E08 (length = EEC bytes)
$LoadMapBandit will be placed at 80242CF4 (length = EA4 bytes)
$Script_LoadMap_Roguelike will be placed at 80243B98 (length = D9C bytes)
$GoToNextLevel will be placed at 80244934 (length = D10 bytes)
$GoToNextLevel_Roguelike will be placed at 80245644 (length = 868 bytes)
$Function_80240260 will be placed at 80245EAC (length = 5E4 bytes)
$Function_802406A4 will be placed at 80246490 (length = 440 bytes)
$SetSpawns will be placed at 802468D0 (length = 384 bytes)
$FallingDownPipe will be placed at 80246C54 (length = 37C bytes)
$Script_SetSetsOfLevels will be placed at 80246FD0 (length = 358 bytes)
$Script_SetNPCPos will be placed at 80247328 (length = 2F4 bytes)
$Function_NpcAI_MoneySack will be placed at 8024761C (length = 238 bytes)
$Script_SackAnimation_Start_GoToTheRight will be placed at 80247854 (length = 230 bytes)
$Script_SackAnimation_Start_GoToTheLeft will be placed at 80247A84 (length = 1F8 bytes)
$Interact_Mover will be placed at 80247C7C (length = 1F8 bytes)
$NpcGroup_Enemy3 will be placed at 80247E74 (length = 1F0 bytes)
$NpcGroup_Enemy4 will be placed at 80248064 (length = 1F0 bytes)
$NpcGroup_Enemy5 will be placed at 80248254 (length = 1F0 bytes)
$NpcGroup_Enemy6 will be placed at 80248444 (length = 1F0 bytes)
$NpcGroup_Enemy1 will be placed at 80248634 (length = 1F0 bytes)
$NpcGroup_Enemy2 will be placed at 80248824 (length = 1F0 bytes)
$NpcGroup_Mover will be placed at 80248A14 (length = 1F0 bytes)
$NpcGroup_BanditMover will be placed at 80248C04 (length = 1F0 bytes)
$Interact_BanditMover will be placed at 80248DF4 (length = 1EC bytes)
$Script_PipeAnimation will be placed at 80248FE0 (length = 1D0 bytes)
$JumpTable_80242448 will be placed at 802491B0 (length = 190 bytes)
$Script_LoadChestMap_Mover_Roguelike will be placed at 80249340 (length = 18C bytes)
$PipeSpawning will be placed at 802494CC (length = 178 bytes)
$NPC_Sack_AnimationStart will be placed at 80249644 (length = 168 bytes)
$Function_80240844 will be placed at 802497AC (length = 164 bytes)
$Script_LoadChestMap_Roguelike will be placed at 80249910 (length = 164 bytes)
$Function_802404C0 will be placed at 80249A74 (length = 164 bytes)
$Script_NPC_SackHit_Init will be placed at 80249BD8 (length = 160 bytes)
$Script_SackAnimation_End_Right will be placed at 80249D38 (length = 158 bytes)
$Script_SackAnimation_End_Left will be placed at 80249E90 (length = 150 bytes)
$MapTattle5 will be placed at 80249FE0 (length = 13C bytes)
$Function_8024038C will be placed at 8024A11C (length = 138 bytes)
$MapTattle4 will be placed at 8024A254 (length = 130 bytes)
$GetFloor will be placed at 8024A384 (length = 12C bytes)
$BanditMover_Tattle will be placed at 8024A4B0 (length = 124 bytes)
$Script_Main will be placed at 8024A5D4 (length = 120 bytes)
$Script_80243A6C will be placed at 8024A6F4 (length = 114 bytes)
$Script_SubstractCoins will be placed at 8024A808 (length = 10C bytes)
$Script_LoadMapMover_Roguelike will be placed at 8024A914 (length = 104 bytes)
$GetFloorBandit will be placed at 8024AA18 (length = F4 bytes)
$Script_MoverWarpAnimation will be placed at 8024AB0C (length = F0 bytes)
$Function_GetColliderPos will be placed at 8024ABFC (length = E0 bytes)
$Function_GetPos will be placed at 8024ACDC (length = E0 bytes)
$Script_TrackPlayer will be placed at 8024ADBC (length = DC bytes)
$MapTattle2 will be placed at 8024AE98 (length = D4 bytes)
$Function_TrackInput will be placed at 8024AF6C (length = BC bytes)
$MapTattle3 will be placed at 8024B028 (length = B0 bytes)
$Script_MakeEntities will be placed at 8024B0D8 (length = A8 bytes)
$MapTattle1 will be placed at 8024B180 (length = A8 bytes)
$Script_NpcAI_MoneySack will be placed at 8024B228 (length = A8 bytes)
$MoverStart will be placed at 8024B2D0 (length = A4 bytes)
$SwitchPath will be placed at 8024B374 (length = A4 bytes)
$Script_NPC_Sack_FX will be placed at 8024B418 (length = A4 bytes)
$GetPos will be placed at 8024B4BC (length = 9C bytes)
$Script_AddCoins will be placed at 8024B558 (length = 98 bytes)
$BanditMoverStart will be placed at 8024B5F0 (length = 98 bytes)
$Mover_Tattle will be placed at 8024B688 (length = 94 bytes)
$Function_GetTattle1 will be placed at 8024B71C (length = 8C bytes)
$NPC_Sack_AnimationEnd will be placed at 8024B7A8 (length = 84 bytes)
$Function_80240624 will be placed at 8024B82C (length = 80 bytes)
$BanditMover_Options will be placed at 8024B8AC (length = 80 bytes)
$SignStringBug will be placed at 8024B92C (length = 7C bytes)
$Function_80240310 will be placed at 8024B9A8 (length = 7C bytes)
$LoadHighscores will be placed at 8024BA24 (length = 7C bytes)
$Mover_Options will be placed at 8024BAA0 (length = 78 bytes)
$Script_EnemyAI will be placed at 8024BB18 (length = 70 bytes)
$NpcGroups will be placed at 8024BB88 (length = 6C bytes)
$DeepestLevel will be placed at 8024BBF4 (length = 6C bytes)
$Function2 will be placed at 8024BC60 (length = 6C bytes)
$LoadCoinsMover will be placed at 8024BCCC (length = 6C bytes)
$Function_SetAnimation will be placed at 8024BD38 (length = 6C bytes)
$GetFloorPit will be placed at 8024BDA4 (length = 68 bytes)
$MoverEnd will be placed at 8024BE0C (length = 68 bytes)
$BanditMoverEnd will be placed at 8024BE74 (length = 68 bytes)
$GetFloorSign will be placed at 8024BEDC (length = 64 bytes)
$BanditMoverNoCoins will be placed at 8024BF40 (length = 58 bytes)
$MoverNoCoins will be placed at 8024BF98 (length = 58 bytes)
$JumpTable_802471E8 will be placed at 8024BFF0 (length = 54 bytes)
$Function_GetTattle2 will be placed at 8024C044 (length = 48 bytes)
$CommingDownPipe will be placed at 8024C08C (length = 48 bytes)
$Script_Exit0 will be placed at 8024C0D4 (length = 48 bytes)
$Function_LoadGainedCoins will be placed at 8024C11C (length = 48 bytes)
$Function_Init will be placed at 8024C164 (length = 44 bytes)
$Function_802409A8 will be placed at 8024C1A8 (length = 44 bytes)
$Header will be placed at 8024C1EC (length = 40 bytes)
$Script_Init_Bag will be placed at 8024C22C (length = 38 bytes)
$TotalLevels will be placed at 8024C264 (length = 38 bytes)
$Script_Init_Bag_HitBox will be placed at 8024C29C (length = 38 bytes)
$DispawnParthner will be placed at 8024C2D4 (length = 34 bytes)
$Function_ResetDamage will be placed at 8024C308 (length = 34 bytes)
$AISettings_MoneySack will be placed at 8024C33C (length = 30 bytes)
$AISettings_Enemy will be placed at 8024C36C (length = 30 bytes)
$AISettings_DisableEnemy will be placed at 8024C39C (length = 30 bytes)
$RespawnParthner will be placed at 8024C3CC (length = 30 bytes)
$NPC_Settings_Sack will be placed at 8024C3FC (length = 2C bytes)
$Function_GetDamageTaken will be placed at 8024C428 (length = 2C bytes)
$NpcSettings_Enemy1 will be placed at 8024C454 (length = 2C bytes)
$Function_RevivePlayer will be placed at 8024C480 (length = 2C bytes)
$String_CoinsGained will be placed at 8024C4AC (length = 2C bytes)
$BlankSettings will be placed at 8024C4D8 (length = 2C bytes)
$Script_MakeExits will be placed at 8024C504 (length = 2C bytes)
$VectorList_80244998 will be placed at 8024C530 (length = 24 bytes)
$Script_Init_80243B20 will be placed at 8024C554 (length = 24 bytes)
$Script_Init_Mover will be placed at 8024C578 (length = 24 bytes)
$Script_Init_BanditMover will be placed at 8024C59C (length = 24 bytes)
$Script_DisableEnemyAI will be placed at 8024C5C0 (length = 20 bytes)
$EntryList will be placed at 8024C5E0 (length = 20 bytes)
$SignString100 will be placed at 8024C600 (length = 18 bytes)
$SignString1 will be placed at 8024C618 (length = 14 bytes)
$SignString99 will be placed at 8024C62C (length = 14 bytes)
$SignString98 will be placed at 8024C640 (length = 14 bytes)
$SignString97 will be placed at 8024C654 (length = 14 bytes)
$SignString96 will be placed at 8024C668 (length = 14 bytes)
$SignString95 will be placed at 8024C67C (length = 14 bytes)
$SignString94 will be placed at 8024C690 (length = 14 bytes)
$SignString93 will be placed at 8024C6A4 (length = 14 bytes)
$SignString92 will be placed at 8024C6B8 (length = 14 bytes)
$SignString91 will be placed at 8024C6CC (length = 14 bytes)
$SignString90 will be placed at 8024C6E0 (length = 14 bytes)
$SignString59 will be placed at 8024C6F4 (length = 14 bytes)
$SignString58 will be placed at 8024C708 (length = 14 bytes)
$SignString57 will be placed at 8024C71C (length = 14 bytes)
$SignString56 will be placed at 8024C730 (length = 14 bytes)
$SignString55 will be placed at 8024C744 (length = 14 bytes)
$SignString54 will be placed at 8024C758 (length = 14 bytes)
$SignString53 will be placed at 8024C76C (length = 14 bytes)
$SignString52 will be placed at 8024C780 (length = 14 bytes)
$SignString51 will be placed at 8024C794 (length = 14 bytes)
$SignString50 will be placed at 8024C7A8 (length = 14 bytes)
$SignString69 will be placed at 8024C7BC (length = 14 bytes)
$SignString68 will be placed at 8024C7D0 (length = 14 bytes)
$SignString67 will be placed at 8024C7E4 (length = 14 bytes)
$SignString66 will be placed at 8024C7F8 (length = 14 bytes)
$SignString65 will be placed at 8024C80C (length = 14 bytes)
$SignString64 will be placed at 8024C820 (length = 14 bytes)
$SignString63 will be placed at 8024C834 (length = 14 bytes)
$SignString62 will be placed at 8024C848 (length = 14 bytes)
$SignString61 will be placed at 8024C85C (length = 14 bytes)
$SignString60 will be placed at 8024C870 (length = 14 bytes)
$SignString79 will be placed at 8024C884 (length = 14 bytes)
$SignString78 will be placed at 8024C898 (length = 14 bytes)
$SignString77 will be placed at 8024C8AC (length = 14 bytes)
$SignString76 will be placed at 8024C8C0 (length = 14 bytes)
$SignString75 will be placed at 8024C8D4 (length = 14 bytes)
$SignString74 will be placed at 8024C8E8 (length = 14 bytes)
$SignString73 will be placed at 8024C8FC (length = 14 bytes)
$SignString72 will be placed at 8024C910 (length = 14 bytes)
$SignString71 will be placed at 8024C924 (length = 14 bytes)
$SignString70 will be placed at 8024C938 (length = 14 bytes)
$SignString89 will be placed at 8024C94C (length = 14 bytes)
$SignString88 will be placed at 8024C960 (length = 14 bytes)
$SignString87 will be placed at 8024C974 (length = 14 bytes)
$SignString86 will be placed at 8024C988 (length = 14 bytes)
$SignString85 will be placed at 8024C99C (length = 14 bytes)
$SignString84 will be placed at 8024C9B0 (length = 14 bytes)
$SignString83 will be placed at 8024C9C4 (length = 14 bytes)
$SignString82 will be placed at 8024C9D8 (length = 14 bytes)
$SignString81 will be placed at 8024C9EC (length = 14 bytes)
$SignString80 will be placed at 8024CA00 (length = 14 bytes)
$SignString19 will be placed at 8024CA14 (length = 14 bytes)
$SignString18 will be placed at 8024CA28 (length = 14 bytes)
$SignString17 will be placed at 8024CA3C (length = 14 bytes)
$SignString16 will be placed at 8024CA50 (length = 14 bytes)
$SignString15 will be placed at 8024CA64 (length = 14 bytes)
$SignString14 will be placed at 8024CA78 (length = 14 bytes)
$SignString13 will be placed at 8024CA8C (length = 14 bytes)
$SignString12 will be placed at 8024CAA0 (length = 14 bytes)
$SignString11 will be placed at 8024CAB4 (length = 14 bytes)
$SignString10 will be placed at 8024CAC8 (length = 14 bytes)
$SignString3 will be placed at 8024CADC (length = 14 bytes)
$SignString2 will be placed at 8024CAF0 (length = 14 bytes)
$SignString5 will be placed at 8024CB04 (length = 14 bytes)
$SignString4 will be placed at 8024CB18 (length = 14 bytes)
$SignString7 will be placed at 8024CB2C (length = 14 bytes)
$SignString6 will be placed at 8024CB40 (length = 14 bytes)
$SignString9 will be placed at 8024CB54 (length = 14 bytes)
$SignString8 will be placed at 8024CB68 (length = 14 bytes)
$SignString29 will be placed at 8024CB7C (length = 14 bytes)
$SignString28 will be placed at 8024CB90 (length = 14 bytes)
$SignString27 will be placed at 8024CBA4 (length = 14 bytes)
$SignString26 will be placed at 8024CBB8 (length = 14 bytes)
$SignString25 will be placed at 8024CBCC (length = 14 bytes)
$SignString24 will be placed at 8024CBE0 (length = 14 bytes)
$SignString23 will be placed at 8024CBF4 (length = 14 bytes)
$SignString22 will be placed at 8024CC08 (length = 14 bytes)
$SignString21 will be placed at 8024CC1C (length = 14 bytes)
$SignString20 will be placed at 8024CC30 (length = 14 bytes)
$SignString will be placed at 8024CC44 (length = 14 bytes)
$SignString39 will be placed at 8024CC58 (length = 14 bytes)
$SignString38 will be placed at 8024CC6C (length = 14 bytes)
$SignString37 will be placed at 8024CC80 (length = 14 bytes)
$SignString36 will be placed at 8024CC94 (length = 14 bytes)
$SignString35 will be placed at 8024CCA8 (length = 14 bytes)
$SignString34 will be placed at 8024CCBC (length = 14 bytes)
$SignString33 will be placed at 8024CCD0 (length = 14 bytes)
$SignString32 will be placed at 8024CCE4 (length = 14 bytes)
$SignString31 will be placed at 8024CCF8 (length = 14 bytes)
$SignString30 will be placed at 8024CD0C (length = 14 bytes)
$SignString49 will be placed at 8024CD20 (length = 14 bytes)
$SignString48 will be placed at 8024CD34 (length = 14 bytes)
$SignString47 will be placed at 8024CD48 (length = 14 bytes)
$SignString46 will be placed at 8024CD5C (length = 14 bytes)
$SignString45 will be placed at 8024CD70 (length = 14 bytes)
$SignString44 will be placed at 8024CD84 (length = 14 bytes)
$SignString43 will be placed at 8024CD98 (length = 14 bytes)
$SignString42 will be placed at 8024CDAC (length = 14 bytes)
$SignString41 will be placed at 8024CDC0 (length = 14 bytes)
$SignString40 will be placed at 8024CDD4 (length = 14 bytes)
$ASCII_pit_02_Literal will be placed at 8024CDE8 (length = C bytes)
$ASCII_pit_90_Literal will be placed at 8024CDF4 (length = C bytes)
$ASCII_pit_34_Literal will be placed at 8024CE00 (length = C bytes)
$ASCII_pit_66_Literal will be placed at 8024CE0C (length = C bytes)
$ASCII_pit_98_Literal will be placed at 8024CE18 (length = C bytes)
$ASCII_pit_19_Literal will be placed at 8024CE24 (length = C bytes)
$ASCII_pit_57_Literal will be placed at 8024CE30 (length = C bytes)
$ASCII_pit_69_Literal will be placed at 8024CE3C (length = C bytes)
$ASCII_pit_72_Literal will be placed at 8024CE48 (length = C bytes)
$ASCII_pit_81_Literal will be placed at 8024CE54 (length = C bytes)
$ASCII_pit_43_Literal will be placed at 8024CE60 (length = C bytes)
$ASCII_pit_28_Literal will be placed at 8024CE6C (length = C bytes)
$ASCII_pit_78_Literal will be placed at 8024CE78 (length = C bytes)
$ASCII_pit_63_Literal will be placed at 8024CE84 (length = C bytes)
$ASCII_pit_46_Literal will be placed at 8024CE90 (length = C bytes)
$ASCII_pit_95_Literal will be placed at 8024CE9C (length = C bytes)
$ASCII_pit_16_Literal will be placed at 8024CEA8 (length = C bytes)
$ASCII_pit_37_Literal will be placed at 8024CEB4 (length = C bytes)
$ASCII_pit_22_Literal will be placed at 8024CEC0 (length = C bytes)
$ASCII_pit_05_Literal will be placed at 8024CECC (length = C bytes)
$ASCII_pit_25_Literal will be placed at 8024CED8 (length = C bytes)
$ASCII_pit_54_Literal will be placed at 8024CEE4 (length = C bytes)
$ASCII_pit_08_Literal will be placed at 8024CEF0 (length = C bytes)
$ASCII_pit_87_Literal will be placed at 8024CEFC (length = C bytes)
$ASCII_pit_75_Literal will be placed at 8024CF08 (length = C bytes)
$ASCII_pit_13_Literal will be placed at 8024CF14 (length = C bytes)
$ASCII_pit_32_Literal will be placed at 8024CF20 (length = C bytes)
$ASCII_pit_92_Literal will be placed at 8024CF2C (length = C bytes)
$ASCII_pit_17_Literal will be placed at 8024CF38 (length = C bytes)
$ASCII_pit_49_Literal will be placed at 8024CF44 (length = C bytes)
$ASCII_pit_77_Literal will be placed at 8024CF50 (length = C bytes)
$ASCII_pit_96_Literal will be placed at 8024CF5C (length = C bytes)
$ASCII_pit_68_Literal will be placed at 8024CF68 (length = C bytes)
$ASCII_pit_51_Literal will be placed at 8024CF74 (length = C bytes)
$ASCII_pit_04_Literal will be placed at 8024CF80 (length = C bytes)
$ASCII_pit_83_Literal will be placed at 8024CF8C (length = C bytes)
$ASCII_pit_86_Literal will be placed at 8024CF98 (length = C bytes)
$ASCII_pit_26_Literal will be placed at 8024CFA4 (length = C bytes)
$ASCII_pit_41_Literal will be placed at 8024CFB0 (length = C bytes)
$ASCII_pit_14_Literal will be placed at 8024CFBC (length = C bytes)
$ASCII_pit_74_Literal will be placed at 8024CFC8 (length = C bytes)
$ASCII_pit_60_Literal will be placed at 8024CFD4 (length = C bytes)
$ASCII_pit_59_Literal will be placed at 8024CFE0 (length = C bytes)
$ASCII_pit_93_Literal will be placed at 8024CFEC (length = C bytes)
$ASCII_pit_65_Literal will be placed at 8024CFF8 (length = C bytes)
$ASCII_pit_07_Literal will be placed at 8024D004 (length = C bytes)
$ASCII_pit_20_Literal will be placed at 8024D010 (length = C bytes)
$ASCII_pit_35_Literal will be placed at 8024D01C (length = C bytes)
$ASCII_pit_23_Literal will be placed at 8024D028 (length = C bytes)
$ASCII_pit_11_Literal will be placed at 8024D034 (length = C bytes)
$ASCII_pit_56_Literal will be placed at 8024D040 (length = C bytes)
$ASCII_pit_44_Literal will be placed at 8024D04C (length = C bytes)
$ASCII_pit_89_Literal will be placed at 8024D058 (length = C bytes)
$ASCII_pit_79_Literal will be placed at 8024D064 (length = C bytes)
$ASCII_pit_62_Literal will be placed at 8024D070 (length = C bytes)
$ASCII_pit_94_Literal will be placed at 8024D07C (length = C bytes)
$ASCII_pit_47_Literal will be placed at 8024D088 (length = C bytes)
$ASCII_pit_21_Literal will be placed at 8024D094 (length = C bytes)
$ASCII_pit_06_Literal will be placed at 8024D0A0 (length = C bytes)
$ASCII_pit_53_Literal will be placed at 8024D0AC (length = C bytes)
$ASCII_pit_09_Literal will be placed at 8024D0B8 (length = C bytes)
$ASCII_pit_88_Literal will be placed at 8024D0C4 (length = C bytes)
$ASCII_pit_38_Literal will be placed at 8024D0D0 (length = C bytes)
$ASCII_pit_24_Literal will be placed at 8024D0DC (length = C bytes)
$ASCII_pit_12_Literal will be placed at 8024D0E8 (length = C bytes)
$ASCII_pit_76_Literal will be placed at 8024D0F4 (length = C bytes)
$ASCII_pit_01_Literal will be placed at 8024D100 (length = C bytes)
$ASCII_pit_50_Literal will be placed at 8024D10C (length = C bytes)
$ASCII_pit_33_Literal will be placed at 8024D118 (length = C bytes)
$ASCII_pit_99_Literal will be placed at 8024D124 (length = C bytes)
$ASCII_pit_67_Literal will be placed at 8024D130 (length = C bytes)
$ASCII_pit_71_Literal will be placed at 8024D13C (length = C bytes)
$ASCII_pit_42_Literal will be placed at 8024D148 (length = C bytes)
$ASCII_pit_80_Literal will be placed at 8024D154 (length = C bytes)
$ASCII_pit_29_Literal will be placed at 8024D160 (length = C bytes)
$ASCII_pit_58_Literal will be placed at 8024D16C (length = C bytes)
$ASCII_pit_30_Literal will be placed at 8024D178 (length = C bytes)
$ASCII_pit_00_Literal will be placed at 8024D184 (length = C bytes)
$ASCII_pit_64_Literal will be placed at 8024D190 (length = C bytes)
$ASCII_pit_36_Literal will be placed at 8024D19C (length = C bytes)
$ASCII_pit_55_Literal will be placed at 8024D1A8 (length = C bytes)
$ASCII_pit_10_Literal will be placed at 8024D1B4 (length = C bytes)
$ASCII_pit_45_Literal will be placed at 8024D1C0 (length = C bytes)
$ASCII_pit_18_Literal will be placed at 8024D1CC (length = C bytes)
$ASCII_pit_48_Literal will be placed at 8024D1D8 (length = C bytes)
$ASCII_pit_03_Literal will be placed at 8024D1E4 (length = C bytes)
$ASCII_pit_31_Literal will be placed at 8024D1F0 (length = C bytes)
$ASCII_pit_91_Literal will be placed at 8024D1FC (length = C bytes)
$ASCII_pit_97_Literal will be placed at 8024D208 (length = C bytes)
$ASCII_pit_82_Literal will be placed at 8024D214 (length = C bytes)
$ASCII_pit_52_Literal will be placed at 8024D220 (length = C bytes)
$ASCII_pit_70_Literal will be placed at 8024D22C (length = C bytes)
$ASCII_pit_85_Literal will be placed at 8024D238 (length = C bytes)
$ASCII_pit_40_Literal will be placed at 8024D244 (length = C bytes)
$ASCII_pit_39_Literal will be placed at 8024D250 (length = C bytes)
$ASCII_pit_73_Literal will be placed at 8024D25C (length = C bytes)
$ASCII_pit_15_Literal will be placed at 8024D268 (length = C bytes)
$ASCII_pit_27_Literal will be placed at 8024D274 (length = C bytes)
$ASCII_pit_61_Literal will be placed at 8024D280 (length = C bytes)
$ConstDouble_802471E0 will be placed at 8024D28C (length = 8 bytes)
$ASCII_pit_842_Literal will be placed at 8024D294 (length = 8 bytes)
$ASCII_pit_100_Literal will be placed at 8024D29C (length = 8 bytes)
$ASCII_tik_tex_Literal will be placed at 8024D2A4 (length = 8 bytes)
$MoverCancel will be placed at 8024D2AC (length = 4 bytes)
$BanditMoverCancel will be placed at 8024D2B0 (length = 4 bytes)
Executing patch: pit_17.mpat
Loaded map pit_01
Creating struct: $EntryList
Creating struct: $DeepestLevel
Creating struct: $TotalLevels
Creating struct: $LoadHighscores
Creating struct: $FallingDownPipe
Creating struct: $Function_GetPos
Creating struct: $Function2
Creating struct: $SetSpawns
Creating struct: $Script_SetNPCPos
Creating struct: $SwitchPath
Creating struct: $VectorList_80244998
Creating struct: $GetPos
Creating struct: $Function_GetDamageTaken
Creating struct: $Function_ResetDamage
Creating struct: $DispawnParthner
Creating struct: $RespawnParthner
Creating struct: $LoadMap
Creating struct: $Script_LoadMapMover_Roguelike
Creating struct: $GetFloor
Creating struct: $LoadCoinsMover
Creating struct: $LoadMapBandit
Creating struct: $GetFloorBandit
Creating struct: $Script_Init_80243B20
Creating struct: $Script_80243A6C
Creating struct: $Script_AddCoins
Creating struct: $Script_SubstractCoins
Creating struct: $NPC_Settings_Sack
Creating struct: $Script_Init_Bag
Creating struct: $Script_Init_Bag_HitBox
Creating struct: $Script_NPC_SackHit_Init
Creating struct: $Script_NPC_Sack_FX
Creating struct: $NPC_Sack_AnimationStart
Creating struct: $NPC_Sack_AnimationEnd
Creating struct: $Script_SackAnimation_Start_GoToTheRight
Creating struct: $Script_SackAnimation_Start_GoToTheLeft
Creating struct: $Script_SackAnimation_End_Right
Creating struct: $Script_SackAnimation_End_Left
Creating struct: $Function_LoadGainedCoins
Creating struct: $Function_RevivePlayer
Creating struct: $AISettings_MoneySack
Creating struct: $Script_NpcAI_MoneySack
Creating struct: $JumpTable_80242448
Creating struct: $Function_NpcAI_MoneySack
Creating struct: $Function_80240260
Creating struct: $Function_80240844
Creating struct: $Function_802409A8
Creating struct: $Script_TrackPlayer
Creating struct: $Script_PipeAnimation
Creating struct: $Function_SetAnimation
Creating struct: $Function_GetColliderPos
Creating struct: $Function_TrackInput
Creating struct: $GoToNextLevel
Creating struct: $GoToNextLevel_Roguelike
Creating struct: $Script_SetSetsOfLevels
Creating struct: $Script_LoadMap_Roguelike
Creating struct: $Script_LoadChestMap_Roguelike
Creating struct: $Script_LoadMap_Mover_Roguelike
Creating struct: $Script_LoadChestMap_Mover_Roguelike
Creating struct: $GetFloorPit
Creating struct: $GetFloorSign
Creating struct: $Function_GetTattle1
Creating struct: $Function_GetTattle2
Creating struct: $Script_ReadSign
Creating struct: $Header
Creating struct: $Function_Init
Creating struct: $Script_Main
Creating struct: $NpcGroups
Creating struct: $NpcGroup_Mover
Creating struct: $BlankSettings
Creating struct: $Script_Init_Mover
Creating struct: $Interact_Mover
Creating struct: $Script_MoverWarpAnimation
Creating struct: $NpcGroup_BanditMover
Creating struct: $Script_Init_BanditMover
Creating struct: $Interact_BanditMover
Creating struct: $NpcGroup_Enemy1
Creating struct: $NpcGroup_Enemy2
Creating struct: $NpcGroup_Enemy3
Creating struct: $NpcGroup_Enemy4
Creating struct: $NpcGroup_Enemy5
Creating struct: $NpcGroup_Enemy6
Creating struct: $NpcSettings_Enemy1
Creating struct: $Script_EnemyAI
Creating struct: $AISettings_Enemy
Creating struct: $Script_DisableEnemyAI
Creating struct: $AISettings_DisableEnemy
Creating struct: $PipeSpawning
Creating struct: $Script_MakeEntities
Creating struct: $CommingDownPipe
Creating struct: $Script_MakeExits
Creating struct: $Script_Exit0
Merged 1 regions to 1
$Script_LoadMap_Mover_Roguelike will be placed at 80240000 (length = F14 bytes)
$LoadMap will be placed at 80240F14 (length = EF4 bytes)
$Script_ReadSign will be placed at 80241E08 (length = EEC bytes)
$LoadMapBandit will be placed at 80242CF4 (length = EA4 bytes)
$Script_LoadMap_Roguelike will be placed at 80243B98 (length = D9C bytes)
$GoToNextLevel will be placed at 80244934 (length = D10 bytes)
$GoToNextLevel_Roguelike will be placed at 80245644 (length = 868 bytes)
$Function_80240260 will be placed at 80245EAC (length = 5E4 bytes)
$SetSpawns will be placed at 80246490 (length = 384 bytes)
$FallingDownPipe will be placed at 80246814 (length = 37C bytes)
$Script_SetSetsOfLevels will be placed at 80246B90 (length = 358 bytes)
$Script_SetNPCPos will be placed at 80246EE8 (length = 2F4 bytes)
$Function_NpcAI_MoneySack will be placed at 802471DC (length = 238 bytes)
$Script_SackAnimation_Start_GoToTheRight will be placed at 80247414 (length = 230 bytes)
$Script_SackAnimation_Start_GoToTheLeft will be placed at 80247644 (length = 1F8 bytes)
$Interact_Mover will be placed at 8024783C (length = 1F8 bytes)
$NpcGroup_Enemy3 will be placed at 80247A34 (length = 1F0 bytes)
$NpcGroup_Enemy4 will be placed at 80247C24 (length = 1F0 bytes)
$NpcGroup_Enemy5 will be placed at 80247E14 (length = 1F0 bytes)
$NpcGroup_Enemy6 will be placed at 80248004 (length = 1F0 bytes)
$NpcGroup_Enemy1 will be placed at 802481F4 (length = 1F0 bytes)
$NpcGroup_Enemy2 will be placed at 802483E4 (length = 1F0 bytes)
$NpcGroup_Mover will be placed at 802485D4 (length = 1F0 bytes)
$NpcGroup_BanditMover will be placed at 802487C4 (length = 1F0 bytes)
$Interact_BanditMover will be placed at 802489B4 (length = 1EC bytes)
$Script_PipeAnimation will be placed at 80248BA0 (length = 1D0 bytes)
$JumpTable_80242448 will be placed at 80248D70 (length = 190 bytes)
$Script_LoadChestMap_Mover_Roguelike will be placed at 80248F00 (length = 18C bytes)
$PipeSpawning will be placed at 8024908C (length = 178 bytes)
$NPC_Sack_AnimationStart will be placed at 80249204 (length = 168 bytes)
$Function_80240844 will be placed at 8024936C (length = 164 bytes)
$Script_LoadChestMap_Roguelike will be placed at 802494D0 (length = 164 bytes)
$Script_NPC_SackHit_Init will be placed at 80249634 (length = 160 bytes)
$Script_SackAnimation_End_Right will be placed at 80249794 (length = 158 bytes)
$Script_SackAnimation_End_Left will be placed at 802498EC (length = 150 bytes)
$MapTattle5 will be placed at 80249A3C (length = 13C bytes)
$MapTattle4 will be placed at 80249B78 (length = 130 bytes)
$GetFloor will be placed at 80249CA8 (length = 12C bytes)
$BanditMover_Tattle will be placed at 80249DD4 (length = 124 bytes)
$Script_Main will be placed at 80249EF8 (length = 120 bytes)
$Script_80243A6C will be placed at 8024A018 (length = 114 bytes)
$Script_SubstractCoins will be placed at 8024A12C (length = 10C bytes)
$Script_LoadMapMover_Roguelike will be placed at 8024A238 (length = 104 bytes)
$GetFloorBandit will be placed at 8024A33C (length = F4 bytes)
$Script_MoverWarpAnimation will be placed at 8024A430 (length = F0 bytes)
$Function_GetColliderPos will be placed at 8024A520 (length = E0 bytes)
$Function_GetPos will be placed at 8024A600 (length = E0 bytes)
$Script_TrackPlayer will be placed at 8024A6E0 (length = DC bytes)
$MapTattle2 will be placed at 8024A7BC (length = D4 bytes)
$Function_TrackInput will be placed at 8024A890 (length = BC bytes)
$MapTattle3 will be placed at 8024A94C (length = B0 bytes)
$Script_MakeEntities will be placed at 8024A9FC (length = A8 bytes)
$MapTattle1 will be placed at 8024AAA4 (length = A8 bytes)
$Script_NpcAI_MoneySack will be placed at 8024AB4C (length = A8 bytes)
$MoverStart will be placed at 8024ABF4 (length = A4 bytes)
$SwitchPath will be placed at 8024AC98 (length = A4 bytes)
$Script_NPC_Sack_FX will be placed at 8024AD3C (length = A4 bytes)
$GetPos will be placed at 8024ADE0 (length = 9C bytes)
$Script_AddCoins will be placed at 8024AE7C (length = 98 bytes)
$BanditMoverStart will be placed at 8024AF14 (length = 98 bytes)
$Mover_Tattle will be placed at 8024AFAC (length = 94 bytes)
$Function_GetTattle1 will be placed at 8024B040 (length = 8C bytes)
$NPC_Sack_AnimationEnd will be placed at 8024B0CC (length = 84 bytes)
$BanditMover_Options will be placed at 8024B150 (length = 80 bytes)
$SignStringBug will be placed at 8024B1D0 (length = 7C bytes)
$LoadHighscores will be placed at 8024B24C (length = 7C bytes)
$Mover_Options will be placed at 8024B2C8 (length = 78 bytes)
$NpcGroups will be placed at 8024B340 (length = 6C bytes)
$DeepestLevel will be placed at 8024B3AC (length = 6C bytes)
$Function2 will be placed at 8024B418 (length = 6C bytes)
$LoadCoinsMover will be placed at 8024B484 (length = 6C bytes)
$Function_SetAnimation will be placed at 8024B4F0 (length = 6C bytes)
$GetFloorPit will be placed at 8024B55C (length = 68 bytes)
$MoverEnd will be placed at 8024B5C4 (length = 68 bytes)
$BanditMoverEnd will be placed at 8024B62C (length = 68 bytes)
$GetFloorSign will be placed at 8024B694 (length = 64 bytes)
$BanditMoverNoCoins will be placed at 8024B6F8 (length = 58 bytes)
$MoverNoCoins will be placed at 8024B750 (length = 58 bytes)
$Function_GetTattle2 will be placed at 8024B7A8 (length = 48 bytes)
$CommingDownPipe will be placed at 8024B7F0 (length = 48 bytes)
$Script_Exit0 will be placed at 8024B838 (length = 48 bytes)
$Function_LoadGainedCoins will be placed at 8024B880 (length = 48 bytes)
$Function_Init will be placed at 8024B8C8 (length = 44 bytes)
$Function_802409A8 will be placed at 8024B90C (length = 44 bytes)
$Header will be placed at 8024B950 (length = 40 bytes)
$Script_Init_Bag will be placed at 8024B990 (length = 38 bytes)
$TotalLevels will be placed at 8024B9C8 (length = 38 bytes)
$Script_Init_Bag_HitBox will be placed at 8024BA00 (length = 38 bytes)
$DispawnParthner will be placed at 8024BA38 (length = 34 bytes)
$Function_ResetDamage will be placed at 8024BA6C (length = 34 bytes)
$AISettings_MoneySack will be placed at 8024BAA0 (length = 30 bytes)
$AISettings_Enemy will be placed at 8024BAD0 (length = 30 bytes)
$AISettings_DisableEnemy will be placed at 8024BB00 (length = 30 bytes)
$RespawnParthner will be placed at 8024BB30 (length = 30 bytes)
$NPC_Settings_Sack will be placed at 8024BB60 (length = 2C bytes)
$Function_GetDamageTaken will be placed at 8024BB8C (length = 2C bytes)
$NpcSettings_Enemy1 will be placed at 8024BBB8 (length = 2C bytes)
$Function_RevivePlayer will be placed at 8024BBE4 (length = 2C bytes)
$String_CoinsGained will be placed at 8024BC10 (length = 2C bytes)
$BlankSettings will be placed at 8024BC3C (length = 2C bytes)
$Script_MakeExits will be placed at 8024BC68 (length = 2C bytes)
$VectorList_80244998 will be placed at 8024BC94 (length = 24 bytes)
$Script_Init_80243B20 will be placed at 8024BCB8 (length = 24 bytes)
$Script_Init_Mover will be placed at 8024BCDC (length = 24 bytes)
$Script_Init_BanditMover will be placed at 8024BD00 (length = 24 bytes)
$Script_DisableEnemyAI will be placed at 8024BD24 (length = 20 bytes)
$EntryList will be placed at 8024BD44 (length = 20 bytes)
$Script_EnemyAI will be placed at 8024BD64 (length = 20 bytes)
$SignString100 will be placed at 8024BD84 (length = 18 bytes)
$SignString1 will be placed at 8024BD9C (length = 14 bytes)
$SignString99 will be placed at 8024BDB0 (length = 14 bytes)
$SignString98 will be placed at 8024BDC4 (length = 14 bytes)
$SignString97 will be placed at 8024BDD8 (length = 14 bytes)
$SignString96 will be placed at 8024BDEC (length = 14 bytes)
$SignString95 will be placed at 8024BE00 (length = 14 bytes)
$SignString94 will be placed at 8024BE14 (length = 14 bytes)
$SignString93 will be placed at 8024BE28 (length = 14 bytes)
$SignString92 will be placed at 8024BE3C (length = 14 bytes)
$SignString91 will be placed at 8024BE50 (length = 14 bytes)
$SignString90 will be placed at 8024BE64 (length = 14 bytes)
$SignString59 will be placed at 8024BE78 (length = 14 bytes)
$SignString58 will be placed at 8024BE8C (length = 14 bytes)
$SignString57 will be placed at 8024BEA0 (length = 14 bytes)
$SignString56 will be placed at 8024BEB4 (length = 14 bytes)
$SignString55 will be placed at 8024BEC8 (length = 14 bytes)
$SignString54 will be placed at 8024BEDC (length = 14 bytes)
$SignString53 will be placed at 8024BEF0 (length = 14 bytes)
$SignString52 will be placed at 8024BF04 (length = 14 bytes)
$SignString51 will be placed at 8024BF18 (length = 14 bytes)
$SignString50 will be placed at 8024BF2C (length = 14 bytes)
$SignString69 will be placed at 8024BF40 (length = 14 bytes)
$SignString68 will be placed at 8024BF54 (length = 14 bytes)
$SignString67 will be placed at 8024BF68 (length = 14 bytes)
$SignString66 will be placed at 8024BF7C (length = 14 bytes)
$SignString65 will be placed at 8024BF90 (length = 14 bytes)
$SignString64 will be placed at 8024BFA4 (length = 14 bytes)
$SignString63 will be placed at 8024BFB8 (length = 14 bytes)
$SignString62 will be placed at 8024BFCC (length = 14 bytes)
$SignString61 will be placed at 8024BFE0 (length = 14 bytes)
$SignString60 will be placed at 8024BFF4 (length = 14 bytes)
$SignString79 will be placed at 8024C008 (length = 14 bytes)
$SignString78 will be placed at 8024C01C (length = 14 bytes)
$SignString77 will be placed at 8024C030 (length = 14 bytes)
$SignString76 will be placed at 8024C044 (length = 14 bytes)
$SignString75 will be placed at 8024C058 (length = 14 bytes)
$SignString74 will be placed at 8024C06C (length = 14 bytes)
$SignString73 will be placed at 8024C080 (length = 14 bytes)
$SignString72 will be placed at 8024C094 (length = 14 bytes)
$SignString71 will be placed at 8024C0A8 (length = 14 bytes)
$SignString70 will be placed at 8024C0BC (length = 14 bytes)
$SignString89 will be placed at 8024C0D0 (length = 14 bytes)
$SignString88 will be placed at 8024C0E4 (length = 14 bytes)
$SignString87 will be placed at 8024C0F8 (length = 14 bytes)
$SignString86 will be placed at 8024C10C (length = 14 bytes)
$SignString85 will be placed at 8024C120 (length = 14 bytes)
$SignString84 will be placed at 8024C134 (length = 14 bytes)
$SignString83 will be placed at 8024C148 (length = 14 bytes)
$SignString82 will be placed at 8024C15C (length = 14 bytes)
$SignString81 will be placed at 8024C170 (length = 14 bytes)
$SignString80 will be placed at 8024C184 (length = 14 bytes)
$SignString19 will be placed at 8024C198 (length = 14 bytes)
$SignString18 will be placed at 8024C1AC (length = 14 bytes)
$SignString17 will be placed at 8024C1C0 (length = 14 bytes)
$SignString16 will be placed at 8024C1D4 (length = 14 bytes)
$SignString15 will be placed at 8024C1E8 (length = 14 bytes)
$SignString14 will be placed at 8024C1FC (length = 14 bytes)
$SignString13 will be placed at 8024C210 (length = 14 bytes)
$SignString12 will be placed at 8024C224 (length = 14 bytes)
$SignString11 will be placed at 8024C238 (length = 14 bytes)
$SignString10 will be placed at 8024C24C (length = 14 bytes)
$SignString3 will be placed at 8024C260 (length = 14 bytes)
$SignString2 will be placed at 8024C274 (length = 14 bytes)
$SignString5 will be placed at 8024C288 (length = 14 bytes)
$SignString4 will be placed at 8024C29C (length = 14 bytes)
$SignString7 will be placed at 8024C2B0 (length = 14 bytes)
$SignString6 will be placed at 8024C2C4 (length = 14 bytes)
$SignString9 will be placed at 8024C2D8 (length = 14 bytes)
$SignString8 will be placed at 8024C2EC (length = 14 bytes)
$SignString29 will be placed at 8024C300 (length = 14 bytes)
$SignString28 will be placed at 8024C314 (length = 14 bytes)
$SignString27 will be placed at 8024C328 (length = 14 bytes)
$SignString26 will be placed at 8024C33C (length = 14 bytes)
$SignString25 will be placed at 8024C350 (length = 14 bytes)
$SignString24 will be placed at 8024C364 (length = 14 bytes)
$SignString23 will be placed at 8024C378 (length = 14 bytes)
$SignString22 will be placed at 8024C38C (length = 14 bytes)
$SignString21 will be placed at 8024C3A0 (length = 14 bytes)
$SignString20 will be placed at 8024C3B4 (length = 14 bytes)
$SignString will be placed at 8024C3C8 (length = 14 bytes)
$SignString39 will be placed at 8024C3DC (length = 14 bytes)
$SignString38 will be placed at 8024C3F0 (length = 14 bytes)
$SignString37 will be placed at 8024C404 (length = 14 bytes)
$SignString36 will be placed at 8024C418 (length = 14 bytes)
$SignString35 will be placed at 8024C42C (length = 14 bytes)
$SignString34 will be placed at 8024C440 (length = 14 bytes)
$SignString33 will be placed at 8024C454 (length = 14 bytes)
$SignString32 will be placed at 8024C468 (length = 14 bytes)
$SignString31 will be placed at 8024C47C (length = 14 bytes)
$SignString30 will be placed at 8024C490 (length = 14 bytes)
$SignString49 will be placed at 8024C4A4 (length = 14 bytes)
$SignString48 will be placed at 8024C4B8 (length = 14 bytes)
$SignString47 will be placed at 8024C4CC (length = 14 bytes)
$SignString46 will be placed at 8024C4E0 (length = 14 bytes)
$SignString45 will be placed at 8024C4F4 (length = 14 bytes)
$SignString44 will be placed at 8024C508 (length = 14 bytes)
$SignString43 will be placed at 8024C51C (length = 14 bytes)
$SignString42 will be placed at 8024C530 (length = 14 bytes)
$SignString41 will be placed at 8024C544 (length = 14 bytes)
$SignString40 will be placed at 8024C558 (length = 14 bytes)
$ASCII_pit_02_Literal will be placed at 8024C56C (length = C bytes)
$ASCII_pit_90_Literal will be placed at 8024C578 (length = C bytes)
$ASCII_pit_34_Literal will be placed at 8024C584 (length = C bytes)
$ASCII_pit_66_Literal will be placed at 8024C590 (length = C bytes)
$ASCII_pit_98_Literal will be placed at 8024C59C (length = C bytes)
$ASCII_pit_19_Literal will be placed at 8024C5A8 (length = C bytes)
$ASCII_pit_57_Literal will be placed at 8024C5B4 (length = C bytes)
$ASCII_pit_69_Literal will be placed at 8024C5C0 (length = C bytes)
$ASCII_pit_72_Literal will be placed at 8024C5CC (length = C bytes)
$ASCII_pit_81_Literal will be placed at 8024C5D8 (length = C bytes)
$ASCII_pit_43_Literal will be placed at 8024C5E4 (length = C bytes)
$ASCII_pit_28_Literal will be placed at 8024C5F0 (length = C bytes)
$ASCII_pit_78_Literal will be placed at 8024C5FC (length = C bytes)
$ASCII_pit_63_Literal will be placed at 8024C608 (length = C bytes)
$ASCII_pit_46_Literal will be placed at 8024C614 (length = C bytes)
$ASCII_pit_95_Literal will be placed at 8024C620 (length = C bytes)
$ASCII_pit_16_Literal will be placed at 8024C62C (length = C bytes)
$ASCII_pit_37_Literal will be placed at 8024C638 (length = C bytes)
$ASCII_pit_22_Literal will be placed at 8024C644 (length = C bytes)
$ASCII_pit_05_Literal will be placed at 8024C650 (length = C bytes)
$ASCII_pit_25_Literal will be placed at 8024C65C (length = C bytes)
$ASCII_pit_54_Literal will be placed at 8024C668 (length = C bytes)
$ASCII_pit_08_Literal will be placed at 8024C674 (length = C bytes)
$ASCII_pit_87_Literal will be placed at 8024C680 (length = C bytes)
$ASCII_pit_75_Literal will be placed at 8024C68C (length = C bytes)
$ASCII_pit_13_Literal will be placed at 8024C698 (length = C bytes)
$ASCII_pit_32_Literal will be placed at 8024C6A4 (length = C bytes)
$ASCII_pit_92_Literal will be placed at 8024C6B0 (length = C bytes)
$ASCII_pit_17_Literal will be placed at 8024C6BC (length = C bytes)
$ASCII_pit_49_Literal will be placed at 8024C6C8 (length = C bytes)
$ASCII_pit_77_Literal will be placed at 8024C6D4 (length = C bytes)
$ASCII_pit_96_Literal will be placed at 8024C6E0 (length = C bytes)
$ASCII_pit_68_Literal will be placed at 8024C6EC (length = C bytes)
$ASCII_pit_51_Literal will be placed at 8024C6F8 (length = C bytes)
$ASCII_pit_04_Literal will be placed at 8024C704 (length = C bytes)
$ASCII_pit_83_Literal will be placed at 8024C710 (length = C bytes)
$ASCII_pit_86_Literal will be placed at 8024C71C (length = C bytes)
$ASCII_pit_26_Literal will be placed at 8024C728 (length = C bytes)
$ASCII_pit_41_Literal will be placed at 8024C734 (length = C bytes)
$ASCII_pit_14_Literal will be placed at 8024C740 (length = C bytes)
$ASCII_pit_74_Literal will be placed at 8024C74C (length = C bytes)
$ASCII_pit_60_Literal will be placed at 8024C758 (length = C bytes)
$ASCII_pit_59_Literal will be placed at 8024C764 (length = C bytes)
$ASCII_pit_93_Literal will be placed at 8024C770 (length = C bytes)
$ASCII_pit_65_Literal will be placed at 8024C77C (length = C bytes)
$ASCII_pit_07_Literal will be placed at 8024C788 (length = C bytes)
$ASCII_pit_20_Literal will be placed at 8024C794 (length = C bytes)
$ASCII_pit_35_Literal will be placed at 8024C7A0 (length = C bytes)
$ASCII_pit_23_Literal will be placed at 8024C7AC (length = C bytes)
$ASCII_pit_11_Literal will be placed at 8024C7B8 (length = C bytes)
$ASCII_pit_56_Literal will be placed at 8024C7C4 (length = C bytes)
$ASCII_pit_44_Literal will be placed at 8024C7D0 (length = C bytes)
$ASCII_pit_89_Literal will be placed at 8024C7DC (length = C bytes)
$ASCII_pit_79_Literal will be placed at 8024C7E8 (length = C bytes)
$ASCII_pit_62_Literal will be placed at 8024C7F4 (length = C bytes)
$ASCII_pit_94_Literal will be placed at 8024C800 (length = C bytes)
$ASCII_pit_47_Literal will be placed at 8024C80C (length = C bytes)
$ASCII_pit_21_Literal will be placed at 8024C818 (length = C bytes)
$ASCII_pit_06_Literal will be placed at 8024C824 (length = C bytes)
$ASCII_pit_53_Literal will be placed at 8024C830 (length = C bytes)
$ASCII_pit_09_Literal will be placed at 8024C83C (length = C bytes)
$ASCII_pit_88_Literal will be placed at 8024C848 (length = C bytes)
$ASCII_pit_38_Literal will be placed at 8024C854 (length = C bytes)
$ASCII_pit_24_Literal will be placed at 8024C860 (length = C bytes)
$ASCII_pit_12_Literal will be placed at 8024C86C (length = C bytes)
$ASCII_pit_76_Literal will be placed at 8024C878 (length = C bytes)
$ASCII_pit_01_Literal will be placed at 8024C884 (length = C bytes)
$ASCII_pit_50_Literal will be placed at 8024C890 (length = C bytes)
$ASCII_pit_33_Literal will be placed at 8024C89C (length = C bytes)
$ASCII_pit_99_Literal will be placed at 8024C8A8 (length = C bytes)
$ASCII_pit_67_Literal will be placed at 8024C8B4 (length = C bytes)
$ASCII_pit_71_Literal will be placed at 8024C8C0 (length = C bytes)
$ASCII_pit_42_Literal will be placed at 8024C8CC (length = C bytes)
$ASCII_pit_80_Literal will be placed at 8024C8D8 (length = C bytes)
$ASCII_pit_29_Literal will be placed at 8024C8E4 (length = C bytes)
$ASCII_pit_58_Literal will be placed at 8024C8F0 (length = C bytes)
$ASCII_pit_30_Literal will be placed at 8024C8FC (length = C bytes)
$ASCII_pit_00_Literal will be placed at 8024C908 (length = C bytes)
$ASCII_pit_64_Literal will be placed at 8024C914 (length = C bytes)
$ASCII_pit_36_Literal will be placed at 8024C920 (length = C bytes)
$ASCII_pit_55_Literal will be placed at 8024C92C (length = C bytes)
$ASCII_pit_10_Literal will be placed at 8024C938 (length = C bytes)
$ASCII_pit_45_Literal will be placed at 8024C944 (length = C bytes)
$ASCII_pit_18_Literal will be placed at 8024C950 (length = C bytes)
$ASCII_pit_48_Literal will be placed at 8024C95C (length = C bytes)
$ASCII_pit_03_Literal will be placed at 8024C968 (length = C bytes)
$ASCII_pit_31_Literal will be placed at 8024C974 (length = C bytes)
$ASCII_pit_91_Literal will be placed at 8024C980 (length = C bytes)
$ASCII_pit_97_Literal will be placed at 8024C98C (length = C bytes)
$ASCII_pit_82_Literal will be placed at 8024C998 (length = C bytes)
$ASCII_pit_52_Literal will be placed at 8024C9A4 (length = C bytes)
$ASCII_pit_70_Literal will be placed at 8024C9B0 (length = C bytes)
$ASCII_pit_85_Literal will be placed at 8024C9BC (length = C bytes)
$ASCII_pit_40_Literal will be placed at 8024C9C8 (length = C bytes)
$ASCII_pit_39_Literal will be placed at 8024C9D4 (length = C bytes)
$ASCII_pit_73_Literal will be placed at 8024C9E0 (length = C bytes)
$ASCII_pit_15_Literal will be placed at 8024C9EC (length = C bytes)
$ASCII_pit_27_Literal will be placed at 8024C9F8 (length = C bytes)
$ASCII_pit_61_Literal will be placed at 8024CA04 (length = C bytes)
$ASCII_pit_842_Literal will be placed at 8024CA10 (length = 8 bytes)
$ASCII_pit_100_Literal will be placed at 8024CA18 (length = 8 bytes)
$ASCII_tik_tex_Literal will be placed at 8024CA20 (length = 8 bytes)
$MoverCancel will be placed at 8024CA28 (length = 4 bytes)
$BanditMoverCancel will be placed at 8024CA2C (length = 4 bytes)
Executing patch: pit_18.mpat
Loaded map pit_01
Creating struct: $EntryList
Creating struct: $DeepestLevel
Creating struct: $TotalLevels
Creating struct: $LoadHighscores
Creating struct: $FallingDownPipe
Creating struct: $Function_GetPos
Creating struct: $Function2
Creating struct: $SetSpawns
Creating struct: $Script_SetNPCPos
Creating struct: $SwitchPath
Creating struct: $VectorList_80244998
Creating struct: $GetPos
Creating struct: $Function_GetDamageTaken
Creating struct: $Function_ResetDamage
Creating struct: $DispawnParthner
Creating struct: $RespawnParthner
Creating struct: $LoadMap
Creating struct: $Script_LoadMapMover_Roguelike
Creating struct: $GetFloor
Creating struct: $LoadCoinsMover
Creating struct: $LoadMapBandit
Creating struct: $GetFloorBandit
Creating struct: $Script_Init_80243B20
Creating struct: $Script_80243A6C
Creating struct: $Script_AddCoins
Creating struct: $Script_SubstractCoins
Creating struct: $NPC_Settings_Sack
Creating struct: $Script_Init_Bag
Creating struct: $Script_Init_Bag_HitBox
Creating struct: $Script_NPC_SackHit_Init
Creating struct: $Script_NPC_Sack_FX
Creating struct: $NPC_Sack_AnimationStart
Creating struct: $NPC_Sack_AnimationEnd
Creating struct: $Script_SackAnimation_Start_GoToTheRight
Creating struct: $Script_SackAnimation_Start_GoToTheLeft
Creating struct: $Script_SackAnimation_End_Right
Creating struct: $Script_SackAnimation_End_Left
Creating struct: $Function_LoadGainedCoins
Creating struct: $Function_RevivePlayer
Creating struct: $AISettings_MoneySack
Creating struct: $Script_NpcAI_MoneySack
Creating struct: $JumpTable_80242448
Creating struct: $Function_NpcAI_MoneySack
Creating struct: $Function_80240260
Creating struct: $Function_80240844
Creating struct: $Function_802409A8
Creating struct: $Script_TrackPlayer
Creating struct: $Script_PipeAnimation
Creating struct: $Function_SetAnimation
Creating struct: $Function_GetColliderPos
Creating struct: $Function_TrackInput
Creating struct: $GoToNextLevel
Creating struct: $GoToNextLevel_Roguelike
Creating struct: $Script_SetSetsOfLevels
Creating struct: $Script_LoadMap_Roguelike
Creating struct: $Script_LoadChestMap_Roguelike
Creating struct: $Script_LoadMap_Mover_Roguelike
Creating struct: $Script_LoadChestMap_Mover_Roguelike
Creating struct: $GetFloorPit
Creating struct: $GetFloorSign
Creating struct: $Function_GetTattle1
Creating struct: $Function_GetTattle2
Creating struct: $Script_ReadSign
Creating struct: $Header
Creating struct: $Function_Init
Creating struct: $Script_Main
Creating struct: $NpcGroups
Creating struct: $NpcGroup_Mover
Creating struct: $BlankSettings
Creating struct: $Script_Init_Mover
Creating struct: $Interact_Mover
Creating struct: $Script_MoverWarpAnimation
Creating struct: $NpcGroup_BanditMover
Creating struct: $Script_Init_BanditMover
Creating struct: $Interact_BanditMover
Creating struct: $NpcGroup_Enemy1
Creating struct: $NpcGroup_Enemy2
Creating struct: $NpcGroup_Enemy3
Creating struct: $NpcGroup_Enemy4
Creating struct: $NpcGroup_Enemy5
Creating struct: $NpcGroup_Enemy6
Creating struct: $NpcSettings_Enemy1
Creating struct: $Script_EnemyAI
Creating struct: $Function_80240040
Creating struct: $AISettings_Enemy
Creating struct: $Script_DisableEnemyAI
Creating struct: $AISettings_DisableEnemy
Creating struct: $PipeSpawning
Creating struct: $Script_MakeEntities
Creating struct: $CommingDownPipe
Creating struct: $Script_MakeExits
Creating struct: $Script_Exit0
Merged 1 regions to 1
$Script_LoadMap_Mover_Roguelike will be placed at 80240000 (length = F14 bytes)
$LoadMap will be placed at 80240F14 (length = EF4 bytes)
$Script_ReadSign will be placed at 80241E08 (length = EEC bytes)
$LoadMapBandit will be placed at 80242CF4 (length = EA4 bytes)
$Script_LoadMap_Roguelike will be placed at 80243B98 (length = D9C bytes)
$GoToNextLevel will be placed at 80244934 (length = D10 bytes)
$GoToNextLevel_Roguelike will be placed at 80245644 (length = 868 bytes)
$Function_80240260 will be placed at 80245EAC (length = 5E4 bytes)
$SetSpawns will be placed at 80246490 (length = 384 bytes)
$FallingDownPipe will be placed at 80246814 (length = 37C bytes)
$Script_SetSetsOfLevels will be placed at 80246B90 (length = 358 bytes)
$Script_SetNPCPos will be placed at 80246EE8 (length = 2F4 bytes)
$Function_NpcAI_MoneySack will be placed at 802471DC (length = 238 bytes)
$Script_SackAnimation_Start_GoToTheRight will be placed at 80247414 (length = 230 bytes)
$Script_SackAnimation_Start_GoToTheLeft will be placed at 80247644 (length = 1F8 bytes)
$Interact_Mover will be placed at 8024783C (length = 1F8 bytes)
$NpcGroup_Enemy3 will be placed at 80247A34 (length = 1F0 bytes)
$NpcGroup_Enemy4 will be placed at 80247C24 (length = 1F0 bytes)
$NpcGroup_Enemy5 will be placed at 80247E14 (length = 1F0 bytes)
$NpcGroup_Enemy6 will be placed at 80248004 (length = 1F0 bytes)
$NpcGroup_Enemy1 will be placed at 802481F4 (length = 1F0 bytes)
$NpcGroup_Enemy2 will be placed at 802483E4 (length = 1F0 bytes)
$NpcGroup_Mover will be placed at 802485D4 (length = 1F0 bytes)
$NpcGroup_BanditMover will be placed at 802487C4 (length = 1F0 bytes)
$Interact_BanditMover will be placed at 802489B4 (length = 1EC bytes)
$Script_PipeAnimation will be placed at 80248BA0 (length = 1D0 bytes)
$JumpTable_80242448 will be placed at 80248D70 (length = 190 bytes)
$Script_LoadChestMap_Mover_Roguelike will be placed at 80248F00 (length = 18C bytes)
$PipeSpawning will be placed at 8024908C (length = 178 bytes)
$NPC_Sack_AnimationStart will be placed at 80249204 (length = 168 bytes)
$Function_80240844 will be placed at 8024936C (length = 164 bytes)
$Script_LoadChestMap_Roguelike will be placed at 802494D0 (length = 164 bytes)
$Script_NPC_SackHit_Init will be placed at 80249634 (length = 160 bytes)
$Script_SackAnimation_End_Right will be placed at 80249794 (length = 158 bytes)
$Script_SackAnimation_End_Left will be placed at 802498EC (length = 150 bytes)
$MapTattle5 will be placed at 80249A3C (length = 13C bytes)
$MapTattle4 will be placed at 80249B78 (length = 130 bytes)
$GetFloor will be placed at 80249CA8 (length = 12C bytes)
$BanditMover_Tattle will be placed at 80249DD4 (length = 124 bytes)
$Script_Main will be placed at 80249EF8 (length = 120 bytes)
$Script_80243A6C will be placed at 8024A018 (length = 114 bytes)
$Script_SubstractCoins will be placed at 8024A12C (length = 10C bytes)
$Script_LoadMapMover_Roguelike will be placed at 8024A238 (length = 104 bytes)
$GetFloorBandit will be placed at 8024A33C (length = F4 bytes)
$Script_MoverWarpAnimation will be placed at 8024A430 (length = F0 bytes)
$Function_GetColliderPos will be placed at 8024A520 (length = E0 bytes)
$Function_GetPos will be placed at 8024A600 (length = E0 bytes)
$Script_TrackPlayer will be placed at 8024A6E0 (length = DC bytes)
$MapTattle2 will be placed at 8024A7BC (length = D4 bytes)
$Function_TrackInput will be placed at 8024A890 (length = BC bytes)
$MapTattle3 will be placed at 8024A94C (length = B0 bytes)
$Script_MakeEntities will be placed at 8024A9FC (length = A8 bytes)
$MapTattle1 will be placed at 8024AAA4 (length = A8 bytes)
$Script_NpcAI_MoneySack will be placed at 8024AB4C (length = A8 bytes)
$MoverStart will be placed at 8024ABF4 (length = A4 bytes)
$SwitchPath will be placed at 8024AC98 (length = A4 bytes)
$Script_NPC_Sack_FX will be placed at 8024AD3C (length = A4 bytes)
$GetPos will be placed at 8024ADE0 (length = 9C bytes)
$Script_AddCoins will be placed at 8024AE7C (length = 98 bytes)
$BanditMoverStart will be placed at 8024AF14 (length = 98 bytes)
$Mover_Tattle will be placed at 8024AFAC (length = 94 bytes)
$Function_GetTattle1 will be placed at 8024B040 (length = 8C bytes)
$NPC_Sack_AnimationEnd will be placed at 8024B0CC (length = 84 bytes)
$BanditMover_Options will be placed at 8024B150 (length = 80 bytes)
$SignStringBug will be placed at 8024B1D0 (length = 7C bytes)
$LoadHighscores will be placed at 8024B24C (length = 7C bytes)
$Mover_Options will be placed at 8024B2C8 (length = 78 bytes)
$NpcGroups will be placed at 8024B340 (length = 6C bytes)
$DeepestLevel will be placed at 8024B3AC (length = 6C bytes)
$Function2 will be placed at 8024B418 (length = 6C bytes)
$LoadCoinsMover will be placed at 8024B484 (length = 6C bytes)
$Function_SetAnimation will be placed at 8024B4F0 (length = 6C bytes)
$GetFloorPit will be placed at 8024B55C (length = 68 bytes)
$MoverEnd will be placed at 8024B5C4 (length = 68 bytes)
$BanditMoverEnd will be placed at 8024B62C (length = 68 bytes)
$GetFloorSign will be placed at 8024B694 (length = 64 bytes)
$BanditMoverNoCoins will be placed at 8024B6F8 (length = 58 bytes)
$MoverNoCoins will be placed at 8024B750 (length = 58 bytes)
$Function_GetTattle2 will be placed at 8024B7A8 (length = 48 bytes)
$CommingDownPipe will be placed at 8024B7F0 (length = 48 bytes)
$Script_Exit0 will be placed at 8024B838 (length = 48 bytes)
$Function_LoadGainedCoins will be placed at 8024B880 (length = 48 bytes)
$Function_Init will be placed at 8024B8C8 (length = 44 bytes)
$Function_802409A8 will be placed at 8024B90C (length = 44 bytes)
$Header will be placed at 8024B950 (length = 40 bytes)
$Script_Init_Bag will be placed at 8024B990 (length = 38 bytes)
$TotalLevels will be placed at 8024B9C8 (length = 38 bytes)
$Script_Init_Bag_HitBox will be placed at 8024BA00 (length = 38 bytes)
$DispawnParthner will be placed at 8024BA38 (length = 34 bytes)
$Function_ResetDamage will be placed at 8024BA6C (length = 34 bytes)
$AISettings_MoneySack will be placed at 8024BAA0 (length = 30 bytes)
$AISettings_Enemy will be placed at 8024BAD0 (length = 30 bytes)
$AISettings_DisableEnemy will be placed at 8024BB00 (length = 30 bytes)
$RespawnParthner will be placed at 8024BB30 (length = 30 bytes)
$NPC_Settings_Sack will be placed at 8024BB60 (length = 2C bytes)
$Function_GetDamageTaken will be placed at 8024BB8C (length = 2C bytes)
$NpcSettings_Enemy1 will be placed at 8024BBB8 (length = 2C bytes)
$Function_RevivePlayer will be placed at 8024BBE4 (length = 2C bytes)
$String_CoinsGained will be placed at 8024BC10 (length = 2C bytes)
$BlankSettings will be placed at 8024BC3C (length = 2C bytes)
$Script_MakeExits will be placed at 8024BC68 (length = 2C bytes)
$Script_EnemyAI will be placed at 8024BC94 (length = 2C bytes)
$VectorList_80244998 will be placed at 8024BCC0 (length = 24 bytes)
$Script_Init_80243B20 will be placed at 8024BCE4 (length = 24 bytes)
$Script_Init_Mover will be placed at 8024BD08 (length = 24 bytes)
$Script_Init_BanditMover will be placed at 8024BD2C (length = 24 bytes)
$Script_DisableEnemyAI will be placed at 8024BD50 (length = 20 bytes)
$EntryList will be placed at 8024BD70 (length = 20 bytes)
$SignString100 will be placed at 8024BD90 (length = 18 bytes)
$SignString1 will be placed at 8024BDA8 (length = 14 bytes)
$SignString99 will be placed at 8024BDBC (length = 14 bytes)
$SignString98 will be placed at 8024BDD0 (length = 14 bytes)
$SignString97 will be placed at 8024BDE4 (length = 14 bytes)
$SignString96 will be placed at 8024BDF8 (length = 14 bytes)
$SignString95 will be placed at 8024BE0C (length = 14 bytes)
$SignString94 will be placed at 8024BE20 (length = 14 bytes)
$SignString93 will be placed at 8024BE34 (length = 14 bytes)
$SignString92 will be placed at 8024BE48 (length = 14 bytes)
$SignString91 will be placed at 8024BE5C (length = 14 bytes)
$SignString90 will be placed at 8024BE70 (length = 14 bytes)
$Function_80240040 will be placed at 8024BE84 (length = 14 bytes)
$SignString59 will be placed at 8024BE98 (length = 14 bytes)
$SignString58 will be placed at 8024BEAC (length = 14 bytes)
$SignString57 will be placed at 8024BEC0 (length = 14 bytes)
$SignString56 will be placed at 8024BED4 (length = 14 bytes)
$SignString55 will be placed at 8024BEE8 (length = 14 bytes)
$SignString54 will be placed at 8024BEFC (length = 14 bytes)
$SignString53 will be placed at 8024BF10 (length = 14 bytes)
$SignString52 will be placed at 8024BF24 (length = 14 bytes)
$SignString51 will be placed at 8024BF38 (length = 14 bytes)
$SignString50 will be placed at 8024BF4C (length = 14 bytes)
$SignString69 will be placed at 8024BF60 (length = 14 bytes)
$SignString68 will be placed at 8024BF74 (length = 14 bytes)
$SignString67 will be placed at 8024BF88 (length = 14 bytes)
$SignString66 will be placed at 8024BF9C (length = 14 bytes)
$SignString65 will be placed at 8024BFB0 (length = 14 bytes)
$SignString64 will be placed at 8024BFC4 (length = 14 bytes)
$SignString63 will be placed at 8024BFD8 (length = 14 bytes)
$SignString62 will be placed at 8024BFEC (length = 14 bytes)
$SignString61 will be placed at 8024C000 (length = 14 bytes)
$SignString60 will be placed at 8024C014 (length = 14 bytes)
$SignString79 will be placed at 8024C028 (length = 14 bytes)
$SignString78 will be placed at 8024C03C (length = 14 bytes)
$SignString77 will be placed at 8024C050 (length = 14 bytes)
$SignString76 will be placed at 8024C064 (length = 14 bytes)
$SignString75 will be placed at 8024C078 (length = 14 bytes)
$SignString74 will be placed at 8024C08C (length = 14 bytes)
$SignString73 will be placed at 8024C0A0 (length = 14 bytes)
$SignString72 will be placed at 8024C0B4 (length = 14 bytes)
$SignString71 will be placed at 8024C0C8 (length = 14 bytes)
$SignString70 will be placed at 8024C0DC (length = 14 bytes)
$SignString89 will be placed at 8024C0F0 (length = 14 bytes)
$SignString88 will be placed at 8024C104 (length = 14 bytes)
$SignString87 will be placed at 8024C118 (length = 14 bytes)
$SignString86 will be placed at 8024C12C (length = 14 bytes)
$SignString85 will be placed at 8024C140 (length = 14 bytes)
$SignString84 will be placed at 8024C154 (length = 14 bytes)
$SignString83 will be placed at 8024C168 (length = 14 bytes)
$SignString82 will be placed at 8024C17C (length = 14 bytes)
$SignString81 will be placed at 8024C190 (length = 14 bytes)
$SignString80 will be placed at 8024C1A4 (length = 14 bytes)
$SignString19 will be placed at 8024C1B8 (length = 14 bytes)
$SignString18 will be placed at 8024C1CC (length = 14 bytes)
$SignString17 will be placed at 8024C1E0 (length = 14 bytes)
$SignString16 will be placed at 8024C1F4 (length = 14 bytes)
$SignString15 will be placed at 8024C208 (length = 14 bytes)
$SignString14 will be placed at 8024C21C (length = 14 bytes)
$SignString13 will be placed at 8024C230 (length = 14 bytes)
$SignString12 will be placed at 8024C244 (length = 14 bytes)
$SignString11 will be placed at 8024C258 (length = 14 bytes)
$SignString10 will be placed at 8024C26C (length = 14 bytes)
$SignString3 will be placed at 8024C280 (length = 14 bytes)
$SignString2 will be placed at 8024C294 (length = 14 bytes)
$SignString5 will be placed at 8024C2A8 (length = 14 bytes)
$SignString4 will be placed at 8024C2BC (length = 14 bytes)
$SignString7 will be placed at 8024C2D0 (length = 14 bytes)
$SignString6 will be placed at 8024C2E4 (length = 14 bytes)
$SignString9 will be placed at 8024C2F8 (length = 14 bytes)
$SignString8 will be placed at 8024C30C (length = 14 bytes)
$SignString29 will be placed at 8024C320 (length = 14 bytes)
$SignString28 will be placed at 8024C334 (length = 14 bytes)
$SignString27 will be placed at 8024C348 (length = 14 bytes)
$SignString26 will be placed at 8024C35C (length = 14 bytes)
$SignString25 will be placed at 8024C370 (length = 14 bytes)
$SignString24 will be placed at 8024C384 (length = 14 bytes)
$SignString23 will be placed at 8024C398 (length = 14 bytes)
$SignString22 will be placed at 8024C3AC (length = 14 bytes)
$SignString21 will be placed at 8024C3C0 (length = 14 bytes)
$SignString20 will be placed at 8024C3D4 (length = 14 bytes)
$SignString will be placed at 8024C3E8 (length = 14 bytes)
$SignString39 will be placed at 8024C3FC (length = 14 bytes)
$SignString38 will be placed at 8024C410 (length = 14 bytes)
$SignString37 will be placed at 8024C424 (length = 14 bytes)
$SignString36 will be placed at 8024C438 (length = 14 bytes)
$SignString35 will be placed at 8024C44C (length = 14 bytes)
$SignString34 will be placed at 8024C460 (length = 14 bytes)
$SignString33 will be placed at 8024C474 (length = 14 bytes)
$SignString32 will be placed at 8024C488 (length = 14 bytes)
$SignString31 will be placed at 8024C49C (length = 14 bytes)
$SignString30 will be placed at 8024C4B0 (length = 14 bytes)
$SignString49 will be placed at 8024C4C4 (length = 14 bytes)
$SignString48 will be placed at 8024C4D8 (length = 14 bytes)
$SignString47 will be placed at 8024C4EC (length = 14 bytes)
$SignString46 will be placed at 8024C500 (length = 14 bytes)
$SignString45 will be placed at 8024C514 (length = 14 bytes)
$SignString44 will be placed at 8024C528 (length = 14 bytes)
$SignString43 will be placed at 8024C53C (length = 14 bytes)
$SignString42 will be placed at 8024C550 (length = 14 bytes)
$SignString41 will be placed at 8024C564 (length = 14 bytes)
$SignString40 will be placed at 8024C578 (length = 14 bytes)
$ASCII_pit_02_Literal will be placed at 8024C58C (length = C bytes)
$ASCII_pit_90_Literal will be placed at 8024C598 (length = C bytes)
$ASCII_pit_34_Literal will be placed at 8024C5A4 (length = C bytes)
$ASCII_pit_66_Literal will be placed at 8024C5B0 (length = C bytes)
$ASCII_pit_98_Literal will be placed at 8024C5BC (length = C bytes)
$ASCII_pit_19_Literal will be placed at 8024C5C8 (length = C bytes)
$ASCII_pit_57_Literal will be placed at 8024C5D4 (length = C bytes)
$ASCII_pit_69_Literal will be placed at 8024C5E0 (length = C bytes)
$ASCII_pit_72_Literal will be placed at 8024C5EC (length = C bytes)
$ASCII_pit_81_Literal will be placed at 8024C5F8 (length = C bytes)
$ASCII_pit_43_Literal will be placed at 8024C604 (length = C bytes)
$ASCII_pit_28_Literal will be placed at 8024C610 (length = C bytes)
$ASCII_pit_78_Literal will be placed at 8024C61C (length = C bytes)
$ASCII_pit_63_Literal will be placed at 8024C628 (length = C bytes)
$ASCII_pit_46_Literal will be placed at 8024C634 (length = C bytes)
$ASCII_pit_95_Literal will be placed at 8024C640 (length = C bytes)
$ASCII_pit_16_Literal will be placed at 8024C64C (length = C bytes)
$ASCII_pit_37_Literal will be placed at 8024C658 (length = C bytes)
$ASCII_pit_22_Literal will be placed at 8024C664 (length = C bytes)
$ASCII_pit_05_Literal will be placed at 8024C670 (length = C bytes)
$ASCII_pit_25_Literal will be placed at 8024C67C (length = C bytes)
$ASCII_pit_54_Literal will be placed at 8024C688 (length = C bytes)
$ASCII_pit_08_Literal will be placed at 8024C694 (length = C bytes)
$ASCII_pit_87_Literal will be placed at 8024C6A0 (length = C bytes)
$ASCII_pit_75_Literal will be placed at 8024C6AC (length = C bytes)
$ASCII_pit_13_Literal will be placed at 8024C6B8 (length = C bytes)
$ASCII_pit_32_Literal will be placed at 8024C6C4 (length = C bytes)
$ASCII_pit_92_Literal will be placed at 8024C6D0 (length = C bytes)
$ASCII_pit_17_Literal will be placed at 8024C6DC (length = C bytes)
$ASCII_pit_49_Literal will be placed at 8024C6E8 (length = C bytes)
$ASCII_pit_77_Literal will be placed at 8024C6F4 (length = C bytes)
$ASCII_pit_96_Literal will be placed at 8024C700 (length = C bytes)
$ASCII_pit_68_Literal will be placed at 8024C70C (length = C bytes)
$ASCII_pit_51_Literal will be placed at 8024C718 (length = C bytes)
$ASCII_pit_04_Literal will be placed at 8024C724 (length = C bytes)
$ASCII_pit_83_Literal will be placed at 8024C730 (length = C bytes)
$ASCII_pit_86_Literal will be placed at 8024C73C (length = C bytes)
$ASCII_pit_26_Literal will be placed at 8024C748 (length = C bytes)
$ASCII_pit_41_Literal will be placed at 8024C754 (length = C bytes)
$ASCII_pit_14_Literal will be placed at 8024C760 (length = C bytes)
$ASCII_pit_74_Literal will be placed at 8024C76C (length = C bytes)
$ASCII_pit_60_Literal will be placed at 8024C778 (length = C bytes)
$ASCII_pit_59_Literal will be placed at 8024C784 (length = C bytes)
$ASCII_pit_93_Literal will be placed at 8024C790 (length = C bytes)
$ASCII_pit_65_Literal will be placed at 8024C79C (length = C bytes)
$ASCII_pit_07_Literal will be placed at 8024C7A8 (length = C bytes)
$ASCII_pit_20_Literal will be placed at 8024C7B4 (length = C bytes)
$ASCII_pit_35_Literal will be placed at 8024C7C0 (length = C bytes)
$ASCII_pit_23_Literal will be placed at 8024C7CC (length = C bytes)
$ASCII_pit_11_Literal will be placed at 8024C7D8 (length = C bytes)
$ASCII_pit_56_Literal will be placed at 8024C7E4 (length = C bytes)
$ASCII_pit_44_Literal will be placed at 8024C7F0 (length = C bytes)
$ASCII_pit_89_Literal will be placed at 8024C7FC (length = C bytes)
$ASCII_pit_79_Literal will be placed at 8024C808 (length = C bytes)
$ASCII_pit_62_Literal will be placed at 8024C814 (length = C bytes)
$ASCII_pit_94_Literal will be placed at 8024C820 (length = C bytes)
$ASCII_pit_47_Literal will be placed at 8024C82C (length = C bytes)
$ASCII_pit_21_Literal will be placed at 8024C838 (length = C bytes)
$ASCII_pit_06_Literal will be placed at 8024C844 (length = C bytes)
$ASCII_pit_53_Literal will be placed at 8024C850 (length = C bytes)
$ASCII_pit_09_Literal will be placed at 8024C85C (length = C bytes)
$ASCII_pit_88_Literal will be placed at 8024C868 (length = C bytes)
$ASCII_pit_38_Literal will be placed at 8024C874 (length = C bytes)
$ASCII_pit_24_Literal will be placed at 8024C880 (length = C bytes)
$ASCII_pit_12_Literal will be placed at 8024C88C (length = C bytes)
$ASCII_pit_76_Literal will be placed at 8024C898 (length = C bytes)
$ASCII_pit_01_Literal will be placed at 8024C8A4 (length = C bytes)
$ASCII_pit_50_Literal will be placed at 8024C8B0 (length = C bytes)
$ASCII_pit_33_Literal will be placed at 8024C8BC (length = C bytes)
$ASCII_pit_99_Literal will be placed at 8024C8C8 (length = C bytes)
$ASCII_pit_67_Literal will be placed at 8024C8D4 (length = C bytes)
$ASCII_pit_71_Literal will be placed at 8024C8E0 (length = C bytes)
$ASCII_pit_42_Literal will be placed at 8024C8EC (length = C bytes)
$ASCII_pit_80_Literal will be placed at 8024C8F8 (length = C bytes)
$ASCII_pit_29_Literal will be placed at 8024C904 (length = C bytes)
$ASCII_pit_58_Literal will be placed at 8024C910 (length = C bytes)
$ASCII_pit_30_Literal will be placed at 8024C91C (length = C bytes)
$ASCII_pit_00_Literal will be placed at 8024C928 (length = C bytes)
$ASCII_pit_64_Literal will be placed at 8024C934 (length = C bytes)
$ASCII_pit_36_Literal will be placed at 8024C940 (length = C bytes)
$ASCII_pit_55_Literal will be placed at 8024C94C (length = C bytes)
$ASCII_pit_10_Literal will be placed at 8024C958 (length = C bytes)
$ASCII_pit_45_Literal will be placed at 8024C964 (length = C bytes)
$ASCII_pit_18_Literal will be placed at 8024C970 (length = C bytes)
$ASCII_pit_48_Literal will be placed at 8024C97C (length = C bytes)
$ASCII_pit_03_Literal will be placed at 8024C988 (length = C bytes)
$ASCII_pit_31_Literal will be placed at 8024C994 (length = C bytes)
$ASCII_pit_91_Literal will be placed at 8024C9A0 (length = C bytes)
$ASCII_pit_97_Literal will be placed at 8024C9AC (length = C bytes)
$ASCII_pit_82_Literal will be placed at 8024C9B8 (length = C bytes)
$ASCII_pit_52_Literal will be placed at 8024C9C4 (length = C bytes)
$ASCII_pit_70_Literal will be placed at 8024C9D0 (length = C bytes)
$ASCII_pit_85_Literal will be placed at 8024C9DC (length = C bytes)
$ASCII_pit_40_Literal will be placed at 8024C9E8 (length = C bytes)
$ASCII_pit_39_Literal will be placed at 8024C9F4 (length = C bytes)
$ASCII_pit_73_Literal will be placed at 8024CA00 (length = C bytes)
$ASCII_pit_15_Literal will be placed at 8024CA0C (length = C bytes)
$ASCII_pit_27_Literal will be placed at 8024CA18 (length = C bytes)
$ASCII_pit_61_Literal will be placed at 8024CA24 (length = C bytes)
$ASCII_pit_842_Literal will be placed at 8024CA30 (length = 8 bytes)
$ASCII_pit_100_Literal will be placed at 8024CA38 (length = 8 bytes)
$ASCII_tik_tex_Literal will be placed at 8024CA40 (length = 8 bytes)
$MoverCancel will be placed at 8024CA48 (length = 4 bytes)
$BanditMoverCancel will be placed at 8024CA4C (length = 4 bytes)
Executing patch: pit_19.mpat
Loaded map pit_14
Creating struct: $EntryList
Creating struct: $DeepestLevel
Creating struct: $TotalLevels
Creating struct: $LoadHighscores
Creating struct: $FallingDownPipe
Creating struct: $Function_GetPos
Creating struct: $Function2
Creating struct: $SetSpawns
Creating struct: $Script_SetNPCPos
Creating struct: $SwitchPath
Creating struct: $VectorList_80244998
Creating struct: $GetPos
Creating struct: $Function_GetDamageTaken
Creating struct: $Function_ResetDamage
Creating struct: $DispawnParthner
Creating struct: $RespawnParthner
Creating struct: $LoadMap
Creating struct: $Script_LoadMapMover_Roguelike
Creating struct: $GetFloor
Creating struct: $LoadCoinsMover
Creating struct: $LoadMapBandit
Creating struct: $GetFloorBandit
Creating struct: $SetSpawnsSpecial
Creating struct: $Function_LoadCoinsInToVar1
Creating struct: $Script_SetSpawnPosition
Creating struct: $Script_Init_80243B20
Creating struct: $Script_80243A6C
Creating struct: $Script_AddCoins
Creating struct: $Script_SubstractCoins
Creating struct: $NPC_Settings_Sack
Creating struct: $Script_Init_Bag
Creating struct: $Script_Init_Bag_HitBox
Creating struct: $Script_NPC_SackHit_Init
Creating struct: $Script_NPC_Sack_FX
Creating struct: $NPC_Sack_AnimationStart
Creating struct: $NPC_Sack_AnimationEnd
Creating struct: $Script_SackAnimation_Start_GoToTheRight
Creating struct: $Script_SackAnimation_Start_GoToTheLeft
Creating struct: $Script_SackAnimation_End_Right
Creating struct: $Script_SackAnimation_End_Left
Creating struct: $Function_LoadGainedCoins
Creating struct: $Function_RevivePlayer
Creating struct: $AISettings_MoneySack
Creating struct: $Script_NpcAI_MoneySack
Creating struct: $JumpTable_80242448
Creating struct: $Function_NpcAI_MoneySack
Creating struct: $Function_80240260
Creating struct: $Function_80240844
Creating struct: $Function_802409A8
Creating struct: $Script_TrackPlayer
Creating struct: $Script_PipeAnimation
Creating struct: $Function_SetAnimation
Creating struct: $Function_GetColliderPos
Creating struct: $Function_TrackInput
Creating struct: $GoToNextLevel
Creating struct: $GoToNextLevel_Roguelike
Creating struct: $Script_SetSetsOfLevels
Creating struct: $Script_LoadMap_Roguelike
Creating struct: $Script_LoadChestMap_Roguelike
Creating struct: $Script_LoadMap_Mover_Roguelike
Creating struct: $Script_LoadChestMap_Mover_Roguelike
Creating struct: $GetFloorPit
Creating struct: $GetFloorSign
Creating struct: $Function_GetTattle1
Creating struct: $Function_GetTattle2
Creating struct: $Script_ReadSign
Creating struct: $Header
Creating struct: $Function_Init
Creating struct: $Script_Main
Creating struct: $NpcGroup1
Creating struct: $NpcGroup2
Creating struct: $NpcGroup3
Creating struct: $NpcGroup4
Creating struct: $NpcGroup5
Creating struct: $NpcGroup6
Creating struct: $NpcGroup7
Creating struct: $NpcGroups
Creating struct: $NpcGroup_Mover
Creating struct: $BlankSettings
Creating struct: $Script_Init_Mover
Creating struct: $Interact_Mover
Creating struct: $Script_MoverWarpAnimation
Creating struct: $NpcGroup_BanditMover
Creating struct: $Script_Init_BanditMover
Creating struct: $Interact_BanditMover
Creating struct: $NpcGroup_Enemy1
Creating struct: $NpcGroup_Enemy2
Creating struct: $NpcGroup_Enemy3
Creating struct: $NpcGroup_Enemy4
Creating struct: $NpcGroup_Enemy5
Creating struct: $NpcGroup_Enemy6
Creating struct: $NpcSettings_Enemy1
Creating struct: $Script_EnemyAI
Creating struct: $AISettings_Enemy
Creating struct: $JumpTable_80242250
Creating struct: $ConstDouble_80242290
Creating struct: $ConstDouble_80242298
Creating struct: $Function_80240F50
Creating struct: $Script_DisableEnemyAI
Creating struct: $AISettings_DisableEnemy
Creating struct: $PipeSpawning
Creating struct: $Script_MakeEntities
Creating struct: $CommingDownPipe
Creating struct: $Script_MakeExits
Creating struct: $Script_Exit0
Merged 1 regions to 1
$Script_LoadMap_Mover_Roguelike will be placed at 80240000 (length = F14 bytes)
$LoadMap will be placed at 80240F14 (length = EF4 bytes)
$Script_ReadSign will be placed at 80241E08 (length = EEC bytes)
$LoadMapBandit will be placed at 80242CF4 (length = EA4 bytes)
$Script_LoadMap_Roguelike will be placed at 80243B98 (length = D9C bytes)
$GoToNextLevel will be placed at 80244934 (length = D10 bytes)
$GoToNextLevel_Roguelike will be placed at 80245644 (length = 868 bytes)
$Function_80240F50 will be placed at 80245EAC (length = 78C bytes)
$SetSpawnsSpecial will be placed at 80246638 (length = 608 bytes)
$Function_80240260 will be placed at 80246C40 (length = 5E4 bytes)
$SetSpawns will be placed at 80247224 (length = 384 bytes)
$FallingDownPipe will be placed at 802475A8 (length = 37C bytes)
$Script_SetSetsOfLevels will be placed at 80247924 (length = 358 bytes)
$Script_SetNPCPos will be placed at 80247C7C (length = 2F4 bytes)
$Script_Main will be placed at 80247F70 (length = 248 bytes)
$Function_NpcAI_MoneySack will be placed at 802481B8 (length = 238 bytes)
$Script_SetSpawnPosition will be placed at 802483F0 (length = 234 bytes)
$Script_SackAnimation_Start_GoToTheRight will be placed at 80248624 (length = 230 bytes)
$Script_SackAnimation_Start_GoToTheLeft will be placed at 80248854 (length = 1F8 bytes)
$Interact_Mover will be placed at 80248A4C (length = 1F8 bytes)
$NpcGroup_Enemy3 will be placed at 80248C44 (length = 1F0 bytes)
$NpcGroup_Enemy4 will be placed at 80248E34 (length = 1F0 bytes)
$NpcGroup_Enemy5 will be placed at 80249024 (length = 1F0 bytes)
$NpcGroup_Enemy6 will be placed at 80249214 (length = 1F0 bytes)
$NpcGroup_Enemy1 will be placed at 80249404 (length = 1F0 bytes)
$NpcGroup_Enemy2 will be placed at 802495F4 (length = 1F0 bytes)
$NpcGroup_Mover will be placed at 802497E4 (length = 1F0 bytes)
$NpcGroup_BanditMover will be placed at 802499D4 (length = 1F0 bytes)
$Interact_BanditMover will be placed at 80249BC4 (length = 1EC bytes)
$Script_PipeAnimation will be placed at 80249DB0 (length = 1D0 bytes)
$JumpTable_80242448 will be placed at 80249F80 (length = 190 bytes)
$Script_LoadChestMap_Mover_Roguelike will be placed at 8024A110 (length = 18C bytes)
$PipeSpawning will be placed at 8024A29C (length = 178 bytes)
$NPC_Sack_AnimationStart will be placed at 8024A414 (length = 168 bytes)
$Function_80240844 will be placed at 8024A57C (length = 164 bytes)
$Script_LoadChestMap_Roguelike will be placed at 8024A6E0 (length = 164 bytes)
$Script_NPC_SackHit_Init will be placed at 8024A844 (length = 160 bytes)
$Script_SackAnimation_End_Right will be placed at 8024A9A4 (length = 158 bytes)
$Script_SackAnimation_End_Left will be placed at 8024AAFC (length = 150 bytes)
$MapTattle5 will be placed at 8024AC4C (length = 13C bytes)
$MapTattle4 will be placed at 8024AD88 (length = 130 bytes)
$GetFloor will be placed at 8024AEB8 (length = 12C bytes)
$BanditMover_Tattle will be placed at 8024AFE4 (length = 124 bytes)
$Script_80243A6C will be placed at 8024B108 (length = 114 bytes)
$Script_SubstractCoins will be placed at 8024B21C (length = 10C bytes)
$Script_LoadMapMover_Roguelike will be placed at 8024B328 (length = 104 bytes)
$GetFloorBandit will be placed at 8024B42C (length = F4 bytes)
$Script_MoverWarpAnimation will be placed at 8024B520 (length = F0 bytes)
$Function_GetColliderPos will be placed at 8024B610 (length = E0 bytes)
$Function_GetPos will be placed at 8024B6F0 (length = E0 bytes)
$Script_TrackPlayer will be placed at 8024B7D0 (length = DC bytes)
$MapTattle2 will be placed at 8024B8AC (length = D4 bytes)
$Function_TrackInput will be placed at 8024B980 (length = BC bytes)
$MapTattle3 will be placed at 8024BA3C (length = B0 bytes)
$Script_MakeEntities will be placed at 8024BAEC (length = A8 bytes)
$MapTattle1 will be placed at 8024BB94 (length = A8 bytes)
$Script_NpcAI_MoneySack will be placed at 8024BC3C (length = A8 bytes)
$MoverStart will be placed at 8024BCE4 (length = A4 bytes)
$SwitchPath will be placed at 8024BD88 (length = A4 bytes)
$Script_NPC_Sack_FX will be placed at 8024BE2C (length = A4 bytes)
$GetPos will be placed at 8024BED0 (length = 9C bytes)
$Script_AddCoins will be placed at 8024BF6C (length = 98 bytes)
$BanditMoverStart will be placed at 8024C004 (length = 98 bytes)
$Mover_Tattle will be placed at 8024C09C (length = 94 bytes)
$Function_GetTattle1 will be placed at 8024C130 (length = 8C bytes)
$NPC_Sack_AnimationEnd will be placed at 8024C1BC (length = 84 bytes)
$BanditMover_Options will be placed at 8024C240 (length = 80 bytes)
$SignStringBug will be placed at 8024C2C0 (length = 7C bytes)
$LoadHighscores will be placed at 8024C33C (length = 7C bytes)
$Mover_Options will be placed at 8024C3B8 (length = 78 bytes)
$NpcGroups will be placed at 8024C430 (length = 6C bytes)
$DeepestLevel will be placed at 8024C49C (length = 6C bytes)
$Function2 will be placed at 8024C508 (length = 6C bytes)
$LoadCoinsMover will be placed at 8024C574 (length = 6C bytes)
$Function_SetAnimation will be placed at 8024C5E0 (length = 6C bytes)
$GetFloorPit will be placed at 8024C64C (length = 68 bytes)
$MoverEnd will be placed at 8024C6B4 (length = 68 bytes)
$BanditMoverEnd will be placed at 8024C71C (length = 68 bytes)
$GetFloorSign will be placed at 8024C784 (length = 64 bytes)
$BanditMoverNoCoins will be placed at 8024C7E8 (length = 58 bytes)
$MoverNoCoins will be placed at 8024C840 (length = 58 bytes)
$Function_GetTattle2 will be placed at 8024C898 (length = 48 bytes)
$CommingDownPipe will be placed at 8024C8E0 (length = 48 bytes)
$Script_Exit0 will be placed at 8024C928 (length = 48 bytes)
$Function_LoadCoinsInToVar1 will be placed at 8024C970 (length = 48 bytes)
$Function_LoadGainedCoins will be placed at 8024C9B8 (length = 48 bytes)
$Function_Init will be placed at 8024CA00 (length = 44 bytes)
$Function_802409A8 will be placed at 8024CA44 (length = 44 bytes)
$Header will be placed at 8024CA88 (length = 40 bytes)
$JumpTable_80242250 will be placed at 8024CAC8 (length = 40 bytes)
$Script_Init_Bag will be placed at 8024CB08 (length = 38 bytes)
$TotalLevels will be placed at 8024CB40 (length = 38 bytes)
$Script_Init_Bag_HitBox will be placed at 8024CB78 (length = 38 bytes)
$DispawnParthner will be placed at 8024CBB0 (length = 34 bytes)
$Function_ResetDamage will be placed at 8024CBE4 (length = 34 bytes)
$AISettings_MoneySack will be placed at 8024CC18 (length = 30 bytes)
$AISettings_Enemy will be placed at 8024CC48 (length = 30 bytes)
$AISettings_DisableEnemy will be placed at 8024CC78 (length = 30 bytes)
$RespawnParthner will be placed at 8024CCA8 (length = 30 bytes)
$NPC_Settings_Sack will be placed at 8024CCD8 (length = 2C bytes)
$Function_GetDamageTaken will be placed at 8024CD04 (length = 2C bytes)
$NpcSettings_Enemy1 will be placed at 8024CD30 (length = 2C bytes)
$Function_RevivePlayer will be placed at 8024CD5C (length = 2C bytes)
$String_CoinsGained will be placed at 8024CD88 (length = 2C bytes)
$BlankSettings will be placed at 8024CDB4 (length = 2C bytes)
$Script_MakeExits will be placed at 8024CDE0 (length = 2C bytes)
$NpcGroup7 will be placed at 8024CE0C (length = 24 bytes)
$VectorList_80244998 will be placed at 8024CE30 (length = 24 bytes)
$Script_Init_80243B20 will be placed at 8024CE54 (length = 24 bytes)
$Script_Init_Mover will be placed at 8024CE78 (length = 24 bytes)
$Script_Init_BanditMover will be placed at 8024CE9C (length = 24 bytes)
$Script_DisableEnemyAI will be placed at 8024CEC0 (length = 20 bytes)
$EntryList will be placed at 8024CEE0 (length = 20 bytes)
$Script_EnemyAI will be placed at 8024CF00 (length = 20 bytes)
$NpcGroup6 will be placed at 8024CF20 (length = 18 bytes)
$NpcGroup3 will be placed at 8024CF38 (length = 18 bytes)
$NpcGroup2 will be placed at 8024CF50 (length = 18 bytes)
$NpcGroup5 will be placed at 8024CF68 (length = 18 bytes)
$NpcGroup4 will be placed at 8024CF80 (length = 18 bytes)
$NpcGroup1 will be placed at 8024CF98 (length = 18 bytes)
$SignString100 will be placed at 8024CFB0 (length = 18 bytes)
$SignString1 will be placed at 8024CFC8 (length = 14 bytes)
$SignString99 will be placed at 8024CFDC (length = 14 bytes)
$SignString98 will be placed at 8024CFF0 (length = 14 bytes)
$SignString97 will be placed at 8024D004 (length = 14 bytes)
$SignString96 will be placed at 8024D018 (length = 14 bytes)
$SignString95 will be placed at 8024D02C (length = 14 bytes)
$SignString94 will be placed at 8024D040 (length = 14 bytes)
$SignString93 will be placed at 8024D054 (length = 14 bytes)
$SignString92 will be placed at 8024D068 (length = 14 bytes)
$SignString91 will be placed at 8024D07C (length = 14 bytes)
$SignString90 will be placed at 8024D090 (length = 14 bytes)
$SignString59 will be placed at 8024D0A4 (length = 14 bytes)
$SignString58 will be placed at 8024D0B8 (length = 14 bytes)
$SignString57 will be placed at 8024D0CC (length = 14 bytes)
$SignString56 will be placed at 8024D0E0 (length = 14 bytes)
$SignString55 will be placed at 8024D0F4 (length = 14 bytes)
$SignString54 will be placed at 8024D108 (length = 14 bytes)
$SignString53 will be placed at 8024D11C (length = 14 bytes)
$SignString52 will be placed at 8024D130 (length = 14 bytes)
$SignString51 will be placed at 8024D144 (length = 14 bytes)
$SignString50 will be placed at 8024D158 (length = 14 bytes)
$SignString69 will be placed at 8024D16C (length = 14 bytes)
$SignString68 will be placed at 8024D180 (length = 14 bytes)
$SignString67 will be placed at 8024D194 (length = 14 bytes)
$SignString66 will be placed at 8024D1A8 (length = 14 bytes)
$SignString65 will be placed at 8024D1BC (length = 14 bytes)
$SignString64 will be placed at 8024D1D0 (length = 14 bytes)
$SignString63 will be placed at 8024D1E4 (length = 14 bytes)
$SignString62 will be placed at 8024D1F8 (length = 14 bytes)
$SignString61 will be placed at 8024D20C (length = 14 bytes)
$SignString60 will be placed at 8024D220 (length = 14 bytes)
$SignString79 will be placed at 8024D234 (length = 14 bytes)
$SignString78 will be placed at 8024D248 (length = 14 bytes)
$SignString77 will be placed at 8024D25C (length = 14 bytes)
$SignString76 will be placed at 8024D270 (length = 14 bytes)
$SignString75 will be placed at 8024D284 (length = 14 bytes)
$SignString74 will be placed at 8024D298 (length = 14 bytes)
$SignString73 will be placed at 8024D2AC (length = 14 bytes)
$SignString72 will be placed at 8024D2C0 (length = 14 bytes)
$SignString71 will be placed at 8024D2D4 (length = 14 bytes)
$SignString70 will be placed at 8024D2E8 (length = 14 bytes)
$SignString89 will be placed at 8024D2FC (length = 14 bytes)
$SignString88 will be placed at 8024D310 (length = 14 bytes)
$SignString87 will be placed at 8024D324 (length = 14 bytes)
$SignString86 will be placed at 8024D338 (length = 14 bytes)
$SignString85 will be placed at 8024D34C (length = 14 bytes)
$SignString84 will be placed at 8024D360 (length = 14 bytes)
$SignString83 will be placed at 8024D374 (length = 14 bytes)
$SignString82 will be placed at 8024D388 (length = 14 bytes)
$SignString81 will be placed at 8024D39C (length = 14 bytes)
$SignString80 will be placed at 8024D3B0 (length = 14 bytes)
$SignString19 will be placed at 8024D3C4 (length = 14 bytes)
$SignString18 will be placed at 8024D3D8 (length = 14 bytes)
$SignString17 will be placed at 8024D3EC (length = 14 bytes)
$SignString16 will be placed at 8024D400 (length = 14 bytes)
$SignString15 will be placed at 8024D414 (length = 14 bytes)
$SignString14 will be placed at 8024D428 (length = 14 bytes)
$SignString13 will be placed at 8024D43C (length = 14 bytes)
$SignString12 will be placed at 8024D450 (length = 14 bytes)
$SignString11 will be placed at 8024D464 (length = 14 bytes)
$SignString10 will be placed at 8024D478 (length = 14 bytes)
$SignString3 will be placed at 8024D48C (length = 14 bytes)
$SignString2 will be placed at 8024D4A0 (length = 14 bytes)
$SignString5 will be placed at 8024D4B4 (length = 14 bytes)
$SignString4 will be placed at 8024D4C8 (length = 14 bytes)
$SignString7 will be placed at 8024D4DC (length = 14 bytes)
$SignString6 will be placed at 8024D4F0 (length = 14 bytes)
$SignString9 will be placed at 8024D504 (length = 14 bytes)
$SignString8 will be placed at 8024D518 (length = 14 bytes)
$SignString29 will be placed at 8024D52C (length = 14 bytes)
$SignString28 will be placed at 8024D540 (length = 14 bytes)
$SignString27 will be placed at 8024D554 (length = 14 bytes)
$SignString26 will be placed at 8024D568 (length = 14 bytes)
$SignString25 will be placed at 8024D57C (length = 14 bytes)
$SignString24 will be placed at 8024D590 (length = 14 bytes)
$SignString23 will be placed at 8024D5A4 (length = 14 bytes)
$SignString22 will be placed at 8024D5B8 (length = 14 bytes)
$SignString21 will be placed at 8024D5CC (length = 14 bytes)
$SignString20 will be placed at 8024D5E0 (length = 14 bytes)
$SignString will be placed at 8024D5F4 (length = 14 bytes)
$SignString39 will be placed at 8024D608 (length = 14 bytes)
$SignString38 will be placed at 8024D61C (length = 14 bytes)
$SignString37 will be placed at 8024D630 (length = 14 bytes)
$SignString36 will be placed at 8024D644 (length = 14 bytes)
$SignString35 will be placed at 8024D658 (length = 14 bytes)
$SignString34 will be placed at 8024D66C (length = 14 bytes)
$SignString33 will be placed at 8024D680 (length = 14 bytes)
$SignString32 will be placed at 8024D694 (length = 14 bytes)
$SignString31 will be placed at 8024D6A8 (length = 14 bytes)
$SignString30 will be placed at 8024D6BC (length = 14 bytes)
$SignString49 will be placed at 8024D6D0 (length = 14 bytes)
$SignString48 will be placed at 8024D6E4 (length = 14 bytes)
$SignString47 will be placed at 8024D6F8 (length = 14 bytes)
$SignString46 will be placed at 8024D70C (length = 14 bytes)
$SignString45 will be placed at 8024D720 (length = 14 bytes)
$SignString44 will be placed at 8024D734 (length = 14 bytes)
$SignString43 will be placed at 8024D748 (length = 14 bytes)
$SignString42 will be placed at 8024D75C (length = 14 bytes)
$SignString41 will be placed at 8024D770 (length = 14 bytes)
$SignString40 will be placed at 8024D784 (length = 14 bytes)
$ASCII_pit_02_Literal will be placed at 8024D798 (length = C bytes)
$ASCII_pit_90_Literal will be placed at 8024D7A4 (length = C bytes)
$ASCII_pit_34_Literal will be placed at 8024D7B0 (length = C bytes)
$ASCII_pit_66_Literal will be placed at 8024D7BC (length = C bytes)
$ASCII_pit_98_Literal will be placed at 8024D7C8 (length = C bytes)
$ASCII_pit_19_Literal will be placed at 8024D7D4 (length = C bytes)
$ASCII_pit_57_Literal will be placed at 8024D7E0 (length = C bytes)
$ASCII_pit_69_Literal will be placed at 8024D7EC (length = C bytes)
$ASCII_pit_72_Literal will be placed at 8024D7F8 (length = C bytes)
$ASCII_pit_81_Literal will be placed at 8024D804 (length = C bytes)
$ASCII_pit_43_Literal will be placed at 8024D810 (length = C bytes)
$ASCII_pit_28_Literal will be placed at 8024D81C (length = C bytes)
$ASCII_pit_78_Literal will be placed at 8024D828 (length = C bytes)
$ASCII_pit_63_Literal will be placed at 8024D834 (length = C bytes)
$ASCII_pit_46_Literal will be placed at 8024D840 (length = C bytes)
$ASCII_pit_95_Literal will be placed at 8024D84C (length = C bytes)
$ASCII_pit_16_Literal will be placed at 8024D858 (length = C bytes)
$ASCII_pit_37_Literal will be placed at 8024D864 (length = C bytes)
$ASCII_pit_22_Literal will be placed at 8024D870 (length = C bytes)
$ASCII_pit_05_Literal will be placed at 8024D87C (length = C bytes)
$ASCII_pit_25_Literal will be placed at 8024D888 (length = C bytes)
$ASCII_pit_54_Literal will be placed at 8024D894 (length = C bytes)
$ASCII_pit_08_Literal will be placed at 8024D8A0 (length = C bytes)
$ASCII_pit_87_Literal will be placed at 8024D8AC (length = C bytes)
$ASCII_pit_75_Literal will be placed at 8024D8B8 (length = C bytes)
$ASCII_pit_13_Literal will be placed at 8024D8C4 (length = C bytes)
$ASCII_pit_32_Literal will be placed at 8024D8D0 (length = C bytes)
$ASCII_pit_92_Literal will be placed at 8024D8DC (length = C bytes)
$ASCII_pit_17_Literal will be placed at 8024D8E8 (length = C bytes)
$ASCII_pit_49_Literal will be placed at 8024D8F4 (length = C bytes)
$ASCII_pit_77_Literal will be placed at 8024D900 (length = C bytes)
$ASCII_pit_96_Literal will be placed at 8024D90C (length = C bytes)
$ASCII_pit_68_Literal will be placed at 8024D918 (length = C bytes)
$ASCII_pit_51_Literal will be placed at 8024D924 (length = C bytes)
$ASCII_pit_04_Literal will be placed at 8024D930 (length = C bytes)
$ASCII_pit_83_Literal will be placed at 8024D93C (length = C bytes)
$ASCII_pit_86_Literal will be placed at 8024D948 (length = C bytes)
$ASCII_pit_26_Literal will be placed at 8024D954 (length = C bytes)
$ASCII_pit_41_Literal will be placed at 8024D960 (length = C bytes)
$ASCII_pit_14_Literal will be placed at 8024D96C (length = C bytes)
$ASCII_pit_74_Literal will be placed at 8024D978 (length = C bytes)
$ASCII_pit_60_Literal will be placed at 8024D984 (length = C bytes)
$ASCII_pit_59_Literal will be placed at 8024D990 (length = C bytes)
$ASCII_pit_93_Literal will be placed at 8024D99C (length = C bytes)
$ASCII_pit_65_Literal will be placed at 8024D9A8 (length = C bytes)
$ASCII_pit_07_Literal will be placed at 8024D9B4 (length = C bytes)
$ASCII_pit_20_Literal will be placed at 8024D9C0 (length = C bytes)
$ASCII_pit_35_Literal will be placed at 8024D9CC (length = C bytes)
$ASCII_pit_23_Literal will be placed at 8024D9D8 (length = C bytes)
$ASCII_pit_11_Literal will be placed at 8024D9E4 (length = C bytes)
$ASCII_pit_56_Literal will be placed at 8024D9F0 (length = C bytes)
$ASCII_pit_44_Literal will be placed at 8024D9FC (length = C bytes)
$ASCII_pit_89_Literal will be placed at 8024DA08 (length = C bytes)
$ASCII_pit_79_Literal will be placed at 8024DA14 (length = C bytes)
$ASCII_pit_62_Literal will be placed at 8024DA20 (length = C bytes)
$ASCII_pit_94_Literal will be placed at 8024DA2C (length = C bytes)
$ASCII_pit_47_Literal will be placed at 8024DA38 (length = C bytes)
$ASCII_pit_21_Literal will be placed at 8024DA44 (length = C bytes)
$ASCII_pit_06_Literal will be placed at 8024DA50 (length = C bytes)
$ASCII_pit_53_Literal will be placed at 8024DA5C (length = C bytes)
$ASCII_pit_09_Literal will be placed at 8024DA68 (length = C bytes)
$ASCII_pit_88_Literal will be placed at 8024DA74 (length = C bytes)
$ASCII_pit_38_Literal will be placed at 8024DA80 (length = C bytes)
$ASCII_pit_24_Literal will be placed at 8024DA8C (length = C bytes)
$ASCII_pit_12_Literal will be placed at 8024DA98 (length = C bytes)
$ASCII_pit_76_Literal will be placed at 8024DAA4 (length = C bytes)
$ASCII_pit_01_Literal will be placed at 8024DAB0 (length = C bytes)
$ASCII_pit_50_Literal will be placed at 8024DABC (length = C bytes)
$ASCII_pit_33_Literal will be placed at 8024DAC8 (length = C bytes)
$ASCII_pit_99_Literal will be placed at 8024DAD4 (length = C bytes)
$ASCII_pit_67_Literal will be placed at 8024DAE0 (length = C bytes)
$ASCII_pit_71_Literal will be placed at 8024DAEC (length = C bytes)
$ASCII_pit_42_Literal will be placed at 8024DAF8 (length = C bytes)
$ASCII_pit_80_Literal will be placed at 8024DB04 (length = C bytes)
$ASCII_pit_29_Literal will be placed at 8024DB10 (length = C bytes)
$ASCII_pit_58_Literal will be placed at 8024DB1C (length = C bytes)
$ASCII_pit_30_Literal will be placed at 8024DB28 (length = C bytes)
$ASCII_pit_00_Literal will be placed at 8024DB34 (length = C bytes)
$ASCII_pit_64_Literal will be placed at 8024DB40 (length = C bytes)
$ASCII_pit_36_Literal will be placed at 8024DB4C (length = C bytes)
$ASCII_pit_55_Literal will be placed at 8024DB58 (length = C bytes)
$ASCII_pit_10_Literal will be placed at 8024DB64 (length = C bytes)
$ASCII_pit_45_Literal will be placed at 8024DB70 (length = C bytes)
$ASCII_pit_18_Literal will be placed at 8024DB7C (length = C bytes)
$ASCII_pit_48_Literal will be placed at 8024DB88 (length = C bytes)
$ASCII_pit_03_Literal will be placed at 8024DB94 (length = C bytes)
$ASCII_pit_31_Literal will be placed at 8024DBA0 (length = C bytes)
$ASCII_pit_91_Literal will be placed at 8024DBAC (length = C bytes)
$ASCII_pit_97_Literal will be placed at 8024DBB8 (length = C bytes)
$ASCII_pit_82_Literal will be placed at 8024DBC4 (length = C bytes)
$ASCII_pit_52_Literal will be placed at 8024DBD0 (length = C bytes)
$ASCII_pit_70_Literal will be placed at 8024DBDC (length = C bytes)
$ASCII_pit_85_Literal will be placed at 8024DBE8 (length = C bytes)
$ASCII_pit_40_Literal will be placed at 8024DBF4 (length = C bytes)
$ASCII_pit_39_Literal will be placed at 8024DC00 (length = C bytes)
$ASCII_pit_73_Literal will be placed at 8024DC0C (length = C bytes)
$ASCII_pit_15_Literal will be placed at 8024DC18 (length = C bytes)
$ASCII_pit_27_Literal will be placed at 8024DC24 (length = C bytes)
$ASCII_pit_61_Literal will be placed at 8024DC30 (length = C bytes)
$ConstDouble_80242298 will be placed at 8024DC3C (length = 8 bytes)
$ConstDouble_80242290 will be placed at 8024DC44 (length = 8 bytes)
$ASCII_pit_842_Literal will be placed at 8024DC4C (length = 8 bytes)
$ASCII_pit_100_Literal will be placed at 8024DC54 (length = 8 bytes)
$ASCII_tik_tex_Literal will be placed at 8024DC5C (length = 8 bytes)
$MoverCancel will be placed at 8024DC64 (length = 4 bytes)
$BanditMoverCancel will be placed at 8024DC68 (length = 4 bytes)
Executing patch: pit_20.mpat
Loaded map pit_20
Creating struct: $EntryList
Creating struct: $DeepestLevel
Creating struct: $TotalLevels
Creating struct: $LoadHighscores
Creating struct: $FallingDownPipe
Creating struct: $Function_GetPos
Creating struct: $Function2
Creating struct: $Script_TrackPlayer
Creating struct: $Script_PipeAnimation
Creating struct: $Function_SetAnimation
Creating struct: $Function_GetColliderPos
Creating struct: $Function_TrackInput
Creating struct: $GoToNextLevel
Creating struct: $GoToNextLevel_Roguelike
Creating struct: $Script_SetSetsOfLevels
Creating struct: $Script_LoadMap_Roguelike
Creating struct: $Script_LoadChestMap_Roguelike
Creating struct: $Script_LoadMap_Mover_Roguelike
Creating struct: $Script_LoadChestMap_Mover_Roguelike
Creating struct: $GetFloorPit
Creating struct: $GetFloorSign
Creating struct: $Function_GetTattle1
Creating struct: $Function_GetTattle2
Creating struct: $Script_ReadSign
Creating struct: $BadgeListRogue
Creating struct: $BadgeList
Creating struct: $GetBadge
Creating struct: $CoinChest
Creating struct: $LoadChestFloor
Creating struct: $ShopperInteraction
Creating struct: $GetFloorRowf
Creating struct: $ShopperInventory1-1
Creating struct: $ShopperInventory1-2
Creating struct: $ShopperInventory1-3
Creating struct: $ShopperInventory1-4
Creating struct: $ShopperInventory1-5
Creating struct: $ShopperInventory1-6
Creating struct: $ShopperInventory1-7
Creating struct: $ShopperInventory1-8
Creating struct: $ShopperInventory1-9
Creating struct: $ShopperInventory2-1
Creating struct: $ShopperInventory2-2
Creating struct: $ShopperInventory2-3
Creating struct: $ShopperInventory2-4
Creating struct: $ShopperInventory2-5
Creating struct: $ShopperInventory2-6
Creating struct: $ShopperInventory2-7
Creating struct: $ShopperInventory2-8
Creating struct: $ShopperInventory2-9
Creating struct: $ShopperInventory3-1
Creating struct: $ShopperInventory3-2
Creating struct: $ShopperInventory3-3
Creating struct: $ShopperInventory3-4
Creating struct: $ShopperInventory3-5
Creating struct: $ShopperInventory3-6
Creating struct: $ShopperInventory3-7
Creating struct: $ShopperInventory3-8
Creating struct: $ShopperInventory3-9
Creating struct: $ShopperInventory4-1
Creating struct: $ShopperInventory4-2
Creating struct: $ShopperInventory4-3
Creating struct: $ShopperInventory4-4
Creating struct: $ShopperInventory4-5
Creating struct: $ShopperInventory4-6
Creating struct: $ShopperInventory4-7
Creating struct: $ShopperInventory4-8
Creating struct: $ShopperInventory4-9
Creating struct: $ShopperInventory5-1
Creating struct: $ShopperInventory5-2
Creating struct: $ShopperInventory5-3
Creating struct: $ShopperInventory5-4
Creating struct: $ShopperInventory5-5
Creating struct: $ShopperInventory5-6
Creating struct: $ShopperInventory5-7
Creating struct: $ShopperInventory5-8
Creating struct: $ShopperInventory5-9
Creating struct: $ShopperInventory6-1
Creating struct: $ShopperInventory6-2
Creating struct: $ShopperInventory6-3
Creating struct: $ShopperInventory6-4
Creating struct: $ShopperInventory6-5
Creating struct: $ShopperInventory6-6
Creating struct: $ShopperInventory6-7
Creating struct: $ShopperInventory6-8
Creating struct: $ShopperInventory6-9
Creating struct: $ShopperInventory7-1
Creating struct: $ShopperInventory7-2
Creating struct: $ShopperInventory7-3
Creating struct: $ShopperInventory7-4
Creating struct: $ShopperInventory7-5
Creating struct: $ShopperInventory7-6
Creating struct: $ShopperInventory7-7
Creating struct: $ShopperInventory7-8
Creating struct: $ShopperInventory7-9
Creating struct: $ShopperInventory8-1
Creating struct: $ShopperInventory8-2
Creating struct: $ShopperInventory8-3
Creating struct: $ShopperInventory8-4
Creating struct: $ShopperInventory8-5
Creating struct: $ShopperInventory8-6
Creating struct: $ShopperInventory8-7
Creating struct: $ShopperInventory8-8
Creating struct: $ShopperInventory8-9
Creating struct: $ShopperInventory9-1
Creating struct: $ShopperInventory9-2
Creating struct: $ShopperInventory9-3
Creating struct: $ShopperInventory9-4
Creating struct: $ShopperInventory9-5
Creating struct: $ShopperInventory9-6
Creating struct: $ShopperInventory9-7
Creating struct: $ShopperInventory9-8
Creating struct: $ShopperInventory9-9
Creating struct: $InventoryAvailability
Creating struct: $LoadCoins
Creating struct: $LoadInventory1
Creating struct: $LoadInventory2
Creating struct: $LoadInventory3
Creating struct: $LoadInventory4
Creating struct: $LoadInventory5
Creating struct: $LoadInventory6
Creating struct: $LoadInventory7
Creating struct: $LoadInventory8
Creating struct: $LoadInventory9
Creating struct: $Partner_Settings
Creating struct: $Init_NPC
Creating struct: $NPC_Cutscene1
Creating struct: $NPC_Cutscene2
Creating struct: $NPC_Cutscene3
Creating struct: $NPC_Cutscene4
Creating struct: $NPC_Cutscene5
Creating struct: $Script_MarioAnimation0
Creating struct: $Script_MarioAnimation1
Creating struct: $NPC_Cutscene6
Creating struct: $Script_WattLightnings
Creating struct: $NPC_Cutscene7
Creating struct: $NPC_Cutscene8
Creating struct: $VectorList_Path_Lakilester
Creating struct: $Function_LoadPath
Creating struct: $Script_SetNPC
Creating struct: $PartnerFunc1
Creating struct: $PartnerFunc2
Creating struct: $Explotion
Creating struct: $PartnerImage1
Creating struct: $PartnerImage2
Creating struct: $PartnerImage3
Creating struct: $PartnerImage4
Creating struct: $PartnerImage5
Creating struct: $PartnerImage6
Creating struct: $PartnerImage7
Creating struct: $PartnerImage8
Creating struct: $JoinedYourParty
Creating struct: $SetNPCtoPartner
Creating struct: $Header
Creating struct: $Function_Init
Creating struct: $Script_Main
Creating struct: $Script_MakeEntities
Creating struct: $Script_ReadSignExit
Creating struct: $Script_UseChest
Creating struct: $Script_OpenChest
Creating struct: $Script_GetItem
Creating struct: $Function_ActivateBadge
Creating struct: $CommingDownPipe
Creating struct: $PipeSpawning
Creating struct: $Script_MakeExits
Creating struct: $Script_Exit1
Creating struct: $Script_Exit0
Creating struct: $PipeAnimationX
Creating struct: $Function_802400F0
Creating struct: $Function_80240000
Creating struct: $NpcGroups
Creating struct: $NpcGroup_Partners
Creating struct: $NpcGroup_Rowf
Creating struct: $Rowf_Settings
Creating struct: $Script_AI_Rowf
Creating struct: $InitShopper
Creating struct: $GotItem
Creating struct: $NpcGroup_BlackRowf
Creating struct: $BRowf_Settings
Creating struct: $Init_BRowf
Creating struct: $GetItem_BRowf
Creating struct: $LoadCoins_BRowf
Creating struct: $EnableInputs
Merged 1 regions to 1
$BadgeList will be placed at 80240000 (length = 2040 bytes)
$BadgeListRogue will be placed at 80242040 (length = 143C bytes)
$GetBadge will be placed at 8024347C (length = F9C bytes)
$Script_LoadMap_Mover_Roguelike will be placed at 80244418 (length = F14 bytes)
$Script_ReadSign will be placed at 8024532C (length = EEC bytes)
$NPC_Cutscene5 will be placed at 80246218 (length = DAC bytes)
$Script_LoadMap_Roguelike will be placed at 80246FC4 (length = D9C bytes)
$NpcGroup_Partners will be placed at 80247D60 (length = D90 bytes)
$GoToNextLevel will be placed at 80248AF0 (length = D10 bytes)
$Script_MakeEntities will be placed at 80249800 (length = A48 bytes)
$GoToNextLevel_Roguelike will be placed at 8024A248 (length = 868 bytes)
$ShopperInteraction will be placed at 8024AAB0 (length = 50C bytes)
$NPC_Cutscene4 will be placed at 8024AFBC (length = 500 bytes)
$Script_UseChest will be placed at 8024B4BC (length = 4DC bytes)
$NPC_Cutscene2 will be placed at 8024B998 (length = 4DC bytes)
$LoadInventory7 will be placed at 8024BE74 (length = 474 bytes)
$LoadInventory6 will be placed at 8024C2E8 (length = 474 bytes)
$LoadInventory9 will be placed at 8024C75C (length = 474 bytes)
$LoadInventory8 will be placed at 8024CBD0 (length = 474 bytes)
$LoadInventory3 will be placed at 8024D044 (length = 474 bytes)
$LoadInventory2 will be placed at 8024D4B8 (length = 474 bytes)
$LoadInventory5 will be placed at 8024D92C (length = 474 bytes)
$LoadInventory4 will be placed at 8024DDA0 (length = 474 bytes)
$LoadInventory1 will be placed at 8024E214 (length = 474 bytes)
$NPC_Cutscene3 will be placed at 8024E688 (length = 448 bytes)
$NPC_Cutscene7 will be placed at 8024EAD0 (length = 430 bytes)
$Init_BRowf will be placed at 8024EF00 (length = 3A4 bytes)
$FallingDownPipe will be placed at 8024F2A4 (length = 37C bytes)
$PipeAnimationX will be placed at 8024F620 (length = 364 bytes)
$Script_SetSetsOfLevels will be placed at 8024F984 (length = 358 bytes)
$Script_SetNPC will be placed at 8024FCDC (length = 328 bytes)
$NPC_Cutscene1 will be placed at 80250004 (length = 320 bytes)
$NPC_Cutscene6 will be placed at 80250324 (length = 318 bytes)
$NPC_Cutscene8 will be placed at 8025063C (length = 29C bytes)
$Script_MarioAnimation0 will be placed at 802508D8 (length = 21C bytes)
$NpcGroup_BlackRowf will be placed at 80250AF4 (length = 1F0 bytes)
$NpcGroup_Rowf will be placed at 80250CE4 (length = 1F0 bytes)
$Script_PipeAnimation will be placed at 80250ED4 (length = 1D0 bytes)
$Script_Main will be placed at 802510A4 (length = 1D0 bytes)
$JoinedYourParty will be placed at 80251274 (length = 194 bytes)
$Script_LoadChestMap_Mover_Roguelike will be placed at 80251408 (length = 18C bytes)
$SetNPCtoPartner will be placed at 80251594 (length = 184 bytes)
$PipeSpawning will be placed at 80251718 (length = 178 bytes)
$Function_ActivateBadge will be placed at 80251890 (length = 178 bytes)
$Script_LoadChestMap_Roguelike will be placed at 80251A08 (length = 164 bytes)
$CoinChest will be placed at 80251B6C (length = 158 bytes)
$Init_NPC will be placed at 80251CC4 (length = 154 bytes)
$LoadChestFloor will be placed at 80251E18 (length = 154 bytes)
$MapTattle5 will be placed at 80251F6C (length = 13C bytes)
$MapTattle4 will be placed at 802520A8 (length = 130 bytes)
$Script_WattLightnings will be placed at 802521D8 (length = 124 bytes)
$Script_AI_Rowf will be placed at 802522FC (length = 114 bytes)
$Function_LoadPath will be placed at 80252410 (length = 114 bytes)
$Script_OpenChest will be placed at 80252524 (length = 108 bytes)
$BRowfTattle will be placed at 8025262C (length = F4 bytes)
$ShopperTattle will be placed at 80252720 (length = E8 bytes)
$Function_GetColliderPos will be placed at 80252808 (length = E0 bytes)
$Function_GetPos will be placed at 802528E8 (length = E0 bytes)
$Function_802400F0 will be placed at 802529C8 (length = E0 bytes)
$Script_TrackPlayer will be placed at 80252AA8 (length = DC bytes)
$MapTattle2 will be placed at 80252B84 (length = D4 bytes)
$ShopperBye1 will be placed at 80252C58 (length = C0 bytes)
$Explotion will be placed at 80252D18 (length = BC bytes)
$ShopperBye2 will be placed at 80252DD4 (length = BC bytes)
$Function_TrackInput will be placed at 80252E90 (length = BC bytes)
$ShopperWelcome will be placed at 80252F4C (length = B4 bytes)
$Script_MarioAnimation1 will be placed at 80253000 (length = B0 bytes)
$MapTattle3 will be placed at 802530B0 (length = B0 bytes)
$MapTattle1 will be placed at 80253160 (length = A8 bytes)
$CoinsString will be placed at 80253208 (length = 94 bytes)
$ShopperBuying will be placed at 8025329C (length = 94 bytes)
$Function_GetTattle1 will be placed at 80253330 (length = 8C bytes)
$LoadHighscores will be placed at 802533BC (length = 7C bytes)
$SignStringBug will be placed at 80253438 (length = 7C bytes)
$DeepestLevel will be placed at 802534B4 (length = 6C bytes)
$Function_SetAnimation will be placed at 80253520 (length = 6C bytes)
$Function2 will be placed at 8025358C (length = 6C bytes)
$GetFloorPit will be placed at 802535F8 (length = 68 bytes)
$AfterBuying will be placed at 80253660 (length = 68 bytes)
$GetFloorSign will be placed at 802536C8 (length = 64 bytes)
$Bye-BRowf will be placed at 8025372C (length = 5C bytes)
$Script_GetItem will be placed at 80253788 (length = 54 bytes)
$Init-BRowf will be placed at 802537DC (length = 50 bytes)
$Function_GetTattle2 will be placed at 8025382C (length = 48 bytes)
$ShopperInventory1-9 will be placed at 80253874 (length = 48 bytes)
$ShopperInventory1-8 will be placed at 802538BC (length = 48 bytes)
$ShopperInventory1-7 will be placed at 80253904 (length = 48 bytes)
$ShopperInventory1-6 will be placed at 8025394C (length = 48 bytes)
$ShopperInventory1-5 will be placed at 80253994 (length = 48 bytes)
$StrangeSackBadge will be placed at 802539DC (length = 48 bytes)
$ShopperInventory8-5 will be placed at 80253A24 (length = 48 bytes)
$ShopperInventory8-4 will be placed at 80253A6C (length = 48 bytes)
$ShopperInventory8-3 will be placed at 80253AB4 (length = 48 bytes)
$ShopperInventory8-2 will be placed at 80253AFC (length = 48 bytes)
$ShopperInventory8-1 will be placed at 80253B44 (length = 48 bytes)
$ShopperInventory8-9 will be placed at 80253B8C (length = 48 bytes)
$ShopperInventory8-8 will be placed at 80253BD4 (length = 48 bytes)
$ShopperInventory8-7 will be placed at 80253C1C (length = 48 bytes)
$ShopperInventory8-6 will be placed at 80253C64 (length = 48 bytes)
$ShopperInventory9-4 will be placed at 80253CAC (length = 48 bytes)
$ShopperInventory9-3 will be placed at 80253CF4 (length = 48 bytes)
$ShopperInventory9-2 will be placed at 80253D3C (length = 48 bytes)
$ShopperInventory9-1 will be placed at 80253D84 (length = 48 bytes)
$ShopperInventory9-9 will be placed at 80253DCC (length = 48 bytes)
$ShopperInventory9-8 will be placed at 80253E14 (length = 48 bytes)
$ShopperInventory9-7 will be placed at 80253E5C (length = 48 bytes)
$ShopperInventory9-6 will be placed at 80253EA4 (length = 48 bytes)
$ShopperInventory9-5 will be placed at 80253EEC (length = 48 bytes)
$CommingDownPipe will be placed at 80253F34 (length = 48 bytes)
$ShopperInventory6-7 will be placed at 80253F7C (length = 48 bytes)
$ShopperInventory6-6 will be placed at 80253FC4 (length = 48 bytes)
$ShopperInventory6-5 will be placed at 8025400C (length = 48 bytes)
$ShopperInventory6-4 will be placed at 80254054 (length = 48 bytes)
$ShopperInventory6-3 will be placed at 8025409C (length = 48 bytes)
$ShopperInventory6-2 will be placed at 802540E4 (length = 48 bytes)
$ShopperInventory6-1 will be placed at 8025412C (length = 48 bytes)
$ShopperInventory6-9 will be placed at 80254174 (length = 48 bytes)
$ShopperInventory6-8 will be placed at 802541BC (length = 48 bytes)
$ShopperInventory7-6 will be placed at 80254204 (length = 48 bytes)
$ShopperInventory7-5 will be placed at 8025424C (length = 48 bytes)
$ShopperInventory7-4 will be placed at 80254294 (length = 48 bytes)
$ShopperInventory7-3 will be placed at 802542DC (length = 48 bytes)
$ShopperInventory7-2 will be placed at 80254324 (length = 48 bytes)
$ShopperInventory7-1 will be placed at 8025436C (length = 48 bytes)
$ShopperInventory7-9 will be placed at 802543B4 (length = 48 bytes)
$ShopperInventory7-8 will be placed at 802543FC (length = 48 bytes)
$ShopperInventory7-7 will be placed at 80254444 (length = 48 bytes)
$ShopperInventory4-9 will be placed at 8025448C (length = 48 bytes)
$ShopperInventory4-8 will be placed at 802544D4 (length = 48 bytes)
$ShopperInventory4-7 will be placed at 8025451C (length = 48 bytes)
$ShopperInventory4-6 will be placed at 80254564 (length = 48 bytes)
$ShopperInventory4-5 will be placed at 802545AC (length = 48 bytes)
$ShopperInventory4-4 will be placed at 802545F4 (length = 48 bytes)
$ShopperInventory4-3 will be placed at 8025463C (length = 48 bytes)
$ShopperInventory4-2 will be placed at 80254684 (length = 48 bytes)
$ShopperInventory3-2 will be placed at 802546CC (length = 48 bytes)
$ShopperInventory3-1 will be placed at 80254714 (length = 48 bytes)
$ShopperInventory5-8 will be placed at 8025475C (length = 48 bytes)
$ShopperInventory5-7 will be placed at 802547A4 (length = 48 bytes)
$ShopperInventory5-6 will be placed at 802547EC (length = 48 bytes)
$ShopperInventory5-5 will be placed at 80254834 (length = 48 bytes)
$ShopperInventory5-4 will be placed at 8025487C (length = 48 bytes)
$ShopperInventory5-3 will be placed at 802548C4 (length = 48 bytes)
$ShopperInventory5-2 will be placed at 8025490C (length = 48 bytes)
$ShopperInventory5-1 will be placed at 80254954 (length = 48 bytes)
$ShopperInventory5-9 will be placed at 8025499C (length = 48 bytes)
$ShopperInventory4-1 will be placed at 802549E4 (length = 48 bytes)
$ShopperInventory2-9 will be placed at 80254A2C (length = 48 bytes)
$Script_ReadSignExit will be placed at 80254A74 (length = 48 bytes)
$ShopperInventory2-8 will be placed at 80254ABC (length = 48 bytes)
$ShopperInventory2-7 will be placed at 80254B04 (length = 48 bytes)
$ShopperInventory2-6 will be placed at 80254B4C (length = 48 bytes)
$ShopperInventory2-5 will be placed at 80254B94 (length = 48 bytes)
$ShopperInventory2-4 will be placed at 80254BDC (length = 48 bytes)
$ShopperInventory1-4 will be placed at 80254C24 (length = 48 bytes)
$ShopperInventory1-3 will be placed at 80254C6C (length = 48 bytes)
$ShopperInventory1-2 will be placed at 80254CB4 (length = 48 bytes)
$ShopperInventory1-1 will be placed at 80254CFC (length = 48 bytes)
$Script_Exit1 will be placed at 80254D44 (length = 48 bytes)
$Script_Exit0 will be placed at 80254D8C (length = 48 bytes)
$ShopperInventory3-9 will be placed at 80254DD4 (length = 48 bytes)
$ShopperInventory3-8 will be placed at 80254E1C (length = 48 bytes)
$ShopperInventory3-7 will be placed at 80254E64 (length = 48 bytes)
$Script_MakeExits will be placed at 80254EAC (length = 48 bytes)
$ShopperInventory3-6 will be placed at 80254EF4 (length = 48 bytes)
$ShopperInventory3-5 will be placed at 80254F3C (length = 48 bytes)
$ShopperInventory3-4 will be placed at 80254F84 (length = 48 bytes)
$ShopperInventory3-3 will be placed at 80254FCC (length = 48 bytes)
$ShopperInventory2-3 will be placed at 80255014 (length = 48 bytes)
$ShopperInventory2-2 will be placed at 8025505C (length = 48 bytes)
$ShopperInventory2-1 will be placed at 802550A4 (length = 48 bytes)
$NoInventory-BRowf will be placed at 802550EC (length = 44 bytes)
$GetFloorRowf will be placed at 80255130 (length = 44 bytes)
$Function_Init will be placed at 80255174 (length = 44 bytes)
$GetItem_BRowf will be placed at 802551B8 (length = 44 bytes)
$NoCoins will be placed at 802551FC (length = 44 bytes)
$ShopperCancel will be placed at 80255240 (length = 40 bytes)
$Header will be placed at 80255280 (length = 40 bytes)
$PartnerFunc2 will be placed at 802552C0 (length = 3C bytes)
$VectorList_Path_Lakilester will be placed at 802552FC (length = 3C bytes)
$TotalLevels will be placed at 80255338 (length = 38 bytes)
$PartnerFunc1 will be placed at 80255370 (length = 34 bytes)
$LoadCoins_BRowf will be placed at 802553A4 (length = 34 bytes)
$EntryList will be placed at 802553D8 (length = 30 bytes)
$GotItem will be placed at 80255408 (length = 30 bytes)
$NoMoney-BRowf will be placed at 80255438 (length = 30 bytes)
$InventoryAvailability will be placed at 80255468 (length = 2C bytes)
$EnableInputs will be placed at 80255494 (length = 2C bytes)
$LoadCoins will be placed at 802554C0 (length = 2C bytes)
$Rowf_Settings will be placed at 802554EC (length = 2C bytes)
$Partner_Settings will be placed at 80255518 (length = 2C bytes)
$BRowf_Settings will be placed at 80255544 (length = 28 bytes)
$Init2-BRowf will be placed at 8025556C (length = 24 bytes)
$NpcGroups will be placed at 80255590 (length = 24 bytes)
$InitShopper will be placed at 802555B4 (length = 24 bytes)
$Function_80240000 will be placed at 802555D8 (length = 20 bytes)
$SignStringExit will be placed at 802555F8 (length = 20 bytes)
$SignString100 will be placed at 80255618 (length = 18 bytes)
$SignString1 will be placed at 80255630 (length = 14 bytes)
$SignString59 will be placed at 80255644 (length = 14 bytes)
$SignString58 will be placed at 80255658 (length = 14 bytes)
$SignString57 will be placed at 8025566C (length = 14 bytes)
$SignString56 will be placed at 80255680 (length = 14 bytes)
$SignString55 will be placed at 80255694 (length = 14 bytes)
$SignString54 will be placed at 802556A8 (length = 14 bytes)
$SignString53 will be placed at 802556BC (length = 14 bytes)
$SignString52 will be placed at 802556D0 (length = 14 bytes)
$SignString51 will be placed at 802556E4 (length = 14 bytes)
$SignString50 will be placed at 802556F8 (length = 14 bytes)
$SignString69 will be placed at 8025570C (length = 14 bytes)
$SignString68 will be placed at 80255720 (length = 14 bytes)
$SignString67 will be placed at 80255734 (length = 14 bytes)
$SignString66 will be placed at 80255748 (length = 14 bytes)
$SignString65 will be placed at 8025575C (length = 14 bytes)
$SignString64 will be placed at 80255770 (length = 14 bytes)
$SignString63 will be placed at 80255784 (length = 14 bytes)
$SignString62 will be placed at 80255798 (length = 14 bytes)
$SignString61 will be placed at 802557AC (length = 14 bytes)
$SignString60 will be placed at 802557C0 (length = 14 bytes)
$SignString79 will be placed at 802557D4 (length = 14 bytes)
$SignString78 will be placed at 802557E8 (length = 14 bytes)
$SignString77 will be placed at 802557FC (length = 14 bytes)
$SignString76 will be placed at 80255810 (length = 14 bytes)
$SignString75 will be placed at 80255824 (length = 14 bytes)
$SignString74 will be placed at 80255838 (length = 14 bytes)
$SignString73 will be placed at 8025584C (length = 14 bytes)
$SignString72 will be placed at 80255860 (length = 14 bytes)
$SignString71 will be placed at 80255874 (length = 14 bytes)
$SignString70 will be placed at 80255888 (length = 14 bytes)
$SignString89 will be placed at 8025589C (length = 14 bytes)
$SignString88 will be placed at 802558B0 (length = 14 bytes)
$SignString87 will be placed at 802558C4 (length = 14 bytes)
$SignString86 will be placed at 802558D8 (length = 14 bytes)
$SignString85 will be placed at 802558EC (length = 14 bytes)
$SignString84 will be placed at 80255900 (length = 14 bytes)
$SignString83 will be placed at 80255914 (length = 14 bytes)
$SignString82 will be placed at 80255928 (length = 14 bytes)
$SignString81 will be placed at 8025593C (length = 14 bytes)
$SignString80 will be placed at 80255950 (length = 14 bytes)
$SignString19 will be placed at 80255964 (length = 14 bytes)
$SignString18 will be placed at 80255978 (length = 14 bytes)
$SignString17 will be placed at 8025598C (length = 14 bytes)
$SignString16 will be placed at 802559A0 (length = 14 bytes)
$SignString15 will be placed at 802559B4 (length = 14 bytes)
$SignString14 will be placed at 802559C8 (length = 14 bytes)
$SignString13 will be placed at 802559DC (length = 14 bytes)
$SignString12 will be placed at 802559F0 (length = 14 bytes)
$SignString11 will be placed at 80255A04 (length = 14 bytes)
$SignString10 will be placed at 80255A18 (length = 14 bytes)
$SignString3 will be placed at 80255A2C (length = 14 bytes)
$SignString2 will be placed at 80255A40 (length = 14 bytes)
$SignString5 will be placed at 80255A54 (length = 14 bytes)
$SignString4 will be placed at 80255A68 (length = 14 bytes)
$SignString7 will be placed at 80255A7C (length = 14 bytes)
$SignString6 will be placed at 80255A90 (length = 14 bytes)
$SignString9 will be placed at 80255AA4 (length = 14 bytes)
$SignString8 will be placed at 80255AB8 (length = 14 bytes)
$SignString29 will be placed at 80255ACC (length = 14 bytes)
$SignString28 will be placed at 80255AE0 (length = 14 bytes)
$SignString27 will be placed at 80255AF4 (length = 14 bytes)
$SignString26 will be placed at 80255B08 (length = 14 bytes)
$SignString25 will be placed at 80255B1C (length = 14 bytes)
$SignString24 will be placed at 80255B30 (length = 14 bytes)
$SignString23 will be placed at 80255B44 (length = 14 bytes)
$SignString22 will be placed at 80255B58 (length = 14 bytes)
$SignString21 will be placed at 80255B6C (length = 14 bytes)
$SignString20 will be placed at 80255B80 (length = 14 bytes)
$SignString will be placed at 80255B94 (length = 14 bytes)
$SignString39 will be placed at 80255BA8 (length = 14 bytes)
$SignString38 will be placed at 80255BBC (length = 14 bytes)
$SignString37 will be placed at 80255BD0 (length = 14 bytes)
$SignString36 will be placed at 80255BE4 (length = 14 bytes)
$SignString35 will be placed at 80255BF8 (length = 14 bytes)
$SignString34 will be placed at 80255C0C (length = 14 bytes)
$SignString33 will be placed at 80255C20 (length = 14 bytes)
$SignString32 will be placed at 80255C34 (length = 14 bytes)
$SignString31 will be placed at 80255C48 (length = 14 bytes)
$SignString30 will be placed at 80255C5C (length = 14 bytes)
$SignString49 will be placed at 80255C70 (length = 14 bytes)
$SignString48 will be placed at 80255C84 (length = 14 bytes)
$SignString47 will be placed at 80255C98 (length = 14 bytes)
$SignString46 will be placed at 80255CAC (length = 14 bytes)
$SignString45 will be placed at 80255CC0 (length = 14 bytes)
$SignString44 will be placed at 80255CD4 (length = 14 bytes)
$SignString43 will be placed at 80255CE8 (length = 14 bytes)
$SignString42 will be placed at 80255CFC (length = 14 bytes)
$SignString41 will be placed at 80255D10 (length = 14 bytes)
$SignString40 will be placed at 80255D24 (length = 14 bytes)
$SignString99 will be placed at 80255D38 (length = 14 bytes)
$SignString98 will be placed at 80255D4C (length = 14 bytes)
$SignString97 will be placed at 80255D60 (length = 14 bytes)
$SignString96 will be placed at 80255D74 (length = 14 bytes)
$SignString95 will be placed at 80255D88 (length = 14 bytes)
$SignString94 will be placed at 80255D9C (length = 14 bytes)
$SignString93 will be placed at 80255DB0 (length = 14 bytes)
$SignString92 will be placed at 80255DC4 (length = 14 bytes)
$SignString91 will be placed at 80255DD8 (length = 14 bytes)
$SignString90 will be placed at 80255DEC (length = 14 bytes)
$ShopperAccepted will be placed at 80255E00 (length = 14 bytes)
$PartnerImage4 will be placed at 80255E14 (length = 10 bytes)
$PartnerImage5 will be placed at 80255E24 (length = 10 bytes)
$PartnerImage2 will be placed at 80255E34 (length = 10 bytes)
$PartnerImage8 will be placed at 80255E44 (length = 10 bytes)
$ASCII_pit_02_Literal will be placed at 80255E54 (length = C bytes)
$ASCII_pit_34_Literal will be placed at 80255E60 (length = C bytes)
$ASCII_pit_66_Literal will be placed at 80255E6C (length = C bytes)
$ASCII_pit_98_Literal will be placed at 80255E78 (length = C bytes)
$ASCII_pit_19_Literal will be placed at 80255E84 (length = C bytes)
$ASCII_pit_69_Literal will be placed at 80255E90 (length = C bytes)
$ASCII_pit_81_Literal will be placed at 80255E9C (length = C bytes)
$ASCII_pit_63_Literal will be placed at 80255EA8 (length = C bytes)
$ASCII_pit_95_Literal will be placed at 80255EB4 (length = C bytes)
$ASCII_pit_16_Literal will be placed at 80255EC0 (length = C bytes)
$ASCII_pit_37_Literal will be placed at 80255ECC (length = C bytes)
$ASCII_pit_05_Literal will be placed at 80255ED8 (length = C bytes)
$ASCII_pit_08_Literal will be placed at 80255EE4 (length = C bytes)
$ASCII_pit_87_Literal will be placed at 80255EF0 (length = C bytes)
$ASCII_pit_13_Literal will be placed at 80255EFC (length = C bytes)
$ASCII_pit_92_Literal will be placed at 80255F08 (length = C bytes)
$ASCII_pit_77_Literal will be placed at 80255F14 (length = C bytes)
$ASCII_pit_26_Literal will be placed at 80255F20 (length = C bytes)
$ASCII_pit_41_Literal will be placed at 80255F2C (length = C bytes)
$ASCII_pit_74_Literal will be placed at 80255F38 (length = C bytes)
$ASCII_pit_60_Literal will be placed at 80255F44 (length = C bytes)
$ASCII_pit_59_Literal will be placed at 80255F50 (length = C bytes)
$ASCII_pit_20_Literal will be placed at 80255F5C (length = C bytes)
$ASCII_pit_23_Literal will be placed at 80255F68 (length = C bytes)
$ASCII_pit_56_Literal will be placed at 80255F74 (length = C bytes)
$ASCII_pit_44_Literal will be placed at 80255F80 (length = C bytes)
$ASCII_pit_94_Literal will be placed at 80255F8C (length = C bytes)
$ASCII_pit_21_Literal will be placed at 80255F98 (length = C bytes)
$ASCII_pit_53_Literal will be placed at 80255FA4 (length = C bytes)
$ASCII_pit_09_Literal will be placed at 80255FB0 (length = C bytes)
$ASCII_pit_88_Literal will be placed at 80255FBC (length = C bytes)
$ASCII_pit_38_Literal will be placed at 80255FC8 (length = C bytes)
$ASCII_pit_76_Literal will be placed at 80255FD4 (length = C bytes)
$ASCII_pit_33_Literal will be placed at 80255FE0 (length = C bytes)
$ASCII_pit_99_Literal will be placed at 80255FEC (length = C bytes)
$ASCII_pit_71_Literal will be placed at 80255FF8 (length = C bytes)
$ASCII_pit_58_Literal will be placed at 80256004 (length = C bytes)
$ASCII_pit_64_Literal will be placed at 80256010 (length = C bytes)
$ASCII_pit_10_Literal will be placed at 8025601C (length = C bytes)
$ASCII_pit_45_Literal will be placed at 80256028 (length = C bytes)
$ASCII_pit_03_Literal will be placed at 80256034 (length = C bytes)
$ASCII_pit_82_Literal will be placed at 80256040 (length = C bytes)
$ASCII_pit_52_Literal will be placed at 8025604C (length = C bytes)
$ASCII_pit_70_Literal will be placed at 80256058 (length = C bytes)
$ASCII_pit_40_Literal will be placed at 80256064 (length = C bytes)
$ASCII_pit_39_Literal will be placed at 80256070 (length = C bytes)
$ASCII_pit_15_Literal will be placed at 8025607C (length = C bytes)
$ASCII_pit_27_Literal will be placed at 80256088 (length = C bytes)
$ASCII_pit_90_Literal will be placed at 80256094 (length = C bytes)
$ASCII_pit_57_Literal will be placed at 802560A0 (length = C bytes)
$ASCII_pit_72_Literal will be placed at 802560AC (length = C bytes)
$ASCII_pit_43_Literal will be placed at 802560B8 (length = C bytes)
$ASCII_pit_28_Literal will be placed at 802560C4 (length = C bytes)
$ASCII_pit_78_Literal will be placed at 802560D0 (length = C bytes)
$ASCII_pit_46_Literal will be placed at 802560DC (length = C bytes)
$ASCII_pit_22_Literal will be placed at 802560E8 (length = C bytes)
$ASCII_pit_25_Literal will be placed at 802560F4 (length = C bytes)
$ASCII_pit_54_Literal will be placed at 80256100 (length = C bytes)
$ASCII_pit_75_Literal will be placed at 8025610C (length = C bytes)
$ASCII_pit_32_Literal will be placed at 80256118 (length = C bytes)
$ASCII_pit_17_Literal will be placed at 80256124 (length = C bytes)
$ASCII_pit_49_Literal will be placed at 80256130 (length = C bytes)
$ASCII_pit_96_Literal will be placed at 8025613C (length = C bytes)
$ASCII_pit_68_Literal will be placed at 80256148 (length = C bytes)
$ASCII_pit_51_Literal will be placed at 80256154 (length = C bytes)
$ASCII_pit_04_Literal will be placed at 80256160 (length = C bytes)
$ASCII_pit_83_Literal will be placed at 8025616C (length = C bytes)
$ASCII_pit_86_Literal will be placed at 80256178 (length = C bytes)
$ASCII_pit_14_Literal will be placed at 80256184 (length = C bytes)
$ASCII_pit_93_Literal will be placed at 80256190 (length = C bytes)
$ASCII_pit_65_Literal will be placed at 8025619C (length = C bytes)
$ASCII_pit_07_Literal will be placed at 802561A8 (length = C bytes)
$ASCII_pit_35_Literal will be placed at 802561B4 (length = C bytes)
$ASCII_pit_11_Literal will be placed at 802561C0 (length = C bytes)
$ASCII_pit_89_Literal will be placed at 802561CC (length = C bytes)
$ASCII_pit_79_Literal will be placed at 802561D8 (length = C bytes)
$ASCII_pit_62_Literal will be placed at 802561E4 (length = C bytes)
$Init3-BRowf will be placed at 802561F0 (length = C bytes)
$ASCII_pit_47_Literal will be placed at 802561FC (length = C bytes)
$ASCII_pit_06_Literal will be placed at 80256208 (length = C bytes)
$ASCII_pit_24_Literal will be placed at 80256214 (length = C bytes)
$ASCII_pit_12_Literal will be placed at 80256220 (length = C bytes)
$ASCII_pit_01_Literal will be placed at 8025622C (length = C bytes)
$PartnerImage3 will be placed at 80256238 (length = C bytes)
$PartnerImage6 will be placed at 80256244 (length = C bytes)
$ASCII_pit_50_Literal will be placed at 80256250 (length = C bytes)
$PartnerImage1 will be placed at 8025625C (length = C bytes)
$ASCII_pit_67_Literal will be placed at 80256268 (length = C bytes)
$ASCII_pit_42_Literal will be placed at 80256274 (length = C bytes)
$PartnerImage7 will be placed at 80256280 (length = C bytes)
$ASCII_pit_80_Literal will be placed at 8025628C (length = C bytes)
$ASCII_pit_29_Literal will be placed at 80256298 (length = C bytes)
$ASCII_pit_30_Literal will be placed at 802562A4 (length = C bytes)
$ASCII_pit_00_Literal will be placed at 802562B0 (length = C bytes)
$ASCII_pit_36_Literal will be placed at 802562BC (length = C bytes)
$ASCII_pit_55_Literal will be placed at 802562C8 (length = C bytes)
$ASCII_pit_18_Literal will be placed at 802562D4 (length = C bytes)
$ASCII_pit_48_Literal will be placed at 802562E0 (length = C bytes)
$ASCII_pit_31_Literal will be placed at 802562EC (length = C bytes)
$ASCII_pit_91_Literal will be placed at 802562F8 (length = C bytes)
$ASCII_pit_97_Literal will be placed at 80256304 (length = C bytes)
$ASCII_pit_85_Literal will be placed at 80256310 (length = C bytes)
$ASCII_pit_73_Literal will be placed at 8025631C (length = C bytes)
$ASCII_pit_61_Literal will be placed at 80256328 (length = C bytes)
$ASCII_pit_100_Literal will be placed at 80256334 (length = 8 bytes)
$ASCII_pit_842_Literal will be placed at 8025633C (length = 8 bytes)
$ASCII_tik_tex_Literal will be placed at 80256344 (length = 8 bytes)
$No-BRowf will be placed at 8025634C (length = 4 bytes)
Executing patch: pit_21.mpat
Loaded map pit_21
Creating struct: $EntryList
Creating struct: $DeepestLevel
Creating struct: $TotalLevels
Creating struct: $LoadHighscores
Creating struct: $FallingDownPipe
Creating struct: $Function_GetPos
Creating struct: $Function2
Creating struct: $SetSpawns
Creating struct: $Script_SetNPCPos
Creating struct: $SwitchPath
Creating struct: $VectorList_80244998
Creating struct: $GetPos
Creating struct: $Function_GetDamageTaken
Creating struct: $Function_ResetDamage
Creating struct: $DispawnParthner
Creating struct: $RespawnParthner
Creating struct: $LoadMap
Creating struct: $Script_LoadMapMover_Roguelike
Creating struct: $GetFloor
Creating struct: $LoadCoinsMover
Creating struct: $LoadMapBandit
Creating struct: $GetFloorBandit
Creating struct: $SetSpawnsSpecial
Creating struct: $Function_LoadCoinsInToVar1
Creating struct: $Script_SetSpawnPosition
Creating struct: $Script_Init_80243B20
Creating struct: $Script_80243A6C
Creating struct: $Script_AddCoins
Creating struct: $Script_SubstractCoins
Creating struct: $NPC_Settings_Sack
Creating struct: $Script_Init_Bag
Creating struct: $Script_Init_Bag_HitBox
Creating struct: $Script_NPC_SackHit_Init
Creating struct: $Script_NPC_Sack_FX
Creating struct: $NPC_Sack_AnimationStart
Creating struct: $NPC_Sack_AnimationEnd
Creating struct: $Script_SackAnimation_Start_GoToTheRight
Creating struct: $Script_SackAnimation_Start_GoToTheLeft
Creating struct: $Script_SackAnimation_End_Right
Creating struct: $Script_SackAnimation_End_Left
Creating struct: $Function_LoadGainedCoins
Creating struct: $Function_RevivePlayer
Creating struct: $AISettings_MoneySack
Creating struct: $Script_NpcAI_MoneySack
Creating struct: $JumpTable_80242448
Creating struct: $Function_NpcAI_MoneySack
Creating struct: $Function_80240260
Creating struct: $Function_80240844
Creating struct: $Function_802409A8
Creating struct: $Script_TrackPlayer
Creating struct: $Script_PipeAnimation
Creating struct: $Function_SetAnimation
Creating struct: $Function_GetColliderPos
Creating struct: $Function_TrackInput
Creating struct: $GoToNextLevel
Creating struct: $GoToNextLevel_Roguelike
Creating struct: $Script_SetSetsOfLevels
Creating struct: $Script_LoadMap_Roguelike
Creating struct: $Script_LoadChestMap_Roguelike
Creating struct: $Script_LoadMap_Mover_Roguelike
Creating struct: $Script_LoadChestMap_Mover_Roguelike
Creating struct: $GetFloorPit
Creating struct: $GetFloorSign
Creating struct: $Function_GetTattle1
Creating struct: $Function_GetTattle2
Creating struct: $Script_ReadSign
Creating struct: $Header
Creating struct: $Function_Init
Creating struct: $Script_Main
Creating struct: $NpcGroup1
Creating struct: $NpcGroup2
Creating struct: $NpcGroup3
Creating struct: $NpcGroup4
Creating struct: $NpcGroup5
Creating struct: $NpcGroup6
Creating struct: $NpcGroup7
Creating struct: $NpcGroups
Creating struct: $NpcGroup_Mover
Creating struct: $BlankSettings
Creating struct: $Script_Init_Mover
Creating struct: $Interact_Mover
Creating struct: $Script_MoverWarpAnimation
Creating struct: $NpcGroup_BanditMover
Creating struct: $Script_Init_BanditMover
Creating struct: $Interact_BanditMover
Creating struct: $NpcGroup_Enemy1
Creating struct: $NpcGroup_Enemy2
Creating struct: $NpcGroup_Enemy3
Creating struct: $NpcGroup_Enemy4
Creating struct: $NpcGroup_Enemy5
Creating struct: $NpcGroup_Enemy6
Creating struct: $ConstDouble_802473D8
Creating struct: $ConstDouble_802473E0
Creating struct: $ConstDouble_802473E8
Creating struct: $ConstDouble_802473F0
Creating struct: $ConstDouble_802473F8
Creating struct: $ConstDouble_80247400
Creating struct: $NpcSettings_Enemy1
Creating struct: $NpcSettings_Enemy1B
Creating struct: $Script_EnemyAI
Creating struct: $Script_EnemyAIB
Creating struct: $AISettings_Enemy
Creating struct: $Function_80240FB4
Creating struct: $Function_8024234C
Creating struct: $Function_802414C8
Creating struct: $Function_80241534
Creating struct: $Function_80241630
Creating struct: $Function_80242070
Creating struct: $Function_80242100
Creating struct: $Function_80242200
Creating struct: $Function_80242260
Creating struct: $Script_DisableEnemyAI
Creating struct: $AISettings_DisableEnemy
Creating struct: $PipeSpawning
Creating struct: $Script_MakeEntities
Creating struct: $CommingDownPipe
Creating struct: $Script_MakeExits
Creating struct: $Script_Exit0
Merged 1 regions to 1
$Script_LoadMap_Mover_Roguelike will be placed at 80240000 (length = F14 bytes)
$LoadMap will be placed at 80240F14 (length = EF4 bytes)
$Script_ReadSign will be placed at 80241E08 (length = EEC bytes)
$LoadMapBandit will be placed at 80242CF4 (length = EA4 bytes)
$Script_LoadMap_Roguelike will be placed at 80243B98 (length = D9C bytes)
$GoToNextLevel will be placed at 80244934 (length = D10 bytes)
$Function_80241630 will be placed at 80245644 (length = A10 bytes)
$GoToNextLevel_Roguelike will be placed at 80246054 (length = 868 bytes)
$SetSpawnsSpecial will be placed at 802468BC (length = 608 bytes)
$Function_80240260 will be placed at 80246EC4 (length = 5E4 bytes)
$NpcGroup_Enemy3 will be placed at 802474A8 (length = 3E0 bytes)
$NpcGroup_Enemy4 will be placed at 80247888 (length = 3E0 bytes)
$NpcGroup_Enemy5 will be placed at 80247C68 (length = 3E0 bytes)
$NpcGroup_Enemy6 will be placed at 80248048 (length = 3E0 bytes)
$NpcGroup_Enemy1 will be placed at 80248428 (length = 3E0 bytes)
$NpcGroup_Enemy2 will be placed at 80248808 (length = 3E0 bytes)
$SetSpawns will be placed at 80248BE8 (length = 384 bytes)
$FallingDownPipe will be placed at 80248F6C (length = 37C bytes)
$Script_SetSetsOfLevels will be placed at 802492E8 (length = 358 bytes)
$Script_SetNPCPos will be placed at 80249640 (length = 2F4 bytes)
$Function_80240FB4 will be placed at 80249934 (length = 260 bytes)
$Function_8024234C will be placed at 80249B94 (length = 250 bytes)
$Function_NpcAI_MoneySack will be placed at 80249DE4 (length = 238 bytes)
$Script_SetSpawnPosition will be placed at 8024A01C (length = 234 bytes)
$Script_SackAnimation_Start_GoToTheRight will be placed at 8024A250 (length = 230 bytes)
$Script_Main will be placed at 8024A480 (length = 230 bytes)
$Script_SackAnimation_Start_GoToTheLeft will be placed at 8024A6B0 (length = 1F8 bytes)
$Interact_Mover will be placed at 8024A8A8 (length = 1F8 bytes)
$NpcGroup_Mover will be placed at 8024AAA0 (length = 1F0 bytes)
$NpcGroup_BanditMover will be placed at 8024AC90 (length = 1F0 bytes)
$Interact_BanditMover will be placed at 8024AE80 (length = 1EC bytes)
$Script_PipeAnimation will be placed at 8024B06C (length = 1D0 bytes)
$JumpTable_80242448 will be placed at 8024B23C (length = 190 bytes)
$Script_LoadChestMap_Mover_Roguelike will be placed at 8024B3CC (length = 18C bytes)
$PipeSpawning will be placed at 8024B558 (length = 178 bytes)
$NPC_Sack_AnimationStart will be placed at 8024B6D0 (length = 168 bytes)
$Function_80240844 will be placed at 8024B838 (length = 164 bytes)
$Script_LoadChestMap_Roguelike will be placed at 8024B99C (length = 164 bytes)
$Script_NPC_SackHit_Init will be placed at 8024BB00 (length = 160 bytes)
$Script_SackAnimation_End_Right will be placed at 8024BC60 (length = 158 bytes)
$Script_SackAnimation_End_Left will be placed at 8024BDB8 (length = 150 bytes)
$MapTattle5 will be placed at 8024BF08 (length = 13C bytes)
$MapTattle4 will be placed at 8024C044 (length = 130 bytes)
$GetFloor will be placed at 8024C174 (length = 12C bytes)
$BanditMover_Tattle will be placed at 8024C2A0 (length = 124 bytes)
$Script_80243A6C will be placed at 8024C3C4 (length = 114 bytes)
$Script_SubstractCoins will be placed at 8024C4D8 (length = 10C bytes)
$Function_80242100 will be placed at 8024C5E4 (length = 104 bytes)
$Script_LoadMapMover_Roguelike will be placed at 8024C6E8 (length = 104 bytes)
$Function_80241534 will be placed at 8024C7EC (length = FC bytes)
$GetFloorBandit will be placed at 8024C8E8 (length = F4 bytes)
$Script_MoverWarpAnimation will be placed at 8024C9DC (length = F0 bytes)
$Function_80242260 will be placed at 8024CACC (length = EC bytes)
$Function_GetColliderPos will be placed at 8024CBB8 (length = E0 bytes)
$Function_GetPos will be placed at 8024CC98 (length = E0 bytes)
$Script_TrackPlayer will be placed at 8024CD78 (length = DC bytes)
$MapTattle2 will be placed at 8024CE54 (length = D4 bytes)
$Script_EnemyAI will be placed at 8024CF28 (length = D4 bytes)
$Function_TrackInput will be placed at 8024CFFC (length = BC bytes)
$MapTattle3 will be placed at 8024D0B8 (length = B0 bytes)
$Script_MakeEntities will be placed at 8024D168 (length = A8 bytes)
$MapTattle1 will be placed at 8024D210 (length = A8 bytes)
$Script_NpcAI_MoneySack will be placed at 8024D2B8 (length = A8 bytes)
$MoverStart will be placed at 8024D360 (length = A4 bytes)
$SwitchPath will be placed at 8024D404 (length = A4 bytes)
$Script_NPC_Sack_FX will be placed at 8024D4A8 (length = A4 bytes)
$GetPos will be placed at 8024D54C (length = 9C bytes)
$Script_AddCoins will be placed at 8024D5E8 (length = 98 bytes)
$BanditMoverStart will be placed at 8024D680 (length = 98 bytes)
$Mover_Tattle will be placed at 8024D718 (length = 94 bytes)
$Function_80242070 will be placed at 8024D7AC (length = 90 bytes)
$Function_GetTattle1 will be placed at 8024D83C (length = 8C bytes)
$NPC_Sack_AnimationEnd will be placed at 8024D8C8 (length = 84 bytes)
$BanditMover_Options will be placed at 8024D94C (length = 80 bytes)
$Script_EnemyAIB will be placed at 8024D9CC (length = 80 bytes)
$SignStringBug will be placed at 8024DA4C (length = 7C bytes)
$LoadHighscores will be placed at 8024DAC8 (length = 7C bytes)
$Mover_Options will be placed at 8024DB44 (length = 78 bytes)
$NpcGroups will be placed at 8024DBBC (length = 6C bytes)
$DeepestLevel will be placed at 8024DC28 (length = 6C bytes)
$Function2 will be placed at 8024DC94 (length = 6C bytes)
$Function_802414C8 will be placed at 8024DD00 (length = 6C bytes)
$LoadCoinsMover will be placed at 8024DD6C (length = 6C bytes)
$Function_SetAnimation will be placed at 8024DDD8 (length = 6C bytes)
$GetFloorPit will be placed at 8024DE44 (length = 68 bytes)
$MoverEnd will be placed at 8024DEAC (length = 68 bytes)
$BanditMoverEnd will be placed at 8024DF14 (length = 68 bytes)
$GetFloorSign will be placed at 8024DF7C (length = 64 bytes)
$Function_80242200 will be placed at 8024DFE0 (length = 60 bytes)
$BanditMoverNoCoins will be placed at 8024E040 (length = 58 bytes)
$MoverNoCoins will be placed at 8024E098 (length = 58 bytes)
$Function_GetTattle2 will be placed at 8024E0F0 (length = 48 bytes)
$CommingDownPipe will be placed at 8024E138 (length = 48 bytes)
$Script_Exit0 will be placed at 8024E180 (length = 48 bytes)
$Function_LoadCoinsInToVar1 will be placed at 8024E1C8 (length = 48 bytes)
$Function_LoadGainedCoins will be placed at 8024E210 (length = 48 bytes)
$Function_Init will be placed at 8024E258 (length = 44 bytes)
$Function_802409A8 will be placed at 8024E29C (length = 44 bytes)
$Header will be placed at 8024E2E0 (length = 40 bytes)
$Script_Init_Bag will be placed at 8024E320 (length = 38 bytes)
$TotalLevels will be placed at 8024E358 (length = 38 bytes)
$Script_Init_Bag_HitBox will be placed at 8024E390 (length = 38 bytes)
$DispawnParthner will be placed at 8024E3C8 (length = 34 bytes)
$Function_ResetDamage will be placed at 8024E3FC (length = 34 bytes)
$AISettings_MoneySack will be placed at 8024E430 (length = 30 bytes)
$AISettings_Enemy will be placed at 8024E460 (length = 30 bytes)
$AISettings_DisableEnemy will be placed at 8024E490 (length = 30 bytes)
$RespawnParthner will be placed at 8024E4C0 (length = 30 bytes)
$NPC_Settings_Sack will be placed at 8024E4F0 (length = 2C bytes)
$Function_GetDamageTaken will be placed at 8024E51C (length = 2C bytes)
$NpcSettings_Enemy1 will be placed at 8024E548 (length = 2C bytes)
$Function_RevivePlayer will be placed at 8024E574 (length = 2C bytes)
$String_CoinsGained will be placed at 8024E5A0 (length = 2C bytes)
$BlankSettings will be placed at 8024E5CC (length = 2C bytes)
$NpcSettings_Enemy1B will be placed at 8024E5F8 (length = 2C bytes)
$Script_MakeExits will be placed at 8024E624 (length = 2C bytes)
$NpcGroup7 will be placed at 8024E650 (length = 24 bytes)
$VectorList_80244998 will be placed at 8024E674 (length = 24 bytes)
$Script_Init_80243B20 will be placed at 8024E698 (length = 24 bytes)
$Script_Init_Mover will be placed at 8024E6BC (length = 24 bytes)
$Script_Init_BanditMover will be placed at 8024E6E0 (length = 24 bytes)
$Script_DisableEnemyAI will be placed at 8024E704 (length = 20 bytes)
$EntryList will be placed at 8024E724 (length = 20 bytes)
$NpcGroup6 will be placed at 8024E744 (length = 18 bytes)
$NpcGroup3 will be placed at 8024E75C (length = 18 bytes)
$NpcGroup2 will be placed at 8024E774 (length = 18 bytes)
$NpcGroup5 will be placed at 8024E78C (length = 18 bytes)
$NpcGroup4 will be placed at 8024E7A4 (length = 18 bytes)
$NpcGroup1 will be placed at 8024E7BC (length = 18 bytes)
$SignString100 will be placed at 8024E7D4 (length = 18 bytes)
$SignString1 will be placed at 8024E7EC (length = 14 bytes)
$SignString99 will be placed at 8024E800 (length = 14 bytes)
$SignString98 will be placed at 8024E814 (length = 14 bytes)
$SignString97 will be placed at 8024E828 (length = 14 bytes)
$SignString96 will be placed at 8024E83C (length = 14 bytes)
$SignString95 will be placed at 8024E850 (length = 14 bytes)
$SignString94 will be placed at 8024E864 (length = 14 bytes)
$SignString93 will be placed at 8024E878 (length = 14 bytes)
$SignString92 will be placed at 8024E88C (length = 14 bytes)
$SignString91 will be placed at 8024E8A0 (length = 14 bytes)
$SignString90 will be placed at 8024E8B4 (length = 14 bytes)
$SignString59 will be placed at 8024E8C8 (length = 14 bytes)
$SignString58 will be placed at 8024E8DC (length = 14 bytes)
$SignString57 will be placed at 8024E8F0 (length = 14 bytes)
$SignString56 will be placed at 8024E904 (length = 14 bytes)
$SignString55 will be placed at 8024E918 (length = 14 bytes)
$SignString54 will be placed at 8024E92C (length = 14 bytes)
$SignString53 will be placed at 8024E940 (length = 14 bytes)
$SignString52 will be placed at 8024E954 (length = 14 bytes)
$SignString51 will be placed at 8024E968 (length = 14 bytes)
$SignString50 will be placed at 8024E97C (length = 14 bytes)
$SignString69 will be placed at 8024E990 (length = 14 bytes)
$SignString68 will be placed at 8024E9A4 (length = 14 bytes)
$SignString67 will be placed at 8024E9B8 (length = 14 bytes)
$SignString66 will be placed at 8024E9CC (length = 14 bytes)
$SignString65 will be placed at 8024E9E0 (length = 14 bytes)
$SignString64 will be placed at 8024E9F4 (length = 14 bytes)
$SignString63 will be placed at 8024EA08 (length = 14 bytes)
$SignString62 will be placed at 8024EA1C (length = 14 bytes)
$SignString61 will be placed at 8024EA30 (length = 14 bytes)
$SignString60 will be placed at 8024EA44 (length = 14 bytes)
$SignString79 will be placed at 8024EA58 (length = 14 bytes)
$SignString78 will be placed at 8024EA6C (length = 14 bytes)
$SignString77 will be placed at 8024EA80 (length = 14 bytes)
$SignString76 will be placed at 8024EA94 (length = 14 bytes)
$SignString75 will be placed at 8024EAA8 (length = 14 bytes)
$SignString74 will be placed at 8024EABC (length = 14 bytes)
$SignString73 will be placed at 8024EAD0 (length = 14 bytes)
$SignString72 will be placed at 8024EAE4 (length = 14 bytes)
$SignString71 will be placed at 8024EAF8 (length = 14 bytes)
$SignString70 will be placed at 8024EB0C (length = 14 bytes)
$SignString89 will be placed at 8024EB20 (length = 14 bytes)
$SignString88 will be placed at 8024EB34 (length = 14 bytes)
$SignString87 will be placed at 8024EB48 (length = 14 bytes)
$SignString86 will be placed at 8024EB5C (length = 14 bytes)
$SignString85 will be placed at 8024EB70 (length = 14 bytes)
$SignString84 will be placed at 8024EB84 (length = 14 bytes)
$SignString83 will be placed at 8024EB98 (length = 14 bytes)
$SignString82 will be placed at 8024EBAC (length = 14 bytes)
$SignString81 will be placed at 8024EBC0 (length = 14 bytes)
$SignString80 will be placed at 8024EBD4 (length = 14 bytes)
$SignString19 will be placed at 8024EBE8 (length = 14 bytes)
$SignString18 will be placed at 8024EBFC (length = 14 bytes)
$SignString17 will be placed at 8024EC10 (length = 14 bytes)
$SignString16 will be placed at 8024EC24 (length = 14 bytes)
$SignString15 will be placed at 8024EC38 (length = 14 bytes)
$SignString14 will be placed at 8024EC4C (length = 14 bytes)
$SignString13 will be placed at 8024EC60 (length = 14 bytes)
$SignString12 will be placed at 8024EC74 (length = 14 bytes)
$SignString11 will be placed at 8024EC88 (length = 14 bytes)
$SignString10 will be placed at 8024EC9C (length = 14 bytes)
$SignString3 will be placed at 8024ECB0 (length = 14 bytes)
$SignString2 will be placed at 8024ECC4 (length = 14 bytes)
$SignString5 will be placed at 8024ECD8 (length = 14 bytes)
$SignString4 will be placed at 8024ECEC (length = 14 bytes)
$SignString7 will be placed at 8024ED00 (length = 14 bytes)
$SignString6 will be placed at 8024ED14 (length = 14 bytes)
$SignString9 will be placed at 8024ED28 (length = 14 bytes)
$SignString8 will be placed at 8024ED3C (length = 14 bytes)
$SignString29 will be placed at 8024ED50 (length = 14 bytes)
$SignString28 will be placed at 8024ED64 (length = 14 bytes)
$SignString27 will be placed at 8024ED78 (length = 14 bytes)
$SignString26 will be placed at 8024ED8C (length = 14 bytes)
$SignString25 will be placed at 8024EDA0 (length = 14 bytes)
$SignString24 will be placed at 8024EDB4 (length = 14 bytes)
$SignString23 will be placed at 8024EDC8 (length = 14 bytes)
$SignString22 will be placed at 8024EDDC (length = 14 bytes)
$SignString21 will be placed at 8024EDF0 (length = 14 bytes)
$SignString20 will be placed at 8024EE04 (length = 14 bytes)
$SignString will be placed at 8024EE18 (length = 14 bytes)
$SignString39 will be placed at 8024EE2C (length = 14 bytes)
$SignString38 will be placed at 8024EE40 (length = 14 bytes)
$SignString37 will be placed at 8024EE54 (length = 14 bytes)
$SignString36 will be placed at 8024EE68 (length = 14 bytes)
$SignString35 will be placed at 8024EE7C (length = 14 bytes)
$SignString34 will be placed at 8024EE90 (length = 14 bytes)
$SignString33 will be placed at 8024EEA4 (length = 14 bytes)
$SignString32 will be placed at 8024EEB8 (length = 14 bytes)
$SignString31 will be placed at 8024EECC (length = 14 bytes)
$SignString30 will be placed at 8024EEE0 (length = 14 bytes)
$SignString49 will be placed at 8024EEF4 (length = 14 bytes)
$SignString48 will be placed at 8024EF08 (length = 14 bytes)
$SignString47 will be placed at 8024EF1C (length = 14 bytes)
$SignString46 will be placed at 8024EF30 (length = 14 bytes)
$SignString45 will be placed at 8024EF44 (length = 14 bytes)
$SignString44 will be placed at 8024EF58 (length = 14 bytes)
$SignString43 will be placed at 8024EF6C (length = 14 bytes)
$SignString42 will be placed at 8024EF80 (length = 14 bytes)
$SignString41 will be placed at 8024EF94 (length = 14 bytes)
$SignString40 will be placed at 8024EFA8 (length = 14 bytes)
$ASCII_pit_02_Literal will be placed at 8024EFBC (length = C bytes)
$ASCII_pit_90_Literal will be placed at 8024EFC8 (length = C bytes)
$ASCII_pit_34_Literal will be placed at 8024EFD4 (length = C bytes)
$ASCII_pit_66_Literal will be placed at 8024EFE0 (length = C bytes)
$ASCII_pit_98_Literal will be placed at 8024EFEC (length = C bytes)
$ASCII_pit_19_Literal will be placed at 8024EFF8 (length = C bytes)
$ASCII_pit_57_Literal will be placed at 8024F004 (length = C bytes)
$ASCII_pit_69_Literal will be placed at 8024F010 (length = C bytes)
$ASCII_pit_72_Literal will be placed at 8024F01C (length = C bytes)
$ASCII_pit_81_Literal will be placed at 8024F028 (length = C bytes)
$ASCII_pit_43_Literal will be placed at 8024F034 (length = C bytes)
$ASCII_pit_28_Literal will be placed at 8024F040 (length = C bytes)
$ASCII_pit_78_Literal will be placed at 8024F04C (length = C bytes)
$ASCII_pit_63_Literal will be placed at 8024F058 (length = C bytes)
$ASCII_pit_46_Literal will be placed at 8024F064 (length = C bytes)
$ASCII_pit_95_Literal will be placed at 8024F070 (length = C bytes)
$ASCII_pit_16_Literal will be placed at 8024F07C (length = C bytes)
$ASCII_pit_37_Literal will be placed at 8024F088 (length = C bytes)
$ASCII_pit_22_Literal will be placed at 8024F094 (length = C bytes)
$ASCII_pit_05_Literal will be placed at 8024F0A0 (length = C bytes)
$ASCII_pit_25_Literal will be placed at 8024F0AC (length = C bytes)
$ASCII_pit_54_Literal will be placed at 8024F0B8 (length = C bytes)
$ASCII_pit_08_Literal will be placed at 8024F0C4 (length = C bytes)
$ASCII_pit_87_Literal will be placed at 8024F0D0 (length = C bytes)
$ASCII_pit_75_Literal will be placed at 8024F0DC (length = C bytes)
$ASCII_pit_13_Literal will be placed at 8024F0E8 (length = C bytes)
$ASCII_pit_32_Literal will be placed at 8024F0F4 (length = C bytes)
$ASCII_pit_92_Literal will be placed at 8024F100 (length = C bytes)
$ASCII_pit_17_Literal will be placed at 8024F10C (length = C bytes)
$ASCII_pit_49_Literal will be placed at 8024F118 (length = C bytes)
$ASCII_pit_77_Literal will be placed at 8024F124 (length = C bytes)
$ASCII_pit_96_Literal will be placed at 8024F130 (length = C bytes)
$ASCII_pit_68_Literal will be placed at 8024F13C (length = C bytes)
$ASCII_pit_51_Literal will be placed at 8024F148 (length = C bytes)
$ASCII_pit_04_Literal will be placed at 8024F154 (length = C bytes)
$ASCII_pit_83_Literal will be placed at 8024F160 (length = C bytes)
$ASCII_pit_86_Literal will be placed at 8024F16C (length = C bytes)
$ASCII_pit_26_Literal will be placed at 8024F178 (length = C bytes)
$ASCII_pit_41_Literal will be placed at 8024F184 (length = C bytes)
$ASCII_pit_14_Literal will be placed at 8024F190 (length = C bytes)
$ASCII_pit_74_Literal will be placed at 8024F19C (length = C bytes)
$ASCII_pit_60_Literal will be placed at 8024F1A8 (length = C bytes)
$ASCII_pit_59_Literal will be placed at 8024F1B4 (length = C bytes)
$ASCII_pit_93_Literal will be placed at 8024F1C0 (length = C bytes)
$ASCII_pit_65_Literal will be placed at 8024F1CC (length = C bytes)
$ASCII_pit_07_Literal will be placed at 8024F1D8 (length = C bytes)
$ASCII_pit_20_Literal will be placed at 8024F1E4 (length = C bytes)
$ASCII_pit_35_Literal will be placed at 8024F1F0 (length = C bytes)
$ASCII_pit_23_Literal will be placed at 8024F1FC (length = C bytes)
$ASCII_pit_11_Literal will be placed at 8024F208 (length = C bytes)
$ASCII_pit_56_Literal will be placed at 8024F214 (length = C bytes)
$ASCII_pit_44_Literal will be placed at 8024F220 (length = C bytes)
$ASCII_pit_89_Literal will be placed at 8024F22C (length = C bytes)
$ASCII_pit_79_Literal will be placed at 8024F238 (length = C bytes)
$ASCII_pit_62_Literal will be placed at 8024F244 (length = C bytes)
$ASCII_pit_94_Literal will be placed at 8024F250 (length = C bytes)
$ASCII_pit_47_Literal will be placed at 8024F25C (length = C bytes)
$ASCII_pit_21_Literal will be placed at 8024F268 (length = C bytes)
$ASCII_pit_06_Literal will be placed at 8024F274 (length = C bytes)
$ASCII_pit_53_Literal will be placed at 8024F280 (length = C bytes)
$ASCII_pit_09_Literal will be placed at 8024F28C (length = C bytes)
$ASCII_pit_88_Literal will be placed at 8024F298 (length = C bytes)
$ASCII_pit_38_Literal will be placed at 8024F2A4 (length = C bytes)
$ASCII_pit_24_Literal will be placed at 8024F2B0 (length = C bytes)
$ASCII_pit_12_Literal will be placed at 8024F2BC (length = C bytes)
$ASCII_pit_76_Literal will be placed at 8024F2C8 (length = C bytes)
$ASCII_pit_01_Literal will be placed at 8024F2D4 (length = C bytes)
$ASCII_pit_50_Literal will be placed at 8024F2E0 (length = C bytes)
$ASCII_pit_33_Literal will be placed at 8024F2EC (length = C bytes)
$ASCII_pit_99_Literal will be placed at 8024F2F8 (length = C bytes)
$ASCII_pit_67_Literal will be placed at 8024F304 (length = C bytes)
$ASCII_pit_71_Literal will be placed at 8024F310 (length = C bytes)
$ASCII_pit_42_Literal will be placed at 8024F31C (length = C bytes)
$ASCII_pit_80_Literal will be placed at 8024F328 (length = C bytes)
$ASCII_pit_29_Literal will be placed at 8024F334 (length = C bytes)
$ASCII_pit_58_Literal will be placed at 8024F340 (length = C bytes)
$ASCII_pit_30_Literal will be placed at 8024F34C (length = C bytes)
$ASCII_pit_00_Literal will be placed at 8024F358 (length = C bytes)
$ASCII_pit_64_Literal will be placed at 8024F364 (length = C bytes)
$ASCII_pit_36_Literal will be placed at 8024F370 (length = C bytes)
$ASCII_pit_55_Literal will be placed at 8024F37C (length = C bytes)
$ASCII_pit_10_Literal will be placed at 8024F388 (length = C bytes)
$ASCII_pit_45_Literal will be placed at 8024F394 (length = C bytes)
$ASCII_pit_18_Literal will be placed at 8024F3A0 (length = C bytes)
$ASCII_pit_48_Literal will be placed at 8024F3AC (length = C bytes)
$ASCII_pit_03_Literal will be placed at 8024F3B8 (length = C bytes)
$ASCII_pit_31_Literal will be placed at 8024F3C4 (length = C bytes)
$ASCII_pit_91_Literal will be placed at 8024F3D0 (length = C bytes)
$ASCII_pit_97_Literal will be placed at 8024F3DC (length = C bytes)
$ASCII_pit_82_Literal will be placed at 8024F3E8 (length = C bytes)
$ASCII_pit_52_Literal will be placed at 8024F3F4 (length = C bytes)
$ASCII_pit_70_Literal will be placed at 8024F400 (length = C bytes)
$ASCII_pit_85_Literal will be placed at 8024F40C (length = C bytes)
$ASCII_pit_40_Literal will be placed at 8024F418 (length = C bytes)
$ASCII_pit_39_Literal will be placed at 8024F424 (length = C bytes)
$ASCII_pit_73_Literal will be placed at 8024F430 (length = C bytes)
$ASCII_pit_15_Literal will be placed at 8024F43C (length = C bytes)
$ASCII_pit_27_Literal will be placed at 8024F448 (length = C bytes)
$ASCII_pit_61_Literal will be placed at 8024F454 (length = C bytes)
$ConstDouble_802473E8 will be placed at 8024F460 (length = 8 bytes)
$ConstDouble_802473E0 will be placed at 8024F468 (length = 8 bytes)
$ConstDouble_802473D8 will be placed at 8024F470 (length = 8 bytes)
$ConstDouble_802473F8 will be placed at 8024F478 (length = 8 bytes)
$ConstDouble_802473F0 will be placed at 8024F480 (length = 8 bytes)
$ConstDouble_80247400 will be placed at 8024F488 (length = 8 bytes)
$ASCII_pit_842_Literal will be placed at 8024F490 (length = 8 bytes)
$ASCII_pit_100_Literal will be placed at 8024F498 (length = 8 bytes)
$ASCII_tik_tex_Literal will be placed at 8024F4A0 (length = 8 bytes)
$MoverCancel will be placed at 8024F4A8 (length = 4 bytes)
$BanditMoverCancel will be placed at 8024F4AC (length = 4 bytes)
Executing patch: pit_22.mpat
Loaded map pit_01
Creating struct: $EntryList
Creating struct: $DeepestLevel
Creating struct: $TotalLevels
Creating struct: $LoadHighscores
Creating struct: $FallingDownPipe
Creating struct: $Function_GetPos
Creating struct: $Function2
Creating struct: $SetSpawns
Creating struct: $Script_SetNPCPos
Creating struct: $SwitchPath
Creating struct: $VectorList_80244998
Creating struct: $GetPos
Creating struct: $Function_GetDamageTaken
Creating struct: $Function_ResetDamage
Creating struct: $DispawnParthner
Creating struct: $RespawnParthner
Creating struct: $LoadMap
Creating struct: $Script_LoadMapMover_Roguelike
Creating struct: $GetFloor
Creating struct: $LoadCoinsMover
Creating struct: $LoadMapBandit
Creating struct: $GetFloorBandit
Creating struct: $Script_Init_80243B20
Creating struct: $Script_80243A6C
Creating struct: $Script_AddCoins
Creating struct: $Script_SubstractCoins
Creating struct: $NPC_Settings_Sack
Creating struct: $Script_Init_Bag
Creating struct: $Script_Init_Bag_HitBox
Creating struct: $Script_NPC_SackHit_Init
Creating struct: $Script_NPC_Sack_FX
Creating struct: $NPC_Sack_AnimationStart
Creating struct: $NPC_Sack_AnimationEnd
Creating struct: $Script_SackAnimation_Start_GoToTheRight
Creating struct: $Script_SackAnimation_Start_GoToTheLeft
Creating struct: $Script_SackAnimation_End_Right
Creating struct: $Script_SackAnimation_End_Left
Creating struct: $Function_LoadGainedCoins
Creating struct: $Function_RevivePlayer
Creating struct: $AISettings_MoneySack
Creating struct: $Script_NpcAI_MoneySack
Creating struct: $JumpTable_80242448
Creating struct: $Function_NpcAI_MoneySack
Creating struct: $Function_80240260
Creating struct: $Function_80240844
Creating struct: $Function_802409A8
Creating struct: $Script_TrackPlayer
Creating struct: $Script_PipeAnimation
Creating struct: $Function_SetAnimation
Creating struct: $Function_GetColliderPos
Creating struct: $Function_TrackInput
Creating struct: $GoToNextLevel
Creating struct: $GoToNextLevel_Roguelike
Creating struct: $Script_SetSetsOfLevels
Creating struct: $Script_LoadMap_Roguelike
Creating struct: $Script_LoadChestMap_Roguelike
Creating struct: $Script_LoadMap_Mover_Roguelike
Creating struct: $Script_LoadChestMap_Mover_Roguelike
Creating struct: $GetFloorPit
Creating struct: $GetFloorSign
Creating struct: $Function_GetTattle1
Creating struct: $Function_GetTattle2
Creating struct: $Script_ReadSign
Creating struct: $Header
Creating struct: $Function_Init
Creating struct: $Script_Main
Creating struct: $NpcGroups
Creating struct: $NpcGroup_Mover
Creating struct: $BlankSettings
Creating struct: $Script_Init_Mover
Creating struct: $Interact_Mover
Creating struct: $Script_MoverWarpAnimation
Creating struct: $NpcGroup_BanditMover
Creating struct: $Script_Init_BanditMover
Creating struct: $Interact_BanditMover
Creating struct: $NpcGroup_Enemy1
Creating struct: $NpcGroup_Enemy2
Creating struct: $NpcGroup_Enemy3
Creating struct: $NpcGroup_Enemy4
Creating struct: $NpcGroup_Enemy5
Creating struct: $NpcGroup_Enemy6
Creating struct: $NpcSettings_Enemy1
Creating struct: $Script_EnemyAI
Creating struct: $AISettings_Enemy
Creating struct: $Script_DisableEnemyAI
Creating struct: $AISettings_DisableEnemy
Creating struct: $PipeSpawning
Creating struct: $Script_MakeEntities
Creating struct: $CommingDownPipe
Creating struct: $Script_MakeExits
Creating struct: $Script_Exit0
Merged 1 regions to 1
$Script_LoadMap_Mover_Roguelike will be placed at 80240000 (length = F14 bytes)
$LoadMap will be placed at 80240F14 (length = EF4 bytes)
$Script_ReadSign will be placed at 80241E08 (length = EEC bytes)
$LoadMapBandit will be placed at 80242CF4 (length = EA4 bytes)
$Script_LoadMap_Roguelike will be placed at 80243B98 (length = D9C bytes)
$GoToNextLevel will be placed at 80244934 (length = D10 bytes)
$GoToNextLevel_Roguelike will be placed at 80245644 (length = 868 bytes)
$Function_80240260 will be placed at 80245EAC (length = 5E4 bytes)
$SetSpawns will be placed at 80246490 (length = 384 bytes)
$FallingDownPipe will be placed at 80246814 (length = 37C bytes)
$Script_SetSetsOfLevels will be placed at 80246B90 (length = 358 bytes)
$Script_SetNPCPos will be placed at 80246EE8 (length = 2F4 bytes)
$Function_NpcAI_MoneySack will be placed at 802471DC (length = 238 bytes)
$Script_SackAnimation_Start_GoToTheRight will be placed at 80247414 (length = 230 bytes)
$Script_SackAnimation_Start_GoToTheLeft will be placed at 80247644 (length = 1F8 bytes)
$Interact_Mover will be placed at 8024783C (length = 1F8 bytes)
$NpcGroup_Enemy3 will be placed at 80247A34 (length = 1F0 bytes)
$NpcGroup_Enemy4 will be placed at 80247C24 (length = 1F0 bytes)
$NpcGroup_Enemy5 will be placed at 80247E14 (length = 1F0 bytes)
$NpcGroup_Enemy6 will be placed at 80248004 (length = 1F0 bytes)
$NpcGroup_Enemy1 will be placed at 802481F4 (length = 1F0 bytes)
$NpcGroup_Enemy2 will be placed at 802483E4 (length = 1F0 bytes)
$NpcGroup_Mover will be placed at 802485D4 (length = 1F0 bytes)
$NpcGroup_BanditMover will be placed at 802487C4 (length = 1F0 bytes)
$Interact_BanditMover will be placed at 802489B4 (length = 1EC bytes)
$Script_PipeAnimation will be placed at 80248BA0 (length = 1D0 bytes)
$JumpTable_80242448 will be placed at 80248D70 (length = 190 bytes)
$Script_LoadChestMap_Mover_Roguelike will be placed at 80248F00 (length = 18C bytes)
$PipeSpawning will be placed at 8024908C (length = 178 bytes)
$NPC_Sack_AnimationStart will be placed at 80249204 (length = 168 bytes)
$Function_80240844 will be placed at 8024936C (length = 164 bytes)
$Script_LoadChestMap_Roguelike will be placed at 802494D0 (length = 164 bytes)
$Script_NPC_SackHit_Init will be placed at 80249634 (length = 160 bytes)
$Script_SackAnimation_End_Right will be placed at 80249794 (length = 158 bytes)
$Script_SackAnimation_End_Left will be placed at 802498EC (length = 150 bytes)
$MapTattle5 will be placed at 80249A3C (length = 13C bytes)
$MapTattle4 will be placed at 80249B78 (length = 130 bytes)
$GetFloor will be placed at 80249CA8 (length = 12C bytes)
$BanditMover_Tattle will be placed at 80249DD4 (length = 124 bytes)
$Script_Main will be placed at 80249EF8 (length = 120 bytes)
$Script_80243A6C will be placed at 8024A018 (length = 114 bytes)
$Script_SubstractCoins will be placed at 8024A12C (length = 10C bytes)
$Script_LoadMapMover_Roguelike will be placed at 8024A238 (length = 104 bytes)
$GetFloorBandit will be placed at 8024A33C (length = F4 bytes)
$Script_MoverWarpAnimation will be placed at 8024A430 (length = F0 bytes)
$Function_GetColliderPos will be placed at 8024A520 (length = E0 bytes)
$Function_GetPos will be placed at 8024A600 (length = E0 bytes)
$Script_TrackPlayer will be placed at 8024A6E0 (length = DC bytes)
$MapTattle2 will be placed at 8024A7BC (length = D4 bytes)
$Function_TrackInput will be placed at 8024A890 (length = BC bytes)
$MapTattle3 will be placed at 8024A94C (length = B0 bytes)
$Script_MakeEntities will be placed at 8024A9FC (length = A8 bytes)
$MapTattle1 will be placed at 8024AAA4 (length = A8 bytes)
$Script_NpcAI_MoneySack will be placed at 8024AB4C (length = A8 bytes)
$MoverStart will be placed at 8024ABF4 (length = A4 bytes)
$SwitchPath will be placed at 8024AC98 (length = A4 bytes)
$Script_NPC_Sack_FX will be placed at 8024AD3C (length = A4 bytes)
$GetPos will be placed at 8024ADE0 (length = 9C bytes)
$Script_AddCoins will be placed at 8024AE7C (length = 98 bytes)
$BanditMoverStart will be placed at 8024AF14 (length = 98 bytes)
$Mover_Tattle will be placed at 8024AFAC (length = 94 bytes)
$Function_GetTattle1 will be placed at 8024B040 (length = 8C bytes)
$NPC_Sack_AnimationEnd will be placed at 8024B0CC (length = 84 bytes)
$BanditMover_Options will be placed at 8024B150 (length = 80 bytes)
$SignStringBug will be placed at 8024B1D0 (length = 7C bytes)
$LoadHighscores will be placed at 8024B24C (length = 7C bytes)
$Mover_Options will be placed at 8024B2C8 (length = 78 bytes)
$NpcGroups will be placed at 8024B340 (length = 6C bytes)
$DeepestLevel will be placed at 8024B3AC (length = 6C bytes)
$Function2 will be placed at 8024B418 (length = 6C bytes)
$LoadCoinsMover will be placed at 8024B484 (length = 6C bytes)
$Function_SetAnimation will be placed at 8024B4F0 (length = 6C bytes)
$GetFloorPit will be placed at 8024B55C (length = 68 bytes)
$MoverEnd will be placed at 8024B5C4 (length = 68 bytes)
$BanditMoverEnd will be placed at 8024B62C (length = 68 bytes)
$GetFloorSign will be placed at 8024B694 (length = 64 bytes)
$BanditMoverNoCoins will be placed at 8024B6F8 (length = 58 bytes)
$MoverNoCoins will be placed at 8024B750 (length = 58 bytes)
$Function_GetTattle2 will be placed at 8024B7A8 (length = 48 bytes)
$CommingDownPipe will be placed at 8024B7F0 (length = 48 bytes)
$Script_Exit0 will be placed at 8024B838 (length = 48 bytes)
$Function_LoadGainedCoins will be placed at 8024B880 (length = 48 bytes)
$Function_Init will be placed at 8024B8C8 (length = 44 bytes)
$Function_802409A8 will be placed at 8024B90C (length = 44 bytes)
$Header will be placed at 8024B950 (length = 40 bytes)
$Script_Init_Bag will be placed at 8024B990 (length = 38 bytes)
$TotalLevels will be placed at 8024B9C8 (length = 38 bytes)
$Script_Init_Bag_HitBox will be placed at 8024BA00 (length = 38 bytes)
$DispawnParthner will be placed at 8024BA38 (length = 34 bytes)
$Function_ResetDamage will be placed at 8024BA6C (length = 34 bytes)
$AISettings_MoneySack will be placed at 8024BAA0 (length = 30 bytes)
$AISettings_Enemy will be placed at 8024BAD0 (length = 30 bytes)
$AISettings_DisableEnemy will be placed at 8024BB00 (length = 30 bytes)
$RespawnParthner will be placed at 8024BB30 (length = 30 bytes)
$NPC_Settings_Sack will be placed at 8024BB60 (length = 2C bytes)
$Function_GetDamageTaken will be placed at 8024BB8C (length = 2C bytes)
$Function_RevivePlayer will be placed at 8024BBB8 (length = 2C bytes)
$String_CoinsGained will be placed at 8024BBE4 (length = 2C bytes)
$BlankSettings will be placed at 8024BC10 (length = 2C bytes)
$Script_MakeExits will be placed at 8024BC3C (length = 2C bytes)
$NpcSettings_Enemy1 will be placed at 8024BC68 (length = 24 bytes)
$VectorList_80244998 will be placed at 8024BC8C (length = 24 bytes)
$Script_Init_80243B20 will be placed at 8024BCB0 (length = 24 bytes)
$Script_Init_Mover will be placed at 8024BCD4 (length = 24 bytes)
$Script_Init_BanditMover will be placed at 8024BCF8 (length = 24 bytes)
$Script_DisableEnemyAI will be placed at 8024BD1C (length = 20 bytes)
$EntryList will be placed at 8024BD3C (length = 20 bytes)
$Script_EnemyAI will be placed at 8024BD5C (length = 20 bytes)
$SignString100 will be placed at 8024BD7C (length = 18 bytes)
$SignString1 will be placed at 8024BD94 (length = 14 bytes)
$SignString99 will be placed at 8024BDA8 (length = 14 bytes)
$SignString98 will be placed at 8024BDBC (length = 14 bytes)
$SignString97 will be placed at 8024BDD0 (length = 14 bytes)
$SignString96 will be placed at 8024BDE4 (length = 14 bytes)
$SignString95 will be placed at 8024BDF8 (length = 14 bytes)
$SignString94 will be placed at 8024BE0C (length = 14 bytes)
$SignString93 will be placed at 8024BE20 (length = 14 bytes)
$SignString92 will be placed at 8024BE34 (length = 14 bytes)
$SignString91 will be placed at 8024BE48 (length = 14 bytes)
$SignString90 will be placed at 8024BE5C (length = 14 bytes)
$SignString59 will be placed at 8024BE70 (length = 14 bytes)
$SignString58 will be placed at 8024BE84 (length = 14 bytes)
$SignString57 will be placed at 8024BE98 (length = 14 bytes)
$SignString56 will be placed at 8024BEAC (length = 14 bytes)
$SignString55 will be placed at 8024BEC0 (length = 14 bytes)
$SignString54 will be placed at 8024BED4 (length = 14 bytes)
$SignString53 will be placed at 8024BEE8 (length = 14 bytes)
$SignString52 will be placed at 8024BEFC (length = 14 bytes)
$SignString51 will be placed at 8024BF10 (length = 14 bytes)
$SignString50 will be placed at 8024BF24 (length = 14 bytes)
$SignString69 will be placed at 8024BF38 (length = 14 bytes)
$SignString68 will be placed at 8024BF4C (length = 14 bytes)
$SignString67 will be placed at 8024BF60 (length = 14 bytes)
$SignString66 will be placed at 8024BF74 (length = 14 bytes)
$SignString65 will be placed at 8024BF88 (length = 14 bytes)
$SignString64 will be placed at 8024BF9C (length = 14 bytes)
$SignString63 will be placed at 8024BFB0 (length = 14 bytes)
$SignString62 will be placed at 8024BFC4 (length = 14 bytes)
$SignString61 will be placed at 8024BFD8 (length = 14 bytes)
$SignString60 will be placed at 8024BFEC (length = 14 bytes)
$SignString79 will be placed at 8024C000 (length = 14 bytes)
$SignString78 will be placed at 8024C014 (length = 14 bytes)
$SignString77 will be placed at 8024C028 (length = 14 bytes)
$SignString76 will be placed at 8024C03C (length = 14 bytes)
$SignString75 will be placed at 8024C050 (length = 14 bytes)
$SignString74 will be placed at 8024C064 (length = 14 bytes)
$SignString73 will be placed at 8024C078 (length = 14 bytes)
$SignString72 will be placed at 8024C08C (length = 14 bytes)
$SignString71 will be placed at 8024C0A0 (length = 14 bytes)
$SignString70 will be placed at 8024C0B4 (length = 14 bytes)
$SignString89 will be placed at 8024C0C8 (length = 14 bytes)
$SignString88 will be placed at 8024C0DC (length = 14 bytes)
$SignString87 will be placed at 8024C0F0 (length = 14 bytes)
$SignString86 will be placed at 8024C104 (length = 14 bytes)
$SignString85 will be placed at 8024C118 (length = 14 bytes)
$SignString84 will be placed at 8024C12C (length = 14 bytes)
$SignString83 will be placed at 8024C140 (length = 14 bytes)
$SignString82 will be placed at 8024C154 (length = 14 bytes)
$SignString81 will be placed at 8024C168 (length = 14 bytes)
$SignString80 will be placed at 8024C17C (length = 14 bytes)
$SignString19 will be placed at 8024C190 (length = 14 bytes)
$SignString18 will be placed at 8024C1A4 (length = 14 bytes)
$SignString17 will be placed at 8024C1B8 (length = 14 bytes)
$SignString16 will be placed at 8024C1CC (length = 14 bytes)
$SignString15 will be placed at 8024C1E0 (length = 14 bytes)
$SignString14 will be placed at 8024C1F4 (length = 14 bytes)
$SignString13 will be placed at 8024C208 (length = 14 bytes)
$SignString12 will be placed at 8024C21C (length = 14 bytes)
$SignString11 will be placed at 8024C230 (length = 14 bytes)
$SignString10 will be placed at 8024C244 (length = 14 bytes)
$SignString3 will be placed at 8024C258 (length = 14 bytes)
$SignString2 will be placed at 8024C26C (length = 14 bytes)
$SignString5 will be placed at 8024C280 (length = 14 bytes)
$SignString4 will be placed at 8024C294 (length = 14 bytes)
$SignString7 will be placed at 8024C2A8 (length = 14 bytes)
$SignString6 will be placed at 8024C2BC (length = 14 bytes)
$SignString9 will be placed at 8024C2D0 (length = 14 bytes)
$SignString8 will be placed at 8024C2E4 (length = 14 bytes)
$SignString29 will be placed at 8024C2F8 (length = 14 bytes)
$SignString28 will be placed at 8024C30C (length = 14 bytes)
$SignString27 will be placed at 8024C320 (length = 14 bytes)
$SignString26 will be placed at 8024C334 (length = 14 bytes)
$SignString25 will be placed at 8024C348 (length = 14 bytes)
$SignString24 will be placed at 8024C35C (length = 14 bytes)
$SignString23 will be placed at 8024C370 (length = 14 bytes)
$SignString22 will be placed at 8024C384 (length = 14 bytes)
$SignString21 will be placed at 8024C398 (length = 14 bytes)
$SignString20 will be placed at 8024C3AC (length = 14 bytes)
$SignString will be placed at 8024C3C0 (length = 14 bytes)
$SignString39 will be placed at 8024C3D4 (length = 14 bytes)
$SignString38 will be placed at 8024C3E8 (length = 14 bytes)
$SignString37 will be placed at 8024C3FC (length = 14 bytes)
$SignString36 will be placed at 8024C410 (length = 14 bytes)
$SignString35 will be placed at 8024C424 (length = 14 bytes)
$SignString34 will be placed at 8024C438 (length = 14 bytes)
$SignString33 will be placed at 8024C44C (length = 14 bytes)
$SignString32 will be placed at 8024C460 (length = 14 bytes)
$SignString31 will be placed at 8024C474 (length = 14 bytes)
$SignString30 will be placed at 8024C488 (length = 14 bytes)
$SignString49 will be placed at 8024C49C (length = 14 bytes)
$SignString48 will be placed at 8024C4B0 (length = 14 bytes)
$SignString47 will be placed at 8024C4C4 (length = 14 bytes)
$SignString46 will be placed at 8024C4D8 (length = 14 bytes)
$SignString45 will be placed at 8024C4EC (length = 14 bytes)
$SignString44 will be placed at 8024C500 (length = 14 bytes)
$SignString43 will be placed at 8024C514 (length = 14 bytes)
$SignString42 will be placed at 8024C528 (length = 14 bytes)
$SignString41 will be placed at 8024C53C (length = 14 bytes)
$SignString40 will be placed at 8024C550 (length = 14 bytes)
$ASCII_pit_02_Literal will be placed at 8024C564 (length = C bytes)
$ASCII_pit_90_Literal will be placed at 8024C570 (length = C bytes)
$ASCII_pit_34_Literal will be placed at 8024C57C (length = C bytes)
$ASCII_pit_66_Literal will be placed at 8024C588 (length = C bytes)
$ASCII_pit_98_Literal will be placed at 8024C594 (length = C bytes)
$ASCII_pit_19_Literal will be placed at 8024C5A0 (length = C bytes)
$ASCII_pit_57_Literal will be placed at 8024C5AC (length = C bytes)
$ASCII_pit_69_Literal will be placed at 8024C5B8 (length = C bytes)
$ASCII_pit_72_Literal will be placed at 8024C5C4 (length = C bytes)
$ASCII_pit_81_Literal will be placed at 8024C5D0 (length = C bytes)
$ASCII_pit_43_Literal will be placed at 8024C5DC (length = C bytes)
$ASCII_pit_28_Literal will be placed at 8024C5E8 (length = C bytes)
$ASCII_pit_78_Literal will be placed at 8024C5F4 (length = C bytes)
$ASCII_pit_63_Literal will be placed at 8024C600 (length = C bytes)
$ASCII_pit_46_Literal will be placed at 8024C60C (length = C bytes)
$ASCII_pit_95_Literal will be placed at 8024C618 (length = C bytes)
$ASCII_pit_16_Literal will be placed at 8024C624 (length = C bytes)
$ASCII_pit_37_Literal will be placed at 8024C630 (length = C bytes)
$ASCII_pit_22_Literal will be placed at 8024C63C (length = C bytes)
$ASCII_pit_05_Literal will be placed at 8024C648 (length = C bytes)
$ASCII_pit_25_Literal will be placed at 8024C654 (length = C bytes)
$ASCII_pit_54_Literal will be placed at 8024C660 (length = C bytes)
$ASCII_pit_08_Literal will be placed at 8024C66C (length = C bytes)
$ASCII_pit_87_Literal will be placed at 8024C678 (length = C bytes)
$ASCII_pit_75_Literal will be placed at 8024C684 (length = C bytes)
$ASCII_pit_13_Literal will be placed at 8024C690 (length = C bytes)
$ASCII_pit_32_Literal will be placed at 8024C69C (length = C bytes)
$ASCII_pit_92_Literal will be placed at 8024C6A8 (length = C bytes)
$ASCII_pit_17_Literal will be placed at 8024C6B4 (length = C bytes)
$ASCII_pit_49_Literal will be placed at 8024C6C0 (length = C bytes)
$ASCII_pit_77_Literal will be placed at 8024C6CC (length = C bytes)
$ASCII_pit_96_Literal will be placed at 8024C6D8 (length = C bytes)
$ASCII_pit_68_Literal will be placed at 8024C6E4 (length = C bytes)
$ASCII_pit_51_Literal will be placed at 8024C6F0 (length = C bytes)
$ASCII_pit_04_Literal will be placed at 8024C6FC (length = C bytes)
$ASCII_pit_83_Literal will be placed at 8024C708 (length = C bytes)
$ASCII_pit_86_Literal will be placed at 8024C714 (length = C bytes)
$ASCII_pit_26_Literal will be placed at 8024C720 (length = C bytes)
$ASCII_pit_41_Literal will be placed at 8024C72C (length = C bytes)
$ASCII_pit_14_Literal will be placed at 8024C738 (length = C bytes)
$ASCII_pit_74_Literal will be placed at 8024C744 (length = C bytes)
$ASCII_pit_60_Literal will be placed at 8024C750 (length = C bytes)
$ASCII_pit_59_Literal will be placed at 8024C75C (length = C bytes)
$ASCII_pit_93_Literal will be placed at 8024C768 (length = C bytes)
$ASCII_pit_65_Literal will be placed at 8024C774 (length = C bytes)
$ASCII_pit_07_Literal will be placed at 8024C780 (length = C bytes)
$ASCII_pit_20_Literal will be placed at 8024C78C (length = C bytes)
$ASCII_pit_35_Literal will be placed at 8024C798 (length = C bytes)
$ASCII_pit_23_Literal will be placed at 8024C7A4 (length = C bytes)
$ASCII_pit_11_Literal will be placed at 8024C7B0 (length = C bytes)
$ASCII_pit_56_Literal will be placed at 8024C7BC (length = C bytes)
$ASCII_pit_44_Literal will be placed at 8024C7C8 (length = C bytes)
$ASCII_pit_89_Literal will be placed at 8024C7D4 (length = C bytes)
$ASCII_pit_79_Literal will be placed at 8024C7E0 (length = C bytes)
$ASCII_pit_62_Literal will be placed at 8024C7EC (length = C bytes)
$ASCII_pit_94_Literal will be placed at 8024C7F8 (length = C bytes)
$ASCII_pit_47_Literal will be placed at 8024C804 (length = C bytes)
$ASCII_pit_21_Literal will be placed at 8024C810 (length = C bytes)
$ASCII_pit_06_Literal will be placed at 8024C81C (length = C bytes)
$ASCII_pit_53_Literal will be placed at 8024C828 (length = C bytes)
$ASCII_pit_09_Literal will be placed at 8024C834 (length = C bytes)
$ASCII_pit_88_Literal will be placed at 8024C840 (length = C bytes)
$ASCII_pit_38_Literal will be placed at 8024C84C (length = C bytes)
$ASCII_pit_24_Literal will be placed at 8024C858 (length = C bytes)
$ASCII_pit_12_Literal will be placed at 8024C864 (length = C bytes)
$ASCII_pit_76_Literal will be placed at 8024C870 (length = C bytes)
$ASCII_pit_01_Literal will be placed at 8024C87C (length = C bytes)
$ASCII_pit_50_Literal will be placed at 8024C888 (length = C bytes)
$ASCII_pit_33_Literal will be placed at 8024C894 (length = C bytes)
$ASCII_pit_99_Literal will be placed at 8024C8A0 (length = C bytes)
$ASCII_pit_67_Literal will be placed at 8024C8AC (length = C bytes)
$ASCII_pit_71_Literal will be placed at 8024C8B8 (length = C bytes)
$ASCII_pit_42_Literal will be placed at 8024C8C4 (length = C bytes)
$ASCII_pit_80_Literal will be placed at 8024C8D0 (length = C bytes)
$ASCII_pit_29_Literal will be placed at 8024C8DC (length = C bytes)
$ASCII_pit_58_Literal will be placed at 8024C8E8 (length = C bytes)
$ASCII_pit_30_Literal will be placed at 8024C8F4 (length = C bytes)
$ASCII_pit_00_Literal will be placed at 8024C900 (length = C bytes)
$ASCII_pit_64_Literal will be placed at 8024C90C (length = C bytes)
$ASCII_pit_36_Literal will be placed at 8024C918 (length = C bytes)
$ASCII_pit_55_Literal will be placed at 8024C924 (length = C bytes)
$ASCII_pit_10_Literal will be placed at 8024C930 (length = C bytes)
$ASCII_pit_45_Literal will be placed at 8024C93C (length = C bytes)
$ASCII_pit_18_Literal will be placed at 8024C948 (length = C bytes)
$ASCII_pit_48_Literal will be placed at 8024C954 (length = C bytes)
$ASCII_pit_03_Literal will be placed at 8024C960 (length = C bytes)
$ASCII_pit_31_Literal will be placed at 8024C96C (length = C bytes)
$ASCII_pit_91_Literal will be placed at 8024C978 (length = C bytes)
$ASCII_pit_97_Literal will be placed at 8024C984 (length = C bytes)
$ASCII_pit_82_Literal will be placed at 8024C990 (length = C bytes)
$ASCII_pit_52_Literal will be placed at 8024C99C (length = C bytes)
$ASCII_pit_70_Literal will be placed at 8024C9A8 (length = C bytes)
$ASCII_pit_85_Literal will be placed at 8024C9B4 (length = C bytes)
$ASCII_pit_40_Literal will be placed at 8024C9C0 (length = C bytes)
$ASCII_pit_39_Literal will be placed at 8024C9CC (length = C bytes)
$ASCII_pit_73_Literal will be placed at 8024C9D8 (length = C bytes)
$ASCII_pit_15_Literal will be placed at 8024C9E4 (length = C bytes)
$ASCII_pit_27_Literal will be placed at 8024C9F0 (length = C bytes)
$ASCII_pit_61_Literal will be placed at 8024C9FC (length = C bytes)
$ASCII_pit_842_Literal will be placed at 8024CA08 (length = 8 bytes)
$ASCII_pit_100_Literal will be placed at 8024CA10 (length = 8 bytes)
$ASCII_tik_tex_Literal will be placed at 8024CA18 (length = 8 bytes)
$MoverCancel will be placed at 8024CA20 (length = 4 bytes)
$BanditMoverCancel will be placed at 8024CA24 (length = 4 bytes)
Executing patch: pit_23.mpat
Loaded map pit_23
Creating struct: $EntryList
Creating struct: $DeepestLevel
Creating struct: $TotalLevels
Creating struct: $LoadHighscores
Creating struct: $FallingDownPipe
Creating struct: $Function_GetPos
Creating struct: $Function2
Creating struct: $SetSpawns
Creating struct: $Script_SetNPCPos
Creating struct: $SwitchPath
Creating struct: $VectorList_80244998
Creating struct: $GetPos
Creating struct: $Function_GetDamageTaken
Creating struct: $Function_ResetDamage
Creating struct: $DispawnParthner
Creating struct: $RespawnParthner
Creating struct: $LoadMap
Creating struct: $Script_LoadMapMover_Roguelike
Creating struct: $GetFloor
Creating struct: $LoadCoinsMover
Creating struct: $LoadMapBandit
Creating struct: $GetFloorBandit
Creating struct: $Script_Init_80243B20
Creating struct: $Script_80243A6C
Creating struct: $Script_AddCoins
Creating struct: $Script_SubstractCoins
Creating struct: $NPC_Settings_Sack
Creating struct: $Script_Init_Bag
Creating struct: $Script_Init_Bag_HitBox
Creating struct: $Script_NPC_SackHit_Init
Creating struct: $Script_NPC_Sack_FX
Creating struct: $NPC_Sack_AnimationStart
Creating struct: $NPC_Sack_AnimationEnd
Creating struct: $Script_SackAnimation_Start_GoToTheRight
Creating struct: $Script_SackAnimation_Start_GoToTheLeft
Creating struct: $Script_SackAnimation_End_Right
Creating struct: $Script_SackAnimation_End_Left
Creating struct: $Function_LoadGainedCoins
Creating struct: $Function_RevivePlayer
Creating struct: $AISettings_MoneySack
Creating struct: $Script_NpcAI_MoneySack
Creating struct: $JumpTable_80242448
Creating struct: $Function_NpcAI_MoneySack
Creating struct: $Function_80240260
Creating struct: $Function_80240844
Creating struct: $Function_802409A8
Creating struct: $Script_TrackPlayer
Creating struct: $Script_PipeAnimation
Creating struct: $Function_SetAnimation
Creating struct: $Function_GetColliderPos
Creating struct: $Function_TrackInput
Creating struct: $GoToNextLevel
Creating struct: $GoToNextLevel_Roguelike
Creating struct: $Script_SetSetsOfLevels
Creating struct: $Script_LoadMap_Roguelike
Creating struct: $Script_LoadChestMap_Roguelike
Creating struct: $Script_LoadMap_Mover_Roguelike
Creating struct: $Script_LoadChestMap_Mover_Roguelike
Creating struct: $GetFloorPit
Creating struct: $GetFloorSign
Creating struct: $Function_GetTattle1
Creating struct: $Function_GetTattle2
Creating struct: $Script_ReadSign
Creating struct: $Header
Creating struct: $Function_Init
Creating struct: $Script_Main
Creating struct: $NpcGroups
Creating struct: $NpcGroup_Mover
Creating struct: $BlankSettings
Creating struct: $Script_Init_Mover
Creating struct: $Interact_Mover
Creating struct: $Script_MoverWarpAnimation
Creating struct: $NpcGroup_BanditMover
Creating struct: $Script_Init_BanditMover
Creating struct: $Interact_BanditMover
Creating struct: $NpcGroup_Enemy1
Creating struct: $NpcGroup_Enemy2
Creating struct: $NpcGroup_Enemy3
Creating struct: $NpcGroup_Enemy4
Creating struct: $NpcGroup_Enemy5
Creating struct: $NpcGroup_Enemy6
Creating struct: $NpcSettings_Enemy1
Creating struct: $Script_EnemyAI
Creating struct: $ConstDouble_80243440
Creating struct: $ConstDouble_80243448
Creating struct: $ConstDouble_80243450
Creating struct: $JumpTable_80243458
Creating struct: $FloatTable_80241B2C
Creating struct: $Function_8024130C
Creating struct: $Function_80240000
Creating struct: $Function_802401B0
Creating struct: $Function_802407D8
Creating struct: $Function_80240898
Creating struct: $Function_80240BDC
Creating struct: $Function_80240C54
Creating struct: $Function_80240CC0
Creating struct: $Function_80240DF4
Creating struct: $Function_80240E58
Creating struct: $Function_802411E8
Creating struct: $AISettings_Enemy
Creating struct: $Script_DisableEnemyAI
Creating struct: $AISettings_DisableEnemy
Creating struct: $PipeSpawning
Creating struct: $Script_MakeEntities
Creating struct: $CommingDownPipe
Creating struct: $Script_MakeExits
Creating struct: $Script_Exit0
Merged 1 regions to 1
$Script_LoadMap_Mover_Roguelike will be placed at 80240000 (length = F14 bytes)
$LoadMap will be placed at 80240F14 (length = EF4 bytes)
$Script_ReadSign will be placed at 80241E08 (length = EEC bytes)
$LoadMapBandit will be placed at 80242CF4 (length = EA4 bytes)
$Script_LoadMap_Roguelike will be placed at 80243B98 (length = D9C bytes)
$GoToNextLevel will be placed at 80244934 (length = D10 bytes)
$GoToNextLevel_Roguelike will be placed at 80245644 (length = 868 bytes)
$Function_802401B0 will be placed at 80245EAC (length = 62C bytes)
$Function_80240260 will be placed at 802464D8 (length = 5E4 bytes)
$Function_80240E58 will be placed at 80246ABC (length = 390 bytes)
$SetSpawns will be placed at 80246E4C (length = 384 bytes)
$FallingDownPipe will be placed at 802471D0 (length = 37C bytes)
$Script_SetSetsOfLevels will be placed at 8024754C (length = 358 bytes)
$Function_80240898 will be placed at 802478A4 (length = 340 bytes)
$Script_SetNPCPos will be placed at 80247BE4 (length = 2F4 bytes)
$Function_NpcAI_MoneySack will be placed at 80247ED8 (length = 238 bytes)
$Script_SackAnimation_Start_GoToTheRight will be placed at 80248110 (length = 230 bytes)
$Script_SackAnimation_Start_GoToTheLeft will be placed at 80248340 (length = 1F8 bytes)
$Interact_Mover will be placed at 80248538 (length = 1F8 bytes)
$NpcGroup_Enemy3 will be placed at 80248730 (length = 1F0 bytes)
$NpcGroup_Enemy4 will be placed at 80248920 (length = 1F0 bytes)
$NpcGroup_Enemy5 will be placed at 80248B10 (length = 1F0 bytes)
$NpcGroup_Enemy6 will be placed at 80248D00 (length = 1F0 bytes)
$NpcGroup_Enemy1 will be placed at 80248EF0 (length = 1F0 bytes)
$NpcGroup_Enemy2 will be placed at 802490E0 (length = 1F0 bytes)
$NpcGroup_Mover will be placed at 802492D0 (length = 1F0 bytes)
$NpcGroup_BanditMover will be placed at 802494C0 (length = 1F0 bytes)
$Interact_BanditMover will be placed at 802496B0 (length = 1EC bytes)
$Function_8024130C will be placed at 8024989C (length = 1EC bytes)
$Script_PipeAnimation will be placed at 80249A88 (length = 1D0 bytes)
$Function_80240000 will be placed at 80249C58 (length = 1A8 bytes)
$JumpTable_80242448 will be placed at 80249E00 (length = 190 bytes)
$Script_LoadChestMap_Mover_Roguelike will be placed at 80249F90 (length = 18C bytes)
$PipeSpawning will be placed at 8024A11C (length = 178 bytes)
$NPC_Sack_AnimationStart will be placed at 8024A294 (length = 168 bytes)
$Function_80240844 will be placed at 8024A3FC (length = 164 bytes)
$Script_LoadChestMap_Roguelike will be placed at 8024A560 (length = 164 bytes)
$Script_NPC_SackHit_Init will be placed at 8024A6C4 (length = 160 bytes)
$Script_SackAnimation_End_Right will be placed at 8024A824 (length = 158 bytes)
$Script_SackAnimation_End_Left will be placed at 8024A97C (length = 150 bytes)
$MapTattle5 will be placed at 8024AACC (length = 13C bytes)
$Function_80240CC0 will be placed at 8024AC08 (length = 134 bytes)
$MapTattle4 will be placed at 8024AD3C (length = 130 bytes)
$GetFloor will be placed at 8024AE6C (length = 12C bytes)
$Function_802411E8 will be placed at 8024AF98 (length = 124 bytes)
$BanditMover_Tattle will be placed at 8024B0BC (length = 124 bytes)
$Script_Main will be placed at 8024B1E0 (length = 120 bytes)
$Script_80243A6C will be placed at 8024B300 (length = 114 bytes)
$Script_SubstractCoins will be placed at 8024B414 (length = 10C bytes)
$Script_LoadMapMover_Roguelike will be placed at 8024B520 (length = 104 bytes)
$GetFloorBandit will be placed at 8024B624 (length = F4 bytes)
$Script_MoverWarpAnimation will be placed at 8024B718 (length = F0 bytes)
$Function_GetColliderPos will be placed at 8024B808 (length = E0 bytes)
$Function_GetPos will be placed at 8024B8E8 (length = E0 bytes)
$Script_TrackPlayer will be placed at 8024B9C8 (length = DC bytes)
$MapTattle2 will be placed at 8024BAA4 (length = D4 bytes)
$Function_802407D8 will be placed at 8024BB78 (length = C0 bytes)
$Function_TrackInput will be placed at 8024BC38 (length = BC bytes)
$MapTattle3 will be placed at 8024BCF4 (length = B0 bytes)
$Script_MakeEntities will be placed at 8024BDA4 (length = A8 bytes)
$MapTattle1 will be placed at 8024BE4C (length = A8 bytes)
$Script_NpcAI_MoneySack will be placed at 8024BEF4 (length = A8 bytes)
$MoverStart will be placed at 8024BF9C (length = A4 bytes)
$SwitchPath will be placed at 8024C040 (length = A4 bytes)
$Script_NPC_Sack_FX will be placed at 8024C0E4 (length = A4 bytes)
$GetPos will be placed at 8024C188 (length = 9C bytes)
$Script_AddCoins will be placed at 8024C224 (length = 98 bytes)
$BanditMoverStart will be placed at 8024C2BC (length = 98 bytes)
$Mover_Tattle will be placed at 8024C354 (length = 94 bytes)
$Function_GetTattle1 will be placed at 8024C3E8 (length = 8C bytes)
$NPC_Sack_AnimationEnd will be placed at 8024C474 (length = 84 bytes)
$BanditMover_Options will be placed at 8024C4F8 (length = 80 bytes)
$SignStringBug will be placed at 8024C578 (length = 7C bytes)
$LoadHighscores will be placed at 8024C5F4 (length = 7C bytes)
$Function_80240BDC will be placed at 8024C670 (length = 78 bytes)
$Mover_Options will be placed at 8024C6E8 (length = 78 bytes)
$Script_EnemyAI will be placed at 8024C760 (length = 70 bytes)
$NpcGroups will be placed at 8024C7D0 (length = 6C bytes)
$DeepestLevel will be placed at 8024C83C (length = 6C bytes)
$Function2 will be placed at 8024C8A8 (length = 6C bytes)
$Function_80240C54 will be placed at 8024C914 (length = 6C bytes)
$LoadCoinsMover will be placed at 8024C980 (length = 6C bytes)
$Function_SetAnimation will be placed at 8024C9EC (length = 6C bytes)
$GetFloorPit will be placed at 8024CA58 (length = 68 bytes)
$MoverEnd will be placed at 8024CAC0 (length = 68 bytes)
$BanditMoverEnd will be placed at 8024CB28 (length = 68 bytes)
$GetFloorSign will be placed at 8024CB90 (length = 64 bytes)
$Function_80240DF4 will be placed at 8024CBF4 (length = 64 bytes)
$BanditMoverNoCoins will be placed at 8024CC58 (length = 58 bytes)
$MoverNoCoins will be placed at 8024CCB0 (length = 58 bytes)
$Function_GetTattle2 will be placed at 8024CD08 (length = 48 bytes)
$CommingDownPipe will be placed at 8024CD50 (length = 48 bytes)
$Script_Exit0 will be placed at 8024CD98 (length = 48 bytes)
$Function_LoadGainedCoins will be placed at 8024CDE0 (length = 48 bytes)
$Function_Init will be placed at 8024CE28 (length = 44 bytes)
$Function_802409A8 will be placed at 8024CE6C (length = 44 bytes)
$Header will be placed at 8024CEB0 (length = 40 bytes)
$JumpTable_80243458 will be placed at 8024CEF0 (length = 3C bytes)
$Script_Init_Bag will be placed at 8024CF2C (length = 38 bytes)
$TotalLevels will be placed at 8024CF64 (length = 38 bytes)
$Script_Init_Bag_HitBox will be placed at 8024CF9C (length = 38 bytes)
$DispawnParthner will be placed at 8024CFD4 (length = 34 bytes)
$Function_ResetDamage will be placed at 8024D008 (length = 34 bytes)
$AISettings_MoneySack will be placed at 8024D03C (length = 30 bytes)
$AISettings_Enemy will be placed at 8024D06C (length = 30 bytes)
$AISettings_DisableEnemy will be placed at 8024D09C (length = 30 bytes)
$RespawnParthner will be placed at 8024D0CC (length = 30 bytes)
$NPC_Settings_Sack will be placed at 8024D0FC (length = 2C bytes)
$Function_GetDamageTaken will be placed at 8024D128 (length = 2C bytes)
$NpcSettings_Enemy1 will be placed at 8024D154 (length = 2C bytes)
$Function_RevivePlayer will be placed at 8024D180 (length = 2C bytes)
$String_CoinsGained will be placed at 8024D1AC (length = 2C bytes)
$BlankSettings will be placed at 8024D1D8 (length = 2C bytes)
$Script_MakeExits will be placed at 8024D204 (length = 2C bytes)
$VectorList_80244998 will be placed at 8024D230 (length = 24 bytes)
$Script_Init_80243B20 will be placed at 8024D254 (length = 24 bytes)
$Script_Init_Mover will be placed at 8024D278 (length = 24 bytes)
$Script_Init_BanditMover will be placed at 8024D29C (length = 24 bytes)
$Script_DisableEnemyAI will be placed at 8024D2C0 (length = 20 bytes)
$EntryList will be placed at 8024D2E0 (length = 20 bytes)
$SignString100 will be placed at 8024D300 (length = 18 bytes)
$FloatTable_80241B2C will be placed at 8024D318 (length = 18 bytes)
$SignString1 will be placed at 8024D330 (length = 14 bytes)
$SignString99 will be placed at 8024D344 (length = 14 bytes)
$SignString98 will be placed at 8024D358 (length = 14 bytes)
$SignString97 will be placed at 8024D36C (length = 14 bytes)
$SignString96 will be placed at 8024D380 (length = 14 bytes)
$SignString95 will be placed at 8024D394 (length = 14 bytes)
$SignString94 will be placed at 8024D3A8 (length = 14 bytes)
$SignString93 will be placed at 8024D3BC (length = 14 bytes)
$SignString92 will be placed at 8024D3D0 (length = 14 bytes)
$SignString91 will be placed at 8024D3E4 (length = 14 bytes)
$SignString90 will be placed at 8024D3F8 (length = 14 bytes)
$SignString59 will be placed at 8024D40C (length = 14 bytes)
$SignString58 will be placed at 8024D420 (length = 14 bytes)
$SignString57 will be placed at 8024D434 (length = 14 bytes)
$SignString56 will be placed at 8024D448 (length = 14 bytes)
$SignString55 will be placed at 8024D45C (length = 14 bytes)
$SignString54 will be placed at 8024D470 (length = 14 bytes)
$SignString53 will be placed at 8024D484 (length = 14 bytes)
$SignString52 will be placed at 8024D498 (length = 14 bytes)
$SignString51 will be placed at 8024D4AC (length = 14 bytes)
$SignString50 will be placed at 8024D4C0 (length = 14 bytes)
$SignString69 will be placed at 8024D4D4 (length = 14 bytes)
$SignString68 will be placed at 8024D4E8 (length = 14 bytes)
$SignString67 will be placed at 8024D4FC (length = 14 bytes)
$SignString66 will be placed at 8024D510 (length = 14 bytes)
$SignString65 will be placed at 8024D524 (length = 14 bytes)
$SignString64 will be placed at 8024D538 (length = 14 bytes)
$SignString63 will be placed at 8024D54C (length = 14 bytes)
$SignString62 will be placed at 8024D560 (length = 14 bytes)
$SignString61 will be placed at 8024D574 (length = 14 bytes)
$SignString60 will be placed at 8024D588 (length = 14 bytes)
$SignString79 will be placed at 8024D59C (length = 14 bytes)
$SignString78 will be placed at 8024D5B0 (length = 14 bytes)
$SignString77 will be placed at 8024D5C4 (length = 14 bytes)
$SignString76 will be placed at 8024D5D8 (length = 14 bytes)
$SignString75 will be placed at 8024D5EC (length = 14 bytes)
$SignString74 will be placed at 8024D600 (length = 14 bytes)
$SignString73 will be placed at 8024D614 (length = 14 bytes)
$SignString72 will be placed at 8024D628 (length = 14 bytes)
$SignString71 will be placed at 8024D63C (length = 14 bytes)
$SignString70 will be placed at 8024D650 (length = 14 bytes)
$SignString89 will be placed at 8024D664 (length = 14 bytes)
$SignString88 will be placed at 8024D678 (length = 14 bytes)
$SignString87 will be placed at 8024D68C (length = 14 bytes)
$SignString86 will be placed at 8024D6A0 (length = 14 bytes)
$SignString85 will be placed at 8024D6B4 (length = 14 bytes)
$SignString84 will be placed at 8024D6C8 (length = 14 bytes)
$SignString83 will be placed at 8024D6DC (length = 14 bytes)
$SignString82 will be placed at 8024D6F0 (length = 14 bytes)
$SignString81 will be placed at 8024D704 (length = 14 bytes)
$SignString80 will be placed at 8024D718 (length = 14 bytes)
$SignString19 will be placed at 8024D72C (length = 14 bytes)
$SignString18 will be placed at 8024D740 (length = 14 bytes)
$SignString17 will be placed at 8024D754 (length = 14 bytes)
$SignString16 will be placed at 8024D768 (length = 14 bytes)
$SignString15 will be placed at 8024D77C (length = 14 bytes)
$SignString14 will be placed at 8024D790 (length = 14 bytes)
$SignString13 will be placed at 8024D7A4 (length = 14 bytes)
$SignString12 will be placed at 8024D7B8 (length = 14 bytes)
$SignString11 will be placed at 8024D7CC (length = 14 bytes)
$SignString10 will be placed at 8024D7E0 (length = 14 bytes)
$SignString3 will be placed at 8024D7F4 (length = 14 bytes)
$SignString2 will be placed at 8024D808 (length = 14 bytes)
$SignString5 will be placed at 8024D81C (length = 14 bytes)
$SignString4 will be placed at 8024D830 (length = 14 bytes)
$SignString7 will be placed at 8024D844 (length = 14 bytes)
$SignString6 will be placed at 8024D858 (length = 14 bytes)
$SignString9 will be placed at 8024D86C (length = 14 bytes)
$SignString8 will be placed at 8024D880 (length = 14 bytes)
$SignString29 will be placed at 8024D894 (length = 14 bytes)
$SignString28 will be placed at 8024D8A8 (length = 14 bytes)
$SignString27 will be placed at 8024D8BC (length = 14 bytes)
$SignString26 will be placed at 8024D8D0 (length = 14 bytes)
$SignString25 will be placed at 8024D8E4 (length = 14 bytes)
$SignString24 will be placed at 8024D8F8 (length = 14 bytes)
$SignString23 will be placed at 8024D90C (length = 14 bytes)
$SignString22 will be placed at 8024D920 (length = 14 bytes)
$SignString21 will be placed at 8024D934 (length = 14 bytes)
$SignString20 will be placed at 8024D948 (length = 14 bytes)
$SignString will be placed at 8024D95C (length = 14 bytes)
$SignString39 will be placed at 8024D970 (length = 14 bytes)
$SignString38 will be placed at 8024D984 (length = 14 bytes)
$SignString37 will be placed at 8024D998 (length = 14 bytes)
$SignString36 will be placed at 8024D9AC (length = 14 bytes)
$SignString35 will be placed at 8024D9C0 (length = 14 bytes)
$SignString34 will be placed at 8024D9D4 (length = 14 bytes)
$SignString33 will be placed at 8024D9E8 (length = 14 bytes)
$SignString32 will be placed at 8024D9FC (length = 14 bytes)
$SignString31 will be placed at 8024DA10 (length = 14 bytes)
$SignString30 will be placed at 8024DA24 (length = 14 bytes)
$SignString49 will be placed at 8024DA38 (length = 14 bytes)
$SignString48 will be placed at 8024DA4C (length = 14 bytes)
$SignString47 will be placed at 8024DA60 (length = 14 bytes)
$SignString46 will be placed at 8024DA74 (length = 14 bytes)
$SignString45 will be placed at 8024DA88 (length = 14 bytes)
$SignString44 will be placed at 8024DA9C (length = 14 bytes)
$SignString43 will be placed at 8024DAB0 (length = 14 bytes)
$SignString42 will be placed at 8024DAC4 (length = 14 bytes)
$SignString41 will be placed at 8024DAD8 (length = 14 bytes)
$SignString40 will be placed at 8024DAEC (length = 14 bytes)
$ASCII_pit_02_Literal will be placed at 8024DB00 (length = C bytes)
$ASCII_pit_90_Literal will be placed at 8024DB0C (length = C bytes)
$ASCII_pit_34_Literal will be placed at 8024DB18 (length = C bytes)
$ASCII_pit_66_Literal will be placed at 8024DB24 (length = C bytes)
$ASCII_pit_98_Literal will be placed at 8024DB30 (length = C bytes)
$ASCII_pit_19_Literal will be placed at 8024DB3C (length = C bytes)
$ASCII_pit_57_Literal will be placed at 8024DB48 (length = C bytes)
$ASCII_pit_69_Literal will be placed at 8024DB54 (length = C bytes)
$ASCII_pit_72_Literal will be placed at 8024DB60 (length = C bytes)
$ASCII_pit_81_Literal will be placed at 8024DB6C (length = C bytes)
$ASCII_pit_43_Literal will be placed at 8024DB78 (length = C bytes)
$ASCII_pit_28_Literal will be placed at 8024DB84 (length = C bytes)
$ASCII_pit_78_Literal will be placed at 8024DB90 (length = C bytes)
$ASCII_pit_63_Literal will be placed at 8024DB9C (length = C bytes)
$ASCII_pit_46_Literal will be placed at 8024DBA8 (length = C bytes)
$ASCII_pit_95_Literal will be placed at 8024DBB4 (length = C bytes)
$ASCII_pit_16_Literal will be placed at 8024DBC0 (length = C bytes)
$ASCII_pit_37_Literal will be placed at 8024DBCC (length = C bytes)
$ASCII_pit_22_Literal will be placed at 8024DBD8 (length = C bytes)
$ASCII_pit_05_Literal will be placed at 8024DBE4 (length = C bytes)
$ASCII_pit_25_Literal will be placed at 8024DBF0 (length = C bytes)
$ASCII_pit_54_Literal will be placed at 8024DBFC (length = C bytes)
$ASCII_pit_08_Literal will be placed at 8024DC08 (length = C bytes)
$ASCII_pit_87_Literal will be placed at 8024DC14 (length = C bytes)
$ASCII_pit_75_Literal will be placed at 8024DC20 (length = C bytes)
$ASCII_pit_13_Literal will be placed at 8024DC2C (length = C bytes)
$ASCII_pit_32_Literal will be placed at 8024DC38 (length = C bytes)
$ASCII_pit_92_Literal will be placed at 8024DC44 (length = C bytes)
$ASCII_pit_17_Literal will be placed at 8024DC50 (length = C bytes)
$ASCII_pit_49_Literal will be placed at 8024DC5C (length = C bytes)
$ASCII_pit_77_Literal will be placed at 8024DC68 (length = C bytes)
$ASCII_pit_96_Literal will be placed at 8024DC74 (length = C bytes)
$ASCII_pit_68_Literal will be placed at 8024DC80 (length = C bytes)
$ASCII_pit_51_Literal will be placed at 8024DC8C (length = C bytes)
$ASCII_pit_04_Literal will be placed at 8024DC98 (length = C bytes)
$ASCII_pit_83_Literal will be placed at 8024DCA4 (length = C bytes)
$ASCII_pit_86_Literal will be placed at 8024DCB0 (length = C bytes)
$ASCII_pit_26_Literal will be placed at 8024DCBC (length = C bytes)
$ASCII_pit_41_Literal will be placed at 8024DCC8 (length = C bytes)
$ASCII_pit_14_Literal will be placed at 8024DCD4 (length = C bytes)
$ASCII_pit_74_Literal will be placed at 8024DCE0 (length = C bytes)
$ASCII_pit_60_Literal will be placed at 8024DCEC (length = C bytes)
$ASCII_pit_59_Literal will be placed at 8024DCF8 (length = C bytes)
$ASCII_pit_93_Literal will be placed at 8024DD04 (length = C bytes)
$ASCII_pit_65_Literal will be placed at 8024DD10 (length = C bytes)
$ASCII_pit_07_Literal will be placed at 8024DD1C (length = C bytes)
$ASCII_pit_20_Literal will be placed at 8024DD28 (length = C bytes)
$ASCII_pit_35_Literal will be placed at 8024DD34 (length = C bytes)
$ASCII_pit_23_Literal will be placed at 8024DD40 (length = C bytes)
$ASCII_pit_11_Literal will be placed at 8024DD4C (length = C bytes)
$ASCII_pit_56_Literal will be placed at 8024DD58 (length = C bytes)
$ASCII_pit_44_Literal will be placed at 8024DD64 (length = C bytes)
$ASCII_pit_89_Literal will be placed at 8024DD70 (length = C bytes)
$ASCII_pit_79_Literal will be placed at 8024DD7C (length = C bytes)
$ASCII_pit_62_Literal will be placed at 8024DD88 (length = C bytes)
$ASCII_pit_94_Literal will be placed at 8024DD94 (length = C bytes)
$ASCII_pit_47_Literal will be placed at 8024DDA0 (length = C bytes)
$ASCII_pit_21_Literal will be placed at 8024DDAC (length = C bytes)
$ASCII_pit_06_Literal will be placed at 8024DDB8 (length = C bytes)
$ASCII_pit_53_Literal will be placed at 8024DDC4 (length = C bytes)
$ASCII_pit_09_Literal will be placed at 8024DDD0 (length = C bytes)
$ASCII_pit_88_Literal will be placed at 8024DDDC (length = C bytes)
$ASCII_pit_38_Literal will be placed at 8024DDE8 (length = C bytes)
$ASCII_pit_24_Literal will be placed at 8024DDF4 (length = C bytes)
$ASCII_pit_12_Literal will be placed at 8024DE00 (length = C bytes)
$ASCII_pit_76_Literal will be placed at 8024DE0C (length = C bytes)
$ASCII_pit_01_Literal will be placed at 8024DE18 (length = C bytes)
$ASCII_pit_50_Literal will be placed at 8024DE24 (length = C bytes)
$ASCII_pit_33_Literal will be placed at 8024DE30 (length = C bytes)
$ASCII_pit_99_Literal will be placed at 8024DE3C (length = C bytes)
$ASCII_pit_67_Literal will be placed at 8024DE48 (length = C bytes)
$ASCII_pit_71_Literal will be placed at 8024DE54 (length = C bytes)
$ASCII_pit_42_Literal will be placed at 8024DE60 (length = C bytes)
$ASCII_pit_80_Literal will be placed at 8024DE6C (length = C bytes)
$ASCII_pit_29_Literal will be placed at 8024DE78 (length = C bytes)
$ASCII_pit_58_Literal will be placed at 8024DE84 (length = C bytes)
$ASCII_pit_30_Literal will be placed at 8024DE90 (length = C bytes)
$ASCII_pit_00_Literal will be placed at 8024DE9C (length = C bytes)
$ASCII_pit_64_Literal will be placed at 8024DEA8 (length = C bytes)
$ASCII_pit_36_Literal will be placed at 8024DEB4 (length = C bytes)
$ASCII_pit_55_Literal will be placed at 8024DEC0 (length = C bytes)
$ASCII_pit_10_Literal will be placed at 8024DECC (length = C bytes)
$ASCII_pit_45_Literal will be placed at 8024DED8 (length = C bytes)
$ASCII_pit_18_Literal will be placed at 8024DEE4 (length = C bytes)
$ASCII_pit_48_Literal will be placed at 8024DEF0 (length = C bytes)
$ASCII_pit_03_Literal will be placed at 8024DEFC (length = C bytes)
$ASCII_pit_31_Literal will be placed at 8024DF08 (length = C bytes)
$ASCII_pit_91_Literal will be placed at 8024DF14 (length = C bytes)
$ASCII_pit_97_Literal will be placed at 8024DF20 (length = C bytes)
$ASCII_pit_82_Literal will be placed at 8024DF2C (length = C bytes)
$ASCII_pit_52_Literal will be placed at 8024DF38 (length = C bytes)
$ASCII_pit_70_Literal will be placed at 8024DF44 (length = C bytes)
$ASCII_pit_85_Literal will be placed at 8024DF50 (length = C bytes)
$ASCII_pit_40_Literal will be placed at 8024DF5C (length = C bytes)
$ASCII_pit_39_Literal will be placed at 8024DF68 (length = C bytes)
$ASCII_pit_73_Literal will be placed at 8024DF74 (length = C bytes)
$ASCII_pit_15_Literal will be placed at 8024DF80 (length = C bytes)
$ASCII_pit_27_Literal will be placed at 8024DF8C (length = C bytes)
$ASCII_pit_61_Literal will be placed at 8024DF98 (length = C bytes)
$ConstDouble_80243448 will be placed at 8024DFA4 (length = 8 bytes)
$ConstDouble_80243440 will be placed at 8024DFAC (length = 8 bytes)
$ASCII_pit_842_Literal will be placed at 8024DFB4 (length = 8 bytes)
$ConstDouble_80243450 will be placed at 8024DFBC (length = 8 bytes)
$ASCII_pit_100_Literal will be placed at 8024DFC4 (length = 8 bytes)
$ASCII_tik_tex_Literal will be placed at 8024DFCC (length = 8 bytes)
$MoverCancel will be placed at 8024DFD4 (length = 4 bytes)
$BanditMoverCancel will be placed at 8024DFD8 (length = 4 bytes)
Executing patch: pit_24.mpat
Loaded map pit_24
Creating struct: $EntryList
Creating struct: $DeepestLevel
Creating struct: $TotalLevels
Creating struct: $LoadHighscores
Creating struct: $FallingDownPipe
Creating struct: $Function_GetPos
Creating struct: $Function2
Creating struct: $SetSpawns
Creating struct: $Script_SetNPCPos
Creating struct: $SwitchPath
Creating struct: $VectorList_80244998
Creating struct: $GetPos
Creating struct: $Function_GetDamageTaken
Creating struct: $Function_ResetDamage
Creating struct: $DispawnParthner
Creating struct: $RespawnParthner
Creating struct: $LoadMap
Creating struct: $Script_LoadMapMover_Roguelike
Creating struct: $GetFloor
Creating struct: $LoadCoinsMover
Creating struct: $LoadMapBandit
Creating struct: $GetFloorBandit
Creating struct: $Script_Init_80243B20
Creating struct: $Script_80243A6C
Creating struct: $Script_AddCoins
Creating struct: $Script_SubstractCoins
Creating struct: $NPC_Settings_Sack
Creating struct: $Script_Init_Bag
Creating struct: $Script_Init_Bag_HitBox
Creating struct: $Script_NPC_SackHit_Init
Creating struct: $Script_NPC_Sack_FX
Creating struct: $NPC_Sack_AnimationStart
Creating struct: $NPC_Sack_AnimationEnd
Creating struct: $Script_SackAnimation_Start_GoToTheRight
Creating struct: $Script_SackAnimation_Start_GoToTheLeft
Creating struct: $Script_SackAnimation_End_Right
Creating struct: $Script_SackAnimation_End_Left
Creating struct: $Function_LoadGainedCoins
Creating struct: $Function_RevivePlayer
Creating struct: $AISettings_MoneySack
Creating struct: $Script_NpcAI_MoneySack
Creating struct: $JumpTable_80242448
Creating struct: $Function_NpcAI_MoneySack
Creating struct: $Function_80240260
Creating struct: $Function_80240844
Creating struct: $Function_802409A8
Creating struct: $Script_TrackPlayer
Creating struct: $Script_PipeAnimation
Creating struct: $Function_SetAnimation
Creating struct: $Function_GetColliderPos
Creating struct: $Function_TrackInput
Creating struct: $GoToNextLevel
Creating struct: $GoToNextLevel_Roguelike
Creating struct: $Script_SetSetsOfLevels
Creating struct: $Script_LoadMap_Roguelike
Creating struct: $Script_LoadChestMap_Roguelike
Creating struct: $Script_LoadMap_Mover_Roguelike
Creating struct: $Script_LoadChestMap_Mover_Roguelike
Creating struct: $GetFloorPit
Creating struct: $GetFloorSign
Creating struct: $Function_GetTattle1
Creating struct: $Function_GetTattle2
Creating struct: $Script_ReadSign
Creating struct: $Header
Creating struct: $Function_Init
Creating struct: $Script_Main
Creating struct: $NpcGroups
Creating struct: $NpcGroup_Mover
Creating struct: $BlankSettings
Creating struct: $Script_Init_Mover
Creating struct: $Interact_Mover
Creating struct: $Script_MoverWarpAnimation
Creating struct: $NpcGroup_BanditMover
Creating struct: $Script_Init_BanditMover
Creating struct: $Interact_BanditMover
Creating struct: $NpcGroup_Enemy1
Creating struct: $NpcGroup_Enemy2
Creating struct: $NpcGroup_Enemy3
Creating struct: $NpcGroup_Enemy4
Creating struct: $NpcGroup_Enemy5
Creating struct: $NpcGroup_Enemy6
Creating struct: $NpcSettings_Enemy1
Creating struct: $Script_EnemyAI
Creating struct: $AISettings_Enemy
Creating struct: $ConstDouble_80241AE0
Creating struct: $ConstDouble_80241AE8
Creating struct: $ConstDouble_80241AF0
Creating struct: $ConstDouble_80241AF8
Creating struct: $ConstDouble_80241B00
Creating struct: $JumpTable_80241B08
Creating struct: $Function_80240C90
Creating struct: $Function_80240000
Creating struct: $Function_80240160
Creating struct: $Function_802401D4
Creating struct: $Function_80240304
Creating struct: $Function_802403A0
Creating struct: $Function_80240428
Creating struct: $Function_802404D0
Creating struct: $Function_80240644
Creating struct: $Function_80240694
Creating struct: $Function_80240834
Creating struct: $Function_80240984
Creating struct: $Function_80240A30
Creating struct: $Function_80240B68
Creating struct: $Function_80240BE4
Creating struct: $Function_80240C4C
Creating struct: $Script_DisableEnemyAI
Creating struct: $AISettings_DisableEnemy
Creating struct: $PipeSpawning
Creating struct: $Script_MakeEntities
Creating struct: $CommingDownPipe
Creating struct: $Script_MakeExits
Creating struct: $Script_Exit0
Merged 1 regions to 1
$Script_LoadMap_Mover_Roguelike will be placed at 80240000 (length = F14 bytes)
$LoadMap will be placed at 80240F14 (length = EF4 bytes)
$Script_ReadSign will be placed at 80241E08 (length = EEC bytes)
$LoadMapBandit will be placed at 80242CF4 (length = EA4 bytes)
$Script_LoadMap_Roguelike will be placed at 80243B98 (length = D9C bytes)
$GoToNextLevel will be placed at 80244934 (length = D10 bytes)
$GoToNextLevel_Roguelike will be placed at 80245644 (length = 868 bytes)
$Function_80240260 will be placed at 80245EAC (length = 5E4 bytes)
$SetSpawns will be placed at 80246490 (length = 384 bytes)
$FallingDownPipe will be placed at 80246814 (length = 37C bytes)
$Script_SetSetsOfLevels will be placed at 80246B90 (length = 358 bytes)
$Function_80240C90 will be placed at 80246EE8 (length = 350 bytes)
$Script_SetNPCPos will be placed at 80247238 (length = 2F4 bytes)
$Function_NpcAI_MoneySack will be placed at 8024752C (length = 238 bytes)
$Script_SackAnimation_Start_GoToTheRight will be placed at 80247764 (length = 230 bytes)
$Script_SackAnimation_Start_GoToTheLeft will be placed at 80247994 (length = 1F8 bytes)
$Interact_Mover will be placed at 80247B8C (length = 1F8 bytes)
$NpcGroup_Enemy3 will be placed at 80247D84 (length = 1F0 bytes)
$NpcGroup_Enemy4 will be placed at 80247F74 (length = 1F0 bytes)
$NpcGroup_Enemy5 will be placed at 80248164 (length = 1F0 bytes)
$NpcGroup_Enemy6 will be placed at 80248354 (length = 1F0 bytes)
$NpcGroup_Enemy1 will be placed at 80248544 (length = 1F0 bytes)
$NpcGroup_Enemy2 will be placed at 80248734 (length = 1F0 bytes)
$NpcGroup_Mover will be placed at 80248924 (length = 1F0 bytes)
$NpcGroup_BanditMover will be placed at 80248B14 (length = 1F0 bytes)
$Interact_BanditMover will be placed at 80248D04 (length = 1EC bytes)
$Script_PipeAnimation will be placed at 80248EF0 (length = 1D0 bytes)
$Function_80240694 will be placed at 802490C0 (length = 1A4 bytes)
$JumpTable_80242448 will be placed at 80249264 (length = 190 bytes)
$Script_LoadChestMap_Mover_Roguelike will be placed at 802493F4 (length = 18C bytes)
$PipeSpawning will be placed at 80249580 (length = 178 bytes)
$Function_802404D0 will be placed at 802496F8 (length = 174 bytes)
$Function_80240000 will be placed at 8024986C (length = 168 bytes)
$NPC_Sack_AnimationStart will be placed at 802499D4 (length = 168 bytes)
$Function_80240844 will be placed at 80249B3C (length = 164 bytes)
$Script_LoadChestMap_Roguelike will be placed at 80249CA0 (length = 164 bytes)
$Script_NPC_SackHit_Init will be placed at 80249E04 (length = 160 bytes)
$Script_SackAnimation_End_Right will be placed at 80249F64 (length = 158 bytes)
$Script_SackAnimation_End_Left will be placed at 8024A0BC (length = 150 bytes)
$Function_80240834 will be placed at 8024A20C (length = 150 bytes)
$MapTattle5 will be placed at 8024A35C (length = 13C bytes)
$Function_80240A30 will be placed at 8024A498 (length = 138 bytes)
$Function_802401D4 will be placed at 8024A5D0 (length = 134 bytes)
$MapTattle4 will be placed at 8024A704 (length = 130 bytes)
$GetFloor will be placed at 8024A834 (length = 12C bytes)
$BanditMover_Tattle will be placed at 8024A960 (length = 124 bytes)
$Script_Main will be placed at 8024AA84 (length = 120 bytes)
$Script_80243A6C will be placed at 8024ABA4 (length = 114 bytes)
$Script_SubstractCoins will be placed at 8024ACB8 (length = 10C bytes)
$Script_LoadMapMover_Roguelike will be placed at 8024ADC4 (length = 104 bytes)
$GetFloorBandit will be placed at 8024AEC8 (length = F4 bytes)
$Script_MoverWarpAnimation will be placed at 8024AFBC (length = F0 bytes)
$Function_GetColliderPos will be placed at 8024B0AC (length = E0 bytes)
$Function_GetPos will be placed at 8024B18C (length = E0 bytes)
$Script_TrackPlayer will be placed at 8024B26C (length = DC bytes)
$JumpTable_80241B08 will be placed at 8024B348 (length = D4 bytes)
$MapTattle2 will be placed at 8024B41C (length = D4 bytes)
$Function_TrackInput will be placed at 8024B4F0 (length = BC bytes)
$MapTattle3 will be placed at 8024B5AC (length = B0 bytes)
$Function_80240984 will be placed at 8024B65C (length = AC bytes)
$Script_MakeEntities will be placed at 8024B708 (length = A8 bytes)
$MapTattle1 will be placed at 8024B7B0 (length = A8 bytes)
$Script_NpcAI_MoneySack will be placed at 8024B858 (length = A8 bytes)
$Function_80240428 will be placed at 8024B900 (length = A8 bytes)
$MoverStart will be placed at 8024B9A8 (length = A4 bytes)
$SwitchPath will be placed at 8024BA4C (length = A4 bytes)
$Script_NPC_Sack_FX will be placed at 8024BAF0 (length = A4 bytes)
$GetPos will be placed at 8024BB94 (length = 9C bytes)
$Function_80240304 will be placed at 8024BC30 (length = 9C bytes)
$Script_AddCoins will be placed at 8024BCCC (length = 98 bytes)
$BanditMoverStart will be placed at 8024BD64 (length = 98 bytes)
$Mover_Tattle will be placed at 8024BDFC (length = 94 bytes)
$Function_GetTattle1 will be placed at 8024BE90 (length = 8C bytes)
$Function_802403A0 will be placed at 8024BF1C (length = 88 bytes)
$NPC_Sack_AnimationEnd will be placed at 8024BFA4 (length = 84 bytes)
$BanditMover_Options will be placed at 8024C028 (length = 80 bytes)
$SignStringBug will be placed at 8024C0A8 (length = 7C bytes)
$Function_80240B68 will be placed at 8024C124 (length = 7C bytes)
$LoadHighscores will be placed at 8024C1A0 (length = 7C bytes)
$Mover_Options will be placed at 8024C21C (length = 78 bytes)
$Function_80240160 will be placed at 8024C294 (length = 74 bytes)
$NpcGroups will be placed at 8024C308 (length = 6C bytes)
$DeepestLevel will be placed at 8024C374 (length = 6C bytes)
$Function2 will be placed at 8024C3E0 (length = 6C bytes)
$LoadCoinsMover will be placed at 8024C44C (length = 6C bytes)
$Function_SetAnimation will be placed at 8024C4B8 (length = 6C bytes)
$GetFloorPit will be placed at 8024C524 (length = 68 bytes)
$Function_80240BE4 will be placed at 8024C58C (length = 68 bytes)
$MoverEnd will be placed at 8024C5F4 (length = 68 bytes)
$BanditMoverEnd will be placed at 8024C65C (length = 68 bytes)
$GetFloorSign will be placed at 8024C6C4 (length = 64 bytes)
$BanditMoverNoCoins will be placed at 8024C728 (length = 58 bytes)
$MoverNoCoins will be placed at 8024C780 (length = 58 bytes)
$Function_80240644 will be placed at 8024C7D8 (length = 50 bytes)
$Function_GetTattle2 will be placed at 8024C828 (length = 48 bytes)
$CommingDownPipe will be placed at 8024C870 (length = 48 bytes)
$Script_Exit0 will be placed at 8024C8B8 (length = 48 bytes)
$Function_LoadGainedCoins will be placed at 8024C900 (length = 48 bytes)
$Function_Init will be placed at 8024C948 (length = 44 bytes)
$Function_802409A8 will be placed at 8024C98C (length = 44 bytes)
$Function_80240C4C will be placed at 8024C9D0 (length = 44 bytes)
$Header will be placed at 8024CA14 (length = 40 bytes)
$Script_Init_Bag will be placed at 8024CA54 (length = 38 bytes)
$TotalLevels will be placed at 8024CA8C (length = 38 bytes)
$Script_Init_Bag_HitBox will be placed at 8024CAC4 (length = 38 bytes)
$DispawnParthner will be placed at 8024CAFC (length = 34 bytes)
$Function_ResetDamage will be placed at 8024CB30 (length = 34 bytes)
$AISettings_MoneySack will be placed at 8024CB64 (length = 30 bytes)
$AISettings_Enemy will be placed at 8024CB94 (length = 30 bytes)
$AISettings_DisableEnemy will be placed at 8024CBC4 (length = 30 bytes)
$RespawnParthner will be placed at 8024CBF4 (length = 30 bytes)
$NPC_Settings_Sack will be placed at 8024CC24 (length = 2C bytes)
$Function_GetDamageTaken will be placed at 8024CC50 (length = 2C bytes)
$NpcSettings_Enemy1 will be placed at 8024CC7C (length = 2C bytes)
$Function_RevivePlayer will be placed at 8024CCA8 (length = 2C bytes)
$String_CoinsGained will be placed at 8024CCD4 (length = 2C bytes)
$BlankSettings will be placed at 8024CD00 (length = 2C bytes)
$Script_MakeExits will be placed at 8024CD2C (length = 2C bytes)
$VectorList_80244998 will be placed at 8024CD58 (length = 24 bytes)
$Script_Init_80243B20 will be placed at 8024CD7C (length = 24 bytes)
$Script_Init_Mover will be placed at 8024CDA0 (length = 24 bytes)
$Script_Init_BanditMover will be placed at 8024CDC4 (length = 24 bytes)
$Script_EnemyAI will be placed at 8024CDE8 (length = 24 bytes)
$Script_DisableEnemyAI will be placed at 8024CE0C (length = 20 bytes)
$EntryList will be placed at 8024CE2C (length = 20 bytes)
$SignString100 will be placed at 8024CE4C (length = 18 bytes)
$SignString1 will be placed at 8024CE64 (length = 14 bytes)
$SignString99 will be placed at 8024CE78 (length = 14 bytes)
$SignString98 will be placed at 8024CE8C (length = 14 bytes)
$SignString97 will be placed at 8024CEA0 (length = 14 bytes)
$SignString96 will be placed at 8024CEB4 (length = 14 bytes)
$SignString95 will be placed at 8024CEC8 (length = 14 bytes)
$SignString94 will be placed at 8024CEDC (length = 14 bytes)
$SignString93 will be placed at 8024CEF0 (length = 14 bytes)
$SignString92 will be placed at 8024CF04 (length = 14 bytes)
$SignString91 will be placed at 8024CF18 (length = 14 bytes)
$SignString90 will be placed at 8024CF2C (length = 14 bytes)
$SignString59 will be placed at 8024CF40 (length = 14 bytes)
$SignString58 will be placed at 8024CF54 (length = 14 bytes)
$SignString57 will be placed at 8024CF68 (length = 14 bytes)
$SignString56 will be placed at 8024CF7C (length = 14 bytes)
$SignString55 will be placed at 8024CF90 (length = 14 bytes)
$SignString54 will be placed at 8024CFA4 (length = 14 bytes)
$SignString53 will be placed at 8024CFB8 (length = 14 bytes)
$SignString52 will be placed at 8024CFCC (length = 14 bytes)
$SignString51 will be placed at 8024CFE0 (length = 14 bytes)
$SignString50 will be placed at 8024CFF4 (length = 14 bytes)
$SignString69 will be placed at 8024D008 (length = 14 bytes)
$SignString68 will be placed at 8024D01C (length = 14 bytes)
$SignString67 will be placed at 8024D030 (length = 14 bytes)
$SignString66 will be placed at 8024D044 (length = 14 bytes)
$SignString65 will be placed at 8024D058 (length = 14 bytes)
$SignString64 will be placed at 8024D06C (length = 14 bytes)
$SignString63 will be placed at 8024D080 (length = 14 bytes)
$SignString62 will be placed at 8024D094 (length = 14 bytes)
$SignString61 will be placed at 8024D0A8 (length = 14 bytes)
$SignString60 will be placed at 8024D0BC (length = 14 bytes)
$SignString79 will be placed at 8024D0D0 (length = 14 bytes)
$SignString78 will be placed at 8024D0E4 (length = 14 bytes)
$SignString77 will be placed at 8024D0F8 (length = 14 bytes)
$SignString76 will be placed at 8024D10C (length = 14 bytes)
$SignString75 will be placed at 8024D120 (length = 14 bytes)
$SignString74 will be placed at 8024D134 (length = 14 bytes)
$SignString73 will be placed at 8024D148 (length = 14 bytes)
$SignString72 will be placed at 8024D15C (length = 14 bytes)
$SignString71 will be placed at 8024D170 (length = 14 bytes)
$SignString70 will be placed at 8024D184 (length = 14 bytes)
$SignString89 will be placed at 8024D198 (length = 14 bytes)
$SignString88 will be placed at 8024D1AC (length = 14 bytes)
$SignString87 will be placed at 8024D1C0 (length = 14 bytes)
$SignString86 will be placed at 8024D1D4 (length = 14 bytes)
$SignString85 will be placed at 8024D1E8 (length = 14 bytes)
$SignString84 will be placed at 8024D1FC (length = 14 bytes)
$SignString83 will be placed at 8024D210 (length = 14 bytes)
$SignString82 will be placed at 8024D224 (length = 14 bytes)
$SignString81 will be placed at 8024D238 (length = 14 bytes)
$SignString80 will be placed at 8024D24C (length = 14 bytes)
$SignString19 will be placed at 8024D260 (length = 14 bytes)
$SignString18 will be placed at 8024D274 (length = 14 bytes)
$SignString17 will be placed at 8024D288 (length = 14 bytes)
$SignString16 will be placed at 8024D29C (length = 14 bytes)
$SignString15 will be placed at 8024D2B0 (length = 14 bytes)
$SignString14 will be placed at 8024D2C4 (length = 14 bytes)
$SignString13 will be placed at 8024D2D8 (length = 14 bytes)
$SignString12 will be placed at 8024D2EC (length = 14 bytes)
$SignString11 will be placed at 8024D300 (length = 14 bytes)
$SignString10 will be placed at 8024D314 (length = 14 bytes)
$SignString3 will be placed at 8024D328 (length = 14 bytes)
$SignString2 will be placed at 8024D33C (length = 14 bytes)
$SignString5 will be placed at 8024D350 (length = 14 bytes)
$SignString4 will be placed at 8024D364 (length = 14 bytes)
$SignString7 will be placed at 8024D378 (length = 14 bytes)
$SignString6 will be placed at 8024D38C (length = 14 bytes)
$SignString9 will be placed at 8024D3A0 (length = 14 bytes)
$SignString8 will be placed at 8024D3B4 (length = 14 bytes)
$SignString29 will be placed at 8024D3C8 (length = 14 bytes)
$SignString28 will be placed at 8024D3DC (length = 14 bytes)
$SignString27 will be placed at 8024D3F0 (length = 14 bytes)
$SignString26 will be placed at 8024D404 (length = 14 bytes)
$SignString25 will be placed at 8024D418 (length = 14 bytes)
$SignString24 will be placed at 8024D42C (length = 14 bytes)
$SignString23 will be placed at 8024D440 (length = 14 bytes)
$SignString22 will be placed at 8024D454 (length = 14 bytes)
$SignString21 will be placed at 8024D468 (length = 14 bytes)
$SignString20 will be placed at 8024D47C (length = 14 bytes)
$SignString will be placed at 8024D490 (length = 14 bytes)
$SignString39 will be placed at 8024D4A4 (length = 14 bytes)
$SignString38 will be placed at 8024D4B8 (length = 14 bytes)
$SignString37 will be placed at 8024D4CC (length = 14 bytes)
$SignString36 will be placed at 8024D4E0 (length = 14 bytes)
$SignString35 will be placed at 8024D4F4 (length = 14 bytes)
$SignString34 will be placed at 8024D508 (length = 14 bytes)
$SignString33 will be placed at 8024D51C (length = 14 bytes)
$SignString32 will be placed at 8024D530 (length = 14 bytes)
$SignString31 will be placed at 8024D544 (length = 14 bytes)
$SignString30 will be placed at 8024D558 (length = 14 bytes)
$SignString49 will be placed at 8024D56C (length = 14 bytes)
$SignString48 will be placed at 8024D580 (length = 14 bytes)
$SignString47 will be placed at 8024D594 (length = 14 bytes)
$SignString46 will be placed at 8024D5A8 (length = 14 bytes)
$SignString45 will be placed at 8024D5BC (length = 14 bytes)
$SignString44 will be placed at 8024D5D0 (length = 14 bytes)
$SignString43 will be placed at 8024D5E4 (length = 14 bytes)
$SignString42 will be placed at 8024D5F8 (length = 14 bytes)
$SignString41 will be placed at 8024D60C (length = 14 bytes)
$SignString40 will be placed at 8024D620 (length = 14 bytes)
$ASCII_pit_02_Literal will be placed at 8024D634 (length = C bytes)
$ASCII_pit_90_Literal will be placed at 8024D640 (length = C bytes)
$ASCII_pit_34_Literal will be placed at 8024D64C (length = C bytes)
$ASCII_pit_66_Literal will be placed at 8024D658 (length = C bytes)
$ASCII_pit_98_Literal will be placed at 8024D664 (length = C bytes)
$ASCII_pit_19_Literal will be placed at 8024D670 (length = C bytes)
$ASCII_pit_57_Literal will be placed at 8024D67C (length = C bytes)
$ASCII_pit_69_Literal will be placed at 8024D688 (length = C bytes)
$ASCII_pit_72_Literal will be placed at 8024D694 (length = C bytes)
$ASCII_pit_81_Literal will be placed at 8024D6A0 (length = C bytes)
$ASCII_pit_43_Literal will be placed at 8024D6AC (length = C bytes)
$ASCII_pit_28_Literal will be placed at 8024D6B8 (length = C bytes)
$ASCII_pit_78_Literal will be placed at 8024D6C4 (length = C bytes)
$ASCII_pit_63_Literal will be placed at 8024D6D0 (length = C bytes)
$ASCII_pit_46_Literal will be placed at 8024D6DC (length = C bytes)
$ASCII_pit_95_Literal will be placed at 8024D6E8 (length = C bytes)
$ASCII_pit_16_Literal will be placed at 8024D6F4 (length = C bytes)
$ASCII_pit_37_Literal will be placed at 8024D700 (length = C bytes)
$ASCII_pit_22_Literal will be placed at 8024D70C (length = C bytes)
$ASCII_pit_05_Literal will be placed at 8024D718 (length = C bytes)
$ASCII_pit_25_Literal will be placed at 8024D724 (length = C bytes)
$ASCII_pit_54_Literal will be placed at 8024D730 (length = C bytes)
$ASCII_pit_08_Literal will be placed at 8024D73C (length = C bytes)
$ASCII_pit_87_Literal will be placed at 8024D748 (length = C bytes)
$ASCII_pit_75_Literal will be placed at 8024D754 (length = C bytes)
$ASCII_pit_13_Literal will be placed at 8024D760 (length = C bytes)
$ASCII_pit_32_Literal will be placed at 8024D76C (length = C bytes)
$ASCII_pit_92_Literal will be placed at 8024D778 (length = C bytes)
$ASCII_pit_17_Literal will be placed at 8024D784 (length = C bytes)
$ASCII_pit_49_Literal will be placed at 8024D790 (length = C bytes)
$ASCII_pit_77_Literal will be placed at 8024D79C (length = C bytes)
$ASCII_pit_96_Literal will be placed at 8024D7A8 (length = C bytes)
$ASCII_pit_68_Literal will be placed at 8024D7B4 (length = C bytes)
$ASCII_pit_51_Literal will be placed at 8024D7C0 (length = C bytes)
$ASCII_pit_04_Literal will be placed at 8024D7CC (length = C bytes)
$ASCII_pit_83_Literal will be placed at 8024D7D8 (length = C bytes)
$ASCII_pit_86_Literal will be placed at 8024D7E4 (length = C bytes)
$ASCII_pit_26_Literal will be placed at 8024D7F0 (length = C bytes)
$ASCII_pit_41_Literal will be placed at 8024D7FC (length = C bytes)
$ASCII_pit_14_Literal will be placed at 8024D808 (length = C bytes)
$ASCII_pit_74_Literal will be placed at 8024D814 (length = C bytes)
$ASCII_pit_60_Literal will be placed at 8024D820 (length = C bytes)
$ASCII_pit_59_Literal will be placed at 8024D82C (length = C bytes)
$ASCII_pit_93_Literal will be placed at 8024D838 (length = C bytes)
$ASCII_pit_65_Literal will be placed at 8024D844 (length = C bytes)
$ASCII_pit_07_Literal will be placed at 8024D850 (length = C bytes)
$ASCII_pit_20_Literal will be placed at 8024D85C (length = C bytes)
$ASCII_pit_35_Literal will be placed at 8024D868 (length = C bytes)
$ASCII_pit_23_Literal will be placed at 8024D874 (length = C bytes)
$ASCII_pit_11_Literal will be placed at 8024D880 (length = C bytes)
$ASCII_pit_56_Literal will be placed at 8024D88C (length = C bytes)
$ASCII_pit_44_Literal will be placed at 8024D898 (length = C bytes)
$ASCII_pit_89_Literal will be placed at 8024D8A4 (length = C bytes)
$ASCII_pit_79_Literal will be placed at 8024D8B0 (length = C bytes)
$ASCII_pit_62_Literal will be placed at 8024D8BC (length = C bytes)
$ASCII_pit_94_Literal will be placed at 8024D8C8 (length = C bytes)
$ASCII_pit_47_Literal will be placed at 8024D8D4 (length = C bytes)
$ASCII_pit_21_Literal will be placed at 8024D8E0 (length = C bytes)
$ASCII_pit_06_Literal will be placed at 8024D8EC (length = C bytes)
$ASCII_pit_53_Literal will be placed at 8024D8F8 (length = C bytes)
$ASCII_pit_09_Literal will be placed at 8024D904 (length = C bytes)
$ASCII_pit_88_Literal will be placed at 8024D910 (length = C bytes)
$ASCII_pit_38_Literal will be placed at 8024D91C (length = C bytes)
$ASCII_pit_24_Literal will be placed at 8024D928 (length = C bytes)
$ASCII_pit_12_Literal will be placed at 8024D934 (length = C bytes)
$ASCII_pit_76_Literal will be placed at 8024D940 (length = C bytes)
$ASCII_pit_01_Literal will be placed at 8024D94C (length = C bytes)
$ASCII_pit_50_Literal will be placed at 8024D958 (length = C bytes)
$ASCII_pit_33_Literal will be placed at 8024D964 (length = C bytes)
$ASCII_pit_99_Literal will be placed at 8024D970 (length = C bytes)
$ASCII_pit_67_Literal will be placed at 8024D97C (length = C bytes)
$ASCII_pit_71_Literal will be placed at 8024D988 (length = C bytes)
$ASCII_pit_42_Literal will be placed at 8024D994 (length = C bytes)
$ASCII_pit_80_Literal will be placed at 8024D9A0 (length = C bytes)
$ASCII_pit_29_Literal will be placed at 8024D9AC (length = C bytes)
$ASCII_pit_58_Literal will be placed at 8024D9B8 (length = C bytes)
$ASCII_pit_30_Literal will be placed at 8024D9C4 (length = C bytes)
$ASCII_pit_00_Literal will be placed at 8024D9D0 (length = C bytes)
$ASCII_pit_64_Literal will be placed at 8024D9DC (length = C bytes)
$ASCII_pit_36_Literal will be placed at 8024D9E8 (length = C bytes)
$ASCII_pit_55_Literal will be placed at 8024D9F4 (length = C bytes)
$ASCII_pit_10_Literal will be placed at 8024DA00 (length = C bytes)
$ASCII_pit_45_Literal will be placed at 8024DA0C (length = C bytes)
$ASCII_pit_18_Literal will be placed at 8024DA18 (length = C bytes)
$ASCII_pit_48_Literal will be placed at 8024DA24 (length = C bytes)
$ASCII_pit_03_Literal will be placed at 8024DA30 (length = C bytes)
$ASCII_pit_31_Literal will be placed at 8024DA3C (length = C bytes)
$ASCII_pit_91_Literal will be placed at 8024DA48 (length = C bytes)
$ASCII_pit_97_Literal will be placed at 8024DA54 (length = C bytes)
$ASCII_pit_82_Literal will be placed at 8024DA60 (length = C bytes)
$ASCII_pit_52_Literal will be placed at 8024DA6C (length = C bytes)
$ASCII_pit_70_Literal will be placed at 8024DA78 (length = C bytes)
$ASCII_pit_85_Literal will be placed at 8024DA84 (length = C bytes)
$ASCII_pit_40_Literal will be placed at 8024DA90 (length = C bytes)
$ASCII_pit_39_Literal will be placed at 8024DA9C (length = C bytes)
$ASCII_pit_73_Literal will be placed at 8024DAA8 (length = C bytes)
$ASCII_pit_15_Literal will be placed at 8024DAB4 (length = C bytes)
$ASCII_pit_27_Literal will be placed at 8024DAC0 (length = C bytes)
$ASCII_pit_61_Literal will be placed at 8024DACC (length = C bytes)
$ConstDouble_80241B00 will be placed at 8024DAD8 (length = 8 bytes)
$ConstDouble_80241AF0 will be placed at 8024DAE0 (length = 8 bytes)
$ConstDouble_80241AF8 will be placed at 8024DAE8 (length = 8 bytes)
$ASCII_pit_842_Literal will be placed at 8024DAF0 (length = 8 bytes)
$ConstDouble_80241AE0 will be placed at 8024DAF8 (length = 8 bytes)
$ConstDouble_80241AE8 will be placed at 8024DB00 (length = 8 bytes)
$ASCII_pit_100_Literal will be placed at 8024DB08 (length = 8 bytes)
$ASCII_tik_tex_Literal will be placed at 8024DB10 (length = 8 bytes)
$MoverCancel will be placed at 8024DB18 (length = 4 bytes)
$BanditMoverCancel will be placed at 8024DB1C (length = 4 bytes)
Executing patch: pit_25.mpat
Loaded map pit_25
Creating struct: $EntryList
Creating struct: $DeepestLevel
Creating struct: $TotalLevels
Creating struct: $LoadHighscores
Creating struct: $FallingDownPipe
Creating struct: $Function_GetPos
Creating struct: $Function2
Creating struct: $SetSpawns
Creating struct: $Script_SetNPCPos
Creating struct: $SwitchPath
Creating struct: $VectorList_80244998
Creating struct: $GetPos
Creating struct: $Function_GetDamageTaken
Creating struct: $Function_ResetDamage
Creating struct: $DispawnParthner
Creating struct: $RespawnParthner
Creating struct: $LoadMap
Creating struct: $Script_LoadMapMover_Roguelike
Creating struct: $GetFloor
Creating struct: $LoadCoinsMover
Creating struct: $LoadMapBandit
Creating struct: $GetFloorBandit
Creating struct: $SetSpawnsSpecial
Creating struct: $Function_LoadCoinsInToVar1
Creating struct: $Script_SetSpawnPosition
Creating struct: $Script_Init_80243B20
Creating struct: $Script_80243A6C
Creating struct: $Script_AddCoins
Creating struct: $Script_SubstractCoins
Creating struct: $NPC_Settings_Sack
Creating struct: $Script_Init_Bag
Creating struct: $Script_Init_Bag_HitBox
Creating struct: $Script_NPC_SackHit_Init
Creating struct: $Script_NPC_Sack_FX
Creating struct: $NPC_Sack_AnimationStart
Creating struct: $NPC_Sack_AnimationEnd
Creating struct: $Script_SackAnimation_Start_GoToTheRight
Creating struct: $Script_SackAnimation_Start_GoToTheLeft
Creating struct: $Script_SackAnimation_End_Right
Creating struct: $Script_SackAnimation_End_Left
Creating struct: $Function_LoadGainedCoins
Creating struct: $Function_RevivePlayer
Creating struct: $AISettings_MoneySack
Creating struct: $Script_NpcAI_MoneySack
Creating struct: $JumpTable_80242448
Creating struct: $Function_NpcAI_MoneySack
Creating struct: $Function_80240260
Creating struct: $Function_80240844
Creating struct: $Function_802409A8
Creating struct: $Script_TrackPlayer
Creating struct: $Script_PipeAnimation
Creating struct: $Function_SetAnimation
Creating struct: $Function_GetColliderPos
Creating struct: $Function_TrackInput
Creating struct: $GoToNextLevel
Creating struct: $GoToNextLevel_Roguelike
Creating struct: $Script_SetSetsOfLevels
Creating struct: $Script_LoadMap_Roguelike
Creating struct: $Script_LoadChestMap_Roguelike
Creating struct: $Script_LoadMap_Mover_Roguelike
Creating struct: $Script_LoadChestMap_Mover_Roguelike
Creating struct: $GetFloorPit
Creating struct: $GetFloorSign
Creating struct: $Function_GetTattle1
Creating struct: $Function_GetTattle2
Creating struct: $Script_ReadSign
Creating struct: $Header
Creating struct: $Function_Init
Creating struct: $Script_Main
Creating struct: $NpcGroup1
Creating struct: $NpcGroup2
Creating struct: $NpcGroup3
Creating struct: $NpcGroup4
Creating struct: $NpcGroup5
Creating struct: $NpcGroup6
Creating struct: $NpcGroup7
Creating struct: $NpcGroups
Creating struct: $NpcGroup_Mover
Creating struct: $BlankSettings
Creating struct: $Script_Init_Mover
Creating struct: $Interact_Mover
Creating struct: $Script_MoverWarpAnimation
Creating struct: $NpcGroup_BanditMover
Creating struct: $Script_Init_BanditMover
Creating struct: $Interact_BanditMover
Creating struct: $ExtraAnimationList_802418AC
Creating struct: $ExtraAnimationList_802418D4
Creating struct: $NpcGroup_Enemy1
Creating struct: $NpcGroup_Enemy2
Creating struct: $NpcGroup_Enemy3
Creating struct: $NpcGroup_Enemy4
Creating struct: $NpcGroup_Enemy5
Creating struct: $NpcGroup_Enemy6
Creating struct: $NpcSettings_Enemy1
Creating struct: $NpcSettings_Enemy1B
Creating struct: $Script_EnemyAI
Creating struct: $Script_EnemyBAI
Creating struct: $AISettings_Enemy
Creating struct: $ConstDouble_80241E90
Creating struct: $ConstDouble_80241E98
Creating struct: $JumpTable_80241EA0
Creating struct: $Function_80240E20
Creating struct: $Function_80240000
Creating struct: $Function_8024006C
Creating struct: $Function_802400DC
Creating struct: $Function_802401B4
Creating struct: $Function_80240208
Creating struct: $Function_802403BC
Creating struct: $Function_8024061C
Creating struct: $Function_802406A4
Creating struct: $Function_8024095C
Creating struct: $Function_802409C0
Creating struct: $Function_80240A68
Creating struct: $Function_80240BA0
Creating struct: $Function_80240C4C
Creating struct: $Function_80240DC4
Creating struct: $Script_DisableEnemyAI
Creating struct: $AISettings_DisableEnemy
Creating struct: $PipeSpawning
Creating struct: $Script_MakeEntities
Creating struct: $CommingDownPipe
Creating struct: $Script_MakeExits
Creating struct: $Script_Exit0
Merged 1 regions to 1
$Script_LoadMap_Mover_Roguelike will be placed at 80240000 (length = F14 bytes)
$LoadMap will be placed at 80240F14 (length = EF4 bytes)
$Script_ReadSign will be placed at 80241E08 (length = EEC bytes)
$LoadMapBandit will be placed at 80242CF4 (length = EA4 bytes)
$Script_LoadMap_Roguelike will be placed at 80243B98 (length = D9C bytes)
$GoToNextLevel will be placed at 80244934 (length = D10 bytes)
$GoToNextLevel_Roguelike will be placed at 80245644 (length = 868 bytes)
$SetSpawnsSpecial will be placed at 80245EAC (length = 608 bytes)
$Function_80240260 will be placed at 802464B4 (length = 5E4 bytes)
$NpcGroup_Enemy3 will be placed at 80246A98 (length = 3E0 bytes)
$NpcGroup_Enemy4 will be placed at 80246E78 (length = 3E0 bytes)
$NpcGroup_Enemy5 will be placed at 80247258 (length = 3E0 bytes)
$NpcGroup_Enemy6 will be placed at 80247638 (length = 3E0 bytes)
$NpcGroup_Enemy1 will be placed at 80247A18 (length = 3E0 bytes)
$NpcGroup_Enemy2 will be placed at 80247DF8 (length = 3E0 bytes)
$SetSpawns will be placed at 802481D8 (length = 384 bytes)
$FallingDownPipe will be placed at 8024855C (length = 37C bytes)
$Script_SetSetsOfLevels will be placed at 802488D8 (length = 358 bytes)
$Function_80240E20 will be placed at 80248C30 (length = 350 bytes)
$Script_SetNPCPos will be placed at 80248F80 (length = 2F4 bytes)
$Function_802406A4 will be placed at 80249274 (length = 2B8 bytes)
$Function_802403BC will be placed at 8024952C (length = 260 bytes)
$Script_Main will be placed at 8024978C (length = 260 bytes)
$Function_NpcAI_MoneySack will be placed at 802499EC (length = 238 bytes)
$Script_SetSpawnPosition will be placed at 80249C24 (length = 234 bytes)
$Script_SackAnimation_Start_GoToTheRight will be placed at 80249E58 (length = 230 bytes)
$Script_SackAnimation_Start_GoToTheLeft will be placed at 8024A088 (length = 1F8 bytes)
$Interact_Mover will be placed at 8024A280 (length = 1F8 bytes)
$NpcGroup_Mover will be placed at 8024A478 (length = 1F0 bytes)
$NpcGroup_BanditMover will be placed at 8024A668 (length = 1F0 bytes)
$Interact_BanditMover will be placed at 8024A858 (length = 1EC bytes)
$Script_PipeAnimation will be placed at 8024AA44 (length = 1D0 bytes)
$Function_80240208 will be placed at 8024AC14 (length = 1B8 bytes)
$JumpTable_80242448 will be placed at 8024ADCC (length = 190 bytes)
$JumpTable_80241EA0 will be placed at 8024AF5C (length = 190 bytes)
$Script_LoadChestMap_Mover_Roguelike will be placed at 8024B0EC (length = 18C bytes)
$Function_80240C4C will be placed at 8024B278 (length = 178 bytes)
$PipeSpawning will be placed at 8024B3F0 (length = 178 bytes)
$NPC_Sack_AnimationStart will be placed at 8024B568 (length = 168 bytes)
$Function_80240844 will be placed at 8024B6D0 (length = 164 bytes)
$Script_LoadChestMap_Roguelike will be placed at 8024B834 (length = 164 bytes)
$Script_NPC_SackHit_Init will be placed at 8024B998 (length = 160 bytes)
$Script_SackAnimation_End_Right will be placed at 8024BAF8 (length = 158 bytes)
$Script_SackAnimation_End_Left will be placed at 8024BC50 (length = 150 bytes)
$MapTattle5 will be placed at 8024BDA0 (length = 13C bytes)
$Function_80240A68 will be placed at 8024BEDC (length = 138 bytes)
$MapTattle4 will be placed at 8024C014 (length = 130 bytes)
$GetFloor will be placed at 8024C144 (length = 12C bytes)
$BanditMover_Tattle will be placed at 8024C270 (length = 124 bytes)
$Script_80243A6C will be placed at 8024C394 (length = 114 bytes)
$Script_SubstractCoins will be placed at 8024C4A8 (length = 10C bytes)
$Script_LoadMapMover_Roguelike will be placed at 8024C5B4 (length = 104 bytes)
$GetFloorBandit will be placed at 8024C6B8 (length = F4 bytes)
$Script_MoverWarpAnimation will be placed at 8024C7AC (length = F0 bytes)
$Function_GetColliderPos will be placed at 8024C89C (length = E0 bytes)
$Function_GetPos will be placed at 8024C97C (length = E0 bytes)
$Script_TrackPlayer will be placed at 8024CA5C (length = DC bytes)
$Function_802400DC will be placed at 8024CB38 (length = D8 bytes)
$MapTattle2 will be placed at 8024CC10 (length = D4 bytes)
$Function_TrackInput will be placed at 8024CCE4 (length = BC bytes)
$MapTattle3 will be placed at 8024CDA0 (length = B0 bytes)
$Function_80240BA0 will be placed at 8024CE50 (length = B0 bytes)
$Script_EnemyBAI will be placed at 8024CF00 (length = A8 bytes)
$Script_MakeEntities will be placed at 8024CFA8 (length = A8 bytes)
$Function_802409C0 will be placed at 8024D050 (length = A8 bytes)
$MapTattle1 will be placed at 8024D0F8 (length = A8 bytes)
$Script_NpcAI_MoneySack will be placed at 8024D1A0 (length = A8 bytes)
$MoverStart will be placed at 8024D248 (length = A4 bytes)
$SwitchPath will be placed at 8024D2EC (length = A4 bytes)
$Script_NPC_Sack_FX will be placed at 8024D390 (length = A4 bytes)
$GetPos will be placed at 8024D434 (length = 9C bytes)
$Script_AddCoins will be placed at 8024D4D0 (length = 98 bytes)
$BanditMoverStart will be placed at 8024D568 (length = 98 bytes)
$Mover_Tattle will be placed at 8024D600 (length = 94 bytes)
$Function_GetTattle1 will be placed at 8024D694 (length = 8C bytes)
$Function_8024061C will be placed at 8024D720 (length = 88 bytes)
$NPC_Sack_AnimationEnd will be placed at 8024D7A8 (length = 84 bytes)
$BanditMover_Options will be placed at 8024D82C (length = 80 bytes)
$SignStringBug will be placed at 8024D8AC (length = 7C bytes)
$LoadHighscores will be placed at 8024D928 (length = 7C bytes)
$Mover_Options will be placed at 8024D9A4 (length = 78 bytes)
$Function_8024006C will be placed at 8024DA1C (length = 70 bytes)
$Script_EnemyAI will be placed at 8024DA8C (length = 70 bytes)
$NpcGroups will be placed at 8024DAFC (length = 6C bytes)
$DeepestLevel will be placed at 8024DB68 (length = 6C bytes)
$Function2 will be placed at 8024DBD4 (length = 6C bytes)
$Function_80240000 will be placed at 8024DC40 (length = 6C bytes)
$LoadCoinsMover will be placed at 8024DCAC (length = 6C bytes)
$Function_SetAnimation will be placed at 8024DD18 (length = 6C bytes)
$GetFloorPit will be placed at 8024DD84 (length = 68 bytes)
$MoverEnd will be placed at 8024DDEC (length = 68 bytes)
$BanditMoverEnd will be placed at 8024DE54 (length = 68 bytes)
$Function_8024095C will be placed at 8024DEBC (length = 64 bytes)
$GetFloorSign will be placed at 8024DF20 (length = 64 bytes)
$Function_80240DC4 will be placed at 8024DF84 (length = 5C bytes)
$BanditMoverNoCoins will be placed at 8024DFE0 (length = 58 bytes)
$MoverNoCoins will be placed at 8024E038 (length = 58 bytes)
$Function_802401B4 will be placed at 8024E090 (length = 54 bytes)
$Function_GetTattle2 will be placed at 8024E0E4 (length = 48 bytes)
$CommingDownPipe will be placed at 8024E12C (length = 48 bytes)
$Script_Exit0 will be placed at 8024E174 (length = 48 bytes)
$Function_LoadCoinsInToVar1 will be placed at 8024E1BC (length = 48 bytes)
$Function_LoadGainedCoins will be placed at 8024E204 (length = 48 bytes)
$Function_Init will be placed at 8024E24C (length = 44 bytes)
$Function_802409A8 will be placed at 8024E290 (length = 44 bytes)
$Header will be placed at 8024E2D4 (length = 40 bytes)
$Script_Init_Bag will be placed at 8024E314 (length = 38 bytes)
$TotalLevels will be placed at 8024E34C (length = 38 bytes)
$Script_Init_Bag_HitBox will be placed at 8024E384 (length = 38 bytes)
$DispawnParthner will be placed at 8024E3BC (length = 34 bytes)
$Function_ResetDamage will be placed at 8024E3F0 (length = 34 bytes)
$AISettings_MoneySack will be placed at 8024E424 (length = 30 bytes)
$AISettings_Enemy will be placed at 8024E454 (length = 30 bytes)
$AISettings_DisableEnemy will be placed at 8024E484 (length = 30 bytes)
$RespawnParthner will be placed at 8024E4B4 (length = 30 bytes)
$NPC_Settings_Sack will be placed at 8024E4E4 (length = 2C bytes)
$Function_GetDamageTaken will be placed at 8024E510 (length = 2C bytes)
$NpcSettings_Enemy1 will be placed at 8024E53C (length = 2C bytes)
$Function_RevivePlayer will be placed at 8024E568 (length = 2C bytes)
$String_CoinsGained will be placed at 8024E594 (length = 2C bytes)
$BlankSettings will be placed at 8024E5C0 (length = 2C bytes)
$NpcSettings_Enemy1B will be placed at 8024E5EC (length = 2C bytes)
$Script_MakeExits will be placed at 8024E618 (length = 2C bytes)
$ExtraAnimationList_802418AC will be placed at 8024E644 (length = 28 bytes)
$NpcGroup7 will be placed at 8024E66C (length = 24 bytes)
$VectorList_80244998 will be placed at 8024E690 (length = 24 bytes)
$Script_Init_80243B20 will be placed at 8024E6B4 (length = 24 bytes)
$Script_Init_Mover will be placed at 8024E6D8 (length = 24 bytes)
$Script_Init_BanditMover will be placed at 8024E6FC (length = 24 bytes)
$Script_DisableEnemyAI will be placed at 8024E720 (length = 20 bytes)
$EntryList will be placed at 8024E740 (length = 20 bytes)
$NpcGroup6 will be placed at 8024E760 (length = 18 bytes)
$NpcGroup3 will be placed at 8024E778 (length = 18 bytes)
$NpcGroup2 will be placed at 8024E790 (length = 18 bytes)
$NpcGroup5 will be placed at 8024E7A8 (length = 18 bytes)
$NpcGroup4 will be placed at 8024E7C0 (length = 18 bytes)
$NpcGroup1 will be placed at 8024E7D8 (length = 18 bytes)
$SignString100 will be placed at 8024E7F0 (length = 18 bytes)
$SignString1 will be placed at 8024E808 (length = 14 bytes)
$SignString99 will be placed at 8024E81C (length = 14 bytes)
$SignString98 will be placed at 8024E830 (length = 14 bytes)
$SignString97 will be placed at 8024E844 (length = 14 bytes)
$SignString96 will be placed at 8024E858 (length = 14 bytes)
$SignString95 will be placed at 8024E86C (length = 14 bytes)
$SignString94 will be placed at 8024E880 (length = 14 bytes)
$SignString93 will be placed at 8024E894 (length = 14 bytes)
$SignString92 will be placed at 8024E8A8 (length = 14 bytes)
$SignString91 will be placed at 8024E8BC (length = 14 bytes)
$SignString90 will be placed at 8024E8D0 (length = 14 bytes)
$SignString59 will be placed at 8024E8E4 (length = 14 bytes)
$SignString58 will be placed at 8024E8F8 (length = 14 bytes)
$SignString57 will be placed at 8024E90C (length = 14 bytes)
$SignString56 will be placed at 8024E920 (length = 14 bytes)
$SignString55 will be placed at 8024E934 (length = 14 bytes)
$SignString54 will be placed at 8024E948 (length = 14 bytes)
$SignString53 will be placed at 8024E95C (length = 14 bytes)
$SignString52 will be placed at 8024E970 (length = 14 bytes)
$SignString51 will be placed at 8024E984 (length = 14 bytes)
$SignString50 will be placed at 8024E998 (length = 14 bytes)
$SignString69 will be placed at 8024E9AC (length = 14 bytes)
$SignString68 will be placed at 8024E9C0 (length = 14 bytes)
$SignString67 will be placed at 8024E9D4 (length = 14 bytes)
$SignString66 will be placed at 8024E9E8 (length = 14 bytes)
$SignString65 will be placed at 8024E9FC (length = 14 bytes)
$SignString64 will be placed at 8024EA10 (length = 14 bytes)
$SignString63 will be placed at 8024EA24 (length = 14 bytes)
$SignString62 will be placed at 8024EA38 (length = 14 bytes)
$SignString61 will be placed at 8024EA4C (length = 14 bytes)
$SignString60 will be placed at 8024EA60 (length = 14 bytes)
$SignString79 will be placed at 8024EA74 (length = 14 bytes)
$SignString78 will be placed at 8024EA88 (length = 14 bytes)
$SignString77 will be placed at 8024EA9C (length = 14 bytes)
$SignString76 will be placed at 8024EAB0 (length = 14 bytes)
$SignString75 will be placed at 8024EAC4 (length = 14 bytes)
$SignString74 will be placed at 8024EAD8 (length = 14 bytes)
$SignString73 will be placed at 8024EAEC (length = 14 bytes)
$SignString72 will be placed at 8024EB00 (length = 14 bytes)
$SignString71 will be placed at 8024EB14 (length = 14 bytes)
$SignString70 will be placed at 8024EB28 (length = 14 bytes)
$SignString89 will be placed at 8024EB3C (length = 14 bytes)
$SignString88 will be placed at 8024EB50 (length = 14 bytes)
$SignString87 will be placed at 8024EB64 (length = 14 bytes)
$SignString86 will be placed at 8024EB78 (length = 14 bytes)
$SignString85 will be placed at 8024EB8C (length = 14 bytes)
$SignString84 will be placed at 8024EBA0 (length = 14 bytes)
$SignString83 will be placed at 8024EBB4 (length = 14 bytes)
$SignString82 will be placed at 8024EBC8 (length = 14 bytes)
$SignString81 will be placed at 8024EBDC (length = 14 bytes)
$SignString80 will be placed at 8024EBF0 (length = 14 bytes)
$SignString19 will be placed at 8024EC04 (length = 14 bytes)
$SignString18 will be placed at 8024EC18 (length = 14 bytes)
$SignString17 will be placed at 8024EC2C (length = 14 bytes)
$SignString16 will be placed at 8024EC40 (length = 14 bytes)
$SignString15 will be placed at 8024EC54 (length = 14 bytes)
$SignString14 will be placed at 8024EC68 (length = 14 bytes)
$SignString13 will be placed at 8024EC7C (length = 14 bytes)
$SignString12 will be placed at 8024EC90 (length = 14 bytes)
$SignString11 will be placed at 8024ECA4 (length = 14 bytes)
$SignString10 will be placed at 8024ECB8 (length = 14 bytes)
$SignString3 will be placed at 8024ECCC (length = 14 bytes)
$SignString2 will be placed at 8024ECE0 (length = 14 bytes)
$SignString5 will be placed at 8024ECF4 (length = 14 bytes)
$SignString4 will be placed at 8024ED08 (length = 14 bytes)
$SignString7 will be placed at 8024ED1C (length = 14 bytes)
$SignString6 will be placed at 8024ED30 (length = 14 bytes)
$SignString9 will be placed at 8024ED44 (length = 14 bytes)
$SignString8 will be placed at 8024ED58 (length = 14 bytes)
$SignString29 will be placed at 8024ED6C (length = 14 bytes)
$SignString28 will be placed at 8024ED80 (length = 14 bytes)
$SignString27 will be placed at 8024ED94 (length = 14 bytes)
$SignString26 will be placed at 8024EDA8 (length = 14 bytes)
$SignString25 will be placed at 8024EDBC (length = 14 bytes)
$SignString24 will be placed at 8024EDD0 (length = 14 bytes)
$SignString23 will be placed at 8024EDE4 (length = 14 bytes)
$SignString22 will be placed at 8024EDF8 (length = 14 bytes)
$SignString21 will be placed at 8024EE0C (length = 14 bytes)
$SignString20 will be placed at 8024EE20 (length = 14 bytes)
$SignString will be placed at 8024EE34 (length = 14 bytes)
$SignString39 will be placed at 8024EE48 (length = 14 bytes)
$SignString38 will be placed at 8024EE5C (length = 14 bytes)
$SignString37 will be placed at 8024EE70 (length = 14 bytes)
$SignString36 will be placed at 8024EE84 (length = 14 bytes)
$SignString35 will be placed at 8024EE98 (length = 14 bytes)
$SignString34 will be placed at 8024EEAC (length = 14 bytes)
$SignString33 will be placed at 8024EEC0 (length = 14 bytes)
$SignString32 will be placed at 8024EED4 (length = 14 bytes)
$SignString31 will be placed at 8024EEE8 (length = 14 bytes)
$SignString30 will be placed at 8024EEFC (length = 14 bytes)
$SignString49 will be placed at 8024EF10 (length = 14 bytes)
$SignString48 will be placed at 8024EF24 (length = 14 bytes)
$SignString47 will be placed at 8024EF38 (length = 14 bytes)
$SignString46 will be placed at 8024EF4C (length = 14 bytes)
$SignString45 will be placed at 8024EF60 (length = 14 bytes)
$SignString44 will be placed at 8024EF74 (length = 14 bytes)
$SignString43 will be placed at 8024EF88 (length = 14 bytes)
$SignString42 will be placed at 8024EF9C (length = 14 bytes)
$SignString41 will be placed at 8024EFB0 (length = 14 bytes)
$SignString40 will be placed at 8024EFC4 (length = 14 bytes)
$ASCII_pit_02_Literal will be placed at 8024EFD8 (length = C bytes)
$ASCII_pit_90_Literal will be placed at 8024EFE4 (length = C bytes)
$ASCII_pit_34_Literal will be placed at 8024EFF0 (length = C bytes)
$ASCII_pit_66_Literal will be placed at 8024EFFC (length = C bytes)
$ASCII_pit_98_Literal will be placed at 8024F008 (length = C bytes)
$ASCII_pit_19_Literal will be placed at 8024F014 (length = C bytes)
$ASCII_pit_57_Literal will be placed at 8024F020 (length = C bytes)
$ASCII_pit_69_Literal will be placed at 8024F02C (length = C bytes)
$ASCII_pit_72_Literal will be placed at 8024F038 (length = C bytes)
$ASCII_pit_81_Literal will be placed at 8024F044 (length = C bytes)
$ASCII_pit_43_Literal will be placed at 8024F050 (length = C bytes)
$ASCII_pit_28_Literal will be placed at 8024F05C (length = C bytes)
$ASCII_pit_78_Literal will be placed at 8024F068 (length = C bytes)
$ASCII_pit_63_Literal will be placed at 8024F074 (length = C bytes)
$ASCII_pit_46_Literal will be placed at 8024F080 (length = C bytes)
$ASCII_pit_95_Literal will be placed at 8024F08C (length = C bytes)
$ASCII_pit_16_Literal will be placed at 8024F098 (length = C bytes)
$ASCII_pit_37_Literal will be placed at 8024F0A4 (length = C bytes)
$ASCII_pit_22_Literal will be placed at 8024F0B0 (length = C bytes)
$ASCII_pit_05_Literal will be placed at 8024F0BC (length = C bytes)
$ASCII_pit_25_Literal will be placed at 8024F0C8 (length = C bytes)
$ASCII_pit_54_Literal will be placed at 8024F0D4 (length = C bytes)
$ASCII_pit_08_Literal will be placed at 8024F0E0 (length = C bytes)
$ASCII_pit_87_Literal will be placed at 8024F0EC (length = C bytes)
$ASCII_pit_75_Literal will be placed at 8024F0F8 (length = C bytes)
$ASCII_pit_13_Literal will be placed at 8024F104 (length = C bytes)
$ASCII_pit_32_Literal will be placed at 8024F110 (length = C bytes)
$ASCII_pit_92_Literal will be placed at 8024F11C (length = C bytes)
$ASCII_pit_17_Literal will be placed at 8024F128 (length = C bytes)
$ASCII_pit_49_Literal will be placed at 8024F134 (length = C bytes)
$ASCII_pit_77_Literal will be placed at 8024F140 (length = C bytes)
$ASCII_pit_96_Literal will be placed at 8024F14C (length = C bytes)
$ASCII_pit_68_Literal will be placed at 8024F158 (length = C bytes)
$ASCII_pit_51_Literal will be placed at 8024F164 (length = C bytes)
$ASCII_pit_04_Literal will be placed at 8024F170 (length = C bytes)
$ASCII_pit_83_Literal will be placed at 8024F17C (length = C bytes)
$ASCII_pit_86_Literal will be placed at 8024F188 (length = C bytes)
$ASCII_pit_26_Literal will be placed at 8024F194 (length = C bytes)
$ASCII_pit_41_Literal will be placed at 8024F1A0 (length = C bytes)
$ASCII_pit_14_Literal will be placed at 8024F1AC (length = C bytes)
$ASCII_pit_74_Literal will be placed at 8024F1B8 (length = C bytes)
$ASCII_pit_60_Literal will be placed at 8024F1C4 (length = C bytes)
$ASCII_pit_59_Literal will be placed at 8024F1D0 (length = C bytes)
$ASCII_pit_93_Literal will be placed at 8024F1DC (length = C bytes)
$ASCII_pit_65_Literal will be placed at 8024F1E8 (length = C bytes)
$ASCII_pit_07_Literal will be placed at 8024F1F4 (length = C bytes)
$ASCII_pit_20_Literal will be placed at 8024F200 (length = C bytes)
$ASCII_pit_35_Literal will be placed at 8024F20C (length = C bytes)
$ASCII_pit_23_Literal will be placed at 8024F218 (length = C bytes)
$ASCII_pit_11_Literal will be placed at 8024F224 (length = C bytes)
$ASCII_pit_56_Literal will be placed at 8024F230 (length = C bytes)
$ASCII_pit_44_Literal will be placed at 8024F23C (length = C bytes)
$ASCII_pit_89_Literal will be placed at 8024F248 (length = C bytes)
$ASCII_pit_79_Literal will be placed at 8024F254 (length = C bytes)
$ASCII_pit_62_Literal will be placed at 8024F260 (length = C bytes)
$ASCII_pit_94_Literal will be placed at 8024F26C (length = C bytes)
$ASCII_pit_47_Literal will be placed at 8024F278 (length = C bytes)
$ASCII_pit_21_Literal will be placed at 8024F284 (length = C bytes)
$ASCII_pit_06_Literal will be placed at 8024F290 (length = C bytes)
$ASCII_pit_53_Literal will be placed at 8024F29C (length = C bytes)
$ASCII_pit_09_Literal will be placed at 8024F2A8 (length = C bytes)
$ASCII_pit_88_Literal will be placed at 8024F2B4 (length = C bytes)
$ASCII_pit_38_Literal will be placed at 8024F2C0 (length = C bytes)
$ASCII_pit_24_Literal will be placed at 8024F2CC (length = C bytes)
$ASCII_pit_12_Literal will be placed at 8024F2D8 (length = C bytes)
$ASCII_pit_76_Literal will be placed at 8024F2E4 (length = C bytes)
$ASCII_pit_01_Literal will be placed at 8024F2F0 (length = C bytes)
$ASCII_pit_50_Literal will be placed at 8024F2FC (length = C bytes)
$ASCII_pit_33_Literal will be placed at 8024F308 (length = C bytes)
$ASCII_pit_99_Literal will be placed at 8024F314 (length = C bytes)
$ASCII_pit_67_Literal will be placed at 8024F320 (length = C bytes)
$ASCII_pit_71_Literal will be placed at 8024F32C (length = C bytes)
$ASCII_pit_42_Literal will be placed at 8024F338 (length = C bytes)
$ASCII_pit_80_Literal will be placed at 8024F344 (length = C bytes)
$ASCII_pit_29_Literal will be placed at 8024F350 (length = C bytes)
$ASCII_pit_58_Literal will be placed at 8024F35C (length = C bytes)
$ASCII_pit_30_Literal will be placed at 8024F368 (length = C bytes)
$ASCII_pit_00_Literal will be placed at 8024F374 (length = C bytes)
$ASCII_pit_64_Literal will be placed at 8024F380 (length = C bytes)
$ASCII_pit_36_Literal will be placed at 8024F38C (length = C bytes)
$ASCII_pit_55_Literal will be placed at 8024F398 (length = C bytes)
$ASCII_pit_10_Literal will be placed at 8024F3A4 (length = C bytes)
$ASCII_pit_45_Literal will be placed at 8024F3B0 (length = C bytes)
$ASCII_pit_18_Literal will be placed at 8024F3BC (length = C bytes)
$ASCII_pit_48_Literal will be placed at 8024F3C8 (length = C bytes)
$ASCII_pit_03_Literal will be placed at 8024F3D4 (length = C bytes)
$ASCII_pit_31_Literal will be placed at 8024F3E0 (length = C bytes)
$ASCII_pit_91_Literal will be placed at 8024F3EC (length = C bytes)
$ASCII_pit_97_Literal will be placed at 8024F3F8 (length = C bytes)
$ASCII_pit_82_Literal will be placed at 8024F404 (length = C bytes)
$ASCII_pit_52_Literal will be placed at 8024F410 (length = C bytes)
$ASCII_pit_70_Literal will be placed at 8024F41C (length = C bytes)
$ASCII_pit_85_Literal will be placed at 8024F428 (length = C bytes)
$ASCII_pit_40_Literal will be placed at 8024F434 (length = C bytes)
$ASCII_pit_39_Literal will be placed at 8024F440 (length = C bytes)
$ASCII_pit_73_Literal will be placed at 8024F44C (length = C bytes)
$ASCII_pit_15_Literal will be placed at 8024F458 (length = C bytes)
$ASCII_pit_27_Literal will be placed at 8024F464 (length = C bytes)
$ASCII_pit_61_Literal will be placed at 8024F470 (length = C bytes)
$ConstDouble_80241E90 will be placed at 8024F47C (length = 8 bytes)
$ConstDouble_80241E98 will be placed at 8024F484 (length = 8 bytes)
$ExtraAnimationList_802418D4 will be placed at 8024F48C (length = 8 bytes)
$ASCII_pit_842_Literal will be placed at 8024F494 (length = 8 bytes)
$ASCII_pit_100_Literal will be placed at 8024F49C (length = 8 bytes)
$ASCII_tik_tex_Literal will be placed at 8024F4A4 (length = 8 bytes)
$MoverCancel will be placed at 8024F4AC (length = 4 bytes)
$BanditMoverCancel will be placed at 8024F4B0 (length = 4 bytes)
Executing patch: pit_255.mpat
Loaded map pit_255
Creating struct: $EntryList
Creating struct: $Header
Creating struct: $Function_Init
Creating struct: $Script_Main
Creating struct: $NpcGroups
Creating struct: $NpcGroup_Rippo
Creating struct: $BlankSettings
Creating struct: $Script_Init_Rippo
Creating struct: $Function_80241BB8
Creating struct: $TriggerRippo
Creating struct: $Function_LoadCoins
Creating struct: $Function_LoadInts
Creating struct: $Function_CheckAvailableStats
Creating struct: $Function_SetNewStats
Creating struct: $TrackEntry
Creating struct: $Script_MakeExits
Creating struct: $Script_Exit1
Creating struct: $Function_GetTattle
Merged 1 regions to 1
$TriggerRippo will be placed at 80240000 (length = 5F0 bytes)
$NpcGroup_Rippo will be placed at 802405F0 (length = 1F0 bytes)
$Function_SetNewStats will be placed at 802407E0 (length = 1C0 bytes)
$String_SameStat will be placed at 802409A0 (length = E0 bytes)
$Function_CheckAvailableStats will be placed at 80240A80 (length = DC bytes)
$Script_Main will be placed at 80240B5C (length = C0 bytes)
$String_InvalidStat will be placed at 80240C1C (length = B8 bytes)
$TrackEntry will be placed at 80240CD4 (length = 80 bytes)
$MapTattle will be placed at 80240D54 (length = 7C bytes)
$Function_80241BB8 will be placed at 80240DD0 (length = 68 bytes)
$Script_Init_Rippo will be placed at 80240E38 (length = 68 bytes)
$Script_Exit1 will be placed at 80240EA0 (length = 5C bytes)
$Function_Init will be placed at 80240EFC (length = 44 bytes)
$Header will be placed at 80240F40 (length = 40 bytes)
$BlankSettings will be placed at 80240F80 (length = 2C bytes)
$Script_MakeExits will be placed at 80240FAC (length = 2C bytes)
$Function_LoadInts will be placed at 80240FD8 (length = 28 bytes)
$EntryList will be placed at 80241000 (length = 20 bytes)
$NpcGroups will be placed at 80241020 (length = 18 bytes)
$Function_GetTattle will be placed at 80241038 (length = 14 bytes)
$Function_LoadCoins will be placed at 8024104C (length = 14 bytes)
$ASCII_pit_00_Literal will be placed at 80241060 (length = C bytes)
$ASCII_tik_tex_Literal will be placed at 8024106C (length = 8 bytes)
$String_BP will be placed at 80241074 (length = 4 bytes)
$String_FP will be placed at 80241078 (length = 4 bytes)
$String_HP will be placed at 8024107C (length = 4 bytes)
Executing patch: pit_26.mpat
Loaded map pit_26
Creating struct: $EntryList
Creating struct: $DeepestLevel
Creating struct: $TotalLevels
Creating struct: $LoadHighscores
Creating struct: $FallingDownPipe
Creating struct: $Function_GetPos
Creating struct: $Function2
Creating struct: $SetSpawns
Creating struct: $Script_SetNPCPos
Creating struct: $SwitchPath
Creating struct: $VectorList_80244998
Creating struct: $GetPos
Creating struct: $Function_GetDamageTaken
Creating struct: $Function_ResetDamage
Creating struct: $DispawnParthner
Creating struct: $RespawnParthner
Creating struct: $LoadMap
Creating struct: $Script_LoadMapMover_Roguelike
Creating struct: $GetFloor
Creating struct: $LoadCoinsMover
Creating struct: $LoadMapBandit
Creating struct: $GetFloorBandit
Creating struct: $SetSpawnsSpecial
Creating struct: $Function_LoadCoinsInToVar1
Creating struct: $Script_SetSpawnPosition
Creating struct: $Script_Init_80243B20
Creating struct: $Script_80243A6C
Creating struct: $Script_AddCoins
Creating struct: $Script_SubstractCoins
Creating struct: $NPC_Settings_Sack
Creating struct: $Script_Init_Bag
Creating struct: $Script_Init_Bag_HitBox
Creating struct: $Script_NPC_SackHit_Init
Creating struct: $Script_NPC_Sack_FX
Creating struct: $NPC_Sack_AnimationStart
Creating struct: $NPC_Sack_AnimationEnd
Creating struct: $Script_SackAnimation_Start_GoToTheRight
Creating struct: $Script_SackAnimation_Start_GoToTheLeft
Creating struct: $Script_SackAnimation_End_Right
Creating struct: $Script_SackAnimation_End_Left
Creating struct: $Function_LoadGainedCoins
Creating struct: $Function_RevivePlayer
Creating struct: $AISettings_MoneySack
Creating struct: $Script_NpcAI_MoneySack
Creating struct: $JumpTable_80242448
Creating struct: $Function_NpcAI_MoneySack
Creating struct: $Function_80240260
Creating struct: $Function_80240844
Creating struct: $Function_802409A8
Creating struct: $Script_TrackPlayer
Creating struct: $Script_PipeAnimation
Creating struct: $Function_SetAnimation
Creating struct: $Function_GetColliderPos
Creating struct: $Function_TrackInput
Creating struct: $GoToNextLevel
Creating struct: $GoToNextLevel_Roguelike
Creating struct: $Script_SetSetsOfLevels
Creating struct: $Script_LoadMap_Roguelike
Creating struct: $Script_LoadChestMap_Roguelike
Creating struct: $Script_LoadMap_Mover_Roguelike
Creating struct: $Script_LoadChestMap_Mover_Roguelike
Creating struct: $GetFloorPit
Creating struct: $GetFloorSign
Creating struct: $Function_GetTattle1
Creating struct: $Function_GetTattle2
Creating struct: $Script_ReadSign
Creating struct: $Header
Creating struct: $Function_Init
Creating struct: $Script_Main
Creating struct: $NpcGroup1
Creating struct: $NpcGroup2
Creating struct: $NpcGroup3
Creating struct: $NpcGroup4
Creating struct: $NpcGroup5
Creating struct: $NpcGroup6
Creating struct: $NpcGroup7
Creating struct: $NpcGroups
Creating struct: $NpcGroup_Mover
Creating struct: $BlankSettings
Creating struct: $Script_Init_Mover
Creating struct: $Interact_Mover
Creating struct: $Script_MoverWarpAnimation
Creating struct: $NpcGroup_BanditMover
Creating struct: $Script_Init_BanditMover
Creating struct: $Interact_BanditMover
Creating struct: $NpcGroup_Enemy1
Creating struct: $NpcGroup_Enemy2
Creating struct: $NpcGroup_Enemy3
Creating struct: $NpcGroup_Enemy4
Creating struct: $NpcGroup_Enemy5
Creating struct: $NpcGroup_Enemy6
Creating struct: $ConstDouble_802473D8
Creating struct: $ConstDouble_802473E0
Creating struct: $ConstDouble_802473E8
Creating struct: $ConstDouble_802473F0
Creating struct: $ConstDouble_802473F8
Creating struct: $ConstDouble_80247400
Creating struct: $NpcSettings_Enemy1
Creating struct: $NpcSettings_Enemy1B
Creating struct: $Script_EnemyAI
Creating struct: $Script_EnemyAIB
Creating struct: $AISettings_Enemy
Creating struct: $Function_80240FB4
Creating struct: $Function_8024234C
Creating struct: $Function_802414C8
Creating struct: $Function_80241534
Creating struct: $Function_80241630
Creating struct: $Function_80242070
Creating struct: $Function_80242100
Creating struct: $Function_80242200
Creating struct: $Function_80242260
Creating struct: $Script_DisableEnemyAI
Creating struct: $AISettings_DisableEnemy
Creating struct: $PipeSpawning
Creating struct: $Script_MakeEntities
Creating struct: $CommingDownPipe
Creating struct: $Script_MakeExits
Creating struct: $Script_Exit0
Merged 1 regions to 1
$Script_LoadMap_Mover_Roguelike will be placed at 80240000 (length = F14 bytes)
$LoadMap will be placed at 80240F14 (length = EF4 bytes)
$Script_ReadSign will be placed at 80241E08 (length = EEC bytes)
$LoadMapBandit will be placed at 80242CF4 (length = EA4 bytes)
$Script_LoadMap_Roguelike will be placed at 80243B98 (length = D9C bytes)
$GoToNextLevel will be placed at 80244934 (length = D10 bytes)
$Function_80241630 will be placed at 80245644 (length = A10 bytes)
$GoToNextLevel_Roguelike will be placed at 80246054 (length = 868 bytes)
$SetSpawnsSpecial will be placed at 802468BC (length = 608 bytes)
$Function_80240260 will be placed at 80246EC4 (length = 5E4 bytes)
$NpcGroup_Enemy3 will be placed at 802474A8 (length = 3E0 bytes)
$NpcGroup_Enemy4 will be placed at 80247888 (length = 3E0 bytes)
$NpcGroup_Enemy5 will be placed at 80247C68 (length = 3E0 bytes)
$NpcGroup_Enemy6 will be placed at 80248048 (length = 3E0 bytes)
$NpcGroup_Enemy1 will be placed at 80248428 (length = 3E0 bytes)
$NpcGroup_Enemy2 will be placed at 80248808 (length = 3E0 bytes)
$SetSpawns will be placed at 80248BE8 (length = 384 bytes)
$FallingDownPipe will be placed at 80248F6C (length = 37C bytes)
$Script_SetSetsOfLevels will be placed at 802492E8 (length = 358 bytes)
$Script_SetNPCPos will be placed at 80249640 (length = 2F4 bytes)
$Function_80240FB4 will be placed at 80249934 (length = 260 bytes)
$Function_8024234C will be placed at 80249B94 (length = 250 bytes)
$Function_NpcAI_MoneySack will be placed at 80249DE4 (length = 238 bytes)
$Script_SetSpawnPosition will be placed at 8024A01C (length = 234 bytes)
$Script_SackAnimation_Start_GoToTheRight will be placed at 8024A250 (length = 230 bytes)
$Script_Main will be placed at 8024A480 (length = 230 bytes)
$Script_SackAnimation_Start_GoToTheLeft will be placed at 8024A6B0 (length = 1F8 bytes)
$Interact_Mover will be placed at 8024A8A8 (length = 1F8 bytes)
$NpcGroup_Mover will be placed at 8024AAA0 (length = 1F0 bytes)
$NpcGroup_BanditMover will be placed at 8024AC90 (length = 1F0 bytes)
$Interact_BanditMover will be placed at 8024AE80 (length = 1EC bytes)
$Script_PipeAnimation will be placed at 8024B06C (length = 1D0 bytes)
$JumpTable_80242448 will be placed at 8024B23C (length = 190 bytes)
$Script_LoadChestMap_Mover_Roguelike will be placed at 8024B3CC (length = 18C bytes)
$PipeSpawning will be placed at 8024B558 (length = 178 bytes)
$NPC_Sack_AnimationStart will be placed at 8024B6D0 (length = 168 bytes)
$Function_80240844 will be placed at 8024B838 (length = 164 bytes)
$Script_LoadChestMap_Roguelike will be placed at 8024B99C (length = 164 bytes)
$Script_NPC_SackHit_Init will be placed at 8024BB00 (length = 160 bytes)
$Script_SackAnimation_End_Right will be placed at 8024BC60 (length = 158 bytes)
$Script_SackAnimation_End_Left will be placed at 8024BDB8 (length = 150 bytes)
$MapTattle5 will be placed at 8024BF08 (length = 13C bytes)
$MapTattle4 will be placed at 8024C044 (length = 130 bytes)
$GetFloor will be placed at 8024C174 (length = 12C bytes)
$BanditMover_Tattle will be placed at 8024C2A0 (length = 124 bytes)
$Script_80243A6C will be placed at 8024C3C4 (length = 114 bytes)
$Script_SubstractCoins will be placed at 8024C4D8 (length = 10C bytes)
$Function_80242100 will be placed at 8024C5E4 (length = 104 bytes)
$Script_LoadMapMover_Roguelike will be placed at 8024C6E8 (length = 104 bytes)
$Function_80241534 will be placed at 8024C7EC (length = FC bytes)
$GetFloorBandit will be placed at 8024C8E8 (length = F4 bytes)
$Script_MoverWarpAnimation will be placed at 8024C9DC (length = F0 bytes)
$Function_80242260 will be placed at 8024CACC (length = EC bytes)
$Function_GetColliderPos will be placed at 8024CBB8 (length = E0 bytes)
$Function_GetPos will be placed at 8024CC98 (length = E0 bytes)
$Script_TrackPlayer will be placed at 8024CD78 (length = DC bytes)
$MapTattle2 will be placed at 8024CE54 (length = D4 bytes)
$Script_EnemyAI will be placed at 8024CF28 (length = D4 bytes)
$Function_TrackInput will be placed at 8024CFFC (length = BC bytes)
$MapTattle3 will be placed at 8024D0B8 (length = B0 bytes)
$Script_MakeEntities will be placed at 8024D168 (length = A8 bytes)
$MapTattle1 will be placed at 8024D210 (length = A8 bytes)
$Script_NpcAI_MoneySack will be placed at 8024D2B8 (length = A8 bytes)
$MoverStart will be placed at 8024D360 (length = A4 bytes)
$SwitchPath will be placed at 8024D404 (length = A4 bytes)
$Script_NPC_Sack_FX will be placed at 8024D4A8 (length = A4 bytes)
$GetPos will be placed at 8024D54C (length = 9C bytes)
$Script_AddCoins will be placed at 8024D5E8 (length = 98 bytes)
$BanditMoverStart will be placed at 8024D680 (length = 98 bytes)
$Mover_Tattle will be placed at 8024D718 (length = 94 bytes)
$Function_80242070 will be placed at 8024D7AC (length = 90 bytes)
$Function_GetTattle1 will be placed at 8024D83C (length = 8C bytes)
$NPC_Sack_AnimationEnd will be placed at 8024D8C8 (length = 84 bytes)
$BanditMover_Options will be placed at 8024D94C (length = 80 bytes)
$Script_EnemyAIB will be placed at 8024D9CC (length = 80 bytes)
$SignStringBug will be placed at 8024DA4C (length = 7C bytes)
$LoadHighscores will be placed at 8024DAC8 (length = 7C bytes)
$Mover_Options will be placed at 8024DB44 (length = 78 bytes)
$NpcGroups will be placed at 8024DBBC (length = 6C bytes)
$DeepestLevel will be placed at 8024DC28 (length = 6C bytes)
$Function2 will be placed at 8024DC94 (length = 6C bytes)
$Function_802414C8 will be placed at 8024DD00 (length = 6C bytes)
$LoadCoinsMover will be placed at 8024DD6C (length = 6C bytes)
$Function_SetAnimation will be placed at 8024DDD8 (length = 6C bytes)
$GetFloorPit will be placed at 8024DE44 (length = 68 bytes)
$MoverEnd will be placed at 8024DEAC (length = 68 bytes)
$BanditMoverEnd will be placed at 8024DF14 (length = 68 bytes)
$GetFloorSign will be placed at 8024DF7C (length = 64 bytes)
$Function_80242200 will be placed at 8024DFE0 (length = 60 bytes)
$BanditMoverNoCoins will be placed at 8024E040 (length = 58 bytes)
$MoverNoCoins will be placed at 8024E098 (length = 58 bytes)
$Function_GetTattle2 will be placed at 8024E0F0 (length = 48 bytes)
$CommingDownPipe will be placed at 8024E138 (length = 48 bytes)
$Script_Exit0 will be placed at 8024E180 (length = 48 bytes)
$Function_LoadCoinsInToVar1 will be placed at 8024E1C8 (length = 48 bytes)
$Function_LoadGainedCoins will be placed at 8024E210 (length = 48 bytes)
$Function_Init will be placed at 8024E258 (length = 44 bytes)
$Function_802409A8 will be placed at 8024E29C (length = 44 bytes)
$Header will be placed at 8024E2E0 (length = 40 bytes)
$Script_Init_Bag will be placed at 8024E320 (length = 38 bytes)
$TotalLevels will be placed at 8024E358 (length = 38 bytes)
$Script_Init_Bag_HitBox will be placed at 8024E390 (length = 38 bytes)
$DispawnParthner will be placed at 8024E3C8 (length = 34 bytes)
$Function_ResetDamage will be placed at 8024E3FC (length = 34 bytes)
$AISettings_MoneySack will be placed at 8024E430 (length = 30 bytes)
$AISettings_Enemy will be placed at 8024E460 (length = 30 bytes)
$AISettings_DisableEnemy will be placed at 8024E490 (length = 30 bytes)
$RespawnParthner will be placed at 8024E4C0 (length = 30 bytes)
$NPC_Settings_Sack will be placed at 8024E4F0 (length = 2C bytes)
$Function_GetDamageTaken will be placed at 8024E51C (length = 2C bytes)
$NpcSettings_Enemy1 will be placed at 8024E548 (length = 2C bytes)
$Function_RevivePlayer will be placed at 8024E574 (length = 2C bytes)
$String_CoinsGained will be placed at 8024E5A0 (length = 2C bytes)
$BlankSettings will be placed at 8024E5CC (length = 2C bytes)
$NpcSettings_Enemy1B will be placed at 8024E5F8 (length = 2C bytes)
$Script_MakeExits will be placed at 8024E624 (length = 2C bytes)
$NpcGroup7 will be placed at 8024E650 (length = 24 bytes)
$VectorList_80244998 will be placed at 8024E674 (length = 24 bytes)
$Script_Init_80243B20 will be placed at 8024E698 (length = 24 bytes)
$Script_Init_Mover will be placed at 8024E6BC (length = 24 bytes)
$Script_Init_BanditMover will be placed at 8024E6E0 (length = 24 bytes)
$Script_DisableEnemyAI will be placed at 8024E704 (length = 20 bytes)
$EntryList will be placed at 8024E724 (length = 20 bytes)
$NpcGroup6 will be placed at 8024E744 (length = 18 bytes)
$NpcGroup3 will be placed at 8024E75C (length = 18 bytes)
$NpcGroup2 will be placed at 8024E774 (length = 18 bytes)
$NpcGroup5 will be placed at 8024E78C (length = 18 bytes)
$NpcGroup4 will be placed at 8024E7A4 (length = 18 bytes)
$NpcGroup1 will be placed at 8024E7BC (length = 18 bytes)
$SignString100 will be placed at 8024E7D4 (length = 18 bytes)
$SignString1 will be placed at 8024E7EC (length = 14 bytes)
$SignString99 will be placed at 8024E800 (length = 14 bytes)
$SignString98 will be placed at 8024E814 (length = 14 bytes)
$SignString97 will be placed at 8024E828 (length = 14 bytes)
$SignString96 will be placed at 8024E83C (length = 14 bytes)
$SignString95 will be placed at 8024E850 (length = 14 bytes)
$SignString94 will be placed at 8024E864 (length = 14 bytes)
$SignString93 will be placed at 8024E878 (length = 14 bytes)
$SignString92 will be placed at 8024E88C (length = 14 bytes)
$SignString91 will be placed at 8024E8A0 (length = 14 bytes)
$SignString90 will be placed at 8024E8B4 (length = 14 bytes)
$SignString59 will be placed at 8024E8C8 (length = 14 bytes)
$SignString58 will be placed at 8024E8DC (length = 14 bytes)
$SignString57 will be placed at 8024E8F0 (length = 14 bytes)
$SignString56 will be placed at 8024E904 (length = 14 bytes)
$SignString55 will be placed at 8024E918 (length = 14 bytes)
$SignString54 will be placed at 8024E92C (length = 14 bytes)
$SignString53 will be placed at 8024E940 (length = 14 bytes)
$SignString52 will be placed at 8024E954 (length = 14 bytes)
$SignString51 will be placed at 8024E968 (length = 14 bytes)
$SignString50 will be placed at 8024E97C (length = 14 bytes)
$SignString69 will be placed at 8024E990 (length = 14 bytes)
$SignString68 will be placed at 8024E9A4 (length = 14 bytes)
$SignString67 will be placed at 8024E9B8 (length = 14 bytes)
$SignString66 will be placed at 8024E9CC (length = 14 bytes)
$SignString65 will be placed at 8024E9E0 (length = 14 bytes)
$SignString64 will be placed at 8024E9F4 (length = 14 bytes)
$SignString63 will be placed at 8024EA08 (length = 14 bytes)
$SignString62 will be placed at 8024EA1C (length = 14 bytes)
$SignString61 will be placed at 8024EA30 (length = 14 bytes)
$SignString60 will be placed at 8024EA44 (length = 14 bytes)
$SignString79 will be placed at 8024EA58 (length = 14 bytes)
$SignString78 will be placed at 8024EA6C (length = 14 bytes)
$SignString77 will be placed at 8024EA80 (length = 14 bytes)
$SignString76 will be placed at 8024EA94 (length = 14 bytes)
$SignString75 will be placed at 8024EAA8 (length = 14 bytes)
$SignString74 will be placed at 8024EABC (length = 14 bytes)
$SignString73 will be placed at 8024EAD0 (length = 14 bytes)
$SignString72 will be placed at 8024EAE4 (length = 14 bytes)
$SignString71 will be placed at 8024EAF8 (length = 14 bytes)
$SignString70 will be placed at 8024EB0C (length = 14 bytes)
$SignString89 will be placed at 8024EB20 (length = 14 bytes)
$SignString88 will be placed at 8024EB34 (length = 14 bytes)
$SignString87 will be placed at 8024EB48 (length = 14 bytes)
$SignString86 will be placed at 8024EB5C (length = 14 bytes)
$SignString85 will be placed at 8024EB70 (length = 14 bytes)
$SignString84 will be placed at 8024EB84 (length = 14 bytes)
$SignString83 will be placed at 8024EB98 (length = 14 bytes)
$SignString82 will be placed at 8024EBAC (length = 14 bytes)
$SignString81 will be placed at 8024EBC0 (length = 14 bytes)
$SignString80 will be placed at 8024EBD4 (length = 14 bytes)
$SignString19 will be placed at 8024EBE8 (length = 14 bytes)
$SignString18 will be placed at 8024EBFC (length = 14 bytes)
$SignString17 will be placed at 8024EC10 (length = 14 bytes)
$SignString16 will be placed at 8024EC24 (length = 14 bytes)
$SignString15 will be placed at 8024EC38 (length = 14 bytes)
$SignString14 will be placed at 8024EC4C (length = 14 bytes)
$SignString13 will be placed at 8024EC60 (length = 14 bytes)
$SignString12 will be placed at 8024EC74 (length = 14 bytes)
$SignString11 will be placed at 8024EC88 (length = 14 bytes)
$SignString10 will be placed at 8024EC9C (length = 14 bytes)
$SignString3 will be placed at 8024ECB0 (length = 14 bytes)
$SignString2 will be placed at 8024ECC4 (length = 14 bytes)
$SignString5 will be placed at 8024ECD8 (length = 14 bytes)
$SignString4 will be placed at 8024ECEC (length = 14 bytes)
$SignString7 will be placed at 8024ED00 (length = 14 bytes)
$SignString6 will be placed at 8024ED14 (length = 14 bytes)
$SignString9 will be placed at 8024ED28 (length = 14 bytes)
$SignString8 will be placed at 8024ED3C (length = 14 bytes)
$SignString29 will be placed at 8024ED50 (length = 14 bytes)
$SignString28 will be placed at 8024ED64 (length = 14 bytes)
$SignString27 will be placed at 8024ED78 (length = 14 bytes)
$SignString26 will be placed at 8024ED8C (length = 14 bytes)
$SignString25 will be placed at 8024EDA0 (length = 14 bytes)
$SignString24 will be placed at 8024EDB4 (length = 14 bytes)
$SignString23 will be placed at 8024EDC8 (length = 14 bytes)
$SignString22 will be placed at 8024EDDC (length = 14 bytes)
$SignString21 will be placed at 8024EDF0 (length = 14 bytes)
$SignString20 will be placed at 8024EE04 (length = 14 bytes)
$SignString will be placed at 8024EE18 (length = 14 bytes)
$SignString39 will be placed at 8024EE2C (length = 14 bytes)
$SignString38 will be placed at 8024EE40 (length = 14 bytes)
$SignString37 will be placed at 8024EE54 (length = 14 bytes)
$SignString36 will be placed at 8024EE68 (length = 14 bytes)
$SignString35 will be placed at 8024EE7C (length = 14 bytes)
$SignString34 will be placed at 8024EE90 (length = 14 bytes)
$SignString33 will be placed at 8024EEA4 (length = 14 bytes)
$SignString32 will be placed at 8024EEB8 (length = 14 bytes)
$SignString31 will be placed at 8024EECC (length = 14 bytes)
$SignString30 will be placed at 8024EEE0 (length = 14 bytes)
$SignString49 will be placed at 8024EEF4 (length = 14 bytes)
$SignString48 will be placed at 8024EF08 (length = 14 bytes)
$SignString47 will be placed at 8024EF1C (length = 14 bytes)
$SignString46 will be placed at 8024EF30 (length = 14 bytes)
$SignString45 will be placed at 8024EF44 (length = 14 bytes)
$SignString44 will be placed at 8024EF58 (length = 14 bytes)
$SignString43 will be placed at 8024EF6C (length = 14 bytes)
$SignString42 will be placed at 8024EF80 (length = 14 bytes)
$SignString41 will be placed at 8024EF94 (length = 14 bytes)
$SignString40 will be placed at 8024EFA8 (length = 14 bytes)
$ASCII_pit_02_Literal will be placed at 8024EFBC (length = C bytes)
$ASCII_pit_90_Literal will be placed at 8024EFC8 (length = C bytes)
$ASCII_pit_34_Literal will be placed at 8024EFD4 (length = C bytes)
$ASCII_pit_66_Literal will be placed at 8024EFE0 (length = C bytes)
$ASCII_pit_98_Literal will be placed at 8024EFEC (length = C bytes)
$ASCII_pit_19_Literal will be placed at 8024EFF8 (length = C bytes)
$ASCII_pit_57_Literal will be placed at 8024F004 (length = C bytes)
$ASCII_pit_69_Literal will be placed at 8024F010 (length = C bytes)
$ASCII_pit_72_Literal will be placed at 8024F01C (length = C bytes)
$ASCII_pit_81_Literal will be placed at 8024F028 (length = C bytes)
$ASCII_pit_43_Literal will be placed at 8024F034 (length = C bytes)
$ASCII_pit_28_Literal will be placed at 8024F040 (length = C bytes)
$ASCII_pit_78_Literal will be placed at 8024F04C (length = C bytes)
$ASCII_pit_63_Literal will be placed at 8024F058 (length = C bytes)
$ASCII_pit_46_Literal will be placed at 8024F064 (length = C bytes)
$ASCII_pit_95_Literal will be placed at 8024F070 (length = C bytes)
$ASCII_pit_16_Literal will be placed at 8024F07C (length = C bytes)
$ASCII_pit_37_Literal will be placed at 8024F088 (length = C bytes)
$ASCII_pit_22_Literal will be placed at 8024F094 (length = C bytes)
$ASCII_pit_05_Literal will be placed at 8024F0A0 (length = C bytes)
$ASCII_pit_25_Literal will be placed at 8024F0AC (length = C bytes)
$ASCII_pit_54_Literal will be placed at 8024F0B8 (length = C bytes)
$ASCII_pit_08_Literal will be placed at 8024F0C4 (length = C bytes)
$ASCII_pit_87_Literal will be placed at 8024F0D0 (length = C bytes)
$ASCII_pit_75_Literal will be placed at 8024F0DC (length = C bytes)
$ASCII_pit_13_Literal will be placed at 8024F0E8 (length = C bytes)
$ASCII_pit_32_Literal will be placed at 8024F0F4 (length = C bytes)
$ASCII_pit_92_Literal will be placed at 8024F100 (length = C bytes)
$ASCII_pit_17_Literal will be placed at 8024F10C (length = C bytes)
$ASCII_pit_49_Literal will be placed at 8024F118 (length = C bytes)
$ASCII_pit_77_Literal will be placed at 8024F124 (length = C bytes)
$ASCII_pit_96_Literal will be placed at 8024F130 (length = C bytes)
$ASCII_pit_68_Literal will be placed at 8024F13C (length = C bytes)
$ASCII_pit_51_Literal will be placed at 8024F148 (length = C bytes)
$ASCII_pit_04_Literal will be placed at 8024F154 (length = C bytes)
$ASCII_pit_83_Literal will be placed at 8024F160 (length = C bytes)
$ASCII_pit_86_Literal will be placed at 8024F16C (length = C bytes)
$ASCII_pit_26_Literal will be placed at 8024F178 (length = C bytes)
$ASCII_pit_41_Literal will be placed at 8024F184 (length = C bytes)
$ASCII_pit_14_Literal will be placed at 8024F190 (length = C bytes)
$ASCII_pit_74_Literal will be placed at 8024F19C (length = C bytes)
$ASCII_pit_60_Literal will be placed at 8024F1A8 (length = C bytes)
$ASCII_pit_59_Literal will be placed at 8024F1B4 (length = C bytes)
$ASCII_pit_93_Literal will be placed at 8024F1C0 (length = C bytes)
$ASCII_pit_65_Literal will be placed at 8024F1CC (length = C bytes)
$ASCII_pit_07_Literal will be placed at 8024F1D8 (length = C bytes)
$ASCII_pit_20_Literal will be placed at 8024F1E4 (length = C bytes)
$ASCII_pit_35_Literal will be placed at 8024F1F0 (length = C bytes)
$ASCII_pit_23_Literal will be placed at 8024F1FC (length = C bytes)
$ASCII_pit_11_Literal will be placed at 8024F208 (length = C bytes)
$ASCII_pit_56_Literal will be placed at 8024F214 (length = C bytes)
$ASCII_pit_44_Literal will be placed at 8024F220 (length = C bytes)
$ASCII_pit_89_Literal will be placed at 8024F22C (length = C bytes)
$ASCII_pit_79_Literal will be placed at 8024F238 (length = C bytes)
$ASCII_pit_62_Literal will be placed at 8024F244 (length = C bytes)
$ASCII_pit_94_Literal will be placed at 8024F250 (length = C bytes)
$ASCII_pit_47_Literal will be placed at 8024F25C (length = C bytes)
$ASCII_pit_21_Literal will be placed at 8024F268 (length = C bytes)
$ASCII_pit_06_Literal will be placed at 8024F274 (length = C bytes)
$ASCII_pit_53_Literal will be placed at 8024F280 (length = C bytes)
$ASCII_pit_09_Literal will be placed at 8024F28C (length = C bytes)
$ASCII_pit_88_Literal will be placed at 8024F298 (length = C bytes)
$ASCII_pit_38_Literal will be placed at 8024F2A4 (length = C bytes)
$ASCII_pit_24_Literal will be placed at 8024F2B0 (length = C bytes)
$ASCII_pit_12_Literal will be placed at 8024F2BC (length = C bytes)
$ASCII_pit_76_Literal will be placed at 8024F2C8 (length = C bytes)
$ASCII_pit_01_Literal will be placed at 8024F2D4 (length = C bytes)
$ASCII_pit_50_Literal will be placed at 8024F2E0 (length = C bytes)
$ASCII_pit_33_Literal will be placed at 8024F2EC (length = C bytes)
$ASCII_pit_99_Literal will be placed at 8024F2F8 (length = C bytes)
$ASCII_pit_67_Literal will be placed at 8024F304 (length = C bytes)
$ASCII_pit_71_Literal will be placed at 8024F310 (length = C bytes)
$ASCII_pit_42_Literal will be placed at 8024F31C (length = C bytes)
$ASCII_pit_80_Literal will be placed at 8024F328 (length = C bytes)
$ASCII_pit_29_Literal will be placed at 8024F334 (length = C bytes)
$ASCII_pit_58_Literal will be placed at 8024F340 (length = C bytes)
$ASCII_pit_30_Literal will be placed at 8024F34C (length = C bytes)
$ASCII_pit_00_Literal will be placed at 8024F358 (length = C bytes)
$ASCII_pit_64_Literal will be placed at 8024F364 (length = C bytes)
$ASCII_pit_36_Literal will be placed at 8024F370 (length = C bytes)
$ASCII_pit_55_Literal will be placed at 8024F37C (length = C bytes)
$ASCII_pit_10_Literal will be placed at 8024F388 (length = C bytes)
$ASCII_pit_45_Literal will be placed at 8024F394 (length = C bytes)
$ASCII_pit_18_Literal will be placed at 8024F3A0 (length = C bytes)
$ASCII_pit_48_Literal will be placed at 8024F3AC (length = C bytes)
$ASCII_pit_03_Literal will be placed at 8024F3B8 (length = C bytes)
$ASCII_pit_31_Literal will be placed at 8024F3C4 (length = C bytes)
$ASCII_pit_91_Literal will be placed at 8024F3D0 (length = C bytes)
$ASCII_pit_97_Literal will be placed at 8024F3DC (length = C bytes)
$ASCII_pit_82_Literal will be placed at 8024F3E8 (length = C bytes)
$ASCII_pit_52_Literal will be placed at 8024F3F4 (length = C bytes)
$ASCII_pit_70_Literal will be placed at 8024F400 (length = C bytes)
$ASCII_pit_85_Literal will be placed at 8024F40C (length = C bytes)
$ASCII_pit_40_Literal will be placed at 8024F418 (length = C bytes)
$ASCII_pit_39_Literal will be placed at 8024F424 (length = C bytes)
$ASCII_pit_73_Literal will be placed at 8024F430 (length = C bytes)
$ASCII_pit_15_Literal will be placed at 8024F43C (length = C bytes)
$ASCII_pit_27_Literal will be placed at 8024F448 (length = C bytes)
$ASCII_pit_61_Literal will be placed at 8024F454 (length = C bytes)
$ConstDouble_802473E8 will be placed at 8024F460 (length = 8 bytes)
$ConstDouble_802473E0 will be placed at 8024F468 (length = 8 bytes)
$ConstDouble_802473D8 will be placed at 8024F470 (length = 8 bytes)
$ConstDouble_802473F8 will be placed at 8024F478 (length = 8 bytes)
$ConstDouble_802473F0 will be placed at 8024F480 (length = 8 bytes)
$ConstDouble_80247400 will be placed at 8024F488 (length = 8 bytes)
$ASCII_pit_842_Literal will be placed at 8024F490 (length = 8 bytes)
$ASCII_pit_100_Literal will be placed at 8024F498 (length = 8 bytes)
$ASCII_tik_tex_Literal will be placed at 8024F4A0 (length = 8 bytes)
$MoverCancel will be placed at 8024F4A8 (length = 4 bytes)
$BanditMoverCancel will be placed at 8024F4AC (length = 4 bytes)
Executing patch: pit_27.mpat
Loaded map pit_01
Creating struct: $EntryList
Creating struct: $DeepestLevel
Creating struct: $TotalLevels
Creating struct: $LoadHighscores
Creating struct: $FallingDownPipe
Creating struct: $Function_GetPos
Creating struct: $Function2
Creating struct: $SetSpawns
Creating struct: $Script_SetNPCPos
Creating struct: $SwitchPath
Creating struct: $VectorList_80244998
Creating struct: $GetPos
Creating struct: $Function_GetDamageTaken
Creating struct: $Function_ResetDamage
Creating struct: $DispawnParthner
Creating struct: $RespawnParthner
Creating struct: $LoadMap
Creating struct: $Script_LoadMapMover_Roguelike
Creating struct: $GetFloor
Creating struct: $LoadCoinsMover
Creating struct: $LoadMapBandit
Creating struct: $GetFloorBandit
Creating struct: $Script_Init_80243B20
Creating struct: $Script_80243A6C
Creating struct: $Script_AddCoins
Creating struct: $Script_SubstractCoins
Creating struct: $NPC_Settings_Sack
Creating struct: $Script_Init_Bag
Creating struct: $Script_Init_Bag_HitBox
Creating struct: $Script_NPC_SackHit_Init
Creating struct: $Script_NPC_Sack_FX
Creating struct: $NPC_Sack_AnimationStart
Creating struct: $NPC_Sack_AnimationEnd
Creating struct: $Script_SackAnimation_Start_GoToTheRight
Creating struct: $Script_SackAnimation_Start_GoToTheLeft
Creating struct: $Script_SackAnimation_End_Right
Creating struct: $Script_SackAnimation_End_Left
Creating struct: $Function_LoadGainedCoins
Creating struct: $Function_RevivePlayer
Creating struct: $AISettings_MoneySack
Creating struct: $Script_NpcAI_MoneySack
Creating struct: $JumpTable_80242448
Creating struct: $Function_NpcAI_MoneySack
Creating struct: $Function_80240260
Creating struct: $Function_80240844
Creating struct: $Function_802409A8
Creating struct: $Script_TrackPlayer
Creating struct: $Script_PipeAnimation
Creating struct: $Function_SetAnimation
Creating struct: $Function_GetColliderPos
Creating struct: $Function_TrackInput
Creating struct: $GoToNextLevel
Creating struct: $GoToNextLevel_Roguelike
Creating struct: $Script_SetSetsOfLevels
Creating struct: $Script_LoadMap_Roguelike
Creating struct: $Script_LoadChestMap_Roguelike
Creating struct: $Script_LoadMap_Mover_Roguelike
Creating struct: $Script_LoadChestMap_Mover_Roguelike
Creating struct: $GetFloorPit
Creating struct: $GetFloorSign
Creating struct: $Function_GetTattle1
Creating struct: $Function_GetTattle2
Creating struct: $Script_ReadSign
Creating struct: $Header
Creating struct: $Function_Init
Creating struct: $Script_Main
Creating struct: $NpcGroups
Creating struct: $NpcGroup_Mover
Creating struct: $BlankSettings
Creating struct: $Script_Init_Mover
Creating struct: $Interact_Mover
Creating struct: $Script_MoverWarpAnimation
Creating struct: $NpcGroup_BanditMover
Creating struct: $Script_Init_BanditMover
Creating struct: $Interact_BanditMover
Creating struct: $NpcGroup_Enemy1
Creating struct: $NpcGroup_Enemy2
Creating struct: $NpcGroup_Enemy3
Creating struct: $NpcGroup_Enemy4
Creating struct: $NpcGroup_Enemy5
Creating struct: $NpcGroup_Enemy6
Creating struct: $NpcSettings_Enemy1
Creating struct: $Script_EnemyAI
Creating struct: $AISettings_Enemy
Creating struct: $Script_DisableEnemyAI
Creating struct: $AISettings_DisableEnemy
Creating struct: $PipeSpawning
Creating struct: $Script_MakeEntities
Creating struct: $CommingDownPipe
Creating struct: $Script_MakeExits
Creating struct: $Script_Exit0
Merged 1 regions to 1
$Script_LoadMap_Mover_Roguelike will be placed at 80240000 (length = F14 bytes)
$LoadMap will be placed at 80240F14 (length = EF4 bytes)
$Script_ReadSign will be placed at 80241E08 (length = EEC bytes)
$LoadMapBandit will be placed at 80242CF4 (length = EA4 bytes)
$Script_LoadMap_Roguelike will be placed at 80243B98 (length = D9C bytes)
$GoToNextLevel will be placed at 80244934 (length = D10 bytes)
$GoToNextLevel_Roguelike will be placed at 80245644 (length = 868 bytes)
$Function_80240260 will be placed at 80245EAC (length = 5E4 bytes)
$SetSpawns will be placed at 80246490 (length = 384 bytes)
$FallingDownPipe will be placed at 80246814 (length = 37C bytes)
$Script_SetSetsOfLevels will be placed at 80246B90 (length = 358 bytes)
$Script_SetNPCPos will be placed at 80246EE8 (length = 2F4 bytes)
$Function_NpcAI_MoneySack will be placed at 802471DC (length = 238 bytes)
$Script_SackAnimation_Start_GoToTheRight will be placed at 80247414 (length = 230 bytes)
$Script_SackAnimation_Start_GoToTheLeft will be placed at 80247644 (length = 1F8 bytes)
$Interact_Mover will be placed at 8024783C (length = 1F8 bytes)
$NpcGroup_Enemy3 will be placed at 80247A34 (length = 1F0 bytes)
$NpcGroup_Enemy4 will be placed at 80247C24 (length = 1F0 bytes)
$NpcGroup_Enemy5 will be placed at 80247E14 (length = 1F0 bytes)
$NpcGroup_Enemy6 will be placed at 80248004 (length = 1F0 bytes)
$NpcGroup_Enemy1 will be placed at 802481F4 (length = 1F0 bytes)
$NpcGroup_Enemy2 will be placed at 802483E4 (length = 1F0 bytes)
$NpcGroup_Mover will be placed at 802485D4 (length = 1F0 bytes)
$NpcGroup_BanditMover will be placed at 802487C4 (length = 1F0 bytes)
$Interact_BanditMover will be placed at 802489B4 (length = 1EC bytes)
$Script_PipeAnimation will be placed at 80248BA0 (length = 1D0 bytes)
$JumpTable_80242448 will be placed at 80248D70 (length = 190 bytes)
$Script_LoadChestMap_Mover_Roguelike will be placed at 80248F00 (length = 18C bytes)
$PipeSpawning will be placed at 8024908C (length = 178 bytes)
$NPC_Sack_AnimationStart will be placed at 80249204 (length = 168 bytes)
$Function_80240844 will be placed at 8024936C (length = 164 bytes)
$Script_LoadChestMap_Roguelike will be placed at 802494D0 (length = 164 bytes)
$Script_NPC_SackHit_Init will be placed at 80249634 (length = 160 bytes)
$Script_SackAnimation_End_Right will be placed at 80249794 (length = 158 bytes)
$Script_SackAnimation_End_Left will be placed at 802498EC (length = 150 bytes)
$MapTattle5 will be placed at 80249A3C (length = 13C bytes)
$MapTattle4 will be placed at 80249B78 (length = 130 bytes)
$GetFloor will be placed at 80249CA8 (length = 12C bytes)
$BanditMover_Tattle will be placed at 80249DD4 (length = 124 bytes)
$Script_Main will be placed at 80249EF8 (length = 120 bytes)
$Script_80243A6C will be placed at 8024A018 (length = 114 bytes)
$Script_SubstractCoins will be placed at 8024A12C (length = 10C bytes)
$Script_LoadMapMover_Roguelike will be placed at 8024A238 (length = 104 bytes)
$GetFloorBandit will be placed at 8024A33C (length = F4 bytes)
$Script_MoverWarpAnimation will be placed at 8024A430 (length = F0 bytes)
$Function_GetColliderPos will be placed at 8024A520 (length = E0 bytes)
$Function_GetPos will be placed at 8024A600 (length = E0 bytes)
$Script_TrackPlayer will be placed at 8024A6E0 (length = DC bytes)
$MapTattle2 will be placed at 8024A7BC (length = D4 bytes)
$Function_TrackInput will be placed at 8024A890 (length = BC bytes)
$MapTattle3 will be placed at 8024A94C (length = B0 bytes)
$Script_MakeEntities will be placed at 8024A9FC (length = A8 bytes)
$MapTattle1 will be placed at 8024AAA4 (length = A8 bytes)
$Script_NpcAI_MoneySack will be placed at 8024AB4C (length = A8 bytes)
$MoverStart will be placed at 8024ABF4 (length = A4 bytes)
$SwitchPath will be placed at 8024AC98 (length = A4 bytes)
$Script_NPC_Sack_FX will be placed at 8024AD3C (length = A4 bytes)
$GetPos will be placed at 8024ADE0 (length = 9C bytes)
$Script_AddCoins will be placed at 8024AE7C (length = 98 bytes)
$BanditMoverStart will be placed at 8024AF14 (length = 98 bytes)
$Mover_Tattle will be placed at 8024AFAC (length = 94 bytes)
$Function_GetTattle1 will be placed at 8024B040 (length = 8C bytes)
$NPC_Sack_AnimationEnd will be placed at 8024B0CC (length = 84 bytes)
$BanditMover_Options will be placed at 8024B150 (length = 80 bytes)
$SignStringBug will be placed at 8024B1D0 (length = 7C bytes)
$LoadHighscores will be placed at 8024B24C (length = 7C bytes)
$Mover_Options will be placed at 8024B2C8 (length = 78 bytes)
$NpcGroups will be placed at 8024B340 (length = 6C bytes)
$DeepestLevel will be placed at 8024B3AC (length = 6C bytes)
$Function2 will be placed at 8024B418 (length = 6C bytes)
$LoadCoinsMover will be placed at 8024B484 (length = 6C bytes)
$Function_SetAnimation will be placed at 8024B4F0 (length = 6C bytes)
$GetFloorPit will be placed at 8024B55C (length = 68 bytes)
$MoverEnd will be placed at 8024B5C4 (length = 68 bytes)
$BanditMoverEnd will be placed at 8024B62C (length = 68 bytes)
$GetFloorSign will be placed at 8024B694 (length = 64 bytes)
$BanditMoverNoCoins will be placed at 8024B6F8 (length = 58 bytes)
$MoverNoCoins will be placed at 8024B750 (length = 58 bytes)
$Function_GetTattle2 will be placed at 8024B7A8 (length = 48 bytes)
$CommingDownPipe will be placed at 8024B7F0 (length = 48 bytes)
$Script_Exit0 will be placed at 8024B838 (length = 48 bytes)
$Function_LoadGainedCoins will be placed at 8024B880 (length = 48 bytes)
$Function_Init will be placed at 8024B8C8 (length = 44 bytes)
$Function_802409A8 will be placed at 8024B90C (length = 44 bytes)
$Header will be placed at 8024B950 (length = 40 bytes)
$Script_Init_Bag will be placed at 8024B990 (length = 38 bytes)
$TotalLevels will be placed at 8024B9C8 (length = 38 bytes)
$Script_Init_Bag_HitBox will be placed at 8024BA00 (length = 38 bytes)
$DispawnParthner will be placed at 8024BA38 (length = 34 bytes)
$Function_ResetDamage will be placed at 8024BA6C (length = 34 bytes)
$AISettings_MoneySack will be placed at 8024BAA0 (length = 30 bytes)
$AISettings_Enemy will be placed at 8024BAD0 (length = 30 bytes)
$AISettings_DisableEnemy will be placed at 8024BB00 (length = 30 bytes)
$RespawnParthner will be placed at 8024BB30 (length = 30 bytes)
$NPC_Settings_Sack will be placed at 8024BB60 (length = 2C bytes)
$Function_GetDamageTaken will be placed at 8024BB8C (length = 2C bytes)
$Function_RevivePlayer will be placed at 8024BBB8 (length = 2C bytes)
$String_CoinsGained will be placed at 8024BBE4 (length = 2C bytes)
$BlankSettings will be placed at 8024BC10 (length = 2C bytes)
$Script_MakeExits will be placed at 8024BC3C (length = 2C bytes)
$NpcSettings_Enemy1 will be placed at 8024BC68 (length = 24 bytes)
$VectorList_80244998 will be placed at 8024BC8C (length = 24 bytes)
$Script_Init_80243B20 will be placed at 8024BCB0 (length = 24 bytes)
$Script_Init_Mover will be placed at 8024BCD4 (length = 24 bytes)
$Script_Init_BanditMover will be placed at 8024BCF8 (length = 24 bytes)
$Script_DisableEnemyAI will be placed at 8024BD1C (length = 20 bytes)
$EntryList will be placed at 8024BD3C (length = 20 bytes)
$Script_EnemyAI will be placed at 8024BD5C (length = 20 bytes)
$SignString100 will be placed at 8024BD7C (length = 18 bytes)
$SignString1 will be placed at 8024BD94 (length = 14 bytes)
$SignString99 will be placed at 8024BDA8 (length = 14 bytes)
$SignString98 will be placed at 8024BDBC (length = 14 bytes)
$SignString97 will be placed at 8024BDD0 (length = 14 bytes)
$SignString96 will be placed at 8024BDE4 (length = 14 bytes)
$SignString95 will be placed at 8024BDF8 (length = 14 bytes)
$SignString94 will be placed at 8024BE0C (length = 14 bytes)
$SignString93 will be placed at 8024BE20 (length = 14 bytes)
$SignString92 will be placed at 8024BE34 (length = 14 bytes)
$SignString91 will be placed at 8024BE48 (length = 14 bytes)
$SignString90 will be placed at 8024BE5C (length = 14 bytes)
$SignString59 will be placed at 8024BE70 (length = 14 bytes)
$SignString58 will be placed at 8024BE84 (length = 14 bytes)
$SignString57 will be placed at 8024BE98 (length = 14 bytes)
$SignString56 will be placed at 8024BEAC (length = 14 bytes)
$SignString55 will be placed at 8024BEC0 (length = 14 bytes)
$SignString54 will be placed at 8024BED4 (length = 14 bytes)
$SignString53 will be placed at 8024BEE8 (length = 14 bytes)
$SignString52 will be placed at 8024BEFC (length = 14 bytes)
$SignString51 will be placed at 8024BF10 (length = 14 bytes)
$SignString50 will be placed at 8024BF24 (length = 14 bytes)
$SignString69 will be placed at 8024BF38 (length = 14 bytes)
$SignString68 will be placed at 8024BF4C (length = 14 bytes)
$SignString67 will be placed at 8024BF60 (length = 14 bytes)
$SignString66 will be placed at 8024BF74 (length = 14 bytes)
$SignString65 will be placed at 8024BF88 (length = 14 bytes)
$SignString64 will be placed at 8024BF9C (length = 14 bytes)
$SignString63 will be placed at 8024BFB0 (length = 14 bytes)
$SignString62 will be placed at 8024BFC4 (length = 14 bytes)
$SignString61 will be placed at 8024BFD8 (length = 14 bytes)
$SignString60 will be placed at 8024BFEC (length = 14 bytes)
$SignString79 will be placed at 8024C000 (length = 14 bytes)
$SignString78 will be placed at 8024C014 (length = 14 bytes)
$SignString77 will be placed at 8024C028 (length = 14 bytes)
$SignString76 will be placed at 8024C03C (length = 14 bytes)
$SignString75 will be placed at 8024C050 (length = 14 bytes)
$SignString74 will be placed at 8024C064 (length = 14 bytes)
$SignString73 will be placed at 8024C078 (length = 14 bytes)
$SignString72 will be placed at 8024C08C (length = 14 bytes)
$SignString71 will be placed at 8024C0A0 (length = 14 bytes)
$SignString70 will be placed at 8024C0B4 (length = 14 bytes)
$SignString89 will be placed at 8024C0C8 (length = 14 bytes)
$SignString88 will be placed at 8024C0DC (length = 14 bytes)
$SignString87 will be placed at 8024C0F0 (length = 14 bytes)
$SignString86 will be placed at 8024C104 (length = 14 bytes)
$SignString85 will be placed at 8024C118 (length = 14 bytes)
$SignString84 will be placed at 8024C12C (length = 14 bytes)
$SignString83 will be placed at 8024C140 (length = 14 bytes)
$SignString82 will be placed at 8024C154 (length = 14 bytes)
$SignString81 will be placed at 8024C168 (length = 14 bytes)
$SignString80 will be placed at 8024C17C (length = 14 bytes)
$SignString19 will be placed at 8024C190 (length = 14 bytes)
$SignString18 will be placed at 8024C1A4 (length = 14 bytes)
$SignString17 will be placed at 8024C1B8 (length = 14 bytes)
$SignString16 will be placed at 8024C1CC (length = 14 bytes)
$SignString15 will be placed at 8024C1E0 (length = 14 bytes)
$SignString14 will be placed at 8024C1F4 (length = 14 bytes)
$SignString13 will be placed at 8024C208 (length = 14 bytes)
$SignString12 will be placed at 8024C21C (length = 14 bytes)
$SignString11 will be placed at 8024C230 (length = 14 bytes)
$SignString10 will be placed at 8024C244 (length = 14 bytes)
$SignString3 will be placed at 8024C258 (length = 14 bytes)
$SignString2 will be placed at 8024C26C (length = 14 bytes)
$SignString5 will be placed at 8024C280 (length = 14 bytes)
$SignString4 will be placed at 8024C294 (length = 14 bytes)
$SignString7 will be placed at 8024C2A8 (length = 14 bytes)
$SignString6 will be placed at 8024C2BC (length = 14 bytes)
$SignString9 will be placed at 8024C2D0 (length = 14 bytes)
$SignString8 will be placed at 8024C2E4 (length = 14 bytes)
$SignString29 will be placed at 8024C2F8 (length = 14 bytes)
$SignString28 will be placed at 8024C30C (length = 14 bytes)
$SignString27 will be placed at 8024C320 (length = 14 bytes)
$SignString26 will be placed at 8024C334 (length = 14 bytes)
$SignString25 will be placed at 8024C348 (length = 14 bytes)
$SignString24 will be placed at 8024C35C (length = 14 bytes)
$SignString23 will be placed at 8024C370 (length = 14 bytes)
$SignString22 will be placed at 8024C384 (length = 14 bytes)
$SignString21 will be placed at 8024C398 (length = 14 bytes)
$SignString20 will be placed at 8024C3AC (length = 14 bytes)
$SignString will be placed at 8024C3C0 (length = 14 bytes)
$SignString39 will be placed at 8024C3D4 (length = 14 bytes)
$SignString38 will be placed at 8024C3E8 (length = 14 bytes)
$SignString37 will be placed at 8024C3FC (length = 14 bytes)
$SignString36 will be placed at 8024C410 (length = 14 bytes)
$SignString35 will be placed at 8024C424 (length = 14 bytes)
$SignString34 will be placed at 8024C438 (length = 14 bytes)
$SignString33 will be placed at 8024C44C (length = 14 bytes)
$SignString32 will be placed at 8024C460 (length = 14 bytes)
$SignString31 will be placed at 8024C474 (length = 14 bytes)
$SignString30 will be placed at 8024C488 (length = 14 bytes)
$SignString49 will be placed at 8024C49C (length = 14 bytes)
$SignString48 will be placed at 8024C4B0 (length = 14 bytes)
$SignString47 will be placed at 8024C4C4 (length = 14 bytes)
$SignString46 will be placed at 8024C4D8 (length = 14 bytes)
$SignString45 will be placed at 8024C4EC (length = 14 bytes)
$SignString44 will be placed at 8024C500 (length = 14 bytes)
$SignString43 will be placed at 8024C514 (length = 14 bytes)
$SignString42 will be placed at 8024C528 (length = 14 bytes)
$SignString41 will be placed at 8024C53C (length = 14 bytes)
$SignString40 will be placed at 8024C550 (length = 14 bytes)
$ASCII_pit_02_Literal will be placed at 8024C564 (length = C bytes)
$ASCII_pit_90_Literal will be placed at 8024C570 (length = C bytes)
$ASCII_pit_34_Literal will be placed at 8024C57C (length = C bytes)
$ASCII_pit_66_Literal will be placed at 8024C588 (length = C bytes)
$ASCII_pit_98_Literal will be placed at 8024C594 (length = C bytes)
$ASCII_pit_19_Literal will be placed at 8024C5A0 (length = C bytes)
$ASCII_pit_57_Literal will be placed at 8024C5AC (length = C bytes)
$ASCII_pit_69_Literal will be placed at 8024C5B8 (length = C bytes)
$ASCII_pit_72_Literal will be placed at 8024C5C4 (length = C bytes)
$ASCII_pit_81_Literal will be placed at 8024C5D0 (length = C bytes)
$ASCII_pit_43_Literal will be placed at 8024C5DC (length = C bytes)
$ASCII_pit_28_Literal will be placed at 8024C5E8 (length = C bytes)
$ASCII_pit_78_Literal will be placed at 8024C5F4 (length = C bytes)
$ASCII_pit_63_Literal will be placed at 8024C600 (length = C bytes)
$ASCII_pit_46_Literal will be placed at 8024C60C (length = C bytes)
$ASCII_pit_95_Literal will be placed at 8024C618 (length = C bytes)
$ASCII_pit_16_Literal will be placed at 8024C624 (length = C bytes)
$ASCII_pit_37_Literal will be placed at 8024C630 (length = C bytes)
$ASCII_pit_22_Literal will be placed at 8024C63C (length = C bytes)
$ASCII_pit_05_Literal will be placed at 8024C648 (length = C bytes)
$ASCII_pit_25_Literal will be placed at 8024C654 (length = C bytes)
$ASCII_pit_54_Literal will be placed at 8024C660 (length = C bytes)
$ASCII_pit_08_Literal will be placed at 8024C66C (length = C bytes)
$ASCII_pit_87_Literal will be placed at 8024C678 (length = C bytes)
$ASCII_pit_75_Literal will be placed at 8024C684 (length = C bytes)
$ASCII_pit_13_Literal will be placed at 8024C690 (length = C bytes)
$ASCII_pit_32_Literal will be placed at 8024C69C (length = C bytes)
$ASCII_pit_92_Literal will be placed at 8024C6A8 (length = C bytes)
$ASCII_pit_17_Literal will be placed at 8024C6B4 (length = C bytes)
$ASCII_pit_49_Literal will be placed at 8024C6C0 (length = C bytes)
$ASCII_pit_77_Literal will be placed at 8024C6CC (length = C bytes)
$ASCII_pit_96_Literal will be placed at 8024C6D8 (length = C bytes)
$ASCII_pit_68_Literal will be placed at 8024C6E4 (length = C bytes)
$ASCII_pit_51_Literal will be placed at 8024C6F0 (length = C bytes)
$ASCII_pit_04_Literal will be placed at 8024C6FC (length = C bytes)
$ASCII_pit_83_Literal will be placed at 8024C708 (length = C bytes)
$ASCII_pit_86_Literal will be placed at 8024C714 (length = C bytes)
$ASCII_pit_26_Literal will be placed at 8024C720 (length = C bytes)
$ASCII_pit_41_Literal will be placed at 8024C72C (length = C bytes)
$ASCII_pit_14_Literal will be placed at 8024C738 (length = C bytes)
$ASCII_pit_74_Literal will be placed at 8024C744 (length = C bytes)
$ASCII_pit_60_Literal will be placed at 8024C750 (length = C bytes)
$ASCII_pit_59_Literal will be placed at 8024C75C (length = C bytes)
$ASCII_pit_93_Literal will be placed at 8024C768 (length = C bytes)
$ASCII_pit_65_Literal will be placed at 8024C774 (length = C bytes)
$ASCII_pit_07_Literal will be placed at 8024C780 (length = C bytes)
$ASCII_pit_20_Literal will be placed at 8024C78C (length = C bytes)
$ASCII_pit_35_Literal will be placed at 8024C798 (length = C bytes)
$ASCII_pit_23_Literal will be placed at 8024C7A4 (length = C bytes)
$ASCII_pit_11_Literal will be placed at 8024C7B0 (length = C bytes)
$ASCII_pit_56_Literal will be placed at 8024C7BC (length = C bytes)
$ASCII_pit_44_Literal will be placed at 8024C7C8 (length = C bytes)
$ASCII_pit_89_Literal will be placed at 8024C7D4 (length = C bytes)
$ASCII_pit_79_Literal will be placed at 8024C7E0 (length = C bytes)
$ASCII_pit_62_Literal will be placed at 8024C7EC (length = C bytes)
$ASCII_pit_94_Literal will be placed at 8024C7F8 (length = C bytes)
$ASCII_pit_47_Literal will be placed at 8024C804 (length = C bytes)
$ASCII_pit_21_Literal will be placed at 8024C810 (length = C bytes)
$ASCII_pit_06_Literal will be placed at 8024C81C (length = C bytes)
$ASCII_pit_53_Literal will be placed at 8024C828 (length = C bytes)
$ASCII_pit_09_Literal will be placed at 8024C834 (length = C bytes)
$ASCII_pit_88_Literal will be placed at 8024C840 (length = C bytes)
$ASCII_pit_38_Literal will be placed at 8024C84C (length = C bytes)
$ASCII_pit_24_Literal will be placed at 8024C858 (length = C bytes)
$ASCII_pit_12_Literal will be placed at 8024C864 (length = C bytes)
$ASCII_pit_76_Literal will be placed at 8024C870 (length = C bytes)
$ASCII_pit_01_Literal will be placed at 8024C87C (length = C bytes)
$ASCII_pit_50_Literal will be placed at 8024C888 (length = C bytes)
$ASCII_pit_33_Literal will be placed at 8024C894 (length = C bytes)
$ASCII_pit_99_Literal will be placed at 8024C8A0 (length = C bytes)
$ASCII_pit_67_Literal will be placed at 8024C8AC (length = C bytes)
$ASCII_pit_71_Literal will be placed at 8024C8B8 (length = C bytes)
$ASCII_pit_42_Literal will be placed at 8024C8C4 (length = C bytes)
$ASCII_pit_80_Literal will be placed at 8024C8D0 (length = C bytes)
$ASCII_pit_29_Literal will be placed at 8024C8DC (length = C bytes)
$ASCII_pit_58_Literal will be placed at 8024C8E8 (length = C bytes)
$ASCII_pit_30_Literal will be placed at 8024C8F4 (length = C bytes)
$ASCII_pit_00_Literal will be placed at 8024C900 (length = C bytes)
$ASCII_pit_64_Literal will be placed at 8024C90C (length = C bytes)
$ASCII_pit_36_Literal will be placed at 8024C918 (length = C bytes)
$ASCII_pit_55_Literal will be placed at 8024C924 (length = C bytes)
$ASCII_pit_10_Literal will be placed at 8024C930 (length = C bytes)
$ASCII_pit_45_Literal will be placed at 8024C93C (length = C bytes)
$ASCII_pit_18_Literal will be placed at 8024C948 (length = C bytes)
$ASCII_pit_48_Literal will be placed at 8024C954 (length = C bytes)
$ASCII_pit_03_Literal will be placed at 8024C960 (length = C bytes)
$ASCII_pit_31_Literal will be placed at 8024C96C (length = C bytes)
$ASCII_pit_91_Literal will be placed at 8024C978 (length = C bytes)
$ASCII_pit_97_Literal will be placed at 8024C984 (length = C bytes)
$ASCII_pit_82_Literal will be placed at 8024C990 (length = C bytes)
$ASCII_pit_52_Literal will be placed at 8024C99C (length = C bytes)
$ASCII_pit_70_Literal will be placed at 8024C9A8 (length = C bytes)
$ASCII_pit_85_Literal will be placed at 8024C9B4 (length = C bytes)
$ASCII_pit_40_Literal will be placed at 8024C9C0 (length = C bytes)
$ASCII_pit_39_Literal will be placed at 8024C9CC (length = C bytes)
$ASCII_pit_73_Literal will be placed at 8024C9D8 (length = C bytes)
$ASCII_pit_15_Literal will be placed at 8024C9E4 (length = C bytes)
$ASCII_pit_27_Literal will be placed at 8024C9F0 (length = C bytes)
$ASCII_pit_61_Literal will be placed at 8024C9FC (length = C bytes)
$ASCII_pit_842_Literal will be placed at 8024CA08 (length = 8 bytes)
$ASCII_pit_100_Literal will be placed at 8024CA10 (length = 8 bytes)
$ASCII_tik_tex_Literal will be placed at 8024CA18 (length = 8 bytes)
$MoverCancel will be placed at 8024CA20 (length = 4 bytes)
$BanditMoverCancel will be placed at 8024CA24 (length = 4 bytes)
Executing patch: pit_28.mpat
Loaded map pit_01
Creating struct: $EntryList
Creating struct: $DeepestLevel
Creating struct: $TotalLevels
Creating struct: $LoadHighscores
Creating struct: $FallingDownPipe
Creating struct: $Function_GetPos
Creating struct: $Function2
Creating struct: $SetSpawns
Creating struct: $Script_SetNPCPos
Creating struct: $SwitchPath
Creating struct: $VectorList_80244998
Creating struct: $GetPos
Creating struct: $Function_GetDamageTaken
Creating struct: $Function_ResetDamage
Creating struct: $DispawnParthner
Creating struct: $RespawnParthner
Creating struct: $LoadMap
Creating struct: $Script_LoadMapMover_Roguelike
Creating struct: $GetFloor
Creating struct: $LoadCoinsMover
Creating struct: $LoadMapBandit
Creating struct: $GetFloorBandit
Creating struct: $Script_Init_80243B20
Creating struct: $Script_80243A6C
Creating struct: $Script_AddCoins
Creating struct: $Script_SubstractCoins
Creating struct: $NPC_Settings_Sack
Creating struct: $Script_Init_Bag
Creating struct: $Script_Init_Bag_HitBox
Creating struct: $Script_NPC_SackHit_Init
Creating struct: $Script_NPC_Sack_FX
Creating struct: $NPC_Sack_AnimationStart
Creating struct: $NPC_Sack_AnimationEnd
Creating struct: $Script_SackAnimation_Start_GoToTheRight
Creating struct: $Script_SackAnimation_Start_GoToTheLeft
Creating struct: $Script_SackAnimation_End_Right
Creating struct: $Script_SackAnimation_End_Left
Creating struct: $Function_LoadGainedCoins
Creating struct: $Function_RevivePlayer
Creating struct: $AISettings_MoneySack
Creating struct: $Script_NpcAI_MoneySack
Creating struct: $JumpTable_80242448
Creating struct: $Function_NpcAI_MoneySack
Creating struct: $Function_80240260
Creating struct: $Function_80240844
Creating struct: $Function_802409A8
Creating struct: $Script_TrackPlayer
Creating struct: $Script_PipeAnimation
Creating struct: $Function_SetAnimation
Creating struct: $Function_GetColliderPos
Creating struct: $Function_TrackInput
Creating struct: $GoToNextLevel
Creating struct: $GoToNextLevel_Roguelike
Creating struct: $Script_SetSetsOfLevels
Creating struct: $Script_LoadMap_Roguelike
Creating struct: $Script_LoadChestMap_Roguelike
Creating struct: $Script_LoadMap_Mover_Roguelike
Creating struct: $Script_LoadChestMap_Mover_Roguelike
Creating struct: $GetFloorPit
Creating struct: $GetFloorSign
Creating struct: $Function_GetTattle1
Creating struct: $Function_GetTattle2
Creating struct: $Script_ReadSign
Creating struct: $Header
Creating struct: $Function_Init
Creating struct: $Script_Main
Creating struct: $NpcGroups
Creating struct: $NpcGroup_Mover
Creating struct: $BlankSettings
Creating struct: $Script_Init_Mover
Creating struct: $Interact_Mover
Creating struct: $Script_MoverWarpAnimation
Creating struct: $NpcGroup_BanditMover
Creating struct: $Script_Init_BanditMover
Creating struct: $Interact_BanditMover
Creating struct: $NpcGroup_Enemy1
Creating struct: $NpcGroup_Enemy2
Creating struct: $NpcGroup_Enemy3
Creating struct: $NpcGroup_Enemy4
Creating struct: $NpcGroup_Enemy5
Creating struct: $NpcGroup_Enemy6
Creating struct: $NpcSettings_Enemy1
Creating struct: $Script_EnemyAI
Creating struct: $ConstDouble_80243440
Creating struct: $ConstDouble_80243448
Creating struct: $ConstDouble_80243450
Creating struct: $JumpTable_80243458
Creating struct: $FloatTable_80241B2C
Creating struct: $Function_8024130C
Creating struct: $Function_80240000
Creating struct: $Function_802401B0
Creating struct: $Function_802407D8
Creating struct: $Function_80240898
Creating struct: $Function_80240BDC
Creating struct: $Function_80240C54
Creating struct: $Function_80240CC0
Creating struct: $Function_80240DF4
Creating struct: $Function_80240E58
Creating struct: $Function_802411E8
Creating struct: $AISettings_Enemy
Creating struct: $Script_DisableEnemyAI
Creating struct: $AISettings_DisableEnemy
Creating struct: $PipeSpawning
Creating struct: $Script_MakeEntities
Creating struct: $CommingDownPipe
Creating struct: $Script_MakeExits
Creating struct: $Script_Exit0
Merged 1 regions to 1
$Script_LoadMap_Mover_Roguelike will be placed at 80240000 (length = F14 bytes)
$LoadMap will be placed at 80240F14 (length = EF4 bytes)
$Script_ReadSign will be placed at 80241E08 (length = EEC bytes)
$LoadMapBandit will be placed at 80242CF4 (length = EA4 bytes)
$Script_LoadMap_Roguelike will be placed at 80243B98 (length = D9C bytes)
$GoToNextLevel will be placed at 80244934 (length = D10 bytes)
$GoToNextLevel_Roguelike will be placed at 80245644 (length = 868 bytes)
$Function_802401B0 will be placed at 80245EAC (length = 62C bytes)
$Function_80240260 will be placed at 802464D8 (length = 5E4 bytes)
$Function_80240E58 will be placed at 80246ABC (length = 390 bytes)
$SetSpawns will be placed at 80246E4C (length = 384 bytes)
$FallingDownPipe will be placed at 802471D0 (length = 37C bytes)
$Script_SetSetsOfLevels will be placed at 8024754C (length = 358 bytes)
$Function_80240898 will be placed at 802478A4 (length = 340 bytes)
$Script_SetNPCPos will be placed at 80247BE4 (length = 2F4 bytes)
$Function_NpcAI_MoneySack will be placed at 80247ED8 (length = 238 bytes)
$Script_SackAnimation_Start_GoToTheRight will be placed at 80248110 (length = 230 bytes)
$Script_SackAnimation_Start_GoToTheLeft will be placed at 80248340 (length = 1F8 bytes)
$Interact_Mover will be placed at 80248538 (length = 1F8 bytes)
$NpcGroup_Enemy3 will be placed at 80248730 (length = 1F0 bytes)
$NpcGroup_Enemy4 will be placed at 80248920 (length = 1F0 bytes)
$NpcGroup_Enemy5 will be placed at 80248B10 (length = 1F0 bytes)
$NpcGroup_Enemy6 will be placed at 80248D00 (length = 1F0 bytes)
$NpcGroup_Enemy1 will be placed at 80248EF0 (length = 1F0 bytes)
$NpcGroup_Enemy2 will be placed at 802490E0 (length = 1F0 bytes)
$NpcGroup_Mover will be placed at 802492D0 (length = 1F0 bytes)
$NpcGroup_BanditMover will be placed at 802494C0 (length = 1F0 bytes)
$Interact_BanditMover will be placed at 802496B0 (length = 1EC bytes)
$Function_8024130C will be placed at 8024989C (length = 1EC bytes)
$Script_PipeAnimation will be placed at 80249A88 (length = 1D0 bytes)
$Function_80240000 will be placed at 80249C58 (length = 1A8 bytes)
$JumpTable_80242448 will be placed at 80249E00 (length = 190 bytes)
$Script_LoadChestMap_Mover_Roguelike will be placed at 80249F90 (length = 18C bytes)
$PipeSpawning will be placed at 8024A11C (length = 178 bytes)
$NPC_Sack_AnimationStart will be placed at 8024A294 (length = 168 bytes)
$Function_80240844 will be placed at 8024A3FC (length = 164 bytes)
$Script_LoadChestMap_Roguelike will be placed at 8024A560 (length = 164 bytes)
$Script_NPC_SackHit_Init will be placed at 8024A6C4 (length = 160 bytes)
$Script_SackAnimation_End_Right will be placed at 8024A824 (length = 158 bytes)
$Script_SackAnimation_End_Left will be placed at 8024A97C (length = 150 bytes)
$MapTattle5 will be placed at 8024AACC (length = 13C bytes)
$Function_80240CC0 will be placed at 8024AC08 (length = 134 bytes)
$MapTattle4 will be placed at 8024AD3C (length = 130 bytes)
$GetFloor will be placed at 8024AE6C (length = 12C bytes)
$Function_802411E8 will be placed at 8024AF98 (length = 124 bytes)
$BanditMover_Tattle will be placed at 8024B0BC (length = 124 bytes)
$Script_Main will be placed at 8024B1E0 (length = 120 bytes)
$Script_80243A6C will be placed at 8024B300 (length = 114 bytes)
$Script_SubstractCoins will be placed at 8024B414 (length = 10C bytes)
$Script_LoadMapMover_Roguelike will be placed at 8024B520 (length = 104 bytes)
$GetFloorBandit will be placed at 8024B624 (length = F4 bytes)
$Script_MoverWarpAnimation will be placed at 8024B718 (length = F0 bytes)
$Function_GetColliderPos will be placed at 8024B808 (length = E0 bytes)
$Function_GetPos will be placed at 8024B8E8 (length = E0 bytes)
$Script_TrackPlayer will be placed at 8024B9C8 (length = DC bytes)
$MapTattle2 will be placed at 8024BAA4 (length = D4 bytes)
$Function_802407D8 will be placed at 8024BB78 (length = C0 bytes)
$Function_TrackInput will be placed at 8024BC38 (length = BC bytes)
$MapTattle3 will be placed at 8024BCF4 (length = B0 bytes)
$Script_MakeEntities will be placed at 8024BDA4 (length = A8 bytes)
$MapTattle1 will be placed at 8024BE4C (length = A8 bytes)
$Script_NpcAI_MoneySack will be placed at 8024BEF4 (length = A8 bytes)
$MoverStart will be placed at 8024BF9C (length = A4 bytes)
$SwitchPath will be placed at 8024C040 (length = A4 bytes)
$Script_NPC_Sack_FX will be placed at 8024C0E4 (length = A4 bytes)
$GetPos will be placed at 8024C188 (length = 9C bytes)
$Script_AddCoins will be placed at 8024C224 (length = 98 bytes)
$BanditMoverStart will be placed at 8024C2BC (length = 98 bytes)
$Mover_Tattle will be placed at 8024C354 (length = 94 bytes)
$Function_GetTattle1 will be placed at 8024C3E8 (length = 8C bytes)
$NPC_Sack_AnimationEnd will be placed at 8024C474 (length = 84 bytes)
$BanditMover_Options will be placed at 8024C4F8 (length = 80 bytes)
$SignStringBug will be placed at 8024C578 (length = 7C bytes)
$LoadHighscores will be placed at 8024C5F4 (length = 7C bytes)
$Function_80240BDC will be placed at 8024C670 (length = 78 bytes)
$Mover_Options will be placed at 8024C6E8 (length = 78 bytes)
$Script_EnemyAI will be placed at 8024C760 (length = 70 bytes)
$NpcGroups will be placed at 8024C7D0 (length = 6C bytes)
$DeepestLevel will be placed at 8024C83C (length = 6C bytes)
$Function2 will be placed at 8024C8A8 (length = 6C bytes)
$Function_80240C54 will be placed at 8024C914 (length = 6C bytes)
$LoadCoinsMover will be placed at 8024C980 (length = 6C bytes)
$Function_SetAnimation will be placed at 8024C9EC (length = 6C bytes)
$GetFloorPit will be placed at 8024CA58 (length = 68 bytes)
$MoverEnd will be placed at 8024CAC0 (length = 68 bytes)
$BanditMoverEnd will be placed at 8024CB28 (length = 68 bytes)
$GetFloorSign will be placed at 8024CB90 (length = 64 bytes)
$Function_80240DF4 will be placed at 8024CBF4 (length = 64 bytes)
$BanditMoverNoCoins will be placed at 8024CC58 (length = 58 bytes)
$MoverNoCoins will be placed at 8024CCB0 (length = 58 bytes)
$Function_GetTattle2 will be placed at 8024CD08 (length = 48 bytes)
$CommingDownPipe will be placed at 8024CD50 (length = 48 bytes)
$Script_Exit0 will be placed at 8024CD98 (length = 48 bytes)
$Function_LoadGainedCoins will be placed at 8024CDE0 (length = 48 bytes)
$Function_Init will be placed at 8024CE28 (length = 44 bytes)
$Function_802409A8 will be placed at 8024CE6C (length = 44 bytes)
$Header will be placed at 8024CEB0 (length = 40 bytes)
$JumpTable_80243458 will be placed at 8024CEF0 (length = 3C bytes)
$Script_Init_Bag will be placed at 8024CF2C (length = 38 bytes)
$TotalLevels will be placed at 8024CF64 (length = 38 bytes)
$Script_Init_Bag_HitBox will be placed at 8024CF9C (length = 38 bytes)
$DispawnParthner will be placed at 8024CFD4 (length = 34 bytes)
$Function_ResetDamage will be placed at 8024D008 (length = 34 bytes)
$AISettings_MoneySack will be placed at 8024D03C (length = 30 bytes)
$AISettings_Enemy will be placed at 8024D06C (length = 30 bytes)
$AISettings_DisableEnemy will be placed at 8024D09C (length = 30 bytes)
$RespawnParthner will be placed at 8024D0CC (length = 30 bytes)
$NPC_Settings_Sack will be placed at 8024D0FC (length = 2C bytes)
$Function_GetDamageTaken will be placed at 8024D128 (length = 2C bytes)
$NpcSettings_Enemy1 will be placed at 8024D154 (length = 2C bytes)
$Function_RevivePlayer will be placed at 8024D180 (length = 2C bytes)
$String_CoinsGained will be placed at 8024D1AC (length = 2C bytes)
$BlankSettings will be placed at 8024D1D8 (length = 2C bytes)
$Script_MakeExits will be placed at 8024D204 (length = 2C bytes)
$VectorList_80244998 will be placed at 8024D230 (length = 24 bytes)
$Script_Init_80243B20 will be placed at 8024D254 (length = 24 bytes)
$Script_Init_Mover will be placed at 8024D278 (length = 24 bytes)
$Script_Init_BanditMover will be placed at 8024D29C (length = 24 bytes)
$Script_DisableEnemyAI will be placed at 8024D2C0 (length = 20 bytes)
$EntryList will be placed at 8024D2E0 (length = 20 bytes)
$SignString100 will be placed at 8024D300 (length = 18 bytes)
$FloatTable_80241B2C will be placed at 8024D318 (length = 18 bytes)
$SignString1 will be placed at 8024D330 (length = 14 bytes)
$SignString99 will be placed at 8024D344 (length = 14 bytes)
$SignString98 will be placed at 8024D358 (length = 14 bytes)
$SignString97 will be placed at 8024D36C (length = 14 bytes)
$SignString96 will be placed at 8024D380 (length = 14 bytes)
$SignString95 will be placed at 8024D394 (length = 14 bytes)
$SignString94 will be placed at 8024D3A8 (length = 14 bytes)
$SignString93 will be placed at 8024D3BC (length = 14 bytes)
$SignString92 will be placed at 8024D3D0 (length = 14 bytes)
$SignString91 will be placed at 8024D3E4 (length = 14 bytes)
$SignString90 will be placed at 8024D3F8 (length = 14 bytes)
$SignString59 will be placed at 8024D40C (length = 14 bytes)
$SignString58 will be placed at 8024D420 (length = 14 bytes)
$SignString57 will be placed at 8024D434 (length = 14 bytes)
$SignString56 will be placed at 8024D448 (length = 14 bytes)
$SignString55 will be placed at 8024D45C (length = 14 bytes)
$SignString54 will be placed at 8024D470 (length = 14 bytes)
$SignString53 will be placed at 8024D484 (length = 14 bytes)
$SignString52 will be placed at 8024D498 (length = 14 bytes)
$SignString51 will be placed at 8024D4AC (length = 14 bytes)
$SignString50 will be placed at 8024D4C0 (length = 14 bytes)
$SignString69 will be placed at 8024D4D4 (length = 14 bytes)
$SignString68 will be placed at 8024D4E8 (length = 14 bytes)
$SignString67 will be placed at 8024D4FC (length = 14 bytes)
$SignString66 will be placed at 8024D510 (length = 14 bytes)
$SignString65 will be placed at 8024D524 (length = 14 bytes)
$SignString64 will be placed at 8024D538 (length = 14 bytes)
$SignString63 will be placed at 8024D54C (length = 14 bytes)
$SignString62 will be placed at 8024D560 (length = 14 bytes)
$SignString61 will be placed at 8024D574 (length = 14 bytes)
$SignString60 will be placed at 8024D588 (length = 14 bytes)
$SignString79 will be placed at 8024D59C (length = 14 bytes)
$SignString78 will be placed at 8024D5B0 (length = 14 bytes)
$SignString77 will be placed at 8024D5C4 (length = 14 bytes)
$SignString76 will be placed at 8024D5D8 (length = 14 bytes)
$SignString75 will be placed at 8024D5EC (length = 14 bytes)
$SignString74 will be placed at 8024D600 (length = 14 bytes)
$SignString73 will be placed at 8024D614 (length = 14 bytes)
$SignString72 will be placed at 8024D628 (length = 14 bytes)
$SignString71 will be placed at 8024D63C (length = 14 bytes)
$SignString70 will be placed at 8024D650 (length = 14 bytes)
$SignString89 will be placed at 8024D664 (length = 14 bytes)
$SignString88 will be placed at 8024D678 (length = 14 bytes)
$SignString87 will be placed at 8024D68C (length = 14 bytes)
$SignString86 will be placed at 8024D6A0 (length = 14 bytes)
$SignString85 will be placed at 8024D6B4 (length = 14 bytes)
$SignString84 will be placed at 8024D6C8 (length = 14 bytes)
$SignString83 will be placed at 8024D6DC (length = 14 bytes)
$SignString82 will be placed at 8024D6F0 (length = 14 bytes)
$SignString81 will be placed at 8024D704 (length = 14 bytes)
$SignString80 will be placed at 8024D718 (length = 14 bytes)
$SignString19 will be placed at 8024D72C (length = 14 bytes)
$SignString18 will be placed at 8024D740 (length = 14 bytes)
$SignString17 will be placed at 8024D754 (length = 14 bytes)
$SignString16 will be placed at 8024D768 (length = 14 bytes)
$SignString15 will be placed at 8024D77C (length = 14 bytes)
$SignString14 will be placed at 8024D790 (length = 14 bytes)
$SignString13 will be placed at 8024D7A4 (length = 14 bytes)
$SignString12 will be placed at 8024D7B8 (length = 14 bytes)
$SignString11 will be placed at 8024D7CC (length = 14 bytes)
$SignString10 will be placed at 8024D7E0 (length = 14 bytes)
$SignString3 will be placed at 8024D7F4 (length = 14 bytes)
$SignString2 will be placed at 8024D808 (length = 14 bytes)
$SignString5 will be placed at 8024D81C (length = 14 bytes)
$SignString4 will be placed at 8024D830 (length = 14 bytes)
$SignString7 will be placed at 8024D844 (length = 14 bytes)
$SignString6 will be placed at 8024D858 (length = 14 bytes)
$SignString9 will be placed at 8024D86C (length = 14 bytes)
$SignString8 will be placed at 8024D880 (length = 14 bytes)
$SignString29 will be placed at 8024D894 (length = 14 bytes)
$SignString28 will be placed at 8024D8A8 (length = 14 bytes)
$SignString27 will be placed at 8024D8BC (length = 14 bytes)
$SignString26 will be placed at 8024D8D0 (length = 14 bytes)
$SignString25 will be placed at 8024D8E4 (length = 14 bytes)
$SignString24 will be placed at 8024D8F8 (length = 14 bytes)
$SignString23 will be placed at 8024D90C (length = 14 bytes)
$SignString22 will be placed at 8024D920 (length = 14 bytes)
$SignString21 will be placed at 8024D934 (length = 14 bytes)
$SignString20 will be placed at 8024D948 (length = 14 bytes)
$SignString will be placed at 8024D95C (length = 14 bytes)
$SignString39 will be placed at 8024D970 (length = 14 bytes)
$SignString38 will be placed at 8024D984 (length = 14 bytes)
$SignString37 will be placed at 8024D998 (length = 14 bytes)
$SignString36 will be placed at 8024D9AC (length = 14 bytes)
$SignString35 will be placed at 8024D9C0 (length = 14 bytes)
$SignString34 will be placed at 8024D9D4 (length = 14 bytes)
$SignString33 will be placed at 8024D9E8 (length = 14 bytes)
$SignString32 will be placed at 8024D9FC (length = 14 bytes)
$SignString31 will be placed at 8024DA10 (length = 14 bytes)
$SignString30 will be placed at 8024DA24 (length = 14 bytes)
$SignString49 will be placed at 8024DA38 (length = 14 bytes)
$SignString48 will be placed at 8024DA4C (length = 14 bytes)
$SignString47 will be placed at 8024DA60 (length = 14 bytes)
$SignString46 will be placed at 8024DA74 (length = 14 bytes)
$SignString45 will be placed at 8024DA88 (length = 14 bytes)
$SignString44 will be placed at 8024DA9C (length = 14 bytes)
$SignString43 will be placed at 8024DAB0 (length = 14 bytes)
$SignString42 will be placed at 8024DAC4 (length = 14 bytes)
$SignString41 will be placed at 8024DAD8 (length = 14 bytes)
$SignString40 will be placed at 8024DAEC (length = 14 bytes)
$ASCII_pit_02_Literal will be placed at 8024DB00 (length = C bytes)
$ASCII_pit_90_Literal will be placed at 8024DB0C (length = C bytes)
$ASCII_pit_34_Literal will be placed at 8024DB18 (length = C bytes)
$ASCII_pit_66_Literal will be placed at 8024DB24 (length = C bytes)
$ASCII_pit_98_Literal will be placed at 8024DB30 (length = C bytes)
$ASCII_pit_19_Literal will be placed at 8024DB3C (length = C bytes)
$ASCII_pit_57_Literal will be placed at 8024DB48 (length = C bytes)
$ASCII_pit_69_Literal will be placed at 8024DB54 (length = C bytes)
$ASCII_pit_72_Literal will be placed at 8024DB60 (length = C bytes)
$ASCII_pit_81_Literal will be placed at 8024DB6C (length = C bytes)
$ASCII_pit_43_Literal will be placed at 8024DB78 (length = C bytes)
$ASCII_pit_28_Literal will be placed at 8024DB84 (length = C bytes)
$ASCII_pit_78_Literal will be placed at 8024DB90 (length = C bytes)
$ASCII_pit_63_Literal will be placed at 8024DB9C (length = C bytes)
$ASCII_pit_46_Literal will be placed at 8024DBA8 (length = C bytes)
$ASCII_pit_95_Literal will be placed at 8024DBB4 (length = C bytes)
$ASCII_pit_16_Literal will be placed at 8024DBC0 (length = C bytes)
$ASCII_pit_37_Literal will be placed at 8024DBCC (length = C bytes)
$ASCII_pit_22_Literal will be placed at 8024DBD8 (length = C bytes)
$ASCII_pit_05_Literal will be placed at 8024DBE4 (length = C bytes)
$ASCII_pit_25_Literal will be placed at 8024DBF0 (length = C bytes)
$ASCII_pit_54_Literal will be placed at 8024DBFC (length = C bytes)
$ASCII_pit_08_Literal will be placed at 8024DC08 (length = C bytes)
$ASCII_pit_87_Literal will be placed at 8024DC14 (length = C bytes)
$ASCII_pit_75_Literal will be placed at 8024DC20 (length = C bytes)
$ASCII_pit_13_Literal will be placed at 8024DC2C (length = C bytes)
$ASCII_pit_32_Literal will be placed at 8024DC38 (length = C bytes)
$ASCII_pit_92_Literal will be placed at 8024DC44 (length = C bytes)
$ASCII_pit_17_Literal will be placed at 8024DC50 (length = C bytes)
$ASCII_pit_49_Literal will be placed at 8024DC5C (length = C bytes)
$ASCII_pit_77_Literal will be placed at 8024DC68 (length = C bytes)
$ASCII_pit_96_Literal will be placed at 8024DC74 (length = C bytes)
$ASCII_pit_68_Literal will be placed at 8024DC80 (length = C bytes)
$ASCII_pit_51_Literal will be placed at 8024DC8C (length = C bytes)
$ASCII_pit_04_Literal will be placed at 8024DC98 (length = C bytes)
$ASCII_pit_83_Literal will be placed at 8024DCA4 (length = C bytes)
$ASCII_pit_86_Literal will be placed at 8024DCB0 (length = C bytes)
$ASCII_pit_26_Literal will be placed at 8024DCBC (length = C bytes)
$ASCII_pit_41_Literal will be placed at 8024DCC8 (length = C bytes)
$ASCII_pit_14_Literal will be placed at 8024DCD4 (length = C bytes)
$ASCII_pit_74_Literal will be placed at 8024DCE0 (length = C bytes)
$ASCII_pit_60_Literal will be placed at 8024DCEC (length = C bytes)
$ASCII_pit_59_Literal will be placed at 8024DCF8 (length = C bytes)
$ASCII_pit_93_Literal will be placed at 8024DD04 (length = C bytes)
$ASCII_pit_65_Literal will be placed at 8024DD10 (length = C bytes)
$ASCII_pit_07_Literal will be placed at 8024DD1C (length = C bytes)
$ASCII_pit_20_Literal will be placed at 8024DD28 (length = C bytes)
$ASCII_pit_35_Literal will be placed at 8024DD34 (length = C bytes)
$ASCII_pit_23_Literal will be placed at 8024DD40 (length = C bytes)
$ASCII_pit_11_Literal will be placed at 8024DD4C (length = C bytes)
$ASCII_pit_56_Literal will be placed at 8024DD58 (length = C bytes)
$ASCII_pit_44_Literal will be placed at 8024DD64 (length = C bytes)
$ASCII_pit_89_Literal will be placed at 8024DD70 (length = C bytes)
$ASCII_pit_79_Literal will be placed at 8024DD7C (length = C bytes)
$ASCII_pit_62_Literal will be placed at 8024DD88 (length = C bytes)
$ASCII_pit_94_Literal will be placed at 8024DD94 (length = C bytes)
$ASCII_pit_47_Literal will be placed at 8024DDA0 (length = C bytes)
$ASCII_pit_21_Literal will be placed at 8024DDAC (length = C bytes)
$ASCII_pit_06_Literal will be placed at 8024DDB8 (length = C bytes)
$ASCII_pit_53_Literal will be placed at 8024DDC4 (length = C bytes)
$ASCII_pit_09_Literal will be placed at 8024DDD0 (length = C bytes)
$ASCII_pit_88_Literal will be placed at 8024DDDC (length = C bytes)
$ASCII_pit_38_Literal will be placed at 8024DDE8 (length = C bytes)
$ASCII_pit_24_Literal will be placed at 8024DDF4 (length = C bytes)
$ASCII_pit_12_Literal will be placed at 8024DE00 (length = C bytes)
$ASCII_pit_76_Literal will be placed at 8024DE0C (length = C bytes)
$ASCII_pit_01_Literal will be placed at 8024DE18 (length = C bytes)
$ASCII_pit_50_Literal will be placed at 8024DE24 (length = C bytes)
$ASCII_pit_33_Literal will be placed at 8024DE30 (length = C bytes)
$ASCII_pit_99_Literal will be placed at 8024DE3C (length = C bytes)
$ASCII_pit_67_Literal will be placed at 8024DE48 (length = C bytes)
$ASCII_pit_71_Literal will be placed at 8024DE54 (length = C bytes)
$ASCII_pit_42_Literal will be placed at 8024DE60 (length = C bytes)
$ASCII_pit_80_Literal will be placed at 8024DE6C (length = C bytes)
$ASCII_pit_29_Literal will be placed at 8024DE78 (length = C bytes)
$ASCII_pit_58_Literal will be placed at 8024DE84 (length = C bytes)
$ASCII_pit_30_Literal will be placed at 8024DE90 (length = C bytes)
$ASCII_pit_00_Literal will be placed at 8024DE9C (length = C bytes)
$ASCII_pit_64_Literal will be placed at 8024DEA8 (length = C bytes)
$ASCII_pit_36_Literal will be placed at 8024DEB4 (length = C bytes)
$ASCII_pit_55_Literal will be placed at 8024DEC0 (length = C bytes)
$ASCII_pit_10_Literal will be placed at 8024DECC (length = C bytes)
$ASCII_pit_45_Literal will be placed at 8024DED8 (length = C bytes)
$ASCII_pit_18_Literal will be placed at 8024DEE4 (length = C bytes)
$ASCII_pit_48_Literal will be placed at 8024DEF0 (length = C bytes)
$ASCII_pit_03_Literal will be placed at 8024DEFC (length = C bytes)
$ASCII_pit_31_Literal will be placed at 8024DF08 (length = C bytes)
$ASCII_pit_91_Literal will be placed at 8024DF14 (length = C bytes)
$ASCII_pit_97_Literal will be placed at 8024DF20 (length = C bytes)
$ASCII_pit_82_Literal will be placed at 8024DF2C (length = C bytes)
$ASCII_pit_52_Literal will be placed at 8024DF38 (length = C bytes)
$ASCII_pit_70_Literal will be placed at 8024DF44 (length = C bytes)
$ASCII_pit_85_Literal will be placed at 8024DF50 (length = C bytes)
$ASCII_pit_40_Literal will be placed at 8024DF5C (length = C bytes)
$ASCII_pit_39_Literal will be placed at 8024DF68 (length = C bytes)
$ASCII_pit_73_Literal will be placed at 8024DF74 (length = C bytes)
$ASCII_pit_15_Literal will be placed at 8024DF80 (length = C bytes)
$ASCII_pit_27_Literal will be placed at 8024DF8C (length = C bytes)
$ASCII_pit_61_Literal will be placed at 8024DF98 (length = C bytes)
$ConstDouble_80243448 will be placed at 8024DFA4 (length = 8 bytes)
$ConstDouble_80243440 will be placed at 8024DFAC (length = 8 bytes)
$ASCII_pit_842_Literal will be placed at 8024DFB4 (length = 8 bytes)
$ConstDouble_80243450 will be placed at 8024DFBC (length = 8 bytes)
$ASCII_pit_100_Literal will be placed at 8024DFC4 (length = 8 bytes)
$ASCII_tik_tex_Literal will be placed at 8024DFCC (length = 8 bytes)
$MoverCancel will be placed at 8024DFD4 (length = 4 bytes)
$BanditMoverCancel will be placed at 8024DFD8 (length = 4 bytes)
Executing patch: pit_29.mpat
Loaded map pit_01
Creating struct: $EntryList
Creating struct: $DeepestLevel
Creating struct: $TotalLevels
Creating struct: $LoadHighscores
Creating struct: $FallingDownPipe
Creating struct: $Function_GetPos
Creating struct: $Function2
Creating struct: $SetSpawns
Creating struct: $Script_SetNPCPos
Creating struct: $SwitchPath
Creating struct: $VectorList_80244998
Creating struct: $GetPos
Creating struct: $Function_GetDamageTaken
Creating struct: $Function_ResetDamage
Creating struct: $DispawnParthner
Creating struct: $RespawnParthner
Creating struct: $LoadMap
Creating struct: $Script_LoadMapMover_Roguelike
Creating struct: $GetFloor
Creating struct: $LoadCoinsMover
Creating struct: $LoadMapBandit
Creating struct: $GetFloorBandit
Creating struct: $Script_Init_80243B20
Creating struct: $Script_80243A6C
Creating struct: $Script_AddCoins
Creating struct: $Script_SubstractCoins
Creating struct: $NPC_Settings_Sack
Creating struct: $Script_Init_Bag
Creating struct: $Script_Init_Bag_HitBox
Creating struct: $Script_NPC_SackHit_Init
Creating struct: $Script_NPC_Sack_FX
Creating struct: $NPC_Sack_AnimationStart
Creating struct: $NPC_Sack_AnimationEnd
Creating struct: $Script_SackAnimation_Start_GoToTheRight
Creating struct: $Script_SackAnimation_Start_GoToTheLeft
Creating struct: $Script_SackAnimation_End_Right
Creating struct: $Script_SackAnimation_End_Left
Creating struct: $Function_LoadGainedCoins
Creating struct: $Function_RevivePlayer
Creating struct: $AISettings_MoneySack
Creating struct: $Script_NpcAI_MoneySack
Creating struct: $JumpTable_80242448
Creating struct: $Function_NpcAI_MoneySack
Creating struct: $Function_80240260
Creating struct: $Function_80240844
Creating struct: $Function_802409A8
Creating struct: $Script_TrackPlayer
Creating struct: $Script_PipeAnimation
Creating struct: $Function_SetAnimation
Creating struct: $Function_GetColliderPos
Creating struct: $Function_TrackInput
Creating struct: $GoToNextLevel
Creating struct: $GoToNextLevel_Roguelike
Creating struct: $Script_SetSetsOfLevels
Creating struct: $Script_LoadMap_Roguelike
Creating struct: $Script_LoadChestMap_Roguelike
Creating struct: $Script_LoadMap_Mover_Roguelike
Creating struct: $Script_LoadChestMap_Mover_Roguelike
Creating struct: $GetFloorPit
Creating struct: $GetFloorSign
Creating struct: $Function_GetTattle1
Creating struct: $Function_GetTattle2
Creating struct: $Script_ReadSign
Creating struct: $Header
Creating struct: $Function_Init
Creating struct: $Script_Main
Creating struct: $NpcGroups
Creating struct: $NpcGroup_Mover
Creating struct: $BlankSettings
Creating struct: $Script_Init_Mover
Creating struct: $Interact_Mover
Creating struct: $Script_MoverWarpAnimation
Creating struct: $NpcGroup_BanditMover
Creating struct: $Script_Init_BanditMover
Creating struct: $Interact_BanditMover
Creating struct: $NpcGroup_Enemy1
Creating struct: $NpcGroup_Enemy2
Creating struct: $NpcGroup_Enemy3
Creating struct: $NpcGroup_Enemy4
Creating struct: $NpcGroup_Enemy5
Creating struct: $NpcGroup_Enemy6
Creating struct: $NpcSettings_Enemy1
Creating struct: $Script_EnemyAI
Creating struct: $AISettings_Enemy
Creating struct: $ConstDouble_80241AE0
Creating struct: $ConstDouble_80241AE8
Creating struct: $ConstDouble_80241AF0
Creating struct: $ConstDouble_80241AF8
Creating struct: $ConstDouble_80241B00
Creating struct: $JumpTable_80241B08
Creating struct: $Function_80240C90
Creating struct: $Function_80240000
Creating struct: $Function_80240160
Creating struct: $Function_802401D4
Creating struct: $Function_80240304
Creating struct: $Function_802403A0
Creating struct: $Function_80240428
Creating struct: $Function_802404D0
Creating struct: $Function_80240644
Creating struct: $Function_80240694
Creating struct: $Function_80240834
Creating struct: $Function_80240984
Creating struct: $Function_80240A30
Creating struct: $Function_80240B68
Creating struct: $Function_80240BE4
Creating struct: $Function_80240C4C
Creating struct: $Script_DisableEnemyAI
Creating struct: $AISettings_DisableEnemy
Creating struct: $PipeSpawning
Creating struct: $Script_MakeEntities
Creating struct: $CommingDownPipe
Creating struct: $Script_MakeExits
Creating struct: $Script_Exit0
Merged 1 regions to 1
$Script_LoadMap_Mover_Roguelike will be placed at 80240000 (length = F14 bytes)
$LoadMap will be placed at 80240F14 (length = EF4 bytes)
$Script_ReadSign will be placed at 80241E08 (length = EEC bytes)
$LoadMapBandit will be placed at 80242CF4 (length = EA4 bytes)
$Script_LoadMap_Roguelike will be placed at 80243B98 (length = D9C bytes)
$GoToNextLevel will be placed at 80244934 (length = D10 bytes)
$GoToNextLevel_Roguelike will be placed at 80245644 (length = 868 bytes)
$Function_80240260 will be placed at 80245EAC (length = 5E4 bytes)
$SetSpawns will be placed at 80246490 (length = 384 bytes)
$FallingDownPipe will be placed at 80246814 (length = 37C bytes)
$Script_SetSetsOfLevels will be placed at 80246B90 (length = 358 bytes)
$Function_80240C90 will be placed at 80246EE8 (length = 350 bytes)
$Script_SetNPCPos will be placed at 80247238 (length = 2F4 bytes)
$Function_NpcAI_MoneySack will be placed at 8024752C (length = 238 bytes)
$Script_SackAnimation_Start_GoToTheRight will be placed at 80247764 (length = 230 bytes)
$Script_SackAnimation_Start_GoToTheLeft will be placed at 80247994 (length = 1F8 bytes)
$Interact_Mover will be placed at 80247B8C (length = 1F8 bytes)
$NpcGroup_Enemy3 will be placed at 80247D84 (length = 1F0 bytes)
$NpcGroup_Enemy4 will be placed at 80247F74 (length = 1F0 bytes)
$NpcGroup_Enemy5 will be placed at 80248164 (length = 1F0 bytes)
$NpcGroup_Enemy6 will be placed at 80248354 (length = 1F0 bytes)
$NpcGroup_Enemy1 will be placed at 80248544 (length = 1F0 bytes)
$NpcGroup_Enemy2 will be placed at 80248734 (length = 1F0 bytes)
$NpcGroup_Mover will be placed at 80248924 (length = 1F0 bytes)
$NpcGroup_BanditMover will be placed at 80248B14 (length = 1F0 bytes)
$Interact_BanditMover will be placed at 80248D04 (length = 1EC bytes)
$Script_PipeAnimation will be placed at 80248EF0 (length = 1D0 bytes)
$Function_80240694 will be placed at 802490C0 (length = 1A4 bytes)
$JumpTable_80242448 will be placed at 80249264 (length = 190 bytes)
$Script_LoadChestMap_Mover_Roguelike will be placed at 802493F4 (length = 18C bytes)
$PipeSpawning will be placed at 80249580 (length = 178 bytes)
$Function_802404D0 will be placed at 802496F8 (length = 174 bytes)
$Function_80240000 will be placed at 8024986C (length = 168 bytes)
$NPC_Sack_AnimationStart will be placed at 802499D4 (length = 168 bytes)
$Function_80240844 will be placed at 80249B3C (length = 164 bytes)
$Script_LoadChestMap_Roguelike will be placed at 80249CA0 (length = 164 bytes)
$Script_NPC_SackHit_Init will be placed at 80249E04 (length = 160 bytes)
$Script_SackAnimation_End_Right will be placed at 80249F64 (length = 158 bytes)
$Script_SackAnimation_End_Left will be placed at 8024A0BC (length = 150 bytes)
$Function_80240834 will be placed at 8024A20C (length = 150 bytes)
$MapTattle5 will be placed at 8024A35C (length = 13C bytes)
$Function_80240A30 will be placed at 8024A498 (length = 138 bytes)
$Function_802401D4 will be placed at 8024A5D0 (length = 134 bytes)
$MapTattle4 will be placed at 8024A704 (length = 130 bytes)
$GetFloor will be placed at 8024A834 (length = 12C bytes)
$BanditMover_Tattle will be placed at 8024A960 (length = 124 bytes)
$Script_Main will be placed at 8024AA84 (length = 120 bytes)
$Script_80243A6C will be placed at 8024ABA4 (length = 114 bytes)
$Script_SubstractCoins will be placed at 8024ACB8 (length = 10C bytes)
$Script_LoadMapMover_Roguelike will be placed at 8024ADC4 (length = 104 bytes)
$GetFloorBandit will be placed at 8024AEC8 (length = F4 bytes)
$Script_MoverWarpAnimation will be placed at 8024AFBC (length = F0 bytes)
$Function_GetColliderPos will be placed at 8024B0AC (length = E0 bytes)
$Function_GetPos will be placed at 8024B18C (length = E0 bytes)
$Script_TrackPlayer will be placed at 8024B26C (length = DC bytes)
$JumpTable_80241B08 will be placed at 8024B348 (length = D4 bytes)
$MapTattle2 will be placed at 8024B41C (length = D4 bytes)
$Function_TrackInput will be placed at 8024B4F0 (length = BC bytes)
$MapTattle3 will be placed at 8024B5AC (length = B0 bytes)
$Function_80240984 will be placed at 8024B65C (length = AC bytes)
$Script_MakeEntities will be placed at 8024B708 (length = A8 bytes)
$MapTattle1 will be placed at 8024B7B0 (length = A8 bytes)
$Script_NpcAI_MoneySack will be placed at 8024B858 (length = A8 bytes)
$Function_80240428 will be placed at 8024B900 (length = A8 bytes)
$MoverStart will be placed at 8024B9A8 (length = A4 bytes)
$SwitchPath will be placed at 8024BA4C (length = A4 bytes)
$Script_NPC_Sack_FX will be placed at 8024BAF0 (length = A4 bytes)
$GetPos will be placed at 8024BB94 (length = 9C bytes)
$Function_80240304 will be placed at 8024BC30 (length = 9C bytes)
$Script_AddCoins will be placed at 8024BCCC (length = 98 bytes)
$BanditMoverStart will be placed at 8024BD64 (length = 98 bytes)
$Mover_Tattle will be placed at 8024BDFC (length = 94 bytes)
$Function_GetTattle1 will be placed at 8024BE90 (length = 8C bytes)
$Function_802403A0 will be placed at 8024BF1C (length = 88 bytes)
$NPC_Sack_AnimationEnd will be placed at 8024BFA4 (length = 84 bytes)
$BanditMover_Options will be placed at 8024C028 (length = 80 bytes)
$SignStringBug will be placed at 8024C0A8 (length = 7C bytes)
$Function_80240B68 will be placed at 8024C124 (length = 7C bytes)
$LoadHighscores will be placed at 8024C1A0 (length = 7C bytes)
$Mover_Options will be placed at 8024C21C (length = 78 bytes)
$Function_80240160 will be placed at 8024C294 (length = 74 bytes)
$NpcGroups will be placed at 8024C308 (length = 6C bytes)
$DeepestLevel will be placed at 8024C374 (length = 6C bytes)
$Function2 will be placed at 8024C3E0 (length = 6C bytes)
$LoadCoinsMover will be placed at 8024C44C (length = 6C bytes)
$Function_SetAnimation will be placed at 8024C4B8 (length = 6C bytes)
$GetFloorPit will be placed at 8024C524 (length = 68 bytes)
$Function_80240BE4 will be placed at 8024C58C (length = 68 bytes)
$MoverEnd will be placed at 8024C5F4 (length = 68 bytes)
$BanditMoverEnd will be placed at 8024C65C (length = 68 bytes)
$GetFloorSign will be placed at 8024C6C4 (length = 64 bytes)
$BanditMoverNoCoins will be placed at 8024C728 (length = 58 bytes)
$MoverNoCoins will be placed at 8024C780 (length = 58 bytes)
$Function_80240644 will be placed at 8024C7D8 (length = 50 bytes)
$Function_GetTattle2 will be placed at 8024C828 (length = 48 bytes)
$CommingDownPipe will be placed at 8024C870 (length = 48 bytes)
$Script_Exit0 will be placed at 8024C8B8 (length = 48 bytes)
$Function_LoadGainedCoins will be placed at 8024C900 (length = 48 bytes)
$Function_Init will be placed at 8024C948 (length = 44 bytes)
$Function_802409A8 will be placed at 8024C98C (length = 44 bytes)
$Function_80240C4C will be placed at 8024C9D0 (length = 44 bytes)
$Header will be placed at 8024CA14 (length = 40 bytes)
$Script_Init_Bag will be placed at 8024CA54 (length = 38 bytes)
$TotalLevels will be placed at 8024CA8C (length = 38 bytes)
$Script_Init_Bag_HitBox will be placed at 8024CAC4 (length = 38 bytes)
$DispawnParthner will be placed at 8024CAFC (length = 34 bytes)
$Function_ResetDamage will be placed at 8024CB30 (length = 34 bytes)
$AISettings_MoneySack will be placed at 8024CB64 (length = 30 bytes)
$AISettings_Enemy will be placed at 8024CB94 (length = 30 bytes)
$AISettings_DisableEnemy will be placed at 8024CBC4 (length = 30 bytes)
$RespawnParthner will be placed at 8024CBF4 (length = 30 bytes)
$NPC_Settings_Sack will be placed at 8024CC24 (length = 2C bytes)
$Function_GetDamageTaken will be placed at 8024CC50 (length = 2C bytes)
$NpcSettings_Enemy1 will be placed at 8024CC7C (length = 2C bytes)
$Function_RevivePlayer will be placed at 8024CCA8 (length = 2C bytes)
$String_CoinsGained will be placed at 8024CCD4 (length = 2C bytes)
$BlankSettings will be placed at 8024CD00 (length = 2C bytes)
$Script_MakeExits will be placed at 8024CD2C (length = 2C bytes)
$VectorList_80244998 will be placed at 8024CD58 (length = 24 bytes)
$Script_Init_80243B20 will be placed at 8024CD7C (length = 24 bytes)
$Script_Init_Mover will be placed at 8024CDA0 (length = 24 bytes)
$Script_Init_BanditMover will be placed at 8024CDC4 (length = 24 bytes)
$Script_EnemyAI will be placed at 8024CDE8 (length = 24 bytes)
$Script_DisableEnemyAI will be placed at 8024CE0C (length = 20 bytes)
$EntryList will be placed at 8024CE2C (length = 20 bytes)
$SignString100 will be placed at 8024CE4C (length = 18 bytes)
$SignString1 will be placed at 8024CE64 (length = 14 bytes)
$SignString99 will be placed at 8024CE78 (length = 14 bytes)
$SignString98 will be placed at 8024CE8C (length = 14 bytes)
$SignString97 will be placed at 8024CEA0 (length = 14 bytes)
$SignString96 will be placed at 8024CEB4 (length = 14 bytes)
$SignString95 will be placed at 8024CEC8 (length = 14 bytes)
$SignString94 will be placed at 8024CEDC (length = 14 bytes)
$SignString93 will be placed at 8024CEF0 (length = 14 bytes)
$SignString92 will be placed at 8024CF04 (length = 14 bytes)
$SignString91 will be placed at 8024CF18 (length = 14 bytes)
$SignString90 will be placed at 8024CF2C (length = 14 bytes)
$SignString59 will be placed at 8024CF40 (length = 14 bytes)
$SignString58 will be placed at 8024CF54 (length = 14 bytes)
$SignString57 will be placed at 8024CF68 (length = 14 bytes)
$SignString56 will be placed at 8024CF7C (length = 14 bytes)
$SignString55 will be placed at 8024CF90 (length = 14 bytes)
$SignString54 will be placed at 8024CFA4 (length = 14 bytes)
$SignString53 will be placed at 8024CFB8 (length = 14 bytes)
$SignString52 will be placed at 8024CFCC (length = 14 bytes)
$SignString51 will be placed at 8024CFE0 (length = 14 bytes)
$SignString50 will be placed at 8024CFF4 (length = 14 bytes)
$SignString69 will be placed at 8024D008 (length = 14 bytes)
$SignString68 will be placed at 8024D01C (length = 14 bytes)
$SignString67 will be placed at 8024D030 (length = 14 bytes)
$SignString66 will be placed at 8024D044 (length = 14 bytes)
$SignString65 will be placed at 8024D058 (length = 14 bytes)
$SignString64 will be placed at 8024D06C (length = 14 bytes)
$SignString63 will be placed at 8024D080 (length = 14 bytes)
$SignString62 will be placed at 8024D094 (length = 14 bytes)
$SignString61 will be placed at 8024D0A8 (length = 14 bytes)
$SignString60 will be placed at 8024D0BC (length = 14 bytes)
$SignString79 will be placed at 8024D0D0 (length = 14 bytes)
$SignString78 will be placed at 8024D0E4 (length = 14 bytes)
$SignString77 will be placed at 8024D0F8 (length = 14 bytes)
$SignString76 will be placed at 8024D10C (length = 14 bytes)
$SignString75 will be placed at 8024D120 (length = 14 bytes)
$SignString74 will be placed at 8024D134 (length = 14 bytes)
$SignString73 will be placed at 8024D148 (length = 14 bytes)
$SignString72 will be placed at 8024D15C (length = 14 bytes)
$SignString71 will be placed at 8024D170 (length = 14 bytes)
$SignString70 will be placed at 8024D184 (length = 14 bytes)
$SignString89 will be placed at 8024D198 (length = 14 bytes)
$SignString88 will be placed at 8024D1AC (length = 14 bytes)
$SignString87 will be placed at 8024D1C0 (length = 14 bytes)
$SignString86 will be placed at 8024D1D4 (length = 14 bytes)
$SignString85 will be placed at 8024D1E8 (length = 14 bytes)
$SignString84 will be placed at 8024D1FC (length = 14 bytes)
$SignString83 will be placed at 8024D210 (length = 14 bytes)
$SignString82 will be placed at 8024D224 (length = 14 bytes)
$SignString81 will be placed at 8024D238 (length = 14 bytes)
$SignString80 will be placed at 8024D24C (length = 14 bytes)
$SignString19 will be placed at 8024D260 (length = 14 bytes)
$SignString18 will be placed at 8024D274 (length = 14 bytes)
$SignString17 will be placed at 8024D288 (length = 14 bytes)
$SignString16 will be placed at 8024D29C (length = 14 bytes)
$SignString15 will be placed at 8024D2B0 (length = 14 bytes)
$SignString14 will be placed at 8024D2C4 (length = 14 bytes)
$SignString13 will be placed at 8024D2D8 (length = 14 bytes)
$SignString12 will be placed at 8024D2EC (length = 14 bytes)
$SignString11 will be placed at 8024D300 (length = 14 bytes)
$SignString10 will be placed at 8024D314 (length = 14 bytes)
$SignString3 will be placed at 8024D328 (length = 14 bytes)
$SignString2 will be placed at 8024D33C (length = 14 bytes)
$SignString5 will be placed at 8024D350 (length = 14 bytes)
$SignString4 will be placed at 8024D364 (length = 14 bytes)
$SignString7 will be placed at 8024D378 (length = 14 bytes)
$SignString6 will be placed at 8024D38C (length = 14 bytes)
$SignString9 will be placed at 8024D3A0 (length = 14 bytes)
$SignString8 will be placed at 8024D3B4 (length = 14 bytes)
$SignString29 will be placed at 8024D3C8 (length = 14 bytes)
$SignString28 will be placed at 8024D3DC (length = 14 bytes)
$SignString27 will be placed at 8024D3F0 (length = 14 bytes)
$SignString26 will be placed at 8024D404 (length = 14 bytes)
$SignString25 will be placed at 8024D418 (length = 14 bytes)
$SignString24 will be placed at 8024D42C (length = 14 bytes)
$SignString23 will be placed at 8024D440 (length = 14 bytes)
$SignString22 will be placed at 8024D454 (length = 14 bytes)
$SignString21 will be placed at 8024D468 (length = 14 bytes)
$SignString20 will be placed at 8024D47C (length = 14 bytes)
$SignString will be placed at 8024D490 (length = 14 bytes)
$SignString39 will be placed at 8024D4A4 (length = 14 bytes)
$SignString38 will be placed at 8024D4B8 (length = 14 bytes)
$SignString37 will be placed at 8024D4CC (length = 14 bytes)
$SignString36 will be placed at 8024D4E0 (length = 14 bytes)
$SignString35 will be placed at 8024D4F4 (length = 14 bytes)
$SignString34 will be placed at 8024D508 (length = 14 bytes)
$SignString33 will be placed at 8024D51C (length = 14 bytes)
$SignString32 will be placed at 8024D530 (length = 14 bytes)
$SignString31 will be placed at 8024D544 (length = 14 bytes)
$SignString30 will be placed at 8024D558 (length = 14 bytes)
$SignString49 will be placed at 8024D56C (length = 14 bytes)
$SignString48 will be placed at 8024D580 (length = 14 bytes)
$SignString47 will be placed at 8024D594 (length = 14 bytes)
$SignString46 will be placed at 8024D5A8 (length = 14 bytes)
$SignString45 will be placed at 8024D5BC (length = 14 bytes)
$SignString44 will be placed at 8024D5D0 (length = 14 bytes)
$SignString43 will be placed at 8024D5E4 (length = 14 bytes)
$SignString42 will be placed at 8024D5F8 (length = 14 bytes)
$SignString41 will be placed at 8024D60C (length = 14 bytes)
$SignString40 will be placed at 8024D620 (length = 14 bytes)
$ASCII_pit_02_Literal will be placed at 8024D634 (length = C bytes)
$ASCII_pit_90_Literal will be placed at 8024D640 (length = C bytes)
$ASCII_pit_34_Literal will be placed at 8024D64C (length = C bytes)
$ASCII_pit_66_Literal will be placed at 8024D658 (length = C bytes)
$ASCII_pit_98_Literal will be placed at 8024D664 (length = C bytes)
$ASCII_pit_19_Literal will be placed at 8024D670 (length = C bytes)
$ASCII_pit_57_Literal will be placed at 8024D67C (length = C bytes)
$ASCII_pit_69_Literal will be placed at 8024D688 (length = C bytes)
$ASCII_pit_72_Literal will be placed at 8024D694 (length = C bytes)
$ASCII_pit_81_Literal will be placed at 8024D6A0 (length = C bytes)
$ASCII_pit_43_Literal will be placed at 8024D6AC (length = C bytes)
$ASCII_pit_28_Literal will be placed at 8024D6B8 (length = C bytes)
$ASCII_pit_78_Literal will be placed at 8024D6C4 (length = C bytes)
$ASCII_pit_63_Literal will be placed at 8024D6D0 (length = C bytes)
$ASCII_pit_46_Literal will be placed at 8024D6DC (length = C bytes)
$ASCII_pit_95_Literal will be placed at 8024D6E8 (length = C bytes)
$ASCII_pit_16_Literal will be placed at 8024D6F4 (length = C bytes)
$ASCII_pit_37_Literal will be placed at 8024D700 (length = C bytes)
$ASCII_pit_22_Literal will be placed at 8024D70C (length = C bytes)
$ASCII_pit_05_Literal will be placed at 8024D718 (length = C bytes)
$ASCII_pit_25_Literal will be placed at 8024D724 (length = C bytes)
$ASCII_pit_54_Literal will be placed at 8024D730 (length = C bytes)
$ASCII_pit_08_Literal will be placed at 8024D73C (length = C bytes)
$ASCII_pit_87_Literal will be placed at 8024D748 (length = C bytes)
$ASCII_pit_75_Literal will be placed at 8024D754 (length = C bytes)
$ASCII_pit_13_Literal will be placed at 8024D760 (length = C bytes)
$ASCII_pit_32_Literal will be placed at 8024D76C (length = C bytes)
$ASCII_pit_92_Literal will be placed at 8024D778 (length = C bytes)
$ASCII_pit_17_Literal will be placed at 8024D784 (length = C bytes)
$ASCII_pit_49_Literal will be placed at 8024D790 (length = C bytes)
$ASCII_pit_77_Literal will be placed at 8024D79C (length = C bytes)
$ASCII_pit_96_Literal will be placed at 8024D7A8 (length = C bytes)
$ASCII_pit_68_Literal will be placed at 8024D7B4 (length = C bytes)
$ASCII_pit_51_Literal will be placed at 8024D7C0 (length = C bytes)
$ASCII_pit_04_Literal will be placed at 8024D7CC (length = C bytes)
$ASCII_pit_83_Literal will be placed at 8024D7D8 (length = C bytes)
$ASCII_pit_86_Literal will be placed at 8024D7E4 (length = C bytes)
$ASCII_pit_26_Literal will be placed at 8024D7F0 (length = C bytes)
$ASCII_pit_41_Literal will be placed at 8024D7FC (length = C bytes)
$ASCII_pit_14_Literal will be placed at 8024D808 (length = C bytes)
$ASCII_pit_74_Literal will be placed at 8024D814 (length = C bytes)
$ASCII_pit_60_Literal will be placed at 8024D820 (length = C bytes)
$ASCII_pit_59_Literal will be placed at 8024D82C (length = C bytes)
$ASCII_pit_93_Literal will be placed at 8024D838 (length = C bytes)
$ASCII_pit_65_Literal will be placed at 8024D844 (length = C bytes)
$ASCII_pit_07_Literal will be placed at 8024D850 (length = C bytes)
$ASCII_pit_20_Literal will be placed at 8024D85C (length = C bytes)
$ASCII_pit_35_Literal will be placed at 8024D868 (length = C bytes)
$ASCII_pit_23_Literal will be placed at 8024D874 (length = C bytes)
$ASCII_pit_11_Literal will be placed at 8024D880 (length = C bytes)
$ASCII_pit_56_Literal will be placed at 8024D88C (length = C bytes)
$ASCII_pit_44_Literal will be placed at 8024D898 (length = C bytes)
$ASCII_pit_89_Literal will be placed at 8024D8A4 (length = C bytes)
$ASCII_pit_79_Literal will be placed at 8024D8B0 (length = C bytes)
$ASCII_pit_62_Literal will be placed at 8024D8BC (length = C bytes)
$ASCII_pit_94_Literal will be placed at 8024D8C8 (length = C bytes)
$ASCII_pit_47_Literal will be placed at 8024D8D4 (length = C bytes)
$ASCII_pit_21_Literal will be placed at 8024D8E0 (length = C bytes)
$ASCII_pit_06_Literal will be placed at 8024D8EC (length = C bytes)
$ASCII_pit_53_Literal will be placed at 8024D8F8 (length = C bytes)
$ASCII_pit_09_Literal will be placed at 8024D904 (length = C bytes)
$ASCII_pit_88_Literal will be placed at 8024D910 (length = C bytes)
$ASCII_pit_38_Literal will be placed at 8024D91C (length = C bytes)
$ASCII_pit_24_Literal will be placed at 8024D928 (length = C bytes)
$ASCII_pit_12_Literal will be placed at 8024D934 (length = C bytes)
$ASCII_pit_76_Literal will be placed at 8024D940 (length = C bytes)
$ASCII_pit_01_Literal will be placed at 8024D94C (length = C bytes)
$ASCII_pit_50_Literal will be placed at 8024D958 (length = C bytes)
$ASCII_pit_33_Literal will be placed at 8024D964 (length = C bytes)
$ASCII_pit_99_Literal will be placed at 8024D970 (length = C bytes)
$ASCII_pit_67_Literal will be placed at 8024D97C (length = C bytes)
$ASCII_pit_71_Literal will be placed at 8024D988 (length = C bytes)
$ASCII_pit_42_Literal will be placed at 8024D994 (length = C bytes)
$ASCII_pit_80_Literal will be placed at 8024D9A0 (length = C bytes)
$ASCII_pit_29_Literal will be placed at 8024D9AC (length = C bytes)
$ASCII_pit_58_Literal will be placed at 8024D9B8 (length = C bytes)
$ASCII_pit_30_Literal will be placed at 8024D9C4 (length = C bytes)
$ASCII_pit_00_Literal will be placed at 8024D9D0 (length = C bytes)
$ASCII_pit_64_Literal will be placed at 8024D9DC (length = C bytes)
$ASCII_pit_36_Literal will be placed at 8024D9E8 (length = C bytes)
$ASCII_pit_55_Literal will be placed at 8024D9F4 (length = C bytes)
$ASCII_pit_10_Literal will be placed at 8024DA00 (length = C bytes)
$ASCII_pit_45_Literal will be placed at 8024DA0C (length = C bytes)
$ASCII_pit_18_Literal will be placed at 8024DA18 (length = C bytes)
$ASCII_pit_48_Literal will be placed at 8024DA24 (length = C bytes)
$ASCII_pit_03_Literal will be placed at 8024DA30 (length = C bytes)
$ASCII_pit_31_Literal will be placed at 8024DA3C (length = C bytes)
$ASCII_pit_91_Literal will be placed at 8024DA48 (length = C bytes)
$ASCII_pit_97_Literal will be placed at 8024DA54 (length = C bytes)
$ASCII_pit_82_Literal will be placed at 8024DA60 (length = C bytes)
$ASCII_pit_52_Literal will be placed at 8024DA6C (length = C bytes)
$ASCII_pit_70_Literal will be placed at 8024DA78 (length = C bytes)
$ASCII_pit_85_Literal will be placed at 8024DA84 (length = C bytes)
$ASCII_pit_40_Literal will be placed at 8024DA90 (length = C bytes)
$ASCII_pit_39_Literal will be placed at 8024DA9C (length = C bytes)
$ASCII_pit_73_Literal will be placed at 8024DAA8 (length = C bytes)
$ASCII_pit_15_Literal will be placed at 8024DAB4 (length = C bytes)
$ASCII_pit_27_Literal will be placed at 8024DAC0 (length = C bytes)
$ASCII_pit_61_Literal will be placed at 8024DACC (length = C bytes)
$ConstDouble_80241B00 will be placed at 8024DAD8 (length = 8 bytes)
$ConstDouble_80241AF0 will be placed at 8024DAE0 (length = 8 bytes)
$ConstDouble_80241AF8 will be placed at 8024DAE8 (length = 8 bytes)
$ASCII_pit_842_Literal will be placed at 8024DAF0 (length = 8 bytes)
$ConstDouble_80241AE0 will be placed at 8024DAF8 (length = 8 bytes)
$ConstDouble_80241AE8 will be placed at 8024DB00 (length = 8 bytes)
$ASCII_pit_100_Literal will be placed at 8024DB08 (length = 8 bytes)
$ASCII_tik_tex_Literal will be placed at 8024DB10 (length = 8 bytes)
$MoverCancel will be placed at 8024DB18 (length = 4 bytes)
$BanditMoverCancel will be placed at 8024DB1C (length = 4 bytes)
Executing patch: pit_30.mpat
Loaded map pit_30
Creating struct: $EntryList
Creating struct: $DeepestLevel
Creating struct: $TotalLevels
Creating struct: $LoadHighscores
Creating struct: $FallingDownPipe
Creating struct: $Function_GetPos
Creating struct: $Function2
Creating struct: $Script_TrackPlayer
Creating struct: $Script_PipeAnimation
Creating struct: $Function_SetAnimation
Creating struct: $Function_GetColliderPos
Creating struct: $Function_TrackInput
Creating struct: $GoToNextLevel
Creating struct: $GoToNextLevel_Roguelike
Creating struct: $Script_SetSetsOfLevels
Creating struct: $Script_LoadMap_Roguelike
Creating struct: $Script_LoadChestMap_Roguelike
Creating struct: $Script_LoadMap_Mover_Roguelike
Creating struct: $Script_LoadChestMap_Mover_Roguelike
Creating struct: $GetFloorPit
Creating struct: $GetFloorSign
Creating struct: $Function_GetTattle1
Creating struct: $Function_GetTattle2
Creating struct: $Script_ReadSign
Creating struct: $BadgeListRogue
Creating struct: $BadgeList
Creating struct: $GetBadge
Creating struct: $CoinChest
Creating struct: $LoadChestFloor
Creating struct: $ShopperInteraction
Creating struct: $GetFloorRowf
Creating struct: $ShopperInventory1-1
Creating struct: $ShopperInventory1-2
Creating struct: $ShopperInventory1-3
Creating struct: $ShopperInventory1-4
Creating struct: $ShopperInventory1-5
Creating struct: $ShopperInventory1-6
Creating struct: $ShopperInventory1-7
Creating struct: $ShopperInventory1-8
Creating struct: $ShopperInventory1-9
Creating struct: $ShopperInventory2-1
Creating struct: $ShopperInventory2-2
Creating struct: $ShopperInventory2-3
Creating struct: $ShopperInventory2-4
Creating struct: $ShopperInventory2-5
Creating struct: $ShopperInventory2-6
Creating struct: $ShopperInventory2-7
Creating struct: $ShopperInventory2-8
Creating struct: $ShopperInventory2-9
Creating struct: $ShopperInventory3-1
Creating struct: $ShopperInventory3-2
Creating struct: $ShopperInventory3-3
Creating struct: $ShopperInventory3-4
Creating struct: $ShopperInventory3-5
Creating struct: $ShopperInventory3-6
Creating struct: $ShopperInventory3-7
Creating struct: $ShopperInventory3-8
Creating struct: $ShopperInventory3-9
Creating struct: $ShopperInventory4-1
Creating struct: $ShopperInventory4-2
Creating struct: $ShopperInventory4-3
Creating struct: $ShopperInventory4-4
Creating struct: $ShopperInventory4-5
Creating struct: $ShopperInventory4-6
Creating struct: $ShopperInventory4-7
Creating struct: $ShopperInventory4-8
Creating struct: $ShopperInventory4-9
Creating struct: $ShopperInventory5-1
Creating struct: $ShopperInventory5-2
Creating struct: $ShopperInventory5-3
Creating struct: $ShopperInventory5-4
Creating struct: $ShopperInventory5-5
Creating struct: $ShopperInventory5-6
Creating struct: $ShopperInventory5-7
Creating struct: $ShopperInventory5-8
Creating struct: $ShopperInventory5-9
Creating struct: $ShopperInventory6-1
Creating struct: $ShopperInventory6-2
Creating struct: $ShopperInventory6-3
Creating struct: $ShopperInventory6-4
Creating struct: $ShopperInventory6-5
Creating struct: $ShopperInventory6-6
Creating struct: $ShopperInventory6-7
Creating struct: $ShopperInventory6-8
Creating struct: $ShopperInventory6-9
Creating struct: $ShopperInventory7-1
Creating struct: $ShopperInventory7-2
Creating struct: $ShopperInventory7-3
Creating struct: $ShopperInventory7-4
Creating struct: $ShopperInventory7-5
Creating struct: $ShopperInventory7-6
Creating struct: $ShopperInventory7-7
Creating struct: $ShopperInventory7-8
Creating struct: $ShopperInventory7-9
Creating struct: $ShopperInventory8-1
Creating struct: $ShopperInventory8-2
Creating struct: $ShopperInventory8-3
Creating struct: $ShopperInventory8-4
Creating struct: $ShopperInventory8-5
Creating struct: $ShopperInventory8-6
Creating struct: $ShopperInventory8-7
Creating struct: $ShopperInventory8-8
Creating struct: $ShopperInventory8-9
Creating struct: $ShopperInventory9-1
Creating struct: $ShopperInventory9-2
Creating struct: $ShopperInventory9-3
Creating struct: $ShopperInventory9-4
Creating struct: $ShopperInventory9-5
Creating struct: $ShopperInventory9-6
Creating struct: $ShopperInventory9-7
Creating struct: $ShopperInventory9-8
Creating struct: $ShopperInventory9-9
Creating struct: $InventoryAvailability
Creating struct: $LoadCoins
Creating struct: $LoadInventory1
Creating struct: $LoadInventory2
Creating struct: $LoadInventory3
Creating struct: $LoadInventory4
Creating struct: $LoadInventory5
Creating struct: $LoadInventory6
Creating struct: $LoadInventory7
Creating struct: $LoadInventory8
Creating struct: $LoadInventory9
Creating struct: $Partner_Settings
Creating struct: $Init_NPC
Creating struct: $NPC_Cutscene1
Creating struct: $NPC_Cutscene2
Creating struct: $NPC_Cutscene3
Creating struct: $NPC_Cutscene4
Creating struct: $NPC_Cutscene5
Creating struct: $Script_MarioAnimation0
Creating struct: $Script_MarioAnimation1
Creating struct: $NPC_Cutscene6
Creating struct: $Script_WattLightnings
Creating struct: $NPC_Cutscene7
Creating struct: $NPC_Cutscene8
Creating struct: $VectorList_Path_Lakilester
Creating struct: $Function_LoadPath
Creating struct: $Script_SetNPC
Creating struct: $PartnerFunc1
Creating struct: $PartnerFunc2
Creating struct: $Explotion
Creating struct: $PartnerImage1
Creating struct: $PartnerImage2
Creating struct: $PartnerImage3
Creating struct: $PartnerImage4
Creating struct: $PartnerImage5
Creating struct: $PartnerImage6
Creating struct: $PartnerImage7
Creating struct: $PartnerImage8
Creating struct: $JoinedYourParty
Creating struct: $SetNPCtoPartner
Creating struct: $Header
Creating struct: $Function_Init
Creating struct: $Script_Main
Creating struct: $Script_MakeEntities
Creating struct: $Script_ReadSignExit
Creating struct: $Script_UseChest
Creating struct: $Script_OpenChest
Creating struct: $Script_GetItem
Creating struct: $Function_ActivateBadge
Creating struct: $CommingDownPipe
Creating struct: $PipeSpawning
Creating struct: $Script_MakeExits
Creating struct: $Script_Exit1
Creating struct: $Script_Exit0
Creating struct: $PipeAnimationX
Creating struct: $Function_802400F0
Creating struct: $Function_80240000
Creating struct: $NpcGroups
Creating struct: $NpcGroup_Partners
Creating struct: $NpcGroup_Rowf
Creating struct: $Rowf_Settings
Creating struct: $Script_AI_Rowf
Creating struct: $InitShopper
Creating struct: $GotItem
Creating struct: $NpcGroup_BlackRowf
Creating struct: $BRowf_Settings
Creating struct: $Init_BRowf
Creating struct: $GetItem_BRowf
Creating struct: $LoadCoins_BRowf
Creating struct: $EnableInputs
Merged 1 regions to 1
$BadgeList will be placed at 80240000 (length = 2040 bytes)
$BadgeListRogue will be placed at 80242040 (length = 143C bytes)
$GetBadge will be placed at 8024347C (length = F9C bytes)
$Script_LoadMap_Mover_Roguelike will be placed at 80244418 (length = F14 bytes)
$Script_ReadSign will be placed at 8024532C (length = EEC bytes)
$NPC_Cutscene5 will be placed at 80246218 (length = DAC bytes)
$Script_LoadMap_Roguelike will be placed at 80246FC4 (length = D9C bytes)
$NpcGroup_Partners will be placed at 80247D60 (length = D90 bytes)
$GoToNextLevel will be placed at 80248AF0 (length = D10 bytes)
$Script_MakeEntities will be placed at 80249800 (length = A48 bytes)
$GoToNextLevel_Roguelike will be placed at 8024A248 (length = 868 bytes)
$ShopperInteraction will be placed at 8024AAB0 (length = 50C bytes)
$NPC_Cutscene4 will be placed at 8024AFBC (length = 500 bytes)
$Script_UseChest will be placed at 8024B4BC (length = 4DC bytes)
$NPC_Cutscene2 will be placed at 8024B998 (length = 4DC bytes)
$LoadInventory7 will be placed at 8024BE74 (length = 474 bytes)
$LoadInventory6 will be placed at 8024C2E8 (length = 474 bytes)
$LoadInventory9 will be placed at 8024C75C (length = 474 bytes)
$LoadInventory8 will be placed at 8024CBD0 (length = 474 bytes)
$LoadInventory3 will be placed at 8024D044 (length = 474 bytes)
$LoadInventory2 will be placed at 8024D4B8 (length = 474 bytes)
$LoadInventory5 will be placed at 8024D92C (length = 474 bytes)
$LoadInventory4 will be placed at 8024DDA0 (length = 474 bytes)
$LoadInventory1 will be placed at 8024E214 (length = 474 bytes)
$NPC_Cutscene3 will be placed at 8024E688 (length = 448 bytes)
$NPC_Cutscene7 will be placed at 8024EAD0 (length = 430 bytes)
$Init_BRowf will be placed at 8024EF00 (length = 3A4 bytes)
$FallingDownPipe will be placed at 8024F2A4 (length = 37C bytes)
$PipeAnimationX will be placed at 8024F620 (length = 364 bytes)
$Script_SetSetsOfLevels will be placed at 8024F984 (length = 358 bytes)
$Script_SetNPC will be placed at 8024FCDC (length = 328 bytes)
$NPC_Cutscene1 will be placed at 80250004 (length = 320 bytes)
$NPC_Cutscene6 will be placed at 80250324 (length = 318 bytes)
$NPC_Cutscene8 will be placed at 8025063C (length = 29C bytes)
$Script_MarioAnimation0 will be placed at 802508D8 (length = 21C bytes)
$NpcGroup_BlackRowf will be placed at 80250AF4 (length = 1F0 bytes)
$NpcGroup_Rowf will be placed at 80250CE4 (length = 1F0 bytes)
$Script_PipeAnimation will be placed at 80250ED4 (length = 1D0 bytes)
$Script_Main will be placed at 802510A4 (length = 1D0 bytes)
$JoinedYourParty will be placed at 80251274 (length = 194 bytes)
$Script_LoadChestMap_Mover_Roguelike will be placed at 80251408 (length = 18C bytes)
$SetNPCtoPartner will be placed at 80251594 (length = 184 bytes)
$PipeSpawning will be placed at 80251718 (length = 178 bytes)
$Function_ActivateBadge will be placed at 80251890 (length = 178 bytes)
$Script_LoadChestMap_Roguelike will be placed at 80251A08 (length = 164 bytes)
$CoinChest will be placed at 80251B6C (length = 158 bytes)
$Init_NPC will be placed at 80251CC4 (length = 154 bytes)
$LoadChestFloor will be placed at 80251E18 (length = 154 bytes)
$MapTattle5 will be placed at 80251F6C (length = 13C bytes)
$MapTattle4 will be placed at 802520A8 (length = 130 bytes)
$Script_WattLightnings will be placed at 802521D8 (length = 124 bytes)
$Script_AI_Rowf will be placed at 802522FC (length = 114 bytes)
$Function_LoadPath will be placed at 80252410 (length = 114 bytes)
$Script_OpenChest will be placed at 80252524 (length = 108 bytes)
$BRowfTattle will be placed at 8025262C (length = F4 bytes)
$ShopperTattle will be placed at 80252720 (length = E8 bytes)
$Function_GetColliderPos will be placed at 80252808 (length = E0 bytes)
$Function_GetPos will be placed at 802528E8 (length = E0 bytes)
$Function_802400F0 will be placed at 802529C8 (length = E0 bytes)
$Script_TrackPlayer will be placed at 80252AA8 (length = DC bytes)
$MapTattle2 will be placed at 80252B84 (length = D4 bytes)
$ShopperBye1 will be placed at 80252C58 (length = C0 bytes)
$Explotion will be placed at 80252D18 (length = BC bytes)
$ShopperBye2 will be placed at 80252DD4 (length = BC bytes)
$Function_TrackInput will be placed at 80252E90 (length = BC bytes)
$ShopperWelcome will be placed at 80252F4C (length = B4 bytes)
$Script_MarioAnimation1 will be placed at 80253000 (length = B0 bytes)
$MapTattle3 will be placed at 802530B0 (length = B0 bytes)
$MapTattle1 will be placed at 80253160 (length = A8 bytes)
$CoinsString will be placed at 80253208 (length = 94 bytes)
$ShopperBuying will be placed at 8025329C (length = 94 bytes)
$Function_GetTattle1 will be placed at 80253330 (length = 8C bytes)
$LoadHighscores will be placed at 802533BC (length = 7C bytes)
$SignStringBug will be placed at 80253438 (length = 7C bytes)
$DeepestLevel will be placed at 802534B4 (length = 6C bytes)
$Function_SetAnimation will be placed at 80253520 (length = 6C bytes)
$Function2 will be placed at 8025358C (length = 6C bytes)
$GetFloorPit will be placed at 802535F8 (length = 68 bytes)
$AfterBuying will be placed at 80253660 (length = 68 bytes)
$GetFloorSign will be placed at 802536C8 (length = 64 bytes)
$Bye-BRowf will be placed at 8025372C (length = 5C bytes)
$Script_GetItem will be placed at 80253788 (length = 54 bytes)
$Init-BRowf will be placed at 802537DC (length = 50 bytes)
$Function_GetTattle2 will be placed at 8025382C (length = 48 bytes)
$ShopperInventory1-9 will be placed at 80253874 (length = 48 bytes)
$ShopperInventory1-8 will be placed at 802538BC (length = 48 bytes)
$ShopperInventory1-7 will be placed at 80253904 (length = 48 bytes)
$ShopperInventory1-6 will be placed at 8025394C (length = 48 bytes)
$ShopperInventory1-5 will be placed at 80253994 (length = 48 bytes)
$StrangeSackBadge will be placed at 802539DC (length = 48 bytes)
$ShopperInventory8-5 will be placed at 80253A24 (length = 48 bytes)
$ShopperInventory8-4 will be placed at 80253A6C (length = 48 bytes)
$ShopperInventory8-3 will be placed at 80253AB4 (length = 48 bytes)
$ShopperInventory8-2 will be placed at 80253AFC (length = 48 bytes)
$ShopperInventory8-1 will be placed at 80253B44 (length = 48 bytes)
$ShopperInventory8-9 will be placed at 80253B8C (length = 48 bytes)
$ShopperInventory8-8 will be placed at 80253BD4 (length = 48 bytes)
$ShopperInventory8-7 will be placed at 80253C1C (length = 48 bytes)
$ShopperInventory8-6 will be placed at 80253C64 (length = 48 bytes)
$ShopperInventory9-4 will be placed at 80253CAC (length = 48 bytes)
$ShopperInventory9-3 will be placed at 80253CF4 (length = 48 bytes)
$ShopperInventory9-2 will be placed at 80253D3C (length = 48 bytes)
$ShopperInventory9-1 will be placed at 80253D84 (length = 48 bytes)
$ShopperInventory9-9 will be placed at 80253DCC (length = 48 bytes)
$ShopperInventory9-8 will be placed at 80253E14 (length = 48 bytes)
$ShopperInventory9-7 will be placed at 80253E5C (length = 48 bytes)
$ShopperInventory9-6 will be placed at 80253EA4 (length = 48 bytes)
$ShopperInventory9-5 will be placed at 80253EEC (length = 48 bytes)
$CommingDownPipe will be placed at 80253F34 (length = 48 bytes)
$ShopperInventory6-7 will be placed at 80253F7C (length = 48 bytes)
$ShopperInventory6-6 will be placed at 80253FC4 (length = 48 bytes)
$ShopperInventory6-5 will be placed at 8025400C (length = 48 bytes)
$ShopperInventory6-4 will be placed at 80254054 (length = 48 bytes)
$ShopperInventory6-3 will be placed at 8025409C (length = 48 bytes)
$ShopperInventory6-2 will be placed at 802540E4 (length = 48 bytes)
$ShopperInventory6-1 will be placed at 8025412C (length = 48 bytes)
$ShopperInventory6-9 will be placed at 80254174 (length = 48 bytes)
$ShopperInventory6-8 will be placed at 802541BC (length = 48 bytes)
$ShopperInventory7-6 will be placed at 80254204 (length = 48 bytes)
$ShopperInventory7-5 will be placed at 8025424C (length = 48 bytes)
$ShopperInventory7-4 will be placed at 80254294 (length = 48 bytes)
$ShopperInventory7-3 will be placed at 802542DC (length = 48 bytes)
$ShopperInventory7-2 will be placed at 80254324 (length = 48 bytes)
$ShopperInventory7-1 will be placed at 8025436C (length = 48 bytes)
$ShopperInventory7-9 will be placed at 802543B4 (length = 48 bytes)
$ShopperInventory7-8 will be placed at 802543FC (length = 48 bytes)
$ShopperInventory7-7 will be placed at 80254444 (length = 48 bytes)
$ShopperInventory4-9 will be placed at 8025448C (length = 48 bytes)
$ShopperInventory4-8 will be placed at 802544D4 (length = 48 bytes)
$ShopperInventory4-7 will be placed at 8025451C (length = 48 bytes)
$ShopperInventory4-6 will be placed at 80254564 (length = 48 bytes)
$ShopperInventory4-5 will be placed at 802545AC (length = 48 bytes)
$ShopperInventory4-4 will be placed at 802545F4 (length = 48 bytes)
$ShopperInventory4-3 will be placed at 8025463C (length = 48 bytes)
$ShopperInventory4-2 will be placed at 80254684 (length = 48 bytes)
$ShopperInventory3-2 will be placed at 802546CC (length = 48 bytes)
$ShopperInventory3-1 will be placed at 80254714 (length = 48 bytes)
$ShopperInventory5-8 will be placed at 8025475C (length = 48 bytes)
$ShopperInventory5-7 will be placed at 802547A4 (length = 48 bytes)
$ShopperInventory5-6 will be placed at 802547EC (length = 48 bytes)
$ShopperInventory5-5 will be placed at 80254834 (length = 48 bytes)
$ShopperInventory5-4 will be placed at 8025487C (length = 48 bytes)
$ShopperInventory5-3 will be placed at 802548C4 (length = 48 bytes)
$ShopperInventory5-2 will be placed at 8025490C (length = 48 bytes)
$ShopperInventory5-1 will be placed at 80254954 (length = 48 bytes)
$ShopperInventory5-9 will be placed at 8025499C (length = 48 bytes)
$ShopperInventory4-1 will be placed at 802549E4 (length = 48 bytes)
$ShopperInventory2-9 will be placed at 80254A2C (length = 48 bytes)
$Script_ReadSignExit will be placed at 80254A74 (length = 48 bytes)
$ShopperInventory2-8 will be placed at 80254ABC (length = 48 bytes)
$ShopperInventory2-7 will be placed at 80254B04 (length = 48 bytes)
$ShopperInventory2-6 will be placed at 80254B4C (length = 48 bytes)
$ShopperInventory2-5 will be placed at 80254B94 (length = 48 bytes)
$ShopperInventory2-4 will be placed at 80254BDC (length = 48 bytes)
$ShopperInventory1-4 will be placed at 80254C24 (length = 48 bytes)
$ShopperInventory1-3 will be placed at 80254C6C (length = 48 bytes)
$ShopperInventory1-2 will be placed at 80254CB4 (length = 48 bytes)
$ShopperInventory1-1 will be placed at 80254CFC (length = 48 bytes)
$Script_Exit1 will be placed at 80254D44 (length = 48 bytes)
$Script_Exit0 will be placed at 80254D8C (length = 48 bytes)
$ShopperInventory3-9 will be placed at 80254DD4 (length = 48 bytes)
$ShopperInventory3-8 will be placed at 80254E1C (length = 48 bytes)
$ShopperInventory3-7 will be placed at 80254E64 (length = 48 bytes)
$Script_MakeExits will be placed at 80254EAC (length = 48 bytes)
$ShopperInventory3-6 will be placed at 80254EF4 (length = 48 bytes)
$ShopperInventory3-5 will be placed at 80254F3C (length = 48 bytes)
$ShopperInventory3-4 will be placed at 80254F84 (length = 48 bytes)
$ShopperInventory3-3 will be placed at 80254FCC (length = 48 bytes)
$ShopperInventory2-3 will be placed at 80255014 (length = 48 bytes)
$ShopperInventory2-2 will be placed at 8025505C (length = 48 bytes)
$ShopperInventory2-1 will be placed at 802550A4 (length = 48 bytes)
$NoInventory-BRowf will be placed at 802550EC (length = 44 bytes)
$GetFloorRowf will be placed at 80255130 (length = 44 bytes)
$Function_Init will be placed at 80255174 (length = 44 bytes)
$GetItem_BRowf will be placed at 802551B8 (length = 44 bytes)
$NoCoins will be placed at 802551FC (length = 44 bytes)
$ShopperCancel will be placed at 80255240 (length = 40 bytes)
$Header will be placed at 80255280 (length = 40 bytes)
$PartnerFunc2 will be placed at 802552C0 (length = 3C bytes)
$VectorList_Path_Lakilester will be placed at 802552FC (length = 3C bytes)
$TotalLevels will be placed at 80255338 (length = 38 bytes)
$PartnerFunc1 will be placed at 80255370 (length = 34 bytes)
$LoadCoins_BRowf will be placed at 802553A4 (length = 34 bytes)
$EntryList will be placed at 802553D8 (length = 30 bytes)
$GotItem will be placed at 80255408 (length = 30 bytes)
$NoMoney-BRowf will be placed at 80255438 (length = 30 bytes)
$InventoryAvailability will be placed at 80255468 (length = 2C bytes)
$EnableInputs will be placed at 80255494 (length = 2C bytes)
$LoadCoins will be placed at 802554C0 (length = 2C bytes)
$Rowf_Settings will be placed at 802554EC (length = 2C bytes)
$Partner_Settings will be placed at 80255518 (length = 2C bytes)
$BRowf_Settings will be placed at 80255544 (length = 28 bytes)
$Init2-BRowf will be placed at 8025556C (length = 24 bytes)
$NpcGroups will be placed at 80255590 (length = 24 bytes)
$InitShopper will be placed at 802555B4 (length = 24 bytes)
$Function_80240000 will be placed at 802555D8 (length = 20 bytes)
$SignStringExit will be placed at 802555F8 (length = 20 bytes)
$SignString100 will be placed at 80255618 (length = 18 bytes)
$SignString1 will be placed at 80255630 (length = 14 bytes)
$SignString59 will be placed at 80255644 (length = 14 bytes)
$SignString58 will be placed at 80255658 (length = 14 bytes)
$SignString57 will be placed at 8025566C (length = 14 bytes)
$SignString56 will be placed at 80255680 (length = 14 bytes)
$SignString55 will be placed at 80255694 (length = 14 bytes)
$SignString54 will be placed at 802556A8 (length = 14 bytes)
$SignString53 will be placed at 802556BC (length = 14 bytes)
$SignString52 will be placed at 802556D0 (length = 14 bytes)
$SignString51 will be placed at 802556E4 (length = 14 bytes)
$SignString50 will be placed at 802556F8 (length = 14 bytes)
$SignString69 will be placed at 8025570C (length = 14 bytes)
$SignString68 will be placed at 80255720 (length = 14 bytes)
$SignString67 will be placed at 80255734 (length = 14 bytes)
$SignString66 will be placed at 80255748 (length = 14 bytes)
$SignString65 will be placed at 8025575C (length = 14 bytes)
$SignString64 will be placed at 80255770 (length = 14 bytes)
$SignString63 will be placed at 80255784 (length = 14 bytes)
$SignString62 will be placed at 80255798 (length = 14 bytes)
$SignString61 will be placed at 802557AC (length = 14 bytes)
$SignString60 will be placed at 802557C0 (length = 14 bytes)
$SignString79 will be placed at 802557D4 (length = 14 bytes)
$SignString78 will be placed at 802557E8 (length = 14 bytes)
$SignString77 will be placed at 802557FC (length = 14 bytes)
$SignString76 will be placed at 80255810 (length = 14 bytes)
$SignString75 will be placed at 80255824 (length = 14 bytes)
$SignString74 will be placed at 80255838 (length = 14 bytes)
$SignString73 will be placed at 8025584C (length = 14 bytes)
$SignString72 will be placed at 80255860 (length = 14 bytes)
$SignString71 will be placed at 80255874 (length = 14 bytes)
$SignString70 will be placed at 80255888 (length = 14 bytes)
$SignString89 will be placed at 8025589C (length = 14 bytes)
$SignString88 will be placed at 802558B0 (length = 14 bytes)
$SignString87 will be placed at 802558C4 (length = 14 bytes)
$SignString86 will be placed at 802558D8 (length = 14 bytes)
$SignString85 will be placed at 802558EC (length = 14 bytes)
$SignString84 will be placed at 80255900 (length = 14 bytes)
$SignString83 will be placed at 80255914 (length = 14 bytes)
$SignString82 will be placed at 80255928 (length = 14 bytes)
$SignString81 will be placed at 8025593C (length = 14 bytes)
$SignString80 will be placed at 80255950 (length = 14 bytes)
$SignString19 will be placed at 80255964 (length = 14 bytes)
$SignString18 will be placed at 80255978 (length = 14 bytes)
$SignString17 will be placed at 8025598C (length = 14 bytes)
$SignString16 will be placed at 802559A0 (length = 14 bytes)
$SignString15 will be placed at 802559B4 (length = 14 bytes)
$SignString14 will be placed at 802559C8 (length = 14 bytes)
$SignString13 will be placed at 802559DC (length = 14 bytes)
$SignString12 will be placed at 802559F0 (length = 14 bytes)
$SignString11 will be placed at 80255A04 (length = 14 bytes)
$SignString10 will be placed at 80255A18 (length = 14 bytes)
$SignString3 will be placed at 80255A2C (length = 14 bytes)
$SignString2 will be placed at 80255A40 (length = 14 bytes)
$SignString5 will be placed at 80255A54 (length = 14 bytes)
$SignString4 will be placed at 80255A68 (length = 14 bytes)
$SignString7 will be placed at 80255A7C (length = 14 bytes)
$SignString6 will be placed at 80255A90 (length = 14 bytes)
$SignString9 will be placed at 80255AA4 (length = 14 bytes)
$SignString8 will be placed at 80255AB8 (length = 14 bytes)
$SignString29 will be placed at 80255ACC (length = 14 bytes)
$SignString28 will be placed at 80255AE0 (length = 14 bytes)
$SignString27 will be placed at 80255AF4 (length = 14 bytes)
$SignString26 will be placed at 80255B08 (length = 14 bytes)
$SignString25 will be placed at 80255B1C (length = 14 bytes)
$SignString24 will be placed at 80255B30 (length = 14 bytes)
$SignString23 will be placed at 80255B44 (length = 14 bytes)
$SignString22 will be placed at 80255B58 (length = 14 bytes)
$SignString21 will be placed at 80255B6C (length = 14 bytes)
$SignString20 will be placed at 80255B80 (length = 14 bytes)
$SignString will be placed at 80255B94 (length = 14 bytes)
$SignString39 will be placed at 80255BA8 (length = 14 bytes)
$SignString38 will be placed at 80255BBC (length = 14 bytes)
$SignString37 will be placed at 80255BD0 (length = 14 bytes)
$SignString36 will be placed at 80255BE4 (length = 14 bytes)
$SignString35 will be placed at 80255BF8 (length = 14 bytes)
$SignString34 will be placed at 80255C0C (length = 14 bytes)
$SignString33 will be placed at 80255C20 (length = 14 bytes)
$SignString32 will be placed at 80255C34 (length = 14 bytes)
$SignString31 will be placed at 80255C48 (length = 14 bytes)
$SignString30 will be placed at 80255C5C (length = 14 bytes)
$SignString49 will be placed at 80255C70 (length = 14 bytes)
$SignString48 will be placed at 80255C84 (length = 14 bytes)
$SignString47 will be placed at 80255C98 (length = 14 bytes)
$SignString46 will be placed at 80255CAC (length = 14 bytes)
$SignString45 will be placed at 80255CC0 (length = 14 bytes)
$SignString44 will be placed at 80255CD4 (length = 14 bytes)
$SignString43 will be placed at 80255CE8 (length = 14 bytes)
$SignString42 will be placed at 80255CFC (length = 14 bytes)
$SignString41 will be placed at 80255D10 (length = 14 bytes)
$SignString40 will be placed at 80255D24 (length = 14 bytes)
$SignString99 will be placed at 80255D38 (length = 14 bytes)
$SignString98 will be placed at 80255D4C (length = 14 bytes)
$SignString97 will be placed at 80255D60 (length = 14 bytes)
$SignString96 will be placed at 80255D74 (length = 14 bytes)
$SignString95 will be placed at 80255D88 (length = 14 bytes)
$SignString94 will be placed at 80255D9C (length = 14 bytes)
$SignString93 will be placed at 80255DB0 (length = 14 bytes)
$SignString92 will be placed at 80255DC4 (length = 14 bytes)
$SignString91 will be placed at 80255DD8 (length = 14 bytes)
$SignString90 will be placed at 80255DEC (length = 14 bytes)
$ShopperAccepted will be placed at 80255E00 (length = 14 bytes)
$PartnerImage4 will be placed at 80255E14 (length = 10 bytes)
$PartnerImage5 will be placed at 80255E24 (length = 10 bytes)
$PartnerImage2 will be placed at 80255E34 (length = 10 bytes)
$PartnerImage8 will be placed at 80255E44 (length = 10 bytes)
$ASCII_pit_02_Literal will be placed at 80255E54 (length = C bytes)
$ASCII_pit_34_Literal will be placed at 80255E60 (length = C bytes)
$ASCII_pit_66_Literal will be placed at 80255E6C (length = C bytes)
$ASCII_pit_98_Literal will be placed at 80255E78 (length = C bytes)
$ASCII_pit_19_Literal will be placed at 80255E84 (length = C bytes)
$ASCII_pit_69_Literal will be placed at 80255E90 (length = C bytes)
$ASCII_pit_81_Literal will be placed at 80255E9C (length = C bytes)
$ASCII_pit_63_Literal will be placed at 80255EA8 (length = C bytes)
$ASCII_pit_95_Literal will be placed at 80255EB4 (length = C bytes)
$ASCII_pit_16_Literal will be placed at 80255EC0 (length = C bytes)
$ASCII_pit_37_Literal will be placed at 80255ECC (length = C bytes)
$ASCII_pit_05_Literal will be placed at 80255ED8 (length = C bytes)
$ASCII_pit_08_Literal will be placed at 80255EE4 (length = C bytes)
$ASCII_pit_87_Literal will be placed at 80255EF0 (length = C bytes)
$ASCII_pit_13_Literal will be placed at 80255EFC (length = C bytes)
$ASCII_pit_92_Literal will be placed at 80255F08 (length = C bytes)
$ASCII_pit_77_Literal will be placed at 80255F14 (length = C bytes)
$ASCII_pit_26_Literal will be placed at 80255F20 (length = C bytes)
$ASCII_pit_41_Literal will be placed at 80255F2C (length = C bytes)
$ASCII_pit_74_Literal will be placed at 80255F38 (length = C bytes)
$ASCII_pit_60_Literal will be placed at 80255F44 (length = C bytes)
$ASCII_pit_59_Literal will be placed at 80255F50 (length = C bytes)
$ASCII_pit_20_Literal will be placed at 80255F5C (length = C bytes)
$ASCII_pit_23_Literal will be placed at 80255F68 (length = C bytes)
$ASCII_pit_56_Literal will be placed at 80255F74 (length = C bytes)
$ASCII_pit_44_Literal will be placed at 80255F80 (length = C bytes)
$ASCII_pit_94_Literal will be placed at 80255F8C (length = C bytes)
$ASCII_pit_21_Literal will be placed at 80255F98 (length = C bytes)
$ASCII_pit_53_Literal will be placed at 80255FA4 (length = C bytes)
$ASCII_pit_09_Literal will be placed at 80255FB0 (length = C bytes)
$ASCII_pit_88_Literal will be placed at 80255FBC (length = C bytes)
$ASCII_pit_38_Literal will be placed at 80255FC8 (length = C bytes)
$ASCII_pit_76_Literal will be placed at 80255FD4 (length = C bytes)
$ASCII_pit_33_Literal will be placed at 80255FE0 (length = C bytes)
$ASCII_pit_99_Literal will be placed at 80255FEC (length = C bytes)
$ASCII_pit_71_Literal will be placed at 80255FF8 (length = C bytes)
$ASCII_pit_58_Literal will be placed at 80256004 (length = C bytes)
$ASCII_pit_64_Literal will be placed at 80256010 (length = C bytes)
$ASCII_pit_10_Literal will be placed at 8025601C (length = C bytes)
$ASCII_pit_45_Literal will be placed at 80256028 (length = C bytes)
$ASCII_pit_03_Literal will be placed at 80256034 (length = C bytes)
$ASCII_pit_82_Literal will be placed at 80256040 (length = C bytes)
$ASCII_pit_52_Literal will be placed at 8025604C (length = C bytes)
$ASCII_pit_70_Literal will be placed at 80256058 (length = C bytes)
$ASCII_pit_40_Literal will be placed at 80256064 (length = C bytes)
$ASCII_pit_39_Literal will be placed at 80256070 (length = C bytes)
$ASCII_pit_15_Literal will be placed at 8025607C (length = C bytes)
$ASCII_pit_27_Literal will be placed at 80256088 (length = C bytes)
$ASCII_pit_90_Literal will be placed at 80256094 (length = C bytes)
$ASCII_pit_57_Literal will be placed at 802560A0 (length = C bytes)
$ASCII_pit_72_Literal will be placed at 802560AC (length = C bytes)
$ASCII_pit_43_Literal will be placed at 802560B8 (length = C bytes)
$ASCII_pit_28_Literal will be placed at 802560C4 (length = C bytes)
$ASCII_pit_78_Literal will be placed at 802560D0 (length = C bytes)
$ASCII_pit_46_Literal will be placed at 802560DC (length = C bytes)
$ASCII_pit_22_Literal will be placed at 802560E8 (length = C bytes)
$ASCII_pit_25_Literal will be placed at 802560F4 (length = C bytes)
$ASCII_pit_54_Literal will be placed at 80256100 (length = C bytes)
$ASCII_pit_75_Literal will be placed at 8025610C (length = C bytes)
$ASCII_pit_32_Literal will be placed at 80256118 (length = C bytes)
$ASCII_pit_17_Literal will be placed at 80256124 (length = C bytes)
$ASCII_pit_49_Literal will be placed at 80256130 (length = C bytes)
$ASCII_pit_96_Literal will be placed at 8025613C (length = C bytes)
$ASCII_pit_68_Literal will be placed at 80256148 (length = C bytes)
$ASCII_pit_51_Literal will be placed at 80256154 (length = C bytes)
$ASCII_pit_04_Literal will be placed at 80256160 (length = C bytes)
$ASCII_pit_83_Literal will be placed at 8025616C (length = C bytes)
$ASCII_pit_86_Literal will be placed at 80256178 (length = C bytes)
$ASCII_pit_14_Literal will be placed at 80256184 (length = C bytes)
$ASCII_pit_93_Literal will be placed at 80256190 (length = C bytes)
$ASCII_pit_65_Literal will be placed at 8025619C (length = C bytes)
$ASCII_pit_07_Literal will be placed at 802561A8 (length = C bytes)
$ASCII_pit_35_Literal will be placed at 802561B4 (length = C bytes)
$ASCII_pit_11_Literal will be placed at 802561C0 (length = C bytes)
$ASCII_pit_89_Literal will be placed at 802561CC (length = C bytes)
$ASCII_pit_79_Literal will be placed at 802561D8 (length = C bytes)
$ASCII_pit_62_Literal will be placed at 802561E4 (length = C bytes)
$Init3-BRowf will be placed at 802561F0 (length = C bytes)
$ASCII_pit_47_Literal will be placed at 802561FC (length = C bytes)
$ASCII_pit_06_Literal will be placed at 80256208 (length = C bytes)
$ASCII_pit_24_Literal will be placed at 80256214 (length = C bytes)
$ASCII_pit_12_Literal will be placed at 80256220 (length = C bytes)
$ASCII_pit_01_Literal will be placed at 8025622C (length = C bytes)
$PartnerImage3 will be placed at 80256238 (length = C bytes)
$PartnerImage6 will be placed at 80256244 (length = C bytes)
$ASCII_pit_50_Literal will be placed at 80256250 (length = C bytes)
$PartnerImage1 will be placed at 8025625C (length = C bytes)
$ASCII_pit_67_Literal will be placed at 80256268 (length = C bytes)
$ASCII_pit_42_Literal will be placed at 80256274 (length = C bytes)
$PartnerImage7 will be placed at 80256280 (length = C bytes)
$ASCII_pit_80_Literal will be placed at 8025628C (length = C bytes)
$ASCII_pit_29_Literal will be placed at 80256298 (length = C bytes)
$ASCII_pit_30_Literal will be placed at 802562A4 (length = C bytes)
$ASCII_pit_00_Literal will be placed at 802562B0 (length = C bytes)
$ASCII_pit_36_Literal will be placed at 802562BC (length = C bytes)
$ASCII_pit_55_Literal will be placed at 802562C8 (length = C bytes)
$ASCII_pit_18_Literal will be placed at 802562D4 (length = C bytes)
$ASCII_pit_48_Literal will be placed at 802562E0 (length = C bytes)
$ASCII_pit_31_Literal will be placed at 802562EC (length = C bytes)
$ASCII_pit_91_Literal will be placed at 802562F8 (length = C bytes)
$ASCII_pit_97_Literal will be placed at 80256304 (length = C bytes)
$ASCII_pit_85_Literal will be placed at 80256310 (length = C bytes)
$ASCII_pit_73_Literal will be placed at 8025631C (length = C bytes)
$ASCII_pit_61_Literal will be placed at 80256328 (length = C bytes)
$ASCII_pit_100_Literal will be placed at 80256334 (length = 8 bytes)
$ASCII_pit_842_Literal will be placed at 8025633C (length = 8 bytes)
$ASCII_tik_tex_Literal will be placed at 80256344 (length = 8 bytes)
$No-BRowf will be placed at 8025634C (length = 4 bytes)
Executing patch: pit_31.mpat
Loaded map pit_01
Creating struct: $EntryList
Creating struct: $DeepestLevel
Creating struct: $TotalLevels
Creating struct: $LoadHighscores
Creating struct: $FallingDownPipe
Creating struct: $Function_GetPos
Creating struct: $Function2
Creating struct: $SetSpawns
Creating struct: $Script_SetNPCPos
Creating struct: $SwitchPath
Creating struct: $VectorList_80244998
Creating struct: $GetPos
Creating struct: $Function_GetDamageTaken
Creating struct: $Function_ResetDamage
Creating struct: $DispawnParthner
Creating struct: $RespawnParthner
Creating struct: $LoadMap
Creating struct: $Script_LoadMapMover_Roguelike
Creating struct: $GetFloor
Creating struct: $LoadCoinsMover
Creating struct: $LoadMapBandit
Creating struct: $GetFloorBandit
Creating struct: $Script_Init_80243B20
Creating struct: $Script_80243A6C
Creating struct: $Script_AddCoins
Creating struct: $Script_SubstractCoins
Creating struct: $NPC_Settings_Sack
Creating struct: $Script_Init_Bag
Creating struct: $Script_Init_Bag_HitBox
Creating struct: $Script_NPC_SackHit_Init
Creating struct: $Script_NPC_Sack_FX
Creating struct: $NPC_Sack_AnimationStart
Creating struct: $NPC_Sack_AnimationEnd
Creating struct: $Script_SackAnimation_Start_GoToTheRight
Creating struct: $Script_SackAnimation_Start_GoToTheLeft
Creating struct: $Script_SackAnimation_End_Right
Creating struct: $Script_SackAnimation_End_Left
Creating struct: $Function_LoadGainedCoins
Creating struct: $Function_RevivePlayer
Creating struct: $AISettings_MoneySack
Creating struct: $Script_NpcAI_MoneySack
Creating struct: $JumpTable_80242448
Creating struct: $Function_NpcAI_MoneySack
Creating struct: $Function_80240260
Creating struct: $Function_80240844
Creating struct: $Function_802409A8
Creating struct: $Script_TrackPlayer
Creating struct: $Script_PipeAnimation
Creating struct: $Function_SetAnimation
Creating struct: $Function_GetColliderPos
Creating struct: $Function_TrackInput
Creating struct: $GoToNextLevel
Creating struct: $GoToNextLevel_Roguelike
Creating struct: $Script_SetSetsOfLevels
Creating struct: $Script_LoadMap_Roguelike
Creating struct: $Script_LoadChestMap_Roguelike
Creating struct: $Script_LoadMap_Mover_Roguelike
Creating struct: $Script_LoadChestMap_Mover_Roguelike
Creating struct: $GetFloorPit
Creating struct: $GetFloorSign
Creating struct: $Function_GetTattle1
Creating struct: $Function_GetTattle2
Creating struct: $Script_ReadSign
Creating struct: $Header
Creating struct: $Function_Init
Creating struct: $Script_Main
Creating struct: $NpcGroups
Creating struct: $NpcGroup_Mover
Creating struct: $BlankSettings
Creating struct: $Script_Init_Mover
Creating struct: $Interact_Mover
Creating struct: $Script_MoverWarpAnimation
Creating struct: $NpcGroup_BanditMover
Creating struct: $Script_Init_BanditMover
Creating struct: $Interact_BanditMover
Creating struct: $NpcGroup_Enemy1
Creating struct: $NpcGroup_Enemy2
Creating struct: $NpcGroup_Enemy3
Creating struct: $NpcGroup_Enemy4
Creating struct: $NpcGroup_Enemy5
Creating struct: $NpcGroup_Enemy6
Creating struct: $NpcSettings_Enemy1
Creating struct: $Script_EnemyAI
Creating struct: $AISettings_Enemy
Creating struct: $Script_DisableEnemyAI
Creating struct: $AISettings_DisableEnemy
Creating struct: $PipeSpawning
Creating struct: $Script_MakeEntities
Creating struct: $CommingDownPipe
Creating struct: $Script_MakeExits
Creating struct: $Script_Exit0
Merged 1 regions to 1
$Script_LoadMap_Mover_Roguelike will be placed at 80240000 (length = F14 bytes)
$LoadMap will be placed at 80240F14 (length = EF4 bytes)
$Script_ReadSign will be placed at 80241E08 (length = EEC bytes)
$LoadMapBandit will be placed at 80242CF4 (length = EA4 bytes)
$Script_LoadMap_Roguelike will be placed at 80243B98 (length = D9C bytes)
$GoToNextLevel will be placed at 80244934 (length = D10 bytes)
$GoToNextLevel_Roguelike will be placed at 80245644 (length = 868 bytes)
$Function_80240260 will be placed at 80245EAC (length = 5E4 bytes)
$SetSpawns will be placed at 80246490 (length = 384 bytes)
$FallingDownPipe will be placed at 80246814 (length = 37C bytes)
$Script_SetSetsOfLevels will be placed at 80246B90 (length = 358 bytes)
$Script_SetNPCPos will be placed at 80246EE8 (length = 2F4 bytes)
$Function_NpcAI_MoneySack will be placed at 802471DC (length = 238 bytes)
$Script_SackAnimation_Start_GoToTheRight will be placed at 80247414 (length = 230 bytes)
$Script_SackAnimation_Start_GoToTheLeft will be placed at 80247644 (length = 1F8 bytes)
$Interact_Mover will be placed at 8024783C (length = 1F8 bytes)
$NpcGroup_Enemy3 will be placed at 80247A34 (length = 1F0 bytes)
$NpcGroup_Enemy4 will be placed at 80247C24 (length = 1F0 bytes)
$NpcGroup_Enemy5 will be placed at 80247E14 (length = 1F0 bytes)
$NpcGroup_Enemy6 will be placed at 80248004 (length = 1F0 bytes)
$NpcGroup_Enemy1 will be placed at 802481F4 (length = 1F0 bytes)
$NpcGroup_Enemy2 will be placed at 802483E4 (length = 1F0 bytes)
$NpcGroup_Mover will be placed at 802485D4 (length = 1F0 bytes)
$NpcGroup_BanditMover will be placed at 802487C4 (length = 1F0 bytes)
$Interact_BanditMover will be placed at 802489B4 (length = 1EC bytes)
$Script_PipeAnimation will be placed at 80248BA0 (length = 1D0 bytes)
$JumpTable_80242448 will be placed at 80248D70 (length = 190 bytes)
$Script_LoadChestMap_Mover_Roguelike will be placed at 80248F00 (length = 18C bytes)
$PipeSpawning will be placed at 8024908C (length = 178 bytes)
$NPC_Sack_AnimationStart will be placed at 80249204 (length = 168 bytes)
$Function_80240844 will be placed at 8024936C (length = 164 bytes)
$Script_LoadChestMap_Roguelike will be placed at 802494D0 (length = 164 bytes)
$Script_NPC_SackHit_Init will be placed at 80249634 (length = 160 bytes)
$Script_SackAnimation_End_Right will be placed at 80249794 (length = 158 bytes)
$Script_SackAnimation_End_Left will be placed at 802498EC (length = 150 bytes)
$MapTattle5 will be placed at 80249A3C (length = 13C bytes)
$MapTattle4 will be placed at 80249B78 (length = 130 bytes)
$GetFloor will be placed at 80249CA8 (length = 12C bytes)
$BanditMover_Tattle will be placed at 80249DD4 (length = 124 bytes)
$Script_Main will be placed at 80249EF8 (length = 120 bytes)
$Script_80243A6C will be placed at 8024A018 (length = 114 bytes)
$Script_SubstractCoins will be placed at 8024A12C (length = 10C bytes)
$Script_LoadMapMover_Roguelike will be placed at 8024A238 (length = 104 bytes)
$GetFloorBandit will be placed at 8024A33C (length = F4 bytes)
$Script_MoverWarpAnimation will be placed at 8024A430 (length = F0 bytes)
$Function_GetColliderPos will be placed at 8024A520 (length = E0 bytes)
$Function_GetPos will be placed at 8024A600 (length = E0 bytes)
$Script_TrackPlayer will be placed at 8024A6E0 (length = DC bytes)
$MapTattle2 will be placed at 8024A7BC (length = D4 bytes)
$Function_TrackInput will be placed at 8024A890 (length = BC bytes)
$MapTattle3 will be placed at 8024A94C (length = B0 bytes)
$Script_MakeEntities will be placed at 8024A9FC (length = A8 bytes)
$MapTattle1 will be placed at 8024AAA4 (length = A8 bytes)
$Script_NpcAI_MoneySack will be placed at 8024AB4C (length = A8 bytes)
$MoverStart will be placed at 8024ABF4 (length = A4 bytes)
$SwitchPath will be placed at 8024AC98 (length = A4 bytes)
$Script_NPC_Sack_FX will be placed at 8024AD3C (length = A4 bytes)
$GetPos will be placed at 8024ADE0 (length = 9C bytes)
$Script_AddCoins will be placed at 8024AE7C (length = 98 bytes)
$BanditMoverStart will be placed at 8024AF14 (length = 98 bytes)
$Mover_Tattle will be placed at 8024AFAC (length = 94 bytes)
$Function_GetTattle1 will be placed at 8024B040 (length = 8C bytes)
$NPC_Sack_AnimationEnd will be placed at 8024B0CC (length = 84 bytes)
$BanditMover_Options will be placed at 8024B150 (length = 80 bytes)
$SignStringBug will be placed at 8024B1D0 (length = 7C bytes)
$LoadHighscores will be placed at 8024B24C (length = 7C bytes)
$Mover_Options will be placed at 8024B2C8 (length = 78 bytes)
$NpcGroups will be placed at 8024B340 (length = 6C bytes)
$DeepestLevel will be placed at 8024B3AC (length = 6C bytes)
$Function2 will be placed at 8024B418 (length = 6C bytes)
$LoadCoinsMover will be placed at 8024B484 (length = 6C bytes)
$Function_SetAnimation will be placed at 8024B4F0 (length = 6C bytes)
$GetFloorPit will be placed at 8024B55C (length = 68 bytes)
$MoverEnd will be placed at 8024B5C4 (length = 68 bytes)
$BanditMoverEnd will be placed at 8024B62C (length = 68 bytes)
$GetFloorSign will be placed at 8024B694 (length = 64 bytes)
$BanditMoverNoCoins will be placed at 8024B6F8 (length = 58 bytes)
$MoverNoCoins will be placed at 8024B750 (length = 58 bytes)
$Function_GetTattle2 will be placed at 8024B7A8 (length = 48 bytes)
$CommingDownPipe will be placed at 8024B7F0 (length = 48 bytes)
$Script_Exit0 will be placed at 8024B838 (length = 48 bytes)
$Function_LoadGainedCoins will be placed at 8024B880 (length = 48 bytes)
$Function_Init will be placed at 8024B8C8 (length = 44 bytes)
$Function_802409A8 will be placed at 8024B90C (length = 44 bytes)
$Header will be placed at 8024B950 (length = 40 bytes)
$Script_Init_Bag will be placed at 8024B990 (length = 38 bytes)
$TotalLevels will be placed at 8024B9C8 (length = 38 bytes)
$Script_Init_Bag_HitBox will be placed at 8024BA00 (length = 38 bytes)
$DispawnParthner will be placed at 8024BA38 (length = 34 bytes)
$Function_ResetDamage will be placed at 8024BA6C (length = 34 bytes)
$AISettings_MoneySack will be placed at 8024BAA0 (length = 30 bytes)
$AISettings_Enemy will be placed at 8024BAD0 (length = 30 bytes)
$AISettings_DisableEnemy will be placed at 8024BB00 (length = 30 bytes)
$RespawnParthner will be placed at 8024BB30 (length = 30 bytes)
$NPC_Settings_Sack will be placed at 8024BB60 (length = 2C bytes)
$Function_GetDamageTaken will be placed at 8024BB8C (length = 2C bytes)
$Function_RevivePlayer will be placed at 8024BBB8 (length = 2C bytes)
$String_CoinsGained will be placed at 8024BBE4 (length = 2C bytes)
$BlankSettings will be placed at 8024BC10 (length = 2C bytes)
$Script_MakeExits will be placed at 8024BC3C (length = 2C bytes)
$NpcSettings_Enemy1 will be placed at 8024BC68 (length = 24 bytes)
$VectorList_80244998 will be placed at 8024BC8C (length = 24 bytes)
$Script_Init_80243B20 will be placed at 8024BCB0 (length = 24 bytes)
$Script_Init_Mover will be placed at 8024BCD4 (length = 24 bytes)
$Script_Init_BanditMover will be placed at 8024BCF8 (length = 24 bytes)
$Script_DisableEnemyAI will be placed at 8024BD1C (length = 20 bytes)
$EntryList will be placed at 8024BD3C (length = 20 bytes)
$Script_EnemyAI will be placed at 8024BD5C (length = 20 bytes)
$SignString100 will be placed at 8024BD7C (length = 18 bytes)
$SignString1 will be placed at 8024BD94 (length = 14 bytes)
$SignString99 will be placed at 8024BDA8 (length = 14 bytes)
$SignString98 will be placed at 8024BDBC (length = 14 bytes)
$SignString97 will be placed at 8024BDD0 (length = 14 bytes)
$SignString96 will be placed at 8024BDE4 (length = 14 bytes)
$SignString95 will be placed at 8024BDF8 (length = 14 bytes)
$SignString94 will be placed at 8024BE0C (length = 14 bytes)
$SignString93 will be placed at 8024BE20 (length = 14 bytes)
$SignString92 will be placed at 8024BE34 (length = 14 bytes)
$SignString91 will be placed at 8024BE48 (length = 14 bytes)
$SignString90 will be placed at 8024BE5C (length = 14 bytes)
$SignString59 will be placed at 8024BE70 (length = 14 bytes)
$SignString58 will be placed at 8024BE84 (length = 14 bytes)
$SignString57 will be placed at 8024BE98 (length = 14 bytes)
$SignString56 will be placed at 8024BEAC (length = 14 bytes)
$SignString55 will be placed at 8024BEC0 (length = 14 bytes)
$SignString54 will be placed at 8024BED4 (length = 14 bytes)
$SignString53 will be placed at 8024BEE8 (length = 14 bytes)
$SignString52 will be placed at 8024BEFC (length = 14 bytes)
$SignString51 will be placed at 8024BF10 (length = 14 bytes)
$SignString50 will be placed at 8024BF24 (length = 14 bytes)
$SignString69 will be placed at 8024BF38 (length = 14 bytes)
$SignString68 will be placed at 8024BF4C (length = 14 bytes)
$SignString67 will be placed at 8024BF60 (length = 14 bytes)
$SignString66 will be placed at 8024BF74 (length = 14 bytes)
$SignString65 will be placed at 8024BF88 (length = 14 bytes)
$SignString64 will be placed at 8024BF9C (length = 14 bytes)
$SignString63 will be placed at 8024BFB0 (length = 14 bytes)
$SignString62 will be placed at 8024BFC4 (length = 14 bytes)
$SignString61 will be placed at 8024BFD8 (length = 14 bytes)
$SignString60 will be placed at 8024BFEC (length = 14 bytes)
$SignString79 will be placed at 8024C000 (length = 14 bytes)
$SignString78 will be placed at 8024C014 (length = 14 bytes)
$SignString77 will be placed at 8024C028 (length = 14 bytes)
$SignString76 will be placed at 8024C03C (length = 14 bytes)
$SignString75 will be placed at 8024C050 (length = 14 bytes)
$SignString74 will be placed at 8024C064 (length = 14 bytes)
$SignString73 will be placed at 8024C078 (length = 14 bytes)
$SignString72 will be placed at 8024C08C (length = 14 bytes)
$SignString71 will be placed at 8024C0A0 (length = 14 bytes)
$SignString70 will be placed at 8024C0B4 (length = 14 bytes)
$SignString89 will be placed at 8024C0C8 (length = 14 bytes)
$SignString88 will be placed at 8024C0DC (length = 14 bytes)
$SignString87 will be placed at 8024C0F0 (length = 14 bytes)
$SignString86 will be placed at 8024C104 (length = 14 bytes)
$SignString85 will be placed at 8024C118 (length = 14 bytes)
$SignString84 will be placed at 8024C12C (length = 14 bytes)
$SignString83 will be placed at 8024C140 (length = 14 bytes)
$SignString82 will be placed at 8024C154 (length = 14 bytes)
$SignString81 will be placed at 8024C168 (length = 14 bytes)
$SignString80 will be placed at 8024C17C (length = 14 bytes)
$SignString19 will be placed at 8024C190 (length = 14 bytes)
$SignString18 will be placed at 8024C1A4 (length = 14 bytes)
$SignString17 will be placed at 8024C1B8 (length = 14 bytes)
$SignString16 will be placed at 8024C1CC (length = 14 bytes)
$SignString15 will be placed at 8024C1E0 (length = 14 bytes)
$SignString14 will be placed at 8024C1F4 (length = 14 bytes)
$SignString13 will be placed at 8024C208 (length = 14 bytes)
$SignString12 will be placed at 8024C21C (length = 14 bytes)
$SignString11 will be placed at 8024C230 (length = 14 bytes)
$SignString10 will be placed at 8024C244 (length = 14 bytes)
$SignString3 will be placed at 8024C258 (length = 14 bytes)
$SignString2 will be placed at 8024C26C (length = 14 bytes)
$SignString5 will be placed at 8024C280 (length = 14 bytes)
$SignString4 will be placed at 8024C294 (length = 14 bytes)
$SignString7 will be placed at 8024C2A8 (length = 14 bytes)
$SignString6 will be placed at 8024C2BC (length = 14 bytes)
$SignString9 will be placed at 8024C2D0 (length = 14 bytes)
$SignString8 will be placed at 8024C2E4 (length = 14 bytes)
$SignString29 will be placed at 8024C2F8 (length = 14 bytes)
$SignString28 will be placed at 8024C30C (length = 14 bytes)
$SignString27 will be placed at 8024C320 (length = 14 bytes)
$SignString26 will be placed at 8024C334 (length = 14 bytes)
$SignString25 will be placed at 8024C348 (length = 14 bytes)
$SignString24 will be placed at 8024C35C (length = 14 bytes)
$SignString23 will be placed at 8024C370 (length = 14 bytes)
$SignString22 will be placed at 8024C384 (length = 14 bytes)
$SignString21 will be placed at 8024C398 (length = 14 bytes)
$SignString20 will be placed at 8024C3AC (length = 14 bytes)
$SignString will be placed at 8024C3C0 (length = 14 bytes)
$SignString39 will be placed at 8024C3D4 (length = 14 bytes)
$SignString38 will be placed at 8024C3E8 (length = 14 bytes)
$SignString37 will be placed at 8024C3FC (length = 14 bytes)
$SignString36 will be placed at 8024C410 (length = 14 bytes)
$SignString35 will be placed at 8024C424 (length = 14 bytes)
$SignString34 will be placed at 8024C438 (length = 14 bytes)
$SignString33 will be placed at 8024C44C (length = 14 bytes)
$SignString32 will be placed at 8024C460 (length = 14 bytes)
$SignString31 will be placed at 8024C474 (length = 14 bytes)
$SignString30 will be placed at 8024C488 (length = 14 bytes)
$SignString49 will be placed at 8024C49C (length = 14 bytes)
$SignString48 will be placed at 8024C4B0 (length = 14 bytes)
$SignString47 will be placed at 8024C4C4 (length = 14 bytes)
$SignString46 will be placed at 8024C4D8 (length = 14 bytes)
$SignString45 will be placed at 8024C4EC (length = 14 bytes)
$SignString44 will be placed at 8024C500 (length = 14 bytes)
$SignString43 will be placed at 8024C514 (length = 14 bytes)
$SignString42 will be placed at 8024C528 (length = 14 bytes)
$SignString41 will be placed at 8024C53C (length = 14 bytes)
$SignString40 will be placed at 8024C550 (length = 14 bytes)
$ASCII_pit_02_Literal will be placed at 8024C564 (length = C bytes)
$ASCII_pit_90_Literal will be placed at 8024C570 (length = C bytes)
$ASCII_pit_34_Literal will be placed at 8024C57C (length = C bytes)
$ASCII_pit_66_Literal will be placed at 8024C588 (length = C bytes)
$ASCII_pit_98_Literal will be placed at 8024C594 (length = C bytes)
$ASCII_pit_19_Literal will be placed at 8024C5A0 (length = C bytes)
$ASCII_pit_57_Literal will be placed at 8024C5AC (length = C bytes)
$ASCII_pit_69_Literal will be placed at 8024C5B8 (length = C bytes)
$ASCII_pit_72_Literal will be placed at 8024C5C4 (length = C bytes)
$ASCII_pit_81_Literal will be placed at 8024C5D0 (length = C bytes)
$ASCII_pit_43_Literal will be placed at 8024C5DC (length = C bytes)
$ASCII_pit_28_Literal will be placed at 8024C5E8 (length = C bytes)
$ASCII_pit_78_Literal will be placed at 8024C5F4 (length = C bytes)
$ASCII_pit_63_Literal will be placed at 8024C600 (length = C bytes)
$ASCII_pit_46_Literal will be placed at 8024C60C (length = C bytes)
$ASCII_pit_95_Literal will be placed at 8024C618 (length = C bytes)
$ASCII_pit_16_Literal will be placed at 8024C624 (length = C bytes)
$ASCII_pit_37_Literal will be placed at 8024C630 (length = C bytes)
$ASCII_pit_22_Literal will be placed at 8024C63C (length = C bytes)
$ASCII_pit_05_Literal will be placed at 8024C648 (length = C bytes)
$ASCII_pit_25_Literal will be placed at 8024C654 (length = C bytes)
$ASCII_pit_54_Literal will be placed at 8024C660 (length = C bytes)
$ASCII_pit_08_Literal will be placed at 8024C66C (length = C bytes)
$ASCII_pit_87_Literal will be placed at 8024C678 (length = C bytes)
$ASCII_pit_75_Literal will be placed at 8024C684 (length = C bytes)
$ASCII_pit_13_Literal will be placed at 8024C690 (length = C bytes)
$ASCII_pit_32_Literal will be placed at 8024C69C (length = C bytes)
$ASCII_pit_92_Literal will be placed at 8024C6A8 (length = C bytes)
$ASCII_pit_17_Literal will be placed at 8024C6B4 (length = C bytes)
$ASCII_pit_49_Literal will be placed at 8024C6C0 (length = C bytes)
$ASCII_pit_77_Literal will be placed at 8024C6CC (length = C bytes)
$ASCII_pit_96_Literal will be placed at 8024C6D8 (length = C bytes)
$ASCII_pit_68_Literal will be placed at 8024C6E4 (length = C bytes)
$ASCII_pit_51_Literal will be placed at 8024C6F0 (length = C bytes)
$ASCII_pit_04_Literal will be placed at 8024C6FC (length = C bytes)
$ASCII_pit_83_Literal will be placed at 8024C708 (length = C bytes)
$ASCII_pit_86_Literal will be placed at 8024C714 (length = C bytes)
$ASCII_pit_26_Literal will be placed at 8024C720 (length = C bytes)
$ASCII_pit_41_Literal will be placed at 8024C72C (length = C bytes)
$ASCII_pit_14_Literal will be placed at 8024C738 (length = C bytes)
$ASCII_pit_74_Literal will be placed at 8024C744 (length = C bytes)
$ASCII_pit_60_Literal will be placed at 8024C750 (length = C bytes)
$ASCII_pit_59_Literal will be placed at 8024C75C (length = C bytes)
$ASCII_pit_93_Literal will be placed at 8024C768 (length = C bytes)
$ASCII_pit_65_Literal will be placed at 8024C774 (length = C bytes)
$ASCII_pit_07_Literal will be placed at 8024C780 (length = C bytes)
$ASCII_pit_20_Literal will be placed at 8024C78C (length = C bytes)
$ASCII_pit_35_Literal will be placed at 8024C798 (length = C bytes)
$ASCII_pit_23_Literal will be placed at 8024C7A4 (length = C bytes)
$ASCII_pit_11_Literal will be placed at 8024C7B0 (length = C bytes)
$ASCII_pit_56_Literal will be placed at 8024C7BC (length = C bytes)
$ASCII_pit_44_Literal will be placed at 8024C7C8 (length = C bytes)
$ASCII_pit_89_Literal will be placed at 8024C7D4 (length = C bytes)
$ASCII_pit_79_Literal will be placed at 8024C7E0 (length = C bytes)
$ASCII_pit_62_Literal will be placed at 8024C7EC (length = C bytes)
$ASCII_pit_94_Literal will be placed at 8024C7F8 (length = C bytes)
$ASCII_pit_47_Literal will be placed at 8024C804 (length = C bytes)
$ASCII_pit_21_Literal will be placed at 8024C810 (length = C bytes)
$ASCII_pit_06_Literal will be placed at 8024C81C (length = C bytes)
$ASCII_pit_53_Literal will be placed at 8024C828 (length = C bytes)
$ASCII_pit_09_Literal will be placed at 8024C834 (length = C bytes)
$ASCII_pit_88_Literal will be placed at 8024C840 (length = C bytes)
$ASCII_pit_38_Literal will be placed at 8024C84C (length = C bytes)
$ASCII_pit_24_Literal will be placed at 8024C858 (length = C bytes)
$ASCII_pit_12_Literal will be placed at 8024C864 (length = C bytes)
$ASCII_pit_76_Literal will be placed at 8024C870 (length = C bytes)
$ASCII_pit_01_Literal will be placed at 8024C87C (length = C bytes)
$ASCII_pit_50_Literal will be placed at 8024C888 (length = C bytes)
$ASCII_pit_33_Literal will be placed at 8024C894 (length = C bytes)
$ASCII_pit_99_Literal will be placed at 8024C8A0 (length = C bytes)
$ASCII_pit_67_Literal will be placed at 8024C8AC (length = C bytes)
$ASCII_pit_71_Literal will be placed at 8024C8B8 (length = C bytes)
$ASCII_pit_42_Literal will be placed at 8024C8C4 (length = C bytes)
$ASCII_pit_80_Literal will be placed at 8024C8D0 (length = C bytes)
$ASCII_pit_29_Literal will be placed at 8024C8DC (length = C bytes)
$ASCII_pit_58_Literal will be placed at 8024C8E8 (length = C bytes)
$ASCII_pit_30_Literal will be placed at 8024C8F4 (length = C bytes)
$ASCII_pit_00_Literal will be placed at 8024C900 (length = C bytes)
$ASCII_pit_64_Literal will be placed at 8024C90C (length = C bytes)
$ASCII_pit_36_Literal will be placed at 8024C918 (length = C bytes)
$ASCII_pit_55_Literal will be placed at 8024C924 (length = C bytes)
$ASCII_pit_10_Literal will be placed at 8024C930 (length = C bytes)
$ASCII_pit_45_Literal will be placed at 8024C93C (length = C bytes)
$ASCII_pit_18_Literal will be placed at 8024C948 (length = C bytes)
$ASCII_pit_48_Literal will be placed at 8024C954 (length = C bytes)
$ASCII_pit_03_Literal will be placed at 8024C960 (length = C bytes)
$ASCII_pit_31_Literal will be placed at 8024C96C (length = C bytes)
$ASCII_pit_91_Literal will be placed at 8024C978 (length = C bytes)
$ASCII_pit_97_Literal will be placed at 8024C984 (length = C bytes)
$ASCII_pit_82_Literal will be placed at 8024C990 (length = C bytes)
$ASCII_pit_52_Literal will be placed at 8024C99C (length = C bytes)
$ASCII_pit_70_Literal will be placed at 8024C9A8 (length = C bytes)
$ASCII_pit_85_Literal will be placed at 8024C9B4 (length = C bytes)
$ASCII_pit_40_Literal will be placed at 8024C9C0 (length = C bytes)
$ASCII_pit_39_Literal will be placed at 8024C9CC (length = C bytes)
$ASCII_pit_73_Literal will be placed at 8024C9D8 (length = C bytes)
$ASCII_pit_15_Literal will be placed at 8024C9E4 (length = C bytes)
$ASCII_pit_27_Literal will be placed at 8024C9F0 (length = C bytes)
$ASCII_pit_61_Literal will be placed at 8024C9FC (length = C bytes)
$ASCII_pit_842_Literal will be placed at 8024CA08 (length = 8 bytes)
$ASCII_pit_100_Literal will be placed at 8024CA10 (length = 8 bytes)
$ASCII_tik_tex_Literal will be placed at 8024CA18 (length = 8 bytes)
$MoverCancel will be placed at 8024CA20 (length = 4 bytes)
$BanditMoverCancel will be placed at 8024CA24 (length = 4 bytes)
Executing patch: pit_32.mpat
Loaded map pit_32
Creating struct: $EntryList
Creating struct: $DeepestLevel
Creating struct: $TotalLevels
Creating struct: $LoadHighscores
Creating struct: $FallingDownPipe
Creating struct: $Function_GetPos
Creating struct: $Function2
Creating struct: $SetSpawns
Creating struct: $Script_SetNPCPos
Creating struct: $SwitchPath
Creating struct: $VectorList_80244998
Creating struct: $GetPos
Creating struct: $Function_GetDamageTaken
Creating struct: $Function_ResetDamage
Creating struct: $DispawnParthner
Creating struct: $RespawnParthner
Creating struct: $LoadMap
Creating struct: $Script_LoadMapMover_Roguelike
Creating struct: $GetFloor
Creating struct: $LoadCoinsMover
Creating struct: $LoadMapBandit
Creating struct: $GetFloorBandit
Creating struct: $Script_Init_80243B20
Creating struct: $Script_80243A6C
Creating struct: $Script_AddCoins
Creating struct: $Script_SubstractCoins
Creating struct: $NPC_Settings_Sack
Creating struct: $Script_Init_Bag
Creating struct: $Script_Init_Bag_HitBox
Creating struct: $Script_NPC_SackHit_Init
Creating struct: $Script_NPC_Sack_FX
Creating struct: $NPC_Sack_AnimationStart
Creating struct: $NPC_Sack_AnimationEnd
Creating struct: $Script_SackAnimation_Start_GoToTheRight
Creating struct: $Script_SackAnimation_Start_GoToTheLeft
Creating struct: $Script_SackAnimation_End_Right
Creating struct: $Script_SackAnimation_End_Left
Creating struct: $Function_LoadGainedCoins
Creating struct: $Function_RevivePlayer
Creating struct: $AISettings_MoneySack
Creating struct: $Script_NpcAI_MoneySack
Creating struct: $JumpTable_80242448
Creating struct: $Function_NpcAI_MoneySack
Creating struct: $Function_80240260
Creating struct: $Function_80240844
Creating struct: $Function_802409A8
Creating struct: $Script_TrackPlayer
Creating struct: $Script_PipeAnimation
Creating struct: $Function_SetAnimation
Creating struct: $Function_GetColliderPos
Creating struct: $Function_TrackInput
Creating struct: $GoToNextLevel
Creating struct: $GoToNextLevel_Roguelike
Creating struct: $Script_SetSetsOfLevels
Creating struct: $Script_LoadMap_Roguelike
Creating struct: $Script_LoadChestMap_Roguelike
Creating struct: $Script_LoadMap_Mover_Roguelike
Creating struct: $Script_LoadChestMap_Mover_Roguelike
Creating struct: $GetFloorPit
Creating struct: $GetFloorSign
Creating struct: $Function_GetTattle1
Creating struct: $Function_GetTattle2
Creating struct: $Script_ReadSign
Creating struct: $Header
Creating struct: $Function_Init
Creating struct: $Script_Main
Creating struct: $NpcGroups
Creating struct: $NpcGroup_Mover
Creating struct: $BlankSettings
Creating struct: $Script_Init_Mover
Creating struct: $Interact_Mover
Creating struct: $Script_MoverWarpAnimation
Creating struct: $NpcGroup_BanditMover
Creating struct: $Script_Init_BanditMover
Creating struct: $Interact_BanditMover
Creating struct: $NpcGroup_Enemy1
Creating struct: $NpcGroup_Enemy2
Creating struct: $NpcGroup_Enemy3
Creating struct: $NpcGroup_Enemy4
Creating struct: $NpcGroup_Enemy5
Creating struct: $NpcGroup_Enemy6
Creating struct: $NpcSettings_Enemy1
Creating struct: $Script_EnemyAI
Creating struct: $AISettings_Enemy
Creating struct: $ConstDouble_80244CB0
Creating struct: $ConstDouble_80244CB8
Creating struct: $ConstDouble_80244CC0
Creating struct: $FloatTable_80242EF0
Creating struct: $JumpTable_80244CC8
Creating struct: $Function_802416AC
Creating struct: $Function_80241588
Creating struct: $Function_802403A0
Creating struct: $Function_80240550
Creating struct: $Function_80240B78
Creating struct: $Function_80240C38
Creating struct: $Function_80240F7C
Creating struct: $Function_80240FF4
Creating struct: $Function_80241060
Creating struct: $Function_80241194
Creating struct: $Function_802411F8
Creating struct: $Script_DisableEnemyAI
Creating struct: $AISettings_DisableEnemy
Creating struct: $PipeSpawning
Creating struct: $Script_MakeEntities
Creating struct: $CommingDownPipe
Creating struct: $Script_MakeExits
Creating struct: $Script_Exit0
Merged 1 regions to 1
$Script_LoadMap_Mover_Roguelike will be placed at 80240000 (length = F14 bytes)
$LoadMap will be placed at 80240F14 (length = EF4 bytes)
$Script_ReadSign will be placed at 80241E08 (length = EEC bytes)
$LoadMapBandit will be placed at 80242CF4 (length = EA4 bytes)
$Script_LoadMap_Roguelike will be placed at 80243B98 (length = D9C bytes)
$GoToNextLevel will be placed at 80244934 (length = D10 bytes)
$GoToNextLevel_Roguelike will be placed at 80245644 (length = 868 bytes)
$Function_80240550 will be placed at 80245EAC (length = 62C bytes)
$Function_80240260 will be placed at 802464D8 (length = 5E4 bytes)
$Function_802411F8 will be placed at 80246ABC (length = 390 bytes)
$SetSpawns will be placed at 80246E4C (length = 384 bytes)
$FallingDownPipe will be placed at 802471D0 (length = 37C bytes)
$Script_SetSetsOfLevels will be placed at 8024754C (length = 358 bytes)
$Function_80240C38 will be placed at 802478A4 (length = 344 bytes)
$Script_SetNPCPos will be placed at 80247BE8 (length = 2F4 bytes)
$Function_NpcAI_MoneySack will be placed at 80247EDC (length = 238 bytes)
$Script_SackAnimation_Start_GoToTheRight will be placed at 80248114 (length = 230 bytes)
$Script_SackAnimation_Start_GoToTheLeft will be placed at 80248344 (length = 1F8 bytes)
$Interact_Mover will be placed at 8024853C (length = 1F8 bytes)
$NpcGroup_Enemy3 will be placed at 80248734 (length = 1F0 bytes)
$NpcGroup_Enemy4 will be placed at 80248924 (length = 1F0 bytes)
$NpcGroup_Enemy5 will be placed at 80248B14 (length = 1F0 bytes)
$NpcGroup_Enemy6 will be placed at 80248D04 (length = 1F0 bytes)
$NpcGroup_Enemy1 will be placed at 80248EF4 (length = 1F0 bytes)
$NpcGroup_Enemy2 will be placed at 802490E4 (length = 1F0 bytes)
$NpcGroup_Mover will be placed at 802492D4 (length = 1F0 bytes)
$NpcGroup_BanditMover will be placed at 802494C4 (length = 1F0 bytes)
$Interact_BanditMover will be placed at 802496B4 (length = 1EC bytes)
$Function_802416AC will be placed at 802498A0 (length = 1EC bytes)
$Script_PipeAnimation will be placed at 80249A8C (length = 1D0 bytes)
$Function_802403A0 will be placed at 80249C5C (length = 1B4 bytes)
$JumpTable_80242448 will be placed at 80249E10 (length = 190 bytes)
$Script_LoadChestMap_Mover_Roguelike will be placed at 80249FA0 (length = 18C bytes)
$PipeSpawning will be placed at 8024A12C (length = 178 bytes)
$NPC_Sack_AnimationStart will be placed at 8024A2A4 (length = 168 bytes)
$Function_80240844 will be placed at 8024A40C (length = 164 bytes)
$Script_LoadChestMap_Roguelike will be placed at 8024A570 (length = 164 bytes)
$Script_NPC_SackHit_Init will be placed at 8024A6D4 (length = 160 bytes)
$Script_SackAnimation_End_Right will be placed at 8024A834 (length = 158 bytes)
$Script_SackAnimation_End_Left will be placed at 8024A98C (length = 150 bytes)
$MapTattle5 will be placed at 8024AADC (length = 13C bytes)
$Function_80241060 will be placed at 8024AC18 (length = 134 bytes)
$MapTattle4 will be placed at 8024AD4C (length = 130 bytes)
$GetFloor will be placed at 8024AE7C (length = 12C bytes)
$BanditMover_Tattle will be placed at 8024AFA8 (length = 124 bytes)
$Function_80241588 will be placed at 8024B0CC (length = 124 bytes)
$Script_Main will be placed at 8024B1F0 (length = 120 bytes)
$Script_80243A6C will be placed at 8024B310 (length = 114 bytes)
$Script_SubstractCoins will be placed at 8024B424 (length = 10C bytes)
$Script_LoadMapMover_Roguelike will be placed at 8024B530 (length = 104 bytes)
$GetFloorBandit will be placed at 8024B634 (length = F4 bytes)
$Script_MoverWarpAnimation will be placed at 8024B728 (length = F0 bytes)
$Function_GetColliderPos will be placed at 8024B818 (length = E0 bytes)
$Function_GetPos will be placed at 8024B8F8 (length = E0 bytes)
$Script_TrackPlayer will be placed at 8024B9D8 (length = DC bytes)
$MapTattle2 will be placed at 8024BAB4 (length = D4 bytes)
$Function_80240B78 will be placed at 8024BB88 (length = C0 bytes)
$Function_TrackInput will be placed at 8024BC48 (length = BC bytes)
$MapTattle3 will be placed at 8024BD04 (length = B0 bytes)
$Script_MakeEntities will be placed at 8024BDB4 (length = A8 bytes)
$MapTattle1 will be placed at 8024BE5C (length = A8 bytes)
$Script_NpcAI_MoneySack will be placed at 8024BF04 (length = A8 bytes)
$MoverStart will be placed at 8024BFAC (length = A4 bytes)
$SwitchPath will be placed at 8024C050 (length = A4 bytes)
$Script_NPC_Sack_FX will be placed at 8024C0F4 (length = A4 bytes)
$GetPos will be placed at 8024C198 (length = 9C bytes)
$Script_AddCoins will be placed at 8024C234 (length = 98 bytes)
$BanditMoverStart will be placed at 8024C2CC (length = 98 bytes)
$Mover_Tattle will be placed at 8024C364 (length = 94 bytes)
$Function_GetTattle1 will be placed at 8024C3F8 (length = 8C bytes)
$NPC_Sack_AnimationEnd will be placed at 8024C484 (length = 84 bytes)
$BanditMover_Options will be placed at 8024C508 (length = 80 bytes)
$SignStringBug will be placed at 8024C588 (length = 7C bytes)
$LoadHighscores will be placed at 8024C604 (length = 7C bytes)
$Function_80240F7C will be placed at 8024C680 (length = 78 bytes)
$Mover_Options will be placed at 8024C6F8 (length = 78 bytes)
$Script_EnemyAI will be placed at 8024C770 (length = 70 bytes)
$NpcGroups will be placed at 8024C7E0 (length = 6C bytes)
$DeepestLevel will be placed at 8024C84C (length = 6C bytes)
$Function2 will be placed at 8024C8B8 (length = 6C bytes)
$LoadCoinsMover will be placed at 8024C924 (length = 6C bytes)
$Function_SetAnimation will be placed at 8024C990 (length = 6C bytes)
$Function_80240FF4 will be placed at 8024C9FC (length = 6C bytes)
$GetFloorPit will be placed at 8024CA68 (length = 68 bytes)
$MoverEnd will be placed at 8024CAD0 (length = 68 bytes)
$BanditMoverEnd will be placed at 8024CB38 (length = 68 bytes)
$GetFloorSign will be placed at 8024CBA0 (length = 64 bytes)
$Function_80241194 will be placed at 8024CC04 (length = 64 bytes)
$BanditMoverNoCoins will be placed at 8024CC68 (length = 58 bytes)
$MoverNoCoins will be placed at 8024CCC0 (length = 58 bytes)
$Function_GetTattle2 will be placed at 8024CD18 (length = 48 bytes)
$CommingDownPipe will be placed at 8024CD60 (length = 48 bytes)
$Script_Exit0 will be placed at 8024CDA8 (length = 48 bytes)
$Function_LoadGainedCoins will be placed at 8024CDF0 (length = 48 bytes)
$Function_Init will be placed at 8024CE38 (length = 44 bytes)
$Function_802409A8 will be placed at 8024CE7C (length = 44 bytes)
$Header will be placed at 8024CEC0 (length = 40 bytes)
$JumpTable_80244CC8 will be placed at 8024CF00 (length = 3C bytes)
$Script_Init_Bag will be placed at 8024CF3C (length = 38 bytes)
$TotalLevels will be placed at 8024CF74 (length = 38 bytes)
$Script_Init_Bag_HitBox will be placed at 8024CFAC (length = 38 bytes)
$DispawnParthner will be placed at 8024CFE4 (length = 34 bytes)
$Function_ResetDamage will be placed at 8024D018 (length = 34 bytes)
$AISettings_MoneySack will be placed at 8024D04C (length = 30 bytes)
$AISettings_Enemy will be placed at 8024D07C (length = 30 bytes)
$AISettings_DisableEnemy will be placed at 8024D0AC (length = 30 bytes)
$RespawnParthner will be placed at 8024D0DC (length = 30 bytes)
$NPC_Settings_Sack will be placed at 8024D10C (length = 2C bytes)
$Function_GetDamageTaken will be placed at 8024D138 (length = 2C bytes)
$NpcSettings_Enemy1 will be placed at 8024D164 (length = 2C bytes)
$Function_RevivePlayer will be placed at 8024D190 (length = 2C bytes)
$String_CoinsGained will be placed at 8024D1BC (length = 2C bytes)
$BlankSettings will be placed at 8024D1E8 (length = 2C bytes)
$Script_MakeExits will be placed at 8024D214 (length = 2C bytes)
$VectorList_80244998 will be placed at 8024D240 (length = 24 bytes)
$Script_Init_80243B20 will be placed at 8024D264 (length = 24 bytes)
$Script_Init_Mover will be placed at 8024D288 (length = 24 bytes)
$Script_Init_BanditMover will be placed at 8024D2AC (length = 24 bytes)
$Script_DisableEnemyAI will be placed at 8024D2D0 (length = 20 bytes)
$EntryList will be placed at 8024D2F0 (length = 20 bytes)
$SignString100 will be placed at 8024D310 (length = 18 bytes)
$FloatTable_80242EF0 will be placed at 8024D328 (length = 18 bytes)
$SignString1 will be placed at 8024D340 (length = 14 bytes)
$SignString99 will be placed at 8024D354 (length = 14 bytes)
$SignString98 will be placed at 8024D368 (length = 14 bytes)
$SignString97 will be placed at 8024D37C (length = 14 bytes)
$SignString96 will be placed at 8024D390 (length = 14 bytes)
$SignString95 will be placed at 8024D3A4 (length = 14 bytes)
$SignString94 will be placed at 8024D3B8 (length = 14 bytes)
$SignString93 will be placed at 8024D3CC (length = 14 bytes)
$SignString92 will be placed at 8024D3E0 (length = 14 bytes)
$SignString91 will be placed at 8024D3F4 (length = 14 bytes)
$SignString90 will be placed at 8024D408 (length = 14 bytes)
$SignString59 will be placed at 8024D41C (length = 14 bytes)
$SignString58 will be placed at 8024D430 (length = 14 bytes)
$SignString57 will be placed at 8024D444 (length = 14 bytes)
$SignString56 will be placed at 8024D458 (length = 14 bytes)
$SignString55 will be placed at 8024D46C (length = 14 bytes)
$SignString54 will be placed at 8024D480 (length = 14 bytes)
$SignString53 will be placed at 8024D494 (length = 14 bytes)
$SignString52 will be placed at 8024D4A8 (length = 14 bytes)
$SignString51 will be placed at 8024D4BC (length = 14 bytes)
$SignString50 will be placed at 8024D4D0 (length = 14 bytes)
$SignString69 will be placed at 8024D4E4 (length = 14 bytes)
$SignString68 will be placed at 8024D4F8 (length = 14 bytes)
$SignString67 will be placed at 8024D50C (length = 14 bytes)
$SignString66 will be placed at 8024D520 (length = 14 bytes)
$SignString65 will be placed at 8024D534 (length = 14 bytes)
$SignString64 will be placed at 8024D548 (length = 14 bytes)
$SignString63 will be placed at 8024D55C (length = 14 bytes)
$SignString62 will be placed at 8024D570 (length = 14 bytes)
$SignString61 will be placed at 8024D584 (length = 14 bytes)
$SignString60 will be placed at 8024D598 (length = 14 bytes)
$SignString79 will be placed at 8024D5AC (length = 14 bytes)
$SignString78 will be placed at 8024D5C0 (length = 14 bytes)
$SignString77 will be placed at 8024D5D4 (length = 14 bytes)
$SignString76 will be placed at 8024D5E8 (length = 14 bytes)
$SignString75 will be placed at 8024D5FC (length = 14 bytes)
$SignString74 will be placed at 8024D610 (length = 14 bytes)
$SignString73 will be placed at 8024D624 (length = 14 bytes)
$SignString72 will be placed at 8024D638 (length = 14 bytes)
$SignString71 will be placed at 8024D64C (length = 14 bytes)
$SignString70 will be placed at 8024D660 (length = 14 bytes)
$SignString89 will be placed at 8024D674 (length = 14 bytes)
$SignString88 will be placed at 8024D688 (length = 14 bytes)
$SignString87 will be placed at 8024D69C (length = 14 bytes)
$SignString86 will be placed at 8024D6B0 (length = 14 bytes)
$SignString85 will be placed at 8024D6C4 (length = 14 bytes)
$SignString84 will be placed at 8024D6D8 (length = 14 bytes)
$SignString83 will be placed at 8024D6EC (length = 14 bytes)
$SignString82 will be placed at 8024D700 (length = 14 bytes)
$SignString81 will be placed at 8024D714 (length = 14 bytes)
$SignString80 will be placed at 8024D728 (length = 14 bytes)
$SignString19 will be placed at 8024D73C (length = 14 bytes)
$SignString18 will be placed at 8024D750 (length = 14 bytes)
$SignString17 will be placed at 8024D764 (length = 14 bytes)
$SignString16 will be placed at 8024D778 (length = 14 bytes)
$SignString15 will be placed at 8024D78C (length = 14 bytes)
$SignString14 will be placed at 8024D7A0 (length = 14 bytes)
$SignString13 will be placed at 8024D7B4 (length = 14 bytes)
$SignString12 will be placed at 8024D7C8 (length = 14 bytes)
$SignString11 will be placed at 8024D7DC (length = 14 bytes)
$SignString10 will be placed at 8024D7F0 (length = 14 bytes)
$SignString3 will be placed at 8024D804 (length = 14 bytes)
$SignString2 will be placed at 8024D818 (length = 14 bytes)
$SignString5 will be placed at 8024D82C (length = 14 bytes)
$SignString4 will be placed at 8024D840 (length = 14 bytes)
$SignString7 will be placed at 8024D854 (length = 14 bytes)
$SignString6 will be placed at 8024D868 (length = 14 bytes)
$SignString9 will be placed at 8024D87C (length = 14 bytes)
$SignString8 will be placed at 8024D890 (length = 14 bytes)
$SignString29 will be placed at 8024D8A4 (length = 14 bytes)
$SignString28 will be placed at 8024D8B8 (length = 14 bytes)
$SignString27 will be placed at 8024D8CC (length = 14 bytes)
$SignString26 will be placed at 8024D8E0 (length = 14 bytes)
$SignString25 will be placed at 8024D8F4 (length = 14 bytes)
$SignString24 will be placed at 8024D908 (length = 14 bytes)
$SignString23 will be placed at 8024D91C (length = 14 bytes)
$SignString22 will be placed at 8024D930 (length = 14 bytes)
$SignString21 will be placed at 8024D944 (length = 14 bytes)
$SignString20 will be placed at 8024D958 (length = 14 bytes)
$SignString will be placed at 8024D96C (length = 14 bytes)
$SignString39 will be placed at 8024D980 (length = 14 bytes)
$SignString38 will be placed at 8024D994 (length = 14 bytes)
$SignString37 will be placed at 8024D9A8 (length = 14 bytes)
$SignString36 will be placed at 8024D9BC (length = 14 bytes)
$SignString35 will be placed at 8024D9D0 (length = 14 bytes)
$SignString34 will be placed at 8024D9E4 (length = 14 bytes)
$SignString33 will be placed at 8024D9F8 (length = 14 bytes)
$SignString32 will be placed at 8024DA0C (length = 14 bytes)
$SignString31 will be placed at 8024DA20 (length = 14 bytes)
$SignString30 will be placed at 8024DA34 (length = 14 bytes)
$SignString49 will be placed at 8024DA48 (length = 14 bytes)
$SignString48 will be placed at 8024DA5C (length = 14 bytes)
$SignString47 will be placed at 8024DA70 (length = 14 bytes)
$SignString46 will be placed at 8024DA84 (length = 14 bytes)
$SignString45 will be placed at 8024DA98 (length = 14 bytes)
$SignString44 will be placed at 8024DAAC (length = 14 bytes)
$SignString43 will be placed at 8024DAC0 (length = 14 bytes)
$SignString42 will be placed at 8024DAD4 (length = 14 bytes)
$SignString41 will be placed at 8024DAE8 (length = 14 bytes)
$SignString40 will be placed at 8024DAFC (length = 14 bytes)
$ASCII_pit_02_Literal will be placed at 8024DB10 (length = C bytes)
$ASCII_pit_90_Literal will be placed at 8024DB1C (length = C bytes)
$ASCII_pit_34_Literal will be placed at 8024DB28 (length = C bytes)
$ASCII_pit_66_Literal will be placed at 8024DB34 (length = C bytes)
$ASCII_pit_98_Literal will be placed at 8024DB40 (length = C bytes)
$ASCII_pit_19_Literal will be placed at 8024DB4C (length = C bytes)
$ASCII_pit_57_Literal will be placed at 8024DB58 (length = C bytes)
$ASCII_pit_69_Literal will be placed at 8024DB64 (length = C bytes)
$ASCII_pit_72_Literal will be placed at 8024DB70 (length = C bytes)
$ASCII_pit_81_Literal will be placed at 8024DB7C (length = C bytes)
$ASCII_pit_43_Literal will be placed at 8024DB88 (length = C bytes)
$ASCII_pit_28_Literal will be placed at 8024DB94 (length = C bytes)
$ASCII_pit_78_Literal will be placed at 8024DBA0 (length = C bytes)
$ASCII_pit_63_Literal will be placed at 8024DBAC (length = C bytes)
$ASCII_pit_46_Literal will be placed at 8024DBB8 (length = C bytes)
$ASCII_pit_95_Literal will be placed at 8024DBC4 (length = C bytes)
$ASCII_pit_16_Literal will be placed at 8024DBD0 (length = C bytes)
$ASCII_pit_37_Literal will be placed at 8024DBDC (length = C bytes)
$ASCII_pit_22_Literal will be placed at 8024DBE8 (length = C bytes)
$ASCII_pit_05_Literal will be placed at 8024DBF4 (length = C bytes)
$ASCII_pit_25_Literal will be placed at 8024DC00 (length = C bytes)
$ASCII_pit_54_Literal will be placed at 8024DC0C (length = C bytes)
$ASCII_pit_08_Literal will be placed at 8024DC18 (length = C bytes)
$ASCII_pit_87_Literal will be placed at 8024DC24 (length = C bytes)
$ASCII_pit_75_Literal will be placed at 8024DC30 (length = C bytes)
$ASCII_pit_13_Literal will be placed at 8024DC3C (length = C bytes)
$ASCII_pit_32_Literal will be placed at 8024DC48 (length = C bytes)
$ASCII_pit_92_Literal will be placed at 8024DC54 (length = C bytes)
$ASCII_pit_17_Literal will be placed at 8024DC60 (length = C bytes)
$ASCII_pit_49_Literal will be placed at 8024DC6C (length = C bytes)
$ASCII_pit_77_Literal will be placed at 8024DC78 (length = C bytes)
$ASCII_pit_96_Literal will be placed at 8024DC84 (length = C bytes)
$ASCII_pit_68_Literal will be placed at 8024DC90 (length = C bytes)
$ASCII_pit_51_Literal will be placed at 8024DC9C (length = C bytes)
$ASCII_pit_04_Literal will be placed at 8024DCA8 (length = C bytes)
$ASCII_pit_83_Literal will be placed at 8024DCB4 (length = C bytes)
$ASCII_pit_86_Literal will be placed at 8024DCC0 (length = C bytes)
$ASCII_pit_26_Literal will be placed at 8024DCCC (length = C bytes)
$ASCII_pit_41_Literal will be placed at 8024DCD8 (length = C bytes)
$ASCII_pit_14_Literal will be placed at 8024DCE4 (length = C bytes)
$ASCII_pit_74_Literal will be placed at 8024DCF0 (length = C bytes)
$ASCII_pit_60_Literal will be placed at 8024DCFC (length = C bytes)
$ASCII_pit_59_Literal will be placed at 8024DD08 (length = C bytes)
$ASCII_pit_93_Literal will be placed at 8024DD14 (length = C bytes)
$ASCII_pit_65_Literal will be placed at 8024DD20 (length = C bytes)
$ASCII_pit_07_Literal will be placed at 8024DD2C (length = C bytes)
$ASCII_pit_20_Literal will be placed at 8024DD38 (length = C bytes)
$ASCII_pit_35_Literal will be placed at 8024DD44 (length = C bytes)
$ASCII_pit_23_Literal will be placed at 8024DD50 (length = C bytes)
$ASCII_pit_11_Literal will be placed at 8024DD5C (length = C bytes)
$ASCII_pit_56_Literal will be placed at 8024DD68 (length = C bytes)
$ASCII_pit_44_Literal will be placed at 8024DD74 (length = C bytes)
$ASCII_pit_89_Literal will be placed at 8024DD80 (length = C bytes)
$ASCII_pit_79_Literal will be placed at 8024DD8C (length = C bytes)
$ASCII_pit_62_Literal will be placed at 8024DD98 (length = C bytes)
$ASCII_pit_94_Literal will be placed at 8024DDA4 (length = C bytes)
$ASCII_pit_47_Literal will be placed at 8024DDB0 (length = C bytes)
$ASCII_pit_21_Literal will be placed at 8024DDBC (length = C bytes)
$ASCII_pit_06_Literal will be placed at 8024DDC8 (length = C bytes)
$ASCII_pit_53_Literal will be placed at 8024DDD4 (length = C bytes)
$ASCII_pit_09_Literal will be placed at 8024DDE0 (length = C bytes)
$ASCII_pit_88_Literal will be placed at 8024DDEC (length = C bytes)
$ASCII_pit_38_Literal will be placed at 8024DDF8 (length = C bytes)
$ASCII_pit_24_Literal will be placed at 8024DE04 (length = C bytes)
$ASCII_pit_12_Literal will be placed at 8024DE10 (length = C bytes)
$ASCII_pit_76_Literal will be placed at 8024DE1C (length = C bytes)
$ASCII_pit_01_Literal will be placed at 8024DE28 (length = C bytes)
$ASCII_pit_50_Literal will be placed at 8024DE34 (length = C bytes)
$ASCII_pit_33_Literal will be placed at 8024DE40 (length = C bytes)
$ASCII_pit_99_Literal will be placed at 8024DE4C (length = C bytes)
$ASCII_pit_67_Literal will be placed at 8024DE58 (length = C bytes)
$ASCII_pit_71_Literal will be placed at 8024DE64 (length = C bytes)
$ASCII_pit_42_Literal will be placed at 8024DE70 (length = C bytes)
$ASCII_pit_80_Literal will be placed at 8024DE7C (length = C bytes)
$ASCII_pit_29_Literal will be placed at 8024DE88 (length = C bytes)
$ASCII_pit_58_Literal will be placed at 8024DE94 (length = C bytes)
$ASCII_pit_30_Literal will be placed at 8024DEA0 (length = C bytes)
$ASCII_pit_00_Literal will be placed at 8024DEAC (length = C bytes)
$ASCII_pit_64_Literal will be placed at 8024DEB8 (length = C bytes)
$ASCII_pit_36_Literal will be placed at 8024DEC4 (length = C bytes)
$ASCII_pit_55_Literal will be placed at 8024DED0 (length = C bytes)
$ASCII_pit_10_Literal will be placed at 8024DEDC (length = C bytes)
$ASCII_pit_45_Literal will be placed at 8024DEE8 (length = C bytes)
$ASCII_pit_18_Literal will be placed at 8024DEF4 (length = C bytes)
$ASCII_pit_48_Literal will be placed at 8024DF00 (length = C bytes)
$ASCII_pit_03_Literal will be placed at 8024DF0C (length = C bytes)
$ASCII_pit_31_Literal will be placed at 8024DF18 (length = C bytes)
$ASCII_pit_91_Literal will be placed at 8024DF24 (length = C bytes)
$ASCII_pit_97_Literal will be placed at 8024DF30 (length = C bytes)
$ASCII_pit_82_Literal will be placed at 8024DF3C (length = C bytes)
$ASCII_pit_52_Literal will be placed at 8024DF48 (length = C bytes)
$ASCII_pit_70_Literal will be placed at 8024DF54 (length = C bytes)
$ASCII_pit_85_Literal will be placed at 8024DF60 (length = C bytes)
$ASCII_pit_40_Literal will be placed at 8024DF6C (length = C bytes)
$ASCII_pit_39_Literal will be placed at 8024DF78 (length = C bytes)
$ASCII_pit_73_Literal will be placed at 8024DF84 (length = C bytes)
$ASCII_pit_15_Literal will be placed at 8024DF90 (length = C bytes)
$ASCII_pit_27_Literal will be placed at 8024DF9C (length = C bytes)
$ASCII_pit_61_Literal will be placed at 8024DFA8 (length = C bytes)
$ASCII_pit_842_Literal will be placed at 8024DFB4 (length = 8 bytes)
$ASCII_pit_100_Literal will be placed at 8024DFBC (length = 8 bytes)
$ASCII_tik_tex_Literal will be placed at 8024DFC4 (length = 8 bytes)
$ConstDouble_80244CC0 will be placed at 8024DFCC (length = 8 bytes)
$ConstDouble_80244CB8 will be placed at 8024DFD4 (length = 8 bytes)
$ConstDouble_80244CB0 will be placed at 8024DFDC (length = 8 bytes)
$MoverCancel will be placed at 8024DFE4 (length = 4 bytes)
$BanditMoverCancel will be placed at 8024DFE8 (length = 4 bytes)
Executing patch: pit_33.mpat
Loaded map pit_01
Creating struct: $EntryList
Creating struct: $DeepestLevel
Creating struct: $TotalLevels
Creating struct: $LoadHighscores
Creating struct: $FallingDownPipe
Creating struct: $Function_GetPos
Creating struct: $Function2
Creating struct: $SetSpawns
Creating struct: $Script_SetNPCPos
Creating struct: $SwitchPath
Creating struct: $VectorList_80244998
Creating struct: $GetPos
Creating struct: $Function_GetDamageTaken
Creating struct: $Function_ResetDamage
Creating struct: $DispawnParthner
Creating struct: $RespawnParthner
Creating struct: $LoadMap
Creating struct: $Script_LoadMapMover_Roguelike
Creating struct: $GetFloor
Creating struct: $LoadCoinsMover
Creating struct: $LoadMapBandit
Creating struct: $GetFloorBandit
Creating struct: $Script_Init_80243B20
Creating struct: $Script_80243A6C
Creating struct: $Script_AddCoins
Creating struct: $Script_SubstractCoins
Creating struct: $NPC_Settings_Sack
Creating struct: $Script_Init_Bag
Creating struct: $Script_Init_Bag_HitBox
Creating struct: $Script_NPC_SackHit_Init
Creating struct: $Script_NPC_Sack_FX
Creating struct: $NPC_Sack_AnimationStart
Creating struct: $NPC_Sack_AnimationEnd
Creating struct: $Script_SackAnimation_Start_GoToTheRight
Creating struct: $Script_SackAnimation_Start_GoToTheLeft
Creating struct: $Script_SackAnimation_End_Right
Creating struct: $Script_SackAnimation_End_Left
Creating struct: $Function_LoadGainedCoins
Creating struct: $Function_RevivePlayer
Creating struct: $AISettings_MoneySack
Creating struct: $Script_NpcAI_MoneySack
Creating struct: $JumpTable_80242448
Creating struct: $Function_NpcAI_MoneySack
Creating struct: $Function_80240260
Creating struct: $Function_80240844
Creating struct: $Function_802409A8
Creating struct: $Script_TrackPlayer
Creating struct: $Script_PipeAnimation
Creating struct: $Function_SetAnimation
Creating struct: $Function_GetColliderPos
Creating struct: $Function_TrackInput
Creating struct: $GoToNextLevel
Creating struct: $GoToNextLevel_Roguelike
Creating struct: $Script_SetSetsOfLevels
Creating struct: $Script_LoadMap_Roguelike
Creating struct: $Script_LoadChestMap_Roguelike
Creating struct: $Script_LoadMap_Mover_Roguelike
Creating struct: $Script_LoadChestMap_Mover_Roguelike
Creating struct: $GetFloorPit
Creating struct: $GetFloorSign
Creating struct: $Function_GetTattle1
Creating struct: $Function_GetTattle2
Creating struct: $Script_ReadSign
Creating struct: $Header
Creating struct: $Function_Init
Creating struct: $Script_Main
Creating struct: $NpcGroups
Creating struct: $NpcGroup_Mover
Creating struct: $BlankSettings
Creating struct: $Script_Init_Mover
Creating struct: $Interact_Mover
Creating struct: $Script_MoverWarpAnimation
Creating struct: $NpcGroup_BanditMover
Creating struct: $Script_Init_BanditMover
Creating struct: $Interact_BanditMover
Creating struct: $NpcGroup_Enemy1
Creating struct: $NpcGroup_Enemy2
Creating struct: $NpcGroup_Enemy3
Creating struct: $NpcGroup_Enemy4
Creating struct: $NpcGroup_Enemy5
Creating struct: $NpcGroup_Enemy6
Creating struct: $NpcSettings_Enemy1
Creating struct: $Script_EnemyAI
Creating struct: $AISettings_Enemy
Creating struct: $ConstDouble_80244CB0
Creating struct: $ConstDouble_80244CB8
Creating struct: $ConstDouble_80244CC0
Creating struct: $FloatTable_80242EF0
Creating struct: $JumpTable_80244CC8
Creating struct: $Function_802416AC
Creating struct: $Function_80241588
Creating struct: $Function_802403A0
Creating struct: $Function_80240550
Creating struct: $Function_80240B78
Creating struct: $Function_80240C38
Creating struct: $Function_80240F7C
Creating struct: $Function_80240FF4
Creating struct: $Function_80241060
Creating struct: $Function_80241194
Creating struct: $Function_802411F8
Creating struct: $Script_DisableEnemyAI
Creating struct: $AISettings_DisableEnemy
Creating struct: $PipeSpawning
Creating struct: $Script_MakeEntities
Creating struct: $CommingDownPipe
Creating struct: $Script_MakeExits
Creating struct: $Script_Exit0
Merged 1 regions to 1
$Script_LoadMap_Mover_Roguelike will be placed at 80240000 (length = F14 bytes)
$LoadMap will be placed at 80240F14 (length = EF4 bytes)
$Script_ReadSign will be placed at 80241E08 (length = EEC bytes)
$LoadMapBandit will be placed at 80242CF4 (length = EA4 bytes)
$Script_LoadMap_Roguelike will be placed at 80243B98 (length = D9C bytes)
$GoToNextLevel will be placed at 80244934 (length = D10 bytes)
$GoToNextLevel_Roguelike will be placed at 80245644 (length = 868 bytes)
$Function_80240550 will be placed at 80245EAC (length = 62C bytes)
$Function_80240260 will be placed at 802464D8 (length = 5E4 bytes)
$Function_802411F8 will be placed at 80246ABC (length = 390 bytes)
$SetSpawns will be placed at 80246E4C (length = 384 bytes)
$FallingDownPipe will be placed at 802471D0 (length = 37C bytes)
$Script_SetSetsOfLevels will be placed at 8024754C (length = 358 bytes)
$Function_80240C38 will be placed at 802478A4 (length = 344 bytes)
$Script_SetNPCPos will be placed at 80247BE8 (length = 2F4 bytes)
$Function_NpcAI_MoneySack will be placed at 80247EDC (length = 238 bytes)
$Script_SackAnimation_Start_GoToTheRight will be placed at 80248114 (length = 230 bytes)
$Script_SackAnimation_Start_GoToTheLeft will be placed at 80248344 (length = 1F8 bytes)
$Interact_Mover will be placed at 8024853C (length = 1F8 bytes)
$NpcGroup_Enemy3 will be placed at 80248734 (length = 1F0 bytes)
$NpcGroup_Enemy4 will be placed at 80248924 (length = 1F0 bytes)
$NpcGroup_Enemy5 will be placed at 80248B14 (length = 1F0 bytes)
$NpcGroup_Enemy6 will be placed at 80248D04 (length = 1F0 bytes)
$NpcGroup_Enemy1 will be placed at 80248EF4 (length = 1F0 bytes)
$NpcGroup_Enemy2 will be placed at 802490E4 (length = 1F0 bytes)
$NpcGroup_Mover will be placed at 802492D4 (length = 1F0 bytes)
$NpcGroup_BanditMover will be placed at 802494C4 (length = 1F0 bytes)
$Interact_BanditMover will be placed at 802496B4 (length = 1EC bytes)
$Function_802416AC will be placed at 802498A0 (length = 1EC bytes)
$Script_PipeAnimation will be placed at 80249A8C (length = 1D0 bytes)
$Function_802403A0 will be placed at 80249C5C (length = 1B0 bytes)
$JumpTable_80242448 will be placed at 80249E0C (length = 190 bytes)
$Script_LoadChestMap_Mover_Roguelike will be placed at 80249F9C (length = 18C bytes)
$PipeSpawning will be placed at 8024A128 (length = 178 bytes)
$NPC_Sack_AnimationStart will be placed at 8024A2A0 (length = 168 bytes)
$Function_80240844 will be placed at 8024A408 (length = 164 bytes)
$Script_LoadChestMap_Roguelike will be placed at 8024A56C (length = 164 bytes)
$Script_NPC_SackHit_Init will be placed at 8024A6D0 (length = 160 bytes)
$Script_SackAnimation_End_Right will be placed at 8024A830 (length = 158 bytes)
$Script_SackAnimation_End_Left will be placed at 8024A988 (length = 150 bytes)
$MapTattle5 will be placed at 8024AAD8 (length = 13C bytes)
$Function_80241060 will be placed at 8024AC14 (length = 134 bytes)
$MapTattle4 will be placed at 8024AD48 (length = 130 bytes)
$GetFloor will be placed at 8024AE78 (length = 12C bytes)
$BanditMover_Tattle will be placed at 8024AFA4 (length = 124 bytes)
$Function_80241588 will be placed at 8024B0C8 (length = 124 bytes)
$Script_Main will be placed at 8024B1EC (length = 120 bytes)
$Script_80243A6C will be placed at 8024B30C (length = 114 bytes)
$Script_SubstractCoins will be placed at 8024B420 (length = 10C bytes)
$Script_LoadMapMover_Roguelike will be placed at 8024B52C (length = 104 bytes)
$GetFloorBandit will be placed at 8024B630 (length = F4 bytes)
$Script_MoverWarpAnimation will be placed at 8024B724 (length = F0 bytes)
$Function_GetColliderPos will be placed at 8024B814 (length = E0 bytes)
$Function_GetPos will be placed at 8024B8F4 (length = E0 bytes)
$Script_TrackPlayer will be placed at 8024B9D4 (length = DC bytes)
$MapTattle2 will be placed at 8024BAB0 (length = D4 bytes)
$Function_80240B78 will be placed at 8024BB84 (length = C0 bytes)
$Function_TrackInput will be placed at 8024BC44 (length = BC bytes)
$MapTattle3 will be placed at 8024BD00 (length = B0 bytes)
$Script_MakeEntities will be placed at 8024BDB0 (length = A8 bytes)
$MapTattle1 will be placed at 8024BE58 (length = A8 bytes)
$Script_NpcAI_MoneySack will be placed at 8024BF00 (length = A8 bytes)
$MoverStart will be placed at 8024BFA8 (length = A4 bytes)
$SwitchPath will be placed at 8024C04C (length = A4 bytes)
$Script_NPC_Sack_FX will be placed at 8024C0F0 (length = A4 bytes)
$GetPos will be placed at 8024C194 (length = 9C bytes)
$Script_AddCoins will be placed at 8024C230 (length = 98 bytes)
$BanditMoverStart will be placed at 8024C2C8 (length = 98 bytes)
$Mover_Tattle will be placed at 8024C360 (length = 94 bytes)
$Function_GetTattle1 will be placed at 8024C3F4 (length = 8C bytes)
$NPC_Sack_AnimationEnd will be placed at 8024C480 (length = 84 bytes)
$BanditMover_Options will be placed at 8024C504 (length = 80 bytes)
$SignStringBug will be placed at 8024C584 (length = 7C bytes)
$LoadHighscores will be placed at 8024C600 (length = 7C bytes)
$Function_80240F7C will be placed at 8024C67C (length = 78 bytes)
$Mover_Options will be placed at 8024C6F4 (length = 78 bytes)
$Script_EnemyAI will be placed at 8024C76C (length = 70 bytes)
$NpcGroups will be placed at 8024C7DC (length = 6C bytes)
$DeepestLevel will be placed at 8024C848 (length = 6C bytes)
$Function2 will be placed at 8024C8B4 (length = 6C bytes)
$LoadCoinsMover will be placed at 8024C920 (length = 6C bytes)
$Function_SetAnimation will be placed at 8024C98C (length = 6C bytes)
$Function_80240FF4 will be placed at 8024C9F8 (length = 6C bytes)
$GetFloorPit will be placed at 8024CA64 (length = 68 bytes)
$MoverEnd will be placed at 8024CACC (length = 68 bytes)
$BanditMoverEnd will be placed at 8024CB34 (length = 68 bytes)
$GetFloorSign will be placed at 8024CB9C (length = 64 bytes)
$Function_80241194 will be placed at 8024CC00 (length = 64 bytes)
$BanditMoverNoCoins will be placed at 8024CC64 (length = 58 bytes)
$MoverNoCoins will be placed at 8024CCBC (length = 58 bytes)
$Function_GetTattle2 will be placed at 8024CD14 (length = 48 bytes)
$CommingDownPipe will be placed at 8024CD5C (length = 48 bytes)
$Script_Exit0 will be placed at 8024CDA4 (length = 48 bytes)
$Function_LoadGainedCoins will be placed at 8024CDEC (length = 48 bytes)
$Function_Init will be placed at 8024CE34 (length = 44 bytes)
$Function_802409A8 will be placed at 8024CE78 (length = 44 bytes)
$Header will be placed at 8024CEBC (length = 40 bytes)
$JumpTable_80244CC8 will be placed at 8024CEFC (length = 3C bytes)
$Script_Init_Bag will be placed at 8024CF38 (length = 38 bytes)
$TotalLevels will be placed at 8024CF70 (length = 38 bytes)
$Script_Init_Bag_HitBox will be placed at 8024CFA8 (length = 38 bytes)
$DispawnParthner will be placed at 8024CFE0 (length = 34 bytes)
$Function_ResetDamage will be placed at 8024D014 (length = 34 bytes)
$AISettings_MoneySack will be placed at 8024D048 (length = 30 bytes)
$AISettings_Enemy will be placed at 8024D078 (length = 30 bytes)
$AISettings_DisableEnemy will be placed at 8024D0A8 (length = 30 bytes)
$RespawnParthner will be placed at 8024D0D8 (length = 30 bytes)
$NPC_Settings_Sack will be placed at 8024D108 (length = 2C bytes)
$Function_GetDamageTaken will be placed at 8024D134 (length = 2C bytes)
$NpcSettings_Enemy1 will be placed at 8024D160 (length = 2C bytes)
$Function_RevivePlayer will be placed at 8024D18C (length = 2C bytes)
$String_CoinsGained will be placed at 8024D1B8 (length = 2C bytes)
$BlankSettings will be placed at 8024D1E4 (length = 2C bytes)
$Script_MakeExits will be placed at 8024D210 (length = 2C bytes)
$VectorList_80244998 will be placed at 8024D23C (length = 24 bytes)
$Script_Init_80243B20 will be placed at 8024D260 (length = 24 bytes)
$Script_Init_Mover will be placed at 8024D284 (length = 24 bytes)
$Script_Init_BanditMover will be placed at 8024D2A8 (length = 24 bytes)
$Script_DisableEnemyAI will be placed at 8024D2CC (length = 20 bytes)
$EntryList will be placed at 8024D2EC (length = 20 bytes)
$SignString100 will be placed at 8024D30C (length = 18 bytes)
$FloatTable_80242EF0 will be placed at 8024D324 (length = 18 bytes)
$SignString1 will be placed at 8024D33C (length = 14 bytes)
$SignString99 will be placed at 8024D350 (length = 14 bytes)
$SignString98 will be placed at 8024D364 (length = 14 bytes)
$SignString97 will be placed at 8024D378 (length = 14 bytes)
$SignString96 will be placed at 8024D38C (length = 14 bytes)
$SignString95 will be placed at 8024D3A0 (length = 14 bytes)
$SignString94 will be placed at 8024D3B4 (length = 14 bytes)
$SignString93 will be placed at 8024D3C8 (length = 14 bytes)
$SignString92 will be placed at 8024D3DC (length = 14 bytes)
$SignString91 will be placed at 8024D3F0 (length = 14 bytes)
$SignString90 will be placed at 8024D404 (length = 14 bytes)
$SignString59 will be placed at 8024D418 (length = 14 bytes)
$SignString58 will be placed at 8024D42C (length = 14 bytes)
$SignString57 will be placed at 8024D440 (length = 14 bytes)
$SignString56 will be placed at 8024D454 (length = 14 bytes)
$SignString55 will be placed at 8024D468 (length = 14 bytes)
$SignString54 will be placed at 8024D47C (length = 14 bytes)
$SignString53 will be placed at 8024D490 (length = 14 bytes)
$SignString52 will be placed at 8024D4A4 (length = 14 bytes)
$SignString51 will be placed at 8024D4B8 (length = 14 bytes)
$SignString50 will be placed at 8024D4CC (length = 14 bytes)
$SignString69 will be placed at 8024D4E0 (length = 14 bytes)
$SignString68 will be placed at 8024D4F4 (length = 14 bytes)
$SignString67 will be placed at 8024D508 (length = 14 bytes)
$SignString66 will be placed at 8024D51C (length = 14 bytes)
$SignString65 will be placed at 8024D530 (length = 14 bytes)
$SignString64 will be placed at 8024D544 (length = 14 bytes)
$SignString63 will be placed at 8024D558 (length = 14 bytes)
$SignString62 will be placed at 8024D56C (length = 14 bytes)
$SignString61 will be placed at 8024D580 (length = 14 bytes)
$SignString60 will be placed at 8024D594 (length = 14 bytes)
$SignString79 will be placed at 8024D5A8 (length = 14 bytes)
$SignString78 will be placed at 8024D5BC (length = 14 bytes)
$SignString77 will be placed at 8024D5D0 (length = 14 bytes)
$SignString76 will be placed at 8024D5E4 (length = 14 bytes)
$SignString75 will be placed at 8024D5F8 (length = 14 bytes)
$SignString74 will be placed at 8024D60C (length = 14 bytes)
$SignString73 will be placed at 8024D620 (length = 14 bytes)
$SignString72 will be placed at 8024D634 (length = 14 bytes)
$SignString71 will be placed at 8024D648 (length = 14 bytes)
$SignString70 will be placed at 8024D65C (length = 14 bytes)
$SignString89 will be placed at 8024D670 (length = 14 bytes)
$SignString88 will be placed at 8024D684 (length = 14 bytes)
$SignString87 will be placed at 8024D698 (length = 14 bytes)
$SignString86 will be placed at 8024D6AC (length = 14 bytes)
$SignString85 will be placed at 8024D6C0 (length = 14 bytes)
$SignString84 will be placed at 8024D6D4 (length = 14 bytes)
$SignString83 will be placed at 8024D6E8 (length = 14 bytes)
$SignString82 will be placed at 8024D6FC (length = 14 bytes)
$SignString81 will be placed at 8024D710 (length = 14 bytes)
$SignString80 will be placed at 8024D724 (length = 14 bytes)
$SignString19 will be placed at 8024D738 (length = 14 bytes)
$SignString18 will be placed at 8024D74C (length = 14 bytes)
$SignString17 will be placed at 8024D760 (length = 14 bytes)
$SignString16 will be placed at 8024D774 (length = 14 bytes)
$SignString15 will be placed at 8024D788 (length = 14 bytes)
$SignString14 will be placed at 8024D79C (length = 14 bytes)
$SignString13 will be placed at 8024D7B0 (length = 14 bytes)
$SignString12 will be placed at 8024D7C4 (length = 14 bytes)
$SignString11 will be placed at 8024D7D8 (length = 14 bytes)
$SignString10 will be placed at 8024D7EC (length = 14 bytes)
$SignString3 will be placed at 8024D800 (length = 14 bytes)
$SignString2 will be placed at 8024D814 (length = 14 bytes)
$SignString5 will be placed at 8024D828 (length = 14 bytes)
$SignString4 will be placed at 8024D83C (length = 14 bytes)
$SignString7 will be placed at 8024D850 (length = 14 bytes)
$SignString6 will be placed at 8024D864 (length = 14 bytes)
$SignString9 will be placed at 8024D878 (length = 14 bytes)
$SignString8 will be placed at 8024D88C (length = 14 bytes)
$SignString29 will be placed at 8024D8A0 (length = 14 bytes)
$SignString28 will be placed at 8024D8B4 (length = 14 bytes)
$SignString27 will be placed at 8024D8C8 (length = 14 bytes)
$SignString26 will be placed at 8024D8DC (length = 14 bytes)
$SignString25 will be placed at 8024D8F0 (length = 14 bytes)
$SignString24 will be placed at 8024D904 (length = 14 bytes)
$SignString23 will be placed at 8024D918 (length = 14 bytes)
$SignString22 will be placed at 8024D92C (length = 14 bytes)
$SignString21 will be placed at 8024D940 (length = 14 bytes)
$SignString20 will be placed at 8024D954 (length = 14 bytes)
$SignString will be placed at 8024D968 (length = 14 bytes)
$SignString39 will be placed at 8024D97C (length = 14 bytes)
$SignString38 will be placed at 8024D990 (length = 14 bytes)
$SignString37 will be placed at 8024D9A4 (length = 14 bytes)
$SignString36 will be placed at 8024D9B8 (length = 14 bytes)
$SignString35 will be placed at 8024D9CC (length = 14 bytes)
$SignString34 will be placed at 8024D9E0 (length = 14 bytes)
$SignString33 will be placed at 8024D9F4 (length = 14 bytes)
$SignString32 will be placed at 8024DA08 (length = 14 bytes)
$SignString31 will be placed at 8024DA1C (length = 14 bytes)
$SignString30 will be placed at 8024DA30 (length = 14 bytes)
$SignString49 will be placed at 8024DA44 (length = 14 bytes)
$SignString48 will be placed at 8024DA58 (length = 14 bytes)
$SignString47 will be placed at 8024DA6C (length = 14 bytes)
$SignString46 will be placed at 8024DA80 (length = 14 bytes)
$SignString45 will be placed at 8024DA94 (length = 14 bytes)
$SignString44 will be placed at 8024DAA8 (length = 14 bytes)
$SignString43 will be placed at 8024DABC (length = 14 bytes)
$SignString42 will be placed at 8024DAD0 (length = 14 bytes)
$SignString41 will be placed at 8024DAE4 (length = 14 bytes)
$SignString40 will be placed at 8024DAF8 (length = 14 bytes)
$ASCII_pit_02_Literal will be placed at 8024DB0C (length = C bytes)
$ASCII_pit_90_Literal will be placed at 8024DB18 (length = C bytes)
$ASCII_pit_34_Literal will be placed at 8024DB24 (length = C bytes)
$ASCII_pit_66_Literal will be placed at 8024DB30 (length = C bytes)
$ASCII_pit_98_Literal will be placed at 8024DB3C (length = C bytes)
$ASCII_pit_19_Literal will be placed at 8024DB48 (length = C bytes)
$ASCII_pit_57_Literal will be placed at 8024DB54 (length = C bytes)
$ASCII_pit_69_Literal will be placed at 8024DB60 (length = C bytes)
$ASCII_pit_72_Literal will be placed at 8024DB6C (length = C bytes)
$ASCII_pit_81_Literal will be placed at 8024DB78 (length = C bytes)
$ASCII_pit_43_Literal will be placed at 8024DB84 (length = C bytes)
$ASCII_pit_28_Literal will be placed at 8024DB90 (length = C bytes)
$ASCII_pit_78_Literal will be placed at 8024DB9C (length = C bytes)
$ASCII_pit_63_Literal will be placed at 8024DBA8 (length = C bytes)
$ASCII_pit_46_Literal will be placed at 8024DBB4 (length = C bytes)
$ASCII_pit_95_Literal will be placed at 8024DBC0 (length = C bytes)
$ASCII_pit_16_Literal will be placed at 8024DBCC (length = C bytes)
$ASCII_pit_37_Literal will be placed at 8024DBD8 (length = C bytes)
$ASCII_pit_22_Literal will be placed at 8024DBE4 (length = C bytes)
$ASCII_pit_05_Literal will be placed at 8024DBF0 (length = C bytes)
$ASCII_pit_25_Literal will be placed at 8024DBFC (length = C bytes)
$ASCII_pit_54_Literal will be placed at 8024DC08 (length = C bytes)
$ASCII_pit_08_Literal will be placed at 8024DC14 (length = C bytes)
$ASCII_pit_87_Literal will be placed at 8024DC20 (length = C bytes)
$ASCII_pit_75_Literal will be placed at 8024DC2C (length = C bytes)
$ASCII_pit_13_Literal will be placed at 8024DC38 (length = C bytes)
$ASCII_pit_32_Literal will be placed at 8024DC44 (length = C bytes)
$ASCII_pit_92_Literal will be placed at 8024DC50 (length = C bytes)
$ASCII_pit_17_Literal will be placed at 8024DC5C (length = C bytes)
$ASCII_pit_49_Literal will be placed at 8024DC68 (length = C bytes)
$ASCII_pit_77_Literal will be placed at 8024DC74 (length = C bytes)
$ASCII_pit_96_Literal will be placed at 8024DC80 (length = C bytes)
$ASCII_pit_68_Literal will be placed at 8024DC8C (length = C bytes)
$ASCII_pit_51_Literal will be placed at 8024DC98 (length = C bytes)
$ASCII_pit_04_Literal will be placed at 8024DCA4 (length = C bytes)
$ASCII_pit_83_Literal will be placed at 8024DCB0 (length = C bytes)
$ASCII_pit_86_Literal will be placed at 8024DCBC (length = C bytes)
$ASCII_pit_26_Literal will be placed at 8024DCC8 (length = C bytes)
$ASCII_pit_41_Literal will be placed at 8024DCD4 (length = C bytes)
$ASCII_pit_14_Literal will be placed at 8024DCE0 (length = C bytes)
$ASCII_pit_74_Literal will be placed at 8024DCEC (length = C bytes)
$ASCII_pit_60_Literal will be placed at 8024DCF8 (length = C bytes)
$ASCII_pit_59_Literal will be placed at 8024DD04 (length = C bytes)
$ASCII_pit_93_Literal will be placed at 8024DD10 (length = C bytes)
$ASCII_pit_65_Literal will be placed at 8024DD1C (length = C bytes)
$ASCII_pit_07_Literal will be placed at 8024DD28 (length = C bytes)
$ASCII_pit_20_Literal will be placed at 8024DD34 (length = C bytes)
$ASCII_pit_35_Literal will be placed at 8024DD40 (length = C bytes)
$ASCII_pit_23_Literal will be placed at 8024DD4C (length = C bytes)
$ASCII_pit_11_Literal will be placed at 8024DD58 (length = C bytes)
$ASCII_pit_56_Literal will be placed at 8024DD64 (length = C bytes)
$ASCII_pit_44_Literal will be placed at 8024DD70 (length = C bytes)
$ASCII_pit_89_Literal will be placed at 8024DD7C (length = C bytes)
$ASCII_pit_79_Literal will be placed at 8024DD88 (length = C bytes)
$ASCII_pit_62_Literal will be placed at 8024DD94 (length = C bytes)
$ASCII_pit_94_Literal will be placed at 8024DDA0 (length = C bytes)
$ASCII_pit_47_Literal will be placed at 8024DDAC (length = C bytes)
$ASCII_pit_21_Literal will be placed at 8024DDB8 (length = C bytes)
$ASCII_pit_06_Literal will be placed at 8024DDC4 (length = C bytes)
$ASCII_pit_53_Literal will be placed at 8024DDD0 (length = C bytes)
$ASCII_pit_09_Literal will be placed at 8024DDDC (length = C bytes)
$ASCII_pit_88_Literal will be placed at 8024DDE8 (length = C bytes)
$ASCII_pit_38_Literal will be placed at 8024DDF4 (length = C bytes)
$ASCII_pit_24_Literal will be placed at 8024DE00 (length = C bytes)
$ASCII_pit_12_Literal will be placed at 8024DE0C (length = C bytes)
$ASCII_pit_76_Literal will be placed at 8024DE18 (length = C bytes)
$ASCII_pit_01_Literal will be placed at 8024DE24 (length = C bytes)
$ASCII_pit_50_Literal will be placed at 8024DE30 (length = C bytes)
$ASCII_pit_33_Literal will be placed at 8024DE3C (length = C bytes)
$ASCII_pit_99_Literal will be placed at 8024DE48 (length = C bytes)
$ASCII_pit_67_Literal will be placed at 8024DE54 (length = C bytes)
$ASCII_pit_71_Literal will be placed at 8024DE60 (length = C bytes)
$ASCII_pit_42_Literal will be placed at 8024DE6C (length = C bytes)
$ASCII_pit_80_Literal will be placed at 8024DE78 (length = C bytes)
$ASCII_pit_29_Literal will be placed at 8024DE84 (length = C bytes)
$ASCII_pit_58_Literal will be placed at 8024DE90 (length = C bytes)
$ASCII_pit_30_Literal will be placed at 8024DE9C (length = C bytes)
$ASCII_pit_00_Literal will be placed at 8024DEA8 (length = C bytes)
$ASCII_pit_64_Literal will be placed at 8024DEB4 (length = C bytes)
$ASCII_pit_36_Literal will be placed at 8024DEC0 (length = C bytes)
$ASCII_pit_55_Literal will be placed at 8024DECC (length = C bytes)
$ASCII_pit_10_Literal will be placed at 8024DED8 (length = C bytes)
$ASCII_pit_45_Literal will be placed at 8024DEE4 (length = C bytes)
$ASCII_pit_18_Literal will be placed at 8024DEF0 (length = C bytes)
$ASCII_pit_48_Literal will be placed at 8024DEFC (length = C bytes)
$ASCII_pit_03_Literal will be placed at 8024DF08 (length = C bytes)
$ASCII_pit_31_Literal will be placed at 8024DF14 (length = C bytes)
$ASCII_pit_91_Literal will be placed at 8024DF20 (length = C bytes)
$ASCII_pit_97_Literal will be placed at 8024DF2C (length = C bytes)
$ASCII_pit_82_Literal will be placed at 8024DF38 (length = C bytes)
$ASCII_pit_52_Literal will be placed at 8024DF44 (length = C bytes)
$ASCII_pit_70_Literal will be placed at 8024DF50 (length = C bytes)
$ASCII_pit_85_Literal will be placed at 8024DF5C (length = C bytes)
$ASCII_pit_40_Literal will be placed at 8024DF68 (length = C bytes)
$ASCII_pit_39_Literal will be placed at 8024DF74 (length = C bytes)
$ASCII_pit_73_Literal will be placed at 8024DF80 (length = C bytes)
$ASCII_pit_15_Literal will be placed at 8024DF8C (length = C bytes)
$ASCII_pit_27_Literal will be placed at 8024DF98 (length = C bytes)
$ASCII_pit_61_Literal will be placed at 8024DFA4 (length = C bytes)
$ASCII_pit_842_Literal will be placed at 8024DFB0 (length = 8 bytes)
$ASCII_pit_100_Literal will be placed at 8024DFB8 (length = 8 bytes)
$ASCII_tik_tex_Literal will be placed at 8024DFC0 (length = 8 bytes)
$ConstDouble_80244CC0 will be placed at 8024DFC8 (length = 8 bytes)
$ConstDouble_80244CB8 will be placed at 8024DFD0 (length = 8 bytes)
$ConstDouble_80244CB0 will be placed at 8024DFD8 (length = 8 bytes)
$MoverCancel will be placed at 8024DFE0 (length = 4 bytes)
$BanditMoverCancel will be placed at 8024DFE4 (length = 4 bytes)
Executing patch: pit_34.mpat
Loaded map pit_01
Creating struct: $EntryList
Creating struct: $DeepestLevel
Creating struct: $TotalLevels
Creating struct: $LoadHighscores
Creating struct: $FallingDownPipe
Creating struct: $Function_GetPos
Creating struct: $Function2
Creating struct: $SetSpawns
Creating struct: $Script_SetNPCPos
Creating struct: $SwitchPath
Creating struct: $VectorList_80244998
Creating struct: $GetPos
Creating struct: $Function_GetDamageTaken
Creating struct: $Function_ResetDamage
Creating struct: $DispawnParthner
Creating struct: $RespawnParthner
Creating struct: $LoadMap
Creating struct: $Script_LoadMapMover_Roguelike
Creating struct: $GetFloor
Creating struct: $LoadCoinsMover
Creating struct: $LoadMapBandit
Creating struct: $GetFloorBandit
Creating struct: $Script_Init_80243B20
Creating struct: $Script_80243A6C
Creating struct: $Script_AddCoins
Creating struct: $Script_SubstractCoins
Creating struct: $NPC_Settings_Sack
Creating struct: $Script_Init_Bag
Creating struct: $Script_Init_Bag_HitBox
Creating struct: $Script_NPC_SackHit_Init
Creating struct: $Script_NPC_Sack_FX
Creating struct: $NPC_Sack_AnimationStart
Creating struct: $NPC_Sack_AnimationEnd
Creating struct: $Script_SackAnimation_Start_GoToTheRight
Creating struct: $Script_SackAnimation_Start_GoToTheLeft
Creating struct: $Script_SackAnimation_End_Right
Creating struct: $Script_SackAnimation_End_Left
Creating struct: $Function_LoadGainedCoins
Creating struct: $Function_RevivePlayer
Creating struct: $AISettings_MoneySack
Creating struct: $Script_NpcAI_MoneySack
Creating struct: $JumpTable_80242448
Creating struct: $Function_NpcAI_MoneySack
Creating struct: $Function_80240260
Creating struct: $Function_80240844
Creating struct: $Function_802409A8
Creating struct: $Script_TrackPlayer
Creating struct: $Script_PipeAnimation
Creating struct: $Function_SetAnimation
Creating struct: $Function_GetColliderPos
Creating struct: $Function_TrackInput
Creating struct: $GoToNextLevel
Creating struct: $GoToNextLevel_Roguelike
Creating struct: $Script_SetSetsOfLevels
Creating struct: $Script_LoadMap_Roguelike
Creating struct: $Script_LoadChestMap_Roguelike
Creating struct: $Script_LoadMap_Mover_Roguelike
Creating struct: $Script_LoadChestMap_Mover_Roguelike
Creating struct: $GetFloorPit
Creating struct: $GetFloorSign
Creating struct: $Function_GetTattle1
Creating struct: $Function_GetTattle2
Creating struct: $Script_ReadSign
Creating struct: $Header
Creating struct: $Function_Init
Creating struct: $Script_Main
Creating struct: $NpcGroups
Creating struct: $NpcGroup_Mover
Creating struct: $BlankSettings
Creating struct: $Script_Init_Mover
Creating struct: $Interact_Mover
Creating struct: $Script_MoverWarpAnimation
Creating struct: $NpcGroup_BanditMover
Creating struct: $Script_Init_BanditMover
Creating struct: $Interact_BanditMover
Creating struct: $NpcGroup_Enemy1
Creating struct: $NpcGroup_Enemy2
Creating struct: $NpcGroup_Enemy3
Creating struct: $NpcGroup_Enemy4
Creating struct: $NpcGroup_Enemy5
Creating struct: $NpcGroup_Enemy6
Creating struct: $NpcSettings_Enemy1
Creating struct: $Script_EnemyAI
Creating struct: $AISettings_Enemy
Creating struct: $Script_DisableEnemyAI
Creating struct: $AISettings_DisableEnemy
Creating struct: $PipeSpawning
Creating struct: $Script_MakeEntities
Creating struct: $CommingDownPipe
Creating struct: $Script_MakeExits
Creating struct: $Script_Exit0
Merged 1 regions to 1
$Script_LoadMap_Mover_Roguelike will be placed at 80240000 (length = F14 bytes)
$LoadMap will be placed at 80240F14 (length = EF4 bytes)
$Script_ReadSign will be placed at 80241E08 (length = EEC bytes)
$LoadMapBandit will be placed at 80242CF4 (length = EA4 bytes)
$Script_LoadMap_Roguelike will be placed at 80243B98 (length = D9C bytes)
$GoToNextLevel will be placed at 80244934 (length = D10 bytes)
$GoToNextLevel_Roguelike will be placed at 80245644 (length = 868 bytes)
$Function_80240260 will be placed at 80245EAC (length = 5E4 bytes)
$SetSpawns will be placed at 80246490 (length = 384 bytes)
$FallingDownPipe will be placed at 80246814 (length = 37C bytes)
$Script_SetSetsOfLevels will be placed at 80246B90 (length = 358 bytes)
$Script_SetNPCPos will be placed at 80246EE8 (length = 2F4 bytes)
$Function_NpcAI_MoneySack will be placed at 802471DC (length = 238 bytes)
$Script_SackAnimation_Start_GoToTheRight will be placed at 80247414 (length = 230 bytes)
$Script_SackAnimation_Start_GoToTheLeft will be placed at 80247644 (length = 1F8 bytes)
$Interact_Mover will be placed at 8024783C (length = 1F8 bytes)
$NpcGroup_Enemy3 will be placed at 80247A34 (length = 1F0 bytes)
$NpcGroup_Enemy4 will be placed at 80247C24 (length = 1F0 bytes)
$NpcGroup_Enemy5 will be placed at 80247E14 (length = 1F0 bytes)
$NpcGroup_Enemy6 will be placed at 80248004 (length = 1F0 bytes)
$NpcGroup_Enemy1 will be placed at 802481F4 (length = 1F0 bytes)
$NpcGroup_Enemy2 will be placed at 802483E4 (length = 1F0 bytes)
$NpcGroup_Mover will be placed at 802485D4 (length = 1F0 bytes)
$NpcGroup_BanditMover will be placed at 802487C4 (length = 1F0 bytes)
$Interact_BanditMover will be placed at 802489B4 (length = 1EC bytes)
$Script_PipeAnimation will be placed at 80248BA0 (length = 1D0 bytes)
$JumpTable_80242448 will be placed at 80248D70 (length = 190 bytes)
$Script_LoadChestMap_Mover_Roguelike will be placed at 80248F00 (length = 18C bytes)
$PipeSpawning will be placed at 8024908C (length = 178 bytes)
$NPC_Sack_AnimationStart will be placed at 80249204 (length = 168 bytes)
$Function_80240844 will be placed at 8024936C (length = 164 bytes)
$Script_LoadChestMap_Roguelike will be placed at 802494D0 (length = 164 bytes)
$Script_NPC_SackHit_Init will be placed at 80249634 (length = 160 bytes)
$Script_SackAnimation_End_Right will be placed at 80249794 (length = 158 bytes)
$Script_SackAnimation_End_Left will be placed at 802498EC (length = 150 bytes)
$MapTattle5 will be placed at 80249A3C (length = 13C bytes)
$MapTattle4 will be placed at 80249B78 (length = 130 bytes)
$GetFloor will be placed at 80249CA8 (length = 12C bytes)
$BanditMover_Tattle will be placed at 80249DD4 (length = 124 bytes)
$Script_Main will be placed at 80249EF8 (length = 120 bytes)
$Script_80243A6C will be placed at 8024A018 (length = 114 bytes)
$Script_SubstractCoins will be placed at 8024A12C (length = 10C bytes)
$Script_LoadMapMover_Roguelike will be placed at 8024A238 (length = 104 bytes)
$GetFloorBandit will be placed at 8024A33C (length = F4 bytes)
$Script_MoverWarpAnimation will be placed at 8024A430 (length = F0 bytes)
$Function_GetColliderPos will be placed at 8024A520 (length = E0 bytes)
$Function_GetPos will be placed at 8024A600 (length = E0 bytes)
$Script_TrackPlayer will be placed at 8024A6E0 (length = DC bytes)
$MapTattle2 will be placed at 8024A7BC (length = D4 bytes)
$Function_TrackInput will be placed at 8024A890 (length = BC bytes)
$MapTattle3 will be placed at 8024A94C (length = B0 bytes)
$Script_MakeEntities will be placed at 8024A9FC (length = A8 bytes)
$MapTattle1 will be placed at 8024AAA4 (length = A8 bytes)
$Script_NpcAI_MoneySack will be placed at 8024AB4C (length = A8 bytes)
$MoverStart will be placed at 8024ABF4 (length = A4 bytes)
$SwitchPath will be placed at 8024AC98 (length = A4 bytes)
$Script_NPC_Sack_FX will be placed at 8024AD3C (length = A4 bytes)
$GetPos will be placed at 8024ADE0 (length = 9C bytes)
$Script_AddCoins will be placed at 8024AE7C (length = 98 bytes)
$BanditMoverStart will be placed at 8024AF14 (length = 98 bytes)
$Mover_Tattle will be placed at 8024AFAC (length = 94 bytes)
$Function_GetTattle1 will be placed at 8024B040 (length = 8C bytes)
$NPC_Sack_AnimationEnd will be placed at 8024B0CC (length = 84 bytes)
$BanditMover_Options will be placed at 8024B150 (length = 80 bytes)
$SignStringBug will be placed at 8024B1D0 (length = 7C bytes)
$LoadHighscores will be placed at 8024B24C (length = 7C bytes)
$Mover_Options will be placed at 8024B2C8 (length = 78 bytes)
$NpcGroups will be placed at 8024B340 (length = 6C bytes)
$DeepestLevel will be placed at 8024B3AC (length = 6C bytes)
$Function2 will be placed at 8024B418 (length = 6C bytes)
$LoadCoinsMover will be placed at 8024B484 (length = 6C bytes)
$Function_SetAnimation will be placed at 8024B4F0 (length = 6C bytes)
$GetFloorPit will be placed at 8024B55C (length = 68 bytes)
$MoverEnd will be placed at 8024B5C4 (length = 68 bytes)
$BanditMoverEnd will be placed at 8024B62C (length = 68 bytes)
$GetFloorSign will be placed at 8024B694 (length = 64 bytes)
$BanditMoverNoCoins will be placed at 8024B6F8 (length = 58 bytes)
$MoverNoCoins will be placed at 8024B750 (length = 58 bytes)
$Function_GetTattle2 will be placed at 8024B7A8 (length = 48 bytes)
$CommingDownPipe will be placed at 8024B7F0 (length = 48 bytes)
$Script_Exit0 will be placed at 8024B838 (length = 48 bytes)
$Function_LoadGainedCoins will be placed at 8024B880 (length = 48 bytes)
$Function_Init will be placed at 8024B8C8 (length = 44 bytes)
$Function_802409A8 will be placed at 8024B90C (length = 44 bytes)
$Header will be placed at 8024B950 (length = 40 bytes)
$Script_Init_Bag will be placed at 8024B990 (length = 38 bytes)
$TotalLevels will be placed at 8024B9C8 (length = 38 bytes)
$Script_Init_Bag_HitBox will be placed at 8024BA00 (length = 38 bytes)
$DispawnParthner will be placed at 8024BA38 (length = 34 bytes)
$Function_ResetDamage will be placed at 8024BA6C (length = 34 bytes)
$AISettings_MoneySack will be placed at 8024BAA0 (length = 30 bytes)
$AISettings_Enemy will be placed at 8024BAD0 (length = 30 bytes)
$AISettings_DisableEnemy will be placed at 8024BB00 (length = 30 bytes)
$RespawnParthner will be placed at 8024BB30 (length = 30 bytes)
$NPC_Settings_Sack will be placed at 8024BB60 (length = 2C bytes)
$Function_GetDamageTaken will be placed at 8024BB8C (length = 2C bytes)
$Function_RevivePlayer will be placed at 8024BBB8 (length = 2C bytes)
$String_CoinsGained will be placed at 8024BBE4 (length = 2C bytes)
$BlankSettings will be placed at 8024BC10 (length = 2C bytes)
$Script_MakeExits will be placed at 8024BC3C (length = 2C bytes)
$NpcSettings_Enemy1 will be placed at 8024BC68 (length = 24 bytes)
$VectorList_80244998 will be placed at 8024BC8C (length = 24 bytes)
$Script_Init_80243B20 will be placed at 8024BCB0 (length = 24 bytes)
$Script_Init_Mover will be placed at 8024BCD4 (length = 24 bytes)
$Script_Init_BanditMover will be placed at 8024BCF8 (length = 24 bytes)
$Script_DisableEnemyAI will be placed at 8024BD1C (length = 20 bytes)
$EntryList will be placed at 8024BD3C (length = 20 bytes)
$Script_EnemyAI will be placed at 8024BD5C (length = 20 bytes)
$SignString100 will be placed at 8024BD7C (length = 18 bytes)
$SignString1 will be placed at 8024BD94 (length = 14 bytes)
$SignString99 will be placed at 8024BDA8 (length = 14 bytes)
$SignString98 will be placed at 8024BDBC (length = 14 bytes)
$SignString97 will be placed at 8024BDD0 (length = 14 bytes)
$SignString96 will be placed at 8024BDE4 (length = 14 bytes)
$SignString95 will be placed at 8024BDF8 (length = 14 bytes)
$SignString94 will be placed at 8024BE0C (length = 14 bytes)
$SignString93 will be placed at 8024BE20 (length = 14 bytes)
$SignString92 will be placed at 8024BE34 (length = 14 bytes)
$SignString91 will be placed at 8024BE48 (length = 14 bytes)
$SignString90 will be placed at 8024BE5C (length = 14 bytes)
$SignString59 will be placed at 8024BE70 (length = 14 bytes)
$SignString58 will be placed at 8024BE84 (length = 14 bytes)
$SignString57 will be placed at 8024BE98 (length = 14 bytes)
$SignString56 will be placed at 8024BEAC (length = 14 bytes)
$SignString55 will be placed at 8024BEC0 (length = 14 bytes)
$SignString54 will be placed at 8024BED4 (length = 14 bytes)
$SignString53 will be placed at 8024BEE8 (length = 14 bytes)
$SignString52 will be placed at 8024BEFC (length = 14 bytes)
$SignString51 will be placed at 8024BF10 (length = 14 bytes)
$SignString50 will be placed at 8024BF24 (length = 14 bytes)
$SignString69 will be placed at 8024BF38 (length = 14 bytes)
$SignString68 will be placed at 8024BF4C (length = 14 bytes)
$SignString67 will be placed at 8024BF60 (length = 14 bytes)
$SignString66 will be placed at 8024BF74 (length = 14 bytes)
$SignString65 will be placed at 8024BF88 (length = 14 bytes)
$SignString64 will be placed at 8024BF9C (length = 14 bytes)
$SignString63 will be placed at 8024BFB0 (length = 14 bytes)
$SignString62 will be placed at 8024BFC4 (length = 14 bytes)
$SignString61 will be placed at 8024BFD8 (length = 14 bytes)
$SignString60 will be placed at 8024BFEC (length = 14 bytes)
$SignString79 will be placed at 8024C000 (length = 14 bytes)
$SignString78 will be placed at 8024C014 (length = 14 bytes)
$SignString77 will be placed at 8024C028 (length = 14 bytes)
$SignString76 will be placed at 8024C03C (length = 14 bytes)
$SignString75 will be placed at 8024C050 (length = 14 bytes)
$SignString74 will be placed at 8024C064 (length = 14 bytes)
$SignString73 will be placed at 8024C078 (length = 14 bytes)
$SignString72 will be placed at 8024C08C (length = 14 bytes)
$SignString71 will be placed at 8024C0A0 (length = 14 bytes)
$SignString70 will be placed at 8024C0B4 (length = 14 bytes)
$SignString89 will be placed at 8024C0C8 (length = 14 bytes)
$SignString88 will be placed at 8024C0DC (length = 14 bytes)
$SignString87 will be placed at 8024C0F0 (length = 14 bytes)
$SignString86 will be placed at 8024C104 (length = 14 bytes)
$SignString85 will be placed at 8024C118 (length = 14 bytes)
$SignString84 will be placed at 8024C12C (length = 14 bytes)
$SignString83 will be placed at 8024C140 (length = 14 bytes)
$SignString82 will be placed at 8024C154 (length = 14 bytes)
$SignString81 will be placed at 8024C168 (length = 14 bytes)
$SignString80 will be placed at 8024C17C (length = 14 bytes)
$SignString19 will be placed at 8024C190 (length = 14 bytes)
$SignString18 will be placed at 8024C1A4 (length = 14 bytes)
$SignString17 will be placed at 8024C1B8 (length = 14 bytes)
$SignString16 will be placed at 8024C1CC (length = 14 bytes)
$SignString15 will be placed at 8024C1E0 (length = 14 bytes)
$SignString14 will be placed at 8024C1F4 (length = 14 bytes)
$SignString13 will be placed at 8024C208 (length = 14 bytes)
$SignString12 will be placed at 8024C21C (length = 14 bytes)
$SignString11 will be placed at 8024C230 (length = 14 bytes)
$SignString10 will be placed at 8024C244 (length = 14 bytes)
$SignString3 will be placed at 8024C258 (length = 14 bytes)
$SignString2 will be placed at 8024C26C (length = 14 bytes)
$SignString5 will be placed at 8024C280 (length = 14 bytes)
$SignString4 will be placed at 8024C294 (length = 14 bytes)
$SignString7 will be placed at 8024C2A8 (length = 14 bytes)
$SignString6 will be placed at 8024C2BC (length = 14 bytes)
$SignString9 will be placed at 8024C2D0 (length = 14 bytes)
$SignString8 will be placed at 8024C2E4 (length = 14 bytes)
$SignString29 will be placed at 8024C2F8 (length = 14 bytes)
$SignString28 will be placed at 8024C30C (length = 14 bytes)
$SignString27 will be placed at 8024C320 (length = 14 bytes)
$SignString26 will be placed at 8024C334 (length = 14 bytes)
$SignString25 will be placed at 8024C348 (length = 14 bytes)
$SignString24 will be placed at 8024C35C (length = 14 bytes)
$SignString23 will be placed at 8024C370 (length = 14 bytes)
$SignString22 will be placed at 8024C384 (length = 14 bytes)
$SignString21 will be placed at 8024C398 (length = 14 bytes)
$SignString20 will be placed at 8024C3AC (length = 14 bytes)
$SignString will be placed at 8024C3C0 (length = 14 bytes)
$SignString39 will be placed at 8024C3D4 (length = 14 bytes)
$SignString38 will be placed at 8024C3E8 (length = 14 bytes)
$SignString37 will be placed at 8024C3FC (length = 14 bytes)
$SignString36 will be placed at 8024C410 (length = 14 bytes)
$SignString35 will be placed at 8024C424 (length = 14 bytes)
$SignString34 will be placed at 8024C438 (length = 14 bytes)
$SignString33 will be placed at 8024C44C (length = 14 bytes)
$SignString32 will be placed at 8024C460 (length = 14 bytes)
$SignString31 will be placed at 8024C474 (length = 14 bytes)
$SignString30 will be placed at 8024C488 (length = 14 bytes)
$SignString49 will be placed at 8024C49C (length = 14 bytes)
$SignString48 will be placed at 8024C4B0 (length = 14 bytes)
$SignString47 will be placed at 8024C4C4 (length = 14 bytes)
$SignString46 will be placed at 8024C4D8 (length = 14 bytes)
$SignString45 will be placed at 8024C4EC (length = 14 bytes)
$SignString44 will be placed at 8024C500 (length = 14 bytes)
$SignString43 will be placed at 8024C514 (length = 14 bytes)
$SignString42 will be placed at 8024C528 (length = 14 bytes)
$SignString41 will be placed at 8024C53C (length = 14 bytes)
$SignString40 will be placed at 8024C550 (length = 14 bytes)
$ASCII_pit_02_Literal will be placed at 8024C564 (length = C bytes)
$ASCII_pit_90_Literal will be placed at 8024C570 (length = C bytes)
$ASCII_pit_34_Literal will be placed at 8024C57C (length = C bytes)
$ASCII_pit_66_Literal will be placed at 8024C588 (length = C bytes)
$ASCII_pit_98_Literal will be placed at 8024C594 (length = C bytes)
$ASCII_pit_19_Literal will be placed at 8024C5A0 (length = C bytes)
$ASCII_pit_57_Literal will be placed at 8024C5AC (length = C bytes)
$ASCII_pit_69_Literal will be placed at 8024C5B8 (length = C bytes)
$ASCII_pit_72_Literal will be placed at 8024C5C4 (length = C bytes)
$ASCII_pit_81_Literal will be placed at 8024C5D0 (length = C bytes)
$ASCII_pit_43_Literal will be placed at 8024C5DC (length = C bytes)
$ASCII_pit_28_Literal will be placed at 8024C5E8 (length = C bytes)
$ASCII_pit_78_Literal will be placed at 8024C5F4 (length = C bytes)
$ASCII_pit_63_Literal will be placed at 8024C600 (length = C bytes)
$ASCII_pit_46_Literal will be placed at 8024C60C (length = C bytes)
$ASCII_pit_95_Literal will be placed at 8024C618 (length = C bytes)
$ASCII_pit_16_Literal will be placed at 8024C624 (length = C bytes)
$ASCII_pit_37_Literal will be placed at 8024C630 (length = C bytes)
$ASCII_pit_22_Literal will be placed at 8024C63C (length = C bytes)
$ASCII_pit_05_Literal will be placed at 8024C648 (length = C bytes)
$ASCII_pit_25_Literal will be placed at 8024C654 (length = C bytes)
$ASCII_pit_54_Literal will be placed at 8024C660 (length = C bytes)
$ASCII_pit_08_Literal will be placed at 8024C66C (length = C bytes)
$ASCII_pit_87_Literal will be placed at 8024C678 (length = C bytes)
$ASCII_pit_75_Literal will be placed at 8024C684 (length = C bytes)
$ASCII_pit_13_Literal will be placed at 8024C690 (length = C bytes)
$ASCII_pit_32_Literal will be placed at 8024C69C (length = C bytes)
$ASCII_pit_92_Literal will be placed at 8024C6A8 (length = C bytes)
$ASCII_pit_17_Literal will be placed at 8024C6B4 (length = C bytes)
$ASCII_pit_49_Literal will be placed at 8024C6C0 (length = C bytes)
$ASCII_pit_77_Literal will be placed at 8024C6CC (length = C bytes)
$ASCII_pit_96_Literal will be placed at 8024C6D8 (length = C bytes)
$ASCII_pit_68_Literal will be placed at 8024C6E4 (length = C bytes)
$ASCII_pit_51_Literal will be placed at 8024C6F0 (length = C bytes)
$ASCII_pit_04_Literal will be placed at 8024C6FC (length = C bytes)
$ASCII_pit_83_Literal will be placed at 8024C708 (length = C bytes)
$ASCII_pit_86_Literal will be placed at 8024C714 (length = C bytes)
$ASCII_pit_26_Literal will be placed at 8024C720 (length = C bytes)
$ASCII_pit_41_Literal will be placed at 8024C72C (length = C bytes)
$ASCII_pit_14_Literal will be placed at 8024C738 (length = C bytes)
$ASCII_pit_74_Literal will be placed at 8024C744 (length = C bytes)
$ASCII_pit_60_Literal will be placed at 8024C750 (length = C bytes)
$ASCII_pit_59_Literal will be placed at 8024C75C (length = C bytes)
$ASCII_pit_93_Literal will be placed at 8024C768 (length = C bytes)
$ASCII_pit_65_Literal will be placed at 8024C774 (length = C bytes)
$ASCII_pit_07_Literal will be placed at 8024C780 (length = C bytes)
$ASCII_pit_20_Literal will be placed at 8024C78C (length = C bytes)
$ASCII_pit_35_Literal will be placed at 8024C798 (length = C bytes)
$ASCII_pit_23_Literal will be placed at 8024C7A4 (length = C bytes)
$ASCII_pit_11_Literal will be placed at 8024C7B0 (length = C bytes)
$ASCII_pit_56_Literal will be placed at 8024C7BC (length = C bytes)
$ASCII_pit_44_Literal will be placed at 8024C7C8 (length = C bytes)
$ASCII_pit_89_Literal will be placed at 8024C7D4 (length = C bytes)
$ASCII_pit_79_Literal will be placed at 8024C7E0 (length = C bytes)
$ASCII_pit_62_Literal will be placed at 8024C7EC (length = C bytes)
$ASCII_pit_94_Literal will be placed at 8024C7F8 (length = C bytes)
$ASCII_pit_47_Literal will be placed at 8024C804 (length = C bytes)
$ASCII_pit_21_Literal will be placed at 8024C810 (length = C bytes)
$ASCII_pit_06_Literal will be placed at 8024C81C (length = C bytes)
$ASCII_pit_53_Literal will be placed at 8024C828 (length = C bytes)
$ASCII_pit_09_Literal will be placed at 8024C834 (length = C bytes)
$ASCII_pit_88_Literal will be placed at 8024C840 (length = C bytes)
$ASCII_pit_38_Literal will be placed at 8024C84C (length = C bytes)
$ASCII_pit_24_Literal will be placed at 8024C858 (length = C bytes)
$ASCII_pit_12_Literal will be placed at 8024C864 (length = C bytes)
$ASCII_pit_76_Literal will be placed at 8024C870 (length = C bytes)
$ASCII_pit_01_Literal will be placed at 8024C87C (length = C bytes)
$ASCII_pit_50_Literal will be placed at 8024C888 (length = C bytes)
$ASCII_pit_33_Literal will be placed at 8024C894 (length = C bytes)
$ASCII_pit_99_Literal will be placed at 8024C8A0 (length = C bytes)
$ASCII_pit_67_Literal will be placed at 8024C8AC (length = C bytes)
$ASCII_pit_71_Literal will be placed at 8024C8B8 (length = C bytes)
$ASCII_pit_42_Literal will be placed at 8024C8C4 (length = C bytes)
$ASCII_pit_80_Literal will be placed at 8024C8D0 (length = C bytes)
$ASCII_pit_29_Literal will be placed at 8024C8DC (length = C bytes)
$ASCII_pit_58_Literal will be placed at 8024C8E8 (length = C bytes)
$ASCII_pit_30_Literal will be placed at 8024C8F4 (length = C bytes)
$ASCII_pit_00_Literal will be placed at 8024C900 (length = C bytes)
$ASCII_pit_64_Literal will be placed at 8024C90C (length = C bytes)
$ASCII_pit_36_Literal will be placed at 8024C918 (length = C bytes)
$ASCII_pit_55_Literal will be placed at 8024C924 (length = C bytes)
$ASCII_pit_10_Literal will be placed at 8024C930 (length = C bytes)
$ASCII_pit_45_Literal will be placed at 8024C93C (length = C bytes)
$ASCII_pit_18_Literal will be placed at 8024C948 (length = C bytes)
$ASCII_pit_48_Literal will be placed at 8024C954 (length = C bytes)
$ASCII_pit_03_Literal will be placed at 8024C960 (length = C bytes)
$ASCII_pit_31_Literal will be placed at 8024C96C (length = C bytes)
$ASCII_pit_91_Literal will be placed at 8024C978 (length = C bytes)
$ASCII_pit_97_Literal will be placed at 8024C984 (length = C bytes)
$ASCII_pit_82_Literal will be placed at 8024C990 (length = C bytes)
$ASCII_pit_52_Literal will be placed at 8024C99C (length = C bytes)
$ASCII_pit_70_Literal will be placed at 8024C9A8 (length = C bytes)
$ASCII_pit_85_Literal will be placed at 8024C9B4 (length = C bytes)
$ASCII_pit_40_Literal will be placed at 8024C9C0 (length = C bytes)
$ASCII_pit_39_Literal will be placed at 8024C9CC (length = C bytes)
$ASCII_pit_73_Literal will be placed at 8024C9D8 (length = C bytes)
$ASCII_pit_15_Literal will be placed at 8024C9E4 (length = C bytes)
$ASCII_pit_27_Literal will be placed at 8024C9F0 (length = C bytes)
$ASCII_pit_61_Literal will be placed at 8024C9FC (length = C bytes)
$ASCII_pit_842_Literal will be placed at 8024CA08 (length = 8 bytes)
$ASCII_pit_100_Literal will be placed at 8024CA10 (length = 8 bytes)
$ASCII_tik_tex_Literal will be placed at 8024CA18 (length = 8 bytes)
$MoverCancel will be placed at 8024CA20 (length = 4 bytes)
$BanditMoverCancel will be placed at 8024CA24 (length = 4 bytes)
Executing patch: pit_35.mpat
Loaded map pit_35
Creating struct: $EntryList
Creating struct: $DeepestLevel
Creating struct: $TotalLevels
Creating struct: $LoadHighscores
Creating struct: $FallingDownPipe
Creating struct: $Function_GetPos
Creating struct: $Function2
Creating struct: $SetSpawns
Creating struct: $Script_SetNPCPos
Creating struct: $SwitchPath
Creating struct: $VectorList_80244998
Creating struct: $GetPos
Creating struct: $Function_GetDamageTaken
Creating struct: $Function_ResetDamage
Creating struct: $DispawnParthner
Creating struct: $RespawnParthner
Creating struct: $LoadMap
Creating struct: $Script_LoadMapMover_Roguelike
Creating struct: $GetFloor
Creating struct: $LoadCoinsMover
Creating struct: $LoadMapBandit
Creating struct: $GetFloorBandit
Creating struct: $SetSpawnsSpecial
Creating struct: $Function_LoadCoinsInToVar1
Creating struct: $Script_SetSpawnPosition
Creating struct: $Script_Init_80243B20
Creating struct: $Script_80243A6C
Creating struct: $Script_AddCoins
Creating struct: $Script_SubstractCoins
Creating struct: $NPC_Settings_Sack
Creating struct: $Script_Init_Bag
Creating struct: $Script_Init_Bag_HitBox
Creating struct: $Script_NPC_SackHit_Init
Creating struct: $Script_NPC_Sack_FX
Creating struct: $NPC_Sack_AnimationStart
Creating struct: $NPC_Sack_AnimationEnd
Creating struct: $Script_SackAnimation_Start_GoToTheRight
Creating struct: $Script_SackAnimation_Start_GoToTheLeft
Creating struct: $Script_SackAnimation_End_Right
Creating struct: $Script_SackAnimation_End_Left
Creating struct: $Function_LoadGainedCoins
Creating struct: $Function_RevivePlayer
Creating struct: $AISettings_MoneySack
Creating struct: $Script_NpcAI_MoneySack
Creating struct: $JumpTable_80242448
Creating struct: $Function_NpcAI_MoneySack
Creating struct: $Function_80240260
Creating struct: $Function_80240844
Creating struct: $Function_802409A8
Creating struct: $Script_TrackPlayer
Creating struct: $Script_PipeAnimation
Creating struct: $Function_SetAnimation
Creating struct: $Function_GetColliderPos
Creating struct: $Function_TrackInput
Creating struct: $GoToNextLevel
Creating struct: $GoToNextLevel_Roguelike
Creating struct: $Script_SetSetsOfLevels
Creating struct: $Script_LoadMap_Roguelike
Creating struct: $Script_LoadChestMap_Roguelike
Creating struct: $Script_LoadMap_Mover_Roguelike
Creating struct: $Script_LoadChestMap_Mover_Roguelike
Creating struct: $GetFloorPit
Creating struct: $GetFloorSign
Creating struct: $Function_GetTattle1
Creating struct: $Function_GetTattle2
Creating struct: $Script_ReadSign
Creating struct: $Header
Creating struct: $Function_Init
Creating struct: $Script_Main
Creating struct: $NpcGroup1
Creating struct: $NpcGroup2
Creating struct: $NpcGroup3
Creating struct: $NpcGroup4
Creating struct: $NpcGroup5
Creating struct: $NpcGroup6
Creating struct: $NpcGroup7
Creating struct: $NpcGroups
Creating struct: $NpcGroup_Mover
Creating struct: $BlankSettings
Creating struct: $Script_Init_Mover
Creating struct: $Interact_Mover
Creating struct: $Script_MoverWarpAnimation
Creating struct: $NpcGroup_BanditMover
Creating struct: $Script_Init_BanditMover
Creating struct: $Interact_BanditMover
Creating struct: $NpcGroup_Enemy1
Creating struct: $NpcGroup_Enemy2
Creating struct: $NpcGroup_Enemy3
Creating struct: $NpcGroup_Enemy4
Creating struct: $NpcGroup_Enemy5
Creating struct: $NpcGroup_Enemy6
Creating struct: $NpcSettings_Enemy1
Creating struct: $NpcSettings_Enemy1B
Creating struct: $Script_EnemyAI
Creating struct: $Script_EnemyBAI
Creating struct: $AISettings_Enemy
Creating struct: $AISettings_EnemyB
Creating struct: $Function_80242B5C
Creating struct: $ConstDouble_80247BB8
Creating struct: $ConstDouble_80247BC0
Creating struct: $ConstDouble_80247BC8
Creating struct: $ConstDouble_80247BD0
Creating struct: $ConstDouble_80247BD8
Creating struct: $JumpTable_80247BE0
Creating struct: $Function_8024283C
Creating struct: $Function_80241B38
Creating struct: $Function_80241948
Creating struct: $Function_80241C7C
Creating struct: $Function_80241D7C
Creating struct: $Function_80241DC0
Creating struct: $Function_80241E60
Creating struct: $Function_80241EA4
Creating struct: $Script_80244B70
Creating struct: $Function_80242B70
Creating struct: $Script_80244B60
Creating struct: $Function_802423E0
Creating struct: $Script_DisableEnemyAI
Creating struct: $AISettings_DisableEnemy
Creating struct: $PipeSpawning
Creating struct: $Script_MakeEntities
Creating struct: $CommingDownPipe
Creating struct: $Script_MakeExits
Creating struct: $Script_Exit0
Merged 1 regions to 1
$Script_LoadMap_Mover_Roguelike will be placed at 80240000 (length = F14 bytes)
$LoadMap will be placed at 80240F14 (length = EF4 bytes)
$Script_ReadSign will be placed at 80241E08 (length = EEC bytes)
$LoadMapBandit will be placed at 80242CF4 (length = EA4 bytes)
$Script_LoadMap_Roguelike will be placed at 80243B98 (length = D9C bytes)
$GoToNextLevel will be placed at 80244934 (length = D10 bytes)
$GoToNextLevel_Roguelike will be placed at 80245644 (length = 868 bytes)
$SetSpawnsSpecial will be placed at 80245EAC (length = 608 bytes)
$Function_80240260 will be placed at 802464B4 (length = 5E4 bytes)
$NpcGroup_Enemy3 will be placed at 80246A98 (length = 5D0 bytes)
$NpcGroup_Enemy4 will be placed at 80247068 (length = 5D0 bytes)
$NpcGroup_Enemy5 will be placed at 80247638 (length = 5D0 bytes)
$NpcGroup_Enemy6 will be placed at 80247C08 (length = 5D0 bytes)
$NpcGroup_Enemy1 will be placed at 802481D8 (length = 5D0 bytes)
$NpcGroup_Enemy2 will be placed at 802487A8 (length = 5D0 bytes)
$Function_80241EA4 will be placed at 80248D78 (length = 53C bytes)
$Function_802423E0 will be placed at 802492B4 (length = 460 bytes)
$SetSpawns will be placed at 80249714 (length = 384 bytes)
$FallingDownPipe will be placed at 80249A98 (length = 37C bytes)
$Script_SetSetsOfLevels will be placed at 80249E14 (length = 358 bytes)
$Function_8024283C will be placed at 8024A16C (length = 320 bytes)
$Script_SetNPCPos will be placed at 8024A48C (length = 2F4 bytes)
$Script_Main will be placed at 8024A780 (length = 2A0 bytes)
$Function_NpcAI_MoneySack will be placed at 8024AA20 (length = 238 bytes)
$Script_SetSpawnPosition will be placed at 8024AC58 (length = 234 bytes)
$Script_SackAnimation_Start_GoToTheRight will be placed at 8024AE8C (length = 230 bytes)
$Function_80241948 will be placed at 8024B0BC (length = 1F8 bytes)
$Script_SackAnimation_Start_GoToTheLeft will be placed at 8024B2B4 (length = 1F8 bytes)
$Interact_Mover will be placed at 8024B4AC (length = 1F8 bytes)
$NpcGroup_Mover will be placed at 8024B6A4 (length = 1F0 bytes)
$NpcGroup_BanditMover will be placed at 8024B894 (length = 1F0 bytes)
$Interact_BanditMover will be placed at 8024BA84 (length = 1EC bytes)
$Script_PipeAnimation will be placed at 8024BC70 (length = 1D0 bytes)
$Script_80244B70 will be placed at 8024BE40 (length = 1C8 bytes)
$JumpTable_80242448 will be placed at 8024C008 (length = 190 bytes)
$JumpTable_80247BE0 will be placed at 8024C198 (length = 190 bytes)
$Script_LoadChestMap_Mover_Roguelike will be placed at 8024C328 (length = 18C bytes)
$PipeSpawning will be placed at 8024C4B4 (length = 178 bytes)
$NPC_Sack_AnimationStart will be placed at 8024C62C (length = 168 bytes)
$Function_80240844 will be placed at 8024C794 (length = 164 bytes)
$Script_LoadChestMap_Roguelike will be placed at 8024C8F8 (length = 164 bytes)
$Script_NPC_SackHit_Init will be placed at 8024CA5C (length = 160 bytes)
$Script_SackAnimation_End_Right will be placed at 8024CBBC (length = 158 bytes)
$Script_SackAnimation_End_Left will be placed at 8024CD14 (length = 150 bytes)
$Function_80241B38 will be placed at 8024CE64 (length = 144 bytes)
$MapTattle5 will be placed at 8024CFA8 (length = 13C bytes)
$MapTattle4 will be placed at 8024D0E4 (length = 130 bytes)
$GetFloor will be placed at 8024D214 (length = 12C bytes)
$BanditMover_Tattle will be placed at 8024D340 (length = 124 bytes)
$Script_80243A6C will be placed at 8024D464 (length = 114 bytes)
$Script_SubstractCoins will be placed at 8024D578 (length = 10C bytes)
$Script_LoadMapMover_Roguelike will be placed at 8024D684 (length = 104 bytes)
$Function_80241C7C will be placed at 8024D788 (length = 100 bytes)
$GetFloorBandit will be placed at 8024D888 (length = F4 bytes)
$Script_MoverWarpAnimation will be placed at 8024D97C (length = F0 bytes)
$Function_GetColliderPos will be placed at 8024DA6C (length = E0 bytes)
$Function_GetPos will be placed at 8024DB4C (length = E0 bytes)
$Script_TrackPlayer will be placed at 8024DC2C (length = DC bytes)
$MapTattle2 will be placed at 8024DD08 (length = D4 bytes)
$Function_TrackInput will be placed at 8024DDDC (length = BC bytes)
$MapTattle3 will be placed at 8024DE98 (length = B0 bytes)
$Script_MakeEntities will be placed at 8024DF48 (length = A8 bytes)
$MapTattle1 will be placed at 8024DFF0 (length = A8 bytes)
$Script_NpcAI_MoneySack will be placed at 8024E098 (length = A8 bytes)
$MoverStart will be placed at 8024E140 (length = A4 bytes)
$SwitchPath will be placed at 8024E1E4 (length = A4 bytes)
$Script_NPC_Sack_FX will be placed at 8024E288 (length = A4 bytes)
$Function_80241DC0 will be placed at 8024E32C (length = A0 bytes)
$GetPos will be placed at 8024E3CC (length = 9C bytes)
$Script_AddCoins will be placed at 8024E468 (length = 98 bytes)
$BanditMoverStart will be placed at 8024E500 (length = 98 bytes)
$Mover_Tattle will be placed at 8024E598 (length = 94 bytes)
$Function_GetTattle1 will be placed at 8024E62C (length = 8C bytes)
$NPC_Sack_AnimationEnd will be placed at 8024E6B8 (length = 84 bytes)
$BanditMover_Options will be placed at 8024E73C (length = 80 bytes)
$SignStringBug will be placed at 8024E7BC (length = 7C bytes)
$LoadHighscores will be placed at 8024E838 (length = 7C bytes)
$Script_EnemyAI will be placed at 8024E8B4 (length = 7C bytes)
$Mover_Options will be placed at 8024E930 (length = 78 bytes)
$Script_EnemyBAI will be placed at 8024E9A8 (length = 70 bytes)
$NpcGroups will be placed at 8024EA18 (length = 6C bytes)
$DeepestLevel will be placed at 8024EA84 (length = 6C bytes)
$Function2 will be placed at 8024EAF0 (length = 6C bytes)
$LoadCoinsMover will be placed at 8024EB5C (length = 6C bytes)
$Function_SetAnimation will be placed at 8024EBC8 (length = 6C bytes)
$GetFloorPit will be placed at 8024EC34 (length = 68 bytes)
$MoverEnd will be placed at 8024EC9C (length = 68 bytes)
$BanditMoverEnd will be placed at 8024ED04 (length = 68 bytes)
$GetFloorSign will be placed at 8024ED6C (length = 64 bytes)
$BanditMoverNoCoins will be placed at 8024EDD0 (length = 58 bytes)
$MoverNoCoins will be placed at 8024EE28 (length = 58 bytes)
$Function_GetTattle2 will be placed at 8024EE80 (length = 48 bytes)
$CommingDownPipe will be placed at 8024EEC8 (length = 48 bytes)
$Script_Exit0 will be placed at 8024EF10 (length = 48 bytes)
$Function_LoadCoinsInToVar1 will be placed at 8024EF58 (length = 48 bytes)
$Function_LoadGainedCoins will be placed at 8024EFA0 (length = 48 bytes)
$Function_Init will be placed at 8024EFE8 (length = 44 bytes)
$Function_80241D7C will be placed at 8024F02C (length = 44 bytes)
$Function_80241E60 will be placed at 8024F070 (length = 44 bytes)
$Function_802409A8 will be placed at 8024F0B4 (length = 44 bytes)
$Header will be placed at 8024F0F8 (length = 40 bytes)
$Script_Init_Bag will be placed at 8024F138 (length = 38 bytes)
$TotalLevels will be placed at 8024F170 (length = 38 bytes)
$Script_Init_Bag_HitBox will be placed at 8024F1A8 (length = 38 bytes)
$Function_80242B70 will be placed at 8024F1E0 (length = 38 bytes)
$DispawnParthner will be placed at 8024F218 (length = 34 bytes)
$Function_ResetDamage will be placed at 8024F24C (length = 34 bytes)
$AISettings_MoneySack will be placed at 8024F280 (length = 30 bytes)
$AISettings_Enemy will be placed at 8024F2B0 (length = 30 bytes)
$AISettings_DisableEnemy will be placed at 8024F2E0 (length = 30 bytes)
$AISettings_EnemyB will be placed at 8024F310 (length = 30 bytes)
$RespawnParthner will be placed at 8024F340 (length = 30 bytes)
$NPC_Settings_Sack will be placed at 8024F370 (length = 2C bytes)
$Function_GetDamageTaken will be placed at 8024F39C (length = 2C bytes)
$NpcSettings_Enemy1 will be placed at 8024F3C8 (length = 2C bytes)
$Function_RevivePlayer will be placed at 8024F3F4 (length = 2C bytes)
$String_CoinsGained will be placed at 8024F420 (length = 2C bytes)
$BlankSettings will be placed at 8024F44C (length = 2C bytes)
$NpcSettings_Enemy1B will be placed at 8024F478 (length = 2C bytes)
$Script_MakeExits will be placed at 8024F4A4 (length = 2C bytes)
$NpcGroup7 will be placed at 8024F4D0 (length = 24 bytes)
$VectorList_80244998 will be placed at 8024F4F4 (length = 24 bytes)
$Script_Init_80243B20 will be placed at 8024F518 (length = 24 bytes)
$Script_Init_Mover will be placed at 8024F53C (length = 24 bytes)
$Script_Init_BanditMover will be placed at 8024F560 (length = 24 bytes)
$Script_DisableEnemyAI will be placed at 8024F584 (length = 20 bytes)
$EntryList will be placed at 8024F5A4 (length = 20 bytes)
$NpcGroup6 will be placed at 8024F5C4 (length = 18 bytes)
$NpcGroup3 will be placed at 8024F5DC (length = 18 bytes)
$NpcGroup2 will be placed at 8024F5F4 (length = 18 bytes)
$NpcGroup5 will be placed at 8024F60C (length = 18 bytes)
$NpcGroup4 will be placed at 8024F624 (length = 18 bytes)
$NpcGroup1 will be placed at 8024F63C (length = 18 bytes)
$SignString100 will be placed at 8024F654 (length = 18 bytes)
$Function_80242B5C will be placed at 8024F66C (length = 14 bytes)
$SignString1 will be placed at 8024F680 (length = 14 bytes)
$SignString99 will be placed at 8024F694 (length = 14 bytes)
$SignString98 will be placed at 8024F6A8 (length = 14 bytes)
$SignString97 will be placed at 8024F6BC (length = 14 bytes)
$SignString96 will be placed at 8024F6D0 (length = 14 bytes)
$SignString95 will be placed at 8024F6E4 (length = 14 bytes)
$SignString94 will be placed at 8024F6F8 (length = 14 bytes)
$SignString93 will be placed at 8024F70C (length = 14 bytes)
$SignString92 will be placed at 8024F720 (length = 14 bytes)
$SignString91 will be placed at 8024F734 (length = 14 bytes)
$SignString90 will be placed at 8024F748 (length = 14 bytes)
$SignString59 will be placed at 8024F75C (length = 14 bytes)
$SignString58 will be placed at 8024F770 (length = 14 bytes)
$SignString57 will be placed at 8024F784 (length = 14 bytes)
$SignString56 will be placed at 8024F798 (length = 14 bytes)
$SignString55 will be placed at 8024F7AC (length = 14 bytes)
$SignString54 will be placed at 8024F7C0 (length = 14 bytes)
$SignString53 will be placed at 8024F7D4 (length = 14 bytes)
$SignString52 will be placed at 8024F7E8 (length = 14 bytes)
$SignString51 will be placed at 8024F7FC (length = 14 bytes)
$SignString50 will be placed at 8024F810 (length = 14 bytes)
$SignString69 will be placed at 8024F824 (length = 14 bytes)
$SignString68 will be placed at 8024F838 (length = 14 bytes)
$SignString67 will be placed at 8024F84C (length = 14 bytes)
$SignString66 will be placed at 8024F860 (length = 14 bytes)
$SignString65 will be placed at 8024F874 (length = 14 bytes)
$SignString64 will be placed at 8024F888 (length = 14 bytes)
$SignString63 will be placed at 8024F89C (length = 14 bytes)
$SignString62 will be placed at 8024F8B0 (length = 14 bytes)
$SignString61 will be placed at 8024F8C4 (length = 14 bytes)
$SignString60 will be placed at 8024F8D8 (length = 14 bytes)
$SignString79 will be placed at 8024F8EC (length = 14 bytes)
$SignString78 will be placed at 8024F900 (length = 14 bytes)
$SignString77 will be placed at 8024F914 (length = 14 bytes)
$SignString76 will be placed at 8024F928 (length = 14 bytes)
$SignString75 will be placed at 8024F93C (length = 14 bytes)
$SignString74 will be placed at 8024F950 (length = 14 bytes)
$SignString73 will be placed at 8024F964 (length = 14 bytes)
$SignString72 will be placed at 8024F978 (length = 14 bytes)
$SignString71 will be placed at 8024F98C (length = 14 bytes)
$SignString70 will be placed at 8024F9A0 (length = 14 bytes)
$SignString89 will be placed at 8024F9B4 (length = 14 bytes)
$SignString88 will be placed at 8024F9C8 (length = 14 bytes)
$SignString87 will be placed at 8024F9DC (length = 14 bytes)
$SignString86 will be placed at 8024F9F0 (length = 14 bytes)
$SignString85 will be placed at 8024FA04 (length = 14 bytes)
$SignString84 will be placed at 8024FA18 (length = 14 bytes)
$SignString83 will be placed at 8024FA2C (length = 14 bytes)
$SignString82 will be placed at 8024FA40 (length = 14 bytes)
$SignString81 will be placed at 8024FA54 (length = 14 bytes)
$SignString80 will be placed at 8024FA68 (length = 14 bytes)
$SignString19 will be placed at 8024FA7C (length = 14 bytes)
$SignString18 will be placed at 8024FA90 (length = 14 bytes)
$SignString17 will be placed at 8024FAA4 (length = 14 bytes)
$SignString16 will be placed at 8024FAB8 (length = 14 bytes)
$SignString15 will be placed at 8024FACC (length = 14 bytes)
$SignString14 will be placed at 8024FAE0 (length = 14 bytes)
$SignString13 will be placed at 8024FAF4 (length = 14 bytes)
$SignString12 will be placed at 8024FB08 (length = 14 bytes)
$SignString11 will be placed at 8024FB1C (length = 14 bytes)
$SignString10 will be placed at 8024FB30 (length = 14 bytes)
$SignString3 will be placed at 8024FB44 (length = 14 bytes)
$SignString2 will be placed at 8024FB58 (length = 14 bytes)
$SignString5 will be placed at 8024FB6C (length = 14 bytes)
$SignString4 will be placed at 8024FB80 (length = 14 bytes)
$SignString7 will be placed at 8024FB94 (length = 14 bytes)
$SignString6 will be placed at 8024FBA8 (length = 14 bytes)
$SignString9 will be placed at 8024FBBC (length = 14 bytes)
$SignString8 will be placed at 8024FBD0 (length = 14 bytes)
$SignString29 will be placed at 8024FBE4 (length = 14 bytes)
$SignString28 will be placed at 8024FBF8 (length = 14 bytes)
$SignString27 will be placed at 8024FC0C (length = 14 bytes)
$SignString26 will be placed at 8024FC20 (length = 14 bytes)
$SignString25 will be placed at 8024FC34 (length = 14 bytes)
$SignString24 will be placed at 8024FC48 (length = 14 bytes)
$SignString23 will be placed at 8024FC5C (length = 14 bytes)
$SignString22 will be placed at 8024FC70 (length = 14 bytes)
$SignString21 will be placed at 8024FC84 (length = 14 bytes)
$SignString20 will be placed at 8024FC98 (length = 14 bytes)
$SignString will be placed at 8024FCAC (length = 14 bytes)
$SignString39 will be placed at 8024FCC0 (length = 14 bytes)
$SignString38 will be placed at 8024FCD4 (length = 14 bytes)
$SignString37 will be placed at 8024FCE8 (length = 14 bytes)
$SignString36 will be placed at 8024FCFC (length = 14 bytes)
$SignString35 will be placed at 8024FD10 (length = 14 bytes)
$SignString34 will be placed at 8024FD24 (length = 14 bytes)
$SignString33 will be placed at 8024FD38 (length = 14 bytes)
$SignString32 will be placed at 8024FD4C (length = 14 bytes)
$SignString31 will be placed at 8024FD60 (length = 14 bytes)
$SignString30 will be placed at 8024FD74 (length = 14 bytes)
$SignString49 will be placed at 8024FD88 (length = 14 bytes)
$SignString48 will be placed at 8024FD9C (length = 14 bytes)
$SignString47 will be placed at 8024FDB0 (length = 14 bytes)
$SignString46 will be placed at 8024FDC4 (length = 14 bytes)
$SignString45 will be placed at 8024FDD8 (length = 14 bytes)
$SignString44 will be placed at 8024FDEC (length = 14 bytes)
$SignString43 will be placed at 8024FE00 (length = 14 bytes)
$SignString42 will be placed at 8024FE14 (length = 14 bytes)
$SignString41 will be placed at 8024FE28 (length = 14 bytes)
$SignString40 will be placed at 8024FE3C (length = 14 bytes)
$Script_80244B60 will be placed at 8024FE50 (length = 10 bytes)
$ASCII_pit_02_Literal will be placed at 8024FE60 (length = C bytes)
$ASCII_pit_90_Literal will be placed at 8024FE6C (length = C bytes)
$ASCII_pit_34_Literal will be placed at 8024FE78 (length = C bytes)
$ASCII_pit_66_Literal will be placed at 8024FE84 (length = C bytes)
$ASCII_pit_98_Literal will be placed at 8024FE90 (length = C bytes)
$ASCII_pit_19_Literal will be placed at 8024FE9C (length = C bytes)
$ASCII_pit_57_Literal will be placed at 8024FEA8 (length = C bytes)
$ASCII_pit_69_Literal will be placed at 8024FEB4 (length = C bytes)
$ASCII_pit_72_Literal will be placed at 8024FEC0 (length = C bytes)
$ASCII_pit_81_Literal will be placed at 8024FECC (length = C bytes)
$ASCII_pit_43_Literal will be placed at 8024FED8 (length = C bytes)
$ASCII_pit_28_Literal will be placed at 8024FEE4 (length = C bytes)
$ASCII_pit_78_Literal will be placed at 8024FEF0 (length = C bytes)
$ASCII_pit_63_Literal will be placed at 8024FEFC (length = C bytes)
$ASCII_pit_46_Literal will be placed at 8024FF08 (length = C bytes)
$ASCII_pit_95_Literal will be placed at 8024FF14 (length = C bytes)
$ASCII_pit_16_Literal will be placed at 8024FF20 (length = C bytes)
$ASCII_pit_37_Literal will be placed at 8024FF2C (length = C bytes)
$ASCII_pit_22_Literal will be placed at 8024FF38 (length = C bytes)
$ASCII_pit_05_Literal will be placed at 8024FF44 (length = C bytes)
$ASCII_pit_25_Literal will be placed at 8024FF50 (length = C bytes)
$ASCII_pit_54_Literal will be placed at 8024FF5C (length = C bytes)
$ASCII_pit_08_Literal will be placed at 8024FF68 (length = C bytes)
$ASCII_pit_87_Literal will be placed at 8024FF74 (length = C bytes)
$ASCII_pit_75_Literal will be placed at 8024FF80 (length = C bytes)
$ASCII_pit_13_Literal will be placed at 8024FF8C (length = C bytes)
$ASCII_pit_32_Literal will be placed at 8024FF98 (length = C bytes)
$ASCII_pit_92_Literal will be placed at 8024FFA4 (length = C bytes)
$ASCII_pit_17_Literal will be placed at 8024FFB0 (length = C bytes)
$ASCII_pit_49_Literal will be placed at 8024FFBC (length = C bytes)
$ASCII_pit_77_Literal will be placed at 8024FFC8 (length = C bytes)
$ASCII_pit_96_Literal will be placed at 8024FFD4 (length = C bytes)
$ASCII_pit_68_Literal will be placed at 8024FFE0 (length = C bytes)
$ASCII_pit_51_Literal will be placed at 8024FFEC (length = C bytes)
$ASCII_pit_04_Literal will be placed at 8024FFF8 (length = C bytes)
$ASCII_pit_83_Literal will be placed at 80250004 (length = C bytes)
$ASCII_pit_86_Literal will be placed at 80250010 (length = C bytes)
$ASCII_pit_26_Literal will be placed at 8025001C (length = C bytes)
$ASCII_pit_41_Literal will be placed at 80250028 (length = C bytes)
$ASCII_pit_14_Literal will be placed at 80250034 (length = C bytes)
$ASCII_pit_74_Literal will be placed at 80250040 (length = C bytes)
$ASCII_pit_60_Literal will be placed at 8025004C (length = C bytes)
$ASCII_pit_59_Literal will be placed at 80250058 (length = C bytes)
$ASCII_pit_93_Literal will be placed at 80250064 (length = C bytes)
$ASCII_pit_65_Literal will be placed at 80250070 (length = C bytes)
$ASCII_pit_07_Literal will be placed at 8025007C (length = C bytes)
$ASCII_pit_20_Literal will be placed at 80250088 (length = C bytes)
$ASCII_pit_35_Literal will be placed at 80250094 (length = C bytes)
$ASCII_pit_23_Literal will be placed at 802500A0 (length = C bytes)
$ASCII_pit_11_Literal will be placed at 802500AC (length = C bytes)
$ASCII_pit_56_Literal will be placed at 802500B8 (length = C bytes)
$ASCII_pit_44_Literal will be placed at 802500C4 (length = C bytes)
$ASCII_pit_89_Literal will be placed at 802500D0 (length = C bytes)
$ASCII_pit_79_Literal will be placed at 802500DC (length = C bytes)
$ASCII_pit_62_Literal will be placed at 802500E8 (length = C bytes)
$ASCII_pit_94_Literal will be placed at 802500F4 (length = C bytes)
$ASCII_pit_47_Literal will be placed at 80250100 (length = C bytes)
$ASCII_pit_21_Literal will be placed at 8025010C (length = C bytes)
$ASCII_pit_06_Literal will be placed at 80250118 (length = C bytes)
$ASCII_pit_53_Literal will be placed at 80250124 (length = C bytes)
$ASCII_pit_09_Literal will be placed at 80250130 (length = C bytes)
$ASCII_pit_88_Literal will be placed at 8025013C (length = C bytes)
$ASCII_pit_38_Literal will be placed at 80250148 (length = C bytes)
$ASCII_pit_24_Literal will be placed at 80250154 (length = C bytes)
$ASCII_pit_12_Literal will be placed at 80250160 (length = C bytes)
$ASCII_pit_76_Literal will be placed at 8025016C (length = C bytes)
$ASCII_pit_01_Literal will be placed at 80250178 (length = C bytes)
$ASCII_pit_50_Literal will be placed at 80250184 (length = C bytes)
$ASCII_pit_33_Literal will be placed at 80250190 (length = C bytes)
$ASCII_pit_99_Literal will be placed at 8025019C (length = C bytes)
$ASCII_pit_67_Literal will be placed at 802501A8 (length = C bytes)
$ASCII_pit_71_Literal will be placed at 802501B4 (length = C bytes)
$ASCII_pit_42_Literal will be placed at 802501C0 (length = C bytes)
$ASCII_pit_80_Literal will be placed at 802501CC (length = C bytes)
$ASCII_pit_29_Literal will be placed at 802501D8 (length = C bytes)
$ASCII_pit_58_Literal will be placed at 802501E4 (length = C bytes)
$ASCII_pit_30_Literal will be placed at 802501F0 (length = C bytes)
$ASCII_pit_00_Literal will be placed at 802501FC (length = C bytes)
$ASCII_pit_64_Literal will be placed at 80250208 (length = C bytes)
$ASCII_pit_36_Literal will be placed at 80250214 (length = C bytes)
$ASCII_pit_55_Literal will be placed at 80250220 (length = C bytes)
$ASCII_pit_10_Literal will be placed at 8025022C (length = C bytes)
$ASCII_pit_45_Literal will be placed at 80250238 (length = C bytes)
$ASCII_pit_18_Literal will be placed at 80250244 (length = C bytes)
$ASCII_pit_48_Literal will be placed at 80250250 (length = C bytes)
$ASCII_pit_03_Literal will be placed at 8025025C (length = C bytes)
$ASCII_pit_31_Literal will be placed at 80250268 (length = C bytes)
$ASCII_pit_91_Literal will be placed at 80250274 (length = C bytes)
$ASCII_pit_97_Literal will be placed at 80250280 (length = C bytes)
$ASCII_pit_82_Literal will be placed at 8025028C (length = C bytes)
$ASCII_pit_52_Literal will be placed at 80250298 (length = C bytes)
$ASCII_pit_70_Literal will be placed at 802502A4 (length = C bytes)
$ASCII_pit_85_Literal will be placed at 802502B0 (length = C bytes)
$ASCII_pit_40_Literal will be placed at 802502BC (length = C bytes)
$ASCII_pit_39_Literal will be placed at 802502C8 (length = C bytes)
$ASCII_pit_73_Literal will be placed at 802502D4 (length = C bytes)
$ASCII_pit_15_Literal will be placed at 802502E0 (length = C bytes)
$ASCII_pit_27_Literal will be placed at 802502EC (length = C bytes)
$ASCII_pit_61_Literal will be placed at 802502F8 (length = C bytes)
$ConstDouble_80247BB8 will be placed at 80250304 (length = 8 bytes)
$ConstDouble_80247BD8 will be placed at 8025030C (length = 8 bytes)
$ConstDouble_80247BD0 will be placed at 80250314 (length = 8 bytes)
$ConstDouble_80247BC8 will be placed at 8025031C (length = 8 bytes)
$ConstDouble_80247BC0 will be placed at 80250324 (length = 8 bytes)
$ASCII_pit_842_Literal will be placed at 8025032C (length = 8 bytes)
$ASCII_pit_100_Literal will be placed at 80250334 (length = 8 bytes)
$ASCII_tik_tex_Literal will be placed at 8025033C (length = 8 bytes)
$MoverCancel will be placed at 80250344 (length = 4 bytes)
$BanditMoverCancel will be placed at 80250348 (length = 4 bytes)
Executing patch: pit_36.mpat
Loaded map pit_01
Creating struct: $EntryList
Creating struct: $DeepestLevel
Creating struct: $TotalLevels
Creating struct: $LoadHighscores
Creating struct: $FallingDownPipe
Creating struct: $Function_GetPos
Creating struct: $Function2
Creating struct: $SetSpawns
Creating struct: $Script_SetNPCPos
Creating struct: $SwitchPath
Creating struct: $VectorList_80244998
Creating struct: $GetPos
Creating struct: $Function_GetDamageTaken
Creating struct: $Function_ResetDamage
Creating struct: $DispawnParthner
Creating struct: $RespawnParthner
Creating struct: $LoadMap
Creating struct: $Script_LoadMapMover_Roguelike
Creating struct: $GetFloor
Creating struct: $LoadCoinsMover
Creating struct: $LoadMapBandit
Creating struct: $GetFloorBandit
Creating struct: $Script_Init_80243B20
Creating struct: $Script_80243A6C
Creating struct: $Script_AddCoins
Creating struct: $Script_SubstractCoins
Creating struct: $NPC_Settings_Sack
Creating struct: $Script_Init_Bag
Creating struct: $Script_Init_Bag_HitBox
Creating struct: $Script_NPC_SackHit_Init
Creating struct: $Script_NPC_Sack_FX
Creating struct: $NPC_Sack_AnimationStart
Creating struct: $NPC_Sack_AnimationEnd
Creating struct: $Script_SackAnimation_Start_GoToTheRight
Creating struct: $Script_SackAnimation_Start_GoToTheLeft
Creating struct: $Script_SackAnimation_End_Right
Creating struct: $Script_SackAnimation_End_Left
Creating struct: $Function_LoadGainedCoins
Creating struct: $Function_RevivePlayer
Creating struct: $AISettings_MoneySack
Creating struct: $Script_NpcAI_MoneySack
Creating struct: $JumpTable_80242448
Creating struct: $Function_NpcAI_MoneySack
Creating struct: $Function_80240260
Creating struct: $Function_80240844
Creating struct: $Function_802409A8
Creating struct: $Script_TrackPlayer
Creating struct: $Script_PipeAnimation
Creating struct: $Function_SetAnimation
Creating struct: $Function_GetColliderPos
Creating struct: $Function_TrackInput
Creating struct: $GoToNextLevel
Creating struct: $GoToNextLevel_Roguelike
Creating struct: $Script_SetSetsOfLevels
Creating struct: $Script_LoadMap_Roguelike
Creating struct: $Script_LoadChestMap_Roguelike
Creating struct: $Script_LoadMap_Mover_Roguelike
Creating struct: $Script_LoadChestMap_Mover_Roguelike
Creating struct: $GetFloorPit
Creating struct: $GetFloorSign
Creating struct: $Function_GetTattle1
Creating struct: $Function_GetTattle2
Creating struct: $Script_ReadSign
Creating struct: $Header
Creating struct: $Function_Init
Creating struct: $Script_Main
Creating struct: $NpcGroups
Creating struct: $NpcGroup_Mover
Creating struct: $BlankSettings
Creating struct: $Script_Init_Mover
Creating struct: $Interact_Mover
Creating struct: $Script_MoverWarpAnimation
Creating struct: $NpcGroup_BanditMover
Creating struct: $Script_Init_BanditMover
Creating struct: $Interact_BanditMover
Creating struct: $NpcGroup_Enemy1
Creating struct: $NpcGroup_Enemy2
Creating struct: $NpcGroup_Enemy3
Creating struct: $NpcGroup_Enemy4
Creating struct: $NpcGroup_Enemy5
Creating struct: $NpcGroup_Enemy6
Creating struct: $NpcSettings_Enemy1
Creating struct: $Script_EnemyAI
Creating struct: $AISettings_Enemy
Creating struct: $Script_DisableEnemyAI
Creating struct: $AISettings_DisableEnemy
Creating struct: $PipeSpawning
Creating struct: $Script_MakeEntities
Creating struct: $CommingDownPipe
Creating struct: $Script_MakeExits
Creating struct: $Script_Exit0
Merged 1 regions to 1
$Script_LoadMap_Mover_Roguelike will be placed at 80240000 (length = F14 bytes)
$LoadMap will be placed at 80240F14 (length = EF4 bytes)
$Script_ReadSign will be placed at 80241E08 (length = EEC bytes)
$LoadMapBandit will be placed at 80242CF4 (length = EA4 bytes)
$Script_LoadMap_Roguelike will be placed at 80243B98 (length = D9C bytes)
$GoToNextLevel will be placed at 80244934 (length = D10 bytes)
$GoToNextLevel_Roguelike will be placed at 80245644 (length = 868 bytes)
$Function_80240260 will be placed at 80245EAC (length = 5E4 bytes)
$SetSpawns will be placed at 80246490 (length = 384 bytes)
$FallingDownPipe will be placed at 80246814 (length = 37C bytes)
$Script_SetSetsOfLevels will be placed at 80246B90 (length = 358 bytes)
$Script_SetNPCPos will be placed at 80246EE8 (length = 2F4 bytes)
$Function_NpcAI_MoneySack will be placed at 802471DC (length = 238 bytes)
$Script_SackAnimation_Start_GoToTheRight will be placed at 80247414 (length = 230 bytes)
$Script_SackAnimation_Start_GoToTheLeft will be placed at 80247644 (length = 1F8 bytes)
$Interact_Mover will be placed at 8024783C (length = 1F8 bytes)
$NpcGroup_Enemy3 will be placed at 80247A34 (length = 1F0 bytes)
$NpcGroup_Enemy4 will be placed at 80247C24 (length = 1F0 bytes)
$NpcGroup_Enemy5 will be placed at 80247E14 (length = 1F0 bytes)
$NpcGroup_Enemy6 will be placed at 80248004 (length = 1F0 bytes)
$NpcGroup_Enemy1 will be placed at 802481F4 (length = 1F0 bytes)
$NpcGroup_Enemy2 will be placed at 802483E4 (length = 1F0 bytes)
$NpcGroup_Mover will be placed at 802485D4 (length = 1F0 bytes)
$NpcGroup_BanditMover will be placed at 802487C4 (length = 1F0 bytes)
$Interact_BanditMover will be placed at 802489B4 (length = 1EC bytes)
$Script_PipeAnimation will be placed at 80248BA0 (length = 1D0 bytes)
$JumpTable_80242448 will be placed at 80248D70 (length = 190 bytes)
$Script_LoadChestMap_Mover_Roguelike will be placed at 80248F00 (length = 18C bytes)
$PipeSpawning will be placed at 8024908C (length = 178 bytes)
$NPC_Sack_AnimationStart will be placed at 80249204 (length = 168 bytes)
$Function_80240844 will be placed at 8024936C (length = 164 bytes)
$Script_LoadChestMap_Roguelike will be placed at 802494D0 (length = 164 bytes)
$Script_NPC_SackHit_Init will be placed at 80249634 (length = 160 bytes)
$Script_SackAnimation_End_Right will be placed at 80249794 (length = 158 bytes)
$Script_SackAnimation_End_Left will be placed at 802498EC (length = 150 bytes)
$MapTattle5 will be placed at 80249A3C (length = 13C bytes)
$MapTattle4 will be placed at 80249B78 (length = 130 bytes)
$GetFloor will be placed at 80249CA8 (length = 12C bytes)
$BanditMover_Tattle will be placed at 80249DD4 (length = 124 bytes)
$Script_Main will be placed at 80249EF8 (length = 120 bytes)
$Script_80243A6C will be placed at 8024A018 (length = 114 bytes)
$Script_SubstractCoins will be placed at 8024A12C (length = 10C bytes)
$Script_LoadMapMover_Roguelike will be placed at 8024A238 (length = 104 bytes)
$GetFloorBandit will be placed at 8024A33C (length = F4 bytes)
$Script_MoverWarpAnimation will be placed at 8024A430 (length = F0 bytes)
$Function_GetColliderPos will be placed at 8024A520 (length = E0 bytes)
$Function_GetPos will be placed at 8024A600 (length = E0 bytes)
$Script_TrackPlayer will be placed at 8024A6E0 (length = DC bytes)
$MapTattle2 will be placed at 8024A7BC (length = D4 bytes)
$Function_TrackInput will be placed at 8024A890 (length = BC bytes)
$MapTattle3 will be placed at 8024A94C (length = B0 bytes)
$Script_MakeEntities will be placed at 8024A9FC (length = A8 bytes)
$MapTattle1 will be placed at 8024AAA4 (length = A8 bytes)
$Script_NpcAI_MoneySack will be placed at 8024AB4C (length = A8 bytes)
$MoverStart will be placed at 8024ABF4 (length = A4 bytes)
$SwitchPath will be placed at 8024AC98 (length = A4 bytes)
$Script_NPC_Sack_FX will be placed at 8024AD3C (length = A4 bytes)
$GetPos will be placed at 8024ADE0 (length = 9C bytes)
$Script_AddCoins will be placed at 8024AE7C (length = 98 bytes)
$BanditMoverStart will be placed at 8024AF14 (length = 98 bytes)
$Mover_Tattle will be placed at 8024AFAC (length = 94 bytes)
$Function_GetTattle1 will be placed at 8024B040 (length = 8C bytes)
$NPC_Sack_AnimationEnd will be placed at 8024B0CC (length = 84 bytes)
$BanditMover_Options will be placed at 8024B150 (length = 80 bytes)
$SignStringBug will be placed at 8024B1D0 (length = 7C bytes)
$LoadHighscores will be placed at 8024B24C (length = 7C bytes)
$Mover_Options will be placed at 8024B2C8 (length = 78 bytes)
$NpcGroups will be placed at 8024B340 (length = 6C bytes)
$DeepestLevel will be placed at 8024B3AC (length = 6C bytes)
$Function2 will be placed at 8024B418 (length = 6C bytes)
$LoadCoinsMover will be placed at 8024B484 (length = 6C bytes)
$Function_SetAnimation will be placed at 8024B4F0 (length = 6C bytes)
$GetFloorPit will be placed at 8024B55C (length = 68 bytes)
$MoverEnd will be placed at 8024B5C4 (length = 68 bytes)
$BanditMoverEnd will be placed at 8024B62C (length = 68 bytes)
$GetFloorSign will be placed at 8024B694 (length = 64 bytes)
$BanditMoverNoCoins will be placed at 8024B6F8 (length = 58 bytes)
$MoverNoCoins will be placed at 8024B750 (length = 58 bytes)
$Function_GetTattle2 will be placed at 8024B7A8 (length = 48 bytes)
$CommingDownPipe will be placed at 8024B7F0 (length = 48 bytes)
$Script_Exit0 will be placed at 8024B838 (length = 48 bytes)
$Function_LoadGainedCoins will be placed at 8024B880 (length = 48 bytes)
$Function_Init will be placed at 8024B8C8 (length = 44 bytes)
$Function_802409A8 will be placed at 8024B90C (length = 44 bytes)
$Header will be placed at 8024B950 (length = 40 bytes)
$Script_Init_Bag will be placed at 8024B990 (length = 38 bytes)
$TotalLevels will be placed at 8024B9C8 (length = 38 bytes)
$Script_Init_Bag_HitBox will be placed at 8024BA00 (length = 38 bytes)
$DispawnParthner will be placed at 8024BA38 (length = 34 bytes)
$Function_ResetDamage will be placed at 8024BA6C (length = 34 bytes)
$AISettings_MoneySack will be placed at 8024BAA0 (length = 30 bytes)
$AISettings_Enemy will be placed at 8024BAD0 (length = 30 bytes)
$AISettings_DisableEnemy will be placed at 8024BB00 (length = 30 bytes)
$RespawnParthner will be placed at 8024BB30 (length = 30 bytes)
$NPC_Settings_Sack will be placed at 8024BB60 (length = 2C bytes)
$Function_GetDamageTaken will be placed at 8024BB8C (length = 2C bytes)
$Function_RevivePlayer will be placed at 8024BBB8 (length = 2C bytes)
$String_CoinsGained will be placed at 8024BBE4 (length = 2C bytes)
$BlankSettings will be placed at 8024BC10 (length = 2C bytes)
$Script_MakeExits will be placed at 8024BC3C (length = 2C bytes)
$NpcSettings_Enemy1 will be placed at 8024BC68 (length = 24 bytes)
$VectorList_80244998 will be placed at 8024BC8C (length = 24 bytes)
$Script_Init_80243B20 will be placed at 8024BCB0 (length = 24 bytes)
$Script_Init_Mover will be placed at 8024BCD4 (length = 24 bytes)
$Script_Init_BanditMover will be placed at 8024BCF8 (length = 24 bytes)
$Script_DisableEnemyAI will be placed at 8024BD1C (length = 20 bytes)
$EntryList will be placed at 8024BD3C (length = 20 bytes)
$Script_EnemyAI will be placed at 8024BD5C (length = 20 bytes)
$SignString100 will be placed at 8024BD7C (length = 18 bytes)
$SignString1 will be placed at 8024BD94 (length = 14 bytes)
$SignString99 will be placed at 8024BDA8 (length = 14 bytes)
$SignString98 will be placed at 8024BDBC (length = 14 bytes)
$SignString97 will be placed at 8024BDD0 (length = 14 bytes)
$SignString96 will be placed at 8024BDE4 (length = 14 bytes)
$SignString95 will be placed at 8024BDF8 (length = 14 bytes)
$SignString94 will be placed at 8024BE0C (length = 14 bytes)
$SignString93 will be placed at 8024BE20 (length = 14 bytes)
$SignString92 will be placed at 8024BE34 (length = 14 bytes)
$SignString91 will be placed at 8024BE48 (length = 14 bytes)
$SignString90 will be placed at 8024BE5C (length = 14 bytes)
$SignString59 will be placed at 8024BE70 (length = 14 bytes)
$SignString58 will be placed at 8024BE84 (length = 14 bytes)
$SignString57 will be placed at 8024BE98 (length = 14 bytes)
$SignString56 will be placed at 8024BEAC (length = 14 bytes)
$SignString55 will be placed at 8024BEC0 (length = 14 bytes)
$SignString54 will be placed at 8024BED4 (length = 14 bytes)
$SignString53 will be placed at 8024BEE8 (length = 14 bytes)
$SignString52 will be placed at 8024BEFC (length = 14 bytes)
$SignString51 will be placed at 8024BF10 (length = 14 bytes)
$SignString50 will be placed at 8024BF24 (length = 14 bytes)
$SignString69 will be placed at 8024BF38 (length = 14 bytes)
$SignString68 will be placed at 8024BF4C (length = 14 bytes)
$SignString67 will be placed at 8024BF60 (length = 14 bytes)
$SignString66 will be placed at 8024BF74 (length = 14 bytes)
$SignString65 will be placed at 8024BF88 (length = 14 bytes)
$SignString64 will be placed at 8024BF9C (length = 14 bytes)
$SignString63 will be placed at 8024BFB0 (length = 14 bytes)
$SignString62 will be placed at 8024BFC4 (length = 14 bytes)
$SignString61 will be placed at 8024BFD8 (length = 14 bytes)
$SignString60 will be placed at 8024BFEC (length = 14 bytes)
$SignString79 will be placed at 8024C000 (length = 14 bytes)
$SignString78 will be placed at 8024C014 (length = 14 bytes)
$SignString77 will be placed at 8024C028 (length = 14 bytes)
$SignString76 will be placed at 8024C03C (length = 14 bytes)
$SignString75 will be placed at 8024C050 (length = 14 bytes)
$SignString74 will be placed at 8024C064 (length = 14 bytes)
$SignString73 will be placed at 8024C078 (length = 14 bytes)
$SignString72 will be placed at 8024C08C (length = 14 bytes)
$SignString71 will be placed at 8024C0A0 (length = 14 bytes)
$SignString70 will be placed at 8024C0B4 (length = 14 bytes)
$SignString89 will be placed at 8024C0C8 (length = 14 bytes)
$SignString88 will be placed at 8024C0DC (length = 14 bytes)
$SignString87 will be placed at 8024C0F0 (length = 14 bytes)
$SignString86 will be placed at 8024C104 (length = 14 bytes)
$SignString85 will be placed at 8024C118 (length = 14 bytes)
$SignString84 will be placed at 8024C12C (length = 14 bytes)
$SignString83 will be placed at 8024C140 (length = 14 bytes)
$SignString82 will be placed at 8024C154 (length = 14 bytes)
$SignString81 will be placed at 8024C168 (length = 14 bytes)
$SignString80 will be placed at 8024C17C (length = 14 bytes)
$SignString19 will be placed at 8024C190 (length = 14 bytes)
$SignString18 will be placed at 8024C1A4 (length = 14 bytes)
$SignString17 will be placed at 8024C1B8 (length = 14 bytes)
$SignString16 will be placed at 8024C1CC (length = 14 bytes)
$SignString15 will be placed at 8024C1E0 (length = 14 bytes)
$SignString14 will be placed at 8024C1F4 (length = 14 bytes)
$SignString13 will be placed at 8024C208 (length = 14 bytes)
$SignString12 will be placed at 8024C21C (length = 14 bytes)
$SignString11 will be placed at 8024C230 (length = 14 bytes)
$SignString10 will be placed at 8024C244 (length = 14 bytes)
$SignString3 will be placed at 8024C258 (length = 14 bytes)
$SignString2 will be placed at 8024C26C (length = 14 bytes)
$SignString5 will be placed at 8024C280 (length = 14 bytes)
$SignString4 will be placed at 8024C294 (length = 14 bytes)
$SignString7 will be placed at 8024C2A8 (length = 14 bytes)
$SignString6 will be placed at 8024C2BC (length = 14 bytes)
$SignString9 will be placed at 8024C2D0 (length = 14 bytes)
$SignString8 will be placed at 8024C2E4 (length = 14 bytes)
$SignString29 will be placed at 8024C2F8 (length = 14 bytes)
$SignString28 will be placed at 8024C30C (length = 14 bytes)
$SignString27 will be placed at 8024C320 (length = 14 bytes)
$SignString26 will be placed at 8024C334 (length = 14 bytes)
$SignString25 will be placed at 8024C348 (length = 14 bytes)
$SignString24 will be placed at 8024C35C (length = 14 bytes)
$SignString23 will be placed at 8024C370 (length = 14 bytes)
$SignString22 will be placed at 8024C384 (length = 14 bytes)
$SignString21 will be placed at 8024C398 (length = 14 bytes)
$SignString20 will be placed at 8024C3AC (length = 14 bytes)
$SignString will be placed at 8024C3C0 (length = 14 bytes)
$SignString39 will be placed at 8024C3D4 (length = 14 bytes)
$SignString38 will be placed at 8024C3E8 (length = 14 bytes)
$SignString37 will be placed at 8024C3FC (length = 14 bytes)
$SignString36 will be placed at 8024C410 (length = 14 bytes)
$SignString35 will be placed at 8024C424 (length = 14 bytes)
$SignString34 will be placed at 8024C438 (length = 14 bytes)
$SignString33 will be placed at 8024C44C (length = 14 bytes)
$SignString32 will be placed at 8024C460 (length = 14 bytes)
$SignString31 will be placed at 8024C474 (length = 14 bytes)
$SignString30 will be placed at 8024C488 (length = 14 bytes)
$SignString49 will be placed at 8024C49C (length = 14 bytes)
$SignString48 will be placed at 8024C4B0 (length = 14 bytes)
$SignString47 will be placed at 8024C4C4 (length = 14 bytes)
$SignString46 will be placed at 8024C4D8 (length = 14 bytes)
$SignString45 will be placed at 8024C4EC (length = 14 bytes)
$SignString44 will be placed at 8024C500 (length = 14 bytes)
$SignString43 will be placed at 8024C514 (length = 14 bytes)
$SignString42 will be placed at 8024C528 (length = 14 bytes)
$SignString41 will be placed at 8024C53C (length = 14 bytes)
$SignString40 will be placed at 8024C550 (length = 14 bytes)
$ASCII_pit_02_Literal will be placed at 8024C564 (length = C bytes)
$ASCII_pit_90_Literal will be placed at 8024C570 (length = C bytes)
$ASCII_pit_34_Literal will be placed at 8024C57C (length = C bytes)
$ASCII_pit_66_Literal will be placed at 8024C588 (length = C bytes)
$ASCII_pit_98_Literal will be placed at 8024C594 (length = C bytes)
$ASCII_pit_19_Literal will be placed at 8024C5A0 (length = C bytes)
$ASCII_pit_57_Literal will be placed at 8024C5AC (length = C bytes)
$ASCII_pit_69_Literal will be placed at 8024C5B8 (length = C bytes)
$ASCII_pit_72_Literal will be placed at 8024C5C4 (length = C bytes)
$ASCII_pit_81_Literal will be placed at 8024C5D0 (length = C bytes)
$ASCII_pit_43_Literal will be placed at 8024C5DC (length = C bytes)
$ASCII_pit_28_Literal will be placed at 8024C5E8 (length = C bytes)
$ASCII_pit_78_Literal will be placed at 8024C5F4 (length = C bytes)
$ASCII_pit_63_Literal will be placed at 8024C600 (length = C bytes)
$ASCII_pit_46_Literal will be placed at 8024C60C (length = C bytes)
$ASCII_pit_95_Literal will be placed at 8024C618 (length = C bytes)
$ASCII_pit_16_Literal will be placed at 8024C624 (length = C bytes)
$ASCII_pit_37_Literal will be placed at 8024C630 (length = C bytes)
$ASCII_pit_22_Literal will be placed at 8024C63C (length = C bytes)
$ASCII_pit_05_Literal will be placed at 8024C648 (length = C bytes)
$ASCII_pit_25_Literal will be placed at 8024C654 (length = C bytes)
$ASCII_pit_54_Literal will be placed at 8024C660 (length = C bytes)
$ASCII_pit_08_Literal will be placed at 8024C66C (length = C bytes)
$ASCII_pit_87_Literal will be placed at 8024C678 (length = C bytes)
$ASCII_pit_75_Literal will be placed at 8024C684 (length = C bytes)
$ASCII_pit_13_Literal will be placed at 8024C690 (length = C bytes)
$ASCII_pit_32_Literal will be placed at 8024C69C (length = C bytes)
$ASCII_pit_92_Literal will be placed at 8024C6A8 (length = C bytes)
$ASCII_pit_17_Literal will be placed at 8024C6B4 (length = C bytes)
$ASCII_pit_49_Literal will be placed at 8024C6C0 (length = C bytes)
$ASCII_pit_77_Literal will be placed at 8024C6CC (length = C bytes)
$ASCII_pit_96_Literal will be placed at 8024C6D8 (length = C bytes)
$ASCII_pit_68_Literal will be placed at 8024C6E4 (length = C bytes)
$ASCII_pit_51_Literal will be placed at 8024C6F0 (length = C bytes)
$ASCII_pit_04_Literal will be placed at 8024C6FC (length = C bytes)
$ASCII_pit_83_Literal will be placed at 8024C708 (length = C bytes)
$ASCII_pit_86_Literal will be placed at 8024C714 (length = C bytes)
$ASCII_pit_26_Literal will be placed at 8024C720 (length = C bytes)
$ASCII_pit_41_Literal will be placed at 8024C72C (length = C bytes)
$ASCII_pit_14_Literal will be placed at 8024C738 (length = C bytes)
$ASCII_pit_74_Literal will be placed at 8024C744 (length = C bytes)
$ASCII_pit_60_Literal will be placed at 8024C750 (length = C bytes)
$ASCII_pit_59_Literal will be placed at 8024C75C (length = C bytes)
$ASCII_pit_93_Literal will be placed at 8024C768 (length = C bytes)
$ASCII_pit_65_Literal will be placed at 8024C774 (length = C bytes)
$ASCII_pit_07_Literal will be placed at 8024C780 (length = C bytes)
$ASCII_pit_20_Literal will be placed at 8024C78C (length = C bytes)
$ASCII_pit_35_Literal will be placed at 8024C798 (length = C bytes)
$ASCII_pit_23_Literal will be placed at 8024C7A4 (length = C bytes)
$ASCII_pit_11_Literal will be placed at 8024C7B0 (length = C bytes)
$ASCII_pit_56_Literal will be placed at 8024C7BC (length = C bytes)
$ASCII_pit_44_Literal will be placed at 8024C7C8 (length = C bytes)
$ASCII_pit_89_Literal will be placed at 8024C7D4 (length = C bytes)
$ASCII_pit_79_Literal will be placed at 8024C7E0 (length = C bytes)
$ASCII_pit_62_Literal will be placed at 8024C7EC (length = C bytes)
$ASCII_pit_94_Literal will be placed at 8024C7F8 (length = C bytes)
$ASCII_pit_47_Literal will be placed at 8024C804 (length = C bytes)
$ASCII_pit_21_Literal will be placed at 8024C810 (length = C bytes)
$ASCII_pit_06_Literal will be placed at 8024C81C (length = C bytes)
$ASCII_pit_53_Literal will be placed at 8024C828 (length = C bytes)
$ASCII_pit_09_Literal will be placed at 8024C834 (length = C bytes)
$ASCII_pit_88_Literal will be placed at 8024C840 (length = C bytes)
$ASCII_pit_38_Literal will be placed at 8024C84C (length = C bytes)
$ASCII_pit_24_Literal will be placed at 8024C858 (length = C bytes)
$ASCII_pit_12_Literal will be placed at 8024C864 (length = C bytes)
$ASCII_pit_76_Literal will be placed at 8024C870 (length = C bytes)
$ASCII_pit_01_Literal will be placed at 8024C87C (length = C bytes)
$ASCII_pit_50_Literal will be placed at 8024C888 (length = C bytes)
$ASCII_pit_33_Literal will be placed at 8024C894 (length = C bytes)
$ASCII_pit_99_Literal will be placed at 8024C8A0 (length = C bytes)
$ASCII_pit_67_Literal will be placed at 8024C8AC (length = C bytes)
$ASCII_pit_71_Literal will be placed at 8024C8B8 (length = C bytes)
$ASCII_pit_42_Literal will be placed at 8024C8C4 (length = C bytes)
$ASCII_pit_80_Literal will be placed at 8024C8D0 (length = C bytes)
$ASCII_pit_29_Literal will be placed at 8024C8DC (length = C bytes)
$ASCII_pit_58_Literal will be placed at 8024C8E8 (length = C bytes)
$ASCII_pit_30_Literal will be placed at 8024C8F4 (length = C bytes)
$ASCII_pit_00_Literal will be placed at 8024C900 (length = C bytes)
$ASCII_pit_64_Literal will be placed at 8024C90C (length = C bytes)
$ASCII_pit_36_Literal will be placed at 8024C918 (length = C bytes)
$ASCII_pit_55_Literal will be placed at 8024C924 (length = C bytes)
$ASCII_pit_10_Literal will be placed at 8024C930 (length = C bytes)
$ASCII_pit_45_Literal will be placed at 8024C93C (length = C bytes)
$ASCII_pit_18_Literal will be placed at 8024C948 (length = C bytes)
$ASCII_pit_48_Literal will be placed at 8024C954 (length = C bytes)
$ASCII_pit_03_Literal will be placed at 8024C960 (length = C bytes)
$ASCII_pit_31_Literal will be placed at 8024C96C (length = C bytes)
$ASCII_pit_91_Literal will be placed at 8024C978 (length = C bytes)
$ASCII_pit_97_Literal will be placed at 8024C984 (length = C bytes)
$ASCII_pit_82_Literal will be placed at 8024C990 (length = C bytes)
$ASCII_pit_52_Literal will be placed at 8024C99C (length = C bytes)
$ASCII_pit_70_Literal will be placed at 8024C9A8 (length = C bytes)
$ASCII_pit_85_Literal will be placed at 8024C9B4 (length = C bytes)
$ASCII_pit_40_Literal will be placed at 8024C9C0 (length = C bytes)
$ASCII_pit_39_Literal will be placed at 8024C9CC (length = C bytes)
$ASCII_pit_73_Literal will be placed at 8024C9D8 (length = C bytes)
$ASCII_pit_15_Literal will be placed at 8024C9E4 (length = C bytes)
$ASCII_pit_27_Literal will be placed at 8024C9F0 (length = C bytes)
$ASCII_pit_61_Literal will be placed at 8024C9FC (length = C bytes)
$ASCII_pit_842_Literal will be placed at 8024CA08 (length = 8 bytes)
$ASCII_pit_100_Literal will be placed at 8024CA10 (length = 8 bytes)
$ASCII_tik_tex_Literal will be placed at 8024CA18 (length = 8 bytes)
$MoverCancel will be placed at 8024CA20 (length = 4 bytes)
$BanditMoverCancel will be placed at 8024CA24 (length = 4 bytes)
Executing patch: pit_37.mpat
Loaded map pit_01
Creating struct: $EntryList
Creating struct: $DeepestLevel
Creating struct: $TotalLevels
Creating struct: $LoadHighscores
Creating struct: $FallingDownPipe
Creating struct: $Function_GetPos
Creating struct: $Function2
Creating struct: $SetSpawns
Creating struct: $Script_SetNPCPos
Creating struct: $SwitchPath
Creating struct: $VectorList_80244998
Creating struct: $GetPos
Creating struct: $Function_GetDamageTaken
Creating struct: $Function_ResetDamage
Creating struct: $DispawnParthner
Creating struct: $RespawnParthner
Creating struct: $LoadMap
Creating struct: $Script_LoadMapMover_Roguelike
Creating struct: $GetFloor
Creating struct: $LoadCoinsMover
Creating struct: $LoadMapBandit
Creating struct: $GetFloorBandit
Creating struct: $Script_Init_80243B20
Creating struct: $Script_80243A6C
Creating struct: $Script_AddCoins
Creating struct: $Script_SubstractCoins
Creating struct: $NPC_Settings_Sack
Creating struct: $Script_Init_Bag
Creating struct: $Script_Init_Bag_HitBox
Creating struct: $Script_NPC_SackHit_Init
Creating struct: $Script_NPC_Sack_FX
Creating struct: $NPC_Sack_AnimationStart
Creating struct: $NPC_Sack_AnimationEnd
Creating struct: $Script_SackAnimation_Start_GoToTheRight
Creating struct: $Script_SackAnimation_Start_GoToTheLeft
Creating struct: $Script_SackAnimation_End_Right
Creating struct: $Script_SackAnimation_End_Left
Creating struct: $Function_LoadGainedCoins
Creating struct: $Function_RevivePlayer
Creating struct: $AISettings_MoneySack
Creating struct: $Script_NpcAI_MoneySack
Creating struct: $JumpTable_80242448
Creating struct: $Function_NpcAI_MoneySack
Creating struct: $Function_80240260
Creating struct: $Function_80240844
Creating struct: $Function_802409A8
Creating struct: $Script_TrackPlayer
Creating struct: $Script_PipeAnimation
Creating struct: $Function_SetAnimation
Creating struct: $Function_GetColliderPos
Creating struct: $Function_TrackInput
Creating struct: $GoToNextLevel
Creating struct: $GoToNextLevel_Roguelike
Creating struct: $Script_SetSetsOfLevels
Creating struct: $Script_LoadMap_Roguelike
Creating struct: $Script_LoadChestMap_Roguelike
Creating struct: $Script_LoadMap_Mover_Roguelike
Creating struct: $Script_LoadChestMap_Mover_Roguelike
Creating struct: $GetFloorPit
Creating struct: $GetFloorSign
Creating struct: $Function_GetTattle1
Creating struct: $Function_GetTattle2
Creating struct: $Script_ReadSign
Creating struct: $Header
Creating struct: $Function_Init
Creating struct: $Script_Main
Creating struct: $NpcGroups
Creating struct: $NpcGroup_Mover
Creating struct: $BlankSettings
Creating struct: $Script_Init_Mover
Creating struct: $Interact_Mover
Creating struct: $Script_MoverWarpAnimation
Creating struct: $NpcGroup_BanditMover
Creating struct: $Script_Init_BanditMover
Creating struct: $Interact_BanditMover
Creating struct: $NpcGroup_Enemy1
Creating struct: $NpcGroup_Enemy2
Creating struct: $NpcGroup_Enemy3
Creating struct: $NpcGroup_Enemy4
Creating struct: $NpcGroup_Enemy5
Creating struct: $NpcGroup_Enemy6
Creating struct: $NpcSettings_Enemy1
Creating struct: $Script_EnemyAI
Creating struct: $AISettings_Enemy
Creating struct: $ConstDouble_80244CB0
Creating struct: $ConstDouble_80244CB8
Creating struct: $ConstDouble_80244CC0
Creating struct: $FloatTable_80242EF0
Creating struct: $JumpTable_80244CC8
Creating struct: $Function_802416AC
Creating struct: $Function_80241588
Creating struct: $Function_802403A0
Creating struct: $Function_80240550
Creating struct: $Function_80240B78
Creating struct: $Function_80240C38
Creating struct: $Function_80240F7C
Creating struct: $Function_80240FF4
Creating struct: $Function_80241060
Creating struct: $Function_80241194
Creating struct: $Function_802411F8
Creating struct: $Script_DisableEnemyAI
Creating struct: $AISettings_DisableEnemy
Creating struct: $PipeSpawning
Creating struct: $Script_MakeEntities
Creating struct: $CommingDownPipe
Creating struct: $Script_MakeExits
Creating struct: $Script_Exit0
Merged 1 regions to 1
$Script_LoadMap_Mover_Roguelike will be placed at 80240000 (length = F14 bytes)
$LoadMap will be placed at 80240F14 (length = EF4 bytes)
$Script_ReadSign will be placed at 80241E08 (length = EEC bytes)
$LoadMapBandit will be placed at 80242CF4 (length = EA4 bytes)
$Script_LoadMap_Roguelike will be placed at 80243B98 (length = D9C bytes)
$GoToNextLevel will be placed at 80244934 (length = D10 bytes)
$GoToNextLevel_Roguelike will be placed at 80245644 (length = 868 bytes)
$Function_80240550 will be placed at 80245EAC (length = 62C bytes)
$Function_80240260 will be placed at 802464D8 (length = 5E4 bytes)
$Function_802411F8 will be placed at 80246ABC (length = 390 bytes)
$SetSpawns will be placed at 80246E4C (length = 384 bytes)
$FallingDownPipe will be placed at 802471D0 (length = 37C bytes)
$Script_SetSetsOfLevels will be placed at 8024754C (length = 358 bytes)
$Function_80240C38 will be placed at 802478A4 (length = 344 bytes)
$Script_SetNPCPos will be placed at 80247BE8 (length = 2F4 bytes)
$Function_NpcAI_MoneySack will be placed at 80247EDC (length = 238 bytes)
$Script_SackAnimation_Start_GoToTheRight will be placed at 80248114 (length = 230 bytes)
$Script_SackAnimation_Start_GoToTheLeft will be placed at 80248344 (length = 1F8 bytes)
$Interact_Mover will be placed at 8024853C (length = 1F8 bytes)
$NpcGroup_Enemy3 will be placed at 80248734 (length = 1F0 bytes)
$NpcGroup_Enemy4 will be placed at 80248924 (length = 1F0 bytes)
$NpcGroup_Enemy5 will be placed at 80248B14 (length = 1F0 bytes)
$NpcGroup_Enemy6 will be placed at 80248D04 (length = 1F0 bytes)
$NpcGroup_Enemy1 will be placed at 80248EF4 (length = 1F0 bytes)
$NpcGroup_Enemy2 will be placed at 802490E4 (length = 1F0 bytes)
$NpcGroup_Mover will be placed at 802492D4 (length = 1F0 bytes)
$NpcGroup_BanditMover will be placed at 802494C4 (length = 1F0 bytes)
$Interact_BanditMover will be placed at 802496B4 (length = 1EC bytes)
$Function_802416AC will be placed at 802498A0 (length = 1EC bytes)
$Script_PipeAnimation will be placed at 80249A8C (length = 1D0 bytes)
$Function_802403A0 will be placed at 80249C5C (length = 1B4 bytes)
$JumpTable_80242448 will be placed at 80249E10 (length = 190 bytes)
$Script_LoadChestMap_Mover_Roguelike will be placed at 80249FA0 (length = 18C bytes)
$PipeSpawning will be placed at 8024A12C (length = 178 bytes)
$NPC_Sack_AnimationStart will be placed at 8024A2A4 (length = 168 bytes)
$Function_80240844 will be placed at 8024A40C (length = 164 bytes)
$Script_LoadChestMap_Roguelike will be placed at 8024A570 (length = 164 bytes)
$Script_NPC_SackHit_Init will be placed at 8024A6D4 (length = 160 bytes)
$Script_SackAnimation_End_Right will be placed at 8024A834 (length = 158 bytes)
$Script_SackAnimation_End_Left will be placed at 8024A98C (length = 150 bytes)
$MapTattle5 will be placed at 8024AADC (length = 13C bytes)
$Function_80241060 will be placed at 8024AC18 (length = 134 bytes)
$MapTattle4 will be placed at 8024AD4C (length = 130 bytes)
$GetFloor will be placed at 8024AE7C (length = 12C bytes)
$BanditMover_Tattle will be placed at 8024AFA8 (length = 124 bytes)
$Function_80241588 will be placed at 8024B0CC (length = 124 bytes)
$Script_Main will be placed at 8024B1F0 (length = 120 bytes)
$Script_80243A6C will be placed at 8024B310 (length = 114 bytes)
$Script_SubstractCoins will be placed at 8024B424 (length = 10C bytes)
$Script_LoadMapMover_Roguelike will be placed at 8024B530 (length = 104 bytes)
$GetFloorBandit will be placed at 8024B634 (length = F4 bytes)
$Script_MoverWarpAnimation will be placed at 8024B728 (length = F0 bytes)
$Function_GetColliderPos will be placed at 8024B818 (length = E0 bytes)
$Function_GetPos will be placed at 8024B8F8 (length = E0 bytes)
$Script_TrackPlayer will be placed at 8024B9D8 (length = DC bytes)
$MapTattle2 will be placed at 8024BAB4 (length = D4 bytes)
$Function_80240B78 will be placed at 8024BB88 (length = C0 bytes)
$Function_TrackInput will be placed at 8024BC48 (length = BC bytes)
$MapTattle3 will be placed at 8024BD04 (length = B0 bytes)
$Script_MakeEntities will be placed at 8024BDB4 (length = A8 bytes)
$MapTattle1 will be placed at 8024BE5C (length = A8 bytes)
$Script_NpcAI_MoneySack will be placed at 8024BF04 (length = A8 bytes)
$MoverStart will be placed at 8024BFAC (length = A4 bytes)
$SwitchPath will be placed at 8024C050 (length = A4 bytes)
$Script_NPC_Sack_FX will be placed at 8024C0F4 (length = A4 bytes)
$GetPos will be placed at 8024C198 (length = 9C bytes)
$Script_AddCoins will be placed at 8024C234 (length = 98 bytes)
$BanditMoverStart will be placed at 8024C2CC (length = 98 bytes)
$Mover_Tattle will be placed at 8024C364 (length = 94 bytes)
$Function_GetTattle1 will be placed at 8024C3F8 (length = 8C bytes)
$NPC_Sack_AnimationEnd will be placed at 8024C484 (length = 84 bytes)
$BanditMover_Options will be placed at 8024C508 (length = 80 bytes)
$SignStringBug will be placed at 8024C588 (length = 7C bytes)
$LoadHighscores will be placed at 8024C604 (length = 7C bytes)
$Function_80240F7C will be placed at 8024C680 (length = 78 bytes)
$Mover_Options will be placed at 8024C6F8 (length = 78 bytes)
$Script_EnemyAI will be placed at 8024C770 (length = 70 bytes)
$NpcGroups will be placed at 8024C7E0 (length = 6C bytes)
$DeepestLevel will be placed at 8024C84C (length = 6C bytes)
$Function2 will be placed at 8024C8B8 (length = 6C bytes)
$LoadCoinsMover will be placed at 8024C924 (length = 6C bytes)
$Function_SetAnimation will be placed at 8024C990 (length = 6C bytes)
$Function_80240FF4 will be placed at 8024C9FC (length = 6C bytes)
$GetFloorPit will be placed at 8024CA68 (length = 68 bytes)
$MoverEnd will be placed at 8024CAD0 (length = 68 bytes)
$BanditMoverEnd will be placed at 8024CB38 (length = 68 bytes)
$GetFloorSign will be placed at 8024CBA0 (length = 64 bytes)
$Function_80241194 will be placed at 8024CC04 (length = 64 bytes)
$BanditMoverNoCoins will be placed at 8024CC68 (length = 58 bytes)
$MoverNoCoins will be placed at 8024CCC0 (length = 58 bytes)
$Function_GetTattle2 will be placed at 8024CD18 (length = 48 bytes)
$CommingDownPipe will be placed at 8024CD60 (length = 48 bytes)
$Script_Exit0 will be placed at 8024CDA8 (length = 48 bytes)
$Function_LoadGainedCoins will be placed at 8024CDF0 (length = 48 bytes)
$Function_Init will be placed at 8024CE38 (length = 44 bytes)
$Function_802409A8 will be placed at 8024CE7C (length = 44 bytes)
$Header will be placed at 8024CEC0 (length = 40 bytes)
$JumpTable_80244CC8 will be placed at 8024CF00 (length = 3C bytes)
$Script_Init_Bag will be placed at 8024CF3C (length = 38 bytes)
$TotalLevels will be placed at 8024CF74 (length = 38 bytes)
$Script_Init_Bag_HitBox will be placed at 8024CFAC (length = 38 bytes)
$DispawnParthner will be placed at 8024CFE4 (length = 34 bytes)
$Function_ResetDamage will be placed at 8024D018 (length = 34 bytes)
$AISettings_MoneySack will be placed at 8024D04C (length = 30 bytes)
$AISettings_Enemy will be placed at 8024D07C (length = 30 bytes)
$AISettings_DisableEnemy will be placed at 8024D0AC (length = 30 bytes)
$RespawnParthner will be placed at 8024D0DC (length = 30 bytes)
$NPC_Settings_Sack will be placed at 8024D10C (length = 2C bytes)
$Function_GetDamageTaken will be placed at 8024D138 (length = 2C bytes)
$NpcSettings_Enemy1 will be placed at 8024D164 (length = 2C bytes)
$Function_RevivePlayer will be placed at 8024D190 (length = 2C bytes)
$String_CoinsGained will be placed at 8024D1BC (length = 2C bytes)
$BlankSettings will be placed at 8024D1E8 (length = 2C bytes)
$Script_MakeExits will be placed at 8024D214 (length = 2C bytes)
$VectorList_80244998 will be placed at 8024D240 (length = 24 bytes)
$Script_Init_80243B20 will be placed at 8024D264 (length = 24 bytes)
$Script_Init_Mover will be placed at 8024D288 (length = 24 bytes)
$Script_Init_BanditMover will be placed at 8024D2AC (length = 24 bytes)
$Script_DisableEnemyAI will be placed at 8024D2D0 (length = 20 bytes)
$EntryList will be placed at 8024D2F0 (length = 20 bytes)
$SignString100 will be placed at 8024D310 (length = 18 bytes)
$FloatTable_80242EF0 will be placed at 8024D328 (length = 18 bytes)
$SignString1 will be placed at 8024D340 (length = 14 bytes)
$SignString99 will be placed at 8024D354 (length = 14 bytes)
$SignString98 will be placed at 8024D368 (length = 14 bytes)
$SignString97 will be placed at 8024D37C (length = 14 bytes)
$SignString96 will be placed at 8024D390 (length = 14 bytes)
$SignString95 will be placed at 8024D3A4 (length = 14 bytes)
$SignString94 will be placed at 8024D3B8 (length = 14 bytes)
$SignString93 will be placed at 8024D3CC (length = 14 bytes)
$SignString92 will be placed at 8024D3E0 (length = 14 bytes)
$SignString91 will be placed at 8024D3F4 (length = 14 bytes)
$SignString90 will be placed at 8024D408 (length = 14 bytes)
$SignString59 will be placed at 8024D41C (length = 14 bytes)
$SignString58 will be placed at 8024D430 (length = 14 bytes)
$SignString57 will be placed at 8024D444 (length = 14 bytes)
$SignString56 will be placed at 8024D458 (length = 14 bytes)
$SignString55 will be placed at 8024D46C (length = 14 bytes)
$SignString54 will be placed at 8024D480 (length = 14 bytes)
$SignString53 will be placed at 8024D494 (length = 14 bytes)
$SignString52 will be placed at 8024D4A8 (length = 14 bytes)
$SignString51 will be placed at 8024D4BC (length = 14 bytes)
$SignString50 will be placed at 8024D4D0 (length = 14 bytes)
$SignString69 will be placed at 8024D4E4 (length = 14 bytes)
$SignString68 will be placed at 8024D4F8 (length = 14 bytes)
$SignString67 will be placed at 8024D50C (length = 14 bytes)
$SignString66 will be placed at 8024D520 (length = 14 bytes)
$SignString65 will be placed at 8024D534 (length = 14 bytes)
$SignString64 will be placed at 8024D548 (length = 14 bytes)
$SignString63 will be placed at 8024D55C (length = 14 bytes)
$SignString62 will be placed at 8024D570 (length = 14 bytes)
$SignString61 will be placed at 8024D584 (length = 14 bytes)
$SignString60 will be placed at 8024D598 (length = 14 bytes)
$SignString79 will be placed at 8024D5AC (length = 14 bytes)
$SignString78 will be placed at 8024D5C0 (length = 14 bytes)
$SignString77 will be placed at 8024D5D4 (length = 14 bytes)
$SignString76 will be placed at 8024D5E8 (length = 14 bytes)
$SignString75 will be placed at 8024D5FC (length = 14 bytes)
$SignString74 will be placed at 8024D610 (length = 14 bytes)
$SignString73 will be placed at 8024D624 (length = 14 bytes)
$SignString72 will be placed at 8024D638 (length = 14 bytes)
$SignString71 will be placed at 8024D64C (length = 14 bytes)
$SignString70 will be placed at 8024D660 (length = 14 bytes)
$SignString89 will be placed at 8024D674 (length = 14 bytes)
$SignString88 will be placed at 8024D688 (length = 14 bytes)
$SignString87 will be placed at 8024D69C (length = 14 bytes)
$SignString86 will be placed at 8024D6B0 (length = 14 bytes)
$SignString85 will be placed at 8024D6C4 (length = 14 bytes)
$SignString84 will be placed at 8024D6D8 (length = 14 bytes)
$SignString83 will be placed at 8024D6EC (length = 14 bytes)
$SignString82 will be placed at 8024D700 (length = 14 bytes)
$SignString81 will be placed at 8024D714 (length = 14 bytes)
$SignString80 will be placed at 8024D728 (length = 14 bytes)
$SignString19 will be placed at 8024D73C (length = 14 bytes)
$SignString18 will be placed at 8024D750 (length = 14 bytes)
$SignString17 will be placed at 8024D764 (length = 14 bytes)
$SignString16 will be placed at 8024D778 (length = 14 bytes)
$SignString15 will be placed at 8024D78C (length = 14 bytes)
$SignString14 will be placed at 8024D7A0 (length = 14 bytes)
$SignString13 will be placed at 8024D7B4 (length = 14 bytes)
$SignString12 will be placed at 8024D7C8 (length = 14 bytes)
$SignString11 will be placed at 8024D7DC (length = 14 bytes)
$SignString10 will be placed at 8024D7F0 (length = 14 bytes)
$SignString3 will be placed at 8024D804 (length = 14 bytes)
$SignString2 will be placed at 8024D818 (length = 14 bytes)
$SignString5 will be placed at 8024D82C (length = 14 bytes)
$SignString4 will be placed at 8024D840 (length = 14 bytes)
$SignString7 will be placed at 8024D854 (length = 14 bytes)
$SignString6 will be placed at 8024D868 (length = 14 bytes)
$SignString9 will be placed at 8024D87C (length = 14 bytes)
$SignString8 will be placed at 8024D890 (length = 14 bytes)
$SignString29 will be placed at 8024D8A4 (length = 14 bytes)
$SignString28 will be placed at 8024D8B8 (length = 14 bytes)
$SignString27 will be placed at 8024D8CC (length = 14 bytes)
$SignString26 will be placed at 8024D8E0 (length = 14 bytes)
$SignString25 will be placed at 8024D8F4 (length = 14 bytes)
$SignString24 will be placed at 8024D908 (length = 14 bytes)
$SignString23 will be placed at 8024D91C (length = 14 bytes)
$SignString22 will be placed at 8024D930 (length = 14 bytes)
$SignString21 will be placed at 8024D944 (length = 14 bytes)
$SignString20 will be placed at 8024D958 (length = 14 bytes)
$SignString will be placed at 8024D96C (length = 14 bytes)
$SignString39 will be placed at 8024D980 (length = 14 bytes)
$SignString38 will be placed at 8024D994 (length = 14 bytes)
$SignString37 will be placed at 8024D9A8 (length = 14 bytes)
$SignString36 will be placed at 8024D9BC (length = 14 bytes)
$SignString35 will be placed at 8024D9D0 (length = 14 bytes)
$SignString34 will be placed at 8024D9E4 (length = 14 bytes)
$SignString33 will be placed at 8024D9F8 (length = 14 bytes)
$SignString32 will be placed at 8024DA0C (length = 14 bytes)
$SignString31 will be placed at 8024DA20 (length = 14 bytes)
$SignString30 will be placed at 8024DA34 (length = 14 bytes)
$SignString49 will be placed at 8024DA48 (length = 14 bytes)
$SignString48 will be placed at 8024DA5C (length = 14 bytes)
$SignString47 will be placed at 8024DA70 (length = 14 bytes)
$SignString46 will be placed at 8024DA84 (length = 14 bytes)
$SignString45 will be placed at 8024DA98 (length = 14 bytes)
$SignString44 will be placed at 8024DAAC (length = 14 bytes)
$SignString43 will be placed at 8024DAC0 (length = 14 bytes)
$SignString42 will be placed at 8024DAD4 (length = 14 bytes)
$SignString41 will be placed at 8024DAE8 (length = 14 bytes)
$SignString40 will be placed at 8024DAFC (length = 14 bytes)
$ASCII_pit_02_Literal will be placed at 8024DB10 (length = C bytes)
$ASCII_pit_90_Literal will be placed at 8024DB1C (length = C bytes)
$ASCII_pit_34_Literal will be placed at 8024DB28 (length = C bytes)
$ASCII_pit_66_Literal will be placed at 8024DB34 (length = C bytes)
$ASCII_pit_98_Literal will be placed at 8024DB40 (length = C bytes)
$ASCII_pit_19_Literal will be placed at 8024DB4C (length = C bytes)
$ASCII_pit_57_Literal will be placed at 8024DB58 (length = C bytes)
$ASCII_pit_69_Literal will be placed at 8024DB64 (length = C bytes)
$ASCII_pit_72_Literal will be placed at 8024DB70 (length = C bytes)
$ASCII_pit_81_Literal will be placed at 8024DB7C (length = C bytes)
$ASCII_pit_43_Literal will be placed at 8024DB88 (length = C bytes)
$ASCII_pit_28_Literal will be placed at 8024DB94 (length = C bytes)
$ASCII_pit_78_Literal will be placed at 8024DBA0 (length = C bytes)
$ASCII_pit_63_Literal will be placed at 8024DBAC (length = C bytes)
$ASCII_pit_46_Literal will be placed at 8024DBB8 (length = C bytes)
$ASCII_pit_95_Literal will be placed at 8024DBC4 (length = C bytes)
$ASCII_pit_16_Literal will be placed at 8024DBD0 (length = C bytes)
$ASCII_pit_37_Literal will be placed at 8024DBDC (length = C bytes)
$ASCII_pit_22_Literal will be placed at 8024DBE8 (length = C bytes)
$ASCII_pit_05_Literal will be placed at 8024DBF4 (length = C bytes)
$ASCII_pit_25_Literal will be placed at 8024DC00 (length = C bytes)
$ASCII_pit_54_Literal will be placed at 8024DC0C (length = C bytes)
$ASCII_pit_08_Literal will be placed at 8024DC18 (length = C bytes)
$ASCII_pit_87_Literal will be placed at 8024DC24 (length = C bytes)
$ASCII_pit_75_Literal will be placed at 8024DC30 (length = C bytes)
$ASCII_pit_13_Literal will be placed at 8024DC3C (length = C bytes)
$ASCII_pit_32_Literal will be placed at 8024DC48 (length = C bytes)
$ASCII_pit_92_Literal will be placed at 8024DC54 (length = C bytes)
$ASCII_pit_17_Literal will be placed at 8024DC60 (length = C bytes)
$ASCII_pit_49_Literal will be placed at 8024DC6C (length = C bytes)
$ASCII_pit_77_Literal will be placed at 8024DC78 (length = C bytes)
$ASCII_pit_96_Literal will be placed at 8024DC84 (length = C bytes)
$ASCII_pit_68_Literal will be placed at 8024DC90 (length = C bytes)
$ASCII_pit_51_Literal will be placed at 8024DC9C (length = C bytes)
$ASCII_pit_04_Literal will be placed at 8024DCA8 (length = C bytes)
$ASCII_pit_83_Literal will be placed at 8024DCB4 (length = C bytes)
$ASCII_pit_86_Literal will be placed at 8024DCC0 (length = C bytes)
$ASCII_pit_26_Literal will be placed at 8024DCCC (length = C bytes)
$ASCII_pit_41_Literal will be placed at 8024DCD8 (length = C bytes)
$ASCII_pit_14_Literal will be placed at 8024DCE4 (length = C bytes)
$ASCII_pit_74_Literal will be placed at 8024DCF0 (length = C bytes)
$ASCII_pit_60_Literal will be placed at 8024DCFC (length = C bytes)
$ASCII_pit_59_Literal will be placed at 8024DD08 (length = C bytes)
$ASCII_pit_93_Literal will be placed at 8024DD14 (length = C bytes)
$ASCII_pit_65_Literal will be placed at 8024DD20 (length = C bytes)
$ASCII_pit_07_Literal will be placed at 8024DD2C (length = C bytes)
$ASCII_pit_20_Literal will be placed at 8024DD38 (length = C bytes)
$ASCII_pit_35_Literal will be placed at 8024DD44 (length = C bytes)
$ASCII_pit_23_Literal will be placed at 8024DD50 (length = C bytes)
$ASCII_pit_11_Literal will be placed at 8024DD5C (length = C bytes)
$ASCII_pit_56_Literal will be placed at 8024DD68 (length = C bytes)
$ASCII_pit_44_Literal will be placed at 8024DD74 (length = C bytes)
$ASCII_pit_89_Literal will be placed at 8024DD80 (length = C bytes)
$ASCII_pit_79_Literal will be placed at 8024DD8C (length = C bytes)
$ASCII_pit_62_Literal will be placed at 8024DD98 (length = C bytes)
$ASCII_pit_94_Literal will be placed at 8024DDA4 (length = C bytes)
$ASCII_pit_47_Literal will be placed at 8024DDB0 (length = C bytes)
$ASCII_pit_21_Literal will be placed at 8024DDBC (length = C bytes)
$ASCII_pit_06_Literal will be placed at 8024DDC8 (length = C bytes)
$ASCII_pit_53_Literal will be placed at 8024DDD4 (length = C bytes)
$ASCII_pit_09_Literal will be placed at 8024DDE0 (length = C bytes)
$ASCII_pit_88_Literal will be placed at 8024DDEC (length = C bytes)
$ASCII_pit_38_Literal will be placed at 8024DDF8 (length = C bytes)
$ASCII_pit_24_Literal will be placed at 8024DE04 (length = C bytes)
$ASCII_pit_12_Literal will be placed at 8024DE10 (length = C bytes)
$ASCII_pit_76_Literal will be placed at 8024DE1C (length = C bytes)
$ASCII_pit_01_Literal will be placed at 8024DE28 (length = C bytes)
$ASCII_pit_50_Literal will be placed at 8024DE34 (length = C bytes)
$ASCII_pit_33_Literal will be placed at 8024DE40 (length = C bytes)
$ASCII_pit_99_Literal will be placed at 8024DE4C (length = C bytes)
$ASCII_pit_67_Literal will be placed at 8024DE58 (length = C bytes)
$ASCII_pit_71_Literal will be placed at 8024DE64 (length = C bytes)
$ASCII_pit_42_Literal will be placed at 8024DE70 (length = C bytes)
$ASCII_pit_80_Literal will be placed at 8024DE7C (length = C bytes)
$ASCII_pit_29_Literal will be placed at 8024DE88 (length = C bytes)
$ASCII_pit_58_Literal will be placed at 8024DE94 (length = C bytes)
$ASCII_pit_30_Literal will be placed at 8024DEA0 (length = C bytes)
$ASCII_pit_00_Literal will be placed at 8024DEAC (length = C bytes)
$ASCII_pit_64_Literal will be placed at 8024DEB8 (length = C bytes)
$ASCII_pit_36_Literal will be placed at 8024DEC4 (length = C bytes)
$ASCII_pit_55_Literal will be placed at 8024DED0 (length = C bytes)
$ASCII_pit_10_Literal will be placed at 8024DEDC (length = C bytes)
$ASCII_pit_45_Literal will be placed at 8024DEE8 (length = C bytes)
$ASCII_pit_18_Literal will be placed at 8024DEF4 (length = C bytes)
$ASCII_pit_48_Literal will be placed at 8024DF00 (length = C bytes)
$ASCII_pit_03_Literal will be placed at 8024DF0C (length = C bytes)
$ASCII_pit_31_Literal will be placed at 8024DF18 (length = C bytes)
$ASCII_pit_91_Literal will be placed at 8024DF24 (length = C bytes)
$ASCII_pit_97_Literal will be placed at 8024DF30 (length = C bytes)
$ASCII_pit_82_Literal will be placed at 8024DF3C (length = C bytes)
$ASCII_pit_52_Literal will be placed at 8024DF48 (length = C bytes)
$ASCII_pit_70_Literal will be placed at 8024DF54 (length = C bytes)
$ASCII_pit_85_Literal will be placed at 8024DF60 (length = C bytes)
$ASCII_pit_40_Literal will be placed at 8024DF6C (length = C bytes)
$ASCII_pit_39_Literal will be placed at 8024DF78 (length = C bytes)
$ASCII_pit_73_Literal will be placed at 8024DF84 (length = C bytes)
$ASCII_pit_15_Literal will be placed at 8024DF90 (length = C bytes)
$ASCII_pit_27_Literal will be placed at 8024DF9C (length = C bytes)
$ASCII_pit_61_Literal will be placed at 8024DFA8 (length = C bytes)
$ASCII_pit_842_Literal will be placed at 8024DFB4 (length = 8 bytes)
$ASCII_pit_100_Literal will be placed at 8024DFBC (length = 8 bytes)
$ASCII_tik_tex_Literal will be placed at 8024DFC4 (length = 8 bytes)
$ConstDouble_80244CC0 will be placed at 8024DFCC (length = 8 bytes)
$ConstDouble_80244CB8 will be placed at 8024DFD4 (length = 8 bytes)
$ConstDouble_80244CB0 will be placed at 8024DFDC (length = 8 bytes)
$MoverCancel will be placed at 8024DFE4 (length = 4 bytes)
$BanditMoverCancel will be placed at 8024DFE8 (length = 4 bytes)
Executing patch: pit_38.mpat
Loaded map pit_01
Creating struct: $EntryList
Creating struct: $DeepestLevel
Creating struct: $TotalLevels
Creating struct: $LoadHighscores
Creating struct: $FallingDownPipe
Creating struct: $Function_GetPos
Creating struct: $Function2
Creating struct: $SetSpawns
Creating struct: $Script_SetNPCPos
Creating struct: $SwitchPath
Creating struct: $VectorList_80244998
Creating struct: $GetPos
Creating struct: $Function_GetDamageTaken
Creating struct: $Function_ResetDamage
Creating struct: $DispawnParthner
Creating struct: $RespawnParthner
Creating struct: $LoadMap
Creating struct: $Script_LoadMapMover_Roguelike
Creating struct: $GetFloor
Creating struct: $LoadCoinsMover
Creating struct: $LoadMapBandit
Creating struct: $GetFloorBandit
Creating struct: $Script_Init_80243B20
Creating struct: $Script_80243A6C
Creating struct: $Script_AddCoins
Creating struct: $Script_SubstractCoins
Creating struct: $NPC_Settings_Sack
Creating struct: $Script_Init_Bag
Creating struct: $Script_Init_Bag_HitBox
Creating struct: $Script_NPC_SackHit_Init
Creating struct: $Script_NPC_Sack_FX
Creating struct: $NPC_Sack_AnimationStart
Creating struct: $NPC_Sack_AnimationEnd
Creating struct: $Script_SackAnimation_Start_GoToTheRight
Creating struct: $Script_SackAnimation_Start_GoToTheLeft
Creating struct: $Script_SackAnimation_End_Right
Creating struct: $Script_SackAnimation_End_Left
Creating struct: $Function_LoadGainedCoins
Creating struct: $Function_RevivePlayer
Creating struct: $AISettings_MoneySack
Creating struct: $Script_NpcAI_MoneySack
Creating struct: $JumpTable_80242448
Creating struct: $Function_NpcAI_MoneySack
Creating struct: $Function_80240260
Creating struct: $Function_80240844
Creating struct: $Function_802409A8
Creating struct: $Script_TrackPlayer
Creating struct: $Script_PipeAnimation
Creating struct: $Function_SetAnimation
Creating struct: $Function_GetColliderPos
Creating struct: $Function_TrackInput
Creating struct: $GoToNextLevel
Creating struct: $GoToNextLevel_Roguelike
Creating struct: $Script_SetSetsOfLevels
Creating struct: $Script_LoadMap_Roguelike
Creating struct: $Script_LoadChestMap_Roguelike
Creating struct: $Script_LoadMap_Mover_Roguelike
Creating struct: $Script_LoadChestMap_Mover_Roguelike
Creating struct: $GetFloorPit
Creating struct: $GetFloorSign
Creating struct: $Function_GetTattle1
Creating struct: $Function_GetTattle2
Creating struct: $Script_ReadSign
Creating struct: $Header
Creating struct: $Function_Init
Creating struct: $Script_Main
Creating struct: $NpcGroups
Creating struct: $NpcGroup_Mover
Creating struct: $BlankSettings
Creating struct: $Script_Init_Mover
Creating struct: $Interact_Mover
Creating struct: $Script_MoverWarpAnimation
Creating struct: $NpcGroup_BanditMover
Creating struct: $Script_Init_BanditMover
Creating struct: $Interact_BanditMover
Creating struct: $NpcGroup_Enemy1
Creating struct: $NpcGroup_Enemy2
Creating struct: $NpcGroup_Enemy3
Creating struct: $NpcGroup_Enemy4
Creating struct: $NpcGroup_Enemy5
Creating struct: $NpcGroup_Enemy6
Creating struct: $NpcSettings_Enemy1
Creating struct: $Script_EnemyAI
Creating struct: $AISettings_Enemy
Creating struct: $ConstDouble_80244CB0
Creating struct: $ConstDouble_80244CB8
Creating struct: $ConstDouble_80244CC0
Creating struct: $FloatTable_80242EF0
Creating struct: $JumpTable_80244CC8
Creating struct: $Function_802416AC
Creating struct: $Function_80241588
Creating struct: $Function_802403A0
Creating struct: $Function_80240550
Creating struct: $Function_80240B78
Creating struct: $Function_80240C38
Creating struct: $Function_80240F7C
Creating struct: $Function_80240FF4
Creating struct: $Function_80241060
Creating struct: $Function_80241194
Creating struct: $Function_802411F8
Creating struct: $Script_DisableEnemyAI
Creating struct: $AISettings_DisableEnemy
Creating struct: $PipeSpawning
Creating struct: $Script_MakeEntities
Creating struct: $CommingDownPipe
Creating struct: $Script_MakeExits
Creating struct: $Script_Exit0
Merged 1 regions to 1
$Script_LoadMap_Mover_Roguelike will be placed at 80240000 (length = F14 bytes)
$LoadMap will be placed at 80240F14 (length = EF4 bytes)
$Script_ReadSign will be placed at 80241E08 (length = EEC bytes)
$LoadMapBandit will be placed at 80242CF4 (length = EA4 bytes)
$Script_LoadMap_Roguelike will be placed at 80243B98 (length = D9C bytes)
$GoToNextLevel will be placed at 80244934 (length = D10 bytes)
$GoToNextLevel_Roguelike will be placed at 80245644 (length = 868 bytes)
$Function_80240550 will be placed at 80245EAC (length = 62C bytes)
$Function_80240260 will be placed at 802464D8 (length = 5E4 bytes)
$Function_802411F8 will be placed at 80246ABC (length = 390 bytes)
$SetSpawns will be placed at 80246E4C (length = 384 bytes)
$FallingDownPipe will be placed at 802471D0 (length = 37C bytes)
$Script_SetSetsOfLevels will be placed at 8024754C (length = 358 bytes)
$Function_80240C38 will be placed at 802478A4 (length = 344 bytes)
$Script_SetNPCPos will be placed at 80247BE8 (length = 2F4 bytes)
$Function_NpcAI_MoneySack will be placed at 80247EDC (length = 238 bytes)
$Script_SackAnimation_Start_GoToTheRight will be placed at 80248114 (length = 230 bytes)
$Script_SackAnimation_Start_GoToTheLeft will be placed at 80248344 (length = 1F8 bytes)
$Interact_Mover will be placed at 8024853C (length = 1F8 bytes)
$NpcGroup_Enemy3 will be placed at 80248734 (length = 1F0 bytes)
$NpcGroup_Enemy4 will be placed at 80248924 (length = 1F0 bytes)
$NpcGroup_Enemy5 will be placed at 80248B14 (length = 1F0 bytes)
$NpcGroup_Enemy6 will be placed at 80248D04 (length = 1F0 bytes)
$NpcGroup_Enemy1 will be placed at 80248EF4 (length = 1F0 bytes)
$NpcGroup_Enemy2 will be placed at 802490E4 (length = 1F0 bytes)
$NpcGroup_Mover will be placed at 802492D4 (length = 1F0 bytes)
$NpcGroup_BanditMover will be placed at 802494C4 (length = 1F0 bytes)
$Interact_BanditMover will be placed at 802496B4 (length = 1EC bytes)
$Function_802416AC will be placed at 802498A0 (length = 1EC bytes)
$Script_PipeAnimation will be placed at 80249A8C (length = 1D0 bytes)
$Function_802403A0 will be placed at 80249C5C (length = 1B0 bytes)
$JumpTable_80242448 will be placed at 80249E0C (length = 190 bytes)
$Script_LoadChestMap_Mover_Roguelike will be placed at 80249F9C (length = 18C bytes)
$PipeSpawning will be placed at 8024A128 (length = 178 bytes)
$NPC_Sack_AnimationStart will be placed at 8024A2A0 (length = 168 bytes)
$Function_80240844 will be placed at 8024A408 (length = 164 bytes)
$Script_LoadChestMap_Roguelike will be placed at 8024A56C (length = 164 bytes)
$Script_NPC_SackHit_Init will be placed at 8024A6D0 (length = 160 bytes)
$Script_SackAnimation_End_Right will be placed at 8024A830 (length = 158 bytes)
$Script_SackAnimation_End_Left will be placed at 8024A988 (length = 150 bytes)
$MapTattle5 will be placed at 8024AAD8 (length = 13C bytes)
$Function_80241060 will be placed at 8024AC14 (length = 134 bytes)
$MapTattle4 will be placed at 8024AD48 (length = 130 bytes)
$GetFloor will be placed at 8024AE78 (length = 12C bytes)
$BanditMover_Tattle will be placed at 8024AFA4 (length = 124 bytes)
$Function_80241588 will be placed at 8024B0C8 (length = 124 bytes)
$Script_Main will be placed at 8024B1EC (length = 120 bytes)
$Script_80243A6C will be placed at 8024B30C (length = 114 bytes)
$Script_SubstractCoins will be placed at 8024B420 (length = 10C bytes)
$Script_LoadMapMover_Roguelike will be placed at 8024B52C (length = 104 bytes)
$GetFloorBandit will be placed at 8024B630 (length = F4 bytes)
$Script_MoverWarpAnimation will be placed at 8024B724 (length = F0 bytes)
$Function_GetColliderPos will be placed at 8024B814 (length = E0 bytes)
$Function_GetPos will be placed at 8024B8F4 (length = E0 bytes)
$Script_TrackPlayer will be placed at 8024B9D4 (length = DC bytes)
$MapTattle2 will be placed at 8024BAB0 (length = D4 bytes)
$Function_80240B78 will be placed at 8024BB84 (length = C0 bytes)
$Function_TrackInput will be placed at 8024BC44 (length = BC bytes)
$MapTattle3 will be placed at 8024BD00 (length = B0 bytes)
$Script_MakeEntities will be placed at 8024BDB0 (length = A8 bytes)
$MapTattle1 will be placed at 8024BE58 (length = A8 bytes)
$Script_NpcAI_MoneySack will be placed at 8024BF00 (length = A8 bytes)
$MoverStart will be placed at 8024BFA8 (length = A4 bytes)
$SwitchPath will be placed at 8024C04C (length = A4 bytes)
$Script_NPC_Sack_FX will be placed at 8024C0F0 (length = A4 bytes)
$GetPos will be placed at 8024C194 (length = 9C bytes)
$Script_AddCoins will be placed at 8024C230 (length = 98 bytes)
$BanditMoverStart will be placed at 8024C2C8 (length = 98 bytes)
$Mover_Tattle will be placed at 8024C360 (length = 94 bytes)
$Function_GetTattle1 will be placed at 8024C3F4 (length = 8C bytes)
$NPC_Sack_AnimationEnd will be placed at 8024C480 (length = 84 bytes)
$BanditMover_Options will be placed at 8024C504 (length = 80 bytes)
$SignStringBug will be placed at 8024C584 (length = 7C bytes)
$LoadHighscores will be placed at 8024C600 (length = 7C bytes)
$Function_80240F7C will be placed at 8024C67C (length = 78 bytes)
$Mover_Options will be placed at 8024C6F4 (length = 78 bytes)
$Script_EnemyAI will be placed at 8024C76C (length = 70 bytes)
$NpcGroups will be placed at 8024C7DC (length = 6C bytes)
$DeepestLevel will be placed at 8024C848 (length = 6C bytes)
$Function2 will be placed at 8024C8B4 (length = 6C bytes)
$LoadCoinsMover will be placed at 8024C920 (length = 6C bytes)
$Function_SetAnimation will be placed at 8024C98C (length = 6C bytes)
$Function_80240FF4 will be placed at 8024C9F8 (length = 6C bytes)
$GetFloorPit will be placed at 8024CA64 (length = 68 bytes)
$MoverEnd will be placed at 8024CACC (length = 68 bytes)
$BanditMoverEnd will be placed at 8024CB34 (length = 68 bytes)
$GetFloorSign will be placed at 8024CB9C (length = 64 bytes)
$Function_80241194 will be placed at 8024CC00 (length = 64 bytes)
$BanditMoverNoCoins will be placed at 8024CC64 (length = 58 bytes)
$MoverNoCoins will be placed at 8024CCBC (length = 58 bytes)
$Function_GetTattle2 will be placed at 8024CD14 (length = 48 bytes)
$CommingDownPipe will be placed at 8024CD5C (length = 48 bytes)
$Script_Exit0 will be placed at 8024CDA4 (length = 48 bytes)
$Function_LoadGainedCoins will be placed at 8024CDEC (length = 48 bytes)
$Function_Init will be placed at 8024CE34 (length = 44 bytes)
$Function_802409A8 will be placed at 8024CE78 (length = 44 bytes)
$Header will be placed at 8024CEBC (length = 40 bytes)
$JumpTable_80244CC8 will be placed at 8024CEFC (length = 3C bytes)
$Script_Init_Bag will be placed at 8024CF38 (length = 38 bytes)
$TotalLevels will be placed at 8024CF70 (length = 38 bytes)
$Script_Init_Bag_HitBox will be placed at 8024CFA8 (length = 38 bytes)
$DispawnParthner will be placed at 8024CFE0 (length = 34 bytes)
$Function_ResetDamage will be placed at 8024D014 (length = 34 bytes)
$AISettings_MoneySack will be placed at 8024D048 (length = 30 bytes)
$AISettings_Enemy will be placed at 8024D078 (length = 30 bytes)
$AISettings_DisableEnemy will be placed at 8024D0A8 (length = 30 bytes)
$RespawnParthner will be placed at 8024D0D8 (length = 30 bytes)
$NPC_Settings_Sack will be placed at 8024D108 (length = 2C bytes)
$Function_GetDamageTaken will be placed at 8024D134 (length = 2C bytes)
$NpcSettings_Enemy1 will be placed at 8024D160 (length = 2C bytes)
$Function_RevivePlayer will be placed at 8024D18C (length = 2C bytes)
$String_CoinsGained will be placed at 8024D1B8 (length = 2C bytes)
$BlankSettings will be placed at 8024D1E4 (length = 2C bytes)
$Script_MakeExits will be placed at 8024D210 (length = 2C bytes)
$VectorList_80244998 will be placed at 8024D23C (length = 24 bytes)
$Script_Init_80243B20 will be placed at 8024D260 (length = 24 bytes)
$Script_Init_Mover will be placed at 8024D284 (length = 24 bytes)
$Script_Init_BanditMover will be placed at 8024D2A8 (length = 24 bytes)
$Script_DisableEnemyAI will be placed at 8024D2CC (length = 20 bytes)
$EntryList will be placed at 8024D2EC (length = 20 bytes)
$SignString100 will be placed at 8024D30C (length = 18 bytes)
$FloatTable_80242EF0 will be placed at 8024D324 (length = 18 bytes)
$SignString1 will be placed at 8024D33C (length = 14 bytes)
$SignString99 will be placed at 8024D350 (length = 14 bytes)
$SignString98 will be placed at 8024D364 (length = 14 bytes)
$SignString97 will be placed at 8024D378 (length = 14 bytes)
$SignString96 will be placed at 8024D38C (length = 14 bytes)
$SignString95 will be placed at 8024D3A0 (length = 14 bytes)
$SignString94 will be placed at 8024D3B4 (length = 14 bytes)
$SignString93 will be placed at 8024D3C8 (length = 14 bytes)
$SignString92 will be placed at 8024D3DC (length = 14 bytes)
$SignString91 will be placed at 8024D3F0 (length = 14 bytes)
$SignString90 will be placed at 8024D404 (length = 14 bytes)
$SignString59 will be placed at 8024D418 (length = 14 bytes)
$SignString58 will be placed at 8024D42C (length = 14 bytes)
$SignString57 will be placed at 8024D440 (length = 14 bytes)
$SignString56 will be placed at 8024D454 (length = 14 bytes)
$SignString55 will be placed at 8024D468 (length = 14 bytes)
$SignString54 will be placed at 8024D47C (length = 14 bytes)
$SignString53 will be placed at 8024D490 (length = 14 bytes)
$SignString52 will be placed at 8024D4A4 (length = 14 bytes)
$SignString51 will be placed at 8024D4B8 (length = 14 bytes)
$SignString50 will be placed at 8024D4CC (length = 14 bytes)
$SignString69 will be placed at 8024D4E0 (length = 14 bytes)
$SignString68 will be placed at 8024D4F4 (length = 14 bytes)
$SignString67 will be placed at 8024D508 (length = 14 bytes)
$SignString66 will be placed at 8024D51C (length = 14 bytes)
$SignString65 will be placed at 8024D530 (length = 14 bytes)
$SignString64 will be placed at 8024D544 (length = 14 bytes)
$SignString63 will be placed at 8024D558 (length = 14 bytes)
$SignString62 will be placed at 8024D56C (length = 14 bytes)
$SignString61 will be placed at 8024D580 (length = 14 bytes)
$SignString60 will be placed at 8024D594 (length = 14 bytes)
$SignString79 will be placed at 8024D5A8 (length = 14 bytes)
$SignString78 will be placed at 8024D5BC (length = 14 bytes)
$SignString77 will be placed at 8024D5D0 (length = 14 bytes)
$SignString76 will be placed at 8024D5E4 (length = 14 bytes)
$SignString75 will be placed at 8024D5F8 (length = 14 bytes)
$SignString74 will be placed at 8024D60C (length = 14 bytes)
$SignString73 will be placed at 8024D620 (length = 14 bytes)
$SignString72 will be placed at 8024D634 (length = 14 bytes)
$SignString71 will be placed at 8024D648 (length = 14 bytes)
$SignString70 will be placed at 8024D65C (length = 14 bytes)
$SignString89 will be placed at 8024D670 (length = 14 bytes)
$SignString88 will be placed at 8024D684 (length = 14 bytes)
$SignString87 will be placed at 8024D698 (length = 14 bytes)
$SignString86 will be placed at 8024D6AC (length = 14 bytes)
$SignString85 will be placed at 8024D6C0 (length = 14 bytes)
$SignString84 will be placed at 8024D6D4 (length = 14 bytes)
$SignString83 will be placed at 8024D6E8 (length = 14 bytes)
$SignString82 will be placed at 8024D6FC (length = 14 bytes)
$SignString81 will be placed at 8024D710 (length = 14 bytes)
$SignString80 will be placed at 8024D724 (length = 14 bytes)
$SignString19 will be placed at 8024D738 (length = 14 bytes)
$SignString18 will be placed at 8024D74C (length = 14 bytes)
$SignString17 will be placed at 8024D760 (length = 14 bytes)
$SignString16 will be placed at 8024D774 (length = 14 bytes)
$SignString15 will be placed at 8024D788 (length = 14 bytes)
$SignString14 will be placed at 8024D79C (length = 14 bytes)
$SignString13 will be placed at 8024D7B0 (length = 14 bytes)
$SignString12 will be placed at 8024D7C4 (length = 14 bytes)
$SignString11 will be placed at 8024D7D8 (length = 14 bytes)
$SignString10 will be placed at 8024D7EC (length = 14 bytes)
$SignString3 will be placed at 8024D800 (length = 14 bytes)
$SignString2 will be placed at 8024D814 (length = 14 bytes)
$SignString5 will be placed at 8024D828 (length = 14 bytes)
$SignString4 will be placed at 8024D83C (length = 14 bytes)
$SignString7 will be placed at 8024D850 (length = 14 bytes)
$SignString6 will be placed at 8024D864 (length = 14 bytes)
$SignString9 will be placed at 8024D878 (length = 14 bytes)
$SignString8 will be placed at 8024D88C (length = 14 bytes)
$SignString29 will be placed at 8024D8A0 (length = 14 bytes)
$SignString28 will be placed at 8024D8B4 (length = 14 bytes)
$SignString27 will be placed at 8024D8C8 (length = 14 bytes)
$SignString26 will be placed at 8024D8DC (length = 14 bytes)
$SignString25 will be placed at 8024D8F0 (length = 14 bytes)
$SignString24 will be placed at 8024D904 (length = 14 bytes)
$SignString23 will be placed at 8024D918 (length = 14 bytes)
$SignString22 will be placed at 8024D92C (length = 14 bytes)
$SignString21 will be placed at 8024D940 (length = 14 bytes)
$SignString20 will be placed at 8024D954 (length = 14 bytes)
$SignString will be placed at 8024D968 (length = 14 bytes)
$SignString39 will be placed at 8024D97C (length = 14 bytes)
$SignString38 will be placed at 8024D990 (length = 14 bytes)
$SignString37 will be placed at 8024D9A4 (length = 14 bytes)
$SignString36 will be placed at 8024D9B8 (length = 14 bytes)
$SignString35 will be placed at 8024D9CC (length = 14 bytes)
$SignString34 will be placed at 8024D9E0 (length = 14 bytes)
$SignString33 will be placed at 8024D9F4 (length = 14 bytes)
$SignString32 will be placed at 8024DA08 (length = 14 bytes)
$SignString31 will be placed at 8024DA1C (length = 14 bytes)
$SignString30 will be placed at 8024DA30 (length = 14 bytes)
$SignString49 will be placed at 8024DA44 (length = 14 bytes)
$SignString48 will be placed at 8024DA58 (length = 14 bytes)
$SignString47 will be placed at 8024DA6C (length = 14 bytes)
$SignString46 will be placed at 8024DA80 (length = 14 bytes)
$SignString45 will be placed at 8024DA94 (length = 14 bytes)
$SignString44 will be placed at 8024DAA8 (length = 14 bytes)
$SignString43 will be placed at 8024DABC (length = 14 bytes)
$SignString42 will be placed at 8024DAD0 (length = 14 bytes)
$SignString41 will be placed at 8024DAE4 (length = 14 bytes)
$SignString40 will be placed at 8024DAF8 (length = 14 bytes)
$ASCII_pit_02_Literal will be placed at 8024DB0C (length = C bytes)
$ASCII_pit_90_Literal will be placed at 8024DB18 (length = C bytes)
$ASCII_pit_34_Literal will be placed at 8024DB24 (length = C bytes)
$ASCII_pit_66_Literal will be placed at 8024DB30 (length = C bytes)
$ASCII_pit_98_Literal will be placed at 8024DB3C (length = C bytes)
$ASCII_pit_19_Literal will be placed at 8024DB48 (length = C bytes)
$ASCII_pit_57_Literal will be placed at 8024DB54 (length = C bytes)
$ASCII_pit_69_Literal will be placed at 8024DB60 (length = C bytes)
$ASCII_pit_72_Literal will be placed at 8024DB6C (length = C bytes)
$ASCII_pit_81_Literal will be placed at 8024DB78 (length = C bytes)
$ASCII_pit_43_Literal will be placed at 8024DB84 (length = C bytes)
$ASCII_pit_28_Literal will be placed at 8024DB90 (length = C bytes)
$ASCII_pit_78_Literal will be placed at 8024DB9C (length = C bytes)
$ASCII_pit_63_Literal will be placed at 8024DBA8 (length = C bytes)
$ASCII_pit_46_Literal will be placed at 8024DBB4 (length = C bytes)
$ASCII_pit_95_Literal will be placed at 8024DBC0 (length = C bytes)
$ASCII_pit_16_Literal will be placed at 8024DBCC (length = C bytes)
$ASCII_pit_37_Literal will be placed at 8024DBD8 (length = C bytes)
$ASCII_pit_22_Literal will be placed at 8024DBE4 (length = C bytes)
$ASCII_pit_05_Literal will be placed at 8024DBF0 (length = C bytes)
$ASCII_pit_25_Literal will be placed at 8024DBFC (length = C bytes)
$ASCII_pit_54_Literal will be placed at 8024DC08 (length = C bytes)
$ASCII_pit_08_Literal will be placed at 8024DC14 (length = C bytes)
$ASCII_pit_87_Literal will be placed at 8024DC20 (length = C bytes)
$ASCII_pit_75_Literal will be placed at 8024DC2C (length = C bytes)
$ASCII_pit_13_Literal will be placed at 8024DC38 (length = C bytes)
$ASCII_pit_32_Literal will be placed at 8024DC44 (length = C bytes)
$ASCII_pit_92_Literal will be placed at 8024DC50 (length = C bytes)
$ASCII_pit_17_Literal will be placed at 8024DC5C (length = C bytes)
$ASCII_pit_49_Literal will be placed at 8024DC68 (length = C bytes)
$ASCII_pit_77_Literal will be placed at 8024DC74 (length = C bytes)
$ASCII_pit_96_Literal will be placed at 8024DC80 (length = C bytes)
$ASCII_pit_68_Literal will be placed at 8024DC8C (length = C bytes)
$ASCII_pit_51_Literal will be placed at 8024DC98 (length = C bytes)
$ASCII_pit_04_Literal will be placed at 8024DCA4 (length = C bytes)
$ASCII_pit_83_Literal will be placed at 8024DCB0 (length = C bytes)
$ASCII_pit_86_Literal will be placed at 8024DCBC (length = C bytes)
$ASCII_pit_26_Literal will be placed at 8024DCC8 (length = C bytes)
$ASCII_pit_41_Literal will be placed at 8024DCD4 (length = C bytes)
$ASCII_pit_14_Literal will be placed at 8024DCE0 (length = C bytes)
$ASCII_pit_74_Literal will be placed at 8024DCEC (length = C bytes)
$ASCII_pit_60_Literal will be placed at 8024DCF8 (length = C bytes)
$ASCII_pit_59_Literal will be placed at 8024DD04 (length = C bytes)
$ASCII_pit_93_Literal will be placed at 8024DD10 (length = C bytes)
$ASCII_pit_65_Literal will be placed at 8024DD1C (length = C bytes)
$ASCII_pit_07_Literal will be placed at 8024DD28 (length = C bytes)
$ASCII_pit_20_Literal will be placed at 8024DD34 (length = C bytes)
$ASCII_pit_35_Literal will be placed at 8024DD40 (length = C bytes)
$ASCII_pit_23_Literal will be placed at 8024DD4C (length = C bytes)
$ASCII_pit_11_Literal will be placed at 8024DD58 (length = C bytes)
$ASCII_pit_56_Literal will be placed at 8024DD64 (length = C bytes)
$ASCII_pit_44_Literal will be placed at 8024DD70 (length = C bytes)
$ASCII_pit_89_Literal will be placed at 8024DD7C (length = C bytes)
$ASCII_pit_79_Literal will be placed at 8024DD88 (length = C bytes)
$ASCII_pit_62_Literal will be placed at 8024DD94 (length = C bytes)
$ASCII_pit_94_Literal will be placed at 8024DDA0 (length = C bytes)
$ASCII_pit_47_Literal will be placed at 8024DDAC (length = C bytes)
$ASCII_pit_21_Literal will be placed at 8024DDB8 (length = C bytes)
$ASCII_pit_06_Literal will be placed at 8024DDC4 (length = C bytes)
$ASCII_pit_53_Literal will be placed at 8024DDD0 (length = C bytes)
$ASCII_pit_09_Literal will be placed at 8024DDDC (length = C bytes)
$ASCII_pit_88_Literal will be placed at 8024DDE8 (length = C bytes)
$ASCII_pit_38_Literal will be placed at 8024DDF4 (length = C bytes)
$ASCII_pit_24_Literal will be placed at 8024DE00 (length = C bytes)
$ASCII_pit_12_Literal will be placed at 8024DE0C (length = C bytes)
$ASCII_pit_76_Literal will be placed at 8024DE18 (length = C bytes)
$ASCII_pit_01_Literal will be placed at 8024DE24 (length = C bytes)
$ASCII_pit_50_Literal will be placed at 8024DE30 (length = C bytes)
$ASCII_pit_33_Literal will be placed at 8024DE3C (length = C bytes)
$ASCII_pit_99_Literal will be placed at 8024DE48 (length = C bytes)
$ASCII_pit_67_Literal will be placed at 8024DE54 (length = C bytes)
$ASCII_pit_71_Literal will be placed at 8024DE60 (length = C bytes)
$ASCII_pit_42_Literal will be placed at 8024DE6C (length = C bytes)
$ASCII_pit_80_Literal will be placed at 8024DE78 (length = C bytes)
$ASCII_pit_29_Literal will be placed at 8024DE84 (length = C bytes)
$ASCII_pit_58_Literal will be placed at 8024DE90 (length = C bytes)
$ASCII_pit_30_Literal will be placed at 8024DE9C (length = C bytes)
$ASCII_pit_00_Literal will be placed at 8024DEA8 (length = C bytes)
$ASCII_pit_64_Literal will be placed at 8024DEB4 (length = C bytes)
$ASCII_pit_36_Literal will be placed at 8024DEC0 (length = C bytes)
$ASCII_pit_55_Literal will be placed at 8024DECC (length = C bytes)
$ASCII_pit_10_Literal will be placed at 8024DED8 (length = C bytes)
$ASCII_pit_45_Literal will be placed at 8024DEE4 (length = C bytes)
$ASCII_pit_18_Literal will be placed at 8024DEF0 (length = C bytes)
$ASCII_pit_48_Literal will be placed at 8024DEFC (length = C bytes)
$ASCII_pit_03_Literal will be placed at 8024DF08 (length = C bytes)
$ASCII_pit_31_Literal will be placed at 8024DF14 (length = C bytes)
$ASCII_pit_91_Literal will be placed at 8024DF20 (length = C bytes)
$ASCII_pit_97_Literal will be placed at 8024DF2C (length = C bytes)
$ASCII_pit_82_Literal will be placed at 8024DF38 (length = C bytes)
$ASCII_pit_52_Literal will be placed at 8024DF44 (length = C bytes)
$ASCII_pit_70_Literal will be placed at 8024DF50 (length = C bytes)
$ASCII_pit_85_Literal will be placed at 8024DF5C (length = C bytes)
$ASCII_pit_40_Literal will be placed at 8024DF68 (length = C bytes)
$ASCII_pit_39_Literal will be placed at 8024DF74 (length = C bytes)
$ASCII_pit_73_Literal will be placed at 8024DF80 (length = C bytes)
$ASCII_pit_15_Literal will be placed at 8024DF8C (length = C bytes)
$ASCII_pit_27_Literal will be placed at 8024DF98 (length = C bytes)
$ASCII_pit_61_Literal will be placed at 8024DFA4 (length = C bytes)
$ASCII_pit_842_Literal will be placed at 8024DFB0 (length = 8 bytes)
$ASCII_pit_100_Literal will be placed at 8024DFB8 (length = 8 bytes)
$ASCII_tik_tex_Literal will be placed at 8024DFC0 (length = 8 bytes)
$ConstDouble_80244CC0 will be placed at 8024DFC8 (length = 8 bytes)
$ConstDouble_80244CB8 will be placed at 8024DFD0 (length = 8 bytes)
$ConstDouble_80244CB0 will be placed at 8024DFD8 (length = 8 bytes)
$MoverCancel will be placed at 8024DFE0 (length = 4 bytes)
$BanditMoverCancel will be placed at 8024DFE4 (length = 4 bytes)
Executing patch: pit_39.mpat
Loaded map pit_01
Creating struct: $EntryList
Creating struct: $DeepestLevel
Creating struct: $TotalLevels
Creating struct: $LoadHighscores
Creating struct: $FallingDownPipe
Creating struct: $Function_GetPos
Creating struct: $Function2
Creating struct: $SetSpawns
Creating struct: $Script_SetNPCPos
Creating struct: $SwitchPath
Creating struct: $VectorList_80244998
Creating struct: $GetPos
Creating struct: $Function_GetDamageTaken
Creating struct: $Function_ResetDamage
Creating struct: $DispawnParthner
Creating struct: $RespawnParthner
Creating struct: $LoadMap
Creating struct: $Script_LoadMapMover_Roguelike
Creating struct: $GetFloor
Creating struct: $LoadCoinsMover
Creating struct: $LoadMapBandit
Creating struct: $GetFloorBandit
Creating struct: $Script_Init_80243B20
Creating struct: $Script_80243A6C
Creating struct: $Script_AddCoins
Creating struct: $Script_SubstractCoins
Creating struct: $NPC_Settings_Sack
Creating struct: $Script_Init_Bag
Creating struct: $Script_Init_Bag_HitBox
Creating struct: $Script_NPC_SackHit_Init
Creating struct: $Script_NPC_Sack_FX
Creating struct: $NPC_Sack_AnimationStart
Creating struct: $NPC_Sack_AnimationEnd
Creating struct: $Script_SackAnimation_Start_GoToTheRight
Creating struct: $Script_SackAnimation_Start_GoToTheLeft
Creating struct: $Script_SackAnimation_End_Right
Creating struct: $Script_SackAnimation_End_Left
Creating struct: $Function_LoadGainedCoins
Creating struct: $Function_RevivePlayer
Creating struct: $AISettings_MoneySack
Creating struct: $Script_NpcAI_MoneySack
Creating struct: $JumpTable_80242448
Creating struct: $Function_NpcAI_MoneySack
Creating struct: $Function_80240260
Creating struct: $Function_80240844
Creating struct: $Function_802409A8
Creating struct: $Script_TrackPlayer
Creating struct: $Script_PipeAnimation
Creating struct: $Function_SetAnimation
Creating struct: $Function_GetColliderPos
Creating struct: $Function_TrackInput
Creating struct: $GoToNextLevel
Creating struct: $GoToNextLevel_Roguelike
Creating struct: $Script_SetSetsOfLevels
Creating struct: $Script_LoadMap_Roguelike
Creating struct: $Script_LoadChestMap_Roguelike
Creating struct: $Script_LoadMap_Mover_Roguelike
Creating struct: $Script_LoadChestMap_Mover_Roguelike
Creating struct: $GetFloorPit
Creating struct: $GetFloorSign
Creating struct: $Function_GetTattle1
Creating struct: $Function_GetTattle2
Creating struct: $Script_ReadSign
Creating struct: $Header
Creating struct: $Function_Init
Creating struct: $Script_Main
Creating struct: $NpcGroups
Creating struct: $NpcGroup_Mover
Creating struct: $BlankSettings
Creating struct: $Script_Init_Mover
Creating struct: $Interact_Mover
Creating struct: $Script_MoverWarpAnimation
Creating struct: $NpcGroup_BanditMover
Creating struct: $Script_Init_BanditMover
Creating struct: $Interact_BanditMover
Creating struct: $NpcGroup_Enemy1
Creating struct: $NpcGroup_Enemy2
Creating struct: $NpcGroup_Enemy3
Creating struct: $NpcGroup_Enemy4
Creating struct: $NpcGroup_Enemy5
Creating struct: $NpcGroup_Enemy6
Creating struct: $NpcSettings_Enemy1
Creating struct: $Script_EnemyAI
Creating struct: $AISettings_Enemy
Creating struct: $Script_DisableEnemyAI
Creating struct: $AISettings_DisableEnemy
Creating struct: $PipeSpawning
Creating struct: $Script_MakeEntities
Creating struct: $CommingDownPipe
Creating struct: $Script_MakeExits
Creating struct: $Script_Exit0
Merged 1 regions to 1
$Script_LoadMap_Mover_Roguelike will be placed at 80240000 (length = F14 bytes)
$LoadMap will be placed at 80240F14 (length = EF4 bytes)
$Script_ReadSign will be placed at 80241E08 (length = EEC bytes)
$LoadMapBandit will be placed at 80242CF4 (length = EA4 bytes)
$Script_LoadMap_Roguelike will be placed at 80243B98 (length = D9C bytes)
$GoToNextLevel will be placed at 80244934 (length = D10 bytes)
$GoToNextLevel_Roguelike will be placed at 80245644 (length = 868 bytes)
$Function_80240260 will be placed at 80245EAC (length = 5E4 bytes)
$SetSpawns will be placed at 80246490 (length = 384 bytes)
$FallingDownPipe will be placed at 80246814 (length = 37C bytes)
$Script_SetSetsOfLevels will be placed at 80246B90 (length = 358 bytes)
$Script_SetNPCPos will be placed at 80246EE8 (length = 2F4 bytes)
$Function_NpcAI_MoneySack will be placed at 802471DC (length = 238 bytes)
$Script_SackAnimation_Start_GoToTheRight will be placed at 80247414 (length = 230 bytes)
$Script_SackAnimation_Start_GoToTheLeft will be placed at 80247644 (length = 1F8 bytes)
$Interact_Mover will be placed at 8024783C (length = 1F8 bytes)
$NpcGroup_Enemy3 will be placed at 80247A34 (length = 1F0 bytes)
$NpcGroup_Enemy4 will be placed at 80247C24 (length = 1F0 bytes)
$NpcGroup_Enemy5 will be placed at 80247E14 (length = 1F0 bytes)
$NpcGroup_Enemy6 will be placed at 80248004 (length = 1F0 bytes)
$NpcGroup_Enemy1 will be placed at 802481F4 (length = 1F0 bytes)
$NpcGroup_Enemy2 will be placed at 802483E4 (length = 1F0 bytes)
$NpcGroup_Mover will be placed at 802485D4 (length = 1F0 bytes)
$NpcGroup_BanditMover will be placed at 802487C4 (length = 1F0 bytes)
$Interact_BanditMover will be placed at 802489B4 (length = 1EC bytes)
$Script_PipeAnimation will be placed at 80248BA0 (length = 1D0 bytes)
$JumpTable_80242448 will be placed at 80248D70 (length = 190 bytes)
$Script_LoadChestMap_Mover_Roguelike will be placed at 80248F00 (length = 18C bytes)
$PipeSpawning will be placed at 8024908C (length = 178 bytes)
$NPC_Sack_AnimationStart will be placed at 80249204 (length = 168 bytes)
$Function_80240844 will be placed at 8024936C (length = 164 bytes)
$Script_LoadChestMap_Roguelike will be placed at 802494D0 (length = 164 bytes)
$Script_NPC_SackHit_Init will be placed at 80249634 (length = 160 bytes)
$Script_SackAnimation_End_Right will be placed at 80249794 (length = 158 bytes)
$Script_SackAnimation_End_Left will be placed at 802498EC (length = 150 bytes)
$MapTattle5 will be placed at 80249A3C (length = 13C bytes)
$MapTattle4 will be placed at 80249B78 (length = 130 bytes)
$GetFloor will be placed at 80249CA8 (length = 12C bytes)
$BanditMover_Tattle will be placed at 80249DD4 (length = 124 bytes)
$Script_Main will be placed at 80249EF8 (length = 120 bytes)
$Script_80243A6C will be placed at 8024A018 (length = 114 bytes)
$Script_SubstractCoins will be placed at 8024A12C (length = 10C bytes)
$Script_LoadMapMover_Roguelike will be placed at 8024A238 (length = 104 bytes)
$GetFloorBandit will be placed at 8024A33C (length = F4 bytes)
$Script_MoverWarpAnimation will be placed at 8024A430 (length = F0 bytes)
$Function_GetColliderPos will be placed at 8024A520 (length = E0 bytes)
$Function_GetPos will be placed at 8024A600 (length = E0 bytes)
$Script_TrackPlayer will be placed at 8024A6E0 (length = DC bytes)
$MapTattle2 will be placed at 8024A7BC (length = D4 bytes)
$Function_TrackInput will be placed at 8024A890 (length = BC bytes)
$MapTattle3 will be placed at 8024A94C (length = B0 bytes)
$Script_MakeEntities will be placed at 8024A9FC (length = A8 bytes)
$MapTattle1 will be placed at 8024AAA4 (length = A8 bytes)
$Script_NpcAI_MoneySack will be placed at 8024AB4C (length = A8 bytes)
$MoverStart will be placed at 8024ABF4 (length = A4 bytes)
$SwitchPath will be placed at 8024AC98 (length = A4 bytes)
$Script_NPC_Sack_FX will be placed at 8024AD3C (length = A4 bytes)
$GetPos will be placed at 8024ADE0 (length = 9C bytes)
$Script_AddCoins will be placed at 8024AE7C (length = 98 bytes)
$BanditMoverStart will be placed at 8024AF14 (length = 98 bytes)
$Mover_Tattle will be placed at 8024AFAC (length = 94 bytes)
$Function_GetTattle1 will be placed at 8024B040 (length = 8C bytes)
$NPC_Sack_AnimationEnd will be placed at 8024B0CC (length = 84 bytes)
$BanditMover_Options will be placed at 8024B150 (length = 80 bytes)
$SignStringBug will be placed at 8024B1D0 (length = 7C bytes)
$LoadHighscores will be placed at 8024B24C (length = 7C bytes)
$Mover_Options will be placed at 8024B2C8 (length = 78 bytes)
$NpcGroups will be placed at 8024B340 (length = 6C bytes)
$DeepestLevel will be placed at 8024B3AC (length = 6C bytes)
$Function2 will be placed at 8024B418 (length = 6C bytes)
$LoadCoinsMover will be placed at 8024B484 (length = 6C bytes)
$Function_SetAnimation will be placed at 8024B4F0 (length = 6C bytes)
$GetFloorPit will be placed at 8024B55C (length = 68 bytes)
$MoverEnd will be placed at 8024B5C4 (length = 68 bytes)
$BanditMoverEnd will be placed at 8024B62C (length = 68 bytes)
$GetFloorSign will be placed at 8024B694 (length = 64 bytes)
$BanditMoverNoCoins will be placed at 8024B6F8 (length = 58 bytes)
$MoverNoCoins will be placed at 8024B750 (length = 58 bytes)
$Function_GetTattle2 will be placed at 8024B7A8 (length = 48 bytes)
$CommingDownPipe will be placed at 8024B7F0 (length = 48 bytes)
$Script_Exit0 will be placed at 8024B838 (length = 48 bytes)
$Function_LoadGainedCoins will be placed at 8024B880 (length = 48 bytes)
$Function_Init will be placed at 8024B8C8 (length = 44 bytes)
$Function_802409A8 will be placed at 8024B90C (length = 44 bytes)
$Header will be placed at 8024B950 (length = 40 bytes)
$Script_Init_Bag will be placed at 8024B990 (length = 38 bytes)
$TotalLevels will be placed at 8024B9C8 (length = 38 bytes)
$Script_Init_Bag_HitBox will be placed at 8024BA00 (length = 38 bytes)
$DispawnParthner will be placed at 8024BA38 (length = 34 bytes)
$Function_ResetDamage will be placed at 8024BA6C (length = 34 bytes)
$AISettings_MoneySack will be placed at 8024BAA0 (length = 30 bytes)
$AISettings_Enemy will be placed at 8024BAD0 (length = 30 bytes)
$AISettings_DisableEnemy will be placed at 8024BB00 (length = 30 bytes)
$RespawnParthner will be placed at 8024BB30 (length = 30 bytes)
$NPC_Settings_Sack will be placed at 8024BB60 (length = 2C bytes)
$Function_GetDamageTaken will be placed at 8024BB8C (length = 2C bytes)
$Function_RevivePlayer will be placed at 8024BBB8 (length = 2C bytes)
$String_CoinsGained will be placed at 8024BBE4 (length = 2C bytes)
$BlankSettings will be placed at 8024BC10 (length = 2C bytes)
$Script_MakeExits will be placed at 8024BC3C (length = 2C bytes)
$NpcSettings_Enemy1 will be placed at 8024BC68 (length = 24 bytes)
$VectorList_80244998 will be placed at 8024BC8C (length = 24 bytes)
$Script_Init_80243B20 will be placed at 8024BCB0 (length = 24 bytes)
$Script_Init_Mover will be placed at 8024BCD4 (length = 24 bytes)
$Script_Init_BanditMover will be placed at 8024BCF8 (length = 24 bytes)
$Script_DisableEnemyAI will be placed at 8024BD1C (length = 20 bytes)
$EntryList will be placed at 8024BD3C (length = 20 bytes)
$Script_EnemyAI will be placed at 8024BD5C (length = 20 bytes)
$SignString100 will be placed at 8024BD7C (length = 18 bytes)
$SignString1 will be placed at 8024BD94 (length = 14 bytes)
$SignString99 will be placed at 8024BDA8 (length = 14 bytes)
$SignString98 will be placed at 8024BDBC (length = 14 bytes)
$SignString97 will be placed at 8024BDD0 (length = 14 bytes)
$SignString96 will be placed at 8024BDE4 (length = 14 bytes)
$SignString95 will be placed at 8024BDF8 (length = 14 bytes)
$SignString94 will be placed at 8024BE0C (length = 14 bytes)
$SignString93 will be placed at 8024BE20 (length = 14 bytes)
$SignString92 will be placed at 8024BE34 (length = 14 bytes)
$SignString91 will be placed at 8024BE48 (length = 14 bytes)
$SignString90 will be placed at 8024BE5C (length = 14 bytes)
$SignString59 will be placed at 8024BE70 (length = 14 bytes)
$SignString58 will be placed at 8024BE84 (length = 14 bytes)
$SignString57 will be placed at 8024BE98 (length = 14 bytes)
$SignString56 will be placed at 8024BEAC (length = 14 bytes)
$SignString55 will be placed at 8024BEC0 (length = 14 bytes)
$SignString54 will be placed at 8024BED4 (length = 14 bytes)
$SignString53 will be placed at 8024BEE8 (length = 14 bytes)
$SignString52 will be placed at 8024BEFC (length = 14 bytes)
$SignString51 will be placed at 8024BF10 (length = 14 bytes)
$SignString50 will be placed at 8024BF24 (length = 14 bytes)
$SignString69 will be placed at 8024BF38 (length = 14 bytes)
$SignString68 will be placed at 8024BF4C (length = 14 bytes)
$SignString67 will be placed at 8024BF60 (length = 14 bytes)
$SignString66 will be placed at 8024BF74 (length = 14 bytes)
$SignString65 will be placed at 8024BF88 (length = 14 bytes)
$SignString64 will be placed at 8024BF9C (length = 14 bytes)
$SignString63 will be placed at 8024BFB0 (length = 14 bytes)
$SignString62 will be placed at 8024BFC4 (length = 14 bytes)
$SignString61 will be placed at 8024BFD8 (length = 14 bytes)
$SignString60 will be placed at 8024BFEC (length = 14 bytes)
$SignString79 will be placed at 8024C000 (length = 14 bytes)
$SignString78 will be placed at 8024C014 (length = 14 bytes)
$SignString77 will be placed at 8024C028 (length = 14 bytes)
$SignString76 will be placed at 8024C03C (length = 14 bytes)
$SignString75 will be placed at 8024C050 (length = 14 bytes)
$SignString74 will be placed at 8024C064 (length = 14 bytes)
$SignString73 will be placed at 8024C078 (length = 14 bytes)
$SignString72 will be placed at 8024C08C (length = 14 bytes)
$SignString71 will be placed at 8024C0A0 (length = 14 bytes)
$SignString70 will be placed at 8024C0B4 (length = 14 bytes)
$SignString89 will be placed at 8024C0C8 (length = 14 bytes)
$SignString88 will be placed at 8024C0DC (length = 14 bytes)
$SignString87 will be placed at 8024C0F0 (length = 14 bytes)
$SignString86 will be placed at 8024C104 (length = 14 bytes)
$SignString85 will be placed at 8024C118 (length = 14 bytes)
$SignString84 will be placed at 8024C12C (length = 14 bytes)
$SignString83 will be placed at 8024C140 (length = 14 bytes)
$SignString82 will be placed at 8024C154 (length = 14 bytes)
$SignString81 will be placed at 8024C168 (length = 14 bytes)
$SignString80 will be placed at 8024C17C (length = 14 bytes)
$SignString19 will be placed at 8024C190 (length = 14 bytes)
$SignString18 will be placed at 8024C1A4 (length = 14 bytes)
$SignString17 will be placed at 8024C1B8 (length = 14 bytes)
$SignString16 will be placed at 8024C1CC (length = 14 bytes)
$SignString15 will be placed at 8024C1E0 (length = 14 bytes)
$SignString14 will be placed at 8024C1F4 (length = 14 bytes)
$SignString13 will be placed at 8024C208 (length = 14 bytes)
$SignString12 will be placed at 8024C21C (length = 14 bytes)
$SignString11 will be placed at 8024C230 (length = 14 bytes)
$SignString10 will be placed at 8024C244 (length = 14 bytes)
$SignString3 will be placed at 8024C258 (length = 14 bytes)
$SignString2 will be placed at 8024C26C (length = 14 bytes)
$SignString5 will be placed at 8024C280 (length = 14 bytes)
$SignString4 will be placed at 8024C294 (length = 14 bytes)
$SignString7 will be placed at 8024C2A8 (length = 14 bytes)
$SignString6 will be placed at 8024C2BC (length = 14 bytes)
$SignString9 will be placed at 8024C2D0 (length = 14 bytes)
$SignString8 will be placed at 8024C2E4 (length = 14 bytes)
$SignString29 will be placed at 8024C2F8 (length = 14 bytes)
$SignString28 will be placed at 8024C30C (length = 14 bytes)
$SignString27 will be placed at 8024C320 (length = 14 bytes)
$SignString26 will be placed at 8024C334 (length = 14 bytes)
$SignString25 will be placed at 8024C348 (length = 14 bytes)
$SignString24 will be placed at 8024C35C (length = 14 bytes)
$SignString23 will be placed at 8024C370 (length = 14 bytes)
$SignString22 will be placed at 8024C384 (length = 14 bytes)
$SignString21 will be placed at 8024C398 (length = 14 bytes)
$SignString20 will be placed at 8024C3AC (length = 14 bytes)
$SignString will be placed at 8024C3C0 (length = 14 bytes)
$SignString39 will be placed at 8024C3D4 (length = 14 bytes)
$SignString38 will be placed at 8024C3E8 (length = 14 bytes)
$SignString37 will be placed at 8024C3FC (length = 14 bytes)
$SignString36 will be placed at 8024C410 (length = 14 bytes)
$SignString35 will be placed at 8024C424 (length = 14 bytes)
$SignString34 will be placed at 8024C438 (length = 14 bytes)
$SignString33 will be placed at 8024C44C (length = 14 bytes)
$SignString32 will be placed at 8024C460 (length = 14 bytes)
$SignString31 will be placed at 8024C474 (length = 14 bytes)
$SignString30 will be placed at 8024C488 (length = 14 bytes)
$SignString49 will be placed at 8024C49C (length = 14 bytes)
$SignString48 will be placed at 8024C4B0 (length = 14 bytes)
$SignString47 will be placed at 8024C4C4 (length = 14 bytes)
$SignString46 will be placed at 8024C4D8 (length = 14 bytes)
$SignString45 will be placed at 8024C4EC (length = 14 bytes)
$SignString44 will be placed at 8024C500 (length = 14 bytes)
$SignString43 will be placed at 8024C514 (length = 14 bytes)
$SignString42 will be placed at 8024C528 (length = 14 bytes)
$SignString41 will be placed at 8024C53C (length = 14 bytes)
$SignString40 will be placed at 8024C550 (length = 14 bytes)
$ASCII_pit_02_Literal will be placed at 8024C564 (length = C bytes)
$ASCII_pit_90_Literal will be placed at 8024C570 (length = C bytes)
$ASCII_pit_34_Literal will be placed at 8024C57C (length = C bytes)
$ASCII_pit_66_Literal will be placed at 8024C588 (length = C bytes)
$ASCII_pit_98_Literal will be placed at 8024C594 (length = C bytes)
$ASCII_pit_19_Literal will be placed at 8024C5A0 (length = C bytes)
$ASCII_pit_57_Literal will be placed at 8024C5AC (length = C bytes)
$ASCII_pit_69_Literal will be placed at 8024C5B8 (length = C bytes)
$ASCII_pit_72_Literal will be placed at 8024C5C4 (length = C bytes)
$ASCII_pit_81_Literal will be placed at 8024C5D0 (length = C bytes)
$ASCII_pit_43_Literal will be placed at 8024C5DC (length = C bytes)
$ASCII_pit_28_Literal will be placed at 8024C5E8 (length = C bytes)
$ASCII_pit_78_Literal will be placed at 8024C5F4 (length = C bytes)
$ASCII_pit_63_Literal will be placed at 8024C600 (length = C bytes)
$ASCII_pit_46_Literal will be placed at 8024C60C (length = C bytes)
$ASCII_pit_95_Literal will be placed at 8024C618 (length = C bytes)
$ASCII_pit_16_Literal will be placed at 8024C624 (length = C bytes)
$ASCII_pit_37_Literal will be placed at 8024C630 (length = C bytes)
$ASCII_pit_22_Literal will be placed at 8024C63C (length = C bytes)
$ASCII_pit_05_Literal will be placed at 8024C648 (length = C bytes)
$ASCII_pit_25_Literal will be placed at 8024C654 (length = C bytes)
$ASCII_pit_54_Literal will be placed at 8024C660 (length = C bytes)
$ASCII_pit_08_Literal will be placed at 8024C66C (length = C bytes)
$ASCII_pit_87_Literal will be placed at 8024C678 (length = C bytes)
$ASCII_pit_75_Literal will be placed at 8024C684 (length = C bytes)
$ASCII_pit_13_Literal will be placed at 8024C690 (length = C bytes)
$ASCII_pit_32_Literal will be placed at 8024C69C (length = C bytes)
$ASCII_pit_92_Literal will be placed at 8024C6A8 (length = C bytes)
$ASCII_pit_17_Literal will be placed at 8024C6B4 (length = C bytes)
$ASCII_pit_49_Literal will be placed at 8024C6C0 (length = C bytes)
$ASCII_pit_77_Literal will be placed at 8024C6CC (length = C bytes)
$ASCII_pit_96_Literal will be placed at 8024C6D8 (length = C bytes)
$ASCII_pit_68_Literal will be placed at 8024C6E4 (length = C bytes)
$ASCII_pit_51_Literal will be placed at 8024C6F0 (length = C bytes)
$ASCII_pit_04_Literal will be placed at 8024C6FC (length = C bytes)
$ASCII_pit_83_Literal will be placed at 8024C708 (length = C bytes)
$ASCII_pit_86_Literal will be placed at 8024C714 (length = C bytes)
$ASCII_pit_26_Literal will be placed at 8024C720 (length = C bytes)
$ASCII_pit_41_Literal will be placed at 8024C72C (length = C bytes)
$ASCII_pit_14_Literal will be placed at 8024C738 (length = C bytes)
$ASCII_pit_74_Literal will be placed at 8024C744 (length = C bytes)
$ASCII_pit_60_Literal will be placed at 8024C750 (length = C bytes)
$ASCII_pit_59_Literal will be placed at 8024C75C (length = C bytes)
$ASCII_pit_93_Literal will be placed at 8024C768 (length = C bytes)
$ASCII_pit_65_Literal will be placed at 8024C774 (length = C bytes)
$ASCII_pit_07_Literal will be placed at 8024C780 (length = C bytes)
$ASCII_pit_20_Literal will be placed at 8024C78C (length = C bytes)
$ASCII_pit_35_Literal will be placed at 8024C798 (length = C bytes)
$ASCII_pit_23_Literal will be placed at 8024C7A4 (length = C bytes)
$ASCII_pit_11_Literal will be placed at 8024C7B0 (length = C bytes)
$ASCII_pit_56_Literal will be placed at 8024C7BC (length = C bytes)
$ASCII_pit_44_Literal will be placed at 8024C7C8 (length = C bytes)
$ASCII_pit_89_Literal will be placed at 8024C7D4 (length = C bytes)
$ASCII_pit_79_Literal will be placed at 8024C7E0 (length = C bytes)
$ASCII_pit_62_Literal will be placed at 8024C7EC (length = C bytes)
$ASCII_pit_94_Literal will be placed at 8024C7F8 (length = C bytes)
$ASCII_pit_47_Literal will be placed at 8024C804 (length = C bytes)
$ASCII_pit_21_Literal will be placed at 8024C810 (length = C bytes)
$ASCII_pit_06_Literal will be placed at 8024C81C (length = C bytes)
$ASCII_pit_53_Literal will be placed at 8024C828 (length = C bytes)
$ASCII_pit_09_Literal will be placed at 8024C834 (length = C bytes)
$ASCII_pit_88_Literal will be placed at 8024C840 (length = C bytes)
$ASCII_pit_38_Literal will be placed at 8024C84C (length = C bytes)
$ASCII_pit_24_Literal will be placed at 8024C858 (length = C bytes)
$ASCII_pit_12_Literal will be placed at 8024C864 (length = C bytes)
$ASCII_pit_76_Literal will be placed at 8024C870 (length = C bytes)
$ASCII_pit_01_Literal will be placed at 8024C87C (length = C bytes)
$ASCII_pit_50_Literal will be placed at 8024C888 (length = C bytes)
$ASCII_pit_33_Literal will be placed at 8024C894 (length = C bytes)
$ASCII_pit_99_Literal will be placed at 8024C8A0 (length = C bytes)
$ASCII_pit_67_Literal will be placed at 8024C8AC (length = C bytes)
$ASCII_pit_71_Literal will be placed at 8024C8B8 (length = C bytes)
$ASCII_pit_42_Literal will be placed at 8024C8C4 (length = C bytes)
$ASCII_pit_80_Literal will be placed at 8024C8D0 (length = C bytes)
$ASCII_pit_29_Literal will be placed at 8024C8DC (length = C bytes)
$ASCII_pit_58_Literal will be placed at 8024C8E8 (length = C bytes)
$ASCII_pit_30_Literal will be placed at 8024C8F4 (length = C bytes)
$ASCII_pit_00_Literal will be placed at 8024C900 (length = C bytes)
$ASCII_pit_64_Literal will be placed at 8024C90C (length = C bytes)
$ASCII_pit_36_Literal will be placed at 8024C918 (length = C bytes)
$ASCII_pit_55_Literal will be placed at 8024C924 (length = C bytes)
$ASCII_pit_10_Literal will be placed at 8024C930 (length = C bytes)
$ASCII_pit_45_Literal will be placed at 8024C93C (length = C bytes)
$ASCII_pit_18_Literal will be placed at 8024C948 (length = C bytes)
$ASCII_pit_48_Literal will be placed at 8024C954 (length = C bytes)
$ASCII_pit_03_Literal will be placed at 8024C960 (length = C bytes)
$ASCII_pit_31_Literal will be placed at 8024C96C (length = C bytes)
$ASCII_pit_91_Literal will be placed at 8024C978 (length = C bytes)
$ASCII_pit_97_Literal will be placed at 8024C984 (length = C bytes)
$ASCII_pit_82_Literal will be placed at 8024C990 (length = C bytes)
$ASCII_pit_52_Literal will be placed at 8024C99C (length = C bytes)
$ASCII_pit_70_Literal will be placed at 8024C9A8 (length = C bytes)
$ASCII_pit_85_Literal will be placed at 8024C9B4 (length = C bytes)
$ASCII_pit_40_Literal will be placed at 8024C9C0 (length = C bytes)
$ASCII_pit_39_Literal will be placed at 8024C9CC (length = C bytes)
$ASCII_pit_73_Literal will be placed at 8024C9D8 (length = C bytes)
$ASCII_pit_15_Literal will be placed at 8024C9E4 (length = C bytes)
$ASCII_pit_27_Literal will be placed at 8024C9F0 (length = C bytes)
$ASCII_pit_61_Literal will be placed at 8024C9FC (length = C bytes)
$ASCII_pit_842_Literal will be placed at 8024CA08 (length = 8 bytes)
$ASCII_pit_100_Literal will be placed at 8024CA10 (length = 8 bytes)
$ASCII_tik_tex_Literal will be placed at 8024CA18 (length = 8 bytes)
$MoverCancel will be placed at 8024CA20 (length = 4 bytes)
$BanditMoverCancel will be placed at 8024CA24 (length = 4 bytes)
Executing patch: pit_40.mpat
Loaded map pit_40
Creating struct: $EntryList
Creating struct: $DeepestLevel
Creating struct: $TotalLevels
Creating struct: $LoadHighscores
Creating struct: $FallingDownPipe
Creating struct: $Function_GetPos
Creating struct: $Function2
Creating struct: $Script_TrackPlayer
Creating struct: $Script_PipeAnimation
Creating struct: $Function_SetAnimation
Creating struct: $Function_GetColliderPos
Creating struct: $Function_TrackInput
Creating struct: $GoToNextLevel
Creating struct: $GoToNextLevel_Roguelike
Creating struct: $Script_SetSetsOfLevels
Creating struct: $Script_LoadMap_Roguelike
Creating struct: $Script_LoadChestMap_Roguelike
Creating struct: $Script_LoadMap_Mover_Roguelike
Creating struct: $Script_LoadChestMap_Mover_Roguelike
Creating struct: $GetFloorPit
Creating struct: $GetFloorSign
Creating struct: $Function_GetTattle1
Creating struct: $Function_GetTattle2
Creating struct: $Script_ReadSign
Creating struct: $BadgeListRogue
Creating struct: $BadgeList
Creating struct: $GetBadge
Creating struct: $CoinChest
Creating struct: $LoadChestFloor
Creating struct: $ShopperInteraction
Creating struct: $GetFloorRowf
Creating struct: $ShopperInventory1-1
Creating struct: $ShopperInventory1-2
Creating struct: $ShopperInventory1-3
Creating struct: $ShopperInventory1-4
Creating struct: $ShopperInventory1-5
Creating struct: $ShopperInventory1-6
Creating struct: $ShopperInventory1-7
Creating struct: $ShopperInventory1-8
Creating struct: $ShopperInventory1-9
Creating struct: $ShopperInventory2-1
Creating struct: $ShopperInventory2-2
Creating struct: $ShopperInventory2-3
Creating struct: $ShopperInventory2-4
Creating struct: $ShopperInventory2-5
Creating struct: $ShopperInventory2-6
Creating struct: $ShopperInventory2-7
Creating struct: $ShopperInventory2-8
Creating struct: $ShopperInventory2-9
Creating struct: $ShopperInventory3-1
Creating struct: $ShopperInventory3-2
Creating struct: $ShopperInventory3-3
Creating struct: $ShopperInventory3-4
Creating struct: $ShopperInventory3-5
Creating struct: $ShopperInventory3-6
Creating struct: $ShopperInventory3-7
Creating struct: $ShopperInventory3-8
Creating struct: $ShopperInventory3-9
Creating struct: $ShopperInventory4-1
Creating struct: $ShopperInventory4-2
Creating struct: $ShopperInventory4-3
Creating struct: $ShopperInventory4-4
Creating struct: $ShopperInventory4-5
Creating struct: $ShopperInventory4-6
Creating struct: $ShopperInventory4-7
Creating struct: $ShopperInventory4-8
Creating struct: $ShopperInventory4-9
Creating struct: $ShopperInventory5-1
Creating struct: $ShopperInventory5-2
Creating struct: $ShopperInventory5-3
Creating struct: $ShopperInventory5-4
Creating struct: $ShopperInventory5-5
Creating struct: $ShopperInventory5-6
Creating struct: $ShopperInventory5-7
Creating struct: $ShopperInventory5-8
Creating struct: $ShopperInventory5-9
Creating struct: $ShopperInventory6-1
Creating struct: $ShopperInventory6-2
Creating struct: $ShopperInventory6-3
Creating struct: $ShopperInventory6-4
Creating struct: $ShopperInventory6-5
Creating struct: $ShopperInventory6-6
Creating struct: $ShopperInventory6-7
Creating struct: $ShopperInventory6-8
Creating struct: $ShopperInventory6-9
Creating struct: $ShopperInventory7-1
Creating struct: $ShopperInventory7-2
Creating struct: $ShopperInventory7-3
Creating struct: $ShopperInventory7-4
Creating struct: $ShopperInventory7-5
Creating struct: $ShopperInventory7-6
Creating struct: $ShopperInventory7-7
Creating struct: $ShopperInventory7-8
Creating struct: $ShopperInventory7-9
Creating struct: $ShopperInventory8-1
Creating struct: $ShopperInventory8-2
Creating struct: $ShopperInventory8-3
Creating struct: $ShopperInventory8-4
Creating struct: $ShopperInventory8-5
Creating struct: $ShopperInventory8-6
Creating struct: $ShopperInventory8-7
Creating struct: $ShopperInventory8-8
Creating struct: $ShopperInventory8-9
Creating struct: $ShopperInventory9-1
Creating struct: $ShopperInventory9-2
Creating struct: $ShopperInventory9-3
Creating struct: $ShopperInventory9-4
Creating struct: $ShopperInventory9-5
Creating struct: $ShopperInventory9-6
Creating struct: $ShopperInventory9-7
Creating struct: $ShopperInventory9-8
Creating struct: $ShopperInventory9-9
Creating struct: $InventoryAvailability
Creating struct: $LoadCoins
Creating struct: $LoadInventory1
Creating struct: $LoadInventory2
Creating struct: $LoadInventory3
Creating struct: $LoadInventory4
Creating struct: $LoadInventory5
Creating struct: $LoadInventory6
Creating struct: $LoadInventory7
Creating struct: $LoadInventory8
Creating struct: $LoadInventory9
Creating struct: $Partner_Settings
Creating struct: $Init_NPC
Creating struct: $NPC_Cutscene1
Creating struct: $NPC_Cutscene2
Creating struct: $NPC_Cutscene3
Creating struct: $NPC_Cutscene4
Creating struct: $NPC_Cutscene5
Creating struct: $Script_MarioAnimation0
Creating struct: $Script_MarioAnimation1
Creating struct: $NPC_Cutscene6
Creating struct: $Script_WattLightnings
Creating struct: $NPC_Cutscene7
Creating struct: $NPC_Cutscene8
Creating struct: $VectorList_Path_Lakilester
Creating struct: $Function_LoadPath
Creating struct: $Script_SetNPC
Creating struct: $PartnerFunc1
Creating struct: $PartnerFunc2
Creating struct: $Explotion
Creating struct: $PartnerImage1
Creating struct: $PartnerImage2
Creating struct: $PartnerImage3
Creating struct: $PartnerImage4
Creating struct: $PartnerImage5
Creating struct: $PartnerImage6
Creating struct: $PartnerImage7
Creating struct: $PartnerImage8
Creating struct: $JoinedYourParty
Creating struct: $SetNPCtoPartner
Creating struct: $Header
Creating struct: $Function_Init
Creating struct: $Script_Main
Creating struct: $Script_MakeEntities
Creating struct: $Script_ReadSignExit
Creating struct: $Script_UseChest
Creating struct: $Script_OpenChest
Creating struct: $Script_GetItem
Creating struct: $Function_ActivateBadge
Creating struct: $CommingDownPipe
Creating struct: $PipeSpawning
Creating struct: $Script_MakeExits
Creating struct: $Script_Exit1
Creating struct: $Script_Exit0
Creating struct: $PipeAnimationX
Creating struct: $Function_802400F0
Creating struct: $Function_80240000
Creating struct: $NpcGroups
Creating struct: $NpcGroup_Partners
Creating struct: $NpcGroup_Rowf
Creating struct: $Rowf_Settings
Creating struct: $Script_AI_Rowf
Creating struct: $InitShopper
Creating struct: $GotItem
Creating struct: $NpcGroup_BlackRowf
Creating struct: $BRowf_Settings
Creating struct: $Init_BRowf
Creating struct: $GetItem_BRowf
Creating struct: $LoadCoins_BRowf
Creating struct: $EnableInputs
Merged 1 regions to 1
$BadgeList will be placed at 80240000 (length = 2040 bytes)
$BadgeListRogue will be placed at 80242040 (length = 143C bytes)
$GetBadge will be placed at 8024347C (length = F9C bytes)
$Script_LoadMap_Mover_Roguelike will be placed at 80244418 (length = F14 bytes)
$Script_ReadSign will be placed at 8024532C (length = EEC bytes)
$NPC_Cutscene5 will be placed at 80246218 (length = DAC bytes)
$Script_LoadMap_Roguelike will be placed at 80246FC4 (length = D9C bytes)
$NpcGroup_Partners will be placed at 80247D60 (length = D90 bytes)
$GoToNextLevel will be placed at 80248AF0 (length = D10 bytes)
$Script_MakeEntities will be placed at 80249800 (length = A48 bytes)
$GoToNextLevel_Roguelike will be placed at 8024A248 (length = 868 bytes)
$ShopperInteraction will be placed at 8024AAB0 (length = 50C bytes)
$NPC_Cutscene4 will be placed at 8024AFBC (length = 500 bytes)
$Script_UseChest will be placed at 8024B4BC (length = 4DC bytes)
$NPC_Cutscene2 will be placed at 8024B998 (length = 4DC bytes)
$LoadInventory7 will be placed at 8024BE74 (length = 474 bytes)
$LoadInventory6 will be placed at 8024C2E8 (length = 474 bytes)
$LoadInventory9 will be placed at 8024C75C (length = 474 bytes)
$LoadInventory8 will be placed at 8024CBD0 (length = 474 bytes)
$LoadInventory3 will be placed at 8024D044 (length = 474 bytes)
$LoadInventory2 will be placed at 8024D4B8 (length = 474 bytes)
$LoadInventory5 will be placed at 8024D92C (length = 474 bytes)
$LoadInventory4 will be placed at 8024DDA0 (length = 474 bytes)
$LoadInventory1 will be placed at 8024E214 (length = 474 bytes)
$NPC_Cutscene3 will be placed at 8024E688 (length = 448 bytes)
$NPC_Cutscene7 will be placed at 8024EAD0 (length = 430 bytes)
$Init_BRowf will be placed at 8024EF00 (length = 3A4 bytes)
$FallingDownPipe will be placed at 8024F2A4 (length = 37C bytes)
$PipeAnimationX will be placed at 8024F620 (length = 364 bytes)
$Script_SetSetsOfLevels will be placed at 8024F984 (length = 358 bytes)
$Script_SetNPC will be placed at 8024FCDC (length = 328 bytes)
$NPC_Cutscene1 will be placed at 80250004 (length = 320 bytes)
$NPC_Cutscene6 will be placed at 80250324 (length = 318 bytes)
$NPC_Cutscene8 will be placed at 8025063C (length = 29C bytes)
$Script_MarioAnimation0 will be placed at 802508D8 (length = 21C bytes)
$NpcGroup_BlackRowf will be placed at 80250AF4 (length = 1F0 bytes)
$NpcGroup_Rowf will be placed at 80250CE4 (length = 1F0 bytes)
$Script_PipeAnimation will be placed at 80250ED4 (length = 1D0 bytes)
$Script_Main will be placed at 802510A4 (length = 1D0 bytes)
$JoinedYourParty will be placed at 80251274 (length = 194 bytes)
$Script_LoadChestMap_Mover_Roguelike will be placed at 80251408 (length = 18C bytes)
$SetNPCtoPartner will be placed at 80251594 (length = 184 bytes)
$PipeSpawning will be placed at 80251718 (length = 178 bytes)
$Function_ActivateBadge will be placed at 80251890 (length = 178 bytes)
$Script_LoadChestMap_Roguelike will be placed at 80251A08 (length = 164 bytes)
$CoinChest will be placed at 80251B6C (length = 158 bytes)
$Init_NPC will be placed at 80251CC4 (length = 154 bytes)
$LoadChestFloor will be placed at 80251E18 (length = 154 bytes)
$MapTattle5 will be placed at 80251F6C (length = 13C bytes)
$MapTattle4 will be placed at 802520A8 (length = 130 bytes)
$Script_WattLightnings will be placed at 802521D8 (length = 124 bytes)
$Script_AI_Rowf will be placed at 802522FC (length = 114 bytes)
$Function_LoadPath will be placed at 80252410 (length = 114 bytes)
$Script_OpenChest will be placed at 80252524 (length = 108 bytes)
$BRowfTattle will be placed at 8025262C (length = F4 bytes)
$ShopperTattle will be placed at 80252720 (length = E8 bytes)
$Function_GetColliderPos will be placed at 80252808 (length = E0 bytes)
$Function_GetPos will be placed at 802528E8 (length = E0 bytes)
$Function_802400F0 will be placed at 802529C8 (length = E0 bytes)
$Script_TrackPlayer will be placed at 80252AA8 (length = DC bytes)
$MapTattle2 will be placed at 80252B84 (length = D4 bytes)
$ShopperBye1 will be placed at 80252C58 (length = C0 bytes)
$Explotion will be placed at 80252D18 (length = BC bytes)
$ShopperBye2 will be placed at 80252DD4 (length = BC bytes)
$Function_TrackInput will be placed at 80252E90 (length = BC bytes)
$ShopperWelcome will be placed at 80252F4C (length = B4 bytes)
$Script_MarioAnimation1 will be placed at 80253000 (length = B0 bytes)
$MapTattle3 will be placed at 802530B0 (length = B0 bytes)
$MapTattle1 will be placed at 80253160 (length = A8 bytes)
$CoinsString will be placed at 80253208 (length = 94 bytes)
$ShopperBuying will be placed at 8025329C (length = 94 bytes)
$Function_GetTattle1 will be placed at 80253330 (length = 8C bytes)
$LoadHighscores will be placed at 802533BC (length = 7C bytes)
$SignStringBug will be placed at 80253438 (length = 7C bytes)
$DeepestLevel will be placed at 802534B4 (length = 6C bytes)
$Function_SetAnimation will be placed at 80253520 (length = 6C bytes)
$Function2 will be placed at 8025358C (length = 6C bytes)
$GetFloorPit will be placed at 802535F8 (length = 68 bytes)
$AfterBuying will be placed at 80253660 (length = 68 bytes)
$GetFloorSign will be placed at 802536C8 (length = 64 bytes)
$Bye-BRowf will be placed at 8025372C (length = 5C bytes)
$Script_GetItem will be placed at 80253788 (length = 54 bytes)
$Init-BRowf will be placed at 802537DC (length = 50 bytes)
$Function_GetTattle2 will be placed at 8025382C (length = 48 bytes)
$ShopperInventory1-9 will be placed at 80253874 (length = 48 bytes)
$ShopperInventory1-8 will be placed at 802538BC (length = 48 bytes)
$ShopperInventory1-7 will be placed at 80253904 (length = 48 bytes)
$ShopperInventory1-6 will be placed at 8025394C (length = 48 bytes)
$ShopperInventory1-5 will be placed at 80253994 (length = 48 bytes)
$StrangeSackBadge will be placed at 802539DC (length = 48 bytes)
$ShopperInventory8-5 will be placed at 80253A24 (length = 48 bytes)
$ShopperInventory8-4 will be placed at 80253A6C (length = 48 bytes)
$ShopperInventory8-3 will be placed at 80253AB4 (length = 48 bytes)
$ShopperInventory8-2 will be placed at 80253AFC (length = 48 bytes)
$ShopperInventory8-1 will be placed at 80253B44 (length = 48 bytes)
$ShopperInventory8-9 will be placed at 80253B8C (length = 48 bytes)
$ShopperInventory8-8 will be placed at 80253BD4 (length = 48 bytes)
$ShopperInventory8-7 will be placed at 80253C1C (length = 48 bytes)
$ShopperInventory8-6 will be placed at 80253C64 (length = 48 bytes)
$ShopperInventory9-4 will be placed at 80253CAC (length = 48 bytes)
$ShopperInventory9-3 will be placed at 80253CF4 (length = 48 bytes)
$ShopperInventory9-2 will be placed at 80253D3C (length = 48 bytes)
$ShopperInventory9-1 will be placed at 80253D84 (length = 48 bytes)
$ShopperInventory9-9 will be placed at 80253DCC (length = 48 bytes)
$ShopperInventory9-8 will be placed at 80253E14 (length = 48 bytes)
$ShopperInventory9-7 will be placed at 80253E5C (length = 48 bytes)
$ShopperInventory9-6 will be placed at 80253EA4 (length = 48 bytes)
$ShopperInventory9-5 will be placed at 80253EEC (length = 48 bytes)
$CommingDownPipe will be placed at 80253F34 (length = 48 bytes)
$ShopperInventory6-7 will be placed at 80253F7C (length = 48 bytes)
$ShopperInventory6-6 will be placed at 80253FC4 (length = 48 bytes)
$ShopperInventory6-5 will be placed at 8025400C (length = 48 bytes)
$ShopperInventory6-4 will be placed at 80254054 (length = 48 bytes)
$ShopperInventory6-3 will be placed at 8025409C (length = 48 bytes)
$ShopperInventory6-2 will be placed at 802540E4 (length = 48 bytes)
$ShopperInventory6-1 will be placed at 8025412C (length = 48 bytes)
$ShopperInventory6-9 will be placed at 80254174 (length = 48 bytes)
$ShopperInventory6-8 will be placed at 802541BC (length = 48 bytes)
$ShopperInventory7-6 will be placed at 80254204 (length = 48 bytes)
$ShopperInventory7-5 will be placed at 8025424C (length = 48 bytes)
$ShopperInventory7-4 will be placed at 80254294 (length = 48 bytes)
$ShopperInventory7-3 will be placed at 802542DC (length = 48 bytes)
$ShopperInventory7-2 will be placed at 80254324 (length = 48 bytes)
$ShopperInventory7-1 will be placed at 8025436C (length = 48 bytes)
$ShopperInventory7-9 will be placed at 802543B4 (length = 48 bytes)
$ShopperInventory7-8 will be placed at 802543FC (length = 48 bytes)
$ShopperInventory7-7 will be placed at 80254444 (length = 48 bytes)
$ShopperInventory4-9 will be placed at 8025448C (length = 48 bytes)
$ShopperInventory4-8 will be placed at 802544D4 (length = 48 bytes)
$ShopperInventory4-7 will be placed at 8025451C (length = 48 bytes)
$ShopperInventory4-6 will be placed at 80254564 (length = 48 bytes)
$ShopperInventory4-5 will be placed at 802545AC (length = 48 bytes)
$ShopperInventory4-4 will be placed at 802545F4 (length = 48 bytes)
$ShopperInventory4-3 will be placed at 8025463C (length = 48 bytes)
$ShopperInventory4-2 will be placed at 80254684 (length = 48 bytes)
$ShopperInventory3-2 will be placed at 802546CC (length = 48 bytes)
$ShopperInventory3-1 will be placed at 80254714 (length = 48 bytes)
$ShopperInventory5-8 will be placed at 8025475C (length = 48 bytes)
$ShopperInventory5-7 will be placed at 802547A4 (length = 48 bytes)
$ShopperInventory5-6 will be placed at 802547EC (length = 48 bytes)
$ShopperInventory5-5 will be placed at 80254834 (length = 48 bytes)
$ShopperInventory5-4 will be placed at 8025487C (length = 48 bytes)
$ShopperInventory5-3 will be placed at 802548C4 (length = 48 bytes)
$ShopperInventory5-2 will be placed at 8025490C (length = 48 bytes)
$ShopperInventory5-1 will be placed at 80254954 (length = 48 bytes)
$ShopperInventory5-9 will be placed at 8025499C (length = 48 bytes)
$ShopperInventory4-1 will be placed at 802549E4 (length = 48 bytes)
$ShopperInventory2-9 will be placed at 80254A2C (length = 48 bytes)
$Script_ReadSignExit will be placed at 80254A74 (length = 48 bytes)
$ShopperInventory2-8 will be placed at 80254ABC (length = 48 bytes)
$ShopperInventory2-7 will be placed at 80254B04 (length = 48 bytes)
$ShopperInventory2-6 will be placed at 80254B4C (length = 48 bytes)
$ShopperInventory2-5 will be placed at 80254B94 (length = 48 bytes)
$ShopperInventory2-4 will be placed at 80254BDC (length = 48 bytes)
$ShopperInventory1-4 will be placed at 80254C24 (length = 48 bytes)
$ShopperInventory1-3 will be placed at 80254C6C (length = 48 bytes)
$ShopperInventory1-2 will be placed at 80254CB4 (length = 48 bytes)
$ShopperInventory1-1 will be placed at 80254CFC (length = 48 bytes)
$Script_Exit1 will be placed at 80254D44 (length = 48 bytes)
$Script_Exit0 will be placed at 80254D8C (length = 48 bytes)
$ShopperInventory3-9 will be placed at 80254DD4 (length = 48 bytes)
$ShopperInventory3-8 will be placed at 80254E1C (length = 48 bytes)
$ShopperInventory3-7 will be placed at 80254E64 (length = 48 bytes)
$Script_MakeExits will be placed at 80254EAC (length = 48 bytes)
$ShopperInventory3-6 will be placed at 80254EF4 (length = 48 bytes)
$ShopperInventory3-5 will be placed at 80254F3C (length = 48 bytes)
$ShopperInventory3-4 will be placed at 80254F84 (length = 48 bytes)
$ShopperInventory3-3 will be placed at 80254FCC (length = 48 bytes)
$ShopperInventory2-3 will be placed at 80255014 (length = 48 bytes)
$ShopperInventory2-2 will be placed at 8025505C (length = 48 bytes)
$ShopperInventory2-1 will be placed at 802550A4 (length = 48 bytes)
$NoInventory-BRowf will be placed at 802550EC (length = 44 bytes)
$GetFloorRowf will be placed at 80255130 (length = 44 bytes)
$Function_Init will be placed at 80255174 (length = 44 bytes)
$GetItem_BRowf will be placed at 802551B8 (length = 44 bytes)
$NoCoins will be placed at 802551FC (length = 44 bytes)
$ShopperCancel will be placed at 80255240 (length = 40 bytes)
$Header will be placed at 80255280 (length = 40 bytes)
$PartnerFunc2 will be placed at 802552C0 (length = 3C bytes)
$VectorList_Path_Lakilester will be placed at 802552FC (length = 3C bytes)
$TotalLevels will be placed at 80255338 (length = 38 bytes)
$PartnerFunc1 will be placed at 80255370 (length = 34 bytes)
$LoadCoins_BRowf will be placed at 802553A4 (length = 34 bytes)
$EntryList will be placed at 802553D8 (length = 30 bytes)
$GotItem will be placed at 80255408 (length = 30 bytes)
$NoMoney-BRowf will be placed at 80255438 (length = 30 bytes)
$InventoryAvailability will be placed at 80255468 (length = 2C bytes)
$EnableInputs will be placed at 80255494 (length = 2C bytes)
$LoadCoins will be placed at 802554C0 (length = 2C bytes)
$Rowf_Settings will be placed at 802554EC (length = 2C bytes)
$Partner_Settings will be placed at 80255518 (length = 2C bytes)
$BRowf_Settings will be placed at 80255544 (length = 28 bytes)
$Init2-BRowf will be placed at 8025556C (length = 24 bytes)
$NpcGroups will be placed at 80255590 (length = 24 bytes)
$InitShopper will be placed at 802555B4 (length = 24 bytes)
$Function_80240000 will be placed at 802555D8 (length = 20 bytes)
$SignStringExit will be placed at 802555F8 (length = 20 bytes)
$SignString100 will be placed at 80255618 (length = 18 bytes)
$SignString1 will be placed at 80255630 (length = 14 bytes)
$SignString59 will be placed at 80255644 (length = 14 bytes)
$SignString58 will be placed at 80255658 (length = 14 bytes)
$SignString57 will be placed at 8025566C (length = 14 bytes)
$SignString56 will be placed at 80255680 (length = 14 bytes)
$SignString55 will be placed at 80255694 (length = 14 bytes)
$SignString54 will be placed at 802556A8 (length = 14 bytes)
$SignString53 will be placed at 802556BC (length = 14 bytes)
$SignString52 will be placed at 802556D0 (length = 14 bytes)
$SignString51 will be placed at 802556E4 (length = 14 bytes)
$SignString50 will be placed at 802556F8 (length = 14 bytes)
$SignString69 will be placed at 8025570C (length = 14 bytes)
$SignString68 will be placed at 80255720 (length = 14 bytes)
$SignString67 will be placed at 80255734 (length = 14 bytes)
$SignString66 will be placed at 80255748 (length = 14 bytes)
$SignString65 will be placed at 8025575C (length = 14 bytes)
$SignString64 will be placed at 80255770 (length = 14 bytes)
$SignString63 will be placed at 80255784 (length = 14 bytes)
$SignString62 will be placed at 80255798 (length = 14 bytes)
$SignString61 will be placed at 802557AC (length = 14 bytes)
$SignString60 will be placed at 802557C0 (length = 14 bytes)
$SignString79 will be placed at 802557D4 (length = 14 bytes)
$SignString78 will be placed at 802557E8 (length = 14 bytes)
$SignString77 will be placed at 802557FC (length = 14 bytes)
$SignString76 will be placed at 80255810 (length = 14 bytes)
$SignString75 will be placed at 80255824 (length = 14 bytes)
$SignString74 will be placed at 80255838 (length = 14 bytes)
$SignString73 will be placed at 8025584C (length = 14 bytes)
$SignString72 will be placed at 80255860 (length = 14 bytes)
$SignString71 will be placed at 80255874 (length = 14 bytes)
$SignString70 will be placed at 80255888 (length = 14 bytes)
$SignString89 will be placed at 8025589C (length = 14 bytes)
$SignString88 will be placed at 802558B0 (length = 14 bytes)
$SignString87 will be placed at 802558C4 (length = 14 bytes)
$SignString86 will be placed at 802558D8 (length = 14 bytes)
$SignString85 will be placed at 802558EC (length = 14 bytes)
$SignString84 will be placed at 80255900 (length = 14 bytes)
$SignString83 will be placed at 80255914 (length = 14 bytes)
$SignString82 will be placed at 80255928 (length = 14 bytes)
$SignString81 will be placed at 8025593C (length = 14 bytes)
$SignString80 will be placed at 80255950 (length = 14 bytes)
$SignString19 will be placed at 80255964 (length = 14 bytes)
$SignString18 will be placed at 80255978 (length = 14 bytes)
$SignString17 will be placed at 8025598C (length = 14 bytes)
$SignString16 will be placed at 802559A0 (length = 14 bytes)
$SignString15 will be placed at 802559B4 (length = 14 bytes)
$SignString14 will be placed at 802559C8 (length = 14 bytes)
$SignString13 will be placed at 802559DC (length = 14 bytes)
$SignString12 will be placed at 802559F0 (length = 14 bytes)
$SignString11 will be placed at 80255A04 (length = 14 bytes)
$SignString10 will be placed at 80255A18 (length = 14 bytes)
$SignString3 will be placed at 80255A2C (length = 14 bytes)
$SignString2 will be placed at 80255A40 (length = 14 bytes)
$SignString5 will be placed at 80255A54 (length = 14 bytes)
$SignString4 will be placed at 80255A68 (length = 14 bytes)
$SignString7 will be placed at 80255A7C (length = 14 bytes)
$SignString6 will be placed at 80255A90 (length = 14 bytes)
$SignString9 will be placed at 80255AA4 (length = 14 bytes)
$SignString8 will be placed at 80255AB8 (length = 14 bytes)
$SignString29 will be placed at 80255ACC (length = 14 bytes)
$SignString28 will be placed at 80255AE0 (length = 14 bytes)
$SignString27 will be placed at 80255AF4 (length = 14 bytes)
$SignString26 will be placed at 80255B08 (length = 14 bytes)
$SignString25 will be placed at 80255B1C (length = 14 bytes)
$SignString24 will be placed at 80255B30 (length = 14 bytes)
$SignString23 will be placed at 80255B44 (length = 14 bytes)
$SignString22 will be placed at 80255B58 (length = 14 bytes)
$SignString21 will be placed at 80255B6C (length = 14 bytes)
$SignString20 will be placed at 80255B80 (length = 14 bytes)
$SignString will be placed at 80255B94 (length = 14 bytes)
$SignString39 will be placed at 80255BA8 (length = 14 bytes)
$SignString38 will be placed at 80255BBC (length = 14 bytes)
$SignString37 will be placed at 80255BD0 (length = 14 bytes)
$SignString36 will be placed at 80255BE4 (length = 14 bytes)
$SignString35 will be placed at 80255BF8 (length = 14 bytes)
$SignString34 will be placed at 80255C0C (length = 14 bytes)
$SignString33 will be placed at 80255C20 (length = 14 bytes)
$SignString32 will be placed at 80255C34 (length = 14 bytes)
$SignString31 will be placed at 80255C48 (length = 14 bytes)
$SignString30 will be placed at 80255C5C (length = 14 bytes)
$SignString49 will be placed at 80255C70 (length = 14 bytes)
$SignString48 will be placed at 80255C84 (length = 14 bytes)
$SignString47 will be placed at 80255C98 (length = 14 bytes)
$SignString46 will be placed at 80255CAC (length = 14 bytes)
$SignString45 will be placed at 80255CC0 (length = 14 bytes)
$SignString44 will be placed at 80255CD4 (length = 14 bytes)
$SignString43 will be placed at 80255CE8 (length = 14 bytes)
$SignString42 will be placed at 80255CFC (length = 14 bytes)
$SignString41 will be placed at 80255D10 (length = 14 bytes)
$SignString40 will be placed at 80255D24 (length = 14 bytes)
$SignString99 will be placed at 80255D38 (length = 14 bytes)
$SignString98 will be placed at 80255D4C (length = 14 bytes)
$SignString97 will be placed at 80255D60 (length = 14 bytes)
$SignString96 will be placed at 80255D74 (length = 14 bytes)
$SignString95 will be placed at 80255D88 (length = 14 bytes)
$SignString94 will be placed at 80255D9C (length = 14 bytes)
$SignString93 will be placed at 80255DB0 (length = 14 bytes)
$SignString92 will be placed at 80255DC4 (length = 14 bytes)
$SignString91 will be placed at 80255DD8 (length = 14 bytes)
$SignString90 will be placed at 80255DEC (length = 14 bytes)
$ShopperAccepted will be placed at 80255E00 (length = 14 bytes)
$PartnerImage4 will be placed at 80255E14 (length = 10 bytes)
$PartnerImage5 will be placed at 80255E24 (length = 10 bytes)
$PartnerImage2 will be placed at 80255E34 (length = 10 bytes)
$PartnerImage8 will be placed at 80255E44 (length = 10 bytes)
$ASCII_pit_02_Literal will be placed at 80255E54 (length = C bytes)
$ASCII_pit_34_Literal will be placed at 80255E60 (length = C bytes)
$ASCII_pit_66_Literal will be placed at 80255E6C (length = C bytes)
$ASCII_pit_98_Literal will be placed at 80255E78 (length = C bytes)
$ASCII_pit_19_Literal will be placed at 80255E84 (length = C bytes)
$ASCII_pit_69_Literal will be placed at 80255E90 (length = C bytes)
$ASCII_pit_81_Literal will be placed at 80255E9C (length = C bytes)
$ASCII_pit_63_Literal will be placed at 80255EA8 (length = C bytes)
$ASCII_pit_95_Literal will be placed at 80255EB4 (length = C bytes)
$ASCII_pit_16_Literal will be placed at 80255EC0 (length = C bytes)
$ASCII_pit_37_Literal will be placed at 80255ECC (length = C bytes)
$ASCII_pit_05_Literal will be placed at 80255ED8 (length = C bytes)
$ASCII_pit_08_Literal will be placed at 80255EE4 (length = C bytes)
$ASCII_pit_87_Literal will be placed at 80255EF0 (length = C bytes)
$ASCII_pit_13_Literal will be placed at 80255EFC (length = C bytes)
$ASCII_pit_92_Literal will be placed at 80255F08 (length = C bytes)
$ASCII_pit_77_Literal will be placed at 80255F14 (length = C bytes)
$ASCII_pit_26_Literal will be placed at 80255F20 (length = C bytes)
$ASCII_pit_41_Literal will be placed at 80255F2C (length = C bytes)
$ASCII_pit_74_Literal will be placed at 80255F38 (length = C bytes)
$ASCII_pit_60_Literal will be placed at 80255F44 (length = C bytes)
$ASCII_pit_59_Literal will be placed at 80255F50 (length = C bytes)
$ASCII_pit_20_Literal will be placed at 80255F5C (length = C bytes)
$ASCII_pit_23_Literal will be placed at 80255F68 (length = C bytes)
$ASCII_pit_56_Literal will be placed at 80255F74 (length = C bytes)
$ASCII_pit_44_Literal will be placed at 80255F80 (length = C bytes)
$ASCII_pit_94_Literal will be placed at 80255F8C (length = C bytes)
$ASCII_pit_21_Literal will be placed at 80255F98 (length = C bytes)
$ASCII_pit_53_Literal will be placed at 80255FA4 (length = C bytes)
$ASCII_pit_09_Literal will be placed at 80255FB0 (length = C bytes)
$ASCII_pit_88_Literal will be placed at 80255FBC (length = C bytes)
$ASCII_pit_38_Literal will be placed at 80255FC8 (length = C bytes)
$ASCII_pit_76_Literal will be placed at 80255FD4 (length = C bytes)
$ASCII_pit_33_Literal will be placed at 80255FE0 (length = C bytes)
$ASCII_pit_99_Literal will be placed at 80255FEC (length = C bytes)
$ASCII_pit_71_Literal will be placed at 80255FF8 (length = C bytes)
$ASCII_pit_58_Literal will be placed at 80256004 (length = C bytes)
$ASCII_pit_64_Literal will be placed at 80256010 (length = C bytes)
$ASCII_pit_10_Literal will be placed at 8025601C (length = C bytes)
$ASCII_pit_45_Literal will be placed at 80256028 (length = C bytes)
$ASCII_pit_03_Literal will be placed at 80256034 (length = C bytes)
$ASCII_pit_82_Literal will be placed at 80256040 (length = C bytes)
$ASCII_pit_52_Literal will be placed at 8025604C (length = C bytes)
$ASCII_pit_70_Literal will be placed at 80256058 (length = C bytes)
$ASCII_pit_40_Literal will be placed at 80256064 (length = C bytes)
$ASCII_pit_39_Literal will be placed at 80256070 (length = C bytes)
$ASCII_pit_15_Literal will be placed at 8025607C (length = C bytes)
$ASCII_pit_27_Literal will be placed at 80256088 (length = C bytes)
$ASCII_pit_90_Literal will be placed at 80256094 (length = C bytes)
$ASCII_pit_57_Literal will be placed at 802560A0 (length = C bytes)
$ASCII_pit_72_Literal will be placed at 802560AC (length = C bytes)
$ASCII_pit_43_Literal will be placed at 802560B8 (length = C bytes)
$ASCII_pit_28_Literal will be placed at 802560C4 (length = C bytes)
$ASCII_pit_78_Literal will be placed at 802560D0 (length = C bytes)
$ASCII_pit_46_Literal will be placed at 802560DC (length = C bytes)
$ASCII_pit_22_Literal will be placed at 802560E8 (length = C bytes)
$ASCII_pit_25_Literal will be placed at 802560F4 (length = C bytes)
$ASCII_pit_54_Literal will be placed at 80256100 (length = C bytes)
$ASCII_pit_75_Literal will be placed at 8025610C (length = C bytes)
$ASCII_pit_32_Literal will be placed at 80256118 (length = C bytes)
$ASCII_pit_17_Literal will be placed at 80256124 (length = C bytes)
$ASCII_pit_49_Literal will be placed at 80256130 (length = C bytes)
$ASCII_pit_96_Literal will be placed at 8025613C (length = C bytes)
$ASCII_pit_68_Literal will be placed at 80256148 (length = C bytes)
$ASCII_pit_51_Literal will be placed at 80256154 (length = C bytes)
$ASCII_pit_04_Literal will be placed at 80256160 (length = C bytes)
$ASCII_pit_83_Literal will be placed at 8025616C (length = C bytes)
$ASCII_pit_86_Literal will be placed at 80256178 (length = C bytes)
$ASCII_pit_14_Literal will be placed at 80256184 (length = C bytes)
$ASCII_pit_93_Literal will be placed at 80256190 (length = C bytes)
$ASCII_pit_65_Literal will be placed at 8025619C (length = C bytes)
$ASCII_pit_07_Literal will be placed at 802561A8 (length = C bytes)
$ASCII_pit_35_Literal will be placed at 802561B4 (length = C bytes)
$ASCII_pit_11_Literal will be placed at 802561C0 (length = C bytes)
$ASCII_pit_89_Literal will be placed at 802561CC (length = C bytes)
$ASCII_pit_79_Literal will be placed at 802561D8 (length = C bytes)
$ASCII_pit_62_Literal will be placed at 802561E4 (length = C bytes)
$Init3-BRowf will be placed at 802561F0 (length = C bytes)
$ASCII_pit_47_Literal will be placed at 802561FC (length = C bytes)
$ASCII_pit_06_Literal will be placed at 80256208 (length = C bytes)
$ASCII_pit_24_Literal will be placed at 80256214 (length = C bytes)
$ASCII_pit_12_Literal will be placed at 80256220 (length = C bytes)
$ASCII_pit_01_Literal will be placed at 8025622C (length = C bytes)
$PartnerImage3 will be placed at 80256238 (length = C bytes)
$PartnerImage6 will be placed at 80256244 (length = C bytes)
$ASCII_pit_50_Literal will be placed at 80256250 (length = C bytes)
$PartnerImage1 will be placed at 8025625C (length = C bytes)
$ASCII_pit_67_Literal will be placed at 80256268 (length = C bytes)
$ASCII_pit_42_Literal will be placed at 80256274 (length = C bytes)
$PartnerImage7 will be placed at 80256280 (length = C bytes)
$ASCII_pit_80_Literal will be placed at 8025628C (length = C bytes)
$ASCII_pit_29_Literal will be placed at 80256298 (length = C bytes)
$ASCII_pit_30_Literal will be placed at 802562A4 (length = C bytes)
$ASCII_pit_00_Literal will be placed at 802562B0 (length = C bytes)
$ASCII_pit_36_Literal will be placed at 802562BC (length = C bytes)
$ASCII_pit_55_Literal will be placed at 802562C8 (length = C bytes)
$ASCII_pit_18_Literal will be placed at 802562D4 (length = C bytes)
$ASCII_pit_48_Literal will be placed at 802562E0 (length = C bytes)
$ASCII_pit_31_Literal will be placed at 802562EC (length = C bytes)
$ASCII_pit_91_Literal will be placed at 802562F8 (length = C bytes)
$ASCII_pit_97_Literal will be placed at 80256304 (length = C bytes)
$ASCII_pit_85_Literal will be placed at 80256310 (length = C bytes)
$ASCII_pit_73_Literal will be placed at 8025631C (length = C bytes)
$ASCII_pit_61_Literal will be placed at 80256328 (length = C bytes)
$ASCII_pit_100_Literal will be placed at 80256334 (length = 8 bytes)
$ASCII_pit_842_Literal will be placed at 8025633C (length = 8 bytes)
$ASCII_tik_tex_Literal will be placed at 80256344 (length = 8 bytes)
$No-BRowf will be placed at 8025634C (length = 4 bytes)
Executing patch: pit_41.mpat
Loaded map pit_41
Creating struct: $EntryList
Creating struct: $DeepestLevel
Creating struct: $TotalLevels
Creating struct: $LoadHighscores
Creating struct: $FallingDownPipe
Creating struct: $Function_GetPos
Creating struct: $Function2
Creating struct: $SetSpawns
Creating struct: $Script_SetNPCPos
Creating struct: $SwitchPath
Creating struct: $VectorList_80244998
Creating struct: $GetPos
Creating struct: $Function_GetDamageTaken
Creating struct: $Function_ResetDamage
Creating struct: $DispawnParthner
Creating struct: $RespawnParthner
Creating struct: $LoadMap
Creating struct: $Script_LoadMapMover_Roguelike
Creating struct: $GetFloor
Creating struct: $LoadCoinsMover
Creating struct: $LoadMapBandit
Creating struct: $GetFloorBandit
Creating struct: $Script_Init_80243B20
Creating struct: $Script_80243A6C
Creating struct: $Script_AddCoins
Creating struct: $Script_SubstractCoins
Creating struct: $NPC_Settings_Sack
Creating struct: $Script_Init_Bag
Creating struct: $Script_Init_Bag_HitBox
Creating struct: $Script_NPC_SackHit_Init
Creating struct: $Script_NPC_Sack_FX
Creating struct: $NPC_Sack_AnimationStart
Creating struct: $NPC_Sack_AnimationEnd
Creating struct: $Script_SackAnimation_Start_GoToTheRight
Creating struct: $Script_SackAnimation_Start_GoToTheLeft
Creating struct: $Script_SackAnimation_End_Right
Creating struct: $Script_SackAnimation_End_Left
Creating struct: $Function_LoadGainedCoins
Creating struct: $Function_RevivePlayer
Creating struct: $AISettings_MoneySack
Creating struct: $Script_NpcAI_MoneySack
Creating struct: $JumpTable_80242448
Creating struct: $Function_NpcAI_MoneySack
Creating struct: $Function_80240260
Creating struct: $Function_80240844
Creating struct: $Function_802409A8
Creating struct: $Script_TrackPlayer
Creating struct: $Script_PipeAnimation
Creating struct: $Function_SetAnimation
Creating struct: $Function_GetColliderPos
Creating struct: $Function_TrackInput
Creating struct: $GoToNextLevel
Creating struct: $GoToNextLevel_Roguelike
Creating struct: $Script_SetSetsOfLevels
Creating struct: $Script_LoadMap_Roguelike
Creating struct: $Script_LoadChestMap_Roguelike
Creating struct: $Script_LoadMap_Mover_Roguelike
Creating struct: $Script_LoadChestMap_Mover_Roguelike
Creating struct: $GetFloorPit
Creating struct: $GetFloorSign
Creating struct: $Function_GetTattle1
Creating struct: $Function_GetTattle2
Creating struct: $Script_ReadSign
Creating struct: $Header
Creating struct: $Function_Init
Creating struct: $Script_Main
Creating struct: $NpcGroups
Creating struct: $NpcGroup_Mover
Creating struct: $BlankSettings
Creating struct: $Script_Init_Mover
Creating struct: $Interact_Mover
Creating struct: $Script_MoverWarpAnimation
Creating struct: $NpcGroup_BanditMover
Creating struct: $Script_Init_BanditMover
Creating struct: $Interact_BanditMover
Creating struct: $ExtraAnimationList_80245124
Creating struct: $NpcGroup_Enemy1
Creating struct: $NpcGroup_Enemy2
Creating struct: $NpcGroup_Enemy3
Creating struct: $NpcGroup_Enemy4
Creating struct: $NpcGroup_Enemy5
Creating struct: $NpcGroup_Enemy6
Creating struct: $NpcSettings_Enemy1
Creating struct: $Script_EnemyAI
Creating struct: $AISettings_Enemy
Creating struct: $JumpTable_80247C28
Creating struct: $JumpTable_80247A78
Creating struct: $ConstDouble_80247A90
Creating struct: $Function_8024219C
Creating struct: $Function_80241AD4
Creating struct: $Function_802416B8
Creating struct: $Function_80241708
Creating struct: $Function_802418CC
Creating struct: $Function_80241938
Creating struct: $Function_802419A8
Creating struct: $Function_80241A80
Creating struct: $Script_DisableEnemyAI
Creating struct: $AISettings_DisableEnemy
Creating struct: $PipeSpawning
Creating struct: $Script_MakeEntities
Creating struct: $CommingDownPipe
Creating struct: $Script_MakeExits
Creating struct: $Script_Exit0
Merged 1 regions to 1
$Script_LoadMap_Mover_Roguelike will be placed at 80240000 (length = F14 bytes)
$LoadMap will be placed at 80240F14 (length = EF4 bytes)
$Script_ReadSign will be placed at 80241E08 (length = EEC bytes)
$LoadMapBandit will be placed at 80242CF4 (length = EA4 bytes)
$Script_LoadMap_Roguelike will be placed at 80243B98 (length = D9C bytes)
$GoToNextLevel will be placed at 80244934 (length = D10 bytes)
$GoToNextLevel_Roguelike will be placed at 80245644 (length = 868 bytes)
$Function_80240260 will be placed at 80245EAC (length = 5E4 bytes)
$SetSpawns will be placed at 80246490 (length = 384 bytes)
$FallingDownPipe will be placed at 80246814 (length = 37C bytes)
$Script_SetSetsOfLevels will be placed at 80246B90 (length = 358 bytes)
$Script_SetNPCPos will be placed at 80246EE8 (length = 2F4 bytes)
$Function_8024219C will be placed at 802471DC (length = 2B4 bytes)
$Function_NpcAI_MoneySack will be placed at 80247490 (length = 238 bytes)
$Script_SackAnimation_Start_GoToTheRight will be placed at 802476C8 (length = 230 bytes)
$Script_SackAnimation_Start_GoToTheLeft will be placed at 802478F8 (length = 1F8 bytes)
$Interact_Mover will be placed at 80247AF0 (length = 1F8 bytes)
$NpcGroup_Enemy3 will be placed at 80247CE8 (length = 1F0 bytes)
$NpcGroup_Enemy4 will be placed at 80247ED8 (length = 1F0 bytes)
$NpcGroup_Enemy5 will be placed at 802480C8 (length = 1F0 bytes)
$NpcGroup_Enemy6 will be placed at 802482B8 (length = 1F0 bytes)
$NpcGroup_Enemy1 will be placed at 802484A8 (length = 1F0 bytes)
$NpcGroup_Enemy2 will be placed at 80248698 (length = 1F0 bytes)
$NpcGroup_Mover will be placed at 80248888 (length = 1F0 bytes)
$NpcGroup_BanditMover will be placed at 80248A78 (length = 1F0 bytes)
$Interact_BanditMover will be placed at 80248C68 (length = 1EC bytes)
$Script_PipeAnimation will be placed at 80248E54 (length = 1D0 bytes)
$Function_80241708 will be placed at 80249024 (length = 1C4 bytes)
$Function_80241AD4 will be placed at 802491E8 (length = 1AC bytes)
$JumpTable_80247C28 will be placed at 80249394 (length = 190 bytes)
$JumpTable_80242448 will be placed at 80249524 (length = 190 bytes)
$Script_LoadChestMap_Mover_Roguelike will be placed at 802496B4 (length = 18C bytes)
$PipeSpawning will be placed at 80249840 (length = 178 bytes)
$NPC_Sack_AnimationStart will be placed at 802499B8 (length = 168 bytes)
$Function_80240844 will be placed at 80249B20 (length = 164 bytes)
$Script_LoadChestMap_Roguelike will be placed at 80249C84 (length = 164 bytes)
$Script_NPC_SackHit_Init will be placed at 80249DE8 (length = 160 bytes)
$Script_SackAnimation_End_Right will be placed at 80249F48 (length = 158 bytes)
$Script_SackAnimation_End_Left will be placed at 8024A0A0 (length = 150 bytes)
$MapTattle5 will be placed at 8024A1F0 (length = 13C bytes)
$MapTattle4 will be placed at 8024A32C (length = 130 bytes)
$GetFloor will be placed at 8024A45C (length = 12C bytes)
$BanditMover_Tattle will be placed at 8024A588 (length = 124 bytes)
$Script_Main will be placed at 8024A6AC (length = 120 bytes)
$Script_80243A6C will be placed at 8024A7CC (length = 114 bytes)
$Script_SubstractCoins will be placed at 8024A8E0 (length = 10C bytes)
$Script_LoadMapMover_Roguelike will be placed at 8024A9EC (length = 104 bytes)
$GetFloorBandit will be placed at 8024AAF0 (length = F4 bytes)
$Script_MoverWarpAnimation will be placed at 8024ABE4 (length = F0 bytes)
$Function_GetColliderPos will be placed at 8024ACD4 (length = E0 bytes)
$Function_GetPos will be placed at 8024ADB4 (length = E0 bytes)
$Script_TrackPlayer will be placed at 8024AE94 (length = DC bytes)
$Function_802419A8 will be placed at 8024AF70 (length = D8 bytes)
$MapTattle2 will be placed at 8024B048 (length = D4 bytes)
$Function_TrackInput will be placed at 8024B11C (length = BC bytes)
$MapTattle3 will be placed at 8024B1D8 (length = B0 bytes)
$Script_MakeEntities will be placed at 8024B288 (length = A8 bytes)
$MapTattle1 will be placed at 8024B330 (length = A8 bytes)
$Script_NpcAI_MoneySack will be placed at 8024B3D8 (length = A8 bytes)
$MoverStart will be placed at 8024B480 (length = A4 bytes)
$SwitchPath will be placed at 8024B524 (length = A4 bytes)
$Script_NPC_Sack_FX will be placed at 8024B5C8 (length = A4 bytes)
$GetPos will be placed at 8024B66C (length = 9C bytes)
$Script_AddCoins will be placed at 8024B708 (length = 98 bytes)
$BanditMoverStart will be placed at 8024B7A0 (length = 98 bytes)
$Mover_Tattle will be placed at 8024B838 (length = 94 bytes)
$Function_GetTattle1 will be placed at 8024B8CC (length = 8C bytes)
$NPC_Sack_AnimationEnd will be placed at 8024B958 (length = 84 bytes)
$BanditMover_Options will be placed at 8024B9DC (length = 80 bytes)
$SignStringBug will be placed at 8024BA5C (length = 7C bytes)
$LoadHighscores will be placed at 8024BAD8 (length = 7C bytes)
$Mover_Options will be placed at 8024BB54 (length = 78 bytes)
$Function_80241938 will be placed at 8024BBCC (length = 70 bytes)
$Script_EnemyAI will be placed at 8024BC3C (length = 70 bytes)
$NpcGroups will be placed at 8024BCAC (length = 6C bytes)
$Function_802418CC will be placed at 8024BD18 (length = 6C bytes)
$DeepestLevel will be placed at 8024BD84 (length = 6C bytes)
$Function2 will be placed at 8024BDF0 (length = 6C bytes)
$LoadCoinsMover will be placed at 8024BE5C (length = 6C bytes)
$Function_SetAnimation will be placed at 8024BEC8 (length = 6C bytes)
$GetFloorPit will be placed at 8024BF34 (length = 68 bytes)
$MoverEnd will be placed at 8024BF9C (length = 68 bytes)
$BanditMoverEnd will be placed at 8024C004 (length = 68 bytes)
$GetFloorSign will be placed at 8024C06C (length = 64 bytes)
$BanditMoverNoCoins will be placed at 8024C0D0 (length = 58 bytes)
$MoverNoCoins will be placed at 8024C128 (length = 58 bytes)
$Function_80241A80 will be placed at 8024C180 (length = 54 bytes)
$Function_802416B8 will be placed at 8024C1D4 (length = 50 bytes)
$Function_GetTattle2 will be placed at 8024C224 (length = 48 bytes)
$CommingDownPipe will be placed at 8024C26C (length = 48 bytes)
$Script_Exit0 will be placed at 8024C2B4 (length = 48 bytes)
$Function_LoadGainedCoins will be placed at 8024C2FC (length = 48 bytes)
$Function_Init will be placed at 8024C344 (length = 44 bytes)
$Function_802409A8 will be placed at 8024C388 (length = 44 bytes)
$Header will be placed at 8024C3CC (length = 40 bytes)
$Script_Init_Bag will be placed at 8024C40C (length = 38 bytes)
$TotalLevels will be placed at 8024C444 (length = 38 bytes)
$Script_Init_Bag_HitBox will be placed at 8024C47C (length = 38 bytes)
$DispawnParthner will be placed at 8024C4B4 (length = 34 bytes)
$Function_ResetDamage will be placed at 8024C4E8 (length = 34 bytes)
$AISettings_MoneySack will be placed at 8024C51C (length = 30 bytes)
$AISettings_Enemy will be placed at 8024C54C (length = 30 bytes)
$AISettings_DisableEnemy will be placed at 8024C57C (length = 30 bytes)
$RespawnParthner will be placed at 8024C5AC (length = 30 bytes)
$NPC_Settings_Sack will be placed at 8024C5DC (length = 2C bytes)
$Function_GetDamageTaken will be placed at 8024C608 (length = 2C bytes)
$NpcSettings_Enemy1 will be placed at 8024C634 (length = 2C bytes)
$Function_RevivePlayer will be placed at 8024C660 (length = 2C bytes)
$String_CoinsGained will be placed at 8024C68C (length = 2C bytes)
$BlankSettings will be placed at 8024C6B8 (length = 2C bytes)
$Script_MakeExits will be placed at 8024C6E4 (length = 2C bytes)
$ExtraAnimationList_80245124 will be placed at 8024C710 (length = 28 bytes)
$VectorList_80244998 will be placed at 8024C738 (length = 24 bytes)
$Script_Init_80243B20 will be placed at 8024C75C (length = 24 bytes)
$Script_Init_Mover will be placed at 8024C780 (length = 24 bytes)
$Script_Init_BanditMover will be placed at 8024C7A4 (length = 24 bytes)
$Script_DisableEnemyAI will be placed at 8024C7C8 (length = 20 bytes)
$EntryList will be placed at 8024C7E8 (length = 20 bytes)
$SignString100 will be placed at 8024C808 (length = 18 bytes)
$JumpTable_80247A78 will be placed at 8024C820 (length = 18 bytes)
$SignString1 will be placed at 8024C838 (length = 14 bytes)
$SignString99 will be placed at 8024C84C (length = 14 bytes)
$SignString98 will be placed at 8024C860 (length = 14 bytes)
$SignString97 will be placed at 8024C874 (length = 14 bytes)
$SignString96 will be placed at 8024C888 (length = 14 bytes)
$SignString95 will be placed at 8024C89C (length = 14 bytes)
$SignString94 will be placed at 8024C8B0 (length = 14 bytes)
$SignString93 will be placed at 8024C8C4 (length = 14 bytes)
$SignString92 will be placed at 8024C8D8 (length = 14 bytes)
$SignString91 will be placed at 8024C8EC (length = 14 bytes)
$SignString90 will be placed at 8024C900 (length = 14 bytes)
$SignString59 will be placed at 8024C914 (length = 14 bytes)
$SignString58 will be placed at 8024C928 (length = 14 bytes)
$SignString57 will be placed at 8024C93C (length = 14 bytes)
$SignString56 will be placed at 8024C950 (length = 14 bytes)
$SignString55 will be placed at 8024C964 (length = 14 bytes)
$SignString54 will be placed at 8024C978 (length = 14 bytes)
$SignString53 will be placed at 8024C98C (length = 14 bytes)
$SignString52 will be placed at 8024C9A0 (length = 14 bytes)
$SignString51 will be placed at 8024C9B4 (length = 14 bytes)
$SignString50 will be placed at 8024C9C8 (length = 14 bytes)
$SignString69 will be placed at 8024C9DC (length = 14 bytes)
$SignString68 will be placed at 8024C9F0 (length = 14 bytes)
$SignString67 will be placed at 8024CA04 (length = 14 bytes)
$SignString66 will be placed at 8024CA18 (length = 14 bytes)
$SignString65 will be placed at 8024CA2C (length = 14 bytes)
$SignString64 will be placed at 8024CA40 (length = 14 bytes)
$SignString63 will be placed at 8024CA54 (length = 14 bytes)
$SignString62 will be placed at 8024CA68 (length = 14 bytes)
$SignString61 will be placed at 8024CA7C (length = 14 bytes)
$SignString60 will be placed at 8024CA90 (length = 14 bytes)
$SignString79 will be placed at 8024CAA4 (length = 14 bytes)
$SignString78 will be placed at 8024CAB8 (length = 14 bytes)
$SignString77 will be placed at 8024CACC (length = 14 bytes)
$SignString76 will be placed at 8024CAE0 (length = 14 bytes)
$SignString75 will be placed at 8024CAF4 (length = 14 bytes)
$SignString74 will be placed at 8024CB08 (length = 14 bytes)
$SignString73 will be placed at 8024CB1C (length = 14 bytes)
$SignString72 will be placed at 8024CB30 (length = 14 bytes)
$SignString71 will be placed at 8024CB44 (length = 14 bytes)
$SignString70 will be placed at 8024CB58 (length = 14 bytes)
$SignString89 will be placed at 8024CB6C (length = 14 bytes)
$SignString88 will be placed at 8024CB80 (length = 14 bytes)
$SignString87 will be placed at 8024CB94 (length = 14 bytes)
$SignString86 will be placed at 8024CBA8 (length = 14 bytes)
$SignString85 will be placed at 8024CBBC (length = 14 bytes)
$SignString84 will be placed at 8024CBD0 (length = 14 bytes)
$SignString83 will be placed at 8024CBE4 (length = 14 bytes)
$SignString82 will be placed at 8024CBF8 (length = 14 bytes)
$SignString81 will be placed at 8024CC0C (length = 14 bytes)
$SignString80 will be placed at 8024CC20 (length = 14 bytes)
$SignString19 will be placed at 8024CC34 (length = 14 bytes)
$SignString18 will be placed at 8024CC48 (length = 14 bytes)
$SignString17 will be placed at 8024CC5C (length = 14 bytes)
$SignString16 will be placed at 8024CC70 (length = 14 bytes)
$SignString15 will be placed at 8024CC84 (length = 14 bytes)
$SignString14 will be placed at 8024CC98 (length = 14 bytes)
$SignString13 will be placed at 8024CCAC (length = 14 bytes)
$SignString12 will be placed at 8024CCC0 (length = 14 bytes)
$SignString11 will be placed at 8024CCD4 (length = 14 bytes)
$SignString10 will be placed at 8024CCE8 (length = 14 bytes)
$SignString3 will be placed at 8024CCFC (length = 14 bytes)
$SignString2 will be placed at 8024CD10 (length = 14 bytes)
$SignString5 will be placed at 8024CD24 (length = 14 bytes)
$SignString4 will be placed at 8024CD38 (length = 14 bytes)
$SignString7 will be placed at 8024CD4C (length = 14 bytes)
$SignString6 will be placed at 8024CD60 (length = 14 bytes)
$SignString9 will be placed at 8024CD74 (length = 14 bytes)
$SignString8 will be placed at 8024CD88 (length = 14 bytes)
$SignString29 will be placed at 8024CD9C (length = 14 bytes)
$SignString28 will be placed at 8024CDB0 (length = 14 bytes)
$SignString27 will be placed at 8024CDC4 (length = 14 bytes)
$SignString26 will be placed at 8024CDD8 (length = 14 bytes)
$SignString25 will be placed at 8024CDEC (length = 14 bytes)
$SignString24 will be placed at 8024CE00 (length = 14 bytes)
$SignString23 will be placed at 8024CE14 (length = 14 bytes)
$SignString22 will be placed at 8024CE28 (length = 14 bytes)
$SignString21 will be placed at 8024CE3C (length = 14 bytes)
$SignString20 will be placed at 8024CE50 (length = 14 bytes)
$SignString will be placed at 8024CE64 (length = 14 bytes)
$SignString39 will be placed at 8024CE78 (length = 14 bytes)
$SignString38 will be placed at 8024CE8C (length = 14 bytes)
$SignString37 will be placed at 8024CEA0 (length = 14 bytes)
$SignString36 will be placed at 8024CEB4 (length = 14 bytes)
$SignString35 will be placed at 8024CEC8 (length = 14 bytes)
$SignString34 will be placed at 8024CEDC (length = 14 bytes)
$SignString33 will be placed at 8024CEF0 (length = 14 bytes)
$SignString32 will be placed at 8024CF04 (length = 14 bytes)
$SignString31 will be placed at 8024CF18 (length = 14 bytes)
$SignString30 will be placed at 8024CF2C (length = 14 bytes)
$SignString49 will be placed at 8024CF40 (length = 14 bytes)
$SignString48 will be placed at 8024CF54 (length = 14 bytes)
$SignString47 will be placed at 8024CF68 (length = 14 bytes)
$SignString46 will be placed at 8024CF7C (length = 14 bytes)
$SignString45 will be placed at 8024CF90 (length = 14 bytes)
$SignString44 will be placed at 8024CFA4 (length = 14 bytes)
$SignString43 will be placed at 8024CFB8 (length = 14 bytes)
$SignString42 will be placed at 8024CFCC (length = 14 bytes)
$SignString41 will be placed at 8024CFE0 (length = 14 bytes)
$SignString40 will be placed at 8024CFF4 (length = 14 bytes)
$ASCII_pit_02_Literal will be placed at 8024D008 (length = C bytes)
$ASCII_pit_90_Literal will be placed at 8024D014 (length = C bytes)
$ASCII_pit_34_Literal will be placed at 8024D020 (length = C bytes)
$ASCII_pit_66_Literal will be placed at 8024D02C (length = C bytes)
$ASCII_pit_98_Literal will be placed at 8024D038 (length = C bytes)
$ASCII_pit_19_Literal will be placed at 8024D044 (length = C bytes)
$ASCII_pit_57_Literal will be placed at 8024D050 (length = C bytes)
$ASCII_pit_69_Literal will be placed at 8024D05C (length = C bytes)
$ASCII_pit_72_Literal will be placed at 8024D068 (length = C bytes)
$ASCII_pit_81_Literal will be placed at 8024D074 (length = C bytes)
$ASCII_pit_43_Literal will be placed at 8024D080 (length = C bytes)
$ASCII_pit_28_Literal will be placed at 8024D08C (length = C bytes)
$ASCII_pit_78_Literal will be placed at 8024D098 (length = C bytes)
$ASCII_pit_63_Literal will be placed at 8024D0A4 (length = C bytes)
$ASCII_pit_46_Literal will be placed at 8024D0B0 (length = C bytes)
$ASCII_pit_95_Literal will be placed at 8024D0BC (length = C bytes)
$ASCII_pit_16_Literal will be placed at 8024D0C8 (length = C bytes)
$ASCII_pit_37_Literal will be placed at 8024D0D4 (length = C bytes)
$ASCII_pit_22_Literal will be placed at 8024D0E0 (length = C bytes)
$ASCII_pit_05_Literal will be placed at 8024D0EC (length = C bytes)
$ASCII_pit_25_Literal will be placed at 8024D0F8 (length = C bytes)
$ASCII_pit_54_Literal will be placed at 8024D104 (length = C bytes)
$ASCII_pit_08_Literal will be placed at 8024D110 (length = C bytes)
$ASCII_pit_87_Literal will be placed at 8024D11C (length = C bytes)
$ASCII_pit_75_Literal will be placed at 8024D128 (length = C bytes)
$ASCII_pit_13_Literal will be placed at 8024D134 (length = C bytes)
$ASCII_pit_32_Literal will be placed at 8024D140 (length = C bytes)
$ASCII_pit_92_Literal will be placed at 8024D14C (length = C bytes)
$ASCII_pit_17_Literal will be placed at 8024D158 (length = C bytes)
$ASCII_pit_49_Literal will be placed at 8024D164 (length = C bytes)
$ASCII_pit_77_Literal will be placed at 8024D170 (length = C bytes)
$ASCII_pit_96_Literal will be placed at 8024D17C (length = C bytes)
$ASCII_pit_68_Literal will be placed at 8024D188 (length = C bytes)
$ASCII_pit_51_Literal will be placed at 8024D194 (length = C bytes)
$ASCII_pit_04_Literal will be placed at 8024D1A0 (length = C bytes)
$ASCII_pit_83_Literal will be placed at 8024D1AC (length = C bytes)
$ASCII_pit_86_Literal will be placed at 8024D1B8 (length = C bytes)
$ASCII_pit_26_Literal will be placed at 8024D1C4 (length = C bytes)
$ASCII_pit_41_Literal will be placed at 8024D1D0 (length = C bytes)
$ASCII_pit_14_Literal will be placed at 8024D1DC (length = C bytes)
$ASCII_pit_74_Literal will be placed at 8024D1E8 (length = C bytes)
$ASCII_pit_60_Literal will be placed at 8024D1F4 (length = C bytes)
$ASCII_pit_59_Literal will be placed at 8024D200 (length = C bytes)
$ASCII_pit_93_Literal will be placed at 8024D20C (length = C bytes)
$ASCII_pit_65_Literal will be placed at 8024D218 (length = C bytes)
$ASCII_pit_07_Literal will be placed at 8024D224 (length = C bytes)
$ASCII_pit_20_Literal will be placed at 8024D230 (length = C bytes)
$ASCII_pit_35_Literal will be placed at 8024D23C (length = C bytes)
$ASCII_pit_23_Literal will be placed at 8024D248 (length = C bytes)
$ASCII_pit_11_Literal will be placed at 8024D254 (length = C bytes)
$ASCII_pit_56_Literal will be placed at 8024D260 (length = C bytes)
$ASCII_pit_44_Literal will be placed at 8024D26C (length = C bytes)
$ASCII_pit_89_Literal will be placed at 8024D278 (length = C bytes)
$ASCII_pit_79_Literal will be placed at 8024D284 (length = C bytes)
$ASCII_pit_62_Literal will be placed at 8024D290 (length = C bytes)
$ASCII_pit_94_Literal will be placed at 8024D29C (length = C bytes)
$ASCII_pit_47_Literal will be placed at 8024D2A8 (length = C bytes)
$ASCII_pit_21_Literal will be placed at 8024D2B4 (length = C bytes)
$ASCII_pit_06_Literal will be placed at 8024D2C0 (length = C bytes)
$ASCII_pit_53_Literal will be placed at 8024D2CC (length = C bytes)
$ASCII_pit_09_Literal will be placed at 8024D2D8 (length = C bytes)
$ASCII_pit_88_Literal will be placed at 8024D2E4 (length = C bytes)
$ASCII_pit_38_Literal will be placed at 8024D2F0 (length = C bytes)
$ASCII_pit_24_Literal will be placed at 8024D2FC (length = C bytes)
$ASCII_pit_12_Literal will be placed at 8024D308 (length = C bytes)
$ASCII_pit_76_Literal will be placed at 8024D314 (length = C bytes)
$ASCII_pit_01_Literal will be placed at 8024D320 (length = C bytes)
$ASCII_pit_50_Literal will be placed at 8024D32C (length = C bytes)
$ASCII_pit_33_Literal will be placed at 8024D338 (length = C bytes)
$ASCII_pit_99_Literal will be placed at 8024D344 (length = C bytes)
$ASCII_pit_67_Literal will be placed at 8024D350 (length = C bytes)
$ASCII_pit_71_Literal will be placed at 8024D35C (length = C bytes)
$ASCII_pit_42_Literal will be placed at 8024D368 (length = C bytes)
$ASCII_pit_80_Literal will be placed at 8024D374 (length = C bytes)
$ASCII_pit_29_Literal will be placed at 8024D380 (length = C bytes)
$ASCII_pit_58_Literal will be placed at 8024D38C (length = C bytes)
$ASCII_pit_30_Literal will be placed at 8024D398 (length = C bytes)
$ASCII_pit_00_Literal will be placed at 8024D3A4 (length = C bytes)
$ASCII_pit_64_Literal will be placed at 8024D3B0 (length = C bytes)
$ASCII_pit_36_Literal will be placed at 8024D3BC (length = C bytes)
$ASCII_pit_55_Literal will be placed at 8024D3C8 (length = C bytes)
$ASCII_pit_10_Literal will be placed at 8024D3D4 (length = C bytes)
$ASCII_pit_45_Literal will be placed at 8024D3E0 (length = C bytes)
$ASCII_pit_18_Literal will be placed at 8024D3EC (length = C bytes)
$ASCII_pit_48_Literal will be placed at 8024D3F8 (length = C bytes)
$ASCII_pit_03_Literal will be placed at 8024D404 (length = C bytes)
$ASCII_pit_31_Literal will be placed at 8024D410 (length = C bytes)
$ASCII_pit_91_Literal will be placed at 8024D41C (length = C bytes)
$ASCII_pit_97_Literal will be placed at 8024D428 (length = C bytes)
$ASCII_pit_82_Literal will be placed at 8024D434 (length = C bytes)
$ASCII_pit_52_Literal will be placed at 8024D440 (length = C bytes)
$ASCII_pit_70_Literal will be placed at 8024D44C (length = C bytes)
$ASCII_pit_85_Literal will be placed at 8024D458 (length = C bytes)
$ASCII_pit_40_Literal will be placed at 8024D464 (length = C bytes)
$ASCII_pit_39_Literal will be placed at 8024D470 (length = C bytes)
$ASCII_pit_73_Literal will be placed at 8024D47C (length = C bytes)
$ASCII_pit_15_Literal will be placed at 8024D488 (length = C bytes)
$ASCII_pit_27_Literal will be placed at 8024D494 (length = C bytes)
$ASCII_pit_61_Literal will be placed at 8024D4A0 (length = C bytes)
$ConstDouble_80247A90 will be placed at 8024D4AC (length = 8 bytes)
$ASCII_pit_842_Literal will be placed at 8024D4B4 (length = 8 bytes)
$ASCII_pit_100_Literal will be placed at 8024D4BC (length = 8 bytes)
$ASCII_tik_tex_Literal will be placed at 8024D4C4 (length = 8 bytes)
$MoverCancel will be placed at 8024D4CC (length = 4 bytes)
$BanditMoverCancel will be placed at 8024D4D0 (length = 4 bytes)
Executing patch: pit_42.mpat
Loaded map pit_42
Creating struct: $EntryList
Creating struct: $DeepestLevel
Creating struct: $TotalLevels
Creating struct: $LoadHighscores
Creating struct: $FallingDownPipe
Creating struct: $Function_GetPos
Creating struct: $Function2
Creating struct: $SetSpawns
Creating struct: $Script_SetNPCPos
Creating struct: $SwitchPath
Creating struct: $VectorList_80244998
Creating struct: $GetPos
Creating struct: $Function_GetDamageTaken
Creating struct: $Function_ResetDamage
Creating struct: $DispawnParthner
Creating struct: $RespawnParthner
Creating struct: $LoadMap
Creating struct: $Script_LoadMapMover_Roguelike
Creating struct: $GetFloor
Creating struct: $LoadCoinsMover
Creating struct: $LoadMapBandit
Creating struct: $GetFloorBandit
Creating struct: $SetSpawnsSpecial
Creating struct: $Function_LoadCoinsInToVar1
Creating struct: $Script_SetSpawnPosition
Creating struct: $Script_Init_80243B20
Creating struct: $Script_80243A6C
Creating struct: $Script_AddCoins
Creating struct: $Script_SubstractCoins
Creating struct: $NPC_Settings_Sack
Creating struct: $Script_Init_Bag
Creating struct: $Script_Init_Bag_HitBox
Creating struct: $Script_NPC_SackHit_Init
Creating struct: $Script_NPC_Sack_FX
Creating struct: $NPC_Sack_AnimationStart
Creating struct: $NPC_Sack_AnimationEnd
Creating struct: $Script_SackAnimation_Start_GoToTheRight
Creating struct: $Script_SackAnimation_Start_GoToTheLeft
Creating struct: $Script_SackAnimation_End_Right
Creating struct: $Script_SackAnimation_End_Left
Creating struct: $Function_LoadGainedCoins
Creating struct: $Function_RevivePlayer
Creating struct: $AISettings_MoneySack
Creating struct: $Script_NpcAI_MoneySack
Creating struct: $JumpTable_80242448
Creating struct: $Function_NpcAI_MoneySack
Creating struct: $Function_80240260
Creating struct: $Function_80240844
Creating struct: $Function_802409A8
Creating struct: $Script_TrackPlayer
Creating struct: $Script_PipeAnimation
Creating struct: $Function_SetAnimation
Creating struct: $Function_GetColliderPos
Creating struct: $Function_TrackInput
Creating struct: $GoToNextLevel
Creating struct: $GoToNextLevel_Roguelike
Creating struct: $Script_SetSetsOfLevels
Creating struct: $Script_LoadMap_Roguelike
Creating struct: $Script_LoadChestMap_Roguelike
Creating struct: $Script_LoadMap_Mover_Roguelike
Creating struct: $Script_LoadChestMap_Mover_Roguelike
Creating struct: $GetFloorPit
Creating struct: $GetFloorSign
Creating struct: $Function_GetTattle1
Creating struct: $Function_GetTattle2
Creating struct: $Script_ReadSign
Creating struct: $Header
Creating struct: $Function_Init
Creating struct: $Script_Main
Creating struct: $NpcGroup1
Creating struct: $NpcGroup2
Creating struct: $NpcGroup3
Creating struct: $NpcGroup4
Creating struct: $NpcGroup5
Creating struct: $NpcGroup6
Creating struct: $NpcGroup7
Creating struct: $NpcGroups
Creating struct: $NpcGroup_Mover
Creating struct: $BlankSettings
Creating struct: $Script_Init_Mover
Creating struct: $Interact_Mover
Creating struct: $Script_MoverWarpAnimation
Creating struct: $NpcGroup_BanditMover
Creating struct: $Script_Init_BanditMover
Creating struct: $Interact_BanditMover
Creating struct: $NpcGroup_Enemy1
Creating struct: $NpcGroup_Enemy2
Creating struct: $NpcGroup_Enemy3
Creating struct: $NpcGroup_Enemy4
Creating struct: $NpcGroup_Enemy5
Creating struct: $NpcGroup_Enemy6
Creating struct: $ConstDouble_802473D8
Creating struct: $ConstDouble_802473E0
Creating struct: $ConstDouble_802473E8
Creating struct: $ConstDouble_802473F0
Creating struct: $ConstDouble_802473F8
Creating struct: $ConstDouble_80247400
Creating struct: $NpcSettings_Enemy1
Creating struct: $NpcSettings_Enemy1B
Creating struct: $Script_EnemyAI
Creating struct: $Script_EnemyAIB
Creating struct: $AISettings_Enemy
Creating struct: $Function_80240FB4
Creating struct: $Function_8024234C
Creating struct: $Function_802414C8
Creating struct: $Function_80241534
Creating struct: $Function_80241630
Creating struct: $Function_80242070
Creating struct: $Function_80242100
Creating struct: $Function_80242200
Creating struct: $Function_80242260
Creating struct: $PipeSpawning
Creating struct: $Script_MakeEntities
Creating struct: $CommingDownPipe
Creating struct: $Script_MakeExits
Creating struct: $Script_Exit0
Merged 1 regions to 1
$Script_LoadMap_Mover_Roguelike will be placed at 80240000 (length = F14 bytes)
$LoadMap will be placed at 80240F14 (length = EF4 bytes)
$Script_ReadSign will be placed at 80241E08 (length = EEC bytes)
$LoadMapBandit will be placed at 80242CF4 (length = EA4 bytes)
$Script_LoadMap_Roguelike will be placed at 80243B98 (length = D9C bytes)
$GoToNextLevel will be placed at 80244934 (length = D10 bytes)
$Function_80241630 will be placed at 80245644 (length = A10 bytes)
$GoToNextLevel_Roguelike will be placed at 80246054 (length = 868 bytes)
$SetSpawnsSpecial will be placed at 802468BC (length = 608 bytes)
$Function_80240260 will be placed at 80246EC4 (length = 5E4 bytes)
$NpcGroup_Enemy3 will be placed at 802474A8 (length = 3E0 bytes)
$NpcGroup_Enemy4 will be placed at 80247888 (length = 3E0 bytes)
$NpcGroup_Enemy5 will be placed at 80247C68 (length = 3E0 bytes)
$NpcGroup_Enemy6 will be placed at 80248048 (length = 3E0 bytes)
$NpcGroup_Enemy1 will be placed at 80248428 (length = 3E0 bytes)
$NpcGroup_Enemy2 will be placed at 80248808 (length = 3E0 bytes)
$SetSpawns will be placed at 80248BE8 (length = 384 bytes)
$FallingDownPipe will be placed at 80248F6C (length = 37C bytes)
$Script_SetSetsOfLevels will be placed at 802492E8 (length = 358 bytes)
$Script_SetNPCPos will be placed at 80249640 (length = 2F4 bytes)
$Function_80240FB4 will be placed at 80249934 (length = 260 bytes)
$Function_8024234C will be placed at 80249B94 (length = 250 bytes)
$Function_NpcAI_MoneySack will be placed at 80249DE4 (length = 238 bytes)
$Script_SetSpawnPosition will be placed at 8024A01C (length = 234 bytes)
$Script_SackAnimation_Start_GoToTheRight will be placed at 8024A250 (length = 230 bytes)
$Script_SackAnimation_Start_GoToTheLeft will be placed at 8024A480 (length = 1F8 bytes)
$Interact_Mover will be placed at 8024A678 (length = 1F8 bytes)
$NpcGroup_Mover will be placed at 8024A870 (length = 1F0 bytes)
$NpcGroup_BanditMover will be placed at 8024AA60 (length = 1F0 bytes)
$Interact_BanditMover will be placed at 8024AC50 (length = 1EC bytes)
$Script_PipeAnimation will be placed at 8024AE3C (length = 1D0 bytes)
$Script_Main will be placed at 8024B00C (length = 1C4 bytes)
$JumpTable_80242448 will be placed at 8024B1D0 (length = 190 bytes)
$Script_LoadChestMap_Mover_Roguelike will be placed at 8024B360 (length = 18C bytes)
$PipeSpawning will be placed at 8024B4EC (length = 178 bytes)
$NPC_Sack_AnimationStart will be placed at 8024B664 (length = 168 bytes)
$Function_80240844 will be placed at 8024B7CC (length = 164 bytes)
$Script_LoadChestMap_Roguelike will be placed at 8024B930 (length = 164 bytes)
$Script_NPC_SackHit_Init will be placed at 8024BA94 (length = 160 bytes)
$Script_SackAnimation_End_Right will be placed at 8024BBF4 (length = 158 bytes)
$Script_SackAnimation_End_Left will be placed at 8024BD4C (length = 150 bytes)
$MapTattle5 will be placed at 8024BE9C (length = 13C bytes)
$MapTattle4 will be placed at 8024BFD8 (length = 130 bytes)
$GetFloor will be placed at 8024C108 (length = 12C bytes)
$BanditMover_Tattle will be placed at 8024C234 (length = 124 bytes)
$Script_80243A6C will be placed at 8024C358 (length = 114 bytes)
$Script_SubstractCoins will be placed at 8024C46C (length = 10C bytes)
$Function_80242100 will be placed at 8024C578 (length = 104 bytes)
$Script_LoadMapMover_Roguelike will be placed at 8024C67C (length = 104 bytes)
$Function_80241534 will be placed at 8024C780 (length = FC bytes)
$GetFloorBandit will be placed at 8024C87C (length = F4 bytes)
$Script_MoverWarpAnimation will be placed at 8024C970 (length = F0 bytes)
$Function_80242260 will be placed at 8024CA60 (length = EC bytes)
$Function_GetColliderPos will be placed at 8024CB4C (length = E0 bytes)
$Function_GetPos will be placed at 8024CC2C (length = E0 bytes)
$Script_TrackPlayer will be placed at 8024CD0C (length = DC bytes)
$MapTattle2 will be placed at 8024CDE8 (length = D4 bytes)
$Script_EnemyAI will be placed at 8024CEBC (length = D4 bytes)
$Function_TrackInput will be placed at 8024CF90 (length = BC bytes)
$MapTattle3 will be placed at 8024D04C (length = B0 bytes)
$Script_MakeEntities will be placed at 8024D0FC (length = A8 bytes)
$MapTattle1 will be placed at 8024D1A4 (length = A8 bytes)
$Script_NpcAI_MoneySack will be placed at 8024D24C (length = A8 bytes)
$MoverStart will be placed at 8024D2F4 (length = A4 bytes)
$SwitchPath will be placed at 8024D398 (length = A4 bytes)
$Script_NPC_Sack_FX will be placed at 8024D43C (length = A4 bytes)
$GetPos will be placed at 8024D4E0 (length = 9C bytes)
$Script_AddCoins will be placed at 8024D57C (length = 98 bytes)
$BanditMoverStart will be placed at 8024D614 (length = 98 bytes)
$Mover_Tattle will be placed at 8024D6AC (length = 94 bytes)
$Function_80242070 will be placed at 8024D740 (length = 90 bytes)
$Function_GetTattle1 will be placed at 8024D7D0 (length = 8C bytes)
$NPC_Sack_AnimationEnd will be placed at 8024D85C (length = 84 bytes)
$BanditMover_Options will be placed at 8024D8E0 (length = 80 bytes)
$Script_EnemyAIB will be placed at 8024D960 (length = 80 bytes)
$SignStringBug will be placed at 8024D9E0 (length = 7C bytes)
$LoadHighscores will be placed at 8024DA5C (length = 7C bytes)
$Mover_Options will be placed at 8024DAD8 (length = 78 bytes)
$NpcGroups will be placed at 8024DB50 (length = 6C bytes)
$DeepestLevel will be placed at 8024DBBC (length = 6C bytes)
$Function2 will be placed at 8024DC28 (length = 6C bytes)
$Function_802414C8 will be placed at 8024DC94 (length = 6C bytes)
$LoadCoinsMover will be placed at 8024DD00 (length = 6C bytes)
$Function_SetAnimation will be placed at 8024DD6C (length = 6C bytes)
$GetFloorPit will be placed at 8024DDD8 (length = 68 bytes)
$MoverEnd will be placed at 8024DE40 (length = 68 bytes)
$BanditMoverEnd will be placed at 8024DEA8 (length = 68 bytes)
$GetFloorSign will be placed at 8024DF10 (length = 64 bytes)
$Function_80242200 will be placed at 8024DF74 (length = 60 bytes)
$BanditMoverNoCoins will be placed at 8024DFD4 (length = 58 bytes)
$MoverNoCoins will be placed at 8024E02C (length = 58 bytes)
$Function_GetTattle2 will be placed at 8024E084 (length = 48 bytes)
$CommingDownPipe will be placed at 8024E0CC (length = 48 bytes)
$Script_Exit0 will be placed at 8024E114 (length = 48 bytes)
$Function_LoadCoinsInToVar1 will be placed at 8024E15C (length = 48 bytes)
$Function_LoadGainedCoins will be placed at 8024E1A4 (length = 48 bytes)
$Function_Init will be placed at 8024E1EC (length = 44 bytes)
$Function_802409A8 will be placed at 8024E230 (length = 44 bytes)
$Header will be placed at 8024E274 (length = 40 bytes)
$Script_Init_Bag will be placed at 8024E2B4 (length = 38 bytes)
$TotalLevels will be placed at 8024E2EC (length = 38 bytes)
$Script_Init_Bag_HitBox will be placed at 8024E324 (length = 38 bytes)
$DispawnParthner will be placed at 8024E35C (length = 34 bytes)
$Function_ResetDamage will be placed at 8024E390 (length = 34 bytes)
$AISettings_MoneySack will be placed at 8024E3C4 (length = 30 bytes)
$AISettings_Enemy will be placed at 8024E3F4 (length = 30 bytes)
$RespawnParthner will be placed at 8024E424 (length = 30 bytes)
$NPC_Settings_Sack will be placed at 8024E454 (length = 2C bytes)
$Function_GetDamageTaken will be placed at 8024E480 (length = 2C bytes)
$NpcSettings_Enemy1 will be placed at 8024E4AC (length = 2C bytes)
$Function_RevivePlayer will be placed at 8024E4D8 (length = 2C bytes)
$String_CoinsGained will be placed at 8024E504 (length = 2C bytes)
$BlankSettings will be placed at 8024E530 (length = 2C bytes)
$NpcSettings_Enemy1B will be placed at 8024E55C (length = 2C bytes)
$Script_MakeExits will be placed at 8024E588 (length = 2C bytes)
$NpcGroup7 will be placed at 8024E5B4 (length = 24 bytes)
$VectorList_80244998 will be placed at 8024E5D8 (length = 24 bytes)
$Script_Init_80243B20 will be placed at 8024E5FC (length = 24 bytes)
$Script_Init_Mover will be placed at 8024E620 (length = 24 bytes)
$Script_Init_BanditMover will be placed at 8024E644 (length = 24 bytes)
$EntryList will be placed at 8024E668 (length = 20 bytes)
$NpcGroup6 will be placed at 8024E688 (length = 18 bytes)
$NpcGroup3 will be placed at 8024E6A0 (length = 18 bytes)
$NpcGroup2 will be placed at 8024E6B8 (length = 18 bytes)
$NpcGroup5 will be placed at 8024E6D0 (length = 18 bytes)
$NpcGroup4 will be placed at 8024E6E8 (length = 18 bytes)
$NpcGroup1 will be placed at 8024E700 (length = 18 bytes)
$SignString100 will be placed at 8024E718 (length = 18 bytes)
$SignString1 will be placed at 8024E730 (length = 14 bytes)
$SignString99 will be placed at 8024E744 (length = 14 bytes)
$SignString98 will be placed at 8024E758 (length = 14 bytes)
$SignString97 will be placed at 8024E76C (length = 14 bytes)
$SignString96 will be placed at 8024E780 (length = 14 bytes)
$SignString95 will be placed at 8024E794 (length = 14 bytes)
$SignString94 will be placed at 8024E7A8 (length = 14 bytes)
$SignString93 will be placed at 8024E7BC (length = 14 bytes)
$SignString92 will be placed at 8024E7D0 (length = 14 bytes)
$SignString91 will be placed at 8024E7E4 (length = 14 bytes)
$SignString90 will be placed at 8024E7F8 (length = 14 bytes)
$SignString59 will be placed at 8024E80C (length = 14 bytes)
$SignString58 will be placed at 8024E820 (length = 14 bytes)
$SignString57 will be placed at 8024E834 (length = 14 bytes)
$SignString56 will be placed at 8024E848 (length = 14 bytes)
$SignString55 will be placed at 8024E85C (length = 14 bytes)
$SignString54 will be placed at 8024E870 (length = 14 bytes)
$SignString53 will be placed at 8024E884 (length = 14 bytes)
$SignString52 will be placed at 8024E898 (length = 14 bytes)
$SignString51 will be placed at 8024E8AC (length = 14 bytes)
$SignString50 will be placed at 8024E8C0 (length = 14 bytes)
$SignString69 will be placed at 8024E8D4 (length = 14 bytes)
$SignString68 will be placed at 8024E8E8 (length = 14 bytes)
$SignString67 will be placed at 8024E8FC (length = 14 bytes)
$SignString66 will be placed at 8024E910 (length = 14 bytes)
$SignString65 will be placed at 8024E924 (length = 14 bytes)
$SignString64 will be placed at 8024E938 (length = 14 bytes)
$SignString63 will be placed at 8024E94C (length = 14 bytes)
$SignString62 will be placed at 8024E960 (length = 14 bytes)
$SignString61 will be placed at 8024E974 (length = 14 bytes)
$SignString60 will be placed at 8024E988 (length = 14 bytes)
$SignString79 will be placed at 8024E99C (length = 14 bytes)
$SignString78 will be placed at 8024E9B0 (length = 14 bytes)
$SignString77 will be placed at 8024E9C4 (length = 14 bytes)
$SignString76 will be placed at 8024E9D8 (length = 14 bytes)
$SignString75 will be placed at 8024E9EC (length = 14 bytes)
$SignString74 will be placed at 8024EA00 (length = 14 bytes)
$SignString73 will be placed at 8024EA14 (length = 14 bytes)
$SignString72 will be placed at 8024EA28 (length = 14 bytes)
$SignString71 will be placed at 8024EA3C (length = 14 bytes)
$SignString70 will be placed at 8024EA50 (length = 14 bytes)
$SignString89 will be placed at 8024EA64 (length = 14 bytes)
$SignString88 will be placed at 8024EA78 (length = 14 bytes)
$SignString87 will be placed at 8024EA8C (length = 14 bytes)
$SignString86 will be placed at 8024EAA0 (length = 14 bytes)
$SignString85 will be placed at 8024EAB4 (length = 14 bytes)
$SignString84 will be placed at 8024EAC8 (length = 14 bytes)
$SignString83 will be placed at 8024EADC (length = 14 bytes)
$SignString82 will be placed at 8024EAF0 (length = 14 bytes)
$SignString81 will be placed at 8024EB04 (length = 14 bytes)
$SignString80 will be placed at 8024EB18 (length = 14 bytes)
$SignString19 will be placed at 8024EB2C (length = 14 bytes)
$SignString18 will be placed at 8024EB40 (length = 14 bytes)
$SignString17 will be placed at 8024EB54 (length = 14 bytes)
$SignString16 will be placed at 8024EB68 (length = 14 bytes)
$SignString15 will be placed at 8024EB7C (length = 14 bytes)
$SignString14 will be placed at 8024EB90 (length = 14 bytes)
$SignString13 will be placed at 8024EBA4 (length = 14 bytes)
$SignString12 will be placed at 8024EBB8 (length = 14 bytes)
$SignString11 will be placed at 8024EBCC (length = 14 bytes)
$SignString10 will be placed at 8024EBE0 (length = 14 bytes)
$SignString3 will be placed at 8024EBF4 (length = 14 bytes)
$SignString2 will be placed at 8024EC08 (length = 14 bytes)
$SignString5 will be placed at 8024EC1C (length = 14 bytes)
$SignString4 will be placed at 8024EC30 (length = 14 bytes)
$SignString7 will be placed at 8024EC44 (length = 14 bytes)
$SignString6 will be placed at 8024EC58 (length = 14 bytes)
$SignString9 will be placed at 8024EC6C (length = 14 bytes)
$SignString8 will be placed at 8024EC80 (length = 14 bytes)
$SignString29 will be placed at 8024EC94 (length = 14 bytes)
$SignString28 will be placed at 8024ECA8 (length = 14 bytes)
$SignString27 will be placed at 8024ECBC (length = 14 bytes)
$SignString26 will be placed at 8024ECD0 (length = 14 bytes)
$SignString25 will be placed at 8024ECE4 (length = 14 bytes)
$SignString24 will be placed at 8024ECF8 (length = 14 bytes)
$SignString23 will be placed at 8024ED0C (length = 14 bytes)
$SignString22 will be placed at 8024ED20 (length = 14 bytes)
$SignString21 will be placed at 8024ED34 (length = 14 bytes)
$SignString20 will be placed at 8024ED48 (length = 14 bytes)
$SignString will be placed at 8024ED5C (length = 14 bytes)
$SignString39 will be placed at 8024ED70 (length = 14 bytes)
$SignString38 will be placed at 8024ED84 (length = 14 bytes)
$SignString37 will be placed at 8024ED98 (length = 14 bytes)
$SignString36 will be placed at 8024EDAC (length = 14 bytes)
$SignString35 will be placed at 8024EDC0 (length = 14 bytes)
$SignString34 will be placed at 8024EDD4 (length = 14 bytes)
$SignString33 will be placed at 8024EDE8 (length = 14 bytes)
$SignString32 will be placed at 8024EDFC (length = 14 bytes)
$SignString31 will be placed at 8024EE10 (length = 14 bytes)
$SignString30 will be placed at 8024EE24 (length = 14 bytes)
$SignString49 will be placed at 8024EE38 (length = 14 bytes)
$SignString48 will be placed at 8024EE4C (length = 14 bytes)
$SignString47 will be placed at 8024EE60 (length = 14 bytes)
$SignString46 will be placed at 8024EE74 (length = 14 bytes)
$SignString45 will be placed at 8024EE88 (length = 14 bytes)
$SignString44 will be placed at 8024EE9C (length = 14 bytes)
$SignString43 will be placed at 8024EEB0 (length = 14 bytes)
$SignString42 will be placed at 8024EEC4 (length = 14 bytes)
$SignString41 will be placed at 8024EED8 (length = 14 bytes)
$SignString40 will be placed at 8024EEEC (length = 14 bytes)
$ASCII_pit_02_Literal will be placed at 8024EF00 (length = C bytes)
$ASCII_pit_90_Literal will be placed at 8024EF0C (length = C bytes)
$ASCII_pit_34_Literal will be placed at 8024EF18 (length = C bytes)
$ASCII_pit_66_Literal will be placed at 8024EF24 (length = C bytes)
$ASCII_pit_98_Literal will be placed at 8024EF30 (length = C bytes)
$ASCII_pit_19_Literal will be placed at 8024EF3C (length = C bytes)
$ASCII_pit_57_Literal will be placed at 8024EF48 (length = C bytes)
$ASCII_pit_69_Literal will be placed at 8024EF54 (length = C bytes)
$ASCII_pit_72_Literal will be placed at 8024EF60 (length = C bytes)
$ASCII_pit_81_Literal will be placed at 8024EF6C (length = C bytes)
$ASCII_pit_43_Literal will be placed at 8024EF78 (length = C bytes)
$ASCII_pit_28_Literal will be placed at 8024EF84 (length = C bytes)
$ASCII_pit_78_Literal will be placed at 8024EF90 (length = C bytes)
$ASCII_pit_63_Literal will be placed at 8024EF9C (length = C bytes)
$ASCII_pit_46_Literal will be placed at 8024EFA8 (length = C bytes)
$ASCII_pit_95_Literal will be placed at 8024EFB4 (length = C bytes)
$ASCII_pit_16_Literal will be placed at 8024EFC0 (length = C bytes)
$ASCII_pit_37_Literal will be placed at 8024EFCC (length = C bytes)
$ASCII_pit_22_Literal will be placed at 8024EFD8 (length = C bytes)
$ASCII_pit_05_Literal will be placed at 8024EFE4 (length = C bytes)
$ASCII_pit_25_Literal will be placed at 8024EFF0 (length = C bytes)
$ASCII_pit_54_Literal will be placed at 8024EFFC (length = C bytes)
$ASCII_pit_08_Literal will be placed at 8024F008 (length = C bytes)
$ASCII_pit_87_Literal will be placed at 8024F014 (length = C bytes)
$ASCII_pit_75_Literal will be placed at 8024F020 (length = C bytes)
$ASCII_pit_13_Literal will be placed at 8024F02C (length = C bytes)
$ASCII_pit_32_Literal will be placed at 8024F038 (length = C bytes)
$ASCII_pit_92_Literal will be placed at 8024F044 (length = C bytes)
$ASCII_pit_17_Literal will be placed at 8024F050 (length = C bytes)
$ASCII_pit_49_Literal will be placed at 8024F05C (length = C bytes)
$ASCII_pit_77_Literal will be placed at 8024F068 (length = C bytes)
$ASCII_pit_96_Literal will be placed at 8024F074 (length = C bytes)
$ASCII_pit_68_Literal will be placed at 8024F080 (length = C bytes)
$ASCII_pit_51_Literal will be placed at 8024F08C (length = C bytes)
$ASCII_pit_04_Literal will be placed at 8024F098 (length = C bytes)
$ASCII_pit_83_Literal will be placed at 8024F0A4 (length = C bytes)
$ASCII_pit_86_Literal will be placed at 8024F0B0 (length = C bytes)
$ASCII_pit_26_Literal will be placed at 8024F0BC (length = C bytes)
$ASCII_pit_41_Literal will be placed at 8024F0C8 (length = C bytes)
$ASCII_pit_14_Literal will be placed at 8024F0D4 (length = C bytes)
$ASCII_pit_74_Literal will be placed at 8024F0E0 (length = C bytes)
$ASCII_pit_60_Literal will be placed at 8024F0EC (length = C bytes)
$ASCII_pit_59_Literal will be placed at 8024F0F8 (length = C bytes)
$ASCII_pit_93_Literal will be placed at 8024F104 (length = C bytes)
$ASCII_pit_65_Literal will be placed at 8024F110 (length = C bytes)
$ASCII_pit_07_Literal will be placed at 8024F11C (length = C bytes)
$ASCII_pit_20_Literal will be placed at 8024F128 (length = C bytes)
$ASCII_pit_35_Literal will be placed at 8024F134 (length = C bytes)
$ASCII_pit_23_Literal will be placed at 8024F140 (length = C bytes)
$ASCII_pit_11_Literal will be placed at 8024F14C (length = C bytes)
$ASCII_pit_56_Literal will be placed at 8024F158 (length = C bytes)
$ASCII_pit_44_Literal will be placed at 8024F164 (length = C bytes)
$ASCII_pit_89_Literal will be placed at 8024F170 (length = C bytes)
$ASCII_pit_79_Literal will be placed at 8024F17C (length = C bytes)
$ASCII_pit_62_Literal will be placed at 8024F188 (length = C bytes)
$ASCII_pit_94_Literal will be placed at 8024F194 (length = C bytes)
$ASCII_pit_47_Literal will be placed at 8024F1A0 (length = C bytes)
$ASCII_pit_21_Literal will be placed at 8024F1AC (length = C bytes)
$ASCII_pit_06_Literal will be placed at 8024F1B8 (length = C bytes)
$ASCII_pit_53_Literal will be placed at 8024F1C4 (length = C bytes)
$ASCII_pit_09_Literal will be placed at 8024F1D0 (length = C bytes)
$ASCII_pit_88_Literal will be placed at 8024F1DC (length = C bytes)
$ASCII_pit_38_Literal will be placed at 8024F1E8 (length = C bytes)
$ASCII_pit_24_Literal will be placed at 8024F1F4 (length = C bytes)
$ASCII_pit_12_Literal will be placed at 8024F200 (length = C bytes)
$ASCII_pit_76_Literal will be placed at 8024F20C (length = C bytes)
$ASCII_pit_01_Literal will be placed at 8024F218 (length = C bytes)
$ASCII_pit_50_Literal will be placed at 8024F224 (length = C bytes)
$ASCII_pit_33_Literal will be placed at 8024F230 (length = C bytes)
$ASCII_pit_99_Literal will be placed at 8024F23C (length = C bytes)
$ASCII_pit_67_Literal will be placed at 8024F248 (length = C bytes)
$ASCII_pit_71_Literal will be placed at 8024F254 (length = C bytes)
$ASCII_pit_42_Literal will be placed at 8024F260 (length = C bytes)
$ASCII_pit_80_Literal will be placed at 8024F26C (length = C bytes)
$ASCII_pit_29_Literal will be placed at 8024F278 (length = C bytes)
$ASCII_pit_58_Literal will be placed at 8024F284 (length = C bytes)
$ASCII_pit_30_Literal will be placed at 8024F290 (length = C bytes)
$ASCII_pit_00_Literal will be placed at 8024F29C (length = C bytes)
$ASCII_pit_64_Literal will be placed at 8024F2A8 (length = C bytes)
$ASCII_pit_36_Literal will be placed at 8024F2B4 (length = C bytes)
$ASCII_pit_55_Literal will be placed at 8024F2C0 (length = C bytes)
$ASCII_pit_10_Literal will be placed at 8024F2CC (length = C bytes)
$ASCII_pit_45_Literal will be placed at 8024F2D8 (length = C bytes)
$ASCII_pit_18_Literal will be placed at 8024F2E4 (length = C bytes)
$ASCII_pit_48_Literal will be placed at 8024F2F0 (length = C bytes)
$ASCII_pit_03_Literal will be placed at 8024F2FC (length = C bytes)
$ASCII_pit_31_Literal will be placed at 8024F308 (length = C bytes)
$ASCII_pit_91_Literal will be placed at 8024F314 (length = C bytes)
$ASCII_pit_97_Literal will be placed at 8024F320 (length = C bytes)
$ASCII_pit_82_Literal will be placed at 8024F32C (length = C bytes)
$ASCII_pit_52_Literal will be placed at 8024F338 (length = C bytes)
$ASCII_pit_70_Literal will be placed at 8024F344 (length = C bytes)
$ASCII_pit_85_Literal will be placed at 8024F350 (length = C bytes)
$ASCII_pit_40_Literal will be placed at 8024F35C (length = C bytes)
$ASCII_pit_39_Literal will be placed at 8024F368 (length = C bytes)
$ASCII_pit_73_Literal will be placed at 8024F374 (length = C bytes)
$ASCII_pit_15_Literal will be placed at 8024F380 (length = C bytes)
$ASCII_pit_27_Literal will be placed at 8024F38C (length = C bytes)
$ASCII_pit_61_Literal will be placed at 8024F398 (length = C bytes)
$ConstDouble_802473E8 will be placed at 8024F3A4 (length = 8 bytes)
$ConstDouble_802473E0 will be placed at 8024F3AC (length = 8 bytes)
$ConstDouble_802473D8 will be placed at 8024F3B4 (length = 8 bytes)
$ConstDouble_802473F8 will be placed at 8024F3BC (length = 8 bytes)
$ConstDouble_802473F0 will be placed at 8024F3C4 (length = 8 bytes)
$ConstDouble_80247400 will be placed at 8024F3CC (length = 8 bytes)
$ASCII_pit_842_Literal will be placed at 8024F3D4 (length = 8 bytes)
$ASCII_pit_100_Literal will be placed at 8024F3DC (length = 8 bytes)
$ASCII_tik_tex_Literal will be placed at 8024F3E4 (length = 8 bytes)
$MoverCancel will be placed at 8024F3EC (length = 4 bytes)
$BanditMoverCancel will be placed at 8024F3F0 (length = 4 bytes)
Executing patch: pit_43.mpat
Loaded map pit_43
Creating struct: $EntryList
Creating struct: $DeepestLevel
Creating struct: $TotalLevels
Creating struct: $LoadHighscores
Creating struct: $FallingDownPipe
Creating struct: $Function_GetPos
Creating struct: $Function2
Creating struct: $SetSpawns
Creating struct: $Script_SetNPCPos
Creating struct: $SwitchPath
Creating struct: $VectorList_80244998
Creating struct: $GetPos
Creating struct: $Function_GetDamageTaken
Creating struct: $Function_ResetDamage
Creating struct: $DispawnParthner
Creating struct: $RespawnParthner
Creating struct: $LoadMap
Creating struct: $Script_LoadMapMover_Roguelike
Creating struct: $GetFloor
Creating struct: $LoadCoinsMover
Creating struct: $LoadMapBandit
Creating struct: $GetFloorBandit
Creating struct: $Script_Init_80243B20
Creating struct: $Script_80243A6C
Creating struct: $Script_AddCoins
Creating struct: $Script_SubstractCoins
Creating struct: $NPC_Settings_Sack
Creating struct: $Script_Init_Bag
Creating struct: $Script_Init_Bag_HitBox
Creating struct: $Script_NPC_SackHit_Init
Creating struct: $Script_NPC_Sack_FX
Creating struct: $NPC_Sack_AnimationStart
Creating struct: $NPC_Sack_AnimationEnd
Creating struct: $Script_SackAnimation_Start_GoToTheRight
Creating struct: $Script_SackAnimation_Start_GoToTheLeft
Creating struct: $Script_SackAnimation_End_Right
Creating struct: $Script_SackAnimation_End_Left
Creating struct: $Function_LoadGainedCoins
Creating struct: $Function_RevivePlayer
Creating struct: $AISettings_MoneySack
Creating struct: $Script_NpcAI_MoneySack
Creating struct: $JumpTable_80242448
Creating struct: $Function_NpcAI_MoneySack
Creating struct: $Function_80240260
Creating struct: $Function_80240844
Creating struct: $Function_802409A8
Creating struct: $Script_TrackPlayer
Creating struct: $Script_PipeAnimation
Creating struct: $Function_SetAnimation
Creating struct: $Function_GetColliderPos
Creating struct: $Function_TrackInput
Creating struct: $GoToNextLevel
Creating struct: $GoToNextLevel_Roguelike
Creating struct: $Script_SetSetsOfLevels
Creating struct: $Script_LoadMap_Roguelike
Creating struct: $Script_LoadChestMap_Roguelike
Creating struct: $Script_LoadMap_Mover_Roguelike
Creating struct: $Script_LoadChestMap_Mover_Roguelike
Creating struct: $GetFloorPit
Creating struct: $GetFloorSign
Creating struct: $Function_GetTattle1
Creating struct: $Function_GetTattle2
Creating struct: $Script_ReadSign
Creating struct: $Header
Creating struct: $Function_Init
Creating struct: $Script_Main
Creating struct: $NpcGroups
Creating struct: $NpcGroup_Mover
Creating struct: $BlankSettings
Creating struct: $Script_Init_Mover
Creating struct: $Interact_Mover
Creating struct: $Script_MoverWarpAnimation
Creating struct: $NpcGroup_BanditMover
Creating struct: $Script_Init_BanditMover
Creating struct: $Interact_BanditMover
Creating struct: $NpcGroup_Enemy1
Creating struct: $NpcGroup_Enemy2
Creating struct: $NpcGroup_Enemy3
Creating struct: $NpcGroup_Enemy4
Creating struct: $NpcGroup_Enemy5
Creating struct: $NpcGroup_Enemy6
Creating struct: $NpcSettings_Enemy1
Creating struct: $Script_EnemyAI
Creating struct: $AISettings_Enemy
Creating struct: $Script_DisableEnemyAI
Creating struct: $AISettings_DisableEnemy
Creating struct: $PipeSpawning
Creating struct: $Script_MakeEntities
Creating struct: $CommingDownPipe
Creating struct: $Script_MakeExits
Creating struct: $Script_Exit0
Merged 1 regions to 1
$Script_LoadMap_Mover_Roguelike will be placed at 80240000 (length = F14 bytes)
$LoadMap will be placed at 80240F14 (length = EF4 bytes)
$Script_ReadSign will be placed at 80241E08 (length = EEC bytes)
$LoadMapBandit will be placed at 80242CF4 (length = EA4 bytes)
$Script_LoadMap_Roguelike will be placed at 80243B98 (length = D9C bytes)
$GoToNextLevel will be placed at 80244934 (length = D10 bytes)
$GoToNextLevel_Roguelike will be placed at 80245644 (length = 868 bytes)
$Function_80240260 will be placed at 80245EAC (length = 5E4 bytes)
$SetSpawns will be placed at 80246490 (length = 384 bytes)
$FallingDownPipe will be placed at 80246814 (length = 37C bytes)
$Script_SetSetsOfLevels will be placed at 80246B90 (length = 358 bytes)
$Script_SetNPCPos will be placed at 80246EE8 (length = 2F4 bytes)
$Function_NpcAI_MoneySack will be placed at 802471DC (length = 238 bytes)
$Script_SackAnimation_Start_GoToTheRight will be placed at 80247414 (length = 230 bytes)
$Script_SackAnimation_Start_GoToTheLeft will be placed at 80247644 (length = 1F8 bytes)
$Interact_Mover will be placed at 8024783C (length = 1F8 bytes)
$NpcGroup_Enemy3 will be placed at 80247A34 (length = 1F0 bytes)
$NpcGroup_Enemy4 will be placed at 80247C24 (length = 1F0 bytes)
$NpcGroup_Enemy5 will be placed at 80247E14 (length = 1F0 bytes)
$NpcGroup_Enemy6 will be placed at 80248004 (length = 1F0 bytes)
$NpcGroup_Enemy1 will be placed at 802481F4 (length = 1F0 bytes)
$NpcGroup_Enemy2 will be placed at 802483E4 (length = 1F0 bytes)
$NpcGroup_Mover will be placed at 802485D4 (length = 1F0 bytes)
$NpcGroup_BanditMover will be placed at 802487C4 (length = 1F0 bytes)
$Interact_BanditMover will be placed at 802489B4 (length = 1EC bytes)
$Script_PipeAnimation will be placed at 80248BA0 (length = 1D0 bytes)
$JumpTable_80242448 will be placed at 80248D70 (length = 190 bytes)
$Script_LoadChestMap_Mover_Roguelike will be placed at 80248F00 (length = 18C bytes)
$PipeSpawning will be placed at 8024908C (length = 178 bytes)
$NPC_Sack_AnimationStart will be placed at 80249204 (length = 168 bytes)
$Function_80240844 will be placed at 8024936C (length = 164 bytes)
$Script_LoadChestMap_Roguelike will be placed at 802494D0 (length = 164 bytes)
$Script_NPC_SackHit_Init will be placed at 80249634 (length = 160 bytes)
$Script_SackAnimation_End_Right will be placed at 80249794 (length = 158 bytes)
$Script_SackAnimation_End_Left will be placed at 802498EC (length = 150 bytes)
$MapTattle5 will be placed at 80249A3C (length = 13C bytes)
$MapTattle4 will be placed at 80249B78 (length = 130 bytes)
$GetFloor will be placed at 80249CA8 (length = 12C bytes)
$BanditMover_Tattle will be placed at 80249DD4 (length = 124 bytes)
$Script_Main will be placed at 80249EF8 (length = 120 bytes)
$Script_80243A6C will be placed at 8024A018 (length = 114 bytes)
$Script_SubstractCoins will be placed at 8024A12C (length = 10C bytes)
$Script_LoadMapMover_Roguelike will be placed at 8024A238 (length = 104 bytes)
$GetFloorBandit will be placed at 8024A33C (length = F4 bytes)
$Script_MoverWarpAnimation will be placed at 8024A430 (length = F0 bytes)
$Function_GetColliderPos will be placed at 8024A520 (length = E0 bytes)
$Function_GetPos will be placed at 8024A600 (length = E0 bytes)
$Script_TrackPlayer will be placed at 8024A6E0 (length = DC bytes)
$MapTattle2 will be placed at 8024A7BC (length = D4 bytes)
$Function_TrackInput will be placed at 8024A890 (length = BC bytes)
$MapTattle3 will be placed at 8024A94C (length = B0 bytes)
$Script_MakeEntities will be placed at 8024A9FC (length = A8 bytes)
$MapTattle1 will be placed at 8024AAA4 (length = A8 bytes)
$Script_NpcAI_MoneySack will be placed at 8024AB4C (length = A8 bytes)
$MoverStart will be placed at 8024ABF4 (length = A4 bytes)
$SwitchPath will be placed at 8024AC98 (length = A4 bytes)
$Script_NPC_Sack_FX will be placed at 8024AD3C (length = A4 bytes)
$GetPos will be placed at 8024ADE0 (length = 9C bytes)
$Script_AddCoins will be placed at 8024AE7C (length = 98 bytes)
$BanditMoverStart will be placed at 8024AF14 (length = 98 bytes)
$Mover_Tattle will be placed at 8024AFAC (length = 94 bytes)
$Function_GetTattle1 will be placed at 8024B040 (length = 8C bytes)
$NPC_Sack_AnimationEnd will be placed at 8024B0CC (length = 84 bytes)
$BanditMover_Options will be placed at 8024B150 (length = 80 bytes)
$SignStringBug will be placed at 8024B1D0 (length = 7C bytes)
$LoadHighscores will be placed at 8024B24C (length = 7C bytes)
$Mover_Options will be placed at 8024B2C8 (length = 78 bytes)
$NpcGroups will be placed at 8024B340 (length = 6C bytes)
$DeepestLevel will be placed at 8024B3AC (length = 6C bytes)
$Function2 will be placed at 8024B418 (length = 6C bytes)
$LoadCoinsMover will be placed at 8024B484 (length = 6C bytes)
$Function_SetAnimation will be placed at 8024B4F0 (length = 6C bytes)
$GetFloorPit will be placed at 8024B55C (length = 68 bytes)
$MoverEnd will be placed at 8024B5C4 (length = 68 bytes)
$BanditMoverEnd will be placed at 8024B62C (length = 68 bytes)
$GetFloorSign will be placed at 8024B694 (length = 64 bytes)
$BanditMoverNoCoins will be placed at 8024B6F8 (length = 58 bytes)
$MoverNoCoins will be placed at 8024B750 (length = 58 bytes)
$Function_GetTattle2 will be placed at 8024B7A8 (length = 48 bytes)
$CommingDownPipe will be placed at 8024B7F0 (length = 48 bytes)
$Script_Exit0 will be placed at 8024B838 (length = 48 bytes)
$Function_LoadGainedCoins will be placed at 8024B880 (length = 48 bytes)
$Function_Init will be placed at 8024B8C8 (length = 44 bytes)
$Function_802409A8 will be placed at 8024B90C (length = 44 bytes)
$Header will be placed at 8024B950 (length = 40 bytes)
$Script_Init_Bag will be placed at 8024B990 (length = 38 bytes)
$TotalLevels will be placed at 8024B9C8 (length = 38 bytes)
$Script_Init_Bag_HitBox will be placed at 8024BA00 (length = 38 bytes)
$DispawnParthner will be placed at 8024BA38 (length = 34 bytes)
$Function_ResetDamage will be placed at 8024BA6C (length = 34 bytes)
$AISettings_MoneySack will be placed at 8024BAA0 (length = 30 bytes)
$AISettings_Enemy will be placed at 8024BAD0 (length = 30 bytes)
$AISettings_DisableEnemy will be placed at 8024BB00 (length = 30 bytes)
$RespawnParthner will be placed at 8024BB30 (length = 30 bytes)
$NPC_Settings_Sack will be placed at 8024BB60 (length = 2C bytes)
$Function_GetDamageTaken will be placed at 8024BB8C (length = 2C bytes)
$Function_RevivePlayer will be placed at 8024BBB8 (length = 2C bytes)
$String_CoinsGained will be placed at 8024BBE4 (length = 2C bytes)
$BlankSettings will be placed at 8024BC10 (length = 2C bytes)
$Script_MakeExits will be placed at 8024BC3C (length = 2C bytes)
$NpcSettings_Enemy1 will be placed at 8024BC68 (length = 24 bytes)
$VectorList_80244998 will be placed at 8024BC8C (length = 24 bytes)
$Script_Init_80243B20 will be placed at 8024BCB0 (length = 24 bytes)
$Script_Init_Mover will be placed at 8024BCD4 (length = 24 bytes)
$Script_Init_BanditMover will be placed at 8024BCF8 (length = 24 bytes)
$Script_DisableEnemyAI will be placed at 8024BD1C (length = 20 bytes)
$EntryList will be placed at 8024BD3C (length = 20 bytes)
$Script_EnemyAI will be placed at 8024BD5C (length = 20 bytes)
$SignString100 will be placed at 8024BD7C (length = 18 bytes)
$SignString1 will be placed at 8024BD94 (length = 14 bytes)
$SignString99 will be placed at 8024BDA8 (length = 14 bytes)
$SignString98 will be placed at 8024BDBC (length = 14 bytes)
$SignString97 will be placed at 8024BDD0 (length = 14 bytes)
$SignString96 will be placed at 8024BDE4 (length = 14 bytes)
$SignString95 will be placed at 8024BDF8 (length = 14 bytes)
$SignString94 will be placed at 8024BE0C (length = 14 bytes)
$SignString93 will be placed at 8024BE20 (length = 14 bytes)
$SignString92 will be placed at 8024BE34 (length = 14 bytes)
$SignString91 will be placed at 8024BE48 (length = 14 bytes)
$SignString90 will be placed at 8024BE5C (length = 14 bytes)
$SignString59 will be placed at 8024BE70 (length = 14 bytes)
$SignString58 will be placed at 8024BE84 (length = 14 bytes)
$SignString57 will be placed at 8024BE98 (length = 14 bytes)
$SignString56 will be placed at 8024BEAC (length = 14 bytes)
$SignString55 will be placed at 8024BEC0 (length = 14 bytes)
$SignString54 will be placed at 8024BED4 (length = 14 bytes)
$SignString53 will be placed at 8024BEE8 (length = 14 bytes)
$SignString52 will be placed at 8024BEFC (length = 14 bytes)
$SignString51 will be placed at 8024BF10 (length = 14 bytes)
$SignString50 will be placed at 8024BF24 (length = 14 bytes)
$SignString69 will be placed at 8024BF38 (length = 14 bytes)
$SignString68 will be placed at 8024BF4C (length = 14 bytes)
$SignString67 will be placed at 8024BF60 (length = 14 bytes)
$SignString66 will be placed at 8024BF74 (length = 14 bytes)
$SignString65 will be placed at 8024BF88 (length = 14 bytes)
$SignString64 will be placed at 8024BF9C (length = 14 bytes)
$SignString63 will be placed at 8024BFB0 (length = 14 bytes)
$SignString62 will be placed at 8024BFC4 (length = 14 bytes)
$SignString61 will be placed at 8024BFD8 (length = 14 bytes)
$SignString60 will be placed at 8024BFEC (length = 14 bytes)
$SignString79 will be placed at 8024C000 (length = 14 bytes)
$SignString78 will be placed at 8024C014 (length = 14 bytes)
$SignString77 will be placed at 8024C028 (length = 14 bytes)
$SignString76 will be placed at 8024C03C (length = 14 bytes)
$SignString75 will be placed at 8024C050 (length = 14 bytes)
$SignString74 will be placed at 8024C064 (length = 14 bytes)
$SignString73 will be placed at 8024C078 (length = 14 bytes)
$SignString72 will be placed at 8024C08C (length = 14 bytes)
$SignString71 will be placed at 8024C0A0 (length = 14 bytes)
$SignString70 will be placed at 8024C0B4 (length = 14 bytes)
$SignString89 will be placed at 8024C0C8 (length = 14 bytes)
$SignString88 will be placed at 8024C0DC (length = 14 bytes)
$SignString87 will be placed at 8024C0F0 (length = 14 bytes)
$SignString86 will be placed at 8024C104 (length = 14 bytes)
$SignString85 will be placed at 8024C118 (length = 14 bytes)
$SignString84 will be placed at 8024C12C (length = 14 bytes)
$SignString83 will be placed at 8024C140 (length = 14 bytes)
$SignString82 will be placed at 8024C154 (length = 14 bytes)
$SignString81 will be placed at 8024C168 (length = 14 bytes)
$SignString80 will be placed at 8024C17C (length = 14 bytes)
$SignString19 will be placed at 8024C190 (length = 14 bytes)
$SignString18 will be placed at 8024C1A4 (length = 14 bytes)
$SignString17 will be placed at 8024C1B8 (length = 14 bytes)
$SignString16 will be placed at 8024C1CC (length = 14 bytes)
$SignString15 will be placed at 8024C1E0 (length = 14 bytes)
$SignString14 will be placed at 8024C1F4 (length = 14 bytes)
$SignString13 will be placed at 8024C208 (length = 14 bytes)
$SignString12 will be placed at 8024C21C (length = 14 bytes)
$SignString11 will be placed at 8024C230 (length = 14 bytes)
$SignString10 will be placed at 8024C244 (length = 14 bytes)
$SignString3 will be placed at 8024C258 (length = 14 bytes)
$SignString2 will be placed at 8024C26C (length = 14 bytes)
$SignString5 will be placed at 8024C280 (length = 14 bytes)
$SignString4 will be placed at 8024C294 (length = 14 bytes)
$SignString7 will be placed at 8024C2A8 (length = 14 bytes)
$SignString6 will be placed at 8024C2BC (length = 14 bytes)
$SignString9 will be placed at 8024C2D0 (length = 14 bytes)
$SignString8 will be placed at 8024C2E4 (length = 14 bytes)
$SignString29 will be placed at 8024C2F8 (length = 14 bytes)
$SignString28 will be placed at 8024C30C (length = 14 bytes)
$SignString27 will be placed at 8024C320 (length = 14 bytes)
$SignString26 will be placed at 8024C334 (length = 14 bytes)
$SignString25 will be placed at 8024C348 (length = 14 bytes)
$SignString24 will be placed at 8024C35C (length = 14 bytes)
$SignString23 will be placed at 8024C370 (length = 14 bytes)
$SignString22 will be placed at 8024C384 (length = 14 bytes)
$SignString21 will be placed at 8024C398 (length = 14 bytes)
$SignString20 will be placed at 8024C3AC (length = 14 bytes)
$SignString will be placed at 8024C3C0 (length = 14 bytes)
$SignString39 will be placed at 8024C3D4 (length = 14 bytes)
$SignString38 will be placed at 8024C3E8 (length = 14 bytes)
$SignString37 will be placed at 8024C3FC (length = 14 bytes)
$SignString36 will be placed at 8024C410 (length = 14 bytes)
$SignString35 will be placed at 8024C424 (length = 14 bytes)
$SignString34 will be placed at 8024C438 (length = 14 bytes)
$SignString33 will be placed at 8024C44C (length = 14 bytes)
$SignString32 will be placed at 8024C460 (length = 14 bytes)
$SignString31 will be placed at 8024C474 (length = 14 bytes)
$SignString30 will be placed at 8024C488 (length = 14 bytes)
$SignString49 will be placed at 8024C49C (length = 14 bytes)
$SignString48 will be placed at 8024C4B0 (length = 14 bytes)
$SignString47 will be placed at 8024C4C4 (length = 14 bytes)
$SignString46 will be placed at 8024C4D8 (length = 14 bytes)
$SignString45 will be placed at 8024C4EC (length = 14 bytes)
$SignString44 will be placed at 8024C500 (length = 14 bytes)
$SignString43 will be placed at 8024C514 (length = 14 bytes)
$SignString42 will be placed at 8024C528 (length = 14 bytes)
$SignString41 will be placed at 8024C53C (length = 14 bytes)
$SignString40 will be placed at 8024C550 (length = 14 bytes)
$ASCII_pit_02_Literal will be placed at 8024C564 (length = C bytes)
$ASCII_pit_90_Literal will be placed at 8024C570 (length = C bytes)
$ASCII_pit_34_Literal will be placed at 8024C57C (length = C bytes)
$ASCII_pit_66_Literal will be placed at 8024C588 (length = C bytes)
$ASCII_pit_98_Literal will be placed at 8024C594 (length = C bytes)
$ASCII_pit_19_Literal will be placed at 8024C5A0 (length = C bytes)
$ASCII_pit_57_Literal will be placed at 8024C5AC (length = C bytes)
$ASCII_pit_69_Literal will be placed at 8024C5B8 (length = C bytes)
$ASCII_pit_72_Literal will be placed at 8024C5C4 (length = C bytes)
$ASCII_pit_81_Literal will be placed at 8024C5D0 (length = C bytes)
$ASCII_pit_43_Literal will be placed at 8024C5DC (length = C bytes)
$ASCII_pit_28_Literal will be placed at 8024C5E8 (length = C bytes)
$ASCII_pit_78_Literal will be placed at 8024C5F4 (length = C bytes)
$ASCII_pit_63_Literal will be placed at 8024C600 (length = C bytes)
$ASCII_pit_46_Literal will be placed at 8024C60C (length = C bytes)
$ASCII_pit_95_Literal will be placed at 8024C618 (length = C bytes)
$ASCII_pit_16_Literal will be placed at 8024C624 (length = C bytes)
$ASCII_pit_37_Literal will be placed at 8024C630 (length = C bytes)
$ASCII_pit_22_Literal will be placed at 8024C63C (length = C bytes)
$ASCII_pit_05_Literal will be placed at 8024C648 (length = C bytes)
$ASCII_pit_25_Literal will be placed at 8024C654 (length = C bytes)
$ASCII_pit_54_Literal will be placed at 8024C660 (length = C bytes)
$ASCII_pit_08_Literal will be placed at 8024C66C (length = C bytes)
$ASCII_pit_87_Literal will be placed at 8024C678 (length = C bytes)
$ASCII_pit_75_Literal will be placed at 8024C684 (length = C bytes)
$ASCII_pit_13_Literal will be placed at 8024C690 (length = C bytes)
$ASCII_pit_32_Literal will be placed at 8024C69C (length = C bytes)
$ASCII_pit_92_Literal will be placed at 8024C6A8 (length = C bytes)
$ASCII_pit_17_Literal will be placed at 8024C6B4 (length = C bytes)
$ASCII_pit_49_Literal will be placed at 8024C6C0 (length = C bytes)
$ASCII_pit_77_Literal will be placed at 8024C6CC (length = C bytes)
$ASCII_pit_96_Literal will be placed at 8024C6D8 (length = C bytes)
$ASCII_pit_68_Literal will be placed at 8024C6E4 (length = C bytes)
$ASCII_pit_51_Literal will be placed at 8024C6F0 (length = C bytes)
$ASCII_pit_04_Literal will be placed at 8024C6FC (length = C bytes)
$ASCII_pit_83_Literal will be placed at 8024C708 (length = C bytes)
$ASCII_pit_86_Literal will be placed at 8024C714 (length = C bytes)
$ASCII_pit_26_Literal will be placed at 8024C720 (length = C bytes)
$ASCII_pit_41_Literal will be placed at 8024C72C (length = C bytes)
$ASCII_pit_14_Literal will be placed at 8024C738 (length = C bytes)
$ASCII_pit_74_Literal will be placed at 8024C744 (length = C bytes)
$ASCII_pit_60_Literal will be placed at 8024C750 (length = C bytes)
$ASCII_pit_59_Literal will be placed at 8024C75C (length = C bytes)
$ASCII_pit_93_Literal will be placed at 8024C768 (length = C bytes)
$ASCII_pit_65_Literal will be placed at 8024C774 (length = C bytes)
$ASCII_pit_07_Literal will be placed at 8024C780 (length = C bytes)
$ASCII_pit_20_Literal will be placed at 8024C78C (length = C bytes)
$ASCII_pit_35_Literal will be placed at 8024C798 (length = C bytes)
$ASCII_pit_23_Literal will be placed at 8024C7A4 (length = C bytes)
$ASCII_pit_11_Literal will be placed at 8024C7B0 (length = C bytes)
$ASCII_pit_56_Literal will be placed at 8024C7BC (length = C bytes)
$ASCII_pit_44_Literal will be placed at 8024C7C8 (length = C bytes)
$ASCII_pit_89_Literal will be placed at 8024C7D4 (length = C bytes)
$ASCII_pit_79_Literal will be placed at 8024C7E0 (length = C bytes)
$ASCII_pit_62_Literal will be placed at 8024C7EC (length = C bytes)
$ASCII_pit_94_Literal will be placed at 8024C7F8 (length = C bytes)
$ASCII_pit_47_Literal will be placed at 8024C804 (length = C bytes)
$ASCII_pit_21_Literal will be placed at 8024C810 (length = C bytes)
$ASCII_pit_06_Literal will be placed at 8024C81C (length = C bytes)
$ASCII_pit_53_Literal will be placed at 8024C828 (length = C bytes)
$ASCII_pit_09_Literal will be placed at 8024C834 (length = C bytes)
$ASCII_pit_88_Literal will be placed at 8024C840 (length = C bytes)
$ASCII_pit_38_Literal will be placed at 8024C84C (length = C bytes)
$ASCII_pit_24_Literal will be placed at 8024C858 (length = C bytes)
$ASCII_pit_12_Literal will be placed at 8024C864 (length = C bytes)
$ASCII_pit_76_Literal will be placed at 8024C870 (length = C bytes)
$ASCII_pit_01_Literal will be placed at 8024C87C (length = C bytes)
$ASCII_pit_50_Literal will be placed at 8024C888 (length = C bytes)
$ASCII_pit_33_Literal will be placed at 8024C894 (length = C bytes)
$ASCII_pit_99_Literal will be placed at 8024C8A0 (length = C bytes)
$ASCII_pit_67_Literal will be placed at 8024C8AC (length = C bytes)
$ASCII_pit_71_Literal will be placed at 8024C8B8 (length = C bytes)
$ASCII_pit_42_Literal will be placed at 8024C8C4 (length = C bytes)
$ASCII_pit_80_Literal will be placed at 8024C8D0 (length = C bytes)
$ASCII_pit_29_Literal will be placed at 8024C8DC (length = C bytes)
$ASCII_pit_58_Literal will be placed at 8024C8E8 (length = C bytes)
$ASCII_pit_30_Literal will be placed at 8024C8F4 (length = C bytes)
$ASCII_pit_00_Literal will be placed at 8024C900 (length = C bytes)
$ASCII_pit_64_Literal will be placed at 8024C90C (length = C bytes)
$ASCII_pit_36_Literal will be placed at 8024C918 (length = C bytes)
$ASCII_pit_55_Literal will be placed at 8024C924 (length = C bytes)
$ASCII_pit_10_Literal will be placed at 8024C930 (length = C bytes)
$ASCII_pit_45_Literal will be placed at 8024C93C (length = C bytes)
$ASCII_pit_18_Literal will be placed at 8024C948 (length = C bytes)
$ASCII_pit_48_Literal will be placed at 8024C954 (length = C bytes)
$ASCII_pit_03_Literal will be placed at 8024C960 (length = C bytes)
$ASCII_pit_31_Literal will be placed at 8024C96C (length = C bytes)
$ASCII_pit_91_Literal will be placed at 8024C978 (length = C bytes)
$ASCII_pit_97_Literal will be placed at 8024C984 (length = C bytes)
$ASCII_pit_82_Literal will be placed at 8024C990 (length = C bytes)
$ASCII_pit_52_Literal will be placed at 8024C99C (length = C bytes)
$ASCII_pit_70_Literal will be placed at 8024C9A8 (length = C bytes)
$ASCII_pit_85_Literal will be placed at 8024C9B4 (length = C bytes)
$ASCII_pit_40_Literal will be placed at 8024C9C0 (length = C bytes)
$ASCII_pit_39_Literal will be placed at 8024C9CC (length = C bytes)
$ASCII_pit_73_Literal will be placed at 8024C9D8 (length = C bytes)
$ASCII_pit_15_Literal will be placed at 8024C9E4 (length = C bytes)
$ASCII_pit_27_Literal will be placed at 8024C9F0 (length = C bytes)
$ASCII_pit_61_Literal will be placed at 8024C9FC (length = C bytes)
$ASCII_pit_842_Literal will be placed at 8024CA08 (length = 8 bytes)
$ASCII_pit_100_Literal will be placed at 8024CA10 (length = 8 bytes)
$ASCII_tik_tex_Literal will be placed at 8024CA18 (length = 8 bytes)
$MoverCancel will be placed at 8024CA20 (length = 4 bytes)
$BanditMoverCancel will be placed at 8024CA24 (length = 4 bytes)
Executing patch: pit_44.mpat
Loaded map pit_01
Creating struct: $EntryList
Creating struct: $DeepestLevel
Creating struct: $TotalLevels
Creating struct: $LoadHighscores
Creating struct: $FallingDownPipe
Creating struct: $Function_GetPos
Creating struct: $Function2
Creating struct: $SetSpawns
Creating struct: $Script_SetNPCPos
Creating struct: $SwitchPath
Creating struct: $VectorList_80244998
Creating struct: $GetPos
Creating struct: $Function_GetDamageTaken
Creating struct: $Function_ResetDamage
Creating struct: $DispawnParthner
Creating struct: $RespawnParthner
Creating struct: $LoadMap
Creating struct: $Script_LoadMapMover_Roguelike
Creating struct: $GetFloor
Creating struct: $LoadCoinsMover
Creating struct: $LoadMapBandit
Creating struct: $GetFloorBandit
Creating struct: $Script_Init_80243B20
Creating struct: $Script_80243A6C
Creating struct: $Script_AddCoins
Creating struct: $Script_SubstractCoins
Creating struct: $NPC_Settings_Sack
Creating struct: $Script_Init_Bag
Creating struct: $Script_Init_Bag_HitBox
Creating struct: $Script_NPC_SackHit_Init
Creating struct: $Script_NPC_Sack_FX
Creating struct: $NPC_Sack_AnimationStart
Creating struct: $NPC_Sack_AnimationEnd
Creating struct: $Script_SackAnimation_Start_GoToTheRight
Creating struct: $Script_SackAnimation_Start_GoToTheLeft
Creating struct: $Script_SackAnimation_End_Right
Creating struct: $Script_SackAnimation_End_Left
Creating struct: $Function_LoadGainedCoins
Creating struct: $Function_RevivePlayer
Creating struct: $AISettings_MoneySack
Creating struct: $Script_NpcAI_MoneySack
Creating struct: $JumpTable_80242448
Creating struct: $Function_NpcAI_MoneySack
Creating struct: $Function_80240260
Creating struct: $Function_80240844
Creating struct: $Function_802409A8
Creating struct: $Script_TrackPlayer
Creating struct: $Script_PipeAnimation
Creating struct: $Function_SetAnimation
Creating struct: $Function_GetColliderPos
Creating struct: $Function_TrackInput
Creating struct: $GoToNextLevel
Creating struct: $GoToNextLevel_Roguelike
Creating struct: $Script_SetSetsOfLevels
Creating struct: $Script_LoadMap_Roguelike
Creating struct: $Script_LoadChestMap_Roguelike
Creating struct: $Script_LoadMap_Mover_Roguelike
Creating struct: $Script_LoadChestMap_Mover_Roguelike
Creating struct: $GetFloorPit
Creating struct: $GetFloorSign
Creating struct: $Function_GetTattle1
Creating struct: $Function_GetTattle2
Creating struct: $Script_ReadSign
Creating struct: $Header
Creating struct: $Function_Init
Creating struct: $Script_Main
Creating struct: $NpcGroups
Creating struct: $NpcGroup_Mover
Creating struct: $BlankSettings
Creating struct: $Script_Init_Mover
Creating struct: $Interact_Mover
Creating struct: $Script_MoverWarpAnimation
Creating struct: $NpcGroup_BanditMover
Creating struct: $Script_Init_BanditMover
Creating struct: $Interact_BanditMover
Creating struct: $NpcGroup_Enemy1
Creating struct: $NpcGroup_Enemy2
Creating struct: $NpcGroup_Enemy3
Creating struct: $NpcGroup_Enemy4
Creating struct: $NpcGroup_Enemy5
Creating struct: $NpcGroup_Enemy6
Creating struct: $NpcSettings_Enemy1
Creating struct: $Script_EnemyAI
Creating struct: $AISettings_Enemy
Creating struct: $ConstDouble_802471E0
Creating struct: $JumpTable_802471E8
Creating struct: $Function_802406A4
Creating struct: $Function_80240310
Creating struct: $Function_8024038C
Creating struct: $Function_802404C0
Creating struct: $Function_80240624
Creating struct: $Script_DisableEnemyAI
Creating struct: $AISettings_DisableEnemy
Creating struct: $PipeSpawning
Creating struct: $Script_MakeEntities
Creating struct: $CommingDownPipe
Creating struct: $Script_MakeExits
Creating struct: $Script_Exit0
Merged 1 regions to 1
$Script_LoadMap_Mover_Roguelike will be placed at 80240000 (length = F14 bytes)
$LoadMap will be placed at 80240F14 (length = EF4 bytes)
$Script_ReadSign will be placed at 80241E08 (length = EEC bytes)
$LoadMapBandit will be placed at 80242CF4 (length = EA4 bytes)
$Script_LoadMap_Roguelike will be placed at 80243B98 (length = D9C bytes)
$GoToNextLevel will be placed at 80244934 (length = D10 bytes)
$GoToNextLevel_Roguelike will be placed at 80245644 (length = 868 bytes)
$Function_80240260 will be placed at 80245EAC (length = 5E4 bytes)
$Function_802406A4 will be placed at 80246490 (length = 440 bytes)
$SetSpawns will be placed at 802468D0 (length = 384 bytes)
$FallingDownPipe will be placed at 80246C54 (length = 37C bytes)
$Script_SetSetsOfLevels will be placed at 80246FD0 (length = 358 bytes)
$Script_SetNPCPos will be placed at 80247328 (length = 2F4 bytes)
$Function_NpcAI_MoneySack will be placed at 8024761C (length = 238 bytes)
$Script_SackAnimation_Start_GoToTheRight will be placed at 80247854 (length = 230 bytes)
$Script_SackAnimation_Start_GoToTheLeft will be placed at 80247A84 (length = 1F8 bytes)
$Interact_Mover will be placed at 80247C7C (length = 1F8 bytes)
$NpcGroup_Enemy3 will be placed at 80247E74 (length = 1F0 bytes)
$NpcGroup_Enemy4 will be placed at 80248064 (length = 1F0 bytes)
$NpcGroup_Enemy5 will be placed at 80248254 (length = 1F0 bytes)
$NpcGroup_Enemy6 will be placed at 80248444 (length = 1F0 bytes)
$NpcGroup_Enemy1 will be placed at 80248634 (length = 1F0 bytes)
$NpcGroup_Enemy2 will be placed at 80248824 (length = 1F0 bytes)
$NpcGroup_Mover will be placed at 80248A14 (length = 1F0 bytes)
$NpcGroup_BanditMover will be placed at 80248C04 (length = 1F0 bytes)
$Interact_BanditMover will be placed at 80248DF4 (length = 1EC bytes)
$Script_PipeAnimation will be placed at 80248FE0 (length = 1D0 bytes)
$JumpTable_80242448 will be placed at 802491B0 (length = 190 bytes)
$Script_LoadChestMap_Mover_Roguelike will be placed at 80249340 (length = 18C bytes)
$PipeSpawning will be placed at 802494CC (length = 178 bytes)
$NPC_Sack_AnimationStart will be placed at 80249644 (length = 168 bytes)
$Function_80240844 will be placed at 802497AC (length = 164 bytes)
$Script_LoadChestMap_Roguelike will be placed at 80249910 (length = 164 bytes)
$Function_802404C0 will be placed at 80249A74 (length = 164 bytes)
$Script_NPC_SackHit_Init will be placed at 80249BD8 (length = 160 bytes)
$Script_SackAnimation_End_Right will be placed at 80249D38 (length = 158 bytes)
$Script_SackAnimation_End_Left will be placed at 80249E90 (length = 150 bytes)
$MapTattle5 will be placed at 80249FE0 (length = 13C bytes)
$Function_8024038C will be placed at 8024A11C (length = 138 bytes)
$MapTattle4 will be placed at 8024A254 (length = 130 bytes)
$GetFloor will be placed at 8024A384 (length = 12C bytes)
$BanditMover_Tattle will be placed at 8024A4B0 (length = 124 bytes)
$Script_Main will be placed at 8024A5D4 (length = 120 bytes)
$Script_80243A6C will be placed at 8024A6F4 (length = 114 bytes)
$Script_SubstractCoins will be placed at 8024A808 (length = 10C bytes)
$Script_LoadMapMover_Roguelike will be placed at 8024A914 (length = 104 bytes)
$GetFloorBandit will be placed at 8024AA18 (length = F4 bytes)
$Script_MoverWarpAnimation will be placed at 8024AB0C (length = F0 bytes)
$Function_GetColliderPos will be placed at 8024ABFC (length = E0 bytes)
$Function_GetPos will be placed at 8024ACDC (length = E0 bytes)
$Script_TrackPlayer will be placed at 8024ADBC (length = DC bytes)
$MapTattle2 will be placed at 8024AE98 (length = D4 bytes)
$Function_TrackInput will be placed at 8024AF6C (length = BC bytes)
$MapTattle3 will be placed at 8024B028 (length = B0 bytes)
$Script_MakeEntities will be placed at 8024B0D8 (length = A8 bytes)
$MapTattle1 will be placed at 8024B180 (length = A8 bytes)
$Script_NpcAI_MoneySack will be placed at 8024B228 (length = A8 bytes)
$MoverStart will be placed at 8024B2D0 (length = A4 bytes)
$SwitchPath will be placed at 8024B374 (length = A4 bytes)
$Script_NPC_Sack_FX will be placed at 8024B418 (length = A4 bytes)
$GetPos will be placed at 8024B4BC (length = 9C bytes)
$Script_AddCoins will be placed at 8024B558 (length = 98 bytes)
$BanditMoverStart will be placed at 8024B5F0 (length = 98 bytes)
$Mover_Tattle will be placed at 8024B688 (length = 94 bytes)
$Function_GetTattle1 will be placed at 8024B71C (length = 8C bytes)
$NPC_Sack_AnimationEnd will be placed at 8024B7A8 (length = 84 bytes)
$Function_80240624 will be placed at 8024B82C (length = 80 bytes)
$BanditMover_Options will be placed at 8024B8AC (length = 80 bytes)
$SignStringBug will be placed at 8024B92C (length = 7C bytes)
$Function_80240310 will be placed at 8024B9A8 (length = 7C bytes)
$LoadHighscores will be placed at 8024BA24 (length = 7C bytes)
$Mover_Options will be placed at 8024BAA0 (length = 78 bytes)
$Script_EnemyAI will be placed at 8024BB18 (length = 70 bytes)
$NpcGroups will be placed at 8024BB88 (length = 6C bytes)
$DeepestLevel will be placed at 8024BBF4 (length = 6C bytes)
$Function2 will be placed at 8024BC60 (length = 6C bytes)
$LoadCoinsMover will be placed at 8024BCCC (length = 6C bytes)
$Function_SetAnimation will be placed at 8024BD38 (length = 6C bytes)
$GetFloorPit will be placed at 8024BDA4 (length = 68 bytes)
$MoverEnd will be placed at 8024BE0C (length = 68 bytes)
$BanditMoverEnd will be placed at 8024BE74 (length = 68 bytes)
$GetFloorSign will be placed at 8024BEDC (length = 64 bytes)
$BanditMoverNoCoins will be placed at 8024BF40 (length = 58 bytes)
$MoverNoCoins will be placed at 8024BF98 (length = 58 bytes)
$JumpTable_802471E8 will be placed at 8024BFF0 (length = 54 bytes)
$Function_GetTattle2 will be placed at 8024C044 (length = 48 bytes)
$CommingDownPipe will be placed at 8024C08C (length = 48 bytes)
$Script_Exit0 will be placed at 8024C0D4 (length = 48 bytes)
$Function_LoadGainedCoins will be placed at 8024C11C (length = 48 bytes)
$Function_Init will be placed at 8024C164 (length = 44 bytes)
$Function_802409A8 will be placed at 8024C1A8 (length = 44 bytes)
$Header will be placed at 8024C1EC (length = 40 bytes)
$Script_Init_Bag will be placed at 8024C22C (length = 38 bytes)
$TotalLevels will be placed at 8024C264 (length = 38 bytes)
$Script_Init_Bag_HitBox will be placed at 8024C29C (length = 38 bytes)
$DispawnParthner will be placed at 8024C2D4 (length = 34 bytes)
$Function_ResetDamage will be placed at 8024C308 (length = 34 bytes)
$AISettings_MoneySack will be placed at 8024C33C (length = 30 bytes)
$AISettings_Enemy will be placed at 8024C36C (length = 30 bytes)
$AISettings_DisableEnemy will be placed at 8024C39C (length = 30 bytes)
$RespawnParthner will be placed at 8024C3CC (length = 30 bytes)
$NPC_Settings_Sack will be placed at 8024C3FC (length = 2C bytes)
$Function_GetDamageTaken will be placed at 8024C428 (length = 2C bytes)
$NpcSettings_Enemy1 will be placed at 8024C454 (length = 2C bytes)
$Function_RevivePlayer will be placed at 8024C480 (length = 2C bytes)
$String_CoinsGained will be placed at 8024C4AC (length = 2C bytes)
$BlankSettings will be placed at 8024C4D8 (length = 2C bytes)
$Script_MakeExits will be placed at 8024C504 (length = 2C bytes)
$VectorList_80244998 will be placed at 8024C530 (length = 24 bytes)
$Script_Init_80243B20 will be placed at 8024C554 (length = 24 bytes)
$Script_Init_Mover will be placed at 8024C578 (length = 24 bytes)
$Script_Init_BanditMover will be placed at 8024C59C (length = 24 bytes)
$Script_DisableEnemyAI will be placed at 8024C5C0 (length = 20 bytes)
$EntryList will be placed at 8024C5E0 (length = 20 bytes)
$SignString100 will be placed at 8024C600 (length = 18 bytes)
$SignString1 will be placed at 8024C618 (length = 14 bytes)
$SignString99 will be placed at 8024C62C (length = 14 bytes)
$SignString98 will be placed at 8024C640 (length = 14 bytes)
$SignString97 will be placed at 8024C654 (length = 14 bytes)
$SignString96 will be placed at 8024C668 (length = 14 bytes)
$SignString95 will be placed at 8024C67C (length = 14 bytes)
$SignString94 will be placed at 8024C690 (length = 14 bytes)
$SignString93 will be placed at 8024C6A4 (length = 14 bytes)
$SignString92 will be placed at 8024C6B8 (length = 14 bytes)
$SignString91 will be placed at 8024C6CC (length = 14 bytes)
$SignString90 will be placed at 8024C6E0 (length = 14 bytes)
$SignString59 will be placed at 8024C6F4 (length = 14 bytes)
$SignString58 will be placed at 8024C708 (length = 14 bytes)
$SignString57 will be placed at 8024C71C (length = 14 bytes)
$SignString56 will be placed at 8024C730 (length = 14 bytes)
$SignString55 will be placed at 8024C744 (length = 14 bytes)
$SignString54 will be placed at 8024C758 (length = 14 bytes)
$SignString53 will be placed at 8024C76C (length = 14 bytes)
$SignString52 will be placed at 8024C780 (length = 14 bytes)
$SignString51 will be placed at 8024C794 (length = 14 bytes)
$SignString50 will be placed at 8024C7A8 (length = 14 bytes)
$SignString69 will be placed at 8024C7BC (length = 14 bytes)
$SignString68 will be placed at 8024C7D0 (length = 14 bytes)
$SignString67 will be placed at 8024C7E4 (length = 14 bytes)
$SignString66 will be placed at 8024C7F8 (length = 14 bytes)
$SignString65 will be placed at 8024C80C (length = 14 bytes)
$SignString64 will be placed at 8024C820 (length = 14 bytes)
$SignString63 will be placed at 8024C834 (length = 14 bytes)
$SignString62 will be placed at 8024C848 (length = 14 bytes)
$SignString61 will be placed at 8024C85C (length = 14 bytes)
$SignString60 will be placed at 8024C870 (length = 14 bytes)
$SignString79 will be placed at 8024C884 (length = 14 bytes)
$SignString78 will be placed at 8024C898 (length = 14 bytes)
$SignString77 will be placed at 8024C8AC (length = 14 bytes)
$SignString76 will be placed at 8024C8C0 (length = 14 bytes)
$SignString75 will be placed at 8024C8D4 (length = 14 bytes)
$SignString74 will be placed at 8024C8E8 (length = 14 bytes)
$SignString73 will be placed at 8024C8FC (length = 14 bytes)
$SignString72 will be placed at 8024C910 (length = 14 bytes)
$SignString71 will be placed at 8024C924 (length = 14 bytes)
$SignString70 will be placed at 8024C938 (length = 14 bytes)
$SignString89 will be placed at 8024C94C (length = 14 bytes)
$SignString88 will be placed at 8024C960 (length = 14 bytes)
$SignString87 will be placed at 8024C974 (length = 14 bytes)
$SignString86 will be placed at 8024C988 (length = 14 bytes)
$SignString85 will be placed at 8024C99C (length = 14 bytes)
$SignString84 will be placed at 8024C9B0 (length = 14 bytes)
$SignString83 will be placed at 8024C9C4 (length = 14 bytes)
$SignString82 will be placed at 8024C9D8 (length = 14 bytes)
$SignString81 will be placed at 8024C9EC (length = 14 bytes)
$SignString80 will be placed at 8024CA00 (length = 14 bytes)
$SignString19 will be placed at 8024CA14 (length = 14 bytes)
$SignString18 will be placed at 8024CA28 (length = 14 bytes)
$SignString17 will be placed at 8024CA3C (length = 14 bytes)
$SignString16 will be placed at 8024CA50 (length = 14 bytes)
$SignString15 will be placed at 8024CA64 (length = 14 bytes)
$SignString14 will be placed at 8024CA78 (length = 14 bytes)
$SignString13 will be placed at 8024CA8C (length = 14 bytes)
$SignString12 will be placed at 8024CAA0 (length = 14 bytes)
$SignString11 will be placed at 8024CAB4 (length = 14 bytes)
$SignString10 will be placed at 8024CAC8 (length = 14 bytes)
$SignString3 will be placed at 8024CADC (length = 14 bytes)
$SignString2 will be placed at 8024CAF0 (length = 14 bytes)
$SignString5 will be placed at 8024CB04 (length = 14 bytes)
$SignString4 will be placed at 8024CB18 (length = 14 bytes)
$SignString7 will be placed at 8024CB2C (length = 14 bytes)
$SignString6 will be placed at 8024CB40 (length = 14 bytes)
$SignString9 will be placed at 8024CB54 (length = 14 bytes)
$SignString8 will be placed at 8024CB68 (length = 14 bytes)
$SignString29 will be placed at 8024CB7C (length = 14 bytes)
$SignString28 will be placed at 8024CB90 (length = 14 bytes)
$SignString27 will be placed at 8024CBA4 (length = 14 bytes)
$SignString26 will be placed at 8024CBB8 (length = 14 bytes)
$SignString25 will be placed at 8024CBCC (length = 14 bytes)
$SignString24 will be placed at 8024CBE0 (length = 14 bytes)
$SignString23 will be placed at 8024CBF4 (length = 14 bytes)
$SignString22 will be placed at 8024CC08 (length = 14 bytes)
$SignString21 will be placed at 8024CC1C (length = 14 bytes)
$SignString20 will be placed at 8024CC30 (length = 14 bytes)
$SignString will be placed at 8024CC44 (length = 14 bytes)
$SignString39 will be placed at 8024CC58 (length = 14 bytes)
$SignString38 will be placed at 8024CC6C (length = 14 bytes)
$SignString37 will be placed at 8024CC80 (length = 14 bytes)
$SignString36 will be placed at 8024CC94 (length = 14 bytes)
$SignString35 will be placed at 8024CCA8 (length = 14 bytes)
$SignString34 will be placed at 8024CCBC (length = 14 bytes)
$SignString33 will be placed at 8024CCD0 (length = 14 bytes)
$SignString32 will be placed at 8024CCE4 (length = 14 bytes)
$SignString31 will be placed at 8024CCF8 (length = 14 bytes)
$SignString30 will be placed at 8024CD0C (length = 14 bytes)
$SignString49 will be placed at 8024CD20 (length = 14 bytes)
$SignString48 will be placed at 8024CD34 (length = 14 bytes)
$SignString47 will be placed at 8024CD48 (length = 14 bytes)
$SignString46 will be placed at 8024CD5C (length = 14 bytes)
$SignString45 will be placed at 8024CD70 (length = 14 bytes)
$SignString44 will be placed at 8024CD84 (length = 14 bytes)
$SignString43 will be placed at 8024CD98 (length = 14 bytes)
$SignString42 will be placed at 8024CDAC (length = 14 bytes)
$SignString41 will be placed at 8024CDC0 (length = 14 bytes)
$SignString40 will be placed at 8024CDD4 (length = 14 bytes)
$ASCII_pit_02_Literal will be placed at 8024CDE8 (length = C bytes)
$ASCII_pit_90_Literal will be placed at 8024CDF4 (length = C bytes)
$ASCII_pit_34_Literal will be placed at 8024CE00 (length = C bytes)
$ASCII_pit_66_Literal will be placed at 8024CE0C (length = C bytes)
$ASCII_pit_98_Literal will be placed at 8024CE18 (length = C bytes)
$ASCII_pit_19_Literal will be placed at 8024CE24 (length = C bytes)
$ASCII_pit_57_Literal will be placed at 8024CE30 (length = C bytes)
$ASCII_pit_69_Literal will be placed at 8024CE3C (length = C bytes)
$ASCII_pit_72_Literal will be placed at 8024CE48 (length = C bytes)
$ASCII_pit_81_Literal will be placed at 8024CE54 (length = C bytes)
$ASCII_pit_43_Literal will be placed at 8024CE60 (length = C bytes)
$ASCII_pit_28_Literal will be placed at 8024CE6C (length = C bytes)
$ASCII_pit_78_Literal will be placed at 8024CE78 (length = C bytes)
$ASCII_pit_63_Literal will be placed at 8024CE84 (length = C bytes)
$ASCII_pit_46_Literal will be placed at 8024CE90 (length = C bytes)
$ASCII_pit_95_Literal will be placed at 8024CE9C (length = C bytes)
$ASCII_pit_16_Literal will be placed at 8024CEA8 (length = C bytes)
$ASCII_pit_37_Literal will be placed at 8024CEB4 (length = C bytes)
$ASCII_pit_22_Literal will be placed at 8024CEC0 (length = C bytes)
$ASCII_pit_05_Literal will be placed at 8024CECC (length = C bytes)
$ASCII_pit_25_Literal will be placed at 8024CED8 (length = C bytes)
$ASCII_pit_54_Literal will be placed at 8024CEE4 (length = C bytes)
$ASCII_pit_08_Literal will be placed at 8024CEF0 (length = C bytes)
$ASCII_pit_87_Literal will be placed at 8024CEFC (length = C bytes)
$ASCII_pit_75_Literal will be placed at 8024CF08 (length = C bytes)
$ASCII_pit_13_Literal will be placed at 8024CF14 (length = C bytes)
$ASCII_pit_32_Literal will be placed at 8024CF20 (length = C bytes)
$ASCII_pit_92_Literal will be placed at 8024CF2C (length = C bytes)
$ASCII_pit_17_Literal will be placed at 8024CF38 (length = C bytes)
$ASCII_pit_49_Literal will be placed at 8024CF44 (length = C bytes)
$ASCII_pit_77_Literal will be placed at 8024CF50 (length = C bytes)
$ASCII_pit_96_Literal will be placed at 8024CF5C (length = C bytes)
$ASCII_pit_68_Literal will be placed at 8024CF68 (length = C bytes)
$ASCII_pit_51_Literal will be placed at 8024CF74 (length = C bytes)
$ASCII_pit_04_Literal will be placed at 8024CF80 (length = C bytes)
$ASCII_pit_83_Literal will be placed at 8024CF8C (length = C bytes)
$ASCII_pit_86_Literal will be placed at 8024CF98 (length = C bytes)
$ASCII_pit_26_Literal will be placed at 8024CFA4 (length = C bytes)
$ASCII_pit_41_Literal will be placed at 8024CFB0 (length = C bytes)
$ASCII_pit_14_Literal will be placed at 8024CFBC (length = C bytes)
$ASCII_pit_74_Literal will be placed at 8024CFC8 (length = C bytes)
$ASCII_pit_60_Literal will be placed at 8024CFD4 (length = C bytes)
$ASCII_pit_59_Literal will be placed at 8024CFE0 (length = C bytes)
$ASCII_pit_93_Literal will be placed at 8024CFEC (length = C bytes)
$ASCII_pit_65_Literal will be placed at 8024CFF8 (length = C bytes)
$ASCII_pit_07_Literal will be placed at 8024D004 (length = C bytes)
$ASCII_pit_20_Literal will be placed at 8024D010 (length = C bytes)
$ASCII_pit_35_Literal will be placed at 8024D01C (length = C bytes)
$ASCII_pit_23_Literal will be placed at 8024D028 (length = C bytes)
$ASCII_pit_11_Literal will be placed at 8024D034 (length = C bytes)
$ASCII_pit_56_Literal will be placed at 8024D040 (length = C bytes)
$ASCII_pit_44_Literal will be placed at 8024D04C (length = C bytes)
$ASCII_pit_89_Literal will be placed at 8024D058 (length = C bytes)
$ASCII_pit_79_Literal will be placed at 8024D064 (length = C bytes)
$ASCII_pit_62_Literal will be placed at 8024D070 (length = C bytes)
$ASCII_pit_94_Literal will be placed at 8024D07C (length = C bytes)
$ASCII_pit_47_Literal will be placed at 8024D088 (length = C bytes)
$ASCII_pit_21_Literal will be placed at 8024D094 (length = C bytes)
$ASCII_pit_06_Literal will be placed at 8024D0A0 (length = C bytes)
$ASCII_pit_53_Literal will be placed at 8024D0AC (length = C bytes)
$ASCII_pit_09_Literal will be placed at 8024D0B8 (length = C bytes)
$ASCII_pit_88_Literal will be placed at 8024D0C4 (length = C bytes)
$ASCII_pit_38_Literal will be placed at 8024D0D0 (length = C bytes)
$ASCII_pit_24_Literal will be placed at 8024D0DC (length = C bytes)
$ASCII_pit_12_Literal will be placed at 8024D0E8 (length = C bytes)
$ASCII_pit_76_Literal will be placed at 8024D0F4 (length = C bytes)
$ASCII_pit_01_Literal will be placed at 8024D100 (length = C bytes)
$ASCII_pit_50_Literal will be placed at 8024D10C (length = C bytes)
$ASCII_pit_33_Literal will be placed at 8024D118 (length = C bytes)
$ASCII_pit_99_Literal will be placed at 8024D124 (length = C bytes)
$ASCII_pit_67_Literal will be placed at 8024D130 (length = C bytes)
$ASCII_pit_71_Literal will be placed at 8024D13C (length = C bytes)
$ASCII_pit_42_Literal will be placed at 8024D148 (length = C bytes)
$ASCII_pit_80_Literal will be placed at 8024D154 (length = C bytes)
$ASCII_pit_29_Literal will be placed at 8024D160 (length = C bytes)
$ASCII_pit_58_Literal will be placed at 8024D16C (length = C bytes)
$ASCII_pit_30_Literal will be placed at 8024D178 (length = C bytes)
$ASCII_pit_00_Literal will be placed at 8024D184 (length = C bytes)
$ASCII_pit_64_Literal will be placed at 8024D190 (length = C bytes)
$ASCII_pit_36_Literal will be placed at 8024D19C (length = C bytes)
$ASCII_pit_55_Literal will be placed at 8024D1A8 (length = C bytes)
$ASCII_pit_10_Literal will be placed at 8024D1B4 (length = C bytes)
$ASCII_pit_45_Literal will be placed at 8024D1C0 (length = C bytes)
$ASCII_pit_18_Literal will be placed at 8024D1CC (length = C bytes)
$ASCII_pit_48_Literal will be placed at 8024D1D8 (length = C bytes)
$ASCII_pit_03_Literal will be placed at 8024D1E4 (length = C bytes)
$ASCII_pit_31_Literal will be placed at 8024D1F0 (length = C bytes)
$ASCII_pit_91_Literal will be placed at 8024D1FC (length = C bytes)
$ASCII_pit_97_Literal will be placed at 8024D208 (length = C bytes)
$ASCII_pit_82_Literal will be placed at 8024D214 (length = C bytes)
$ASCII_pit_52_Literal will be placed at 8024D220 (length = C bytes)
$ASCII_pit_70_Literal will be placed at 8024D22C (length = C bytes)
$ASCII_pit_85_Literal will be placed at 8024D238 (length = C bytes)
$ASCII_pit_40_Literal will be placed at 8024D244 (length = C bytes)
$ASCII_pit_39_Literal will be placed at 8024D250 (length = C bytes)
$ASCII_pit_73_Literal will be placed at 8024D25C (length = C bytes)
$ASCII_pit_15_Literal will be placed at 8024D268 (length = C bytes)
$ASCII_pit_27_Literal will be placed at 8024D274 (length = C bytes)
$ASCII_pit_61_Literal will be placed at 8024D280 (length = C bytes)
$ConstDouble_802471E0 will be placed at 8024D28C (length = 8 bytes)
$ASCII_pit_842_Literal will be placed at 8024D294 (length = 8 bytes)
$ASCII_pit_100_Literal will be placed at 8024D29C (length = 8 bytes)
$ASCII_tik_tex_Literal will be placed at 8024D2A4 (length = 8 bytes)
$MoverCancel will be placed at 8024D2AC (length = 4 bytes)
$BanditMoverCancel will be placed at 8024D2B0 (length = 4 bytes)
Executing patch: pit_45.mpat
Loaded map pit_01
Creating struct: $EntryList
Creating struct: $DeepestLevel
Creating struct: $TotalLevels
Creating struct: $LoadHighscores
Creating struct: $FallingDownPipe
Creating struct: $Function_GetPos
Creating struct: $Function2
Creating struct: $SetSpawns
Creating struct: $Script_SetNPCPos
Creating struct: $SwitchPath
Creating struct: $VectorList_80244998
Creating struct: $GetPos
Creating struct: $Function_GetDamageTaken
Creating struct: $Function_ResetDamage
Creating struct: $DispawnParthner
Creating struct: $RespawnParthner
Creating struct: $LoadMap
Creating struct: $Script_LoadMapMover_Roguelike
Creating struct: $GetFloor
Creating struct: $LoadCoinsMover
Creating struct: $LoadMapBandit
Creating struct: $GetFloorBandit
Creating struct: $Script_Init_80243B20
Creating struct: $Script_80243A6C
Creating struct: $Script_AddCoins
Creating struct: $Script_SubstractCoins
Creating struct: $NPC_Settings_Sack
Creating struct: $Script_Init_Bag
Creating struct: $Script_Init_Bag_HitBox
Creating struct: $Script_NPC_SackHit_Init
Creating struct: $Script_NPC_Sack_FX
Creating struct: $NPC_Sack_AnimationStart
Creating struct: $NPC_Sack_AnimationEnd
Creating struct: $Script_SackAnimation_Start_GoToTheRight
Creating struct: $Script_SackAnimation_Start_GoToTheLeft
Creating struct: $Script_SackAnimation_End_Right
Creating struct: $Script_SackAnimation_End_Left
Creating struct: $Function_LoadGainedCoins
Creating struct: $Function_RevivePlayer
Creating struct: $AISettings_MoneySack
Creating struct: $Script_NpcAI_MoneySack
Creating struct: $JumpTable_80242448
Creating struct: $Function_NpcAI_MoneySack
Creating struct: $Function_80240260
Creating struct: $Function_80240844
Creating struct: $Function_802409A8
Creating struct: $Script_TrackPlayer
Creating struct: $Script_PipeAnimation
Creating struct: $Function_SetAnimation
Creating struct: $Function_GetColliderPos
Creating struct: $Function_TrackInput
Creating struct: $GoToNextLevel
Creating struct: $GoToNextLevel_Roguelike
Creating struct: $Script_SetSetsOfLevels
Creating struct: $Script_LoadMap_Roguelike
Creating struct: $Script_LoadChestMap_Roguelike
Creating struct: $Script_LoadMap_Mover_Roguelike
Creating struct: $Script_LoadChestMap_Mover_Roguelike
Creating struct: $GetFloorPit
Creating struct: $GetFloorSign
Creating struct: $Function_GetTattle1
Creating struct: $Function_GetTattle2
Creating struct: $Script_ReadSign
Creating struct: $Header
Creating struct: $Function_Init
Creating struct: $Script_Main
Creating struct: $NpcGroups
Creating struct: $NpcGroup_Mover
Creating struct: $BlankSettings
Creating struct: $Script_Init_Mover
Creating struct: $Interact_Mover
Creating struct: $Script_MoverWarpAnimation
Creating struct: $NpcGroup_BanditMover
Creating struct: $Script_Init_BanditMover
Creating struct: $Interact_BanditMover
Creating struct: $NpcGroup_Enemy1
Creating struct: $NpcGroup_Enemy2
Creating struct: $NpcGroup_Enemy3
Creating struct: $NpcGroup_Enemy4
Creating struct: $NpcGroup_Enemy5
Creating struct: $NpcGroup_Enemy6
Creating struct: $ExtraAnimationList_Enemy1
Creating struct: $NpcSettings_Enemy1
Creating struct: $Script_EnemyAI
Creating struct: $AISettings_Enemy
Creating struct: $ConstDouble_80246CB0
Creating struct: $JumpTable_80246CB8
Creating struct: $Function_80241330
Creating struct: $Function_80240740
Creating struct: $Function_80240970
Creating struct: $Function_80240CA8
Creating struct: $Function_80240D68
Creating struct: $Function_80240F0C
Creating struct: $Function_80240FEC
Creating struct: $Function_802412EC
Creating struct: $Script_DisableEnemyAI
Creating struct: $AISettings_DisableEnemy
Creating struct: $PipeSpawning
Creating struct: $Script_MakeEntities
Creating struct: $CommingDownPipe
Creating struct: $Script_MakeExits
Creating struct: $Script_Exit0
Merged 1 regions to 1
$Script_LoadMap_Mover_Roguelike will be placed at 80240000 (length = F14 bytes)
$LoadMap will be placed at 80240F14 (length = EF4 bytes)
$Script_ReadSign will be placed at 80241E08 (length = EEC bytes)
$LoadMapBandit will be placed at 80242CF4 (length = EA4 bytes)
$Script_LoadMap_Roguelike will be placed at 80243B98 (length = D9C bytes)
$GoToNextLevel will be placed at 80244934 (length = D10 bytes)
$GoToNextLevel_Roguelike will be placed at 80245644 (length = 868 bytes)
$Function_80240260 will be placed at 80245EAC (length = 5E4 bytes)
$SetSpawns will be placed at 80246490 (length = 384 bytes)
$FallingDownPipe will be placed at 80246814 (length = 37C bytes)
$Script_SetSetsOfLevels will be placed at 80246B90 (length = 358 bytes)
$Function_80240970 will be placed at 80246EE8 (length = 33C bytes)
$Function_80240FEC will be placed at 80247224 (length = 300 bytes)
$Script_SetNPCPos will be placed at 80247524 (length = 2F4 bytes)
$Function_NpcAI_MoneySack will be placed at 80247818 (length = 238 bytes)
$Function_80240740 will be placed at 80247A50 (length = 230 bytes)
$Script_SackAnimation_Start_GoToTheRight will be placed at 80247C80 (length = 230 bytes)
$Function_80241330 will be placed at 80247EB0 (length = 224 bytes)
$Script_SackAnimation_Start_GoToTheLeft will be placed at 802480D4 (length = 1F8 bytes)
$Interact_Mover will be placed at 802482CC (length = 1F8 bytes)
$NpcGroup_Enemy3 will be placed at 802484C4 (length = 1F0 bytes)
$NpcGroup_Enemy4 will be placed at 802486B4 (length = 1F0 bytes)
$NpcGroup_Enemy5 will be placed at 802488A4 (length = 1F0 bytes)
$NpcGroup_Enemy6 will be placed at 80248A94 (length = 1F0 bytes)
$NpcGroup_Enemy1 will be placed at 80248C84 (length = 1F0 bytes)
$NpcGroup_Enemy2 will be placed at 80248E74 (length = 1F0 bytes)
$NpcGroup_Mover will be placed at 80249064 (length = 1F0 bytes)
$NpcGroup_BanditMover will be placed at 80249254 (length = 1F0 bytes)
$Interact_BanditMover will be placed at 80249444 (length = 1EC bytes)
$Script_PipeAnimation will be placed at 80249630 (length = 1D0 bytes)
$Function_80240D68 will be placed at 80249800 (length = 1A4 bytes)
$JumpTable_80242448 will be placed at 802499A4 (length = 190 bytes)
$Script_LoadChestMap_Mover_Roguelike will be placed at 80249B34 (length = 18C bytes)
$PipeSpawning will be placed at 80249CC0 (length = 178 bytes)
$NPC_Sack_AnimationStart will be placed at 80249E38 (length = 168 bytes)
$Function_80240844 will be placed at 80249FA0 (length = 164 bytes)
$Script_LoadChestMap_Roguelike will be placed at 8024A104 (length = 164 bytes)
$Script_NPC_SackHit_Init will be placed at 8024A268 (length = 160 bytes)
$Script_SackAnimation_End_Right will be placed at 8024A3C8 (length = 158 bytes)
$Script_SackAnimation_End_Left will be placed at 8024A520 (length = 150 bytes)
$MapTattle5 will be placed at 8024A670 (length = 13C bytes)
$MapTattle4 will be placed at 8024A7AC (length = 130 bytes)
$GetFloor will be placed at 8024A8DC (length = 12C bytes)
$BanditMover_Tattle will be placed at 8024AA08 (length = 124 bytes)
$Script_Main will be placed at 8024AB2C (length = 120 bytes)
$Script_80243A6C will be placed at 8024AC4C (length = 114 bytes)
$Script_SubstractCoins will be placed at 8024AD60 (length = 10C bytes)
$Script_LoadMapMover_Roguelike will be placed at 8024AE6C (length = 104 bytes)
$GetFloorBandit will be placed at 8024AF70 (length = F4 bytes)
$Script_MoverWarpAnimation will be placed at 8024B064 (length = F0 bytes)
$Function_80240F0C will be placed at 8024B154 (length = E0 bytes)
$Function_GetColliderPos will be placed at 8024B234 (length = E0 bytes)
$Function_GetPos will be placed at 8024B314 (length = E0 bytes)
$Script_TrackPlayer will be placed at 8024B3F4 (length = DC bytes)
$MapTattle2 will be placed at 8024B4D0 (length = D4 bytes)
$Function_80240CA8 will be placed at 8024B5A4 (length = C0 bytes)
$Function_TrackInput will be placed at 8024B664 (length = BC bytes)
$MapTattle3 will be placed at 8024B720 (length = B0 bytes)
$Script_MakeEntities will be placed at 8024B7D0 (length = A8 bytes)
$MapTattle1 will be placed at 8024B878 (length = A8 bytes)
$Script_NpcAI_MoneySack will be placed at 8024B920 (length = A8 bytes)
$MoverStart will be placed at 8024B9C8 (length = A4 bytes)
$SwitchPath will be placed at 8024BA6C (length = A4 bytes)
$Script_NPC_Sack_FX will be placed at 8024BB10 (length = A4 bytes)
$GetPos will be placed at 8024BBB4 (length = 9C bytes)
$Script_AddCoins will be placed at 8024BC50 (length = 98 bytes)
$BanditMoverStart will be placed at 8024BCE8 (length = 98 bytes)
$Mover_Tattle will be placed at 8024BD80 (length = 94 bytes)
$Function_GetTattle1 will be placed at 8024BE14 (length = 8C bytes)
$NPC_Sack_AnimationEnd will be placed at 8024BEA0 (length = 84 bytes)
$BanditMover_Options will be placed at 8024BF24 (length = 80 bytes)
$SignStringBug will be placed at 8024BFA4 (length = 7C bytes)
$LoadHighscores will be placed at 8024C020 (length = 7C bytes)
$Mover_Options will be placed at 8024C09C (length = 78 bytes)
$NpcGroups will be placed at 8024C114 (length = 6C bytes)
$DeepestLevel will be placed at 8024C180 (length = 6C bytes)
$Function2 will be placed at 8024C1EC (length = 6C bytes)
$LoadCoinsMover will be placed at 8024C258 (length = 6C bytes)
$Function_SetAnimation will be placed at 8024C2C4 (length = 6C bytes)
$GetFloorPit will be placed at 8024C330 (length = 68 bytes)
$MoverEnd will be placed at 8024C398 (length = 68 bytes)
$BanditMoverEnd will be placed at 8024C400 (length = 68 bytes)
$GetFloorSign will be placed at 8024C468 (length = 64 bytes)
$BanditMoverNoCoins will be placed at 8024C4CC (length = 58 bytes)
$MoverNoCoins will be placed at 8024C524 (length = 58 bytes)
$Function_GetTattle2 will be placed at 8024C57C (length = 48 bytes)
$CommingDownPipe will be placed at 8024C5C4 (length = 48 bytes)
$Script_Exit0 will be placed at 8024C60C (length = 48 bytes)
$Function_LoadGainedCoins will be placed at 8024C654 (length = 48 bytes)
$Function_Init will be placed at 8024C69C (length = 44 bytes)
$Function_802412EC will be placed at 8024C6E0 (length = 44 bytes)
$Function_802409A8 will be placed at 8024C724 (length = 44 bytes)
$Header will be placed at 8024C768 (length = 40 bytes)
$JumpTable_80246CB8 will be placed at 8024C7A8 (length = 3C bytes)
$Script_EnemyAI will be placed at 8024C7E4 (length = 3C bytes)
$Script_Init_Bag will be placed at 8024C820 (length = 38 bytes)
$TotalLevels will be placed at 8024C858 (length = 38 bytes)
$Script_Init_Bag_HitBox will be placed at 8024C890 (length = 38 bytes)
$DispawnParthner will be placed at 8024C8C8 (length = 34 bytes)
$Function_ResetDamage will be placed at 8024C8FC (length = 34 bytes)
$AISettings_MoneySack will be placed at 8024C930 (length = 30 bytes)
$AISettings_Enemy will be placed at 8024C960 (length = 30 bytes)
$AISettings_DisableEnemy will be placed at 8024C990 (length = 30 bytes)
$RespawnParthner will be placed at 8024C9C0 (length = 30 bytes)
$NPC_Settings_Sack will be placed at 8024C9F0 (length = 2C bytes)
$Function_GetDamageTaken will be placed at 8024CA1C (length = 2C bytes)
$NpcSettings_Enemy1 will be placed at 8024CA48 (length = 2C bytes)
$Function_RevivePlayer will be placed at 8024CA74 (length = 2C bytes)
$String_CoinsGained will be placed at 8024CAA0 (length = 2C bytes)
$BlankSettings will be placed at 8024CACC (length = 2C bytes)
$Script_MakeExits will be placed at 8024CAF8 (length = 2C bytes)
$VectorList_80244998 will be placed at 8024CB24 (length = 24 bytes)
$Script_Init_80243B20 will be placed at 8024CB48 (length = 24 bytes)
$Script_Init_Mover will be placed at 8024CB6C (length = 24 bytes)
$Script_Init_BanditMover will be placed at 8024CB90 (length = 24 bytes)
$Script_DisableEnemyAI will be placed at 8024CBB4 (length = 20 bytes)
$EntryList will be placed at 8024CBD4 (length = 20 bytes)
$SignString100 will be placed at 8024CBF4 (length = 18 bytes)
$ExtraAnimationList_Enemy1 will be placed at 8024CC0C (length = 14 bytes)
$SignString1 will be placed at 8024CC20 (length = 14 bytes)
$SignString99 will be placed at 8024CC34 (length = 14 bytes)
$SignString98 will be placed at 8024CC48 (length = 14 bytes)
$SignString97 will be placed at 8024CC5C (length = 14 bytes)
$SignString96 will be placed at 8024CC70 (length = 14 bytes)
$SignString95 will be placed at 8024CC84 (length = 14 bytes)
$SignString94 will be placed at 8024CC98 (length = 14 bytes)
$SignString93 will be placed at 8024CCAC (length = 14 bytes)
$SignString92 will be placed at 8024CCC0 (length = 14 bytes)
$SignString91 will be placed at 8024CCD4 (length = 14 bytes)
$SignString90 will be placed at 8024CCE8 (length = 14 bytes)
$SignString59 will be placed at 8024CCFC (length = 14 bytes)
$SignString58 will be placed at 8024CD10 (length = 14 bytes)
$SignString57 will be placed at 8024CD24 (length = 14 bytes)
$SignString56 will be placed at 8024CD38 (length = 14 bytes)
$SignString55 will be placed at 8024CD4C (length = 14 bytes)
$SignString54 will be placed at 8024CD60 (length = 14 bytes)
$SignString53 will be placed at 8024CD74 (length = 14 bytes)
$SignString52 will be placed at 8024CD88 (length = 14 bytes)
$SignString51 will be placed at 8024CD9C (length = 14 bytes)
$SignString50 will be placed at 8024CDB0 (length = 14 bytes)
$SignString69 will be placed at 8024CDC4 (length = 14 bytes)
$SignString68 will be placed at 8024CDD8 (length = 14 bytes)
$SignString67 will be placed at 8024CDEC (length = 14 bytes)
$SignString66 will be placed at 8024CE00 (length = 14 bytes)
$SignString65 will be placed at 8024CE14 (length = 14 bytes)
$SignString64 will be placed at 8024CE28 (length = 14 bytes)
$SignString63 will be placed at 8024CE3C (length = 14 bytes)
$SignString62 will be placed at 8024CE50 (length = 14 bytes)
$SignString61 will be placed at 8024CE64 (length = 14 bytes)
$SignString60 will be placed at 8024CE78 (length = 14 bytes)
$SignString79 will be placed at 8024CE8C (length = 14 bytes)
$SignString78 will be placed at 8024CEA0 (length = 14 bytes)
$SignString77 will be placed at 8024CEB4 (length = 14 bytes)
$SignString76 will be placed at 8024CEC8 (length = 14 bytes)
$SignString75 will be placed at 8024CEDC (length = 14 bytes)
$SignString74 will be placed at 8024CEF0 (length = 14 bytes)
$SignString73 will be placed at 8024CF04 (length = 14 bytes)
$SignString72 will be placed at 8024CF18 (length = 14 bytes)
$SignString71 will be placed at 8024CF2C (length = 14 bytes)
$SignString70 will be placed at 8024CF40 (length = 14 bytes)
$SignString89 will be placed at 8024CF54 (length = 14 bytes)
$SignString88 will be placed at 8024CF68 (length = 14 bytes)
$SignString87 will be placed at 8024CF7C (length = 14 bytes)
$SignString86 will be placed at 8024CF90 (length = 14 bytes)
$SignString85 will be placed at 8024CFA4 (length = 14 bytes)
$SignString84 will be placed at 8024CFB8 (length = 14 bytes)
$SignString83 will be placed at 8024CFCC (length = 14 bytes)
$SignString82 will be placed at 8024CFE0 (length = 14 bytes)
$SignString81 will be placed at 8024CFF4 (length = 14 bytes)
$SignString80 will be placed at 8024D008 (length = 14 bytes)
$SignString19 will be placed at 8024D01C (length = 14 bytes)
$SignString18 will be placed at 8024D030 (length = 14 bytes)
$SignString17 will be placed at 8024D044 (length = 14 bytes)
$SignString16 will be placed at 8024D058 (length = 14 bytes)
$SignString15 will be placed at 8024D06C (length = 14 bytes)
$SignString14 will be placed at 8024D080 (length = 14 bytes)
$SignString13 will be placed at 8024D094 (length = 14 bytes)
$SignString12 will be placed at 8024D0A8 (length = 14 bytes)
$SignString11 will be placed at 8024D0BC (length = 14 bytes)
$SignString10 will be placed at 8024D0D0 (length = 14 bytes)
$SignString3 will be placed at 8024D0E4 (length = 14 bytes)
$SignString2 will be placed at 8024D0F8 (length = 14 bytes)
$SignString5 will be placed at 8024D10C (length = 14 bytes)
$SignString4 will be placed at 8024D120 (length = 14 bytes)
$SignString7 will be placed at 8024D134 (length = 14 bytes)
$SignString6 will be placed at 8024D148 (length = 14 bytes)
$SignString9 will be placed at 8024D15C (length = 14 bytes)
$SignString8 will be placed at 8024D170 (length = 14 bytes)
$SignString29 will be placed at 8024D184 (length = 14 bytes)
$SignString28 will be placed at 8024D198 (length = 14 bytes)
$SignString27 will be placed at 8024D1AC (length = 14 bytes)
$SignString26 will be placed at 8024D1C0 (length = 14 bytes)
$SignString25 will be placed at 8024D1D4 (length = 14 bytes)
$SignString24 will be placed at 8024D1E8 (length = 14 bytes)
$SignString23 will be placed at 8024D1FC (length = 14 bytes)
$SignString22 will be placed at 8024D210 (length = 14 bytes)
$SignString21 will be placed at 8024D224 (length = 14 bytes)
$SignString20 will be placed at 8024D238 (length = 14 bytes)
$SignString will be placed at 8024D24C (length = 14 bytes)
$SignString39 will be placed at 8024D260 (length = 14 bytes)
$SignString38 will be placed at 8024D274 (length = 14 bytes)
$SignString37 will be placed at 8024D288 (length = 14 bytes)
$SignString36 will be placed at 8024D29C (length = 14 bytes)
$SignString35 will be placed at 8024D2B0 (length = 14 bytes)
$SignString34 will be placed at 8024D2C4 (length = 14 bytes)
$SignString33 will be placed at 8024D2D8 (length = 14 bytes)
$SignString32 will be placed at 8024D2EC (length = 14 bytes)
$SignString31 will be placed at 8024D300 (length = 14 bytes)
$SignString30 will be placed at 8024D314 (length = 14 bytes)
$SignString49 will be placed at 8024D328 (length = 14 bytes)
$SignString48 will be placed at 8024D33C (length = 14 bytes)
$SignString47 will be placed at 8024D350 (length = 14 bytes)
$SignString46 will be placed at 8024D364 (length = 14 bytes)
$SignString45 will be placed at 8024D378 (length = 14 bytes)
$SignString44 will be placed at 8024D38C (length = 14 bytes)
$SignString43 will be placed at 8024D3A0 (length = 14 bytes)
$SignString42 will be placed at 8024D3B4 (length = 14 bytes)
$SignString41 will be placed at 8024D3C8 (length = 14 bytes)
$SignString40 will be placed at 8024D3DC (length = 14 bytes)
$ASCII_pit_02_Literal will be placed at 8024D3F0 (length = C bytes)
$ASCII_pit_90_Literal will be placed at 8024D3FC (length = C bytes)
$ASCII_pit_34_Literal will be placed at 8024D408 (length = C bytes)
$ASCII_pit_66_Literal will be placed at 8024D414 (length = C bytes)
$ASCII_pit_98_Literal will be placed at 8024D420 (length = C bytes)
$ASCII_pit_19_Literal will be placed at 8024D42C (length = C bytes)
$ASCII_pit_57_Literal will be placed at 8024D438 (length = C bytes)
$ASCII_pit_69_Literal will be placed at 8024D444 (length = C bytes)
$ASCII_pit_72_Literal will be placed at 8024D450 (length = C bytes)
$ASCII_pit_81_Literal will be placed at 8024D45C (length = C bytes)
$ASCII_pit_43_Literal will be placed at 8024D468 (length = C bytes)
$ASCII_pit_28_Literal will be placed at 8024D474 (length = C bytes)
$ASCII_pit_78_Literal will be placed at 8024D480 (length = C bytes)
$ASCII_pit_63_Literal will be placed at 8024D48C (length = C bytes)
$ASCII_pit_46_Literal will be placed at 8024D498 (length = C bytes)
$ASCII_pit_95_Literal will be placed at 8024D4A4 (length = C bytes)
$ASCII_pit_16_Literal will be placed at 8024D4B0 (length = C bytes)
$ASCII_pit_37_Literal will be placed at 8024D4BC (length = C bytes)
$ASCII_pit_22_Literal will be placed at 8024D4C8 (length = C bytes)
$ASCII_pit_05_Literal will be placed at 8024D4D4 (length = C bytes)
$ASCII_pit_25_Literal will be placed at 8024D4E0 (length = C bytes)
$ASCII_pit_54_Literal will be placed at 8024D4EC (length = C bytes)
$ASCII_pit_08_Literal will be placed at 8024D4F8 (length = C bytes)
$ASCII_pit_87_Literal will be placed at 8024D504 (length = C bytes)
$ASCII_pit_75_Literal will be placed at 8024D510 (length = C bytes)
$ASCII_pit_13_Literal will be placed at 8024D51C (length = C bytes)
$ASCII_pit_32_Literal will be placed at 8024D528 (length = C bytes)
$ASCII_pit_92_Literal will be placed at 8024D534 (length = C bytes)
$ASCII_pit_17_Literal will be placed at 8024D540 (length = C bytes)
$ASCII_pit_49_Literal will be placed at 8024D54C (length = C bytes)
$ASCII_pit_77_Literal will be placed at 8024D558 (length = C bytes)
$ASCII_pit_96_Literal will be placed at 8024D564 (length = C bytes)
$ASCII_pit_68_Literal will be placed at 8024D570 (length = C bytes)
$ASCII_pit_51_Literal will be placed at 8024D57C (length = C bytes)
$ASCII_pit_04_Literal will be placed at 8024D588 (length = C bytes)
$ASCII_pit_83_Literal will be placed at 8024D594 (length = C bytes)
$ASCII_pit_86_Literal will be placed at 8024D5A0 (length = C bytes)
$ASCII_pit_26_Literal will be placed at 8024D5AC (length = C bytes)
$ASCII_pit_41_Literal will be placed at 8024D5B8 (length = C bytes)
$ASCII_pit_14_Literal will be placed at 8024D5C4 (length = C bytes)
$ASCII_pit_74_Literal will be placed at 8024D5D0 (length = C bytes)
$ASCII_pit_60_Literal will be placed at 8024D5DC (length = C bytes)
$ASCII_pit_59_Literal will be placed at 8024D5E8 (length = C bytes)
$ASCII_pit_93_Literal will be placed at 8024D5F4 (length = C bytes)
$ASCII_pit_65_Literal will be placed at 8024D600 (length = C bytes)
$ASCII_pit_07_Literal will be placed at 8024D60C (length = C bytes)
$ASCII_pit_20_Literal will be placed at 8024D618 (length = C bytes)
$ASCII_pit_35_Literal will be placed at 8024D624 (length = C bytes)
$ASCII_pit_23_Literal will be placed at 8024D630 (length = C bytes)
$ASCII_pit_11_Literal will be placed at 8024D63C (length = C bytes)
$ASCII_pit_56_Literal will be placed at 8024D648 (length = C bytes)
$ASCII_pit_44_Literal will be placed at 8024D654 (length = C bytes)
$ASCII_pit_89_Literal will be placed at 8024D660 (length = C bytes)
$ASCII_pit_79_Literal will be placed at 8024D66C (length = C bytes)
$ASCII_pit_62_Literal will be placed at 8024D678 (length = C bytes)
$ASCII_pit_94_Literal will be placed at 8024D684 (length = C bytes)
$ASCII_pit_47_Literal will be placed at 8024D690 (length = C bytes)
$ASCII_pit_21_Literal will be placed at 8024D69C (length = C bytes)
$ASCII_pit_06_Literal will be placed at 8024D6A8 (length = C bytes)
$ASCII_pit_53_Literal will be placed at 8024D6B4 (length = C bytes)
$ASCII_pit_09_Literal will be placed at 8024D6C0 (length = C bytes)
$ASCII_pit_88_Literal will be placed at 8024D6CC (length = C bytes)
$ASCII_pit_38_Literal will be placed at 8024D6D8 (length = C bytes)
$ASCII_pit_24_Literal will be placed at 8024D6E4 (length = C bytes)
$ASCII_pit_12_Literal will be placed at 8024D6F0 (length = C bytes)
$ASCII_pit_76_Literal will be placed at 8024D6FC (length = C bytes)
$ASCII_pit_01_Literal will be placed at 8024D708 (length = C bytes)
$ASCII_pit_50_Literal will be placed at 8024D714 (length = C bytes)
$ASCII_pit_33_Literal will be placed at 8024D720 (length = C bytes)
$ASCII_pit_99_Literal will be placed at 8024D72C (length = C bytes)
$ASCII_pit_67_Literal will be placed at 8024D738 (length = C bytes)
$ASCII_pit_71_Literal will be placed at 8024D744 (length = C bytes)
$ASCII_pit_42_Literal will be placed at 8024D750 (length = C bytes)
$ASCII_pit_80_Literal will be placed at 8024D75C (length = C bytes)
$ASCII_pit_29_Literal will be placed at 8024D768 (length = C bytes)
$ASCII_pit_58_Literal will be placed at 8024D774 (length = C bytes)
$ASCII_pit_30_Literal will be placed at 8024D780 (length = C bytes)
$ASCII_pit_00_Literal will be placed at 8024D78C (length = C bytes)
$ASCII_pit_64_Literal will be placed at 8024D798 (length = C bytes)
$ASCII_pit_36_Literal will be placed at 8024D7A4 (length = C bytes)
$ASCII_pit_55_Literal will be placed at 8024D7B0 (length = C bytes)
$ASCII_pit_10_Literal will be placed at 8024D7BC (length = C bytes)
$ASCII_pit_45_Literal will be placed at 8024D7C8 (length = C bytes)
$ASCII_pit_18_Literal will be placed at 8024D7D4 (length = C bytes)
$ASCII_pit_48_Literal will be placed at 8024D7E0 (length = C bytes)
$ASCII_pit_03_Literal will be placed at 8024D7EC (length = C bytes)
$ASCII_pit_31_Literal will be placed at 8024D7F8 (length = C bytes)
$ASCII_pit_91_Literal will be placed at 8024D804 (length = C bytes)
$ASCII_pit_97_Literal will be placed at 8024D810 (length = C bytes)
$ASCII_pit_82_Literal will be placed at 8024D81C (length = C bytes)
$ASCII_pit_52_Literal will be placed at 8024D828 (length = C bytes)
$ASCII_pit_70_Literal will be placed at 8024D834 (length = C bytes)
$ASCII_pit_85_Literal will be placed at 8024D840 (length = C bytes)
$ASCII_pit_40_Literal will be placed at 8024D84C (length = C bytes)
$ASCII_pit_39_Literal will be placed at 8024D858 (length = C bytes)
$ASCII_pit_73_Literal will be placed at 8024D864 (length = C bytes)
$ASCII_pit_15_Literal will be placed at 8024D870 (length = C bytes)
$ASCII_pit_27_Literal will be placed at 8024D87C (length = C bytes)
$ASCII_pit_61_Literal will be placed at 8024D888 (length = C bytes)
$ConstDouble_80246CB0 will be placed at 8024D894 (length = 8 bytes)
$ASCII_pit_842_Literal will be placed at 8024D89C (length = 8 bytes)
$ASCII_pit_100_Literal will be placed at 8024D8A4 (length = 8 bytes)
$ASCII_tik_tex_Literal will be placed at 8024D8AC (length = 8 bytes)
$MoverCancel will be placed at 8024D8B4 (length = 4 bytes)
$BanditMoverCancel will be placed at 8024D8B8 (length = 4 bytes)
Executing patch: pit_46.mpat
Loaded map pit_01
Creating struct: $EntryList
Creating struct: $DeepestLevel
Creating struct: $TotalLevels
Creating struct: $LoadHighscores
Creating struct: $FallingDownPipe
Creating struct: $Function_GetPos
Creating struct: $Function2
Creating struct: $SetSpawns
Creating struct: $Script_SetNPCPos
Creating struct: $SwitchPath
Creating struct: $VectorList_80244998
Creating struct: $GetPos
Creating struct: $Function_GetDamageTaken
Creating struct: $Function_ResetDamage
Creating struct: $DispawnParthner
Creating struct: $RespawnParthner
Creating struct: $LoadMap
Creating struct: $Script_LoadMapMover_Roguelike
Creating struct: $GetFloor
Creating struct: $LoadCoinsMover
Creating struct: $LoadMapBandit
Creating struct: $GetFloorBandit
Creating struct: $Script_Init_80243B20
Creating struct: $Script_80243A6C
Creating struct: $Script_AddCoins
Creating struct: $Script_SubstractCoins
Creating struct: $NPC_Settings_Sack
Creating struct: $Script_Init_Bag
Creating struct: $Script_Init_Bag_HitBox
Creating struct: $Script_NPC_SackHit_Init
Creating struct: $Script_NPC_Sack_FX
Creating struct: $NPC_Sack_AnimationStart
Creating struct: $NPC_Sack_AnimationEnd
Creating struct: $Script_SackAnimation_Start_GoToTheRight
Creating struct: $Script_SackAnimation_Start_GoToTheLeft
Creating struct: $Script_SackAnimation_End_Right
Creating struct: $Script_SackAnimation_End_Left
Creating struct: $Function_LoadGainedCoins
Creating struct: $Function_RevivePlayer
Creating struct: $AISettings_MoneySack
Creating struct: $Script_NpcAI_MoneySack
Creating struct: $JumpTable_80242448
Creating struct: $Function_NpcAI_MoneySack
Creating struct: $Function_80240260
Creating struct: $Function_80240844
Creating struct: $Function_802409A8
Creating struct: $Script_TrackPlayer
Creating struct: $Script_PipeAnimation
Creating struct: $Function_SetAnimation
Creating struct: $Function_GetColliderPos
Creating struct: $Function_TrackInput
Creating struct: $GoToNextLevel
Creating struct: $GoToNextLevel_Roguelike
Creating struct: $Script_SetSetsOfLevels
Creating struct: $Script_LoadMap_Roguelike
Creating struct: $Script_LoadChestMap_Roguelike
Creating struct: $Script_LoadMap_Mover_Roguelike
Creating struct: $Script_LoadChestMap_Mover_Roguelike
Creating struct: $GetFloorPit
Creating struct: $GetFloorSign
Creating struct: $Function_GetTattle1
Creating struct: $Function_GetTattle2
Creating struct: $Script_ReadSign
Creating struct: $Header
Creating struct: $Function_Init
Creating struct: $Script_Main
Creating struct: $NpcGroups
Creating struct: $NpcGroup_Mover
Creating struct: $BlankSettings
Creating struct: $Script_Init_Mover
Creating struct: $Interact_Mover
Creating struct: $Script_MoverWarpAnimation
Creating struct: $NpcGroup_BanditMover
Creating struct: $Script_Init_BanditMover
Creating struct: $Interact_BanditMover
Creating struct: $ExtraAnimationList_80245124
Creating struct: $NpcGroup_Enemy1
Creating struct: $NpcGroup_Enemy2
Creating struct: $NpcGroup_Enemy3
Creating struct: $NpcGroup_Enemy4
Creating struct: $NpcGroup_Enemy5
Creating struct: $NpcGroup_Enemy6
Creating struct: $NpcSettings_Enemy1
Creating struct: $Script_EnemyAI
Creating struct: $AISettings_Enemy
Creating struct: $JumpTable_80247C28
Creating struct: $JumpTable_80247A78
Creating struct: $ConstDouble_80247A90
Creating struct: $Function_8024219C
Creating struct: $Function_80241AD4
Creating struct: $Function_802416B8
Creating struct: $Function_80241708
Creating struct: $Function_802418CC
Creating struct: $Function_80241938
Creating struct: $Function_802419A8
Creating struct: $Function_80241A80
Creating struct: $Script_DisableEnemyAI
Creating struct: $AISettings_DisableEnemy
Creating struct: $PipeSpawning
Creating struct: $Script_MakeEntities
Creating struct: $CommingDownPipe
Creating struct: $Script_MakeExits
Creating struct: $Script_Exit0
Merged 1 regions to 1
$Script_LoadMap_Mover_Roguelike will be placed at 80240000 (length = F14 bytes)
$LoadMap will be placed at 80240F14 (length = EF4 bytes)
$Script_ReadSign will be placed at 80241E08 (length = EEC bytes)
$LoadMapBandit will be placed at 80242CF4 (length = EA4 bytes)
$Script_LoadMap_Roguelike will be placed at 80243B98 (length = D9C bytes)
$GoToNextLevel will be placed at 80244934 (length = D10 bytes)
$GoToNextLevel_Roguelike will be placed at 80245644 (length = 868 bytes)
$Function_80240260 will be placed at 80245EAC (length = 5E4 bytes)
$SetSpawns will be placed at 80246490 (length = 384 bytes)
$FallingDownPipe will be placed at 80246814 (length = 37C bytes)
$Script_SetSetsOfLevels will be placed at 80246B90 (length = 358 bytes)
$Script_SetNPCPos will be placed at 80246EE8 (length = 2F4 bytes)
$Function_8024219C will be placed at 802471DC (length = 2B4 bytes)
$Function_NpcAI_MoneySack will be placed at 80247490 (length = 238 bytes)
$Script_SackAnimation_Start_GoToTheRight will be placed at 802476C8 (length = 230 bytes)
$Script_SackAnimation_Start_GoToTheLeft will be placed at 802478F8 (length = 1F8 bytes)
$Interact_Mover will be placed at 80247AF0 (length = 1F8 bytes)
$NpcGroup_Enemy3 will be placed at 80247CE8 (length = 1F0 bytes)
$NpcGroup_Enemy4 will be placed at 80247ED8 (length = 1F0 bytes)
$NpcGroup_Enemy5 will be placed at 802480C8 (length = 1F0 bytes)
$NpcGroup_Enemy6 will be placed at 802482B8 (length = 1F0 bytes)
$NpcGroup_Enemy1 will be placed at 802484A8 (length = 1F0 bytes)
$NpcGroup_Enemy2 will be placed at 80248698 (length = 1F0 bytes)
$NpcGroup_Mover will be placed at 80248888 (length = 1F0 bytes)
$NpcGroup_BanditMover will be placed at 80248A78 (length = 1F0 bytes)
$Interact_BanditMover will be placed at 80248C68 (length = 1EC bytes)
$Script_PipeAnimation will be placed at 80248E54 (length = 1D0 bytes)
$Function_80241708 will be placed at 80249024 (length = 1C4 bytes)
$Function_80241AD4 will be placed at 802491E8 (length = 1AC bytes)
$JumpTable_80247C28 will be placed at 80249394 (length = 190 bytes)
$JumpTable_80242448 will be placed at 80249524 (length = 190 bytes)
$Script_LoadChestMap_Mover_Roguelike will be placed at 802496B4 (length = 18C bytes)
$PipeSpawning will be placed at 80249840 (length = 178 bytes)
$NPC_Sack_AnimationStart will be placed at 802499B8 (length = 168 bytes)
$Function_80240844 will be placed at 80249B20 (length = 164 bytes)
$Script_LoadChestMap_Roguelike will be placed at 80249C84 (length = 164 bytes)
$Script_NPC_SackHit_Init will be placed at 80249DE8 (length = 160 bytes)
$Script_SackAnimation_End_Right will be placed at 80249F48 (length = 158 bytes)
$Script_SackAnimation_End_Left will be placed at 8024A0A0 (length = 150 bytes)
$MapTattle5 will be placed at 8024A1F0 (length = 13C bytes)
$MapTattle4 will be placed at 8024A32C (length = 130 bytes)
$GetFloor will be placed at 8024A45C (length = 12C bytes)
$BanditMover_Tattle will be placed at 8024A588 (length = 124 bytes)
$Script_Main will be placed at 8024A6AC (length = 120 bytes)
$Script_80243A6C will be placed at 8024A7CC (length = 114 bytes)
$Script_SubstractCoins will be placed at 8024A8E0 (length = 10C bytes)
$Script_LoadMapMover_Roguelike will be placed at 8024A9EC (length = 104 bytes)
$GetFloorBandit will be placed at 8024AAF0 (length = F4 bytes)
$Script_MoverWarpAnimation will be placed at 8024ABE4 (length = F0 bytes)
$Function_GetColliderPos will be placed at 8024ACD4 (length = E0 bytes)
$Function_GetPos will be placed at 8024ADB4 (length = E0 bytes)
$Script_TrackPlayer will be placed at 8024AE94 (length = DC bytes)
$Function_802419A8 will be placed at 8024AF70 (length = D8 bytes)
$MapTattle2 will be placed at 8024B048 (length = D4 bytes)
$Function_TrackInput will be placed at 8024B11C (length = BC bytes)
$MapTattle3 will be placed at 8024B1D8 (length = B0 bytes)
$Script_MakeEntities will be placed at 8024B288 (length = A8 bytes)
$MapTattle1 will be placed at 8024B330 (length = A8 bytes)
$Script_NpcAI_MoneySack will be placed at 8024B3D8 (length = A8 bytes)
$MoverStart will be placed at 8024B480 (length = A4 bytes)
$SwitchPath will be placed at 8024B524 (length = A4 bytes)
$Script_NPC_Sack_FX will be placed at 8024B5C8 (length = A4 bytes)
$GetPos will be placed at 8024B66C (length = 9C bytes)
$Script_AddCoins will be placed at 8024B708 (length = 98 bytes)
$BanditMoverStart will be placed at 8024B7A0 (length = 98 bytes)
$Mover_Tattle will be placed at 8024B838 (length = 94 bytes)
$Function_GetTattle1 will be placed at 8024B8CC (length = 8C bytes)
$NPC_Sack_AnimationEnd will be placed at 8024B958 (length = 84 bytes)
$BanditMover_Options will be placed at 8024B9DC (length = 80 bytes)
$SignStringBug will be placed at 8024BA5C (length = 7C bytes)
$LoadHighscores will be placed at 8024BAD8 (length = 7C bytes)
$Mover_Options will be placed at 8024BB54 (length = 78 bytes)
$Function_80241938 will be placed at 8024BBCC (length = 70 bytes)
$Script_EnemyAI will be placed at 8024BC3C (length = 70 bytes)
$NpcGroups will be placed at 8024BCAC (length = 6C bytes)
$Function_802418CC will be placed at 8024BD18 (length = 6C bytes)
$DeepestLevel will be placed at 8024BD84 (length = 6C bytes)
$Function2 will be placed at 8024BDF0 (length = 6C bytes)
$LoadCoinsMover will be placed at 8024BE5C (length = 6C bytes)
$Function_SetAnimation will be placed at 8024BEC8 (length = 6C bytes)
$GetFloorPit will be placed at 8024BF34 (length = 68 bytes)
$MoverEnd will be placed at 8024BF9C (length = 68 bytes)
$BanditMoverEnd will be placed at 8024C004 (length = 68 bytes)
$GetFloorSign will be placed at 8024C06C (length = 64 bytes)
$BanditMoverNoCoins will be placed at 8024C0D0 (length = 58 bytes)
$MoverNoCoins will be placed at 8024C128 (length = 58 bytes)
$Function_80241A80 will be placed at 8024C180 (length = 54 bytes)
$Function_802416B8 will be placed at 8024C1D4 (length = 50 bytes)
$Function_GetTattle2 will be placed at 8024C224 (length = 48 bytes)
$CommingDownPipe will be placed at 8024C26C (length = 48 bytes)
$Script_Exit0 will be placed at 8024C2B4 (length = 48 bytes)
$Function_LoadGainedCoins will be placed at 8024C2FC (length = 48 bytes)
$Function_Init will be placed at 8024C344 (length = 44 bytes)
$Function_802409A8 will be placed at 8024C388 (length = 44 bytes)
$Header will be placed at 8024C3CC (length = 40 bytes)
$Script_Init_Bag will be placed at 8024C40C (length = 38 bytes)
$TotalLevels will be placed at 8024C444 (length = 38 bytes)
$Script_Init_Bag_HitBox will be placed at 8024C47C (length = 38 bytes)
$DispawnParthner will be placed at 8024C4B4 (length = 34 bytes)
$Function_ResetDamage will be placed at 8024C4E8 (length = 34 bytes)
$AISettings_MoneySack will be placed at 8024C51C (length = 30 bytes)
$AISettings_Enemy will be placed at 8024C54C (length = 30 bytes)
$AISettings_DisableEnemy will be placed at 8024C57C (length = 30 bytes)
$RespawnParthner will be placed at 8024C5AC (length = 30 bytes)
$NPC_Settings_Sack will be placed at 8024C5DC (length = 2C bytes)
$Function_GetDamageTaken will be placed at 8024C608 (length = 2C bytes)
$NpcSettings_Enemy1 will be placed at 8024C634 (length = 2C bytes)
$Function_RevivePlayer will be placed at 8024C660 (length = 2C bytes)
$String_CoinsGained will be placed at 8024C68C (length = 2C bytes)
$BlankSettings will be placed at 8024C6B8 (length = 2C bytes)
$Script_MakeExits will be placed at 8024C6E4 (length = 2C bytes)
$ExtraAnimationList_80245124 will be placed at 8024C710 (length = 28 bytes)
$VectorList_80244998 will be placed at 8024C738 (length = 24 bytes)
$Script_Init_80243B20 will be placed at 8024C75C (length = 24 bytes)
$Script_Init_Mover will be placed at 8024C780 (length = 24 bytes)
$Script_Init_BanditMover will be placed at 8024C7A4 (length = 24 bytes)
$Script_DisableEnemyAI will be placed at 8024C7C8 (length = 20 bytes)
$EntryList will be placed at 8024C7E8 (length = 20 bytes)
$SignString100 will be placed at 8024C808 (length = 18 bytes)
$JumpTable_80247A78 will be placed at 8024C820 (length = 18 bytes)
$SignString1 will be placed at 8024C838 (length = 14 bytes)
$SignString99 will be placed at 8024C84C (length = 14 bytes)
$SignString98 will be placed at 8024C860 (length = 14 bytes)
$SignString97 will be placed at 8024C874 (length = 14 bytes)
$SignString96 will be placed at 8024C888 (length = 14 bytes)
$SignString95 will be placed at 8024C89C (length = 14 bytes)
$SignString94 will be placed at 8024C8B0 (length = 14 bytes)
$SignString93 will be placed at 8024C8C4 (length = 14 bytes)
$SignString92 will be placed at 8024C8D8 (length = 14 bytes)
$SignString91 will be placed at 8024C8EC (length = 14 bytes)
$SignString90 will be placed at 8024C900 (length = 14 bytes)
$SignString59 will be placed at 8024C914 (length = 14 bytes)
$SignString58 will be placed at 8024C928 (length = 14 bytes)
$SignString57 will be placed at 8024C93C (length = 14 bytes)
$SignString56 will be placed at 8024C950 (length = 14 bytes)
$SignString55 will be placed at 8024C964 (length = 14 bytes)
$SignString54 will be placed at 8024C978 (length = 14 bytes)
$SignString53 will be placed at 8024C98C (length = 14 bytes)
$SignString52 will be placed at 8024C9A0 (length = 14 bytes)
$SignString51 will be placed at 8024C9B4 (length = 14 bytes)
$SignString50 will be placed at 8024C9C8 (length = 14 bytes)
$SignString69 will be placed at 8024C9DC (length = 14 bytes)
$SignString68 will be placed at 8024C9F0 (length = 14 bytes)
$SignString67 will be placed at 8024CA04 (length = 14 bytes)
$SignString66 will be placed at 8024CA18 (length = 14 bytes)
$SignString65 will be placed at 8024CA2C (length = 14 bytes)
$SignString64 will be placed at 8024CA40 (length = 14 bytes)
$SignString63 will be placed at 8024CA54 (length = 14 bytes)
$SignString62 will be placed at 8024CA68 (length = 14 bytes)
$SignString61 will be placed at 8024CA7C (length = 14 bytes)
$SignString60 will be placed at 8024CA90 (length = 14 bytes)
$SignString79 will be placed at 8024CAA4 (length = 14 bytes)
$SignString78 will be placed at 8024CAB8 (length = 14 bytes)
$SignString77 will be placed at 8024CACC (length = 14 bytes)
$SignString76 will be placed at 8024CAE0 (length = 14 bytes)
$SignString75 will be placed at 8024CAF4 (length = 14 bytes)
$SignString74 will be placed at 8024CB08 (length = 14 bytes)
$SignString73 will be placed at 8024CB1C (length = 14 bytes)
$SignString72 will be placed at 8024CB30 (length = 14 bytes)
$SignString71 will be placed at 8024CB44 (length = 14 bytes)
$SignString70 will be placed at 8024CB58 (length = 14 bytes)
$SignString89 will be placed at 8024CB6C (length = 14 bytes)
$SignString88 will be placed at 8024CB80 (length = 14 bytes)
$SignString87 will be placed at 8024CB94 (length = 14 bytes)
$SignString86 will be placed at 8024CBA8 (length = 14 bytes)
$SignString85 will be placed at 8024CBBC (length = 14 bytes)
$SignString84 will be placed at 8024CBD0 (length = 14 bytes)
$SignString83 will be placed at 8024CBE4 (length = 14 bytes)
$SignString82 will be placed at 8024CBF8 (length = 14 bytes)
$SignString81 will be placed at 8024CC0C (length = 14 bytes)
$SignString80 will be placed at 8024CC20 (length = 14 bytes)
$SignString19 will be placed at 8024CC34 (length = 14 bytes)
$SignString18 will be placed at 8024CC48 (length = 14 bytes)
$SignString17 will be placed at 8024CC5C (length = 14 bytes)
$SignString16 will be placed at 8024CC70 (length = 14 bytes)
$SignString15 will be placed at 8024CC84 (length = 14 bytes)
$SignString14 will be placed at 8024CC98 (length = 14 bytes)
$SignString13 will be placed at 8024CCAC (length = 14 bytes)
$SignString12 will be placed at 8024CCC0 (length = 14 bytes)
$SignString11 will be placed at 8024CCD4 (length = 14 bytes)
$SignString10 will be placed at 8024CCE8 (length = 14 bytes)
$SignString3 will be placed at 8024CCFC (length = 14 bytes)
$SignString2 will be placed at 8024CD10 (length = 14 bytes)
$SignString5 will be placed at 8024CD24 (length = 14 bytes)
$SignString4 will be placed at 8024CD38 (length = 14 bytes)
$SignString7 will be placed at 8024CD4C (length = 14 bytes)
$SignString6 will be placed at 8024CD60 (length = 14 bytes)
$SignString9 will be placed at 8024CD74 (length = 14 bytes)
$SignString8 will be placed at 8024CD88 (length = 14 bytes)
$SignString29 will be placed at 8024CD9C (length = 14 bytes)
$SignString28 will be placed at 8024CDB0 (length = 14 bytes)
$SignString27 will be placed at 8024CDC4 (length = 14 bytes)
$SignString26 will be placed at 8024CDD8 (length = 14 bytes)
$SignString25 will be placed at 8024CDEC (length = 14 bytes)
$SignString24 will be placed at 8024CE00 (length = 14 bytes)
$SignString23 will be placed at 8024CE14 (length = 14 bytes)
$SignString22 will be placed at 8024CE28 (length = 14 bytes)
$SignString21 will be placed at 8024CE3C (length = 14 bytes)
$SignString20 will be placed at 8024CE50 (length = 14 bytes)
$SignString will be placed at 8024CE64 (length = 14 bytes)
$SignString39 will be placed at 8024CE78 (length = 14 bytes)
$SignString38 will be placed at 8024CE8C (length = 14 bytes)
$SignString37 will be placed at 8024CEA0 (length = 14 bytes)
$SignString36 will be placed at 8024CEB4 (length = 14 bytes)
$SignString35 will be placed at 8024CEC8 (length = 14 bytes)
$SignString34 will be placed at 8024CEDC (length = 14 bytes)
$SignString33 will be placed at 8024CEF0 (length = 14 bytes)
$SignString32 will be placed at 8024CF04 (length = 14 bytes)
$SignString31 will be placed at 8024CF18 (length = 14 bytes)
$SignString30 will be placed at 8024CF2C (length = 14 bytes)
$SignString49 will be placed at 8024CF40 (length = 14 bytes)
$SignString48 will be placed at 8024CF54 (length = 14 bytes)
$SignString47 will be placed at 8024CF68 (length = 14 bytes)
$SignString46 will be placed at 8024CF7C (length = 14 bytes)
$SignString45 will be placed at 8024CF90 (length = 14 bytes)
$SignString44 will be placed at 8024CFA4 (length = 14 bytes)
$SignString43 will be placed at 8024CFB8 (length = 14 bytes)
$SignString42 will be placed at 8024CFCC (length = 14 bytes)
$SignString41 will be placed at 8024CFE0 (length = 14 bytes)
$SignString40 will be placed at 8024CFF4 (length = 14 bytes)
$ASCII_pit_02_Literal will be placed at 8024D008 (length = C bytes)
$ASCII_pit_90_Literal will be placed at 8024D014 (length = C bytes)
$ASCII_pit_34_Literal will be placed at 8024D020 (length = C bytes)
$ASCII_pit_66_Literal will be placed at 8024D02C (length = C bytes)
$ASCII_pit_98_Literal will be placed at 8024D038 (length = C bytes)
$ASCII_pit_19_Literal will be placed at 8024D044 (length = C bytes)
$ASCII_pit_57_Literal will be placed at 8024D050 (length = C bytes)
$ASCII_pit_69_Literal will be placed at 8024D05C (length = C bytes)
$ASCII_pit_72_Literal will be placed at 8024D068 (length = C bytes)
$ASCII_pit_81_Literal will be placed at 8024D074 (length = C bytes)
$ASCII_pit_43_Literal will be placed at 8024D080 (length = C bytes)
$ASCII_pit_28_Literal will be placed at 8024D08C (length = C bytes)
$ASCII_pit_78_Literal will be placed at 8024D098 (length = C bytes)
$ASCII_pit_63_Literal will be placed at 8024D0A4 (length = C bytes)
$ASCII_pit_46_Literal will be placed at 8024D0B0 (length = C bytes)
$ASCII_pit_95_Literal will be placed at 8024D0BC (length = C bytes)
$ASCII_pit_16_Literal will be placed at 8024D0C8 (length = C bytes)
$ASCII_pit_37_Literal will be placed at 8024D0D4 (length = C bytes)
$ASCII_pit_22_Literal will be placed at 8024D0E0 (length = C bytes)
$ASCII_pit_05_Literal will be placed at 8024D0EC (length = C bytes)
$ASCII_pit_25_Literal will be placed at 8024D0F8 (length = C bytes)
$ASCII_pit_54_Literal will be placed at 8024D104 (length = C bytes)
$ASCII_pit_08_Literal will be placed at 8024D110 (length = C bytes)
$ASCII_pit_87_Literal will be placed at 8024D11C (length = C bytes)
$ASCII_pit_75_Literal will be placed at 8024D128 (length = C bytes)
$ASCII_pit_13_Literal will be placed at 8024D134 (length = C bytes)
$ASCII_pit_32_Literal will be placed at 8024D140 (length = C bytes)
$ASCII_pit_92_Literal will be placed at 8024D14C (length = C bytes)
$ASCII_pit_17_Literal will be placed at 8024D158 (length = C bytes)
$ASCII_pit_49_Literal will be placed at 8024D164 (length = C bytes)
$ASCII_pit_77_Literal will be placed at 8024D170 (length = C bytes)
$ASCII_pit_96_Literal will be placed at 8024D17C (length = C bytes)
$ASCII_pit_68_Literal will be placed at 8024D188 (length = C bytes)
$ASCII_pit_51_Literal will be placed at 8024D194 (length = C bytes)
$ASCII_pit_04_Literal will be placed at 8024D1A0 (length = C bytes)
$ASCII_pit_83_Literal will be placed at 8024D1AC (length = C bytes)
$ASCII_pit_86_Literal will be placed at 8024D1B8 (length = C bytes)
$ASCII_pit_26_Literal will be placed at 8024D1C4 (length = C bytes)
$ASCII_pit_41_Literal will be placed at 8024D1D0 (length = C bytes)
$ASCII_pit_14_Literal will be placed at 8024D1DC (length = C bytes)
$ASCII_pit_74_Literal will be placed at 8024D1E8 (length = C bytes)
$ASCII_pit_60_Literal will be placed at 8024D1F4 (length = C bytes)
$ASCII_pit_59_Literal will be placed at 8024D200 (length = C bytes)
$ASCII_pit_93_Literal will be placed at 8024D20C (length = C bytes)
$ASCII_pit_65_Literal will be placed at 8024D218 (length = C bytes)
$ASCII_pit_07_Literal will be placed at 8024D224 (length = C bytes)
$ASCII_pit_20_Literal will be placed at 8024D230 (length = C bytes)
$ASCII_pit_35_Literal will be placed at 8024D23C (length = C bytes)
$ASCII_pit_23_Literal will be placed at 8024D248 (length = C bytes)
$ASCII_pit_11_Literal will be placed at 8024D254 (length = C bytes)
$ASCII_pit_56_Literal will be placed at 8024D260 (length = C bytes)
$ASCII_pit_44_Literal will be placed at 8024D26C (length = C bytes)
$ASCII_pit_89_Literal will be placed at 8024D278 (length = C bytes)
$ASCII_pit_79_Literal will be placed at 8024D284 (length = C bytes)
$ASCII_pit_62_Literal will be placed at 8024D290 (length = C bytes)
$ASCII_pit_94_Literal will be placed at 8024D29C (length = C bytes)
$ASCII_pit_47_Literal will be placed at 8024D2A8 (length = C bytes)
$ASCII_pit_21_Literal will be placed at 8024D2B4 (length = C bytes)
$ASCII_pit_06_Literal will be placed at 8024D2C0 (length = C bytes)
$ASCII_pit_53_Literal will be placed at 8024D2CC (length = C bytes)
$ASCII_pit_09_Literal will be placed at 8024D2D8 (length = C bytes)
$ASCII_pit_88_Literal will be placed at 8024D2E4 (length = C bytes)
$ASCII_pit_38_Literal will be placed at 8024D2F0 (length = C bytes)
$ASCII_pit_24_Literal will be placed at 8024D2FC (length = C bytes)
$ASCII_pit_12_Literal will be placed at 8024D308 (length = C bytes)
$ASCII_pit_76_Literal will be placed at 8024D314 (length = C bytes)
$ASCII_pit_01_Literal will be placed at 8024D320 (length = C bytes)
$ASCII_pit_50_Literal will be placed at 8024D32C (length = C bytes)
$ASCII_pit_33_Literal will be placed at 8024D338 (length = C bytes)
$ASCII_pit_99_Literal will be placed at 8024D344 (length = C bytes)
$ASCII_pit_67_Literal will be placed at 8024D350 (length = C bytes)
$ASCII_pit_71_Literal will be placed at 8024D35C (length = C bytes)
$ASCII_pit_42_Literal will be placed at 8024D368 (length = C bytes)
$ASCII_pit_80_Literal will be placed at 8024D374 (length = C bytes)
$ASCII_pit_29_Literal will be placed at 8024D380 (length = C bytes)
$ASCII_pit_58_Literal will be placed at 8024D38C (length = C bytes)
$ASCII_pit_30_Literal will be placed at 8024D398 (length = C bytes)
$ASCII_pit_00_Literal will be placed at 8024D3A4 (length = C bytes)
$ASCII_pit_64_Literal will be placed at 8024D3B0 (length = C bytes)
$ASCII_pit_36_Literal will be placed at 8024D3BC (length = C bytes)
$ASCII_pit_55_Literal will be placed at 8024D3C8 (length = C bytes)
$ASCII_pit_10_Literal will be placed at 8024D3D4 (length = C bytes)
$ASCII_pit_45_Literal will be placed at 8024D3E0 (length = C bytes)
$ASCII_pit_18_Literal will be placed at 8024D3EC (length = C bytes)
$ASCII_pit_48_Literal will be placed at 8024D3F8 (length = C bytes)
$ASCII_pit_03_Literal will be placed at 8024D404 (length = C bytes)
$ASCII_pit_31_Literal will be placed at 8024D410 (length = C bytes)
$ASCII_pit_91_Literal will be placed at 8024D41C (length = C bytes)
$ASCII_pit_97_Literal will be placed at 8024D428 (length = C bytes)
$ASCII_pit_82_Literal will be placed at 8024D434 (length = C bytes)
$ASCII_pit_52_Literal will be placed at 8024D440 (length = C bytes)
$ASCII_pit_70_Literal will be placed at 8024D44C (length = C bytes)
$ASCII_pit_85_Literal will be placed at 8024D458 (length = C bytes)
$ASCII_pit_40_Literal will be placed at 8024D464 (length = C bytes)
$ASCII_pit_39_Literal will be placed at 8024D470 (length = C bytes)
$ASCII_pit_73_Literal will be placed at 8024D47C (length = C bytes)
$ASCII_pit_15_Literal will be placed at 8024D488 (length = C bytes)
$ASCII_pit_27_Literal will be placed at 8024D494 (length = C bytes)
$ASCII_pit_61_Literal will be placed at 8024D4A0 (length = C bytes)
$ConstDouble_80247A90 will be placed at 8024D4AC (length = 8 bytes)
$ASCII_pit_842_Literal will be placed at 8024D4B4 (length = 8 bytes)
$ASCII_pit_100_Literal will be placed at 8024D4BC (length = 8 bytes)
$ASCII_tik_tex_Literal will be placed at 8024D4C4 (length = 8 bytes)
$MoverCancel will be placed at 8024D4CC (length = 4 bytes)
$BanditMoverCancel will be placed at 8024D4D0 (length = 4 bytes)
Executing patch: pit_47.mpat
Loaded map pit_47
Creating struct: $EntryList
Creating struct: $DeepestLevel
Creating struct: $TotalLevels
Creating struct: $LoadHighscores
Creating struct: $FallingDownPipe
Creating struct: $Function_GetPos
Creating struct: $Function2
Creating struct: $SetSpawns
Creating struct: $Script_SetNPCPos
Creating struct: $SwitchPath
Creating struct: $VectorList_80244998
Creating struct: $GetPos
Creating struct: $Function_GetDamageTaken
Creating struct: $Function_ResetDamage
Creating struct: $DispawnParthner
Creating struct: $RespawnParthner
Creating struct: $LoadMap
Creating struct: $Script_LoadMapMover_Roguelike
Creating struct: $GetFloor
Creating struct: $LoadCoinsMover
Creating struct: $LoadMapBandit
Creating struct: $GetFloorBandit
Creating struct: $SetSpawnsSpecial
Creating struct: $Function_LoadCoinsInToVar1
Creating struct: $Script_SetSpawnPosition
Creating struct: $Script_Init_80243B20
Creating struct: $Script_80243A6C
Creating struct: $Script_AddCoins
Creating struct: $Script_SubstractCoins
Creating struct: $NPC_Settings_Sack
Creating struct: $Script_Init_Bag
Creating struct: $Script_Init_Bag_HitBox
Creating struct: $Script_NPC_SackHit_Init
Creating struct: $Script_NPC_Sack_FX
Creating struct: $NPC_Sack_AnimationStart
Creating struct: $NPC_Sack_AnimationEnd
Creating struct: $Script_SackAnimation_Start_GoToTheRight
Creating struct: $Script_SackAnimation_Start_GoToTheLeft
Creating struct: $Script_SackAnimation_End_Right
Creating struct: $Script_SackAnimation_End_Left
Creating struct: $Function_LoadGainedCoins
Creating struct: $Function_RevivePlayer
Creating struct: $AISettings_MoneySack
Creating struct: $Script_NpcAI_MoneySack
Creating struct: $JumpTable_80242448
Creating struct: $Function_NpcAI_MoneySack
Creating struct: $Function_80240260
Creating struct: $Function_80240844
Creating struct: $Function_802409A8
Creating struct: $Script_TrackPlayer
Creating struct: $Script_PipeAnimation
Creating struct: $Function_SetAnimation
Creating struct: $Function_GetColliderPos
Creating struct: $Function_TrackInput
Creating struct: $GoToNextLevel
Creating struct: $GoToNextLevel_Roguelike
Creating struct: $Script_SetSetsOfLevels
Creating struct: $Script_LoadMap_Roguelike
Creating struct: $Script_LoadChestMap_Roguelike
Creating struct: $Script_LoadMap_Mover_Roguelike
Creating struct: $Script_LoadChestMap_Mover_Roguelike
Creating struct: $GetFloorPit
Creating struct: $GetFloorSign
Creating struct: $Function_GetTattle1
Creating struct: $Function_GetTattle2
Creating struct: $Script_ReadSign
Creating struct: $Header
Creating struct: $Function_Init
Creating struct: $Script_Main
Creating struct: $NpcGroup1
Creating struct: $NpcGroup2
Creating struct: $NpcGroup3
Creating struct: $NpcGroup4
Creating struct: $NpcGroup5
Creating struct: $NpcGroup6
Creating struct: $NpcGroup7
Creating struct: $NpcGroups
Creating struct: $NpcGroup_Mover
Creating struct: $BlankSettings
Creating struct: $Script_Init_Mover
Creating struct: $Interact_Mover
Creating struct: $Script_MoverWarpAnimation
Creating struct: $NpcGroup_BanditMover
Creating struct: $Script_Init_BanditMover
Creating struct: $Interact_BanditMover
Creating struct: $NpcGroup_Enemy1
Creating struct: $NpcGroup_Enemy2
Creating struct: $NpcGroup_Enemy3
Creating struct: $NpcGroup_Enemy4
Creating struct: $NpcGroup_Enemy5
Creating struct: $NpcGroup_Enemy6
Creating struct: $ConstDouble_802473D8
Creating struct: $ConstDouble_802473E0
Creating struct: $ConstDouble_802473E8
Creating struct: $ConstDouble_802473F0
Creating struct: $ConstDouble_802473F8
Creating struct: $ConstDouble_80247400
Creating struct: $ConstDouble_80247438
Creating struct: $NpcSettings_Enemy1
Creating struct: $NpcSettings_Enemy1B
Creating struct: $Script_EnemyAI
Creating struct: $Script_EnemyAIB
Creating struct: $AISettings_Enemy
Creating struct: $Function_80240FB4
Creating struct: $Function_8024234C
Creating struct: $Function_802414C8
Creating struct: $Function_80241534
Creating struct: $Function_80241630
Creating struct: $Function_80242070
Creating struct: $Function_80242100
Creating struct: $Function_80242200
Creating struct: $Function_80242260
Creating struct: $PipeSpawning
Creating struct: $Script_MakeEntities
Creating struct: $CommingDownPipe
Creating struct: $Script_MakeExits
Creating struct: $Script_Exit0
Merged 1 regions to 1
$Script_LoadMap_Mover_Roguelike will be placed at 80240000 (length = F14 bytes)
$LoadMap will be placed at 80240F14 (length = EF4 bytes)
$Script_ReadSign will be placed at 80241E08 (length = EEC bytes)
$LoadMapBandit will be placed at 80242CF4 (length = EA4 bytes)
$Script_LoadMap_Roguelike will be placed at 80243B98 (length = D9C bytes)
$GoToNextLevel will be placed at 80244934 (length = D10 bytes)
$Function_80241630 will be placed at 80245644 (length = A10 bytes)
$GoToNextLevel_Roguelike will be placed at 80246054 (length = 868 bytes)
$SetSpawnsSpecial will be placed at 802468BC (length = 608 bytes)
$Function_80240260 will be placed at 80246EC4 (length = 5E4 bytes)
$NpcGroup_Enemy3 will be placed at 802474A8 (length = 3E0 bytes)
$NpcGroup_Enemy4 will be placed at 80247888 (length = 3E0 bytes)
$NpcGroup_Enemy5 will be placed at 80247C68 (length = 3E0 bytes)
$NpcGroup_Enemy6 will be placed at 80248048 (length = 3E0 bytes)
$NpcGroup_Enemy1 will be placed at 80248428 (length = 3E0 bytes)
$NpcGroup_Enemy2 will be placed at 80248808 (length = 3E0 bytes)
$SetSpawns will be placed at 80248BE8 (length = 384 bytes)
$FallingDownPipe will be placed at 80248F6C (length = 37C bytes)
$Script_SetSetsOfLevels will be placed at 802492E8 (length = 358 bytes)
$Script_SetNPCPos will be placed at 80249640 (length = 2F4 bytes)
$Function_80240FB4 will be placed at 80249934 (length = 260 bytes)
$Function_8024234C will be placed at 80249B94 (length = 250 bytes)
$Function_NpcAI_MoneySack will be placed at 80249DE4 (length = 238 bytes)
$Script_SetSpawnPosition will be placed at 8024A01C (length = 234 bytes)
$Script_SackAnimation_Start_GoToTheRight will be placed at 8024A250 (length = 230 bytes)
$Script_SackAnimation_Start_GoToTheLeft will be placed at 8024A480 (length = 1F8 bytes)
$Interact_Mover will be placed at 8024A678 (length = 1F8 bytes)
$NpcGroup_Mover will be placed at 8024A870 (length = 1F0 bytes)
$NpcGroup_BanditMover will be placed at 8024AA60 (length = 1F0 bytes)
$Interact_BanditMover will be placed at 8024AC50 (length = 1EC bytes)
$Script_PipeAnimation will be placed at 8024AE3C (length = 1D0 bytes)
$Script_Main will be placed at 8024B00C (length = 1C4 bytes)
$JumpTable_80242448 will be placed at 8024B1D0 (length = 190 bytes)
$Script_LoadChestMap_Mover_Roguelike will be placed at 8024B360 (length = 18C bytes)
$PipeSpawning will be placed at 8024B4EC (length = 178 bytes)
$NPC_Sack_AnimationStart will be placed at 8024B664 (length = 168 bytes)
$Function_80240844 will be placed at 8024B7CC (length = 164 bytes)
$Script_LoadChestMap_Roguelike will be placed at 8024B930 (length = 164 bytes)
$Script_NPC_SackHit_Init will be placed at 8024BA94 (length = 160 bytes)
$Script_SackAnimation_End_Right will be placed at 8024BBF4 (length = 158 bytes)
$Script_SackAnimation_End_Left will be placed at 8024BD4C (length = 150 bytes)
$MapTattle5 will be placed at 8024BE9C (length = 13C bytes)
$MapTattle4 will be placed at 8024BFD8 (length = 130 bytes)
$GetFloor will be placed at 8024C108 (length = 12C bytes)
$BanditMover_Tattle will be placed at 8024C234 (length = 124 bytes)
$Script_80243A6C will be placed at 8024C358 (length = 114 bytes)
$Script_SubstractCoins will be placed at 8024C46C (length = 10C bytes)
$Function_80242100 will be placed at 8024C578 (length = 104 bytes)
$Script_LoadMapMover_Roguelike will be placed at 8024C67C (length = 104 bytes)
$Function_80241534 will be placed at 8024C780 (length = FC bytes)
$GetFloorBandit will be placed at 8024C87C (length = F4 bytes)
$Script_MoverWarpAnimation will be placed at 8024C970 (length = F0 bytes)
$Function_80242260 will be placed at 8024CA60 (length = EC bytes)
$Function_GetColliderPos will be placed at 8024CB4C (length = E0 bytes)
$Function_GetPos will be placed at 8024CC2C (length = E0 bytes)
$Script_TrackPlayer will be placed at 8024CD0C (length = DC bytes)
$MapTattle2 will be placed at 8024CDE8 (length = D4 bytes)
$Script_EnemyAI will be placed at 8024CEBC (length = D4 bytes)
$Function_TrackInput will be placed at 8024CF90 (length = BC bytes)
$MapTattle3 will be placed at 8024D04C (length = B0 bytes)
$Script_MakeEntities will be placed at 8024D0FC (length = A8 bytes)
$MapTattle1 will be placed at 8024D1A4 (length = A8 bytes)
$Script_NpcAI_MoneySack will be placed at 8024D24C (length = A8 bytes)
$MoverStart will be placed at 8024D2F4 (length = A4 bytes)
$SwitchPath will be placed at 8024D398 (length = A4 bytes)
$Script_NPC_Sack_FX will be placed at 8024D43C (length = A4 bytes)
$GetPos will be placed at 8024D4E0 (length = 9C bytes)
$Script_AddCoins will be placed at 8024D57C (length = 98 bytes)
$BanditMoverStart will be placed at 8024D614 (length = 98 bytes)
$Mover_Tattle will be placed at 8024D6AC (length = 94 bytes)
$Function_80242070 will be placed at 8024D740 (length = 90 bytes)
$Function_GetTattle1 will be placed at 8024D7D0 (length = 8C bytes)
$NPC_Sack_AnimationEnd will be placed at 8024D85C (length = 84 bytes)
$BanditMover_Options will be placed at 8024D8E0 (length = 80 bytes)
$Script_EnemyAIB will be placed at 8024D960 (length = 80 bytes)
$SignStringBug will be placed at 8024D9E0 (length = 7C bytes)
$LoadHighscores will be placed at 8024DA5C (length = 7C bytes)
$Mover_Options will be placed at 8024DAD8 (length = 78 bytes)
$NpcGroups will be placed at 8024DB50 (length = 6C bytes)
$DeepestLevel will be placed at 8024DBBC (length = 6C bytes)
$Function2 will be placed at 8024DC28 (length = 6C bytes)
$Function_802414C8 will be placed at 8024DC94 (length = 6C bytes)
$LoadCoinsMover will be placed at 8024DD00 (length = 6C bytes)
$Function_SetAnimation will be placed at 8024DD6C (length = 6C bytes)
$GetFloorPit will be placed at 8024DDD8 (length = 68 bytes)
$MoverEnd will be placed at 8024DE40 (length = 68 bytes)
$BanditMoverEnd will be placed at 8024DEA8 (length = 68 bytes)
$GetFloorSign will be placed at 8024DF10 (length = 64 bytes)
$Function_80242200 will be placed at 8024DF74 (length = 60 bytes)
$BanditMoverNoCoins will be placed at 8024DFD4 (length = 58 bytes)
$MoverNoCoins will be placed at 8024E02C (length = 58 bytes)
$Function_GetTattle2 will be placed at 8024E084 (length = 48 bytes)
$CommingDownPipe will be placed at 8024E0CC (length = 48 bytes)
$Script_Exit0 will be placed at 8024E114 (length = 48 bytes)
$Function_LoadCoinsInToVar1 will be placed at 8024E15C (length = 48 bytes)
$Function_LoadGainedCoins will be placed at 8024E1A4 (length = 48 bytes)
$Function_Init will be placed at 8024E1EC (length = 44 bytes)
$Function_802409A8 will be placed at 8024E230 (length = 44 bytes)
$Header will be placed at 8024E274 (length = 40 bytes)
$Script_Init_Bag will be placed at 8024E2B4 (length = 38 bytes)
$TotalLevels will be placed at 8024E2EC (length = 38 bytes)
$Script_Init_Bag_HitBox will be placed at 8024E324 (length = 38 bytes)
$DispawnParthner will be placed at 8024E35C (length = 34 bytes)
$Function_ResetDamage will be placed at 8024E390 (length = 34 bytes)
$AISettings_MoneySack will be placed at 8024E3C4 (length = 30 bytes)
$AISettings_Enemy will be placed at 8024E3F4 (length = 30 bytes)
$RespawnParthner will be placed at 8024E424 (length = 30 bytes)
$NPC_Settings_Sack will be placed at 8024E454 (length = 2C bytes)
$Function_GetDamageTaken will be placed at 8024E480 (length = 2C bytes)
$NpcSettings_Enemy1 will be placed at 8024E4AC (length = 2C bytes)
$Function_RevivePlayer will be placed at 8024E4D8 (length = 2C bytes)
$String_CoinsGained will be placed at 8024E504 (length = 2C bytes)
$BlankSettings will be placed at 8024E530 (length = 2C bytes)
$NpcSettings_Enemy1B will be placed at 8024E55C (length = 2C bytes)
$Script_MakeExits will be placed at 8024E588 (length = 2C bytes)
$NpcGroup7 will be placed at 8024E5B4 (length = 24 bytes)
$VectorList_80244998 will be placed at 8024E5D8 (length = 24 bytes)
$Script_Init_80243B20 will be placed at 8024E5FC (length = 24 bytes)
$Script_Init_Mover will be placed at 8024E620 (length = 24 bytes)
$Script_Init_BanditMover will be placed at 8024E644 (length = 24 bytes)
$EntryList will be placed at 8024E668 (length = 20 bytes)
$NpcGroup6 will be placed at 8024E688 (length = 18 bytes)
$NpcGroup3 will be placed at 8024E6A0 (length = 18 bytes)
$NpcGroup2 will be placed at 8024E6B8 (length = 18 bytes)
$NpcGroup5 will be placed at 8024E6D0 (length = 18 bytes)
$NpcGroup4 will be placed at 8024E6E8 (length = 18 bytes)
$NpcGroup1 will be placed at 8024E700 (length = 18 bytes)
$SignString100 will be placed at 8024E718 (length = 18 bytes)
$SignString1 will be placed at 8024E730 (length = 14 bytes)
$SignString99 will be placed at 8024E744 (length = 14 bytes)
$SignString98 will be placed at 8024E758 (length = 14 bytes)
$SignString97 will be placed at 8024E76C (length = 14 bytes)
$SignString96 will be placed at 8024E780 (length = 14 bytes)
$SignString95 will be placed at 8024E794 (length = 14 bytes)
$SignString94 will be placed at 8024E7A8 (length = 14 bytes)
$SignString93 will be placed at 8024E7BC (length = 14 bytes)
$SignString92 will be placed at 8024E7D0 (length = 14 bytes)
$SignString91 will be placed at 8024E7E4 (length = 14 bytes)
$SignString90 will be placed at 8024E7F8 (length = 14 bytes)
$SignString59 will be placed at 8024E80C (length = 14 bytes)
$SignString58 will be placed at 8024E820 (length = 14 bytes)
$SignString57 will be placed at 8024E834 (length = 14 bytes)
$SignString56 will be placed at 8024E848 (length = 14 bytes)
$SignString55 will be placed at 8024E85C (length = 14 bytes)
$SignString54 will be placed at 8024E870 (length = 14 bytes)
$SignString53 will be placed at 8024E884 (length = 14 bytes)
$SignString52 will be placed at 8024E898 (length = 14 bytes)
$SignString51 will be placed at 8024E8AC (length = 14 bytes)
$SignString50 will be placed at 8024E8C0 (length = 14 bytes)
$SignString69 will be placed at 8024E8D4 (length = 14 bytes)
$SignString68 will be placed at 8024E8E8 (length = 14 bytes)
$SignString67 will be placed at 8024E8FC (length = 14 bytes)
$SignString66 will be placed at 8024E910 (length = 14 bytes)
$SignString65 will be placed at 8024E924 (length = 14 bytes)
$SignString64 will be placed at 8024E938 (length = 14 bytes)
$SignString63 will be placed at 8024E94C (length = 14 bytes)
$SignString62 will be placed at 8024E960 (length = 14 bytes)
$SignString61 will be placed at 8024E974 (length = 14 bytes)
$SignString60 will be placed at 8024E988 (length = 14 bytes)
$SignString79 will be placed at 8024E99C (length = 14 bytes)
$SignString78 will be placed at 8024E9B0 (length = 14 bytes)
$SignString77 will be placed at 8024E9C4 (length = 14 bytes)
$SignString76 will be placed at 8024E9D8 (length = 14 bytes)
$SignString75 will be placed at 8024E9EC (length = 14 bytes)
$SignString74 will be placed at 8024EA00 (length = 14 bytes)
$SignString73 will be placed at 8024EA14 (length = 14 bytes)
$SignString72 will be placed at 8024EA28 (length = 14 bytes)
$SignString71 will be placed at 8024EA3C (length = 14 bytes)
$SignString70 will be placed at 8024EA50 (length = 14 bytes)
$SignString89 will be placed at 8024EA64 (length = 14 bytes)
$SignString88 will be placed at 8024EA78 (length = 14 bytes)
$SignString87 will be placed at 8024EA8C (length = 14 bytes)
$SignString86 will be placed at 8024EAA0 (length = 14 bytes)
$SignString85 will be placed at 8024EAB4 (length = 14 bytes)
$SignString84 will be placed at 8024EAC8 (length = 14 bytes)
$SignString83 will be placed at 8024EADC (length = 14 bytes)
$SignString82 will be placed at 8024EAF0 (length = 14 bytes)
$SignString81 will be placed at 8024EB04 (length = 14 bytes)
$SignString80 will be placed at 8024EB18 (length = 14 bytes)
$SignString19 will be placed at 8024EB2C (length = 14 bytes)
$SignString18 will be placed at 8024EB40 (length = 14 bytes)
$SignString17 will be placed at 8024EB54 (length = 14 bytes)
$SignString16 will be placed at 8024EB68 (length = 14 bytes)
$SignString15 will be placed at 8024EB7C (length = 14 bytes)
$SignString14 will be placed at 8024EB90 (length = 14 bytes)
$SignString13 will be placed at 8024EBA4 (length = 14 bytes)
$SignString12 will be placed at 8024EBB8 (length = 14 bytes)
$SignString11 will be placed at 8024EBCC (length = 14 bytes)
$SignString10 will be placed at 8024EBE0 (length = 14 bytes)
$SignString3 will be placed at 8024EBF4 (length = 14 bytes)
$SignString2 will be placed at 8024EC08 (length = 14 bytes)
$SignString5 will be placed at 8024EC1C (length = 14 bytes)
$SignString4 will be placed at 8024EC30 (length = 14 bytes)
$SignString7 will be placed at 8024EC44 (length = 14 bytes)
$SignString6 will be placed at 8024EC58 (length = 14 bytes)
$SignString9 will be placed at 8024EC6C (length = 14 bytes)
$SignString8 will be placed at 8024EC80 (length = 14 bytes)
$SignString29 will be placed at 8024EC94 (length = 14 bytes)
$SignString28 will be placed at 8024ECA8 (length = 14 bytes)
$SignString27 will be placed at 8024ECBC (length = 14 bytes)
$SignString26 will be placed at 8024ECD0 (length = 14 bytes)
$SignString25 will be placed at 8024ECE4 (length = 14 bytes)
$SignString24 will be placed at 8024ECF8 (length = 14 bytes)
$SignString23 will be placed at 8024ED0C (length = 14 bytes)
$SignString22 will be placed at 8024ED20 (length = 14 bytes)
$SignString21 will be placed at 8024ED34 (length = 14 bytes)
$SignString20 will be placed at 8024ED48 (length = 14 bytes)
$SignString will be placed at 8024ED5C (length = 14 bytes)
$SignString39 will be placed at 8024ED70 (length = 14 bytes)
$SignString38 will be placed at 8024ED84 (length = 14 bytes)
$SignString37 will be placed at 8024ED98 (length = 14 bytes)
$SignString36 will be placed at 8024EDAC (length = 14 bytes)
$SignString35 will be placed at 8024EDC0 (length = 14 bytes)
$SignString34 will be placed at 8024EDD4 (length = 14 bytes)
$SignString33 will be placed at 8024EDE8 (length = 14 bytes)
$SignString32 will be placed at 8024EDFC (length = 14 bytes)
$SignString31 will be placed at 8024EE10 (length = 14 bytes)
$SignString30 will be placed at 8024EE24 (length = 14 bytes)
$SignString49 will be placed at 8024EE38 (length = 14 bytes)
$SignString48 will be placed at 8024EE4C (length = 14 bytes)
$SignString47 will be placed at 8024EE60 (length = 14 bytes)
$SignString46 will be placed at 8024EE74 (length = 14 bytes)
$SignString45 will be placed at 8024EE88 (length = 14 bytes)
$SignString44 will be placed at 8024EE9C (length = 14 bytes)
$SignString43 will be placed at 8024EEB0 (length = 14 bytes)
$SignString42 will be placed at 8024EEC4 (length = 14 bytes)
$SignString41 will be placed at 8024EED8 (length = 14 bytes)
$SignString40 will be placed at 8024EEEC (length = 14 bytes)
$ASCII_pit_02_Literal will be placed at 8024EF00 (length = C bytes)
$ASCII_pit_90_Literal will be placed at 8024EF0C (length = C bytes)
$ASCII_pit_34_Literal will be placed at 8024EF18 (length = C bytes)
$ASCII_pit_66_Literal will be placed at 8024EF24 (length = C bytes)
$ASCII_pit_98_Literal will be placed at 8024EF30 (length = C bytes)
$ASCII_pit_19_Literal will be placed at 8024EF3C (length = C bytes)
$ASCII_pit_57_Literal will be placed at 8024EF48 (length = C bytes)
$ASCII_pit_69_Literal will be placed at 8024EF54 (length = C bytes)
$ASCII_pit_72_Literal will be placed at 8024EF60 (length = C bytes)
$ASCII_pit_81_Literal will be placed at 8024EF6C (length = C bytes)
$ASCII_pit_43_Literal will be placed at 8024EF78 (length = C bytes)
$ASCII_pit_28_Literal will be placed at 8024EF84 (length = C bytes)
$ASCII_pit_78_Literal will be placed at 8024EF90 (length = C bytes)
$ASCII_pit_63_Literal will be placed at 8024EF9C (length = C bytes)
$ASCII_pit_46_Literal will be placed at 8024EFA8 (length = C bytes)
$ASCII_pit_95_Literal will be placed at 8024EFB4 (length = C bytes)
$ASCII_pit_16_Literal will be placed at 8024EFC0 (length = C bytes)
$ASCII_pit_37_Literal will be placed at 8024EFCC (length = C bytes)
$ASCII_pit_22_Literal will be placed at 8024EFD8 (length = C bytes)
$ASCII_pit_05_Literal will be placed at 8024EFE4 (length = C bytes)
$ASCII_pit_25_Literal will be placed at 8024EFF0 (length = C bytes)
$ASCII_pit_54_Literal will be placed at 8024EFFC (length = C bytes)
$ASCII_pit_08_Literal will be placed at 8024F008 (length = C bytes)
$ASCII_pit_87_Literal will be placed at 8024F014 (length = C bytes)
$ASCII_pit_75_Literal will be placed at 8024F020 (length = C bytes)
$ASCII_pit_13_Literal will be placed at 8024F02C (length = C bytes)
$ASCII_pit_32_Literal will be placed at 8024F038 (length = C bytes)
$ASCII_pit_92_Literal will be placed at 8024F044 (length = C bytes)
$ASCII_pit_17_Literal will be placed at 8024F050 (length = C bytes)
$ASCII_pit_49_Literal will be placed at 8024F05C (length = C bytes)
$ASCII_pit_77_Literal will be placed at 8024F068 (length = C bytes)
$ASCII_pit_96_Literal will be placed at 8024F074 (length = C bytes)
$ASCII_pit_68_Literal will be placed at 8024F080 (length = C bytes)
$ASCII_pit_51_Literal will be placed at 8024F08C (length = C bytes)
$ASCII_pit_04_Literal will be placed at 8024F098 (length = C bytes)
$ASCII_pit_83_Literal will be placed at 8024F0A4 (length = C bytes)
$ASCII_pit_86_Literal will be placed at 8024F0B0 (length = C bytes)
$ASCII_pit_26_Literal will be placed at 8024F0BC (length = C bytes)
$ASCII_pit_41_Literal will be placed at 8024F0C8 (length = C bytes)
$ASCII_pit_14_Literal will be placed at 8024F0D4 (length = C bytes)
$ASCII_pit_74_Literal will be placed at 8024F0E0 (length = C bytes)
$ASCII_pit_60_Literal will be placed at 8024F0EC (length = C bytes)
$ASCII_pit_59_Literal will be placed at 8024F0F8 (length = C bytes)
$ASCII_pit_93_Literal will be placed at 8024F104 (length = C bytes)
$ASCII_pit_65_Literal will be placed at 8024F110 (length = C bytes)
$ASCII_pit_07_Literal will be placed at 8024F11C (length = C bytes)
$ASCII_pit_20_Literal will be placed at 8024F128 (length = C bytes)
$ASCII_pit_35_Literal will be placed at 8024F134 (length = C bytes)
$ASCII_pit_23_Literal will be placed at 8024F140 (length = C bytes)
$ASCII_pit_11_Literal will be placed at 8024F14C (length = C bytes)
$ASCII_pit_56_Literal will be placed at 8024F158 (length = C bytes)
$ASCII_pit_44_Literal will be placed at 8024F164 (length = C bytes)
$ASCII_pit_89_Literal will be placed at 8024F170 (length = C bytes)
$ASCII_pit_79_Literal will be placed at 8024F17C (length = C bytes)
$ASCII_pit_62_Literal will be placed at 8024F188 (length = C bytes)
$ASCII_pit_94_Literal will be placed at 8024F194 (length = C bytes)
$ASCII_pit_47_Literal will be placed at 8024F1A0 (length = C bytes)
$ASCII_pit_21_Literal will be placed at 8024F1AC (length = C bytes)
$ASCII_pit_06_Literal will be placed at 8024F1B8 (length = C bytes)
$ASCII_pit_53_Literal will be placed at 8024F1C4 (length = C bytes)
$ASCII_pit_09_Literal will be placed at 8024F1D0 (length = C bytes)
$ASCII_pit_88_Literal will be placed at 8024F1DC (length = C bytes)
$ASCII_pit_38_Literal will be placed at 8024F1E8 (length = C bytes)
$ASCII_pit_24_Literal will be placed at 8024F1F4 (length = C bytes)
$ASCII_pit_12_Literal will be placed at 8024F200 (length = C bytes)
$ASCII_pit_76_Literal will be placed at 8024F20C (length = C bytes)
$ASCII_pit_01_Literal will be placed at 8024F218 (length = C bytes)
$ASCII_pit_50_Literal will be placed at 8024F224 (length = C bytes)
$ASCII_pit_33_Literal will be placed at 8024F230 (length = C bytes)
$ASCII_pit_99_Literal will be placed at 8024F23C (length = C bytes)
$ASCII_pit_67_Literal will be placed at 8024F248 (length = C bytes)
$ASCII_pit_71_Literal will be placed at 8024F254 (length = C bytes)
$ASCII_pit_42_Literal will be placed at 8024F260 (length = C bytes)
$ASCII_pit_80_Literal will be placed at 8024F26C (length = C bytes)
$ASCII_pit_29_Literal will be placed at 8024F278 (length = C bytes)
$ASCII_pit_58_Literal will be placed at 8024F284 (length = C bytes)
$ASCII_pit_30_Literal will be placed at 8024F290 (length = C bytes)
$ASCII_pit_00_Literal will be placed at 8024F29C (length = C bytes)
$ASCII_pit_64_Literal will be placed at 8024F2A8 (length = C bytes)
$ASCII_pit_36_Literal will be placed at 8024F2B4 (length = C bytes)
$ASCII_pit_55_Literal will be placed at 8024F2C0 (length = C bytes)
$ASCII_pit_10_Literal will be placed at 8024F2CC (length = C bytes)
$ASCII_pit_45_Literal will be placed at 8024F2D8 (length = C bytes)
$ASCII_pit_18_Literal will be placed at 8024F2E4 (length = C bytes)
$ASCII_pit_48_Literal will be placed at 8024F2F0 (length = C bytes)
$ASCII_pit_03_Literal will be placed at 8024F2FC (length = C bytes)
$ASCII_pit_31_Literal will be placed at 8024F308 (length = C bytes)
$ASCII_pit_91_Literal will be placed at 8024F314 (length = C bytes)
$ASCII_pit_97_Literal will be placed at 8024F320 (length = C bytes)
$ASCII_pit_82_Literal will be placed at 8024F32C (length = C bytes)
$ASCII_pit_52_Literal will be placed at 8024F338 (length = C bytes)
$ASCII_pit_70_Literal will be placed at 8024F344 (length = C bytes)
$ASCII_pit_85_Literal will be placed at 8024F350 (length = C bytes)
$ASCII_pit_40_Literal will be placed at 8024F35C (length = C bytes)
$ASCII_pit_39_Literal will be placed at 8024F368 (length = C bytes)
$ASCII_pit_73_Literal will be placed at 8024F374 (length = C bytes)
$ASCII_pit_15_Literal will be placed at 8024F380 (length = C bytes)
$ASCII_pit_27_Literal will be placed at 8024F38C (length = C bytes)
$ASCII_pit_61_Literal will be placed at 8024F398 (length = C bytes)
$ConstDouble_802473E8 will be placed at 8024F3A4 (length = 8 bytes)
$ConstDouble_802473E0 will be placed at 8024F3AC (length = 8 bytes)
$ConstDouble_802473D8 will be placed at 8024F3B4 (length = 8 bytes)
$ConstDouble_802473F8 will be placed at 8024F3BC (length = 8 bytes)
$ConstDouble_802473F0 will be placed at 8024F3C4 (length = 8 bytes)
$ConstDouble_80247438 will be placed at 8024F3CC (length = 8 bytes)
$ConstDouble_80247400 will be placed at 8024F3D4 (length = 8 bytes)
$ASCII_pit_842_Literal will be placed at 8024F3DC (length = 8 bytes)
$ASCII_pit_100_Literal will be placed at 8024F3E4 (length = 8 bytes)
$ASCII_tik_tex_Literal will be placed at 8024F3EC (length = 8 bytes)
$MoverCancel will be placed at 8024F3F4 (length = 4 bytes)
$BanditMoverCancel will be placed at 8024F3F8 (length = 4 bytes)
Executing patch: pit_48.mpat
Loaded map pit_01
Creating struct: $EntryList
Creating struct: $DeepestLevel
Creating struct: $TotalLevels
Creating struct: $LoadHighscores
Creating struct: $FallingDownPipe
Creating struct: $Function_GetPos
Creating struct: $Function2
Creating struct: $SetSpawns
Creating struct: $Script_SetNPCPos
Creating struct: $SwitchPath
Creating struct: $VectorList_80244998
Creating struct: $GetPos
Creating struct: $Function_GetDamageTaken
Creating struct: $Function_ResetDamage
Creating struct: $DispawnParthner
Creating struct: $RespawnParthner
Creating struct: $LoadMap
Creating struct: $Script_LoadMapMover_Roguelike
Creating struct: $GetFloor
Creating struct: $LoadCoinsMover
Creating struct: $LoadMapBandit
Creating struct: $GetFloorBandit
Creating struct: $Script_Init_80243B20
Creating struct: $Script_80243A6C
Creating struct: $Script_AddCoins
Creating struct: $Script_SubstractCoins
Creating struct: $NPC_Settings_Sack
Creating struct: $Script_Init_Bag
Creating struct: $Script_Init_Bag_HitBox
Creating struct: $Script_NPC_SackHit_Init
Creating struct: $Script_NPC_Sack_FX
Creating struct: $NPC_Sack_AnimationStart
Creating struct: $NPC_Sack_AnimationEnd
Creating struct: $Script_SackAnimation_Start_GoToTheRight
Creating struct: $Script_SackAnimation_Start_GoToTheLeft
Creating struct: $Script_SackAnimation_End_Right
Creating struct: $Script_SackAnimation_End_Left
Creating struct: $Function_LoadGainedCoins
Creating struct: $Function_RevivePlayer
Creating struct: $AISettings_MoneySack
Creating struct: $Script_NpcAI_MoneySack
Creating struct: $JumpTable_80242448
Creating struct: $Function_NpcAI_MoneySack
Creating struct: $Function_80240260
Creating struct: $Function_80240844
Creating struct: $Function_802409A8
Creating struct: $Script_TrackPlayer
Creating struct: $Script_PipeAnimation
Creating struct: $Function_SetAnimation
Creating struct: $Function_GetColliderPos
Creating struct: $Function_TrackInput
Creating struct: $GoToNextLevel
Creating struct: $GoToNextLevel_Roguelike
Creating struct: $Script_SetSetsOfLevels
Creating struct: $Script_LoadMap_Roguelike
Creating struct: $Script_LoadChestMap_Roguelike
Creating struct: $Script_LoadMap_Mover_Roguelike
Creating struct: $Script_LoadChestMap_Mover_Roguelike
Creating struct: $GetFloorPit
Creating struct: $GetFloorSign
Creating struct: $Function_GetTattle1
Creating struct: $Function_GetTattle2
Creating struct: $Script_ReadSign
Creating struct: $Header
Creating struct: $Function_Init
Creating struct: $Script_Main
Creating struct: $NpcGroups
Creating struct: $NpcGroup_Mover
Creating struct: $BlankSettings
Creating struct: $Script_Init_Mover
Creating struct: $Interact_Mover
Creating struct: $Script_MoverWarpAnimation
Creating struct: $NpcGroup_BanditMover
Creating struct: $Script_Init_BanditMover
Creating struct: $Interact_BanditMover
Creating struct: $NpcGroup_Enemy1
Creating struct: $NpcGroup_Enemy2
Creating struct: $NpcGroup_Enemy3
Creating struct: $NpcGroup_Enemy4
Creating struct: $NpcGroup_Enemy5
Creating struct: $NpcGroup_Enemy6
Creating struct: $NpcSettings_Enemy1
Creating struct: $Script_EnemyAI
Creating struct: $AISettings_Enemy
Creating struct: $Script_DisableEnemyAI
Creating struct: $AISettings_DisableEnemy
Creating struct: $PipeSpawning
Creating struct: $Script_MakeEntities
Creating struct: $CommingDownPipe
Creating struct: $Script_MakeExits
Creating struct: $Script_Exit0
Merged 1 regions to 1
$Script_LoadMap_Mover_Roguelike will be placed at 80240000 (length = F14 bytes)
$LoadMap will be placed at 80240F14 (length = EF4 bytes)
$Script_ReadSign will be placed at 80241E08 (length = EEC bytes)
$LoadMapBandit will be placed at 80242CF4 (length = EA4 bytes)
$Script_LoadMap_Roguelike will be placed at 80243B98 (length = D9C bytes)
$GoToNextLevel will be placed at 80244934 (length = D10 bytes)
$GoToNextLevel_Roguelike will be placed at 80245644 (length = 868 bytes)
$Function_80240260 will be placed at 80245EAC (length = 5E4 bytes)
$SetSpawns will be placed at 80246490 (length = 384 bytes)
$FallingDownPipe will be placed at 80246814 (length = 37C bytes)
$Script_SetSetsOfLevels will be placed at 80246B90 (length = 358 bytes)
$Script_SetNPCPos will be placed at 80246EE8 (length = 2F4 bytes)
$Function_NpcAI_MoneySack will be placed at 802471DC (length = 238 bytes)
$Script_SackAnimation_Start_GoToTheRight will be placed at 80247414 (length = 230 bytes)
$Script_SackAnimation_Start_GoToTheLeft will be placed at 80247644 (length = 1F8 bytes)
$Interact_Mover will be placed at 8024783C (length = 1F8 bytes)
$NpcGroup_Enemy3 will be placed at 80247A34 (length = 1F0 bytes)
$NpcGroup_Enemy4 will be placed at 80247C24 (length = 1F0 bytes)
$NpcGroup_Enemy5 will be placed at 80247E14 (length = 1F0 bytes)
$NpcGroup_Enemy6 will be placed at 80248004 (length = 1F0 bytes)
$NpcGroup_Enemy1 will be placed at 802481F4 (length = 1F0 bytes)
$NpcGroup_Enemy2 will be placed at 802483E4 (length = 1F0 bytes)
$NpcGroup_Mover will be placed at 802485D4 (length = 1F0 bytes)
$NpcGroup_BanditMover will be placed at 802487C4 (length = 1F0 bytes)
$Interact_BanditMover will be placed at 802489B4 (length = 1EC bytes)
$Script_PipeAnimation will be placed at 80248BA0 (length = 1D0 bytes)
$JumpTable_80242448 will be placed at 80248D70 (length = 190 bytes)
$Script_LoadChestMap_Mover_Roguelike will be placed at 80248F00 (length = 18C bytes)
$PipeSpawning will be placed at 8024908C (length = 178 bytes)
$NPC_Sack_AnimationStart will be placed at 80249204 (length = 168 bytes)
$Function_80240844 will be placed at 8024936C (length = 164 bytes)
$Script_LoadChestMap_Roguelike will be placed at 802494D0 (length = 164 bytes)
$Script_NPC_SackHit_Init will be placed at 80249634 (length = 160 bytes)
$Script_SackAnimation_End_Right will be placed at 80249794 (length = 158 bytes)
$Script_SackAnimation_End_Left will be placed at 802498EC (length = 150 bytes)
$MapTattle5 will be placed at 80249A3C (length = 13C bytes)
$MapTattle4 will be placed at 80249B78 (length = 130 bytes)
$GetFloor will be placed at 80249CA8 (length = 12C bytes)
$BanditMover_Tattle will be placed at 80249DD4 (length = 124 bytes)
$Script_Main will be placed at 80249EF8 (length = 120 bytes)
$Script_80243A6C will be placed at 8024A018 (length = 114 bytes)
$Script_SubstractCoins will be placed at 8024A12C (length = 10C bytes)
$Script_LoadMapMover_Roguelike will be placed at 8024A238 (length = 104 bytes)
$GetFloorBandit will be placed at 8024A33C (length = F4 bytes)
$Script_MoverWarpAnimation will be placed at 8024A430 (length = F0 bytes)
$Function_GetColliderPos will be placed at 8024A520 (length = E0 bytes)
$Function_GetPos will be placed at 8024A600 (length = E0 bytes)
$Script_TrackPlayer will be placed at 8024A6E0 (length = DC bytes)
$MapTattle2 will be placed at 8024A7BC (length = D4 bytes)
$Function_TrackInput will be placed at 8024A890 (length = BC bytes)
$MapTattle3 will be placed at 8024A94C (length = B0 bytes)
$Script_MakeEntities will be placed at 8024A9FC (length = A8 bytes)
$MapTattle1 will be placed at 8024AAA4 (length = A8 bytes)
$Script_NpcAI_MoneySack will be placed at 8024AB4C (length = A8 bytes)
$MoverStart will be placed at 8024ABF4 (length = A4 bytes)
$SwitchPath will be placed at 8024AC98 (length = A4 bytes)
$Script_NPC_Sack_FX will be placed at 8024AD3C (length = A4 bytes)
$GetPos will be placed at 8024ADE0 (length = 9C bytes)
$Script_AddCoins will be placed at 8024AE7C (length = 98 bytes)
$BanditMoverStart will be placed at 8024AF14 (length = 98 bytes)
$Mover_Tattle will be placed at 8024AFAC (length = 94 bytes)
$Function_GetTattle1 will be placed at 8024B040 (length = 8C bytes)
$NPC_Sack_AnimationEnd will be placed at 8024B0CC (length = 84 bytes)
$BanditMover_Options will be placed at 8024B150 (length = 80 bytes)
$SignStringBug will be placed at 8024B1D0 (length = 7C bytes)
$LoadHighscores will be placed at 8024B24C (length = 7C bytes)
$Mover_Options will be placed at 8024B2C8 (length = 78 bytes)
$NpcGroups will be placed at 8024B340 (length = 6C bytes)
$DeepestLevel will be placed at 8024B3AC (length = 6C bytes)
$Function2 will be placed at 8024B418 (length = 6C bytes)
$LoadCoinsMover will be placed at 8024B484 (length = 6C bytes)
$Function_SetAnimation will be placed at 8024B4F0 (length = 6C bytes)
$GetFloorPit will be placed at 8024B55C (length = 68 bytes)
$MoverEnd will be placed at 8024B5C4 (length = 68 bytes)
$BanditMoverEnd will be placed at 8024B62C (length = 68 bytes)
$GetFloorSign will be placed at 8024B694 (length = 64 bytes)
$BanditMoverNoCoins will be placed at 8024B6F8 (length = 58 bytes)
$MoverNoCoins will be placed at 8024B750 (length = 58 bytes)
$Function_GetTattle2 will be placed at 8024B7A8 (length = 48 bytes)
$CommingDownPipe will be placed at 8024B7F0 (length = 48 bytes)
$Script_Exit0 will be placed at 8024B838 (length = 48 bytes)
$Function_LoadGainedCoins will be placed at 8024B880 (length = 48 bytes)
$Function_Init will be placed at 8024B8C8 (length = 44 bytes)
$Function_802409A8 will be placed at 8024B90C (length = 44 bytes)
$Header will be placed at 8024B950 (length = 40 bytes)
$Script_Init_Bag will be placed at 8024B990 (length = 38 bytes)
$TotalLevels will be placed at 8024B9C8 (length = 38 bytes)
$Script_Init_Bag_HitBox will be placed at 8024BA00 (length = 38 bytes)
$DispawnParthner will be placed at 8024BA38 (length = 34 bytes)
$Function_ResetDamage will be placed at 8024BA6C (length = 34 bytes)
$AISettings_MoneySack will be placed at 8024BAA0 (length = 30 bytes)
$AISettings_Enemy will be placed at 8024BAD0 (length = 30 bytes)
$AISettings_DisableEnemy will be placed at 8024BB00 (length = 30 bytes)
$RespawnParthner will be placed at 8024BB30 (length = 30 bytes)
$NPC_Settings_Sack will be placed at 8024BB60 (length = 2C bytes)
$Function_GetDamageTaken will be placed at 8024BB8C (length = 2C bytes)
$Function_RevivePlayer will be placed at 8024BBB8 (length = 2C bytes)
$String_CoinsGained will be placed at 8024BBE4 (length = 2C bytes)
$BlankSettings will be placed at 8024BC10 (length = 2C bytes)
$Script_MakeExits will be placed at 8024BC3C (length = 2C bytes)
$NpcSettings_Enemy1 will be placed at 8024BC68 (length = 24 bytes)
$VectorList_80244998 will be placed at 8024BC8C (length = 24 bytes)
$Script_Init_80243B20 will be placed at 8024BCB0 (length = 24 bytes)
$Script_Init_Mover will be placed at 8024BCD4 (length = 24 bytes)
$Script_Init_BanditMover will be placed at 8024BCF8 (length = 24 bytes)
$Script_DisableEnemyAI will be placed at 8024BD1C (length = 20 bytes)
$EntryList will be placed at 8024BD3C (length = 20 bytes)
$Script_EnemyAI will be placed at 8024BD5C (length = 20 bytes)
$SignString100 will be placed at 8024BD7C (length = 18 bytes)
$SignString1 will be placed at 8024BD94 (length = 14 bytes)
$SignString99 will be placed at 8024BDA8 (length = 14 bytes)
$SignString98 will be placed at 8024BDBC (length = 14 bytes)
$SignString97 will be placed at 8024BDD0 (length = 14 bytes)
$SignString96 will be placed at 8024BDE4 (length = 14 bytes)
$SignString95 will be placed at 8024BDF8 (length = 14 bytes)
$SignString94 will be placed at 8024BE0C (length = 14 bytes)
$SignString93 will be placed at 8024BE20 (length = 14 bytes)
$SignString92 will be placed at 8024BE34 (length = 14 bytes)
$SignString91 will be placed at 8024BE48 (length = 14 bytes)
$SignString90 will be placed at 8024BE5C (length = 14 bytes)
$SignString59 will be placed at 8024BE70 (length = 14 bytes)
$SignString58 will be placed at 8024BE84 (length = 14 bytes)
$SignString57 will be placed at 8024BE98 (length = 14 bytes)
$SignString56 will be placed at 8024BEAC (length = 14 bytes)
$SignString55 will be placed at 8024BEC0 (length = 14 bytes)
$SignString54 will be placed at 8024BED4 (length = 14 bytes)
$SignString53 will be placed at 8024BEE8 (length = 14 bytes)
$SignString52 will be placed at 8024BEFC (length = 14 bytes)
$SignString51 will be placed at 8024BF10 (length = 14 bytes)
$SignString50 will be placed at 8024BF24 (length = 14 bytes)
$SignString69 will be placed at 8024BF38 (length = 14 bytes)
$SignString68 will be placed at 8024BF4C (length = 14 bytes)
$SignString67 will be placed at 8024BF60 (length = 14 bytes)
$SignString66 will be placed at 8024BF74 (length = 14 bytes)
$SignString65 will be placed at 8024BF88 (length = 14 bytes)
$SignString64 will be placed at 8024BF9C (length = 14 bytes)
$SignString63 will be placed at 8024BFB0 (length = 14 bytes)
$SignString62 will be placed at 8024BFC4 (length = 14 bytes)
$SignString61 will be placed at 8024BFD8 (length = 14 bytes)
$SignString60 will be placed at 8024BFEC (length = 14 bytes)
$SignString79 will be placed at 8024C000 (length = 14 bytes)
$SignString78 will be placed at 8024C014 (length = 14 bytes)
$SignString77 will be placed at 8024C028 (length = 14 bytes)
$SignString76 will be placed at 8024C03C (length = 14 bytes)
$SignString75 will be placed at 8024C050 (length = 14 bytes)
$SignString74 will be placed at 8024C064 (length = 14 bytes)
$SignString73 will be placed at 8024C078 (length = 14 bytes)
$SignString72 will be placed at 8024C08C (length = 14 bytes)
$SignString71 will be placed at 8024C0A0 (length = 14 bytes)
$SignString70 will be placed at 8024C0B4 (length = 14 bytes)
$SignString89 will be placed at 8024C0C8 (length = 14 bytes)
$SignString88 will be placed at 8024C0DC (length = 14 bytes)
$SignString87 will be placed at 8024C0F0 (length = 14 bytes)
$SignString86 will be placed at 8024C104 (length = 14 bytes)
$SignString85 will be placed at 8024C118 (length = 14 bytes)
$SignString84 will be placed at 8024C12C (length = 14 bytes)
$SignString83 will be placed at 8024C140 (length = 14 bytes)
$SignString82 will be placed at 8024C154 (length = 14 bytes)
$SignString81 will be placed at 8024C168 (length = 14 bytes)
$SignString80 will be placed at 8024C17C (length = 14 bytes)
$SignString19 will be placed at 8024C190 (length = 14 bytes)
$SignString18 will be placed at 8024C1A4 (length = 14 bytes)
$SignString17 will be placed at 8024C1B8 (length = 14 bytes)
$SignString16 will be placed at 8024C1CC (length = 14 bytes)
$SignString15 will be placed at 8024C1E0 (length = 14 bytes)
$SignString14 will be placed at 8024C1F4 (length = 14 bytes)
$SignString13 will be placed at 8024C208 (length = 14 bytes)
$SignString12 will be placed at 8024C21C (length = 14 bytes)
$SignString11 will be placed at 8024C230 (length = 14 bytes)
$SignString10 will be placed at 8024C244 (length = 14 bytes)
$SignString3 will be placed at 8024C258 (length = 14 bytes)
$SignString2 will be placed at 8024C26C (length = 14 bytes)
$SignString5 will be placed at 8024C280 (length = 14 bytes)
$SignString4 will be placed at 8024C294 (length = 14 bytes)
$SignString7 will be placed at 8024C2A8 (length = 14 bytes)
$SignString6 will be placed at 8024C2BC (length = 14 bytes)
$SignString9 will be placed at 8024C2D0 (length = 14 bytes)
$SignString8 will be placed at 8024C2E4 (length = 14 bytes)
$SignString29 will be placed at 8024C2F8 (length = 14 bytes)
$SignString28 will be placed at 8024C30C (length = 14 bytes)
$SignString27 will be placed at 8024C320 (length = 14 bytes)
$SignString26 will be placed at 8024C334 (length = 14 bytes)
$SignString25 will be placed at 8024C348 (length = 14 bytes)
$SignString24 will be placed at 8024C35C (length = 14 bytes)
$SignString23 will be placed at 8024C370 (length = 14 bytes)
$SignString22 will be placed at 8024C384 (length = 14 bytes)
$SignString21 will be placed at 8024C398 (length = 14 bytes)
$SignString20 will be placed at 8024C3AC (length = 14 bytes)
$SignString will be placed at 8024C3C0 (length = 14 bytes)
$SignString39 will be placed at 8024C3D4 (length = 14 bytes)
$SignString38 will be placed at 8024C3E8 (length = 14 bytes)
$SignString37 will be placed at 8024C3FC (length = 14 bytes)
$SignString36 will be placed at 8024C410 (length = 14 bytes)
$SignString35 will be placed at 8024C424 (length = 14 bytes)
$SignString34 will be placed at 8024C438 (length = 14 bytes)
$SignString33 will be placed at 8024C44C (length = 14 bytes)
$SignString32 will be placed at 8024C460 (length = 14 bytes)
$SignString31 will be placed at 8024C474 (length = 14 bytes)
$SignString30 will be placed at 8024C488 (length = 14 bytes)
$SignString49 will be placed at 8024C49C (length = 14 bytes)
$SignString48 will be placed at 8024C4B0 (length = 14 bytes)
$SignString47 will be placed at 8024C4C4 (length = 14 bytes)
$SignString46 will be placed at 8024C4D8 (length = 14 bytes)
$SignString45 will be placed at 8024C4EC (length = 14 bytes)
$SignString44 will be placed at 8024C500 (length = 14 bytes)
$SignString43 will be placed at 8024C514 (length = 14 bytes)
$SignString42 will be placed at 8024C528 (length = 14 bytes)
$SignString41 will be placed at 8024C53C (length = 14 bytes)
$SignString40 will be placed at 8024C550 (length = 14 bytes)
$ASCII_pit_02_Literal will be placed at 8024C564 (length = C bytes)
$ASCII_pit_90_Literal will be placed at 8024C570 (length = C bytes)
$ASCII_pit_34_Literal will be placed at 8024C57C (length = C bytes)
$ASCII_pit_66_Literal will be placed at 8024C588 (length = C bytes)
$ASCII_pit_98_Literal will be placed at 8024C594 (length = C bytes)
$ASCII_pit_19_Literal will be placed at 8024C5A0 (length = C bytes)
$ASCII_pit_57_Literal will be placed at 8024C5AC (length = C bytes)
$ASCII_pit_69_Literal will be placed at 8024C5B8 (length = C bytes)
$ASCII_pit_72_Literal will be placed at 8024C5C4 (length = C bytes)
$ASCII_pit_81_Literal will be placed at 8024C5D0 (length = C bytes)
$ASCII_pit_43_Literal will be placed at 8024C5DC (length = C bytes)
$ASCII_pit_28_Literal will be placed at 8024C5E8 (length = C bytes)
$ASCII_pit_78_Literal will be placed at 8024C5F4 (length = C bytes)
$ASCII_pit_63_Literal will be placed at 8024C600 (length = C bytes)
$ASCII_pit_46_Literal will be placed at 8024C60C (length = C bytes)
$ASCII_pit_95_Literal will be placed at 8024C618 (length = C bytes)
$ASCII_pit_16_Literal will be placed at 8024C624 (length = C bytes)
$ASCII_pit_37_Literal will be placed at 8024C630 (length = C bytes)
$ASCII_pit_22_Literal will be placed at 8024C63C (length = C bytes)
$ASCII_pit_05_Literal will be placed at 8024C648 (length = C bytes)
$ASCII_pit_25_Literal will be placed at 8024C654 (length = C bytes)
$ASCII_pit_54_Literal will be placed at 8024C660 (length = C bytes)
$ASCII_pit_08_Literal will be placed at 8024C66C (length = C bytes)
$ASCII_pit_87_Literal will be placed at 8024C678 (length = C bytes)
$ASCII_pit_75_Literal will be placed at 8024C684 (length = C bytes)
$ASCII_pit_13_Literal will be placed at 8024C690 (length = C bytes)
$ASCII_pit_32_Literal will be placed at 8024C69C (length = C bytes)
$ASCII_pit_92_Literal will be placed at 8024C6A8 (length = C bytes)
$ASCII_pit_17_Literal will be placed at 8024C6B4 (length = C bytes)
$ASCII_pit_49_Literal will be placed at 8024C6C0 (length = C bytes)
$ASCII_pit_77_Literal will be placed at 8024C6CC (length = C bytes)
$ASCII_pit_96_Literal will be placed at 8024C6D8 (length = C bytes)
$ASCII_pit_68_Literal will be placed at 8024C6E4 (length = C bytes)
$ASCII_pit_51_Literal will be placed at 8024C6F0 (length = C bytes)
$ASCII_pit_04_Literal will be placed at 8024C6FC (length = C bytes)
$ASCII_pit_83_Literal will be placed at 8024C708 (length = C bytes)
$ASCII_pit_86_Literal will be placed at 8024C714 (length = C bytes)
$ASCII_pit_26_Literal will be placed at 8024C720 (length = C bytes)
$ASCII_pit_41_Literal will be placed at 8024C72C (length = C bytes)
$ASCII_pit_14_Literal will be placed at 8024C738 (length = C bytes)
$ASCII_pit_74_Literal will be placed at 8024C744 (length = C bytes)
$ASCII_pit_60_Literal will be placed at 8024C750 (length = C bytes)
$ASCII_pit_59_Literal will be placed at 8024C75C (length = C bytes)
$ASCII_pit_93_Literal will be placed at 8024C768 (length = C bytes)
$ASCII_pit_65_Literal will be placed at 8024C774 (length = C bytes)
$ASCII_pit_07_Literal will be placed at 8024C780 (length = C bytes)
$ASCII_pit_20_Literal will be placed at 8024C78C (length = C bytes)
$ASCII_pit_35_Literal will be placed at 8024C798 (length = C bytes)
$ASCII_pit_23_Literal will be placed at 8024C7A4 (length = C bytes)
$ASCII_pit_11_Literal will be placed at 8024C7B0 (length = C bytes)
$ASCII_pit_56_Literal will be placed at 8024C7BC (length = C bytes)
$ASCII_pit_44_Literal will be placed at 8024C7C8 (length = C bytes)
$ASCII_pit_89_Literal will be placed at 8024C7D4 (length = C bytes)
$ASCII_pit_79_Literal will be placed at 8024C7E0 (length = C bytes)
$ASCII_pit_62_Literal will be placed at 8024C7EC (length = C bytes)
$ASCII_pit_94_Literal will be placed at 8024C7F8 (length = C bytes)
$ASCII_pit_47_Literal will be placed at 8024C804 (length = C bytes)
$ASCII_pit_21_Literal will be placed at 8024C810 (length = C bytes)
$ASCII_pit_06_Literal will be placed at 8024C81C (length = C bytes)
$ASCII_pit_53_Literal will be placed at 8024C828 (length = C bytes)
$ASCII_pit_09_Literal will be placed at 8024C834 (length = C bytes)
$ASCII_pit_88_Literal will be placed at 8024C840 (length = C bytes)
$ASCII_pit_38_Literal will be placed at 8024C84C (length = C bytes)
$ASCII_pit_24_Literal will be placed at 8024C858 (length = C bytes)
$ASCII_pit_12_Literal will be placed at 8024C864 (length = C bytes)
$ASCII_pit_76_Literal will be placed at 8024C870 (length = C bytes)
$ASCII_pit_01_Literal will be placed at 8024C87C (length = C bytes)
$ASCII_pit_50_Literal will be placed at 8024C888 (length = C bytes)
$ASCII_pit_33_Literal will be placed at 8024C894 (length = C bytes)
$ASCII_pit_99_Literal will be placed at 8024C8A0 (length = C bytes)
$ASCII_pit_67_Literal will be placed at 8024C8AC (length = C bytes)
$ASCII_pit_71_Literal will be placed at 8024C8B8 (length = C bytes)
$ASCII_pit_42_Literal will be placed at 8024C8C4 (length = C bytes)
$ASCII_pit_80_Literal will be placed at 8024C8D0 (length = C bytes)
$ASCII_pit_29_Literal will be placed at 8024C8DC (length = C bytes)
$ASCII_pit_58_Literal will be placed at 8024C8E8 (length = C bytes)
$ASCII_pit_30_Literal will be placed at 8024C8F4 (length = C bytes)
$ASCII_pit_00_Literal will be placed at 8024C900 (length = C bytes)
$ASCII_pit_64_Literal will be placed at 8024C90C (length = C bytes)
$ASCII_pit_36_Literal will be placed at 8024C918 (length = C bytes)
$ASCII_pit_55_Literal will be placed at 8024C924 (length = C bytes)
$ASCII_pit_10_Literal will be placed at 8024C930 (length = C bytes)
$ASCII_pit_45_Literal will be placed at 8024C93C (length = C bytes)
$ASCII_pit_18_Literal will be placed at 8024C948 (length = C bytes)
$ASCII_pit_48_Literal will be placed at 8024C954 (length = C bytes)
$ASCII_pit_03_Literal will be placed at 8024C960 (length = C bytes)
$ASCII_pit_31_Literal will be placed at 8024C96C (length = C bytes)
$ASCII_pit_91_Literal will be placed at 8024C978 (length = C bytes)
$ASCII_pit_97_Literal will be placed at 8024C984 (length = C bytes)
$ASCII_pit_82_Literal will be placed at 8024C990 (length = C bytes)
$ASCII_pit_52_Literal will be placed at 8024C99C (length = C bytes)
$ASCII_pit_70_Literal will be placed at 8024C9A8 (length = C bytes)
$ASCII_pit_85_Literal will be placed at 8024C9B4 (length = C bytes)
$ASCII_pit_40_Literal will be placed at 8024C9C0 (length = C bytes)
$ASCII_pit_39_Literal will be placed at 8024C9CC (length = C bytes)
$ASCII_pit_73_Literal will be placed at 8024C9D8 (length = C bytes)
$ASCII_pit_15_Literal will be placed at 8024C9E4 (length = C bytes)
$ASCII_pit_27_Literal will be placed at 8024C9F0 (length = C bytes)
$ASCII_pit_61_Literal will be placed at 8024C9FC (length = C bytes)
$ASCII_pit_842_Literal will be placed at 8024CA08 (length = 8 bytes)
$ASCII_pit_100_Literal will be placed at 8024CA10 (length = 8 bytes)
$ASCII_tik_tex_Literal will be placed at 8024CA18 (length = 8 bytes)
$MoverCancel will be placed at 8024CA20 (length = 4 bytes)
$BanditMoverCancel will be placed at 8024CA24 (length = 4 bytes)
Executing patch: pit_49.mpat
Loaded map pit_01
Creating struct: $EntryList
Creating struct: $DeepestLevel
Creating struct: $TotalLevels
Creating struct: $LoadHighscores
Creating struct: $FallingDownPipe
Creating struct: $Function_GetPos
Creating struct: $Function2
Creating struct: $SetSpawns
Creating struct: $Script_SetNPCPos
Creating struct: $SwitchPath
Creating struct: $VectorList_80244998
Creating struct: $GetPos
Creating struct: $Function_GetDamageTaken
Creating struct: $Function_ResetDamage
Creating struct: $DispawnParthner
Creating struct: $RespawnParthner
Creating struct: $LoadMap
Creating struct: $Script_LoadMapMover_Roguelike
Creating struct: $GetFloor
Creating struct: $LoadCoinsMover
Creating struct: $LoadMapBandit
Creating struct: $GetFloorBandit
Creating struct: $Script_Init_80243B20
Creating struct: $Script_80243A6C
Creating struct: $Script_AddCoins
Creating struct: $Script_SubstractCoins
Creating struct: $NPC_Settings_Sack
Creating struct: $Script_Init_Bag
Creating struct: $Script_Init_Bag_HitBox
Creating struct: $Script_NPC_SackHit_Init
Creating struct: $Script_NPC_Sack_FX
Creating struct: $NPC_Sack_AnimationStart
Creating struct: $NPC_Sack_AnimationEnd
Creating struct: $Script_SackAnimation_Start_GoToTheRight
Creating struct: $Script_SackAnimation_Start_GoToTheLeft
Creating struct: $Script_SackAnimation_End_Right
Creating struct: $Script_SackAnimation_End_Left
Creating struct: $Function_LoadGainedCoins
Creating struct: $Function_RevivePlayer
Creating struct: $AISettings_MoneySack
Creating struct: $Script_NpcAI_MoneySack
Creating struct: $JumpTable_80242448
Creating struct: $Function_NpcAI_MoneySack
Creating struct: $Function_80240260
Creating struct: $Function_80240844
Creating struct: $Function_802409A8
Creating struct: $Script_TrackPlayer
Creating struct: $Script_PipeAnimation
Creating struct: $Function_SetAnimation
Creating struct: $Function_GetColliderPos
Creating struct: $Function_TrackInput
Creating struct: $GoToNextLevel
Creating struct: $GoToNextLevel_Roguelike
Creating struct: $Script_SetSetsOfLevels
Creating struct: $Script_LoadMap_Roguelike
Creating struct: $Script_LoadChestMap_Roguelike
Creating struct: $Script_LoadMap_Mover_Roguelike
Creating struct: $Script_LoadChestMap_Mover_Roguelike
Creating struct: $GetFloorPit
Creating struct: $GetFloorSign
Creating struct: $Function_GetTattle1
Creating struct: $Function_GetTattle2
Creating struct: $Script_ReadSign
Creating struct: $Header
Creating struct: $Function_Init
Creating struct: $Script_Main
Creating struct: $NpcGroups
Creating struct: $NpcGroup_Mover
Creating struct: $BlankSettings
Creating struct: $Script_Init_Mover
Creating struct: $Interact_Mover
Creating struct: $Script_MoverWarpAnimation
Creating struct: $NpcGroup_BanditMover
Creating struct: $Script_Init_BanditMover
Creating struct: $Interact_BanditMover
Creating struct: $NpcGroup_Enemy1
Creating struct: $NpcGroup_Enemy2
Creating struct: $NpcGroup_Enemy3
Creating struct: $NpcGroup_Enemy4
Creating struct: $NpcGroup_Enemy5
Creating struct: $NpcGroup_Enemy6
Creating struct: $NpcSettings_Enemy1
Creating struct: $Script_EnemyAI
Creating struct: $AISettings_Enemy
Creating struct: $ConstDouble_802471E0
Creating struct: $JumpTable_802471E8
Creating struct: $Function_802406A4
Creating struct: $Function_80240310
Creating struct: $Function_8024038C
Creating struct: $Function_802404C0
Creating struct: $Function_80240624
Creating struct: $Script_DisableEnemyAI
Creating struct: $AISettings_DisableEnemy
Creating struct: $PipeSpawning
Creating struct: $Script_MakeEntities
Creating struct: $CommingDownPipe
Creating struct: $Script_MakeExits
Creating struct: $Script_Exit0
Merged 1 regions to 1
$Script_LoadMap_Mover_Roguelike will be placed at 80240000 (length = F14 bytes)
$LoadMap will be placed at 80240F14 (length = EF4 bytes)
$Script_ReadSign will be placed at 80241E08 (length = EEC bytes)
$LoadMapBandit will be placed at 80242CF4 (length = EA4 bytes)
$Script_LoadMap_Roguelike will be placed at 80243B98 (length = D9C bytes)
$GoToNextLevel will be placed at 80244934 (length = D10 bytes)
$GoToNextLevel_Roguelike will be placed at 80245644 (length = 868 bytes)
$Function_80240260 will be placed at 80245EAC (length = 5E4 bytes)
$Function_802406A4 will be placed at 80246490 (length = 440 bytes)
$SetSpawns will be placed at 802468D0 (length = 384 bytes)
$FallingDownPipe will be placed at 80246C54 (length = 37C bytes)
$Script_SetSetsOfLevels will be placed at 80246FD0 (length = 358 bytes)
$Script_SetNPCPos will be placed at 80247328 (length = 2F4 bytes)
$Function_NpcAI_MoneySack will be placed at 8024761C (length = 238 bytes)
$Script_SackAnimation_Start_GoToTheRight will be placed at 80247854 (length = 230 bytes)
$Script_SackAnimation_Start_GoToTheLeft will be placed at 80247A84 (length = 1F8 bytes)
$Interact_Mover will be placed at 80247C7C (length = 1F8 bytes)
$NpcGroup_Enemy3 will be placed at 80247E74 (length = 1F0 bytes)
$NpcGroup_Enemy4 will be placed at 80248064 (length = 1F0 bytes)
$NpcGroup_Enemy5 will be placed at 80248254 (length = 1F0 bytes)
$NpcGroup_Enemy6 will be placed at 80248444 (length = 1F0 bytes)
$NpcGroup_Enemy1 will be placed at 80248634 (length = 1F0 bytes)
$NpcGroup_Enemy2 will be placed at 80248824 (length = 1F0 bytes)
$NpcGroup_Mover will be placed at 80248A14 (length = 1F0 bytes)
$NpcGroup_BanditMover will be placed at 80248C04 (length = 1F0 bytes)
$Interact_BanditMover will be placed at 80248DF4 (length = 1EC bytes)
$Script_PipeAnimation will be placed at 80248FE0 (length = 1D0 bytes)
$JumpTable_80242448 will be placed at 802491B0 (length = 190 bytes)
$Script_LoadChestMap_Mover_Roguelike will be placed at 80249340 (length = 18C bytes)
$PipeSpawning will be placed at 802494CC (length = 178 bytes)
$NPC_Sack_AnimationStart will be placed at 80249644 (length = 168 bytes)
$Function_80240844 will be placed at 802497AC (length = 164 bytes)
$Script_LoadChestMap_Roguelike will be placed at 80249910 (length = 164 bytes)
$Function_802404C0 will be placed at 80249A74 (length = 164 bytes)
$Script_NPC_SackHit_Init will be placed at 80249BD8 (length = 160 bytes)
$Script_SackAnimation_End_Right will be placed at 80249D38 (length = 158 bytes)
$Script_SackAnimation_End_Left will be placed at 80249E90 (length = 150 bytes)
$MapTattle5 will be placed at 80249FE0 (length = 13C bytes)
$Function_8024038C will be placed at 8024A11C (length = 138 bytes)
$MapTattle4 will be placed at 8024A254 (length = 130 bytes)
$GetFloor will be placed at 8024A384 (length = 12C bytes)
$BanditMover_Tattle will be placed at 8024A4B0 (length = 124 bytes)
$Script_Main will be placed at 8024A5D4 (length = 120 bytes)
$Script_80243A6C will be placed at 8024A6F4 (length = 114 bytes)
$Script_SubstractCoins will be placed at 8024A808 (length = 10C bytes)
$Script_LoadMapMover_Roguelike will be placed at 8024A914 (length = 104 bytes)
$GetFloorBandit will be placed at 8024AA18 (length = F4 bytes)
$Script_MoverWarpAnimation will be placed at 8024AB0C (length = F0 bytes)
$Function_GetColliderPos will be placed at 8024ABFC (length = E0 bytes)
$Function_GetPos will be placed at 8024ACDC (length = E0 bytes)
$Script_TrackPlayer will be placed at 8024ADBC (length = DC bytes)
$MapTattle2 will be placed at 8024AE98 (length = D4 bytes)
$Function_TrackInput will be placed at 8024AF6C (length = BC bytes)
$MapTattle3 will be placed at 8024B028 (length = B0 bytes)
$Script_MakeEntities will be placed at 8024B0D8 (length = A8 bytes)
$MapTattle1 will be placed at 8024B180 (length = A8 bytes)
$Script_NpcAI_MoneySack will be placed at 8024B228 (length = A8 bytes)
$MoverStart will be placed at 8024B2D0 (length = A4 bytes)
$SwitchPath will be placed at 8024B374 (length = A4 bytes)
$Script_NPC_Sack_FX will be placed at 8024B418 (length = A4 bytes)
$GetPos will be placed at 8024B4BC (length = 9C bytes)
$Script_AddCoins will be placed at 8024B558 (length = 98 bytes)
$BanditMoverStart will be placed at 8024B5F0 (length = 98 bytes)
$Mover_Tattle will be placed at 8024B688 (length = 94 bytes)
$Function_GetTattle1 will be placed at 8024B71C (length = 8C bytes)
$NPC_Sack_AnimationEnd will be placed at 8024B7A8 (length = 84 bytes)
$Function_80240624 will be placed at 8024B82C (length = 80 bytes)
$BanditMover_Options will be placed at 8024B8AC (length = 80 bytes)
$SignStringBug will be placed at 8024B92C (length = 7C bytes)
$Function_80240310 will be placed at 8024B9A8 (length = 7C bytes)
$LoadHighscores will be placed at 8024BA24 (length = 7C bytes)
$Mover_Options will be placed at 8024BAA0 (length = 78 bytes)
$Script_EnemyAI will be placed at 8024BB18 (length = 70 bytes)
$NpcGroups will be placed at 8024BB88 (length = 6C bytes)
$DeepestLevel will be placed at 8024BBF4 (length = 6C bytes)
$Function2 will be placed at 8024BC60 (length = 6C bytes)
$LoadCoinsMover will be placed at 8024BCCC (length = 6C bytes)
$Function_SetAnimation will be placed at 8024BD38 (length = 6C bytes)
$GetFloorPit will be placed at 8024BDA4 (length = 68 bytes)
$MoverEnd will be placed at 8024BE0C (length = 68 bytes)
$BanditMoverEnd will be placed at 8024BE74 (length = 68 bytes)
$GetFloorSign will be placed at 8024BEDC (length = 64 bytes)
$BanditMoverNoCoins will be placed at 8024BF40 (length = 58 bytes)
$MoverNoCoins will be placed at 8024BF98 (length = 58 bytes)
$JumpTable_802471E8 will be placed at 8024BFF0 (length = 54 bytes)
$Function_GetTattle2 will be placed at 8024C044 (length = 48 bytes)
$CommingDownPipe will be placed at 8024C08C (length = 48 bytes)
$Script_Exit0 will be placed at 8024C0D4 (length = 48 bytes)
$Function_LoadGainedCoins will be placed at 8024C11C (length = 48 bytes)
$Function_Init will be placed at 8024C164 (length = 44 bytes)
$Function_802409A8 will be placed at 8024C1A8 (length = 44 bytes)
$Header will be placed at 8024C1EC (length = 40 bytes)
$Script_Init_Bag will be placed at 8024C22C (length = 38 bytes)
$TotalLevels will be placed at 8024C264 (length = 38 bytes)
$Script_Init_Bag_HitBox will be placed at 8024C29C (length = 38 bytes)
$DispawnParthner will be placed at 8024C2D4 (length = 34 bytes)
$Function_ResetDamage will be placed at 8024C308 (length = 34 bytes)
$AISettings_MoneySack will be placed at 8024C33C (length = 30 bytes)
$AISettings_Enemy will be placed at 8024C36C (length = 30 bytes)
$AISettings_DisableEnemy will be placed at 8024C39C (length = 30 bytes)
$RespawnParthner will be placed at 8024C3CC (length = 30 bytes)
$NPC_Settings_Sack will be placed at 8024C3FC (length = 2C bytes)
$Function_GetDamageTaken will be placed at 8024C428 (length = 2C bytes)
$NpcSettings_Enemy1 will be placed at 8024C454 (length = 2C bytes)
$Function_RevivePlayer will be placed at 8024C480 (length = 2C bytes)
$String_CoinsGained will be placed at 8024C4AC (length = 2C bytes)
$BlankSettings will be placed at 8024C4D8 (length = 2C bytes)
$Script_MakeExits will be placed at 8024C504 (length = 2C bytes)
$VectorList_80244998 will be placed at 8024C530 (length = 24 bytes)
$Script_Init_80243B20 will be placed at 8024C554 (length = 24 bytes)
$Script_Init_Mover will be placed at 8024C578 (length = 24 bytes)
$Script_Init_BanditMover will be placed at 8024C59C (length = 24 bytes)
$Script_DisableEnemyAI will be placed at 8024C5C0 (length = 20 bytes)
$EntryList will be placed at 8024C5E0 (length = 20 bytes)
$SignString100 will be placed at 8024C600 (length = 18 bytes)
$SignString1 will be placed at 8024C618 (length = 14 bytes)
$SignString99 will be placed at 8024C62C (length = 14 bytes)
$SignString98 will be placed at 8024C640 (length = 14 bytes)
$SignString97 will be placed at 8024C654 (length = 14 bytes)
$SignString96 will be placed at 8024C668 (length = 14 bytes)
$SignString95 will be placed at 8024C67C (length = 14 bytes)
$SignString94 will be placed at 8024C690 (length = 14 bytes)
$SignString93 will be placed at 8024C6A4 (length = 14 bytes)
$SignString92 will be placed at 8024C6B8 (length = 14 bytes)
$SignString91 will be placed at 8024C6CC (length = 14 bytes)
$SignString90 will be placed at 8024C6E0 (length = 14 bytes)
$SignString59 will be placed at 8024C6F4 (length = 14 bytes)
$SignString58 will be placed at 8024C708 (length = 14 bytes)
$SignString57 will be placed at 8024C71C (length = 14 bytes)
$SignString56 will be placed at 8024C730 (length = 14 bytes)
$SignString55 will be placed at 8024C744 (length = 14 bytes)
$SignString54 will be placed at 8024C758 (length = 14 bytes)
$SignString53 will be placed at 8024C76C (length = 14 bytes)
$SignString52 will be placed at 8024C780 (length = 14 bytes)
$SignString51 will be placed at 8024C794 (length = 14 bytes)
$SignString50 will be placed at 8024C7A8 (length = 14 bytes)
$SignString69 will be placed at 8024C7BC (length = 14 bytes)
$SignString68 will be placed at 8024C7D0 (length = 14 bytes)
$SignString67 will be placed at 8024C7E4 (length = 14 bytes)
$SignString66 will be placed at 8024C7F8 (length = 14 bytes)
$SignString65 will be placed at 8024C80C (length = 14 bytes)
$SignString64 will be placed at 8024C820 (length = 14 bytes)
$SignString63 will be placed at 8024C834 (length = 14 bytes)
$SignString62 will be placed at 8024C848 (length = 14 bytes)
$SignString61 will be placed at 8024C85C (length = 14 bytes)
$SignString60 will be placed at 8024C870 (length = 14 bytes)
$SignString79 will be placed at 8024C884 (length = 14 bytes)
$SignString78 will be placed at 8024C898 (length = 14 bytes)
$SignString77 will be placed at 8024C8AC (length = 14 bytes)
$SignString76 will be placed at 8024C8C0 (length = 14 bytes)
$SignString75 will be placed at 8024C8D4 (length = 14 bytes)
$SignString74 will be placed at 8024C8E8 (length = 14 bytes)
$SignString73 will be placed at 8024C8FC (length = 14 bytes)
$SignString72 will be placed at 8024C910 (length = 14 bytes)
$SignString71 will be placed at 8024C924 (length = 14 bytes)
$SignString70 will be placed at 8024C938 (length = 14 bytes)
$SignString89 will be placed at 8024C94C (length = 14 bytes)
$SignString88 will be placed at 8024C960 (length = 14 bytes)
$SignString87 will be placed at 8024C974 (length = 14 bytes)
$SignString86 will be placed at 8024C988 (length = 14 bytes)
$SignString85 will be placed at 8024C99C (length = 14 bytes)
$SignString84 will be placed at 8024C9B0 (length = 14 bytes)
$SignString83 will be placed at 8024C9C4 (length = 14 bytes)
$SignString82 will be placed at 8024C9D8 (length = 14 bytes)
$SignString81 will be placed at 8024C9EC (length = 14 bytes)
$SignString80 will be placed at 8024CA00 (length = 14 bytes)
$SignString19 will be placed at 8024CA14 (length = 14 bytes)
$SignString18 will be placed at 8024CA28 (length = 14 bytes)
$SignString17 will be placed at 8024CA3C (length = 14 bytes)
$SignString16 will be placed at 8024CA50 (length = 14 bytes)
$SignString15 will be placed at 8024CA64 (length = 14 bytes)
$SignString14 will be placed at 8024CA78 (length = 14 bytes)
$SignString13 will be placed at 8024CA8C (length = 14 bytes)
$SignString12 will be placed at 8024CAA0 (length = 14 bytes)
$SignString11 will be placed at 8024CAB4 (length = 14 bytes)
$SignString10 will be placed at 8024CAC8 (length = 14 bytes)
$SignString3 will be placed at 8024CADC (length = 14 bytes)
$SignString2 will be placed at 8024CAF0 (length = 14 bytes)
$SignString5 will be placed at 8024CB04 (length = 14 bytes)
$SignString4 will be placed at 8024CB18 (length = 14 bytes)
$SignString7 will be placed at 8024CB2C (length = 14 bytes)
$SignString6 will be placed at 8024CB40 (length = 14 bytes)
$SignString9 will be placed at 8024CB54 (length = 14 bytes)
$SignString8 will be placed at 8024CB68 (length = 14 bytes)
$SignString29 will be placed at 8024CB7C (length = 14 bytes)
$SignString28 will be placed at 8024CB90 (length = 14 bytes)
$SignString27 will be placed at 8024CBA4 (length = 14 bytes)
$SignString26 will be placed at 8024CBB8 (length = 14 bytes)
$SignString25 will be placed at 8024CBCC (length = 14 bytes)
$SignString24 will be placed at 8024CBE0 (length = 14 bytes)
$SignString23 will be placed at 8024CBF4 (length = 14 bytes)
$SignString22 will be placed at 8024CC08 (length = 14 bytes)
$SignString21 will be placed at 8024CC1C (length = 14 bytes)
$SignString20 will be placed at 8024CC30 (length = 14 bytes)
$SignString will be placed at 8024CC44 (length = 14 bytes)
$SignString39 will be placed at 8024CC58 (length = 14 bytes)
$SignString38 will be placed at 8024CC6C (length = 14 bytes)
$SignString37 will be placed at 8024CC80 (length = 14 bytes)
$SignString36 will be placed at 8024CC94 (length = 14 bytes)
$SignString35 will be placed at 8024CCA8 (length = 14 bytes)
$SignString34 will be placed at 8024CCBC (length = 14 bytes)
$SignString33 will be placed at 8024CCD0 (length = 14 bytes)
$SignString32 will be placed at 8024CCE4 (length = 14 bytes)
$SignString31 will be placed at 8024CCF8 (length = 14 bytes)
$SignString30 will be placed at 8024CD0C (length = 14 bytes)
$SignString49 will be placed at 8024CD20 (length = 14 bytes)
$SignString48 will be placed at 8024CD34 (length = 14 bytes)
$SignString47 will be placed at 8024CD48 (length = 14 bytes)
$SignString46 will be placed at 8024CD5C (length = 14 bytes)
$SignString45 will be placed at 8024CD70 (length = 14 bytes)
$SignString44 will be placed at 8024CD84 (length = 14 bytes)
$SignString43 will be placed at 8024CD98 (length = 14 bytes)
$SignString42 will be placed at 8024CDAC (length = 14 bytes)
$SignString41 will be placed at 8024CDC0 (length = 14 bytes)
$SignString40 will be placed at 8024CDD4 (length = 14 bytes)
$ASCII_pit_02_Literal will be placed at 8024CDE8 (length = C bytes)
$ASCII_pit_90_Literal will be placed at 8024CDF4 (length = C bytes)
$ASCII_pit_34_Literal will be placed at 8024CE00 (length = C bytes)
$ASCII_pit_66_Literal will be placed at 8024CE0C (length = C bytes)
$ASCII_pit_98_Literal will be placed at 8024CE18 (length = C bytes)
$ASCII_pit_19_Literal will be placed at 8024CE24 (length = C bytes)
$ASCII_pit_57_Literal will be placed at 8024CE30 (length = C bytes)
$ASCII_pit_69_Literal will be placed at 8024CE3C (length = C bytes)
$ASCII_pit_72_Literal will be placed at 8024CE48 (length = C bytes)
$ASCII_pit_81_Literal will be placed at 8024CE54 (length = C bytes)
$ASCII_pit_43_Literal will be placed at 8024CE60 (length = C bytes)
$ASCII_pit_28_Literal will be placed at 8024CE6C (length = C bytes)
$ASCII_pit_78_Literal will be placed at 8024CE78 (length = C bytes)
$ASCII_pit_63_Literal will be placed at 8024CE84 (length = C bytes)
$ASCII_pit_46_Literal will be placed at 8024CE90 (length = C bytes)
$ASCII_pit_95_Literal will be placed at 8024CE9C (length = C bytes)
$ASCII_pit_16_Literal will be placed at 8024CEA8 (length = C bytes)
$ASCII_pit_37_Literal will be placed at 8024CEB4 (length = C bytes)
$ASCII_pit_22_Literal will be placed at 8024CEC0 (length = C bytes)
$ASCII_pit_05_Literal will be placed at 8024CECC (length = C bytes)
$ASCII_pit_25_Literal will be placed at 8024CED8 (length = C bytes)
$ASCII_pit_54_Literal will be placed at 8024CEE4 (length = C bytes)
$ASCII_pit_08_Literal will be placed at 8024CEF0 (length = C bytes)
$ASCII_pit_87_Literal will be placed at 8024CEFC (length = C bytes)
$ASCII_pit_75_Literal will be placed at 8024CF08 (length = C bytes)
$ASCII_pit_13_Literal will be placed at 8024CF14 (length = C bytes)
$ASCII_pit_32_Literal will be placed at 8024CF20 (length = C bytes)
$ASCII_pit_92_Literal will be placed at 8024CF2C (length = C bytes)
$ASCII_pit_17_Literal will be placed at 8024CF38 (length = C bytes)
$ASCII_pit_49_Literal will be placed at 8024CF44 (length = C bytes)
$ASCII_pit_77_Literal will be placed at 8024CF50 (length = C bytes)
$ASCII_pit_96_Literal will be placed at 8024CF5C (length = C bytes)
$ASCII_pit_68_Literal will be placed at 8024CF68 (length = C bytes)
$ASCII_pit_51_Literal will be placed at 8024CF74 (length = C bytes)
$ASCII_pit_04_Literal will be placed at 8024CF80 (length = C bytes)
$ASCII_pit_83_Literal will be placed at 8024CF8C (length = C bytes)
$ASCII_pit_86_Literal will be placed at 8024CF98 (length = C bytes)
$ASCII_pit_26_Literal will be placed at 8024CFA4 (length = C bytes)
$ASCII_pit_41_Literal will be placed at 8024CFB0 (length = C bytes)
$ASCII_pit_14_Literal will be placed at 8024CFBC (length = C bytes)
$ASCII_pit_74_Literal will be placed at 8024CFC8 (length = C bytes)
$ASCII_pit_60_Literal will be placed at 8024CFD4 (length = C bytes)
$ASCII_pit_59_Literal will be placed at 8024CFE0 (length = C bytes)
$ASCII_pit_93_Literal will be placed at 8024CFEC (length = C bytes)
$ASCII_pit_65_Literal will be placed at 8024CFF8 (length = C bytes)
$ASCII_pit_07_Literal will be placed at 8024D004 (length = C bytes)
$ASCII_pit_20_Literal will be placed at 8024D010 (length = C bytes)
$ASCII_pit_35_Literal will be placed at 8024D01C (length = C bytes)
$ASCII_pit_23_Literal will be placed at 8024D028 (length = C bytes)
$ASCII_pit_11_Literal will be placed at 8024D034 (length = C bytes)
$ASCII_pit_56_Literal will be placed at 8024D040 (length = C bytes)
$ASCII_pit_44_Literal will be placed at 8024D04C (length = C bytes)
$ASCII_pit_89_Literal will be placed at 8024D058 (length = C bytes)
$ASCII_pit_79_Literal will be placed at 8024D064 (length = C bytes)
$ASCII_pit_62_Literal will be placed at 8024D070 (length = C bytes)
$ASCII_pit_94_Literal will be placed at 8024D07C (length = C bytes)
$ASCII_pit_47_Literal will be placed at 8024D088 (length = C bytes)
$ASCII_pit_21_Literal will be placed at 8024D094 (length = C bytes)
$ASCII_pit_06_Literal will be placed at 8024D0A0 (length = C bytes)
$ASCII_pit_53_Literal will be placed at 8024D0AC (length = C bytes)
$ASCII_pit_09_Literal will be placed at 8024D0B8 (length = C bytes)
$ASCII_pit_88_Literal will be placed at 8024D0C4 (length = C bytes)
$ASCII_pit_38_Literal will be placed at 8024D0D0 (length = C bytes)
$ASCII_pit_24_Literal will be placed at 8024D0DC (length = C bytes)
$ASCII_pit_12_Literal will be placed at 8024D0E8 (length = C bytes)
$ASCII_pit_76_Literal will be placed at 8024D0F4 (length = C bytes)
$ASCII_pit_01_Literal will be placed at 8024D100 (length = C bytes)
$ASCII_pit_50_Literal will be placed at 8024D10C (length = C bytes)
$ASCII_pit_33_Literal will be placed at 8024D118 (length = C bytes)
$ASCII_pit_99_Literal will be placed at 8024D124 (length = C bytes)
$ASCII_pit_67_Literal will be placed at 8024D130 (length = C bytes)
$ASCII_pit_71_Literal will be placed at 8024D13C (length = C bytes)
$ASCII_pit_42_Literal will be placed at 8024D148 (length = C bytes)
$ASCII_pit_80_Literal will be placed at 8024D154 (length = C bytes)
$ASCII_pit_29_Literal will be placed at 8024D160 (length = C bytes)
$ASCII_pit_58_Literal will be placed at 8024D16C (length = C bytes)
$ASCII_pit_30_Literal will be placed at 8024D178 (length = C bytes)
$ASCII_pit_00_Literal will be placed at 8024D184 (length = C bytes)
$ASCII_pit_64_Literal will be placed at 8024D190 (length = C bytes)
$ASCII_pit_36_Literal will be placed at 8024D19C (length = C bytes)
$ASCII_pit_55_Literal will be placed at 8024D1A8 (length = C bytes)
$ASCII_pit_10_Literal will be placed at 8024D1B4 (length = C bytes)
$ASCII_pit_45_Literal will be placed at 8024D1C0 (length = C bytes)
$ASCII_pit_18_Literal will be placed at 8024D1CC (length = C bytes)
$ASCII_pit_48_Literal will be placed at 8024D1D8 (length = C bytes)
$ASCII_pit_03_Literal will be placed at 8024D1E4 (length = C bytes)
$ASCII_pit_31_Literal will be placed at 8024D1F0 (length = C bytes)
$ASCII_pit_91_Literal will be placed at 8024D1FC (length = C bytes)
$ASCII_pit_97_Literal will be placed at 8024D208 (length = C bytes)
$ASCII_pit_82_Literal will be placed at 8024D214 (length = C bytes)
$ASCII_pit_52_Literal will be placed at 8024D220 (length = C bytes)
$ASCII_pit_70_Literal will be placed at 8024D22C (length = C bytes)
$ASCII_pit_85_Literal will be placed at 8024D238 (length = C bytes)
$ASCII_pit_40_Literal will be placed at 8024D244 (length = C bytes)
$ASCII_pit_39_Literal will be placed at 8024D250 (length = C bytes)
$ASCII_pit_73_Literal will be placed at 8024D25C (length = C bytes)
$ASCII_pit_15_Literal will be placed at 8024D268 (length = C bytes)
$ASCII_pit_27_Literal will be placed at 8024D274 (length = C bytes)
$ASCII_pit_61_Literal will be placed at 8024D280 (length = C bytes)
$ConstDouble_802471E0 will be placed at 8024D28C (length = 8 bytes)
$ASCII_pit_842_Literal will be placed at 8024D294 (length = 8 bytes)
$ASCII_pit_100_Literal will be placed at 8024D29C (length = 8 bytes)
$ASCII_tik_tex_Literal will be placed at 8024D2A4 (length = 8 bytes)
$MoverCancel will be placed at 8024D2AC (length = 4 bytes)
$BanditMoverCancel will be placed at 8024D2B0 (length = 4 bytes)
Executing patch: pit_50.mpat
Loaded map pit_50
Creating struct: $EntryList
Creating struct: $DeepestLevel
Creating struct: $TotalLevels
Creating struct: $LoadHighscores
Creating struct: $FallingDownPipe
Creating struct: $Function_GetPos
Creating struct: $Function2
Creating struct: $Script_TrackPlayer
Creating struct: $Script_PipeAnimation
Creating struct: $Function_SetAnimation
Creating struct: $Function_GetColliderPos
Creating struct: $Function_TrackInput
Creating struct: $GoToNextLevel
Creating struct: $GoToNextLevel_Roguelike
Creating struct: $Script_SetSetsOfLevels
Creating struct: $Script_LoadMap_Roguelike
Creating struct: $Script_LoadChestMap_Roguelike
Creating struct: $Script_LoadMap_Mover_Roguelike
Creating struct: $Script_LoadChestMap_Mover_Roguelike
Creating struct: $GetFloorPit
Creating struct: $GetFloorSign
Creating struct: $Function_GetTattle1
Creating struct: $Function_GetTattle2
Creating struct: $Script_ReadSign
Creating struct: $BadgeListRogue
Creating struct: $BadgeList
Creating struct: $GetBadge
Creating struct: $CoinChest
Creating struct: $LoadChestFloor
Creating struct: $ShopperInteraction
Creating struct: $GetFloorRowf
Creating struct: $ShopperInventory1-1
Creating struct: $ShopperInventory1-2
Creating struct: $ShopperInventory1-3
Creating struct: $ShopperInventory1-4
Creating struct: $ShopperInventory1-5
Creating struct: $ShopperInventory1-6
Creating struct: $ShopperInventory1-7
Creating struct: $ShopperInventory1-8
Creating struct: $ShopperInventory1-9
Creating struct: $ShopperInventory2-1
Creating struct: $ShopperInventory2-2
Creating struct: $ShopperInventory2-3
Creating struct: $ShopperInventory2-4
Creating struct: $ShopperInventory2-5
Creating struct: $ShopperInventory2-6
Creating struct: $ShopperInventory2-7
Creating struct: $ShopperInventory2-8
Creating struct: $ShopperInventory2-9
Creating struct: $ShopperInventory3-1
Creating struct: $ShopperInventory3-2
Creating struct: $ShopperInventory3-3
Creating struct: $ShopperInventory3-4
Creating struct: $ShopperInventory3-5
Creating struct: $ShopperInventory3-6
Creating struct: $ShopperInventory3-7
Creating struct: $ShopperInventory3-8
Creating struct: $ShopperInventory3-9
Creating struct: $ShopperInventory4-1
Creating struct: $ShopperInventory4-2
Creating struct: $ShopperInventory4-3
Creating struct: $ShopperInventory4-4
Creating struct: $ShopperInventory4-5
Creating struct: $ShopperInventory4-6
Creating struct: $ShopperInventory4-7
Creating struct: $ShopperInventory4-8
Creating struct: $ShopperInventory4-9
Creating struct: $ShopperInventory5-1
Creating struct: $ShopperInventory5-2
Creating struct: $ShopperInventory5-3
Creating struct: $ShopperInventory5-4
Creating struct: $ShopperInventory5-5
Creating struct: $ShopperInventory5-6
Creating struct: $ShopperInventory5-7
Creating struct: $ShopperInventory5-8
Creating struct: $ShopperInventory5-9
Creating struct: $ShopperInventory6-1
Creating struct: $ShopperInventory6-2
Creating struct: $ShopperInventory6-3
Creating struct: $ShopperInventory6-4
Creating struct: $ShopperInventory6-5
Creating struct: $ShopperInventory6-6
Creating struct: $ShopperInventory6-7
Creating struct: $ShopperInventory6-8
Creating struct: $ShopperInventory6-9
Creating struct: $ShopperInventory7-1
Creating struct: $ShopperInventory7-2
Creating struct: $ShopperInventory7-3
Creating struct: $ShopperInventory7-4
Creating struct: $ShopperInventory7-5
Creating struct: $ShopperInventory7-6
Creating struct: $ShopperInventory7-7
Creating struct: $ShopperInventory7-8
Creating struct: $ShopperInventory7-9
Creating struct: $ShopperInventory8-1
Creating struct: $ShopperInventory8-2
Creating struct: $ShopperInventory8-3
Creating struct: $ShopperInventory8-4
Creating struct: $ShopperInventory8-5
Creating struct: $ShopperInventory8-6
Creating struct: $ShopperInventory8-7
Creating struct: $ShopperInventory8-8
Creating struct: $ShopperInventory8-9
Creating struct: $ShopperInventory9-1
Creating struct: $ShopperInventory9-2
Creating struct: $ShopperInventory9-3
Creating struct: $ShopperInventory9-4
Creating struct: $ShopperInventory9-5
Creating struct: $ShopperInventory9-6
Creating struct: $ShopperInventory9-7
Creating struct: $ShopperInventory9-8
Creating struct: $ShopperInventory9-9
Creating struct: $InventoryAvailability
Creating struct: $LoadCoins
Creating struct: $LoadInventory1
Creating struct: $LoadInventory2
Creating struct: $LoadInventory3
Creating struct: $LoadInventory4
Creating struct: $LoadInventory5
Creating struct: $LoadInventory6
Creating struct: $LoadInventory7
Creating struct: $LoadInventory8
Creating struct: $LoadInventory9
Creating struct: $Partner_Settings
Creating struct: $Init_NPC
Creating struct: $NPC_Cutscene1
Creating struct: $NPC_Cutscene2
Creating struct: $NPC_Cutscene3
Creating struct: $NPC_Cutscene4
Creating struct: $NPC_Cutscene5
Creating struct: $Script_MarioAnimation0
Creating struct: $Script_MarioAnimation1
Creating struct: $NPC_Cutscene6
Creating struct: $Script_WattLightnings
Creating struct: $NPC_Cutscene7
Creating struct: $NPC_Cutscene8
Creating struct: $VectorList_Path_Lakilester
Creating struct: $Function_LoadPath
Creating struct: $Script_SetNPC
Creating struct: $PartnerFunc1
Creating struct: $PartnerFunc2
Creating struct: $Explotion
Creating struct: $PartnerImage1
Creating struct: $PartnerImage2
Creating struct: $PartnerImage3
Creating struct: $PartnerImage4
Creating struct: $PartnerImage5
Creating struct: $PartnerImage6
Creating struct: $PartnerImage7
Creating struct: $PartnerImage8
Creating struct: $JoinedYourParty
Creating struct: $SetNPCtoPartner
Creating struct: $Header
Creating struct: $Function_Init
Creating struct: $Script_Main
Creating struct: $Script_MakeEntities
Creating struct: $Script_ReadSignExit
Creating struct: $Script_UseChest
Creating struct: $SetSackFlag
Creating struct: $Script_OpenChest
Creating struct: $Script_GetItem
Creating struct: $Function_ActivateBadge
Creating struct: $CommingDownPipe
Creating struct: $PipeSpawning
Creating struct: $Script_MakeExits
Creating struct: $Script_Exit1
Creating struct: $Script_Exit0
Creating struct: $PipeAnimationX
Creating struct: $Function_802400F0
Creating struct: $Function_80240000
Creating struct: $NpcGroups
Creating struct: $NpcGroup_Partners
Creating struct: $NpcGroup_Rowf
Creating struct: $Rowf_Settings
Creating struct: $Script_AI_Rowf
Creating struct: $InitShopper
Creating struct: $GotItem
Creating struct: $NpcGroup_BlackRowf
Creating struct: $BRowf_Settings
Creating struct: $Init_BRowf
Creating struct: $GetItem_BRowf
Creating struct: $LoadCoins_BRowf
Creating struct: $EnableInputs
Merged 1 regions to 1
$BadgeList will be placed at 80240000 (length = 2040 bytes)
$BadgeListRogue will be placed at 80242040 (length = 143C bytes)
$GetBadge will be placed at 8024347C (length = F9C bytes)
$Script_LoadMap_Mover_Roguelike will be placed at 80244418 (length = F14 bytes)
$Script_ReadSign will be placed at 8024532C (length = EEC bytes)
$NPC_Cutscene5 will be placed at 80246218 (length = DAC bytes)
$Script_LoadMap_Roguelike will be placed at 80246FC4 (length = D9C bytes)
$NpcGroup_Partners will be placed at 80247D60 (length = D90 bytes)
$GoToNextLevel will be placed at 80248AF0 (length = D10 bytes)
$Script_MakeEntities will be placed at 80249800 (length = A48 bytes)
$GoToNextLevel_Roguelike will be placed at 8024A248 (length = 868 bytes)
$ShopperInteraction will be placed at 8024AAB0 (length = 50C bytes)
$NPC_Cutscene4 will be placed at 8024AFBC (length = 500 bytes)
$Script_UseChest will be placed at 8024B4BC (length = 4E8 bytes)
$NPC_Cutscene2 will be placed at 8024B9A4 (length = 4DC bytes)
$LoadInventory7 will be placed at 8024BE80 (length = 474 bytes)
$LoadInventory6 will be placed at 8024C2F4 (length = 474 bytes)
$LoadInventory9 will be placed at 8024C768 (length = 474 bytes)
$LoadInventory8 will be placed at 8024CBDC (length = 474 bytes)
$LoadInventory3 will be placed at 8024D050 (length = 474 bytes)
$LoadInventory2 will be placed at 8024D4C4 (length = 474 bytes)
$LoadInventory5 will be placed at 8024D938 (length = 474 bytes)
$LoadInventory4 will be placed at 8024DDAC (length = 474 bytes)
$LoadInventory1 will be placed at 8024E220 (length = 474 bytes)
$NPC_Cutscene3 will be placed at 8024E694 (length = 448 bytes)
$NPC_Cutscene7 will be placed at 8024EADC (length = 430 bytes)
$Init_BRowf will be placed at 8024EF0C (length = 3A4 bytes)
$FallingDownPipe will be placed at 8024F2B0 (length = 37C bytes)
$PipeAnimationX will be placed at 8024F62C (length = 364 bytes)
$Script_SetSetsOfLevels will be placed at 8024F990 (length = 358 bytes)
$Script_SetNPC will be placed at 8024FCE8 (length = 328 bytes)
$NPC_Cutscene1 will be placed at 80250010 (length = 320 bytes)
$NPC_Cutscene6 will be placed at 80250330 (length = 318 bytes)
$NPC_Cutscene8 will be placed at 80250648 (length = 29C bytes)
$Script_MarioAnimation0 will be placed at 802508E4 (length = 21C bytes)
$NpcGroup_BlackRowf will be placed at 80250B00 (length = 1F0 bytes)
$NpcGroup_Rowf will be placed at 80250CF0 (length = 1F0 bytes)
$Script_PipeAnimation will be placed at 80250EE0 (length = 1D0 bytes)
$Script_Main will be placed at 802510B0 (length = 1D0 bytes)
$JoinedYourParty will be placed at 80251280 (length = 194 bytes)
$Script_LoadChestMap_Mover_Roguelike will be placed at 80251414 (length = 18C bytes)
$SetNPCtoPartner will be placed at 802515A0 (length = 184 bytes)
$PipeSpawning will be placed at 80251724 (length = 178 bytes)
$Function_ActivateBadge will be placed at 8025189C (length = 178 bytes)
$Script_LoadChestMap_Roguelike will be placed at 80251A14 (length = 164 bytes)
$CoinChest will be placed at 80251B78 (length = 158 bytes)
$Init_NPC will be placed at 80251CD0 (length = 154 bytes)
$LoadChestFloor will be placed at 80251E24 (length = 154 bytes)
$MapTattle5 will be placed at 80251F78 (length = 13C bytes)
$MapTattle4 will be placed at 802520B4 (length = 130 bytes)
$Script_WattLightnings will be placed at 802521E4 (length = 124 bytes)
$Script_AI_Rowf will be placed at 80252308 (length = 114 bytes)
$Function_LoadPath will be placed at 8025241C (length = 114 bytes)
$Script_OpenChest will be placed at 80252530 (length = 108 bytes)
$BRowfTattle will be placed at 80252638 (length = F4 bytes)
$ShopperTattle will be placed at 8025272C (length = E8 bytes)
$Function_GetColliderPos will be placed at 80252814 (length = E0 bytes)
$Function_GetPos will be placed at 802528F4 (length = E0 bytes)
$Function_802400F0 will be placed at 802529D4 (length = E0 bytes)
$Script_TrackPlayer will be placed at 80252AB4 (length = DC bytes)
$MapTattle2 will be placed at 80252B90 (length = D4 bytes)
$ShopperBye1 will be placed at 80252C64 (length = C0 bytes)
$Explotion will be placed at 80252D24 (length = BC bytes)
$ShopperBye2 will be placed at 80252DE0 (length = BC bytes)
$Function_TrackInput will be placed at 80252E9C (length = BC bytes)
$ShopperWelcome will be placed at 80252F58 (length = B4 bytes)
$Script_MarioAnimation1 will be placed at 8025300C (length = B0 bytes)
$MapTattle3 will be placed at 802530BC (length = B0 bytes)
$MapTattle1 will be placed at 8025316C (length = A8 bytes)
$CoinsString will be placed at 80253214 (length = 94 bytes)
$ShopperBuying will be placed at 802532A8 (length = 94 bytes)
$Function_GetTattle1 will be placed at 8025333C (length = 8C bytes)
$LoadHighscores will be placed at 802533C8 (length = 7C bytes)
$SignStringBug will be placed at 80253444 (length = 7C bytes)
$DeepestLevel will be placed at 802534C0 (length = 6C bytes)
$Function_SetAnimation will be placed at 8025352C (length = 6C bytes)
$Function2 will be placed at 80253598 (length = 6C bytes)
$GetFloorPit will be placed at 80253604 (length = 68 bytes)
$AfterBuying will be placed at 8025366C (length = 68 bytes)
$GetFloorSign will be placed at 802536D4 (length = 64 bytes)
$Bye-BRowf will be placed at 80253738 (length = 5C bytes)
$Script_GetItem will be placed at 80253794 (length = 54 bytes)
$Init-BRowf will be placed at 802537E8 (length = 50 bytes)
$Function_GetTattle2 will be placed at 80253838 (length = 48 bytes)
$ShopperInventory1-9 will be placed at 80253880 (length = 48 bytes)
$ShopperInventory1-8 will be placed at 802538C8 (length = 48 bytes)
$ShopperInventory1-7 will be placed at 80253910 (length = 48 bytes)
$ShopperInventory1-6 will be placed at 80253958 (length = 48 bytes)
$ShopperInventory1-5 will be placed at 802539A0 (length = 48 bytes)
$StrangeSackBadge will be placed at 802539E8 (length = 48 bytes)
$ShopperInventory8-5 will be placed at 80253A30 (length = 48 bytes)
$ShopperInventory8-4 will be placed at 80253A78 (length = 48 bytes)
$ShopperInventory8-3 will be placed at 80253AC0 (length = 48 bytes)
$ShopperInventory8-2 will be placed at 80253B08 (length = 48 bytes)
$ShopperInventory8-1 will be placed at 80253B50 (length = 48 bytes)
$ShopperInventory8-9 will be placed at 80253B98 (length = 48 bytes)
$ShopperInventory8-8 will be placed at 80253BE0 (length = 48 bytes)
$ShopperInventory8-7 will be placed at 80253C28 (length = 48 bytes)
$ShopperInventory8-6 will be placed at 80253C70 (length = 48 bytes)
$ShopperInventory9-4 will be placed at 80253CB8 (length = 48 bytes)
$ShopperInventory9-3 will be placed at 80253D00 (length = 48 bytes)
$ShopperInventory9-2 will be placed at 80253D48 (length = 48 bytes)
$ShopperInventory9-1 will be placed at 80253D90 (length = 48 bytes)
$ShopperInventory9-9 will be placed at 80253DD8 (length = 48 bytes)
$ShopperInventory9-8 will be placed at 80253E20 (length = 48 bytes)
$ShopperInventory9-7 will be placed at 80253E68 (length = 48 bytes)
$ShopperInventory9-6 will be placed at 80253EB0 (length = 48 bytes)
$ShopperInventory9-5 will be placed at 80253EF8 (length = 48 bytes)
$CommingDownPipe will be placed at 80253F40 (length = 48 bytes)
$ShopperInventory6-7 will be placed at 80253F88 (length = 48 bytes)
$ShopperInventory6-6 will be placed at 80253FD0 (length = 48 bytes)
$ShopperInventory6-5 will be placed at 80254018 (length = 48 bytes)
$ShopperInventory6-4 will be placed at 80254060 (length = 48 bytes)
$ShopperInventory6-3 will be placed at 802540A8 (length = 48 bytes)
$ShopperInventory6-2 will be placed at 802540F0 (length = 48 bytes)
$ShopperInventory6-1 will be placed at 80254138 (length = 48 bytes)
$ShopperInventory6-9 will be placed at 80254180 (length = 48 bytes)
$ShopperInventory6-8 will be placed at 802541C8 (length = 48 bytes)
$ShopperInventory7-6 will be placed at 80254210 (length = 48 bytes)
$ShopperInventory7-5 will be placed at 80254258 (length = 48 bytes)
$ShopperInventory7-4 will be placed at 802542A0 (length = 48 bytes)
$ShopperInventory7-3 will be placed at 802542E8 (length = 48 bytes)
$ShopperInventory7-2 will be placed at 80254330 (length = 48 bytes)
$ShopperInventory7-1 will be placed at 80254378 (length = 48 bytes)
$ShopperInventory7-9 will be placed at 802543C0 (length = 48 bytes)
$ShopperInventory7-8 will be placed at 80254408 (length = 48 bytes)
$ShopperInventory7-7 will be placed at 80254450 (length = 48 bytes)
$ShopperInventory4-9 will be placed at 80254498 (length = 48 bytes)
$ShopperInventory4-8 will be placed at 802544E0 (length = 48 bytes)
$ShopperInventory4-7 will be placed at 80254528 (length = 48 bytes)
$ShopperInventory4-6 will be placed at 80254570 (length = 48 bytes)
$ShopperInventory4-5 will be placed at 802545B8 (length = 48 bytes)
$ShopperInventory4-4 will be placed at 80254600 (length = 48 bytes)
$ShopperInventory4-3 will be placed at 80254648 (length = 48 bytes)
$ShopperInventory4-2 will be placed at 80254690 (length = 48 bytes)
$ShopperInventory3-2 will be placed at 802546D8 (length = 48 bytes)
$ShopperInventory3-1 will be placed at 80254720 (length = 48 bytes)
$ShopperInventory5-8 will be placed at 80254768 (length = 48 bytes)
$ShopperInventory5-7 will be placed at 802547B0 (length = 48 bytes)
$ShopperInventory5-6 will be placed at 802547F8 (length = 48 bytes)
$ShopperInventory5-5 will be placed at 80254840 (length = 48 bytes)
$ShopperInventory5-4 will be placed at 80254888 (length = 48 bytes)
$ShopperInventory5-3 will be placed at 802548D0 (length = 48 bytes)
$ShopperInventory5-2 will be placed at 80254918 (length = 48 bytes)
$ShopperInventory5-1 will be placed at 80254960 (length = 48 bytes)
$ShopperInventory5-9 will be placed at 802549A8 (length = 48 bytes)
$ShopperInventory4-1 will be placed at 802549F0 (length = 48 bytes)
$ShopperInventory2-9 will be placed at 80254A38 (length = 48 bytes)
$Script_ReadSignExit will be placed at 80254A80 (length = 48 bytes)
$ShopperInventory2-8 will be placed at 80254AC8 (length = 48 bytes)
$ShopperInventory2-7 will be placed at 80254B10 (length = 48 bytes)
$ShopperInventory2-6 will be placed at 80254B58 (length = 48 bytes)
$ShopperInventory2-5 will be placed at 80254BA0 (length = 48 bytes)
$ShopperInventory2-4 will be placed at 80254BE8 (length = 48 bytes)
$ShopperInventory1-4 will be placed at 80254C30 (length = 48 bytes)
$ShopperInventory1-3 will be placed at 80254C78 (length = 48 bytes)
$ShopperInventory1-2 will be placed at 80254CC0 (length = 48 bytes)
$ShopperInventory1-1 will be placed at 80254D08 (length = 48 bytes)
$Script_Exit1 will be placed at 80254D50 (length = 48 bytes)
$Script_Exit0 will be placed at 80254D98 (length = 48 bytes)
$ShopperInventory3-9 will be placed at 80254DE0 (length = 48 bytes)
$ShopperInventory3-8 will be placed at 80254E28 (length = 48 bytes)
$ShopperInventory3-7 will be placed at 80254E70 (length = 48 bytes)
$Script_MakeExits will be placed at 80254EB8 (length = 48 bytes)
$ShopperInventory3-6 will be placed at 80254F00 (length = 48 bytes)
$ShopperInventory3-5 will be placed at 80254F48 (length = 48 bytes)
$ShopperInventory3-4 will be placed at 80254F90 (length = 48 bytes)
$ShopperInventory3-3 will be placed at 80254FD8 (length = 48 bytes)
$ShopperInventory2-3 will be placed at 80255020 (length = 48 bytes)
$ShopperInventory2-2 will be placed at 80255068 (length = 48 bytes)
$ShopperInventory2-1 will be placed at 802550B0 (length = 48 bytes)
$NoInventory-BRowf will be placed at 802550F8 (length = 44 bytes)
$GetFloorRowf will be placed at 8025513C (length = 44 bytes)
$Function_Init will be placed at 80255180 (length = 44 bytes)
$GetItem_BRowf will be placed at 802551C4 (length = 44 bytes)
$NoCoins will be placed at 80255208 (length = 44 bytes)
$ShopperCancel will be placed at 8025524C (length = 40 bytes)
$Header will be placed at 8025528C (length = 40 bytes)
$PartnerFunc2 will be placed at 802552CC (length = 3C bytes)
$VectorList_Path_Lakilester will be placed at 80255308 (length = 3C bytes)
$TotalLevels will be placed at 80255344 (length = 38 bytes)
$PartnerFunc1 will be placed at 8025537C (length = 34 bytes)
$LoadCoins_BRowf will be placed at 802553B0 (length = 34 bytes)
$EntryList will be placed at 802553E4 (length = 30 bytes)
$GotItem will be placed at 80255414 (length = 30 bytes)
$NoMoney-BRowf will be placed at 80255444 (length = 30 bytes)
$SetSackFlag will be placed at 80255474 (length = 2C bytes)
$InventoryAvailability will be placed at 802554A0 (length = 2C bytes)
$EnableInputs will be placed at 802554CC (length = 2C bytes)
$LoadCoins will be placed at 802554F8 (length = 2C bytes)
$Rowf_Settings will be placed at 80255524 (length = 2C bytes)
$Partner_Settings will be placed at 80255550 (length = 2C bytes)
$BRowf_Settings will be placed at 8025557C (length = 28 bytes)
$Init2-BRowf will be placed at 802555A4 (length = 24 bytes)
$NpcGroups will be placed at 802555C8 (length = 24 bytes)
$InitShopper will be placed at 802555EC (length = 24 bytes)
$Function_80240000 will be placed at 80255610 (length = 20 bytes)
$SignStringExit will be placed at 80255630 (length = 20 bytes)
$SignString100 will be placed at 80255650 (length = 18 bytes)
$SignString1 will be placed at 80255668 (length = 14 bytes)
$SignString59 will be placed at 8025567C (length = 14 bytes)
$SignString58 will be placed at 80255690 (length = 14 bytes)
$SignString57 will be placed at 802556A4 (length = 14 bytes)
$SignString56 will be placed at 802556B8 (length = 14 bytes)
$SignString55 will be placed at 802556CC (length = 14 bytes)
$SignString54 will be placed at 802556E0 (length = 14 bytes)
$SignString53 will be placed at 802556F4 (length = 14 bytes)
$SignString52 will be placed at 80255708 (length = 14 bytes)
$SignString51 will be placed at 8025571C (length = 14 bytes)
$SignString50 will be placed at 80255730 (length = 14 bytes)
$SignString69 will be placed at 80255744 (length = 14 bytes)
$SignString68 will be placed at 80255758 (length = 14 bytes)
$SignString67 will be placed at 8025576C (length = 14 bytes)
$SignString66 will be placed at 80255780 (length = 14 bytes)
$SignString65 will be placed at 80255794 (length = 14 bytes)
$SignString64 will be placed at 802557A8 (length = 14 bytes)
$SignString63 will be placed at 802557BC (length = 14 bytes)
$SignString62 will be placed at 802557D0 (length = 14 bytes)
$SignString61 will be placed at 802557E4 (length = 14 bytes)
$SignString60 will be placed at 802557F8 (length = 14 bytes)
$SignString79 will be placed at 8025580C (length = 14 bytes)
$SignString78 will be placed at 80255820 (length = 14 bytes)
$SignString77 will be placed at 80255834 (length = 14 bytes)
$SignString76 will be placed at 80255848 (length = 14 bytes)
$SignString75 will be placed at 8025585C (length = 14 bytes)
$SignString74 will be placed at 80255870 (length = 14 bytes)
$SignString73 will be placed at 80255884 (length = 14 bytes)
$SignString72 will be placed at 80255898 (length = 14 bytes)
$SignString71 will be placed at 802558AC (length = 14 bytes)
$SignString70 will be placed at 802558C0 (length = 14 bytes)
$SignString89 will be placed at 802558D4 (length = 14 bytes)
$SignString88 will be placed at 802558E8 (length = 14 bytes)
$SignString87 will be placed at 802558FC (length = 14 bytes)
$SignString86 will be placed at 80255910 (length = 14 bytes)
$SignString85 will be placed at 80255924 (length = 14 bytes)
$SignString84 will be placed at 80255938 (length = 14 bytes)
$SignString83 will be placed at 8025594C (length = 14 bytes)
$SignString82 will be placed at 80255960 (length = 14 bytes)
$SignString81 will be placed at 80255974 (length = 14 bytes)
$SignString80 will be placed at 80255988 (length = 14 bytes)
$SignString19 will be placed at 8025599C (length = 14 bytes)
$SignString18 will be placed at 802559B0 (length = 14 bytes)
$SignString17 will be placed at 802559C4 (length = 14 bytes)
$SignString16 will be placed at 802559D8 (length = 14 bytes)
$SignString15 will be placed at 802559EC (length = 14 bytes)
$SignString14 will be placed at 80255A00 (length = 14 bytes)
$SignString13 will be placed at 80255A14 (length = 14 bytes)
$SignString12 will be placed at 80255A28 (length = 14 bytes)
$SignString11 will be placed at 80255A3C (length = 14 bytes)
$SignString10 will be placed at 80255A50 (length = 14 bytes)
$SignString3 will be placed at 80255A64 (length = 14 bytes)
$SignString2 will be placed at 80255A78 (length = 14 bytes)
$SignString5 will be placed at 80255A8C (length = 14 bytes)
$SignString4 will be placed at 80255AA0 (length = 14 bytes)
$SignString7 will be placed at 80255AB4 (length = 14 bytes)
$SignString6 will be placed at 80255AC8 (length = 14 bytes)
$SignString9 will be placed at 80255ADC (length = 14 bytes)
$SignString8 will be placed at 80255AF0 (length = 14 bytes)
$SignString29 will be placed at 80255B04 (length = 14 bytes)
$SignString28 will be placed at 80255B18 (length = 14 bytes)
$SignString27 will be placed at 80255B2C (length = 14 bytes)
$SignString26 will be placed at 80255B40 (length = 14 bytes)
$SignString25 will be placed at 80255B54 (length = 14 bytes)
$SignString24 will be placed at 80255B68 (length = 14 bytes)
$SignString23 will be placed at 80255B7C (length = 14 bytes)
$SignString22 will be placed at 80255B90 (length = 14 bytes)
$SignString21 will be placed at 80255BA4 (length = 14 bytes)
$SignString20 will be placed at 80255BB8 (length = 14 bytes)
$SignString will be placed at 80255BCC (length = 14 bytes)
$SignString39 will be placed at 80255BE0 (length = 14 bytes)
$SignString38 will be placed at 80255BF4 (length = 14 bytes)
$SignString37 will be placed at 80255C08 (length = 14 bytes)
$SignString36 will be placed at 80255C1C (length = 14 bytes)
$SignString35 will be placed at 80255C30 (length = 14 bytes)
$SignString34 will be placed at 80255C44 (length = 14 bytes)
$SignString33 will be placed at 80255C58 (length = 14 bytes)
$SignString32 will be placed at 80255C6C (length = 14 bytes)
$SignString31 will be placed at 80255C80 (length = 14 bytes)
$SignString30 will be placed at 80255C94 (length = 14 bytes)
$SignString49 will be placed at 80255CA8 (length = 14 bytes)
$SignString48 will be placed at 80255CBC (length = 14 bytes)
$SignString47 will be placed at 80255CD0 (length = 14 bytes)
$SignString46 will be placed at 80255CE4 (length = 14 bytes)
$SignString45 will be placed at 80255CF8 (length = 14 bytes)
$SignString44 will be placed at 80255D0C (length = 14 bytes)
$SignString43 will be placed at 80255D20 (length = 14 bytes)
$SignString42 will be placed at 80255D34 (length = 14 bytes)
$SignString41 will be placed at 80255D48 (length = 14 bytes)
$SignString40 will be placed at 80255D5C (length = 14 bytes)
$SignString99 will be placed at 80255D70 (length = 14 bytes)
$SignString98 will be placed at 80255D84 (length = 14 bytes)
$SignString97 will be placed at 80255D98 (length = 14 bytes)
$SignString96 will be placed at 80255DAC (length = 14 bytes)
$SignString95 will be placed at 80255DC0 (length = 14 bytes)
$SignString94 will be placed at 80255DD4 (length = 14 bytes)
$SignString93 will be placed at 80255DE8 (length = 14 bytes)
$SignString92 will be placed at 80255DFC (length = 14 bytes)
$SignString91 will be placed at 80255E10 (length = 14 bytes)
$SignString90 will be placed at 80255E24 (length = 14 bytes)
$ShopperAccepted will be placed at 80255E38 (length = 14 bytes)
$PartnerImage4 will be placed at 80255E4C (length = 10 bytes)
$PartnerImage5 will be placed at 80255E5C (length = 10 bytes)
$PartnerImage2 will be placed at 80255E6C (length = 10 bytes)
$PartnerImage8 will be placed at 80255E7C (length = 10 bytes)
$ASCII_pit_02_Literal will be placed at 80255E8C (length = C bytes)
$ASCII_pit_34_Literal will be placed at 80255E98 (length = C bytes)
$ASCII_pit_66_Literal will be placed at 80255EA4 (length = C bytes)
$ASCII_pit_98_Literal will be placed at 80255EB0 (length = C bytes)
$ASCII_pit_19_Literal will be placed at 80255EBC (length = C bytes)
$ASCII_pit_69_Literal will be placed at 80255EC8 (length = C bytes)
$ASCII_pit_81_Literal will be placed at 80255ED4 (length = C bytes)
$ASCII_pit_63_Literal will be placed at 80255EE0 (length = C bytes)
$ASCII_pit_95_Literal will be placed at 80255EEC (length = C bytes)
$ASCII_pit_16_Literal will be placed at 80255EF8 (length = C bytes)
$ASCII_pit_37_Literal will be placed at 80255F04 (length = C bytes)
$ASCII_pit_05_Literal will be placed at 80255F10 (length = C bytes)
$ASCII_pit_08_Literal will be placed at 80255F1C (length = C bytes)
$ASCII_pit_87_Literal will be placed at 80255F28 (length = C bytes)
$ASCII_pit_13_Literal will be placed at 80255F34 (length = C bytes)
$ASCII_pit_92_Literal will be placed at 80255F40 (length = C bytes)
$ASCII_pit_77_Literal will be placed at 80255F4C (length = C bytes)
$ASCII_pit_26_Literal will be placed at 80255F58 (length = C bytes)
$ASCII_pit_41_Literal will be placed at 80255F64 (length = C bytes)
$ASCII_pit_74_Literal will be placed at 80255F70 (length = C bytes)
$ASCII_pit_60_Literal will be placed at 80255F7C (length = C bytes)
$ASCII_pit_59_Literal will be placed at 80255F88 (length = C bytes)
$ASCII_pit_20_Literal will be placed at 80255F94 (length = C bytes)
$ASCII_pit_23_Literal will be placed at 80255FA0 (length = C bytes)
$ASCII_pit_56_Literal will be placed at 80255FAC (length = C bytes)
$ASCII_pit_44_Literal will be placed at 80255FB8 (length = C bytes)
$ASCII_pit_94_Literal will be placed at 80255FC4 (length = C bytes)
$ASCII_pit_21_Literal will be placed at 80255FD0 (length = C bytes)
$ASCII_pit_53_Literal will be placed at 80255FDC (length = C bytes)
$ASCII_pit_09_Literal will be placed at 80255FE8 (length = C bytes)
$ASCII_pit_88_Literal will be placed at 80255FF4 (length = C bytes)
$ASCII_pit_38_Literal will be placed at 80256000 (length = C bytes)
$ASCII_pit_76_Literal will be placed at 8025600C (length = C bytes)
$ASCII_pit_33_Literal will be placed at 80256018 (length = C bytes)
$ASCII_pit_99_Literal will be placed at 80256024 (length = C bytes)
$ASCII_pit_71_Literal will be placed at 80256030 (length = C bytes)
$ASCII_pit_58_Literal will be placed at 8025603C (length = C bytes)
$ASCII_pit_64_Literal will be placed at 80256048 (length = C bytes)
$ASCII_pit_10_Literal will be placed at 80256054 (length = C bytes)
$ASCII_pit_45_Literal will be placed at 80256060 (length = C bytes)
$ASCII_pit_03_Literal will be placed at 8025606C (length = C bytes)
$ASCII_pit_82_Literal will be placed at 80256078 (length = C bytes)
$ASCII_pit_52_Literal will be placed at 80256084 (length = C bytes)
$ASCII_pit_70_Literal will be placed at 80256090 (length = C bytes)
$ASCII_pit_40_Literal will be placed at 8025609C (length = C bytes)
$ASCII_pit_39_Literal will be placed at 802560A8 (length = C bytes)
$ASCII_pit_15_Literal will be placed at 802560B4 (length = C bytes)
$ASCII_pit_27_Literal will be placed at 802560C0 (length = C bytes)
$ASCII_pit_90_Literal will be placed at 802560CC (length = C bytes)
$ASCII_pit_57_Literal will be placed at 802560D8 (length = C bytes)
$ASCII_pit_72_Literal will be placed at 802560E4 (length = C bytes)
$ASCII_pit_43_Literal will be placed at 802560F0 (length = C bytes)
$ASCII_pit_28_Literal will be placed at 802560FC (length = C bytes)
$ASCII_pit_78_Literal will be placed at 80256108 (length = C bytes)
$ASCII_pit_46_Literal will be placed at 80256114 (length = C bytes)
$ASCII_pit_22_Literal will be placed at 80256120 (length = C bytes)
$ASCII_pit_25_Literal will be placed at 8025612C (length = C bytes)
$ASCII_pit_54_Literal will be placed at 80256138 (length = C bytes)
$ASCII_pit_75_Literal will be placed at 80256144 (length = C bytes)
$ASCII_pit_32_Literal will be placed at 80256150 (length = C bytes)
$ASCII_pit_17_Literal will be placed at 8025615C (length = C bytes)
$ASCII_pit_49_Literal will be placed at 80256168 (length = C bytes)
$ASCII_pit_96_Literal will be placed at 80256174 (length = C bytes)
$ASCII_pit_68_Literal will be placed at 80256180 (length = C bytes)
$ASCII_pit_51_Literal will be placed at 8025618C (length = C bytes)
$ASCII_pit_04_Literal will be placed at 80256198 (length = C bytes)
$ASCII_pit_83_Literal will be placed at 802561A4 (length = C bytes)
$ASCII_pit_86_Literal will be placed at 802561B0 (length = C bytes)
$ASCII_pit_14_Literal will be placed at 802561BC (length = C bytes)
$ASCII_pit_93_Literal will be placed at 802561C8 (length = C bytes)
$ASCII_pit_65_Literal will be placed at 802561D4 (length = C bytes)
$ASCII_pit_07_Literal will be placed at 802561E0 (length = C bytes)
$ASCII_pit_35_Literal will be placed at 802561EC (length = C bytes)
$ASCII_pit_11_Literal will be placed at 802561F8 (length = C bytes)
$ASCII_pit_89_Literal will be placed at 80256204 (length = C bytes)
$ASCII_pit_79_Literal will be placed at 80256210 (length = C bytes)
$ASCII_pit_62_Literal will be placed at 8025621C (length = C bytes)
$Init3-BRowf will be placed at 80256228 (length = C bytes)
$ASCII_pit_47_Literal will be placed at 80256234 (length = C bytes)
$ASCII_pit_06_Literal will be placed at 80256240 (length = C bytes)
$ASCII_pit_24_Literal will be placed at 8025624C (length = C bytes)
$ASCII_pit_12_Literal will be placed at 80256258 (length = C bytes)
$ASCII_pit_01_Literal will be placed at 80256264 (length = C bytes)
$PartnerImage3 will be placed at 80256270 (length = C bytes)
$PartnerImage6 will be placed at 8025627C (length = C bytes)
$ASCII_pit_50_Literal will be placed at 80256288 (length = C bytes)
$PartnerImage1 will be placed at 80256294 (length = C bytes)
$ASCII_pit_67_Literal will be placed at 802562A0 (length = C bytes)
$ASCII_pit_42_Literal will be placed at 802562AC (length = C bytes)
$PartnerImage7 will be placed at 802562B8 (length = C bytes)
$ASCII_pit_80_Literal will be placed at 802562C4 (length = C bytes)
$ASCII_pit_29_Literal will be placed at 802562D0 (length = C bytes)
$ASCII_pit_30_Literal will be placed at 802562DC (length = C bytes)
$ASCII_pit_00_Literal will be placed at 802562E8 (length = C bytes)
$ASCII_pit_36_Literal will be placed at 802562F4 (length = C bytes)
$ASCII_pit_55_Literal will be placed at 80256300 (length = C bytes)
$ASCII_pit_18_Literal will be placed at 8025630C (length = C bytes)
$ASCII_pit_48_Literal will be placed at 80256318 (length = C bytes)
$ASCII_pit_31_Literal will be placed at 80256324 (length = C bytes)
$ASCII_pit_91_Literal will be placed at 80256330 (length = C bytes)
$ASCII_pit_97_Literal will be placed at 8025633C (length = C bytes)
$ASCII_pit_85_Literal will be placed at 80256348 (length = C bytes)
$ASCII_pit_73_Literal will be placed at 80256354 (length = C bytes)
$ASCII_pit_61_Literal will be placed at 80256360 (length = C bytes)
$ASCII_pit_100_Literal will be placed at 8025636C (length = 8 bytes)
$ASCII_pit_842_Literal will be placed at 80256374 (length = 8 bytes)
$ASCII_tik_tex_Literal will be placed at 8025637C (length = 8 bytes)
$No-BRowf will be placed at 80256384 (length = 4 bytes)
Executing patch: pit_51.mpat
Loaded map pit_51
Creating struct: $EntryList
Creating struct: $DeepestLevel
Creating struct: $TotalLevels
Creating struct: $LoadHighscores
Creating struct: $FallingDownPipe
Creating struct: $Function_GetPos
Creating struct: $Function2
Creating struct: $SetSpawns
Creating struct: $Script_SetNPCPos
Creating struct: $SwitchPath
Creating struct: $VectorList_80244998
Creating struct: $GetPos
Creating struct: $Function_GetDamageTaken
Creating struct: $Function_ResetDamage
Creating struct: $DispawnParthner
Creating struct: $RespawnParthner
Creating struct: $LoadMap
Creating struct: $Script_LoadMapMover_Roguelike
Creating struct: $GetFloor
Creating struct: $LoadCoinsMover
Creating struct: $LoadMapBandit
Creating struct: $GetFloorBandit
Creating struct: $Script_Init_80243B20
Creating struct: $Script_80243A6C
Creating struct: $Script_AddCoins
Creating struct: $Script_SubstractCoins
Creating struct: $NPC_Settings_Sack
Creating struct: $Script_Init_Bag
Creating struct: $Script_Init_Bag_HitBox
Creating struct: $Script_NPC_SackHit_Init
Creating struct: $Script_NPC_Sack_FX
Creating struct: $NPC_Sack_AnimationStart
Creating struct: $NPC_Sack_AnimationEnd
Creating struct: $Script_SackAnimation_Start_GoToTheRight
Creating struct: $Script_SackAnimation_Start_GoToTheLeft
Creating struct: $Script_SackAnimation_End_Right
Creating struct: $Script_SackAnimation_End_Left
Creating struct: $Function_LoadGainedCoins
Creating struct: $Function_RevivePlayer
Creating struct: $AISettings_MoneySack
Creating struct: $Script_NpcAI_MoneySack
Creating struct: $JumpTable_80242448
Creating struct: $Function_NpcAI_MoneySack
Creating struct: $Function_80240260
Creating struct: $Function_80240844
Creating struct: $Function_802409A8
Creating struct: $Script_TrackPlayer
Creating struct: $Script_PipeAnimation
Creating struct: $Function_SetAnimation
Creating struct: $Function_GetColliderPos
Creating struct: $Function_TrackInput
Creating struct: $GoToNextLevel
Creating struct: $GoToNextLevel_Roguelike
Creating struct: $Script_SetSetsOfLevels
Creating struct: $Script_LoadMap_Roguelike
Creating struct: $Script_LoadChestMap_Roguelike
Creating struct: $Script_LoadMap_Mover_Roguelike
Creating struct: $Script_LoadChestMap_Mover_Roguelike
Creating struct: $GetFloorPit
Creating struct: $GetFloorSign
Creating struct: $Function_GetTattle1
Creating struct: $Function_GetTattle2
Creating struct: $Script_ReadSign
Creating struct: $Header
Creating struct: $Function_Init
Creating struct: $Script_Main
Creating struct: $NpcGroups
Creating struct: $NpcGroup_Mover
Creating struct: $BlankSettings
Creating struct: $Script_Init_Mover
Creating struct: $Interact_Mover
Creating struct: $Script_MoverWarpAnimation
Creating struct: $NpcGroup_BanditMover
Creating struct: $Script_Init_BanditMover
Creating struct: $Interact_BanditMover
Creating struct: $NpcGroup_Enemy1
Creating struct: $NpcGroup_Enemy2
Creating struct: $NpcGroup_Enemy3
Creating struct: $NpcGroup_Enemy4
Creating struct: $NpcGroup_Enemy5
Creating struct: $NpcGroup_Enemy6
Creating struct: $NpcSettings_Enemy1
Creating struct: $Script_EnemyAI
Creating struct: $AISettings_Enemy
Creating struct: $ConstDouble_80246500
Creating struct: $ConstDouble_80246508
Creating struct: $ConstDouble_80246510
Creating struct: $ConstDouble_80246558
Creating struct: $JumpTable_80246560
Creating struct: $FloatTable_80244900
Creating struct: $Function_80241DE4
Creating struct: $Function_802416C8
Creating struct: $Function_802404E0
Creating struct: $Function_80240690
Creating struct: $Function_80240CB8
Creating struct: $Function_80240D78
Creating struct: $Function_802410BC
Creating struct: $Function_80241134
Creating struct: $Function_802419D8
Creating struct: $Function_80241B08
Creating struct: $Function_80241D88
Creating struct: $Script_DisableEnemyAI
Creating struct: $AISettings_DisableEnemy
Creating struct: $PipeSpawning
Creating struct: $Script_MakeEntities
Creating struct: $CommingDownPipe
Creating struct: $Script_MakeExits
Creating struct: $Script_Exit0
Merged 1 regions to 1
$Script_LoadMap_Mover_Roguelike will be placed at 80240000 (length = F14 bytes)
$LoadMap will be placed at 80240F14 (length = EF4 bytes)
$Script_ReadSign will be placed at 80241E08 (length = EEC bytes)
$LoadMapBandit will be placed at 80242CF4 (length = EA4 bytes)
$Script_LoadMap_Roguelike will be placed at 80243B98 (length = D9C bytes)
$GoToNextLevel will be placed at 80244934 (length = D10 bytes)
$GoToNextLevel_Roguelike will be placed at 80245644 (length = 868 bytes)
$Function_80240690 will be placed at 80245EAC (length = 620 bytes)
$Function_80240260 will be placed at 802464CC (length = 5E4 bytes)
$SetSpawns will be placed at 80246AB0 (length = 384 bytes)
$FallingDownPipe will be placed at 80246E34 (length = 37C bytes)
$Script_SetSetsOfLevels will be placed at 802471B0 (length = 358 bytes)
$Function_80240D78 will be placed at 80247508 (length = 344 bytes)
$Script_SetNPCPos will be placed at 8024784C (length = 2F4 bytes)
$Function_80241B08 will be placed at 80247B40 (length = 284 bytes)
$Function_NpcAI_MoneySack will be placed at 80247DC4 (length = 238 bytes)
$Script_SackAnimation_Start_GoToTheRight will be placed at 80247FFC (length = 230 bytes)
$Script_SackAnimation_Start_GoToTheLeft will be placed at 8024822C (length = 1F8 bytes)
$Interact_Mover will be placed at 80248424 (length = 1F8 bytes)
$NpcGroup_Enemy3 will be placed at 8024861C (length = 1F0 bytes)
$NpcGroup_Enemy4 will be placed at 8024880C (length = 1F0 bytes)
$NpcGroup_Enemy5 will be placed at 802489FC (length = 1F0 bytes)
$NpcGroup_Enemy6 will be placed at 80248BEC (length = 1F0 bytes)
$NpcGroup_Enemy1 will be placed at 80248DDC (length = 1F0 bytes)
$NpcGroup_Enemy2 will be placed at 80248FCC (length = 1F0 bytes)
$NpcGroup_Mover will be placed at 802491BC (length = 1F0 bytes)
$NpcGroup_BanditMover will be placed at 802493AC (length = 1F0 bytes)
$Interact_BanditMover will be placed at 8024959C (length = 1EC bytes)
$Function_80241DE4 will be placed at 80249788 (length = 1E8 bytes)
$Script_PipeAnimation will be placed at 80249970 (length = 1D0 bytes)
$Function_802404E0 will be placed at 80249B40 (length = 1A8 bytes)
$JumpTable_80242448 will be placed at 80249CE8 (length = 190 bytes)
$Script_LoadChestMap_Mover_Roguelike will be placed at 80249E78 (length = 18C bytes)
$PipeSpawning will be placed at 8024A004 (length = 178 bytes)
$NPC_Sack_AnimationStart will be placed at 8024A17C (length = 168 bytes)
$Function_80240844 will be placed at 8024A2E4 (length = 164 bytes)
$Script_LoadChestMap_Roguelike will be placed at 8024A448 (length = 164 bytes)
$Script_NPC_SackHit_Init will be placed at 8024A5AC (length = 160 bytes)
$Script_SackAnimation_End_Right will be placed at 8024A70C (length = 158 bytes)
$Script_SackAnimation_End_Left will be placed at 8024A864 (length = 150 bytes)
$MapTattle5 will be placed at 8024A9B4 (length = 13C bytes)
$Function_802419D8 will be placed at 8024AAF0 (length = 130 bytes)
$MapTattle4 will be placed at 8024AC20 (length = 130 bytes)
$GetFloor will be placed at 8024AD50 (length = 12C bytes)
$BanditMover_Tattle will be placed at 8024AE7C (length = 124 bytes)
$Function_802416C8 will be placed at 8024AFA0 (length = 124 bytes)
$Script_Main will be placed at 8024B0C4 (length = 120 bytes)
$Script_80243A6C will be placed at 8024B1E4 (length = 114 bytes)
$Script_SubstractCoins will be placed at 8024B2F8 (length = 10C bytes)
$Script_LoadMapMover_Roguelike will be placed at 8024B404 (length = 104 bytes)
$GetFloorBandit will be placed at 8024B508 (length = F4 bytes)
$Script_MoverWarpAnimation will be placed at 8024B5FC (length = F0 bytes)
$Function_GetColliderPos will be placed at 8024B6EC (length = E0 bytes)
$Function_GetPos will be placed at 8024B7CC (length = E0 bytes)
$Script_TrackPlayer will be placed at 8024B8AC (length = DC bytes)
$MapTattle2 will be placed at 8024B988 (length = D4 bytes)
$Function_80240CB8 will be placed at 8024BA5C (length = C0 bytes)
$Function_TrackInput will be placed at 8024BB1C (length = BC bytes)
$MapTattle3 will be placed at 8024BBD8 (length = B0 bytes)
$Script_MakeEntities will be placed at 8024BC88 (length = A8 bytes)
$MapTattle1 will be placed at 8024BD30 (length = A8 bytes)
$Script_NpcAI_MoneySack will be placed at 8024BDD8 (length = A8 bytes)
$MoverStart will be placed at 8024BE80 (length = A4 bytes)
$SwitchPath will be placed at 8024BF24 (length = A4 bytes)
$Script_NPC_Sack_FX will be placed at 8024BFC8 (length = A4 bytes)
$GetPos will be placed at 8024C06C (length = 9C bytes)
$Script_AddCoins will be placed at 8024C108 (length = 98 bytes)
$BanditMoverStart will be placed at 8024C1A0 (length = 98 bytes)
$Mover_Tattle will be placed at 8024C238 (length = 94 bytes)
$Function_GetTattle1 will be placed at 8024C2CC (length = 8C bytes)
$NPC_Sack_AnimationEnd will be placed at 8024C358 (length = 84 bytes)
$BanditMover_Options will be placed at 8024C3DC (length = 80 bytes)
$SignStringBug will be placed at 8024C45C (length = 7C bytes)
$LoadHighscores will be placed at 8024C4D8 (length = 7C bytes)
$Function_802410BC will be placed at 8024C554 (length = 78 bytes)
$Mover_Options will be placed at 8024C5CC (length = 78 bytes)
$Script_EnemyAI will be placed at 8024C644 (length = 70 bytes)
$NpcGroups will be placed at 8024C6B4 (length = 6C bytes)
$DeepestLevel will be placed at 8024C720 (length = 6C bytes)
$Function_80241134 will be placed at 8024C78C (length = 6C bytes)
$Function2 will be placed at 8024C7F8 (length = 6C bytes)
$LoadCoinsMover will be placed at 8024C864 (length = 6C bytes)
$Function_SetAnimation will be placed at 8024C8D0 (length = 6C bytes)
$GetFloorPit will be placed at 8024C93C (length = 68 bytes)
$MoverEnd will be placed at 8024C9A4 (length = 68 bytes)
$BanditMoverEnd will be placed at 8024CA0C (length = 68 bytes)
$GetFloorSign will be placed at 8024CA74 (length = 64 bytes)
$Function_80241D88 will be placed at 8024CAD8 (length = 5C bytes)
$BanditMoverNoCoins will be placed at 8024CB34 (length = 58 bytes)
$MoverNoCoins will be placed at 8024CB8C (length = 58 bytes)
$JumpTable_80246560 will be placed at 8024CBE4 (length = 54 bytes)
$Function_GetTattle2 will be placed at 8024CC38 (length = 48 bytes)
$CommingDownPipe will be placed at 8024CC80 (length = 48 bytes)
$Script_Exit0 will be placed at 8024CCC8 (length = 48 bytes)
$Function_LoadGainedCoins will be placed at 8024CD10 (length = 48 bytes)
$Function_Init will be placed at 8024CD58 (length = 44 bytes)
$Function_802409A8 will be placed at 8024CD9C (length = 44 bytes)
$Header will be placed at 8024CDE0 (length = 40 bytes)
$Script_Init_Bag will be placed at 8024CE20 (length = 38 bytes)
$TotalLevels will be placed at 8024CE58 (length = 38 bytes)
$Script_Init_Bag_HitBox will be placed at 8024CE90 (length = 38 bytes)
$DispawnParthner will be placed at 8024CEC8 (length = 34 bytes)
$Function_ResetDamage will be placed at 8024CEFC (length = 34 bytes)
$AISettings_MoneySack will be placed at 8024CF30 (length = 30 bytes)
$AISettings_Enemy will be placed at 8024CF60 (length = 30 bytes)
$AISettings_DisableEnemy will be placed at 8024CF90 (length = 30 bytes)
$RespawnParthner will be placed at 8024CFC0 (length = 30 bytes)
$NPC_Settings_Sack will be placed at 8024CFF0 (length = 2C bytes)
$Function_GetDamageTaken will be placed at 8024D01C (length = 2C bytes)
$NpcSettings_Enemy1 will be placed at 8024D048 (length = 2C bytes)
$Function_RevivePlayer will be placed at 8024D074 (length = 2C bytes)
$String_CoinsGained will be placed at 8024D0A0 (length = 2C bytes)
$BlankSettings will be placed at 8024D0CC (length = 2C bytes)
$Script_MakeExits will be placed at 8024D0F8 (length = 2C bytes)
$VectorList_80244998 will be placed at 8024D124 (length = 24 bytes)
$Script_Init_80243B20 will be placed at 8024D148 (length = 24 bytes)
$Script_Init_Mover will be placed at 8024D16C (length = 24 bytes)
$Script_Init_BanditMover will be placed at 8024D190 (length = 24 bytes)
$Script_DisableEnemyAI will be placed at 8024D1B4 (length = 20 bytes)
$EntryList will be placed at 8024D1D4 (length = 20 bytes)
$SignString100 will be placed at 8024D1F4 (length = 18 bytes)
$FloatTable_80244900 will be placed at 8024D20C (length = 18 bytes)
$SignString1 will be placed at 8024D224 (length = 14 bytes)
$SignString99 will be placed at 8024D238 (length = 14 bytes)
$SignString98 will be placed at 8024D24C (length = 14 bytes)
$SignString97 will be placed at 8024D260 (length = 14 bytes)
$SignString96 will be placed at 8024D274 (length = 14 bytes)
$SignString95 will be placed at 8024D288 (length = 14 bytes)
$SignString94 will be placed at 8024D29C (length = 14 bytes)
$SignString93 will be placed at 8024D2B0 (length = 14 bytes)
$SignString92 will be placed at 8024D2C4 (length = 14 bytes)
$SignString91 will be placed at 8024D2D8 (length = 14 bytes)
$SignString90 will be placed at 8024D2EC (length = 14 bytes)
$SignString59 will be placed at 8024D300 (length = 14 bytes)
$SignString58 will be placed at 8024D314 (length = 14 bytes)
$SignString57 will be placed at 8024D328 (length = 14 bytes)
$SignString56 will be placed at 8024D33C (length = 14 bytes)
$SignString55 will be placed at 8024D350 (length = 14 bytes)
$SignString54 will be placed at 8024D364 (length = 14 bytes)
$SignString53 will be placed at 8024D378 (length = 14 bytes)
$SignString52 will be placed at 8024D38C (length = 14 bytes)
$SignString51 will be placed at 8024D3A0 (length = 14 bytes)
$SignString50 will be placed at 8024D3B4 (length = 14 bytes)
$SignString69 will be placed at 8024D3C8 (length = 14 bytes)
$SignString68 will be placed at 8024D3DC (length = 14 bytes)
$SignString67 will be placed at 8024D3F0 (length = 14 bytes)
$SignString66 will be placed at 8024D404 (length = 14 bytes)
$SignString65 will be placed at 8024D418 (length = 14 bytes)
$SignString64 will be placed at 8024D42C (length = 14 bytes)
$SignString63 will be placed at 8024D440 (length = 14 bytes)
$SignString62 will be placed at 8024D454 (length = 14 bytes)
$SignString61 will be placed at 8024D468 (length = 14 bytes)
$SignString60 will be placed at 8024D47C (length = 14 bytes)
$SignString79 will be placed at 8024D490 (length = 14 bytes)
$SignString78 will be placed at 8024D4A4 (length = 14 bytes)
$SignString77 will be placed at 8024D4B8 (length = 14 bytes)
$SignString76 will be placed at 8024D4CC (length = 14 bytes)
$SignString75 will be placed at 8024D4E0 (length = 14 bytes)
$SignString74 will be placed at 8024D4F4 (length = 14 bytes)
$SignString73 will be placed at 8024D508 (length = 14 bytes)
$SignString72 will be placed at 8024D51C (length = 14 bytes)
$SignString71 will be placed at 8024D530 (length = 14 bytes)
$SignString70 will be placed at 8024D544 (length = 14 bytes)
$SignString89 will be placed at 8024D558 (length = 14 bytes)
$SignString88 will be placed at 8024D56C (length = 14 bytes)
$SignString87 will be placed at 8024D580 (length = 14 bytes)
$SignString86 will be placed at 8024D594 (length = 14 bytes)
$SignString85 will be placed at 8024D5A8 (length = 14 bytes)
$SignString84 will be placed at 8024D5BC (length = 14 bytes)
$SignString83 will be placed at 8024D5D0 (length = 14 bytes)
$SignString82 will be placed at 8024D5E4 (length = 14 bytes)
$SignString81 will be placed at 8024D5F8 (length = 14 bytes)
$SignString80 will be placed at 8024D60C (length = 14 bytes)
$SignString19 will be placed at 8024D620 (length = 14 bytes)
$SignString18 will be placed at 8024D634 (length = 14 bytes)
$SignString17 will be placed at 8024D648 (length = 14 bytes)
$SignString16 will be placed at 8024D65C (length = 14 bytes)
$SignString15 will be placed at 8024D670 (length = 14 bytes)
$SignString14 will be placed at 8024D684 (length = 14 bytes)
$SignString13 will be placed at 8024D698 (length = 14 bytes)
$SignString12 will be placed at 8024D6AC (length = 14 bytes)
$SignString11 will be placed at 8024D6C0 (length = 14 bytes)
$SignString10 will be placed at 8024D6D4 (length = 14 bytes)
$SignString3 will be placed at 8024D6E8 (length = 14 bytes)
$SignString2 will be placed at 8024D6FC (length = 14 bytes)
$SignString5 will be placed at 8024D710 (length = 14 bytes)
$SignString4 will be placed at 8024D724 (length = 14 bytes)
$SignString7 will be placed at 8024D738 (length = 14 bytes)
$SignString6 will be placed at 8024D74C (length = 14 bytes)
$SignString9 will be placed at 8024D760 (length = 14 bytes)
$SignString8 will be placed at 8024D774 (length = 14 bytes)
$SignString29 will be placed at 8024D788 (length = 14 bytes)
$SignString28 will be placed at 8024D79C (length = 14 bytes)
$SignString27 will be placed at 8024D7B0 (length = 14 bytes)
$SignString26 will be placed at 8024D7C4 (length = 14 bytes)
$SignString25 will be placed at 8024D7D8 (length = 14 bytes)
$SignString24 will be placed at 8024D7EC (length = 14 bytes)
$SignString23 will be placed at 8024D800 (length = 14 bytes)
$SignString22 will be placed at 8024D814 (length = 14 bytes)
$SignString21 will be placed at 8024D828 (length = 14 bytes)
$SignString20 will be placed at 8024D83C (length = 14 bytes)
$SignString will be placed at 8024D850 (length = 14 bytes)
$SignString39 will be placed at 8024D864 (length = 14 bytes)
$SignString38 will be placed at 8024D878 (length = 14 bytes)
$SignString37 will be placed at 8024D88C (length = 14 bytes)
$SignString36 will be placed at 8024D8A0 (length = 14 bytes)
$SignString35 will be placed at 8024D8B4 (length = 14 bytes)
$SignString34 will be placed at 8024D8C8 (length = 14 bytes)
$SignString33 will be placed at 8024D8DC (length = 14 bytes)
$SignString32 will be placed at 8024D8F0 (length = 14 bytes)
$SignString31 will be placed at 8024D904 (length = 14 bytes)
$SignString30 will be placed at 8024D918 (length = 14 bytes)
$SignString49 will be placed at 8024D92C (length = 14 bytes)
$SignString48 will be placed at 8024D940 (length = 14 bytes)
$SignString47 will be placed at 8024D954 (length = 14 bytes)
$SignString46 will be placed at 8024D968 (length = 14 bytes)
$SignString45 will be placed at 8024D97C (length = 14 bytes)
$SignString44 will be placed at 8024D990 (length = 14 bytes)
$SignString43 will be placed at 8024D9A4 (length = 14 bytes)
$SignString42 will be placed at 8024D9B8 (length = 14 bytes)
$SignString41 will be placed at 8024D9CC (length = 14 bytes)
$SignString40 will be placed at 8024D9E0 (length = 14 bytes)
$ASCII_pit_02_Literal will be placed at 8024D9F4 (length = C bytes)
$ASCII_pit_90_Literal will be placed at 8024DA00 (length = C bytes)
$ASCII_pit_34_Literal will be placed at 8024DA0C (length = C bytes)
$ASCII_pit_66_Literal will be placed at 8024DA18 (length = C bytes)
$ASCII_pit_98_Literal will be placed at 8024DA24 (length = C bytes)
$ASCII_pit_19_Literal will be placed at 8024DA30 (length = C bytes)
$ASCII_pit_57_Literal will be placed at 8024DA3C (length = C bytes)
$ASCII_pit_69_Literal will be placed at 8024DA48 (length = C bytes)
$ASCII_pit_72_Literal will be placed at 8024DA54 (length = C bytes)
$ASCII_pit_81_Literal will be placed at 8024DA60 (length = C bytes)
$ASCII_pit_43_Literal will be placed at 8024DA6C (length = C bytes)
$ASCII_pit_28_Literal will be placed at 8024DA78 (length = C bytes)
$ASCII_pit_78_Literal will be placed at 8024DA84 (length = C bytes)
$ASCII_pit_63_Literal will be placed at 8024DA90 (length = C bytes)
$ASCII_pit_46_Literal will be placed at 8024DA9C (length = C bytes)
$ASCII_pit_95_Literal will be placed at 8024DAA8 (length = C bytes)
$ASCII_pit_16_Literal will be placed at 8024DAB4 (length = C bytes)
$ASCII_pit_37_Literal will be placed at 8024DAC0 (length = C bytes)
$ASCII_pit_22_Literal will be placed at 8024DACC (length = C bytes)
$ASCII_pit_05_Literal will be placed at 8024DAD8 (length = C bytes)
$ASCII_pit_25_Literal will be placed at 8024DAE4 (length = C bytes)
$ASCII_pit_54_Literal will be placed at 8024DAF0 (length = C bytes)
$ASCII_pit_08_Literal will be placed at 8024DAFC (length = C bytes)
$ASCII_pit_87_Literal will be placed at 8024DB08 (length = C bytes)
$ASCII_pit_75_Literal will be placed at 8024DB14 (length = C bytes)
$ASCII_pit_13_Literal will be placed at 8024DB20 (length = C bytes)
$ASCII_pit_32_Literal will be placed at 8024DB2C (length = C bytes)
$ASCII_pit_92_Literal will be placed at 8024DB38 (length = C bytes)
$ASCII_pit_17_Literal will be placed at 8024DB44 (length = C bytes)
$ASCII_pit_49_Literal will be placed at 8024DB50 (length = C bytes)
$ASCII_pit_77_Literal will be placed at 8024DB5C (length = C bytes)
$ASCII_pit_96_Literal will be placed at 8024DB68 (length = C bytes)
$ASCII_pit_68_Literal will be placed at 8024DB74 (length = C bytes)
$ASCII_pit_51_Literal will be placed at 8024DB80 (length = C bytes)
$ASCII_pit_04_Literal will be placed at 8024DB8C (length = C bytes)
$ASCII_pit_83_Literal will be placed at 8024DB98 (length = C bytes)
$ASCII_pit_86_Literal will be placed at 8024DBA4 (length = C bytes)
$ASCII_pit_26_Literal will be placed at 8024DBB0 (length = C bytes)
$ASCII_pit_41_Literal will be placed at 8024DBBC (length = C bytes)
$ASCII_pit_14_Literal will be placed at 8024DBC8 (length = C bytes)
$ASCII_pit_74_Literal will be placed at 8024DBD4 (length = C bytes)
$ASCII_pit_60_Literal will be placed at 8024DBE0 (length = C bytes)
$ASCII_pit_59_Literal will be placed at 8024DBEC (length = C bytes)
$ASCII_pit_93_Literal will be placed at 8024DBF8 (length = C bytes)
$ASCII_pit_65_Literal will be placed at 8024DC04 (length = C bytes)
$ASCII_pit_07_Literal will be placed at 8024DC10 (length = C bytes)
$ASCII_pit_20_Literal will be placed at 8024DC1C (length = C bytes)
$ASCII_pit_35_Literal will be placed at 8024DC28 (length = C bytes)
$ASCII_pit_23_Literal will be placed at 8024DC34 (length = C bytes)
$ASCII_pit_11_Literal will be placed at 8024DC40 (length = C bytes)
$ASCII_pit_56_Literal will be placed at 8024DC4C (length = C bytes)
$ASCII_pit_44_Literal will be placed at 8024DC58 (length = C bytes)
$ASCII_pit_89_Literal will be placed at 8024DC64 (length = C bytes)
$ASCII_pit_79_Literal will be placed at 8024DC70 (length = C bytes)
$ASCII_pit_62_Literal will be placed at 8024DC7C (length = C bytes)
$ASCII_pit_94_Literal will be placed at 8024DC88 (length = C bytes)
$ASCII_pit_47_Literal will be placed at 8024DC94 (length = C bytes)
$ASCII_pit_21_Literal will be placed at 8024DCA0 (length = C bytes)
$ASCII_pit_06_Literal will be placed at 8024DCAC (length = C bytes)
$ASCII_pit_53_Literal will be placed at 8024DCB8 (length = C bytes)
$ASCII_pit_09_Literal will be placed at 8024DCC4 (length = C bytes)
$ASCII_pit_88_Literal will be placed at 8024DCD0 (length = C bytes)
$ASCII_pit_38_Literal will be placed at 8024DCDC (length = C bytes)
$ASCII_pit_24_Literal will be placed at 8024DCE8 (length = C bytes)
$ASCII_pit_12_Literal will be placed at 8024DCF4 (length = C bytes)
$ASCII_pit_76_Literal will be placed at 8024DD00 (length = C bytes)
$ASCII_pit_01_Literal will be placed at 8024DD0C (length = C bytes)
$ASCII_pit_50_Literal will be placed at 8024DD18 (length = C bytes)
$ASCII_pit_33_Literal will be placed at 8024DD24 (length = C bytes)
$ASCII_pit_99_Literal will be placed at 8024DD30 (length = C bytes)
$ASCII_pit_67_Literal will be placed at 8024DD3C (length = C bytes)
$ASCII_pit_71_Literal will be placed at 8024DD48 (length = C bytes)
$ASCII_pit_42_Literal will be placed at 8024DD54 (length = C bytes)
$ASCII_pit_80_Literal will be placed at 8024DD60 (length = C bytes)
$ASCII_pit_29_Literal will be placed at 8024DD6C (length = C bytes)
$ASCII_pit_58_Literal will be placed at 8024DD78 (length = C bytes)
$ASCII_pit_30_Literal will be placed at 8024DD84 (length = C bytes)
$ASCII_pit_00_Literal will be placed at 8024DD90 (length = C bytes)
$ASCII_pit_64_Literal will be placed at 8024DD9C (length = C bytes)
$ASCII_pit_36_Literal will be placed at 8024DDA8 (length = C bytes)
$ASCII_pit_55_Literal will be placed at 8024DDB4 (length = C bytes)
$ASCII_pit_10_Literal will be placed at 8024DDC0 (length = C bytes)
$ASCII_pit_45_Literal will be placed at 8024DDCC (length = C bytes)
$ASCII_pit_18_Literal will be placed at 8024DDD8 (length = C bytes)
$ASCII_pit_48_Literal will be placed at 8024DDE4 (length = C bytes)
$ASCII_pit_03_Literal will be placed at 8024DDF0 (length = C bytes)
$ASCII_pit_31_Literal will be placed at 8024DDFC (length = C bytes)
$ASCII_pit_91_Literal will be placed at 8024DE08 (length = C bytes)
$ASCII_pit_97_Literal will be placed at 8024DE14 (length = C bytes)
$ASCII_pit_82_Literal will be placed at 8024DE20 (length = C bytes)
$ASCII_pit_52_Literal will be placed at 8024DE2C (length = C bytes)
$ASCII_pit_70_Literal will be placed at 8024DE38 (length = C bytes)
$ASCII_pit_85_Literal will be placed at 8024DE44 (length = C bytes)
$ASCII_pit_40_Literal will be placed at 8024DE50 (length = C bytes)
$ASCII_pit_39_Literal will be placed at 8024DE5C (length = C bytes)
$ASCII_pit_73_Literal will be placed at 8024DE68 (length = C bytes)
$ASCII_pit_15_Literal will be placed at 8024DE74 (length = C bytes)
$ASCII_pit_27_Literal will be placed at 8024DE80 (length = C bytes)
$ASCII_pit_61_Literal will be placed at 8024DE8C (length = C bytes)
$ConstDouble_80246558 will be placed at 8024DE98 (length = 8 bytes)
$ASCII_pit_842_Literal will be placed at 8024DEA0 (length = 8 bytes)
$ASCII_pit_100_Literal will be placed at 8024DEA8 (length = 8 bytes)
$ASCII_tik_tex_Literal will be placed at 8024DEB0 (length = 8 bytes)
$ConstDouble_80246510 will be placed at 8024DEB8 (length = 8 bytes)
$ConstDouble_80246508 will be placed at 8024DEC0 (length = 8 bytes)
$ConstDouble_80246500 will be placed at 8024DEC8 (length = 8 bytes)
$MoverCancel will be placed at 8024DED0 (length = 4 bytes)
$BanditMoverCancel will be placed at 8024DED4 (length = 4 bytes)
Executing patch: pit_52.mpat
Loaded map pit_52
Creating struct: $EntryList
Creating struct: $DeepestLevel
Creating struct: $TotalLevels
Creating struct: $LoadHighscores
Creating struct: $FallingDownPipe
Creating struct: $Function_GetPos
Creating struct: $Function2
Creating struct: $SetSpawns
Creating struct: $Script_SetNPCPos
Creating struct: $SwitchPath
Creating struct: $VectorList_80244998
Creating struct: $GetPos
Creating struct: $Function_GetDamageTaken
Creating struct: $Function_ResetDamage
Creating struct: $DispawnParthner
Creating struct: $RespawnParthner
Creating struct: $LoadMap
Creating struct: $Script_LoadMapMover_Roguelike
Creating struct: $GetFloor
Creating struct: $LoadCoinsMover
Creating struct: $LoadMapBandit
Creating struct: $GetFloorBandit
Creating struct: $SetSpawnsSpecial
Creating struct: $Function_LoadCoinsInToVar1
Creating struct: $Script_SetSpawnPosition
Creating struct: $Script_Init_80243B20
Creating struct: $Script_80243A6C
Creating struct: $Script_AddCoins
Creating struct: $Script_SubstractCoins
Creating struct: $NPC_Settings_Sack
Creating struct: $Script_Init_Bag
Creating struct: $Script_Init_Bag_HitBox
Creating struct: $Script_NPC_SackHit_Init
Creating struct: $Script_NPC_Sack_FX
Creating struct: $NPC_Sack_AnimationStart
Creating struct: $NPC_Sack_AnimationEnd
Creating struct: $Script_SackAnimation_Start_GoToTheRight
Creating struct: $Script_SackAnimation_Start_GoToTheLeft
Creating struct: $Script_SackAnimation_End_Right
Creating struct: $Script_SackAnimation_End_Left
Creating struct: $Function_LoadGainedCoins
Creating struct: $Function_RevivePlayer
Creating struct: $AISettings_MoneySack
Creating struct: $Script_NpcAI_MoneySack
Creating struct: $JumpTable_80242448
Creating struct: $Function_NpcAI_MoneySack
Creating struct: $Function_80240260
Creating struct: $Function_80240844
Creating struct: $Function_802409A8
Creating struct: $Script_TrackPlayer
Creating struct: $Script_PipeAnimation
Creating struct: $Function_SetAnimation
Creating struct: $Function_GetColliderPos
Creating struct: $Function_TrackInput
Creating struct: $GoToNextLevel
Creating struct: $GoToNextLevel_Roguelike
Creating struct: $Script_SetSetsOfLevels
Creating struct: $Script_LoadMap_Roguelike
Creating struct: $Script_LoadChestMap_Roguelike
Creating struct: $Script_LoadMap_Mover_Roguelike
Creating struct: $Script_LoadChestMap_Mover_Roguelike
Creating struct: $GetFloorPit
Creating struct: $GetFloorSign
Creating struct: $Function_GetTattle1
Creating struct: $Function_GetTattle2
Creating struct: $Script_ReadSign
Creating struct: $Header
Creating struct: $Function_Init
Creating struct: $Script_Main
Creating struct: $NpcGroup1
Creating struct: $NpcGroup2
Creating struct: $NpcGroup3
Creating struct: $NpcGroup4
Creating struct: $NpcGroup5
Creating struct: $NpcGroup6
Creating struct: $NpcGroup7
Creating struct: $NpcGroups
Creating struct: $NpcGroup_Mover
Creating struct: $BlankSettings
Creating struct: $Script_Init_Mover
Creating struct: $Interact_Mover
Creating struct: $Script_MoverWarpAnimation
Creating struct: $NpcGroup_BanditMover
Creating struct: $Script_Init_BanditMover
Creating struct: $Interact_BanditMover
Creating struct: $NpcGroup_Enemy1
Creating struct: $NpcGroup_Enemy2
Creating struct: $NpcGroup_Enemy3
Creating struct: $NpcGroup_Enemy4
Creating struct: $NpcGroup_Enemy5
Creating struct: $NpcGroup_Enemy6
Creating struct: $ConstDouble_802473D8
Creating struct: $ConstDouble_802473E0
Creating struct: $ConstDouble_802473E8
Creating struct: $ConstDouble_802473F0
Creating struct: $ConstDouble_802473F8
Creating struct: $ConstDouble_80247400
Creating struct: $NpcSettings_Enemy1
Creating struct: $NpcSettings_Enemy1B
Creating struct: $Script_EnemyAI
Creating struct: $Script_EnemyAIB
Creating struct: $AISettings_Enemy
Creating struct: $Function_80240FB4
Creating struct: $Function_8024234C
Creating struct: $Function_802414C8
Creating struct: $Function_80241534
Creating struct: $Function_80241630
Creating struct: $Function_80242070
Creating struct: $Function_80242100
Creating struct: $Function_80242200
Creating struct: $Function_80242260
Creating struct: $Script_DisableEnemyAI
Creating struct: $AISettings_DisableEnemy
Creating struct: $PipeSpawning
Creating struct: $Script_MakeEntities
Creating struct: $CommingDownPipe
Creating struct: $Script_MakeExits
Creating struct: $Script_Exit0
Merged 1 regions to 1
$Script_LoadMap_Mover_Roguelike will be placed at 80240000 (length = F14 bytes)
$LoadMap will be placed at 80240F14 (length = EF4 bytes)
$Script_ReadSign will be placed at 80241E08 (length = EEC bytes)
$LoadMapBandit will be placed at 80242CF4 (length = EA4 bytes)
$Script_LoadMap_Roguelike will be placed at 80243B98 (length = D9C bytes)
$GoToNextLevel will be placed at 80244934 (length = D10 bytes)
$Function_80241630 will be placed at 80245644 (length = A10 bytes)
$GoToNextLevel_Roguelike will be placed at 80246054 (length = 868 bytes)
$SetSpawnsSpecial will be placed at 802468BC (length = 608 bytes)
$Function_80240260 will be placed at 80246EC4 (length = 5E4 bytes)
$NpcGroup_Enemy3 will be placed at 802474A8 (length = 3E0 bytes)
$NpcGroup_Enemy4 will be placed at 80247888 (length = 3E0 bytes)
$NpcGroup_Enemy5 will be placed at 80247C68 (length = 3E0 bytes)
$NpcGroup_Enemy6 will be placed at 80248048 (length = 3E0 bytes)
$NpcGroup_Enemy1 will be placed at 80248428 (length = 3E0 bytes)
$NpcGroup_Enemy2 will be placed at 80248808 (length = 3E0 bytes)
$SetSpawns will be placed at 80248BE8 (length = 384 bytes)
$FallingDownPipe will be placed at 80248F6C (length = 37C bytes)
$Script_SetSetsOfLevels will be placed at 802492E8 (length = 358 bytes)
$Script_SetNPCPos will be placed at 80249640 (length = 2F4 bytes)
$Function_80240FB4 will be placed at 80249934 (length = 260 bytes)
$Function_8024234C will be placed at 80249B94 (length = 250 bytes)
$Function_NpcAI_MoneySack will be placed at 80249DE4 (length = 238 bytes)
$Script_SetSpawnPosition will be placed at 8024A01C (length = 234 bytes)
$Script_SackAnimation_Start_GoToTheRight will be placed at 8024A250 (length = 230 bytes)
$Script_Main will be placed at 8024A480 (length = 218 bytes)
$Script_SackAnimation_Start_GoToTheLeft will be placed at 8024A698 (length = 1F8 bytes)
$Interact_Mover will be placed at 8024A890 (length = 1F8 bytes)
$NpcGroup_Mover will be placed at 8024AA88 (length = 1F0 bytes)
$NpcGroup_BanditMover will be placed at 8024AC78 (length = 1F0 bytes)
$Interact_BanditMover will be placed at 8024AE68 (length = 1EC bytes)
$Script_PipeAnimation will be placed at 8024B054 (length = 1D0 bytes)
$JumpTable_80242448 will be placed at 8024B224 (length = 190 bytes)
$Script_LoadChestMap_Mover_Roguelike will be placed at 8024B3B4 (length = 18C bytes)
$PipeSpawning will be placed at 8024B540 (length = 178 bytes)
$NPC_Sack_AnimationStart will be placed at 8024B6B8 (length = 168 bytes)
$Function_80240844 will be placed at 8024B820 (length = 164 bytes)
$Script_LoadChestMap_Roguelike will be placed at 8024B984 (length = 164 bytes)
$Script_NPC_SackHit_Init will be placed at 8024BAE8 (length = 160 bytes)
$Script_SackAnimation_End_Right will be placed at 8024BC48 (length = 158 bytes)
$Script_SackAnimation_End_Left will be placed at 8024BDA0 (length = 150 bytes)
$MapTattle5 will be placed at 8024BEF0 (length = 13C bytes)
$MapTattle4 will be placed at 8024C02C (length = 130 bytes)
$GetFloor will be placed at 8024C15C (length = 12C bytes)
$BanditMover_Tattle will be placed at 8024C288 (length = 124 bytes)
$Script_80243A6C will be placed at 8024C3AC (length = 114 bytes)
$Script_SubstractCoins will be placed at 8024C4C0 (length = 10C bytes)
$Script_LoadMapMover_Roguelike will be placed at 8024C5CC (length = 104 bytes)
$Function_80242100 will be placed at 8024C6D0 (length = 100 bytes)
$Function_80241534 will be placed at 8024C7D0 (length = FC bytes)
$GetFloorBandit will be placed at 8024C8CC (length = F4 bytes)
$Script_MoverWarpAnimation will be placed at 8024C9C0 (length = F0 bytes)
$Function_80242260 will be placed at 8024CAB0 (length = EC bytes)
$Function_GetColliderPos will be placed at 8024CB9C (length = E0 bytes)
$Function_GetPos will be placed at 8024CC7C (length = E0 bytes)
$Script_TrackPlayer will be placed at 8024CD5C (length = DC bytes)
$MapTattle2 will be placed at 8024CE38 (length = D4 bytes)
$Script_EnemyAI will be placed at 8024CF0C (length = D4 bytes)
$Function_TrackInput will be placed at 8024CFE0 (length = BC bytes)
$MapTattle3 will be placed at 8024D09C (length = B0 bytes)
$Script_MakeEntities will be placed at 8024D14C (length = A8 bytes)
$MapTattle1 will be placed at 8024D1F4 (length = A8 bytes)
$Script_NpcAI_MoneySack will be placed at 8024D29C (length = A8 bytes)
$MoverStart will be placed at 8024D344 (length = A4 bytes)
$SwitchPath will be placed at 8024D3E8 (length = A4 bytes)
$Script_NPC_Sack_FX will be placed at 8024D48C (length = A4 bytes)
$GetPos will be placed at 8024D530 (length = 9C bytes)
$Script_AddCoins will be placed at 8024D5CC (length = 98 bytes)
$BanditMoverStart will be placed at 8024D664 (length = 98 bytes)
$Mover_Tattle will be placed at 8024D6FC (length = 94 bytes)
$Function_80242070 will be placed at 8024D790 (length = 90 bytes)
$Function_GetTattle1 will be placed at 8024D820 (length = 8C bytes)
$NPC_Sack_AnimationEnd will be placed at 8024D8AC (length = 84 bytes)
$BanditMover_Options will be placed at 8024D930 (length = 80 bytes)
$Script_EnemyAIB will be placed at 8024D9B0 (length = 80 bytes)
$SignStringBug will be placed at 8024DA30 (length = 7C bytes)
$LoadHighscores will be placed at 8024DAAC (length = 7C bytes)
$Mover_Options will be placed at 8024DB28 (length = 78 bytes)
$NpcGroups will be placed at 8024DBA0 (length = 6C bytes)
$DeepestLevel will be placed at 8024DC0C (length = 6C bytes)
$Function2 will be placed at 8024DC78 (length = 6C bytes)
$Function_802414C8 will be placed at 8024DCE4 (length = 6C bytes)
$LoadCoinsMover will be placed at 8024DD50 (length = 6C bytes)
$Function_SetAnimation will be placed at 8024DDBC (length = 6C bytes)
$GetFloorPit will be placed at 8024DE28 (length = 68 bytes)
$MoverEnd will be placed at 8024DE90 (length = 68 bytes)
$BanditMoverEnd will be placed at 8024DEF8 (length = 68 bytes)
$GetFloorSign will be placed at 8024DF60 (length = 64 bytes)
$Function_80242200 will be placed at 8024DFC4 (length = 60 bytes)
$BanditMoverNoCoins will be placed at 8024E024 (length = 58 bytes)
$MoverNoCoins will be placed at 8024E07C (length = 58 bytes)
$Function_GetTattle2 will be placed at 8024E0D4 (length = 48 bytes)
$CommingDownPipe will be placed at 8024E11C (length = 48 bytes)
$Script_Exit0 will be placed at 8024E164 (length = 48 bytes)
$Function_LoadCoinsInToVar1 will be placed at 8024E1AC (length = 48 bytes)
$Function_LoadGainedCoins will be placed at 8024E1F4 (length = 48 bytes)
$Function_Init will be placed at 8024E23C (length = 44 bytes)
$Function_802409A8 will be placed at 8024E280 (length = 44 bytes)
$Header will be placed at 8024E2C4 (length = 40 bytes)
$Script_Init_Bag will be placed at 8024E304 (length = 38 bytes)
$TotalLevels will be placed at 8024E33C (length = 38 bytes)
$Script_Init_Bag_HitBox will be placed at 8024E374 (length = 38 bytes)
$DispawnParthner will be placed at 8024E3AC (length = 34 bytes)
$Function_ResetDamage will be placed at 8024E3E0 (length = 34 bytes)
$AISettings_MoneySack will be placed at 8024E414 (length = 30 bytes)
$AISettings_Enemy will be placed at 8024E444 (length = 30 bytes)
$AISettings_DisableEnemy will be placed at 8024E474 (length = 30 bytes)
$RespawnParthner will be placed at 8024E4A4 (length = 30 bytes)
$NPC_Settings_Sack will be placed at 8024E4D4 (length = 2C bytes)
$Function_GetDamageTaken will be placed at 8024E500 (length = 2C bytes)
$NpcSettings_Enemy1 will be placed at 8024E52C (length = 2C bytes)
$Function_RevivePlayer will be placed at 8024E558 (length = 2C bytes)
$String_CoinsGained will be placed at 8024E584 (length = 2C bytes)
$BlankSettings will be placed at 8024E5B0 (length = 2C bytes)
$NpcSettings_Enemy1B will be placed at 8024E5DC (length = 2C bytes)
$Script_MakeExits will be placed at 8024E608 (length = 2C bytes)
$NpcGroup7 will be placed at 8024E634 (length = 24 bytes)
$VectorList_80244998 will be placed at 8024E658 (length = 24 bytes)
$Script_Init_80243B20 will be placed at 8024E67C (length = 24 bytes)
$Script_Init_Mover will be placed at 8024E6A0 (length = 24 bytes)
$Script_Init_BanditMover will be placed at 8024E6C4 (length = 24 bytes)
$Script_DisableEnemyAI will be placed at 8024E6E8 (length = 20 bytes)
$EntryList will be placed at 8024E708 (length = 20 bytes)
$NpcGroup6 will be placed at 8024E728 (length = 18 bytes)
$NpcGroup3 will be placed at 8024E740 (length = 18 bytes)
$NpcGroup2 will be placed at 8024E758 (length = 18 bytes)
$NpcGroup5 will be placed at 8024E770 (length = 18 bytes)
$NpcGroup4 will be placed at 8024E788 (length = 18 bytes)
$NpcGroup1 will be placed at 8024E7A0 (length = 18 bytes)
$SignString100 will be placed at 8024E7B8 (length = 18 bytes)
$SignString1 will be placed at 8024E7D0 (length = 14 bytes)
$SignString99 will be placed at 8024E7E4 (length = 14 bytes)
$SignString98 will be placed at 8024E7F8 (length = 14 bytes)
$SignString97 will be placed at 8024E80C (length = 14 bytes)
$SignString96 will be placed at 8024E820 (length = 14 bytes)
$SignString95 will be placed at 8024E834 (length = 14 bytes)
$SignString94 will be placed at 8024E848 (length = 14 bytes)
$SignString93 will be placed at 8024E85C (length = 14 bytes)
$SignString92 will be placed at 8024E870 (length = 14 bytes)
$SignString91 will be placed at 8024E884 (length = 14 bytes)
$SignString90 will be placed at 8024E898 (length = 14 bytes)
$SignString59 will be placed at 8024E8AC (length = 14 bytes)
$SignString58 will be placed at 8024E8C0 (length = 14 bytes)
$SignString57 will be placed at 8024E8D4 (length = 14 bytes)
$SignString56 will be placed at 8024E8E8 (length = 14 bytes)
$SignString55 will be placed at 8024E8FC (length = 14 bytes)
$SignString54 will be placed at 8024E910 (length = 14 bytes)
$SignString53 will be placed at 8024E924 (length = 14 bytes)
$SignString52 will be placed at 8024E938 (length = 14 bytes)
$SignString51 will be placed at 8024E94C (length = 14 bytes)
$SignString50 will be placed at 8024E960 (length = 14 bytes)
$SignString69 will be placed at 8024E974 (length = 14 bytes)
$SignString68 will be placed at 8024E988 (length = 14 bytes)
$SignString67 will be placed at 8024E99C (length = 14 bytes)
$SignString66 will be placed at 8024E9B0 (length = 14 bytes)
$SignString65 will be placed at 8024E9C4 (length = 14 bytes)
$SignString64 will be placed at 8024E9D8 (length = 14 bytes)
$SignString63 will be placed at 8024E9EC (length = 14 bytes)
$SignString62 will be placed at 8024EA00 (length = 14 bytes)
$SignString61 will be placed at 8024EA14 (length = 14 bytes)
$SignString60 will be placed at 8024EA28 (length = 14 bytes)
$SignString79 will be placed at 8024EA3C (length = 14 bytes)
$SignString78 will be placed at 8024EA50 (length = 14 bytes)
$SignString77 will be placed at 8024EA64 (length = 14 bytes)
$SignString76 will be placed at 8024EA78 (length = 14 bytes)
$SignString75 will be placed at 8024EA8C (length = 14 bytes)
$SignString74 will be placed at 8024EAA0 (length = 14 bytes)
$SignString73 will be placed at 8024EAB4 (length = 14 bytes)
$SignString72 will be placed at 8024EAC8 (length = 14 bytes)
$SignString71 will be placed at 8024EADC (length = 14 bytes)
$SignString70 will be placed at 8024EAF0 (length = 14 bytes)
$SignString89 will be placed at 8024EB04 (length = 14 bytes)
$SignString88 will be placed at 8024EB18 (length = 14 bytes)
$SignString87 will be placed at 8024EB2C (length = 14 bytes)
$SignString86 will be placed at 8024EB40 (length = 14 bytes)
$SignString85 will be placed at 8024EB54 (length = 14 bytes)
$SignString84 will be placed at 8024EB68 (length = 14 bytes)
$SignString83 will be placed at 8024EB7C (length = 14 bytes)
$SignString82 will be placed at 8024EB90 (length = 14 bytes)
$SignString81 will be placed at 8024EBA4 (length = 14 bytes)
$SignString80 will be placed at 8024EBB8 (length = 14 bytes)
$SignString19 will be placed at 8024EBCC (length = 14 bytes)
$SignString18 will be placed at 8024EBE0 (length = 14 bytes)
$SignString17 will be placed at 8024EBF4 (length = 14 bytes)
$SignString16 will be placed at 8024EC08 (length = 14 bytes)
$SignString15 will be placed at 8024EC1C (length = 14 bytes)
$SignString14 will be placed at 8024EC30 (length = 14 bytes)
$SignString13 will be placed at 8024EC44 (length = 14 bytes)
$SignString12 will be placed at 8024EC58 (length = 14 bytes)
$SignString11 will be placed at 8024EC6C (length = 14 bytes)
$SignString10 will be placed at 8024EC80 (length = 14 bytes)
$SignString3 will be placed at 8024EC94 (length = 14 bytes)
$SignString2 will be placed at 8024ECA8 (length = 14 bytes)
$SignString5 will be placed at 8024ECBC (length = 14 bytes)
$SignString4 will be placed at 8024ECD0 (length = 14 bytes)
$SignString7 will be placed at 8024ECE4 (length = 14 bytes)
$SignString6 will be placed at 8024ECF8 (length = 14 bytes)
$SignString9 will be placed at 8024ED0C (length = 14 bytes)
$SignString8 will be placed at 8024ED20 (length = 14 bytes)
$SignString29 will be placed at 8024ED34 (length = 14 bytes)
$SignString28 will be placed at 8024ED48 (length = 14 bytes)
$SignString27 will be placed at 8024ED5C (length = 14 bytes)
$SignString26 will be placed at 8024ED70 (length = 14 bytes)
$SignString25 will be placed at 8024ED84 (length = 14 bytes)
$SignString24 will be placed at 8024ED98 (length = 14 bytes)
$SignString23 will be placed at 8024EDAC (length = 14 bytes)
$SignString22 will be placed at 8024EDC0 (length = 14 bytes)
$SignString21 will be placed at 8024EDD4 (length = 14 bytes)
$SignString20 will be placed at 8024EDE8 (length = 14 bytes)
$SignString will be placed at 8024EDFC (length = 14 bytes)
$SignString39 will be placed at 8024EE10 (length = 14 bytes)
$SignString38 will be placed at 8024EE24 (length = 14 bytes)
$SignString37 will be placed at 8024EE38 (length = 14 bytes)
$SignString36 will be placed at 8024EE4C (length = 14 bytes)
$SignString35 will be placed at 8024EE60 (length = 14 bytes)
$SignString34 will be placed at 8024EE74 (length = 14 bytes)
$SignString33 will be placed at 8024EE88 (length = 14 bytes)
$SignString32 will be placed at 8024EE9C (length = 14 bytes)
$SignString31 will be placed at 8024EEB0 (length = 14 bytes)
$SignString30 will be placed at 8024EEC4 (length = 14 bytes)
$SignString49 will be placed at 8024EED8 (length = 14 bytes)
$SignString48 will be placed at 8024EEEC (length = 14 bytes)
$SignString47 will be placed at 8024EF00 (length = 14 bytes)
$SignString46 will be placed at 8024EF14 (length = 14 bytes)
$SignString45 will be placed at 8024EF28 (length = 14 bytes)
$SignString44 will be placed at 8024EF3C (length = 14 bytes)
$SignString43 will be placed at 8024EF50 (length = 14 bytes)
$SignString42 will be placed at 8024EF64 (length = 14 bytes)
$SignString41 will be placed at 8024EF78 (length = 14 bytes)
$SignString40 will be placed at 8024EF8C (length = 14 bytes)
$ASCII_pit_02_Literal will be placed at 8024EFA0 (length = C bytes)
$ASCII_pit_90_Literal will be placed at 8024EFAC (length = C bytes)
$ASCII_pit_34_Literal will be placed at 8024EFB8 (length = C bytes)
$ASCII_pit_66_Literal will be placed at 8024EFC4 (length = C bytes)
$ASCII_pit_98_Literal will be placed at 8024EFD0 (length = C bytes)
$ASCII_pit_19_Literal will be placed at 8024EFDC (length = C bytes)
$ASCII_pit_57_Literal will be placed at 8024EFE8 (length = C bytes)
$ASCII_pit_69_Literal will be placed at 8024EFF4 (length = C bytes)
$ASCII_pit_72_Literal will be placed at 8024F000 (length = C bytes)
$ASCII_pit_81_Literal will be placed at 8024F00C (length = C bytes)
$ASCII_pit_43_Literal will be placed at 8024F018 (length = C bytes)
$ASCII_pit_28_Literal will be placed at 8024F024 (length = C bytes)
$ASCII_pit_78_Literal will be placed at 8024F030 (length = C bytes)
$ASCII_pit_63_Literal will be placed at 8024F03C (length = C bytes)
$ASCII_pit_46_Literal will be placed at 8024F048 (length = C bytes)
$ASCII_pit_95_Literal will be placed at 8024F054 (length = C bytes)
$ASCII_pit_16_Literal will be placed at 8024F060 (length = C bytes)
$ASCII_pit_37_Literal will be placed at 8024F06C (length = C bytes)
$ASCII_pit_22_Literal will be placed at 8024F078 (length = C bytes)
$ASCII_pit_05_Literal will be placed at 8024F084 (length = C bytes)
$ASCII_pit_25_Literal will be placed at 8024F090 (length = C bytes)
$ASCII_pit_54_Literal will be placed at 8024F09C (length = C bytes)
$ASCII_pit_08_Literal will be placed at 8024F0A8 (length = C bytes)
$ASCII_pit_87_Literal will be placed at 8024F0B4 (length = C bytes)
$ASCII_pit_75_Literal will be placed at 8024F0C0 (length = C bytes)
$ASCII_pit_13_Literal will be placed at 8024F0CC (length = C bytes)
$ASCII_pit_32_Literal will be placed at 8024F0D8 (length = C bytes)
$ASCII_pit_92_Literal will be placed at 8024F0E4 (length = C bytes)
$ASCII_pit_17_Literal will be placed at 8024F0F0 (length = C bytes)
$ASCII_pit_49_Literal will be placed at 8024F0FC (length = C bytes)
$ASCII_pit_77_Literal will be placed at 8024F108 (length = C bytes)
$ASCII_pit_96_Literal will be placed at 8024F114 (length = C bytes)
$ASCII_pit_68_Literal will be placed at 8024F120 (length = C bytes)
$ASCII_pit_51_Literal will be placed at 8024F12C (length = C bytes)
$ASCII_pit_04_Literal will be placed at 8024F138 (length = C bytes)
$ASCII_pit_83_Literal will be placed at 8024F144 (length = C bytes)
$ASCII_pit_86_Literal will be placed at 8024F150 (length = C bytes)
$ASCII_pit_26_Literal will be placed at 8024F15C (length = C bytes)
$ASCII_pit_41_Literal will be placed at 8024F168 (length = C bytes)
$ASCII_pit_14_Literal will be placed at 8024F174 (length = C bytes)
$ASCII_pit_74_Literal will be placed at 8024F180 (length = C bytes)
$ASCII_pit_60_Literal will be placed at 8024F18C (length = C bytes)
$ASCII_pit_59_Literal will be placed at 8024F198 (length = C bytes)
$ASCII_pit_93_Literal will be placed at 8024F1A4 (length = C bytes)
$ASCII_pit_65_Literal will be placed at 8024F1B0 (length = C bytes)
$ASCII_pit_07_Literal will be placed at 8024F1BC (length = C bytes)
$ASCII_pit_20_Literal will be placed at 8024F1C8 (length = C bytes)
$ASCII_pit_35_Literal will be placed at 8024F1D4 (length = C bytes)
$ASCII_pit_23_Literal will be placed at 8024F1E0 (length = C bytes)
$ASCII_pit_11_Literal will be placed at 8024F1EC (length = C bytes)
$ASCII_pit_56_Literal will be placed at 8024F1F8 (length = C bytes)
$ASCII_pit_44_Literal will be placed at 8024F204 (length = C bytes)
$ASCII_pit_89_Literal will be placed at 8024F210 (length = C bytes)
$ASCII_pit_79_Literal will be placed at 8024F21C (length = C bytes)
$ASCII_pit_62_Literal will be placed at 8024F228 (length = C bytes)
$ASCII_pit_94_Literal will be placed at 8024F234 (length = C bytes)
$ASCII_pit_47_Literal will be placed at 8024F240 (length = C bytes)
$ASCII_pit_21_Literal will be placed at 8024F24C (length = C bytes)
$ASCII_pit_06_Literal will be placed at 8024F258 (length = C bytes)
$ASCII_pit_53_Literal will be placed at 8024F264 (length = C bytes)
$ASCII_pit_09_Literal will be placed at 8024F270 (length = C bytes)
$ASCII_pit_88_Literal will be placed at 8024F27C (length = C bytes)
$ASCII_pit_38_Literal will be placed at 8024F288 (length = C bytes)
$ASCII_pit_24_Literal will be placed at 8024F294 (length = C bytes)
$ASCII_pit_12_Literal will be placed at 8024F2A0 (length = C bytes)
$ASCII_pit_76_Literal will be placed at 8024F2AC (length = C bytes)
$ASCII_pit_01_Literal will be placed at 8024F2B8 (length = C bytes)
$ASCII_pit_50_Literal will be placed at 8024F2C4 (length = C bytes)
$ASCII_pit_33_Literal will be placed at 8024F2D0 (length = C bytes)
$ASCII_pit_99_Literal will be placed at 8024F2DC (length = C bytes)
$ASCII_pit_67_Literal will be placed at 8024F2E8 (length = C bytes)
$ASCII_pit_71_Literal will be placed at 8024F2F4 (length = C bytes)
$ASCII_pit_42_Literal will be placed at 8024F300 (length = C bytes)
$ASCII_pit_80_Literal will be placed at 8024F30C (length = C bytes)
$ASCII_pit_29_Literal will be placed at 8024F318 (length = C bytes)
$ASCII_pit_58_Literal will be placed at 8024F324 (length = C bytes)
$ASCII_pit_30_Literal will be placed at 8024F330 (length = C bytes)
$ASCII_pit_00_Literal will be placed at 8024F33C (length = C bytes)
$ASCII_pit_64_Literal will be placed at 8024F348 (length = C bytes)
$ASCII_pit_36_Literal will be placed at 8024F354 (length = C bytes)
$ASCII_pit_55_Literal will be placed at 8024F360 (length = C bytes)
$ASCII_pit_10_Literal will be placed at 8024F36C (length = C bytes)
$ASCII_pit_45_Literal will be placed at 8024F378 (length = C bytes)
$ASCII_pit_18_Literal will be placed at 8024F384 (length = C bytes)
$ASCII_pit_48_Literal will be placed at 8024F390 (length = C bytes)
$ASCII_pit_03_Literal will be placed at 8024F39C (length = C bytes)
$ASCII_pit_31_Literal will be placed at 8024F3A8 (length = C bytes)
$ASCII_pit_91_Literal will be placed at 8024F3B4 (length = C bytes)
$ASCII_pit_97_Literal will be placed at 8024F3C0 (length = C bytes)
$ASCII_pit_82_Literal will be placed at 8024F3CC (length = C bytes)
$ASCII_pit_52_Literal will be placed at 8024F3D8 (length = C bytes)
$ASCII_pit_70_Literal will be placed at 8024F3E4 (length = C bytes)
$ASCII_pit_85_Literal will be placed at 8024F3F0 (length = C bytes)
$ASCII_pit_40_Literal will be placed at 8024F3FC (length = C bytes)
$ASCII_pit_39_Literal will be placed at 8024F408 (length = C bytes)
$ASCII_pit_73_Literal will be placed at 8024F414 (length = C bytes)
$ASCII_pit_15_Literal will be placed at 8024F420 (length = C bytes)
$ASCII_pit_27_Literal will be placed at 8024F42C (length = C bytes)
$ASCII_pit_61_Literal will be placed at 8024F438 (length = C bytes)
$ConstDouble_802473E8 will be placed at 8024F444 (length = 8 bytes)
$ConstDouble_802473E0 will be placed at 8024F44C (length = 8 bytes)
$ConstDouble_802473D8 will be placed at 8024F454 (length = 8 bytes)
$ConstDouble_802473F8 will be placed at 8024F45C (length = 8 bytes)
$ConstDouble_802473F0 will be placed at 8024F464 (length = 8 bytes)
$ConstDouble_80247400 will be placed at 8024F46C (length = 8 bytes)
$ASCII_pit_842_Literal will be placed at 8024F474 (length = 8 bytes)
$ASCII_pit_100_Literal will be placed at 8024F47C (length = 8 bytes)
$ASCII_tik_tex_Literal will be placed at 8024F484 (length = 8 bytes)
$MoverCancel will be placed at 8024F48C (length = 4 bytes)
$BanditMoverCancel will be placed at 8024F490 (length = 4 bytes)
Executing patch: pit_53.mpat
Loaded map pit_53
Creating struct: $EntryList
Creating struct: $DeepestLevel
Creating struct: $TotalLevels
Creating struct: $LoadHighscores
Creating struct: $FallingDownPipe
Creating struct: $Function_GetPos
Creating struct: $Function2
Creating struct: $SetSpawns
Creating struct: $Script_SetNPCPos
Creating struct: $SwitchPath
Creating struct: $VectorList_80244998
Creating struct: $GetPos
Creating struct: $Function_GetDamageTaken
Creating struct: $Function_ResetDamage
Creating struct: $DispawnParthner
Creating struct: $RespawnParthner
Creating struct: $LoadMap
Creating struct: $Script_LoadMapMover_Roguelike
Creating struct: $GetFloor
Creating struct: $LoadCoinsMover
Creating struct: $LoadMapBandit
Creating struct: $GetFloorBandit
Creating struct: $SetSpawnsSpecial
Creating struct: $Function_LoadCoinsInToVar1
Creating struct: $Script_SetSpawnPosition
Creating struct: $Script_Init_80243B20
Creating struct: $Script_80243A6C
Creating struct: $Script_AddCoins
Creating struct: $Script_SubstractCoins
Creating struct: $NPC_Settings_Sack
Creating struct: $Script_Init_Bag
Creating struct: $Script_Init_Bag_HitBox
Creating struct: $Script_NPC_SackHit_Init
Creating struct: $Script_NPC_Sack_FX
Creating struct: $NPC_Sack_AnimationStart
Creating struct: $NPC_Sack_AnimationEnd
Creating struct: $Script_SackAnimation_Start_GoToTheRight
Creating struct: $Script_SackAnimation_Start_GoToTheLeft
Creating struct: $Script_SackAnimation_End_Right
Creating struct: $Script_SackAnimation_End_Left
Creating struct: $Function_LoadGainedCoins
Creating struct: $Function_RevivePlayer
Creating struct: $AISettings_MoneySack
Creating struct: $Script_NpcAI_MoneySack
Creating struct: $JumpTable_80242448
Creating struct: $Function_NpcAI_MoneySack
Creating struct: $Function_80240260
Creating struct: $Function_80240844
Creating struct: $Function_802409A8
Creating struct: $Script_TrackPlayer
Creating struct: $Script_PipeAnimation
Creating struct: $Function_SetAnimation
Creating struct: $Function_GetColliderPos
Creating struct: $Function_TrackInput
Creating struct: $GoToNextLevel
Creating struct: $GoToNextLevel_Roguelike
Creating struct: $Script_SetSetsOfLevels
Creating struct: $Script_LoadMap_Roguelike
Creating struct: $Script_LoadChestMap_Roguelike
Creating struct: $Script_LoadMap_Mover_Roguelike
Creating struct: $Script_LoadChestMap_Mover_Roguelike
Creating struct: $GetFloorPit
Creating struct: $GetFloorSign
Creating struct: $Function_GetTattle1
Creating struct: $Function_GetTattle2
Creating struct: $Script_ReadSign
Creating struct: $Header
Creating struct: $Function_Init
Creating struct: $Script_Main
Creating struct: $NpcGroup1
Creating struct: $NpcGroup2
Creating struct: $NpcGroup3
Creating struct: $NpcGroup4
Creating struct: $NpcGroup5
Creating struct: $NpcGroup6
Creating struct: $NpcGroup7
Creating struct: $NpcGroups
Creating struct: $NpcGroup_Mover
Creating struct: $BlankSettings
Creating struct: $Script_Init_Mover
Creating struct: $Interact_Mover
Creating struct: $Script_MoverWarpAnimation
Creating struct: $NpcGroup_BanditMover
Creating struct: $Script_Init_BanditMover
Creating struct: $Interact_BanditMover
Creating struct: $NpcGroup_Enemy1
Creating struct: $NpcGroup_Enemy2
Creating struct: $NpcGroup_Enemy3
Creating struct: $NpcGroup_Enemy4
Creating struct: $NpcGroup_Enemy5
Creating struct: $NpcGroup_Enemy6
Creating struct: $NpcSettings_Enemy1
Creating struct: $Script_EnemyAI
Creating struct: $AISettings_Enemy
Creating struct: $ConstDouble_802441A0
Creating struct: $ConstDouble_802441A8
Creating struct: $ConstDouble_802441B0
Creating struct: $FloatTable_8024362C
Creating struct: $JumpTable_802441B8
Creating struct: $Function_8024162C
Creating struct: $Function_80241508
Creating struct: $Function_80240320
Creating struct: $Function_802404D0
Creating struct: $Function_80240AF8
Creating struct: $Function_80240BB8
Creating struct: $Function_80240EFC
Creating struct: $Function_80240F74
Creating struct: $Function_80240FE0
Creating struct: $Function_80241114
Creating struct: $Function_80241178
Creating struct: $Script_DisableEnemyAI
Creating struct: $AISettings_DisableEnemy
Creating struct: $PipeSpawning
Creating struct: $Script_MakeEntities
Creating struct: $CommingDownPipe
Creating struct: $Script_MakeExits
Creating struct: $Script_Exit0
Merged 1 regions to 1
$Script_LoadMap_Mover_Roguelike will be placed at 80240000 (length = F14 bytes)
$LoadMap will be placed at 80240F14 (length = EF4 bytes)
$Script_ReadSign will be placed at 80241E08 (length = EEC bytes)
$LoadMapBandit will be placed at 80242CF4 (length = EA4 bytes)
$Script_LoadMap_Roguelike will be placed at 80243B98 (length = D9C bytes)
$GoToNextLevel will be placed at 80244934 (length = D10 bytes)
$GoToNextLevel_Roguelike will be placed at 80245644 (length = 868 bytes)
$Function_802404D0 will be placed at 80245EAC (length = 630 bytes)
$SetSpawnsSpecial will be placed at 802464DC (length = 608 bytes)
$Function_80240260 will be placed at 80246AE4 (length = 5E4 bytes)
$Function_80241178 will be placed at 802470C8 (length = 390 bytes)
$SetSpawns will be placed at 80247458 (length = 384 bytes)
$FallingDownPipe will be placed at 802477DC (length = 37C bytes)
$Script_SetSetsOfLevels will be placed at 80247B58 (length = 358 bytes)
$Function_80240BB8 will be placed at 80247EB0 (length = 344 bytes)
$Script_SetNPCPos will be placed at 802481F4 (length = 2F4 bytes)
$Function_NpcAI_MoneySack will be placed at 802484E8 (length = 238 bytes)
$Script_SetSpawnPosition will be placed at 80248720 (length = 234 bytes)
$Script_SackAnimation_Start_GoToTheRight will be placed at 80248954 (length = 230 bytes)
$Script_SackAnimation_Start_GoToTheLeft will be placed at 80248B84 (length = 1F8 bytes)
$Interact_Mover will be placed at 80248D7C (length = 1F8 bytes)
$NpcGroup_Enemy3 will be placed at 80248F74 (length = 1F0 bytes)
$NpcGroup_Enemy4 will be placed at 80249164 (length = 1F0 bytes)
$NpcGroup_Enemy5 will be placed at 80249354 (length = 1F0 bytes)
$NpcGroup_Enemy6 will be placed at 80249544 (length = 1F0 bytes)
$NpcGroup_Enemy1 will be placed at 80249734 (length = 1F0 bytes)
$NpcGroup_Enemy2 will be placed at 80249924 (length = 1F0 bytes)
$NpcGroup_Mover will be placed at 80249B14 (length = 1F0 bytes)
$NpcGroup_BanditMover will be placed at 80249D04 (length = 1F0 bytes)
$Interact_BanditMover will be placed at 80249EF4 (length = 1EC bytes)
$Function_8024162C will be placed at 8024A0E0 (length = 1EC bytes)
$Script_Main will be placed at 8024A2CC (length = 1E8 bytes)
$Script_PipeAnimation will be placed at 8024A4B4 (length = 1D0 bytes)
$Function_80240320 will be placed at 8024A684 (length = 1B4 bytes)
$JumpTable_80242448 will be placed at 8024A838 (length = 190 bytes)
$Script_LoadChestMap_Mover_Roguelike will be placed at 8024A9C8 (length = 18C bytes)
$PipeSpawning will be placed at 8024AB54 (length = 178 bytes)
$NPC_Sack_AnimationStart will be placed at 8024ACCC (length = 168 bytes)
$Function_80240844 will be placed at 8024AE34 (length = 164 bytes)
$Script_LoadChestMap_Roguelike will be placed at 8024AF98 (length = 164 bytes)
$Script_NPC_SackHit_Init will be placed at 8024B0FC (length = 160 bytes)
$Script_SackAnimation_End_Right will be placed at 8024B25C (length = 158 bytes)
$Script_SackAnimation_End_Left will be placed at 8024B3B4 (length = 150 bytes)
$MapTattle5 will be placed at 8024B504 (length = 13C bytes)
$Function_80240FE0 will be placed at 8024B640 (length = 134 bytes)
$MapTattle4 will be placed at 8024B774 (length = 130 bytes)
$GetFloor will be placed at 8024B8A4 (length = 12C bytes)
$BanditMover_Tattle will be placed at 8024B9D0 (length = 124 bytes)
$Function_80241508 will be placed at 8024BAF4 (length = 124 bytes)
$Script_80243A6C will be placed at 8024BC18 (length = 114 bytes)
$Script_SubstractCoins will be placed at 8024BD2C (length = 10C bytes)
$Script_LoadMapMover_Roguelike will be placed at 8024BE38 (length = 104 bytes)
$GetFloorBandit will be placed at 8024BF3C (length = F4 bytes)
$Script_MoverWarpAnimation will be placed at 8024C030 (length = F0 bytes)
$Function_GetColliderPos will be placed at 8024C120 (length = E0 bytes)
$Function_GetPos will be placed at 8024C200 (length = E0 bytes)
$Script_TrackPlayer will be placed at 8024C2E0 (length = DC bytes)
$MapTattle2 will be placed at 8024C3BC (length = D4 bytes)
$Function_80240AF8 will be placed at 8024C490 (length = C0 bytes)
$Function_TrackInput will be placed at 8024C550 (length = BC bytes)
$MapTattle3 will be placed at 8024C60C (length = B0 bytes)
$Script_MakeEntities will be placed at 8024C6BC (length = A8 bytes)
$MapTattle1 will be placed at 8024C764 (length = A8 bytes)
$Script_NpcAI_MoneySack will be placed at 8024C80C (length = A8 bytes)
$MoverStart will be placed at 8024C8B4 (length = A4 bytes)
$SwitchPath will be placed at 8024C958 (length = A4 bytes)
$Script_NPC_Sack_FX will be placed at 8024C9FC (length = A4 bytes)
$GetPos will be placed at 8024CAA0 (length = 9C bytes)
$Script_AddCoins will be placed at 8024CB3C (length = 98 bytes)
$BanditMoverStart will be placed at 8024CBD4 (length = 98 bytes)
$Mover_Tattle will be placed at 8024CC6C (length = 94 bytes)
$Function_GetTattle1 will be placed at 8024CD00 (length = 8C bytes)
$NPC_Sack_AnimationEnd will be placed at 8024CD8C (length = 84 bytes)
$BanditMover_Options will be placed at 8024CE10 (length = 80 bytes)
$SignStringBug will be placed at 8024CE90 (length = 7C bytes)
$LoadHighscores will be placed at 8024CF0C (length = 7C bytes)
$Function_80240EFC will be placed at 8024CF88 (length = 78 bytes)
$Mover_Options will be placed at 8024D000 (length = 78 bytes)
$Script_EnemyAI will be placed at 8024D078 (length = 70 bytes)
$NpcGroups will be placed at 8024D0E8 (length = 6C bytes)
$DeepestLevel will be placed at 8024D154 (length = 6C bytes)
$Function2 will be placed at 8024D1C0 (length = 6C bytes)
$LoadCoinsMover will be placed at 8024D22C (length = 6C bytes)
$Function_80240F74 will be placed at 8024D298 (length = 6C bytes)
$Function_SetAnimation will be placed at 8024D304 (length = 6C bytes)
$GetFloorPit will be placed at 8024D370 (length = 68 bytes)
$MoverEnd will be placed at 8024D3D8 (length = 68 bytes)
$BanditMoverEnd will be placed at 8024D440 (length = 68 bytes)
$GetFloorSign will be placed at 8024D4A8 (length = 64 bytes)
$Function_80241114 will be placed at 8024D50C (length = 64 bytes)
$BanditMoverNoCoins will be placed at 8024D570 (length = 58 bytes)
$MoverNoCoins will be placed at 8024D5C8 (length = 58 bytes)
$Function_GetTattle2 will be placed at 8024D620 (length = 48 bytes)
$CommingDownPipe will be placed at 8024D668 (length = 48 bytes)
$Script_Exit0 will be placed at 8024D6B0 (length = 48 bytes)
$Function_LoadCoinsInToVar1 will be placed at 8024D6F8 (length = 48 bytes)
$Function_LoadGainedCoins will be placed at 8024D740 (length = 48 bytes)
$Function_Init will be placed at 8024D788 (length = 44 bytes)
$Function_802409A8 will be placed at 8024D7CC (length = 44 bytes)
$Header will be placed at 8024D810 (length = 40 bytes)
$JumpTable_802441B8 will be placed at 8024D850 (length = 3C bytes)
$Script_Init_Bag will be placed at 8024D88C (length = 38 bytes)
$TotalLevels will be placed at 8024D8C4 (length = 38 bytes)
$Script_Init_Bag_HitBox will be placed at 8024D8FC (length = 38 bytes)
$DispawnParthner will be placed at 8024D934 (length = 34 bytes)
$Function_ResetDamage will be placed at 8024D968 (length = 34 bytes)
$AISettings_MoneySack will be placed at 8024D99C (length = 30 bytes)
$AISettings_Enemy will be placed at 8024D9CC (length = 30 bytes)
$AISettings_DisableEnemy will be placed at 8024D9FC (length = 30 bytes)
$RespawnParthner will be placed at 8024DA2C (length = 30 bytes)
$NPC_Settings_Sack will be placed at 8024DA5C (length = 2C bytes)
$Function_GetDamageTaken will be placed at 8024DA88 (length = 2C bytes)
$NpcSettings_Enemy1 will be placed at 8024DAB4 (length = 2C bytes)
$Function_RevivePlayer will be placed at 8024DAE0 (length = 2C bytes)
$String_CoinsGained will be placed at 8024DB0C (length = 2C bytes)
$BlankSettings will be placed at 8024DB38 (length = 2C bytes)
$Script_MakeExits will be placed at 8024DB64 (length = 2C bytes)
$NpcGroup7 will be placed at 8024DB90 (length = 24 bytes)
$VectorList_80244998 will be placed at 8024DBB4 (length = 24 bytes)
$Script_Init_80243B20 will be placed at 8024DBD8 (length = 24 bytes)
$Script_Init_Mover will be placed at 8024DBFC (length = 24 bytes)
$Script_Init_BanditMover will be placed at 8024DC20 (length = 24 bytes)
$Script_DisableEnemyAI will be placed at 8024DC44 (length = 20 bytes)
$EntryList will be placed at 8024DC64 (length = 20 bytes)
$FloatTable_8024362C will be placed at 8024DC84 (length = 18 bytes)
$NpcGroup6 will be placed at 8024DC9C (length = 18 bytes)
$NpcGroup3 will be placed at 8024DCB4 (length = 18 bytes)
$NpcGroup2 will be placed at 8024DCCC (length = 18 bytes)
$NpcGroup5 will be placed at 8024DCE4 (length = 18 bytes)
$NpcGroup4 will be placed at 8024DCFC (length = 18 bytes)
$NpcGroup1 will be placed at 8024DD14 (length = 18 bytes)
$SignString100 will be placed at 8024DD2C (length = 18 bytes)
$SignString1 will be placed at 8024DD44 (length = 14 bytes)
$SignString99 will be placed at 8024DD58 (length = 14 bytes)
$SignString98 will be placed at 8024DD6C (length = 14 bytes)
$SignString97 will be placed at 8024DD80 (length = 14 bytes)
$SignString96 will be placed at 8024DD94 (length = 14 bytes)
$SignString95 will be placed at 8024DDA8 (length = 14 bytes)
$SignString94 will be placed at 8024DDBC (length = 14 bytes)
$SignString93 will be placed at 8024DDD0 (length = 14 bytes)
$SignString92 will be placed at 8024DDE4 (length = 14 bytes)
$SignString91 will be placed at 8024DDF8 (length = 14 bytes)
$SignString90 will be placed at 8024DE0C (length = 14 bytes)
$SignString59 will be placed at 8024DE20 (length = 14 bytes)
$SignString58 will be placed at 8024DE34 (length = 14 bytes)
$SignString57 will be placed at 8024DE48 (length = 14 bytes)
$SignString56 will be placed at 8024DE5C (length = 14 bytes)
$SignString55 will be placed at 8024DE70 (length = 14 bytes)
$SignString54 will be placed at 8024DE84 (length = 14 bytes)
$SignString53 will be placed at 8024DE98 (length = 14 bytes)
$SignString52 will be placed at 8024DEAC (length = 14 bytes)
$SignString51 will be placed at 8024DEC0 (length = 14 bytes)
$SignString50 will be placed at 8024DED4 (length = 14 bytes)
$SignString69 will be placed at 8024DEE8 (length = 14 bytes)
$SignString68 will be placed at 8024DEFC (length = 14 bytes)
$SignString67 will be placed at 8024DF10 (length = 14 bytes)
$SignString66 will be placed at 8024DF24 (length = 14 bytes)
$SignString65 will be placed at 8024DF38 (length = 14 bytes)
$SignString64 will be placed at 8024DF4C (length = 14 bytes)
$SignString63 will be placed at 8024DF60 (length = 14 bytes)
$SignString62 will be placed at 8024DF74 (length = 14 bytes)
$SignString61 will be placed at 8024DF88 (length = 14 bytes)
$SignString60 will be placed at 8024DF9C (length = 14 bytes)
$SignString79 will be placed at 8024DFB0 (length = 14 bytes)
$SignString78 will be placed at 8024DFC4 (length = 14 bytes)
$SignString77 will be placed at 8024DFD8 (length = 14 bytes)
$SignString76 will be placed at 8024DFEC (length = 14 bytes)
$SignString75 will be placed at 8024E000 (length = 14 bytes)
$SignString74 will be placed at 8024E014 (length = 14 bytes)
$SignString73 will be placed at 8024E028 (length = 14 bytes)
$SignString72 will be placed at 8024E03C (length = 14 bytes)
$SignString71 will be placed at 8024E050 (length = 14 bytes)
$SignString70 will be placed at 8024E064 (length = 14 bytes)
$SignString89 will be placed at 8024E078 (length = 14 bytes)
$SignString88 will be placed at 8024E08C (length = 14 bytes)
$SignString87 will be placed at 8024E0A0 (length = 14 bytes)
$SignString86 will be placed at 8024E0B4 (length = 14 bytes)
$SignString85 will be placed at 8024E0C8 (length = 14 bytes)
$SignString84 will be placed at 8024E0DC (length = 14 bytes)
$SignString83 will be placed at 8024E0F0 (length = 14 bytes)
$SignString82 will be placed at 8024E104 (length = 14 bytes)
$SignString81 will be placed at 8024E118 (length = 14 bytes)
$SignString80 will be placed at 8024E12C (length = 14 bytes)
$SignString19 will be placed at 8024E140 (length = 14 bytes)
$SignString18 will be placed at 8024E154 (length = 14 bytes)
$SignString17 will be placed at 8024E168 (length = 14 bytes)
$SignString16 will be placed at 8024E17C (length = 14 bytes)
$SignString15 will be placed at 8024E190 (length = 14 bytes)
$SignString14 will be placed at 8024E1A4 (length = 14 bytes)
$SignString13 will be placed at 8024E1B8 (length = 14 bytes)
$SignString12 will be placed at 8024E1CC (length = 14 bytes)
$SignString11 will be placed at 8024E1E0 (length = 14 bytes)
$SignString10 will be placed at 8024E1F4 (length = 14 bytes)
$SignString3 will be placed at 8024E208 (length = 14 bytes)
$SignString2 will be placed at 8024E21C (length = 14 bytes)
$SignString5 will be placed at 8024E230 (length = 14 bytes)
$SignString4 will be placed at 8024E244 (length = 14 bytes)
$SignString7 will be placed at 8024E258 (length = 14 bytes)
$SignString6 will be placed at 8024E26C (length = 14 bytes)
$SignString9 will be placed at 8024E280 (length = 14 bytes)
$SignString8 will be placed at 8024E294 (length = 14 bytes)
$SignString29 will be placed at 8024E2A8 (length = 14 bytes)
$SignString28 will be placed at 8024E2BC (length = 14 bytes)
$SignString27 will be placed at 8024E2D0 (length = 14 bytes)
$SignString26 will be placed at 8024E2E4 (length = 14 bytes)
$SignString25 will be placed at 8024E2F8 (length = 14 bytes)
$SignString24 will be placed at 8024E30C (length = 14 bytes)
$SignString23 will be placed at 8024E320 (length = 14 bytes)
$SignString22 will be placed at 8024E334 (length = 14 bytes)
$SignString21 will be placed at 8024E348 (length = 14 bytes)
$SignString20 will be placed at 8024E35C (length = 14 bytes)
$SignString will be placed at 8024E370 (length = 14 bytes)
$SignString39 will be placed at 8024E384 (length = 14 bytes)
$SignString38 will be placed at 8024E398 (length = 14 bytes)
$SignString37 will be placed at 8024E3AC (length = 14 bytes)
$SignString36 will be placed at 8024E3C0 (length = 14 bytes)
$SignString35 will be placed at 8024E3D4 (length = 14 bytes)
$SignString34 will be placed at 8024E3E8 (length = 14 bytes)
$SignString33 will be placed at 8024E3FC (length = 14 bytes)
$SignString32 will be placed at 8024E410 (length = 14 bytes)
$SignString31 will be placed at 8024E424 (length = 14 bytes)
$SignString30 will be placed at 8024E438 (length = 14 bytes)
$SignString49 will be placed at 8024E44C (length = 14 bytes)
$SignString48 will be placed at 8024E460 (length = 14 bytes)
$SignString47 will be placed at 8024E474 (length = 14 bytes)
$SignString46 will be placed at 8024E488 (length = 14 bytes)
$SignString45 will be placed at 8024E49C (length = 14 bytes)
$SignString44 will be placed at 8024E4B0 (length = 14 bytes)
$SignString43 will be placed at 8024E4C4 (length = 14 bytes)
$SignString42 will be placed at 8024E4D8 (length = 14 bytes)
$SignString41 will be placed at 8024E4EC (length = 14 bytes)
$SignString40 will be placed at 8024E500 (length = 14 bytes)
$ASCII_pit_02_Literal will be placed at 8024E514 (length = C bytes)
$ASCII_pit_90_Literal will be placed at 8024E520 (length = C bytes)
$ASCII_pit_34_Literal will be placed at 8024E52C (length = C bytes)
$ASCII_pit_66_Literal will be placed at 8024E538 (length = C bytes)
$ASCII_pit_98_Literal will be placed at 8024E544 (length = C bytes)
$ASCII_pit_19_Literal will be placed at 8024E550 (length = C bytes)
$ASCII_pit_57_Literal will be placed at 8024E55C (length = C bytes)
$ASCII_pit_69_Literal will be placed at 8024E568 (length = C bytes)
$ASCII_pit_72_Literal will be placed at 8024E574 (length = C bytes)
$ASCII_pit_81_Literal will be placed at 8024E580 (length = C bytes)
$ASCII_pit_43_Literal will be placed at 8024E58C (length = C bytes)
$ASCII_pit_28_Literal will be placed at 8024E598 (length = C bytes)
$ASCII_pit_78_Literal will be placed at 8024E5A4 (length = C bytes)
$ASCII_pit_63_Literal will be placed at 8024E5B0 (length = C bytes)
$ASCII_pit_46_Literal will be placed at 8024E5BC (length = C bytes)
$ASCII_pit_95_Literal will be placed at 8024E5C8 (length = C bytes)
$ASCII_pit_16_Literal will be placed at 8024E5D4 (length = C bytes)
$ASCII_pit_37_Literal will be placed at 8024E5E0 (length = C bytes)
$ASCII_pit_22_Literal will be placed at 8024E5EC (length = C bytes)
$ASCII_pit_05_Literal will be placed at 8024E5F8 (length = C bytes)
$ASCII_pit_25_Literal will be placed at 8024E604 (length = C bytes)
$ASCII_pit_54_Literal will be placed at 8024E610 (length = C bytes)
$ASCII_pit_08_Literal will be placed at 8024E61C (length = C bytes)
$ASCII_pit_87_Literal will be placed at 8024E628 (length = C bytes)
$ASCII_pit_75_Literal will be placed at 8024E634 (length = C bytes)
$ASCII_pit_13_Literal will be placed at 8024E640 (length = C bytes)
$ASCII_pit_32_Literal will be placed at 8024E64C (length = C bytes)
$ASCII_pit_92_Literal will be placed at 8024E658 (length = C bytes)
$ASCII_pit_17_Literal will be placed at 8024E664 (length = C bytes)
$ASCII_pit_49_Literal will be placed at 8024E670 (length = C bytes)
$ASCII_pit_77_Literal will be placed at 8024E67C (length = C bytes)
$ASCII_pit_96_Literal will be placed at 8024E688 (length = C bytes)
$ASCII_pit_68_Literal will be placed at 8024E694 (length = C bytes)
$ASCII_pit_51_Literal will be placed at 8024E6A0 (length = C bytes)
$ASCII_pit_04_Literal will be placed at 8024E6AC (length = C bytes)
$ASCII_pit_83_Literal will be placed at 8024E6B8 (length = C bytes)
$ASCII_pit_86_Literal will be placed at 8024E6C4 (length = C bytes)
$ASCII_pit_26_Literal will be placed at 8024E6D0 (length = C bytes)
$ASCII_pit_41_Literal will be placed at 8024E6DC (length = C bytes)
$ASCII_pit_14_Literal will be placed at 8024E6E8 (length = C bytes)
$ASCII_pit_74_Literal will be placed at 8024E6F4 (length = C bytes)
$ASCII_pit_60_Literal will be placed at 8024E700 (length = C bytes)
$ASCII_pit_59_Literal will be placed at 8024E70C (length = C bytes)
$ASCII_pit_93_Literal will be placed at 8024E718 (length = C bytes)
$ASCII_pit_65_Literal will be placed at 8024E724 (length = C bytes)
$ASCII_pit_07_Literal will be placed at 8024E730 (length = C bytes)
$ASCII_pit_20_Literal will be placed at 8024E73C (length = C bytes)
$ASCII_pit_35_Literal will be placed at 8024E748 (length = C bytes)
$ASCII_pit_23_Literal will be placed at 8024E754 (length = C bytes)
$ASCII_pit_11_Literal will be placed at 8024E760 (length = C bytes)
$ASCII_pit_56_Literal will be placed at 8024E76C (length = C bytes)
$ASCII_pit_44_Literal will be placed at 8024E778 (length = C bytes)
$ASCII_pit_89_Literal will be placed at 8024E784 (length = C bytes)
$ASCII_pit_79_Literal will be placed at 8024E790 (length = C bytes)
$ASCII_pit_62_Literal will be placed at 8024E79C (length = C bytes)
$ASCII_pit_94_Literal will be placed at 8024E7A8 (length = C bytes)
$ASCII_pit_47_Literal will be placed at 8024E7B4 (length = C bytes)
$ASCII_pit_21_Literal will be placed at 8024E7C0 (length = C bytes)
$ASCII_pit_06_Literal will be placed at 8024E7CC (length = C bytes)
$ASCII_pit_53_Literal will be placed at 8024E7D8 (length = C bytes)
$ASCII_pit_09_Literal will be placed at 8024E7E4 (length = C bytes)
$ASCII_pit_88_Literal will be placed at 8024E7F0 (length = C bytes)
$ASCII_pit_38_Literal will be placed at 8024E7FC (length = C bytes)
$ASCII_pit_24_Literal will be placed at 8024E808 (length = C bytes)
$ASCII_pit_12_Literal will be placed at 8024E814 (length = C bytes)
$ASCII_pit_76_Literal will be placed at 8024E820 (length = C bytes)
$ASCII_pit_01_Literal will be placed at 8024E82C (length = C bytes)
$ASCII_pit_50_Literal will be placed at 8024E838 (length = C bytes)
$ASCII_pit_33_Literal will be placed at 8024E844 (length = C bytes)
$ASCII_pit_99_Literal will be placed at 8024E850 (length = C bytes)
$ASCII_pit_67_Literal will be placed at 8024E85C (length = C bytes)
$ASCII_pit_71_Literal will be placed at 8024E868 (length = C bytes)
$ASCII_pit_42_Literal will be placed at 8024E874 (length = C bytes)
$ASCII_pit_80_Literal will be placed at 8024E880 (length = C bytes)
$ASCII_pit_29_Literal will be placed at 8024E88C (length = C bytes)
$ASCII_pit_58_Literal will be placed at 8024E898 (length = C bytes)
$ASCII_pit_30_Literal will be placed at 8024E8A4 (length = C bytes)
$ASCII_pit_00_Literal will be placed at 8024E8B0 (length = C bytes)
$ASCII_pit_64_Literal will be placed at 8024E8BC (length = C bytes)
$ASCII_pit_36_Literal will be placed at 8024E8C8 (length = C bytes)
$ASCII_pit_55_Literal will be placed at 8024E8D4 (length = C bytes)
$ASCII_pit_10_Literal will be placed at 8024E8E0 (length = C bytes)
$ASCII_pit_45_Literal will be placed at 8024E8EC (length = C bytes)
$ASCII_pit_18_Literal will be placed at 8024E8F8 (length = C bytes)
$ASCII_pit_48_Literal will be placed at 8024E904 (length = C bytes)
$ASCII_pit_03_Literal will be placed at 8024E910 (length = C bytes)
$ASCII_pit_31_Literal will be placed at 8024E91C (length = C bytes)
$ASCII_pit_91_Literal will be placed at 8024E928 (length = C bytes)
$ASCII_pit_97_Literal will be placed at 8024E934 (length = C bytes)
$ASCII_pit_82_Literal will be placed at 8024E940 (length = C bytes)
$ASCII_pit_52_Literal will be placed at 8024E94C (length = C bytes)
$ASCII_pit_70_Literal will be placed at 8024E958 (length = C bytes)
$ASCII_pit_85_Literal will be placed at 8024E964 (length = C bytes)
$ASCII_pit_40_Literal will be placed at 8024E970 (length = C bytes)
$ASCII_pit_39_Literal will be placed at 8024E97C (length = C bytes)
$ASCII_pit_73_Literal will be placed at 8024E988 (length = C bytes)
$ASCII_pit_15_Literal will be placed at 8024E994 (length = C bytes)
$ASCII_pit_27_Literal will be placed at 8024E9A0 (length = C bytes)
$ASCII_pit_61_Literal will be placed at 8024E9AC (length = C bytes)
$ConstDouble_802441B0 will be placed at 8024E9B8 (length = 8 bytes)
$ConstDouble_802441A8 will be placed at 8024E9C0 (length = 8 bytes)
$ConstDouble_802441A0 will be placed at 8024E9C8 (length = 8 bytes)
$ASCII_pit_842_Literal will be placed at 8024E9D0 (length = 8 bytes)
$ASCII_pit_100_Literal will be placed at 8024E9D8 (length = 8 bytes)
$ASCII_tik_tex_Literal will be placed at 8024E9E0 (length = 8 bytes)
$MoverCancel will be placed at 8024E9E8 (length = 4 bytes)
$BanditMoverCancel will be placed at 8024E9EC (length = 4 bytes)
Executing patch: pit_54.mpat
Loaded map pit_51
Creating struct: $EntryList
Creating struct: $DeepestLevel
Creating struct: $TotalLevels
Creating struct: $LoadHighscores
Creating struct: $FallingDownPipe
Creating struct: $Function_GetPos
Creating struct: $Function2
Creating struct: $SetSpawns
Creating struct: $Script_SetNPCPos
Creating struct: $SwitchPath
Creating struct: $VectorList_80244998
Creating struct: $GetPos
Creating struct: $Function_GetDamageTaken
Creating struct: $Function_ResetDamage
Creating struct: $DispawnParthner
Creating struct: $RespawnParthner
Creating struct: $LoadMap
Creating struct: $Script_LoadMapMover_Roguelike
Creating struct: $GetFloor
Creating struct: $LoadCoinsMover
Creating struct: $LoadMapBandit
Creating struct: $GetFloorBandit
Creating struct: $Script_Init_80243B20
Creating struct: $Script_80243A6C
Creating struct: $Script_AddCoins
Creating struct: $Script_SubstractCoins
Creating struct: $NPC_Settings_Sack
Creating struct: $Script_Init_Bag
Creating struct: $Script_Init_Bag_HitBox
Creating struct: $Script_NPC_SackHit_Init
Creating struct: $Script_NPC_Sack_FX
Creating struct: $NPC_Sack_AnimationStart
Creating struct: $NPC_Sack_AnimationEnd
Creating struct: $Script_SackAnimation_Start_GoToTheRight
Creating struct: $Script_SackAnimation_Start_GoToTheLeft
Creating struct: $Script_SackAnimation_End_Right
Creating struct: $Script_SackAnimation_End_Left
Creating struct: $Function_LoadGainedCoins
Creating struct: $Function_RevivePlayer
Creating struct: $AISettings_MoneySack
Creating struct: $Script_NpcAI_MoneySack
Creating struct: $JumpTable_80242448
Creating struct: $Function_NpcAI_MoneySack
Creating struct: $Function_80240260
Creating struct: $Function_80240844
Creating struct: $Function_802409A8
Creating struct: $Script_TrackPlayer
Creating struct: $Script_PipeAnimation
Creating struct: $Function_SetAnimation
Creating struct: $Function_GetColliderPos
Creating struct: $Function_TrackInput
Creating struct: $GoToNextLevel
Creating struct: $GoToNextLevel_Roguelike
Creating struct: $Script_SetSetsOfLevels
Creating struct: $Script_LoadMap_Roguelike
Creating struct: $Script_LoadChestMap_Roguelike
Creating struct: $Script_LoadMap_Mover_Roguelike
Creating struct: $Script_LoadChestMap_Mover_Roguelike
Creating struct: $GetFloorPit
Creating struct: $GetFloorSign
Creating struct: $Function_GetTattle1
Creating struct: $Function_GetTattle2
Creating struct: $Script_ReadSign
Creating struct: $Header
Creating struct: $Function_Init
Creating struct: $Script_Main
Creating struct: $NpcGroups
Creating struct: $NpcGroup_Mover
Creating struct: $BlankSettings
Creating struct: $Script_Init_Mover
Creating struct: $Interact_Mover
Creating struct: $Script_MoverWarpAnimation
Creating struct: $NpcGroup_BanditMover
Creating struct: $Script_Init_BanditMover
Creating struct: $Interact_BanditMover
Creating struct: $NpcGroup_Enemy1
Creating struct: $NpcGroup_Enemy2
Creating struct: $NpcGroup_Enemy3
Creating struct: $NpcGroup_Enemy4
Creating struct: $NpcGroup_Enemy5
Creating struct: $NpcGroup_Enemy6
Creating struct: $NpcSettings_Enemy1
Creating struct: $Script_EnemyAI
Creating struct: $AISettings_Enemy
Creating struct: $Script_DisableEnemyAI
Creating struct: $AISettings_DisableEnemy
Creating struct: $PipeSpawning
Creating struct: $Script_MakeEntities
Creating struct: $CommingDownPipe
Creating struct: $Script_MakeExits
Creating struct: $Script_Exit0
Merged 1 regions to 1
$Script_LoadMap_Mover_Roguelike will be placed at 80240000 (length = F14 bytes)
$LoadMap will be placed at 80240F14 (length = EF4 bytes)
$Script_ReadSign will be placed at 80241E08 (length = EEC bytes)
$LoadMapBandit will be placed at 80242CF4 (length = EA4 bytes)
$Script_LoadMap_Roguelike will be placed at 80243B98 (length = D9C bytes)
$GoToNextLevel will be placed at 80244934 (length = D10 bytes)
$GoToNextLevel_Roguelike will be placed at 80245644 (length = 868 bytes)
$Function_80240260 will be placed at 80245EAC (length = 5E4 bytes)
$SetSpawns will be placed at 80246490 (length = 384 bytes)
$FallingDownPipe will be placed at 80246814 (length = 37C bytes)
$Script_SetSetsOfLevels will be placed at 80246B90 (length = 358 bytes)
$Script_SetNPCPos will be placed at 80246EE8 (length = 2F4 bytes)
$Function_NpcAI_MoneySack will be placed at 802471DC (length = 238 bytes)
$Script_SackAnimation_Start_GoToTheRight will be placed at 80247414 (length = 230 bytes)
$Script_SackAnimation_Start_GoToTheLeft will be placed at 80247644 (length = 1F8 bytes)
$Interact_Mover will be placed at 8024783C (length = 1F8 bytes)
$NpcGroup_Enemy3 will be placed at 80247A34 (length = 1F0 bytes)
$NpcGroup_Enemy4 will be placed at 80247C24 (length = 1F0 bytes)
$NpcGroup_Enemy5 will be placed at 80247E14 (length = 1F0 bytes)
$NpcGroup_Enemy6 will be placed at 80248004 (length = 1F0 bytes)
$NpcGroup_Enemy1 will be placed at 802481F4 (length = 1F0 bytes)
$NpcGroup_Enemy2 will be placed at 802483E4 (length = 1F0 bytes)
$NpcGroup_Mover will be placed at 802485D4 (length = 1F0 bytes)
$NpcGroup_BanditMover will be placed at 802487C4 (length = 1F0 bytes)
$Interact_BanditMover will be placed at 802489B4 (length = 1EC bytes)
$Script_PipeAnimation will be placed at 80248BA0 (length = 1D0 bytes)
$JumpTable_80242448 will be placed at 80248D70 (length = 190 bytes)
$Script_LoadChestMap_Mover_Roguelike will be placed at 80248F00 (length = 18C bytes)
$PipeSpawning will be placed at 8024908C (length = 178 bytes)
$NPC_Sack_AnimationStart will be placed at 80249204 (length = 168 bytes)
$Function_80240844 will be placed at 8024936C (length = 164 bytes)
$Script_LoadChestMap_Roguelike will be placed at 802494D0 (length = 164 bytes)
$Script_NPC_SackHit_Init will be placed at 80249634 (length = 160 bytes)
$Script_SackAnimation_End_Right will be placed at 80249794 (length = 158 bytes)
$Script_SackAnimation_End_Left will be placed at 802498EC (length = 150 bytes)
$MapTattle5 will be placed at 80249A3C (length = 13C bytes)
$MapTattle4 will be placed at 80249B78 (length = 130 bytes)
$GetFloor will be placed at 80249CA8 (length = 12C bytes)
$BanditMover_Tattle will be placed at 80249DD4 (length = 124 bytes)
$Script_Main will be placed at 80249EF8 (length = 120 bytes)
$Script_80243A6C will be placed at 8024A018 (length = 114 bytes)
$Script_SubstractCoins will be placed at 8024A12C (length = 10C bytes)
$Script_LoadMapMover_Roguelike will be placed at 8024A238 (length = 104 bytes)
$GetFloorBandit will be placed at 8024A33C (length = F4 bytes)
$Script_MoverWarpAnimation will be placed at 8024A430 (length = F0 bytes)
$Function_GetColliderPos will be placed at 8024A520 (length = E0 bytes)
$Function_GetPos will be placed at 8024A600 (length = E0 bytes)
$Script_TrackPlayer will be placed at 8024A6E0 (length = DC bytes)
$MapTattle2 will be placed at 8024A7BC (length = D4 bytes)
$Function_TrackInput will be placed at 8024A890 (length = BC bytes)
$MapTattle3 will be placed at 8024A94C (length = B0 bytes)
$Script_MakeEntities will be placed at 8024A9FC (length = A8 bytes)
$MapTattle1 will be placed at 8024AAA4 (length = A8 bytes)
$Script_NpcAI_MoneySack will be placed at 8024AB4C (length = A8 bytes)
$MoverStart will be placed at 8024ABF4 (length = A4 bytes)
$SwitchPath will be placed at 8024AC98 (length = A4 bytes)
$Script_NPC_Sack_FX will be placed at 8024AD3C (length = A4 bytes)
$GetPos will be placed at 8024ADE0 (length = 9C bytes)
$Script_AddCoins will be placed at 8024AE7C (length = 98 bytes)
$BanditMoverStart will be placed at 8024AF14 (length = 98 bytes)
$Mover_Tattle will be placed at 8024AFAC (length = 94 bytes)
$Function_GetTattle1 will be placed at 8024B040 (length = 8C bytes)
$NPC_Sack_AnimationEnd will be placed at 8024B0CC (length = 84 bytes)
$BanditMover_Options will be placed at 8024B150 (length = 80 bytes)
$SignStringBug will be placed at 8024B1D0 (length = 7C bytes)
$LoadHighscores will be placed at 8024B24C (length = 7C bytes)
$Mover_Options will be placed at 8024B2C8 (length = 78 bytes)
$NpcGroups will be placed at 8024B340 (length = 6C bytes)
$DeepestLevel will be placed at 8024B3AC (length = 6C bytes)
$Function2 will be placed at 8024B418 (length = 6C bytes)
$LoadCoinsMover will be placed at 8024B484 (length = 6C bytes)
$Function_SetAnimation will be placed at 8024B4F0 (length = 6C bytes)
$GetFloorPit will be placed at 8024B55C (length = 68 bytes)
$MoverEnd will be placed at 8024B5C4 (length = 68 bytes)
$BanditMoverEnd will be placed at 8024B62C (length = 68 bytes)
$GetFloorSign will be placed at 8024B694 (length = 64 bytes)
$BanditMoverNoCoins will be placed at 8024B6F8 (length = 58 bytes)
$MoverNoCoins will be placed at 8024B750 (length = 58 bytes)
$Function_GetTattle2 will be placed at 8024B7A8 (length = 48 bytes)
$CommingDownPipe will be placed at 8024B7F0 (length = 48 bytes)
$Script_Exit0 will be placed at 8024B838 (length = 48 bytes)
$Function_LoadGainedCoins will be placed at 8024B880 (length = 48 bytes)
$Function_Init will be placed at 8024B8C8 (length = 44 bytes)
$Function_802409A8 will be placed at 8024B90C (length = 44 bytes)
$Header will be placed at 8024B950 (length = 40 bytes)
$Script_Init_Bag will be placed at 8024B990 (length = 38 bytes)
$TotalLevels will be placed at 8024B9C8 (length = 38 bytes)
$Script_Init_Bag_HitBox will be placed at 8024BA00 (length = 38 bytes)
$DispawnParthner will be placed at 8024BA38 (length = 34 bytes)
$Function_ResetDamage will be placed at 8024BA6C (length = 34 bytes)
$AISettings_MoneySack will be placed at 8024BAA0 (length = 30 bytes)
$AISettings_Enemy will be placed at 8024BAD0 (length = 30 bytes)
$AISettings_DisableEnemy will be placed at 8024BB00 (length = 30 bytes)
$RespawnParthner will be placed at 8024BB30 (length = 30 bytes)
$NPC_Settings_Sack will be placed at 8024BB60 (length = 2C bytes)
$Function_GetDamageTaken will be placed at 8024BB8C (length = 2C bytes)
$Function_RevivePlayer will be placed at 8024BBB8 (length = 2C bytes)
$String_CoinsGained will be placed at 8024BBE4 (length = 2C bytes)
$BlankSettings will be placed at 8024BC10 (length = 2C bytes)
$Script_MakeExits will be placed at 8024BC3C (length = 2C bytes)
$NpcSettings_Enemy1 will be placed at 8024BC68 (length = 24 bytes)
$VectorList_80244998 will be placed at 8024BC8C (length = 24 bytes)
$Script_Init_80243B20 will be placed at 8024BCB0 (length = 24 bytes)
$Script_Init_Mover will be placed at 8024BCD4 (length = 24 bytes)
$Script_Init_BanditMover will be placed at 8024BCF8 (length = 24 bytes)
$Script_DisableEnemyAI will be placed at 8024BD1C (length = 20 bytes)
$EntryList will be placed at 8024BD3C (length = 20 bytes)
$Script_EnemyAI will be placed at 8024BD5C (length = 20 bytes)
$SignString100 will be placed at 8024BD7C (length = 18 bytes)
$SignString1 will be placed at 8024BD94 (length = 14 bytes)
$SignString99 will be placed at 8024BDA8 (length = 14 bytes)
$SignString98 will be placed at 8024BDBC (length = 14 bytes)
$SignString97 will be placed at 8024BDD0 (length = 14 bytes)
$SignString96 will be placed at 8024BDE4 (length = 14 bytes)
$SignString95 will be placed at 8024BDF8 (length = 14 bytes)
$SignString94 will be placed at 8024BE0C (length = 14 bytes)
$SignString93 will be placed at 8024BE20 (length = 14 bytes)
$SignString92 will be placed at 8024BE34 (length = 14 bytes)
$SignString91 will be placed at 8024BE48 (length = 14 bytes)
$SignString90 will be placed at 8024BE5C (length = 14 bytes)
$SignString59 will be placed at 8024BE70 (length = 14 bytes)
$SignString58 will be placed at 8024BE84 (length = 14 bytes)
$SignString57 will be placed at 8024BE98 (length = 14 bytes)
$SignString56 will be placed at 8024BEAC (length = 14 bytes)
$SignString55 will be placed at 8024BEC0 (length = 14 bytes)
$SignString54 will be placed at 8024BED4 (length = 14 bytes)
$SignString53 will be placed at 8024BEE8 (length = 14 bytes)
$SignString52 will be placed at 8024BEFC (length = 14 bytes)
$SignString51 will be placed at 8024BF10 (length = 14 bytes)
$SignString50 will be placed at 8024BF24 (length = 14 bytes)
$SignString69 will be placed at 8024BF38 (length = 14 bytes)
$SignString68 will be placed at 8024BF4C (length = 14 bytes)
$SignString67 will be placed at 8024BF60 (length = 14 bytes)
$SignString66 will be placed at 8024BF74 (length = 14 bytes)
$SignString65 will be placed at 8024BF88 (length = 14 bytes)
$SignString64 will be placed at 8024BF9C (length = 14 bytes)
$SignString63 will be placed at 8024BFB0 (length = 14 bytes)
$SignString62 will be placed at 8024BFC4 (length = 14 bytes)
$SignString61 will be placed at 8024BFD8 (length = 14 bytes)
$SignString60 will be placed at 8024BFEC (length = 14 bytes)
$SignString79 will be placed at 8024C000 (length = 14 bytes)
$SignString78 will be placed at 8024C014 (length = 14 bytes)
$SignString77 will be placed at 8024C028 (length = 14 bytes)
$SignString76 will be placed at 8024C03C (length = 14 bytes)
$SignString75 will be placed at 8024C050 (length = 14 bytes)
$SignString74 will be placed at 8024C064 (length = 14 bytes)
$SignString73 will be placed at 8024C078 (length = 14 bytes)
$SignString72 will be placed at 8024C08C (length = 14 bytes)
$SignString71 will be placed at 8024C0A0 (length = 14 bytes)
$SignString70 will be placed at 8024C0B4 (length = 14 bytes)
$SignString89 will be placed at 8024C0C8 (length = 14 bytes)
$SignString88 will be placed at 8024C0DC (length = 14 bytes)
$SignString87 will be placed at 8024C0F0 (length = 14 bytes)
$SignString86 will be placed at 8024C104 (length = 14 bytes)
$SignString85 will be placed at 8024C118 (length = 14 bytes)
$SignString84 will be placed at 8024C12C (length = 14 bytes)
$SignString83 will be placed at 8024C140 (length = 14 bytes)
$SignString82 will be placed at 8024C154 (length = 14 bytes)
$SignString81 will be placed at 8024C168 (length = 14 bytes)
$SignString80 will be placed at 8024C17C (length = 14 bytes)
$SignString19 will be placed at 8024C190 (length = 14 bytes)
$SignString18 will be placed at 8024C1A4 (length = 14 bytes)
$SignString17 will be placed at 8024C1B8 (length = 14 bytes)
$SignString16 will be placed at 8024C1CC (length = 14 bytes)
$SignString15 will be placed at 8024C1E0 (length = 14 bytes)
$SignString14 will be placed at 8024C1F4 (length = 14 bytes)
$SignString13 will be placed at 8024C208 (length = 14 bytes)
$SignString12 will be placed at 8024C21C (length = 14 bytes)
$SignString11 will be placed at 8024C230 (length = 14 bytes)
$SignString10 will be placed at 8024C244 (length = 14 bytes)
$SignString3 will be placed at 8024C258 (length = 14 bytes)
$SignString2 will be placed at 8024C26C (length = 14 bytes)
$SignString5 will be placed at 8024C280 (length = 14 bytes)
$SignString4 will be placed at 8024C294 (length = 14 bytes)
$SignString7 will be placed at 8024C2A8 (length = 14 bytes)
$SignString6 will be placed at 8024C2BC (length = 14 bytes)
$SignString9 will be placed at 8024C2D0 (length = 14 bytes)
$SignString8 will be placed at 8024C2E4 (length = 14 bytes)
$SignString29 will be placed at 8024C2F8 (length = 14 bytes)
$SignString28 will be placed at 8024C30C (length = 14 bytes)
$SignString27 will be placed at 8024C320 (length = 14 bytes)
$SignString26 will be placed at 8024C334 (length = 14 bytes)
$SignString25 will be placed at 8024C348 (length = 14 bytes)
$SignString24 will be placed at 8024C35C (length = 14 bytes)
$SignString23 will be placed at 8024C370 (length = 14 bytes)
$SignString22 will be placed at 8024C384 (length = 14 bytes)
$SignString21 will be placed at 8024C398 (length = 14 bytes)
$SignString20 will be placed at 8024C3AC (length = 14 bytes)
$SignString will be placed at 8024C3C0 (length = 14 bytes)
$SignString39 will be placed at 8024C3D4 (length = 14 bytes)
$SignString38 will be placed at 8024C3E8 (length = 14 bytes)
$SignString37 will be placed at 8024C3FC (length = 14 bytes)
$SignString36 will be placed at 8024C410 (length = 14 bytes)
$SignString35 will be placed at 8024C424 (length = 14 bytes)
$SignString34 will be placed at 8024C438 (length = 14 bytes)
$SignString33 will be placed at 8024C44C (length = 14 bytes)
$SignString32 will be placed at 8024C460 (length = 14 bytes)
$SignString31 will be placed at 8024C474 (length = 14 bytes)
$SignString30 will be placed at 8024C488 (length = 14 bytes)
$SignString49 will be placed at 8024C49C (length = 14 bytes)
$SignString48 will be placed at 8024C4B0 (length = 14 bytes)
$SignString47 will be placed at 8024C4C4 (length = 14 bytes)
$SignString46 will be placed at 8024C4D8 (length = 14 bytes)
$SignString45 will be placed at 8024C4EC (length = 14 bytes)
$SignString44 will be placed at 8024C500 (length = 14 bytes)
$SignString43 will be placed at 8024C514 (length = 14 bytes)
$SignString42 will be placed at 8024C528 (length = 14 bytes)
$SignString41 will be placed at 8024C53C (length = 14 bytes)
$SignString40 will be placed at 8024C550 (length = 14 bytes)
$ASCII_pit_02_Literal will be placed at 8024C564 (length = C bytes)
$ASCII_pit_90_Literal will be placed at 8024C570 (length = C bytes)
$ASCII_pit_34_Literal will be placed at 8024C57C (length = C bytes)
$ASCII_pit_66_Literal will be placed at 8024C588 (length = C bytes)
$ASCII_pit_98_Literal will be placed at 8024C594 (length = C bytes)
$ASCII_pit_19_Literal will be placed at 8024C5A0 (length = C bytes)
$ASCII_pit_57_Literal will be placed at 8024C5AC (length = C bytes)
$ASCII_pit_69_Literal will be placed at 8024C5B8 (length = C bytes)
$ASCII_pit_72_Literal will be placed at 8024C5C4 (length = C bytes)
$ASCII_pit_81_Literal will be placed at 8024C5D0 (length = C bytes)
$ASCII_pit_43_Literal will be placed at 8024C5DC (length = C bytes)
$ASCII_pit_28_Literal will be placed at 8024C5E8 (length = C bytes)
$ASCII_pit_78_Literal will be placed at 8024C5F4 (length = C bytes)
$ASCII_pit_63_Literal will be placed at 8024C600 (length = C bytes)
$ASCII_pit_46_Literal will be placed at 8024C60C (length = C bytes)
$ASCII_pit_95_Literal will be placed at 8024C618 (length = C bytes)
$ASCII_pit_16_Literal will be placed at 8024C624 (length = C bytes)
$ASCII_pit_37_Literal will be placed at 8024C630 (length = C bytes)
$ASCII_pit_22_Literal will be placed at 8024C63C (length = C bytes)
$ASCII_pit_05_Literal will be placed at 8024C648 (length = C bytes)
$ASCII_pit_25_Literal will be placed at 8024C654 (length = C bytes)
$ASCII_pit_54_Literal will be placed at 8024C660 (length = C bytes)
$ASCII_pit_08_Literal will be placed at 8024C66C (length = C bytes)
$ASCII_pit_87_Literal will be placed at 8024C678 (length = C bytes)
$ASCII_pit_75_Literal will be placed at 8024C684 (length = C bytes)
$ASCII_pit_13_Literal will be placed at 8024C690 (length = C bytes)
$ASCII_pit_32_Literal will be placed at 8024C69C (length = C bytes)
$ASCII_pit_92_Literal will be placed at 8024C6A8 (length = C bytes)
$ASCII_pit_17_Literal will be placed at 8024C6B4 (length = C bytes)
$ASCII_pit_49_Literal will be placed at 8024C6C0 (length = C bytes)
$ASCII_pit_77_Literal will be placed at 8024C6CC (length = C bytes)
$ASCII_pit_96_Literal will be placed at 8024C6D8 (length = C bytes)
$ASCII_pit_68_Literal will be placed at 8024C6E4 (length = C bytes)
$ASCII_pit_51_Literal will be placed at 8024C6F0 (length = C bytes)
$ASCII_pit_04_Literal will be placed at 8024C6FC (length = C bytes)
$ASCII_pit_83_Literal will be placed at 8024C708 (length = C bytes)
$ASCII_pit_86_Literal will be placed at 8024C714 (length = C bytes)
$ASCII_pit_26_Literal will be placed at 8024C720 (length = C bytes)
$ASCII_pit_41_Literal will be placed at 8024C72C (length = C bytes)
$ASCII_pit_14_Literal will be placed at 8024C738 (length = C bytes)
$ASCII_pit_74_Literal will be placed at 8024C744 (length = C bytes)
$ASCII_pit_60_Literal will be placed at 8024C750 (length = C bytes)
$ASCII_pit_59_Literal will be placed at 8024C75C (length = C bytes)
$ASCII_pit_93_Literal will be placed at 8024C768 (length = C bytes)
$ASCII_pit_65_Literal will be placed at 8024C774 (length = C bytes)
$ASCII_pit_07_Literal will be placed at 8024C780 (length = C bytes)
$ASCII_pit_20_Literal will be placed at 8024C78C (length = C bytes)
$ASCII_pit_35_Literal will be placed at 8024C798 (length = C bytes)
$ASCII_pit_23_Literal will be placed at 8024C7A4 (length = C bytes)
$ASCII_pit_11_Literal will be placed at 8024C7B0 (length = C bytes)
$ASCII_pit_56_Literal will be placed at 8024C7BC (length = C bytes)
$ASCII_pit_44_Literal will be placed at 8024C7C8 (length = C bytes)
$ASCII_pit_89_Literal will be placed at 8024C7D4 (length = C bytes)
$ASCII_pit_79_Literal will be placed at 8024C7E0 (length = C bytes)
$ASCII_pit_62_Literal will be placed at 8024C7EC (length = C bytes)
$ASCII_pit_94_Literal will be placed at 8024C7F8 (length = C bytes)
$ASCII_pit_47_Literal will be placed at 8024C804 (length = C bytes)
$ASCII_pit_21_Literal will be placed at 8024C810 (length = C bytes)
$ASCII_pit_06_Literal will be placed at 8024C81C (length = C bytes)
$ASCII_pit_53_Literal will be placed at 8024C828 (length = C bytes)
$ASCII_pit_09_Literal will be placed at 8024C834 (length = C bytes)
$ASCII_pit_88_Literal will be placed at 8024C840 (length = C bytes)
$ASCII_pit_38_Literal will be placed at 8024C84C (length = C bytes)
$ASCII_pit_24_Literal will be placed at 8024C858 (length = C bytes)
$ASCII_pit_12_Literal will be placed at 8024C864 (length = C bytes)
$ASCII_pit_76_Literal will be placed at 8024C870 (length = C bytes)
$ASCII_pit_01_Literal will be placed at 8024C87C (length = C bytes)
$ASCII_pit_50_Literal will be placed at 8024C888 (length = C bytes)
$ASCII_pit_33_Literal will be placed at 8024C894 (length = C bytes)
$ASCII_pit_99_Literal will be placed at 8024C8A0 (length = C bytes)
$ASCII_pit_67_Literal will be placed at 8024C8AC (length = C bytes)
$ASCII_pit_71_Literal will be placed at 8024C8B8 (length = C bytes)
$ASCII_pit_42_Literal will be placed at 8024C8C4 (length = C bytes)
$ASCII_pit_80_Literal will be placed at 8024C8D0 (length = C bytes)
$ASCII_pit_29_Literal will be placed at 8024C8DC (length = C bytes)
$ASCII_pit_58_Literal will be placed at 8024C8E8 (length = C bytes)
$ASCII_pit_30_Literal will be placed at 8024C8F4 (length = C bytes)
$ASCII_pit_00_Literal will be placed at 8024C900 (length = C bytes)
$ASCII_pit_64_Literal will be placed at 8024C90C (length = C bytes)
$ASCII_pit_36_Literal will be placed at 8024C918 (length = C bytes)
$ASCII_pit_55_Literal will be placed at 8024C924 (length = C bytes)
$ASCII_pit_10_Literal will be placed at 8024C930 (length = C bytes)
$ASCII_pit_45_Literal will be placed at 8024C93C (length = C bytes)
$ASCII_pit_18_Literal will be placed at 8024C948 (length = C bytes)
$ASCII_pit_48_Literal will be placed at 8024C954 (length = C bytes)
$ASCII_pit_03_Literal will be placed at 8024C960 (length = C bytes)
$ASCII_pit_31_Literal will be placed at 8024C96C (length = C bytes)
$ASCII_pit_91_Literal will be placed at 8024C978 (length = C bytes)
$ASCII_pit_97_Literal will be placed at 8024C984 (length = C bytes)
$ASCII_pit_82_Literal will be placed at 8024C990 (length = C bytes)
$ASCII_pit_52_Literal will be placed at 8024C99C (length = C bytes)
$ASCII_pit_70_Literal will be placed at 8024C9A8 (length = C bytes)
$ASCII_pit_85_Literal will be placed at 8024C9B4 (length = C bytes)
$ASCII_pit_40_Literal will be placed at 8024C9C0 (length = C bytes)
$ASCII_pit_39_Literal will be placed at 8024C9CC (length = C bytes)
$ASCII_pit_73_Literal will be placed at 8024C9D8 (length = C bytes)
$ASCII_pit_15_Literal will be placed at 8024C9E4 (length = C bytes)
$ASCII_pit_27_Literal will be placed at 8024C9F0 (length = C bytes)
$ASCII_pit_61_Literal will be placed at 8024C9FC (length = C bytes)
$ASCII_pit_842_Literal will be placed at 8024CA08 (length = 8 bytes)
$ASCII_pit_100_Literal will be placed at 8024CA10 (length = 8 bytes)
$ASCII_tik_tex_Literal will be placed at 8024CA18 (length = 8 bytes)
$MoverCancel will be placed at 8024CA20 (length = 4 bytes)
$BanditMoverCancel will be placed at 8024CA24 (length = 4 bytes)
Executing patch: pit_55.mpat
Loaded map pit_55
Creating struct: $EntryList
Creating struct: $DeepestLevel
Creating struct: $TotalLevels
Creating struct: $LoadHighscores
Creating struct: $FallingDownPipe
Creating struct: $Function_GetPos
Creating struct: $Function2
Creating struct: $SetSpawns
Creating struct: $Script_SetNPCPos
Creating struct: $SwitchPath
Creating struct: $VectorList_80244998
Creating struct: $GetPos
Creating struct: $Function_GetDamageTaken
Creating struct: $Function_ResetDamage
Creating struct: $DispawnParthner
Creating struct: $RespawnParthner
Creating struct: $LoadMap
Creating struct: $Script_LoadMapMover_Roguelike
Creating struct: $GetFloor
Creating struct: $LoadCoinsMover
Creating struct: $LoadMapBandit
Creating struct: $GetFloorBandit
Creating struct: $Script_Init_80243B20
Creating struct: $Script_80243A6C
Creating struct: $Script_AddCoins
Creating struct: $Script_SubstractCoins
Creating struct: $NPC_Settings_Sack
Creating struct: $Script_Init_Bag
Creating struct: $Script_Init_Bag_HitBox
Creating struct: $Script_NPC_SackHit_Init
Creating struct: $Script_NPC_Sack_FX
Creating struct: $NPC_Sack_AnimationStart
Creating struct: $NPC_Sack_AnimationEnd
Creating struct: $Script_SackAnimation_Start_GoToTheRight
Creating struct: $Script_SackAnimation_Start_GoToTheLeft
Creating struct: $Script_SackAnimation_End_Right
Creating struct: $Script_SackAnimation_End_Left
Creating struct: $Function_LoadGainedCoins
Creating struct: $Function_RevivePlayer
Creating struct: $AISettings_MoneySack
Creating struct: $Script_NpcAI_MoneySack
Creating struct: $JumpTable_80242448
Creating struct: $Function_NpcAI_MoneySack
Creating struct: $Function_80240260
Creating struct: $Function_80240844
Creating struct: $Function_802409A8
Creating struct: $Script_TrackPlayer
Creating struct: $Script_PipeAnimation
Creating struct: $Function_SetAnimation
Creating struct: $Function_GetColliderPos
Creating struct: $Function_TrackInput
Creating struct: $GoToNextLevel
Creating struct: $GoToNextLevel_Roguelike
Creating struct: $Script_SetSetsOfLevels
Creating struct: $Script_LoadMap_Roguelike
Creating struct: $Script_LoadChestMap_Roguelike
Creating struct: $Script_LoadMap_Mover_Roguelike
Creating struct: $Script_LoadChestMap_Mover_Roguelike
Creating struct: $GetFloorPit
Creating struct: $GetFloorSign
Creating struct: $Function_GetTattle1
Creating struct: $Function_GetTattle2
Creating struct: $Script_ReadSign
Creating struct: $Header
Creating struct: $Function_Init
Creating struct: $Script_Main
Creating struct: $NpcGroups
Creating struct: $NpcGroup_Mover
Creating struct: $BlankSettings
Creating struct: $Script_Init_Mover
Creating struct: $Interact_Mover
Creating struct: $Script_MoverWarpAnimation
Creating struct: $NpcGroup_BanditMover
Creating struct: $Script_Init_BanditMover
Creating struct: $Interact_BanditMover
Creating struct: $NpcGroup_Enemy1
Creating struct: $NpcGroup_Enemy2
Creating struct: $NpcGroup_Enemy3
Creating struct: $NpcGroup_Enemy4
Creating struct: $NpcGroup_Enemy5
Creating struct: $NpcGroup_Enemy6
Creating struct: $NpcSettings_Enemy1
Creating struct: $Script_EnemyAI
Creating struct: $AISettings_Enemy
Creating struct: $Script_DisableEnemyAI
Creating struct: $AISettings_DisableEnemy
Creating struct: $PipeSpawning
Creating struct: $Script_MakeEntities
Creating struct: $CommingDownPipe
Creating struct: $Script_MakeExits
Creating struct: $Script_Exit0
Merged 1 regions to 1
$Script_LoadMap_Mover_Roguelike will be placed at 80240000 (length = F14 bytes)
$LoadMap will be placed at 80240F14 (length = EF4 bytes)
$Script_ReadSign will be placed at 80241E08 (length = EEC bytes)
$LoadMapBandit will be placed at 80242CF4 (length = EA4 bytes)
$Script_LoadMap_Roguelike will be placed at 80243B98 (length = D9C bytes)
$GoToNextLevel will be placed at 80244934 (length = D10 bytes)
$GoToNextLevel_Roguelike will be placed at 80245644 (length = 868 bytes)
$Function_80240260 will be placed at 80245EAC (length = 5E4 bytes)
$SetSpawns will be placed at 80246490 (length = 384 bytes)
$FallingDownPipe will be placed at 80246814 (length = 37C bytes)
$Script_SetSetsOfLevels will be placed at 80246B90 (length = 358 bytes)
$Script_SetNPCPos will be placed at 80246EE8 (length = 2F4 bytes)
$Function_NpcAI_MoneySack will be placed at 802471DC (length = 238 bytes)
$Script_SackAnimation_Start_GoToTheRight will be placed at 80247414 (length = 230 bytes)
$Script_SackAnimation_Start_GoToTheLeft will be placed at 80247644 (length = 1F8 bytes)
$Interact_Mover will be placed at 8024783C (length = 1F8 bytes)
$NpcGroup_Enemy3 will be placed at 80247A34 (length = 1F0 bytes)
$NpcGroup_Enemy4 will be placed at 80247C24 (length = 1F0 bytes)
$NpcGroup_Enemy5 will be placed at 80247E14 (length = 1F0 bytes)
$NpcGroup_Enemy6 will be placed at 80248004 (length = 1F0 bytes)
$NpcGroup_Enemy1 will be placed at 802481F4 (length = 1F0 bytes)
$NpcGroup_Enemy2 will be placed at 802483E4 (length = 1F0 bytes)
$NpcGroup_Mover will be placed at 802485D4 (length = 1F0 bytes)
$NpcGroup_BanditMover will be placed at 802487C4 (length = 1F0 bytes)
$Interact_BanditMover will be placed at 802489B4 (length = 1EC bytes)
$Script_PipeAnimation will be placed at 80248BA0 (length = 1D0 bytes)
$JumpTable_80242448 will be placed at 80248D70 (length = 190 bytes)
$Script_LoadChestMap_Mover_Roguelike will be placed at 80248F00 (length = 18C bytes)
$PipeSpawning will be placed at 8024908C (length = 178 bytes)
$NPC_Sack_AnimationStart will be placed at 80249204 (length = 168 bytes)
$Function_80240844 will be placed at 8024936C (length = 164 bytes)
$Script_LoadChestMap_Roguelike will be placed at 802494D0 (length = 164 bytes)
$Script_NPC_SackHit_Init will be placed at 80249634 (length = 160 bytes)
$Script_SackAnimation_End_Right will be placed at 80249794 (length = 158 bytes)
$Script_SackAnimation_End_Left will be placed at 802498EC (length = 150 bytes)
$MapTattle5 will be placed at 80249A3C (length = 13C bytes)
$MapTattle4 will be placed at 80249B78 (length = 130 bytes)
$GetFloor will be placed at 80249CA8 (length = 12C bytes)
$BanditMover_Tattle will be placed at 80249DD4 (length = 124 bytes)
$Script_Main will be placed at 80249EF8 (length = 120 bytes)
$Script_80243A6C will be placed at 8024A018 (length = 114 bytes)
$Script_SubstractCoins will be placed at 8024A12C (length = 10C bytes)
$Script_LoadMapMover_Roguelike will be placed at 8024A238 (length = 104 bytes)
$GetFloorBandit will be placed at 8024A33C (length = F4 bytes)
$Script_MoverWarpAnimation will be placed at 8024A430 (length = F0 bytes)
$Function_GetColliderPos will be placed at 8024A520 (length = E0 bytes)
$Function_GetPos will be placed at 8024A600 (length = E0 bytes)
$Script_TrackPlayer will be placed at 8024A6E0 (length = DC bytes)
$MapTattle2 will be placed at 8024A7BC (length = D4 bytes)
$Function_TrackInput will be placed at 8024A890 (length = BC bytes)
$MapTattle3 will be placed at 8024A94C (length = B0 bytes)
$Script_MakeEntities will be placed at 8024A9FC (length = A8 bytes)
$MapTattle1 will be placed at 8024AAA4 (length = A8 bytes)
$Script_NpcAI_MoneySack will be placed at 8024AB4C (length = A8 bytes)
$MoverStart will be placed at 8024ABF4 (length = A4 bytes)
$SwitchPath will be placed at 8024AC98 (length = A4 bytes)
$Script_NPC_Sack_FX will be placed at 8024AD3C (length = A4 bytes)
$GetPos will be placed at 8024ADE0 (length = 9C bytes)
$Script_AddCoins will be placed at 8024AE7C (length = 98 bytes)
$BanditMoverStart will be placed at 8024AF14 (length = 98 bytes)
$Mover_Tattle will be placed at 8024AFAC (length = 94 bytes)
$Function_GetTattle1 will be placed at 8024B040 (length = 8C bytes)
$NPC_Sack_AnimationEnd will be placed at 8024B0CC (length = 84 bytes)
$BanditMover_Options will be placed at 8024B150 (length = 80 bytes)
$SignStringBug will be placed at 8024B1D0 (length = 7C bytes)
$LoadHighscores will be placed at 8024B24C (length = 7C bytes)
$Mover_Options will be placed at 8024B2C8 (length = 78 bytes)
$NpcGroups will be placed at 8024B340 (length = 6C bytes)
$DeepestLevel will be placed at 8024B3AC (length = 6C bytes)
$Function2 will be placed at 8024B418 (length = 6C bytes)
$LoadCoinsMover will be placed at 8024B484 (length = 6C bytes)
$Function_SetAnimation will be placed at 8024B4F0 (length = 6C bytes)
$GetFloorPit will be placed at 8024B55C (length = 68 bytes)
$MoverEnd will be placed at 8024B5C4 (length = 68 bytes)
$BanditMoverEnd will be placed at 8024B62C (length = 68 bytes)
$GetFloorSign will be placed at 8024B694 (length = 64 bytes)
$BanditMoverNoCoins will be placed at 8024B6F8 (length = 58 bytes)
$MoverNoCoins will be placed at 8024B750 (length = 58 bytes)
$Function_GetTattle2 will be placed at 8024B7A8 (length = 48 bytes)
$CommingDownPipe will be placed at 8024B7F0 (length = 48 bytes)
$Script_Exit0 will be placed at 8024B838 (length = 48 bytes)
$Function_LoadGainedCoins will be placed at 8024B880 (length = 48 bytes)
$Function_Init will be placed at 8024B8C8 (length = 44 bytes)
$Function_802409A8 will be placed at 8024B90C (length = 44 bytes)
$Header will be placed at 8024B950 (length = 40 bytes)
$Script_Init_Bag will be placed at 8024B990 (length = 38 bytes)
$TotalLevels will be placed at 8024B9C8 (length = 38 bytes)
$Script_Init_Bag_HitBox will be placed at 8024BA00 (length = 38 bytes)
$DispawnParthner will be placed at 8024BA38 (length = 34 bytes)
$Function_ResetDamage will be placed at 8024BA6C (length = 34 bytes)
$AISettings_MoneySack will be placed at 8024BAA0 (length = 30 bytes)
$AISettings_Enemy will be placed at 8024BAD0 (length = 30 bytes)
$AISettings_DisableEnemy will be placed at 8024BB00 (length = 30 bytes)
$RespawnParthner will be placed at 8024BB30 (length = 30 bytes)
$NPC_Settings_Sack will be placed at 8024BB60 (length = 2C bytes)
$Function_GetDamageTaken will be placed at 8024BB8C (length = 2C bytes)
$Function_RevivePlayer will be placed at 8024BBB8 (length = 2C bytes)
$String_CoinsGained will be placed at 8024BBE4 (length = 2C bytes)
$BlankSettings will be placed at 8024BC10 (length = 2C bytes)
$Script_MakeExits will be placed at 8024BC3C (length = 2C bytes)
$NpcSettings_Enemy1 will be placed at 8024BC68 (length = 24 bytes)
$VectorList_80244998 will be placed at 8024BC8C (length = 24 bytes)
$Script_Init_80243B20 will be placed at 8024BCB0 (length = 24 bytes)
$Script_Init_Mover will be placed at 8024BCD4 (length = 24 bytes)
$Script_Init_BanditMover will be placed at 8024BCF8 (length = 24 bytes)
$Script_DisableEnemyAI will be placed at 8024BD1C (length = 20 bytes)
$EntryList will be placed at 8024BD3C (length = 20 bytes)
$Script_EnemyAI will be placed at 8024BD5C (length = 20 bytes)
$SignString100 will be placed at 8024BD7C (length = 18 bytes)
$SignString1 will be placed at 8024BD94 (length = 14 bytes)
$SignString99 will be placed at 8024BDA8 (length = 14 bytes)
$SignString98 will be placed at 8024BDBC (length = 14 bytes)
$SignString97 will be placed at 8024BDD0 (length = 14 bytes)
$SignString96 will be placed at 8024BDE4 (length = 14 bytes)
$SignString95 will be placed at 8024BDF8 (length = 14 bytes)
$SignString94 will be placed at 8024BE0C (length = 14 bytes)
$SignString93 will be placed at 8024BE20 (length = 14 bytes)
$SignString92 will be placed at 8024BE34 (length = 14 bytes)
$SignString91 will be placed at 8024BE48 (length = 14 bytes)
$SignString90 will be placed at 8024BE5C (length = 14 bytes)
$SignString59 will be placed at 8024BE70 (length = 14 bytes)
$SignString58 will be placed at 8024BE84 (length = 14 bytes)
$SignString57 will be placed at 8024BE98 (length = 14 bytes)
$SignString56 will be placed at 8024BEAC (length = 14 bytes)
$SignString55 will be placed at 8024BEC0 (length = 14 bytes)
$SignString54 will be placed at 8024BED4 (length = 14 bytes)
$SignString53 will be placed at 8024BEE8 (length = 14 bytes)
$SignString52 will be placed at 8024BEFC (length = 14 bytes)
$SignString51 will be placed at 8024BF10 (length = 14 bytes)
$SignString50 will be placed at 8024BF24 (length = 14 bytes)
$SignString69 will be placed at 8024BF38 (length = 14 bytes)
$SignString68 will be placed at 8024BF4C (length = 14 bytes)
$SignString67 will be placed at 8024BF60 (length = 14 bytes)
$SignString66 will be placed at 8024BF74 (length = 14 bytes)
$SignString65 will be placed at 8024BF88 (length = 14 bytes)
$SignString64 will be placed at 8024BF9C (length = 14 bytes)
$SignString63 will be placed at 8024BFB0 (length = 14 bytes)
$SignString62 will be placed at 8024BFC4 (length = 14 bytes)
$SignString61 will be placed at 8024BFD8 (length = 14 bytes)
$SignString60 will be placed at 8024BFEC (length = 14 bytes)
$SignString79 will be placed at 8024C000 (length = 14 bytes)
$SignString78 will be placed at 8024C014 (length = 14 bytes)
$SignString77 will be placed at 8024C028 (length = 14 bytes)
$SignString76 will be placed at 8024C03C (length = 14 bytes)
$SignString75 will be placed at 8024C050 (length = 14 bytes)
$SignString74 will be placed at 8024C064 (length = 14 bytes)
$SignString73 will be placed at 8024C078 (length = 14 bytes)
$SignString72 will be placed at 8024C08C (length = 14 bytes)
$SignString71 will be placed at 8024C0A0 (length = 14 bytes)
$SignString70 will be placed at 8024C0B4 (length = 14 bytes)
$SignString89 will be placed at 8024C0C8 (length = 14 bytes)
$SignString88 will be placed at 8024C0DC (length = 14 bytes)
$SignString87 will be placed at 8024C0F0 (length = 14 bytes)
$SignString86 will be placed at 8024C104 (length = 14 bytes)
$SignString85 will be placed at 8024C118 (length = 14 bytes)
$SignString84 will be placed at 8024C12C (length = 14 bytes)
$SignString83 will be placed at 8024C140 (length = 14 bytes)
$SignString82 will be placed at 8024C154 (length = 14 bytes)
$SignString81 will be placed at 8024C168 (length = 14 bytes)
$SignString80 will be placed at 8024C17C (length = 14 bytes)
$SignString19 will be placed at 8024C190 (length = 14 bytes)
$SignString18 will be placed at 8024C1A4 (length = 14 bytes)
$SignString17 will be placed at 8024C1B8 (length = 14 bytes)
$SignString16 will be placed at 8024C1CC (length = 14 bytes)
$SignString15 will be placed at 8024C1E0 (length = 14 bytes)
$SignString14 will be placed at 8024C1F4 (length = 14 bytes)
$SignString13 will be placed at 8024C208 (length = 14 bytes)
$SignString12 will be placed at 8024C21C (length = 14 bytes)
$SignString11 will be placed at 8024C230 (length = 14 bytes)
$SignString10 will be placed at 8024C244 (length = 14 bytes)
$SignString3 will be placed at 8024C258 (length = 14 bytes)
$SignString2 will be placed at 8024C26C (length = 14 bytes)
$SignString5 will be placed at 8024C280 (length = 14 bytes)
$SignString4 will be placed at 8024C294 (length = 14 bytes)
$SignString7 will be placed at 8024C2A8 (length = 14 bytes)
$SignString6 will be placed at 8024C2BC (length = 14 bytes)
$SignString9 will be placed at 8024C2D0 (length = 14 bytes)
$SignString8 will be placed at 8024C2E4 (length = 14 bytes)
$SignString29 will be placed at 8024C2F8 (length = 14 bytes)
$SignString28 will be placed at 8024C30C (length = 14 bytes)
$SignString27 will be placed at 8024C320 (length = 14 bytes)
$SignString26 will be placed at 8024C334 (length = 14 bytes)
$SignString25 will be placed at 8024C348 (length = 14 bytes)
$SignString24 will be placed at 8024C35C (length = 14 bytes)
$SignString23 will be placed at 8024C370 (length = 14 bytes)
$SignString22 will be placed at 8024C384 (length = 14 bytes)
$SignString21 will be placed at 8024C398 (length = 14 bytes)
$SignString20 will be placed at 8024C3AC (length = 14 bytes)
$SignString will be placed at 8024C3C0 (length = 14 bytes)
$SignString39 will be placed at 8024C3D4 (length = 14 bytes)
$SignString38 will be placed at 8024C3E8 (length = 14 bytes)
$SignString37 will be placed at 8024C3FC (length = 14 bytes)
$SignString36 will be placed at 8024C410 (length = 14 bytes)
$SignString35 will be placed at 8024C424 (length = 14 bytes)
$SignString34 will be placed at 8024C438 (length = 14 bytes)
$SignString33 will be placed at 8024C44C (length = 14 bytes)
$SignString32 will be placed at 8024C460 (length = 14 bytes)
$SignString31 will be placed at 8024C474 (length = 14 bytes)
$SignString30 will be placed at 8024C488 (length = 14 bytes)
$SignString49 will be placed at 8024C49C (length = 14 bytes)
$SignString48 will be placed at 8024C4B0 (length = 14 bytes)
$SignString47 will be placed at 8024C4C4 (length = 14 bytes)
$SignString46 will be placed at 8024C4D8 (length = 14 bytes)
$SignString45 will be placed at 8024C4EC (length = 14 bytes)
$SignString44 will be placed at 8024C500 (length = 14 bytes)
$SignString43 will be placed at 8024C514 (length = 14 bytes)
$SignString42 will be placed at 8024C528 (length = 14 bytes)
$SignString41 will be placed at 8024C53C (length = 14 bytes)
$SignString40 will be placed at 8024C550 (length = 14 bytes)
$ASCII_pit_02_Literal will be placed at 8024C564 (length = C bytes)
$ASCII_pit_90_Literal will be placed at 8024C570 (length = C bytes)
$ASCII_pit_34_Literal will be placed at 8024C57C (length = C bytes)
$ASCII_pit_66_Literal will be placed at 8024C588 (length = C bytes)
$ASCII_pit_98_Literal will be placed at 8024C594 (length = C bytes)
$ASCII_pit_19_Literal will be placed at 8024C5A0 (length = C bytes)
$ASCII_pit_57_Literal will be placed at 8024C5AC (length = C bytes)
$ASCII_pit_69_Literal will be placed at 8024C5B8 (length = C bytes)
$ASCII_pit_72_Literal will be placed at 8024C5C4 (length = C bytes)
$ASCII_pit_81_Literal will be placed at 8024C5D0 (length = C bytes)
$ASCII_pit_43_Literal will be placed at 8024C5DC (length = C bytes)
$ASCII_pit_28_Literal will be placed at 8024C5E8 (length = C bytes)
$ASCII_pit_78_Literal will be placed at 8024C5F4 (length = C bytes)
$ASCII_pit_63_Literal will be placed at 8024C600 (length = C bytes)
$ASCII_pit_46_Literal will be placed at 8024C60C (length = C bytes)
$ASCII_pit_95_Literal will be placed at 8024C618 (length = C bytes)
$ASCII_pit_16_Literal will be placed at 8024C624 (length = C bytes)
$ASCII_pit_37_Literal will be placed at 8024C630 (length = C bytes)
$ASCII_pit_22_Literal will be placed at 8024C63C (length = C bytes)
$ASCII_pit_05_Literal will be placed at 8024C648 (length = C bytes)
$ASCII_pit_25_Literal will be placed at 8024C654 (length = C bytes)
$ASCII_pit_54_Literal will be placed at 8024C660 (length = C bytes)
$ASCII_pit_08_Literal will be placed at 8024C66C (length = C bytes)
$ASCII_pit_87_Literal will be placed at 8024C678 (length = C bytes)
$ASCII_pit_75_Literal will be placed at 8024C684 (length = C bytes)
$ASCII_pit_13_Literal will be placed at 8024C690 (length = C bytes)
$ASCII_pit_32_Literal will be placed at 8024C69C (length = C bytes)
$ASCII_pit_92_Literal will be placed at 8024C6A8 (length = C bytes)
$ASCII_pit_17_Literal will be placed at 8024C6B4 (length = C bytes)
$ASCII_pit_49_Literal will be placed at 8024C6C0 (length = C bytes)
$ASCII_pit_77_Literal will be placed at 8024C6CC (length = C bytes)
$ASCII_pit_96_Literal will be placed at 8024C6D8 (length = C bytes)
$ASCII_pit_68_Literal will be placed at 8024C6E4 (length = C bytes)
$ASCII_pit_51_Literal will be placed at 8024C6F0 (length = C bytes)
$ASCII_pit_04_Literal will be placed at 8024C6FC (length = C bytes)
$ASCII_pit_83_Literal will be placed at 8024C708 (length = C bytes)
$ASCII_pit_86_Literal will be placed at 8024C714 (length = C bytes)
$ASCII_pit_26_Literal will be placed at 8024C720 (length = C bytes)
$ASCII_pit_41_Literal will be placed at 8024C72C (length = C bytes)
$ASCII_pit_14_Literal will be placed at 8024C738 (length = C bytes)
$ASCII_pit_74_Literal will be placed at 8024C744 (length = C bytes)
$ASCII_pit_60_Literal will be placed at 8024C750 (length = C bytes)
$ASCII_pit_59_Literal will be placed at 8024C75C (length = C bytes)
$ASCII_pit_93_Literal will be placed at 8024C768 (length = C bytes)
$ASCII_pit_65_Literal will be placed at 8024C774 (length = C bytes)
$ASCII_pit_07_Literal will be placed at 8024C780 (length = C bytes)
$ASCII_pit_20_Literal will be placed at 8024C78C (length = C bytes)
$ASCII_pit_35_Literal will be placed at 8024C798 (length = C bytes)
$ASCII_pit_23_Literal will be placed at 8024C7A4 (length = C bytes)
$ASCII_pit_11_Literal will be placed at 8024C7B0 (length = C bytes)
$ASCII_pit_56_Literal will be placed at 8024C7BC (length = C bytes)
$ASCII_pit_44_Literal will be placed at 8024C7C8 (length = C bytes)
$ASCII_pit_89_Literal will be placed at 8024C7D4 (length = C bytes)
$ASCII_pit_79_Literal will be placed at 8024C7E0 (length = C bytes)
$ASCII_pit_62_Literal will be placed at 8024C7EC (length = C bytes)
$ASCII_pit_94_Literal will be placed at 8024C7F8 (length = C bytes)
$ASCII_pit_47_Literal will be placed at 8024C804 (length = C bytes)
$ASCII_pit_21_Literal will be placed at 8024C810 (length = C bytes)
$ASCII_pit_06_Literal will be placed at 8024C81C (length = C bytes)
$ASCII_pit_53_Literal will be placed at 8024C828 (length = C bytes)
$ASCII_pit_09_Literal will be placed at 8024C834 (length = C bytes)
$ASCII_pit_88_Literal will be placed at 8024C840 (length = C bytes)
$ASCII_pit_38_Literal will be placed at 8024C84C (length = C bytes)
$ASCII_pit_24_Literal will be placed at 8024C858 (length = C bytes)
$ASCII_pit_12_Literal will be placed at 8024C864 (length = C bytes)
$ASCII_pit_76_Literal will be placed at 8024C870 (length = C bytes)
$ASCII_pit_01_Literal will be placed at 8024C87C (length = C bytes)
$ASCII_pit_50_Literal will be placed at 8024C888 (length = C bytes)
$ASCII_pit_33_Literal will be placed at 8024C894 (length = C bytes)
$ASCII_pit_99_Literal will be placed at 8024C8A0 (length = C bytes)
$ASCII_pit_67_Literal will be placed at 8024C8AC (length = C bytes)
$ASCII_pit_71_Literal will be placed at 8024C8B8 (length = C bytes)
$ASCII_pit_42_Literal will be placed at 8024C8C4 (length = C bytes)
$ASCII_pit_80_Literal will be placed at 8024C8D0 (length = C bytes)
$ASCII_pit_29_Literal will be placed at 8024C8DC (length = C bytes)
$ASCII_pit_58_Literal will be placed at 8024C8E8 (length = C bytes)
$ASCII_pit_30_Literal will be placed at 8024C8F4 (length = C bytes)
$ASCII_pit_00_Literal will be placed at 8024C900 (length = C bytes)
$ASCII_pit_64_Literal will be placed at 8024C90C (length = C bytes)
$ASCII_pit_36_Literal will be placed at 8024C918 (length = C bytes)
$ASCII_pit_55_Literal will be placed at 8024C924 (length = C bytes)
$ASCII_pit_10_Literal will be placed at 8024C930 (length = C bytes)
$ASCII_pit_45_Literal will be placed at 8024C93C (length = C bytes)
$ASCII_pit_18_Literal will be placed at 8024C948 (length = C bytes)
$ASCII_pit_48_Literal will be placed at 8024C954 (length = C bytes)
$ASCII_pit_03_Literal will be placed at 8024C960 (length = C bytes)
$ASCII_pit_31_Literal will be placed at 8024C96C (length = C bytes)
$ASCII_pit_91_Literal will be placed at 8024C978 (length = C bytes)
$ASCII_pit_97_Literal will be placed at 8024C984 (length = C bytes)
$ASCII_pit_82_Literal will be placed at 8024C990 (length = C bytes)
$ASCII_pit_52_Literal will be placed at 8024C99C (length = C bytes)
$ASCII_pit_70_Literal will be placed at 8024C9A8 (length = C bytes)
$ASCII_pit_85_Literal will be placed at 8024C9B4 (length = C bytes)
$ASCII_pit_40_Literal will be placed at 8024C9C0 (length = C bytes)
$ASCII_pit_39_Literal will be placed at 8024C9CC (length = C bytes)
$ASCII_pit_73_Literal will be placed at 8024C9D8 (length = C bytes)
$ASCII_pit_15_Literal will be placed at 8024C9E4 (length = C bytes)
$ASCII_pit_27_Literal will be placed at 8024C9F0 (length = C bytes)
$ASCII_pit_61_Literal will be placed at 8024C9FC (length = C bytes)
$ASCII_pit_842_Literal will be placed at 8024CA08 (length = 8 bytes)
$ASCII_pit_100_Literal will be placed at 8024CA10 (length = 8 bytes)
$ASCII_tik_tex_Literal will be placed at 8024CA18 (length = 8 bytes)
$MoverCancel will be placed at 8024CA20 (length = 4 bytes)
$BanditMoverCancel will be placed at 8024CA24 (length = 4 bytes)
Executing patch: pit_56.mpat
Loaded map pit_51
Creating struct: $EntryList
Creating struct: $DeepestLevel
Creating struct: $TotalLevels
Creating struct: $LoadHighscores
Creating struct: $FallingDownPipe
Creating struct: $Function_GetPos
Creating struct: $Function2
Creating struct: $SetSpawns
Creating struct: $Script_SetNPCPos
Creating struct: $SwitchPath
Creating struct: $VectorList_80244998
Creating struct: $GetPos
Creating struct: $Function_GetDamageTaken
Creating struct: $Function_ResetDamage
Creating struct: $DispawnParthner
Creating struct: $RespawnParthner
Creating struct: $LoadMap
Creating struct: $Script_LoadMapMover_Roguelike
Creating struct: $GetFloor
Creating struct: $LoadCoinsMover
Creating struct: $LoadMapBandit
Creating struct: $GetFloorBandit
Creating struct: $Script_Init_80243B20
Creating struct: $Script_80243A6C
Creating struct: $Script_AddCoins
Creating struct: $Script_SubstractCoins
Creating struct: $NPC_Settings_Sack
Creating struct: $Script_Init_Bag
Creating struct: $Script_Init_Bag_HitBox
Creating struct: $Script_NPC_SackHit_Init
Creating struct: $Script_NPC_Sack_FX
Creating struct: $NPC_Sack_AnimationStart
Creating struct: $NPC_Sack_AnimationEnd
Creating struct: $Script_SackAnimation_Start_GoToTheRight
Creating struct: $Script_SackAnimation_Start_GoToTheLeft
Creating struct: $Script_SackAnimation_End_Right
Creating struct: $Script_SackAnimation_End_Left
Creating struct: $Function_LoadGainedCoins
Creating struct: $Function_RevivePlayer
Creating struct: $AISettings_MoneySack
Creating struct: $Script_NpcAI_MoneySack
Creating struct: $JumpTable_80242448
Creating struct: $Function_NpcAI_MoneySack
Creating struct: $Function_80240260
Creating struct: $Function_80240844
Creating struct: $Function_802409A8
Creating struct: $Script_TrackPlayer
Creating struct: $Script_PipeAnimation
Creating struct: $Function_SetAnimation
Creating struct: $Function_GetColliderPos
Creating struct: $Function_TrackInput
Creating struct: $GoToNextLevel
Creating struct: $GoToNextLevel_Roguelike
Creating struct: $Script_SetSetsOfLevels
Creating struct: $Script_LoadMap_Roguelike
Creating struct: $Script_LoadChestMap_Roguelike
Creating struct: $Script_LoadMap_Mover_Roguelike
Creating struct: $Script_LoadChestMap_Mover_Roguelike
Creating struct: $GetFloorPit
Creating struct: $GetFloorSign
Creating struct: $Function_GetTattle1
Creating struct: $Function_GetTattle2
Creating struct: $Script_ReadSign
Creating struct: $Header
Creating struct: $Function_Init
Creating struct: $Script_Main
Creating struct: $NpcGroups
Creating struct: $NpcGroup_Mover
Creating struct: $BlankSettings
Creating struct: $Script_Init_Mover
Creating struct: $Interact_Mover
Creating struct: $Script_MoverWarpAnimation
Creating struct: $NpcGroup_BanditMover
Creating struct: $Script_Init_BanditMover
Creating struct: $Interact_BanditMover
Creating struct: $NpcGroup_Enemy1
Creating struct: $NpcGroup_Enemy2
Creating struct: $NpcGroup_Enemy3
Creating struct: $NpcGroup_Enemy4
Creating struct: $NpcGroup_Enemy5
Creating struct: $NpcGroup_Enemy6
Creating struct: $NpcSettings_Enemy1
Creating struct: $Script_EnemyAI
Creating struct: $AISettings_Enemy
Creating struct: $ConstDouble_80246500
Creating struct: $ConstDouble_80246508
Creating struct: $ConstDouble_80246510
Creating struct: $ConstDouble_80246558
Creating struct: $JumpTable_80246560
Creating struct: $FloatTable_80244900
Creating struct: $Function_80241DE4
Creating struct: $Function_802416C8
Creating struct: $Function_802404E0
Creating struct: $Function_80240690
Creating struct: $Function_80240CB8
Creating struct: $Function_80240D78
Creating struct: $Function_802410BC
Creating struct: $Function_80241134
Creating struct: $Function_802419D8
Creating struct: $Function_80241B08
Creating struct: $Function_80241D88
Creating struct: $Script_DisableEnemyAI
Creating struct: $AISettings_DisableEnemy
Creating struct: $PipeSpawning
Creating struct: $Script_MakeEntities
Creating struct: $CommingDownPipe
Creating struct: $Script_MakeExits
Creating struct: $Script_Exit0
Merged 1 regions to 1
$Script_LoadMap_Mover_Roguelike will be placed at 80240000 (length = F14 bytes)
$LoadMap will be placed at 80240F14 (length = EF4 bytes)
$Script_ReadSign will be placed at 80241E08 (length = EEC bytes)
$LoadMapBandit will be placed at 80242CF4 (length = EA4 bytes)
$Script_LoadMap_Roguelike will be placed at 80243B98 (length = D9C bytes)
$GoToNextLevel will be placed at 80244934 (length = D10 bytes)
$GoToNextLevel_Roguelike will be placed at 80245644 (length = 868 bytes)
$Function_80240690 will be placed at 80245EAC (length = 620 bytes)
$Function_80240260 will be placed at 802464CC (length = 5E4 bytes)
$SetSpawns will be placed at 80246AB0 (length = 384 bytes)
$FallingDownPipe will be placed at 80246E34 (length = 37C bytes)
$Script_SetSetsOfLevels will be placed at 802471B0 (length = 358 bytes)
$Function_80240D78 will be placed at 80247508 (length = 344 bytes)
$Script_SetNPCPos will be placed at 8024784C (length = 2F4 bytes)
$Function_80241B08 will be placed at 80247B40 (length = 284 bytes)
$Function_NpcAI_MoneySack will be placed at 80247DC4 (length = 238 bytes)
$Script_SackAnimation_Start_GoToTheRight will be placed at 80247FFC (length = 230 bytes)
$Script_SackAnimation_Start_GoToTheLeft will be placed at 8024822C (length = 1F8 bytes)
$Interact_Mover will be placed at 80248424 (length = 1F8 bytes)
$NpcGroup_Enemy3 will be placed at 8024861C (length = 1F0 bytes)
$NpcGroup_Enemy4 will be placed at 8024880C (length = 1F0 bytes)
$NpcGroup_Enemy5 will be placed at 802489FC (length = 1F0 bytes)
$NpcGroup_Enemy6 will be placed at 80248BEC (length = 1F0 bytes)
$NpcGroup_Enemy1 will be placed at 80248DDC (length = 1F0 bytes)
$NpcGroup_Enemy2 will be placed at 80248FCC (length = 1F0 bytes)
$NpcGroup_Mover will be placed at 802491BC (length = 1F0 bytes)
$NpcGroup_BanditMover will be placed at 802493AC (length = 1F0 bytes)
$Interact_BanditMover will be placed at 8024959C (length = 1EC bytes)
$Function_80241DE4 will be placed at 80249788 (length = 1E8 bytes)
$Script_PipeAnimation will be placed at 80249970 (length = 1D0 bytes)
$Function_802404E0 will be placed at 80249B40 (length = 1A8 bytes)
$JumpTable_80242448 will be placed at 80249CE8 (length = 190 bytes)
$Script_LoadChestMap_Mover_Roguelike will be placed at 80249E78 (length = 18C bytes)
$PipeSpawning will be placed at 8024A004 (length = 178 bytes)
$NPC_Sack_AnimationStart will be placed at 8024A17C (length = 168 bytes)
$Function_80240844 will be placed at 8024A2E4 (length = 164 bytes)
$Script_LoadChestMap_Roguelike will be placed at 8024A448 (length = 164 bytes)
$Script_NPC_SackHit_Init will be placed at 8024A5AC (length = 160 bytes)
$Script_SackAnimation_End_Right will be placed at 8024A70C (length = 158 bytes)
$Script_SackAnimation_End_Left will be placed at 8024A864 (length = 150 bytes)
$MapTattle5 will be placed at 8024A9B4 (length = 13C bytes)
$Function_802419D8 will be placed at 8024AAF0 (length = 130 bytes)
$MapTattle4 will be placed at 8024AC20 (length = 130 bytes)
$GetFloor will be placed at 8024AD50 (length = 12C bytes)
$BanditMover_Tattle will be placed at 8024AE7C (length = 124 bytes)
$Function_802416C8 will be placed at 8024AFA0 (length = 124 bytes)
$Script_Main will be placed at 8024B0C4 (length = 120 bytes)
$Script_80243A6C will be placed at 8024B1E4 (length = 114 bytes)
$Script_SubstractCoins will be placed at 8024B2F8 (length = 10C bytes)
$Script_LoadMapMover_Roguelike will be placed at 8024B404 (length = 104 bytes)
$GetFloorBandit will be placed at 8024B508 (length = F4 bytes)
$Script_MoverWarpAnimation will be placed at 8024B5FC (length = F0 bytes)
$Function_GetColliderPos will be placed at 8024B6EC (length = E0 bytes)
$Function_GetPos will be placed at 8024B7CC (length = E0 bytes)
$Script_TrackPlayer will be placed at 8024B8AC (length = DC bytes)
$MapTattle2 will be placed at 8024B988 (length = D4 bytes)
$Function_80240CB8 will be placed at 8024BA5C (length = C0 bytes)
$Function_TrackInput will be placed at 8024BB1C (length = BC bytes)
$MapTattle3 will be placed at 8024BBD8 (length = B0 bytes)
$Script_MakeEntities will be placed at 8024BC88 (length = A8 bytes)
$MapTattle1 will be placed at 8024BD30 (length = A8 bytes)
$Script_NpcAI_MoneySack will be placed at 8024BDD8 (length = A8 bytes)
$MoverStart will be placed at 8024BE80 (length = A4 bytes)
$SwitchPath will be placed at 8024BF24 (length = A4 bytes)
$Script_NPC_Sack_FX will be placed at 8024BFC8 (length = A4 bytes)
$GetPos will be placed at 8024C06C (length = 9C bytes)
$Script_AddCoins will be placed at 8024C108 (length = 98 bytes)
$BanditMoverStart will be placed at 8024C1A0 (length = 98 bytes)
$Mover_Tattle will be placed at 8024C238 (length = 94 bytes)
$Function_GetTattle1 will be placed at 8024C2CC (length = 8C bytes)
$NPC_Sack_AnimationEnd will be placed at 8024C358 (length = 84 bytes)
$BanditMover_Options will be placed at 8024C3DC (length = 80 bytes)
$SignStringBug will be placed at 8024C45C (length = 7C bytes)
$LoadHighscores will be placed at 8024C4D8 (length = 7C bytes)
$Function_802410BC will be placed at 8024C554 (length = 78 bytes)
$Mover_Options will be placed at 8024C5CC (length = 78 bytes)
$Script_EnemyAI will be placed at 8024C644 (length = 70 bytes)
$NpcGroups will be placed at 8024C6B4 (length = 6C bytes)
$DeepestLevel will be placed at 8024C720 (length = 6C bytes)
$Function_80241134 will be placed at 8024C78C (length = 6C bytes)
$Function2 will be placed at 8024C7F8 (length = 6C bytes)
$LoadCoinsMover will be placed at 8024C864 (length = 6C bytes)
$Function_SetAnimation will be placed at 8024C8D0 (length = 6C bytes)
$GetFloorPit will be placed at 8024C93C (length = 68 bytes)
$MoverEnd will be placed at 8024C9A4 (length = 68 bytes)
$BanditMoverEnd will be placed at 8024CA0C (length = 68 bytes)
$GetFloorSign will be placed at 8024CA74 (length = 64 bytes)
$Function_80241D88 will be placed at 8024CAD8 (length = 5C bytes)
$BanditMoverNoCoins will be placed at 8024CB34 (length = 58 bytes)
$MoverNoCoins will be placed at 8024CB8C (length = 58 bytes)
$JumpTable_80246560 will be placed at 8024CBE4 (length = 54 bytes)
$Function_GetTattle2 will be placed at 8024CC38 (length = 48 bytes)
$CommingDownPipe will be placed at 8024CC80 (length = 48 bytes)
$Script_Exit0 will be placed at 8024CCC8 (length = 48 bytes)
$Function_LoadGainedCoins will be placed at 8024CD10 (length = 48 bytes)
$Function_Init will be placed at 8024CD58 (length = 44 bytes)
$Function_802409A8 will be placed at 8024CD9C (length = 44 bytes)
$Header will be placed at 8024CDE0 (length = 40 bytes)
$Script_Init_Bag will be placed at 8024CE20 (length = 38 bytes)
$TotalLevels will be placed at 8024CE58 (length = 38 bytes)
$Script_Init_Bag_HitBox will be placed at 8024CE90 (length = 38 bytes)
$DispawnParthner will be placed at 8024CEC8 (length = 34 bytes)
$Function_ResetDamage will be placed at 8024CEFC (length = 34 bytes)
$AISettings_MoneySack will be placed at 8024CF30 (length = 30 bytes)
$AISettings_Enemy will be placed at 8024CF60 (length = 30 bytes)
$AISettings_DisableEnemy will be placed at 8024CF90 (length = 30 bytes)
$RespawnParthner will be placed at 8024CFC0 (length = 30 bytes)
$NPC_Settings_Sack will be placed at 8024CFF0 (length = 2C bytes)
$Function_GetDamageTaken will be placed at 8024D01C (length = 2C bytes)
$NpcSettings_Enemy1 will be placed at 8024D048 (length = 2C bytes)
$Function_RevivePlayer will be placed at 8024D074 (length = 2C bytes)
$String_CoinsGained will be placed at 8024D0A0 (length = 2C bytes)
$BlankSettings will be placed at 8024D0CC (length = 2C bytes)
$Script_MakeExits will be placed at 8024D0F8 (length = 2C bytes)
$VectorList_80244998 will be placed at 8024D124 (length = 24 bytes)
$Script_Init_80243B20 will be placed at 8024D148 (length = 24 bytes)
$Script_Init_Mover will be placed at 8024D16C (length = 24 bytes)
$Script_Init_BanditMover will be placed at 8024D190 (length = 24 bytes)
$Script_DisableEnemyAI will be placed at 8024D1B4 (length = 20 bytes)
$EntryList will be placed at 8024D1D4 (length = 20 bytes)
$SignString100 will be placed at 8024D1F4 (length = 18 bytes)
$FloatTable_80244900 will be placed at 8024D20C (length = 18 bytes)
$SignString1 will be placed at 8024D224 (length = 14 bytes)
$SignString99 will be placed at 8024D238 (length = 14 bytes)
$SignString98 will be placed at 8024D24C (length = 14 bytes)
$SignString97 will be placed at 8024D260 (length = 14 bytes)
$SignString96 will be placed at 8024D274 (length = 14 bytes)
$SignString95 will be placed at 8024D288 (length = 14 bytes)
$SignString94 will be placed at 8024D29C (length = 14 bytes)
$SignString93 will be placed at 8024D2B0 (length = 14 bytes)
$SignString92 will be placed at 8024D2C4 (length = 14 bytes)
$SignString91 will be placed at 8024D2D8 (length = 14 bytes)
$SignString90 will be placed at 8024D2EC (length = 14 bytes)
$SignString59 will be placed at 8024D300 (length = 14 bytes)
$SignString58 will be placed at 8024D314 (length = 14 bytes)
$SignString57 will be placed at 8024D328 (length = 14 bytes)
$SignString56 will be placed at 8024D33C (length = 14 bytes)
$SignString55 will be placed at 8024D350 (length = 14 bytes)
$SignString54 will be placed at 8024D364 (length = 14 bytes)
$SignString53 will be placed at 8024D378 (length = 14 bytes)
$SignString52 will be placed at 8024D38C (length = 14 bytes)
$SignString51 will be placed at 8024D3A0 (length = 14 bytes)
$SignString50 will be placed at 8024D3B4 (length = 14 bytes)
$SignString69 will be placed at 8024D3C8 (length = 14 bytes)
$SignString68 will be placed at 8024D3DC (length = 14 bytes)
$SignString67 will be placed at 8024D3F0 (length = 14 bytes)
$SignString66 will be placed at 8024D404 (length = 14 bytes)
$SignString65 will be placed at 8024D418 (length = 14 bytes)
$SignString64 will be placed at 8024D42C (length = 14 bytes)
$SignString63 will be placed at 8024D440 (length = 14 bytes)
$SignString62 will be placed at 8024D454 (length = 14 bytes)
$SignString61 will be placed at 8024D468 (length = 14 bytes)
$SignString60 will be placed at 8024D47C (length = 14 bytes)
$SignString79 will be placed at 8024D490 (length = 14 bytes)
$SignString78 will be placed at 8024D4A4 (length = 14 bytes)
$SignString77 will be placed at 8024D4B8 (length = 14 bytes)
$SignString76 will be placed at 8024D4CC (length = 14 bytes)
$SignString75 will be placed at 8024D4E0 (length = 14 bytes)
$SignString74 will be placed at 8024D4F4 (length = 14 bytes)
$SignString73 will be placed at 8024D508 (length = 14 bytes)
$SignString72 will be placed at 8024D51C (length = 14 bytes)
$SignString71 will be placed at 8024D530 (length = 14 bytes)
$SignString70 will be placed at 8024D544 (length = 14 bytes)
$SignString89 will be placed at 8024D558 (length = 14 bytes)
$SignString88 will be placed at 8024D56C (length = 14 bytes)
$SignString87 will be placed at 8024D580 (length = 14 bytes)
$SignString86 will be placed at 8024D594 (length = 14 bytes)
$SignString85 will be placed at 8024D5A8 (length = 14 bytes)
$SignString84 will be placed at 8024D5BC (length = 14 bytes)
$SignString83 will be placed at 8024D5D0 (length = 14 bytes)
$SignString82 will be placed at 8024D5E4 (length = 14 bytes)
$SignString81 will be placed at 8024D5F8 (length = 14 bytes)
$SignString80 will be placed at 8024D60C (length = 14 bytes)
$SignString19 will be placed at 8024D620 (length = 14 bytes)
$SignString18 will be placed at 8024D634 (length = 14 bytes)
$SignString17 will be placed at 8024D648 (length = 14 bytes)
$SignString16 will be placed at 8024D65C (length = 14 bytes)
$SignString15 will be placed at 8024D670 (length = 14 bytes)
$SignString14 will be placed at 8024D684 (length = 14 bytes)
$SignString13 will be placed at 8024D698 (length = 14 bytes)
$SignString12 will be placed at 8024D6AC (length = 14 bytes)
$SignString11 will be placed at 8024D6C0 (length = 14 bytes)
$SignString10 will be placed at 8024D6D4 (length = 14 bytes)
$SignString3 will be placed at 8024D6E8 (length = 14 bytes)
$SignString2 will be placed at 8024D6FC (length = 14 bytes)
$SignString5 will be placed at 8024D710 (length = 14 bytes)
$SignString4 will be placed at 8024D724 (length = 14 bytes)
$SignString7 will be placed at 8024D738 (length = 14 bytes)
$SignString6 will be placed at 8024D74C (length = 14 bytes)
$SignString9 will be placed at 8024D760 (length = 14 bytes)
$SignString8 will be placed at 8024D774 (length = 14 bytes)
$SignString29 will be placed at 8024D788 (length = 14 bytes)
$SignString28 will be placed at 8024D79C (length = 14 bytes)
$SignString27 will be placed at 8024D7B0 (length = 14 bytes)
$SignString26 will be placed at 8024D7C4 (length = 14 bytes)
$SignString25 will be placed at 8024D7D8 (length = 14 bytes)
$SignString24 will be placed at 8024D7EC (length = 14 bytes)
$SignString23 will be placed at 8024D800 (length = 14 bytes)
$SignString22 will be placed at 8024D814 (length = 14 bytes)
$SignString21 will be placed at 8024D828 (length = 14 bytes)
$SignString20 will be placed at 8024D83C (length = 14 bytes)
$SignString will be placed at 8024D850 (length = 14 bytes)
$SignString39 will be placed at 8024D864 (length = 14 bytes)
$SignString38 will be placed at 8024D878 (length = 14 bytes)
$SignString37 will be placed at 8024D88C (length = 14 bytes)
$SignString36 will be placed at 8024D8A0 (length = 14 bytes)
$SignString35 will be placed at 8024D8B4 (length = 14 bytes)
$SignString34 will be placed at 8024D8C8 (length = 14 bytes)
$SignString33 will be placed at 8024D8DC (length = 14 bytes)
$SignString32 will be placed at 8024D8F0 (length = 14 bytes)
$SignString31 will be placed at 8024D904 (length = 14 bytes)
$SignString30 will be placed at 8024D918 (length = 14 bytes)
$SignString49 will be placed at 8024D92C (length = 14 bytes)
$SignString48 will be placed at 8024D940 (length = 14 bytes)
$SignString47 will be placed at 8024D954 (length = 14 bytes)
$SignString46 will be placed at 8024D968 (length = 14 bytes)
$SignString45 will be placed at 8024D97C (length = 14 bytes)
$SignString44 will be placed at 8024D990 (length = 14 bytes)
$SignString43 will be placed at 8024D9A4 (length = 14 bytes)
$SignString42 will be placed at 8024D9B8 (length = 14 bytes)
$SignString41 will be placed at 8024D9CC (length = 14 bytes)
$SignString40 will be placed at 8024D9E0 (length = 14 bytes)
$ASCII_pit_02_Literal will be placed at 8024D9F4 (length = C bytes)
$ASCII_pit_90_Literal will be placed at 8024DA00 (length = C bytes)
$ASCII_pit_34_Literal will be placed at 8024DA0C (length = C bytes)
$ASCII_pit_66_Literal will be placed at 8024DA18 (length = C bytes)
$ASCII_pit_98_Literal will be placed at 8024DA24 (length = C bytes)
$ASCII_pit_19_Literal will be placed at 8024DA30 (length = C bytes)
$ASCII_pit_57_Literal will be placed at 8024DA3C (length = C bytes)
$ASCII_pit_69_Literal will be placed at 8024DA48 (length = C bytes)
$ASCII_pit_72_Literal will be placed at 8024DA54 (length = C bytes)
$ASCII_pit_81_Literal will be placed at 8024DA60 (length = C bytes)
$ASCII_pit_43_Literal will be placed at 8024DA6C (length = C bytes)
$ASCII_pit_28_Literal will be placed at 8024DA78 (length = C bytes)
$ASCII_pit_78_Literal will be placed at 8024DA84 (length = C bytes)
$ASCII_pit_63_Literal will be placed at 8024DA90 (length = C bytes)
$ASCII_pit_46_Literal will be placed at 8024DA9C (length = C bytes)
$ASCII_pit_95_Literal will be placed at 8024DAA8 (length = C bytes)
$ASCII_pit_16_Literal will be placed at 8024DAB4 (length = C bytes)
$ASCII_pit_37_Literal will be placed at 8024DAC0 (length = C bytes)
$ASCII_pit_22_Literal will be placed at 8024DACC (length = C bytes)
$ASCII_pit_05_Literal will be placed at 8024DAD8 (length = C bytes)
$ASCII_pit_25_Literal will be placed at 8024DAE4 (length = C bytes)
$ASCII_pit_54_Literal will be placed at 8024DAF0 (length = C bytes)
$ASCII_pit_08_Literal will be placed at 8024DAFC (length = C bytes)
$ASCII_pit_87_Literal will be placed at 8024DB08 (length = C bytes)
$ASCII_pit_75_Literal will be placed at 8024DB14 (length = C bytes)
$ASCII_pit_13_Literal will be placed at 8024DB20 (length = C bytes)
$ASCII_pit_32_Literal will be placed at 8024DB2C (length = C bytes)
$ASCII_pit_92_Literal will be placed at 8024DB38 (length = C bytes)
$ASCII_pit_17_Literal will be placed at 8024DB44 (length = C bytes)
$ASCII_pit_49_Literal will be placed at 8024DB50 (length = C bytes)
$ASCII_pit_77_Literal will be placed at 8024DB5C (length = C bytes)
$ASCII_pit_96_Literal will be placed at 8024DB68 (length = C bytes)
$ASCII_pit_68_Literal will be placed at 8024DB74 (length = C bytes)
$ASCII_pit_51_Literal will be placed at 8024DB80 (length = C bytes)
$ASCII_pit_04_Literal will be placed at 8024DB8C (length = C bytes)
$ASCII_pit_83_Literal will be placed at 8024DB98 (length = C bytes)
$ASCII_pit_86_Literal will be placed at 8024DBA4 (length = C bytes)
$ASCII_pit_26_Literal will be placed at 8024DBB0 (length = C bytes)
$ASCII_pit_41_Literal will be placed at 8024DBBC (length = C bytes)
$ASCII_pit_14_Literal will be placed at 8024DBC8 (length = C bytes)
$ASCII_pit_74_Literal will be placed at 8024DBD4 (length = C bytes)
$ASCII_pit_60_Literal will be placed at 8024DBE0 (length = C bytes)
$ASCII_pit_59_Literal will be placed at 8024DBEC (length = C bytes)
$ASCII_pit_93_Literal will be placed at 8024DBF8 (length = C bytes)
$ASCII_pit_65_Literal will be placed at 8024DC04 (length = C bytes)
$ASCII_pit_07_Literal will be placed at 8024DC10 (length = C bytes)
$ASCII_pit_20_Literal will be placed at 8024DC1C (length = C bytes)
$ASCII_pit_35_Literal will be placed at 8024DC28 (length = C bytes)
$ASCII_pit_23_Literal will be placed at 8024DC34 (length = C bytes)
$ASCII_pit_11_Literal will be placed at 8024DC40 (length = C bytes)
$ASCII_pit_56_Literal will be placed at 8024DC4C (length = C bytes)
$ASCII_pit_44_Literal will be placed at 8024DC58 (length = C bytes)
$ASCII_pit_89_Literal will be placed at 8024DC64 (length = C bytes)
$ASCII_pit_79_Literal will be placed at 8024DC70 (length = C bytes)
$ASCII_pit_62_Literal will be placed at 8024DC7C (length = C bytes)
$ASCII_pit_94_Literal will be placed at 8024DC88 (length = C bytes)
$ASCII_pit_47_Literal will be placed at 8024DC94 (length = C bytes)
$ASCII_pit_21_Literal will be placed at 8024DCA0 (length = C bytes)
$ASCII_pit_06_Literal will be placed at 8024DCAC (length = C bytes)
$ASCII_pit_53_Literal will be placed at 8024DCB8 (length = C bytes)
$ASCII_pit_09_Literal will be placed at 8024DCC4 (length = C bytes)
$ASCII_pit_88_Literal will be placed at 8024DCD0 (length = C bytes)
$ASCII_pit_38_Literal will be placed at 8024DCDC (length = C bytes)
$ASCII_pit_24_Literal will be placed at 8024DCE8 (length = C bytes)
$ASCII_pit_12_Literal will be placed at 8024DCF4 (length = C bytes)
$ASCII_pit_76_Literal will be placed at 8024DD00 (length = C bytes)
$ASCII_pit_01_Literal will be placed at 8024DD0C (length = C bytes)
$ASCII_pit_50_Literal will be placed at 8024DD18 (length = C bytes)
$ASCII_pit_33_Literal will be placed at 8024DD24 (length = C bytes)
$ASCII_pit_99_Literal will be placed at 8024DD30 (length = C bytes)
$ASCII_pit_67_Literal will be placed at 8024DD3C (length = C bytes)
$ASCII_pit_71_Literal will be placed at 8024DD48 (length = C bytes)
$ASCII_pit_42_Literal will be placed at 8024DD54 (length = C bytes)
$ASCII_pit_80_Literal will be placed at 8024DD60 (length = C bytes)
$ASCII_pit_29_Literal will be placed at 8024DD6C (length = C bytes)
$ASCII_pit_58_Literal will be placed at 8024DD78 (length = C bytes)
$ASCII_pit_30_Literal will be placed at 8024DD84 (length = C bytes)
$ASCII_pit_00_Literal will be placed at 8024DD90 (length = C bytes)
$ASCII_pit_64_Literal will be placed at 8024DD9C (length = C bytes)
$ASCII_pit_36_Literal will be placed at 8024DDA8 (length = C bytes)
$ASCII_pit_55_Literal will be placed at 8024DDB4 (length = C bytes)
$ASCII_pit_10_Literal will be placed at 8024DDC0 (length = C bytes)
$ASCII_pit_45_Literal will be placed at 8024DDCC (length = C bytes)
$ASCII_pit_18_Literal will be placed at 8024DDD8 (length = C bytes)
$ASCII_pit_48_Literal will be placed at 8024DDE4 (length = C bytes)
$ASCII_pit_03_Literal will be placed at 8024DDF0 (length = C bytes)
$ASCII_pit_31_Literal will be placed at 8024DDFC (length = C bytes)
$ASCII_pit_91_Literal will be placed at 8024DE08 (length = C bytes)
$ASCII_pit_97_Literal will be placed at 8024DE14 (length = C bytes)
$ASCII_pit_82_Literal will be placed at 8024DE20 (length = C bytes)
$ASCII_pit_52_Literal will be placed at 8024DE2C (length = C bytes)
$ASCII_pit_70_Literal will be placed at 8024DE38 (length = C bytes)
$ASCII_pit_85_Literal will be placed at 8024DE44 (length = C bytes)
$ASCII_pit_40_Literal will be placed at 8024DE50 (length = C bytes)
$ASCII_pit_39_Literal will be placed at 8024DE5C (length = C bytes)
$ASCII_pit_73_Literal will be placed at 8024DE68 (length = C bytes)
$ASCII_pit_15_Literal will be placed at 8024DE74 (length = C bytes)
$ASCII_pit_27_Literal will be placed at 8024DE80 (length = C bytes)
$ASCII_pit_61_Literal will be placed at 8024DE8C (length = C bytes)
$ConstDouble_80246558 will be placed at 8024DE98 (length = 8 bytes)
$ASCII_pit_842_Literal will be placed at 8024DEA0 (length = 8 bytes)
$ASCII_pit_100_Literal will be placed at 8024DEA8 (length = 8 bytes)
$ASCII_tik_tex_Literal will be placed at 8024DEB0 (length = 8 bytes)
$ConstDouble_80246510 will be placed at 8024DEB8 (length = 8 bytes)
$ConstDouble_80246508 will be placed at 8024DEC0 (length = 8 bytes)
$ConstDouble_80246500 will be placed at 8024DEC8 (length = 8 bytes)
$MoverCancel will be placed at 8024DED0 (length = 4 bytes)
$BanditMoverCancel will be placed at 8024DED4 (length = 4 bytes)
Executing patch: pit_57.mpat
Loaded map pit_57
Creating struct: $EntryList
Creating struct: $DeepestLevel
Creating struct: $TotalLevels
Creating struct: $LoadHighscores
Creating struct: $FallingDownPipe
Creating struct: $Function_GetPos
Creating struct: $Function2
Creating struct: $SetSpawns
Creating struct: $Script_SetNPCPos
Creating struct: $SwitchPath
Creating struct: $VectorList_80244998
Creating struct: $GetPos
Creating struct: $Function_GetDamageTaken
Creating struct: $Function_ResetDamage
Creating struct: $DispawnParthner
Creating struct: $RespawnParthner
Creating struct: $LoadMap
Creating struct: $Script_LoadMapMover_Roguelike
Creating struct: $GetFloor
Creating struct: $LoadCoinsMover
Creating struct: $LoadMapBandit
Creating struct: $GetFloorBandit
Creating struct: $SetSpawnsSpecial
Creating struct: $Function_LoadCoinsInToVar1
Creating struct: $Script_SetSpawnPosition
Creating struct: $Script_Init_80243B20
Creating struct: $Script_80243A6C
Creating struct: $Script_AddCoins
Creating struct: $Script_SubstractCoins
Creating struct: $NPC_Settings_Sack
Creating struct: $Script_Init_Bag
Creating struct: $Script_Init_Bag_HitBox
Creating struct: $Script_NPC_SackHit_Init
Creating struct: $Script_NPC_Sack_FX
Creating struct: $NPC_Sack_AnimationStart
Creating struct: $NPC_Sack_AnimationEnd
Creating struct: $Script_SackAnimation_Start_GoToTheRight
Creating struct: $Script_SackAnimation_Start_GoToTheLeft
Creating struct: $Script_SackAnimation_End_Right
Creating struct: $Script_SackAnimation_End_Left
Creating struct: $Function_LoadGainedCoins
Creating struct: $Function_RevivePlayer
Creating struct: $AISettings_MoneySack
Creating struct: $Script_NpcAI_MoneySack
Creating struct: $JumpTable_80242448
Creating struct: $Function_NpcAI_MoneySack
Creating struct: $Function_80240260
Creating struct: $Function_80240844
Creating struct: $Function_802409A8
Creating struct: $Script_TrackPlayer
Creating struct: $Script_PipeAnimation
Creating struct: $Function_SetAnimation
Creating struct: $Function_GetColliderPos
Creating struct: $Function_TrackInput
Creating struct: $GoToNextLevel
Creating struct: $GoToNextLevel_Roguelike
Creating struct: $Script_SetSetsOfLevels
Creating struct: $Script_LoadMap_Roguelike
Creating struct: $Script_LoadChestMap_Roguelike
Creating struct: $Script_LoadMap_Mover_Roguelike
Creating struct: $Script_LoadChestMap_Mover_Roguelike
Creating struct: $GetFloorPit
Creating struct: $GetFloorSign
Creating struct: $Function_GetTattle1
Creating struct: $Function_GetTattle2
Creating struct: $Script_ReadSign
Creating struct: $Header
Creating struct: $Function_Init
Creating struct: $Script_Main
Creating struct: $NpcGroup1
Creating struct: $NpcGroup2
Creating struct: $NpcGroup3
Creating struct: $NpcGroup4
Creating struct: $NpcGroup5
Creating struct: $NpcGroup6
Creating struct: $NpcGroup7
Creating struct: $NpcGroups
Creating struct: $NpcGroup_Mover
Creating struct: $BlankSettings
Creating struct: $Script_Init_Mover
Creating struct: $Interact_Mover
Creating struct: $Script_MoverWarpAnimation
Creating struct: $NpcGroup_BanditMover
Creating struct: $Script_Init_BanditMover
Creating struct: $Interact_BanditMover
Creating struct: $NpcGroup_Enemy1
Creating struct: $NpcGroup_Enemy2
Creating struct: $NpcGroup_Enemy3
Creating struct: $NpcGroup_Enemy4
Creating struct: $NpcGroup_Enemy5
Creating struct: $NpcGroup_Enemy6
Creating struct: $ConstDouble_802473D8
Creating struct: $ConstDouble_802473E0
Creating struct: $ConstDouble_802473E8
Creating struct: $ConstDouble_802473F0
Creating struct: $ConstDouble_802473F8
Creating struct: $ConstDouble_80247400
Creating struct: $ConstDouble_80247438
Creating struct: $NpcSettings_Enemy1
Creating struct: $NpcSettings_Enemy1B
Creating struct: $Script_EnemyAI
Creating struct: $Script_EnemyAIB
Creating struct: $AISettings_Enemy
Creating struct: $Function_80240FB4
Creating struct: $Function_8024234C
Creating struct: $Function_802414C8
Creating struct: $Function_80241534
Creating struct: $Function_80241630
Creating struct: $Function_80242070
Creating struct: $Function_80242100
Creating struct: $Function_80242200
Creating struct: $Function_80242260
Creating struct: $Script_DisableEnemyAI
Creating struct: $AISettings_DisableEnemy
Creating struct: $PipeSpawning
Creating struct: $Script_MakeEntities
Creating struct: $CommingDownPipe
Creating struct: $Script_MakeExits
Creating struct: $Script_Exit0
Merged 1 regions to 1
$Script_LoadMap_Mover_Roguelike will be placed at 80240000 (length = F14 bytes)
$LoadMap will be placed at 80240F14 (length = EF4 bytes)
$Script_ReadSign will be placed at 80241E08 (length = EEC bytes)
$LoadMapBandit will be placed at 80242CF4 (length = EA4 bytes)
$Script_LoadMap_Roguelike will be placed at 80243B98 (length = D9C bytes)
$GoToNextLevel will be placed at 80244934 (length = D10 bytes)
$Function_80241630 will be placed at 80245644 (length = A10 bytes)
$GoToNextLevel_Roguelike will be placed at 80246054 (length = 868 bytes)
$SetSpawnsSpecial will be placed at 802468BC (length = 608 bytes)
$Function_80240260 will be placed at 80246EC4 (length = 5E4 bytes)
$NpcGroup_Enemy3 will be placed at 802474A8 (length = 3E0 bytes)
$NpcGroup_Enemy4 will be placed at 80247888 (length = 3E0 bytes)
$NpcGroup_Enemy5 will be placed at 80247C68 (length = 3E0 bytes)
$NpcGroup_Enemy6 will be placed at 80248048 (length = 3E0 bytes)
$NpcGroup_Enemy1 will be placed at 80248428 (length = 3E0 bytes)
$NpcGroup_Enemy2 will be placed at 80248808 (length = 3E0 bytes)
$SetSpawns will be placed at 80248BE8 (length = 384 bytes)
$FallingDownPipe will be placed at 80248F6C (length = 37C bytes)
$Script_SetSetsOfLevels will be placed at 802492E8 (length = 358 bytes)
$Script_SetNPCPos will be placed at 80249640 (length = 2F4 bytes)
$Function_80240FB4 will be placed at 80249934 (length = 260 bytes)
$Function_8024234C will be placed at 80249B94 (length = 250 bytes)
$Function_NpcAI_MoneySack will be placed at 80249DE4 (length = 238 bytes)
$Script_SetSpawnPosition will be placed at 8024A01C (length = 234 bytes)
$Script_SackAnimation_Start_GoToTheRight will be placed at 8024A250 (length = 230 bytes)
$Script_SackAnimation_Start_GoToTheLeft will be placed at 8024A480 (length = 1F8 bytes)
$Interact_Mover will be placed at 8024A678 (length = 1F8 bytes)
$NpcGroup_Mover will be placed at 8024A870 (length = 1F0 bytes)
$NpcGroup_BanditMover will be placed at 8024AA60 (length = 1F0 bytes)
$Interact_BanditMover will be placed at 8024AC50 (length = 1EC bytes)
$Script_Main will be placed at 8024AE3C (length = 1DC bytes)
$Script_PipeAnimation will be placed at 8024B018 (length = 1D0 bytes)
$JumpTable_80242448 will be placed at 8024B1E8 (length = 190 bytes)
$Script_LoadChestMap_Mover_Roguelike will be placed at 8024B378 (length = 18C bytes)
$PipeSpawning will be placed at 8024B504 (length = 178 bytes)
$NPC_Sack_AnimationStart will be placed at 8024B67C (length = 168 bytes)
$Function_80240844 will be placed at 8024B7E4 (length = 164 bytes)
$Script_LoadChestMap_Roguelike will be placed at 8024B948 (length = 164 bytes)
$Script_NPC_SackHit_Init will be placed at 8024BAAC (length = 160 bytes)
$Script_SackAnimation_End_Right will be placed at 8024BC0C (length = 158 bytes)
$Script_SackAnimation_End_Left will be placed at 8024BD64 (length = 150 bytes)
$MapTattle5 will be placed at 8024BEB4 (length = 13C bytes)
$MapTattle4 will be placed at 8024BFF0 (length = 130 bytes)
$GetFloor will be placed at 8024C120 (length = 12C bytes)
$BanditMover_Tattle will be placed at 8024C24C (length = 124 bytes)
$Script_80243A6C will be placed at 8024C370 (length = 114 bytes)
$Script_SubstractCoins will be placed at 8024C484 (length = 10C bytes)
$Script_LoadMapMover_Roguelike will be placed at 8024C590 (length = 104 bytes)
$Function_80242100 will be placed at 8024C694 (length = 100 bytes)
$Function_80241534 will be placed at 8024C794 (length = FC bytes)
$GetFloorBandit will be placed at 8024C890 (length = F4 bytes)
$Script_MoverWarpAnimation will be placed at 8024C984 (length = F0 bytes)
$Function_80242260 will be placed at 8024CA74 (length = EC bytes)
$Function_GetColliderPos will be placed at 8024CB60 (length = E0 bytes)
$Function_GetPos will be placed at 8024CC40 (length = E0 bytes)
$Script_TrackPlayer will be placed at 8024CD20 (length = DC bytes)
$MapTattle2 will be placed at 8024CDFC (length = D4 bytes)
$Script_EnemyAI will be placed at 8024CED0 (length = D4 bytes)
$Function_TrackInput will be placed at 8024CFA4 (length = BC bytes)
$MapTattle3 will be placed at 8024D060 (length = B0 bytes)
$Script_MakeEntities will be placed at 8024D110 (length = A8 bytes)
$MapTattle1 will be placed at 8024D1B8 (length = A8 bytes)
$Script_NpcAI_MoneySack will be placed at 8024D260 (length = A8 bytes)
$MoverStart will be placed at 8024D308 (length = A4 bytes)
$SwitchPath will be placed at 8024D3AC (length = A4 bytes)
$Script_NPC_Sack_FX will be placed at 8024D450 (length = A4 bytes)
$GetPos will be placed at 8024D4F4 (length = 9C bytes)
$Script_AddCoins will be placed at 8024D590 (length = 98 bytes)
$BanditMoverStart will be placed at 8024D628 (length = 98 bytes)
$Mover_Tattle will be placed at 8024D6C0 (length = 94 bytes)
$Function_80242070 will be placed at 8024D754 (length = 90 bytes)
$Function_GetTattle1 will be placed at 8024D7E4 (length = 8C bytes)
$NPC_Sack_AnimationEnd will be placed at 8024D870 (length = 84 bytes)
$BanditMover_Options will be placed at 8024D8F4 (length = 80 bytes)
$Script_EnemyAIB will be placed at 8024D974 (length = 80 bytes)
$SignStringBug will be placed at 8024D9F4 (length = 7C bytes)
$LoadHighscores will be placed at 8024DA70 (length = 7C bytes)
$Mover_Options will be placed at 8024DAEC (length = 78 bytes)
$NpcGroups will be placed at 8024DB64 (length = 6C bytes)
$DeepestLevel will be placed at 8024DBD0 (length = 6C bytes)
$Function2 will be placed at 8024DC3C (length = 6C bytes)
$Function_802414C8 will be placed at 8024DCA8 (length = 6C bytes)
$LoadCoinsMover will be placed at 8024DD14 (length = 6C bytes)
$Function_SetAnimation will be placed at 8024DD80 (length = 6C bytes)
$GetFloorPit will be placed at 8024DDEC (length = 68 bytes)
$MoverEnd will be placed at 8024DE54 (length = 68 bytes)
$BanditMoverEnd will be placed at 8024DEBC (length = 68 bytes)
$GetFloorSign will be placed at 8024DF24 (length = 64 bytes)
$Function_80242200 will be placed at 8024DF88 (length = 60 bytes)
$BanditMoverNoCoins will be placed at 8024DFE8 (length = 58 bytes)
$MoverNoCoins will be placed at 8024E040 (length = 58 bytes)
$Function_GetTattle2 will be placed at 8024E098 (length = 48 bytes)
$CommingDownPipe will be placed at 8024E0E0 (length = 48 bytes)
$Script_Exit0 will be placed at 8024E128 (length = 48 bytes)
$Function_LoadCoinsInToVar1 will be placed at 8024E170 (length = 48 bytes)
$Function_LoadGainedCoins will be placed at 8024E1B8 (length = 48 bytes)
$Function_Init will be placed at 8024E200 (length = 44 bytes)
$Function_802409A8 will be placed at 8024E244 (length = 44 bytes)
$Header will be placed at 8024E288 (length = 40 bytes)
$Script_Init_Bag will be placed at 8024E2C8 (length = 38 bytes)
$TotalLevels will be placed at 8024E300 (length = 38 bytes)
$Script_Init_Bag_HitBox will be placed at 8024E338 (length = 38 bytes)
$DispawnParthner will be placed at 8024E370 (length = 34 bytes)
$Function_ResetDamage will be placed at 8024E3A4 (length = 34 bytes)
$AISettings_MoneySack will be placed at 8024E3D8 (length = 30 bytes)
$AISettings_Enemy will be placed at 8024E408 (length = 30 bytes)
$AISettings_DisableEnemy will be placed at 8024E438 (length = 30 bytes)
$RespawnParthner will be placed at 8024E468 (length = 30 bytes)
$NPC_Settings_Sack will be placed at 8024E498 (length = 2C bytes)
$Function_GetDamageTaken will be placed at 8024E4C4 (length = 2C bytes)
$NpcSettings_Enemy1 will be placed at 8024E4F0 (length = 2C bytes)
$Function_RevivePlayer will be placed at 8024E51C (length = 2C bytes)
$String_CoinsGained will be placed at 8024E548 (length = 2C bytes)
$BlankSettings will be placed at 8024E574 (length = 2C bytes)
$NpcSettings_Enemy1B will be placed at 8024E5A0 (length = 2C bytes)
$Script_MakeExits will be placed at 8024E5CC (length = 2C bytes)
$NpcGroup7 will be placed at 8024E5F8 (length = 24 bytes)
$VectorList_80244998 will be placed at 8024E61C (length = 24 bytes)
$Script_Init_80243B20 will be placed at 8024E640 (length = 24 bytes)
$Script_Init_Mover will be placed at 8024E664 (length = 24 bytes)
$Script_Init_BanditMover will be placed at 8024E688 (length = 24 bytes)
$Script_DisableEnemyAI will be placed at 8024E6AC (length = 20 bytes)
$EntryList will be placed at 8024E6CC (length = 20 bytes)
$NpcGroup6 will be placed at 8024E6EC (length = 18 bytes)
$NpcGroup3 will be placed at 8024E704 (length = 18 bytes)
$NpcGroup2 will be placed at 8024E71C (length = 18 bytes)
$NpcGroup5 will be placed at 8024E734 (length = 18 bytes)
$NpcGroup4 will be placed at 8024E74C (length = 18 bytes)
$NpcGroup1 will be placed at 8024E764 (length = 18 bytes)
$SignString100 will be placed at 8024E77C (length = 18 bytes)
$SignString1 will be placed at 8024E794 (length = 14 bytes)
$SignString99 will be placed at 8024E7A8 (length = 14 bytes)
$SignString98 will be placed at 8024E7BC (length = 14 bytes)
$SignString97 will be placed at 8024E7D0 (length = 14 bytes)
$SignString96 will be placed at 8024E7E4 (length = 14 bytes)
$SignString95 will be placed at 8024E7F8 (length = 14 bytes)
$SignString94 will be placed at 8024E80C (length = 14 bytes)
$SignString93 will be placed at 8024E820 (length = 14 bytes)
$SignString92 will be placed at 8024E834 (length = 14 bytes)
$SignString91 will be placed at 8024E848 (length = 14 bytes)
$SignString90 will be placed at 8024E85C (length = 14 bytes)
$SignString59 will be placed at 8024E870 (length = 14 bytes)
$SignString58 will be placed at 8024E884 (length = 14 bytes)
$SignString57 will be placed at 8024E898 (length = 14 bytes)
$SignString56 will be placed at 8024E8AC (length = 14 bytes)
$SignString55 will be placed at 8024E8C0 (length = 14 bytes)
$SignString54 will be placed at 8024E8D4 (length = 14 bytes)
$SignString53 will be placed at 8024E8E8 (length = 14 bytes)
$SignString52 will be placed at 8024E8FC (length = 14 bytes)
$SignString51 will be placed at 8024E910 (length = 14 bytes)
$SignString50 will be placed at 8024E924 (length = 14 bytes)
$SignString69 will be placed at 8024E938 (length = 14 bytes)
$SignString68 will be placed at 8024E94C (length = 14 bytes)
$SignString67 will be placed at 8024E960 (length = 14 bytes)
$SignString66 will be placed at 8024E974 (length = 14 bytes)
$SignString65 will be placed at 8024E988 (length = 14 bytes)
$SignString64 will be placed at 8024E99C (length = 14 bytes)
$SignString63 will be placed at 8024E9B0 (length = 14 bytes)
$SignString62 will be placed at 8024E9C4 (length = 14 bytes)
$SignString61 will be placed at 8024E9D8 (length = 14 bytes)
$SignString60 will be placed at 8024E9EC (length = 14 bytes)
$SignString79 will be placed at 8024EA00 (length = 14 bytes)
$SignString78 will be placed at 8024EA14 (length = 14 bytes)
$SignString77 will be placed at 8024EA28 (length = 14 bytes)
$SignString76 will be placed at 8024EA3C (length = 14 bytes)
$SignString75 will be placed at 8024EA50 (length = 14 bytes)
$SignString74 will be placed at 8024EA64 (length = 14 bytes)
$SignString73 will be placed at 8024EA78 (length = 14 bytes)
$SignString72 will be placed at 8024EA8C (length = 14 bytes)
$SignString71 will be placed at 8024EAA0 (length = 14 bytes)
$SignString70 will be placed at 8024EAB4 (length = 14 bytes)
$SignString89 will be placed at 8024EAC8 (length = 14 bytes)
$SignString88 will be placed at 8024EADC (length = 14 bytes)
$SignString87 will be placed at 8024EAF0 (length = 14 bytes)
$SignString86 will be placed at 8024EB04 (length = 14 bytes)
$SignString85 will be placed at 8024EB18 (length = 14 bytes)
$SignString84 will be placed at 8024EB2C (length = 14 bytes)
$SignString83 will be placed at 8024EB40 (length = 14 bytes)
$SignString82 will be placed at 8024EB54 (length = 14 bytes)
$SignString81 will be placed at 8024EB68 (length = 14 bytes)
$SignString80 will be placed at 8024EB7C (length = 14 bytes)
$SignString19 will be placed at 8024EB90 (length = 14 bytes)
$SignString18 will be placed at 8024EBA4 (length = 14 bytes)
$SignString17 will be placed at 8024EBB8 (length = 14 bytes)
$SignString16 will be placed at 8024EBCC (length = 14 bytes)
$SignString15 will be placed at 8024EBE0 (length = 14 bytes)
$SignString14 will be placed at 8024EBF4 (length = 14 bytes)
$SignString13 will be placed at 8024EC08 (length = 14 bytes)
$SignString12 will be placed at 8024EC1C (length = 14 bytes)
$SignString11 will be placed at 8024EC30 (length = 14 bytes)
$SignString10 will be placed at 8024EC44 (length = 14 bytes)
$SignString3 will be placed at 8024EC58 (length = 14 bytes)
$SignString2 will be placed at 8024EC6C (length = 14 bytes)
$SignString5 will be placed at 8024EC80 (length = 14 bytes)
$SignString4 will be placed at 8024EC94 (length = 14 bytes)
$SignString7 will be placed at 8024ECA8 (length = 14 bytes)
$SignString6 will be placed at 8024ECBC (length = 14 bytes)
$SignString9 will be placed at 8024ECD0 (length = 14 bytes)
$SignString8 will be placed at 8024ECE4 (length = 14 bytes)
$SignString29 will be placed at 8024ECF8 (length = 14 bytes)
$SignString28 will be placed at 8024ED0C (length = 14 bytes)
$SignString27 will be placed at 8024ED20 (length = 14 bytes)
$SignString26 will be placed at 8024ED34 (length = 14 bytes)
$SignString25 will be placed at 8024ED48 (length = 14 bytes)
$SignString24 will be placed at 8024ED5C (length = 14 bytes)
$SignString23 will be placed at 8024ED70 (length = 14 bytes)
$SignString22 will be placed at 8024ED84 (length = 14 bytes)
$SignString21 will be placed at 8024ED98 (length = 14 bytes)
$SignString20 will be placed at 8024EDAC (length = 14 bytes)
$SignString will be placed at 8024EDC0 (length = 14 bytes)
$SignString39 will be placed at 8024EDD4 (length = 14 bytes)
$SignString38 will be placed at 8024EDE8 (length = 14 bytes)
$SignString37 will be placed at 8024EDFC (length = 14 bytes)
$SignString36 will be placed at 8024EE10 (length = 14 bytes)
$SignString35 will be placed at 8024EE24 (length = 14 bytes)
$SignString34 will be placed at 8024EE38 (length = 14 bytes)
$SignString33 will be placed at 8024EE4C (length = 14 bytes)
$SignString32 will be placed at 8024EE60 (length = 14 bytes)
$SignString31 will be placed at 8024EE74 (length = 14 bytes)
$SignString30 will be placed at 8024EE88 (length = 14 bytes)
$SignString49 will be placed at 8024EE9C (length = 14 bytes)
$SignString48 will be placed at 8024EEB0 (length = 14 bytes)
$SignString47 will be placed at 8024EEC4 (length = 14 bytes)
$SignString46 will be placed at 8024EED8 (length = 14 bytes)
$SignString45 will be placed at 8024EEEC (length = 14 bytes)
$SignString44 will be placed at 8024EF00 (length = 14 bytes)
$SignString43 will be placed at 8024EF14 (length = 14 bytes)
$SignString42 will be placed at 8024EF28 (length = 14 bytes)
$SignString41 will be placed at 8024EF3C (length = 14 bytes)
$SignString40 will be placed at 8024EF50 (length = 14 bytes)
$ASCII_pit_02_Literal will be placed at 8024EF64 (length = C bytes)
$ASCII_pit_90_Literal will be placed at 8024EF70 (length = C bytes)
$ASCII_pit_34_Literal will be placed at 8024EF7C (length = C bytes)
$ASCII_pit_66_Literal will be placed at 8024EF88 (length = C bytes)
$ASCII_pit_98_Literal will be placed at 8024EF94 (length = C bytes)
$ASCII_pit_19_Literal will be placed at 8024EFA0 (length = C bytes)
$ASCII_pit_57_Literal will be placed at 8024EFAC (length = C bytes)
$ASCII_pit_69_Literal will be placed at 8024EFB8 (length = C bytes)
$ASCII_pit_72_Literal will be placed at 8024EFC4 (length = C bytes)
$ASCII_pit_81_Literal will be placed at 8024EFD0 (length = C bytes)
$ASCII_pit_43_Literal will be placed at 8024EFDC (length = C bytes)
$ASCII_pit_28_Literal will be placed at 8024EFE8 (length = C bytes)
$ASCII_pit_78_Literal will be placed at 8024EFF4 (length = C bytes)
$ASCII_pit_63_Literal will be placed at 8024F000 (length = C bytes)
$ASCII_pit_46_Literal will be placed at 8024F00C (length = C bytes)
$ASCII_pit_95_Literal will be placed at 8024F018 (length = C bytes)
$ASCII_pit_16_Literal will be placed at 8024F024 (length = C bytes)
$ASCII_pit_37_Literal will be placed at 8024F030 (length = C bytes)
$ASCII_pit_22_Literal will be placed at 8024F03C (length = C bytes)
$ASCII_pit_05_Literal will be placed at 8024F048 (length = C bytes)
$ASCII_pit_25_Literal will be placed at 8024F054 (length = C bytes)
$ASCII_pit_54_Literal will be placed at 8024F060 (length = C bytes)
$ASCII_pit_08_Literal will be placed at 8024F06C (length = C bytes)
$ASCII_pit_87_Literal will be placed at 8024F078 (length = C bytes)
$ASCII_pit_75_Literal will be placed at 8024F084 (length = C bytes)
$ASCII_pit_13_Literal will be placed at 8024F090 (length = C bytes)
$ASCII_pit_32_Literal will be placed at 8024F09C (length = C bytes)
$ASCII_pit_92_Literal will be placed at 8024F0A8 (length = C bytes)
$ASCII_pit_17_Literal will be placed at 8024F0B4 (length = C bytes)
$ASCII_pit_49_Literal will be placed at 8024F0C0 (length = C bytes)
$ASCII_pit_77_Literal will be placed at 8024F0CC (length = C bytes)
$ASCII_pit_96_Literal will be placed at 8024F0D8 (length = C bytes)
$ASCII_pit_68_Literal will be placed at 8024F0E4 (length = C bytes)
$ASCII_pit_51_Literal will be placed at 8024F0F0 (length = C bytes)
$ASCII_pit_04_Literal will be placed at 8024F0FC (length = C bytes)
$ASCII_pit_83_Literal will be placed at 8024F108 (length = C bytes)
$ASCII_pit_86_Literal will be placed at 8024F114 (length = C bytes)
$ASCII_pit_26_Literal will be placed at 8024F120 (length = C bytes)
$ASCII_pit_41_Literal will be placed at 8024F12C (length = C bytes)
$ASCII_pit_14_Literal will be placed at 8024F138 (length = C bytes)
$ASCII_pit_74_Literal will be placed at 8024F144 (length = C bytes)
$ASCII_pit_60_Literal will be placed at 8024F150 (length = C bytes)
$ASCII_pit_59_Literal will be placed at 8024F15C (length = C bytes)
$ASCII_pit_93_Literal will be placed at 8024F168 (length = C bytes)
$ASCII_pit_65_Literal will be placed at 8024F174 (length = C bytes)
$ASCII_pit_07_Literal will be placed at 8024F180 (length = C bytes)
$ASCII_pit_20_Literal will be placed at 8024F18C (length = C bytes)
$ASCII_pit_35_Literal will be placed at 8024F198 (length = C bytes)
$ASCII_pit_23_Literal will be placed at 8024F1A4 (length = C bytes)
$ASCII_pit_11_Literal will be placed at 8024F1B0 (length = C bytes)
$ASCII_pit_56_Literal will be placed at 8024F1BC (length = C bytes)
$ASCII_pit_44_Literal will be placed at 8024F1C8 (length = C bytes)
$ASCII_pit_89_Literal will be placed at 8024F1D4 (length = C bytes)
$ASCII_pit_79_Literal will be placed at 8024F1E0 (length = C bytes)
$ASCII_pit_62_Literal will be placed at 8024F1EC (length = C bytes)
$ASCII_pit_94_Literal will be placed at 8024F1F8 (length = C bytes)
$ASCII_pit_47_Literal will be placed at 8024F204 (length = C bytes)
$ASCII_pit_21_Literal will be placed at 8024F210 (length = C bytes)
$ASCII_pit_06_Literal will be placed at 8024F21C (length = C bytes)
$ASCII_pit_53_Literal will be placed at 8024F228 (length = C bytes)
$ASCII_pit_09_Literal will be placed at 8024F234 (length = C bytes)
$ASCII_pit_88_Literal will be placed at 8024F240 (length = C bytes)
$ASCII_pit_38_Literal will be placed at 8024F24C (length = C bytes)
$ASCII_pit_24_Literal will be placed at 8024F258 (length = C bytes)
$ASCII_pit_12_Literal will be placed at 8024F264 (length = C bytes)
$ASCII_pit_76_Literal will be placed at 8024F270 (length = C bytes)
$ASCII_pit_01_Literal will be placed at 8024F27C (length = C bytes)
$ASCII_pit_50_Literal will be placed at 8024F288 (length = C bytes)
$ASCII_pit_33_Literal will be placed at 8024F294 (length = C bytes)
$ASCII_pit_99_Literal will be placed at 8024F2A0 (length = C bytes)
$ASCII_pit_67_Literal will be placed at 8024F2AC (length = C bytes)
$ASCII_pit_71_Literal will be placed at 8024F2B8 (length = C bytes)
$ASCII_pit_42_Literal will be placed at 8024F2C4 (length = C bytes)
$ASCII_pit_80_Literal will be placed at 8024F2D0 (length = C bytes)
$ASCII_pit_29_Literal will be placed at 8024F2DC (length = C bytes)
$ASCII_pit_58_Literal will be placed at 8024F2E8 (length = C bytes)
$ASCII_pit_30_Literal will be placed at 8024F2F4 (length = C bytes)
$ASCII_pit_00_Literal will be placed at 8024F300 (length = C bytes)
$ASCII_pit_64_Literal will be placed at 8024F30C (length = C bytes)
$ASCII_pit_36_Literal will be placed at 8024F318 (length = C bytes)
$ASCII_pit_55_Literal will be placed at 8024F324 (length = C bytes)
$ASCII_pit_10_Literal will be placed at 8024F330 (length = C bytes)
$ASCII_pit_45_Literal will be placed at 8024F33C (length = C bytes)
$ASCII_pit_18_Literal will be placed at 8024F348 (length = C bytes)
$ASCII_pit_48_Literal will be placed at 8024F354 (length = C bytes)
$ASCII_pit_03_Literal will be placed at 8024F360 (length = C bytes)
$ASCII_pit_31_Literal will be placed at 8024F36C (length = C bytes)
$ASCII_pit_91_Literal will be placed at 8024F378 (length = C bytes)
$ASCII_pit_97_Literal will be placed at 8024F384 (length = C bytes)
$ASCII_pit_82_Literal will be placed at 8024F390 (length = C bytes)
$ASCII_pit_52_Literal will be placed at 8024F39C (length = C bytes)
$ASCII_pit_70_Literal will be placed at 8024F3A8 (length = C bytes)
$ASCII_pit_85_Literal will be placed at 8024F3B4 (length = C bytes)
$ASCII_pit_40_Literal will be placed at 8024F3C0 (length = C bytes)
$ASCII_pit_39_Literal will be placed at 8024F3CC (length = C bytes)
$ASCII_pit_73_Literal will be placed at 8024F3D8 (length = C bytes)
$ASCII_pit_15_Literal will be placed at 8024F3E4 (length = C bytes)
$ASCII_pit_27_Literal will be placed at 8024F3F0 (length = C bytes)
$ASCII_pit_61_Literal will be placed at 8024F3FC (length = C bytes)
$ConstDouble_802473E8 will be placed at 8024F408 (length = 8 bytes)
$ConstDouble_802473E0 will be placed at 8024F410 (length = 8 bytes)
$ConstDouble_802473D8 will be placed at 8024F418 (length = 8 bytes)
$ConstDouble_802473F8 will be placed at 8024F420 (length = 8 bytes)
$ConstDouble_802473F0 will be placed at 8024F428 (length = 8 bytes)
$ConstDouble_80247438 will be placed at 8024F430 (length = 8 bytes)
$ConstDouble_80247400 will be placed at 8024F438 (length = 8 bytes)
$ASCII_pit_842_Literal will be placed at 8024F440 (length = 8 bytes)
$ASCII_pit_100_Literal will be placed at 8024F448 (length = 8 bytes)
$ASCII_tik_tex_Literal will be placed at 8024F450 (length = 8 bytes)
$MoverCancel will be placed at 8024F458 (length = 4 bytes)
$BanditMoverCancel will be placed at 8024F45C (length = 4 bytes)
Executing patch: pit_58.mpat
Loaded map pit_58
Creating struct: $EntryList
Creating struct: $DeepestLevel
Creating struct: $TotalLevels
Creating struct: $LoadHighscores
Creating struct: $FallingDownPipe
Creating struct: $Function_GetPos
Creating struct: $Function2
Creating struct: $SetSpawns
Creating struct: $Script_SetNPCPos
Creating struct: $SwitchPath
Creating struct: $VectorList_80244998
Creating struct: $GetPos
Creating struct: $Function_GetDamageTaken
Creating struct: $Function_ResetDamage
Creating struct: $DispawnParthner
Creating struct: $RespawnParthner
Creating struct: $LoadMap
Creating struct: $Script_LoadMapMover_Roguelike
Creating struct: $GetFloor
Creating struct: $LoadCoinsMover
Creating struct: $LoadMapBandit
Creating struct: $GetFloorBandit
Creating struct: $SetSpawnsSpecial
Creating struct: $Function_LoadCoinsInToVar1
Creating struct: $Script_SetSpawnPosition
Creating struct: $Script_Init_80243B20
Creating struct: $Script_80243A6C
Creating struct: $Script_AddCoins
Creating struct: $Script_SubstractCoins
Creating struct: $NPC_Settings_Sack
Creating struct: $Script_Init_Bag
Creating struct: $Script_Init_Bag_HitBox
Creating struct: $Script_NPC_SackHit_Init
Creating struct: $Script_NPC_Sack_FX
Creating struct: $NPC_Sack_AnimationStart
Creating struct: $NPC_Sack_AnimationEnd
Creating struct: $Script_SackAnimation_Start_GoToTheRight
Creating struct: $Script_SackAnimation_Start_GoToTheLeft
Creating struct: $Script_SackAnimation_End_Right
Creating struct: $Script_SackAnimation_End_Left
Creating struct: $Function_LoadGainedCoins
Creating struct: $Function_RevivePlayer
Creating struct: $AISettings_MoneySack
Creating struct: $Script_NpcAI_MoneySack
Creating struct: $JumpTable_80242448
Creating struct: $Function_NpcAI_MoneySack
Creating struct: $Function_80240260
Creating struct: $Function_80240844
Creating struct: $Function_802409A8
Creating struct: $Script_TrackPlayer
Creating struct: $Script_PipeAnimation
Creating struct: $Function_SetAnimation
Creating struct: $Function_GetColliderPos
Creating struct: $Function_TrackInput
Creating struct: $GoToNextLevel
Creating struct: $GoToNextLevel_Roguelike
Creating struct: $Script_SetSetsOfLevels
Creating struct: $Script_LoadMap_Roguelike
Creating struct: $Script_LoadChestMap_Roguelike
Creating struct: $Script_LoadMap_Mover_Roguelike
Creating struct: $Script_LoadChestMap_Mover_Roguelike
Creating struct: $GetFloorPit
Creating struct: $GetFloorSign
Creating struct: $Function_GetTattle1
Creating struct: $Function_GetTattle2
Creating struct: $Script_ReadSign
Creating struct: $Header
Creating struct: $Function_Init
Creating struct: $Script_Main
Creating struct: $NpcGroup1
Creating struct: $NpcGroup2
Creating struct: $NpcGroup3
Creating struct: $NpcGroup4
Creating struct: $NpcGroup5
Creating struct: $NpcGroup6
Creating struct: $NpcGroup7
Creating struct: $NpcGroups
Creating struct: $NpcGroup_Mover
Creating struct: $BlankSettings
Creating struct: $Script_Init_Mover
Creating struct: $Interact_Mover
Creating struct: $Script_MoverWarpAnimation
Creating struct: $NpcGroup_BanditMover
Creating struct: $Script_Init_BanditMover
Creating struct: $Interact_BanditMover
Creating struct: $NpcGroup_Enemy1
Creating struct: $NpcGroup_Enemy2
Creating struct: $NpcGroup_Enemy3
Creating struct: $NpcGroup_Enemy4
Creating struct: $NpcGroup_Enemy5
Creating struct: $NpcGroup_Enemy6
Creating struct: $NpcSettings_Enemy1
Creating struct: $Script_EnemyAI
Creating struct: $AISettings_Enemy
Creating struct: $ConstDouble_802441A0
Creating struct: $ConstDouble_802441A8
Creating struct: $ConstDouble_802441B0
Creating struct: $FloatTable_8024362C
Creating struct: $JumpTable_802441B8
Creating struct: $Function_8024162C
Creating struct: $Function_80241508
Creating struct: $Function_80240320
Creating struct: $Function_802404D0
Creating struct: $Function_80240AF8
Creating struct: $Function_80240BB8
Creating struct: $Function_80240EFC
Creating struct: $Function_80240F74
Creating struct: $Function_80240FE0
Creating struct: $Function_80241114
Creating struct: $Function_80241178
Creating struct: $Script_DisableEnemyAI
Creating struct: $AISettings_DisableEnemy
Creating struct: $PipeSpawning
Creating struct: $Script_MakeEntities
Creating struct: $CommingDownPipe
Creating struct: $Script_MakeExits
Creating struct: $Script_Exit0
Merged 1 regions to 1
$Script_LoadMap_Mover_Roguelike will be placed at 80240000 (length = F14 bytes)
$LoadMap will be placed at 80240F14 (length = EF4 bytes)
$Script_ReadSign will be placed at 80241E08 (length = EEC bytes)
$LoadMapBandit will be placed at 80242CF4 (length = EA4 bytes)
$Script_LoadMap_Roguelike will be placed at 80243B98 (length = D9C bytes)
$GoToNextLevel will be placed at 80244934 (length = D10 bytes)
$GoToNextLevel_Roguelike will be placed at 80245644 (length = 868 bytes)
$Function_802404D0 will be placed at 80245EAC (length = 630 bytes)
$SetSpawnsSpecial will be placed at 802464DC (length = 608 bytes)
$Function_80240260 will be placed at 80246AE4 (length = 5E4 bytes)
$Function_80241178 will be placed at 802470C8 (length = 390 bytes)
$SetSpawns will be placed at 80247458 (length = 384 bytes)
$FallingDownPipe will be placed at 802477DC (length = 37C bytes)
$Script_SetSetsOfLevels will be placed at 80247B58 (length = 358 bytes)
$Function_80240BB8 will be placed at 80247EB0 (length = 344 bytes)
$Script_SetNPCPos will be placed at 802481F4 (length = 2F4 bytes)
$Function_NpcAI_MoneySack will be placed at 802484E8 (length = 238 bytes)
$Script_SetSpawnPosition will be placed at 80248720 (length = 234 bytes)
$Script_SackAnimation_Start_GoToTheRight will be placed at 80248954 (length = 230 bytes)
$Script_SackAnimation_Start_GoToTheLeft will be placed at 80248B84 (length = 1F8 bytes)
$Interact_Mover will be placed at 80248D7C (length = 1F8 bytes)
$NpcGroup_Enemy3 will be placed at 80248F74 (length = 1F0 bytes)
$NpcGroup_Enemy4 will be placed at 80249164 (length = 1F0 bytes)
$NpcGroup_Enemy5 will be placed at 80249354 (length = 1F0 bytes)
$NpcGroup_Enemy6 will be placed at 80249544 (length = 1F0 bytes)
$NpcGroup_Enemy1 will be placed at 80249734 (length = 1F0 bytes)
$NpcGroup_Enemy2 will be placed at 80249924 (length = 1F0 bytes)
$NpcGroup_Mover will be placed at 80249B14 (length = 1F0 bytes)
$NpcGroup_BanditMover will be placed at 80249D04 (length = 1F0 bytes)
$Interact_BanditMover will be placed at 80249EF4 (length = 1EC bytes)
$Function_8024162C will be placed at 8024A0E0 (length = 1EC bytes)
$Script_Main will be placed at 8024A2CC (length = 1E8 bytes)
$Script_PipeAnimation will be placed at 8024A4B4 (length = 1D0 bytes)
$Function_80240320 will be placed at 8024A684 (length = 1B4 bytes)
$JumpTable_80242448 will be placed at 8024A838 (length = 190 bytes)
$Script_LoadChestMap_Mover_Roguelike will be placed at 8024A9C8 (length = 18C bytes)
$PipeSpawning will be placed at 8024AB54 (length = 178 bytes)
$NPC_Sack_AnimationStart will be placed at 8024ACCC (length = 168 bytes)
$Function_80240844 will be placed at 8024AE34 (length = 164 bytes)
$Script_LoadChestMap_Roguelike will be placed at 8024AF98 (length = 164 bytes)
$Script_NPC_SackHit_Init will be placed at 8024B0FC (length = 160 bytes)
$Script_SackAnimation_End_Right will be placed at 8024B25C (length = 158 bytes)
$Script_SackAnimation_End_Left will be placed at 8024B3B4 (length = 150 bytes)
$MapTattle5 will be placed at 8024B504 (length = 13C bytes)
$Function_80240FE0 will be placed at 8024B640 (length = 134 bytes)
$MapTattle4 will be placed at 8024B774 (length = 130 bytes)
$GetFloor will be placed at 8024B8A4 (length = 12C bytes)
$BanditMover_Tattle will be placed at 8024B9D0 (length = 124 bytes)
$Function_80241508 will be placed at 8024BAF4 (length = 124 bytes)
$Script_80243A6C will be placed at 8024BC18 (length = 114 bytes)
$Script_SubstractCoins will be placed at 8024BD2C (length = 10C bytes)
$Script_LoadMapMover_Roguelike will be placed at 8024BE38 (length = 104 bytes)
$GetFloorBandit will be placed at 8024BF3C (length = F4 bytes)
$Script_MoverWarpAnimation will be placed at 8024C030 (length = F0 bytes)
$Function_GetColliderPos will be placed at 8024C120 (length = E0 bytes)
$Function_GetPos will be placed at 8024C200 (length = E0 bytes)
$Script_TrackPlayer will be placed at 8024C2E0 (length = DC bytes)
$MapTattle2 will be placed at 8024C3BC (length = D4 bytes)
$Function_80240AF8 will be placed at 8024C490 (length = C0 bytes)
$Function_TrackInput will be placed at 8024C550 (length = BC bytes)
$MapTattle3 will be placed at 8024C60C (length = B0 bytes)
$Script_MakeEntities will be placed at 8024C6BC (length = A8 bytes)
$MapTattle1 will be placed at 8024C764 (length = A8 bytes)
$Script_NpcAI_MoneySack will be placed at 8024C80C (length = A8 bytes)
$MoverStart will be placed at 8024C8B4 (length = A4 bytes)
$SwitchPath will be placed at 8024C958 (length = A4 bytes)
$Script_NPC_Sack_FX will be placed at 8024C9FC (length = A4 bytes)
$GetPos will be placed at 8024CAA0 (length = 9C bytes)
$Script_AddCoins will be placed at 8024CB3C (length = 98 bytes)
$BanditMoverStart will be placed at 8024CBD4 (length = 98 bytes)
$Mover_Tattle will be placed at 8024CC6C (length = 94 bytes)
$Function_GetTattle1 will be placed at 8024CD00 (length = 8C bytes)
$NPC_Sack_AnimationEnd will be placed at 8024CD8C (length = 84 bytes)
$BanditMover_Options will be placed at 8024CE10 (length = 80 bytes)
$SignStringBug will be placed at 8024CE90 (length = 7C bytes)
$LoadHighscores will be placed at 8024CF0C (length = 7C bytes)
$Function_80240EFC will be placed at 8024CF88 (length = 78 bytes)
$Mover_Options will be placed at 8024D000 (length = 78 bytes)
$Script_EnemyAI will be placed at 8024D078 (length = 70 bytes)
$NpcGroups will be placed at 8024D0E8 (length = 6C bytes)
$DeepestLevel will be placed at 8024D154 (length = 6C bytes)
$Function2 will be placed at 8024D1C0 (length = 6C bytes)
$LoadCoinsMover will be placed at 8024D22C (length = 6C bytes)
$Function_80240F74 will be placed at 8024D298 (length = 6C bytes)
$Function_SetAnimation will be placed at 8024D304 (length = 6C bytes)
$GetFloorPit will be placed at 8024D370 (length = 68 bytes)
$MoverEnd will be placed at 8024D3D8 (length = 68 bytes)
$BanditMoverEnd will be placed at 8024D440 (length = 68 bytes)
$GetFloorSign will be placed at 8024D4A8 (length = 64 bytes)
$Function_80241114 will be placed at 8024D50C (length = 64 bytes)
$BanditMoverNoCoins will be placed at 8024D570 (length = 58 bytes)
$MoverNoCoins will be placed at 8024D5C8 (length = 58 bytes)
$Function_GetTattle2 will be placed at 8024D620 (length = 48 bytes)
$CommingDownPipe will be placed at 8024D668 (length = 48 bytes)
$Script_Exit0 will be placed at 8024D6B0 (length = 48 bytes)
$Function_LoadCoinsInToVar1 will be placed at 8024D6F8 (length = 48 bytes)
$Function_LoadGainedCoins will be placed at 8024D740 (length = 48 bytes)
$Function_Init will be placed at 8024D788 (length = 44 bytes)
$Function_802409A8 will be placed at 8024D7CC (length = 44 bytes)
$Header will be placed at 8024D810 (length = 40 bytes)
$JumpTable_802441B8 will be placed at 8024D850 (length = 3C bytes)
$Script_Init_Bag will be placed at 8024D88C (length = 38 bytes)
$TotalLevels will be placed at 8024D8C4 (length = 38 bytes)
$Script_Init_Bag_HitBox will be placed at 8024D8FC (length = 38 bytes)
$DispawnParthner will be placed at 8024D934 (length = 34 bytes)
$Function_ResetDamage will be placed at 8024D968 (length = 34 bytes)
$AISettings_MoneySack will be placed at 8024D99C (length = 30 bytes)
$AISettings_Enemy will be placed at 8024D9CC (length = 30 bytes)
$AISettings_DisableEnemy will be placed at 8024D9FC (length = 30 bytes)
$RespawnParthner will be placed at 8024DA2C (length = 30 bytes)
$NPC_Settings_Sack will be placed at 8024DA5C (length = 2C bytes)
$Function_GetDamageTaken will be placed at 8024DA88 (length = 2C bytes)
$NpcSettings_Enemy1 will be placed at 8024DAB4 (length = 2C bytes)
$Function_RevivePlayer will be placed at 8024DAE0 (length = 2C bytes)
$String_CoinsGained will be placed at 8024DB0C (length = 2C bytes)
$BlankSettings will be placed at 8024DB38 (length = 2C bytes)
$Script_MakeExits will be placed at 8024DB64 (length = 2C bytes)
$NpcGroup7 will be placed at 8024DB90 (length = 24 bytes)
$VectorList_80244998 will be placed at 8024DBB4 (length = 24 bytes)
$Script_Init_80243B20 will be placed at 8024DBD8 (length = 24 bytes)
$Script_Init_Mover will be placed at 8024DBFC (length = 24 bytes)
$Script_Init_BanditMover will be placed at 8024DC20 (length = 24 bytes)
$Script_DisableEnemyAI will be placed at 8024DC44 (length = 20 bytes)
$EntryList will be placed at 8024DC64 (length = 20 bytes)
$FloatTable_8024362C will be placed at 8024DC84 (length = 18 bytes)
$NpcGroup6 will be placed at 8024DC9C (length = 18 bytes)
$NpcGroup3 will be placed at 8024DCB4 (length = 18 bytes)
$NpcGroup2 will be placed at 8024DCCC (length = 18 bytes)
$NpcGroup5 will be placed at 8024DCE4 (length = 18 bytes)
$NpcGroup4 will be placed at 8024DCFC (length = 18 bytes)
$NpcGroup1 will be placed at 8024DD14 (length = 18 bytes)
$SignString100 will be placed at 8024DD2C (length = 18 bytes)
$SignString1 will be placed at 8024DD44 (length = 14 bytes)
$SignString99 will be placed at 8024DD58 (length = 14 bytes)
$SignString98 will be placed at 8024DD6C (length = 14 bytes)
$SignString97 will be placed at 8024DD80 (length = 14 bytes)
$SignString96 will be placed at 8024DD94 (length = 14 bytes)
$SignString95 will be placed at 8024DDA8 (length = 14 bytes)
$SignString94 will be placed at 8024DDBC (length = 14 bytes)
$SignString93 will be placed at 8024DDD0 (length = 14 bytes)
$SignString92 will be placed at 8024DDE4 (length = 14 bytes)
$SignString91 will be placed at 8024DDF8 (length = 14 bytes)
$SignString90 will be placed at 8024DE0C (length = 14 bytes)
$SignString59 will be placed at 8024DE20 (length = 14 bytes)
$SignString58 will be placed at 8024DE34 (length = 14 bytes)
$SignString57 will be placed at 8024DE48 (length = 14 bytes)
$SignString56 will be placed at 8024DE5C (length = 14 bytes)
$SignString55 will be placed at 8024DE70 (length = 14 bytes)
$SignString54 will be placed at 8024DE84 (length = 14 bytes)
$SignString53 will be placed at 8024DE98 (length = 14 bytes)
$SignString52 will be placed at 8024DEAC (length = 14 bytes)
$SignString51 will be placed at 8024DEC0 (length = 14 bytes)
$SignString50 will be placed at 8024DED4 (length = 14 bytes)
$SignString69 will be placed at 8024DEE8 (length = 14 bytes)
$SignString68 will be placed at 8024DEFC (length = 14 bytes)
$SignString67 will be placed at 8024DF10 (length = 14 bytes)
$SignString66 will be placed at 8024DF24 (length = 14 bytes)
$SignString65 will be placed at 8024DF38 (length = 14 bytes)
$SignString64 will be placed at 8024DF4C (length = 14 bytes)
$SignString63 will be placed at 8024DF60 (length = 14 bytes)
$SignString62 will be placed at 8024DF74 (length = 14 bytes)
$SignString61 will be placed at 8024DF88 (length = 14 bytes)
$SignString60 will be placed at 8024DF9C (length = 14 bytes)
$SignString79 will be placed at 8024DFB0 (length = 14 bytes)
$SignString78 will be placed at 8024DFC4 (length = 14 bytes)
$SignString77 will be placed at 8024DFD8 (length = 14 bytes)
$SignString76 will be placed at 8024DFEC (length = 14 bytes)
$SignString75 will be placed at 8024E000 (length = 14 bytes)
$SignString74 will be placed at 8024E014 (length = 14 bytes)
$SignString73 will be placed at 8024E028 (length = 14 bytes)
$SignString72 will be placed at 8024E03C (length = 14 bytes)
$SignString71 will be placed at 8024E050 (length = 14 bytes)
$SignString70 will be placed at 8024E064 (length = 14 bytes)
$SignString89 will be placed at 8024E078 (length = 14 bytes)
$SignString88 will be placed at 8024E08C (length = 14 bytes)
$SignString87 will be placed at 8024E0A0 (length = 14 bytes)
$SignString86 will be placed at 8024E0B4 (length = 14 bytes)
$SignString85 will be placed at 8024E0C8 (length = 14 bytes)
$SignString84 will be placed at 8024E0DC (length = 14 bytes)
$SignString83 will be placed at 8024E0F0 (length = 14 bytes)
$SignString82 will be placed at 8024E104 (length = 14 bytes)
$SignString81 will be placed at 8024E118 (length = 14 bytes)
$SignString80 will be placed at 8024E12C (length = 14 bytes)
$SignString19 will be placed at 8024E140 (length = 14 bytes)
$SignString18 will be placed at 8024E154 (length = 14 bytes)
$SignString17 will be placed at 8024E168 (length = 14 bytes)
$SignString16 will be placed at 8024E17C (length = 14 bytes)
$SignString15 will be placed at 8024E190 (length = 14 bytes)
$SignString14 will be placed at 8024E1A4 (length = 14 bytes)
$SignString13 will be placed at 8024E1B8 (length = 14 bytes)
$SignString12 will be placed at 8024E1CC (length = 14 bytes)
$SignString11 will be placed at 8024E1E0 (length = 14 bytes)
$SignString10 will be placed at 8024E1F4 (length = 14 bytes)
$SignString3 will be placed at 8024E208 (length = 14 bytes)
$SignString2 will be placed at 8024E21C (length = 14 bytes)
$SignString5 will be placed at 8024E230 (length = 14 bytes)
$SignString4 will be placed at 8024E244 (length = 14 bytes)
$SignString7 will be placed at 8024E258 (length = 14 bytes)
$SignString6 will be placed at 8024E26C (length = 14 bytes)
$SignString9 will be placed at 8024E280 (length = 14 bytes)
$SignString8 will be placed at 8024E294 (length = 14 bytes)
$SignString29 will be placed at 8024E2A8 (length = 14 bytes)
$SignString28 will be placed at 8024E2BC (length = 14 bytes)
$SignString27 will be placed at 8024E2D0 (length = 14 bytes)
$SignString26 will be placed at 8024E2E4 (length = 14 bytes)
$SignString25 will be placed at 8024E2F8 (length = 14 bytes)
$SignString24 will be placed at 8024E30C (length = 14 bytes)
$SignString23 will be placed at 8024E320 (length = 14 bytes)
$SignString22 will be placed at 8024E334 (length = 14 bytes)
$SignString21 will be placed at 8024E348 (length = 14 bytes)
$SignString20 will be placed at 8024E35C (length = 14 bytes)
$SignString will be placed at 8024E370 (length = 14 bytes)
$SignString39 will be placed at 8024E384 (length = 14 bytes)
$SignString38 will be placed at 8024E398 (length = 14 bytes)
$SignString37 will be placed at 8024E3AC (length = 14 bytes)
$SignString36 will be placed at 8024E3C0 (length = 14 bytes)
$SignString35 will be placed at 8024E3D4 (length = 14 bytes)
$SignString34 will be placed at 8024E3E8 (length = 14 bytes)
$SignString33 will be placed at 8024E3FC (length = 14 bytes)
$SignString32 will be placed at 8024E410 (length = 14 bytes)
$SignString31 will be placed at 8024E424 (length = 14 bytes)
$SignString30 will be placed at 8024E438 (length = 14 bytes)
$SignString49 will be placed at 8024E44C (length = 14 bytes)
$SignString48 will be placed at 8024E460 (length = 14 bytes)
$SignString47 will be placed at 8024E474 (length = 14 bytes)
$SignString46 will be placed at 8024E488 (length = 14 bytes)
$SignString45 will be placed at 8024E49C (length = 14 bytes)
$SignString44 will be placed at 8024E4B0 (length = 14 bytes)
$SignString43 will be placed at 8024E4C4 (length = 14 bytes)
$SignString42 will be placed at 8024E4D8 (length = 14 bytes)
$SignString41 will be placed at 8024E4EC (length = 14 bytes)
$SignString40 will be placed at 8024E500 (length = 14 bytes)
$ASCII_pit_02_Literal will be placed at 8024E514 (length = C bytes)
$ASCII_pit_90_Literal will be placed at 8024E520 (length = C bytes)
$ASCII_pit_34_Literal will be placed at 8024E52C (length = C bytes)
$ASCII_pit_66_Literal will be placed at 8024E538 (length = C bytes)
$ASCII_pit_98_Literal will be placed at 8024E544 (length = C bytes)
$ASCII_pit_19_Literal will be placed at 8024E550 (length = C bytes)
$ASCII_pit_57_Literal will be placed at 8024E55C (length = C bytes)
$ASCII_pit_69_Literal will be placed at 8024E568 (length = C bytes)
$ASCII_pit_72_Literal will be placed at 8024E574 (length = C bytes)
$ASCII_pit_81_Literal will be placed at 8024E580 (length = C bytes)
$ASCII_pit_43_Literal will be placed at 8024E58C (length = C bytes)
$ASCII_pit_28_Literal will be placed at 8024E598 (length = C bytes)
$ASCII_pit_78_Literal will be placed at 8024E5A4 (length = C bytes)
$ASCII_pit_63_Literal will be placed at 8024E5B0 (length = C bytes)
$ASCII_pit_46_Literal will be placed at 8024E5BC (length = C bytes)
$ASCII_pit_95_Literal will be placed at 8024E5C8 (length = C bytes)
$ASCII_pit_16_Literal will be placed at 8024E5D4 (length = C bytes)
$ASCII_pit_37_Literal will be placed at 8024E5E0 (length = C bytes)
$ASCII_pit_22_Literal will be placed at 8024E5EC (length = C bytes)
$ASCII_pit_05_Literal will be placed at 8024E5F8 (length = C bytes)
$ASCII_pit_25_Literal will be placed at 8024E604 (length = C bytes)
$ASCII_pit_54_Literal will be placed at 8024E610 (length = C bytes)
$ASCII_pit_08_Literal will be placed at 8024E61C (length = C bytes)
$ASCII_pit_87_Literal will be placed at 8024E628 (length = C bytes)
$ASCII_pit_75_Literal will be placed at 8024E634 (length = C bytes)
$ASCII_pit_13_Literal will be placed at 8024E640 (length = C bytes)
$ASCII_pit_32_Literal will be placed at 8024E64C (length = C bytes)
$ASCII_pit_92_Literal will be placed at 8024E658 (length = C bytes)
$ASCII_pit_17_Literal will be placed at 8024E664 (length = C bytes)
$ASCII_pit_49_Literal will be placed at 8024E670 (length = C bytes)
$ASCII_pit_77_Literal will be placed at 8024E67C (length = C bytes)
$ASCII_pit_96_Literal will be placed at 8024E688 (length = C bytes)
$ASCII_pit_68_Literal will be placed at 8024E694 (length = C bytes)
$ASCII_pit_51_Literal will be placed at 8024E6A0 (length = C bytes)
$ASCII_pit_04_Literal will be placed at 8024E6AC (length = C bytes)
$ASCII_pit_83_Literal will be placed at 8024E6B8 (length = C bytes)
$ASCII_pit_86_Literal will be placed at 8024E6C4 (length = C bytes)
$ASCII_pit_26_Literal will be placed at 8024E6D0 (length = C bytes)
$ASCII_pit_41_Literal will be placed at 8024E6DC (length = C bytes)
$ASCII_pit_14_Literal will be placed at 8024E6E8 (length = C bytes)
$ASCII_pit_74_Literal will be placed at 8024E6F4 (length = C bytes)
$ASCII_pit_60_Literal will be placed at 8024E700 (length = C bytes)
$ASCII_pit_59_Literal will be placed at 8024E70C (length = C bytes)
$ASCII_pit_93_Literal will be placed at 8024E718 (length = C bytes)
$ASCII_pit_65_Literal will be placed at 8024E724 (length = C bytes)
$ASCII_pit_07_Literal will be placed at 8024E730 (length = C bytes)
$ASCII_pit_20_Literal will be placed at 8024E73C (length = C bytes)
$ASCII_pit_35_Literal will be placed at 8024E748 (length = C bytes)
$ASCII_pit_23_Literal will be placed at 8024E754 (length = C bytes)
$ASCII_pit_11_Literal will be placed at 8024E760 (length = C bytes)
$ASCII_pit_56_Literal will be placed at 8024E76C (length = C bytes)
$ASCII_pit_44_Literal will be placed at 8024E778 (length = C bytes)
$ASCII_pit_89_Literal will be placed at 8024E784 (length = C bytes)
$ASCII_pit_79_Literal will be placed at 8024E790 (length = C bytes)
$ASCII_pit_62_Literal will be placed at 8024E79C (length = C bytes)
$ASCII_pit_94_Literal will be placed at 8024E7A8 (length = C bytes)
$ASCII_pit_47_Literal will be placed at 8024E7B4 (length = C bytes)
$ASCII_pit_21_Literal will be placed at 8024E7C0 (length = C bytes)
$ASCII_pit_06_Literal will be placed at 8024E7CC (length = C bytes)
$ASCII_pit_53_Literal will be placed at 8024E7D8 (length = C bytes)
$ASCII_pit_09_Literal will be placed at 8024E7E4 (length = C bytes)
$ASCII_pit_88_Literal will be placed at 8024E7F0 (length = C bytes)
$ASCII_pit_38_Literal will be placed at 8024E7FC (length = C bytes)
$ASCII_pit_24_Literal will be placed at 8024E808 (length = C bytes)
$ASCII_pit_12_Literal will be placed at 8024E814 (length = C bytes)
$ASCII_pit_76_Literal will be placed at 8024E820 (length = C bytes)
$ASCII_pit_01_Literal will be placed at 8024E82C (length = C bytes)
$ASCII_pit_50_Literal will be placed at 8024E838 (length = C bytes)
$ASCII_pit_33_Literal will be placed at 8024E844 (length = C bytes)
$ASCII_pit_99_Literal will be placed at 8024E850 (length = C bytes)
$ASCII_pit_67_Literal will be placed at 8024E85C (length = C bytes)
$ASCII_pit_71_Literal will be placed at 8024E868 (length = C bytes)
$ASCII_pit_42_Literal will be placed at 8024E874 (length = C bytes)
$ASCII_pit_80_Literal will be placed at 8024E880 (length = C bytes)
$ASCII_pit_29_Literal will be placed at 8024E88C (length = C bytes)
$ASCII_pit_58_Literal will be placed at 8024E898 (length = C bytes)
$ASCII_pit_30_Literal will be placed at 8024E8A4 (length = C bytes)
$ASCII_pit_00_Literal will be placed at 8024E8B0 (length = C bytes)
$ASCII_pit_64_Literal will be placed at 8024E8BC (length = C bytes)
$ASCII_pit_36_Literal will be placed at 8024E8C8 (length = C bytes)
$ASCII_pit_55_Literal will be placed at 8024E8D4 (length = C bytes)
$ASCII_pit_10_Literal will be placed at 8024E8E0 (length = C bytes)
$ASCII_pit_45_Literal will be placed at 8024E8EC (length = C bytes)
$ASCII_pit_18_Literal will be placed at 8024E8F8 (length = C bytes)
$ASCII_pit_48_Literal will be placed at 8024E904 (length = C bytes)
$ASCII_pit_03_Literal will be placed at 8024E910 (length = C bytes)
$ASCII_pit_31_Literal will be placed at 8024E91C (length = C bytes)
$ASCII_pit_91_Literal will be placed at 8024E928 (length = C bytes)
$ASCII_pit_97_Literal will be placed at 8024E934 (length = C bytes)
$ASCII_pit_82_Literal will be placed at 8024E940 (length = C bytes)
$ASCII_pit_52_Literal will be placed at 8024E94C (length = C bytes)
$ASCII_pit_70_Literal will be placed at 8024E958 (length = C bytes)
$ASCII_pit_85_Literal will be placed at 8024E964 (length = C bytes)
$ASCII_pit_40_Literal will be placed at 8024E970 (length = C bytes)
$ASCII_pit_39_Literal will be placed at 8024E97C (length = C bytes)
$ASCII_pit_73_Literal will be placed at 8024E988 (length = C bytes)
$ASCII_pit_15_Literal will be placed at 8024E994 (length = C bytes)
$ASCII_pit_27_Literal will be placed at 8024E9A0 (length = C bytes)
$ASCII_pit_61_Literal will be placed at 8024E9AC (length = C bytes)
$ConstDouble_802441B0 will be placed at 8024E9B8 (length = 8 bytes)
$ConstDouble_802441A8 will be placed at 8024E9C0 (length = 8 bytes)
$ConstDouble_802441A0 will be placed at 8024E9C8 (length = 8 bytes)
$ASCII_pit_842_Literal will be placed at 8024E9D0 (length = 8 bytes)
$ASCII_pit_100_Literal will be placed at 8024E9D8 (length = 8 bytes)
$ASCII_tik_tex_Literal will be placed at 8024E9E0 (length = 8 bytes)
$MoverCancel will be placed at 8024E9E8 (length = 4 bytes)
$BanditMoverCancel will be placed at 8024E9EC (length = 4 bytes)
Executing patch: pit_59.mpat
Loaded map pit_51
Creating struct: $EntryList
Creating struct: $DeepestLevel
Creating struct: $TotalLevels
Creating struct: $LoadHighscores
Creating struct: $FallingDownPipe
Creating struct: $Function_GetPos
Creating struct: $Function2
Creating struct: $SetSpawns
Creating struct: $Script_SetNPCPos
Creating struct: $SwitchPath
Creating struct: $VectorList_80244998
Creating struct: $GetPos
Creating struct: $Function_GetDamageTaken
Creating struct: $Function_ResetDamage
Creating struct: $DispawnParthner
Creating struct: $RespawnParthner
Creating struct: $LoadMap
Creating struct: $Script_LoadMapMover_Roguelike
Creating struct: $GetFloor
Creating struct: $LoadCoinsMover
Creating struct: $LoadMapBandit
Creating struct: $GetFloorBandit
Creating struct: $Script_Init_80243B20
Creating struct: $Script_80243A6C
Creating struct: $Script_AddCoins
Creating struct: $Script_SubstractCoins
Creating struct: $NPC_Settings_Sack
Creating struct: $Script_Init_Bag
Creating struct: $Script_Init_Bag_HitBox
Creating struct: $Script_NPC_SackHit_Init
Creating struct: $Script_NPC_Sack_FX
Creating struct: $NPC_Sack_AnimationStart
Creating struct: $NPC_Sack_AnimationEnd
Creating struct: $Script_SackAnimation_Start_GoToTheRight
Creating struct: $Script_SackAnimation_Start_GoToTheLeft
Creating struct: $Script_SackAnimation_End_Right
Creating struct: $Script_SackAnimation_End_Left
Creating struct: $Function_LoadGainedCoins
Creating struct: $Function_RevivePlayer
Creating struct: $AISettings_MoneySack
Creating struct: $Script_NpcAI_MoneySack
Creating struct: $JumpTable_80242448
Creating struct: $Function_NpcAI_MoneySack
Creating struct: $Function_80240260
Creating struct: $Function_80240844
Creating struct: $Function_802409A8
Creating struct: $Script_TrackPlayer
Creating struct: $Script_PipeAnimation
Creating struct: $Function_SetAnimation
Creating struct: $Function_GetColliderPos
Creating struct: $Function_TrackInput
Creating struct: $GoToNextLevel
Creating struct: $GoToNextLevel_Roguelike
Creating struct: $Script_SetSetsOfLevels
Creating struct: $Script_LoadMap_Roguelike
Creating struct: $Script_LoadChestMap_Roguelike
Creating struct: $Script_LoadMap_Mover_Roguelike
Creating struct: $Script_LoadChestMap_Mover_Roguelike
Creating struct: $GetFloorPit
Creating struct: $GetFloorSign
Creating struct: $Function_GetTattle1
Creating struct: $Function_GetTattle2
Creating struct: $Script_ReadSign
Creating struct: $Header
Creating struct: $Function_Init
Creating struct: $Script_Main
Creating struct: $NpcGroups
Creating struct: $NpcGroup_Mover
Creating struct: $BlankSettings
Creating struct: $Script_Init_Mover
Creating struct: $Interact_Mover
Creating struct: $Script_MoverWarpAnimation
Creating struct: $NpcGroup_BanditMover
Creating struct: $Script_Init_BanditMover
Creating struct: $Interact_BanditMover
Creating struct: $NpcGroup_Enemy1
Creating struct: $NpcGroup_Enemy2
Creating struct: $NpcGroup_Enemy3
Creating struct: $NpcGroup_Enemy4
Creating struct: $NpcGroup_Enemy5
Creating struct: $NpcGroup_Enemy6
Creating struct: $NpcSettings_Enemy1
Creating struct: $Script_EnemyAI
Creating struct: $AISettings_Enemy
Creating struct: $Script_DisableEnemyAI
Creating struct: $AISettings_DisableEnemy
Creating struct: $PipeSpawning
Creating struct: $Script_MakeEntities
Creating struct: $CommingDownPipe
Creating struct: $Script_MakeExits
Creating struct: $Script_Exit0
Merged 1 regions to 1
$Script_LoadMap_Mover_Roguelike will be placed at 80240000 (length = F14 bytes)
$LoadMap will be placed at 80240F14 (length = EF4 bytes)
$Script_ReadSign will be placed at 80241E08 (length = EEC bytes)
$LoadMapBandit will be placed at 80242CF4 (length = EA4 bytes)
$Script_LoadMap_Roguelike will be placed at 80243B98 (length = D9C bytes)
$GoToNextLevel will be placed at 80244934 (length = D10 bytes)
$GoToNextLevel_Roguelike will be placed at 80245644 (length = 868 bytes)
$Function_80240260 will be placed at 80245EAC (length = 5E4 bytes)
$SetSpawns will be placed at 80246490 (length = 384 bytes)
$FallingDownPipe will be placed at 80246814 (length = 37C bytes)
$Script_SetSetsOfLevels will be placed at 80246B90 (length = 358 bytes)
$Script_SetNPCPos will be placed at 80246EE8 (length = 2F4 bytes)
$Function_NpcAI_MoneySack will be placed at 802471DC (length = 238 bytes)
$Script_SackAnimation_Start_GoToTheRight will be placed at 80247414 (length = 230 bytes)
$Script_SackAnimation_Start_GoToTheLeft will be placed at 80247644 (length = 1F8 bytes)
$Interact_Mover will be placed at 8024783C (length = 1F8 bytes)
$NpcGroup_Enemy3 will be placed at 80247A34 (length = 1F0 bytes)
$NpcGroup_Enemy4 will be placed at 80247C24 (length = 1F0 bytes)
$NpcGroup_Enemy5 will be placed at 80247E14 (length = 1F0 bytes)
$NpcGroup_Enemy6 will be placed at 80248004 (length = 1F0 bytes)
$NpcGroup_Enemy1 will be placed at 802481F4 (length = 1F0 bytes)
$NpcGroup_Enemy2 will be placed at 802483E4 (length = 1F0 bytes)
$NpcGroup_Mover will be placed at 802485D4 (length = 1F0 bytes)
$NpcGroup_BanditMover will be placed at 802487C4 (length = 1F0 bytes)
$Interact_BanditMover will be placed at 802489B4 (length = 1EC bytes)
$Script_PipeAnimation will be placed at 80248BA0 (length = 1D0 bytes)
$JumpTable_80242448 will be placed at 80248D70 (length = 190 bytes)
$Script_LoadChestMap_Mover_Roguelike will be placed at 80248F00 (length = 18C bytes)
$PipeSpawning will be placed at 8024908C (length = 178 bytes)
$NPC_Sack_AnimationStart will be placed at 80249204 (length = 168 bytes)
$Function_80240844 will be placed at 8024936C (length = 164 bytes)
$Script_LoadChestMap_Roguelike will be placed at 802494D0 (length = 164 bytes)
$Script_NPC_SackHit_Init will be placed at 80249634 (length = 160 bytes)
$Script_SackAnimation_End_Right will be placed at 80249794 (length = 158 bytes)
$Script_SackAnimation_End_Left will be placed at 802498EC (length = 150 bytes)
$MapTattle5 will be placed at 80249A3C (length = 13C bytes)
$MapTattle4 will be placed at 80249B78 (length = 130 bytes)
$GetFloor will be placed at 80249CA8 (length = 12C bytes)
$BanditMover_Tattle will be placed at 80249DD4 (length = 124 bytes)
$Script_Main will be placed at 80249EF8 (length = 120 bytes)
$Script_80243A6C will be placed at 8024A018 (length = 114 bytes)
$Script_SubstractCoins will be placed at 8024A12C (length = 10C bytes)
$Script_LoadMapMover_Roguelike will be placed at 8024A238 (length = 104 bytes)
$GetFloorBandit will be placed at 8024A33C (length = F4 bytes)
$Script_MoverWarpAnimation will be placed at 8024A430 (length = F0 bytes)
$Function_GetColliderPos will be placed at 8024A520 (length = E0 bytes)
$Function_GetPos will be placed at 8024A600 (length = E0 bytes)
$Script_TrackPlayer will be placed at 8024A6E0 (length = DC bytes)
$MapTattle2 will be placed at 8024A7BC (length = D4 bytes)
$Function_TrackInput will be placed at 8024A890 (length = BC bytes)
$MapTattle3 will be placed at 8024A94C (length = B0 bytes)
$Script_MakeEntities will be placed at 8024A9FC (length = A8 bytes)
$MapTattle1 will be placed at 8024AAA4 (length = A8 bytes)
$Script_NpcAI_MoneySack will be placed at 8024AB4C (length = A8 bytes)
$MoverStart will be placed at 8024ABF4 (length = A4 bytes)
$SwitchPath will be placed at 8024AC98 (length = A4 bytes)
$Script_NPC_Sack_FX will be placed at 8024AD3C (length = A4 bytes)
$GetPos will be placed at 8024ADE0 (length = 9C bytes)
$Script_AddCoins will be placed at 8024AE7C (length = 98 bytes)
$BanditMoverStart will be placed at 8024AF14 (length = 98 bytes)
$Mover_Tattle will be placed at 8024AFAC (length = 94 bytes)
$Function_GetTattle1 will be placed at 8024B040 (length = 8C bytes)
$NPC_Sack_AnimationEnd will be placed at 8024B0CC (length = 84 bytes)
$BanditMover_Options will be placed at 8024B150 (length = 80 bytes)
$SignStringBug will be placed at 8024B1D0 (length = 7C bytes)
$LoadHighscores will be placed at 8024B24C (length = 7C bytes)
$Mover_Options will be placed at 8024B2C8 (length = 78 bytes)
$NpcGroups will be placed at 8024B340 (length = 6C bytes)
$DeepestLevel will be placed at 8024B3AC (length = 6C bytes)
$Function2 will be placed at 8024B418 (length = 6C bytes)
$LoadCoinsMover will be placed at 8024B484 (length = 6C bytes)
$Function_SetAnimation will be placed at 8024B4F0 (length = 6C bytes)
$GetFloorPit will be placed at 8024B55C (length = 68 bytes)
$MoverEnd will be placed at 8024B5C4 (length = 68 bytes)
$BanditMoverEnd will be placed at 8024B62C (length = 68 bytes)
$GetFloorSign will be placed at 8024B694 (length = 64 bytes)
$BanditMoverNoCoins will be placed at 8024B6F8 (length = 58 bytes)
$MoverNoCoins will be placed at 8024B750 (length = 58 bytes)
$Function_GetTattle2 will be placed at 8024B7A8 (length = 48 bytes)
$CommingDownPipe will be placed at 8024B7F0 (length = 48 bytes)
$Script_Exit0 will be placed at 8024B838 (length = 48 bytes)
$Function_LoadGainedCoins will be placed at 8024B880 (length = 48 bytes)
$Function_Init will be placed at 8024B8C8 (length = 44 bytes)
$Function_802409A8 will be placed at 8024B90C (length = 44 bytes)
$Header will be placed at 8024B950 (length = 40 bytes)
$Script_Init_Bag will be placed at 8024B990 (length = 38 bytes)
$TotalLevels will be placed at 8024B9C8 (length = 38 bytes)
$Script_Init_Bag_HitBox will be placed at 8024BA00 (length = 38 bytes)
$DispawnParthner will be placed at 8024BA38 (length = 34 bytes)
$Function_ResetDamage will be placed at 8024BA6C (length = 34 bytes)
$AISettings_MoneySack will be placed at 8024BAA0 (length = 30 bytes)
$AISettings_Enemy will be placed at 8024BAD0 (length = 30 bytes)
$AISettings_DisableEnemy will be placed at 8024BB00 (length = 30 bytes)
$RespawnParthner will be placed at 8024BB30 (length = 30 bytes)
$NPC_Settings_Sack will be placed at 8024BB60 (length = 2C bytes)
$Function_GetDamageTaken will be placed at 8024BB8C (length = 2C bytes)
$Function_RevivePlayer will be placed at 8024BBB8 (length = 2C bytes)
$String_CoinsGained will be placed at 8024BBE4 (length = 2C bytes)
$BlankSettings will be placed at 8024BC10 (length = 2C bytes)
$Script_MakeExits will be placed at 8024BC3C (length = 2C bytes)
$NpcSettings_Enemy1 will be placed at 8024BC68 (length = 24 bytes)
$VectorList_80244998 will be placed at 8024BC8C (length = 24 bytes)
$Script_Init_80243B20 will be placed at 8024BCB0 (length = 24 bytes)
$Script_Init_Mover will be placed at 8024BCD4 (length = 24 bytes)
$Script_Init_BanditMover will be placed at 8024BCF8 (length = 24 bytes)
$Script_DisableEnemyAI will be placed at 8024BD1C (length = 20 bytes)
$EntryList will be placed at 8024BD3C (length = 20 bytes)
$Script_EnemyAI will be placed at 8024BD5C (length = 20 bytes)
$SignString100 will be placed at 8024BD7C (length = 18 bytes)
$SignString1 will be placed at 8024BD94 (length = 14 bytes)
$SignString99 will be placed at 8024BDA8 (length = 14 bytes)
$SignString98 will be placed at 8024BDBC (length = 14 bytes)
$SignString97 will be placed at 8024BDD0 (length = 14 bytes)
$SignString96 will be placed at 8024BDE4 (length = 14 bytes)
$SignString95 will be placed at 8024BDF8 (length = 14 bytes)
$SignString94 will be placed at 8024BE0C (length = 14 bytes)
$SignString93 will be placed at 8024BE20 (length = 14 bytes)
$SignString92 will be placed at 8024BE34 (length = 14 bytes)
$SignString91 will be placed at 8024BE48 (length = 14 bytes)
$SignString90 will be placed at 8024BE5C (length = 14 bytes)
$SignString59 will be placed at 8024BE70 (length = 14 bytes)
$SignString58 will be placed at 8024BE84 (length = 14 bytes)
$SignString57 will be placed at 8024BE98 (length = 14 bytes)
$SignString56 will be placed at 8024BEAC (length = 14 bytes)
$SignString55 will be placed at 8024BEC0 (length = 14 bytes)
$SignString54 will be placed at 8024BED4 (length = 14 bytes)
$SignString53 will be placed at 8024BEE8 (length = 14 bytes)
$SignString52 will be placed at 8024BEFC (length = 14 bytes)
$SignString51 will be placed at 8024BF10 (length = 14 bytes)
$SignString50 will be placed at 8024BF24 (length = 14 bytes)
$SignString69 will be placed at 8024BF38 (length = 14 bytes)
$SignString68 will be placed at 8024BF4C (length = 14 bytes)
$SignString67 will be placed at 8024BF60 (length = 14 bytes)
$SignString66 will be placed at 8024BF74 (length = 14 bytes)
$SignString65 will be placed at 8024BF88 (length = 14 bytes)
$SignString64 will be placed at 8024BF9C (length = 14 bytes)
$SignString63 will be placed at 8024BFB0 (length = 14 bytes)
$SignString62 will be placed at 8024BFC4 (length = 14 bytes)
$SignString61 will be placed at 8024BFD8 (length = 14 bytes)
$SignString60 will be placed at 8024BFEC (length = 14 bytes)
$SignString79 will be placed at 8024C000 (length = 14 bytes)
$SignString78 will be placed at 8024C014 (length = 14 bytes)
$SignString77 will be placed at 8024C028 (length = 14 bytes)
$SignString76 will be placed at 8024C03C (length = 14 bytes)
$SignString75 will be placed at 8024C050 (length = 14 bytes)
$SignString74 will be placed at 8024C064 (length = 14 bytes)
$SignString73 will be placed at 8024C078 (length = 14 bytes)
$SignString72 will be placed at 8024C08C (length = 14 bytes)
$SignString71 will be placed at 8024C0A0 (length = 14 bytes)
$SignString70 will be placed at 8024C0B4 (length = 14 bytes)
$SignString89 will be placed at 8024C0C8 (length = 14 bytes)
$SignString88 will be placed at 8024C0DC (length = 14 bytes)
$SignString87 will be placed at 8024C0F0 (length = 14 bytes)
$SignString86 will be placed at 8024C104 (length = 14 bytes)
$SignString85 will be placed at 8024C118 (length = 14 bytes)
$SignString84 will be placed at 8024C12C (length = 14 bytes)
$SignString83 will be placed at 8024C140 (length = 14 bytes)
$SignString82 will be placed at 8024C154 (length = 14 bytes)
$SignString81 will be placed at 8024C168 (length = 14 bytes)
$SignString80 will be placed at 8024C17C (length = 14 bytes)
$SignString19 will be placed at 8024C190 (length = 14 bytes)
$SignString18 will be placed at 8024C1A4 (length = 14 bytes)
$SignString17 will be placed at 8024C1B8 (length = 14 bytes)
$SignString16 will be placed at 8024C1CC (length = 14 bytes)
$SignString15 will be placed at 8024C1E0 (length = 14 bytes)
$SignString14 will be placed at 8024C1F4 (length = 14 bytes)
$SignString13 will be placed at 8024C208 (length = 14 bytes)
$SignString12 will be placed at 8024C21C (length = 14 bytes)
$SignString11 will be placed at 8024C230 (length = 14 bytes)
$SignString10 will be placed at 8024C244 (length = 14 bytes)
$SignString3 will be placed at 8024C258 (length = 14 bytes)
$SignString2 will be placed at 8024C26C (length = 14 bytes)
$SignString5 will be placed at 8024C280 (length = 14 bytes)
$SignString4 will be placed at 8024C294 (length = 14 bytes)
$SignString7 will be placed at 8024C2A8 (length = 14 bytes)
$SignString6 will be placed at 8024C2BC (length = 14 bytes)
$SignString9 will be placed at 8024C2D0 (length = 14 bytes)
$SignString8 will be placed at 8024C2E4 (length = 14 bytes)
$SignString29 will be placed at 8024C2F8 (length = 14 bytes)
$SignString28 will be placed at 8024C30C (length = 14 bytes)
$SignString27 will be placed at 8024C320 (length = 14 bytes)
$SignString26 will be placed at 8024C334 (length = 14 bytes)
$SignString25 will be placed at 8024C348 (length = 14 bytes)
$SignString24 will be placed at 8024C35C (length = 14 bytes)
$SignString23 will be placed at 8024C370 (length = 14 bytes)
$SignString22 will be placed at 8024C384 (length = 14 bytes)
$SignString21 will be placed at 8024C398 (length = 14 bytes)
$SignString20 will be placed at 8024C3AC (length = 14 bytes)
$SignString will be placed at 8024C3C0 (length = 14 bytes)
$SignString39 will be placed at 8024C3D4 (length = 14 bytes)
$SignString38 will be placed at 8024C3E8 (length = 14 bytes)
$SignString37 will be placed at 8024C3FC (length = 14 bytes)
$SignString36 will be placed at 8024C410 (length = 14 bytes)
$SignString35 will be placed at 8024C424 (length = 14 bytes)
$SignString34 will be placed at 8024C438 (length = 14 bytes)
$SignString33 will be placed at 8024C44C (length = 14 bytes)
$SignString32 will be placed at 8024C460 (length = 14 bytes)
$SignString31 will be placed at 8024C474 (length = 14 bytes)
$SignString30 will be placed at 8024C488 (length = 14 bytes)
$SignString49 will be placed at 8024C49C (length = 14 bytes)
$SignString48 will be placed at 8024C4B0 (length = 14 bytes)
$SignString47 will be placed at 8024C4C4 (length = 14 bytes)
$SignString46 will be placed at 8024C4D8 (length = 14 bytes)
$SignString45 will be placed at 8024C4EC (length = 14 bytes)
$SignString44 will be placed at 8024C500 (length = 14 bytes)
$SignString43 will be placed at 8024C514 (length = 14 bytes)
$SignString42 will be placed at 8024C528 (length = 14 bytes)
$SignString41 will be placed at 8024C53C (length = 14 bytes)
$SignString40 will be placed at 8024C550 (length = 14 bytes)
$ASCII_pit_02_Literal will be placed at 8024C564 (length = C bytes)
$ASCII_pit_90_Literal will be placed at 8024C570 (length = C bytes)
$ASCII_pit_34_Literal will be placed at 8024C57C (length = C bytes)
$ASCII_pit_66_Literal will be placed at 8024C588 (length = C bytes)
$ASCII_pit_98_Literal will be placed at 8024C594 (length = C bytes)
$ASCII_pit_19_Literal will be placed at 8024C5A0 (length = C bytes)
$ASCII_pit_57_Literal will be placed at 8024C5AC (length = C bytes)
$ASCII_pit_69_Literal will be placed at 8024C5B8 (length = C bytes)
$ASCII_pit_72_Literal will be placed at 8024C5C4 (length = C bytes)
$ASCII_pit_81_Literal will be placed at 8024C5D0 (length = C bytes)
$ASCII_pit_43_Literal will be placed at 8024C5DC (length = C bytes)
$ASCII_pit_28_Literal will be placed at 8024C5E8 (length = C bytes)
$ASCII_pit_78_Literal will be placed at 8024C5F4 (length = C bytes)
$ASCII_pit_63_Literal will be placed at 8024C600 (length = C bytes)
$ASCII_pit_46_Literal will be placed at 8024C60C (length = C bytes)
$ASCII_pit_95_Literal will be placed at 8024C618 (length = C bytes)
$ASCII_pit_16_Literal will be placed at 8024C624 (length = C bytes)
$ASCII_pit_37_Literal will be placed at 8024C630 (length = C bytes)
$ASCII_pit_22_Literal will be placed at 8024C63C (length = C bytes)
$ASCII_pit_05_Literal will be placed at 8024C648 (length = C bytes)
$ASCII_pit_25_Literal will be placed at 8024C654 (length = C bytes)
$ASCII_pit_54_Literal will be placed at 8024C660 (length = C bytes)
$ASCII_pit_08_Literal will be placed at 8024C66C (length = C bytes)
$ASCII_pit_87_Literal will be placed at 8024C678 (length = C bytes)
$ASCII_pit_75_Literal will be placed at 8024C684 (length = C bytes)
$ASCII_pit_13_Literal will be placed at 8024C690 (length = C bytes)
$ASCII_pit_32_Literal will be placed at 8024C69C (length = C bytes)
$ASCII_pit_92_Literal will be placed at 8024C6A8 (length = C bytes)
$ASCII_pit_17_Literal will be placed at 8024C6B4 (length = C bytes)
$ASCII_pit_49_Literal will be placed at 8024C6C0 (length = C bytes)
$ASCII_pit_77_Literal will be placed at 8024C6CC (length = C bytes)
$ASCII_pit_96_Literal will be placed at 8024C6D8 (length = C bytes)
$ASCII_pit_68_Literal will be placed at 8024C6E4 (length = C bytes)
$ASCII_pit_51_Literal will be placed at 8024C6F0 (length = C bytes)
$ASCII_pit_04_Literal will be placed at 8024C6FC (length = C bytes)
$ASCII_pit_83_Literal will be placed at 8024C708 (length = C bytes)
$ASCII_pit_86_Literal will be placed at 8024C714 (length = C bytes)
$ASCII_pit_26_Literal will be placed at 8024C720 (length = C bytes)
$ASCII_pit_41_Literal will be placed at 8024C72C (length = C bytes)
$ASCII_pit_14_Literal will be placed at 8024C738 (length = C bytes)
$ASCII_pit_74_Literal will be placed at 8024C744 (length = C bytes)
$ASCII_pit_60_Literal will be placed at 8024C750 (length = C bytes)
$ASCII_pit_59_Literal will be placed at 8024C75C (length = C bytes)
$ASCII_pit_93_Literal will be placed at 8024C768 (length = C bytes)
$ASCII_pit_65_Literal will be placed at 8024C774 (length = C bytes)
$ASCII_pit_07_Literal will be placed at 8024C780 (length = C bytes)
$ASCII_pit_20_Literal will be placed at 8024C78C (length = C bytes)
$ASCII_pit_35_Literal will be placed at 8024C798 (length = C bytes)
$ASCII_pit_23_Literal will be placed at 8024C7A4 (length = C bytes)
$ASCII_pit_11_Literal will be placed at 8024C7B0 (length = C bytes)
$ASCII_pit_56_Literal will be placed at 8024C7BC (length = C bytes)
$ASCII_pit_44_Literal will be placed at 8024C7C8 (length = C bytes)
$ASCII_pit_89_Literal will be placed at 8024C7D4 (length = C bytes)
$ASCII_pit_79_Literal will be placed at 8024C7E0 (length = C bytes)
$ASCII_pit_62_Literal will be placed at 8024C7EC (length = C bytes)
$ASCII_pit_94_Literal will be placed at 8024C7F8 (length = C bytes)
$ASCII_pit_47_Literal will be placed at 8024C804 (length = C bytes)
$ASCII_pit_21_Literal will be placed at 8024C810 (length = C bytes)
$ASCII_pit_06_Literal will be placed at 8024C81C (length = C bytes)
$ASCII_pit_53_Literal will be placed at 8024C828 (length = C bytes)
$ASCII_pit_09_Literal will be placed at 8024C834 (length = C bytes)
$ASCII_pit_88_Literal will be placed at 8024C840 (length = C bytes)
$ASCII_pit_38_Literal will be placed at 8024C84C (length = C bytes)
$ASCII_pit_24_Literal will be placed at 8024C858 (length = C bytes)
$ASCII_pit_12_Literal will be placed at 8024C864 (length = C bytes)
$ASCII_pit_76_Literal will be placed at 8024C870 (length = C bytes)
$ASCII_pit_01_Literal will be placed at 8024C87C (length = C bytes)
$ASCII_pit_50_Literal will be placed at 8024C888 (length = C bytes)
$ASCII_pit_33_Literal will be placed at 8024C894 (length = C bytes)
$ASCII_pit_99_Literal will be placed at 8024C8A0 (length = C bytes)
$ASCII_pit_67_Literal will be placed at 8024C8AC (length = C bytes)
$ASCII_pit_71_Literal will be placed at 8024C8B8 (length = C bytes)
$ASCII_pit_42_Literal will be placed at 8024C8C4 (length = C bytes)
$ASCII_pit_80_Literal will be placed at 8024C8D0 (length = C bytes)
$ASCII_pit_29_Literal will be placed at 8024C8DC (length = C bytes)
$ASCII_pit_58_Literal will be placed at 8024C8E8 (length = C bytes)
$ASCII_pit_30_Literal will be placed at 8024C8F4 (length = C bytes)
$ASCII_pit_00_Literal will be placed at 8024C900 (length = C bytes)
$ASCII_pit_64_Literal will be placed at 8024C90C (length = C bytes)
$ASCII_pit_36_Literal will be placed at 8024C918 (length = C bytes)
$ASCII_pit_55_Literal will be placed at 8024C924 (length = C bytes)
$ASCII_pit_10_Literal will be placed at 8024C930 (length = C bytes)
$ASCII_pit_45_Literal will be placed at 8024C93C (length = C bytes)
$ASCII_pit_18_Literal will be placed at 8024C948 (length = C bytes)
$ASCII_pit_48_Literal will be placed at 8024C954 (length = C bytes)
$ASCII_pit_03_Literal will be placed at 8024C960 (length = C bytes)
$ASCII_pit_31_Literal will be placed at 8024C96C (length = C bytes)
$ASCII_pit_91_Literal will be placed at 8024C978 (length = C bytes)
$ASCII_pit_97_Literal will be placed at 8024C984 (length = C bytes)
$ASCII_pit_82_Literal will be placed at 8024C990 (length = C bytes)
$ASCII_pit_52_Literal will be placed at 8024C99C (length = C bytes)
$ASCII_pit_70_Literal will be placed at 8024C9A8 (length = C bytes)
$ASCII_pit_85_Literal will be placed at 8024C9B4 (length = C bytes)
$ASCII_pit_40_Literal will be placed at 8024C9C0 (length = C bytes)
$ASCII_pit_39_Literal will be placed at 8024C9CC (length = C bytes)
$ASCII_pit_73_Literal will be placed at 8024C9D8 (length = C bytes)
$ASCII_pit_15_Literal will be placed at 8024C9E4 (length = C bytes)
$ASCII_pit_27_Literal will be placed at 8024C9F0 (length = C bytes)
$ASCII_pit_61_Literal will be placed at 8024C9FC (length = C bytes)
$ASCII_pit_842_Literal will be placed at 8024CA08 (length = 8 bytes)
$ASCII_pit_100_Literal will be placed at 8024CA10 (length = 8 bytes)
$ASCII_tik_tex_Literal will be placed at 8024CA18 (length = 8 bytes)
$MoverCancel will be placed at 8024CA20 (length = 4 bytes)
$BanditMoverCancel will be placed at 8024CA24 (length = 4 bytes)
Executing patch: pit_60.mpat
Loaded map pit_60
Creating struct: $EntryList
Creating struct: $DeepestLevel
Creating struct: $TotalLevels
Creating struct: $LoadHighscores
Creating struct: $FallingDownPipe
Creating struct: $Function_GetPos
Creating struct: $Function2
Creating struct: $Script_TrackPlayer
Creating struct: $Script_PipeAnimation
Creating struct: $Function_SetAnimation
Creating struct: $Function_GetColliderPos
Creating struct: $Function_TrackInput
Creating struct: $GoToNextLevel
Creating struct: $GoToNextLevel_Roguelike
Creating struct: $Script_SetSetsOfLevels
Creating struct: $Script_LoadMap_Roguelike
Creating struct: $Script_LoadChestMap_Roguelike
Creating struct: $Script_LoadMap_Mover_Roguelike
Creating struct: $Script_LoadChestMap_Mover_Roguelike
Creating struct: $GetFloorPit
Creating struct: $GetFloorSign
Creating struct: $Function_GetTattle1
Creating struct: $Function_GetTattle2
Creating struct: $Script_ReadSign
Creating struct: $BadgeListRogue
Creating struct: $BadgeList
Creating struct: $GetBadge
Creating struct: $CoinChest
Creating struct: $LoadChestFloor
Creating struct: $ShopperInteraction
Creating struct: $GetFloorRowf
Creating struct: $ShopperInventory1-1
Creating struct: $ShopperInventory1-2
Creating struct: $ShopperInventory1-3
Creating struct: $ShopperInventory1-4
Creating struct: $ShopperInventory1-5
Creating struct: $ShopperInventory1-6
Creating struct: $ShopperInventory1-7
Creating struct: $ShopperInventory1-8
Creating struct: $ShopperInventory1-9
Creating struct: $ShopperInventory2-1
Creating struct: $ShopperInventory2-2
Creating struct: $ShopperInventory2-3
Creating struct: $ShopperInventory2-4
Creating struct: $ShopperInventory2-5
Creating struct: $ShopperInventory2-6
Creating struct: $ShopperInventory2-7
Creating struct: $ShopperInventory2-8
Creating struct: $ShopperInventory2-9
Creating struct: $ShopperInventory3-1
Creating struct: $ShopperInventory3-2
Creating struct: $ShopperInventory3-3
Creating struct: $ShopperInventory3-4
Creating struct: $ShopperInventory3-5
Creating struct: $ShopperInventory3-6
Creating struct: $ShopperInventory3-7
Creating struct: $ShopperInventory3-8
Creating struct: $ShopperInventory3-9
Creating struct: $ShopperInventory4-1
Creating struct: $ShopperInventory4-2
Creating struct: $ShopperInventory4-3
Creating struct: $ShopperInventory4-4
Creating struct: $ShopperInventory4-5
Creating struct: $ShopperInventory4-6
Creating struct: $ShopperInventory4-7
Creating struct: $ShopperInventory4-8
Creating struct: $ShopperInventory4-9
Creating struct: $ShopperInventory5-1
Creating struct: $ShopperInventory5-2
Creating struct: $ShopperInventory5-3
Creating struct: $ShopperInventory5-4
Creating struct: $ShopperInventory5-5
Creating struct: $ShopperInventory5-6
Creating struct: $ShopperInventory5-7
Creating struct: $ShopperInventory5-8
Creating struct: $ShopperInventory5-9
Creating struct: $ShopperInventory6-1
Creating struct: $ShopperInventory6-2
Creating struct: $ShopperInventory6-3
Creating struct: $ShopperInventory6-4
Creating struct: $ShopperInventory6-5
Creating struct: $ShopperInventory6-6
Creating struct: $ShopperInventory6-7
Creating struct: $ShopperInventory6-8
Creating struct: $ShopperInventory6-9
Creating struct: $ShopperInventory7-1
Creating struct: $ShopperInventory7-2
Creating struct: $ShopperInventory7-3
Creating struct: $ShopperInventory7-4
Creating struct: $ShopperInventory7-5
Creating struct: $ShopperInventory7-6
Creating struct: $ShopperInventory7-7
Creating struct: $ShopperInventory7-8
Creating struct: $ShopperInventory7-9
Creating struct: $ShopperInventory8-1
Creating struct: $ShopperInventory8-2
Creating struct: $ShopperInventory8-3
Creating struct: $ShopperInventory8-4
Creating struct: $ShopperInventory8-5
Creating struct: $ShopperInventory8-6
Creating struct: $ShopperInventory8-7
Creating struct: $ShopperInventory8-8
Creating struct: $ShopperInventory8-9
Creating struct: $ShopperInventory9-1
Creating struct: $ShopperInventory9-2
Creating struct: $ShopperInventory9-3
Creating struct: $ShopperInventory9-4
Creating struct: $ShopperInventory9-5
Creating struct: $ShopperInventory9-6
Creating struct: $ShopperInventory9-7
Creating struct: $ShopperInventory9-8
Creating struct: $ShopperInventory9-9
Creating struct: $InventoryAvailability
Creating struct: $LoadCoins
Creating struct: $LoadInventory1
Creating struct: $LoadInventory2
Creating struct: $LoadInventory3
Creating struct: $LoadInventory4
Creating struct: $LoadInventory5
Creating struct: $LoadInventory6
Creating struct: $LoadInventory7
Creating struct: $LoadInventory8
Creating struct: $LoadInventory9
Creating struct: $Partner_Settings
Creating struct: $Init_NPC
Creating struct: $NPC_Cutscene1
Creating struct: $NPC_Cutscene2
Creating struct: $NPC_Cutscene3
Creating struct: $NPC_Cutscene4
Creating struct: $NPC_Cutscene5
Creating struct: $Script_MarioAnimation0
Creating struct: $Script_MarioAnimation1
Creating struct: $NPC_Cutscene6
Creating struct: $Script_WattLightnings
Creating struct: $NPC_Cutscene7
Creating struct: $NPC_Cutscene8
Creating struct: $VectorList_Path_Lakilester
Creating struct: $Function_LoadPath
Creating struct: $Script_SetNPC
Creating struct: $PartnerFunc1
Creating struct: $PartnerFunc2
Creating struct: $Explotion
Creating struct: $PartnerImage1
Creating struct: $PartnerImage2
Creating struct: $PartnerImage3
Creating struct: $PartnerImage4
Creating struct: $PartnerImage5
Creating struct: $PartnerImage6
Creating struct: $PartnerImage7
Creating struct: $PartnerImage8
Creating struct: $JoinedYourParty
Creating struct: $SetNPCtoPartner
Creating struct: $Header
Creating struct: $Function_Init
Creating struct: $Script_Main
Creating struct: $Script_MakeEntities
Creating struct: $Script_ReadSignExit
Creating struct: $Script_UseChest
Creating struct: $Script_OpenChest
Creating struct: $Script_GetItem
Creating struct: $Function_ActivateBadge
Creating struct: $CommingDownPipe
Creating struct: $PipeSpawning
Creating struct: $Script_MakeExits
Creating struct: $Script_Exit1
Creating struct: $Script_Exit0
Creating struct: $PipeAnimationX
Creating struct: $Function_802400F0
Creating struct: $Function_80240000
Creating struct: $NpcGroups
Creating struct: $NpcGroup_Partners
Creating struct: $NpcGroup_Rowf
Creating struct: $Rowf_Settings
Creating struct: $Script_AI_Rowf
Creating struct: $InitShopper
Creating struct: $GotItem
Creating struct: $NpcGroup_BlackRowf
Creating struct: $BRowf_Settings
Creating struct: $Init_BRowf
Creating struct: $GetItem_BRowf
Creating struct: $LoadCoins_BRowf
Creating struct: $EnableInputs
Merged 1 regions to 1
$BadgeList will be placed at 80240000 (length = 2040 bytes)
$BadgeListRogue will be placed at 80242040 (length = 143C bytes)
$GetBadge will be placed at 8024347C (length = F9C bytes)
$Script_LoadMap_Mover_Roguelike will be placed at 80244418 (length = F14 bytes)
$Script_ReadSign will be placed at 8024532C (length = EEC bytes)
$NPC_Cutscene5 will be placed at 80246218 (length = DAC bytes)
$Script_LoadMap_Roguelike will be placed at 80246FC4 (length = D9C bytes)
$NpcGroup_Partners will be placed at 80247D60 (length = D90 bytes)
$GoToNextLevel will be placed at 80248AF0 (length = D10 bytes)
$Script_MakeEntities will be placed at 80249800 (length = A48 bytes)
$GoToNextLevel_Roguelike will be placed at 8024A248 (length = 868 bytes)
$ShopperInteraction will be placed at 8024AAB0 (length = 50C bytes)
$NPC_Cutscene4 will be placed at 8024AFBC (length = 500 bytes)
$Script_UseChest will be placed at 8024B4BC (length = 4DC bytes)
$NPC_Cutscene2 will be placed at 8024B998 (length = 4DC bytes)
$LoadInventory7 will be placed at 8024BE74 (length = 474 bytes)
$LoadInventory6 will be placed at 8024C2E8 (length = 474 bytes)
$LoadInventory9 will be placed at 8024C75C (length = 474 bytes)
$LoadInventory8 will be placed at 8024CBD0 (length = 474 bytes)
$LoadInventory3 will be placed at 8024D044 (length = 474 bytes)
$LoadInventory2 will be placed at 8024D4B8 (length = 474 bytes)
$LoadInventory5 will be placed at 8024D92C (length = 474 bytes)
$LoadInventory4 will be placed at 8024DDA0 (length = 474 bytes)
$LoadInventory1 will be placed at 8024E214 (length = 474 bytes)
$NPC_Cutscene3 will be placed at 8024E688 (length = 448 bytes)
$NPC_Cutscene7 will be placed at 8024EAD0 (length = 430 bytes)
$Init_BRowf will be placed at 8024EF00 (length = 3A4 bytes)
$FallingDownPipe will be placed at 8024F2A4 (length = 37C bytes)
$PipeAnimationX will be placed at 8024F620 (length = 364 bytes)
$Script_SetSetsOfLevels will be placed at 8024F984 (length = 358 bytes)
$Script_SetNPC will be placed at 8024FCDC (length = 328 bytes)
$NPC_Cutscene1 will be placed at 80250004 (length = 320 bytes)
$NPC_Cutscene6 will be placed at 80250324 (length = 318 bytes)
$NPC_Cutscene8 will be placed at 8025063C (length = 29C bytes)
$Script_MarioAnimation0 will be placed at 802508D8 (length = 21C bytes)
$NpcGroup_BlackRowf will be placed at 80250AF4 (length = 1F0 bytes)
$NpcGroup_Rowf will be placed at 80250CE4 (length = 1F0 bytes)
$Script_PipeAnimation will be placed at 80250ED4 (length = 1D0 bytes)
$Script_Main will be placed at 802510A4 (length = 1D0 bytes)
$JoinedYourParty will be placed at 80251274 (length = 194 bytes)
$Script_LoadChestMap_Mover_Roguelike will be placed at 80251408 (length = 18C bytes)
$SetNPCtoPartner will be placed at 80251594 (length = 184 bytes)
$PipeSpawning will be placed at 80251718 (length = 178 bytes)
$Function_ActivateBadge will be placed at 80251890 (length = 178 bytes)
$Script_LoadChestMap_Roguelike will be placed at 80251A08 (length = 164 bytes)
$CoinChest will be placed at 80251B6C (length = 158 bytes)
$Init_NPC will be placed at 80251CC4 (length = 154 bytes)
$LoadChestFloor will be placed at 80251E18 (length = 154 bytes)
$MapTattle5 will be placed at 80251F6C (length = 13C bytes)
$MapTattle4 will be placed at 802520A8 (length = 130 bytes)
$Script_WattLightnings will be placed at 802521D8 (length = 124 bytes)
$Script_AI_Rowf will be placed at 802522FC (length = 114 bytes)
$Function_LoadPath will be placed at 80252410 (length = 114 bytes)
$Script_OpenChest will be placed at 80252524 (length = 108 bytes)
$BRowfTattle will be placed at 8025262C (length = F4 bytes)
$ShopperTattle will be placed at 80252720 (length = E8 bytes)
$Function_GetColliderPos will be placed at 80252808 (length = E0 bytes)
$Function_GetPos will be placed at 802528E8 (length = E0 bytes)
$Function_802400F0 will be placed at 802529C8 (length = E0 bytes)
$Script_TrackPlayer will be placed at 80252AA8 (length = DC bytes)
$MapTattle2 will be placed at 80252B84 (length = D4 bytes)
$ShopperBye1 will be placed at 80252C58 (length = C0 bytes)
$Explotion will be placed at 80252D18 (length = BC bytes)
$ShopperBye2 will be placed at 80252DD4 (length = BC bytes)
$Function_TrackInput will be placed at 80252E90 (length = BC bytes)
$ShopperWelcome will be placed at 80252F4C (length = B4 bytes)
$Script_MarioAnimation1 will be placed at 80253000 (length = B0 bytes)
$MapTattle3 will be placed at 802530B0 (length = B0 bytes)
$MapTattle1 will be placed at 80253160 (length = A8 bytes)
$CoinsString will be placed at 80253208 (length = 94 bytes)
$ShopperBuying will be placed at 8025329C (length = 94 bytes)
$Function_GetTattle1 will be placed at 80253330 (length = 8C bytes)
$LoadHighscores will be placed at 802533BC (length = 7C bytes)
$SignStringBug will be placed at 80253438 (length = 7C bytes)
$DeepestLevel will be placed at 802534B4 (length = 6C bytes)
$Function_SetAnimation will be placed at 80253520 (length = 6C bytes)
$Function2 will be placed at 8025358C (length = 6C bytes)
$GetFloorPit will be placed at 802535F8 (length = 68 bytes)
$AfterBuying will be placed at 80253660 (length = 68 bytes)
$GetFloorSign will be placed at 802536C8 (length = 64 bytes)
$Bye-BRowf will be placed at 8025372C (length = 5C bytes)
$Script_GetItem will be placed at 80253788 (length = 54 bytes)
$Init-BRowf will be placed at 802537DC (length = 50 bytes)
$Function_GetTattle2 will be placed at 8025382C (length = 48 bytes)
$ShopperInventory1-9 will be placed at 80253874 (length = 48 bytes)
$ShopperInventory1-8 will be placed at 802538BC (length = 48 bytes)
$ShopperInventory1-7 will be placed at 80253904 (length = 48 bytes)
$ShopperInventory1-6 will be placed at 8025394C (length = 48 bytes)
$ShopperInventory1-5 will be placed at 80253994 (length = 48 bytes)
$StrangeSackBadge will be placed at 802539DC (length = 48 bytes)
$ShopperInventory8-5 will be placed at 80253A24 (length = 48 bytes)
$ShopperInventory8-4 will be placed at 80253A6C (length = 48 bytes)
$ShopperInventory8-3 will be placed at 80253AB4 (length = 48 bytes)
$ShopperInventory8-2 will be placed at 80253AFC (length = 48 bytes)
$ShopperInventory8-1 will be placed at 80253B44 (length = 48 bytes)
$ShopperInventory8-9 will be placed at 80253B8C (length = 48 bytes)
$ShopperInventory8-8 will be placed at 80253BD4 (length = 48 bytes)
$ShopperInventory8-7 will be placed at 80253C1C (length = 48 bytes)
$ShopperInventory8-6 will be placed at 80253C64 (length = 48 bytes)
$ShopperInventory9-4 will be placed at 80253CAC (length = 48 bytes)
$ShopperInventory9-3 will be placed at 80253CF4 (length = 48 bytes)
$ShopperInventory9-2 will be placed at 80253D3C (length = 48 bytes)
$ShopperInventory9-1 will be placed at 80253D84 (length = 48 bytes)
$ShopperInventory9-9 will be placed at 80253DCC (length = 48 bytes)
$ShopperInventory9-8 will be placed at 80253E14 (length = 48 bytes)
$ShopperInventory9-7 will be placed at 80253E5C (length = 48 bytes)
$ShopperInventory9-6 will be placed at 80253EA4 (length = 48 bytes)
$ShopperInventory9-5 will be placed at 80253EEC (length = 48 bytes)
$CommingDownPipe will be placed at 80253F34 (length = 48 bytes)
$ShopperInventory6-7 will be placed at 80253F7C (length = 48 bytes)
$ShopperInventory6-6 will be placed at 80253FC4 (length = 48 bytes)
$ShopperInventory6-5 will be placed at 8025400C (length = 48 bytes)
$ShopperInventory6-4 will be placed at 80254054 (length = 48 bytes)
$ShopperInventory6-3 will be placed at 8025409C (length = 48 bytes)
$ShopperInventory6-2 will be placed at 802540E4 (length = 48 bytes)
$ShopperInventory6-1 will be placed at 8025412C (length = 48 bytes)
$ShopperInventory6-9 will be placed at 80254174 (length = 48 bytes)
$ShopperInventory6-8 will be placed at 802541BC (length = 48 bytes)
$ShopperInventory7-6 will be placed at 80254204 (length = 48 bytes)
$ShopperInventory7-5 will be placed at 8025424C (length = 48 bytes)
$ShopperInventory7-4 will be placed at 80254294 (length = 48 bytes)
$ShopperInventory7-3 will be placed at 802542DC (length = 48 bytes)
$ShopperInventory7-2 will be placed at 80254324 (length = 48 bytes)
$ShopperInventory7-1 will be placed at 8025436C (length = 48 bytes)
$ShopperInventory7-9 will be placed at 802543B4 (length = 48 bytes)
$ShopperInventory7-8 will be placed at 802543FC (length = 48 bytes)
$ShopperInventory7-7 will be placed at 80254444 (length = 48 bytes)
$ShopperInventory4-9 will be placed at 8025448C (length = 48 bytes)
$ShopperInventory4-8 will be placed at 802544D4 (length = 48 bytes)
$ShopperInventory4-7 will be placed at 8025451C (length = 48 bytes)
$ShopperInventory4-6 will be placed at 80254564 (length = 48 bytes)
$ShopperInventory4-5 will be placed at 802545AC (length = 48 bytes)
$ShopperInventory4-4 will be placed at 802545F4 (length = 48 bytes)
$ShopperInventory4-3 will be placed at 8025463C (length = 48 bytes)
$ShopperInventory4-2 will be placed at 80254684 (length = 48 bytes)
$ShopperInventory3-2 will be placed at 802546CC (length = 48 bytes)
$ShopperInventory3-1 will be placed at 80254714 (length = 48 bytes)
$ShopperInventory5-8 will be placed at 8025475C (length = 48 bytes)
$ShopperInventory5-7 will be placed at 802547A4 (length = 48 bytes)
$ShopperInventory5-6 will be placed at 802547EC (length = 48 bytes)
$ShopperInventory5-5 will be placed at 80254834 (length = 48 bytes)
$ShopperInventory5-4 will be placed at 8025487C (length = 48 bytes)
$ShopperInventory5-3 will be placed at 802548C4 (length = 48 bytes)
$ShopperInventory5-2 will be placed at 8025490C (length = 48 bytes)
$ShopperInventory5-1 will be placed at 80254954 (length = 48 bytes)
$ShopperInventory5-9 will be placed at 8025499C (length = 48 bytes)
$ShopperInventory4-1 will be placed at 802549E4 (length = 48 bytes)
$ShopperInventory2-9 will be placed at 80254A2C (length = 48 bytes)
$Script_ReadSignExit will be placed at 80254A74 (length = 48 bytes)
$ShopperInventory2-8 will be placed at 80254ABC (length = 48 bytes)
$ShopperInventory2-7 will be placed at 80254B04 (length = 48 bytes)
$ShopperInventory2-6 will be placed at 80254B4C (length = 48 bytes)
$ShopperInventory2-5 will be placed at 80254B94 (length = 48 bytes)
$ShopperInventory2-4 will be placed at 80254BDC (length = 48 bytes)
$ShopperInventory1-4 will be placed at 80254C24 (length = 48 bytes)
$ShopperInventory1-3 will be placed at 80254C6C (length = 48 bytes)
$ShopperInventory1-2 will be placed at 80254CB4 (length = 48 bytes)
$ShopperInventory1-1 will be placed at 80254CFC (length = 48 bytes)
$Script_Exit1 will be placed at 80254D44 (length = 48 bytes)
$Script_Exit0 will be placed at 80254D8C (length = 48 bytes)
$ShopperInventory3-9 will be placed at 80254DD4 (length = 48 bytes)
$ShopperInventory3-8 will be placed at 80254E1C (length = 48 bytes)
$ShopperInventory3-7 will be placed at 80254E64 (length = 48 bytes)
$Script_MakeExits will be placed at 80254EAC (length = 48 bytes)
$ShopperInventory3-6 will be placed at 80254EF4 (length = 48 bytes)
$ShopperInventory3-5 will be placed at 80254F3C (length = 48 bytes)
$ShopperInventory3-4 will be placed at 80254F84 (length = 48 bytes)
$ShopperInventory3-3 will be placed at 80254FCC (length = 48 bytes)
$ShopperInventory2-3 will be placed at 80255014 (length = 48 bytes)
$ShopperInventory2-2 will be placed at 8025505C (length = 48 bytes)
$ShopperInventory2-1 will be placed at 802550A4 (length = 48 bytes)
$NoInventory-BRowf will be placed at 802550EC (length = 44 bytes)
$GetFloorRowf will be placed at 80255130 (length = 44 bytes)
$Function_Init will be placed at 80255174 (length = 44 bytes)
$GetItem_BRowf will be placed at 802551B8 (length = 44 bytes)
$NoCoins will be placed at 802551FC (length = 44 bytes)
$ShopperCancel will be placed at 80255240 (length = 40 bytes)
$Header will be placed at 80255280 (length = 40 bytes)
$PartnerFunc2 will be placed at 802552C0 (length = 3C bytes)
$VectorList_Path_Lakilester will be placed at 802552FC (length = 3C bytes)
$TotalLevels will be placed at 80255338 (length = 38 bytes)
$PartnerFunc1 will be placed at 80255370 (length = 34 bytes)
$LoadCoins_BRowf will be placed at 802553A4 (length = 34 bytes)
$EntryList will be placed at 802553D8 (length = 30 bytes)
$GotItem will be placed at 80255408 (length = 30 bytes)
$NoMoney-BRowf will be placed at 80255438 (length = 30 bytes)
$InventoryAvailability will be placed at 80255468 (length = 2C bytes)
$EnableInputs will be placed at 80255494 (length = 2C bytes)
$LoadCoins will be placed at 802554C0 (length = 2C bytes)
$Rowf_Settings will be placed at 802554EC (length = 2C bytes)
$Partner_Settings will be placed at 80255518 (length = 2C bytes)
$BRowf_Settings will be placed at 80255544 (length = 28 bytes)
$Init2-BRowf will be placed at 8025556C (length = 24 bytes)
$NpcGroups will be placed at 80255590 (length = 24 bytes)
$InitShopper will be placed at 802555B4 (length = 24 bytes)
$Function_80240000 will be placed at 802555D8 (length = 20 bytes)
$SignStringExit will be placed at 802555F8 (length = 20 bytes)
$SignString100 will be placed at 80255618 (length = 18 bytes)
$SignString1 will be placed at 80255630 (length = 14 bytes)
$SignString59 will be placed at 80255644 (length = 14 bytes)
$SignString58 will be placed at 80255658 (length = 14 bytes)
$SignString57 will be placed at 8025566C (length = 14 bytes)
$SignString56 will be placed at 80255680 (length = 14 bytes)
$SignString55 will be placed at 80255694 (length = 14 bytes)
$SignString54 will be placed at 802556A8 (length = 14 bytes)
$SignString53 will be placed at 802556BC (length = 14 bytes)
$SignString52 will be placed at 802556D0 (length = 14 bytes)
$SignString51 will be placed at 802556E4 (length = 14 bytes)
$SignString50 will be placed at 802556F8 (length = 14 bytes)
$SignString69 will be placed at 8025570C (length = 14 bytes)
$SignString68 will be placed at 80255720 (length = 14 bytes)
$SignString67 will be placed at 80255734 (length = 14 bytes)
$SignString66 will be placed at 80255748 (length = 14 bytes)
$SignString65 will be placed at 8025575C (length = 14 bytes)
$SignString64 will be placed at 80255770 (length = 14 bytes)
$SignString63 will be placed at 80255784 (length = 14 bytes)
$SignString62 will be placed at 80255798 (length = 14 bytes)
$SignString61 will be placed at 802557AC (length = 14 bytes)
$SignString60 will be placed at 802557C0 (length = 14 bytes)
$SignString79 will be placed at 802557D4 (length = 14 bytes)
$SignString78 will be placed at 802557E8 (length = 14 bytes)
$SignString77 will be placed at 802557FC (length = 14 bytes)
$SignString76 will be placed at 80255810 (length = 14 bytes)
$SignString75 will be placed at 80255824 (length = 14 bytes)
$SignString74 will be placed at 80255838 (length = 14 bytes)
$SignString73 will be placed at 8025584C (length = 14 bytes)
$SignString72 will be placed at 80255860 (length = 14 bytes)
$SignString71 will be placed at 80255874 (length = 14 bytes)
$SignString70 will be placed at 80255888 (length = 14 bytes)
$SignString89 will be placed at 8025589C (length = 14 bytes)
$SignString88 will be placed at 802558B0 (length = 14 bytes)
$SignString87 will be placed at 802558C4 (length = 14 bytes)
$SignString86 will be placed at 802558D8 (length = 14 bytes)
$SignString85 will be placed at 802558EC (length = 14 bytes)
$SignString84 will be placed at 80255900 (length = 14 bytes)
$SignString83 will be placed at 80255914 (length = 14 bytes)
$SignString82 will be placed at 80255928 (length = 14 bytes)
$SignString81 will be placed at 8025593C (length = 14 bytes)
$SignString80 will be placed at 80255950 (length = 14 bytes)
$SignString19 will be placed at 80255964 (length = 14 bytes)
$SignString18 will be placed at 80255978 (length = 14 bytes)
$SignString17 will be placed at 8025598C (length = 14 bytes)
$SignString16 will be placed at 802559A0 (length = 14 bytes)
$SignString15 will be placed at 802559B4 (length = 14 bytes)
$SignString14 will be placed at 802559C8 (length = 14 bytes)
$SignString13 will be placed at 802559DC (length = 14 bytes)
$SignString12 will be placed at 802559F0 (length = 14 bytes)
$SignString11 will be placed at 80255A04 (length = 14 bytes)
$SignString10 will be placed at 80255A18 (length = 14 bytes)
$SignString3 will be placed at 80255A2C (length = 14 bytes)
$SignString2 will be placed at 80255A40 (length = 14 bytes)
$SignString5 will be placed at 80255A54 (length = 14 bytes)
$SignString4 will be placed at 80255A68 (length = 14 bytes)
$SignString7 will be placed at 80255A7C (length = 14 bytes)
$SignString6 will be placed at 80255A90 (length = 14 bytes)
$SignString9 will be placed at 80255AA4 (length = 14 bytes)
$SignString8 will be placed at 80255AB8 (length = 14 bytes)
$SignString29 will be placed at 80255ACC (length = 14 bytes)
$SignString28 will be placed at 80255AE0 (length = 14 bytes)
$SignString27 will be placed at 80255AF4 (length = 14 bytes)
$SignString26 will be placed at 80255B08 (length = 14 bytes)
$SignString25 will be placed at 80255B1C (length = 14 bytes)
$SignString24 will be placed at 80255B30 (length = 14 bytes)
$SignString23 will be placed at 80255B44 (length = 14 bytes)
$SignString22 will be placed at 80255B58 (length = 14 bytes)
$SignString21 will be placed at 80255B6C (length = 14 bytes)
$SignString20 will be placed at 80255B80 (length = 14 bytes)
$SignString will be placed at 80255B94 (length = 14 bytes)
$SignString39 will be placed at 80255BA8 (length = 14 bytes)
$SignString38 will be placed at 80255BBC (length = 14 bytes)
$SignString37 will be placed at 80255BD0 (length = 14 bytes)
$SignString36 will be placed at 80255BE4 (length = 14 bytes)
$SignString35 will be placed at 80255BF8 (length = 14 bytes)
$SignString34 will be placed at 80255C0C (length = 14 bytes)
$SignString33 will be placed at 80255C20 (length = 14 bytes)
$SignString32 will be placed at 80255C34 (length = 14 bytes)
$SignString31 will be placed at 80255C48 (length = 14 bytes)
$SignString30 will be placed at 80255C5C (length = 14 bytes)
$SignString49 will be placed at 80255C70 (length = 14 bytes)
$SignString48 will be placed at 80255C84 (length = 14 bytes)
$SignString47 will be placed at 80255C98 (length = 14 bytes)
$SignString46 will be placed at 80255CAC (length = 14 bytes)
$SignString45 will be placed at 80255CC0 (length = 14 bytes)
$SignString44 will be placed at 80255CD4 (length = 14 bytes)
$SignString43 will be placed at 80255CE8 (length = 14 bytes)
$SignString42 will be placed at 80255CFC (length = 14 bytes)
$SignString41 will be placed at 80255D10 (length = 14 bytes)
$SignString40 will be placed at 80255D24 (length = 14 bytes)
$SignString99 will be placed at 80255D38 (length = 14 bytes)
$SignString98 will be placed at 80255D4C (length = 14 bytes)
$SignString97 will be placed at 80255D60 (length = 14 bytes)
$SignString96 will be placed at 80255D74 (length = 14 bytes)
$SignString95 will be placed at 80255D88 (length = 14 bytes)
$SignString94 will be placed at 80255D9C (length = 14 bytes)
$SignString93 will be placed at 80255DB0 (length = 14 bytes)
$SignString92 will be placed at 80255DC4 (length = 14 bytes)
$SignString91 will be placed at 80255DD8 (length = 14 bytes)
$SignString90 will be placed at 80255DEC (length = 14 bytes)
$ShopperAccepted will be placed at 80255E00 (length = 14 bytes)
$PartnerImage4 will be placed at 80255E14 (length = 10 bytes)
$PartnerImage5 will be placed at 80255E24 (length = 10 bytes)
$PartnerImage2 will be placed at 80255E34 (length = 10 bytes)
$PartnerImage8 will be placed at 80255E44 (length = 10 bytes)
$ASCII_pit_02_Literal will be placed at 80255E54 (length = C bytes)
$ASCII_pit_34_Literal will be placed at 80255E60 (length = C bytes)
$ASCII_pit_66_Literal will be placed at 80255E6C (length = C bytes)
$ASCII_pit_98_Literal will be placed at 80255E78 (length = C bytes)
$ASCII_pit_19_Literal will be placed at 80255E84 (length = C bytes)
$ASCII_pit_69_Literal will be placed at 80255E90 (length = C bytes)
$ASCII_pit_81_Literal will be placed at 80255E9C (length = C bytes)
$ASCII_pit_63_Literal will be placed at 80255EA8 (length = C bytes)
$ASCII_pit_95_Literal will be placed at 80255EB4 (length = C bytes)
$ASCII_pit_16_Literal will be placed at 80255EC0 (length = C bytes)
$ASCII_pit_37_Literal will be placed at 80255ECC (length = C bytes)
$ASCII_pit_05_Literal will be placed at 80255ED8 (length = C bytes)
$ASCII_pit_08_Literal will be placed at 80255EE4 (length = C bytes)
$ASCII_pit_87_Literal will be placed at 80255EF0 (length = C bytes)
$ASCII_pit_13_Literal will be placed at 80255EFC (length = C bytes)
$ASCII_pit_92_Literal will be placed at 80255F08 (length = C bytes)
$ASCII_pit_77_Literal will be placed at 80255F14 (length = C bytes)
$ASCII_pit_26_Literal will be placed at 80255F20 (length = C bytes)
$ASCII_pit_41_Literal will be placed at 80255F2C (length = C bytes)
$ASCII_pit_74_Literal will be placed at 80255F38 (length = C bytes)
$ASCII_pit_60_Literal will be placed at 80255F44 (length = C bytes)
$ASCII_pit_59_Literal will be placed at 80255F50 (length = C bytes)
$ASCII_pit_20_Literal will be placed at 80255F5C (length = C bytes)
$ASCII_pit_23_Literal will be placed at 80255F68 (length = C bytes)
$ASCII_pit_56_Literal will be placed at 80255F74 (length = C bytes)
$ASCII_pit_44_Literal will be placed at 80255F80 (length = C bytes)
$ASCII_pit_94_Literal will be placed at 80255F8C (length = C bytes)
$ASCII_pit_21_Literal will be placed at 80255F98 (length = C bytes)
$ASCII_pit_53_Literal will be placed at 80255FA4 (length = C bytes)
$ASCII_pit_09_Literal will be placed at 80255FB0 (length = C bytes)
$ASCII_pit_88_Literal will be placed at 80255FBC (length = C bytes)
$ASCII_pit_38_Literal will be placed at 80255FC8 (length = C bytes)
$ASCII_pit_76_Literal will be placed at 80255FD4 (length = C bytes)
$ASCII_pit_33_Literal will be placed at 80255FE0 (length = C bytes)
$ASCII_pit_99_Literal will be placed at 80255FEC (length = C bytes)
$ASCII_pit_71_Literal will be placed at 80255FF8 (length = C bytes)
$ASCII_pit_58_Literal will be placed at 80256004 (length = C bytes)
$ASCII_pit_64_Literal will be placed at 80256010 (length = C bytes)
$ASCII_pit_10_Literal will be placed at 8025601C (length = C bytes)
$ASCII_pit_45_Literal will be placed at 80256028 (length = C bytes)
$ASCII_pit_03_Literal will be placed at 80256034 (length = C bytes)
$ASCII_pit_82_Literal will be placed at 80256040 (length = C bytes)
$ASCII_pit_52_Literal will be placed at 8025604C (length = C bytes)
$ASCII_pit_70_Literal will be placed at 80256058 (length = C bytes)
$ASCII_pit_40_Literal will be placed at 80256064 (length = C bytes)
$ASCII_pit_39_Literal will be placed at 80256070 (length = C bytes)
$ASCII_pit_15_Literal will be placed at 8025607C (length = C bytes)
$ASCII_pit_27_Literal will be placed at 80256088 (length = C bytes)
$ASCII_pit_90_Literal will be placed at 80256094 (length = C bytes)
$ASCII_pit_57_Literal will be placed at 802560A0 (length = C bytes)
$ASCII_pit_72_Literal will be placed at 802560AC (length = C bytes)
$ASCII_pit_43_Literal will be placed at 802560B8 (length = C bytes)
$ASCII_pit_28_Literal will be placed at 802560C4 (length = C bytes)
$ASCII_pit_78_Literal will be placed at 802560D0 (length = C bytes)
$ASCII_pit_46_Literal will be placed at 802560DC (length = C bytes)
$ASCII_pit_22_Literal will be placed at 802560E8 (length = C bytes)
$ASCII_pit_25_Literal will be placed at 802560F4 (length = C bytes)
$ASCII_pit_54_Literal will be placed at 80256100 (length = C bytes)
$ASCII_pit_75_Literal will be placed at 8025610C (length = C bytes)
$ASCII_pit_32_Literal will be placed at 80256118 (length = C bytes)
$ASCII_pit_17_Literal will be placed at 80256124 (length = C bytes)
$ASCII_pit_49_Literal will be placed at 80256130 (length = C bytes)
$ASCII_pit_96_Literal will be placed at 8025613C (length = C bytes)
$ASCII_pit_68_Literal will be placed at 80256148 (length = C bytes)
$ASCII_pit_51_Literal will be placed at 80256154 (length = C bytes)
$ASCII_pit_04_Literal will be placed at 80256160 (length = C bytes)
$ASCII_pit_83_Literal will be placed at 8025616C (length = C bytes)
$ASCII_pit_86_Literal will be placed at 80256178 (length = C bytes)
$ASCII_pit_14_Literal will be placed at 80256184 (length = C bytes)
$ASCII_pit_93_Literal will be placed at 80256190 (length = C bytes)
$ASCII_pit_65_Literal will be placed at 8025619C (length = C bytes)
$ASCII_pit_07_Literal will be placed at 802561A8 (length = C bytes)
$ASCII_pit_35_Literal will be placed at 802561B4 (length = C bytes)
$ASCII_pit_11_Literal will be placed at 802561C0 (length = C bytes)
$ASCII_pit_89_Literal will be placed at 802561CC (length = C bytes)
$ASCII_pit_79_Literal will be placed at 802561D8 (length = C bytes)
$ASCII_pit_62_Literal will be placed at 802561E4 (length = C bytes)
$Init3-BRowf will be placed at 802561F0 (length = C bytes)
$ASCII_pit_47_Literal will be placed at 802561FC (length = C bytes)
$ASCII_pit_06_Literal will be placed at 80256208 (length = C bytes)
$ASCII_pit_24_Literal will be placed at 80256214 (length = C bytes)
$ASCII_pit_12_Literal will be placed at 80256220 (length = C bytes)
$ASCII_pit_01_Literal will be placed at 8025622C (length = C bytes)
$PartnerImage3 will be placed at 80256238 (length = C bytes)
$PartnerImage6 will be placed at 80256244 (length = C bytes)
$ASCII_pit_50_Literal will be placed at 80256250 (length = C bytes)
$PartnerImage1 will be placed at 8025625C (length = C bytes)
$ASCII_pit_67_Literal will be placed at 80256268 (length = C bytes)
$ASCII_pit_42_Literal will be placed at 80256274 (length = C bytes)
$PartnerImage7 will be placed at 80256280 (length = C bytes)
$ASCII_pit_80_Literal will be placed at 8025628C (length = C bytes)
$ASCII_pit_29_Literal will be placed at 80256298 (length = C bytes)
$ASCII_pit_30_Literal will be placed at 802562A4 (length = C bytes)
$ASCII_pit_00_Literal will be placed at 802562B0 (length = C bytes)
$ASCII_pit_36_Literal will be placed at 802562BC (length = C bytes)
$ASCII_pit_55_Literal will be placed at 802562C8 (length = C bytes)
$ASCII_pit_18_Literal will be placed at 802562D4 (length = C bytes)
$ASCII_pit_48_Literal will be placed at 802562E0 (length = C bytes)
$ASCII_pit_31_Literal will be placed at 802562EC (length = C bytes)
$ASCII_pit_91_Literal will be placed at 802562F8 (length = C bytes)
$ASCII_pit_97_Literal will be placed at 80256304 (length = C bytes)
$ASCII_pit_85_Literal will be placed at 80256310 (length = C bytes)
$ASCII_pit_73_Literal will be placed at 8025631C (length = C bytes)
$ASCII_pit_61_Literal will be placed at 80256328 (length = C bytes)
$ASCII_pit_100_Literal will be placed at 80256334 (length = 8 bytes)
$ASCII_pit_842_Literal will be placed at 8025633C (length = 8 bytes)
$ASCII_tik_tex_Literal will be placed at 80256344 (length = 8 bytes)
$No-BRowf will be placed at 8025634C (length = 4 bytes)
Executing patch: pit_61.mpat
Loaded map pit_61
Creating struct: $EntryList
Creating struct: $DeepestLevel
Creating struct: $TotalLevels
Creating struct: $LoadHighscores
Creating struct: $FallingDownPipe
Creating struct: $Function_GetPos
Creating struct: $Function2
Creating struct: $SetSpawns
Creating struct: $Script_SetNPCPos
Creating struct: $SwitchPath
Creating struct: $VectorList_80244998
Creating struct: $GetPos
Creating struct: $Function_GetDamageTaken
Creating struct: $Function_ResetDamage
Creating struct: $DispawnParthner
Creating struct: $RespawnParthner
Creating struct: $LoadMap
Creating struct: $Script_LoadMapMover_Roguelike
Creating struct: $GetFloor
Creating struct: $LoadCoinsMover
Creating struct: $LoadMapBandit
Creating struct: $GetFloorBandit
Creating struct: $SetSpawnsSpecial
Creating struct: $Function_LoadCoinsInToVar1
Creating struct: $Script_SetSpawnPosition
Creating struct: $Script_Init_80243B20
Creating struct: $Script_80243A6C
Creating struct: $Script_AddCoins
Creating struct: $Script_SubstractCoins
Creating struct: $NPC_Settings_Sack
Creating struct: $Script_Init_Bag
Creating struct: $Script_Init_Bag_HitBox
Creating struct: $Script_NPC_SackHit_Init
Creating struct: $Script_NPC_Sack_FX
Creating struct: $NPC_Sack_AnimationStart
Creating struct: $NPC_Sack_AnimationEnd
Creating struct: $Script_SackAnimation_Start_GoToTheRight
Creating struct: $Script_SackAnimation_Start_GoToTheLeft
Creating struct: $Script_SackAnimation_End_Right
Creating struct: $Script_SackAnimation_End_Left
Creating struct: $Function_LoadGainedCoins
Creating struct: $Function_RevivePlayer
Creating struct: $AISettings_MoneySack
Creating struct: $Script_NpcAI_MoneySack
Creating struct: $JumpTable_80242448
Creating struct: $Function_NpcAI_MoneySack
Creating struct: $Function_80240260
Creating struct: $Function_80240844
Creating struct: $Function_802409A8
Creating struct: $Script_TrackPlayer
Creating struct: $Script_PipeAnimation
Creating struct: $Function_SetAnimation
Creating struct: $Function_GetColliderPos
Creating struct: $Function_TrackInput
Creating struct: $GoToNextLevel
Creating struct: $GoToNextLevel_Roguelike
Creating struct: $Script_SetSetsOfLevels
Creating struct: $Script_LoadMap_Roguelike
Creating struct: $Script_LoadChestMap_Roguelike
Creating struct: $Script_LoadMap_Mover_Roguelike
Creating struct: $Script_LoadChestMap_Mover_Roguelike
Creating struct: $GetFloorPit
Creating struct: $GetFloorSign
Creating struct: $Function_GetTattle1
Creating struct: $Function_GetTattle2
Creating struct: $Script_ReadSign
Creating struct: $Header
Creating struct: $Function_Init
Creating struct: $Script_Main
Creating struct: $NpcGroup1
Creating struct: $NpcGroup2
Creating struct: $NpcGroup3
Creating struct: $NpcGroup4
Creating struct: $NpcGroup5
Creating struct: $NpcGroup6
Creating struct: $NpcGroup7
Creating struct: $NpcGroups
Creating struct: $NpcGroup_Mover
Creating struct: $BlankSettings
Creating struct: $Script_Init_Mover
Creating struct: $Interact_Mover
Creating struct: $Script_MoverWarpAnimation
Creating struct: $NpcGroup_BanditMover
Creating struct: $Script_Init_BanditMover
Creating struct: $Interact_BanditMover
Creating struct: $NpcGroup_SpinyA
Creating struct: $NpcGroup_SpinyB
Creating struct: $NpcGroup_SpinyC
Creating struct: $NpcGroup_SpinyD
Creating struct: $NpcGroup_Enemy1
Creating struct: $NpcGroup_Enemy2
Creating struct: $NpcGroup_Enemy3
Creating struct: $NpcGroup_Enemy4
Creating struct: $NpcGroup_Enemy5
Creating struct: $NpcGroup_Enemy6
Creating struct: $NpcSettings_Enemy1
Creating struct: $NpcSettings_Spiny
Creating struct: $Script_SpinyOutcome
Creating struct: $Script_SpinyAI
Creating struct: $AISettings_Spiny
Creating struct: $Function_80242918
Creating struct: $Function_80242144
Creating struct: $Function_802421C0
Creating struct: $Function_802422F4
Creating struct: $Function_80242458
Creating struct: $Script_EnemyAI
Creating struct: $ConstDouble_802453B8
Creating struct: $ConstDouble_80245358
Creating struct: $ConstDouble_80245300
Creating struct: $AISettings_Enemy
Creating struct: $Function_80241C64
Creating struct: $Function_80241258
Creating struct: $Function_80240070
Creating struct: $Function_80240848
Creating struct: $Function_802415B0
Creating struct: $Function_80241A14
Creating struct: $Function_80241568
Creating struct: $Function_80240D30
Creating struct: $Function_80240E64
Creating struct: $Function_80240EC8
Creating struct: $Script_DisableEnemyAI
Creating struct: $AISettings_DisableEnemy
Creating struct: $PipeSpawning
Creating struct: $Script_MakeEntities
Creating struct: $CommingDownPipe
Creating struct: $Script_MakeExits
Creating struct: $Script_Exit0
Merged 1 regions to 1
$Script_LoadMap_Mover_Roguelike will be placed at 80240000 (length = F14 bytes)
$LoadMap will be placed at 80240F14 (length = EF4 bytes)
$Script_ReadSign will be placed at 80241E08 (length = EEC bytes)
$LoadMapBandit will be placed at 80242CF4 (length = EA4 bytes)
$Script_LoadMap_Roguelike will be placed at 80243B98 (length = D9C bytes)
$GoToNextLevel will be placed at 80244934 (length = D10 bytes)
$Function_80242918 will be placed at 80245644 (length = 8F4 bytes)
$GoToNextLevel_Roguelike will be placed at 80245F38 (length = 868 bytes)
$SetSpawnsSpecial will be placed at 802467A0 (length = 608 bytes)
$Function_80240260 will be placed at 80246DA8 (length = 5E4 bytes)
$Function_80241C64 will be placed at 8024738C (length = 4E0 bytes)
$Function_802415B0 will be placed at 8024786C (length = 464 bytes)
$Function_80240EC8 will be placed at 80247CD0 (length = 390 bytes)
$SetSpawns will be placed at 80248060 (length = 384 bytes)
$FallingDownPipe will be placed at 802483E4 (length = 37C bytes)
$Script_SetSetsOfLevels will be placed at 80248760 (length = 358 bytes)
$Script_SetNPCPos will be placed at 80248AB8 (length = 2F4 bytes)
$Function_80241A14 will be placed at 80248DAC (length = 250 bytes)
$Function_NpcAI_MoneySack will be placed at 80248FFC (length = 238 bytes)
$Script_SetSpawnPosition will be placed at 80249234 (length = 234 bytes)
$Script_SackAnimation_Start_GoToTheRight will be placed at 80249468 (length = 230 bytes)
$Script_Main will be placed at 80249698 (length = 218 bytes)
$Script_SackAnimation_Start_GoToTheLeft will be placed at 802498B0 (length = 1F8 bytes)
$Interact_Mover will be placed at 80249AA8 (length = 1F8 bytes)
$NpcGroup_Enemy3 will be placed at 80249CA0 (length = 1F0 bytes)
$NpcGroup_Enemy4 will be placed at 80249E90 (length = 1F0 bytes)
$NpcGroup_Enemy5 will be placed at 8024A080 (length = 1F0 bytes)
$NpcGroup_Enemy6 will be placed at 8024A270 (length = 1F0 bytes)
$NpcGroup_Enemy1 will be placed at 8024A460 (length = 1F0 bytes)
$NpcGroup_Enemy2 will be placed at 8024A650 (length = 1F0 bytes)
$NpcGroup_Mover will be placed at 8024A840 (length = 1F0 bytes)
$NpcGroup_SpinyD will be placed at 8024AA30 (length = 1F0 bytes)
$NpcGroup_SpinyB will be placed at 8024AC20 (length = 1F0 bytes)
$NpcGroup_SpinyC will be placed at 8024AE10 (length = 1F0 bytes)
$NpcGroup_SpinyA will be placed at 8024B000 (length = 1F0 bytes)
$NpcGroup_BanditMover will be placed at 8024B1F0 (length = 1F0 bytes)
$Interact_BanditMover will be placed at 8024B3E0 (length = 1EC bytes)
$Script_PipeAnimation will be placed at 8024B5CC (length = 1D0 bytes)
$Function_80240070 will be placed at 8024B79C (length = 1A8 bytes)
$JumpTable_80242448 will be placed at 8024B944 (length = 190 bytes)
$Script_LoadChestMap_Mover_Roguelike will be placed at 8024BAD4 (length = 18C bytes)
$PipeSpawning will be placed at 8024BC60 (length = 178 bytes)
$NPC_Sack_AnimationStart will be placed at 8024BDD8 (length = 168 bytes)
$Function_80240844 will be placed at 8024BF40 (length = 164 bytes)
$Function_802422F4 will be placed at 8024C0A4 (length = 164 bytes)
$Script_LoadChestMap_Roguelike will be placed at 8024C208 (length = 164 bytes)
$Script_NPC_SackHit_Init will be placed at 8024C36C (length = 160 bytes)
$Script_SackAnimation_End_Right will be placed at 8024C4CC (length = 158 bytes)
$Script_SackAnimation_End_Left will be placed at 8024C624 (length = 150 bytes)
$MapTattle5 will be placed at 8024C774 (length = 13C bytes)
$Function_80240D30 will be placed at 8024C8B0 (length = 134 bytes)
$MapTattle4 will be placed at 8024C9E4 (length = 130 bytes)
$Function_802421C0 will be placed at 8024CB14 (length = 12C bytes)
$GetFloor will be placed at 8024CC40 (length = 12C bytes)
$Function_80241258 will be placed at 8024CD6C (length = 124 bytes)
$BanditMover_Tattle will be placed at 8024CE90 (length = 124 bytes)
$Script_80243A6C will be placed at 8024CFB4 (length = 114 bytes)
$Script_SubstractCoins will be placed at 8024D0C8 (length = 10C bytes)
$Script_LoadMapMover_Roguelike will be placed at 8024D1D4 (length = 104 bytes)
$GetFloorBandit will be placed at 8024D2D8 (length = F4 bytes)
$Script_MoverWarpAnimation will be placed at 8024D3CC (length = F0 bytes)
$Function_GetColliderPos will be placed at 8024D4BC (length = E0 bytes)
$Function_GetPos will be placed at 8024D59C (length = E0 bytes)
$Script_TrackPlayer will be placed at 8024D67C (length = DC bytes)
$MapTattle2 will be placed at 8024D758 (length = D4 bytes)
$Script_SpinyOutcome will be placed at 8024D82C (length = CC bytes)
$Function_80240848 will be placed at 8024D8F8 (length = C0 bytes)
$Function_TrackInput will be placed at 8024D9B8 (length = BC bytes)
$MapTattle3 will be placed at 8024DA74 (length = B0 bytes)
$Script_MakeEntities will be placed at 8024DB24 (length = A8 bytes)
$MapTattle1 will be placed at 8024DBCC (length = A8 bytes)
$Script_NpcAI_MoneySack will be placed at 8024DC74 (length = A8 bytes)
$MoverStart will be placed at 8024DD1C (length = A4 bytes)
$SwitchPath will be placed at 8024DDC0 (length = A4 bytes)
$Script_NPC_Sack_FX will be placed at 8024DE64 (length = A4 bytes)
$NpcGroups will be placed at 8024DF08 (length = 9C bytes)
$GetPos will be placed at 8024DFA4 (length = 9C bytes)
$Script_AddCoins will be placed at 8024E040 (length = 98 bytes)
$BanditMoverStart will be placed at 8024E0D8 (length = 98 bytes)
$Mover_Tattle will be placed at 8024E170 (length = 94 bytes)
$Function_GetTattle1 will be placed at 8024E204 (length = 8C bytes)
$NPC_Sack_AnimationEnd will be placed at 8024E290 (length = 84 bytes)
$Function_80242458 will be placed at 8024E314 (length = 80 bytes)
$BanditMover_Options will be placed at 8024E394 (length = 80 bytes)
$Function_80242144 will be placed at 8024E414 (length = 7C bytes)
$SignStringBug will be placed at 8024E490 (length = 7C bytes)
$LoadHighscores will be placed at 8024E50C (length = 7C bytes)
$Mover_Options will be placed at 8024E588 (length = 78 bytes)
$Script_SpinyAI will be placed at 8024E600 (length = 70 bytes)
$Script_EnemyAI will be placed at 8024E670 (length = 70 bytes)
$DeepestLevel will be placed at 8024E6E0 (length = 6C bytes)
$Function2 will be placed at 8024E74C (length = 6C bytes)
$LoadCoinsMover will be placed at 8024E7B8 (length = 6C bytes)
$Function_SetAnimation will be placed at 8024E824 (length = 6C bytes)
$GetFloorPit will be placed at 8024E890 (length = 68 bytes)
$MoverEnd will be placed at 8024E8F8 (length = 68 bytes)
$BanditMoverEnd will be placed at 8024E960 (length = 68 bytes)
$GetFloorSign will be placed at 8024E9C8 (length = 64 bytes)
$Function_80240E64 will be placed at 8024EA2C (length = 64 bytes)
$BanditMoverNoCoins will be placed at 8024EA90 (length = 58 bytes)
$MoverNoCoins will be placed at 8024EAE8 (length = 58 bytes)
$Function_GetTattle2 will be placed at 8024EB40 (length = 48 bytes)
$NpcGroup6 will be placed at 8024EB88 (length = 48 bytes)
$NpcGroup3 will be placed at 8024EBD0 (length = 48 bytes)
$NpcGroup2 will be placed at 8024EC18 (length = 48 bytes)
$NpcGroup5 will be placed at 8024EC60 (length = 48 bytes)
$NpcGroup4 will be placed at 8024ECA8 (length = 48 bytes)
$NpcGroup1 will be placed at 8024ECF0 (length = 48 bytes)
$CommingDownPipe will be placed at 8024ED38 (length = 48 bytes)
$Function_80241568 will be placed at 8024ED80 (length = 48 bytes)
$Script_Exit0 will be placed at 8024EDC8 (length = 48 bytes)
$Function_LoadCoinsInToVar1 will be placed at 8024EE10 (length = 48 bytes)
$Function_LoadGainedCoins will be placed at 8024EE58 (length = 48 bytes)
$Function_Init will be placed at 8024EEA0 (length = 44 bytes)
$Function_802409A8 will be placed at 8024EEE4 (length = 44 bytes)
$Header will be placed at 8024EF28 (length = 40 bytes)
$Script_Init_Bag will be placed at 8024EF68 (length = 38 bytes)
$TotalLevels will be placed at 8024EFA0 (length = 38 bytes)
$Script_Init_Bag_HitBox will be placed at 8024EFD8 (length = 38 bytes)
$DispawnParthner will be placed at 8024F010 (length = 34 bytes)
$Function_ResetDamage will be placed at 8024F044 (length = 34 bytes)
$AISettings_Spiny will be placed at 8024F078 (length = 30 bytes)
$AISettings_MoneySack will be placed at 8024F0A8 (length = 30 bytes)
$AISettings_Enemy will be placed at 8024F0D8 (length = 30 bytes)
$AISettings_DisableEnemy will be placed at 8024F108 (length = 30 bytes)
$RespawnParthner will be placed at 8024F138 (length = 30 bytes)
$NPC_Settings_Sack will be placed at 8024F168 (length = 2C bytes)
$Function_GetDamageTaken will be placed at 8024F194 (length = 2C bytes)
$NpcSettings_Enemy1 will be placed at 8024F1C0 (length = 2C bytes)
$Function_RevivePlayer will be placed at 8024F1EC (length = 2C bytes)
$NpcSettings_Spiny will be placed at 8024F218 (length = 2C bytes)
$String_CoinsGained will be placed at 8024F244 (length = 2C bytes)
$BlankSettings will be placed at 8024F270 (length = 2C bytes)
$Script_MakeExits will be placed at 8024F29C (length = 2C bytes)
$NpcGroup7 will be placed at 8024F2C8 (length = 24 bytes)
$VectorList_80244998 will be placed at 8024F2EC (length = 24 bytes)
$Script_Init_80243B20 will be placed at 8024F310 (length = 24 bytes)
$Script_Init_Mover will be placed at 8024F334 (length = 24 bytes)
$Script_Init_BanditMover will be placed at 8024F358 (length = 24 bytes)
$Script_DisableEnemyAI will be placed at 8024F37C (length = 20 bytes)
$EntryList will be placed at 8024F39C (length = 20 bytes)
$SignString100 will be placed at 8024F3BC (length = 18 bytes)
$SignString1 will be placed at 8024F3D4 (length = 14 bytes)
$SignString99 will be placed at 8024F3E8 (length = 14 bytes)
$SignString98 will be placed at 8024F3FC (length = 14 bytes)
$SignString97 will be placed at 8024F410 (length = 14 bytes)
$SignString96 will be placed at 8024F424 (length = 14 bytes)
$SignString95 will be placed at 8024F438 (length = 14 bytes)
$SignString94 will be placed at 8024F44C (length = 14 bytes)
$SignString93 will be placed at 8024F460 (length = 14 bytes)
$SignString92 will be placed at 8024F474 (length = 14 bytes)
$SignString91 will be placed at 8024F488 (length = 14 bytes)
$SignString90 will be placed at 8024F49C (length = 14 bytes)
$SignString59 will be placed at 8024F4B0 (length = 14 bytes)
$SignString58 will be placed at 8024F4C4 (length = 14 bytes)
$SignString57 will be placed at 8024F4D8 (length = 14 bytes)
$SignString56 will be placed at 8024F4EC (length = 14 bytes)
$SignString55 will be placed at 8024F500 (length = 14 bytes)
$SignString54 will be placed at 8024F514 (length = 14 bytes)
$SignString53 will be placed at 8024F528 (length = 14 bytes)
$SignString52 will be placed at 8024F53C (length = 14 bytes)
$SignString51 will be placed at 8024F550 (length = 14 bytes)
$SignString50 will be placed at 8024F564 (length = 14 bytes)
$SignString69 will be placed at 8024F578 (length = 14 bytes)
$SignString68 will be placed at 8024F58C (length = 14 bytes)
$SignString67 will be placed at 8024F5A0 (length = 14 bytes)
$SignString66 will be placed at 8024F5B4 (length = 14 bytes)
$SignString65 will be placed at 8024F5C8 (length = 14 bytes)
$SignString64 will be placed at 8024F5DC (length = 14 bytes)
$SignString63 will be placed at 8024F5F0 (length = 14 bytes)
$SignString62 will be placed at 8024F604 (length = 14 bytes)
$SignString61 will be placed at 8024F618 (length = 14 bytes)
$SignString60 will be placed at 8024F62C (length = 14 bytes)
$SignString79 will be placed at 8024F640 (length = 14 bytes)
$SignString78 will be placed at 8024F654 (length = 14 bytes)
$SignString77 will be placed at 8024F668 (length = 14 bytes)
$SignString76 will be placed at 8024F67C (length = 14 bytes)
$SignString75 will be placed at 8024F690 (length = 14 bytes)
$SignString74 will be placed at 8024F6A4 (length = 14 bytes)
$SignString73 will be placed at 8024F6B8 (length = 14 bytes)
$SignString72 will be placed at 8024F6CC (length = 14 bytes)
$SignString71 will be placed at 8024F6E0 (length = 14 bytes)
$SignString70 will be placed at 8024F6F4 (length = 14 bytes)
$SignString89 will be placed at 8024F708 (length = 14 bytes)
$SignString88 will be placed at 8024F71C (length = 14 bytes)
$SignString87 will be placed at 8024F730 (length = 14 bytes)
$SignString86 will be placed at 8024F744 (length = 14 bytes)
$SignString85 will be placed at 8024F758 (length = 14 bytes)
$SignString84 will be placed at 8024F76C (length = 14 bytes)
$SignString83 will be placed at 8024F780 (length = 14 bytes)
$SignString82 will be placed at 8024F794 (length = 14 bytes)
$SignString81 will be placed at 8024F7A8 (length = 14 bytes)
$SignString80 will be placed at 8024F7BC (length = 14 bytes)
$SignString19 will be placed at 8024F7D0 (length = 14 bytes)
$SignString18 will be placed at 8024F7E4 (length = 14 bytes)
$SignString17 will be placed at 8024F7F8 (length = 14 bytes)
$SignString16 will be placed at 8024F80C (length = 14 bytes)
$SignString15 will be placed at 8024F820 (length = 14 bytes)
$SignString14 will be placed at 8024F834 (length = 14 bytes)
$SignString13 will be placed at 8024F848 (length = 14 bytes)
$SignString12 will be placed at 8024F85C (length = 14 bytes)
$SignString11 will be placed at 8024F870 (length = 14 bytes)
$SignString10 will be placed at 8024F884 (length = 14 bytes)
$SignString3 will be placed at 8024F898 (length = 14 bytes)
$SignString2 will be placed at 8024F8AC (length = 14 bytes)
$SignString5 will be placed at 8024F8C0 (length = 14 bytes)
$SignString4 will be placed at 8024F8D4 (length = 14 bytes)
$SignString7 will be placed at 8024F8E8 (length = 14 bytes)
$SignString6 will be placed at 8024F8FC (length = 14 bytes)
$SignString9 will be placed at 8024F910 (length = 14 bytes)
$SignString8 will be placed at 8024F924 (length = 14 bytes)
$SignString29 will be placed at 8024F938 (length = 14 bytes)
$SignString28 will be placed at 8024F94C (length = 14 bytes)
$SignString27 will be placed at 8024F960 (length = 14 bytes)
$SignString26 will be placed at 8024F974 (length = 14 bytes)
$SignString25 will be placed at 8024F988 (length = 14 bytes)
$SignString24 will be placed at 8024F99C (length = 14 bytes)
$SignString23 will be placed at 8024F9B0 (length = 14 bytes)
$SignString22 will be placed at 8024F9C4 (length = 14 bytes)
$SignString21 will be placed at 8024F9D8 (length = 14 bytes)
$SignString20 will be placed at 8024F9EC (length = 14 bytes)
$SignString will be placed at 8024FA00 (length = 14 bytes)
$SignString39 will be placed at 8024FA14 (length = 14 bytes)
$SignString38 will be placed at 8024FA28 (length = 14 bytes)
$SignString37 will be placed at 8024FA3C (length = 14 bytes)
$SignString36 will be placed at 8024FA50 (length = 14 bytes)
$SignString35 will be placed at 8024FA64 (length = 14 bytes)
$SignString34 will be placed at 8024FA78 (length = 14 bytes)
$SignString33 will be placed at 8024FA8C (length = 14 bytes)
$SignString32 will be placed at 8024FAA0 (length = 14 bytes)
$SignString31 will be placed at 8024FAB4 (length = 14 bytes)
$SignString30 will be placed at 8024FAC8 (length = 14 bytes)
$SignString49 will be placed at 8024FADC (length = 14 bytes)
$SignString48 will be placed at 8024FAF0 (length = 14 bytes)
$SignString47 will be placed at 8024FB04 (length = 14 bytes)
$SignString46 will be placed at 8024FB18 (length = 14 bytes)
$SignString45 will be placed at 8024FB2C (length = 14 bytes)
$SignString44 will be placed at 8024FB40 (length = 14 bytes)
$SignString43 will be placed at 8024FB54 (length = 14 bytes)
$SignString42 will be placed at 8024FB68 (length = 14 bytes)
$SignString41 will be placed at 8024FB7C (length = 14 bytes)
$SignString40 will be placed at 8024FB90 (length = 14 bytes)
$ASCII_pit_02_Literal will be placed at 8024FBA4 (length = C bytes)
$ASCII_pit_90_Literal will be placed at 8024FBB0 (length = C bytes)
$ASCII_pit_34_Literal will be placed at 8024FBBC (length = C bytes)
$ASCII_pit_66_Literal will be placed at 8024FBC8 (length = C bytes)
$ASCII_pit_98_Literal will be placed at 8024FBD4 (length = C bytes)
$ASCII_pit_19_Literal will be placed at 8024FBE0 (length = C bytes)
$ASCII_pit_57_Literal will be placed at 8024FBEC (length = C bytes)
$ASCII_pit_69_Literal will be placed at 8024FBF8 (length = C bytes)
$ASCII_pit_72_Literal will be placed at 8024FC04 (length = C bytes)
$ASCII_pit_81_Literal will be placed at 8024FC10 (length = C bytes)
$ASCII_pit_43_Literal will be placed at 8024FC1C (length = C bytes)
$ASCII_pit_28_Literal will be placed at 8024FC28 (length = C bytes)
$ASCII_pit_78_Literal will be placed at 8024FC34 (length = C bytes)
$ASCII_pit_63_Literal will be placed at 8024FC40 (length = C bytes)
$ASCII_pit_46_Literal will be placed at 8024FC4C (length = C bytes)
$ASCII_pit_95_Literal will be placed at 8024FC58 (length = C bytes)
$ASCII_pit_16_Literal will be placed at 8024FC64 (length = C bytes)
$ASCII_pit_37_Literal will be placed at 8024FC70 (length = C bytes)
$ASCII_pit_22_Literal will be placed at 8024FC7C (length = C bytes)
$ASCII_pit_05_Literal will be placed at 8024FC88 (length = C bytes)
$ASCII_pit_25_Literal will be placed at 8024FC94 (length = C bytes)
$ASCII_pit_54_Literal will be placed at 8024FCA0 (length = C bytes)
$ASCII_pit_08_Literal will be placed at 8024FCAC (length = C bytes)
$ASCII_pit_87_Literal will be placed at 8024FCB8 (length = C bytes)
$ASCII_pit_75_Literal will be placed at 8024FCC4 (length = C bytes)
$ASCII_pit_13_Literal will be placed at 8024FCD0 (length = C bytes)
$ASCII_pit_32_Literal will be placed at 8024FCDC (length = C bytes)
$ASCII_pit_92_Literal will be placed at 8024FCE8 (length = C bytes)
$ASCII_pit_17_Literal will be placed at 8024FCF4 (length = C bytes)
$ASCII_pit_49_Literal will be placed at 8024FD00 (length = C bytes)
$ASCII_pit_77_Literal will be placed at 8024FD0C (length = C bytes)
$ASCII_pit_96_Literal will be placed at 8024FD18 (length = C bytes)
$ASCII_pit_68_Literal will be placed at 8024FD24 (length = C bytes)
$ASCII_pit_51_Literal will be placed at 8024FD30 (length = C bytes)
$ASCII_pit_04_Literal will be placed at 8024FD3C (length = C bytes)
$ASCII_pit_83_Literal will be placed at 8024FD48 (length = C bytes)
$ASCII_pit_86_Literal will be placed at 8024FD54 (length = C bytes)
$ASCII_pit_26_Literal will be placed at 8024FD60 (length = C bytes)
$ASCII_pit_41_Literal will be placed at 8024FD6C (length = C bytes)
$ASCII_pit_14_Literal will be placed at 8024FD78 (length = C bytes)
$ASCII_pit_74_Literal will be placed at 8024FD84 (length = C bytes)
$ASCII_pit_60_Literal will be placed at 8024FD90 (length = C bytes)
$ASCII_pit_59_Literal will be placed at 8024FD9C (length = C bytes)
$ASCII_pit_93_Literal will be placed at 8024FDA8 (length = C bytes)
$ASCII_pit_65_Literal will be placed at 8024FDB4 (length = C bytes)
$ASCII_pit_07_Literal will be placed at 8024FDC0 (length = C bytes)
$ASCII_pit_20_Literal will be placed at 8024FDCC (length = C bytes)
$ASCII_pit_35_Literal will be placed at 8024FDD8 (length = C bytes)
$ASCII_pit_23_Literal will be placed at 8024FDE4 (length = C bytes)
$ASCII_pit_11_Literal will be placed at 8024FDF0 (length = C bytes)
$ASCII_pit_56_Literal will be placed at 8024FDFC (length = C bytes)
$ASCII_pit_44_Literal will be placed at 8024FE08 (length = C bytes)
$ASCII_pit_89_Literal will be placed at 8024FE14 (length = C bytes)
$ASCII_pit_79_Literal will be placed at 8024FE20 (length = C bytes)
$ASCII_pit_62_Literal will be placed at 8024FE2C (length = C bytes)
$ASCII_pit_94_Literal will be placed at 8024FE38 (length = C bytes)
$ASCII_pit_47_Literal will be placed at 8024FE44 (length = C bytes)
$ASCII_pit_21_Literal will be placed at 8024FE50 (length = C bytes)
$ASCII_pit_06_Literal will be placed at 8024FE5C (length = C bytes)
$ASCII_pit_53_Literal will be placed at 8024FE68 (length = C bytes)
$ASCII_pit_09_Literal will be placed at 8024FE74 (length = C bytes)
$ASCII_pit_88_Literal will be placed at 8024FE80 (length = C bytes)
$ASCII_pit_38_Literal will be placed at 8024FE8C (length = C bytes)
$ASCII_pit_24_Literal will be placed at 8024FE98 (length = C bytes)
$ASCII_pit_12_Literal will be placed at 8024FEA4 (length = C bytes)
$ASCII_pit_76_Literal will be placed at 8024FEB0 (length = C bytes)
$ASCII_pit_01_Literal will be placed at 8024FEBC (length = C bytes)
$ASCII_pit_50_Literal will be placed at 8024FEC8 (length = C bytes)
$ASCII_pit_33_Literal will be placed at 8024FED4 (length = C bytes)
$ASCII_pit_99_Literal will be placed at 8024FEE0 (length = C bytes)
$ASCII_pit_67_Literal will be placed at 8024FEEC (length = C bytes)
$ASCII_pit_71_Literal will be placed at 8024FEF8 (length = C bytes)
$ASCII_pit_42_Literal will be placed at 8024FF04 (length = C bytes)
$ASCII_pit_80_Literal will be placed at 8024FF10 (length = C bytes)
$ASCII_pit_29_Literal will be placed at 8024FF1C (length = C bytes)
$ASCII_pit_58_Literal will be placed at 8024FF28 (length = C bytes)
$ASCII_pit_30_Literal will be placed at 8024FF34 (length = C bytes)
$ASCII_pit_00_Literal will be placed at 8024FF40 (length = C bytes)
$ASCII_pit_64_Literal will be placed at 8024FF4C (length = C bytes)
$ASCII_pit_36_Literal will be placed at 8024FF58 (length = C bytes)
$ASCII_pit_55_Literal will be placed at 8024FF64 (length = C bytes)
$ASCII_pit_10_Literal will be placed at 8024FF70 (length = C bytes)
$ASCII_pit_45_Literal will be placed at 8024FF7C (length = C bytes)
$ASCII_pit_18_Literal will be placed at 8024FF88 (length = C bytes)
$ASCII_pit_48_Literal will be placed at 8024FF94 (length = C bytes)
$ASCII_pit_03_Literal will be placed at 8024FFA0 (length = C bytes)
$ASCII_pit_31_Literal will be placed at 8024FFAC (length = C bytes)
$ASCII_pit_91_Literal will be placed at 8024FFB8 (length = C bytes)
$ASCII_pit_97_Literal will be placed at 8024FFC4 (length = C bytes)
$ASCII_pit_82_Literal will be placed at 8024FFD0 (length = C bytes)
$ASCII_pit_52_Literal will be placed at 8024FFDC (length = C bytes)
$ASCII_pit_70_Literal will be placed at 8024FFE8 (length = C bytes)
$ASCII_pit_85_Literal will be placed at 8024FFF4 (length = C bytes)
$ASCII_pit_40_Literal will be placed at 80250000 (length = C bytes)
$ASCII_pit_39_Literal will be placed at 8025000C (length = C bytes)
$ASCII_pit_73_Literal will be placed at 80250018 (length = C bytes)
$ASCII_pit_15_Literal will be placed at 80250024 (length = C bytes)
$ASCII_pit_27_Literal will be placed at 80250030 (length = C bytes)
$ASCII_pit_61_Literal will be placed at 8025003C (length = C bytes)
$ConstDouble_80245358 will be placed at 80250048 (length = 8 bytes)
$ConstDouble_802453B8 will be placed at 80250050 (length = 8 bytes)
$ASCII_pit_842_Literal will be placed at 80250058 (length = 8 bytes)
$ASCII_pit_100_Literal will be placed at 80250060 (length = 8 bytes)
$ASCII_tik_tex_Literal will be placed at 80250068 (length = 8 bytes)
$ConstDouble_80245300 will be placed at 80250070 (length = 8 bytes)
$MoverCancel will be placed at 80250078 (length = 4 bytes)
$BanditMoverCancel will be placed at 8025007C (length = 4 bytes)
Executing patch: pit_62.mpat
Loaded map pit_51
Creating struct: $EntryList
Creating struct: $DeepestLevel
Creating struct: $TotalLevels
Creating struct: $LoadHighscores
Creating struct: $FallingDownPipe
Creating struct: $Function_GetPos
Creating struct: $Function2
Creating struct: $SetSpawns
Creating struct: $Script_SetNPCPos
Creating struct: $SwitchPath
Creating struct: $VectorList_80244998
Creating struct: $GetPos
Creating struct: $Function_GetDamageTaken
Creating struct: $Function_ResetDamage
Creating struct: $DispawnParthner
Creating struct: $RespawnParthner
Creating struct: $LoadMap
Creating struct: $Script_LoadMapMover_Roguelike
Creating struct: $GetFloor
Creating struct: $LoadCoinsMover
Creating struct: $LoadMapBandit
Creating struct: $GetFloorBandit
Creating struct: $Script_Init_80243B20
Creating struct: $Script_80243A6C
Creating struct: $Script_AddCoins
Creating struct: $Script_SubstractCoins
Creating struct: $NPC_Settings_Sack
Creating struct: $Script_Init_Bag
Creating struct: $Script_Init_Bag_HitBox
Creating struct: $Script_NPC_SackHit_Init
Creating struct: $Script_NPC_Sack_FX
Creating struct: $NPC_Sack_AnimationStart
Creating struct: $NPC_Sack_AnimationEnd
Creating struct: $Script_SackAnimation_Start_GoToTheRight
Creating struct: $Script_SackAnimation_Start_GoToTheLeft
Creating struct: $Script_SackAnimation_End_Right
Creating struct: $Script_SackAnimation_End_Left
Creating struct: $Function_LoadGainedCoins
Creating struct: $Function_RevivePlayer
Creating struct: $AISettings_MoneySack
Creating struct: $Script_NpcAI_MoneySack
Creating struct: $JumpTable_80242448
Creating struct: $Function_NpcAI_MoneySack
Creating struct: $Function_80240260
Creating struct: $Function_80240844
Creating struct: $Function_802409A8
Creating struct: $Script_TrackPlayer
Creating struct: $Script_PipeAnimation
Creating struct: $Function_SetAnimation
Creating struct: $Function_GetColliderPos
Creating struct: $Function_TrackInput
Creating struct: $GoToNextLevel
Creating struct: $GoToNextLevel_Roguelike
Creating struct: $Script_SetSetsOfLevels
Creating struct: $Script_LoadMap_Roguelike
Creating struct: $Script_LoadChestMap_Roguelike
Creating struct: $Script_LoadMap_Mover_Roguelike
Creating struct: $Script_LoadChestMap_Mover_Roguelike
Creating struct: $GetFloorPit
Creating struct: $GetFloorSign
Creating struct: $Function_GetTattle1
Creating struct: $Function_GetTattle2
Creating struct: $Script_ReadSign
Creating struct: $Header
Creating struct: $Function_Init
Creating struct: $Script_Main
Creating struct: $NpcGroups
Creating struct: $NpcGroup_Mover
Creating struct: $BlankSettings
Creating struct: $Script_Init_Mover
Creating struct: $Interact_Mover
Creating struct: $Script_MoverWarpAnimation
Creating struct: $NpcGroup_BanditMover
Creating struct: $Script_Init_BanditMover
Creating struct: $Interact_BanditMover
Creating struct: $NpcGroup_Enemy1
Creating struct: $NpcGroup_Enemy2
Creating struct: $NpcGroup_Enemy3
Creating struct: $NpcGroup_Enemy4
Creating struct: $NpcGroup_Enemy5
Creating struct: $NpcGroup_Enemy6
Creating struct: $NpcSettings_Enemy1
Creating struct: $Script_EnemyAI
Creating struct: $AISettings_Enemy
Creating struct: $ConstDouble_802471E0
Creating struct: $JumpTable_802471E8
Creating struct: $Function_802406A4
Creating struct: $Function_80240310
Creating struct: $Function_8024038C
Creating struct: $Function_802404C0
Creating struct: $Function_80240624
Creating struct: $Script_DisableEnemyAI
Creating struct: $AISettings_DisableEnemy
Creating struct: $PipeSpawning
Creating struct: $Script_MakeEntities
Creating struct: $CommingDownPipe
Creating struct: $Script_MakeExits
Creating struct: $Script_Exit0
Merged 1 regions to 1
$Script_LoadMap_Mover_Roguelike will be placed at 80240000 (length = F14 bytes)
$LoadMap will be placed at 80240F14 (length = EF4 bytes)
$Script_ReadSign will be placed at 80241E08 (length = EEC bytes)
$LoadMapBandit will be placed at 80242CF4 (length = EA4 bytes)
$Script_LoadMap_Roguelike will be placed at 80243B98 (length = D9C bytes)
$GoToNextLevel will be placed at 80244934 (length = D10 bytes)
$GoToNextLevel_Roguelike will be placed at 80245644 (length = 868 bytes)
$Function_80240260 will be placed at 80245EAC (length = 5E4 bytes)
$Function_802406A4 will be placed at 80246490 (length = 440 bytes)
$SetSpawns will be placed at 802468D0 (length = 384 bytes)
$FallingDownPipe will be placed at 80246C54 (length = 37C bytes)
$Script_SetSetsOfLevels will be placed at 80246FD0 (length = 358 bytes)
$Script_SetNPCPos will be placed at 80247328 (length = 2F4 bytes)
$Function_NpcAI_MoneySack will be placed at 8024761C (length = 238 bytes)
$Script_SackAnimation_Start_GoToTheRight will be placed at 80247854 (length = 230 bytes)
$Script_SackAnimation_Start_GoToTheLeft will be placed at 80247A84 (length = 1F8 bytes)
$Interact_Mover will be placed at 80247C7C (length = 1F8 bytes)
$NpcGroup_Enemy3 will be placed at 80247E74 (length = 1F0 bytes)
$NpcGroup_Enemy4 will be placed at 80248064 (length = 1F0 bytes)
$NpcGroup_Enemy5 will be placed at 80248254 (length = 1F0 bytes)
$NpcGroup_Enemy6 will be placed at 80248444 (length = 1F0 bytes)
$NpcGroup_Enemy1 will be placed at 80248634 (length = 1F0 bytes)
$NpcGroup_Enemy2 will be placed at 80248824 (length = 1F0 bytes)
$NpcGroup_Mover will be placed at 80248A14 (length = 1F0 bytes)
$NpcGroup_BanditMover will be placed at 80248C04 (length = 1F0 bytes)
$Interact_BanditMover will be placed at 80248DF4 (length = 1EC bytes)
$Script_PipeAnimation will be placed at 80248FE0 (length = 1D0 bytes)
$JumpTable_80242448 will be placed at 802491B0 (length = 190 bytes)
$Script_LoadChestMap_Mover_Roguelike will be placed at 80249340 (length = 18C bytes)
$PipeSpawning will be placed at 802494CC (length = 178 bytes)
$NPC_Sack_AnimationStart will be placed at 80249644 (length = 168 bytes)
$Function_80240844 will be placed at 802497AC (length = 164 bytes)
$Script_LoadChestMap_Roguelike will be placed at 80249910 (length = 164 bytes)
$Function_802404C0 will be placed at 80249A74 (length = 164 bytes)
$Script_NPC_SackHit_Init will be placed at 80249BD8 (length = 160 bytes)
$Script_SackAnimation_End_Right will be placed at 80249D38 (length = 158 bytes)
$Script_SackAnimation_End_Left will be placed at 80249E90 (length = 150 bytes)
$MapTattle5 will be placed at 80249FE0 (length = 13C bytes)
$Function_8024038C will be placed at 8024A11C (length = 138 bytes)
$MapTattle4 will be placed at 8024A254 (length = 130 bytes)
$GetFloor will be placed at 8024A384 (length = 12C bytes)
$BanditMover_Tattle will be placed at 8024A4B0 (length = 124 bytes)
$Script_Main will be placed at 8024A5D4 (length = 120 bytes)
$Script_80243A6C will be placed at 8024A6F4 (length = 114 bytes)
$Script_SubstractCoins will be placed at 8024A808 (length = 10C bytes)
$Script_LoadMapMover_Roguelike will be placed at 8024A914 (length = 104 bytes)
$GetFloorBandit will be placed at 8024AA18 (length = F4 bytes)
$Script_MoverWarpAnimation will be placed at 8024AB0C (length = F0 bytes)
$Function_GetColliderPos will be placed at 8024ABFC (length = E0 bytes)
$Function_GetPos will be placed at 8024ACDC (length = E0 bytes)
$Script_TrackPlayer will be placed at 8024ADBC (length = DC bytes)
$MapTattle2 will be placed at 8024AE98 (length = D4 bytes)
$Function_TrackInput will be placed at 8024AF6C (length = BC bytes)
$MapTattle3 will be placed at 8024B028 (length = B0 bytes)
$Script_MakeEntities will be placed at 8024B0D8 (length = A8 bytes)
$MapTattle1 will be placed at 8024B180 (length = A8 bytes)
$Script_NpcAI_MoneySack will be placed at 8024B228 (length = A8 bytes)
$MoverStart will be placed at 8024B2D0 (length = A4 bytes)
$SwitchPath will be placed at 8024B374 (length = A4 bytes)
$Script_NPC_Sack_FX will be placed at 8024B418 (length = A4 bytes)
$GetPos will be placed at 8024B4BC (length = 9C bytes)
$Script_AddCoins will be placed at 8024B558 (length = 98 bytes)
$BanditMoverStart will be placed at 8024B5F0 (length = 98 bytes)
$Mover_Tattle will be placed at 8024B688 (length = 94 bytes)
$Function_GetTattle1 will be placed at 8024B71C (length = 8C bytes)
$NPC_Sack_AnimationEnd will be placed at 8024B7A8 (length = 84 bytes)
$Function_80240624 will be placed at 8024B82C (length = 80 bytes)
$BanditMover_Options will be placed at 8024B8AC (length = 80 bytes)
$SignStringBug will be placed at 8024B92C (length = 7C bytes)
$Function_80240310 will be placed at 8024B9A8 (length = 7C bytes)
$LoadHighscores will be placed at 8024BA24 (length = 7C bytes)
$Mover_Options will be placed at 8024BAA0 (length = 78 bytes)
$Script_EnemyAI will be placed at 8024BB18 (length = 70 bytes)
$NpcGroups will be placed at 8024BB88 (length = 6C bytes)
$DeepestLevel will be placed at 8024BBF4 (length = 6C bytes)
$Function2 will be placed at 8024BC60 (length = 6C bytes)
$LoadCoinsMover will be placed at 8024BCCC (length = 6C bytes)
$Function_SetAnimation will be placed at 8024BD38 (length = 6C bytes)
$GetFloorPit will be placed at 8024BDA4 (length = 68 bytes)
$MoverEnd will be placed at 8024BE0C (length = 68 bytes)
$BanditMoverEnd will be placed at 8024BE74 (length = 68 bytes)
$GetFloorSign will be placed at 8024BEDC (length = 64 bytes)
$BanditMoverNoCoins will be placed at 8024BF40 (length = 58 bytes)
$MoverNoCoins will be placed at 8024BF98 (length = 58 bytes)
$JumpTable_802471E8 will be placed at 8024BFF0 (length = 54 bytes)
$Function_GetTattle2 will be placed at 8024C044 (length = 48 bytes)
$CommingDownPipe will be placed at 8024C08C (length = 48 bytes)
$Script_Exit0 will be placed at 8024C0D4 (length = 48 bytes)
$Function_LoadGainedCoins will be placed at 8024C11C (length = 48 bytes)
$Function_Init will be placed at 8024C164 (length = 44 bytes)
$Function_802409A8 will be placed at 8024C1A8 (length = 44 bytes)
$Header will be placed at 8024C1EC (length = 40 bytes)
$Script_Init_Bag will be placed at 8024C22C (length = 38 bytes)
$TotalLevels will be placed at 8024C264 (length = 38 bytes)
$Script_Init_Bag_HitBox will be placed at 8024C29C (length = 38 bytes)
$DispawnParthner will be placed at 8024C2D4 (length = 34 bytes)
$Function_ResetDamage will be placed at 8024C308 (length = 34 bytes)
$AISettings_MoneySack will be placed at 8024C33C (length = 30 bytes)
$AISettings_Enemy will be placed at 8024C36C (length = 30 bytes)
$AISettings_DisableEnemy will be placed at 8024C39C (length = 30 bytes)
$RespawnParthner will be placed at 8024C3CC (length = 30 bytes)
$NPC_Settings_Sack will be placed at 8024C3FC (length = 2C bytes)
$Function_GetDamageTaken will be placed at 8024C428 (length = 2C bytes)
$NpcSettings_Enemy1 will be placed at 8024C454 (length = 2C bytes)
$Function_RevivePlayer will be placed at 8024C480 (length = 2C bytes)
$String_CoinsGained will be placed at 8024C4AC (length = 2C bytes)
$BlankSettings will be placed at 8024C4D8 (length = 2C bytes)
$Script_MakeExits will be placed at 8024C504 (length = 2C bytes)
$VectorList_80244998 will be placed at 8024C530 (length = 24 bytes)
$Script_Init_80243B20 will be placed at 8024C554 (length = 24 bytes)
$Script_Init_Mover will be placed at 8024C578 (length = 24 bytes)
$Script_Init_BanditMover will be placed at 8024C59C (length = 24 bytes)
$Script_DisableEnemyAI will be placed at 8024C5C0 (length = 20 bytes)
$EntryList will be placed at 8024C5E0 (length = 20 bytes)
$SignString100 will be placed at 8024C600 (length = 18 bytes)
$SignString1 will be placed at 8024C618 (length = 14 bytes)
$SignString99 will be placed at 8024C62C (length = 14 bytes)
$SignString98 will be placed at 8024C640 (length = 14 bytes)
$SignString97 will be placed at 8024C654 (length = 14 bytes)
$SignString96 will be placed at 8024C668 (length = 14 bytes)
$SignString95 will be placed at 8024C67C (length = 14 bytes)
$SignString94 will be placed at 8024C690 (length = 14 bytes)
$SignString93 will be placed at 8024C6A4 (length = 14 bytes)
$SignString92 will be placed at 8024C6B8 (length = 14 bytes)
$SignString91 will be placed at 8024C6CC (length = 14 bytes)
$SignString90 will be placed at 8024C6E0 (length = 14 bytes)
$SignString59 will be placed at 8024C6F4 (length = 14 bytes)
$SignString58 will be placed at 8024C708 (length = 14 bytes)
$SignString57 will be placed at 8024C71C (length = 14 bytes)
$SignString56 will be placed at 8024C730 (length = 14 bytes)
$SignString55 will be placed at 8024C744 (length = 14 bytes)
$SignString54 will be placed at 8024C758 (length = 14 bytes)
$SignString53 will be placed at 8024C76C (length = 14 bytes)
$SignString52 will be placed at 8024C780 (length = 14 bytes)
$SignString51 will be placed at 8024C794 (length = 14 bytes)
$SignString50 will be placed at 8024C7A8 (length = 14 bytes)
$SignString69 will be placed at 8024C7BC (length = 14 bytes)
$SignString68 will be placed at 8024C7D0 (length = 14 bytes)
$SignString67 will be placed at 8024C7E4 (length = 14 bytes)
$SignString66 will be placed at 8024C7F8 (length = 14 bytes)
$SignString65 will be placed at 8024C80C (length = 14 bytes)
$SignString64 will be placed at 8024C820 (length = 14 bytes)
$SignString63 will be placed at 8024C834 (length = 14 bytes)
$SignString62 will be placed at 8024C848 (length = 14 bytes)
$SignString61 will be placed at 8024C85C (length = 14 bytes)
$SignString60 will be placed at 8024C870 (length = 14 bytes)
$SignString79 will be placed at 8024C884 (length = 14 bytes)
$SignString78 will be placed at 8024C898 (length = 14 bytes)
$SignString77 will be placed at 8024C8AC (length = 14 bytes)
$SignString76 will be placed at 8024C8C0 (length = 14 bytes)
$SignString75 will be placed at 8024C8D4 (length = 14 bytes)
$SignString74 will be placed at 8024C8E8 (length = 14 bytes)
$SignString73 will be placed at 8024C8FC (length = 14 bytes)
$SignString72 will be placed at 8024C910 (length = 14 bytes)
$SignString71 will be placed at 8024C924 (length = 14 bytes)
$SignString70 will be placed at 8024C938 (length = 14 bytes)
$SignString89 will be placed at 8024C94C (length = 14 bytes)
$SignString88 will be placed at 8024C960 (length = 14 bytes)
$SignString87 will be placed at 8024C974 (length = 14 bytes)
$SignString86 will be placed at 8024C988 (length = 14 bytes)
$SignString85 will be placed at 8024C99C (length = 14 bytes)
$SignString84 will be placed at 8024C9B0 (length = 14 bytes)
$SignString83 will be placed at 8024C9C4 (length = 14 bytes)
$SignString82 will be placed at 8024C9D8 (length = 14 bytes)
$SignString81 will be placed at 8024C9EC (length = 14 bytes)
$SignString80 will be placed at 8024CA00 (length = 14 bytes)
$SignString19 will be placed at 8024CA14 (length = 14 bytes)
$SignString18 will be placed at 8024CA28 (length = 14 bytes)
$SignString17 will be placed at 8024CA3C (length = 14 bytes)
$SignString16 will be placed at 8024CA50 (length = 14 bytes)
$SignString15 will be placed at 8024CA64 (length = 14 bytes)
$SignString14 will be placed at 8024CA78 (length = 14 bytes)
$SignString13 will be placed at 8024CA8C (length = 14 bytes)
$SignString12 will be placed at 8024CAA0 (length = 14 bytes)
$SignString11 will be placed at 8024CAB4 (length = 14 bytes)
$SignString10 will be placed at 8024CAC8 (length = 14 bytes)
$SignString3 will be placed at 8024CADC (length = 14 bytes)
$SignString2 will be placed at 8024CAF0 (length = 14 bytes)
$SignString5 will be placed at 8024CB04 (length = 14 bytes)
$SignString4 will be placed at 8024CB18 (length = 14 bytes)
$SignString7 will be placed at 8024CB2C (length = 14 bytes)
$SignString6 will be placed at 8024CB40 (length = 14 bytes)
$SignString9 will be placed at 8024CB54 (length = 14 bytes)
$SignString8 will be placed at 8024CB68 (length = 14 bytes)
$SignString29 will be placed at 8024CB7C (length = 14 bytes)
$SignString28 will be placed at 8024CB90 (length = 14 bytes)
$SignString27 will be placed at 8024CBA4 (length = 14 bytes)
$SignString26 will be placed at 8024CBB8 (length = 14 bytes)
$SignString25 will be placed at 8024CBCC (length = 14 bytes)
$SignString24 will be placed at 8024CBE0 (length = 14 bytes)
$SignString23 will be placed at 8024CBF4 (length = 14 bytes)
$SignString22 will be placed at 8024CC08 (length = 14 bytes)
$SignString21 will be placed at 8024CC1C (length = 14 bytes)
$SignString20 will be placed at 8024CC30 (length = 14 bytes)
$SignString will be placed at 8024CC44 (length = 14 bytes)
$SignString39 will be placed at 8024CC58 (length = 14 bytes)
$SignString38 will be placed at 8024CC6C (length = 14 bytes)
$SignString37 will be placed at 8024CC80 (length = 14 bytes)
$SignString36 will be placed at 8024CC94 (length = 14 bytes)
$SignString35 will be placed at 8024CCA8 (length = 14 bytes)
$SignString34 will be placed at 8024CCBC (length = 14 bytes)
$SignString33 will be placed at 8024CCD0 (length = 14 bytes)
$SignString32 will be placed at 8024CCE4 (length = 14 bytes)
$SignString31 will be placed at 8024CCF8 (length = 14 bytes)
$SignString30 will be placed at 8024CD0C (length = 14 bytes)
$SignString49 will be placed at 8024CD20 (length = 14 bytes)
$SignString48 will be placed at 8024CD34 (length = 14 bytes)
$SignString47 will be placed at 8024CD48 (length = 14 bytes)
$SignString46 will be placed at 8024CD5C (length = 14 bytes)
$SignString45 will be placed at 8024CD70 (length = 14 bytes)
$SignString44 will be placed at 8024CD84 (length = 14 bytes)
$SignString43 will be placed at 8024CD98 (length = 14 bytes)
$SignString42 will be placed at 8024CDAC (length = 14 bytes)
$SignString41 will be placed at 8024CDC0 (length = 14 bytes)
$SignString40 will be placed at 8024CDD4 (length = 14 bytes)
$ASCII_pit_02_Literal will be placed at 8024CDE8 (length = C bytes)
$ASCII_pit_90_Literal will be placed at 8024CDF4 (length = C bytes)
$ASCII_pit_34_Literal will be placed at 8024CE00 (length = C bytes)
$ASCII_pit_66_Literal will be placed at 8024CE0C (length = C bytes)
$ASCII_pit_98_Literal will be placed at 8024CE18 (length = C bytes)
$ASCII_pit_19_Literal will be placed at 8024CE24 (length = C bytes)
$ASCII_pit_57_Literal will be placed at 8024CE30 (length = C bytes)
$ASCII_pit_69_Literal will be placed at 8024CE3C (length = C bytes)
$ASCII_pit_72_Literal will be placed at 8024CE48 (length = C bytes)
$ASCII_pit_81_Literal will be placed at 8024CE54 (length = C bytes)
$ASCII_pit_43_Literal will be placed at 8024CE60 (length = C bytes)
$ASCII_pit_28_Literal will be placed at 8024CE6C (length = C bytes)
$ASCII_pit_78_Literal will be placed at 8024CE78 (length = C bytes)
$ASCII_pit_63_Literal will be placed at 8024CE84 (length = C bytes)
$ASCII_pit_46_Literal will be placed at 8024CE90 (length = C bytes)
$ASCII_pit_95_Literal will be placed at 8024CE9C (length = C bytes)
$ASCII_pit_16_Literal will be placed at 8024CEA8 (length = C bytes)
$ASCII_pit_37_Literal will be placed at 8024CEB4 (length = C bytes)
$ASCII_pit_22_Literal will be placed at 8024CEC0 (length = C bytes)
$ASCII_pit_05_Literal will be placed at 8024CECC (length = C bytes)
$ASCII_pit_25_Literal will be placed at 8024CED8 (length = C bytes)
$ASCII_pit_54_Literal will be placed at 8024CEE4 (length = C bytes)
$ASCII_pit_08_Literal will be placed at 8024CEF0 (length = C bytes)
$ASCII_pit_87_Literal will be placed at 8024CEFC (length = C bytes)
$ASCII_pit_75_Literal will be placed at 8024CF08 (length = C bytes)
$ASCII_pit_13_Literal will be placed at 8024CF14 (length = C bytes)
$ASCII_pit_32_Literal will be placed at 8024CF20 (length = C bytes)
$ASCII_pit_92_Literal will be placed at 8024CF2C (length = C bytes)
$ASCII_pit_17_Literal will be placed at 8024CF38 (length = C bytes)
$ASCII_pit_49_Literal will be placed at 8024CF44 (length = C bytes)
$ASCII_pit_77_Literal will be placed at 8024CF50 (length = C bytes)
$ASCII_pit_96_Literal will be placed at 8024CF5C (length = C bytes)
$ASCII_pit_68_Literal will be placed at 8024CF68 (length = C bytes)
$ASCII_pit_51_Literal will be placed at 8024CF74 (length = C bytes)
$ASCII_pit_04_Literal will be placed at 8024CF80 (length = C bytes)
$ASCII_pit_83_Literal will be placed at 8024CF8C (length = C bytes)
$ASCII_pit_86_Literal will be placed at 8024CF98 (length = C bytes)
$ASCII_pit_26_Literal will be placed at 8024CFA4 (length = C bytes)
$ASCII_pit_41_Literal will be placed at 8024CFB0 (length = C bytes)
$ASCII_pit_14_Literal will be placed at 8024CFBC (length = C bytes)
$ASCII_pit_74_Literal will be placed at 8024CFC8 (length = C bytes)
$ASCII_pit_60_Literal will be placed at 8024CFD4 (length = C bytes)
$ASCII_pit_59_Literal will be placed at 8024CFE0 (length = C bytes)
$ASCII_pit_93_Literal will be placed at 8024CFEC (length = C bytes)
$ASCII_pit_65_Literal will be placed at 8024CFF8 (length = C bytes)
$ASCII_pit_07_Literal will be placed at 8024D004 (length = C bytes)
$ASCII_pit_20_Literal will be placed at 8024D010 (length = C bytes)
$ASCII_pit_35_Literal will be placed at 8024D01C (length = C bytes)
$ASCII_pit_23_Literal will be placed at 8024D028 (length = C bytes)
$ASCII_pit_11_Literal will be placed at 8024D034 (length = C bytes)
$ASCII_pit_56_Literal will be placed at 8024D040 (length = C bytes)
$ASCII_pit_44_Literal will be placed at 8024D04C (length = C bytes)
$ASCII_pit_89_Literal will be placed at 8024D058 (length = C bytes)
$ASCII_pit_79_Literal will be placed at 8024D064 (length = C bytes)
$ASCII_pit_62_Literal will be placed at 8024D070 (length = C bytes)
$ASCII_pit_94_Literal will be placed at 8024D07C (length = C bytes)
$ASCII_pit_47_Literal will be placed at 8024D088 (length = C bytes)
$ASCII_pit_21_Literal will be placed at 8024D094 (length = C bytes)
$ASCII_pit_06_Literal will be placed at 8024D0A0 (length = C bytes)
$ASCII_pit_53_Literal will be placed at 8024D0AC (length = C bytes)
$ASCII_pit_09_Literal will be placed at 8024D0B8 (length = C bytes)
$ASCII_pit_88_Literal will be placed at 8024D0C4 (length = C bytes)
$ASCII_pit_38_Literal will be placed at 8024D0D0 (length = C bytes)
$ASCII_pit_24_Literal will be placed at 8024D0DC (length = C bytes)
$ASCII_pit_12_Literal will be placed at 8024D0E8 (length = C bytes)
$ASCII_pit_76_Literal will be placed at 8024D0F4 (length = C bytes)
$ASCII_pit_01_Literal will be placed at 8024D100 (length = C bytes)
$ASCII_pit_50_Literal will be placed at 8024D10C (length = C bytes)
$ASCII_pit_33_Literal will be placed at 8024D118 (length = C bytes)
$ASCII_pit_99_Literal will be placed at 8024D124 (length = C bytes)
$ASCII_pit_67_Literal will be placed at 8024D130 (length = C bytes)
$ASCII_pit_71_Literal will be placed at 8024D13C (length = C bytes)
$ASCII_pit_42_Literal will be placed at 8024D148 (length = C bytes)
$ASCII_pit_80_Literal will be placed at 8024D154 (length = C bytes)
$ASCII_pit_29_Literal will be placed at 8024D160 (length = C bytes)
$ASCII_pit_58_Literal will be placed at 8024D16C (length = C bytes)
$ASCII_pit_30_Literal will be placed at 8024D178 (length = C bytes)
$ASCII_pit_00_Literal will be placed at 8024D184 (length = C bytes)
$ASCII_pit_64_Literal will be placed at 8024D190 (length = C bytes)
$ASCII_pit_36_Literal will be placed at 8024D19C (length = C bytes)
$ASCII_pit_55_Literal will be placed at 8024D1A8 (length = C bytes)
$ASCII_pit_10_Literal will be placed at 8024D1B4 (length = C bytes)
$ASCII_pit_45_Literal will be placed at 8024D1C0 (length = C bytes)
$ASCII_pit_18_Literal will be placed at 8024D1CC (length = C bytes)
$ASCII_pit_48_Literal will be placed at 8024D1D8 (length = C bytes)
$ASCII_pit_03_Literal will be placed at 8024D1E4 (length = C bytes)
$ASCII_pit_31_Literal will be placed at 8024D1F0 (length = C bytes)
$ASCII_pit_91_Literal will be placed at 8024D1FC (length = C bytes)
$ASCII_pit_97_Literal will be placed at 8024D208 (length = C bytes)
$ASCII_pit_82_Literal will be placed at 8024D214 (length = C bytes)
$ASCII_pit_52_Literal will be placed at 8024D220 (length = C bytes)
$ASCII_pit_70_Literal will be placed at 8024D22C (length = C bytes)
$ASCII_pit_85_Literal will be placed at 8024D238 (length = C bytes)
$ASCII_pit_40_Literal will be placed at 8024D244 (length = C bytes)
$ASCII_pit_39_Literal will be placed at 8024D250 (length = C bytes)
$ASCII_pit_73_Literal will be placed at 8024D25C (length = C bytes)
$ASCII_pit_15_Literal will be placed at 8024D268 (length = C bytes)
$ASCII_pit_27_Literal will be placed at 8024D274 (length = C bytes)
$ASCII_pit_61_Literal will be placed at 8024D280 (length = C bytes)
$ConstDouble_802471E0 will be placed at 8024D28C (length = 8 bytes)
$ASCII_pit_842_Literal will be placed at 8024D294 (length = 8 bytes)
$ASCII_pit_100_Literal will be placed at 8024D29C (length = 8 bytes)
$ASCII_tik_tex_Literal will be placed at 8024D2A4 (length = 8 bytes)
$MoverCancel will be placed at 8024D2AC (length = 4 bytes)
$BanditMoverCancel will be placed at 8024D2B0 (length = 4 bytes)
Executing patch: pit_63.mpat
Loaded map pit_63
Creating struct: $EntryList
Creating struct: $DeepestLevel
Creating struct: $TotalLevels
Creating struct: $LoadHighscores
Creating struct: $FallingDownPipe
Creating struct: $Function_GetPos
Creating struct: $Function2
Creating struct: $SetSpawns
Creating struct: $Script_SetNPCPos
Creating struct: $SwitchPath
Creating struct: $VectorList_80244998
Creating struct: $GetPos
Creating struct: $Function_GetDamageTaken
Creating struct: $Function_ResetDamage
Creating struct: $DispawnParthner
Creating struct: $RespawnParthner
Creating struct: $LoadMap
Creating struct: $Script_LoadMapMover_Roguelike
Creating struct: $GetFloor
Creating struct: $LoadCoinsMover
Creating struct: $LoadMapBandit
Creating struct: $GetFloorBandit
Creating struct: $Script_Init_80243B20
Creating struct: $Script_80243A6C
Creating struct: $Script_AddCoins
Creating struct: $Script_SubstractCoins
Creating struct: $NPC_Settings_Sack
Creating struct: $Script_Init_Bag
Creating struct: $Script_Init_Bag_HitBox
Creating struct: $Script_NPC_SackHit_Init
Creating struct: $Script_NPC_Sack_FX
Creating struct: $NPC_Sack_AnimationStart
Creating struct: $NPC_Sack_AnimationEnd
Creating struct: $Script_SackAnimation_Start_GoToTheRight
Creating struct: $Script_SackAnimation_Start_GoToTheLeft
Creating struct: $Script_SackAnimation_End_Right
Creating struct: $Script_SackAnimation_End_Left
Creating struct: $Function_LoadGainedCoins
Creating struct: $Function_RevivePlayer
Creating struct: $AISettings_MoneySack
Creating struct: $Script_NpcAI_MoneySack
Creating struct: $JumpTable_80242448
Creating struct: $Function_NpcAI_MoneySack
Creating struct: $Function_80240260
Creating struct: $Function_80240844
Creating struct: $Function_802409A8
Creating struct: $Script_TrackPlayer
Creating struct: $Script_PipeAnimation
Creating struct: $Function_SetAnimation
Creating struct: $Function_GetColliderPos
Creating struct: $Function_TrackInput
Creating struct: $GoToNextLevel
Creating struct: $GoToNextLevel_Roguelike
Creating struct: $Script_SetSetsOfLevels
Creating struct: $Script_LoadMap_Roguelike
Creating struct: $Script_LoadChestMap_Roguelike
Creating struct: $Script_LoadMap_Mover_Roguelike
Creating struct: $Script_LoadChestMap_Mover_Roguelike
Creating struct: $GetFloorPit
Creating struct: $GetFloorSign
Creating struct: $Function_GetTattle1
Creating struct: $Function_GetTattle2
Creating struct: $Script_ReadSign
Creating struct: $Header
Creating struct: $Function_Init
Creating struct: $Script_Main
Creating struct: $NpcGroups
Creating struct: $NpcGroup_Mover
Creating struct: $BlankSettings
Creating struct: $Script_Init_Mover
Creating struct: $Interact_Mover
Creating struct: $Script_MoverWarpAnimation
Creating struct: $NpcGroup_BanditMover
Creating struct: $Script_Init_BanditMover
Creating struct: $Interact_BanditMover
Creating struct: $NpcGroup_Enemy1
Creating struct: $NpcGroup_Enemy2
Creating struct: $NpcGroup_Enemy3
Creating struct: $NpcGroup_Enemy4
Creating struct: $NpcGroup_Enemy5
Creating struct: $NpcGroup_Enemy6
Creating struct: $NpcSettings_Enemy1
Creating struct: $Script_EnemyAI
Creating struct: $AISettings_Enemy
Creating struct: $ConstDouble_80246500
Creating struct: $ConstDouble_80246508
Creating struct: $ConstDouble_80246510
Creating struct: $ConstDouble_80246558
Creating struct: $JumpTable_80246560
Creating struct: $FloatTable_80244900
Creating struct: $Function_80241DE4
Creating struct: $Function_802416C8
Creating struct: $Function_802404E0
Creating struct: $Function_80240690
Creating struct: $Function_80240CB8
Creating struct: $Function_80240D78
Creating struct: $Function_802410BC
Creating struct: $Function_80241134
Creating struct: $Function_802419D8
Creating struct: $Function_80241B08
Creating struct: $Function_80241D88
Creating struct: $Script_DisableEnemyAI
Creating struct: $AISettings_DisableEnemy
Creating struct: $PipeSpawning
Creating struct: $Script_MakeEntities
Creating struct: $CommingDownPipe
Creating struct: $Script_MakeExits
Creating struct: $Script_Exit0
Merged 1 regions to 1
$Script_LoadMap_Mover_Roguelike will be placed at 80240000 (length = F14 bytes)
$LoadMap will be placed at 80240F14 (length = EF4 bytes)
$Script_ReadSign will be placed at 80241E08 (length = EEC bytes)
$LoadMapBandit will be placed at 80242CF4 (length = EA4 bytes)
$Script_LoadMap_Roguelike will be placed at 80243B98 (length = D9C bytes)
$GoToNextLevel will be placed at 80244934 (length = D10 bytes)
$GoToNextLevel_Roguelike will be placed at 80245644 (length = 868 bytes)
$Function_80240690 will be placed at 80245EAC (length = 620 bytes)
$Function_80240260 will be placed at 802464CC (length = 5E4 bytes)
$SetSpawns will be placed at 80246AB0 (length = 384 bytes)
$FallingDownPipe will be placed at 80246E34 (length = 37C bytes)
$Script_SetSetsOfLevels will be placed at 802471B0 (length = 358 bytes)
$Function_80240D78 will be placed at 80247508 (length = 344 bytes)
$Script_SetNPCPos will be placed at 8024784C (length = 2F4 bytes)
$Function_80241B08 will be placed at 80247B40 (length = 284 bytes)
$Function_NpcAI_MoneySack will be placed at 80247DC4 (length = 238 bytes)
$Script_SackAnimation_Start_GoToTheRight will be placed at 80247FFC (length = 230 bytes)
$Script_SackAnimation_Start_GoToTheLeft will be placed at 8024822C (length = 1F8 bytes)
$Interact_Mover will be placed at 80248424 (length = 1F8 bytes)
$NpcGroup_Enemy3 will be placed at 8024861C (length = 1F0 bytes)
$NpcGroup_Enemy4 will be placed at 8024880C (length = 1F0 bytes)
$NpcGroup_Enemy5 will be placed at 802489FC (length = 1F0 bytes)
$NpcGroup_Enemy6 will be placed at 80248BEC (length = 1F0 bytes)
$NpcGroup_Enemy1 will be placed at 80248DDC (length = 1F0 bytes)
$NpcGroup_Enemy2 will be placed at 80248FCC (length = 1F0 bytes)
$NpcGroup_Mover will be placed at 802491BC (length = 1F0 bytes)
$NpcGroup_BanditMover will be placed at 802493AC (length = 1F0 bytes)
$Interact_BanditMover will be placed at 8024959C (length = 1EC bytes)
$Function_80241DE4 will be placed at 80249788 (length = 1E8 bytes)
$Script_PipeAnimation will be placed at 80249970 (length = 1D0 bytes)
$Function_802404E0 will be placed at 80249B40 (length = 1B4 bytes)
$JumpTable_80242448 will be placed at 80249CF4 (length = 190 bytes)
$Script_LoadChestMap_Mover_Roguelike will be placed at 80249E84 (length = 18C bytes)
$PipeSpawning will be placed at 8024A010 (length = 178 bytes)
$NPC_Sack_AnimationStart will be placed at 8024A188 (length = 168 bytes)
$Function_80240844 will be placed at 8024A2F0 (length = 164 bytes)
$Script_LoadChestMap_Roguelike will be placed at 8024A454 (length = 164 bytes)
$Script_NPC_SackHit_Init will be placed at 8024A5B8 (length = 160 bytes)
$Script_SackAnimation_End_Right will be placed at 8024A718 (length = 158 bytes)
$Script_SackAnimation_End_Left will be placed at 8024A870 (length = 150 bytes)
$MapTattle5 will be placed at 8024A9C0 (length = 13C bytes)
$Function_802419D8 will be placed at 8024AAFC (length = 130 bytes)
$MapTattle4 will be placed at 8024AC2C (length = 130 bytes)
$GetFloor will be placed at 8024AD5C (length = 12C bytes)
$BanditMover_Tattle will be placed at 8024AE88 (length = 124 bytes)
$Function_802416C8 will be placed at 8024AFAC (length = 124 bytes)
$Script_Main will be placed at 8024B0D0 (length = 120 bytes)
$Script_80243A6C will be placed at 8024B1F0 (length = 114 bytes)
$Script_SubstractCoins will be placed at 8024B304 (length = 10C bytes)
$Script_LoadMapMover_Roguelike will be placed at 8024B410 (length = 104 bytes)
$GetFloorBandit will be placed at 8024B514 (length = F4 bytes)
$Script_MoverWarpAnimation will be placed at 8024B608 (length = F0 bytes)
$Function_GetColliderPos will be placed at 8024B6F8 (length = E0 bytes)
$Function_GetPos will be placed at 8024B7D8 (length = E0 bytes)
$Script_TrackPlayer will be placed at 8024B8B8 (length = DC bytes)
$MapTattle2 will be placed at 8024B994 (length = D4 bytes)
$Function_80240CB8 will be placed at 8024BA68 (length = C0 bytes)
$Function_TrackInput will be placed at 8024BB28 (length = BC bytes)
$MapTattle3 will be placed at 8024BBE4 (length = B0 bytes)
$Script_MakeEntities will be placed at 8024BC94 (length = A8 bytes)
$MapTattle1 will be placed at 8024BD3C (length = A8 bytes)
$Script_NpcAI_MoneySack will be placed at 8024BDE4 (length = A8 bytes)
$MoverStart will be placed at 8024BE8C (length = A4 bytes)
$SwitchPath will be placed at 8024BF30 (length = A4 bytes)
$Script_NPC_Sack_FX will be placed at 8024BFD4 (length = A4 bytes)
$GetPos will be placed at 8024C078 (length = 9C bytes)
$Script_AddCoins will be placed at 8024C114 (length = 98 bytes)
$BanditMoverStart will be placed at 8024C1AC (length = 98 bytes)
$Mover_Tattle will be placed at 8024C244 (length = 94 bytes)
$Function_GetTattle1 will be placed at 8024C2D8 (length = 8C bytes)
$NPC_Sack_AnimationEnd will be placed at 8024C364 (length = 84 bytes)
$BanditMover_Options will be placed at 8024C3E8 (length = 80 bytes)
$SignStringBug will be placed at 8024C468 (length = 7C bytes)
$LoadHighscores will be placed at 8024C4E4 (length = 7C bytes)
$Function_802410BC will be placed at 8024C560 (length = 78 bytes)
$Mover_Options will be placed at 8024C5D8 (length = 78 bytes)
$Script_EnemyAI will be placed at 8024C650 (length = 70 bytes)
$NpcGroups will be placed at 8024C6C0 (length = 6C bytes)
$DeepestLevel will be placed at 8024C72C (length = 6C bytes)
$Function_80241134 will be placed at 8024C798 (length = 6C bytes)
$Function2 will be placed at 8024C804 (length = 6C bytes)
$LoadCoinsMover will be placed at 8024C870 (length = 6C bytes)
$Function_SetAnimation will be placed at 8024C8DC (length = 6C bytes)
$GetFloorPit will be placed at 8024C948 (length = 68 bytes)
$MoverEnd will be placed at 8024C9B0 (length = 68 bytes)
$BanditMoverEnd will be placed at 8024CA18 (length = 68 bytes)
$GetFloorSign will be placed at 8024CA80 (length = 64 bytes)
$Function_80241D88 will be placed at 8024CAE4 (length = 5C bytes)
$BanditMoverNoCoins will be placed at 8024CB40 (length = 58 bytes)
$MoverNoCoins will be placed at 8024CB98 (length = 58 bytes)
$JumpTable_80246560 will be placed at 8024CBF0 (length = 54 bytes)
$Function_GetTattle2 will be placed at 8024CC44 (length = 48 bytes)
$CommingDownPipe will be placed at 8024CC8C (length = 48 bytes)
$Script_Exit0 will be placed at 8024CCD4 (length = 48 bytes)
$Function_LoadGainedCoins will be placed at 8024CD1C (length = 48 bytes)
$Function_Init will be placed at 8024CD64 (length = 44 bytes)
$Function_802409A8 will be placed at 8024CDA8 (length = 44 bytes)
$Header will be placed at 8024CDEC (length = 40 bytes)
$Script_Init_Bag will be placed at 8024CE2C (length = 38 bytes)
$TotalLevels will be placed at 8024CE64 (length = 38 bytes)
$Script_Init_Bag_HitBox will be placed at 8024CE9C (length = 38 bytes)
$DispawnParthner will be placed at 8024CED4 (length = 34 bytes)
$Function_ResetDamage will be placed at 8024CF08 (length = 34 bytes)
$AISettings_MoneySack will be placed at 8024CF3C (length = 30 bytes)
$AISettings_Enemy will be placed at 8024CF6C (length = 30 bytes)
$AISettings_DisableEnemy will be placed at 8024CF9C (length = 30 bytes)
$RespawnParthner will be placed at 8024CFCC (length = 30 bytes)
$NPC_Settings_Sack will be placed at 8024CFFC (length = 2C bytes)
$Function_GetDamageTaken will be placed at 8024D028 (length = 2C bytes)
$NpcSettings_Enemy1 will be placed at 8024D054 (length = 2C bytes)
$Function_RevivePlayer will be placed at 8024D080 (length = 2C bytes)
$String_CoinsGained will be placed at 8024D0AC (length = 2C bytes)
$BlankSettings will be placed at 8024D0D8 (length = 2C bytes)
$Script_MakeExits will be placed at 8024D104 (length = 2C bytes)
$VectorList_80244998 will be placed at 8024D130 (length = 24 bytes)
$Script_Init_80243B20 will be placed at 8024D154 (length = 24 bytes)
$Script_Init_Mover will be placed at 8024D178 (length = 24 bytes)
$Script_Init_BanditMover will be placed at 8024D19C (length = 24 bytes)
$Script_DisableEnemyAI will be placed at 8024D1C0 (length = 20 bytes)
$EntryList will be placed at 8024D1E0 (length = 20 bytes)
$SignString100 will be placed at 8024D200 (length = 18 bytes)
$FloatTable_80244900 will be placed at 8024D218 (length = 18 bytes)
$SignString1 will be placed at 8024D230 (length = 14 bytes)
$SignString99 will be placed at 8024D244 (length = 14 bytes)
$SignString98 will be placed at 8024D258 (length = 14 bytes)
$SignString97 will be placed at 8024D26C (length = 14 bytes)
$SignString96 will be placed at 8024D280 (length = 14 bytes)
$SignString95 will be placed at 8024D294 (length = 14 bytes)
$SignString94 will be placed at 8024D2A8 (length = 14 bytes)
$SignString93 will be placed at 8024D2BC (length = 14 bytes)
$SignString92 will be placed at 8024D2D0 (length = 14 bytes)
$SignString91 will be placed at 8024D2E4 (length = 14 bytes)
$SignString90 will be placed at 8024D2F8 (length = 14 bytes)
$SignString59 will be placed at 8024D30C (length = 14 bytes)
$SignString58 will be placed at 8024D320 (length = 14 bytes)
$SignString57 will be placed at 8024D334 (length = 14 bytes)
$SignString56 will be placed at 8024D348 (length = 14 bytes)
$SignString55 will be placed at 8024D35C (length = 14 bytes)
$SignString54 will be placed at 8024D370 (length = 14 bytes)
$SignString53 will be placed at 8024D384 (length = 14 bytes)
$SignString52 will be placed at 8024D398 (length = 14 bytes)
$SignString51 will be placed at 8024D3AC (length = 14 bytes)
$SignString50 will be placed at 8024D3C0 (length = 14 bytes)
$SignString69 will be placed at 8024D3D4 (length = 14 bytes)
$SignString68 will be placed at 8024D3E8 (length = 14 bytes)
$SignString67 will be placed at 8024D3FC (length = 14 bytes)
$SignString66 will be placed at 8024D410 (length = 14 bytes)
$SignString65 will be placed at 8024D424 (length = 14 bytes)
$SignString64 will be placed at 8024D438 (length = 14 bytes)
$SignString63 will be placed at 8024D44C (length = 14 bytes)
$SignString62 will be placed at 8024D460 (length = 14 bytes)
$SignString61 will be placed at 8024D474 (length = 14 bytes)
$SignString60 will be placed at 8024D488 (length = 14 bytes)
$SignString79 will be placed at 8024D49C (length = 14 bytes)
$SignString78 will be placed at 8024D4B0 (length = 14 bytes)
$SignString77 will be placed at 8024D4C4 (length = 14 bytes)
$SignString76 will be placed at 8024D4D8 (length = 14 bytes)
$SignString75 will be placed at 8024D4EC (length = 14 bytes)
$SignString74 will be placed at 8024D500 (length = 14 bytes)
$SignString73 will be placed at 8024D514 (length = 14 bytes)
$SignString72 will be placed at 8024D528 (length = 14 bytes)
$SignString71 will be placed at 8024D53C (length = 14 bytes)
$SignString70 will be placed at 8024D550 (length = 14 bytes)
$SignString89 will be placed at 8024D564 (length = 14 bytes)
$SignString88 will be placed at 8024D578 (length = 14 bytes)
$SignString87 will be placed at 8024D58C (length = 14 bytes)
$SignString86 will be placed at 8024D5A0 (length = 14 bytes)
$SignString85 will be placed at 8024D5B4 (length = 14 bytes)
$SignString84 will be placed at 8024D5C8 (length = 14 bytes)
$SignString83 will be placed at 8024D5DC (length = 14 bytes)
$SignString82 will be placed at 8024D5F0 (length = 14 bytes)
$SignString81 will be placed at 8024D604 (length = 14 bytes)
$SignString80 will be placed at 8024D618 (length = 14 bytes)
$SignString19 will be placed at 8024D62C (length = 14 bytes)
$SignString18 will be placed at 8024D640 (length = 14 bytes)
$SignString17 will be placed at 8024D654 (length = 14 bytes)
$SignString16 will be placed at 8024D668 (length = 14 bytes)
$SignString15 will be placed at 8024D67C (length = 14 bytes)
$SignString14 will be placed at 8024D690 (length = 14 bytes)
$SignString13 will be placed at 8024D6A4 (length = 14 bytes)
$SignString12 will be placed at 8024D6B8 (length = 14 bytes)
$SignString11 will be placed at 8024D6CC (length = 14 bytes)
$SignString10 will be placed at 8024D6E0 (length = 14 bytes)
$SignString3 will be placed at 8024D6F4 (length = 14 bytes)
$SignString2 will be placed at 8024D708 (length = 14 bytes)
$SignString5 will be placed at 8024D71C (length = 14 bytes)
$SignString4 will be placed at 8024D730 (length = 14 bytes)
$SignString7 will be placed at 8024D744 (length = 14 bytes)
$SignString6 will be placed at 8024D758 (length = 14 bytes)
$SignString9 will be placed at 8024D76C (length = 14 bytes)
$SignString8 will be placed at 8024D780 (length = 14 bytes)
$SignString29 will be placed at 8024D794 (length = 14 bytes)
$SignString28 will be placed at 8024D7A8 (length = 14 bytes)
$SignString27 will be placed at 8024D7BC (length = 14 bytes)
$SignString26 will be placed at 8024D7D0 (length = 14 bytes)
$SignString25 will be placed at 8024D7E4 (length = 14 bytes)
$SignString24 will be placed at 8024D7F8 (length = 14 bytes)
$SignString23 will be placed at 8024D80C (length = 14 bytes)
$SignString22 will be placed at 8024D820 (length = 14 bytes)
$SignString21 will be placed at 8024D834 (length = 14 bytes)
$SignString20 will be placed at 8024D848 (length = 14 bytes)
$SignString will be placed at 8024D85C (length = 14 bytes)
$SignString39 will be placed at 8024D870 (length = 14 bytes)
$SignString38 will be placed at 8024D884 (length = 14 bytes)
$SignString37 will be placed at 8024D898 (length = 14 bytes)
$SignString36 will be placed at 8024D8AC (length = 14 bytes)
$SignString35 will be placed at 8024D8C0 (length = 14 bytes)
$SignString34 will be placed at 8024D8D4 (length = 14 bytes)
$SignString33 will be placed at 8024D8E8 (length = 14 bytes)
$SignString32 will be placed at 8024D8FC (length = 14 bytes)
$SignString31 will be placed at 8024D910 (length = 14 bytes)
$SignString30 will be placed at 8024D924 (length = 14 bytes)
$SignString49 will be placed at 8024D938 (length = 14 bytes)
$SignString48 will be placed at 8024D94C (length = 14 bytes)
$SignString47 will be placed at 8024D960 (length = 14 bytes)
$SignString46 will be placed at 8024D974 (length = 14 bytes)
$SignString45 will be placed at 8024D988 (length = 14 bytes)
$SignString44 will be placed at 8024D99C (length = 14 bytes)
$SignString43 will be placed at 8024D9B0 (length = 14 bytes)
$SignString42 will be placed at 8024D9C4 (length = 14 bytes)
$SignString41 will be placed at 8024D9D8 (length = 14 bytes)
$SignString40 will be placed at 8024D9EC (length = 14 bytes)
$ASCII_pit_02_Literal will be placed at 8024DA00 (length = C bytes)
$ASCII_pit_90_Literal will be placed at 8024DA0C (length = C bytes)
$ASCII_pit_34_Literal will be placed at 8024DA18 (length = C bytes)
$ASCII_pit_66_Literal will be placed at 8024DA24 (length = C bytes)
$ASCII_pit_98_Literal will be placed at 8024DA30 (length = C bytes)
$ASCII_pit_19_Literal will be placed at 8024DA3C (length = C bytes)
$ASCII_pit_57_Literal will be placed at 8024DA48 (length = C bytes)
$ASCII_pit_69_Literal will be placed at 8024DA54 (length = C bytes)
$ASCII_pit_72_Literal will be placed at 8024DA60 (length = C bytes)
$ASCII_pit_81_Literal will be placed at 8024DA6C (length = C bytes)
$ASCII_pit_43_Literal will be placed at 8024DA78 (length = C bytes)
$ASCII_pit_28_Literal will be placed at 8024DA84 (length = C bytes)
$ASCII_pit_78_Literal will be placed at 8024DA90 (length = C bytes)
$ASCII_pit_63_Literal will be placed at 8024DA9C (length = C bytes)
$ASCII_pit_46_Literal will be placed at 8024DAA8 (length = C bytes)
$ASCII_pit_95_Literal will be placed at 8024DAB4 (length = C bytes)
$ASCII_pit_16_Literal will be placed at 8024DAC0 (length = C bytes)
$ASCII_pit_37_Literal will be placed at 8024DACC (length = C bytes)
$ASCII_pit_22_Literal will be placed at 8024DAD8 (length = C bytes)
$ASCII_pit_05_Literal will be placed at 8024DAE4 (length = C bytes)
$ASCII_pit_25_Literal will be placed at 8024DAF0 (length = C bytes)
$ASCII_pit_54_Literal will be placed at 8024DAFC (length = C bytes)
$ASCII_pit_08_Literal will be placed at 8024DB08 (length = C bytes)
$ASCII_pit_87_Literal will be placed at 8024DB14 (length = C bytes)
$ASCII_pit_75_Literal will be placed at 8024DB20 (length = C bytes)
$ASCII_pit_13_Literal will be placed at 8024DB2C (length = C bytes)
$ASCII_pit_32_Literal will be placed at 8024DB38 (length = C bytes)
$ASCII_pit_92_Literal will be placed at 8024DB44 (length = C bytes)
$ASCII_pit_17_Literal will be placed at 8024DB50 (length = C bytes)
$ASCII_pit_49_Literal will be placed at 8024DB5C (length = C bytes)
$ASCII_pit_77_Literal will be placed at 8024DB68 (length = C bytes)
$ASCII_pit_96_Literal will be placed at 8024DB74 (length = C bytes)
$ASCII_pit_68_Literal will be placed at 8024DB80 (length = C bytes)
$ASCII_pit_51_Literal will be placed at 8024DB8C (length = C bytes)
$ASCII_pit_04_Literal will be placed at 8024DB98 (length = C bytes)
$ASCII_pit_83_Literal will be placed at 8024DBA4 (length = C bytes)
$ASCII_pit_86_Literal will be placed at 8024DBB0 (length = C bytes)
$ASCII_pit_26_Literal will be placed at 8024DBBC (length = C bytes)
$ASCII_pit_41_Literal will be placed at 8024DBC8 (length = C bytes)
$ASCII_pit_14_Literal will be placed at 8024DBD4 (length = C bytes)
$ASCII_pit_74_Literal will be placed at 8024DBE0 (length = C bytes)
$ASCII_pit_60_Literal will be placed at 8024DBEC (length = C bytes)
$ASCII_pit_59_Literal will be placed at 8024DBF8 (length = C bytes)
$ASCII_pit_93_Literal will be placed at 8024DC04 (length = C bytes)
$ASCII_pit_65_Literal will be placed at 8024DC10 (length = C bytes)
$ASCII_pit_07_Literal will be placed at 8024DC1C (length = C bytes)
$ASCII_pit_20_Literal will be placed at 8024DC28 (length = C bytes)
$ASCII_pit_35_Literal will be placed at 8024DC34 (length = C bytes)
$ASCII_pit_23_Literal will be placed at 8024DC40 (length = C bytes)
$ASCII_pit_11_Literal will be placed at 8024DC4C (length = C bytes)
$ASCII_pit_56_Literal will be placed at 8024DC58 (length = C bytes)
$ASCII_pit_44_Literal will be placed at 8024DC64 (length = C bytes)
$ASCII_pit_89_Literal will be placed at 8024DC70 (length = C bytes)
$ASCII_pit_79_Literal will be placed at 8024DC7C (length = C bytes)
$ASCII_pit_62_Literal will be placed at 8024DC88 (length = C bytes)
$ASCII_pit_94_Literal will be placed at 8024DC94 (length = C bytes)
$ASCII_pit_47_Literal will be placed at 8024DCA0 (length = C bytes)
$ASCII_pit_21_Literal will be placed at 8024DCAC (length = C bytes)
$ASCII_pit_06_Literal will be placed at 8024DCB8 (length = C bytes)
$ASCII_pit_53_Literal will be placed at 8024DCC4 (length = C bytes)
$ASCII_pit_09_Literal will be placed at 8024DCD0 (length = C bytes)
$ASCII_pit_88_Literal will be placed at 8024DCDC (length = C bytes)
$ASCII_pit_38_Literal will be placed at 8024DCE8 (length = C bytes)
$ASCII_pit_24_Literal will be placed at 8024DCF4 (length = C bytes)
$ASCII_pit_12_Literal will be placed at 8024DD00 (length = C bytes)
$ASCII_pit_76_Literal will be placed at 8024DD0C (length = C bytes)
$ASCII_pit_01_Literal will be placed at 8024DD18 (length = C bytes)
$ASCII_pit_50_Literal will be placed at 8024DD24 (length = C bytes)
$ASCII_pit_33_Literal will be placed at 8024DD30 (length = C bytes)
$ASCII_pit_99_Literal will be placed at 8024DD3C (length = C bytes)
$ASCII_pit_67_Literal will be placed at 8024DD48 (length = C bytes)
$ASCII_pit_71_Literal will be placed at 8024DD54 (length = C bytes)
$ASCII_pit_42_Literal will be placed at 8024DD60 (length = C bytes)
$ASCII_pit_80_Literal will be placed at 8024DD6C (length = C bytes)
$ASCII_pit_29_Literal will be placed at 8024DD78 (length = C bytes)
$ASCII_pit_58_Literal will be placed at 8024DD84 (length = C bytes)
$ASCII_pit_30_Literal will be placed at 8024DD90 (length = C bytes)
$ASCII_pit_00_Literal will be placed at 8024DD9C (length = C bytes)
$ASCII_pit_64_Literal will be placed at 8024DDA8 (length = C bytes)
$ASCII_pit_36_Literal will be placed at 8024DDB4 (length = C bytes)
$ASCII_pit_55_Literal will be placed at 8024DDC0 (length = C bytes)
$ASCII_pit_10_Literal will be placed at 8024DDCC (length = C bytes)
$ASCII_pit_45_Literal will be placed at 8024DDD8 (length = C bytes)
$ASCII_pit_18_Literal will be placed at 8024DDE4 (length = C bytes)
$ASCII_pit_48_Literal will be placed at 8024DDF0 (length = C bytes)
$ASCII_pit_03_Literal will be placed at 8024DDFC (length = C bytes)
$ASCII_pit_31_Literal will be placed at 8024DE08 (length = C bytes)
$ASCII_pit_91_Literal will be placed at 8024DE14 (length = C bytes)
$ASCII_pit_97_Literal will be placed at 8024DE20 (length = C bytes)
$ASCII_pit_82_Literal will be placed at 8024DE2C (length = C bytes)
$ASCII_pit_52_Literal will be placed at 8024DE38 (length = C bytes)
$ASCII_pit_70_Literal will be placed at 8024DE44 (length = C bytes)
$ASCII_pit_85_Literal will be placed at 8024DE50 (length = C bytes)
$ASCII_pit_40_Literal will be placed at 8024DE5C (length = C bytes)
$ASCII_pit_39_Literal will be placed at 8024DE68 (length = C bytes)
$ASCII_pit_73_Literal will be placed at 8024DE74 (length = C bytes)
$ASCII_pit_15_Literal will be placed at 8024DE80 (length = C bytes)
$ASCII_pit_27_Literal will be placed at 8024DE8C (length = C bytes)
$ASCII_pit_61_Literal will be placed at 8024DE98 (length = C bytes)
$ConstDouble_80246558 will be placed at 8024DEA4 (length = 8 bytes)
$ASCII_pit_842_Literal will be placed at 8024DEAC (length = 8 bytes)
$ASCII_pit_100_Literal will be placed at 8024DEB4 (length = 8 bytes)
$ASCII_tik_tex_Literal will be placed at 8024DEBC (length = 8 bytes)
$ConstDouble_80246510 will be placed at 8024DEC4 (length = 8 bytes)
$ConstDouble_80246508 will be placed at 8024DECC (length = 8 bytes)
$ConstDouble_80246500 will be placed at 8024DED4 (length = 8 bytes)
$MoverCancel will be placed at 8024DEDC (length = 4 bytes)
$BanditMoverCancel will be placed at 8024DEE0 (length = 4 bytes)
Executing patch: pit_64.mpat
Loaded map pit_64
Creating struct: $EntryList
Creating struct: $DeepestLevel
Creating struct: $TotalLevels
Creating struct: $LoadHighscores
Creating struct: $FallingDownPipe
Creating struct: $Function_GetPos
Creating struct: $Function2
Creating struct: $SetSpawns
Creating struct: $Script_SetNPCPos
Creating struct: $SwitchPath
Creating struct: $VectorList_80244998
Creating struct: $GetPos
Creating struct: $Function_GetDamageTaken
Creating struct: $Function_ResetDamage
Creating struct: $DispawnParthner
Creating struct: $RespawnParthner
Creating struct: $LoadMap
Creating struct: $Script_LoadMapMover_Roguelike
Creating struct: $GetFloor
Creating struct: $LoadCoinsMover
Creating struct: $LoadMapBandit
Creating struct: $GetFloorBandit
Creating struct: $SetSpawnsSpecial
Creating struct: $Function_LoadCoinsInToVar1
Creating struct: $Script_SetSpawnPosition
Creating struct: $Script_Init_80243B20
Creating struct: $Script_80243A6C
Creating struct: $Script_AddCoins
Creating struct: $Script_SubstractCoins
Creating struct: $NPC_Settings_Sack
Creating struct: $Script_Init_Bag
Creating struct: $Script_Init_Bag_HitBox
Creating struct: $Script_NPC_SackHit_Init
Creating struct: $Script_NPC_Sack_FX
Creating struct: $NPC_Sack_AnimationStart
Creating struct: $NPC_Sack_AnimationEnd
Creating struct: $Script_SackAnimation_Start_GoToTheRight
Creating struct: $Script_SackAnimation_Start_GoToTheLeft
Creating struct: $Script_SackAnimation_End_Right
Creating struct: $Script_SackAnimation_End_Left
Creating struct: $Function_LoadGainedCoins
Creating struct: $Function_RevivePlayer
Creating struct: $AISettings_MoneySack
Creating struct: $Script_NpcAI_MoneySack
Creating struct: $JumpTable_80242448
Creating struct: $Function_NpcAI_MoneySack
Creating struct: $Function_80240260
Creating struct: $Function_80240844
Creating struct: $Function_802409A8
Creating struct: $Script_TrackPlayer
Creating struct: $Script_PipeAnimation
Creating struct: $Function_SetAnimation
Creating struct: $Function_GetColliderPos
Creating struct: $Function_TrackInput
Creating struct: $GoToNextLevel
Creating struct: $GoToNextLevel_Roguelike
Creating struct: $Script_SetSetsOfLevels
Creating struct: $Script_LoadMap_Roguelike
Creating struct: $Script_LoadChestMap_Roguelike
Creating struct: $Script_LoadMap_Mover_Roguelike
Creating struct: $Script_LoadChestMap_Mover_Roguelike
Creating struct: $GetFloorPit
Creating struct: $GetFloorSign
Creating struct: $Function_GetTattle1
Creating struct: $Function_GetTattle2
Creating struct: $Script_ReadSign
Creating struct: $Header
Creating struct: $Function_Init
Creating struct: $Script_Main
Creating struct: $NpcGroup1
Creating struct: $NpcGroup2
Creating struct: $NpcGroup3
Creating struct: $NpcGroup4
Creating struct: $NpcGroup5
Creating struct: $NpcGroup6
Creating struct: $NpcGroup7
Creating struct: $NpcGroups
Creating struct: $NpcGroup_Mover
Creating struct: $BlankSettings
Creating struct: $Script_Init_Mover
Creating struct: $Interact_Mover
Creating struct: $Script_MoverWarpAnimation
Creating struct: $NpcGroup_BanditMover
Creating struct: $Script_Init_BanditMover
Creating struct: $Interact_BanditMover
Creating struct: $NpcGroup_Enemy1
Creating struct: $NpcGroup_Enemy2
Creating struct: $NpcGroup_Enemy3
Creating struct: $NpcGroup_Enemy4
Creating struct: $NpcGroup_Enemy5
Creating struct: $NpcGroup_Enemy6
Creating struct: $ConstDouble_802473D8
Creating struct: $ConstDouble_802473E0
Creating struct: $ConstDouble_802473E8
Creating struct: $ConstDouble_802473F0
Creating struct: $ConstDouble_802473F8
Creating struct: $ConstDouble_80247400
Creating struct: $NpcSettings_Enemy1
Creating struct: $NpcSettings_Enemy1B
Creating struct: $Script_EnemyAI
Creating struct: $Script_EnemyAIB
Creating struct: $AISettings_Enemy
Creating struct: $Function_80240FB4
Creating struct: $Function_8024234C
Creating struct: $Function_802414C8
Creating struct: $Function_80241534
Creating struct: $Function_80241630
Creating struct: $Function_80242070
Creating struct: $Function_80242100
Creating struct: $Function_80242200
Creating struct: $Function_80242260
Creating struct: $Script_DisableEnemyAI
Creating struct: $AISettings_DisableEnemy
Creating struct: $PipeSpawning
Creating struct: $Script_MakeEntities
Creating struct: $CommingDownPipe
Creating struct: $Script_MakeExits
Creating struct: $Script_Exit0
Merged 1 regions to 1
$Script_LoadMap_Mover_Roguelike will be placed at 80240000 (length = F14 bytes)
$LoadMap will be placed at 80240F14 (length = EF4 bytes)
$Script_ReadSign will be placed at 80241E08 (length = EEC bytes)
$LoadMapBandit will be placed at 80242CF4 (length = EA4 bytes)
$Script_LoadMap_Roguelike will be placed at 80243B98 (length = D9C bytes)
$GoToNextLevel will be placed at 80244934 (length = D10 bytes)
$Function_80241630 will be placed at 80245644 (length = A10 bytes)
$GoToNextLevel_Roguelike will be placed at 80246054 (length = 868 bytes)
$SetSpawnsSpecial will be placed at 802468BC (length = 608 bytes)
$Function_80240260 will be placed at 80246EC4 (length = 5E4 bytes)
$NpcGroup_Enemy3 will be placed at 802474A8 (length = 3E0 bytes)
$NpcGroup_Enemy4 will be placed at 80247888 (length = 3E0 bytes)
$NpcGroup_Enemy5 will be placed at 80247C68 (length = 3E0 bytes)
$NpcGroup_Enemy6 will be placed at 80248048 (length = 3E0 bytes)
$NpcGroup_Enemy1 will be placed at 80248428 (length = 3E0 bytes)
$NpcGroup_Enemy2 will be placed at 80248808 (length = 3E0 bytes)
$SetSpawns will be placed at 80248BE8 (length = 384 bytes)
$FallingDownPipe will be placed at 80248F6C (length = 37C bytes)
$Script_SetSetsOfLevels will be placed at 802492E8 (length = 358 bytes)
$Script_SetNPCPos will be placed at 80249640 (length = 2F4 bytes)
$Function_80240FB4 will be placed at 80249934 (length = 260 bytes)
$Function_8024234C will be placed at 80249B94 (length = 250 bytes)
$Function_NpcAI_MoneySack will be placed at 80249DE4 (length = 238 bytes)
$Script_SetSpawnPosition will be placed at 8024A01C (length = 234 bytes)
$Script_SackAnimation_Start_GoToTheRight will be placed at 8024A250 (length = 230 bytes)
$Script_Main will be placed at 8024A480 (length = 218 bytes)
$Script_SackAnimation_Start_GoToTheLeft will be placed at 8024A698 (length = 1F8 bytes)
$Interact_Mover will be placed at 8024A890 (length = 1F8 bytes)
$NpcGroup_Mover will be placed at 8024AA88 (length = 1F0 bytes)
$NpcGroup_BanditMover will be placed at 8024AC78 (length = 1F0 bytes)
$Interact_BanditMover will be placed at 8024AE68 (length = 1EC bytes)
$Script_PipeAnimation will be placed at 8024B054 (length = 1D0 bytes)
$JumpTable_80242448 will be placed at 8024B224 (length = 190 bytes)
$Script_LoadChestMap_Mover_Roguelike will be placed at 8024B3B4 (length = 18C bytes)
$PipeSpawning will be placed at 8024B540 (length = 178 bytes)
$NPC_Sack_AnimationStart will be placed at 8024B6B8 (length = 168 bytes)
$Function_80240844 will be placed at 8024B820 (length = 164 bytes)
$Script_LoadChestMap_Roguelike will be placed at 8024B984 (length = 164 bytes)
$Script_NPC_SackHit_Init will be placed at 8024BAE8 (length = 160 bytes)
$Script_SackAnimation_End_Right will be placed at 8024BC48 (length = 158 bytes)
$Script_SackAnimation_End_Left will be placed at 8024BDA0 (length = 150 bytes)
$MapTattle5 will be placed at 8024BEF0 (length = 13C bytes)
$MapTattle4 will be placed at 8024C02C (length = 130 bytes)
$GetFloor will be placed at 8024C15C (length = 12C bytes)
$BanditMover_Tattle will be placed at 8024C288 (length = 124 bytes)
$Script_80243A6C will be placed at 8024C3AC (length = 114 bytes)
$Script_SubstractCoins will be placed at 8024C4C0 (length = 10C bytes)
$Script_LoadMapMover_Roguelike will be placed at 8024C5CC (length = 104 bytes)
$Function_80242100 will be placed at 8024C6D0 (length = 100 bytes)
$Function_80241534 will be placed at 8024C7D0 (length = FC bytes)
$GetFloorBandit will be placed at 8024C8CC (length = F4 bytes)
$Script_MoverWarpAnimation will be placed at 8024C9C0 (length = F0 bytes)
$Function_80242260 will be placed at 8024CAB0 (length = EC bytes)
$Function_GetColliderPos will be placed at 8024CB9C (length = E0 bytes)
$Function_GetPos will be placed at 8024CC7C (length = E0 bytes)
$Script_TrackPlayer will be placed at 8024CD5C (length = DC bytes)
$MapTattle2 will be placed at 8024CE38 (length = D4 bytes)
$Script_EnemyAI will be placed at 8024CF0C (length = D4 bytes)
$Function_TrackInput will be placed at 8024CFE0 (length = BC bytes)
$MapTattle3 will be placed at 8024D09C (length = B0 bytes)
$Script_MakeEntities will be placed at 8024D14C (length = A8 bytes)
$MapTattle1 will be placed at 8024D1F4 (length = A8 bytes)
$Script_NpcAI_MoneySack will be placed at 8024D29C (length = A8 bytes)
$MoverStart will be placed at 8024D344 (length = A4 bytes)
$SwitchPath will be placed at 8024D3E8 (length = A4 bytes)
$Script_NPC_Sack_FX will be placed at 8024D48C (length = A4 bytes)
$GetPos will be placed at 8024D530 (length = 9C bytes)
$Script_AddCoins will be placed at 8024D5CC (length = 98 bytes)
$BanditMoverStart will be placed at 8024D664 (length = 98 bytes)
$Mover_Tattle will be placed at 8024D6FC (length = 94 bytes)
$Function_80242070 will be placed at 8024D790 (length = 90 bytes)
$Function_GetTattle1 will be placed at 8024D820 (length = 8C bytes)
$NPC_Sack_AnimationEnd will be placed at 8024D8AC (length = 84 bytes)
$BanditMover_Options will be placed at 8024D930 (length = 80 bytes)
$Script_EnemyAIB will be placed at 8024D9B0 (length = 80 bytes)
$SignStringBug will be placed at 8024DA30 (length = 7C bytes)
$LoadHighscores will be placed at 8024DAAC (length = 7C bytes)
$Mover_Options will be placed at 8024DB28 (length = 78 bytes)
$NpcGroups will be placed at 8024DBA0 (length = 6C bytes)
$DeepestLevel will be placed at 8024DC0C (length = 6C bytes)
$Function2 will be placed at 8024DC78 (length = 6C bytes)
$Function_802414C8 will be placed at 8024DCE4 (length = 6C bytes)
$LoadCoinsMover will be placed at 8024DD50 (length = 6C bytes)
$Function_SetAnimation will be placed at 8024DDBC (length = 6C bytes)
$GetFloorPit will be placed at 8024DE28 (length = 68 bytes)
$MoverEnd will be placed at 8024DE90 (length = 68 bytes)
$BanditMoverEnd will be placed at 8024DEF8 (length = 68 bytes)
$GetFloorSign will be placed at 8024DF60 (length = 64 bytes)
$Function_80242200 will be placed at 8024DFC4 (length = 60 bytes)
$BanditMoverNoCoins will be placed at 8024E024 (length = 58 bytes)
$MoverNoCoins will be placed at 8024E07C (length = 58 bytes)
$Function_GetTattle2 will be placed at 8024E0D4 (length = 48 bytes)
$CommingDownPipe will be placed at 8024E11C (length = 48 bytes)
$Script_Exit0 will be placed at 8024E164 (length = 48 bytes)
$Function_LoadCoinsInToVar1 will be placed at 8024E1AC (length = 48 bytes)
$Function_LoadGainedCoins will be placed at 8024E1F4 (length = 48 bytes)
$Function_Init will be placed at 8024E23C (length = 44 bytes)
$Function_802409A8 will be placed at 8024E280 (length = 44 bytes)
$Header will be placed at 8024E2C4 (length = 40 bytes)
$Script_Init_Bag will be placed at 8024E304 (length = 38 bytes)
$TotalLevels will be placed at 8024E33C (length = 38 bytes)
$Script_Init_Bag_HitBox will be placed at 8024E374 (length = 38 bytes)
$DispawnParthner will be placed at 8024E3AC (length = 34 bytes)
$Function_ResetDamage will be placed at 8024E3E0 (length = 34 bytes)
$AISettings_MoneySack will be placed at 8024E414 (length = 30 bytes)
$AISettings_Enemy will be placed at 8024E444 (length = 30 bytes)
$AISettings_DisableEnemy will be placed at 8024E474 (length = 30 bytes)
$RespawnParthner will be placed at 8024E4A4 (length = 30 bytes)
$NPC_Settings_Sack will be placed at 8024E4D4 (length = 2C bytes)
$Function_GetDamageTaken will be placed at 8024E500 (length = 2C bytes)
$NpcSettings_Enemy1 will be placed at 8024E52C (length = 2C bytes)
$Function_RevivePlayer will be placed at 8024E558 (length = 2C bytes)
$String_CoinsGained will be placed at 8024E584 (length = 2C bytes)
$BlankSettings will be placed at 8024E5B0 (length = 2C bytes)
$NpcSettings_Enemy1B will be placed at 8024E5DC (length = 2C bytes)
$Script_MakeExits will be placed at 8024E608 (length = 2C bytes)
$NpcGroup7 will be placed at 8024E634 (length = 24 bytes)
$VectorList_80244998 will be placed at 8024E658 (length = 24 bytes)
$Script_Init_80243B20 will be placed at 8024E67C (length = 24 bytes)
$Script_Init_Mover will be placed at 8024E6A0 (length = 24 bytes)
$Script_Init_BanditMover will be placed at 8024E6C4 (length = 24 bytes)
$Script_DisableEnemyAI will be placed at 8024E6E8 (length = 20 bytes)
$EntryList will be placed at 8024E708 (length = 20 bytes)
$NpcGroup6 will be placed at 8024E728 (length = 18 bytes)
$NpcGroup3 will be placed at 8024E740 (length = 18 bytes)
$NpcGroup2 will be placed at 8024E758 (length = 18 bytes)
$NpcGroup5 will be placed at 8024E770 (length = 18 bytes)
$NpcGroup4 will be placed at 8024E788 (length = 18 bytes)
$NpcGroup1 will be placed at 8024E7A0 (length = 18 bytes)
$SignString100 will be placed at 8024E7B8 (length = 18 bytes)
$SignString1 will be placed at 8024E7D0 (length = 14 bytes)
$SignString99 will be placed at 8024E7E4 (length = 14 bytes)
$SignString98 will be placed at 8024E7F8 (length = 14 bytes)
$SignString97 will be placed at 8024E80C (length = 14 bytes)
$SignString96 will be placed at 8024E820 (length = 14 bytes)
$SignString95 will be placed at 8024E834 (length = 14 bytes)
$SignString94 will be placed at 8024E848 (length = 14 bytes)
$SignString93 will be placed at 8024E85C (length = 14 bytes)
$SignString92 will be placed at 8024E870 (length = 14 bytes)
$SignString91 will be placed at 8024E884 (length = 14 bytes)
$SignString90 will be placed at 8024E898 (length = 14 bytes)
$SignString59 will be placed at 8024E8AC (length = 14 bytes)
$SignString58 will be placed at 8024E8C0 (length = 14 bytes)
$SignString57 will be placed at 8024E8D4 (length = 14 bytes)
$SignString56 will be placed at 8024E8E8 (length = 14 bytes)
$SignString55 will be placed at 8024E8FC (length = 14 bytes)
$SignString54 will be placed at 8024E910 (length = 14 bytes)
$SignString53 will be placed at 8024E924 (length = 14 bytes)
$SignString52 will be placed at 8024E938 (length = 14 bytes)
$SignString51 will be placed at 8024E94C (length = 14 bytes)
$SignString50 will be placed at 8024E960 (length = 14 bytes)
$SignString69 will be placed at 8024E974 (length = 14 bytes)
$SignString68 will be placed at 8024E988 (length = 14 bytes)
$SignString67 will be placed at 8024E99C (length = 14 bytes)
$SignString66 will be placed at 8024E9B0 (length = 14 bytes)
$SignString65 will be placed at 8024E9C4 (length = 14 bytes)
$SignString64 will be placed at 8024E9D8 (length = 14 bytes)
$SignString63 will be placed at 8024E9EC (length = 14 bytes)
$SignString62 will be placed at 8024EA00 (length = 14 bytes)
$SignString61 will be placed at 8024EA14 (length = 14 bytes)
$SignString60 will be placed at 8024EA28 (length = 14 bytes)
$SignString79 will be placed at 8024EA3C (length = 14 bytes)
$SignString78 will be placed at 8024EA50 (length = 14 bytes)
$SignString77 will be placed at 8024EA64 (length = 14 bytes)
$SignString76 will be placed at 8024EA78 (length = 14 bytes)
$SignString75 will be placed at 8024EA8C (length = 14 bytes)
$SignString74 will be placed at 8024EAA0 (length = 14 bytes)
$SignString73 will be placed at 8024EAB4 (length = 14 bytes)
$SignString72 will be placed at 8024EAC8 (length = 14 bytes)
$SignString71 will be placed at 8024EADC (length = 14 bytes)
$SignString70 will be placed at 8024EAF0 (length = 14 bytes)
$SignString89 will be placed at 8024EB04 (length = 14 bytes)
$SignString88 will be placed at 8024EB18 (length = 14 bytes)
$SignString87 will be placed at 8024EB2C (length = 14 bytes)
$SignString86 will be placed at 8024EB40 (length = 14 bytes)
$SignString85 will be placed at 8024EB54 (length = 14 bytes)
$SignString84 will be placed at 8024EB68 (length = 14 bytes)
$SignString83 will be placed at 8024EB7C (length = 14 bytes)
$SignString82 will be placed at 8024EB90 (length = 14 bytes)
$SignString81 will be placed at 8024EBA4 (length = 14 bytes)
$SignString80 will be placed at 8024EBB8 (length = 14 bytes)
$SignString19 will be placed at 8024EBCC (length = 14 bytes)
$SignString18 will be placed at 8024EBE0 (length = 14 bytes)
$SignString17 will be placed at 8024EBF4 (length = 14 bytes)
$SignString16 will be placed at 8024EC08 (length = 14 bytes)
$SignString15 will be placed at 8024EC1C (length = 14 bytes)
$SignString14 will be placed at 8024EC30 (length = 14 bytes)
$SignString13 will be placed at 8024EC44 (length = 14 bytes)
$SignString12 will be placed at 8024EC58 (length = 14 bytes)
$SignString11 will be placed at 8024EC6C (length = 14 bytes)
$SignString10 will be placed at 8024EC80 (length = 14 bytes)
$SignString3 will be placed at 8024EC94 (length = 14 bytes)
$SignString2 will be placed at 8024ECA8 (length = 14 bytes)
$SignString5 will be placed at 8024ECBC (length = 14 bytes)
$SignString4 will be placed at 8024ECD0 (length = 14 bytes)
$SignString7 will be placed at 8024ECE4 (length = 14 bytes)
$SignString6 will be placed at 8024ECF8 (length = 14 bytes)
$SignString9 will be placed at 8024ED0C (length = 14 bytes)
$SignString8 will be placed at 8024ED20 (length = 14 bytes)
$SignString29 will be placed at 8024ED34 (length = 14 bytes)
$SignString28 will be placed at 8024ED48 (length = 14 bytes)
$SignString27 will be placed at 8024ED5C (length = 14 bytes)
$SignString26 will be placed at 8024ED70 (length = 14 bytes)
$SignString25 will be placed at 8024ED84 (length = 14 bytes)
$SignString24 will be placed at 8024ED98 (length = 14 bytes)
$SignString23 will be placed at 8024EDAC (length = 14 bytes)
$SignString22 will be placed at 8024EDC0 (length = 14 bytes)
$SignString21 will be placed at 8024EDD4 (length = 14 bytes)
$SignString20 will be placed at 8024EDE8 (length = 14 bytes)
$SignString will be placed at 8024EDFC (length = 14 bytes)
$SignString39 will be placed at 8024EE10 (length = 14 bytes)
$SignString38 will be placed at 8024EE24 (length = 14 bytes)
$SignString37 will be placed at 8024EE38 (length = 14 bytes)
$SignString36 will be placed at 8024EE4C (length = 14 bytes)
$SignString35 will be placed at 8024EE60 (length = 14 bytes)
$SignString34 will be placed at 8024EE74 (length = 14 bytes)
$SignString33 will be placed at 8024EE88 (length = 14 bytes)
$SignString32 will be placed at 8024EE9C (length = 14 bytes)
$SignString31 will be placed at 8024EEB0 (length = 14 bytes)
$SignString30 will be placed at 8024EEC4 (length = 14 bytes)
$SignString49 will be placed at 8024EED8 (length = 14 bytes)
$SignString48 will be placed at 8024EEEC (length = 14 bytes)
$SignString47 will be placed at 8024EF00 (length = 14 bytes)
$SignString46 will be placed at 8024EF14 (length = 14 bytes)
$SignString45 will be placed at 8024EF28 (length = 14 bytes)
$SignString44 will be placed at 8024EF3C (length = 14 bytes)
$SignString43 will be placed at 8024EF50 (length = 14 bytes)
$SignString42 will be placed at 8024EF64 (length = 14 bytes)
$SignString41 will be placed at 8024EF78 (length = 14 bytes)
$SignString40 will be placed at 8024EF8C (length = 14 bytes)
$ASCII_pit_02_Literal will be placed at 8024EFA0 (length = C bytes)
$ASCII_pit_90_Literal will be placed at 8024EFAC (length = C bytes)
$ASCII_pit_34_Literal will be placed at 8024EFB8 (length = C bytes)
$ASCII_pit_66_Literal will be placed at 8024EFC4 (length = C bytes)
$ASCII_pit_98_Literal will be placed at 8024EFD0 (length = C bytes)
$ASCII_pit_19_Literal will be placed at 8024EFDC (length = C bytes)
$ASCII_pit_57_Literal will be placed at 8024EFE8 (length = C bytes)
$ASCII_pit_69_Literal will be placed at 8024EFF4 (length = C bytes)
$ASCII_pit_72_Literal will be placed at 8024F000 (length = C bytes)
$ASCII_pit_81_Literal will be placed at 8024F00C (length = C bytes)
$ASCII_pit_43_Literal will be placed at 8024F018 (length = C bytes)
$ASCII_pit_28_Literal will be placed at 8024F024 (length = C bytes)
$ASCII_pit_78_Literal will be placed at 8024F030 (length = C bytes)
$ASCII_pit_63_Literal will be placed at 8024F03C (length = C bytes)
$ASCII_pit_46_Literal will be placed at 8024F048 (length = C bytes)
$ASCII_pit_95_Literal will be placed at 8024F054 (length = C bytes)
$ASCII_pit_16_Literal will be placed at 8024F060 (length = C bytes)
$ASCII_pit_37_Literal will be placed at 8024F06C (length = C bytes)
$ASCII_pit_22_Literal will be placed at 8024F078 (length = C bytes)
$ASCII_pit_05_Literal will be placed at 8024F084 (length = C bytes)
$ASCII_pit_25_Literal will be placed at 8024F090 (length = C bytes)
$ASCII_pit_54_Literal will be placed at 8024F09C (length = C bytes)
$ASCII_pit_08_Literal will be placed at 8024F0A8 (length = C bytes)
$ASCII_pit_87_Literal will be placed at 8024F0B4 (length = C bytes)
$ASCII_pit_75_Literal will be placed at 8024F0C0 (length = C bytes)
$ASCII_pit_13_Literal will be placed at 8024F0CC (length = C bytes)
$ASCII_pit_32_Literal will be placed at 8024F0D8 (length = C bytes)
$ASCII_pit_92_Literal will be placed at 8024F0E4 (length = C bytes)
$ASCII_pit_17_Literal will be placed at 8024F0F0 (length = C bytes)
$ASCII_pit_49_Literal will be placed at 8024F0FC (length = C bytes)
$ASCII_pit_77_Literal will be placed at 8024F108 (length = C bytes)
$ASCII_pit_96_Literal will be placed at 8024F114 (length = C bytes)
$ASCII_pit_68_Literal will be placed at 8024F120 (length = C bytes)
$ASCII_pit_51_Literal will be placed at 8024F12C (length = C bytes)
$ASCII_pit_04_Literal will be placed at 8024F138 (length = C bytes)
$ASCII_pit_83_Literal will be placed at 8024F144 (length = C bytes)
$ASCII_pit_86_Literal will be placed at 8024F150 (length = C bytes)
$ASCII_pit_26_Literal will be placed at 8024F15C (length = C bytes)
$ASCII_pit_41_Literal will be placed at 8024F168 (length = C bytes)
$ASCII_pit_14_Literal will be placed at 8024F174 (length = C bytes)
$ASCII_pit_74_Literal will be placed at 8024F180 (length = C bytes)
$ASCII_pit_60_Literal will be placed at 8024F18C (length = C bytes)
$ASCII_pit_59_Literal will be placed at 8024F198 (length = C bytes)
$ASCII_pit_93_Literal will be placed at 8024F1A4 (length = C bytes)
$ASCII_pit_65_Literal will be placed at 8024F1B0 (length = C bytes)
$ASCII_pit_07_Literal will be placed at 8024F1BC (length = C bytes)
$ASCII_pit_20_Literal will be placed at 8024F1C8 (length = C bytes)
$ASCII_pit_35_Literal will be placed at 8024F1D4 (length = C bytes)
$ASCII_pit_23_Literal will be placed at 8024F1E0 (length = C bytes)
$ASCII_pit_11_Literal will be placed at 8024F1EC (length = C bytes)
$ASCII_pit_56_Literal will be placed at 8024F1F8 (length = C bytes)
$ASCII_pit_44_Literal will be placed at 8024F204 (length = C bytes)
$ASCII_pit_89_Literal will be placed at 8024F210 (length = C bytes)
$ASCII_pit_79_Literal will be placed at 8024F21C (length = C bytes)
$ASCII_pit_62_Literal will be placed at 8024F228 (length = C bytes)
$ASCII_pit_94_Literal will be placed at 8024F234 (length = C bytes)
$ASCII_pit_47_Literal will be placed at 8024F240 (length = C bytes)
$ASCII_pit_21_Literal will be placed at 8024F24C (length = C bytes)
$ASCII_pit_06_Literal will be placed at 8024F258 (length = C bytes)
$ASCII_pit_53_Literal will be placed at 8024F264 (length = C bytes)
$ASCII_pit_09_Literal will be placed at 8024F270 (length = C bytes)
$ASCII_pit_88_Literal will be placed at 8024F27C (length = C bytes)
$ASCII_pit_38_Literal will be placed at 8024F288 (length = C bytes)
$ASCII_pit_24_Literal will be placed at 8024F294 (length = C bytes)
$ASCII_pit_12_Literal will be placed at 8024F2A0 (length = C bytes)
$ASCII_pit_76_Literal will be placed at 8024F2AC (length = C bytes)
$ASCII_pit_01_Literal will be placed at 8024F2B8 (length = C bytes)
$ASCII_pit_50_Literal will be placed at 8024F2C4 (length = C bytes)
$ASCII_pit_33_Literal will be placed at 8024F2D0 (length = C bytes)
$ASCII_pit_99_Literal will be placed at 8024F2DC (length = C bytes)
$ASCII_pit_67_Literal will be placed at 8024F2E8 (length = C bytes)
$ASCII_pit_71_Literal will be placed at 8024F2F4 (length = C bytes)
$ASCII_pit_42_Literal will be placed at 8024F300 (length = C bytes)
$ASCII_pit_80_Literal will be placed at 8024F30C (length = C bytes)
$ASCII_pit_29_Literal will be placed at 8024F318 (length = C bytes)
$ASCII_pit_58_Literal will be placed at 8024F324 (length = C bytes)
$ASCII_pit_30_Literal will be placed at 8024F330 (length = C bytes)
$ASCII_pit_00_Literal will be placed at 8024F33C (length = C bytes)
$ASCII_pit_64_Literal will be placed at 8024F348 (length = C bytes)
$ASCII_pit_36_Literal will be placed at 8024F354 (length = C bytes)
$ASCII_pit_55_Literal will be placed at 8024F360 (length = C bytes)
$ASCII_pit_10_Literal will be placed at 8024F36C (length = C bytes)
$ASCII_pit_45_Literal will be placed at 8024F378 (length = C bytes)
$ASCII_pit_18_Literal will be placed at 8024F384 (length = C bytes)
$ASCII_pit_48_Literal will be placed at 8024F390 (length = C bytes)
$ASCII_pit_03_Literal will be placed at 8024F39C (length = C bytes)
$ASCII_pit_31_Literal will be placed at 8024F3A8 (length = C bytes)
$ASCII_pit_91_Literal will be placed at 8024F3B4 (length = C bytes)
$ASCII_pit_97_Literal will be placed at 8024F3C0 (length = C bytes)
$ASCII_pit_82_Literal will be placed at 8024F3CC (length = C bytes)
$ASCII_pit_52_Literal will be placed at 8024F3D8 (length = C bytes)
$ASCII_pit_70_Literal will be placed at 8024F3E4 (length = C bytes)
$ASCII_pit_85_Literal will be placed at 8024F3F0 (length = C bytes)
$ASCII_pit_40_Literal will be placed at 8024F3FC (length = C bytes)
$ASCII_pit_39_Literal will be placed at 8024F408 (length = C bytes)
$ASCII_pit_73_Literal will be placed at 8024F414 (length = C bytes)
$ASCII_pit_15_Literal will be placed at 8024F420 (length = C bytes)
$ASCII_pit_27_Literal will be placed at 8024F42C (length = C bytes)
$ASCII_pit_61_Literal will be placed at 8024F438 (length = C bytes)
$ConstDouble_802473E8 will be placed at 8024F444 (length = 8 bytes)
$ConstDouble_802473E0 will be placed at 8024F44C (length = 8 bytes)
$ConstDouble_802473D8 will be placed at 8024F454 (length = 8 bytes)
$ConstDouble_802473F8 will be placed at 8024F45C (length = 8 bytes)
$ConstDouble_802473F0 will be placed at 8024F464 (length = 8 bytes)
$ConstDouble_80247400 will be placed at 8024F46C (length = 8 bytes)
$ASCII_pit_842_Literal will be placed at 8024F474 (length = 8 bytes)
$ASCII_pit_100_Literal will be placed at 8024F47C (length = 8 bytes)
$ASCII_tik_tex_Literal will be placed at 8024F484 (length = 8 bytes)
$MoverCancel will be placed at 8024F48C (length = 4 bytes)
$BanditMoverCancel will be placed at 8024F490 (length = 4 bytes)
Executing patch: pit_65.mpat
Loaded map pit_51
Creating struct: $EntryList
Creating struct: $DeepestLevel
Creating struct: $TotalLevels
Creating struct: $LoadHighscores
Creating struct: $FallingDownPipe
Creating struct: $Function_GetPos
Creating struct: $Function2
Creating struct: $SetSpawns
Creating struct: $Script_SetNPCPos
Creating struct: $SwitchPath
Creating struct: $VectorList_80244998
Creating struct: $GetPos
Creating struct: $Function_GetDamageTaken
Creating struct: $Function_ResetDamage
Creating struct: $DispawnParthner
Creating struct: $RespawnParthner
Creating struct: $LoadMap
Creating struct: $Script_LoadMapMover_Roguelike
Creating struct: $GetFloor
Creating struct: $LoadCoinsMover
Creating struct: $LoadMapBandit
Creating struct: $GetFloorBandit
Creating struct: $Script_Init_80243B20
Creating struct: $Script_80243A6C
Creating struct: $Script_AddCoins
Creating struct: $Script_SubstractCoins
Creating struct: $NPC_Settings_Sack
Creating struct: $Script_Init_Bag
Creating struct: $Script_Init_Bag_HitBox
Creating struct: $Script_NPC_SackHit_Init
Creating struct: $Script_NPC_Sack_FX
Creating struct: $NPC_Sack_AnimationStart
Creating struct: $NPC_Sack_AnimationEnd
Creating struct: $Script_SackAnimation_Start_GoToTheRight
Creating struct: $Script_SackAnimation_Start_GoToTheLeft
Creating struct: $Script_SackAnimation_End_Right
Creating struct: $Script_SackAnimation_End_Left
Creating struct: $Function_LoadGainedCoins
Creating struct: $Function_RevivePlayer
Creating struct: $AISettings_MoneySack
Creating struct: $Script_NpcAI_MoneySack
Creating struct: $JumpTable_80242448
Creating struct: $Function_NpcAI_MoneySack
Creating struct: $Function_80240260
Creating struct: $Function_80240844
Creating struct: $Function_802409A8
Creating struct: $Script_TrackPlayer
Creating struct: $Script_PipeAnimation
Creating struct: $Function_SetAnimation
Creating struct: $Function_GetColliderPos
Creating struct: $Function_TrackInput
Creating struct: $GoToNextLevel
Creating struct: $GoToNextLevel_Roguelike
Creating struct: $Script_SetSetsOfLevels
Creating struct: $Script_LoadMap_Roguelike
Creating struct: $Script_LoadChestMap_Roguelike
Creating struct: $Script_LoadMap_Mover_Roguelike
Creating struct: $Script_LoadChestMap_Mover_Roguelike
Creating struct: $GetFloorPit
Creating struct: $GetFloorSign
Creating struct: $Function_GetTattle1
Creating struct: $Function_GetTattle2
Creating struct: $Script_ReadSign
Creating struct: $Header
Creating struct: $Function_Init
Creating struct: $Script_Main
Creating struct: $NpcGroups
Creating struct: $NpcGroup_Mover
Creating struct: $BlankSettings
Creating struct: $Script_Init_Mover
Creating struct: $Interact_Mover
Creating struct: $Script_MoverWarpAnimation
Creating struct: $NpcGroup_BanditMover
Creating struct: $Script_Init_BanditMover
Creating struct: $Interact_BanditMover
Creating struct: $NpcGroup_Enemy1
Creating struct: $NpcGroup_Enemy2
Creating struct: $NpcGroup_Enemy3
Creating struct: $NpcGroup_Enemy4
Creating struct: $NpcGroup_Enemy5
Creating struct: $NpcGroup_Enemy6
Creating struct: $NpcSettings_Enemy1
Creating struct: $Script_EnemyAI
Creating struct: $AISettings_Enemy
Creating struct: $Script_DisableEnemyAI
Creating struct: $AISettings_DisableEnemy
Creating struct: $PipeSpawning
Creating struct: $Script_MakeEntities
Creating struct: $CommingDownPipe
Creating struct: $Script_MakeExits
Creating struct: $Script_Exit0
Merged 1 regions to 1
$Script_LoadMap_Mover_Roguelike will be placed at 80240000 (length = F14 bytes)
$LoadMap will be placed at 80240F14 (length = EF4 bytes)
$Script_ReadSign will be placed at 80241E08 (length = EEC bytes)
$LoadMapBandit will be placed at 80242CF4 (length = EA4 bytes)
$Script_LoadMap_Roguelike will be placed at 80243B98 (length = D9C bytes)
$GoToNextLevel will be placed at 80244934 (length = D10 bytes)
$GoToNextLevel_Roguelike will be placed at 80245644 (length = 868 bytes)
$Function_80240260 will be placed at 80245EAC (length = 5E4 bytes)
$SetSpawns will be placed at 80246490 (length = 384 bytes)
$FallingDownPipe will be placed at 80246814 (length = 37C bytes)
$Script_SetSetsOfLevels will be placed at 80246B90 (length = 358 bytes)
$Script_SetNPCPos will be placed at 80246EE8 (length = 2F4 bytes)
$Function_NpcAI_MoneySack will be placed at 802471DC (length = 238 bytes)
$Script_SackAnimation_Start_GoToTheRight will be placed at 80247414 (length = 230 bytes)
$Script_SackAnimation_Start_GoToTheLeft will be placed at 80247644 (length = 1F8 bytes)
$Interact_Mover will be placed at 8024783C (length = 1F8 bytes)
$NpcGroup_Enemy3 will be placed at 80247A34 (length = 1F0 bytes)
$NpcGroup_Enemy4 will be placed at 80247C24 (length = 1F0 bytes)
$NpcGroup_Enemy5 will be placed at 80247E14 (length = 1F0 bytes)
$NpcGroup_Enemy6 will be placed at 80248004 (length = 1F0 bytes)
$NpcGroup_Enemy1 will be placed at 802481F4 (length = 1F0 bytes)
$NpcGroup_Enemy2 will be placed at 802483E4 (length = 1F0 bytes)
$NpcGroup_Mover will be placed at 802485D4 (length = 1F0 bytes)
$NpcGroup_BanditMover will be placed at 802487C4 (length = 1F0 bytes)
$Interact_BanditMover will be placed at 802489B4 (length = 1EC bytes)
$Script_PipeAnimation will be placed at 80248BA0 (length = 1D0 bytes)
$JumpTable_80242448 will be placed at 80248D70 (length = 190 bytes)
$Script_LoadChestMap_Mover_Roguelike will be placed at 80248F00 (length = 18C bytes)
$PipeSpawning will be placed at 8024908C (length = 178 bytes)
$NPC_Sack_AnimationStart will be placed at 80249204 (length = 168 bytes)
$Function_80240844 will be placed at 8024936C (length = 164 bytes)
$Script_LoadChestMap_Roguelike will be placed at 802494D0 (length = 164 bytes)
$Script_NPC_SackHit_Init will be placed at 80249634 (length = 160 bytes)
$Script_SackAnimation_End_Right will be placed at 80249794 (length = 158 bytes)
$Script_SackAnimation_End_Left will be placed at 802498EC (length = 150 bytes)
$MapTattle5 will be placed at 80249A3C (length = 13C bytes)
$MapTattle4 will be placed at 80249B78 (length = 130 bytes)
$GetFloor will be placed at 80249CA8 (length = 12C bytes)
$BanditMover_Tattle will be placed at 80249DD4 (length = 124 bytes)
$Script_Main will be placed at 80249EF8 (length = 120 bytes)
$Script_80243A6C will be placed at 8024A018 (length = 114 bytes)
$Script_SubstractCoins will be placed at 8024A12C (length = 10C bytes)
$Script_LoadMapMover_Roguelike will be placed at 8024A238 (length = 104 bytes)
$GetFloorBandit will be placed at 8024A33C (length = F4 bytes)
$Script_MoverWarpAnimation will be placed at 8024A430 (length = F0 bytes)
$Function_GetColliderPos will be placed at 8024A520 (length = E0 bytes)
$Function_GetPos will be placed at 8024A600 (length = E0 bytes)
$Script_TrackPlayer will be placed at 8024A6E0 (length = DC bytes)
$MapTattle2 will be placed at 8024A7BC (length = D4 bytes)
$Function_TrackInput will be placed at 8024A890 (length = BC bytes)
$MapTattle3 will be placed at 8024A94C (length = B0 bytes)
$Script_MakeEntities will be placed at 8024A9FC (length = A8 bytes)
$MapTattle1 will be placed at 8024AAA4 (length = A8 bytes)
$Script_NpcAI_MoneySack will be placed at 8024AB4C (length = A8 bytes)
$MoverStart will be placed at 8024ABF4 (length = A4 bytes)
$SwitchPath will be placed at 8024AC98 (length = A4 bytes)
$Script_NPC_Sack_FX will be placed at 8024AD3C (length = A4 bytes)
$GetPos will be placed at 8024ADE0 (length = 9C bytes)
$Script_AddCoins will be placed at 8024AE7C (length = 98 bytes)
$BanditMoverStart will be placed at 8024AF14 (length = 98 bytes)
$Mover_Tattle will be placed at 8024AFAC (length = 94 bytes)
$Function_GetTattle1 will be placed at 8024B040 (length = 8C bytes)
$NPC_Sack_AnimationEnd will be placed at 8024B0CC (length = 84 bytes)
$BanditMover_Options will be placed at 8024B150 (length = 80 bytes)
$SignStringBug will be placed at 8024B1D0 (length = 7C bytes)
$LoadHighscores will be placed at 8024B24C (length = 7C bytes)
$Mover_Options will be placed at 8024B2C8 (length = 78 bytes)
$NpcGroups will be placed at 8024B340 (length = 6C bytes)
$DeepestLevel will be placed at 8024B3AC (length = 6C bytes)
$Function2 will be placed at 8024B418 (length = 6C bytes)
$LoadCoinsMover will be placed at 8024B484 (length = 6C bytes)
$Function_SetAnimation will be placed at 8024B4F0 (length = 6C bytes)
$GetFloorPit will be placed at 8024B55C (length = 68 bytes)
$MoverEnd will be placed at 8024B5C4 (length = 68 bytes)
$BanditMoverEnd will be placed at 8024B62C (length = 68 bytes)
$GetFloorSign will be placed at 8024B694 (length = 64 bytes)
$BanditMoverNoCoins will be placed at 8024B6F8 (length = 58 bytes)
$MoverNoCoins will be placed at 8024B750 (length = 58 bytes)
$Function_GetTattle2 will be placed at 8024B7A8 (length = 48 bytes)
$CommingDownPipe will be placed at 8024B7F0 (length = 48 bytes)
$Script_Exit0 will be placed at 8024B838 (length = 48 bytes)
$Function_LoadGainedCoins will be placed at 8024B880 (length = 48 bytes)
$Function_Init will be placed at 8024B8C8 (length = 44 bytes)
$Function_802409A8 will be placed at 8024B90C (length = 44 bytes)
$Header will be placed at 8024B950 (length = 40 bytes)
$Script_Init_Bag will be placed at 8024B990 (length = 38 bytes)
$TotalLevels will be placed at 8024B9C8 (length = 38 bytes)
$Script_Init_Bag_HitBox will be placed at 8024BA00 (length = 38 bytes)
$DispawnParthner will be placed at 8024BA38 (length = 34 bytes)
$Function_ResetDamage will be placed at 8024BA6C (length = 34 bytes)
$AISettings_MoneySack will be placed at 8024BAA0 (length = 30 bytes)
$AISettings_Enemy will be placed at 8024BAD0 (length = 30 bytes)
$AISettings_DisableEnemy will be placed at 8024BB00 (length = 30 bytes)
$RespawnParthner will be placed at 8024BB30 (length = 30 bytes)
$NPC_Settings_Sack will be placed at 8024BB60 (length = 2C bytes)
$Function_GetDamageTaken will be placed at 8024BB8C (length = 2C bytes)
$Function_RevivePlayer will be placed at 8024BBB8 (length = 2C bytes)
$String_CoinsGained will be placed at 8024BBE4 (length = 2C bytes)
$BlankSettings will be placed at 8024BC10 (length = 2C bytes)
$Script_MakeExits will be placed at 8024BC3C (length = 2C bytes)
$NpcSettings_Enemy1 will be placed at 8024BC68 (length = 24 bytes)
$VectorList_80244998 will be placed at 8024BC8C (length = 24 bytes)
$Script_Init_80243B20 will be placed at 8024BCB0 (length = 24 bytes)
$Script_Init_Mover will be placed at 8024BCD4 (length = 24 bytes)
$Script_Init_BanditMover will be placed at 8024BCF8 (length = 24 bytes)
$Script_DisableEnemyAI will be placed at 8024BD1C (length = 20 bytes)
$EntryList will be placed at 8024BD3C (length = 20 bytes)
$Script_EnemyAI will be placed at 8024BD5C (length = 20 bytes)
$SignString100 will be placed at 8024BD7C (length = 18 bytes)
$SignString1 will be placed at 8024BD94 (length = 14 bytes)
$SignString99 will be placed at 8024BDA8 (length = 14 bytes)
$SignString98 will be placed at 8024BDBC (length = 14 bytes)
$SignString97 will be placed at 8024BDD0 (length = 14 bytes)
$SignString96 will be placed at 8024BDE4 (length = 14 bytes)
$SignString95 will be placed at 8024BDF8 (length = 14 bytes)
$SignString94 will be placed at 8024BE0C (length = 14 bytes)
$SignString93 will be placed at 8024BE20 (length = 14 bytes)
$SignString92 will be placed at 8024BE34 (length = 14 bytes)
$SignString91 will be placed at 8024BE48 (length = 14 bytes)
$SignString90 will be placed at 8024BE5C (length = 14 bytes)
$SignString59 will be placed at 8024BE70 (length = 14 bytes)
$SignString58 will be placed at 8024BE84 (length = 14 bytes)
$SignString57 will be placed at 8024BE98 (length = 14 bytes)
$SignString56 will be placed at 8024BEAC (length = 14 bytes)
$SignString55 will be placed at 8024BEC0 (length = 14 bytes)
$SignString54 will be placed at 8024BED4 (length = 14 bytes)
$SignString53 will be placed at 8024BEE8 (length = 14 bytes)
$SignString52 will be placed at 8024BEFC (length = 14 bytes)
$SignString51 will be placed at 8024BF10 (length = 14 bytes)
$SignString50 will be placed at 8024BF24 (length = 14 bytes)
$SignString69 will be placed at 8024BF38 (length = 14 bytes)
$SignString68 will be placed at 8024BF4C (length = 14 bytes)
$SignString67 will be placed at 8024BF60 (length = 14 bytes)
$SignString66 will be placed at 8024BF74 (length = 14 bytes)
$SignString65 will be placed at 8024BF88 (length = 14 bytes)
$SignString64 will be placed at 8024BF9C (length = 14 bytes)
$SignString63 will be placed at 8024BFB0 (length = 14 bytes)
$SignString62 will be placed at 8024BFC4 (length = 14 bytes)
$SignString61 will be placed at 8024BFD8 (length = 14 bytes)
$SignString60 will be placed at 8024BFEC (length = 14 bytes)
$SignString79 will be placed at 8024C000 (length = 14 bytes)
$SignString78 will be placed at 8024C014 (length = 14 bytes)
$SignString77 will be placed at 8024C028 (length = 14 bytes)
$SignString76 will be placed at 8024C03C (length = 14 bytes)
$SignString75 will be placed at 8024C050 (length = 14 bytes)
$SignString74 will be placed at 8024C064 (length = 14 bytes)
$SignString73 will be placed at 8024C078 (length = 14 bytes)
$SignString72 will be placed at 8024C08C (length = 14 bytes)
$SignString71 will be placed at 8024C0A0 (length = 14 bytes)
$SignString70 will be placed at 8024C0B4 (length = 14 bytes)
$SignString89 will be placed at 8024C0C8 (length = 14 bytes)
$SignString88 will be placed at 8024C0DC (length = 14 bytes)
$SignString87 will be placed at 8024C0F0 (length = 14 bytes)
$SignString86 will be placed at 8024C104 (length = 14 bytes)
$SignString85 will be placed at 8024C118 (length = 14 bytes)
$SignString84 will be placed at 8024C12C (length = 14 bytes)
$SignString83 will be placed at 8024C140 (length = 14 bytes)
$SignString82 will be placed at 8024C154 (length = 14 bytes)
$SignString81 will be placed at 8024C168 (length = 14 bytes)
$SignString80 will be placed at 8024C17C (length = 14 bytes)
$SignString19 will be placed at 8024C190 (length = 14 bytes)
$SignString18 will be placed at 8024C1A4 (length = 14 bytes)
$SignString17 will be placed at 8024C1B8 (length = 14 bytes)
$SignString16 will be placed at 8024C1CC (length = 14 bytes)
$SignString15 will be placed at 8024C1E0 (length = 14 bytes)
$SignString14 will be placed at 8024C1F4 (length = 14 bytes)
$SignString13 will be placed at 8024C208 (length = 14 bytes)
$SignString12 will be placed at 8024C21C (length = 14 bytes)
$SignString11 will be placed at 8024C230 (length = 14 bytes)
$SignString10 will be placed at 8024C244 (length = 14 bytes)
$SignString3 will be placed at 8024C258 (length = 14 bytes)
$SignString2 will be placed at 8024C26C (length = 14 bytes)
$SignString5 will be placed at 8024C280 (length = 14 bytes)
$SignString4 will be placed at 8024C294 (length = 14 bytes)
$SignString7 will be placed at 8024C2A8 (length = 14 bytes)
$SignString6 will be placed at 8024C2BC (length = 14 bytes)
$SignString9 will be placed at 8024C2D0 (length = 14 bytes)
$SignString8 will be placed at 8024C2E4 (length = 14 bytes)
$SignString29 will be placed at 8024C2F8 (length = 14 bytes)
$SignString28 will be placed at 8024C30C (length = 14 bytes)
$SignString27 will be placed at 8024C320 (length = 14 bytes)
$SignString26 will be placed at 8024C334 (length = 14 bytes)
$SignString25 will be placed at 8024C348 (length = 14 bytes)
$SignString24 will be placed at 8024C35C (length = 14 bytes)
$SignString23 will be placed at 8024C370 (length = 14 bytes)
$SignString22 will be placed at 8024C384 (length = 14 bytes)
$SignString21 will be placed at 8024C398 (length = 14 bytes)
$SignString20 will be placed at 8024C3AC (length = 14 bytes)
$SignString will be placed at 8024C3C0 (length = 14 bytes)
$SignString39 will be placed at 8024C3D4 (length = 14 bytes)
$SignString38 will be placed at 8024C3E8 (length = 14 bytes)
$SignString37 will be placed at 8024C3FC (length = 14 bytes)
$SignString36 will be placed at 8024C410 (length = 14 bytes)
$SignString35 will be placed at 8024C424 (length = 14 bytes)
$SignString34 will be placed at 8024C438 (length = 14 bytes)
$SignString33 will be placed at 8024C44C (length = 14 bytes)
$SignString32 will be placed at 8024C460 (length = 14 bytes)
$SignString31 will be placed at 8024C474 (length = 14 bytes)
$SignString30 will be placed at 8024C488 (length = 14 bytes)
$SignString49 will be placed at 8024C49C (length = 14 bytes)
$SignString48 will be placed at 8024C4B0 (length = 14 bytes)
$SignString47 will be placed at 8024C4C4 (length = 14 bytes)
$SignString46 will be placed at 8024C4D8 (length = 14 bytes)
$SignString45 will be placed at 8024C4EC (length = 14 bytes)
$SignString44 will be placed at 8024C500 (length = 14 bytes)
$SignString43 will be placed at 8024C514 (length = 14 bytes)
$SignString42 will be placed at 8024C528 (length = 14 bytes)
$SignString41 will be placed at 8024C53C (length = 14 bytes)
$SignString40 will be placed at 8024C550 (length = 14 bytes)
$ASCII_pit_02_Literal will be placed at 8024C564 (length = C bytes)
$ASCII_pit_90_Literal will be placed at 8024C570 (length = C bytes)
$ASCII_pit_34_Literal will be placed at 8024C57C (length = C bytes)
$ASCII_pit_66_Literal will be placed at 8024C588 (length = C bytes)
$ASCII_pit_98_Literal will be placed at 8024C594 (length = C bytes)
$ASCII_pit_19_Literal will be placed at 8024C5A0 (length = C bytes)
$ASCII_pit_57_Literal will be placed at 8024C5AC (length = C bytes)
$ASCII_pit_69_Literal will be placed at 8024C5B8 (length = C bytes)
$ASCII_pit_72_Literal will be placed at 8024C5C4 (length = C bytes)
$ASCII_pit_81_Literal will be placed at 8024C5D0 (length = C bytes)
$ASCII_pit_43_Literal will be placed at 8024C5DC (length = C bytes)
$ASCII_pit_28_Literal will be placed at 8024C5E8 (length = C bytes)
$ASCII_pit_78_Literal will be placed at 8024C5F4 (length = C bytes)
$ASCII_pit_63_Literal will be placed at 8024C600 (length = C bytes)
$ASCII_pit_46_Literal will be placed at 8024C60C (length = C bytes)
$ASCII_pit_95_Literal will be placed at 8024C618 (length = C bytes)
$ASCII_pit_16_Literal will be placed at 8024C624 (length = C bytes)
$ASCII_pit_37_Literal will be placed at 8024C630 (length = C bytes)
$ASCII_pit_22_Literal will be placed at 8024C63C (length = C bytes)
$ASCII_pit_05_Literal will be placed at 8024C648 (length = C bytes)
$ASCII_pit_25_Literal will be placed at 8024C654 (length = C bytes)
$ASCII_pit_54_Literal will be placed at 8024C660 (length = C bytes)
$ASCII_pit_08_Literal will be placed at 8024C66C (length = C bytes)
$ASCII_pit_87_Literal will be placed at 8024C678 (length = C bytes)
$ASCII_pit_75_Literal will be placed at 8024C684 (length = C bytes)
$ASCII_pit_13_Literal will be placed at 8024C690 (length = C bytes)
$ASCII_pit_32_Literal will be placed at 8024C69C (length = C bytes)
$ASCII_pit_92_Literal will be placed at 8024C6A8 (length = C bytes)
$ASCII_pit_17_Literal will be placed at 8024C6B4 (length = C bytes)
$ASCII_pit_49_Literal will be placed at 8024C6C0 (length = C bytes)
$ASCII_pit_77_Literal will be placed at 8024C6CC (length = C bytes)
$ASCII_pit_96_Literal will be placed at 8024C6D8 (length = C bytes)
$ASCII_pit_68_Literal will be placed at 8024C6E4 (length = C bytes)
$ASCII_pit_51_Literal will be placed at 8024C6F0 (length = C bytes)
$ASCII_pit_04_Literal will be placed at 8024C6FC (length = C bytes)
$ASCII_pit_83_Literal will be placed at 8024C708 (length = C bytes)
$ASCII_pit_86_Literal will be placed at 8024C714 (length = C bytes)
$ASCII_pit_26_Literal will be placed at 8024C720 (length = C bytes)
$ASCII_pit_41_Literal will be placed at 8024C72C (length = C bytes)
$ASCII_pit_14_Literal will be placed at 8024C738 (length = C bytes)
$ASCII_pit_74_Literal will be placed at 8024C744 (length = C bytes)
$ASCII_pit_60_Literal will be placed at 8024C750 (length = C bytes)
$ASCII_pit_59_Literal will be placed at 8024C75C (length = C bytes)
$ASCII_pit_93_Literal will be placed at 8024C768 (length = C bytes)
$ASCII_pit_65_Literal will be placed at 8024C774 (length = C bytes)
$ASCII_pit_07_Literal will be placed at 8024C780 (length = C bytes)
$ASCII_pit_20_Literal will be placed at 8024C78C (length = C bytes)
$ASCII_pit_35_Literal will be placed at 8024C798 (length = C bytes)
$ASCII_pit_23_Literal will be placed at 8024C7A4 (length = C bytes)
$ASCII_pit_11_Literal will be placed at 8024C7B0 (length = C bytes)
$ASCII_pit_56_Literal will be placed at 8024C7BC (length = C bytes)
$ASCII_pit_44_Literal will be placed at 8024C7C8 (length = C bytes)
$ASCII_pit_89_Literal will be placed at 8024C7D4 (length = C bytes)
$ASCII_pit_79_Literal will be placed at 8024C7E0 (length = C bytes)
$ASCII_pit_62_Literal will be placed at 8024C7EC (length = C bytes)
$ASCII_pit_94_Literal will be placed at 8024C7F8 (length = C bytes)
$ASCII_pit_47_Literal will be placed at 8024C804 (length = C bytes)
$ASCII_pit_21_Literal will be placed at 8024C810 (length = C bytes)
$ASCII_pit_06_Literal will be placed at 8024C81C (length = C bytes)
$ASCII_pit_53_Literal will be placed at 8024C828 (length = C bytes)
$ASCII_pit_09_Literal will be placed at 8024C834 (length = C bytes)
$ASCII_pit_88_Literal will be placed at 8024C840 (length = C bytes)
$ASCII_pit_38_Literal will be placed at 8024C84C (length = C bytes)
$ASCII_pit_24_Literal will be placed at 8024C858 (length = C bytes)
$ASCII_pit_12_Literal will be placed at 8024C864 (length = C bytes)
$ASCII_pit_76_Literal will be placed at 8024C870 (length = C bytes)
$ASCII_pit_01_Literal will be placed at 8024C87C (length = C bytes)
$ASCII_pit_50_Literal will be placed at 8024C888 (length = C bytes)
$ASCII_pit_33_Literal will be placed at 8024C894 (length = C bytes)
$ASCII_pit_99_Literal will be placed at 8024C8A0 (length = C bytes)
$ASCII_pit_67_Literal will be placed at 8024C8AC (length = C bytes)
$ASCII_pit_71_Literal will be placed at 8024C8B8 (length = C bytes)
$ASCII_pit_42_Literal will be placed at 8024C8C4 (length = C bytes)
$ASCII_pit_80_Literal will be placed at 8024C8D0 (length = C bytes)
$ASCII_pit_29_Literal will be placed at 8024C8DC (length = C bytes)
$ASCII_pit_58_Literal will be placed at 8024C8E8 (length = C bytes)
$ASCII_pit_30_Literal will be placed at 8024C8F4 (length = C bytes)
$ASCII_pit_00_Literal will be placed at 8024C900 (length = C bytes)
$ASCII_pit_64_Literal will be placed at 8024C90C (length = C bytes)
$ASCII_pit_36_Literal will be placed at 8024C918 (length = C bytes)
$ASCII_pit_55_Literal will be placed at 8024C924 (length = C bytes)
$ASCII_pit_10_Literal will be placed at 8024C930 (length = C bytes)
$ASCII_pit_45_Literal will be placed at 8024C93C (length = C bytes)
$ASCII_pit_18_Literal will be placed at 8024C948 (length = C bytes)
$ASCII_pit_48_Literal will be placed at 8024C954 (length = C bytes)
$ASCII_pit_03_Literal will be placed at 8024C960 (length = C bytes)
$ASCII_pit_31_Literal will be placed at 8024C96C (length = C bytes)
$ASCII_pit_91_Literal will be placed at 8024C978 (length = C bytes)
$ASCII_pit_97_Literal will be placed at 8024C984 (length = C bytes)
$ASCII_pit_82_Literal will be placed at 8024C990 (length = C bytes)
$ASCII_pit_52_Literal will be placed at 8024C99C (length = C bytes)
$ASCII_pit_70_Literal will be placed at 8024C9A8 (length = C bytes)
$ASCII_pit_85_Literal will be placed at 8024C9B4 (length = C bytes)
$ASCII_pit_40_Literal will be placed at 8024C9C0 (length = C bytes)
$ASCII_pit_39_Literal will be placed at 8024C9CC (length = C bytes)
$ASCII_pit_73_Literal will be placed at 8024C9D8 (length = C bytes)
$ASCII_pit_15_Literal will be placed at 8024C9E4 (length = C bytes)
$ASCII_pit_27_Literal will be placed at 8024C9F0 (length = C bytes)
$ASCII_pit_61_Literal will be placed at 8024C9FC (length = C bytes)
$ASCII_pit_842_Literal will be placed at 8024CA08 (length = 8 bytes)
$ASCII_pit_100_Literal will be placed at 8024CA10 (length = 8 bytes)
$ASCII_tik_tex_Literal will be placed at 8024CA18 (length = 8 bytes)
$MoverCancel will be placed at 8024CA20 (length = 4 bytes)
$BanditMoverCancel will be placed at 8024CA24 (length = 4 bytes)
Executing patch: pit_66.mpat
Loaded map pit_66
Creating struct: $EntryList
Creating struct: $DeepestLevel
Creating struct: $TotalLevels
Creating struct: $LoadHighscores
Creating struct: $FallingDownPipe
Creating struct: $Function_GetPos
Creating struct: $Function2
Creating struct: $SetSpawns
Creating struct: $Script_SetNPCPos
Creating struct: $SwitchPath
Creating struct: $VectorList_80244998
Creating struct: $GetPos
Creating struct: $Function_GetDamageTaken
Creating struct: $Function_ResetDamage
Creating struct: $DispawnParthner
Creating struct: $RespawnParthner
Creating struct: $LoadMap
Creating struct: $Script_LoadMapMover_Roguelike
Creating struct: $GetFloor
Creating struct: $LoadCoinsMover
Creating struct: $LoadMapBandit
Creating struct: $GetFloorBandit
Creating struct: $SetSpawnsSpecial
Creating struct: $Function_LoadCoinsInToVar1
Creating struct: $Script_SetSpawnPosition
Creating struct: $Script_Init_80243B20
Creating struct: $Script_80243A6C
Creating struct: $Script_AddCoins
Creating struct: $Script_SubstractCoins
Creating struct: $NPC_Settings_Sack
Creating struct: $Script_Init_Bag
Creating struct: $Script_Init_Bag_HitBox
Creating struct: $Script_NPC_SackHit_Init
Creating struct: $Script_NPC_Sack_FX
Creating struct: $NPC_Sack_AnimationStart
Creating struct: $NPC_Sack_AnimationEnd
Creating struct: $Script_SackAnimation_Start_GoToTheRight
Creating struct: $Script_SackAnimation_Start_GoToTheLeft
Creating struct: $Script_SackAnimation_End_Right
Creating struct: $Script_SackAnimation_End_Left
Creating struct: $Function_LoadGainedCoins
Creating struct: $Function_RevivePlayer
Creating struct: $AISettings_MoneySack
Creating struct: $Script_NpcAI_MoneySack
Creating struct: $JumpTable_80242448
Creating struct: $Function_NpcAI_MoneySack
Creating struct: $Function_80240260
Creating struct: $Function_80240844
Creating struct: $Function_802409A8
Creating struct: $Script_TrackPlayer
Creating struct: $Script_PipeAnimation
Creating struct: $Function_SetAnimation
Creating struct: $Function_GetColliderPos
Creating struct: $Function_TrackInput
Creating struct: $GoToNextLevel
Creating struct: $GoToNextLevel_Roguelike
Creating struct: $Script_SetSetsOfLevels
Creating struct: $Script_LoadMap_Roguelike
Creating struct: $Script_LoadChestMap_Roguelike
Creating struct: $Script_LoadMap_Mover_Roguelike
Creating struct: $Script_LoadChestMap_Mover_Roguelike
Creating struct: $GetFloorPit
Creating struct: $GetFloorSign
Creating struct: $Function_GetTattle1
Creating struct: $Function_GetTattle2
Creating struct: $Script_ReadSign
Creating struct: $Header
Creating struct: $Function_Init
Creating struct: $Script_Main
Creating struct: $NpcGroup1
Creating struct: $NpcGroup2
Creating struct: $NpcGroup3
Creating struct: $NpcGroup4
Creating struct: $NpcGroup5
Creating struct: $NpcGroup6
Creating struct: $NpcGroup7
Creating struct: $NpcGroups
Creating struct: $NpcGroup_Mover
Creating struct: $BlankSettings
Creating struct: $Script_Init_Mover
Creating struct: $Interact_Mover
Creating struct: $Script_MoverWarpAnimation
Creating struct: $NpcGroup_BanditMover
Creating struct: $Script_Init_BanditMover
Creating struct: $Interact_BanditMover
Creating struct: $NpcGroup_SpinyA
Creating struct: $NpcGroup_SpinyB
Creating struct: $NpcGroup_SpinyC
Creating struct: $NpcGroup_SpinyD
Creating struct: $NpcGroup_Enemy1
Creating struct: $NpcGroup_Enemy2
Creating struct: $NpcGroup_Enemy3
Creating struct: $NpcGroup_Enemy4
Creating struct: $NpcGroup_Enemy5
Creating struct: $NpcGroup_Enemy6
Creating struct: $NpcSettings_Enemy1
Creating struct: $NpcSettings_Spiny
Creating struct: $Script_SpinyOutcome
Creating struct: $Script_SpinyAI
Creating struct: $AISettings_Spiny
Creating struct: $Function_80242918
Creating struct: $Function_80242144
Creating struct: $Function_802421C0
Creating struct: $Function_802422F4
Creating struct: $Function_80242458
Creating struct: $Script_EnemyAI
Creating struct: $ConstDouble_802453B8
Creating struct: $ConstDouble_80245358
Creating struct: $ConstDouble_80245300
Creating struct: $AISettings_Enemy
Creating struct: $Function_80241C64
Creating struct: $Function_80241258
Creating struct: $Function_80240070
Creating struct: $Function_80240848
Creating struct: $Function_802415B0
Creating struct: $Function_80241A14
Creating struct: $Function_80241568
Creating struct: $Function_80240D30
Creating struct: $Function_80240E64
Creating struct: $Function_80240EC8
Creating struct: $Script_DisableEnemyAI
Creating struct: $AISettings_DisableEnemy
Creating struct: $PipeSpawning
Creating struct: $Script_MakeEntities
Creating struct: $CommingDownPipe
Creating struct: $Script_MakeExits
Creating struct: $Script_Exit0
Merged 1 regions to 1
$Script_LoadMap_Mover_Roguelike will be placed at 80240000 (length = F14 bytes)
$LoadMap will be placed at 80240F14 (length = EF4 bytes)
$Script_ReadSign will be placed at 80241E08 (length = EEC bytes)
$LoadMapBandit will be placed at 80242CF4 (length = EA4 bytes)
$Script_LoadMap_Roguelike will be placed at 80243B98 (length = D9C bytes)
$GoToNextLevel will be placed at 80244934 (length = D10 bytes)
$Function_80242918 will be placed at 80245644 (length = 8F4 bytes)
$GoToNextLevel_Roguelike will be placed at 80245F38 (length = 868 bytes)
$SetSpawnsSpecial will be placed at 802467A0 (length = 608 bytes)
$Function_80240260 will be placed at 80246DA8 (length = 5E4 bytes)
$Function_80241C64 will be placed at 8024738C (length = 4E0 bytes)
$Function_802415B0 will be placed at 8024786C (length = 464 bytes)
$Function_80240EC8 will be placed at 80247CD0 (length = 390 bytes)
$SetSpawns will be placed at 80248060 (length = 384 bytes)
$FallingDownPipe will be placed at 802483E4 (length = 37C bytes)
$Script_SetSetsOfLevels will be placed at 80248760 (length = 358 bytes)
$Script_SetNPCPos will be placed at 80248AB8 (length = 2F4 bytes)
$Function_80241A14 will be placed at 80248DAC (length = 250 bytes)
$Function_NpcAI_MoneySack will be placed at 80248FFC (length = 238 bytes)
$Script_SetSpawnPosition will be placed at 80249234 (length = 234 bytes)
$Script_SackAnimation_Start_GoToTheRight will be placed at 80249468 (length = 230 bytes)
$Script_Main will be placed at 80249698 (length = 218 bytes)
$Script_SackAnimation_Start_GoToTheLeft will be placed at 802498B0 (length = 1F8 bytes)
$Interact_Mover will be placed at 80249AA8 (length = 1F8 bytes)
$NpcGroup_Enemy3 will be placed at 80249CA0 (length = 1F0 bytes)
$NpcGroup_Enemy4 will be placed at 80249E90 (length = 1F0 bytes)
$NpcGroup_Enemy5 will be placed at 8024A080 (length = 1F0 bytes)
$NpcGroup_Enemy6 will be placed at 8024A270 (length = 1F0 bytes)
$NpcGroup_Enemy1 will be placed at 8024A460 (length = 1F0 bytes)
$NpcGroup_Enemy2 will be placed at 8024A650 (length = 1F0 bytes)
$NpcGroup_Mover will be placed at 8024A840 (length = 1F0 bytes)
$NpcGroup_SpinyD will be placed at 8024AA30 (length = 1F0 bytes)
$NpcGroup_SpinyB will be placed at 8024AC20 (length = 1F0 bytes)
$NpcGroup_SpinyC will be placed at 8024AE10 (length = 1F0 bytes)
$NpcGroup_SpinyA will be placed at 8024B000 (length = 1F0 bytes)
$NpcGroup_BanditMover will be placed at 8024B1F0 (length = 1F0 bytes)
$Interact_BanditMover will be placed at 8024B3E0 (length = 1EC bytes)
$Script_PipeAnimation will be placed at 8024B5CC (length = 1D0 bytes)
$Function_80240070 will be placed at 8024B79C (length = 1A8 bytes)
$JumpTable_80242448 will be placed at 8024B944 (length = 190 bytes)
$Script_LoadChestMap_Mover_Roguelike will be placed at 8024BAD4 (length = 18C bytes)
$PipeSpawning will be placed at 8024BC60 (length = 178 bytes)
$NPC_Sack_AnimationStart will be placed at 8024BDD8 (length = 168 bytes)
$Function_80240844 will be placed at 8024BF40 (length = 164 bytes)
$Function_802422F4 will be placed at 8024C0A4 (length = 164 bytes)
$Script_LoadChestMap_Roguelike will be placed at 8024C208 (length = 164 bytes)
$Script_NPC_SackHit_Init will be placed at 8024C36C (length = 160 bytes)
$Script_SackAnimation_End_Right will be placed at 8024C4CC (length = 158 bytes)
$Script_SackAnimation_End_Left will be placed at 8024C624 (length = 150 bytes)
$MapTattle5 will be placed at 8024C774 (length = 13C bytes)
$Function_80240D30 will be placed at 8024C8B0 (length = 134 bytes)
$MapTattle4 will be placed at 8024C9E4 (length = 130 bytes)
$Function_802421C0 will be placed at 8024CB14 (length = 12C bytes)
$GetFloor will be placed at 8024CC40 (length = 12C bytes)
$Function_80241258 will be placed at 8024CD6C (length = 124 bytes)
$BanditMover_Tattle will be placed at 8024CE90 (length = 124 bytes)
$Script_80243A6C will be placed at 8024CFB4 (length = 114 bytes)
$Script_SubstractCoins will be placed at 8024D0C8 (length = 10C bytes)
$Script_LoadMapMover_Roguelike will be placed at 8024D1D4 (length = 104 bytes)
$GetFloorBandit will be placed at 8024D2D8 (length = F4 bytes)
$Script_MoverWarpAnimation will be placed at 8024D3CC (length = F0 bytes)
$Function_GetColliderPos will be placed at 8024D4BC (length = E0 bytes)
$Function_GetPos will be placed at 8024D59C (length = E0 bytes)
$Script_TrackPlayer will be placed at 8024D67C (length = DC bytes)
$MapTattle2 will be placed at 8024D758 (length = D4 bytes)
$Script_SpinyOutcome will be placed at 8024D82C (length = CC bytes)
$Function_80240848 will be placed at 8024D8F8 (length = C0 bytes)
$Function_TrackInput will be placed at 8024D9B8 (length = BC bytes)
$MapTattle3 will be placed at 8024DA74 (length = B0 bytes)
$Script_MakeEntities will be placed at 8024DB24 (length = A8 bytes)
$MapTattle1 will be placed at 8024DBCC (length = A8 bytes)
$Script_NpcAI_MoneySack will be placed at 8024DC74 (length = A8 bytes)
$MoverStart will be placed at 8024DD1C (length = A4 bytes)
$SwitchPath will be placed at 8024DDC0 (length = A4 bytes)
$Script_NPC_Sack_FX will be placed at 8024DE64 (length = A4 bytes)
$NpcGroups will be placed at 8024DF08 (length = 9C bytes)
$GetPos will be placed at 8024DFA4 (length = 9C bytes)
$Script_AddCoins will be placed at 8024E040 (length = 98 bytes)
$BanditMoverStart will be placed at 8024E0D8 (length = 98 bytes)
$Mover_Tattle will be placed at 8024E170 (length = 94 bytes)
$Function_GetTattle1 will be placed at 8024E204 (length = 8C bytes)
$NPC_Sack_AnimationEnd will be placed at 8024E290 (length = 84 bytes)
$Function_80242458 will be placed at 8024E314 (length = 80 bytes)
$BanditMover_Options will be placed at 8024E394 (length = 80 bytes)
$Function_80242144 will be placed at 8024E414 (length = 7C bytes)
$SignStringBug will be placed at 8024E490 (length = 7C bytes)
$LoadHighscores will be placed at 8024E50C (length = 7C bytes)
$Mover_Options will be placed at 8024E588 (length = 78 bytes)
$Script_SpinyAI will be placed at 8024E600 (length = 70 bytes)
$Script_EnemyAI will be placed at 8024E670 (length = 70 bytes)
$DeepestLevel will be placed at 8024E6E0 (length = 6C bytes)
$Function2 will be placed at 8024E74C (length = 6C bytes)
$LoadCoinsMover will be placed at 8024E7B8 (length = 6C bytes)
$Function_SetAnimation will be placed at 8024E824 (length = 6C bytes)
$GetFloorPit will be placed at 8024E890 (length = 68 bytes)
$MoverEnd will be placed at 8024E8F8 (length = 68 bytes)
$BanditMoverEnd will be placed at 8024E960 (length = 68 bytes)
$GetFloorSign will be placed at 8024E9C8 (length = 64 bytes)
$Function_80240E64 will be placed at 8024EA2C (length = 64 bytes)
$BanditMoverNoCoins will be placed at 8024EA90 (length = 58 bytes)
$MoverNoCoins will be placed at 8024EAE8 (length = 58 bytes)
$Function_GetTattle2 will be placed at 8024EB40 (length = 48 bytes)
$NpcGroup6 will be placed at 8024EB88 (length = 48 bytes)
$NpcGroup3 will be placed at 8024EBD0 (length = 48 bytes)
$NpcGroup2 will be placed at 8024EC18 (length = 48 bytes)
$NpcGroup5 will be placed at 8024EC60 (length = 48 bytes)
$NpcGroup4 will be placed at 8024ECA8 (length = 48 bytes)
$NpcGroup1 will be placed at 8024ECF0 (length = 48 bytes)
$CommingDownPipe will be placed at 8024ED38 (length = 48 bytes)
$Function_80241568 will be placed at 8024ED80 (length = 48 bytes)
$Script_Exit0 will be placed at 8024EDC8 (length = 48 bytes)
$Function_LoadCoinsInToVar1 will be placed at 8024EE10 (length = 48 bytes)
$Function_LoadGainedCoins will be placed at 8024EE58 (length = 48 bytes)
$Function_Init will be placed at 8024EEA0 (length = 44 bytes)
$Function_802409A8 will be placed at 8024EEE4 (length = 44 bytes)
$Header will be placed at 8024EF28 (length = 40 bytes)
$Script_Init_Bag will be placed at 8024EF68 (length = 38 bytes)
$TotalLevels will be placed at 8024EFA0 (length = 38 bytes)
$Script_Init_Bag_HitBox will be placed at 8024EFD8 (length = 38 bytes)
$DispawnParthner will be placed at 8024F010 (length = 34 bytes)
$Function_ResetDamage will be placed at 8024F044 (length = 34 bytes)
$AISettings_Spiny will be placed at 8024F078 (length = 30 bytes)
$AISettings_MoneySack will be placed at 8024F0A8 (length = 30 bytes)
$AISettings_Enemy will be placed at 8024F0D8 (length = 30 bytes)
$AISettings_DisableEnemy will be placed at 8024F108 (length = 30 bytes)
$RespawnParthner will be placed at 8024F138 (length = 30 bytes)
$NPC_Settings_Sack will be placed at 8024F168 (length = 2C bytes)
$Function_GetDamageTaken will be placed at 8024F194 (length = 2C bytes)
$NpcSettings_Enemy1 will be placed at 8024F1C0 (length = 2C bytes)
$Function_RevivePlayer will be placed at 8024F1EC (length = 2C bytes)
$NpcSettings_Spiny will be placed at 8024F218 (length = 2C bytes)
$String_CoinsGained will be placed at 8024F244 (length = 2C bytes)
$BlankSettings will be placed at 8024F270 (length = 2C bytes)
$Script_MakeExits will be placed at 8024F29C (length = 2C bytes)
$NpcGroup7 will be placed at 8024F2C8 (length = 24 bytes)
$VectorList_80244998 will be placed at 8024F2EC (length = 24 bytes)
$Script_Init_80243B20 will be placed at 8024F310 (length = 24 bytes)
$Script_Init_Mover will be placed at 8024F334 (length = 24 bytes)
$Script_Init_BanditMover will be placed at 8024F358 (length = 24 bytes)
$Script_DisableEnemyAI will be placed at 8024F37C (length = 20 bytes)
$EntryList will be placed at 8024F39C (length = 20 bytes)
$SignString100 will be placed at 8024F3BC (length = 18 bytes)
$SignString1 will be placed at 8024F3D4 (length = 14 bytes)
$SignString99 will be placed at 8024F3E8 (length = 14 bytes)
$SignString98 will be placed at 8024F3FC (length = 14 bytes)
$SignString97 will be placed at 8024F410 (length = 14 bytes)
$SignString96 will be placed at 8024F424 (length = 14 bytes)
$SignString95 will be placed at 8024F438 (length = 14 bytes)
$SignString94 will be placed at 8024F44C (length = 14 bytes)
$SignString93 will be placed at 8024F460 (length = 14 bytes)
$SignString92 will be placed at 8024F474 (length = 14 bytes)
$SignString91 will be placed at 8024F488 (length = 14 bytes)
$SignString90 will be placed at 8024F49C (length = 14 bytes)
$SignString59 will be placed at 8024F4B0 (length = 14 bytes)
$SignString58 will be placed at 8024F4C4 (length = 14 bytes)
$SignString57 will be placed at 8024F4D8 (length = 14 bytes)
$SignString56 will be placed at 8024F4EC (length = 14 bytes)
$SignString55 will be placed at 8024F500 (length = 14 bytes)
$SignString54 will be placed at 8024F514 (length = 14 bytes)
$SignString53 will be placed at 8024F528 (length = 14 bytes)
$SignString52 will be placed at 8024F53C (length = 14 bytes)
$SignString51 will be placed at 8024F550 (length = 14 bytes)
$SignString50 will be placed at 8024F564 (length = 14 bytes)
$SignString69 will be placed at 8024F578 (length = 14 bytes)
$SignString68 will be placed at 8024F58C (length = 14 bytes)
$SignString67 will be placed at 8024F5A0 (length = 14 bytes)
$SignString66 will be placed at 8024F5B4 (length = 14 bytes)
$SignString65 will be placed at 8024F5C8 (length = 14 bytes)
$SignString64 will be placed at 8024F5DC (length = 14 bytes)
$SignString63 will be placed at 8024F5F0 (length = 14 bytes)
$SignString62 will be placed at 8024F604 (length = 14 bytes)
$SignString61 will be placed at 8024F618 (length = 14 bytes)
$SignString60 will be placed at 8024F62C (length = 14 bytes)
$SignString79 will be placed at 8024F640 (length = 14 bytes)
$SignString78 will be placed at 8024F654 (length = 14 bytes)
$SignString77 will be placed at 8024F668 (length = 14 bytes)
$SignString76 will be placed at 8024F67C (length = 14 bytes)
$SignString75 will be placed at 8024F690 (length = 14 bytes)
$SignString74 will be placed at 8024F6A4 (length = 14 bytes)
$SignString73 will be placed at 8024F6B8 (length = 14 bytes)
$SignString72 will be placed at 8024F6CC (length = 14 bytes)
$SignString71 will be placed at 8024F6E0 (length = 14 bytes)
$SignString70 will be placed at 8024F6F4 (length = 14 bytes)
$SignString89 will be placed at 8024F708 (length = 14 bytes)
$SignString88 will be placed at 8024F71C (length = 14 bytes)
$SignString87 will be placed at 8024F730 (length = 14 bytes)
$SignString86 will be placed at 8024F744 (length = 14 bytes)
$SignString85 will be placed at 8024F758 (length = 14 bytes)
$SignString84 will be placed at 8024F76C (length = 14 bytes)
$SignString83 will be placed at 8024F780 (length = 14 bytes)
$SignString82 will be placed at 8024F794 (length = 14 bytes)
$SignString81 will be placed at 8024F7A8 (length = 14 bytes)
$SignString80 will be placed at 8024F7BC (length = 14 bytes)
$SignString19 will be placed at 8024F7D0 (length = 14 bytes)
$SignString18 will be placed at 8024F7E4 (length = 14 bytes)
$SignString17 will be placed at 8024F7F8 (length = 14 bytes)
$SignString16 will be placed at 8024F80C (length = 14 bytes)
$SignString15 will be placed at 8024F820 (length = 14 bytes)
$SignString14 will be placed at 8024F834 (length = 14 bytes)
$SignString13 will be placed at 8024F848 (length = 14 bytes)
$SignString12 will be placed at 8024F85C (length = 14 bytes)
$SignString11 will be placed at 8024F870 (length = 14 bytes)
$SignString10 will be placed at 8024F884 (length = 14 bytes)
$SignString3 will be placed at 8024F898 (length = 14 bytes)
$SignString2 will be placed at 8024F8AC (length = 14 bytes)
$SignString5 will be placed at 8024F8C0 (length = 14 bytes)
$SignString4 will be placed at 8024F8D4 (length = 14 bytes)
$SignString7 will be placed at 8024F8E8 (length = 14 bytes)
$SignString6 will be placed at 8024F8FC (length = 14 bytes)
$SignString9 will be placed at 8024F910 (length = 14 bytes)
$SignString8 will be placed at 8024F924 (length = 14 bytes)
$SignString29 will be placed at 8024F938 (length = 14 bytes)
$SignString28 will be placed at 8024F94C (length = 14 bytes)
$SignString27 will be placed at 8024F960 (length = 14 bytes)
$SignString26 will be placed at 8024F974 (length = 14 bytes)
$SignString25 will be placed at 8024F988 (length = 14 bytes)
$SignString24 will be placed at 8024F99C (length = 14 bytes)
$SignString23 will be placed at 8024F9B0 (length = 14 bytes)
$SignString22 will be placed at 8024F9C4 (length = 14 bytes)
$SignString21 will be placed at 8024F9D8 (length = 14 bytes)
$SignString20 will be placed at 8024F9EC (length = 14 bytes)
$SignString will be placed at 8024FA00 (length = 14 bytes)
$SignString39 will be placed at 8024FA14 (length = 14 bytes)
$SignString38 will be placed at 8024FA28 (length = 14 bytes)
$SignString37 will be placed at 8024FA3C (length = 14 bytes)
$SignString36 will be placed at 8024FA50 (length = 14 bytes)
$SignString35 will be placed at 8024FA64 (length = 14 bytes)
$SignString34 will be placed at 8024FA78 (length = 14 bytes)
$SignString33 will be placed at 8024FA8C (length = 14 bytes)
$SignString32 will be placed at 8024FAA0 (length = 14 bytes)
$SignString31 will be placed at 8024FAB4 (length = 14 bytes)
$SignString30 will be placed at 8024FAC8 (length = 14 bytes)
$SignString49 will be placed at 8024FADC (length = 14 bytes)
$SignString48 will be placed at 8024FAF0 (length = 14 bytes)
$SignString47 will be placed at 8024FB04 (length = 14 bytes)
$SignString46 will be placed at 8024FB18 (length = 14 bytes)
$SignString45 will be placed at 8024FB2C (length = 14 bytes)
$SignString44 will be placed at 8024FB40 (length = 14 bytes)
$SignString43 will be placed at 8024FB54 (length = 14 bytes)
$SignString42 will be placed at 8024FB68 (length = 14 bytes)
$SignString41 will be placed at 8024FB7C (length = 14 bytes)
$SignString40 will be placed at 8024FB90 (length = 14 bytes)
$ASCII_pit_02_Literal will be placed at 8024FBA4 (length = C bytes)
$ASCII_pit_90_Literal will be placed at 8024FBB0 (length = C bytes)
$ASCII_pit_34_Literal will be placed at 8024FBBC (length = C bytes)
$ASCII_pit_66_Literal will be placed at 8024FBC8 (length = C bytes)
$ASCII_pit_98_Literal will be placed at 8024FBD4 (length = C bytes)
$ASCII_pit_19_Literal will be placed at 8024FBE0 (length = C bytes)
$ASCII_pit_57_Literal will be placed at 8024FBEC (length = C bytes)
$ASCII_pit_69_Literal will be placed at 8024FBF8 (length = C bytes)
$ASCII_pit_72_Literal will be placed at 8024FC04 (length = C bytes)
$ASCII_pit_81_Literal will be placed at 8024FC10 (length = C bytes)
$ASCII_pit_43_Literal will be placed at 8024FC1C (length = C bytes)
$ASCII_pit_28_Literal will be placed at 8024FC28 (length = C bytes)
$ASCII_pit_78_Literal will be placed at 8024FC34 (length = C bytes)
$ASCII_pit_63_Literal will be placed at 8024FC40 (length = C bytes)
$ASCII_pit_46_Literal will be placed at 8024FC4C (length = C bytes)
$ASCII_pit_95_Literal will be placed at 8024FC58 (length = C bytes)
$ASCII_pit_16_Literal will be placed at 8024FC64 (length = C bytes)
$ASCII_pit_37_Literal will be placed at 8024FC70 (length = C bytes)
$ASCII_pit_22_Literal will be placed at 8024FC7C (length = C bytes)
$ASCII_pit_05_Literal will be placed at 8024FC88 (length = C bytes)
$ASCII_pit_25_Literal will be placed at 8024FC94 (length = C bytes)
$ASCII_pit_54_Literal will be placed at 8024FCA0 (length = C bytes)
$ASCII_pit_08_Literal will be placed at 8024FCAC (length = C bytes)
$ASCII_pit_87_Literal will be placed at 8024FCB8 (length = C bytes)
$ASCII_pit_75_Literal will be placed at 8024FCC4 (length = C bytes)
$ASCII_pit_13_Literal will be placed at 8024FCD0 (length = C bytes)
$ASCII_pit_32_Literal will be placed at 8024FCDC (length = C bytes)
$ASCII_pit_92_Literal will be placed at 8024FCE8 (length = C bytes)
$ASCII_pit_17_Literal will be placed at 8024FCF4 (length = C bytes)
$ASCII_pit_49_Literal will be placed at 8024FD00 (length = C bytes)
$ASCII_pit_77_Literal will be placed at 8024FD0C (length = C bytes)
$ASCII_pit_96_Literal will be placed at 8024FD18 (length = C bytes)
$ASCII_pit_68_Literal will be placed at 8024FD24 (length = C bytes)
$ASCII_pit_51_Literal will be placed at 8024FD30 (length = C bytes)
$ASCII_pit_04_Literal will be placed at 8024FD3C (length = C bytes)
$ASCII_pit_83_Literal will be placed at 8024FD48 (length = C bytes)
$ASCII_pit_86_Literal will be placed at 8024FD54 (length = C bytes)
$ASCII_pit_26_Literal will be placed at 8024FD60 (length = C bytes)
$ASCII_pit_41_Literal will be placed at 8024FD6C (length = C bytes)
$ASCII_pit_14_Literal will be placed at 8024FD78 (length = C bytes)
$ASCII_pit_74_Literal will be placed at 8024FD84 (length = C bytes)
$ASCII_pit_60_Literal will be placed at 8024FD90 (length = C bytes)
$ASCII_pit_59_Literal will be placed at 8024FD9C (length = C bytes)
$ASCII_pit_93_Literal will be placed at 8024FDA8 (length = C bytes)
$ASCII_pit_65_Literal will be placed at 8024FDB4 (length = C bytes)
$ASCII_pit_07_Literal will be placed at 8024FDC0 (length = C bytes)
$ASCII_pit_20_Literal will be placed at 8024FDCC (length = C bytes)
$ASCII_pit_35_Literal will be placed at 8024FDD8 (length = C bytes)
$ASCII_pit_23_Literal will be placed at 8024FDE4 (length = C bytes)
$ASCII_pit_11_Literal will be placed at 8024FDF0 (length = C bytes)
$ASCII_pit_56_Literal will be placed at 8024FDFC (length = C bytes)
$ASCII_pit_44_Literal will be placed at 8024FE08 (length = C bytes)
$ASCII_pit_89_Literal will be placed at 8024FE14 (length = C bytes)
$ASCII_pit_79_Literal will be placed at 8024FE20 (length = C bytes)
$ASCII_pit_62_Literal will be placed at 8024FE2C (length = C bytes)
$ASCII_pit_94_Literal will be placed at 8024FE38 (length = C bytes)
$ASCII_pit_47_Literal will be placed at 8024FE44 (length = C bytes)
$ASCII_pit_21_Literal will be placed at 8024FE50 (length = C bytes)
$ASCII_pit_06_Literal will be placed at 8024FE5C (length = C bytes)
$ASCII_pit_53_Literal will be placed at 8024FE68 (length = C bytes)
$ASCII_pit_09_Literal will be placed at 8024FE74 (length = C bytes)
$ASCII_pit_88_Literal will be placed at 8024FE80 (length = C bytes)
$ASCII_pit_38_Literal will be placed at 8024FE8C (length = C bytes)
$ASCII_pit_24_Literal will be placed at 8024FE98 (length = C bytes)
$ASCII_pit_12_Literal will be placed at 8024FEA4 (length = C bytes)
$ASCII_pit_76_Literal will be placed at 8024FEB0 (length = C bytes)
$ASCII_pit_01_Literal will be placed at 8024FEBC (length = C bytes)
$ASCII_pit_50_Literal will be placed at 8024FEC8 (length = C bytes)
$ASCII_pit_33_Literal will be placed at 8024FED4 (length = C bytes)
$ASCII_pit_99_Literal will be placed at 8024FEE0 (length = C bytes)
$ASCII_pit_67_Literal will be placed at 8024FEEC (length = C bytes)
$ASCII_pit_71_Literal will be placed at 8024FEF8 (length = C bytes)
$ASCII_pit_42_Literal will be placed at 8024FF04 (length = C bytes)
$ASCII_pit_80_Literal will be placed at 8024FF10 (length = C bytes)
$ASCII_pit_29_Literal will be placed at 8024FF1C (length = C bytes)
$ASCII_pit_58_Literal will be placed at 8024FF28 (length = C bytes)
$ASCII_pit_30_Literal will be placed at 8024FF34 (length = C bytes)
$ASCII_pit_00_Literal will be placed at 8024FF40 (length = C bytes)
$ASCII_pit_64_Literal will be placed at 8024FF4C (length = C bytes)
$ASCII_pit_36_Literal will be placed at 8024FF58 (length = C bytes)
$ASCII_pit_55_Literal will be placed at 8024FF64 (length = C bytes)
$ASCII_pit_10_Literal will be placed at 8024FF70 (length = C bytes)
$ASCII_pit_45_Literal will be placed at 8024FF7C (length = C bytes)
$ASCII_pit_18_Literal will be placed at 8024FF88 (length = C bytes)
$ASCII_pit_48_Literal will be placed at 8024FF94 (length = C bytes)
$ASCII_pit_03_Literal will be placed at 8024FFA0 (length = C bytes)
$ASCII_pit_31_Literal will be placed at 8024FFAC (length = C bytes)
$ASCII_pit_91_Literal will be placed at 8024FFB8 (length = C bytes)
$ASCII_pit_97_Literal will be placed at 8024FFC4 (length = C bytes)
$ASCII_pit_82_Literal will be placed at 8024FFD0 (length = C bytes)
$ASCII_pit_52_Literal will be placed at 8024FFDC (length = C bytes)
$ASCII_pit_70_Literal will be placed at 8024FFE8 (length = C bytes)
$ASCII_pit_85_Literal will be placed at 8024FFF4 (length = C bytes)
$ASCII_pit_40_Literal will be placed at 80250000 (length = C bytes)
$ASCII_pit_39_Literal will be placed at 8025000C (length = C bytes)
$ASCII_pit_73_Literal will be placed at 80250018 (length = C bytes)
$ASCII_pit_15_Literal will be placed at 80250024 (length = C bytes)
$ASCII_pit_27_Literal will be placed at 80250030 (length = C bytes)
$ASCII_pit_61_Literal will be placed at 8025003C (length = C bytes)
$ConstDouble_80245358 will be placed at 80250048 (length = 8 bytes)
$ConstDouble_802453B8 will be placed at 80250050 (length = 8 bytes)
$ASCII_pit_842_Literal will be placed at 80250058 (length = 8 bytes)
$ASCII_pit_100_Literal will be placed at 80250060 (length = 8 bytes)
$ASCII_tik_tex_Literal will be placed at 80250068 (length = 8 bytes)
$ConstDouble_80245300 will be placed at 80250070 (length = 8 bytes)
$MoverCancel will be placed at 80250078 (length = 4 bytes)
$BanditMoverCancel will be placed at 8025007C (length = 4 bytes)
Executing patch: pit_67.mpat
Loaded map pit_51
Creating struct: $EntryList
Creating struct: $DeepestLevel
Creating struct: $TotalLevels
Creating struct: $LoadHighscores
Creating struct: $FallingDownPipe
Creating struct: $Function_GetPos
Creating struct: $Function2
Creating struct: $SetSpawns
Creating struct: $Script_SetNPCPos
Creating struct: $SwitchPath
Creating struct: $VectorList_80244998
Creating struct: $GetPos
Creating struct: $Function_GetDamageTaken
Creating struct: $Function_ResetDamage
Creating struct: $DispawnParthner
Creating struct: $RespawnParthner
Creating struct: $LoadMap
Creating struct: $Script_LoadMapMover_Roguelike
Creating struct: $GetFloor
Creating struct: $LoadCoinsMover
Creating struct: $LoadMapBandit
Creating struct: $GetFloorBandit
Creating struct: $Script_Init_80243B20
Creating struct: $Script_80243A6C
Creating struct: $Script_AddCoins
Creating struct: $Script_SubstractCoins
Creating struct: $NPC_Settings_Sack
Creating struct: $Script_Init_Bag
Creating struct: $Script_Init_Bag_HitBox
Creating struct: $Script_NPC_SackHit_Init
Creating struct: $Script_NPC_Sack_FX
Creating struct: $NPC_Sack_AnimationStart
Creating struct: $NPC_Sack_AnimationEnd
Creating struct: $Script_SackAnimation_Start_GoToTheRight
Creating struct: $Script_SackAnimation_Start_GoToTheLeft
Creating struct: $Script_SackAnimation_End_Right
Creating struct: $Script_SackAnimation_End_Left
Creating struct: $Function_LoadGainedCoins
Creating struct: $Function_RevivePlayer
Creating struct: $AISettings_MoneySack
Creating struct: $Script_NpcAI_MoneySack
Creating struct: $JumpTable_80242448
Creating struct: $Function_NpcAI_MoneySack
Creating struct: $Function_80240260
Creating struct: $Function_80240844
Creating struct: $Function_802409A8
Creating struct: $Script_TrackPlayer
Creating struct: $Script_PipeAnimation
Creating struct: $Function_SetAnimation
Creating struct: $Function_GetColliderPos
Creating struct: $Function_TrackInput
Creating struct: $GoToNextLevel
Creating struct: $GoToNextLevel_Roguelike
Creating struct: $Script_SetSetsOfLevels
Creating struct: $Script_LoadMap_Roguelike
Creating struct: $Script_LoadChestMap_Roguelike
Creating struct: $Script_LoadMap_Mover_Roguelike
Creating struct: $Script_LoadChestMap_Mover_Roguelike
Creating struct: $GetFloorPit
Creating struct: $GetFloorSign
Creating struct: $Function_GetTattle1
Creating struct: $Function_GetTattle2
Creating struct: $Script_ReadSign
Creating struct: $Header
Creating struct: $Function_Init
Creating struct: $Script_Main
Creating struct: $NpcGroups
Creating struct: $NpcGroup_Mover
Creating struct: $BlankSettings
Creating struct: $Script_Init_Mover
Creating struct: $Interact_Mover
Creating struct: $Script_MoverWarpAnimation
Creating struct: $NpcGroup_BanditMover
Creating struct: $Script_Init_BanditMover
Creating struct: $Interact_BanditMover
Creating struct: $NpcGroup_Enemy1
Creating struct: $NpcGroup_Enemy2
Creating struct: $NpcGroup_Enemy3
Creating struct: $NpcGroup_Enemy4
Creating struct: $NpcGroup_Enemy5
Creating struct: $NpcGroup_Enemy6
Creating struct: $NpcSettings_Enemy1
Creating struct: $Script_EnemyAI
Creating struct: $AISettings_Enemy
Creating struct: $ConstDouble_802471E0
Creating struct: $JumpTable_802471E8
Creating struct: $Function_802406A4
Creating struct: $Function_80240310
Creating struct: $Function_8024038C
Creating struct: $Function_802404C0
Creating struct: $Function_80240624
Creating struct: $Script_DisableEnemyAI
Creating struct: $AISettings_DisableEnemy
Creating struct: $PipeSpawning
Creating struct: $Script_MakeEntities
Creating struct: $CommingDownPipe
Creating struct: $Script_MakeExits
Creating struct: $Script_Exit0
Merged 1 regions to 1
$Script_LoadMap_Mover_Roguelike will be placed at 80240000 (length = F14 bytes)
$LoadMap will be placed at 80240F14 (length = EF4 bytes)
$Script_ReadSign will be placed at 80241E08 (length = EEC bytes)
$LoadMapBandit will be placed at 80242CF4 (length = EA4 bytes)
$Script_LoadMap_Roguelike will be placed at 80243B98 (length = D9C bytes)
$GoToNextLevel will be placed at 80244934 (length = D10 bytes)
$GoToNextLevel_Roguelike will be placed at 80245644 (length = 868 bytes)
$Function_80240260 will be placed at 80245EAC (length = 5E4 bytes)
$Function_802406A4 will be placed at 80246490 (length = 440 bytes)
$SetSpawns will be placed at 802468D0 (length = 384 bytes)
$FallingDownPipe will be placed at 80246C54 (length = 37C bytes)
$Script_SetSetsOfLevels will be placed at 80246FD0 (length = 358 bytes)
$Script_SetNPCPos will be placed at 80247328 (length = 2F4 bytes)
$Function_NpcAI_MoneySack will be placed at 8024761C (length = 238 bytes)
$Script_SackAnimation_Start_GoToTheRight will be placed at 80247854 (length = 230 bytes)
$Script_SackAnimation_Start_GoToTheLeft will be placed at 80247A84 (length = 1F8 bytes)
$Interact_Mover will be placed at 80247C7C (length = 1F8 bytes)
$NpcGroup_Enemy3 will be placed at 80247E74 (length = 1F0 bytes)
$NpcGroup_Enemy4 will be placed at 80248064 (length = 1F0 bytes)
$NpcGroup_Enemy5 will be placed at 80248254 (length = 1F0 bytes)
$NpcGroup_Enemy6 will be placed at 80248444 (length = 1F0 bytes)
$NpcGroup_Enemy1 will be placed at 80248634 (length = 1F0 bytes)
$NpcGroup_Enemy2 will be placed at 80248824 (length = 1F0 bytes)
$NpcGroup_Mover will be placed at 80248A14 (length = 1F0 bytes)
$NpcGroup_BanditMover will be placed at 80248C04 (length = 1F0 bytes)
$Interact_BanditMover will be placed at 80248DF4 (length = 1EC bytes)
$Script_PipeAnimation will be placed at 80248FE0 (length = 1D0 bytes)
$JumpTable_80242448 will be placed at 802491B0 (length = 190 bytes)
$Script_LoadChestMap_Mover_Roguelike will be placed at 80249340 (length = 18C bytes)
$PipeSpawning will be placed at 802494CC (length = 178 bytes)
$NPC_Sack_AnimationStart will be placed at 80249644 (length = 168 bytes)
$Function_80240844 will be placed at 802497AC (length = 164 bytes)
$Script_LoadChestMap_Roguelike will be placed at 80249910 (length = 164 bytes)
$Function_802404C0 will be placed at 80249A74 (length = 164 bytes)
$Script_NPC_SackHit_Init will be placed at 80249BD8 (length = 160 bytes)
$Script_SackAnimation_End_Right will be placed at 80249D38 (length = 158 bytes)
$Script_SackAnimation_End_Left will be placed at 80249E90 (length = 150 bytes)
$MapTattle5 will be placed at 80249FE0 (length = 13C bytes)
$Function_8024038C will be placed at 8024A11C (length = 138 bytes)
$MapTattle4 will be placed at 8024A254 (length = 130 bytes)
$GetFloor will be placed at 8024A384 (length = 12C bytes)
$BanditMover_Tattle will be placed at 8024A4B0 (length = 124 bytes)
$Script_Main will be placed at 8024A5D4 (length = 120 bytes)
$Script_80243A6C will be placed at 8024A6F4 (length = 114 bytes)
$Script_SubstractCoins will be placed at 8024A808 (length = 10C bytes)
$Script_LoadMapMover_Roguelike will be placed at 8024A914 (length = 104 bytes)
$GetFloorBandit will be placed at 8024AA18 (length = F4 bytes)
$Script_MoverWarpAnimation will be placed at 8024AB0C (length = F0 bytes)
$Function_GetColliderPos will be placed at 8024ABFC (length = E0 bytes)
$Function_GetPos will be placed at 8024ACDC (length = E0 bytes)
$Script_TrackPlayer will be placed at 8024ADBC (length = DC bytes)
$MapTattle2 will be placed at 8024AE98 (length = D4 bytes)
$Function_TrackInput will be placed at 8024AF6C (length = BC bytes)
$MapTattle3 will be placed at 8024B028 (length = B0 bytes)
$Script_MakeEntities will be placed at 8024B0D8 (length = A8 bytes)
$MapTattle1 will be placed at 8024B180 (length = A8 bytes)
$Script_NpcAI_MoneySack will be placed at 8024B228 (length = A8 bytes)
$MoverStart will be placed at 8024B2D0 (length = A4 bytes)
$SwitchPath will be placed at 8024B374 (length = A4 bytes)
$Script_NPC_Sack_FX will be placed at 8024B418 (length = A4 bytes)
$GetPos will be placed at 8024B4BC (length = 9C bytes)
$Script_AddCoins will be placed at 8024B558 (length = 98 bytes)
$BanditMoverStart will be placed at 8024B5F0 (length = 98 bytes)
$Mover_Tattle will be placed at 8024B688 (length = 94 bytes)
$Function_GetTattle1 will be placed at 8024B71C (length = 8C bytes)
$NPC_Sack_AnimationEnd will be placed at 8024B7A8 (length = 84 bytes)
$Function_80240624 will be placed at 8024B82C (length = 80 bytes)
$BanditMover_Options will be placed at 8024B8AC (length = 80 bytes)
$SignStringBug will be placed at 8024B92C (length = 7C bytes)
$Function_80240310 will be placed at 8024B9A8 (length = 7C bytes)
$LoadHighscores will be placed at 8024BA24 (length = 7C bytes)
$Mover_Options will be placed at 8024BAA0 (length = 78 bytes)
$Script_EnemyAI will be placed at 8024BB18 (length = 70 bytes)
$NpcGroups will be placed at 8024BB88 (length = 6C bytes)
$DeepestLevel will be placed at 8024BBF4 (length = 6C bytes)
$Function2 will be placed at 8024BC60 (length = 6C bytes)
$LoadCoinsMover will be placed at 8024BCCC (length = 6C bytes)
$Function_SetAnimation will be placed at 8024BD38 (length = 6C bytes)
$GetFloorPit will be placed at 8024BDA4 (length = 68 bytes)
$MoverEnd will be placed at 8024BE0C (length = 68 bytes)
$BanditMoverEnd will be placed at 8024BE74 (length = 68 bytes)
$GetFloorSign will be placed at 8024BEDC (length = 64 bytes)
$BanditMoverNoCoins will be placed at 8024BF40 (length = 58 bytes)
$MoverNoCoins will be placed at 8024BF98 (length = 58 bytes)
$JumpTable_802471E8 will be placed at 8024BFF0 (length = 54 bytes)
$Function_GetTattle2 will be placed at 8024C044 (length = 48 bytes)
$CommingDownPipe will be placed at 8024C08C (length = 48 bytes)
$Script_Exit0 will be placed at 8024C0D4 (length = 48 bytes)
$Function_LoadGainedCoins will be placed at 8024C11C (length = 48 bytes)
$Function_Init will be placed at 8024C164 (length = 44 bytes)
$Function_802409A8 will be placed at 8024C1A8 (length = 44 bytes)
$Header will be placed at 8024C1EC (length = 40 bytes)
$Script_Init_Bag will be placed at 8024C22C (length = 38 bytes)
$TotalLevels will be placed at 8024C264 (length = 38 bytes)
$Script_Init_Bag_HitBox will be placed at 8024C29C (length = 38 bytes)
$DispawnParthner will be placed at 8024C2D4 (length = 34 bytes)
$Function_ResetDamage will be placed at 8024C308 (length = 34 bytes)
$AISettings_MoneySack will be placed at 8024C33C (length = 30 bytes)
$AISettings_Enemy will be placed at 8024C36C (length = 30 bytes)
$AISettings_DisableEnemy will be placed at 8024C39C (length = 30 bytes)
$RespawnParthner will be placed at 8024C3CC (length = 30 bytes)
$NPC_Settings_Sack will be placed at 8024C3FC (length = 2C bytes)
$Function_GetDamageTaken will be placed at 8024C428 (length = 2C bytes)
$NpcSettings_Enemy1 will be placed at 8024C454 (length = 2C bytes)
$Function_RevivePlayer will be placed at 8024C480 (length = 2C bytes)
$String_CoinsGained will be placed at 8024C4AC (length = 2C bytes)
$BlankSettings will be placed at 8024C4D8 (length = 2C bytes)
$Script_MakeExits will be placed at 8024C504 (length = 2C bytes)
$VectorList_80244998 will be placed at 8024C530 (length = 24 bytes)
$Script_Init_80243B20 will be placed at 8024C554 (length = 24 bytes)
$Script_Init_Mover will be placed at 8024C578 (length = 24 bytes)
$Script_Init_BanditMover will be placed at 8024C59C (length = 24 bytes)
$Script_DisableEnemyAI will be placed at 8024C5C0 (length = 20 bytes)
$EntryList will be placed at 8024C5E0 (length = 20 bytes)
$SignString100 will be placed at 8024C600 (length = 18 bytes)
$SignString1 will be placed at 8024C618 (length = 14 bytes)
$SignString99 will be placed at 8024C62C (length = 14 bytes)
$SignString98 will be placed at 8024C640 (length = 14 bytes)
$SignString97 will be placed at 8024C654 (length = 14 bytes)
$SignString96 will be placed at 8024C668 (length = 14 bytes)
$SignString95 will be placed at 8024C67C (length = 14 bytes)
$SignString94 will be placed at 8024C690 (length = 14 bytes)
$SignString93 will be placed at 8024C6A4 (length = 14 bytes)
$SignString92 will be placed at 8024C6B8 (length = 14 bytes)
$SignString91 will be placed at 8024C6CC (length = 14 bytes)
$SignString90 will be placed at 8024C6E0 (length = 14 bytes)
$SignString59 will be placed at 8024C6F4 (length = 14 bytes)
$SignString58 will be placed at 8024C708 (length = 14 bytes)
$SignString57 will be placed at 8024C71C (length = 14 bytes)
$SignString56 will be placed at 8024C730 (length = 14 bytes)
$SignString55 will be placed at 8024C744 (length = 14 bytes)
$SignString54 will be placed at 8024C758 (length = 14 bytes)
$SignString53 will be placed at 8024C76C (length = 14 bytes)
$SignString52 will be placed at 8024C780 (length = 14 bytes)
$SignString51 will be placed at 8024C794 (length = 14 bytes)
$SignString50 will be placed at 8024C7A8 (length = 14 bytes)
$SignString69 will be placed at 8024C7BC (length = 14 bytes)
$SignString68 will be placed at 8024C7D0 (length = 14 bytes)
$SignString67 will be placed at 8024C7E4 (length = 14 bytes)
$SignString66 will be placed at 8024C7F8 (length = 14 bytes)
$SignString65 will be placed at 8024C80C (length = 14 bytes)
$SignString64 will be placed at 8024C820 (length = 14 bytes)
$SignString63 will be placed at 8024C834 (length = 14 bytes)
$SignString62 will be placed at 8024C848 (length = 14 bytes)
$SignString61 will be placed at 8024C85C (length = 14 bytes)
$SignString60 will be placed at 8024C870 (length = 14 bytes)
$SignString79 will be placed at 8024C884 (length = 14 bytes)
$SignString78 will be placed at 8024C898 (length = 14 bytes)
$SignString77 will be placed at 8024C8AC (length = 14 bytes)
$SignString76 will be placed at 8024C8C0 (length = 14 bytes)
$SignString75 will be placed at 8024C8D4 (length = 14 bytes)
$SignString74 will be placed at 8024C8E8 (length = 14 bytes)
$SignString73 will be placed at 8024C8FC (length = 14 bytes)
$SignString72 will be placed at 8024C910 (length = 14 bytes)
$SignString71 will be placed at 8024C924 (length = 14 bytes)
$SignString70 will be placed at 8024C938 (length = 14 bytes)
$SignString89 will be placed at 8024C94C (length = 14 bytes)
$SignString88 will be placed at 8024C960 (length = 14 bytes)
$SignString87 will be placed at 8024C974 (length = 14 bytes)
$SignString86 will be placed at 8024C988 (length = 14 bytes)
$SignString85 will be placed at 8024C99C (length = 14 bytes)
$SignString84 will be placed at 8024C9B0 (length = 14 bytes)
$SignString83 will be placed at 8024C9C4 (length = 14 bytes)
$SignString82 will be placed at 8024C9D8 (length = 14 bytes)
$SignString81 will be placed at 8024C9EC (length = 14 bytes)
$SignString80 will be placed at 8024CA00 (length = 14 bytes)
$SignString19 will be placed at 8024CA14 (length = 14 bytes)
$SignString18 will be placed at 8024CA28 (length = 14 bytes)
$SignString17 will be placed at 8024CA3C (length = 14 bytes)
$SignString16 will be placed at 8024CA50 (length = 14 bytes)
$SignString15 will be placed at 8024CA64 (length = 14 bytes)
$SignString14 will be placed at 8024CA78 (length = 14 bytes)
$SignString13 will be placed at 8024CA8C (length = 14 bytes)
$SignString12 will be placed at 8024CAA0 (length = 14 bytes)
$SignString11 will be placed at 8024CAB4 (length = 14 bytes)
$SignString10 will be placed at 8024CAC8 (length = 14 bytes)
$SignString3 will be placed at 8024CADC (length = 14 bytes)
$SignString2 will be placed at 8024CAF0 (length = 14 bytes)
$SignString5 will be placed at 8024CB04 (length = 14 bytes)
$SignString4 will be placed at 8024CB18 (length = 14 bytes)
$SignString7 will be placed at 8024CB2C (length = 14 bytes)
$SignString6 will be placed at 8024CB40 (length = 14 bytes)
$SignString9 will be placed at 8024CB54 (length = 14 bytes)
$SignString8 will be placed at 8024CB68 (length = 14 bytes)
$SignString29 will be placed at 8024CB7C (length = 14 bytes)
$SignString28 will be placed at 8024CB90 (length = 14 bytes)
$SignString27 will be placed at 8024CBA4 (length = 14 bytes)
$SignString26 will be placed at 8024CBB8 (length = 14 bytes)
$SignString25 will be placed at 8024CBCC (length = 14 bytes)
$SignString24 will be placed at 8024CBE0 (length = 14 bytes)
$SignString23 will be placed at 8024CBF4 (length = 14 bytes)
$SignString22 will be placed at 8024CC08 (length = 14 bytes)
$SignString21 will be placed at 8024CC1C (length = 14 bytes)
$SignString20 will be placed at 8024CC30 (length = 14 bytes)
$SignString will be placed at 8024CC44 (length = 14 bytes)
$SignString39 will be placed at 8024CC58 (length = 14 bytes)
$SignString38 will be placed at 8024CC6C (length = 14 bytes)
$SignString37 will be placed at 8024CC80 (length = 14 bytes)
$SignString36 will be placed at 8024CC94 (length = 14 bytes)
$SignString35 will be placed at 8024CCA8 (length = 14 bytes)
$SignString34 will be placed at 8024CCBC (length = 14 bytes)
$SignString33 will be placed at 8024CCD0 (length = 14 bytes)
$SignString32 will be placed at 8024CCE4 (length = 14 bytes)
$SignString31 will be placed at 8024CCF8 (length = 14 bytes)
$SignString30 will be placed at 8024CD0C (length = 14 bytes)
$SignString49 will be placed at 8024CD20 (length = 14 bytes)
$SignString48 will be placed at 8024CD34 (length = 14 bytes)
$SignString47 will be placed at 8024CD48 (length = 14 bytes)
$SignString46 will be placed at 8024CD5C (length = 14 bytes)
$SignString45 will be placed at 8024CD70 (length = 14 bytes)
$SignString44 will be placed at 8024CD84 (length = 14 bytes)
$SignString43 will be placed at 8024CD98 (length = 14 bytes)
$SignString42 will be placed at 8024CDAC (length = 14 bytes)
$SignString41 will be placed at 8024CDC0 (length = 14 bytes)
$SignString40 will be placed at 8024CDD4 (length = 14 bytes)
$ASCII_pit_02_Literal will be placed at 8024CDE8 (length = C bytes)
$ASCII_pit_90_Literal will be placed at 8024CDF4 (length = C bytes)
$ASCII_pit_34_Literal will be placed at 8024CE00 (length = C bytes)
$ASCII_pit_66_Literal will be placed at 8024CE0C (length = C bytes)
$ASCII_pit_98_Literal will be placed at 8024CE18 (length = C bytes)
$ASCII_pit_19_Literal will be placed at 8024CE24 (length = C bytes)
$ASCII_pit_57_Literal will be placed at 8024CE30 (length = C bytes)
$ASCII_pit_69_Literal will be placed at 8024CE3C (length = C bytes)
$ASCII_pit_72_Literal will be placed at 8024CE48 (length = C bytes)
$ASCII_pit_81_Literal will be placed at 8024CE54 (length = C bytes)
$ASCII_pit_43_Literal will be placed at 8024CE60 (length = C bytes)
$ASCII_pit_28_Literal will be placed at 8024CE6C (length = C bytes)
$ASCII_pit_78_Literal will be placed at 8024CE78 (length = C bytes)
$ASCII_pit_63_Literal will be placed at 8024CE84 (length = C bytes)
$ASCII_pit_46_Literal will be placed at 8024CE90 (length = C bytes)
$ASCII_pit_95_Literal will be placed at 8024CE9C (length = C bytes)
$ASCII_pit_16_Literal will be placed at 8024CEA8 (length = C bytes)
$ASCII_pit_37_Literal will be placed at 8024CEB4 (length = C bytes)
$ASCII_pit_22_Literal will be placed at 8024CEC0 (length = C bytes)
$ASCII_pit_05_Literal will be placed at 8024CECC (length = C bytes)
$ASCII_pit_25_Literal will be placed at 8024CED8 (length = C bytes)
$ASCII_pit_54_Literal will be placed at 8024CEE4 (length = C bytes)
$ASCII_pit_08_Literal will be placed at 8024CEF0 (length = C bytes)
$ASCII_pit_87_Literal will be placed at 8024CEFC (length = C bytes)
$ASCII_pit_75_Literal will be placed at 8024CF08 (length = C bytes)
$ASCII_pit_13_Literal will be placed at 8024CF14 (length = C bytes)
$ASCII_pit_32_Literal will be placed at 8024CF20 (length = C bytes)
$ASCII_pit_92_Literal will be placed at 8024CF2C (length = C bytes)
$ASCII_pit_17_Literal will be placed at 8024CF38 (length = C bytes)
$ASCII_pit_49_Literal will be placed at 8024CF44 (length = C bytes)
$ASCII_pit_77_Literal will be placed at 8024CF50 (length = C bytes)
$ASCII_pit_96_Literal will be placed at 8024CF5C (length = C bytes)
$ASCII_pit_68_Literal will be placed at 8024CF68 (length = C bytes)
$ASCII_pit_51_Literal will be placed at 8024CF74 (length = C bytes)
$ASCII_pit_04_Literal will be placed at 8024CF80 (length = C bytes)
$ASCII_pit_83_Literal will be placed at 8024CF8C (length = C bytes)
$ASCII_pit_86_Literal will be placed at 8024CF98 (length = C bytes)
$ASCII_pit_26_Literal will be placed at 8024CFA4 (length = C bytes)
$ASCII_pit_41_Literal will be placed at 8024CFB0 (length = C bytes)
$ASCII_pit_14_Literal will be placed at 8024CFBC (length = C bytes)
$ASCII_pit_74_Literal will be placed at 8024CFC8 (length = C bytes)
$ASCII_pit_60_Literal will be placed at 8024CFD4 (length = C bytes)
$ASCII_pit_59_Literal will be placed at 8024CFE0 (length = C bytes)
$ASCII_pit_93_Literal will be placed at 8024CFEC (length = C bytes)
$ASCII_pit_65_Literal will be placed at 8024CFF8 (length = C bytes)
$ASCII_pit_07_Literal will be placed at 8024D004 (length = C bytes)
$ASCII_pit_20_Literal will be placed at 8024D010 (length = C bytes)
$ASCII_pit_35_Literal will be placed at 8024D01C (length = C bytes)
$ASCII_pit_23_Literal will be placed at 8024D028 (length = C bytes)
$ASCII_pit_11_Literal will be placed at 8024D034 (length = C bytes)
$ASCII_pit_56_Literal will be placed at 8024D040 (length = C bytes)
$ASCII_pit_44_Literal will be placed at 8024D04C (length = C bytes)
$ASCII_pit_89_Literal will be placed at 8024D058 (length = C bytes)
$ASCII_pit_79_Literal will be placed at 8024D064 (length = C bytes)
$ASCII_pit_62_Literal will be placed at 8024D070 (length = C bytes)
$ASCII_pit_94_Literal will be placed at 8024D07C (length = C bytes)
$ASCII_pit_47_Literal will be placed at 8024D088 (length = C bytes)
$ASCII_pit_21_Literal will be placed at 8024D094 (length = C bytes)
$ASCII_pit_06_Literal will be placed at 8024D0A0 (length = C bytes)
$ASCII_pit_53_Literal will be placed at 8024D0AC (length = C bytes)
$ASCII_pit_09_Literal will be placed at 8024D0B8 (length = C bytes)
$ASCII_pit_88_Literal will be placed at 8024D0C4 (length = C bytes)
$ASCII_pit_38_Literal will be placed at 8024D0D0 (length = C bytes)
$ASCII_pit_24_Literal will be placed at 8024D0DC (length = C bytes)
$ASCII_pit_12_Literal will be placed at 8024D0E8 (length = C bytes)
$ASCII_pit_76_Literal will be placed at 8024D0F4 (length = C bytes)
$ASCII_pit_01_Literal will be placed at 8024D100 (length = C bytes)
$ASCII_pit_50_Literal will be placed at 8024D10C (length = C bytes)
$ASCII_pit_33_Literal will be placed at 8024D118 (length = C bytes)
$ASCII_pit_99_Literal will be placed at 8024D124 (length = C bytes)
$ASCII_pit_67_Literal will be placed at 8024D130 (length = C bytes)
$ASCII_pit_71_Literal will be placed at 8024D13C (length = C bytes)
$ASCII_pit_42_Literal will be placed at 8024D148 (length = C bytes)
$ASCII_pit_80_Literal will be placed at 8024D154 (length = C bytes)
$ASCII_pit_29_Literal will be placed at 8024D160 (length = C bytes)
$ASCII_pit_58_Literal will be placed at 8024D16C (length = C bytes)
$ASCII_pit_30_Literal will be placed at 8024D178 (length = C bytes)
$ASCII_pit_00_Literal will be placed at 8024D184 (length = C bytes)
$ASCII_pit_64_Literal will be placed at 8024D190 (length = C bytes)
$ASCII_pit_36_Literal will be placed at 8024D19C (length = C bytes)
$ASCII_pit_55_Literal will be placed at 8024D1A8 (length = C bytes)
$ASCII_pit_10_Literal will be placed at 8024D1B4 (length = C bytes)
$ASCII_pit_45_Literal will be placed at 8024D1C0 (length = C bytes)
$ASCII_pit_18_Literal will be placed at 8024D1CC (length = C bytes)
$ASCII_pit_48_Literal will be placed at 8024D1D8 (length = C bytes)
$ASCII_pit_03_Literal will be placed at 8024D1E4 (length = C bytes)
$ASCII_pit_31_Literal will be placed at 8024D1F0 (length = C bytes)
$ASCII_pit_91_Literal will be placed at 8024D1FC (length = C bytes)
$ASCII_pit_97_Literal will be placed at 8024D208 (length = C bytes)
$ASCII_pit_82_Literal will be placed at 8024D214 (length = C bytes)
$ASCII_pit_52_Literal will be placed at 8024D220 (length = C bytes)
$ASCII_pit_70_Literal will be placed at 8024D22C (length = C bytes)
$ASCII_pit_85_Literal will be placed at 8024D238 (length = C bytes)
$ASCII_pit_40_Literal will be placed at 8024D244 (length = C bytes)
$ASCII_pit_39_Literal will be placed at 8024D250 (length = C bytes)
$ASCII_pit_73_Literal will be placed at 8024D25C (length = C bytes)
$ASCII_pit_15_Literal will be placed at 8024D268 (length = C bytes)
$ASCII_pit_27_Literal will be placed at 8024D274 (length = C bytes)
$ASCII_pit_61_Literal will be placed at 8024D280 (length = C bytes)
$ConstDouble_802471E0 will be placed at 8024D28C (length = 8 bytes)
$ASCII_pit_842_Literal will be placed at 8024D294 (length = 8 bytes)
$ASCII_pit_100_Literal will be placed at 8024D29C (length = 8 bytes)
$ASCII_tik_tex_Literal will be placed at 8024D2A4 (length = 8 bytes)
$MoverCancel will be placed at 8024D2AC (length = 4 bytes)
$BanditMoverCancel will be placed at 8024D2B0 (length = 4 bytes)
Executing patch: pit_68.mpat
Loaded map pit_68
Creating struct: $EntryList
Creating struct: $DeepestLevel
Creating struct: $TotalLevels
Creating struct: $LoadHighscores
Creating struct: $FallingDownPipe
Creating struct: $Function_GetPos
Creating struct: $Function2
Creating struct: $SetSpawns
Creating struct: $Script_SetNPCPos
Creating struct: $SwitchPath
Creating struct: $VectorList_80244998
Creating struct: $GetPos
Creating struct: $Function_GetDamageTaken
Creating struct: $Function_ResetDamage
Creating struct: $DispawnParthner
Creating struct: $RespawnParthner
Creating struct: $LoadMap
Creating struct: $Script_LoadMapMover_Roguelike
Creating struct: $GetFloor
Creating struct: $LoadCoinsMover
Creating struct: $LoadMapBandit
Creating struct: $GetFloorBandit
Creating struct: $Script_Init_80243B20
Creating struct: $Script_80243A6C
Creating struct: $Script_AddCoins
Creating struct: $Script_SubstractCoins
Creating struct: $NPC_Settings_Sack
Creating struct: $Script_Init_Bag
Creating struct: $Script_Init_Bag_HitBox
Creating struct: $Script_NPC_SackHit_Init
Creating struct: $Script_NPC_Sack_FX
Creating struct: $NPC_Sack_AnimationStart
Creating struct: $NPC_Sack_AnimationEnd
Creating struct: $Script_SackAnimation_Start_GoToTheRight
Creating struct: $Script_SackAnimation_Start_GoToTheLeft
Creating struct: $Script_SackAnimation_End_Right
Creating struct: $Script_SackAnimation_End_Left
Creating struct: $Function_LoadGainedCoins
Creating struct: $Function_RevivePlayer
Creating struct: $AISettings_MoneySack
Creating struct: $Script_NpcAI_MoneySack
Creating struct: $JumpTable_80242448
Creating struct: $Function_NpcAI_MoneySack
Creating struct: $Function_80240260
Creating struct: $Function_80240844
Creating struct: $Function_802409A8
Creating struct: $Script_TrackPlayer
Creating struct: $Script_PipeAnimation
Creating struct: $Function_SetAnimation
Creating struct: $Function_GetColliderPos
Creating struct: $Function_TrackInput
Creating struct: $GoToNextLevel
Creating struct: $GoToNextLevel_Roguelike
Creating struct: $Script_SetSetsOfLevels
Creating struct: $Script_LoadMap_Roguelike
Creating struct: $Script_LoadChestMap_Roguelike
Creating struct: $Script_LoadMap_Mover_Roguelike
Creating struct: $Script_LoadChestMap_Mover_Roguelike
Creating struct: $GetFloorPit
Creating struct: $GetFloorSign
Creating struct: $Function_GetTattle1
Creating struct: $Function_GetTattle2
Creating struct: $Script_ReadSign
Creating struct: $Header
Creating struct: $Function_Init
Creating struct: $Script_Main
Creating struct: $NpcGroups
Creating struct: $NpcGroup_Mover
Creating struct: $BlankSettings
Creating struct: $Script_Init_Mover
Creating struct: $Interact_Mover
Creating struct: $Script_MoverWarpAnimation
Creating struct: $NpcGroup_BanditMover
Creating struct: $Script_Init_BanditMover
Creating struct: $Interact_BanditMover
Creating struct: $NpcGroup_Enemy1
Creating struct: $NpcGroup_Enemy2
Creating struct: $NpcGroup_Enemy3
Creating struct: $NpcGroup_Enemy4
Creating struct: $NpcGroup_Enemy5
Creating struct: $NpcGroup_Enemy6
Creating struct: $NpcSettings_Enemy1
Creating struct: $Script_EnemyAI
Creating struct: $AISettings_Enemy
Creating struct: $ConstDouble_80246500
Creating struct: $ConstDouble_80246508
Creating struct: $ConstDouble_80246510
Creating struct: $ConstDouble_80246558
Creating struct: $JumpTable_80246560
Creating struct: $FloatTable_80244900
Creating struct: $Function_80241DE4
Creating struct: $Function_802416C8
Creating struct: $Function_802404E0
Creating struct: $Function_80240690
Creating struct: $Function_80240CB8
Creating struct: $Function_80240D78
Creating struct: $Function_802410BC
Creating struct: $Function_80241134
Creating struct: $Function_802419D8
Creating struct: $Function_80241B08
Creating struct: $Function_80241D88
Creating struct: $Script_DisableEnemyAI
Creating struct: $AISettings_DisableEnemy
Creating struct: $PipeSpawning
Creating struct: $Script_MakeEntities
Creating struct: $CommingDownPipe
Creating struct: $Script_MakeExits
Creating struct: $Script_Exit0
Merged 1 regions to 1
$Script_LoadMap_Mover_Roguelike will be placed at 80240000 (length = F14 bytes)
$LoadMap will be placed at 80240F14 (length = EF4 bytes)
$Script_ReadSign will be placed at 80241E08 (length = EEC bytes)
$LoadMapBandit will be placed at 80242CF4 (length = EA4 bytes)
$Script_LoadMap_Roguelike will be placed at 80243B98 (length = D9C bytes)
$GoToNextLevel will be placed at 80244934 (length = D10 bytes)
$GoToNextLevel_Roguelike will be placed at 80245644 (length = 868 bytes)
$Function_80240690 will be placed at 80245EAC (length = 620 bytes)
$Function_80240260 will be placed at 802464CC (length = 5E4 bytes)
$SetSpawns will be placed at 80246AB0 (length = 384 bytes)
$FallingDownPipe will be placed at 80246E34 (length = 37C bytes)
$Script_SetSetsOfLevels will be placed at 802471B0 (length = 358 bytes)
$Function_80240D78 will be placed at 80247508 (length = 344 bytes)
$Script_SetNPCPos will be placed at 8024784C (length = 2F4 bytes)
$Function_80241B08 will be placed at 80247B40 (length = 284 bytes)
$Function_NpcAI_MoneySack will be placed at 80247DC4 (length = 238 bytes)
$Script_SackAnimation_Start_GoToTheRight will be placed at 80247FFC (length = 230 bytes)
$Script_SackAnimation_Start_GoToTheLeft will be placed at 8024822C (length = 1F8 bytes)
$Interact_Mover will be placed at 80248424 (length = 1F8 bytes)
$NpcGroup_Enemy3 will be placed at 8024861C (length = 1F0 bytes)
$NpcGroup_Enemy4 will be placed at 8024880C (length = 1F0 bytes)
$NpcGroup_Enemy5 will be placed at 802489FC (length = 1F0 bytes)
$NpcGroup_Enemy6 will be placed at 80248BEC (length = 1F0 bytes)
$NpcGroup_Enemy1 will be placed at 80248DDC (length = 1F0 bytes)
$NpcGroup_Enemy2 will be placed at 80248FCC (length = 1F0 bytes)
$NpcGroup_Mover will be placed at 802491BC (length = 1F0 bytes)
$NpcGroup_BanditMover will be placed at 802493AC (length = 1F0 bytes)
$Interact_BanditMover will be placed at 8024959C (length = 1EC bytes)
$Function_80241DE4 will be placed at 80249788 (length = 1E8 bytes)
$Script_PipeAnimation will be placed at 80249970 (length = 1D0 bytes)
$Function_802404E0 will be placed at 80249B40 (length = 1B4 bytes)
$JumpTable_80242448 will be placed at 80249CF4 (length = 190 bytes)
$Script_LoadChestMap_Mover_Roguelike will be placed at 80249E84 (length = 18C bytes)
$PipeSpawning will be placed at 8024A010 (length = 178 bytes)
$NPC_Sack_AnimationStart will be placed at 8024A188 (length = 168 bytes)
$Function_80240844 will be placed at 8024A2F0 (length = 164 bytes)
$Script_LoadChestMap_Roguelike will be placed at 8024A454 (length = 164 bytes)
$Script_NPC_SackHit_Init will be placed at 8024A5B8 (length = 160 bytes)
$Script_SackAnimation_End_Right will be placed at 8024A718 (length = 158 bytes)
$Script_SackAnimation_End_Left will be placed at 8024A870 (length = 150 bytes)
$MapTattle5 will be placed at 8024A9C0 (length = 13C bytes)
$Function_802419D8 will be placed at 8024AAFC (length = 130 bytes)
$MapTattle4 will be placed at 8024AC2C (length = 130 bytes)
$GetFloor will be placed at 8024AD5C (length = 12C bytes)
$BanditMover_Tattle will be placed at 8024AE88 (length = 124 bytes)
$Function_802416C8 will be placed at 8024AFAC (length = 124 bytes)
$Script_Main will be placed at 8024B0D0 (length = 120 bytes)
$Script_80243A6C will be placed at 8024B1F0 (length = 114 bytes)
$Script_SubstractCoins will be placed at 8024B304 (length = 10C bytes)
$Script_LoadMapMover_Roguelike will be placed at 8024B410 (length = 104 bytes)
$GetFloorBandit will be placed at 8024B514 (length = F4 bytes)
$Script_MoverWarpAnimation will be placed at 8024B608 (length = F0 bytes)
$Function_GetColliderPos will be placed at 8024B6F8 (length = E0 bytes)
$Function_GetPos will be placed at 8024B7D8 (length = E0 bytes)
$Script_TrackPlayer will be placed at 8024B8B8 (length = DC bytes)
$MapTattle2 will be placed at 8024B994 (length = D4 bytes)
$Function_80240CB8 will be placed at 8024BA68 (length = C0 bytes)
$Function_TrackInput will be placed at 8024BB28 (length = BC bytes)
$MapTattle3 will be placed at 8024BBE4 (length = B0 bytes)
$Script_MakeEntities will be placed at 8024BC94 (length = A8 bytes)
$MapTattle1 will be placed at 8024BD3C (length = A8 bytes)
$Script_NpcAI_MoneySack will be placed at 8024BDE4 (length = A8 bytes)
$MoverStart will be placed at 8024BE8C (length = A4 bytes)
$SwitchPath will be placed at 8024BF30 (length = A4 bytes)
$Script_NPC_Sack_FX will be placed at 8024BFD4 (length = A4 bytes)
$GetPos will be placed at 8024C078 (length = 9C bytes)
$Script_AddCoins will be placed at 8024C114 (length = 98 bytes)
$BanditMoverStart will be placed at 8024C1AC (length = 98 bytes)
$Mover_Tattle will be placed at 8024C244 (length = 94 bytes)
$Function_GetTattle1 will be placed at 8024C2D8 (length = 8C bytes)
$NPC_Sack_AnimationEnd will be placed at 8024C364 (length = 84 bytes)
$BanditMover_Options will be placed at 8024C3E8 (length = 80 bytes)
$SignStringBug will be placed at 8024C468 (length = 7C bytes)
$LoadHighscores will be placed at 8024C4E4 (length = 7C bytes)
$Function_802410BC will be placed at 8024C560 (length = 78 bytes)
$Mover_Options will be placed at 8024C5D8 (length = 78 bytes)
$Script_EnemyAI will be placed at 8024C650 (length = 70 bytes)
$NpcGroups will be placed at 8024C6C0 (length = 6C bytes)
$DeepestLevel will be placed at 8024C72C (length = 6C bytes)
$Function_80241134 will be placed at 8024C798 (length = 6C bytes)
$Function2 will be placed at 8024C804 (length = 6C bytes)
$LoadCoinsMover will be placed at 8024C870 (length = 6C bytes)
$Function_SetAnimation will be placed at 8024C8DC (length = 6C bytes)
$GetFloorPit will be placed at 8024C948 (length = 68 bytes)
$MoverEnd will be placed at 8024C9B0 (length = 68 bytes)
$BanditMoverEnd will be placed at 8024CA18 (length = 68 bytes)
$GetFloorSign will be placed at 8024CA80 (length = 64 bytes)
$Function_80241D88 will be placed at 8024CAE4 (length = 5C bytes)
$BanditMoverNoCoins will be placed at 8024CB40 (length = 58 bytes)
$MoverNoCoins will be placed at 8024CB98 (length = 58 bytes)
$JumpTable_80246560 will be placed at 8024CBF0 (length = 54 bytes)
$Function_GetTattle2 will be placed at 8024CC44 (length = 48 bytes)
$CommingDownPipe will be placed at 8024CC8C (length = 48 bytes)
$Script_Exit0 will be placed at 8024CCD4 (length = 48 bytes)
$Function_LoadGainedCoins will be placed at 8024CD1C (length = 48 bytes)
$Function_Init will be placed at 8024CD64 (length = 44 bytes)
$Function_802409A8 will be placed at 8024CDA8 (length = 44 bytes)
$Header will be placed at 8024CDEC (length = 40 bytes)
$Script_Init_Bag will be placed at 8024CE2C (length = 38 bytes)
$TotalLevels will be placed at 8024CE64 (length = 38 bytes)
$Script_Init_Bag_HitBox will be placed at 8024CE9C (length = 38 bytes)
$DispawnParthner will be placed at 8024CED4 (length = 34 bytes)
$Function_ResetDamage will be placed at 8024CF08 (length = 34 bytes)
$AISettings_MoneySack will be placed at 8024CF3C (length = 30 bytes)
$AISettings_Enemy will be placed at 8024CF6C (length = 30 bytes)
$AISettings_DisableEnemy will be placed at 8024CF9C (length = 30 bytes)
$RespawnParthner will be placed at 8024CFCC (length = 30 bytes)
$NPC_Settings_Sack will be placed at 8024CFFC (length = 2C bytes)
$Function_GetDamageTaken will be placed at 8024D028 (length = 2C bytes)
$NpcSettings_Enemy1 will be placed at 8024D054 (length = 2C bytes)
$Function_RevivePlayer will be placed at 8024D080 (length = 2C bytes)
$String_CoinsGained will be placed at 8024D0AC (length = 2C bytes)
$BlankSettings will be placed at 8024D0D8 (length = 2C bytes)
$Script_MakeExits will be placed at 8024D104 (length = 2C bytes)
$VectorList_80244998 will be placed at 8024D130 (length = 24 bytes)
$Script_Init_80243B20 will be placed at 8024D154 (length = 24 bytes)
$Script_Init_Mover will be placed at 8024D178 (length = 24 bytes)
$Script_Init_BanditMover will be placed at 8024D19C (length = 24 bytes)
$Script_DisableEnemyAI will be placed at 8024D1C0 (length = 20 bytes)
$EntryList will be placed at 8024D1E0 (length = 20 bytes)
$SignString100 will be placed at 8024D200 (length = 18 bytes)
$FloatTable_80244900 will be placed at 8024D218 (length = 18 bytes)
$SignString1 will be placed at 8024D230 (length = 14 bytes)
$SignString99 will be placed at 8024D244 (length = 14 bytes)
$SignString98 will be placed at 8024D258 (length = 14 bytes)
$SignString97 will be placed at 8024D26C (length = 14 bytes)
$SignString96 will be placed at 8024D280 (length = 14 bytes)
$SignString95 will be placed at 8024D294 (length = 14 bytes)
$SignString94 will be placed at 8024D2A8 (length = 14 bytes)
$SignString93 will be placed at 8024D2BC (length = 14 bytes)
$SignString92 will be placed at 8024D2D0 (length = 14 bytes)
$SignString91 will be placed at 8024D2E4 (length = 14 bytes)
$SignString90 will be placed at 8024D2F8 (length = 14 bytes)
$SignString59 will be placed at 8024D30C (length = 14 bytes)
$SignString58 will be placed at 8024D320 (length = 14 bytes)
$SignString57 will be placed at 8024D334 (length = 14 bytes)
$SignString56 will be placed at 8024D348 (length = 14 bytes)
$SignString55 will be placed at 8024D35C (length = 14 bytes)
$SignString54 will be placed at 8024D370 (length = 14 bytes)
$SignString53 will be placed at 8024D384 (length = 14 bytes)
$SignString52 will be placed at 8024D398 (length = 14 bytes)
$SignString51 will be placed at 8024D3AC (length = 14 bytes)
$SignString50 will be placed at 8024D3C0 (length = 14 bytes)
$SignString69 will be placed at 8024D3D4 (length = 14 bytes)
$SignString68 will be placed at 8024D3E8 (length = 14 bytes)
$SignString67 will be placed at 8024D3FC (length = 14 bytes)
$SignString66 will be placed at 8024D410 (length = 14 bytes)
$SignString65 will be placed at 8024D424 (length = 14 bytes)
$SignString64 will be placed at 8024D438 (length = 14 bytes)
$SignString63 will be placed at 8024D44C (length = 14 bytes)
$SignString62 will be placed at 8024D460 (length = 14 bytes)
$SignString61 will be placed at 8024D474 (length = 14 bytes)
$SignString60 will be placed at 8024D488 (length = 14 bytes)
$SignString79 will be placed at 8024D49C (length = 14 bytes)
$SignString78 will be placed at 8024D4B0 (length = 14 bytes)
$SignString77 will be placed at 8024D4C4 (length = 14 bytes)
$SignString76 will be placed at 8024D4D8 (length = 14 bytes)
$SignString75 will be placed at 8024D4EC (length = 14 bytes)
$SignString74 will be placed at 8024D500 (length = 14 bytes)
$SignString73 will be placed at 8024D514 (length = 14 bytes)
$SignString72 will be placed at 8024D528 (length = 14 bytes)
$SignString71 will be placed at 8024D53C (length = 14 bytes)
$SignString70 will be placed at 8024D550 (length = 14 bytes)
$SignString89 will be placed at 8024D564 (length = 14 bytes)
$SignString88 will be placed at 8024D578 (length = 14 bytes)
$SignString87 will be placed at 8024D58C (length = 14 bytes)
$SignString86 will be placed at 8024D5A0 (length = 14 bytes)
$SignString85 will be placed at 8024D5B4 (length = 14 bytes)
$SignString84 will be placed at 8024D5C8 (length = 14 bytes)
$SignString83 will be placed at 8024D5DC (length = 14 bytes)
$SignString82 will be placed at 8024D5F0 (length = 14 bytes)
$SignString81 will be placed at 8024D604 (length = 14 bytes)
$SignString80 will be placed at 8024D618 (length = 14 bytes)
$SignString19 will be placed at 8024D62C (length = 14 bytes)
$SignString18 will be placed at 8024D640 (length = 14 bytes)
$SignString17 will be placed at 8024D654 (length = 14 bytes)
$SignString16 will be placed at 8024D668 (length = 14 bytes)
$SignString15 will be placed at 8024D67C (length = 14 bytes)
$SignString14 will be placed at 8024D690 (length = 14 bytes)
$SignString13 will be placed at 8024D6A4 (length = 14 bytes)
$SignString12 will be placed at 8024D6B8 (length = 14 bytes)
$SignString11 will be placed at 8024D6CC (length = 14 bytes)
$SignString10 will be placed at 8024D6E0 (length = 14 bytes)
$SignString3 will be placed at 8024D6F4 (length = 14 bytes)
$SignString2 will be placed at 8024D708 (length = 14 bytes)
$SignString5 will be placed at 8024D71C (length = 14 bytes)
$SignString4 will be placed at 8024D730 (length = 14 bytes)
$SignString7 will be placed at 8024D744 (length = 14 bytes)
$SignString6 will be placed at 8024D758 (length = 14 bytes)
$SignString9 will be placed at 8024D76C (length = 14 bytes)
$SignString8 will be placed at 8024D780 (length = 14 bytes)
$SignString29 will be placed at 8024D794 (length = 14 bytes)
$SignString28 will be placed at 8024D7A8 (length = 14 bytes)
$SignString27 will be placed at 8024D7BC (length = 14 bytes)
$SignString26 will be placed at 8024D7D0 (length = 14 bytes)
$SignString25 will be placed at 8024D7E4 (length = 14 bytes)
$SignString24 will be placed at 8024D7F8 (length = 14 bytes)
$SignString23 will be placed at 8024D80C (length = 14 bytes)
$SignString22 will be placed at 8024D820 (length = 14 bytes)
$SignString21 will be placed at 8024D834 (length = 14 bytes)
$SignString20 will be placed at 8024D848 (length = 14 bytes)
$SignString will be placed at 8024D85C (length = 14 bytes)
$SignString39 will be placed at 8024D870 (length = 14 bytes)
$SignString38 will be placed at 8024D884 (length = 14 bytes)
$SignString37 will be placed at 8024D898 (length = 14 bytes)
$SignString36 will be placed at 8024D8AC (length = 14 bytes)
$SignString35 will be placed at 8024D8C0 (length = 14 bytes)
$SignString34 will be placed at 8024D8D4 (length = 14 bytes)
$SignString33 will be placed at 8024D8E8 (length = 14 bytes)
$SignString32 will be placed at 8024D8FC (length = 14 bytes)
$SignString31 will be placed at 8024D910 (length = 14 bytes)
$SignString30 will be placed at 8024D924 (length = 14 bytes)
$SignString49 will be placed at 8024D938 (length = 14 bytes)
$SignString48 will be placed at 8024D94C (length = 14 bytes)
$SignString47 will be placed at 8024D960 (length = 14 bytes)
$SignString46 will be placed at 8024D974 (length = 14 bytes)
$SignString45 will be placed at 8024D988 (length = 14 bytes)
$SignString44 will be placed at 8024D99C (length = 14 bytes)
$SignString43 will be placed at 8024D9B0 (length = 14 bytes)
$SignString42 will be placed at 8024D9C4 (length = 14 bytes)
$SignString41 will be placed at 8024D9D8 (length = 14 bytes)
$SignString40 will be placed at 8024D9EC (length = 14 bytes)
$ASCII_pit_02_Literal will be placed at 8024DA00 (length = C bytes)
$ASCII_pit_90_Literal will be placed at 8024DA0C (length = C bytes)
$ASCII_pit_34_Literal will be placed at 8024DA18 (length = C bytes)
$ASCII_pit_66_Literal will be placed at 8024DA24 (length = C bytes)
$ASCII_pit_98_Literal will be placed at 8024DA30 (length = C bytes)
$ASCII_pit_19_Literal will be placed at 8024DA3C (length = C bytes)
$ASCII_pit_57_Literal will be placed at 8024DA48 (length = C bytes)
$ASCII_pit_69_Literal will be placed at 8024DA54 (length = C bytes)
$ASCII_pit_72_Literal will be placed at 8024DA60 (length = C bytes)
$ASCII_pit_81_Literal will be placed at 8024DA6C (length = C bytes)
$ASCII_pit_43_Literal will be placed at 8024DA78 (length = C bytes)
$ASCII_pit_28_Literal will be placed at 8024DA84 (length = C bytes)
$ASCII_pit_78_Literal will be placed at 8024DA90 (length = C bytes)
$ASCII_pit_63_Literal will be placed at 8024DA9C (length = C bytes)
$ASCII_pit_46_Literal will be placed at 8024DAA8 (length = C bytes)
$ASCII_pit_95_Literal will be placed at 8024DAB4 (length = C bytes)
$ASCII_pit_16_Literal will be placed at 8024DAC0 (length = C bytes)
$ASCII_pit_37_Literal will be placed at 8024DACC (length = C bytes)
$ASCII_pit_22_Literal will be placed at 8024DAD8 (length = C bytes)
$ASCII_pit_05_Literal will be placed at 8024DAE4 (length = C bytes)
$ASCII_pit_25_Literal will be placed at 8024DAF0 (length = C bytes)
$ASCII_pit_54_Literal will be placed at 8024DAFC (length = C bytes)
$ASCII_pit_08_Literal will be placed at 8024DB08 (length = C bytes)
$ASCII_pit_87_Literal will be placed at 8024DB14 (length = C bytes)
$ASCII_pit_75_Literal will be placed at 8024DB20 (length = C bytes)
$ASCII_pit_13_Literal will be placed at 8024DB2C (length = C bytes)
$ASCII_pit_32_Literal will be placed at 8024DB38 (length = C bytes)
$ASCII_pit_92_Literal will be placed at 8024DB44 (length = C bytes)
$ASCII_pit_17_Literal will be placed at 8024DB50 (length = C bytes)
$ASCII_pit_49_Literal will be placed at 8024DB5C (length = C bytes)
$ASCII_pit_77_Literal will be placed at 8024DB68 (length = C bytes)
$ASCII_pit_96_Literal will be placed at 8024DB74 (length = C bytes)
$ASCII_pit_68_Literal will be placed at 8024DB80 (length = C bytes)
$ASCII_pit_51_Literal will be placed at 8024DB8C (length = C bytes)
$ASCII_pit_04_Literal will be placed at 8024DB98 (length = C bytes)
$ASCII_pit_83_Literal will be placed at 8024DBA4 (length = C bytes)
$ASCII_pit_86_Literal will be placed at 8024DBB0 (length = C bytes)
$ASCII_pit_26_Literal will be placed at 8024DBBC (length = C bytes)
$ASCII_pit_41_Literal will be placed at 8024DBC8 (length = C bytes)
$ASCII_pit_14_Literal will be placed at 8024DBD4 (length = C bytes)
$ASCII_pit_74_Literal will be placed at 8024DBE0 (length = C bytes)
$ASCII_pit_60_Literal will be placed at 8024DBEC (length = C bytes)
$ASCII_pit_59_Literal will be placed at 8024DBF8 (length = C bytes)
$ASCII_pit_93_Literal will be placed at 8024DC04 (length = C bytes)
$ASCII_pit_65_Literal will be placed at 8024DC10 (length = C bytes)
$ASCII_pit_07_Literal will be placed at 8024DC1C (length = C bytes)
$ASCII_pit_20_Literal will be placed at 8024DC28 (length = C bytes)
$ASCII_pit_35_Literal will be placed at 8024DC34 (length = C bytes)
$ASCII_pit_23_Literal will be placed at 8024DC40 (length = C bytes)
$ASCII_pit_11_Literal will be placed at 8024DC4C (length = C bytes)
$ASCII_pit_56_Literal will be placed at 8024DC58 (length = C bytes)
$ASCII_pit_44_Literal will be placed at 8024DC64 (length = C bytes)
$ASCII_pit_89_Literal will be placed at 8024DC70 (length = C bytes)
$ASCII_pit_79_Literal will be placed at 8024DC7C (length = C bytes)
$ASCII_pit_62_Literal will be placed at 8024DC88 (length = C bytes)
$ASCII_pit_94_Literal will be placed at 8024DC94 (length = C bytes)
$ASCII_pit_47_Literal will be placed at 8024DCA0 (length = C bytes)
$ASCII_pit_21_Literal will be placed at 8024DCAC (length = C bytes)
$ASCII_pit_06_Literal will be placed at 8024DCB8 (length = C bytes)
$ASCII_pit_53_Literal will be placed at 8024DCC4 (length = C bytes)
$ASCII_pit_09_Literal will be placed at 8024DCD0 (length = C bytes)
$ASCII_pit_88_Literal will be placed at 8024DCDC (length = C bytes)
$ASCII_pit_38_Literal will be placed at 8024DCE8 (length = C bytes)
$ASCII_pit_24_Literal will be placed at 8024DCF4 (length = C bytes)
$ASCII_pit_12_Literal will be placed at 8024DD00 (length = C bytes)
$ASCII_pit_76_Literal will be placed at 8024DD0C (length = C bytes)
$ASCII_pit_01_Literal will be placed at 8024DD18 (length = C bytes)
$ASCII_pit_50_Literal will be placed at 8024DD24 (length = C bytes)
$ASCII_pit_33_Literal will be placed at 8024DD30 (length = C bytes)
$ASCII_pit_99_Literal will be placed at 8024DD3C (length = C bytes)
$ASCII_pit_67_Literal will be placed at 8024DD48 (length = C bytes)
$ASCII_pit_71_Literal will be placed at 8024DD54 (length = C bytes)
$ASCII_pit_42_Literal will be placed at 8024DD60 (length = C bytes)
$ASCII_pit_80_Literal will be placed at 8024DD6C (length = C bytes)
$ASCII_pit_29_Literal will be placed at 8024DD78 (length = C bytes)
$ASCII_pit_58_Literal will be placed at 8024DD84 (length = C bytes)
$ASCII_pit_30_Literal will be placed at 8024DD90 (length = C bytes)
$ASCII_pit_00_Literal will be placed at 8024DD9C (length = C bytes)
$ASCII_pit_64_Literal will be placed at 8024DDA8 (length = C bytes)
$ASCII_pit_36_Literal will be placed at 8024DDB4 (length = C bytes)
$ASCII_pit_55_Literal will be placed at 8024DDC0 (length = C bytes)
$ASCII_pit_10_Literal will be placed at 8024DDCC (length = C bytes)
$ASCII_pit_45_Literal will be placed at 8024DDD8 (length = C bytes)
$ASCII_pit_18_Literal will be placed at 8024DDE4 (length = C bytes)
$ASCII_pit_48_Literal will be placed at 8024DDF0 (length = C bytes)
$ASCII_pit_03_Literal will be placed at 8024DDFC (length = C bytes)
$ASCII_pit_31_Literal will be placed at 8024DE08 (length = C bytes)
$ASCII_pit_91_Literal will be placed at 8024DE14 (length = C bytes)
$ASCII_pit_97_Literal will be placed at 8024DE20 (length = C bytes)
$ASCII_pit_82_Literal will be placed at 8024DE2C (length = C bytes)
$ASCII_pit_52_Literal will be placed at 8024DE38 (length = C bytes)
$ASCII_pit_70_Literal will be placed at 8024DE44 (length = C bytes)
$ASCII_pit_85_Literal will be placed at 8024DE50 (length = C bytes)
$ASCII_pit_40_Literal will be placed at 8024DE5C (length = C bytes)
$ASCII_pit_39_Literal will be placed at 8024DE68 (length = C bytes)
$ASCII_pit_73_Literal will be placed at 8024DE74 (length = C bytes)
$ASCII_pit_15_Literal will be placed at 8024DE80 (length = C bytes)
$ASCII_pit_27_Literal will be placed at 8024DE8C (length = C bytes)
$ASCII_pit_61_Literal will be placed at 8024DE98 (length = C bytes)
$ConstDouble_80246558 will be placed at 8024DEA4 (length = 8 bytes)
$ASCII_pit_842_Literal will be placed at 8024DEAC (length = 8 bytes)
$ASCII_pit_100_Literal will be placed at 8024DEB4 (length = 8 bytes)
$ASCII_tik_tex_Literal will be placed at 8024DEBC (length = 8 bytes)
$ConstDouble_80246510 will be placed at 8024DEC4 (length = 8 bytes)
$ConstDouble_80246508 will be placed at 8024DECC (length = 8 bytes)
$ConstDouble_80246500 will be placed at 8024DED4 (length = 8 bytes)
$MoverCancel will be placed at 8024DEDC (length = 4 bytes)
$BanditMoverCancel will be placed at 8024DEE0 (length = 4 bytes)
Executing patch: pit_69.mpat
Loaded map pit_69
Creating struct: $EntryList
Creating struct: $DeepestLevel
Creating struct: $TotalLevels
Creating struct: $LoadHighscores
Creating struct: $FallingDownPipe
Creating struct: $Function_GetPos
Creating struct: $Function2
Creating struct: $SetSpawns
Creating struct: $Script_SetNPCPos
Creating struct: $SwitchPath
Creating struct: $VectorList_80244998
Creating struct: $GetPos
Creating struct: $Function_GetDamageTaken
Creating struct: $Function_ResetDamage
Creating struct: $DispawnParthner
Creating struct: $RespawnParthner
Creating struct: $LoadMap
Creating struct: $Script_LoadMapMover_Roguelike
Creating struct: $GetFloor
Creating struct: $LoadCoinsMover
Creating struct: $LoadMapBandit
Creating struct: $GetFloorBandit
Creating struct: $SetSpawnsSpecial
Creating struct: $Function_LoadCoinsInToVar1
Creating struct: $Script_SetSpawnPosition
Creating struct: $Script_Init_80243B20
Creating struct: $Script_80243A6C
Creating struct: $Script_AddCoins
Creating struct: $Script_SubstractCoins
Creating struct: $NPC_Settings_Sack
Creating struct: $Script_Init_Bag
Creating struct: $Script_Init_Bag_HitBox
Creating struct: $Script_NPC_SackHit_Init
Creating struct: $Script_NPC_Sack_FX
Creating struct: $NPC_Sack_AnimationStart
Creating struct: $NPC_Sack_AnimationEnd
Creating struct: $Script_SackAnimation_Start_GoToTheRight
Creating struct: $Script_SackAnimation_Start_GoToTheLeft
Creating struct: $Script_SackAnimation_End_Right
Creating struct: $Script_SackAnimation_End_Left
Creating struct: $Function_LoadGainedCoins
Creating struct: $Function_RevivePlayer
Creating struct: $AISettings_MoneySack
Creating struct: $Script_NpcAI_MoneySack
Creating struct: $JumpTable_80242448
Creating struct: $Function_NpcAI_MoneySack
Creating struct: $Function_80240260
Creating struct: $Function_80240844
Creating struct: $Function_802409A8
Creating struct: $Script_TrackPlayer
Creating struct: $Script_PipeAnimation
Creating struct: $Function_SetAnimation
Creating struct: $Function_GetColliderPos
Creating struct: $Function_TrackInput
Creating struct: $GoToNextLevel
Creating struct: $GoToNextLevel_Roguelike
Creating struct: $Script_SetSetsOfLevels
Creating struct: $Script_LoadMap_Roguelike
Creating struct: $Script_LoadChestMap_Roguelike
Creating struct: $Script_LoadMap_Mover_Roguelike
Creating struct: $Script_LoadChestMap_Mover_Roguelike
Creating struct: $GetFloorPit
Creating struct: $GetFloorSign
Creating struct: $Function_GetTattle1
Creating struct: $Function_GetTattle2
Creating struct: $Script_ReadSign
Creating struct: $Header
Creating struct: $Function_Init
Creating struct: $Script_Main
Creating struct: $NpcGroup1
Creating struct: $NpcGroup2
Creating struct: $NpcGroup3
Creating struct: $NpcGroup4
Creating struct: $NpcGroup5
Creating struct: $NpcGroup6
Creating struct: $NpcGroup7
Creating struct: $NpcGroups
Creating struct: $NpcGroup_Mover
Creating struct: $BlankSettings
Creating struct: $Script_Init_Mover
Creating struct: $Interact_Mover
Creating struct: $Script_MoverWarpAnimation
Creating struct: $NpcGroup_BanditMover
Creating struct: $Script_Init_BanditMover
Creating struct: $Interact_BanditMover
Creating struct: $NpcGroup_Enemy1
Creating struct: $NpcGroup_Enemy2
Creating struct: $NpcGroup_Enemy3
Creating struct: $NpcGroup_Enemy4
Creating struct: $NpcGroup_Enemy5
Creating struct: $NpcGroup_Enemy6
Creating struct: $ConstDouble_802473D8
Creating struct: $ConstDouble_802473E0
Creating struct: $ConstDouble_802473E8
Creating struct: $ConstDouble_802473F0
Creating struct: $ConstDouble_802473F8
Creating struct: $ConstDouble_80247400
Creating struct: $NpcSettings_Enemy1
Creating struct: $NpcSettings_Enemy1B
Creating struct: $Script_EnemyAI
Creating struct: $Script_EnemyAIB
Creating struct: $AISettings_Enemy
Creating struct: $Function_80240FB4
Creating struct: $Function_8024234C
Creating struct: $Function_802414C8
Creating struct: $Function_80241534
Creating struct: $Function_80241630
Creating struct: $Function_80242070
Creating struct: $Function_80242100
Creating struct: $Function_80242200
Creating struct: $Function_80242260
Creating struct: $Script_DisableEnemyAI
Creating struct: $AISettings_DisableEnemy
Creating struct: $PipeSpawning
Creating struct: $Script_MakeEntities
Creating struct: $CommingDownPipe
Creating struct: $Script_MakeExits
Creating struct: $Script_Exit0
Merged 1 regions to 1
$Script_LoadMap_Mover_Roguelike will be placed at 80240000 (length = F14 bytes)
$LoadMap will be placed at 80240F14 (length = EF4 bytes)
$Script_ReadSign will be placed at 80241E08 (length = EEC bytes)
$LoadMapBandit will be placed at 80242CF4 (length = EA4 bytes)
$Script_LoadMap_Roguelike will be placed at 80243B98 (length = D9C bytes)
$GoToNextLevel will be placed at 80244934 (length = D10 bytes)
$Function_80241630 will be placed at 80245644 (length = A10 bytes)
$GoToNextLevel_Roguelike will be placed at 80246054 (length = 868 bytes)
$SetSpawnsSpecial will be placed at 802468BC (length = 608 bytes)
$Function_80240260 will be placed at 80246EC4 (length = 5E4 bytes)
$NpcGroup_Enemy3 will be placed at 802474A8 (length = 3E0 bytes)
$NpcGroup_Enemy4 will be placed at 80247888 (length = 3E0 bytes)
$NpcGroup_Enemy5 will be placed at 80247C68 (length = 3E0 bytes)
$NpcGroup_Enemy6 will be placed at 80248048 (length = 3E0 bytes)
$NpcGroup_Enemy1 will be placed at 80248428 (length = 3E0 bytes)
$NpcGroup_Enemy2 will be placed at 80248808 (length = 3E0 bytes)
$SetSpawns will be placed at 80248BE8 (length = 384 bytes)
$FallingDownPipe will be placed at 80248F6C (length = 37C bytes)
$Script_SetSetsOfLevels will be placed at 802492E8 (length = 358 bytes)
$Script_SetNPCPos will be placed at 80249640 (length = 2F4 bytes)
$Function_80240FB4 will be placed at 80249934 (length = 260 bytes)
$Function_8024234C will be placed at 80249B94 (length = 250 bytes)
$Function_NpcAI_MoneySack will be placed at 80249DE4 (length = 238 bytes)
$Script_SetSpawnPosition will be placed at 8024A01C (length = 234 bytes)
$Script_SackAnimation_Start_GoToTheRight will be placed at 8024A250 (length = 230 bytes)
$Script_Main will be placed at 8024A480 (length = 218 bytes)
$Script_SackAnimation_Start_GoToTheLeft will be placed at 8024A698 (length = 1F8 bytes)
$Interact_Mover will be placed at 8024A890 (length = 1F8 bytes)
$NpcGroup_Mover will be placed at 8024AA88 (length = 1F0 bytes)
$NpcGroup_BanditMover will be placed at 8024AC78 (length = 1F0 bytes)
$Interact_BanditMover will be placed at 8024AE68 (length = 1EC bytes)
$Script_PipeAnimation will be placed at 8024B054 (length = 1D0 bytes)
$JumpTable_80242448 will be placed at 8024B224 (length = 190 bytes)
$Script_LoadChestMap_Mover_Roguelike will be placed at 8024B3B4 (length = 18C bytes)
$PipeSpawning will be placed at 8024B540 (length = 178 bytes)
$NPC_Sack_AnimationStart will be placed at 8024B6B8 (length = 168 bytes)
$Function_80240844 will be placed at 8024B820 (length = 164 bytes)
$Script_LoadChestMap_Roguelike will be placed at 8024B984 (length = 164 bytes)
$Script_NPC_SackHit_Init will be placed at 8024BAE8 (length = 160 bytes)
$Script_SackAnimation_End_Right will be placed at 8024BC48 (length = 158 bytes)
$Script_SackAnimation_End_Left will be placed at 8024BDA0 (length = 150 bytes)
$MapTattle5 will be placed at 8024BEF0 (length = 13C bytes)
$MapTattle4 will be placed at 8024C02C (length = 130 bytes)
$GetFloor will be placed at 8024C15C (length = 12C bytes)
$BanditMover_Tattle will be placed at 8024C288 (length = 124 bytes)
$Script_80243A6C will be placed at 8024C3AC (length = 114 bytes)
$Script_SubstractCoins will be placed at 8024C4C0 (length = 10C bytes)
$Script_LoadMapMover_Roguelike will be placed at 8024C5CC (length = 104 bytes)
$Function_80242100 will be placed at 8024C6D0 (length = 100 bytes)
$Function_80241534 will be placed at 8024C7D0 (length = FC bytes)
$GetFloorBandit will be placed at 8024C8CC (length = F4 bytes)
$Script_MoverWarpAnimation will be placed at 8024C9C0 (length = F0 bytes)
$Function_80242260 will be placed at 8024CAB0 (length = EC bytes)
$Function_GetColliderPos will be placed at 8024CB9C (length = E0 bytes)
$Function_GetPos will be placed at 8024CC7C (length = E0 bytes)
$Script_TrackPlayer will be placed at 8024CD5C (length = DC bytes)
$MapTattle2 will be placed at 8024CE38 (length = D4 bytes)
$Script_EnemyAI will be placed at 8024CF0C (length = D4 bytes)
$Function_TrackInput will be placed at 8024CFE0 (length = BC bytes)
$MapTattle3 will be placed at 8024D09C (length = B0 bytes)
$Script_MakeEntities will be placed at 8024D14C (length = A8 bytes)
$MapTattle1 will be placed at 8024D1F4 (length = A8 bytes)
$Script_NpcAI_MoneySack will be placed at 8024D29C (length = A8 bytes)
$MoverStart will be placed at 8024D344 (length = A4 bytes)
$SwitchPath will be placed at 8024D3E8 (length = A4 bytes)
$Script_NPC_Sack_FX will be placed at 8024D48C (length = A4 bytes)
$GetPos will be placed at 8024D530 (length = 9C bytes)
$Script_AddCoins will be placed at 8024D5CC (length = 98 bytes)
$BanditMoverStart will be placed at 8024D664 (length = 98 bytes)
$Mover_Tattle will be placed at 8024D6FC (length = 94 bytes)
$Function_80242070 will be placed at 8024D790 (length = 90 bytes)
$Function_GetTattle1 will be placed at 8024D820 (length = 8C bytes)
$NPC_Sack_AnimationEnd will be placed at 8024D8AC (length = 84 bytes)
$BanditMover_Options will be placed at 8024D930 (length = 80 bytes)
$Script_EnemyAIB will be placed at 8024D9B0 (length = 80 bytes)
$SignStringBug will be placed at 8024DA30 (length = 7C bytes)
$LoadHighscores will be placed at 8024DAAC (length = 7C bytes)
$Mover_Options will be placed at 8024DB28 (length = 78 bytes)
$NpcGroups will be placed at 8024DBA0 (length = 6C bytes)
$DeepestLevel will be placed at 8024DC0C (length = 6C bytes)
$Function2 will be placed at 8024DC78 (length = 6C bytes)
$Function_802414C8 will be placed at 8024DCE4 (length = 6C bytes)
$LoadCoinsMover will be placed at 8024DD50 (length = 6C bytes)
$Function_SetAnimation will be placed at 8024DDBC (length = 6C bytes)
$GetFloorPit will be placed at 8024DE28 (length = 68 bytes)
$MoverEnd will be placed at 8024DE90 (length = 68 bytes)
$BanditMoverEnd will be placed at 8024DEF8 (length = 68 bytes)
$GetFloorSign will be placed at 8024DF60 (length = 64 bytes)
$Function_80242200 will be placed at 8024DFC4 (length = 60 bytes)
$BanditMoverNoCoins will be placed at 8024E024 (length = 58 bytes)
$MoverNoCoins will be placed at 8024E07C (length = 58 bytes)
$Function_GetTattle2 will be placed at 8024E0D4 (length = 48 bytes)
$CommingDownPipe will be placed at 8024E11C (length = 48 bytes)
$Script_Exit0 will be placed at 8024E164 (length = 48 bytes)
$Function_LoadCoinsInToVar1 will be placed at 8024E1AC (length = 48 bytes)
$Function_LoadGainedCoins will be placed at 8024E1F4 (length = 48 bytes)
$Function_Init will be placed at 8024E23C (length = 44 bytes)
$Function_802409A8 will be placed at 8024E280 (length = 44 bytes)
$Header will be placed at 8024E2C4 (length = 40 bytes)
$Script_Init_Bag will be placed at 8024E304 (length = 38 bytes)
$TotalLevels will be placed at 8024E33C (length = 38 bytes)
$Script_Init_Bag_HitBox will be placed at 8024E374 (length = 38 bytes)
$DispawnParthner will be placed at 8024E3AC (length = 34 bytes)
$Function_ResetDamage will be placed at 8024E3E0 (length = 34 bytes)
$AISettings_MoneySack will be placed at 8024E414 (length = 30 bytes)
$AISettings_Enemy will be placed at 8024E444 (length = 30 bytes)
$AISettings_DisableEnemy will be placed at 8024E474 (length = 30 bytes)
$RespawnParthner will be placed at 8024E4A4 (length = 30 bytes)
$NPC_Settings_Sack will be placed at 8024E4D4 (length = 2C bytes)
$Function_GetDamageTaken will be placed at 8024E500 (length = 2C bytes)
$NpcSettings_Enemy1 will be placed at 8024E52C (length = 2C bytes)
$Function_RevivePlayer will be placed at 8024E558 (length = 2C bytes)
$String_CoinsGained will be placed at 8024E584 (length = 2C bytes)
$BlankSettings will be placed at 8024E5B0 (length = 2C bytes)
$NpcSettings_Enemy1B will be placed at 8024E5DC (length = 2C bytes)
$Script_MakeExits will be placed at 8024E608 (length = 2C bytes)
$NpcGroup7 will be placed at 8024E634 (length = 24 bytes)
$VectorList_80244998 will be placed at 8024E658 (length = 24 bytes)
$Script_Init_80243B20 will be placed at 8024E67C (length = 24 bytes)
$Script_Init_Mover will be placed at 8024E6A0 (length = 24 bytes)
$Script_Init_BanditMover will be placed at 8024E6C4 (length = 24 bytes)
$Script_DisableEnemyAI will be placed at 8024E6E8 (length = 20 bytes)
$EntryList will be placed at 8024E708 (length = 20 bytes)
$NpcGroup6 will be placed at 8024E728 (length = 18 bytes)
$NpcGroup3 will be placed at 8024E740 (length = 18 bytes)
$NpcGroup2 will be placed at 8024E758 (length = 18 bytes)
$NpcGroup5 will be placed at 8024E770 (length = 18 bytes)
$NpcGroup4 will be placed at 8024E788 (length = 18 bytes)
$NpcGroup1 will be placed at 8024E7A0 (length = 18 bytes)
$SignString100 will be placed at 8024E7B8 (length = 18 bytes)
$SignString1 will be placed at 8024E7D0 (length = 14 bytes)
$SignString99 will be placed at 8024E7E4 (length = 14 bytes)
$SignString98 will be placed at 8024E7F8 (length = 14 bytes)
$SignString97 will be placed at 8024E80C (length = 14 bytes)
$SignString96 will be placed at 8024E820 (length = 14 bytes)
$SignString95 will be placed at 8024E834 (length = 14 bytes)
$SignString94 will be placed at 8024E848 (length = 14 bytes)
$SignString93 will be placed at 8024E85C (length = 14 bytes)
$SignString92 will be placed at 8024E870 (length = 14 bytes)
$SignString91 will be placed at 8024E884 (length = 14 bytes)
$SignString90 will be placed at 8024E898 (length = 14 bytes)
$SignString59 will be placed at 8024E8AC (length = 14 bytes)
$SignString58 will be placed at 8024E8C0 (length = 14 bytes)
$SignString57 will be placed at 8024E8D4 (length = 14 bytes)
$SignString56 will be placed at 8024E8E8 (length = 14 bytes)
$SignString55 will be placed at 8024E8FC (length = 14 bytes)
$SignString54 will be placed at 8024E910 (length = 14 bytes)
$SignString53 will be placed at 8024E924 (length = 14 bytes)
$SignString52 will be placed at 8024E938 (length = 14 bytes)
$SignString51 will be placed at 8024E94C (length = 14 bytes)
$SignString50 will be placed at 8024E960 (length = 14 bytes)
$SignString69 will be placed at 8024E974 (length = 14 bytes)
$SignString68 will be placed at 8024E988 (length = 14 bytes)
$SignString67 will be placed at 8024E99C (length = 14 bytes)
$SignString66 will be placed at 8024E9B0 (length = 14 bytes)
$SignString65 will be placed at 8024E9C4 (length = 14 bytes)
$SignString64 will be placed at 8024E9D8 (length = 14 bytes)
$SignString63 will be placed at 8024E9EC (length = 14 bytes)
$SignString62 will be placed at 8024EA00 (length = 14 bytes)
$SignString61 will be placed at 8024EA14 (length = 14 bytes)
$SignString60 will be placed at 8024EA28 (length = 14 bytes)
$SignString79 will be placed at 8024EA3C (length = 14 bytes)
$SignString78 will be placed at 8024EA50 (length = 14 bytes)
$SignString77 will be placed at 8024EA64 (length = 14 bytes)
$SignString76 will be placed at 8024EA78 (length = 14 bytes)
$SignString75 will be placed at 8024EA8C (length = 14 bytes)
$SignString74 will be placed at 8024EAA0 (length = 14 bytes)
$SignString73 will be placed at 8024EAB4 (length = 14 bytes)
$SignString72 will be placed at 8024EAC8 (length = 14 bytes)
$SignString71 will be placed at 8024EADC (length = 14 bytes)
$SignString70 will be placed at 8024EAF0 (length = 14 bytes)
$SignString89 will be placed at 8024EB04 (length = 14 bytes)
$SignString88 will be placed at 8024EB18 (length = 14 bytes)
$SignString87 will be placed at 8024EB2C (length = 14 bytes)
$SignString86 will be placed at 8024EB40 (length = 14 bytes)
$SignString85 will be placed at 8024EB54 (length = 14 bytes)
$SignString84 will be placed at 8024EB68 (length = 14 bytes)
$SignString83 will be placed at 8024EB7C (length = 14 bytes)
$SignString82 will be placed at 8024EB90 (length = 14 bytes)
$SignString81 will be placed at 8024EBA4 (length = 14 bytes)
$SignString80 will be placed at 8024EBB8 (length = 14 bytes)
$SignString19 will be placed at 8024EBCC (length = 14 bytes)
$SignString18 will be placed at 8024EBE0 (length = 14 bytes)
$SignString17 will be placed at 8024EBF4 (length = 14 bytes)
$SignString16 will be placed at 8024EC08 (length = 14 bytes)
$SignString15 will be placed at 8024EC1C (length = 14 bytes)
$SignString14 will be placed at 8024EC30 (length = 14 bytes)
$SignString13 will be placed at 8024EC44 (length = 14 bytes)
$SignString12 will be placed at 8024EC58 (length = 14 bytes)
$SignString11 will be placed at 8024EC6C (length = 14 bytes)
$SignString10 will be placed at 8024EC80 (length = 14 bytes)
$SignString3 will be placed at 8024EC94 (length = 14 bytes)
$SignString2 will be placed at 8024ECA8 (length = 14 bytes)
$SignString5 will be placed at 8024ECBC (length = 14 bytes)
$SignString4 will be placed at 8024ECD0 (length = 14 bytes)
$SignString7 will be placed at 8024ECE4 (length = 14 bytes)
$SignString6 will be placed at 8024ECF8 (length = 14 bytes)
$SignString9 will be placed at 8024ED0C (length = 14 bytes)
$SignString8 will be placed at 8024ED20 (length = 14 bytes)
$SignString29 will be placed at 8024ED34 (length = 14 bytes)
$SignString28 will be placed at 8024ED48 (length = 14 bytes)
$SignString27 will be placed at 8024ED5C (length = 14 bytes)
$SignString26 will be placed at 8024ED70 (length = 14 bytes)
$SignString25 will be placed at 8024ED84 (length = 14 bytes)
$SignString24 will be placed at 8024ED98 (length = 14 bytes)
$SignString23 will be placed at 8024EDAC (length = 14 bytes)
$SignString22 will be placed at 8024EDC0 (length = 14 bytes)
$SignString21 will be placed at 8024EDD4 (length = 14 bytes)
$SignString20 will be placed at 8024EDE8 (length = 14 bytes)
$SignString will be placed at 8024EDFC (length = 14 bytes)
$SignString39 will be placed at 8024EE10 (length = 14 bytes)
$SignString38 will be placed at 8024EE24 (length = 14 bytes)
$SignString37 will be placed at 8024EE38 (length = 14 bytes)
$SignString36 will be placed at 8024EE4C (length = 14 bytes)
$SignString35 will be placed at 8024EE60 (length = 14 bytes)
$SignString34 will be placed at 8024EE74 (length = 14 bytes)
$SignString33 will be placed at 8024EE88 (length = 14 bytes)
$SignString32 will be placed at 8024EE9C (length = 14 bytes)
$SignString31 will be placed at 8024EEB0 (length = 14 bytes)
$SignString30 will be placed at 8024EEC4 (length = 14 bytes)
$SignString49 will be placed at 8024EED8 (length = 14 bytes)
$SignString48 will be placed at 8024EEEC (length = 14 bytes)
$SignString47 will be placed at 8024EF00 (length = 14 bytes)
$SignString46 will be placed at 8024EF14 (length = 14 bytes)
$SignString45 will be placed at 8024EF28 (length = 14 bytes)
$SignString44 will be placed at 8024EF3C (length = 14 bytes)
$SignString43 will be placed at 8024EF50 (length = 14 bytes)
$SignString42 will be placed at 8024EF64 (length = 14 bytes)
$SignString41 will be placed at 8024EF78 (length = 14 bytes)
$SignString40 will be placed at 8024EF8C (length = 14 bytes)
$ASCII_pit_02_Literal will be placed at 8024EFA0 (length = C bytes)
$ASCII_pit_90_Literal will be placed at 8024EFAC (length = C bytes)
$ASCII_pit_34_Literal will be placed at 8024EFB8 (length = C bytes)
$ASCII_pit_66_Literal will be placed at 8024EFC4 (length = C bytes)
$ASCII_pit_98_Literal will be placed at 8024EFD0 (length = C bytes)
$ASCII_pit_19_Literal will be placed at 8024EFDC (length = C bytes)
$ASCII_pit_57_Literal will be placed at 8024EFE8 (length = C bytes)
$ASCII_pit_69_Literal will be placed at 8024EFF4 (length = C bytes)
$ASCII_pit_72_Literal will be placed at 8024F000 (length = C bytes)
$ASCII_pit_81_Literal will be placed at 8024F00C (length = C bytes)
$ASCII_pit_43_Literal will be placed at 8024F018 (length = C bytes)
$ASCII_pit_28_Literal will be placed at 8024F024 (length = C bytes)
$ASCII_pit_78_Literal will be placed at 8024F030 (length = C bytes)
$ASCII_pit_63_Literal will be placed at 8024F03C (length = C bytes)
$ASCII_pit_46_Literal will be placed at 8024F048 (length = C bytes)
$ASCII_pit_95_Literal will be placed at 8024F054 (length = C bytes)
$ASCII_pit_16_Literal will be placed at 8024F060 (length = C bytes)
$ASCII_pit_37_Literal will be placed at 8024F06C (length = C bytes)
$ASCII_pit_22_Literal will be placed at 8024F078 (length = C bytes)
$ASCII_pit_05_Literal will be placed at 8024F084 (length = C bytes)
$ASCII_pit_25_Literal will be placed at 8024F090 (length = C bytes)
$ASCII_pit_54_Literal will be placed at 8024F09C (length = C bytes)
$ASCII_pit_08_Literal will be placed at 8024F0A8 (length = C bytes)
$ASCII_pit_87_Literal will be placed at 8024F0B4 (length = C bytes)
$ASCII_pit_75_Literal will be placed at 8024F0C0 (length = C bytes)
$ASCII_pit_13_Literal will be placed at 8024F0CC (length = C bytes)
$ASCII_pit_32_Literal will be placed at 8024F0D8 (length = C bytes)
$ASCII_pit_92_Literal will be placed at 8024F0E4 (length = C bytes)
$ASCII_pit_17_Literal will be placed at 8024F0F0 (length = C bytes)
$ASCII_pit_49_Literal will be placed at 8024F0FC (length = C bytes)
$ASCII_pit_77_Literal will be placed at 8024F108 (length = C bytes)
$ASCII_pit_96_Literal will be placed at 8024F114 (length = C bytes)
$ASCII_pit_68_Literal will be placed at 8024F120 (length = C bytes)
$ASCII_pit_51_Literal will be placed at 8024F12C (length = C bytes)
$ASCII_pit_04_Literal will be placed at 8024F138 (length = C bytes)
$ASCII_pit_83_Literal will be placed at 8024F144 (length = C bytes)
$ASCII_pit_86_Literal will be placed at 8024F150 (length = C bytes)
$ASCII_pit_26_Literal will be placed at 8024F15C (length = C bytes)
$ASCII_pit_41_Literal will be placed at 8024F168 (length = C bytes)
$ASCII_pit_14_Literal will be placed at 8024F174 (length = C bytes)
$ASCII_pit_74_Literal will be placed at 8024F180 (length = C bytes)
$ASCII_pit_60_Literal will be placed at 8024F18C (length = C bytes)
$ASCII_pit_59_Literal will be placed at 8024F198 (length = C bytes)
$ASCII_pit_93_Literal will be placed at 8024F1A4 (length = C bytes)
$ASCII_pit_65_Literal will be placed at 8024F1B0 (length = C bytes)
$ASCII_pit_07_Literal will be placed at 8024F1BC (length = C bytes)
$ASCII_pit_20_Literal will be placed at 8024F1C8 (length = C bytes)
$ASCII_pit_35_Literal will be placed at 8024F1D4 (length = C bytes)
$ASCII_pit_23_Literal will be placed at 8024F1E0 (length = C bytes)
$ASCII_pit_11_Literal will be placed at 8024F1EC (length = C bytes)
$ASCII_pit_56_Literal will be placed at 8024F1F8 (length = C bytes)
$ASCII_pit_44_Literal will be placed at 8024F204 (length = C bytes)
$ASCII_pit_89_Literal will be placed at 8024F210 (length = C bytes)
$ASCII_pit_79_Literal will be placed at 8024F21C (length = C bytes)
$ASCII_pit_62_Literal will be placed at 8024F228 (length = C bytes)
$ASCII_pit_94_Literal will be placed at 8024F234 (length = C bytes)
$ASCII_pit_47_Literal will be placed at 8024F240 (length = C bytes)
$ASCII_pit_21_Literal will be placed at 8024F24C (length = C bytes)
$ASCII_pit_06_Literal will be placed at 8024F258 (length = C bytes)
$ASCII_pit_53_Literal will be placed at 8024F264 (length = C bytes)
$ASCII_pit_09_Literal will be placed at 8024F270 (length = C bytes)
$ASCII_pit_88_Literal will be placed at 8024F27C (length = C bytes)
$ASCII_pit_38_Literal will be placed at 8024F288 (length = C bytes)
$ASCII_pit_24_Literal will be placed at 8024F294 (length = C bytes)
$ASCII_pit_12_Literal will be placed at 8024F2A0 (length = C bytes)
$ASCII_pit_76_Literal will be placed at 8024F2AC (length = C bytes)
$ASCII_pit_01_Literal will be placed at 8024F2B8 (length = C bytes)
$ASCII_pit_50_Literal will be placed at 8024F2C4 (length = C bytes)
$ASCII_pit_33_Literal will be placed at 8024F2D0 (length = C bytes)
$ASCII_pit_99_Literal will be placed at 8024F2DC (length = C bytes)
$ASCII_pit_67_Literal will be placed at 8024F2E8 (length = C bytes)
$ASCII_pit_71_Literal will be placed at 8024F2F4 (length = C bytes)
$ASCII_pit_42_Literal will be placed at 8024F300 (length = C bytes)
$ASCII_pit_80_Literal will be placed at 8024F30C (length = C bytes)
$ASCII_pit_29_Literal will be placed at 8024F318 (length = C bytes)
$ASCII_pit_58_Literal will be placed at 8024F324 (length = C bytes)
$ASCII_pit_30_Literal will be placed at 8024F330 (length = C bytes)
$ASCII_pit_00_Literal will be placed at 8024F33C (length = C bytes)
$ASCII_pit_64_Literal will be placed at 8024F348 (length = C bytes)
$ASCII_pit_36_Literal will be placed at 8024F354 (length = C bytes)
$ASCII_pit_55_Literal will be placed at 8024F360 (length = C bytes)
$ASCII_pit_10_Literal will be placed at 8024F36C (length = C bytes)
$ASCII_pit_45_Literal will be placed at 8024F378 (length = C bytes)
$ASCII_pit_18_Literal will be placed at 8024F384 (length = C bytes)
$ASCII_pit_48_Literal will be placed at 8024F390 (length = C bytes)
$ASCII_pit_03_Literal will be placed at 8024F39C (length = C bytes)
$ASCII_pit_31_Literal will be placed at 8024F3A8 (length = C bytes)
$ASCII_pit_91_Literal will be placed at 8024F3B4 (length = C bytes)
$ASCII_pit_97_Literal will be placed at 8024F3C0 (length = C bytes)
$ASCII_pit_82_Literal will be placed at 8024F3CC (length = C bytes)
$ASCII_pit_52_Literal will be placed at 8024F3D8 (length = C bytes)
$ASCII_pit_70_Literal will be placed at 8024F3E4 (length = C bytes)
$ASCII_pit_85_Literal will be placed at 8024F3F0 (length = C bytes)
$ASCII_pit_40_Literal will be placed at 8024F3FC (length = C bytes)
$ASCII_pit_39_Literal will be placed at 8024F408 (length = C bytes)
$ASCII_pit_73_Literal will be placed at 8024F414 (length = C bytes)
$ASCII_pit_15_Literal will be placed at 8024F420 (length = C bytes)
$ASCII_pit_27_Literal will be placed at 8024F42C (length = C bytes)
$ASCII_pit_61_Literal will be placed at 8024F438 (length = C bytes)
$ConstDouble_802473E8 will be placed at 8024F444 (length = 8 bytes)
$ConstDouble_802473E0 will be placed at 8024F44C (length = 8 bytes)
$ConstDouble_802473D8 will be placed at 8024F454 (length = 8 bytes)
$ConstDouble_802473F8 will be placed at 8024F45C (length = 8 bytes)
$ConstDouble_802473F0 will be placed at 8024F464 (length = 8 bytes)
$ConstDouble_80247400 will be placed at 8024F46C (length = 8 bytes)
$ASCII_pit_842_Literal will be placed at 8024F474 (length = 8 bytes)
$ASCII_pit_100_Literal will be placed at 8024F47C (length = 8 bytes)
$ASCII_tik_tex_Literal will be placed at 8024F484 (length = 8 bytes)
$MoverCancel will be placed at 8024F48C (length = 4 bytes)
$BanditMoverCancel will be placed at 8024F490 (length = 4 bytes)
Executing patch: pit_70.mpat
Loaded map pit_70
Creating struct: $EntryList
Creating struct: $DeepestLevel
Creating struct: $TotalLevels
Creating struct: $LoadHighscores
Creating struct: $FallingDownPipe
Creating struct: $Function_GetPos
Creating struct: $Function2
Creating struct: $Script_TrackPlayer
Creating struct: $Script_PipeAnimation
Creating struct: $Function_SetAnimation
Creating struct: $Function_GetColliderPos
Creating struct: $Function_TrackInput
Creating struct: $GoToNextLevel
Creating struct: $GoToNextLevel_Roguelike
Creating struct: $Script_SetSetsOfLevels
Creating struct: $Script_LoadMap_Roguelike
Creating struct: $Script_LoadChestMap_Roguelike
Creating struct: $Script_LoadMap_Mover_Roguelike
Creating struct: $Script_LoadChestMap_Mover_Roguelike
Creating struct: $GetFloorPit
Creating struct: $GetFloorSign
Creating struct: $Function_GetTattle1
Creating struct: $Function_GetTattle2
Creating struct: $Script_ReadSign
Creating struct: $BadgeListRogue
Creating struct: $BadgeList
Creating struct: $GetBadge
Creating struct: $CoinChest
Creating struct: $LoadChestFloor
Creating struct: $ShopperInteraction
Creating struct: $GetFloorRowf
Creating struct: $ShopperInventory1-1
Creating struct: $ShopperInventory1-2
Creating struct: $ShopperInventory1-3
Creating struct: $ShopperInventory1-4
Creating struct: $ShopperInventory1-5
Creating struct: $ShopperInventory1-6
Creating struct: $ShopperInventory1-7
Creating struct: $ShopperInventory1-8
Creating struct: $ShopperInventory1-9
Creating struct: $ShopperInventory2-1
Creating struct: $ShopperInventory2-2
Creating struct: $ShopperInventory2-3
Creating struct: $ShopperInventory2-4
Creating struct: $ShopperInventory2-5
Creating struct: $ShopperInventory2-6
Creating struct: $ShopperInventory2-7
Creating struct: $ShopperInventory2-8
Creating struct: $ShopperInventory2-9
Creating struct: $ShopperInventory3-1
Creating struct: $ShopperInventory3-2
Creating struct: $ShopperInventory3-3
Creating struct: $ShopperInventory3-4
Creating struct: $ShopperInventory3-5
Creating struct: $ShopperInventory3-6
Creating struct: $ShopperInventory3-7
Creating struct: $ShopperInventory3-8
Creating struct: $ShopperInventory3-9
Creating struct: $ShopperInventory4-1
Creating struct: $ShopperInventory4-2
Creating struct: $ShopperInventory4-3
Creating struct: $ShopperInventory4-4
Creating struct: $ShopperInventory4-5
Creating struct: $ShopperInventory4-6
Creating struct: $ShopperInventory4-7
Creating struct: $ShopperInventory4-8
Creating struct: $ShopperInventory4-9
Creating struct: $ShopperInventory5-1
Creating struct: $ShopperInventory5-2
Creating struct: $ShopperInventory5-3
Creating struct: $ShopperInventory5-4
Creating struct: $ShopperInventory5-5
Creating struct: $ShopperInventory5-6
Creating struct: $ShopperInventory5-7
Creating struct: $ShopperInventory5-8
Creating struct: $ShopperInventory5-9
Creating struct: $ShopperInventory6-1
Creating struct: $ShopperInventory6-2
Creating struct: $ShopperInventory6-3
Creating struct: $ShopperInventory6-4
Creating struct: $ShopperInventory6-5
Creating struct: $ShopperInventory6-6
Creating struct: $ShopperInventory6-7
Creating struct: $ShopperInventory6-8
Creating struct: $ShopperInventory6-9
Creating struct: $ShopperInventory7-1
Creating struct: $ShopperInventory7-2
Creating struct: $ShopperInventory7-3
Creating struct: $ShopperInventory7-4
Creating struct: $ShopperInventory7-5
Creating struct: $ShopperInventory7-6
Creating struct: $ShopperInventory7-7
Creating struct: $ShopperInventory7-8
Creating struct: $ShopperInventory7-9
Creating struct: $ShopperInventory8-1
Creating struct: $ShopperInventory8-2
Creating struct: $ShopperInventory8-3
Creating struct: $ShopperInventory8-4
Creating struct: $ShopperInventory8-5
Creating struct: $ShopperInventory8-6
Creating struct: $ShopperInventory8-7
Creating struct: $ShopperInventory8-8
Creating struct: $ShopperInventory8-9
Creating struct: $ShopperInventory9-1
Creating struct: $ShopperInventory9-2
Creating struct: $ShopperInventory9-3
Creating struct: $ShopperInventory9-4
Creating struct: $ShopperInventory9-5
Creating struct: $ShopperInventory9-6
Creating struct: $ShopperInventory9-7
Creating struct: $ShopperInventory9-8
Creating struct: $ShopperInventory9-9
Creating struct: $InventoryAvailability
Creating struct: $LoadCoins
Creating struct: $LoadInventory1
Creating struct: $LoadInventory2
Creating struct: $LoadInventory3
Creating struct: $LoadInventory4
Creating struct: $LoadInventory5
Creating struct: $LoadInventory6
Creating struct: $LoadInventory7
Creating struct: $LoadInventory8
Creating struct: $LoadInventory9
Creating struct: $Partner_Settings
Creating struct: $Init_NPC
Creating struct: $NPC_Cutscene1
Creating struct: $NPC_Cutscene2
Creating struct: $NPC_Cutscene3
Creating struct: $NPC_Cutscene4
Creating struct: $NPC_Cutscene5
Creating struct: $Script_MarioAnimation0
Creating struct: $Script_MarioAnimation1
Creating struct: $NPC_Cutscene6
Creating struct: $Script_WattLightnings
Creating struct: $NPC_Cutscene7
Creating struct: $NPC_Cutscene8
Creating struct: $VectorList_Path_Lakilester
Creating struct: $Function_LoadPath
Creating struct: $Script_SetNPC
Creating struct: $PartnerFunc1
Creating struct: $PartnerFunc2
Creating struct: $Explotion
Creating struct: $PartnerImage1
Creating struct: $PartnerImage2
Creating struct: $PartnerImage3
Creating struct: $PartnerImage4
Creating struct: $PartnerImage5
Creating struct: $PartnerImage6
Creating struct: $PartnerImage7
Creating struct: $PartnerImage8
Creating struct: $JoinedYourParty
Creating struct: $SetNPCtoPartner
Creating struct: $Header
Creating struct: $Function_Init
Creating struct: $Script_Main
Creating struct: $Script_MakeEntities
Creating struct: $Script_ReadSignExit
Creating struct: $Script_UseChest
Creating struct: $Script_OpenChest
Creating struct: $Script_GetItem
Creating struct: $Function_ActivateBadge
Creating struct: $CommingDownPipe
Creating struct: $PipeSpawning
Creating struct: $Script_MakeExits
Creating struct: $Script_Exit1
Creating struct: $Script_Exit0
Creating struct: $PipeAnimationX
Creating struct: $Function_802400F0
Creating struct: $Function_80240000
Creating struct: $NpcGroups
Creating struct: $NpcGroup_Partners
Creating struct: $NpcGroup_Rowf
Creating struct: $Rowf_Settings
Creating struct: $Script_AI_Rowf
Creating struct: $InitShopper
Creating struct: $GotItem
Creating struct: $NpcGroup_BlackRowf
Creating struct: $BRowf_Settings
Creating struct: $Init_BRowf
Creating struct: $GetItem_BRowf
Creating struct: $LoadCoins_BRowf
Creating struct: $EnableInputs
Merged 1 regions to 1
$BadgeList will be placed at 80240000 (length = 2040 bytes)
$BadgeListRogue will be placed at 80242040 (length = 143C bytes)
$GetBadge will be placed at 8024347C (length = F9C bytes)
$Script_LoadMap_Mover_Roguelike will be placed at 80244418 (length = F14 bytes)
$Script_ReadSign will be placed at 8024532C (length = EEC bytes)
$NPC_Cutscene5 will be placed at 80246218 (length = DAC bytes)
$Script_LoadMap_Roguelike will be placed at 80246FC4 (length = D9C bytes)
$NpcGroup_Partners will be placed at 80247D60 (length = D90 bytes)
$GoToNextLevel will be placed at 80248AF0 (length = D10 bytes)
$Script_MakeEntities will be placed at 80249800 (length = A48 bytes)
$GoToNextLevel_Roguelike will be placed at 8024A248 (length = 868 bytes)
$ShopperInteraction will be placed at 8024AAB0 (length = 50C bytes)
$NPC_Cutscene4 will be placed at 8024AFBC (length = 500 bytes)
$Script_UseChest will be placed at 8024B4BC (length = 4DC bytes)
$NPC_Cutscene2 will be placed at 8024B998 (length = 4DC bytes)
$LoadInventory7 will be placed at 8024BE74 (length = 474 bytes)
$LoadInventory6 will be placed at 8024C2E8 (length = 474 bytes)
$LoadInventory9 will be placed at 8024C75C (length = 474 bytes)
$LoadInventory8 will be placed at 8024CBD0 (length = 474 bytes)
$LoadInventory3 will be placed at 8024D044 (length = 474 bytes)
$LoadInventory2 will be placed at 8024D4B8 (length = 474 bytes)
$LoadInventory5 will be placed at 8024D92C (length = 474 bytes)
$LoadInventory4 will be placed at 8024DDA0 (length = 474 bytes)
$LoadInventory1 will be placed at 8024E214 (length = 474 bytes)
$NPC_Cutscene3 will be placed at 8024E688 (length = 448 bytes)
$NPC_Cutscene7 will be placed at 8024EAD0 (length = 430 bytes)
$Init_BRowf will be placed at 8024EF00 (length = 3A4 bytes)
$FallingDownPipe will be placed at 8024F2A4 (length = 37C bytes)
$PipeAnimationX will be placed at 8024F620 (length = 364 bytes)
$Script_SetSetsOfLevels will be placed at 8024F984 (length = 358 bytes)
$Script_SetNPC will be placed at 8024FCDC (length = 328 bytes)
$NPC_Cutscene1 will be placed at 80250004 (length = 320 bytes)
$NPC_Cutscene6 will be placed at 80250324 (length = 318 bytes)
$NPC_Cutscene8 will be placed at 8025063C (length = 29C bytes)
$Script_MarioAnimation0 will be placed at 802508D8 (length = 21C bytes)
$NpcGroup_BlackRowf will be placed at 80250AF4 (length = 1F0 bytes)
$NpcGroup_Rowf will be placed at 80250CE4 (length = 1F0 bytes)
$Script_PipeAnimation will be placed at 80250ED4 (length = 1D0 bytes)
$Script_Main will be placed at 802510A4 (length = 1D0 bytes)
$JoinedYourParty will be placed at 80251274 (length = 194 bytes)
$Script_LoadChestMap_Mover_Roguelike will be placed at 80251408 (length = 18C bytes)
$SetNPCtoPartner will be placed at 80251594 (length = 184 bytes)
$PipeSpawning will be placed at 80251718 (length = 178 bytes)
$Function_ActivateBadge will be placed at 80251890 (length = 178 bytes)
$Script_LoadChestMap_Roguelike will be placed at 80251A08 (length = 164 bytes)
$CoinChest will be placed at 80251B6C (length = 158 bytes)
$Init_NPC will be placed at 80251CC4 (length = 154 bytes)
$LoadChestFloor will be placed at 80251E18 (length = 154 bytes)
$MapTattle5 will be placed at 80251F6C (length = 13C bytes)
$MapTattle4 will be placed at 802520A8 (length = 130 bytes)
$Script_WattLightnings will be placed at 802521D8 (length = 124 bytes)
$Script_AI_Rowf will be placed at 802522FC (length = 114 bytes)
$Function_LoadPath will be placed at 80252410 (length = 114 bytes)
$Script_OpenChest will be placed at 80252524 (length = 108 bytes)
$BRowfTattle will be placed at 8025262C (length = F4 bytes)
$ShopperTattle will be placed at 80252720 (length = E8 bytes)
$Function_GetColliderPos will be placed at 80252808 (length = E0 bytes)
$Function_GetPos will be placed at 802528E8 (length = E0 bytes)
$Function_802400F0 will be placed at 802529C8 (length = E0 bytes)
$Script_TrackPlayer will be placed at 80252AA8 (length = DC bytes)
$MapTattle2 will be placed at 80252B84 (length = D4 bytes)
$ShopperBye1 will be placed at 80252C58 (length = C0 bytes)
$Explotion will be placed at 80252D18 (length = BC bytes)
$ShopperBye2 will be placed at 80252DD4 (length = BC bytes)
$Function_TrackInput will be placed at 80252E90 (length = BC bytes)
$ShopperWelcome will be placed at 80252F4C (length = B4 bytes)
$Script_MarioAnimation1 will be placed at 80253000 (length = B0 bytes)
$MapTattle3 will be placed at 802530B0 (length = B0 bytes)
$MapTattle1 will be placed at 80253160 (length = A8 bytes)
$CoinsString will be placed at 80253208 (length = 94 bytes)
$ShopperBuying will be placed at 8025329C (length = 94 bytes)
$Function_GetTattle1 will be placed at 80253330 (length = 8C bytes)
$LoadHighscores will be placed at 802533BC (length = 7C bytes)
$SignStringBug will be placed at 80253438 (length = 7C bytes)
$DeepestLevel will be placed at 802534B4 (length = 6C bytes)
$Function_SetAnimation will be placed at 80253520 (length = 6C bytes)
$Function2 will be placed at 8025358C (length = 6C bytes)
$GetFloorPit will be placed at 802535F8 (length = 68 bytes)
$AfterBuying will be placed at 80253660 (length = 68 bytes)
$GetFloorSign will be placed at 802536C8 (length = 64 bytes)
$Bye-BRowf will be placed at 8025372C (length = 5C bytes)
$Script_GetItem will be placed at 80253788 (length = 54 bytes)
$Init-BRowf will be placed at 802537DC (length = 50 bytes)
$Function_GetTattle2 will be placed at 8025382C (length = 48 bytes)
$ShopperInventory1-9 will be placed at 80253874 (length = 48 bytes)
$ShopperInventory1-8 will be placed at 802538BC (length = 48 bytes)
$ShopperInventory1-7 will be placed at 80253904 (length = 48 bytes)
$ShopperInventory1-6 will be placed at 8025394C (length = 48 bytes)
$ShopperInventory1-5 will be placed at 80253994 (length = 48 bytes)
$StrangeSackBadge will be placed at 802539DC (length = 48 bytes)
$ShopperInventory8-5 will be placed at 80253A24 (length = 48 bytes)
$ShopperInventory8-4 will be placed at 80253A6C (length = 48 bytes)
$ShopperInventory8-3 will be placed at 80253AB4 (length = 48 bytes)
$ShopperInventory8-2 will be placed at 80253AFC (length = 48 bytes)
$ShopperInventory8-1 will be placed at 80253B44 (length = 48 bytes)
$ShopperInventory8-9 will be placed at 80253B8C (length = 48 bytes)
$ShopperInventory8-8 will be placed at 80253BD4 (length = 48 bytes)
$ShopperInventory8-7 will be placed at 80253C1C (length = 48 bytes)
$ShopperInventory8-6 will be placed at 80253C64 (length = 48 bytes)
$ShopperInventory9-4 will be placed at 80253CAC (length = 48 bytes)
$ShopperInventory9-3 will be placed at 80253CF4 (length = 48 bytes)
$ShopperInventory9-2 will be placed at 80253D3C (length = 48 bytes)
$ShopperInventory9-1 will be placed at 80253D84 (length = 48 bytes)
$ShopperInventory9-9 will be placed at 80253DCC (length = 48 bytes)
$ShopperInventory9-8 will be placed at 80253E14 (length = 48 bytes)
$ShopperInventory9-7 will be placed at 80253E5C (length = 48 bytes)
$ShopperInventory9-6 will be placed at 80253EA4 (length = 48 bytes)
$ShopperInventory9-5 will be placed at 80253EEC (length = 48 bytes)
$CommingDownPipe will be placed at 80253F34 (length = 48 bytes)
$ShopperInventory6-7 will be placed at 80253F7C (length = 48 bytes)
$ShopperInventory6-6 will be placed at 80253FC4 (length = 48 bytes)
$ShopperInventory6-5 will be placed at 8025400C (length = 48 bytes)
$ShopperInventory6-4 will be placed at 80254054 (length = 48 bytes)
$ShopperInventory6-3 will be placed at 8025409C (length = 48 bytes)
$ShopperInventory6-2 will be placed at 802540E4 (length = 48 bytes)
$ShopperInventory6-1 will be placed at 8025412C (length = 48 bytes)
$ShopperInventory6-9 will be placed at 80254174 (length = 48 bytes)
$ShopperInventory6-8 will be placed at 802541BC (length = 48 bytes)
$ShopperInventory7-6 will be placed at 80254204 (length = 48 bytes)
$ShopperInventory7-5 will be placed at 8025424C (length = 48 bytes)
$ShopperInventory7-4 will be placed at 80254294 (length = 48 bytes)
$ShopperInventory7-3 will be placed at 802542DC (length = 48 bytes)
$ShopperInventory7-2 will be placed at 80254324 (length = 48 bytes)
$ShopperInventory7-1 will be placed at 8025436C (length = 48 bytes)
$ShopperInventory7-9 will be placed at 802543B4 (length = 48 bytes)
$ShopperInventory7-8 will be placed at 802543FC (length = 48 bytes)
$ShopperInventory7-7 will be placed at 80254444 (length = 48 bytes)
$ShopperInventory4-9 will be placed at 8025448C (length = 48 bytes)
$ShopperInventory4-8 will be placed at 802544D4 (length = 48 bytes)
$ShopperInventory4-7 will be placed at 8025451C (length = 48 bytes)
$ShopperInventory4-6 will be placed at 80254564 (length = 48 bytes)
$ShopperInventory4-5 will be placed at 802545AC (length = 48 bytes)
$ShopperInventory4-4 will be placed at 802545F4 (length = 48 bytes)
$ShopperInventory4-3 will be placed at 8025463C (length = 48 bytes)
$ShopperInventory4-2 will be placed at 80254684 (length = 48 bytes)
$ShopperInventory3-2 will be placed at 802546CC (length = 48 bytes)
$ShopperInventory3-1 will be placed at 80254714 (length = 48 bytes)
$ShopperInventory5-8 will be placed at 8025475C (length = 48 bytes)
$ShopperInventory5-7 will be placed at 802547A4 (length = 48 bytes)
$ShopperInventory5-6 will be placed at 802547EC (length = 48 bytes)
$ShopperInventory5-5 will be placed at 80254834 (length = 48 bytes)
$ShopperInventory5-4 will be placed at 8025487C (length = 48 bytes)
$ShopperInventory5-3 will be placed at 802548C4 (length = 48 bytes)
$ShopperInventory5-2 will be placed at 8025490C (length = 48 bytes)
$ShopperInventory5-1 will be placed at 80254954 (length = 48 bytes)
$ShopperInventory5-9 will be placed at 8025499C (length = 48 bytes)
$ShopperInventory4-1 will be placed at 802549E4 (length = 48 bytes)
$ShopperInventory2-9 will be placed at 80254A2C (length = 48 bytes)
$Script_ReadSignExit will be placed at 80254A74 (length = 48 bytes)
$ShopperInventory2-8 will be placed at 80254ABC (length = 48 bytes)
$ShopperInventory2-7 will be placed at 80254B04 (length = 48 bytes)
$ShopperInventory2-6 will be placed at 80254B4C (length = 48 bytes)
$ShopperInventory2-5 will be placed at 80254B94 (length = 48 bytes)
$ShopperInventory2-4 will be placed at 80254BDC (length = 48 bytes)
$ShopperInventory1-4 will be placed at 80254C24 (length = 48 bytes)
$ShopperInventory1-3 will be placed at 80254C6C (length = 48 bytes)
$ShopperInventory1-2 will be placed at 80254CB4 (length = 48 bytes)
$ShopperInventory1-1 will be placed at 80254CFC (length = 48 bytes)
$Script_Exit1 will be placed at 80254D44 (length = 48 bytes)
$Script_Exit0 will be placed at 80254D8C (length = 48 bytes)
$ShopperInventory3-9 will be placed at 80254DD4 (length = 48 bytes)
$ShopperInventory3-8 will be placed at 80254E1C (length = 48 bytes)
$ShopperInventory3-7 will be placed at 80254E64 (length = 48 bytes)
$Script_MakeExits will be placed at 80254EAC (length = 48 bytes)
$ShopperInventory3-6 will be placed at 80254EF4 (length = 48 bytes)
$ShopperInventory3-5 will be placed at 80254F3C (length = 48 bytes)
$ShopperInventory3-4 will be placed at 80254F84 (length = 48 bytes)
$ShopperInventory3-3 will be placed at 80254FCC (length = 48 bytes)
$ShopperInventory2-3 will be placed at 80255014 (length = 48 bytes)
$ShopperInventory2-2 will be placed at 8025505C (length = 48 bytes)
$ShopperInventory2-1 will be placed at 802550A4 (length = 48 bytes)
$NoInventory-BRowf will be placed at 802550EC (length = 44 bytes)
$GetFloorRowf will be placed at 80255130 (length = 44 bytes)
$Function_Init will be placed at 80255174 (length = 44 bytes)
$GetItem_BRowf will be placed at 802551B8 (length = 44 bytes)
$NoCoins will be placed at 802551FC (length = 44 bytes)
$ShopperCancel will be placed at 80255240 (length = 40 bytes)
$Header will be placed at 80255280 (length = 40 bytes)
$PartnerFunc2 will be placed at 802552C0 (length = 3C bytes)
$VectorList_Path_Lakilester will be placed at 802552FC (length = 3C bytes)
$TotalLevels will be placed at 80255338 (length = 38 bytes)
$PartnerFunc1 will be placed at 80255370 (length = 34 bytes)
$LoadCoins_BRowf will be placed at 802553A4 (length = 34 bytes)
$EntryList will be placed at 802553D8 (length = 30 bytes)
$GotItem will be placed at 80255408 (length = 30 bytes)
$NoMoney-BRowf will be placed at 80255438 (length = 30 bytes)
$InventoryAvailability will be placed at 80255468 (length = 2C bytes)
$EnableInputs will be placed at 80255494 (length = 2C bytes)
$LoadCoins will be placed at 802554C0 (length = 2C bytes)
$Rowf_Settings will be placed at 802554EC (length = 2C bytes)
$Partner_Settings will be placed at 80255518 (length = 2C bytes)
$BRowf_Settings will be placed at 80255544 (length = 28 bytes)
$Init2-BRowf will be placed at 8025556C (length = 24 bytes)
$NpcGroups will be placed at 80255590 (length = 24 bytes)
$InitShopper will be placed at 802555B4 (length = 24 bytes)
$Function_80240000 will be placed at 802555D8 (length = 20 bytes)
$SignStringExit will be placed at 802555F8 (length = 20 bytes)
$SignString100 will be placed at 80255618 (length = 18 bytes)
$SignString1 will be placed at 80255630 (length = 14 bytes)
$SignString59 will be placed at 80255644 (length = 14 bytes)
$SignString58 will be placed at 80255658 (length = 14 bytes)
$SignString57 will be placed at 8025566C (length = 14 bytes)
$SignString56 will be placed at 80255680 (length = 14 bytes)
$SignString55 will be placed at 80255694 (length = 14 bytes)
$SignString54 will be placed at 802556A8 (length = 14 bytes)
$SignString53 will be placed at 802556BC (length = 14 bytes)
$SignString52 will be placed at 802556D0 (length = 14 bytes)
$SignString51 will be placed at 802556E4 (length = 14 bytes)
$SignString50 will be placed at 802556F8 (length = 14 bytes)
$SignString69 will be placed at 8025570C (length = 14 bytes)
$SignString68 will be placed at 80255720 (length = 14 bytes)
$SignString67 will be placed at 80255734 (length = 14 bytes)
$SignString66 will be placed at 80255748 (length = 14 bytes)
$SignString65 will be placed at 8025575C (length = 14 bytes)
$SignString64 will be placed at 80255770 (length = 14 bytes)
$SignString63 will be placed at 80255784 (length = 14 bytes)
$SignString62 will be placed at 80255798 (length = 14 bytes)
$SignString61 will be placed at 802557AC (length = 14 bytes)
$SignString60 will be placed at 802557C0 (length = 14 bytes)
$SignString79 will be placed at 802557D4 (length = 14 bytes)
$SignString78 will be placed at 802557E8 (length = 14 bytes)
$SignString77 will be placed at 802557FC (length = 14 bytes)
$SignString76 will be placed at 80255810 (length = 14 bytes)
$SignString75 will be placed at 80255824 (length = 14 bytes)
$SignString74 will be placed at 80255838 (length = 14 bytes)
$SignString73 will be placed at 8025584C (length = 14 bytes)
$SignString72 will be placed at 80255860 (length = 14 bytes)
$SignString71 will be placed at 80255874 (length = 14 bytes)
$SignString70 will be placed at 80255888 (length = 14 bytes)
$SignString89 will be placed at 8025589C (length = 14 bytes)
$SignString88 will be placed at 802558B0 (length = 14 bytes)
$SignString87 will be placed at 802558C4 (length = 14 bytes)
$SignString86 will be placed at 802558D8 (length = 14 bytes)
$SignString85 will be placed at 802558EC (length = 14 bytes)
$SignString84 will be placed at 80255900 (length = 14 bytes)
$SignString83 will be placed at 80255914 (length = 14 bytes)
$SignString82 will be placed at 80255928 (length = 14 bytes)
$SignString81 will be placed at 8025593C (length = 14 bytes)
$SignString80 will be placed at 80255950 (length = 14 bytes)
$SignString19 will be placed at 80255964 (length = 14 bytes)
$SignString18 will be placed at 80255978 (length = 14 bytes)
$SignString17 will be placed at 8025598C (length = 14 bytes)
$SignString16 will be placed at 802559A0 (length = 14 bytes)
$SignString15 will be placed at 802559B4 (length = 14 bytes)
$SignString14 will be placed at 802559C8 (length = 14 bytes)
$SignString13 will be placed at 802559DC (length = 14 bytes)
$SignString12 will be placed at 802559F0 (length = 14 bytes)
$SignString11 will be placed at 80255A04 (length = 14 bytes)
$SignString10 will be placed at 80255A18 (length = 14 bytes)
$SignString3 will be placed at 80255A2C (length = 14 bytes)
$SignString2 will be placed at 80255A40 (length = 14 bytes)
$SignString5 will be placed at 80255A54 (length = 14 bytes)
$SignString4 will be placed at 80255A68 (length = 14 bytes)
$SignString7 will be placed at 80255A7C (length = 14 bytes)
$SignString6 will be placed at 80255A90 (length = 14 bytes)
$SignString9 will be placed at 80255AA4 (length = 14 bytes)
$SignString8 will be placed at 80255AB8 (length = 14 bytes)
$SignString29 will be placed at 80255ACC (length = 14 bytes)
$SignString28 will be placed at 80255AE0 (length = 14 bytes)
$SignString27 will be placed at 80255AF4 (length = 14 bytes)
$SignString26 will be placed at 80255B08 (length = 14 bytes)
$SignString25 will be placed at 80255B1C (length = 14 bytes)
$SignString24 will be placed at 80255B30 (length = 14 bytes)
$SignString23 will be placed at 80255B44 (length = 14 bytes)
$SignString22 will be placed at 80255B58 (length = 14 bytes)
$SignString21 will be placed at 80255B6C (length = 14 bytes)
$SignString20 will be placed at 80255B80 (length = 14 bytes)
$SignString will be placed at 80255B94 (length = 14 bytes)
$SignString39 will be placed at 80255BA8 (length = 14 bytes)
$SignString38 will be placed at 80255BBC (length = 14 bytes)
$SignString37 will be placed at 80255BD0 (length = 14 bytes)
$SignString36 will be placed at 80255BE4 (length = 14 bytes)
$SignString35 will be placed at 80255BF8 (length = 14 bytes)
$SignString34 will be placed at 80255C0C (length = 14 bytes)
$SignString33 will be placed at 80255C20 (length = 14 bytes)
$SignString32 will be placed at 80255C34 (length = 14 bytes)
$SignString31 will be placed at 80255C48 (length = 14 bytes)
$SignString30 will be placed at 80255C5C (length = 14 bytes)
$SignString49 will be placed at 80255C70 (length = 14 bytes)
$SignString48 will be placed at 80255C84 (length = 14 bytes)
$SignString47 will be placed at 80255C98 (length = 14 bytes)
$SignString46 will be placed at 80255CAC (length = 14 bytes)
$SignString45 will be placed at 80255CC0 (length = 14 bytes)
$SignString44 will be placed at 80255CD4 (length = 14 bytes)
$SignString43 will be placed at 80255CE8 (length = 14 bytes)
$SignString42 will be placed at 80255CFC (length = 14 bytes)
$SignString41 will be placed at 80255D10 (length = 14 bytes)
$SignString40 will be placed at 80255D24 (length = 14 bytes)
$SignString99 will be placed at 80255D38 (length = 14 bytes)
$SignString98 will be placed at 80255D4C (length = 14 bytes)
$SignString97 will be placed at 80255D60 (length = 14 bytes)
$SignString96 will be placed at 80255D74 (length = 14 bytes)
$SignString95 will be placed at 80255D88 (length = 14 bytes)
$SignString94 will be placed at 80255D9C (length = 14 bytes)
$SignString93 will be placed at 80255DB0 (length = 14 bytes)
$SignString92 will be placed at 80255DC4 (length = 14 bytes)
$SignString91 will be placed at 80255DD8 (length = 14 bytes)
$SignString90 will be placed at 80255DEC (length = 14 bytes)
$ShopperAccepted will be placed at 80255E00 (length = 14 bytes)
$PartnerImage4 will be placed at 80255E14 (length = 10 bytes)
$PartnerImage5 will be placed at 80255E24 (length = 10 bytes)
$PartnerImage2 will be placed at 80255E34 (length = 10 bytes)
$PartnerImage8 will be placed at 80255E44 (length = 10 bytes)
$ASCII_pit_02_Literal will be placed at 80255E54 (length = C bytes)
$ASCII_pit_34_Literal will be placed at 80255E60 (length = C bytes)
$ASCII_pit_66_Literal will be placed at 80255E6C (length = C bytes)
$ASCII_pit_98_Literal will be placed at 80255E78 (length = C bytes)
$ASCII_pit_19_Literal will be placed at 80255E84 (length = C bytes)
$ASCII_pit_69_Literal will be placed at 80255E90 (length = C bytes)
$ASCII_pit_81_Literal will be placed at 80255E9C (length = C bytes)
$ASCII_pit_63_Literal will be placed at 80255EA8 (length = C bytes)
$ASCII_pit_95_Literal will be placed at 80255EB4 (length = C bytes)
$ASCII_pit_16_Literal will be placed at 80255EC0 (length = C bytes)
$ASCII_pit_37_Literal will be placed at 80255ECC (length = C bytes)
$ASCII_pit_05_Literal will be placed at 80255ED8 (length = C bytes)
$ASCII_pit_08_Literal will be placed at 80255EE4 (length = C bytes)
$ASCII_pit_87_Literal will be placed at 80255EF0 (length = C bytes)
$ASCII_pit_13_Literal will be placed at 80255EFC (length = C bytes)
$ASCII_pit_92_Literal will be placed at 80255F08 (length = C bytes)
$ASCII_pit_77_Literal will be placed at 80255F14 (length = C bytes)
$ASCII_pit_26_Literal will be placed at 80255F20 (length = C bytes)
$ASCII_pit_41_Literal will be placed at 80255F2C (length = C bytes)
$ASCII_pit_74_Literal will be placed at 80255F38 (length = C bytes)
$ASCII_pit_60_Literal will be placed at 80255F44 (length = C bytes)
$ASCII_pit_59_Literal will be placed at 80255F50 (length = C bytes)
$ASCII_pit_20_Literal will be placed at 80255F5C (length = C bytes)
$ASCII_pit_23_Literal will be placed at 80255F68 (length = C bytes)
$ASCII_pit_56_Literal will be placed at 80255F74 (length = C bytes)
$ASCII_pit_44_Literal will be placed at 80255F80 (length = C bytes)
$ASCII_pit_94_Literal will be placed at 80255F8C (length = C bytes)
$ASCII_pit_21_Literal will be placed at 80255F98 (length = C bytes)
$ASCII_pit_53_Literal will be placed at 80255FA4 (length = C bytes)
$ASCII_pit_09_Literal will be placed at 80255FB0 (length = C bytes)
$ASCII_pit_88_Literal will be placed at 80255FBC (length = C bytes)
$ASCII_pit_38_Literal will be placed at 80255FC8 (length = C bytes)
$ASCII_pit_76_Literal will be placed at 80255FD4 (length = C bytes)
$ASCII_pit_33_Literal will be placed at 80255FE0 (length = C bytes)
$ASCII_pit_99_Literal will be placed at 80255FEC (length = C bytes)
$ASCII_pit_71_Literal will be placed at 80255FF8 (length = C bytes)
$ASCII_pit_58_Literal will be placed at 80256004 (length = C bytes)
$ASCII_pit_64_Literal will be placed at 80256010 (length = C bytes)
$ASCII_pit_10_Literal will be placed at 8025601C (length = C bytes)
$ASCII_pit_45_Literal will be placed at 80256028 (length = C bytes)
$ASCII_pit_03_Literal will be placed at 80256034 (length = C bytes)
$ASCII_pit_82_Literal will be placed at 80256040 (length = C bytes)
$ASCII_pit_52_Literal will be placed at 8025604C (length = C bytes)
$ASCII_pit_70_Literal will be placed at 80256058 (length = C bytes)
$ASCII_pit_40_Literal will be placed at 80256064 (length = C bytes)
$ASCII_pit_39_Literal will be placed at 80256070 (length = C bytes)
$ASCII_pit_15_Literal will be placed at 8025607C (length = C bytes)
$ASCII_pit_27_Literal will be placed at 80256088 (length = C bytes)
$ASCII_pit_90_Literal will be placed at 80256094 (length = C bytes)
$ASCII_pit_57_Literal will be placed at 802560A0 (length = C bytes)
$ASCII_pit_72_Literal will be placed at 802560AC (length = C bytes)
$ASCII_pit_43_Literal will be placed at 802560B8 (length = C bytes)
$ASCII_pit_28_Literal will be placed at 802560C4 (length = C bytes)
$ASCII_pit_78_Literal will be placed at 802560D0 (length = C bytes)
$ASCII_pit_46_Literal will be placed at 802560DC (length = C bytes)
$ASCII_pit_22_Literal will be placed at 802560E8 (length = C bytes)
$ASCII_pit_25_Literal will be placed at 802560F4 (length = C bytes)
$ASCII_pit_54_Literal will be placed at 80256100 (length = C bytes)
$ASCII_pit_75_Literal will be placed at 8025610C (length = C bytes)
$ASCII_pit_32_Literal will be placed at 80256118 (length = C bytes)
$ASCII_pit_17_Literal will be placed at 80256124 (length = C bytes)
$ASCII_pit_49_Literal will be placed at 80256130 (length = C bytes)
$ASCII_pit_96_Literal will be placed at 8025613C (length = C bytes)
$ASCII_pit_68_Literal will be placed at 80256148 (length = C bytes)
$ASCII_pit_51_Literal will be placed at 80256154 (length = C bytes)
$ASCII_pit_04_Literal will be placed at 80256160 (length = C bytes)
$ASCII_pit_83_Literal will be placed at 8025616C (length = C bytes)
$ASCII_pit_86_Literal will be placed at 80256178 (length = C bytes)
$ASCII_pit_14_Literal will be placed at 80256184 (length = C bytes)
$ASCII_pit_93_Literal will be placed at 80256190 (length = C bytes)
$ASCII_pit_65_Literal will be placed at 8025619C (length = C bytes)
$ASCII_pit_07_Literal will be placed at 802561A8 (length = C bytes)
$ASCII_pit_35_Literal will be placed at 802561B4 (length = C bytes)
$ASCII_pit_11_Literal will be placed at 802561C0 (length = C bytes)
$ASCII_pit_89_Literal will be placed at 802561CC (length = C bytes)
$ASCII_pit_79_Literal will be placed at 802561D8 (length = C bytes)
$ASCII_pit_62_Literal will be placed at 802561E4 (length = C bytes)
$Init3-BRowf will be placed at 802561F0 (length = C bytes)
$ASCII_pit_47_Literal will be placed at 802561FC (length = C bytes)
$ASCII_pit_06_Literal will be placed at 80256208 (length = C bytes)
$ASCII_pit_24_Literal will be placed at 80256214 (length = C bytes)
$ASCII_pit_12_Literal will be placed at 80256220 (length = C bytes)
$ASCII_pit_01_Literal will be placed at 8025622C (length = C bytes)
$PartnerImage3 will be placed at 80256238 (length = C bytes)
$PartnerImage6 will be placed at 80256244 (length = C bytes)
$ASCII_pit_50_Literal will be placed at 80256250 (length = C bytes)
$PartnerImage1 will be placed at 8025625C (length = C bytes)
$ASCII_pit_67_Literal will be placed at 80256268 (length = C bytes)
$ASCII_pit_42_Literal will be placed at 80256274 (length = C bytes)
$PartnerImage7 will be placed at 80256280 (length = C bytes)
$ASCII_pit_80_Literal will be placed at 8025628C (length = C bytes)
$ASCII_pit_29_Literal will be placed at 80256298 (length = C bytes)
$ASCII_pit_30_Literal will be placed at 802562A4 (length = C bytes)
$ASCII_pit_00_Literal will be placed at 802562B0 (length = C bytes)
$ASCII_pit_36_Literal will be placed at 802562BC (length = C bytes)
$ASCII_pit_55_Literal will be placed at 802562C8 (length = C bytes)
$ASCII_pit_18_Literal will be placed at 802562D4 (length = C bytes)
$ASCII_pit_48_Literal will be placed at 802562E0 (length = C bytes)
$ASCII_pit_31_Literal will be placed at 802562EC (length = C bytes)
$ASCII_pit_91_Literal will be placed at 802562F8 (length = C bytes)
$ASCII_pit_97_Literal will be placed at 80256304 (length = C bytes)
$ASCII_pit_85_Literal will be placed at 80256310 (length = C bytes)
$ASCII_pit_73_Literal will be placed at 8025631C (length = C bytes)
$ASCII_pit_61_Literal will be placed at 80256328 (length = C bytes)
$ASCII_pit_100_Literal will be placed at 80256334 (length = 8 bytes)
$ASCII_pit_842_Literal will be placed at 8025633C (length = 8 bytes)
$ASCII_tik_tex_Literal will be placed at 80256344 (length = 8 bytes)
$No-BRowf will be placed at 8025634C (length = 4 bytes)
Executing patch: pit_71.mpat
Loaded map pit_71
Creating struct: $EntryList
Creating struct: $DeepestLevel
Creating struct: $TotalLevels
Creating struct: $LoadHighscores
Creating struct: $FallingDownPipe
Creating struct: $Function_GetPos
Creating struct: $Function2
Creating struct: $SetSpawns
Creating struct: $Script_SetNPCPos
Creating struct: $SwitchPath
Creating struct: $VectorList_80244998
Creating struct: $GetPos
Creating struct: $Function_GetDamageTaken
Creating struct: $Function_ResetDamage
Creating struct: $DispawnParthner
Creating struct: $RespawnParthner
Creating struct: $LoadMap
Creating struct: $Script_LoadMapMover_Roguelike
Creating struct: $GetFloor
Creating struct: $LoadCoinsMover
Creating struct: $LoadMapBandit
Creating struct: $GetFloorBandit
Creating struct: $SetSpawnsSpecial
Creating struct: $Function_LoadCoinsInToVar1
Creating struct: $Script_SetSpawnPosition
Creating struct: $Script_Init_80243B20
Creating struct: $Script_80243A6C
Creating struct: $Script_AddCoins
Creating struct: $Script_SubstractCoins
Creating struct: $NPC_Settings_Sack
Creating struct: $Script_Init_Bag
Creating struct: $Script_Init_Bag_HitBox
Creating struct: $Script_NPC_SackHit_Init
Creating struct: $Script_NPC_Sack_FX
Creating struct: $NPC_Sack_AnimationStart
Creating struct: $NPC_Sack_AnimationEnd
Creating struct: $Script_SackAnimation_Start_GoToTheRight
Creating struct: $Script_SackAnimation_Start_GoToTheLeft
Creating struct: $Script_SackAnimation_End_Right
Creating struct: $Script_SackAnimation_End_Left
Creating struct: $Function_LoadGainedCoins
Creating struct: $Function_RevivePlayer
Creating struct: $AISettings_MoneySack
Creating struct: $Script_NpcAI_MoneySack
Creating struct: $JumpTable_80242448
Creating struct: $Function_NpcAI_MoneySack
Creating struct: $Function_80240260
Creating struct: $Function_80240844
Creating struct: $Function_802409A8
Creating struct: $Script_TrackPlayer
Creating struct: $Script_PipeAnimation
Creating struct: $Function_SetAnimation
Creating struct: $Function_GetColliderPos
Creating struct: $Function_TrackInput
Creating struct: $GoToNextLevel
Creating struct: $GoToNextLevel_Roguelike
Creating struct: $Script_SetSetsOfLevels
Creating struct: $Script_LoadMap_Roguelike
Creating struct: $Script_LoadChestMap_Roguelike
Creating struct: $Script_LoadMap_Mover_Roguelike
Creating struct: $Script_LoadChestMap_Mover_Roguelike
Creating struct: $GetFloorPit
Creating struct: $GetFloorSign
Creating struct: $Function_GetTattle1
Creating struct: $Function_GetTattle2
Creating struct: $Script_ReadSign
Creating struct: $Header
Creating struct: $Function_Init
Creating struct: $Script_Main
Creating struct: $NpcGroup1
Creating struct: $NpcGroup2
Creating struct: $NpcGroup3
Creating struct: $NpcGroup4
Creating struct: $NpcGroup5
Creating struct: $NpcGroup6
Creating struct: $NpcGroup7
Creating struct: $NpcGroups
Creating struct: $NpcGroup_Mover
Creating struct: $BlankSettings
Creating struct: $Script_Init_Mover
Creating struct: $Interact_Mover
Creating struct: $Script_MoverWarpAnimation
Creating struct: $NpcGroup_BanditMover
Creating struct: $Script_Init_BanditMover
Creating struct: $Interact_BanditMover
Creating struct: $ExtraAnimationList_802418AC
Creating struct: $ExtraAnimationList_802418D4
Creating struct: $NpcGroup_Enemy1
Creating struct: $NpcGroup_Enemy2
Creating struct: $NpcGroup_Enemy3
Creating struct: $NpcGroup_Enemy4
Creating struct: $NpcGroup_Enemy5
Creating struct: $NpcGroup_Enemy6
Creating struct: $NpcSettings_Enemy1
Creating struct: $NpcSettings_Enemy1B
Creating struct: $Script_EnemyAI
Creating struct: $Script_EnemyBAI
Creating struct: $AISettings_Enemy
Creating struct: $Function_8024130C
Creating struct: $ConstDouble_80242510
Creating struct: $JumpTable_80242518
Creating struct: $Function_8024156C
Creating struct: $Function_80241158
Creating struct: $Function_80240F50
Creating struct: $Function_80240FBC
Creating struct: $Function_8024102C
Creating struct: $Function_80241104
Creating struct: $Script_DisableEnemyAI
Creating struct: $AISettings_DisableEnemy
Creating struct: $PipeSpawning
Creating struct: $Script_MakeEntities
Creating struct: $CommingDownPipe
Creating struct: $Script_MakeExits
Creating struct: $Script_Exit0
Merged 1 regions to 1
$Script_LoadMap_Mover_Roguelike will be placed at 80240000 (length = F14 bytes)
$LoadMap will be placed at 80240F14 (length = EF4 bytes)
$Script_ReadSign will be placed at 80241E08 (length = EEC bytes)
$LoadMapBandit will be placed at 80242CF4 (length = EA4 bytes)
$Script_LoadMap_Roguelike will be placed at 80243B98 (length = D9C bytes)
$GoToNextLevel will be placed at 80244934 (length = D10 bytes)
$GoToNextLevel_Roguelike will be placed at 80245644 (length = 868 bytes)
$SetSpawnsSpecial will be placed at 80245EAC (length = 608 bytes)
$Function_80240260 will be placed at 802464B4 (length = 5E4 bytes)
$NpcGroup_Enemy3 will be placed at 80246A98 (length = 3E0 bytes)
$NpcGroup_Enemy4 will be placed at 80246E78 (length = 3E0 bytes)
$NpcGroup_Enemy5 will be placed at 80247258 (length = 3E0 bytes)
$NpcGroup_Enemy6 will be placed at 80247638 (length = 3E0 bytes)
$NpcGroup_Enemy1 will be placed at 80247A18 (length = 3E0 bytes)
$NpcGroup_Enemy2 will be placed at 80247DF8 (length = 3E0 bytes)
$SetSpawns will be placed at 802481D8 (length = 384 bytes)
$FallingDownPipe will be placed at 8024855C (length = 37C bytes)
$Script_SetSetsOfLevels will be placed at 802488D8 (length = 358 bytes)
$Script_SetNPCPos will be placed at 80248C30 (length = 2F4 bytes)
$Function_8024156C will be placed at 80248F24 (length = 2B4 bytes)
$Function_8024130C will be placed at 802491D8 (length = 260 bytes)
$Script_Main will be placed at 80249438 (length = 254 bytes)
$Function_NpcAI_MoneySack will be placed at 8024968C (length = 238 bytes)
$Script_SetSpawnPosition will be placed at 802498C4 (length = 234 bytes)
$Script_SackAnimation_Start_GoToTheRight will be placed at 80249AF8 (length = 230 bytes)
$Script_SackAnimation_Start_GoToTheLeft will be placed at 80249D28 (length = 1F8 bytes)
$Interact_Mover will be placed at 80249F20 (length = 1F8 bytes)
$NpcGroup_Mover will be placed at 8024A118 (length = 1F0 bytes)
$NpcGroup_BanditMover will be placed at 8024A308 (length = 1F0 bytes)
$Interact_BanditMover will be placed at 8024A4F8 (length = 1EC bytes)
$Script_PipeAnimation will be placed at 8024A6E4 (length = 1D0 bytes)
$Function_80241158 will be placed at 8024A8B4 (length = 1AC bytes)
$JumpTable_80242448 will be placed at 8024AA60 (length = 190 bytes)
$JumpTable_80242518 will be placed at 8024ABF0 (length = 190 bytes)
$Script_LoadChestMap_Mover_Roguelike will be placed at 8024AD80 (length = 18C bytes)
$PipeSpawning will be placed at 8024AF0C (length = 178 bytes)
$NPC_Sack_AnimationStart will be placed at 8024B084 (length = 168 bytes)
$Function_80240844 will be placed at 8024B1EC (length = 164 bytes)
$Script_LoadChestMap_Roguelike will be placed at 8024B350 (length = 164 bytes)
$Script_NPC_SackHit_Init will be placed at 8024B4B4 (length = 160 bytes)
$Script_SackAnimation_End_Right will be placed at 8024B614 (length = 158 bytes)
$Script_SackAnimation_End_Left will be placed at 8024B76C (length = 150 bytes)
$MapTattle5 will be placed at 8024B8BC (length = 13C bytes)
$MapTattle4 will be placed at 8024B9F8 (length = 130 bytes)
$GetFloor will be placed at 8024BB28 (length = 12C bytes)
$BanditMover_Tattle will be placed at 8024BC54 (length = 124 bytes)
$Script_80243A6C will be placed at 8024BD78 (length = 114 bytes)
$Script_SubstractCoins will be placed at 8024BE8C (length = 10C bytes)
$Script_LoadMapMover_Roguelike will be placed at 8024BF98 (length = 104 bytes)
$GetFloorBandit will be placed at 8024C09C (length = F4 bytes)
$Script_MoverWarpAnimation will be placed at 8024C190 (length = F0 bytes)
$Function_GetColliderPos will be placed at 8024C280 (length = E0 bytes)
$Function_GetPos will be placed at 8024C360 (length = E0 bytes)
$Script_TrackPlayer will be placed at 8024C440 (length = DC bytes)
$Function_8024102C will be placed at 8024C51C (length = D8 bytes)
$MapTattle2 will be placed at 8024C5F4 (length = D4 bytes)
$Function_TrackInput will be placed at 8024C6C8 (length = BC bytes)
$MapTattle3 will be placed at 8024C784 (length = B0 bytes)
$Script_EnemyBAI will be placed at 8024C834 (length = A8 bytes)
$Script_MakeEntities will be placed at 8024C8DC (length = A8 bytes)
$MapTattle1 will be placed at 8024C984 (length = A8 bytes)
$Script_NpcAI_MoneySack will be placed at 8024CA2C (length = A8 bytes)
$MoverStart will be placed at 8024CAD4 (length = A4 bytes)
$SwitchPath will be placed at 8024CB78 (length = A4 bytes)
$Script_NPC_Sack_FX will be placed at 8024CC1C (length = A4 bytes)
$GetPos will be placed at 8024CCC0 (length = 9C bytes)
$Script_AddCoins will be placed at 8024CD5C (length = 98 bytes)
$BanditMoverStart will be placed at 8024CDF4 (length = 98 bytes)
$Mover_Tattle will be placed at 8024CE8C (length = 94 bytes)
$Function_GetTattle1 will be placed at 8024CF20 (length = 8C bytes)
$NPC_Sack_AnimationEnd will be placed at 8024CFAC (length = 84 bytes)
$BanditMover_Options will be placed at 8024D030 (length = 80 bytes)
$SignStringBug will be placed at 8024D0B0 (length = 7C bytes)
$LoadHighscores will be placed at 8024D12C (length = 7C bytes)
$Mover_Options will be placed at 8024D1A8 (length = 78 bytes)
$Function_80240FBC will be placed at 8024D220 (length = 70 bytes)
$Script_EnemyAI will be placed at 8024D290 (length = 70 bytes)
$NpcGroups will be placed at 8024D300 (length = 6C bytes)
$DeepestLevel will be placed at 8024D36C (length = 6C bytes)
$Function2 will be placed at 8024D3D8 (length = 6C bytes)
$Function_80240F50 will be placed at 8024D444 (length = 6C bytes)
$LoadCoinsMover will be placed at 8024D4B0 (length = 6C bytes)
$Function_SetAnimation will be placed at 8024D51C (length = 6C bytes)
$GetFloorPit will be placed at 8024D588 (length = 68 bytes)
$MoverEnd will be placed at 8024D5F0 (length = 68 bytes)
$BanditMoverEnd will be placed at 8024D658 (length = 68 bytes)
$GetFloorSign will be placed at 8024D6C0 (length = 64 bytes)
$BanditMoverNoCoins will be placed at 8024D724 (length = 58 bytes)
$MoverNoCoins will be placed at 8024D77C (length = 58 bytes)
$Function_80241104 will be placed at 8024D7D4 (length = 54 bytes)
$Function_GetTattle2 will be placed at 8024D828 (length = 48 bytes)
$CommingDownPipe will be placed at 8024D870 (length = 48 bytes)
$Script_Exit0 will be placed at 8024D8B8 (length = 48 bytes)
$Function_LoadCoinsInToVar1 will be placed at 8024D900 (length = 48 bytes)
$Function_LoadGainedCoins will be placed at 8024D948 (length = 48 bytes)
$Function_Init will be placed at 8024D990 (length = 44 bytes)
$Function_802409A8 will be placed at 8024D9D4 (length = 44 bytes)
$Header will be placed at 8024DA18 (length = 40 bytes)
$Script_Init_Bag will be placed at 8024DA58 (length = 38 bytes)
$TotalLevels will be placed at 8024DA90 (length = 38 bytes)
$Script_Init_Bag_HitBox will be placed at 8024DAC8 (length = 38 bytes)
$DispawnParthner will be placed at 8024DB00 (length = 34 bytes)
$Function_ResetDamage will be placed at 8024DB34 (length = 34 bytes)
$AISettings_MoneySack will be placed at 8024DB68 (length = 30 bytes)
$AISettings_Enemy will be placed at 8024DB98 (length = 30 bytes)
$AISettings_DisableEnemy will be placed at 8024DBC8 (length = 30 bytes)
$RespawnParthner will be placed at 8024DBF8 (length = 30 bytes)
$NPC_Settings_Sack will be placed at 8024DC28 (length = 2C bytes)
$Function_GetDamageTaken will be placed at 8024DC54 (length = 2C bytes)
$NpcSettings_Enemy1 will be placed at 8024DC80 (length = 2C bytes)
$Function_RevivePlayer will be placed at 8024DCAC (length = 2C bytes)
$String_CoinsGained will be placed at 8024DCD8 (length = 2C bytes)
$BlankSettings will be placed at 8024DD04 (length = 2C bytes)
$NpcSettings_Enemy1B will be placed at 8024DD30 (length = 2C bytes)
$Script_MakeExits will be placed at 8024DD5C (length = 2C bytes)
$ExtraAnimationList_802418AC will be placed at 8024DD88 (length = 28 bytes)
$NpcGroup7 will be placed at 8024DDB0 (length = 24 bytes)
$VectorList_80244998 will be placed at 8024DDD4 (length = 24 bytes)
$Script_Init_80243B20 will be placed at 8024DDF8 (length = 24 bytes)
$Script_Init_Mover will be placed at 8024DE1C (length = 24 bytes)
$Script_Init_BanditMover will be placed at 8024DE40 (length = 24 bytes)
$Script_DisableEnemyAI will be placed at 8024DE64 (length = 20 bytes)
$EntryList will be placed at 8024DE84 (length = 20 bytes)
$NpcGroup6 will be placed at 8024DEA4 (length = 18 bytes)
$NpcGroup3 will be placed at 8024DEBC (length = 18 bytes)
$NpcGroup2 will be placed at 8024DED4 (length = 18 bytes)
$NpcGroup5 will be placed at 8024DEEC (length = 18 bytes)
$NpcGroup4 will be placed at 8024DF04 (length = 18 bytes)
$NpcGroup1 will be placed at 8024DF1C (length = 18 bytes)
$SignString100 will be placed at 8024DF34 (length = 18 bytes)
$SignString1 will be placed at 8024DF4C (length = 14 bytes)
$SignString99 will be placed at 8024DF60 (length = 14 bytes)
$SignString98 will be placed at 8024DF74 (length = 14 bytes)
$SignString97 will be placed at 8024DF88 (length = 14 bytes)
$SignString96 will be placed at 8024DF9C (length = 14 bytes)
$SignString95 will be placed at 8024DFB0 (length = 14 bytes)
$SignString94 will be placed at 8024DFC4 (length = 14 bytes)
$SignString93 will be placed at 8024DFD8 (length = 14 bytes)
$SignString92 will be placed at 8024DFEC (length = 14 bytes)
$SignString91 will be placed at 8024E000 (length = 14 bytes)
$SignString90 will be placed at 8024E014 (length = 14 bytes)
$SignString59 will be placed at 8024E028 (length = 14 bytes)
$SignString58 will be placed at 8024E03C (length = 14 bytes)
$SignString57 will be placed at 8024E050 (length = 14 bytes)
$SignString56 will be placed at 8024E064 (length = 14 bytes)
$SignString55 will be placed at 8024E078 (length = 14 bytes)
$SignString54 will be placed at 8024E08C (length = 14 bytes)
$SignString53 will be placed at 8024E0A0 (length = 14 bytes)
$SignString52 will be placed at 8024E0B4 (length = 14 bytes)
$SignString51 will be placed at 8024E0C8 (length = 14 bytes)
$SignString50 will be placed at 8024E0DC (length = 14 bytes)
$SignString69 will be placed at 8024E0F0 (length = 14 bytes)
$SignString68 will be placed at 8024E104 (length = 14 bytes)
$SignString67 will be placed at 8024E118 (length = 14 bytes)
$SignString66 will be placed at 8024E12C (length = 14 bytes)
$SignString65 will be placed at 8024E140 (length = 14 bytes)
$SignString64 will be placed at 8024E154 (length = 14 bytes)
$SignString63 will be placed at 8024E168 (length = 14 bytes)
$SignString62 will be placed at 8024E17C (length = 14 bytes)
$SignString61 will be placed at 8024E190 (length = 14 bytes)
$SignString60 will be placed at 8024E1A4 (length = 14 bytes)
$SignString79 will be placed at 8024E1B8 (length = 14 bytes)
$SignString78 will be placed at 8024E1CC (length = 14 bytes)
$SignString77 will be placed at 8024E1E0 (length = 14 bytes)
$SignString76 will be placed at 8024E1F4 (length = 14 bytes)
$SignString75 will be placed at 8024E208 (length = 14 bytes)
$SignString74 will be placed at 8024E21C (length = 14 bytes)
$SignString73 will be placed at 8024E230 (length = 14 bytes)
$SignString72 will be placed at 8024E244 (length = 14 bytes)
$SignString71 will be placed at 8024E258 (length = 14 bytes)
$SignString70 will be placed at 8024E26C (length = 14 bytes)
$SignString89 will be placed at 8024E280 (length = 14 bytes)
$SignString88 will be placed at 8024E294 (length = 14 bytes)
$SignString87 will be placed at 8024E2A8 (length = 14 bytes)
$SignString86 will be placed at 8024E2BC (length = 14 bytes)
$SignString85 will be placed at 8024E2D0 (length = 14 bytes)
$SignString84 will be placed at 8024E2E4 (length = 14 bytes)
$SignString83 will be placed at 8024E2F8 (length = 14 bytes)
$SignString82 will be placed at 8024E30C (length = 14 bytes)
$SignString81 will be placed at 8024E320 (length = 14 bytes)
$SignString80 will be placed at 8024E334 (length = 14 bytes)
$SignString19 will be placed at 8024E348 (length = 14 bytes)
$SignString18 will be placed at 8024E35C (length = 14 bytes)
$SignString17 will be placed at 8024E370 (length = 14 bytes)
$SignString16 will be placed at 8024E384 (length = 14 bytes)
$SignString15 will be placed at 8024E398 (length = 14 bytes)
$SignString14 will be placed at 8024E3AC (length = 14 bytes)
$SignString13 will be placed at 8024E3C0 (length = 14 bytes)
$SignString12 will be placed at 8024E3D4 (length = 14 bytes)
$SignString11 will be placed at 8024E3E8 (length = 14 bytes)
$SignString10 will be placed at 8024E3FC (length = 14 bytes)
$SignString3 will be placed at 8024E410 (length = 14 bytes)
$SignString2 will be placed at 8024E424 (length = 14 bytes)
$SignString5 will be placed at 8024E438 (length = 14 bytes)
$SignString4 will be placed at 8024E44C (length = 14 bytes)
$SignString7 will be placed at 8024E460 (length = 14 bytes)
$SignString6 will be placed at 8024E474 (length = 14 bytes)
$SignString9 will be placed at 8024E488 (length = 14 bytes)
$SignString8 will be placed at 8024E49C (length = 14 bytes)
$SignString29 will be placed at 8024E4B0 (length = 14 bytes)
$SignString28 will be placed at 8024E4C4 (length = 14 bytes)
$SignString27 will be placed at 8024E4D8 (length = 14 bytes)
$SignString26 will be placed at 8024E4EC (length = 14 bytes)
$SignString25 will be placed at 8024E500 (length = 14 bytes)
$SignString24 will be placed at 8024E514 (length = 14 bytes)
$SignString23 will be placed at 8024E528 (length = 14 bytes)
$SignString22 will be placed at 8024E53C (length = 14 bytes)
$SignString21 will be placed at 8024E550 (length = 14 bytes)
$SignString20 will be placed at 8024E564 (length = 14 bytes)
$SignString will be placed at 8024E578 (length = 14 bytes)
$SignString39 will be placed at 8024E58C (length = 14 bytes)
$SignString38 will be placed at 8024E5A0 (length = 14 bytes)
$SignString37 will be placed at 8024E5B4 (length = 14 bytes)
$SignString36 will be placed at 8024E5C8 (length = 14 bytes)
$SignString35 will be placed at 8024E5DC (length = 14 bytes)
$SignString34 will be placed at 8024E5F0 (length = 14 bytes)
$SignString33 will be placed at 8024E604 (length = 14 bytes)
$SignString32 will be placed at 8024E618 (length = 14 bytes)
$SignString31 will be placed at 8024E62C (length = 14 bytes)
$SignString30 will be placed at 8024E640 (length = 14 bytes)
$SignString49 will be placed at 8024E654 (length = 14 bytes)
$SignString48 will be placed at 8024E668 (length = 14 bytes)
$SignString47 will be placed at 8024E67C (length = 14 bytes)
$SignString46 will be placed at 8024E690 (length = 14 bytes)
$SignString45 will be placed at 8024E6A4 (length = 14 bytes)
$SignString44 will be placed at 8024E6B8 (length = 14 bytes)
$SignString43 will be placed at 8024E6CC (length = 14 bytes)
$SignString42 will be placed at 8024E6E0 (length = 14 bytes)
$SignString41 will be placed at 8024E6F4 (length = 14 bytes)
$SignString40 will be placed at 8024E708 (length = 14 bytes)
$ASCII_pit_02_Literal will be placed at 8024E71C (length = C bytes)
$ASCII_pit_90_Literal will be placed at 8024E728 (length = C bytes)
$ASCII_pit_34_Literal will be placed at 8024E734 (length = C bytes)
$ASCII_pit_66_Literal will be placed at 8024E740 (length = C bytes)
$ASCII_pit_98_Literal will be placed at 8024E74C (length = C bytes)
$ASCII_pit_19_Literal will be placed at 8024E758 (length = C bytes)
$ASCII_pit_57_Literal will be placed at 8024E764 (length = C bytes)
$ASCII_pit_69_Literal will be placed at 8024E770 (length = C bytes)
$ASCII_pit_72_Literal will be placed at 8024E77C (length = C bytes)
$ASCII_pit_81_Literal will be placed at 8024E788 (length = C bytes)
$ASCII_pit_43_Literal will be placed at 8024E794 (length = C bytes)
$ASCII_pit_28_Literal will be placed at 8024E7A0 (length = C bytes)
$ASCII_pit_78_Literal will be placed at 8024E7AC (length = C bytes)
$ASCII_pit_63_Literal will be placed at 8024E7B8 (length = C bytes)
$ASCII_pit_46_Literal will be placed at 8024E7C4 (length = C bytes)
$ASCII_pit_95_Literal will be placed at 8024E7D0 (length = C bytes)
$ASCII_pit_16_Literal will be placed at 8024E7DC (length = C bytes)
$ASCII_pit_37_Literal will be placed at 8024E7E8 (length = C bytes)
$ASCII_pit_22_Literal will be placed at 8024E7F4 (length = C bytes)
$ASCII_pit_05_Literal will be placed at 8024E800 (length = C bytes)
$ASCII_pit_25_Literal will be placed at 8024E80C (length = C bytes)
$ASCII_pit_54_Literal will be placed at 8024E818 (length = C bytes)
$ASCII_pit_08_Literal will be placed at 8024E824 (length = C bytes)
$ASCII_pit_87_Literal will be placed at 8024E830 (length = C bytes)
$ASCII_pit_75_Literal will be placed at 8024E83C (length = C bytes)
$ASCII_pit_13_Literal will be placed at 8024E848 (length = C bytes)
$ASCII_pit_32_Literal will be placed at 8024E854 (length = C bytes)
$ASCII_pit_92_Literal will be placed at 8024E860 (length = C bytes)
$ASCII_pit_17_Literal will be placed at 8024E86C (length = C bytes)
$ASCII_pit_49_Literal will be placed at 8024E878 (length = C bytes)
$ASCII_pit_77_Literal will be placed at 8024E884 (length = C bytes)
$ASCII_pit_96_Literal will be placed at 8024E890 (length = C bytes)
$ASCII_pit_68_Literal will be placed at 8024E89C (length = C bytes)
$ASCII_pit_51_Literal will be placed at 8024E8A8 (length = C bytes)
$ASCII_pit_04_Literal will be placed at 8024E8B4 (length = C bytes)
$ASCII_pit_83_Literal will be placed at 8024E8C0 (length = C bytes)
$ASCII_pit_86_Literal will be placed at 8024E8CC (length = C bytes)
$ASCII_pit_26_Literal will be placed at 8024E8D8 (length = C bytes)
$ASCII_pit_41_Literal will be placed at 8024E8E4 (length = C bytes)
$ASCII_pit_14_Literal will be placed at 8024E8F0 (length = C bytes)
$ASCII_pit_74_Literal will be placed at 8024E8FC (length = C bytes)
$ASCII_pit_60_Literal will be placed at 8024E908 (length = C bytes)
$ASCII_pit_59_Literal will be placed at 8024E914 (length = C bytes)
$ASCII_pit_93_Literal will be placed at 8024E920 (length = C bytes)
$ASCII_pit_65_Literal will be placed at 8024E92C (length = C bytes)
$ASCII_pit_07_Literal will be placed at 8024E938 (length = C bytes)
$ASCII_pit_20_Literal will be placed at 8024E944 (length = C bytes)
$ASCII_pit_35_Literal will be placed at 8024E950 (length = C bytes)
$ASCII_pit_23_Literal will be placed at 8024E95C (length = C bytes)
$ASCII_pit_11_Literal will be placed at 8024E968 (length = C bytes)
$ASCII_pit_56_Literal will be placed at 8024E974 (length = C bytes)
$ASCII_pit_44_Literal will be placed at 8024E980 (length = C bytes)
$ASCII_pit_89_Literal will be placed at 8024E98C (length = C bytes)
$ASCII_pit_79_Literal will be placed at 8024E998 (length = C bytes)
$ASCII_pit_62_Literal will be placed at 8024E9A4 (length = C bytes)
$ASCII_pit_94_Literal will be placed at 8024E9B0 (length = C bytes)
$ASCII_pit_47_Literal will be placed at 8024E9BC (length = C bytes)
$ASCII_pit_21_Literal will be placed at 8024E9C8 (length = C bytes)
$ASCII_pit_06_Literal will be placed at 8024E9D4 (length = C bytes)
$ASCII_pit_53_Literal will be placed at 8024E9E0 (length = C bytes)
$ASCII_pit_09_Literal will be placed at 8024E9EC (length = C bytes)
$ASCII_pit_88_Literal will be placed at 8024E9F8 (length = C bytes)
$ASCII_pit_38_Literal will be placed at 8024EA04 (length = C bytes)
$ASCII_pit_24_Literal will be placed at 8024EA10 (length = C bytes)
$ASCII_pit_12_Literal will be placed at 8024EA1C (length = C bytes)
$ASCII_pit_76_Literal will be placed at 8024EA28 (length = C bytes)
$ASCII_pit_01_Literal will be placed at 8024EA34 (length = C bytes)
$ASCII_pit_50_Literal will be placed at 8024EA40 (length = C bytes)
$ASCII_pit_33_Literal will be placed at 8024EA4C (length = C bytes)
$ASCII_pit_99_Literal will be placed at 8024EA58 (length = C bytes)
$ASCII_pit_67_Literal will be placed at 8024EA64 (length = C bytes)
$ASCII_pit_71_Literal will be placed at 8024EA70 (length = C bytes)
$ASCII_pit_42_Literal will be placed at 8024EA7C (length = C bytes)
$ASCII_pit_80_Literal will be placed at 8024EA88 (length = C bytes)
$ASCII_pit_29_Literal will be placed at 8024EA94 (length = C bytes)
$ASCII_pit_58_Literal will be placed at 8024EAA0 (length = C bytes)
$ASCII_pit_30_Literal will be placed at 8024EAAC (length = C bytes)
$ASCII_pit_00_Literal will be placed at 8024EAB8 (length = C bytes)
$ASCII_pit_64_Literal will be placed at 8024EAC4 (length = C bytes)
$ASCII_pit_36_Literal will be placed at 8024EAD0 (length = C bytes)
$ASCII_pit_55_Literal will be placed at 8024EADC (length = C bytes)
$ASCII_pit_10_Literal will be placed at 8024EAE8 (length = C bytes)
$ASCII_pit_45_Literal will be placed at 8024EAF4 (length = C bytes)
$ASCII_pit_18_Literal will be placed at 8024EB00 (length = C bytes)
$ASCII_pit_48_Literal will be placed at 8024EB0C (length = C bytes)
$ASCII_pit_03_Literal will be placed at 8024EB18 (length = C bytes)
$ASCII_pit_31_Literal will be placed at 8024EB24 (length = C bytes)
$ASCII_pit_91_Literal will be placed at 8024EB30 (length = C bytes)
$ASCII_pit_97_Literal will be placed at 8024EB3C (length = C bytes)
$ASCII_pit_82_Literal will be placed at 8024EB48 (length = C bytes)
$ASCII_pit_52_Literal will be placed at 8024EB54 (length = C bytes)
$ASCII_pit_70_Literal will be placed at 8024EB60 (length = C bytes)
$ASCII_pit_85_Literal will be placed at 8024EB6C (length = C bytes)
$ASCII_pit_40_Literal will be placed at 8024EB78 (length = C bytes)
$ASCII_pit_39_Literal will be placed at 8024EB84 (length = C bytes)
$ASCII_pit_73_Literal will be placed at 8024EB90 (length = C bytes)
$ASCII_pit_15_Literal will be placed at 8024EB9C (length = C bytes)
$ASCII_pit_27_Literal will be placed at 8024EBA8 (length = C bytes)
$ASCII_pit_61_Literal will be placed at 8024EBB4 (length = C bytes)
$ExtraAnimationList_802418D4 will be placed at 8024EBC0 (length = 8 bytes)
$ConstDouble_80242510 will be placed at 8024EBC8 (length = 8 bytes)
$ASCII_pit_842_Literal will be placed at 8024EBD0 (length = 8 bytes)
$ASCII_pit_100_Literal will be placed at 8024EBD8 (length = 8 bytes)
$ASCII_tik_tex_Literal will be placed at 8024EBE0 (length = 8 bytes)
$MoverCancel will be placed at 8024EBE8 (length = 4 bytes)
$BanditMoverCancel will be placed at 8024EBEC (length = 4 bytes)
Executing patch: pit_72.mpat
Loaded map pit_51
Creating struct: $EntryList
Creating struct: $DeepestLevel
Creating struct: $TotalLevels
Creating struct: $LoadHighscores
Creating struct: $FallingDownPipe
Creating struct: $Function_GetPos
Creating struct: $Function2
Creating struct: $SetSpawns
Creating struct: $Script_SetNPCPos
Creating struct: $SwitchPath
Creating struct: $VectorList_80244998
Creating struct: $GetPos
Creating struct: $Function_GetDamageTaken
Creating struct: $Function_ResetDamage
Creating struct: $DispawnParthner
Creating struct: $RespawnParthner
Creating struct: $LoadMap
Creating struct: $Script_LoadMapMover_Roguelike
Creating struct: $GetFloor
Creating struct: $LoadCoinsMover
Creating struct: $LoadMapBandit
Creating struct: $GetFloorBandit
Creating struct: $Script_Init_80243B20
Creating struct: $Script_80243A6C
Creating struct: $Script_AddCoins
Creating struct: $Script_SubstractCoins
Creating struct: $NPC_Settings_Sack
Creating struct: $Script_Init_Bag
Creating struct: $Script_Init_Bag_HitBox
Creating struct: $Script_NPC_SackHit_Init
Creating struct: $Script_NPC_Sack_FX
Creating struct: $NPC_Sack_AnimationStart
Creating struct: $NPC_Sack_AnimationEnd
Creating struct: $Script_SackAnimation_Start_GoToTheRight
Creating struct: $Script_SackAnimation_Start_GoToTheLeft
Creating struct: $Script_SackAnimation_End_Right
Creating struct: $Script_SackAnimation_End_Left
Creating struct: $Function_LoadGainedCoins
Creating struct: $Function_RevivePlayer
Creating struct: $AISettings_MoneySack
Creating struct: $Script_NpcAI_MoneySack
Creating struct: $JumpTable_80242448
Creating struct: $Function_NpcAI_MoneySack
Creating struct: $Function_80240260
Creating struct: $Function_80240844
Creating struct: $Function_802409A8
Creating struct: $Script_TrackPlayer
Creating struct: $Script_PipeAnimation
Creating struct: $Function_SetAnimation
Creating struct: $Function_GetColliderPos
Creating struct: $Function_TrackInput
Creating struct: $GoToNextLevel
Creating struct: $GoToNextLevel_Roguelike
Creating struct: $Script_SetSetsOfLevels
Creating struct: $Script_LoadMap_Roguelike
Creating struct: $Script_LoadChestMap_Roguelike
Creating struct: $Script_LoadMap_Mover_Roguelike
Creating struct: $Script_LoadChestMap_Mover_Roguelike
Creating struct: $GetFloorPit
Creating struct: $GetFloorSign
Creating struct: $Function_GetTattle1
Creating struct: $Function_GetTattle2
Creating struct: $Script_ReadSign
Creating struct: $Header
Creating struct: $Function_Init
Creating struct: $Script_Main
Creating struct: $NpcGroups
Creating struct: $NpcGroup_Mover
Creating struct: $BlankSettings
Creating struct: $Script_Init_Mover
Creating struct: $Interact_Mover
Creating struct: $Script_MoverWarpAnimation
Creating struct: $NpcGroup_BanditMover
Creating struct: $Script_Init_BanditMover
Creating struct: $Interact_BanditMover
Creating struct: $NpcGroup_Enemy1
Creating struct: $NpcGroup_Enemy2
Creating struct: $NpcGroup_Enemy3
Creating struct: $NpcGroup_Enemy4
Creating struct: $NpcGroup_Enemy5
Creating struct: $NpcGroup_Enemy6
Creating struct: $NpcSettings_Enemy1
Creating struct: $Script_EnemyAI
Creating struct: $AISettings_Enemy
Creating struct: $Script_DisableEnemyAI
Creating struct: $AISettings_DisableEnemy
Creating struct: $PipeSpawning
Creating struct: $Script_MakeEntities
Creating struct: $CommingDownPipe
Creating struct: $Script_MakeExits
Creating struct: $Script_Exit0
Merged 1 regions to 1
$Script_LoadMap_Mover_Roguelike will be placed at 80240000 (length = F14 bytes)
$LoadMap will be placed at 80240F14 (length = EF4 bytes)
$Script_ReadSign will be placed at 80241E08 (length = EEC bytes)
$LoadMapBandit will be placed at 80242CF4 (length = EA4 bytes)
$Script_LoadMap_Roguelike will be placed at 80243B98 (length = D9C bytes)
$GoToNextLevel will be placed at 80244934 (length = D10 bytes)
$GoToNextLevel_Roguelike will be placed at 80245644 (length = 868 bytes)
$Function_80240260 will be placed at 80245EAC (length = 5E4 bytes)
$SetSpawns will be placed at 80246490 (length = 384 bytes)
$FallingDownPipe will be placed at 80246814 (length = 37C bytes)
$Script_SetSetsOfLevels will be placed at 80246B90 (length = 358 bytes)
$Script_SetNPCPos will be placed at 80246EE8 (length = 2F4 bytes)
$Function_NpcAI_MoneySack will be placed at 802471DC (length = 238 bytes)
$Script_SackAnimation_Start_GoToTheRight will be placed at 80247414 (length = 230 bytes)
$Script_SackAnimation_Start_GoToTheLeft will be placed at 80247644 (length = 1F8 bytes)
$Interact_Mover will be placed at 8024783C (length = 1F8 bytes)
$NpcGroup_Enemy3 will be placed at 80247A34 (length = 1F0 bytes)
$NpcGroup_Enemy4 will be placed at 80247C24 (length = 1F0 bytes)
$NpcGroup_Enemy5 will be placed at 80247E14 (length = 1F0 bytes)
$NpcGroup_Enemy6 will be placed at 80248004 (length = 1F0 bytes)
$NpcGroup_Enemy1 will be placed at 802481F4 (length = 1F0 bytes)
$NpcGroup_Enemy2 will be placed at 802483E4 (length = 1F0 bytes)
$NpcGroup_Mover will be placed at 802485D4 (length = 1F0 bytes)
$NpcGroup_BanditMover will be placed at 802487C4 (length = 1F0 bytes)
$Interact_BanditMover will be placed at 802489B4 (length = 1EC bytes)
$Script_PipeAnimation will be placed at 80248BA0 (length = 1D0 bytes)
$JumpTable_80242448 will be placed at 80248D70 (length = 190 bytes)
$Script_LoadChestMap_Mover_Roguelike will be placed at 80248F00 (length = 18C bytes)
$PipeSpawning will be placed at 8024908C (length = 178 bytes)
$NPC_Sack_AnimationStart will be placed at 80249204 (length = 168 bytes)
$Function_80240844 will be placed at 8024936C (length = 164 bytes)
$Script_LoadChestMap_Roguelike will be placed at 802494D0 (length = 164 bytes)
$Script_NPC_SackHit_Init will be placed at 80249634 (length = 160 bytes)
$Script_SackAnimation_End_Right will be placed at 80249794 (length = 158 bytes)
$Script_SackAnimation_End_Left will be placed at 802498EC (length = 150 bytes)
$MapTattle5 will be placed at 80249A3C (length = 13C bytes)
$MapTattle4 will be placed at 80249B78 (length = 130 bytes)
$GetFloor will be placed at 80249CA8 (length = 12C bytes)
$BanditMover_Tattle will be placed at 80249DD4 (length = 124 bytes)
$Script_Main will be placed at 80249EF8 (length = 120 bytes)
$Script_80243A6C will be placed at 8024A018 (length = 114 bytes)
$Script_SubstractCoins will be placed at 8024A12C (length = 10C bytes)
$Script_LoadMapMover_Roguelike will be placed at 8024A238 (length = 104 bytes)
$GetFloorBandit will be placed at 8024A33C (length = F4 bytes)
$Script_MoverWarpAnimation will be placed at 8024A430 (length = F0 bytes)
$Function_GetColliderPos will be placed at 8024A520 (length = E0 bytes)
$Function_GetPos will be placed at 8024A600 (length = E0 bytes)
$Script_TrackPlayer will be placed at 8024A6E0 (length = DC bytes)
$MapTattle2 will be placed at 8024A7BC (length = D4 bytes)
$Function_TrackInput will be placed at 8024A890 (length = BC bytes)
$MapTattle3 will be placed at 8024A94C (length = B0 bytes)
$Script_MakeEntities will be placed at 8024A9FC (length = A8 bytes)
$MapTattle1 will be placed at 8024AAA4 (length = A8 bytes)
$Script_NpcAI_MoneySack will be placed at 8024AB4C (length = A8 bytes)
$MoverStart will be placed at 8024ABF4 (length = A4 bytes)
$SwitchPath will be placed at 8024AC98 (length = A4 bytes)
$Script_NPC_Sack_FX will be placed at 8024AD3C (length = A4 bytes)
$GetPos will be placed at 8024ADE0 (length = 9C bytes)
$Script_AddCoins will be placed at 8024AE7C (length = 98 bytes)
$BanditMoverStart will be placed at 8024AF14 (length = 98 bytes)
$Mover_Tattle will be placed at 8024AFAC (length = 94 bytes)
$Function_GetTattle1 will be placed at 8024B040 (length = 8C bytes)
$NPC_Sack_AnimationEnd will be placed at 8024B0CC (length = 84 bytes)
$BanditMover_Options will be placed at 8024B150 (length = 80 bytes)
$SignStringBug will be placed at 8024B1D0 (length = 7C bytes)
$LoadHighscores will be placed at 8024B24C (length = 7C bytes)
$Mover_Options will be placed at 8024B2C8 (length = 78 bytes)
$NpcGroups will be placed at 8024B340 (length = 6C bytes)
$DeepestLevel will be placed at 8024B3AC (length = 6C bytes)
$Function2 will be placed at 8024B418 (length = 6C bytes)
$LoadCoinsMover will be placed at 8024B484 (length = 6C bytes)
$Function_SetAnimation will be placed at 8024B4F0 (length = 6C bytes)
$GetFloorPit will be placed at 8024B55C (length = 68 bytes)
$MoverEnd will be placed at 8024B5C4 (length = 68 bytes)
$BanditMoverEnd will be placed at 8024B62C (length = 68 bytes)
$GetFloorSign will be placed at 8024B694 (length = 64 bytes)
$BanditMoverNoCoins will be placed at 8024B6F8 (length = 58 bytes)
$MoverNoCoins will be placed at 8024B750 (length = 58 bytes)
$Function_GetTattle2 will be placed at 8024B7A8 (length = 48 bytes)
$CommingDownPipe will be placed at 8024B7F0 (length = 48 bytes)
$Script_Exit0 will be placed at 8024B838 (length = 48 bytes)
$Function_LoadGainedCoins will be placed at 8024B880 (length = 48 bytes)
$Function_Init will be placed at 8024B8C8 (length = 44 bytes)
$Function_802409A8 will be placed at 8024B90C (length = 44 bytes)
$Header will be placed at 8024B950 (length = 40 bytes)
$Script_Init_Bag will be placed at 8024B990 (length = 38 bytes)
$TotalLevels will be placed at 8024B9C8 (length = 38 bytes)
$Script_Init_Bag_HitBox will be placed at 8024BA00 (length = 38 bytes)
$DispawnParthner will be placed at 8024BA38 (length = 34 bytes)
$Function_ResetDamage will be placed at 8024BA6C (length = 34 bytes)
$AISettings_MoneySack will be placed at 8024BAA0 (length = 30 bytes)
$AISettings_Enemy will be placed at 8024BAD0 (length = 30 bytes)
$AISettings_DisableEnemy will be placed at 8024BB00 (length = 30 bytes)
$RespawnParthner will be placed at 8024BB30 (length = 30 bytes)
$NPC_Settings_Sack will be placed at 8024BB60 (length = 2C bytes)
$Function_GetDamageTaken will be placed at 8024BB8C (length = 2C bytes)
$Function_RevivePlayer will be placed at 8024BBB8 (length = 2C bytes)
$String_CoinsGained will be placed at 8024BBE4 (length = 2C bytes)
$BlankSettings will be placed at 8024BC10 (length = 2C bytes)
$Script_MakeExits will be placed at 8024BC3C (length = 2C bytes)
$NpcSettings_Enemy1 will be placed at 8024BC68 (length = 24 bytes)
$VectorList_80244998 will be placed at 8024BC8C (length = 24 bytes)
$Script_Init_80243B20 will be placed at 8024BCB0 (length = 24 bytes)
$Script_Init_Mover will be placed at 8024BCD4 (length = 24 bytes)
$Script_Init_BanditMover will be placed at 8024BCF8 (length = 24 bytes)
$Script_DisableEnemyAI will be placed at 8024BD1C (length = 20 bytes)
$EntryList will be placed at 8024BD3C (length = 20 bytes)
$Script_EnemyAI will be placed at 8024BD5C (length = 20 bytes)
$SignString100 will be placed at 8024BD7C (length = 18 bytes)
$SignString1 will be placed at 8024BD94 (length = 14 bytes)
$SignString99 will be placed at 8024BDA8 (length = 14 bytes)
$SignString98 will be placed at 8024BDBC (length = 14 bytes)
$SignString97 will be placed at 8024BDD0 (length = 14 bytes)
$SignString96 will be placed at 8024BDE4 (length = 14 bytes)
$SignString95 will be placed at 8024BDF8 (length = 14 bytes)
$SignString94 will be placed at 8024BE0C (length = 14 bytes)
$SignString93 will be placed at 8024BE20 (length = 14 bytes)
$SignString92 will be placed at 8024BE34 (length = 14 bytes)
$SignString91 will be placed at 8024BE48 (length = 14 bytes)
$SignString90 will be placed at 8024BE5C (length = 14 bytes)
$SignString59 will be placed at 8024BE70 (length = 14 bytes)
$SignString58 will be placed at 8024BE84 (length = 14 bytes)
$SignString57 will be placed at 8024BE98 (length = 14 bytes)
$SignString56 will be placed at 8024BEAC (length = 14 bytes)
$SignString55 will be placed at 8024BEC0 (length = 14 bytes)
$SignString54 will be placed at 8024BED4 (length = 14 bytes)
$SignString53 will be placed at 8024BEE8 (length = 14 bytes)
$SignString52 will be placed at 8024BEFC (length = 14 bytes)
$SignString51 will be placed at 8024BF10 (length = 14 bytes)
$SignString50 will be placed at 8024BF24 (length = 14 bytes)
$SignString69 will be placed at 8024BF38 (length = 14 bytes)
$SignString68 will be placed at 8024BF4C (length = 14 bytes)
$SignString67 will be placed at 8024BF60 (length = 14 bytes)
$SignString66 will be placed at 8024BF74 (length = 14 bytes)
$SignString65 will be placed at 8024BF88 (length = 14 bytes)
$SignString64 will be placed at 8024BF9C (length = 14 bytes)
$SignString63 will be placed at 8024BFB0 (length = 14 bytes)
$SignString62 will be placed at 8024BFC4 (length = 14 bytes)
$SignString61 will be placed at 8024BFD8 (length = 14 bytes)
$SignString60 will be placed at 8024BFEC (length = 14 bytes)
$SignString79 will be placed at 8024C000 (length = 14 bytes)
$SignString78 will be placed at 8024C014 (length = 14 bytes)
$SignString77 will be placed at 8024C028 (length = 14 bytes)
$SignString76 will be placed at 8024C03C (length = 14 bytes)
$SignString75 will be placed at 8024C050 (length = 14 bytes)
$SignString74 will be placed at 8024C064 (length = 14 bytes)
$SignString73 will be placed at 8024C078 (length = 14 bytes)
$SignString72 will be placed at 8024C08C (length = 14 bytes)
$SignString71 will be placed at 8024C0A0 (length = 14 bytes)
$SignString70 will be placed at 8024C0B4 (length = 14 bytes)
$SignString89 will be placed at 8024C0C8 (length = 14 bytes)
$SignString88 will be placed at 8024C0DC (length = 14 bytes)
$SignString87 will be placed at 8024C0F0 (length = 14 bytes)
$SignString86 will be placed at 8024C104 (length = 14 bytes)
$SignString85 will be placed at 8024C118 (length = 14 bytes)
$SignString84 will be placed at 8024C12C (length = 14 bytes)
$SignString83 will be placed at 8024C140 (length = 14 bytes)
$SignString82 will be placed at 8024C154 (length = 14 bytes)
$SignString81 will be placed at 8024C168 (length = 14 bytes)
$SignString80 will be placed at 8024C17C (length = 14 bytes)
$SignString19 will be placed at 8024C190 (length = 14 bytes)
$SignString18 will be placed at 8024C1A4 (length = 14 bytes)
$SignString17 will be placed at 8024C1B8 (length = 14 bytes)
$SignString16 will be placed at 8024C1CC (length = 14 bytes)
$SignString15 will be placed at 8024C1E0 (length = 14 bytes)
$SignString14 will be placed at 8024C1F4 (length = 14 bytes)
$SignString13 will be placed at 8024C208 (length = 14 bytes)
$SignString12 will be placed at 8024C21C (length = 14 bytes)
$SignString11 will be placed at 8024C230 (length = 14 bytes)
$SignString10 will be placed at 8024C244 (length = 14 bytes)
$SignString3 will be placed at 8024C258 (length = 14 bytes)
$SignString2 will be placed at 8024C26C (length = 14 bytes)
$SignString5 will be placed at 8024C280 (length = 14 bytes)
$SignString4 will be placed at 8024C294 (length = 14 bytes)
$SignString7 will be placed at 8024C2A8 (length = 14 bytes)
$SignString6 will be placed at 8024C2BC (length = 14 bytes)
$SignString9 will be placed at 8024C2D0 (length = 14 bytes)
$SignString8 will be placed at 8024C2E4 (length = 14 bytes)
$SignString29 will be placed at 8024C2F8 (length = 14 bytes)
$SignString28 will be placed at 8024C30C (length = 14 bytes)
$SignString27 will be placed at 8024C320 (length = 14 bytes)
$SignString26 will be placed at 8024C334 (length = 14 bytes)
$SignString25 will be placed at 8024C348 (length = 14 bytes)
$SignString24 will be placed at 8024C35C (length = 14 bytes)
$SignString23 will be placed at 8024C370 (length = 14 bytes)
$SignString22 will be placed at 8024C384 (length = 14 bytes)
$SignString21 will be placed at 8024C398 (length = 14 bytes)
$SignString20 will be placed at 8024C3AC (length = 14 bytes)
$SignString will be placed at 8024C3C0 (length = 14 bytes)
$SignString39 will be placed at 8024C3D4 (length = 14 bytes)
$SignString38 will be placed at 8024C3E8 (length = 14 bytes)
$SignString37 will be placed at 8024C3FC (length = 14 bytes)
$SignString36 will be placed at 8024C410 (length = 14 bytes)
$SignString35 will be placed at 8024C424 (length = 14 bytes)
$SignString34 will be placed at 8024C438 (length = 14 bytes)
$SignString33 will be placed at 8024C44C (length = 14 bytes)
$SignString32 will be placed at 8024C460 (length = 14 bytes)
$SignString31 will be placed at 8024C474 (length = 14 bytes)
$SignString30 will be placed at 8024C488 (length = 14 bytes)
$SignString49 will be placed at 8024C49C (length = 14 bytes)
$SignString48 will be placed at 8024C4B0 (length = 14 bytes)
$SignString47 will be placed at 8024C4C4 (length = 14 bytes)
$SignString46 will be placed at 8024C4D8 (length = 14 bytes)
$SignString45 will be placed at 8024C4EC (length = 14 bytes)
$SignString44 will be placed at 8024C500 (length = 14 bytes)
$SignString43 will be placed at 8024C514 (length = 14 bytes)
$SignString42 will be placed at 8024C528 (length = 14 bytes)
$SignString41 will be placed at 8024C53C (length = 14 bytes)
$SignString40 will be placed at 8024C550 (length = 14 bytes)
$ASCII_pit_02_Literal will be placed at 8024C564 (length = C bytes)
$ASCII_pit_90_Literal will be placed at 8024C570 (length = C bytes)
$ASCII_pit_34_Literal will be placed at 8024C57C (length = C bytes)
$ASCII_pit_66_Literal will be placed at 8024C588 (length = C bytes)
$ASCII_pit_98_Literal will be placed at 8024C594 (length = C bytes)
$ASCII_pit_19_Literal will be placed at 8024C5A0 (length = C bytes)
$ASCII_pit_57_Literal will be placed at 8024C5AC (length = C bytes)
$ASCII_pit_69_Literal will be placed at 8024C5B8 (length = C bytes)
$ASCII_pit_72_Literal will be placed at 8024C5C4 (length = C bytes)
$ASCII_pit_81_Literal will be placed at 8024C5D0 (length = C bytes)
$ASCII_pit_43_Literal will be placed at 8024C5DC (length = C bytes)
$ASCII_pit_28_Literal will be placed at 8024C5E8 (length = C bytes)
$ASCII_pit_78_Literal will be placed at 8024C5F4 (length = C bytes)
$ASCII_pit_63_Literal will be placed at 8024C600 (length = C bytes)
$ASCII_pit_46_Literal will be placed at 8024C60C (length = C bytes)
$ASCII_pit_95_Literal will be placed at 8024C618 (length = C bytes)
$ASCII_pit_16_Literal will be placed at 8024C624 (length = C bytes)
$ASCII_pit_37_Literal will be placed at 8024C630 (length = C bytes)
$ASCII_pit_22_Literal will be placed at 8024C63C (length = C bytes)
$ASCII_pit_05_Literal will be placed at 8024C648 (length = C bytes)
$ASCII_pit_25_Literal will be placed at 8024C654 (length = C bytes)
$ASCII_pit_54_Literal will be placed at 8024C660 (length = C bytes)
$ASCII_pit_08_Literal will be placed at 8024C66C (length = C bytes)
$ASCII_pit_87_Literal will be placed at 8024C678 (length = C bytes)
$ASCII_pit_75_Literal will be placed at 8024C684 (length = C bytes)
$ASCII_pit_13_Literal will be placed at 8024C690 (length = C bytes)
$ASCII_pit_32_Literal will be placed at 8024C69C (length = C bytes)
$ASCII_pit_92_Literal will be placed at 8024C6A8 (length = C bytes)
$ASCII_pit_17_Literal will be placed at 8024C6B4 (length = C bytes)
$ASCII_pit_49_Literal will be placed at 8024C6C0 (length = C bytes)
$ASCII_pit_77_Literal will be placed at 8024C6CC (length = C bytes)
$ASCII_pit_96_Literal will be placed at 8024C6D8 (length = C bytes)
$ASCII_pit_68_Literal will be placed at 8024C6E4 (length = C bytes)
$ASCII_pit_51_Literal will be placed at 8024C6F0 (length = C bytes)
$ASCII_pit_04_Literal will be placed at 8024C6FC (length = C bytes)
$ASCII_pit_83_Literal will be placed at 8024C708 (length = C bytes)
$ASCII_pit_86_Literal will be placed at 8024C714 (length = C bytes)
$ASCII_pit_26_Literal will be placed at 8024C720 (length = C bytes)
$ASCII_pit_41_Literal will be placed at 8024C72C (length = C bytes)
$ASCII_pit_14_Literal will be placed at 8024C738 (length = C bytes)
$ASCII_pit_74_Literal will be placed at 8024C744 (length = C bytes)
$ASCII_pit_60_Literal will be placed at 8024C750 (length = C bytes)
$ASCII_pit_59_Literal will be placed at 8024C75C (length = C bytes)
$ASCII_pit_93_Literal will be placed at 8024C768 (length = C bytes)
$ASCII_pit_65_Literal will be placed at 8024C774 (length = C bytes)
$ASCII_pit_07_Literal will be placed at 8024C780 (length = C bytes)
$ASCII_pit_20_Literal will be placed at 8024C78C (length = C bytes)
$ASCII_pit_35_Literal will be placed at 8024C798 (length = C bytes)
$ASCII_pit_23_Literal will be placed at 8024C7A4 (length = C bytes)
$ASCII_pit_11_Literal will be placed at 8024C7B0 (length = C bytes)
$ASCII_pit_56_Literal will be placed at 8024C7BC (length = C bytes)
$ASCII_pit_44_Literal will be placed at 8024C7C8 (length = C bytes)
$ASCII_pit_89_Literal will be placed at 8024C7D4 (length = C bytes)
$ASCII_pit_79_Literal will be placed at 8024C7E0 (length = C bytes)
$ASCII_pit_62_Literal will be placed at 8024C7EC (length = C bytes)
$ASCII_pit_94_Literal will be placed at 8024C7F8 (length = C bytes)
$ASCII_pit_47_Literal will be placed at 8024C804 (length = C bytes)
$ASCII_pit_21_Literal will be placed at 8024C810 (length = C bytes)
$ASCII_pit_06_Literal will be placed at 8024C81C (length = C bytes)
$ASCII_pit_53_Literal will be placed at 8024C828 (length = C bytes)
$ASCII_pit_09_Literal will be placed at 8024C834 (length = C bytes)
$ASCII_pit_88_Literal will be placed at 8024C840 (length = C bytes)
$ASCII_pit_38_Literal will be placed at 8024C84C (length = C bytes)
$ASCII_pit_24_Literal will be placed at 8024C858 (length = C bytes)
$ASCII_pit_12_Literal will be placed at 8024C864 (length = C bytes)
$ASCII_pit_76_Literal will be placed at 8024C870 (length = C bytes)
$ASCII_pit_01_Literal will be placed at 8024C87C (length = C bytes)
$ASCII_pit_50_Literal will be placed at 8024C888 (length = C bytes)
$ASCII_pit_33_Literal will be placed at 8024C894 (length = C bytes)
$ASCII_pit_99_Literal will be placed at 8024C8A0 (length = C bytes)
$ASCII_pit_67_Literal will be placed at 8024C8AC (length = C bytes)
$ASCII_pit_71_Literal will be placed at 8024C8B8 (length = C bytes)
$ASCII_pit_42_Literal will be placed at 8024C8C4 (length = C bytes)
$ASCII_pit_80_Literal will be placed at 8024C8D0 (length = C bytes)
$ASCII_pit_29_Literal will be placed at 8024C8DC (length = C bytes)
$ASCII_pit_58_Literal will be placed at 8024C8E8 (length = C bytes)
$ASCII_pit_30_Literal will be placed at 8024C8F4 (length = C bytes)
$ASCII_pit_00_Literal will be placed at 8024C900 (length = C bytes)
$ASCII_pit_64_Literal will be placed at 8024C90C (length = C bytes)
$ASCII_pit_36_Literal will be placed at 8024C918 (length = C bytes)
$ASCII_pit_55_Literal will be placed at 8024C924 (length = C bytes)
$ASCII_pit_10_Literal will be placed at 8024C930 (length = C bytes)
$ASCII_pit_45_Literal will be placed at 8024C93C (length = C bytes)
$ASCII_pit_18_Literal will be placed at 8024C948 (length = C bytes)
$ASCII_pit_48_Literal will be placed at 8024C954 (length = C bytes)
$ASCII_pit_03_Literal will be placed at 8024C960 (length = C bytes)
$ASCII_pit_31_Literal will be placed at 8024C96C (length = C bytes)
$ASCII_pit_91_Literal will be placed at 8024C978 (length = C bytes)
$ASCII_pit_97_Literal will be placed at 8024C984 (length = C bytes)
$ASCII_pit_82_Literal will be placed at 8024C990 (length = C bytes)
$ASCII_pit_52_Literal will be placed at 8024C99C (length = C bytes)
$ASCII_pit_70_Literal will be placed at 8024C9A8 (length = C bytes)
$ASCII_pit_85_Literal will be placed at 8024C9B4 (length = C bytes)
$ASCII_pit_40_Literal will be placed at 8024C9C0 (length = C bytes)
$ASCII_pit_39_Literal will be placed at 8024C9CC (length = C bytes)
$ASCII_pit_73_Literal will be placed at 8024C9D8 (length = C bytes)
$ASCII_pit_15_Literal will be placed at 8024C9E4 (length = C bytes)
$ASCII_pit_27_Literal will be placed at 8024C9F0 (length = C bytes)
$ASCII_pit_61_Literal will be placed at 8024C9FC (length = C bytes)
$ASCII_pit_842_Literal will be placed at 8024CA08 (length = 8 bytes)
$ASCII_pit_100_Literal will be placed at 8024CA10 (length = 8 bytes)
$ASCII_tik_tex_Literal will be placed at 8024CA18 (length = 8 bytes)
$MoverCancel will be placed at 8024CA20 (length = 4 bytes)
$BanditMoverCancel will be placed at 8024CA24 (length = 4 bytes)
Executing patch: pit_73.mpat
Loaded map pit_73
Creating struct: $EntryList
Creating struct: $DeepestLevel
Creating struct: $TotalLevels
Creating struct: $LoadHighscores
Creating struct: $FallingDownPipe
Creating struct: $Function_GetPos
Creating struct: $Function2
Creating struct: $SetSpawns
Creating struct: $Script_SetNPCPos
Creating struct: $SwitchPath
Creating struct: $VectorList_80244998
Creating struct: $GetPos
Creating struct: $Function_GetDamageTaken
Creating struct: $Function_ResetDamage
Creating struct: $DispawnParthner
Creating struct: $RespawnParthner
Creating struct: $LoadMap
Creating struct: $Script_LoadMapMover_Roguelike
Creating struct: $GetFloor
Creating struct: $LoadCoinsMover
Creating struct: $LoadMapBandit
Creating struct: $GetFloorBandit
Creating struct: $SetSpawnsSpecial
Creating struct: $Function_LoadCoinsInToVar1
Creating struct: $Script_SetSpawnPosition
Creating struct: $Script_Init_80243B20
Creating struct: $Script_80243A6C
Creating struct: $Script_AddCoins
Creating struct: $Script_SubstractCoins
Creating struct: $NPC_Settings_Sack
Creating struct: $Script_Init_Bag
Creating struct: $Script_Init_Bag_HitBox
Creating struct: $Script_NPC_SackHit_Init
Creating struct: $Script_NPC_Sack_FX
Creating struct: $NPC_Sack_AnimationStart
Creating struct: $NPC_Sack_AnimationEnd
Creating struct: $Script_SackAnimation_Start_GoToTheRight
Creating struct: $Script_SackAnimation_Start_GoToTheLeft
Creating struct: $Script_SackAnimation_End_Right
Creating struct: $Script_SackAnimation_End_Left
Creating struct: $Function_LoadGainedCoins
Creating struct: $Function_RevivePlayer
Creating struct: $AISettings_MoneySack
Creating struct: $Script_NpcAI_MoneySack
Creating struct: $JumpTable_80242448
Creating struct: $Function_NpcAI_MoneySack
Creating struct: $Function_80240260
Creating struct: $Function_80240844
Creating struct: $Function_802409A8
Creating struct: $Script_TrackPlayer
Creating struct: $Script_PipeAnimation
Creating struct: $Function_SetAnimation
Creating struct: $Function_GetColliderPos
Creating struct: $Function_TrackInput
Creating struct: $GoToNextLevel
Creating struct: $GoToNextLevel_Roguelike
Creating struct: $Script_SetSetsOfLevels
Creating struct: $Script_LoadMap_Roguelike
Creating struct: $Script_LoadChestMap_Roguelike
Creating struct: $Script_LoadMap_Mover_Roguelike
Creating struct: $Script_LoadChestMap_Mover_Roguelike
Creating struct: $GetFloorPit
Creating struct: $GetFloorSign
Creating struct: $Function_GetTattle1
Creating struct: $Function_GetTattle2
Creating struct: $Script_ReadSign
Creating struct: $Header
Creating struct: $Function_Init
Creating struct: $Script_Main
Creating struct: $NpcGroup1
Creating struct: $NpcGroup2
Creating struct: $NpcGroup3
Creating struct: $NpcGroup4
Creating struct: $NpcGroup5
Creating struct: $NpcGroup6
Creating struct: $NpcGroup7
Creating struct: $NpcGroups
Creating struct: $NpcGroup_Mover
Creating struct: $BlankSettings
Creating struct: $Script_Init_Mover
Creating struct: $Interact_Mover
Creating struct: $Script_MoverWarpAnimation
Creating struct: $NpcGroup_BanditMover
Creating struct: $Script_Init_BanditMover
Creating struct: $Interact_BanditMover
Creating struct: $NpcGroup_Enemy1
Creating struct: $NpcGroup_Enemy2
Creating struct: $NpcGroup_Enemy3
Creating struct: $NpcGroup_Enemy4
Creating struct: $NpcGroup_Enemy5
Creating struct: $NpcGroup_Enemy6
Creating struct: $NpcSettings_Enemy1
Creating struct: $Script_EnemyAI
Creating struct: $AISettings_Enemy
Creating struct: $JumpTable_80242250
Creating struct: $ConstDouble_80242290
Creating struct: $ConstDouble_80242298
Creating struct: $Function_80240F50
Creating struct: $Script_DisableEnemyAI
Creating struct: $AISettings_DisableEnemy
Creating struct: $PipeSpawning
Creating struct: $Script_MakeEntities
Creating struct: $CommingDownPipe
Creating struct: $Script_MakeExits
Creating struct: $Script_Exit0
Merged 1 regions to 1
$Script_LoadMap_Mover_Roguelike will be placed at 80240000 (length = F14 bytes)
$LoadMap will be placed at 80240F14 (length = EF4 bytes)
$Script_ReadSign will be placed at 80241E08 (length = EEC bytes)
$LoadMapBandit will be placed at 80242CF4 (length = EA4 bytes)
$Script_LoadMap_Roguelike will be placed at 80243B98 (length = D9C bytes)
$GoToNextLevel will be placed at 80244934 (length = D10 bytes)
$GoToNextLevel_Roguelike will be placed at 80245644 (length = 868 bytes)
$Function_80240F50 will be placed at 80245EAC (length = 794 bytes)
$SetSpawnsSpecial will be placed at 80246640 (length = 608 bytes)
$Function_80240260 will be placed at 80246C48 (length = 5E4 bytes)
$SetSpawns will be placed at 8024722C (length = 384 bytes)
$FallingDownPipe will be placed at 802475B0 (length = 37C bytes)
$Script_SetSetsOfLevels will be placed at 8024792C (length = 358 bytes)
$Script_SetNPCPos will be placed at 80247C84 (length = 2F4 bytes)
$Script_Main will be placed at 80247F78 (length = 248 bytes)
$Function_NpcAI_MoneySack will be placed at 802481C0 (length = 238 bytes)
$Script_SetSpawnPosition will be placed at 802483F8 (length = 234 bytes)
$Script_SackAnimation_Start_GoToTheRight will be placed at 8024862C (length = 230 bytes)
$Script_SackAnimation_Start_GoToTheLeft will be placed at 8024885C (length = 1F8 bytes)
$Interact_Mover will be placed at 80248A54 (length = 1F8 bytes)
$NpcGroup_Enemy3 will be placed at 80248C4C (length = 1F0 bytes)
$NpcGroup_Enemy4 will be placed at 80248E3C (length = 1F0 bytes)
$NpcGroup_Enemy5 will be placed at 8024902C (length = 1F0 bytes)
$NpcGroup_Enemy6 will be placed at 8024921C (length = 1F0 bytes)
$NpcGroup_Enemy1 will be placed at 8024940C (length = 1F0 bytes)
$NpcGroup_Enemy2 will be placed at 802495FC (length = 1F0 bytes)
$NpcGroup_Mover will be placed at 802497EC (length = 1F0 bytes)
$NpcGroup_BanditMover will be placed at 802499DC (length = 1F0 bytes)
$Interact_BanditMover will be placed at 80249BCC (length = 1EC bytes)
$Script_PipeAnimation will be placed at 80249DB8 (length = 1D0 bytes)
$JumpTable_80242448 will be placed at 80249F88 (length = 190 bytes)
$Script_LoadChestMap_Mover_Roguelike will be placed at 8024A118 (length = 18C bytes)
$PipeSpawning will be placed at 8024A2A4 (length = 178 bytes)
$NPC_Sack_AnimationStart will be placed at 8024A41C (length = 168 bytes)
$Function_80240844 will be placed at 8024A584 (length = 164 bytes)
$Script_LoadChestMap_Roguelike will be placed at 8024A6E8 (length = 164 bytes)
$Script_NPC_SackHit_Init will be placed at 8024A84C (length = 160 bytes)
$Script_SackAnimation_End_Right will be placed at 8024A9AC (length = 158 bytes)
$Script_SackAnimation_End_Left will be placed at 8024AB04 (length = 150 bytes)
$MapTattle5 will be placed at 8024AC54 (length = 13C bytes)
$MapTattle4 will be placed at 8024AD90 (length = 130 bytes)
$GetFloor will be placed at 8024AEC0 (length = 12C bytes)
$BanditMover_Tattle will be placed at 8024AFEC (length = 124 bytes)
$Script_80243A6C will be placed at 8024B110 (length = 114 bytes)
$Script_SubstractCoins will be placed at 8024B224 (length = 10C bytes)
$Script_LoadMapMover_Roguelike will be placed at 8024B330 (length = 104 bytes)
$GetFloorBandit will be placed at 8024B434 (length = F4 bytes)
$Script_MoverWarpAnimation will be placed at 8024B528 (length = F0 bytes)
$Function_GetColliderPos will be placed at 8024B618 (length = E0 bytes)
$Function_GetPos will be placed at 8024B6F8 (length = E0 bytes)
$Script_TrackPlayer will be placed at 8024B7D8 (length = DC bytes)
$MapTattle2 will be placed at 8024B8B4 (length = D4 bytes)
$Function_TrackInput will be placed at 8024B988 (length = BC bytes)
$MapTattle3 will be placed at 8024BA44 (length = B0 bytes)
$Script_MakeEntities will be placed at 8024BAF4 (length = A8 bytes)
$MapTattle1 will be placed at 8024BB9C (length = A8 bytes)
$Script_NpcAI_MoneySack will be placed at 8024BC44 (length = A8 bytes)
$MoverStart will be placed at 8024BCEC (length = A4 bytes)
$SwitchPath will be placed at 8024BD90 (length = A4 bytes)
$Script_NPC_Sack_FX will be placed at 8024BE34 (length = A4 bytes)
$GetPos will be placed at 8024BED8 (length = 9C bytes)
$Script_AddCoins will be placed at 8024BF74 (length = 98 bytes)
$BanditMoverStart will be placed at 8024C00C (length = 98 bytes)
$Mover_Tattle will be placed at 8024C0A4 (length = 94 bytes)
$Function_GetTattle1 will be placed at 8024C138 (length = 8C bytes)
$NPC_Sack_AnimationEnd will be placed at 8024C1C4 (length = 84 bytes)
$BanditMover_Options will be placed at 8024C248 (length = 80 bytes)
$SignStringBug will be placed at 8024C2C8 (length = 7C bytes)
$LoadHighscores will be placed at 8024C344 (length = 7C bytes)
$Mover_Options will be placed at 8024C3C0 (length = 78 bytes)
$NpcGroups will be placed at 8024C438 (length = 6C bytes)
$DeepestLevel will be placed at 8024C4A4 (length = 6C bytes)
$Function2 will be placed at 8024C510 (length = 6C bytes)
$LoadCoinsMover will be placed at 8024C57C (length = 6C bytes)
$Function_SetAnimation will be placed at 8024C5E8 (length = 6C bytes)
$GetFloorPit will be placed at 8024C654 (length = 68 bytes)
$MoverEnd will be placed at 8024C6BC (length = 68 bytes)
$BanditMoverEnd will be placed at 8024C724 (length = 68 bytes)
$GetFloorSign will be placed at 8024C78C (length = 64 bytes)
$BanditMoverNoCoins will be placed at 8024C7F0 (length = 58 bytes)
$MoverNoCoins will be placed at 8024C848 (length = 58 bytes)
$Function_GetTattle2 will be placed at 8024C8A0 (length = 48 bytes)
$CommingDownPipe will be placed at 8024C8E8 (length = 48 bytes)
$Script_Exit0 will be placed at 8024C930 (length = 48 bytes)
$Function_LoadCoinsInToVar1 will be placed at 8024C978 (length = 48 bytes)
$Function_LoadGainedCoins will be placed at 8024C9C0 (length = 48 bytes)
$Function_Init will be placed at 8024CA08 (length = 44 bytes)
$Function_802409A8 will be placed at 8024CA4C (length = 44 bytes)
$Header will be placed at 8024CA90 (length = 40 bytes)
$JumpTable_80242250 will be placed at 8024CAD0 (length = 40 bytes)
$Script_Init_Bag will be placed at 8024CB10 (length = 38 bytes)
$TotalLevels will be placed at 8024CB48 (length = 38 bytes)
$Script_Init_Bag_HitBox will be placed at 8024CB80 (length = 38 bytes)
$DispawnParthner will be placed at 8024CBB8 (length = 34 bytes)
$Function_ResetDamage will be placed at 8024CBEC (length = 34 bytes)
$AISettings_MoneySack will be placed at 8024CC20 (length = 30 bytes)
$AISettings_Enemy will be placed at 8024CC50 (length = 30 bytes)
$AISettings_DisableEnemy will be placed at 8024CC80 (length = 30 bytes)
$RespawnParthner will be placed at 8024CCB0 (length = 30 bytes)
$NPC_Settings_Sack will be placed at 8024CCE0 (length = 2C bytes)
$Function_GetDamageTaken will be placed at 8024CD0C (length = 2C bytes)
$NpcSettings_Enemy1 will be placed at 8024CD38 (length = 2C bytes)
$Function_RevivePlayer will be placed at 8024CD64 (length = 2C bytes)
$String_CoinsGained will be placed at 8024CD90 (length = 2C bytes)
$BlankSettings will be placed at 8024CDBC (length = 2C bytes)
$Script_MakeExits will be placed at 8024CDE8 (length = 2C bytes)
$NpcGroup7 will be placed at 8024CE14 (length = 24 bytes)
$VectorList_80244998 will be placed at 8024CE38 (length = 24 bytes)
$Script_Init_80243B20 will be placed at 8024CE5C (length = 24 bytes)
$Script_Init_Mover will be placed at 8024CE80 (length = 24 bytes)
$Script_Init_BanditMover will be placed at 8024CEA4 (length = 24 bytes)
$Script_DisableEnemyAI will be placed at 8024CEC8 (length = 20 bytes)
$EntryList will be placed at 8024CEE8 (length = 20 bytes)
$Script_EnemyAI will be placed at 8024CF08 (length = 20 bytes)
$NpcGroup6 will be placed at 8024CF28 (length = 18 bytes)
$NpcGroup3 will be placed at 8024CF40 (length = 18 bytes)
$NpcGroup2 will be placed at 8024CF58 (length = 18 bytes)
$NpcGroup5 will be placed at 8024CF70 (length = 18 bytes)
$NpcGroup4 will be placed at 8024CF88 (length = 18 bytes)
$NpcGroup1 will be placed at 8024CFA0 (length = 18 bytes)
$SignString100 will be placed at 8024CFB8 (length = 18 bytes)
$SignString1 will be placed at 8024CFD0 (length = 14 bytes)
$SignString99 will be placed at 8024CFE4 (length = 14 bytes)
$SignString98 will be placed at 8024CFF8 (length = 14 bytes)
$SignString97 will be placed at 8024D00C (length = 14 bytes)
$SignString96 will be placed at 8024D020 (length = 14 bytes)
$SignString95 will be placed at 8024D034 (length = 14 bytes)
$SignString94 will be placed at 8024D048 (length = 14 bytes)
$SignString93 will be placed at 8024D05C (length = 14 bytes)
$SignString92 will be placed at 8024D070 (length = 14 bytes)
$SignString91 will be placed at 8024D084 (length = 14 bytes)
$SignString90 will be placed at 8024D098 (length = 14 bytes)
$SignString59 will be placed at 8024D0AC (length = 14 bytes)
$SignString58 will be placed at 8024D0C0 (length = 14 bytes)
$SignString57 will be placed at 8024D0D4 (length = 14 bytes)
$SignString56 will be placed at 8024D0E8 (length = 14 bytes)
$SignString55 will be placed at 8024D0FC (length = 14 bytes)
$SignString54 will be placed at 8024D110 (length = 14 bytes)
$SignString53 will be placed at 8024D124 (length = 14 bytes)
$SignString52 will be placed at 8024D138 (length = 14 bytes)
$SignString51 will be placed at 8024D14C (length = 14 bytes)
$SignString50 will be placed at 8024D160 (length = 14 bytes)
$SignString69 will be placed at 8024D174 (length = 14 bytes)
$SignString68 will be placed at 8024D188 (length = 14 bytes)
$SignString67 will be placed at 8024D19C (length = 14 bytes)
$SignString66 will be placed at 8024D1B0 (length = 14 bytes)
$SignString65 will be placed at 8024D1C4 (length = 14 bytes)
$SignString64 will be placed at 8024D1D8 (length = 14 bytes)
$SignString63 will be placed at 8024D1EC (length = 14 bytes)
$SignString62 will be placed at 8024D200 (length = 14 bytes)
$SignString61 will be placed at 8024D214 (length = 14 bytes)
$SignString60 will be placed at 8024D228 (length = 14 bytes)
$SignString79 will be placed at 8024D23C (length = 14 bytes)
$SignString78 will be placed at 8024D250 (length = 14 bytes)
$SignString77 will be placed at 8024D264 (length = 14 bytes)
$SignString76 will be placed at 8024D278 (length = 14 bytes)
$SignString75 will be placed at 8024D28C (length = 14 bytes)
$SignString74 will be placed at 8024D2A0 (length = 14 bytes)
$SignString73 will be placed at 8024D2B4 (length = 14 bytes)
$SignString72 will be placed at 8024D2C8 (length = 14 bytes)
$SignString71 will be placed at 8024D2DC (length = 14 bytes)
$SignString70 will be placed at 8024D2F0 (length = 14 bytes)
$SignString89 will be placed at 8024D304 (length = 14 bytes)
$SignString88 will be placed at 8024D318 (length = 14 bytes)
$SignString87 will be placed at 8024D32C (length = 14 bytes)
$SignString86 will be placed at 8024D340 (length = 14 bytes)
$SignString85 will be placed at 8024D354 (length = 14 bytes)
$SignString84 will be placed at 8024D368 (length = 14 bytes)
$SignString83 will be placed at 8024D37C (length = 14 bytes)
$SignString82 will be placed at 8024D390 (length = 14 bytes)
$SignString81 will be placed at 8024D3A4 (length = 14 bytes)
$SignString80 will be placed at 8024D3B8 (length = 14 bytes)
$SignString19 will be placed at 8024D3CC (length = 14 bytes)
$SignString18 will be placed at 8024D3E0 (length = 14 bytes)
$SignString17 will be placed at 8024D3F4 (length = 14 bytes)
$SignString16 will be placed at 8024D408 (length = 14 bytes)
$SignString15 will be placed at 8024D41C (length = 14 bytes)
$SignString14 will be placed at 8024D430 (length = 14 bytes)
$SignString13 will be placed at 8024D444 (length = 14 bytes)
$SignString12 will be placed at 8024D458 (length = 14 bytes)
$SignString11 will be placed at 8024D46C (length = 14 bytes)
$SignString10 will be placed at 8024D480 (length = 14 bytes)
$SignString3 will be placed at 8024D494 (length = 14 bytes)
$SignString2 will be placed at 8024D4A8 (length = 14 bytes)
$SignString5 will be placed at 8024D4BC (length = 14 bytes)
$SignString4 will be placed at 8024D4D0 (length = 14 bytes)
$SignString7 will be placed at 8024D4E4 (length = 14 bytes)
$SignString6 will be placed at 8024D4F8 (length = 14 bytes)
$SignString9 will be placed at 8024D50C (length = 14 bytes)
$SignString8 will be placed at 8024D520 (length = 14 bytes)
$SignString29 will be placed at 8024D534 (length = 14 bytes)
$SignString28 will be placed at 8024D548 (length = 14 bytes)
$SignString27 will be placed at 8024D55C (length = 14 bytes)
$SignString26 will be placed at 8024D570 (length = 14 bytes)
$SignString25 will be placed at 8024D584 (length = 14 bytes)
$SignString24 will be placed at 8024D598 (length = 14 bytes)
$SignString23 will be placed at 8024D5AC (length = 14 bytes)
$SignString22 will be placed at 8024D5C0 (length = 14 bytes)
$SignString21 will be placed at 8024D5D4 (length = 14 bytes)
$SignString20 will be placed at 8024D5E8 (length = 14 bytes)
$SignString will be placed at 8024D5FC (length = 14 bytes)
$SignString39 will be placed at 8024D610 (length = 14 bytes)
$SignString38 will be placed at 8024D624 (length = 14 bytes)
$SignString37 will be placed at 8024D638 (length = 14 bytes)
$SignString36 will be placed at 8024D64C (length = 14 bytes)
$SignString35 will be placed at 8024D660 (length = 14 bytes)
$SignString34 will be placed at 8024D674 (length = 14 bytes)
$SignString33 will be placed at 8024D688 (length = 14 bytes)
$SignString32 will be placed at 8024D69C (length = 14 bytes)
$SignString31 will be placed at 8024D6B0 (length = 14 bytes)
$SignString30 will be placed at 8024D6C4 (length = 14 bytes)
$SignString49 will be placed at 8024D6D8 (length = 14 bytes)
$SignString48 will be placed at 8024D6EC (length = 14 bytes)
$SignString47 will be placed at 8024D700 (length = 14 bytes)
$SignString46 will be placed at 8024D714 (length = 14 bytes)
$SignString45 will be placed at 8024D728 (length = 14 bytes)
$SignString44 will be placed at 8024D73C (length = 14 bytes)
$SignString43 will be placed at 8024D750 (length = 14 bytes)
$SignString42 will be placed at 8024D764 (length = 14 bytes)
$SignString41 will be placed at 8024D778 (length = 14 bytes)
$SignString40 will be placed at 8024D78C (length = 14 bytes)
$ASCII_pit_02_Literal will be placed at 8024D7A0 (length = C bytes)
$ASCII_pit_90_Literal will be placed at 8024D7AC (length = C bytes)
$ASCII_pit_34_Literal will be placed at 8024D7B8 (length = C bytes)
$ASCII_pit_66_Literal will be placed at 8024D7C4 (length = C bytes)
$ASCII_pit_98_Literal will be placed at 8024D7D0 (length = C bytes)
$ASCII_pit_19_Literal will be placed at 8024D7DC (length = C bytes)
$ASCII_pit_57_Literal will be placed at 8024D7E8 (length = C bytes)
$ASCII_pit_69_Literal will be placed at 8024D7F4 (length = C bytes)
$ASCII_pit_72_Literal will be placed at 8024D800 (length = C bytes)
$ASCII_pit_81_Literal will be placed at 8024D80C (length = C bytes)
$ASCII_pit_43_Literal will be placed at 8024D818 (length = C bytes)
$ASCII_pit_28_Literal will be placed at 8024D824 (length = C bytes)
$ASCII_pit_78_Literal will be placed at 8024D830 (length = C bytes)
$ASCII_pit_63_Literal will be placed at 8024D83C (length = C bytes)
$ASCII_pit_46_Literal will be placed at 8024D848 (length = C bytes)
$ASCII_pit_95_Literal will be placed at 8024D854 (length = C bytes)
$ASCII_pit_16_Literal will be placed at 8024D860 (length = C bytes)
$ASCII_pit_37_Literal will be placed at 8024D86C (length = C bytes)
$ASCII_pit_22_Literal will be placed at 8024D878 (length = C bytes)
$ASCII_pit_05_Literal will be placed at 8024D884 (length = C bytes)
$ASCII_pit_25_Literal will be placed at 8024D890 (length = C bytes)
$ASCII_pit_54_Literal will be placed at 8024D89C (length = C bytes)
$ASCII_pit_08_Literal will be placed at 8024D8A8 (length = C bytes)
$ASCII_pit_87_Literal will be placed at 8024D8B4 (length = C bytes)
$ASCII_pit_75_Literal will be placed at 8024D8C0 (length = C bytes)
$ASCII_pit_13_Literal will be placed at 8024D8CC (length = C bytes)
$ASCII_pit_32_Literal will be placed at 8024D8D8 (length = C bytes)
$ASCII_pit_92_Literal will be placed at 8024D8E4 (length = C bytes)
$ASCII_pit_17_Literal will be placed at 8024D8F0 (length = C bytes)
$ASCII_pit_49_Literal will be placed at 8024D8FC (length = C bytes)
$ASCII_pit_77_Literal will be placed at 8024D908 (length = C bytes)
$ASCII_pit_96_Literal will be placed at 8024D914 (length = C bytes)
$ASCII_pit_68_Literal will be placed at 8024D920 (length = C bytes)
$ASCII_pit_51_Literal will be placed at 8024D92C (length = C bytes)
$ASCII_pit_04_Literal will be placed at 8024D938 (length = C bytes)
$ASCII_pit_83_Literal will be placed at 8024D944 (length = C bytes)
$ASCII_pit_86_Literal will be placed at 8024D950 (length = C bytes)
$ASCII_pit_26_Literal will be placed at 8024D95C (length = C bytes)
$ASCII_pit_41_Literal will be placed at 8024D968 (length = C bytes)
$ASCII_pit_14_Literal will be placed at 8024D974 (length = C bytes)
$ASCII_pit_74_Literal will be placed at 8024D980 (length = C bytes)
$ASCII_pit_60_Literal will be placed at 8024D98C (length = C bytes)
$ASCII_pit_59_Literal will be placed at 8024D998 (length = C bytes)
$ASCII_pit_93_Literal will be placed at 8024D9A4 (length = C bytes)
$ASCII_pit_65_Literal will be placed at 8024D9B0 (length = C bytes)
$ASCII_pit_07_Literal will be placed at 8024D9BC (length = C bytes)
$ASCII_pit_20_Literal will be placed at 8024D9C8 (length = C bytes)
$ASCII_pit_35_Literal will be placed at 8024D9D4 (length = C bytes)
$ASCII_pit_23_Literal will be placed at 8024D9E0 (length = C bytes)
$ASCII_pit_11_Literal will be placed at 8024D9EC (length = C bytes)
$ASCII_pit_56_Literal will be placed at 8024D9F8 (length = C bytes)
$ASCII_pit_44_Literal will be placed at 8024DA04 (length = C bytes)
$ASCII_pit_89_Literal will be placed at 8024DA10 (length = C bytes)
$ASCII_pit_79_Literal will be placed at 8024DA1C (length = C bytes)
$ASCII_pit_62_Literal will be placed at 8024DA28 (length = C bytes)
$ASCII_pit_94_Literal will be placed at 8024DA34 (length = C bytes)
$ASCII_pit_47_Literal will be placed at 8024DA40 (length = C bytes)
$ASCII_pit_21_Literal will be placed at 8024DA4C (length = C bytes)
$ASCII_pit_06_Literal will be placed at 8024DA58 (length = C bytes)
$ASCII_pit_53_Literal will be placed at 8024DA64 (length = C bytes)
$ASCII_pit_09_Literal will be placed at 8024DA70 (length = C bytes)
$ASCII_pit_88_Literal will be placed at 8024DA7C (length = C bytes)
$ASCII_pit_38_Literal will be placed at 8024DA88 (length = C bytes)
$ASCII_pit_24_Literal will be placed at 8024DA94 (length = C bytes)
$ASCII_pit_12_Literal will be placed at 8024DAA0 (length = C bytes)
$ASCII_pit_76_Literal will be placed at 8024DAAC (length = C bytes)
$ASCII_pit_01_Literal will be placed at 8024DAB8 (length = C bytes)
$ASCII_pit_50_Literal will be placed at 8024DAC4 (length = C bytes)
$ASCII_pit_33_Literal will be placed at 8024DAD0 (length = C bytes)
$ASCII_pit_99_Literal will be placed at 8024DADC (length = C bytes)
$ASCII_pit_67_Literal will be placed at 8024DAE8 (length = C bytes)
$ASCII_pit_71_Literal will be placed at 8024DAF4 (length = C bytes)
$ASCII_pit_42_Literal will be placed at 8024DB00 (length = C bytes)
$ASCII_pit_80_Literal will be placed at 8024DB0C (length = C bytes)
$ASCII_pit_29_Literal will be placed at 8024DB18 (length = C bytes)
$ASCII_pit_58_Literal will be placed at 8024DB24 (length = C bytes)
$ASCII_pit_30_Literal will be placed at 8024DB30 (length = C bytes)
$ASCII_pit_00_Literal will be placed at 8024DB3C (length = C bytes)
$ASCII_pit_64_Literal will be placed at 8024DB48 (length = C bytes)
$ASCII_pit_36_Literal will be placed at 8024DB54 (length = C bytes)
$ASCII_pit_55_Literal will be placed at 8024DB60 (length = C bytes)
$ASCII_pit_10_Literal will be placed at 8024DB6C (length = C bytes)
$ASCII_pit_45_Literal will be placed at 8024DB78 (length = C bytes)
$ASCII_pit_18_Literal will be placed at 8024DB84 (length = C bytes)
$ASCII_pit_48_Literal will be placed at 8024DB90 (length = C bytes)
$ASCII_pit_03_Literal will be placed at 8024DB9C (length = C bytes)
$ASCII_pit_31_Literal will be placed at 8024DBA8 (length = C bytes)
$ASCII_pit_91_Literal will be placed at 8024DBB4 (length = C bytes)
$ASCII_pit_97_Literal will be placed at 8024DBC0 (length = C bytes)
$ASCII_pit_82_Literal will be placed at 8024DBCC (length = C bytes)
$ASCII_pit_52_Literal will be placed at 8024DBD8 (length = C bytes)
$ASCII_pit_70_Literal will be placed at 8024DBE4 (length = C bytes)
$ASCII_pit_85_Literal will be placed at 8024DBF0 (length = C bytes)
$ASCII_pit_40_Literal will be placed at 8024DBFC (length = C bytes)
$ASCII_pit_39_Literal will be placed at 8024DC08 (length = C bytes)
$ASCII_pit_73_Literal will be placed at 8024DC14 (length = C bytes)
$ASCII_pit_15_Literal will be placed at 8024DC20 (length = C bytes)
$ASCII_pit_27_Literal will be placed at 8024DC2C (length = C bytes)
$ASCII_pit_61_Literal will be placed at 8024DC38 (length = C bytes)
$ConstDouble_80242298 will be placed at 8024DC44 (length = 8 bytes)
$ConstDouble_80242290 will be placed at 8024DC4C (length = 8 bytes)
$ASCII_pit_842_Literal will be placed at 8024DC54 (length = 8 bytes)
$ASCII_pit_100_Literal will be placed at 8024DC5C (length = 8 bytes)
$ASCII_tik_tex_Literal will be placed at 8024DC64 (length = 8 bytes)
$MoverCancel will be placed at 8024DC6C (length = 4 bytes)
$BanditMoverCancel will be placed at 8024DC70 (length = 4 bytes)
Executing patch: pit_74.mpat
Loaded map pit_74
Creating struct: $EntryList
Creating struct: $DeepestLevel
Creating struct: $TotalLevels
Creating struct: $LoadHighscores
Creating struct: $FallingDownPipe
Creating struct: $Function_GetPos
Creating struct: $Function2
Creating struct: $SetSpawns
Creating struct: $Script_SetNPCPos
Creating struct: $SwitchPath
Creating struct: $VectorList_80244998
Creating struct: $GetPos
Creating struct: $Function_GetDamageTaken
Creating struct: $Function_ResetDamage
Creating struct: $DispawnParthner
Creating struct: $RespawnParthner
Creating struct: $LoadMap
Creating struct: $Script_LoadMapMover_Roguelike
Creating struct: $GetFloor
Creating struct: $LoadCoinsMover
Creating struct: $LoadMapBandit
Creating struct: $GetFloorBandit
Creating struct: $SetSpawnsSpecial
Creating struct: $Function_LoadCoinsInToVar1
Creating struct: $Script_SetSpawnPosition
Creating struct: $Script_Init_80243B20
Creating struct: $Script_80243A6C
Creating struct: $Script_AddCoins
Creating struct: $Script_SubstractCoins
Creating struct: $NPC_Settings_Sack
Creating struct: $Script_Init_Bag
Creating struct: $Script_Init_Bag_HitBox
Creating struct: $Script_NPC_SackHit_Init
Creating struct: $Script_NPC_Sack_FX
Creating struct: $NPC_Sack_AnimationStart
Creating struct: $NPC_Sack_AnimationEnd
Creating struct: $Script_SackAnimation_Start_GoToTheRight
Creating struct: $Script_SackAnimation_Start_GoToTheLeft
Creating struct: $Script_SackAnimation_End_Right
Creating struct: $Script_SackAnimation_End_Left
Creating struct: $Function_LoadGainedCoins
Creating struct: $Function_RevivePlayer
Creating struct: $AISettings_MoneySack
Creating struct: $Script_NpcAI_MoneySack
Creating struct: $JumpTable_80242448
Creating struct: $Function_NpcAI_MoneySack
Creating struct: $Function_80240260
Creating struct: $Function_80240844
Creating struct: $Function_802409A8
Creating struct: $Script_TrackPlayer
Creating struct: $Script_PipeAnimation
Creating struct: $Function_SetAnimation
Creating struct: $Function_GetColliderPos
Creating struct: $Function_TrackInput
Creating struct: $GoToNextLevel
Creating struct: $GoToNextLevel_Roguelike
Creating struct: $Script_SetSetsOfLevels
Creating struct: $Script_LoadMap_Roguelike
Creating struct: $Script_LoadChestMap_Roguelike
Creating struct: $Script_LoadMap_Mover_Roguelike
Creating struct: $Script_LoadChestMap_Mover_Roguelike
Creating struct: $GetFloorPit
Creating struct: $GetFloorSign
Creating struct: $Function_GetTattle1
Creating struct: $Function_GetTattle2
Creating struct: $Script_ReadSign
Creating struct: $Header
Creating struct: $Function_Init
Creating struct: $Script_Main
Creating struct: $NpcGroup1
Creating struct: $NpcGroup2
Creating struct: $NpcGroup3
Creating struct: $NpcGroup4
Creating struct: $NpcGroup5
Creating struct: $NpcGroup6
Creating struct: $NpcGroup7
Creating struct: $NpcGroups
Creating struct: $NpcGroup_Mover
Creating struct: $BlankSettings
Creating struct: $Script_Init_Mover
Creating struct: $Interact_Mover
Creating struct: $Script_MoverWarpAnimation
Creating struct: $NpcGroup_BanditMover
Creating struct: $Script_Init_BanditMover
Creating struct: $Interact_BanditMover
Creating struct: $ExtraAnimationList_802418AC
Creating struct: $ExtraAnimationList_802418D4
Creating struct: $NpcGroup_Enemy1
Creating struct: $NpcGroup_Enemy2
Creating struct: $NpcGroup_Enemy3
Creating struct: $NpcGroup_Enemy4
Creating struct: $NpcGroup_Enemy5
Creating struct: $NpcGroup_Enemy6
Creating struct: $NpcSettings_Enemy1
Creating struct: $NpcSettings_Enemy1B
Creating struct: $Script_EnemyAI
Creating struct: $Script_EnemyBAI
Creating struct: $AISettings_Enemy
Creating struct: $Function_8024130C
Creating struct: $ConstDouble_80242510
Creating struct: $JumpTable_80242518
Creating struct: $Function_8024156C
Creating struct: $Function_80241158
Creating struct: $Function_80240F50
Creating struct: $Function_80240FBC
Creating struct: $Function_8024102C
Creating struct: $Function_80241104
Creating struct: $Script_DisableEnemyAI
Creating struct: $AISettings_DisableEnemy
Creating struct: $PipeSpawning
Creating struct: $Script_MakeEntities
Creating struct: $CommingDownPipe
Creating struct: $Script_MakeExits
Creating struct: $Script_Exit0
Merged 1 regions to 1
$Script_LoadMap_Mover_Roguelike will be placed at 80240000 (length = F14 bytes)
$LoadMap will be placed at 80240F14 (length = EF4 bytes)
$Script_ReadSign will be placed at 80241E08 (length = EEC bytes)
$LoadMapBandit will be placed at 80242CF4 (length = EA4 bytes)
$Script_LoadMap_Roguelike will be placed at 80243B98 (length = D9C bytes)
$GoToNextLevel will be placed at 80244934 (length = D10 bytes)
$GoToNextLevel_Roguelike will be placed at 80245644 (length = 868 bytes)
$SetSpawnsSpecial will be placed at 80245EAC (length = 608 bytes)
$Function_80240260 will be placed at 802464B4 (length = 5E4 bytes)
$NpcGroup_Enemy3 will be placed at 80246A98 (length = 3E0 bytes)
$NpcGroup_Enemy4 will be placed at 80246E78 (length = 3E0 bytes)
$NpcGroup_Enemy5 will be placed at 80247258 (length = 3E0 bytes)
$NpcGroup_Enemy6 will be placed at 80247638 (length = 3E0 bytes)
$NpcGroup_Enemy1 will be placed at 80247A18 (length = 3E0 bytes)
$NpcGroup_Enemy2 will be placed at 80247DF8 (length = 3E0 bytes)
$SetSpawns will be placed at 802481D8 (length = 384 bytes)
$FallingDownPipe will be placed at 8024855C (length = 37C bytes)
$Script_SetSetsOfLevels will be placed at 802488D8 (length = 358 bytes)
$Script_SetNPCPos will be placed at 80248C30 (length = 2F4 bytes)
$Function_8024156C will be placed at 80248F24 (length = 2B4 bytes)
$Function_8024130C will be placed at 802491D8 (length = 260 bytes)
$Script_Main will be placed at 80249438 (length = 254 bytes)
$Function_NpcAI_MoneySack will be placed at 8024968C (length = 238 bytes)
$Script_SetSpawnPosition will be placed at 802498C4 (length = 234 bytes)
$Script_SackAnimation_Start_GoToTheRight will be placed at 80249AF8 (length = 230 bytes)
$Script_SackAnimation_Start_GoToTheLeft will be placed at 80249D28 (length = 1F8 bytes)
$Interact_Mover will be placed at 80249F20 (length = 1F8 bytes)
$NpcGroup_Mover will be placed at 8024A118 (length = 1F0 bytes)
$NpcGroup_BanditMover will be placed at 8024A308 (length = 1F0 bytes)
$Interact_BanditMover will be placed at 8024A4F8 (length = 1EC bytes)
$Script_PipeAnimation will be placed at 8024A6E4 (length = 1D0 bytes)
$Function_80241158 will be placed at 8024A8B4 (length = 1AC bytes)
$JumpTable_80242448 will be placed at 8024AA60 (length = 190 bytes)
$JumpTable_80242518 will be placed at 8024ABF0 (length = 190 bytes)
$Script_LoadChestMap_Mover_Roguelike will be placed at 8024AD80 (length = 18C bytes)
$PipeSpawning will be placed at 8024AF0C (length = 178 bytes)
$NPC_Sack_AnimationStart will be placed at 8024B084 (length = 168 bytes)
$Function_80240844 will be placed at 8024B1EC (length = 164 bytes)
$Script_LoadChestMap_Roguelike will be placed at 8024B350 (length = 164 bytes)
$Script_NPC_SackHit_Init will be placed at 8024B4B4 (length = 160 bytes)
$Script_SackAnimation_End_Right will be placed at 8024B614 (length = 158 bytes)
$Script_SackAnimation_End_Left will be placed at 8024B76C (length = 150 bytes)
$MapTattle5 will be placed at 8024B8BC (length = 13C bytes)
$MapTattle4 will be placed at 8024B9F8 (length = 130 bytes)
$GetFloor will be placed at 8024BB28 (length = 12C bytes)
$BanditMover_Tattle will be placed at 8024BC54 (length = 124 bytes)
$Script_80243A6C will be placed at 8024BD78 (length = 114 bytes)
$Script_SubstractCoins will be placed at 8024BE8C (length = 10C bytes)
$Script_LoadMapMover_Roguelike will be placed at 8024BF98 (length = 104 bytes)
$GetFloorBandit will be placed at 8024C09C (length = F4 bytes)
$Script_MoverWarpAnimation will be placed at 8024C190 (length = F0 bytes)
$Function_GetColliderPos will be placed at 8024C280 (length = E0 bytes)
$Function_GetPos will be placed at 8024C360 (length = E0 bytes)
$Script_TrackPlayer will be placed at 8024C440 (length = DC bytes)
$Function_8024102C will be placed at 8024C51C (length = D8 bytes)
$MapTattle2 will be placed at 8024C5F4 (length = D4 bytes)
$Function_TrackInput will be placed at 8024C6C8 (length = BC bytes)
$MapTattle3 will be placed at 8024C784 (length = B0 bytes)
$Script_EnemyBAI will be placed at 8024C834 (length = A8 bytes)
$Script_MakeEntities will be placed at 8024C8DC (length = A8 bytes)
$MapTattle1 will be placed at 8024C984 (length = A8 bytes)
$Script_NpcAI_MoneySack will be placed at 8024CA2C (length = A8 bytes)
$MoverStart will be placed at 8024CAD4 (length = A4 bytes)
$SwitchPath will be placed at 8024CB78 (length = A4 bytes)
$Script_NPC_Sack_FX will be placed at 8024CC1C (length = A4 bytes)
$GetPos will be placed at 8024CCC0 (length = 9C bytes)
$Script_AddCoins will be placed at 8024CD5C (length = 98 bytes)
$BanditMoverStart will be placed at 8024CDF4 (length = 98 bytes)
$Mover_Tattle will be placed at 8024CE8C (length = 94 bytes)
$Function_GetTattle1 will be placed at 8024CF20 (length = 8C bytes)
$NPC_Sack_AnimationEnd will be placed at 8024CFAC (length = 84 bytes)
$BanditMover_Options will be placed at 8024D030 (length = 80 bytes)
$SignStringBug will be placed at 8024D0B0 (length = 7C bytes)
$LoadHighscores will be placed at 8024D12C (length = 7C bytes)
$Mover_Options will be placed at 8024D1A8 (length = 78 bytes)
$Function_80240FBC will be placed at 8024D220 (length = 70 bytes)
$Script_EnemyAI will be placed at 8024D290 (length = 70 bytes)
$NpcGroups will be placed at 8024D300 (length = 6C bytes)
$DeepestLevel will be placed at 8024D36C (length = 6C bytes)
$Function2 will be placed at 8024D3D8 (length = 6C bytes)
$Function_80240F50 will be placed at 8024D444 (length = 6C bytes)
$LoadCoinsMover will be placed at 8024D4B0 (length = 6C bytes)
$Function_SetAnimation will be placed at 8024D51C (length = 6C bytes)
$GetFloorPit will be placed at 8024D588 (length = 68 bytes)
$MoverEnd will be placed at 8024D5F0 (length = 68 bytes)
$BanditMoverEnd will be placed at 8024D658 (length = 68 bytes)
$GetFloorSign will be placed at 8024D6C0 (length = 64 bytes)
$BanditMoverNoCoins will be placed at 8024D724 (length = 58 bytes)
$MoverNoCoins will be placed at 8024D77C (length = 58 bytes)
$Function_80241104 will be placed at 8024D7D4 (length = 54 bytes)
$Function_GetTattle2 will be placed at 8024D828 (length = 48 bytes)
$CommingDownPipe will be placed at 8024D870 (length = 48 bytes)
$Script_Exit0 will be placed at 8024D8B8 (length = 48 bytes)
$Function_LoadCoinsInToVar1 will be placed at 8024D900 (length = 48 bytes)
$Function_LoadGainedCoins will be placed at 8024D948 (length = 48 bytes)
$Function_Init will be placed at 8024D990 (length = 44 bytes)
$Function_802409A8 will be placed at 8024D9D4 (length = 44 bytes)
$Header will be placed at 8024DA18 (length = 40 bytes)
$Script_Init_Bag will be placed at 8024DA58 (length = 38 bytes)
$TotalLevels will be placed at 8024DA90 (length = 38 bytes)
$Script_Init_Bag_HitBox will be placed at 8024DAC8 (length = 38 bytes)
$DispawnParthner will be placed at 8024DB00 (length = 34 bytes)
$Function_ResetDamage will be placed at 8024DB34 (length = 34 bytes)
$AISettings_MoneySack will be placed at 8024DB68 (length = 30 bytes)
$AISettings_Enemy will be placed at 8024DB98 (length = 30 bytes)
$AISettings_DisableEnemy will be placed at 8024DBC8 (length = 30 bytes)
$RespawnParthner will be placed at 8024DBF8 (length = 30 bytes)
$NPC_Settings_Sack will be placed at 8024DC28 (length = 2C bytes)
$Function_GetDamageTaken will be placed at 8024DC54 (length = 2C bytes)
$NpcSettings_Enemy1 will be placed at 8024DC80 (length = 2C bytes)
$Function_RevivePlayer will be placed at 8024DCAC (length = 2C bytes)
$String_CoinsGained will be placed at 8024DCD8 (length = 2C bytes)
$BlankSettings will be placed at 8024DD04 (length = 2C bytes)
$NpcSettings_Enemy1B will be placed at 8024DD30 (length = 2C bytes)
$Script_MakeExits will be placed at 8024DD5C (length = 2C bytes)
$ExtraAnimationList_802418AC will be placed at 8024DD88 (length = 28 bytes)
$NpcGroup7 will be placed at 8024DDB0 (length = 24 bytes)
$VectorList_80244998 will be placed at 8024DDD4 (length = 24 bytes)
$Script_Init_80243B20 will be placed at 8024DDF8 (length = 24 bytes)
$Script_Init_Mover will be placed at 8024DE1C (length = 24 bytes)
$Script_Init_BanditMover will be placed at 8024DE40 (length = 24 bytes)
$Script_DisableEnemyAI will be placed at 8024DE64 (length = 20 bytes)
$EntryList will be placed at 8024DE84 (length = 20 bytes)
$NpcGroup6 will be placed at 8024DEA4 (length = 18 bytes)
$NpcGroup3 will be placed at 8024DEBC (length = 18 bytes)
$NpcGroup2 will be placed at 8024DED4 (length = 18 bytes)
$NpcGroup5 will be placed at 8024DEEC (length = 18 bytes)
$NpcGroup4 will be placed at 8024DF04 (length = 18 bytes)
$NpcGroup1 will be placed at 8024DF1C (length = 18 bytes)
$SignString100 will be placed at 8024DF34 (length = 18 bytes)
$SignString1 will be placed at 8024DF4C (length = 14 bytes)
$SignString99 will be placed at 8024DF60 (length = 14 bytes)
$SignString98 will be placed at 8024DF74 (length = 14 bytes)
$SignString97 will be placed at 8024DF88 (length = 14 bytes)
$SignString96 will be placed at 8024DF9C (length = 14 bytes)
$SignString95 will be placed at 8024DFB0 (length = 14 bytes)
$SignString94 will be placed at 8024DFC4 (length = 14 bytes)
$SignString93 will be placed at 8024DFD8 (length = 14 bytes)
$SignString92 will be placed at 8024DFEC (length = 14 bytes)
$SignString91 will be placed at 8024E000 (length = 14 bytes)
$SignString90 will be placed at 8024E014 (length = 14 bytes)
$SignString59 will be placed at 8024E028 (length = 14 bytes)
$SignString58 will be placed at 8024E03C (length = 14 bytes)
$SignString57 will be placed at 8024E050 (length = 14 bytes)
$SignString56 will be placed at 8024E064 (length = 14 bytes)
$SignString55 will be placed at 8024E078 (length = 14 bytes)
$SignString54 will be placed at 8024E08C (length = 14 bytes)
$SignString53 will be placed at 8024E0A0 (length = 14 bytes)
$SignString52 will be placed at 8024E0B4 (length = 14 bytes)
$SignString51 will be placed at 8024E0C8 (length = 14 bytes)
$SignString50 will be placed at 8024E0DC (length = 14 bytes)
$SignString69 will be placed at 8024E0F0 (length = 14 bytes)
$SignString68 will be placed at 8024E104 (length = 14 bytes)
$SignString67 will be placed at 8024E118 (length = 14 bytes)
$SignString66 will be placed at 8024E12C (length = 14 bytes)
$SignString65 will be placed at 8024E140 (length = 14 bytes)
$SignString64 will be placed at 8024E154 (length = 14 bytes)
$SignString63 will be placed at 8024E168 (length = 14 bytes)
$SignString62 will be placed at 8024E17C (length = 14 bytes)
$SignString61 will be placed at 8024E190 (length = 14 bytes)
$SignString60 will be placed at 8024E1A4 (length = 14 bytes)
$SignString79 will be placed at 8024E1B8 (length = 14 bytes)
$SignString78 will be placed at 8024E1CC (length = 14 bytes)
$SignString77 will be placed at 8024E1E0 (length = 14 bytes)
$SignString76 will be placed at 8024E1F4 (length = 14 bytes)
$SignString75 will be placed at 8024E208 (length = 14 bytes)
$SignString74 will be placed at 8024E21C (length = 14 bytes)
$SignString73 will be placed at 8024E230 (length = 14 bytes)
$SignString72 will be placed at 8024E244 (length = 14 bytes)
$SignString71 will be placed at 8024E258 (length = 14 bytes)
$SignString70 will be placed at 8024E26C (length = 14 bytes)
$SignString89 will be placed at 8024E280 (length = 14 bytes)
$SignString88 will be placed at 8024E294 (length = 14 bytes)
$SignString87 will be placed at 8024E2A8 (length = 14 bytes)
$SignString86 will be placed at 8024E2BC (length = 14 bytes)
$SignString85 will be placed at 8024E2D0 (length = 14 bytes)
$SignString84 will be placed at 8024E2E4 (length = 14 bytes)
$SignString83 will be placed at 8024E2F8 (length = 14 bytes)
$SignString82 will be placed at 8024E30C (length = 14 bytes)
$SignString81 will be placed at 8024E320 (length = 14 bytes)
$SignString80 will be placed at 8024E334 (length = 14 bytes)
$SignString19 will be placed at 8024E348 (length = 14 bytes)
$SignString18 will be placed at 8024E35C (length = 14 bytes)
$SignString17 will be placed at 8024E370 (length = 14 bytes)
$SignString16 will be placed at 8024E384 (length = 14 bytes)
$SignString15 will be placed at 8024E398 (length = 14 bytes)
$SignString14 will be placed at 8024E3AC (length = 14 bytes)
$SignString13 will be placed at 8024E3C0 (length = 14 bytes)
$SignString12 will be placed at 8024E3D4 (length = 14 bytes)
$SignString11 will be placed at 8024E3E8 (length = 14 bytes)
$SignString10 will be placed at 8024E3FC (length = 14 bytes)
$SignString3 will be placed at 8024E410 (length = 14 bytes)
$SignString2 will be placed at 8024E424 (length = 14 bytes)
$SignString5 will be placed at 8024E438 (length = 14 bytes)
$SignString4 will be placed at 8024E44C (length = 14 bytes)
$SignString7 will be placed at 8024E460 (length = 14 bytes)
$SignString6 will be placed at 8024E474 (length = 14 bytes)
$SignString9 will be placed at 8024E488 (length = 14 bytes)
$SignString8 will be placed at 8024E49C (length = 14 bytes)
$SignString29 will be placed at 8024E4B0 (length = 14 bytes)
$SignString28 will be placed at 8024E4C4 (length = 14 bytes)
$SignString27 will be placed at 8024E4D8 (length = 14 bytes)
$SignString26 will be placed at 8024E4EC (length = 14 bytes)
$SignString25 will be placed at 8024E500 (length = 14 bytes)
$SignString24 will be placed at 8024E514 (length = 14 bytes)
$SignString23 will be placed at 8024E528 (length = 14 bytes)
$SignString22 will be placed at 8024E53C (length = 14 bytes)
$SignString21 will be placed at 8024E550 (length = 14 bytes)
$SignString20 will be placed at 8024E564 (length = 14 bytes)
$SignString will be placed at 8024E578 (length = 14 bytes)
$SignString39 will be placed at 8024E58C (length = 14 bytes)
$SignString38 will be placed at 8024E5A0 (length = 14 bytes)
$SignString37 will be placed at 8024E5B4 (length = 14 bytes)
$SignString36 will be placed at 8024E5C8 (length = 14 bytes)
$SignString35 will be placed at 8024E5DC (length = 14 bytes)
$SignString34 will be placed at 8024E5F0 (length = 14 bytes)
$SignString33 will be placed at 8024E604 (length = 14 bytes)
$SignString32 will be placed at 8024E618 (length = 14 bytes)
$SignString31 will be placed at 8024E62C (length = 14 bytes)
$SignString30 will be placed at 8024E640 (length = 14 bytes)
$SignString49 will be placed at 8024E654 (length = 14 bytes)
$SignString48 will be placed at 8024E668 (length = 14 bytes)
$SignString47 will be placed at 8024E67C (length = 14 bytes)
$SignString46 will be placed at 8024E690 (length = 14 bytes)
$SignString45 will be placed at 8024E6A4 (length = 14 bytes)
$SignString44 will be placed at 8024E6B8 (length = 14 bytes)
$SignString43 will be placed at 8024E6CC (length = 14 bytes)
$SignString42 will be placed at 8024E6E0 (length = 14 bytes)
$SignString41 will be placed at 8024E6F4 (length = 14 bytes)
$SignString40 will be placed at 8024E708 (length = 14 bytes)
$ASCII_pit_02_Literal will be placed at 8024E71C (length = C bytes)
$ASCII_pit_90_Literal will be placed at 8024E728 (length = C bytes)
$ASCII_pit_34_Literal will be placed at 8024E734 (length = C bytes)
$ASCII_pit_66_Literal will be placed at 8024E740 (length = C bytes)
$ASCII_pit_98_Literal will be placed at 8024E74C (length = C bytes)
$ASCII_pit_19_Literal will be placed at 8024E758 (length = C bytes)
$ASCII_pit_57_Literal will be placed at 8024E764 (length = C bytes)
$ASCII_pit_69_Literal will be placed at 8024E770 (length = C bytes)
$ASCII_pit_72_Literal will be placed at 8024E77C (length = C bytes)
$ASCII_pit_81_Literal will be placed at 8024E788 (length = C bytes)
$ASCII_pit_43_Literal will be placed at 8024E794 (length = C bytes)
$ASCII_pit_28_Literal will be placed at 8024E7A0 (length = C bytes)
$ASCII_pit_78_Literal will be placed at 8024E7AC (length = C bytes)
$ASCII_pit_63_Literal will be placed at 8024E7B8 (length = C bytes)
$ASCII_pit_46_Literal will be placed at 8024E7C4 (length = C bytes)
$ASCII_pit_95_Literal will be placed at 8024E7D0 (length = C bytes)
$ASCII_pit_16_Literal will be placed at 8024E7DC (length = C bytes)
$ASCII_pit_37_Literal will be placed at 8024E7E8 (length = C bytes)
$ASCII_pit_22_Literal will be placed at 8024E7F4 (length = C bytes)
$ASCII_pit_05_Literal will be placed at 8024E800 (length = C bytes)
$ASCII_pit_25_Literal will be placed at 8024E80C (length = C bytes)
$ASCII_pit_54_Literal will be placed at 8024E818 (length = C bytes)
$ASCII_pit_08_Literal will be placed at 8024E824 (length = C bytes)
$ASCII_pit_87_Literal will be placed at 8024E830 (length = C bytes)
$ASCII_pit_75_Literal will be placed at 8024E83C (length = C bytes)
$ASCII_pit_13_Literal will be placed at 8024E848 (length = C bytes)
$ASCII_pit_32_Literal will be placed at 8024E854 (length = C bytes)
$ASCII_pit_92_Literal will be placed at 8024E860 (length = C bytes)
$ASCII_pit_17_Literal will be placed at 8024E86C (length = C bytes)
$ASCII_pit_49_Literal will be placed at 8024E878 (length = C bytes)
$ASCII_pit_77_Literal will be placed at 8024E884 (length = C bytes)
$ASCII_pit_96_Literal will be placed at 8024E890 (length = C bytes)
$ASCII_pit_68_Literal will be placed at 8024E89C (length = C bytes)
$ASCII_pit_51_Literal will be placed at 8024E8A8 (length = C bytes)
$ASCII_pit_04_Literal will be placed at 8024E8B4 (length = C bytes)
$ASCII_pit_83_Literal will be placed at 8024E8C0 (length = C bytes)
$ASCII_pit_86_Literal will be placed at 8024E8CC (length = C bytes)
$ASCII_pit_26_Literal will be placed at 8024E8D8 (length = C bytes)
$ASCII_pit_41_Literal will be placed at 8024E8E4 (length = C bytes)
$ASCII_pit_14_Literal will be placed at 8024E8F0 (length = C bytes)
$ASCII_pit_74_Literal will be placed at 8024E8FC (length = C bytes)
$ASCII_pit_60_Literal will be placed at 8024E908 (length = C bytes)
$ASCII_pit_59_Literal will be placed at 8024E914 (length = C bytes)
$ASCII_pit_93_Literal will be placed at 8024E920 (length = C bytes)
$ASCII_pit_65_Literal will be placed at 8024E92C (length = C bytes)
$ASCII_pit_07_Literal will be placed at 8024E938 (length = C bytes)
$ASCII_pit_20_Literal will be placed at 8024E944 (length = C bytes)
$ASCII_pit_35_Literal will be placed at 8024E950 (length = C bytes)
$ASCII_pit_23_Literal will be placed at 8024E95C (length = C bytes)
$ASCII_pit_11_Literal will be placed at 8024E968 (length = C bytes)
$ASCII_pit_56_Literal will be placed at 8024E974 (length = C bytes)
$ASCII_pit_44_Literal will be placed at 8024E980 (length = C bytes)
$ASCII_pit_89_Literal will be placed at 8024E98C (length = C bytes)
$ASCII_pit_79_Literal will be placed at 8024E998 (length = C bytes)
$ASCII_pit_62_Literal will be placed at 8024E9A4 (length = C bytes)
$ASCII_pit_94_Literal will be placed at 8024E9B0 (length = C bytes)
$ASCII_pit_47_Literal will be placed at 8024E9BC (length = C bytes)
$ASCII_pit_21_Literal will be placed at 8024E9C8 (length = C bytes)
$ASCII_pit_06_Literal will be placed at 8024E9D4 (length = C bytes)
$ASCII_pit_53_Literal will be placed at 8024E9E0 (length = C bytes)
$ASCII_pit_09_Literal will be placed at 8024E9EC (length = C bytes)
$ASCII_pit_88_Literal will be placed at 8024E9F8 (length = C bytes)
$ASCII_pit_38_Literal will be placed at 8024EA04 (length = C bytes)
$ASCII_pit_24_Literal will be placed at 8024EA10 (length = C bytes)
$ASCII_pit_12_Literal will be placed at 8024EA1C (length = C bytes)
$ASCII_pit_76_Literal will be placed at 8024EA28 (length = C bytes)
$ASCII_pit_01_Literal will be placed at 8024EA34 (length = C bytes)
$ASCII_pit_50_Literal will be placed at 8024EA40 (length = C bytes)
$ASCII_pit_33_Literal will be placed at 8024EA4C (length = C bytes)
$ASCII_pit_99_Literal will be placed at 8024EA58 (length = C bytes)
$ASCII_pit_67_Literal will be placed at 8024EA64 (length = C bytes)
$ASCII_pit_71_Literal will be placed at 8024EA70 (length = C bytes)
$ASCII_pit_42_Literal will be placed at 8024EA7C (length = C bytes)
$ASCII_pit_80_Literal will be placed at 8024EA88 (length = C bytes)
$ASCII_pit_29_Literal will be placed at 8024EA94 (length = C bytes)
$ASCII_pit_58_Literal will be placed at 8024EAA0 (length = C bytes)
$ASCII_pit_30_Literal will be placed at 8024EAAC (length = C bytes)
$ASCII_pit_00_Literal will be placed at 8024EAB8 (length = C bytes)
$ASCII_pit_64_Literal will be placed at 8024EAC4 (length = C bytes)
$ASCII_pit_36_Literal will be placed at 8024EAD0 (length = C bytes)
$ASCII_pit_55_Literal will be placed at 8024EADC (length = C bytes)
$ASCII_pit_10_Literal will be placed at 8024EAE8 (length = C bytes)
$ASCII_pit_45_Literal will be placed at 8024EAF4 (length = C bytes)
$ASCII_pit_18_Literal will be placed at 8024EB00 (length = C bytes)
$ASCII_pit_48_Literal will be placed at 8024EB0C (length = C bytes)
$ASCII_pit_03_Literal will be placed at 8024EB18 (length = C bytes)
$ASCII_pit_31_Literal will be placed at 8024EB24 (length = C bytes)
$ASCII_pit_91_Literal will be placed at 8024EB30 (length = C bytes)
$ASCII_pit_97_Literal will be placed at 8024EB3C (length = C bytes)
$ASCII_pit_82_Literal will be placed at 8024EB48 (length = C bytes)
$ASCII_pit_52_Literal will be placed at 8024EB54 (length = C bytes)
$ASCII_pit_70_Literal will be placed at 8024EB60 (length = C bytes)
$ASCII_pit_85_Literal will be placed at 8024EB6C (length = C bytes)
$ASCII_pit_40_Literal will be placed at 8024EB78 (length = C bytes)
$ASCII_pit_39_Literal will be placed at 8024EB84 (length = C bytes)
$ASCII_pit_73_Literal will be placed at 8024EB90 (length = C bytes)
$ASCII_pit_15_Literal will be placed at 8024EB9C (length = C bytes)
$ASCII_pit_27_Literal will be placed at 8024EBA8 (length = C bytes)
$ASCII_pit_61_Literal will be placed at 8024EBB4 (length = C bytes)
$ExtraAnimationList_802418D4 will be placed at 8024EBC0 (length = 8 bytes)
$ConstDouble_80242510 will be placed at 8024EBC8 (length = 8 bytes)
$ASCII_pit_842_Literal will be placed at 8024EBD0 (length = 8 bytes)
$ASCII_pit_100_Literal will be placed at 8024EBD8 (length = 8 bytes)
$ASCII_tik_tex_Literal will be placed at 8024EBE0 (length = 8 bytes)
$MoverCancel will be placed at 8024EBE8 (length = 4 bytes)
$BanditMoverCancel will be placed at 8024EBEC (length = 4 bytes)
Executing patch: pit_75.mpat
Loaded map pit_51
Creating struct: $EntryList
Creating struct: $DeepestLevel
Creating struct: $TotalLevels
Creating struct: $LoadHighscores
Creating struct: $FallingDownPipe
Creating struct: $Function_GetPos
Creating struct: $Function2
Creating struct: $SetSpawns
Creating struct: $Script_SetNPCPos
Creating struct: $SwitchPath
Creating struct: $VectorList_80244998
Creating struct: $GetPos
Creating struct: $Function_GetDamageTaken
Creating struct: $Function_ResetDamage
Creating struct: $DispawnParthner
Creating struct: $RespawnParthner
Creating struct: $LoadMap
Creating struct: $Script_LoadMapMover_Roguelike
Creating struct: $GetFloor
Creating struct: $LoadCoinsMover
Creating struct: $LoadMapBandit
Creating struct: $GetFloorBandit
Creating struct: $Script_Init_80243B20
Creating struct: $Script_80243A6C
Creating struct: $Script_AddCoins
Creating struct: $Script_SubstractCoins
Creating struct: $NPC_Settings_Sack
Creating struct: $Script_Init_Bag
Creating struct: $Script_Init_Bag_HitBox
Creating struct: $Script_NPC_SackHit_Init
Creating struct: $Script_NPC_Sack_FX
Creating struct: $NPC_Sack_AnimationStart
Creating struct: $NPC_Sack_AnimationEnd
Creating struct: $Script_SackAnimation_Start_GoToTheRight
Creating struct: $Script_SackAnimation_Start_GoToTheLeft
Creating struct: $Script_SackAnimation_End_Right
Creating struct: $Script_SackAnimation_End_Left
Creating struct: $Function_LoadGainedCoins
Creating struct: $Function_RevivePlayer
Creating struct: $AISettings_MoneySack
Creating struct: $Script_NpcAI_MoneySack
Creating struct: $JumpTable_80242448
Creating struct: $Function_NpcAI_MoneySack
Creating struct: $Function_80240260
Creating struct: $Function_80240844
Creating struct: $Function_802409A8
Creating struct: $Script_TrackPlayer
Creating struct: $Script_PipeAnimation
Creating struct: $Function_SetAnimation
Creating struct: $Function_GetColliderPos
Creating struct: $Function_TrackInput
Creating struct: $GoToNextLevel
Creating struct: $GoToNextLevel_Roguelike
Creating struct: $Script_SetSetsOfLevels
Creating struct: $Script_LoadMap_Roguelike
Creating struct: $Script_LoadChestMap_Roguelike
Creating struct: $Script_LoadMap_Mover_Roguelike
Creating struct: $Script_LoadChestMap_Mover_Roguelike
Creating struct: $GetFloorPit
Creating struct: $GetFloorSign
Creating struct: $Function_GetTattle1
Creating struct: $Function_GetTattle2
Creating struct: $Script_ReadSign
Creating struct: $Header
Creating struct: $Function_Init
Creating struct: $Script_Main
Creating struct: $NpcGroups
Creating struct: $NpcGroup_Mover
Creating struct: $BlankSettings
Creating struct: $Script_Init_Mover
Creating struct: $Interact_Mover
Creating struct: $Script_MoverWarpAnimation
Creating struct: $NpcGroup_BanditMover
Creating struct: $Script_Init_BanditMover
Creating struct: $Interact_BanditMover
Creating struct: $NpcGroup_Enemy1
Creating struct: $NpcGroup_Enemy2
Creating struct: $NpcGroup_Enemy3
Creating struct: $NpcGroup_Enemy4
Creating struct: $NpcGroup_Enemy5
Creating struct: $NpcGroup_Enemy6
Creating struct: $NpcSettings_Enemy1
Creating struct: $Script_EnemyAI
Creating struct: $AISettings_Enemy
Creating struct: $ConstDouble_80246500
Creating struct: $ConstDouble_80246508
Creating struct: $ConstDouble_80246510
Creating struct: $ConstDouble_80246558
Creating struct: $JumpTable_80246560
Creating struct: $FloatTable_80244900
Creating struct: $Function_80241DE4
Creating struct: $Function_802416C8
Creating struct: $Function_802404E0
Creating struct: $Function_80240690
Creating struct: $Function_80240CB8
Creating struct: $Function_80240D78
Creating struct: $Function_802410BC
Creating struct: $Function_80241134
Creating struct: $Function_802419D8
Creating struct: $Function_80241B08
Creating struct: $Function_80241D88
Creating struct: $Script_DisableEnemyAI
Creating struct: $AISettings_DisableEnemy
Creating struct: $PipeSpawning
Creating struct: $Script_MakeEntities
Creating struct: $CommingDownPipe
Creating struct: $Script_MakeExits
Creating struct: $Script_Exit0
Merged 1 regions to 1
$Script_LoadMap_Mover_Roguelike will be placed at 80240000 (length = F14 bytes)
$LoadMap will be placed at 80240F14 (length = EF4 bytes)
$Script_ReadSign will be placed at 80241E08 (length = EEC bytes)
$LoadMapBandit will be placed at 80242CF4 (length = EA4 bytes)
$Script_LoadMap_Roguelike will be placed at 80243B98 (length = D9C bytes)
$GoToNextLevel will be placed at 80244934 (length = D10 bytes)
$GoToNextLevel_Roguelike will be placed at 80245644 (length = 868 bytes)
$Function_80240690 will be placed at 80245EAC (length = 620 bytes)
$Function_80240260 will be placed at 802464CC (length = 5E4 bytes)
$SetSpawns will be placed at 80246AB0 (length = 384 bytes)
$FallingDownPipe will be placed at 80246E34 (length = 37C bytes)
$Script_SetSetsOfLevels will be placed at 802471B0 (length = 358 bytes)
$Function_80240D78 will be placed at 80247508 (length = 344 bytes)
$Script_SetNPCPos will be placed at 8024784C (length = 2F4 bytes)
$Function_80241B08 will be placed at 80247B40 (length = 284 bytes)
$Function_NpcAI_MoneySack will be placed at 80247DC4 (length = 238 bytes)
$Script_SackAnimation_Start_GoToTheRight will be placed at 80247FFC (length = 230 bytes)
$Script_SackAnimation_Start_GoToTheLeft will be placed at 8024822C (length = 1F8 bytes)
$Interact_Mover will be placed at 80248424 (length = 1F8 bytes)
$NpcGroup_Enemy3 will be placed at 8024861C (length = 1F0 bytes)
$NpcGroup_Enemy4 will be placed at 8024880C (length = 1F0 bytes)
$NpcGroup_Enemy5 will be placed at 802489FC (length = 1F0 bytes)
$NpcGroup_Enemy6 will be placed at 80248BEC (length = 1F0 bytes)
$NpcGroup_Enemy1 will be placed at 80248DDC (length = 1F0 bytes)
$NpcGroup_Enemy2 will be placed at 80248FCC (length = 1F0 bytes)
$NpcGroup_Mover will be placed at 802491BC (length = 1F0 bytes)
$NpcGroup_BanditMover will be placed at 802493AC (length = 1F0 bytes)
$Interact_BanditMover will be placed at 8024959C (length = 1EC bytes)
$Function_80241DE4 will be placed at 80249788 (length = 1E8 bytes)
$Script_PipeAnimation will be placed at 80249970 (length = 1D0 bytes)
$Function_802404E0 will be placed at 80249B40 (length = 1A8 bytes)
$JumpTable_80242448 will be placed at 80249CE8 (length = 190 bytes)
$Script_LoadChestMap_Mover_Roguelike will be placed at 80249E78 (length = 18C bytes)
$PipeSpawning will be placed at 8024A004 (length = 178 bytes)
$NPC_Sack_AnimationStart will be placed at 8024A17C (length = 168 bytes)
$Function_80240844 will be placed at 8024A2E4 (length = 164 bytes)
$Script_LoadChestMap_Roguelike will be placed at 8024A448 (length = 164 bytes)
$Script_NPC_SackHit_Init will be placed at 8024A5AC (length = 160 bytes)
$Script_SackAnimation_End_Right will be placed at 8024A70C (length = 158 bytes)
$Script_SackAnimation_End_Left will be placed at 8024A864 (length = 150 bytes)
$MapTattle5 will be placed at 8024A9B4 (length = 13C bytes)
$Function_802419D8 will be placed at 8024AAF0 (length = 130 bytes)
$MapTattle4 will be placed at 8024AC20 (length = 130 bytes)
$GetFloor will be placed at 8024AD50 (length = 12C bytes)
$BanditMover_Tattle will be placed at 8024AE7C (length = 124 bytes)
$Function_802416C8 will be placed at 8024AFA0 (length = 124 bytes)
$Script_Main will be placed at 8024B0C4 (length = 120 bytes)
$Script_80243A6C will be placed at 8024B1E4 (length = 114 bytes)
$Script_SubstractCoins will be placed at 8024B2F8 (length = 10C bytes)
$Script_LoadMapMover_Roguelike will be placed at 8024B404 (length = 104 bytes)
$GetFloorBandit will be placed at 8024B508 (length = F4 bytes)
$Script_MoverWarpAnimation will be placed at 8024B5FC (length = F0 bytes)
$Function_GetColliderPos will be placed at 8024B6EC (length = E0 bytes)
$Function_GetPos will be placed at 8024B7CC (length = E0 bytes)
$Script_TrackPlayer will be placed at 8024B8AC (length = DC bytes)
$MapTattle2 will be placed at 8024B988 (length = D4 bytes)
$Function_80240CB8 will be placed at 8024BA5C (length = C0 bytes)
$Function_TrackInput will be placed at 8024BB1C (length = BC bytes)
$MapTattle3 will be placed at 8024BBD8 (length = B0 bytes)
$Script_MakeEntities will be placed at 8024BC88 (length = A8 bytes)
$MapTattle1 will be placed at 8024BD30 (length = A8 bytes)
$Script_NpcAI_MoneySack will be placed at 8024BDD8 (length = A8 bytes)
$MoverStart will be placed at 8024BE80 (length = A4 bytes)
$SwitchPath will be placed at 8024BF24 (length = A4 bytes)
$Script_NPC_Sack_FX will be placed at 8024BFC8 (length = A4 bytes)
$GetPos will be placed at 8024C06C (length = 9C bytes)
$Script_AddCoins will be placed at 8024C108 (length = 98 bytes)
$BanditMoverStart will be placed at 8024C1A0 (length = 98 bytes)
$Mover_Tattle will be placed at 8024C238 (length = 94 bytes)
$Function_GetTattle1 will be placed at 8024C2CC (length = 8C bytes)
$NPC_Sack_AnimationEnd will be placed at 8024C358 (length = 84 bytes)
$BanditMover_Options will be placed at 8024C3DC (length = 80 bytes)
$SignStringBug will be placed at 8024C45C (length = 7C bytes)
$LoadHighscores will be placed at 8024C4D8 (length = 7C bytes)
$Function_802410BC will be placed at 8024C554 (length = 78 bytes)
$Mover_Options will be placed at 8024C5CC (length = 78 bytes)
$Script_EnemyAI will be placed at 8024C644 (length = 70 bytes)
$NpcGroups will be placed at 8024C6B4 (length = 6C bytes)
$DeepestLevel will be placed at 8024C720 (length = 6C bytes)
$Function_80241134 will be placed at 8024C78C (length = 6C bytes)
$Function2 will be placed at 8024C7F8 (length = 6C bytes)
$LoadCoinsMover will be placed at 8024C864 (length = 6C bytes)
$Function_SetAnimation will be placed at 8024C8D0 (length = 6C bytes)
$GetFloorPit will be placed at 8024C93C (length = 68 bytes)
$MoverEnd will be placed at 8024C9A4 (length = 68 bytes)
$BanditMoverEnd will be placed at 8024CA0C (length = 68 bytes)
$GetFloorSign will be placed at 8024CA74 (length = 64 bytes)
$Function_80241D88 will be placed at 8024CAD8 (length = 5C bytes)
$BanditMoverNoCoins will be placed at 8024CB34 (length = 58 bytes)
$MoverNoCoins will be placed at 8024CB8C (length = 58 bytes)
$JumpTable_80246560 will be placed at 8024CBE4 (length = 54 bytes)
$Function_GetTattle2 will be placed at 8024CC38 (length = 48 bytes)
$CommingDownPipe will be placed at 8024CC80 (length = 48 bytes)
$Script_Exit0 will be placed at 8024CCC8 (length = 48 bytes)
$Function_LoadGainedCoins will be placed at 8024CD10 (length = 48 bytes)
$Function_Init will be placed at 8024CD58 (length = 44 bytes)
$Function_802409A8 will be placed at 8024CD9C (length = 44 bytes)
$Header will be placed at 8024CDE0 (length = 40 bytes)
$Script_Init_Bag will be placed at 8024CE20 (length = 38 bytes)
$TotalLevels will be placed at 8024CE58 (length = 38 bytes)
$Script_Init_Bag_HitBox will be placed at 8024CE90 (length = 38 bytes)
$DispawnParthner will be placed at 8024CEC8 (length = 34 bytes)
$Function_ResetDamage will be placed at 8024CEFC (length = 34 bytes)
$AISettings_MoneySack will be placed at 8024CF30 (length = 30 bytes)
$AISettings_Enemy will be placed at 8024CF60 (length = 30 bytes)
$AISettings_DisableEnemy will be placed at 8024CF90 (length = 30 bytes)
$RespawnParthner will be placed at 8024CFC0 (length = 30 bytes)
$NPC_Settings_Sack will be placed at 8024CFF0 (length = 2C bytes)
$Function_GetDamageTaken will be placed at 8024D01C (length = 2C bytes)
$NpcSettings_Enemy1 will be placed at 8024D048 (length = 2C bytes)
$Function_RevivePlayer will be placed at 8024D074 (length = 2C bytes)
$String_CoinsGained will be placed at 8024D0A0 (length = 2C bytes)
$BlankSettings will be placed at 8024D0CC (length = 2C bytes)
$Script_MakeExits will be placed at 8024D0F8 (length = 2C bytes)
$VectorList_80244998 will be placed at 8024D124 (length = 24 bytes)
$Script_Init_80243B20 will be placed at 8024D148 (length = 24 bytes)
$Script_Init_Mover will be placed at 8024D16C (length = 24 bytes)
$Script_Init_BanditMover will be placed at 8024D190 (length = 24 bytes)
$Script_DisableEnemyAI will be placed at 8024D1B4 (length = 20 bytes)
$EntryList will be placed at 8024D1D4 (length = 20 bytes)
$SignString100 will be placed at 8024D1F4 (length = 18 bytes)
$FloatTable_80244900 will be placed at 8024D20C (length = 18 bytes)
$SignString1 will be placed at 8024D224 (length = 14 bytes)
$SignString99 will be placed at 8024D238 (length = 14 bytes)
$SignString98 will be placed at 8024D24C (length = 14 bytes)
$SignString97 will be placed at 8024D260 (length = 14 bytes)
$SignString96 will be placed at 8024D274 (length = 14 bytes)
$SignString95 will be placed at 8024D288 (length = 14 bytes)
$SignString94 will be placed at 8024D29C (length = 14 bytes)
$SignString93 will be placed at 8024D2B0 (length = 14 bytes)
$SignString92 will be placed at 8024D2C4 (length = 14 bytes)
$SignString91 will be placed at 8024D2D8 (length = 14 bytes)
$SignString90 will be placed at 8024D2EC (length = 14 bytes)
$SignString59 will be placed at 8024D300 (length = 14 bytes)
$SignString58 will be placed at 8024D314 (length = 14 bytes)
$SignString57 will be placed at 8024D328 (length = 14 bytes)
$SignString56 will be placed at 8024D33C (length = 14 bytes)
$SignString55 will be placed at 8024D350 (length = 14 bytes)
$SignString54 will be placed at 8024D364 (length = 14 bytes)
$SignString53 will be placed at 8024D378 (length = 14 bytes)
$SignString52 will be placed at 8024D38C (length = 14 bytes)
$SignString51 will be placed at 8024D3A0 (length = 14 bytes)
$SignString50 will be placed at 8024D3B4 (length = 14 bytes)
$SignString69 will be placed at 8024D3C8 (length = 14 bytes)
$SignString68 will be placed at 8024D3DC (length = 14 bytes)
$SignString67 will be placed at 8024D3F0 (length = 14 bytes)
$SignString66 will be placed at 8024D404 (length = 14 bytes)
$SignString65 will be placed at 8024D418 (length = 14 bytes)
$SignString64 will be placed at 8024D42C (length = 14 bytes)
$SignString63 will be placed at 8024D440 (length = 14 bytes)
$SignString62 will be placed at 8024D454 (length = 14 bytes)
$SignString61 will be placed at 8024D468 (length = 14 bytes)
$SignString60 will be placed at 8024D47C (length = 14 bytes)
$SignString79 will be placed at 8024D490 (length = 14 bytes)
$SignString78 will be placed at 8024D4A4 (length = 14 bytes)
$SignString77 will be placed at 8024D4B8 (length = 14 bytes)
$SignString76 will be placed at 8024D4CC (length = 14 bytes)
$SignString75 will be placed at 8024D4E0 (length = 14 bytes)
$SignString74 will be placed at 8024D4F4 (length = 14 bytes)
$SignString73 will be placed at 8024D508 (length = 14 bytes)
$SignString72 will be placed at 8024D51C (length = 14 bytes)
$SignString71 will be placed at 8024D530 (length = 14 bytes)
$SignString70 will be placed at 8024D544 (length = 14 bytes)
$SignString89 will be placed at 8024D558 (length = 14 bytes)
$SignString88 will be placed at 8024D56C (length = 14 bytes)
$SignString87 will be placed at 8024D580 (length = 14 bytes)
$SignString86 will be placed at 8024D594 (length = 14 bytes)
$SignString85 will be placed at 8024D5A8 (length = 14 bytes)
$SignString84 will be placed at 8024D5BC (length = 14 bytes)
$SignString83 will be placed at 8024D5D0 (length = 14 bytes)
$SignString82 will be placed at 8024D5E4 (length = 14 bytes)
$SignString81 will be placed at 8024D5F8 (length = 14 bytes)
$SignString80 will be placed at 8024D60C (length = 14 bytes)
$SignString19 will be placed at 8024D620 (length = 14 bytes)
$SignString18 will be placed at 8024D634 (length = 14 bytes)
$SignString17 will be placed at 8024D648 (length = 14 bytes)
$SignString16 will be placed at 8024D65C (length = 14 bytes)
$SignString15 will be placed at 8024D670 (length = 14 bytes)
$SignString14 will be placed at 8024D684 (length = 14 bytes)
$SignString13 will be placed at 8024D698 (length = 14 bytes)
$SignString12 will be placed at 8024D6AC (length = 14 bytes)
$SignString11 will be placed at 8024D6C0 (length = 14 bytes)
$SignString10 will be placed at 8024D6D4 (length = 14 bytes)
$SignString3 will be placed at 8024D6E8 (length = 14 bytes)
$SignString2 will be placed at 8024D6FC (length = 14 bytes)
$SignString5 will be placed at 8024D710 (length = 14 bytes)
$SignString4 will be placed at 8024D724 (length = 14 bytes)
$SignString7 will be placed at 8024D738 (length = 14 bytes)
$SignString6 will be placed at 8024D74C (length = 14 bytes)
$SignString9 will be placed at 8024D760 (length = 14 bytes)
$SignString8 will be placed at 8024D774 (length = 14 bytes)
$SignString29 will be placed at 8024D788 (length = 14 bytes)
$SignString28 will be placed at 8024D79C (length = 14 bytes)
$SignString27 will be placed at 8024D7B0 (length = 14 bytes)
$SignString26 will be placed at 8024D7C4 (length = 14 bytes)
$SignString25 will be placed at 8024D7D8 (length = 14 bytes)
$SignString24 will be placed at 8024D7EC (length = 14 bytes)
$SignString23 will be placed at 8024D800 (length = 14 bytes)
$SignString22 will be placed at 8024D814 (length = 14 bytes)
$SignString21 will be placed at 8024D828 (length = 14 bytes)
$SignString20 will be placed at 8024D83C (length = 14 bytes)
$SignString will be placed at 8024D850 (length = 14 bytes)
$SignString39 will be placed at 8024D864 (length = 14 bytes)
$SignString38 will be placed at 8024D878 (length = 14 bytes)
$SignString37 will be placed at 8024D88C (length = 14 bytes)
$SignString36 will be placed at 8024D8A0 (length = 14 bytes)
$SignString35 will be placed at 8024D8B4 (length = 14 bytes)
$SignString34 will be placed at 8024D8C8 (length = 14 bytes)
$SignString33 will be placed at 8024D8DC (length = 14 bytes)
$SignString32 will be placed at 8024D8F0 (length = 14 bytes)
$SignString31 will be placed at 8024D904 (length = 14 bytes)
$SignString30 will be placed at 8024D918 (length = 14 bytes)
$SignString49 will be placed at 8024D92C (length = 14 bytes)
$SignString48 will be placed at 8024D940 (length = 14 bytes)
$SignString47 will be placed at 8024D954 (length = 14 bytes)
$SignString46 will be placed at 8024D968 (length = 14 bytes)
$SignString45 will be placed at 8024D97C (length = 14 bytes)
$SignString44 will be placed at 8024D990 (length = 14 bytes)
$SignString43 will be placed at 8024D9A4 (length = 14 bytes)
$SignString42 will be placed at 8024D9B8 (length = 14 bytes)
$SignString41 will be placed at 8024D9CC (length = 14 bytes)
$SignString40 will be placed at 8024D9E0 (length = 14 bytes)
$ASCII_pit_02_Literal will be placed at 8024D9F4 (length = C bytes)
$ASCII_pit_90_Literal will be placed at 8024DA00 (length = C bytes)
$ASCII_pit_34_Literal will be placed at 8024DA0C (length = C bytes)
$ASCII_pit_66_Literal will be placed at 8024DA18 (length = C bytes)
$ASCII_pit_98_Literal will be placed at 8024DA24 (length = C bytes)
$ASCII_pit_19_Literal will be placed at 8024DA30 (length = C bytes)
$ASCII_pit_57_Literal will be placed at 8024DA3C (length = C bytes)
$ASCII_pit_69_Literal will be placed at 8024DA48 (length = C bytes)
$ASCII_pit_72_Literal will be placed at 8024DA54 (length = C bytes)
$ASCII_pit_81_Literal will be placed at 8024DA60 (length = C bytes)
$ASCII_pit_43_Literal will be placed at 8024DA6C (length = C bytes)
$ASCII_pit_28_Literal will be placed at 8024DA78 (length = C bytes)
$ASCII_pit_78_Literal will be placed at 8024DA84 (length = C bytes)
$ASCII_pit_63_Literal will be placed at 8024DA90 (length = C bytes)
$ASCII_pit_46_Literal will be placed at 8024DA9C (length = C bytes)
$ASCII_pit_95_Literal will be placed at 8024DAA8 (length = C bytes)
$ASCII_pit_16_Literal will be placed at 8024DAB4 (length = C bytes)
$ASCII_pit_37_Literal will be placed at 8024DAC0 (length = C bytes)
$ASCII_pit_22_Literal will be placed at 8024DACC (length = C bytes)
$ASCII_pit_05_Literal will be placed at 8024DAD8 (length = C bytes)
$ASCII_pit_25_Literal will be placed at 8024DAE4 (length = C bytes)
$ASCII_pit_54_Literal will be placed at 8024DAF0 (length = C bytes)
$ASCII_pit_08_Literal will be placed at 8024DAFC (length = C bytes)
$ASCII_pit_87_Literal will be placed at 8024DB08 (length = C bytes)
$ASCII_pit_75_Literal will be placed at 8024DB14 (length = C bytes)
$ASCII_pit_13_Literal will be placed at 8024DB20 (length = C bytes)
$ASCII_pit_32_Literal will be placed at 8024DB2C (length = C bytes)
$ASCII_pit_92_Literal will be placed at 8024DB38 (length = C bytes)
$ASCII_pit_17_Literal will be placed at 8024DB44 (length = C bytes)
$ASCII_pit_49_Literal will be placed at 8024DB50 (length = C bytes)
$ASCII_pit_77_Literal will be placed at 8024DB5C (length = C bytes)
$ASCII_pit_96_Literal will be placed at 8024DB68 (length = C bytes)
$ASCII_pit_68_Literal will be placed at 8024DB74 (length = C bytes)
$ASCII_pit_51_Literal will be placed at 8024DB80 (length = C bytes)
$ASCII_pit_04_Literal will be placed at 8024DB8C (length = C bytes)
$ASCII_pit_83_Literal will be placed at 8024DB98 (length = C bytes)
$ASCII_pit_86_Literal will be placed at 8024DBA4 (length = C bytes)
$ASCII_pit_26_Literal will be placed at 8024DBB0 (length = C bytes)
$ASCII_pit_41_Literal will be placed at 8024DBBC (length = C bytes)
$ASCII_pit_14_Literal will be placed at 8024DBC8 (length = C bytes)
$ASCII_pit_74_Literal will be placed at 8024DBD4 (length = C bytes)
$ASCII_pit_60_Literal will be placed at 8024DBE0 (length = C bytes)
$ASCII_pit_59_Literal will be placed at 8024DBEC (length = C bytes)
$ASCII_pit_93_Literal will be placed at 8024DBF8 (length = C bytes)
$ASCII_pit_65_Literal will be placed at 8024DC04 (length = C bytes)
$ASCII_pit_07_Literal will be placed at 8024DC10 (length = C bytes)
$ASCII_pit_20_Literal will be placed at 8024DC1C (length = C bytes)
$ASCII_pit_35_Literal will be placed at 8024DC28 (length = C bytes)
$ASCII_pit_23_Literal will be placed at 8024DC34 (length = C bytes)
$ASCII_pit_11_Literal will be placed at 8024DC40 (length = C bytes)
$ASCII_pit_56_Literal will be placed at 8024DC4C (length = C bytes)
$ASCII_pit_44_Literal will be placed at 8024DC58 (length = C bytes)
$ASCII_pit_89_Literal will be placed at 8024DC64 (length = C bytes)
$ASCII_pit_79_Literal will be placed at 8024DC70 (length = C bytes)
$ASCII_pit_62_Literal will be placed at 8024DC7C (length = C bytes)
$ASCII_pit_94_Literal will be placed at 8024DC88 (length = C bytes)
$ASCII_pit_47_Literal will be placed at 8024DC94 (length = C bytes)
$ASCII_pit_21_Literal will be placed at 8024DCA0 (length = C bytes)
$ASCII_pit_06_Literal will be placed at 8024DCAC (length = C bytes)
$ASCII_pit_53_Literal will be placed at 8024DCB8 (length = C bytes)
$ASCII_pit_09_Literal will be placed at 8024DCC4 (length = C bytes)
$ASCII_pit_88_Literal will be placed at 8024DCD0 (length = C bytes)
$ASCII_pit_38_Literal will be placed at 8024DCDC (length = C bytes)
$ASCII_pit_24_Literal will be placed at 8024DCE8 (length = C bytes)
$ASCII_pit_12_Literal will be placed at 8024DCF4 (length = C bytes)
$ASCII_pit_76_Literal will be placed at 8024DD00 (length = C bytes)
$ASCII_pit_01_Literal will be placed at 8024DD0C (length = C bytes)
$ASCII_pit_50_Literal will be placed at 8024DD18 (length = C bytes)
$ASCII_pit_33_Literal will be placed at 8024DD24 (length = C bytes)
$ASCII_pit_99_Literal will be placed at 8024DD30 (length = C bytes)
$ASCII_pit_67_Literal will be placed at 8024DD3C (length = C bytes)
$ASCII_pit_71_Literal will be placed at 8024DD48 (length = C bytes)
$ASCII_pit_42_Literal will be placed at 8024DD54 (length = C bytes)
$ASCII_pit_80_Literal will be placed at 8024DD60 (length = C bytes)
$ASCII_pit_29_Literal will be placed at 8024DD6C (length = C bytes)
$ASCII_pit_58_Literal will be placed at 8024DD78 (length = C bytes)
$ASCII_pit_30_Literal will be placed at 8024DD84 (length = C bytes)
$ASCII_pit_00_Literal will be placed at 8024DD90 (length = C bytes)
$ASCII_pit_64_Literal will be placed at 8024DD9C (length = C bytes)
$ASCII_pit_36_Literal will be placed at 8024DDA8 (length = C bytes)
$ASCII_pit_55_Literal will be placed at 8024DDB4 (length = C bytes)
$ASCII_pit_10_Literal will be placed at 8024DDC0 (length = C bytes)
$ASCII_pit_45_Literal will be placed at 8024DDCC (length = C bytes)
$ASCII_pit_18_Literal will be placed at 8024DDD8 (length = C bytes)
$ASCII_pit_48_Literal will be placed at 8024DDE4 (length = C bytes)
$ASCII_pit_03_Literal will be placed at 8024DDF0 (length = C bytes)
$ASCII_pit_31_Literal will be placed at 8024DDFC (length = C bytes)
$ASCII_pit_91_Literal will be placed at 8024DE08 (length = C bytes)
$ASCII_pit_97_Literal will be placed at 8024DE14 (length = C bytes)
$ASCII_pit_82_Literal will be placed at 8024DE20 (length = C bytes)
$ASCII_pit_52_Literal will be placed at 8024DE2C (length = C bytes)
$ASCII_pit_70_Literal will be placed at 8024DE38 (length = C bytes)
$ASCII_pit_85_Literal will be placed at 8024DE44 (length = C bytes)
$ASCII_pit_40_Literal will be placed at 8024DE50 (length = C bytes)
$ASCII_pit_39_Literal will be placed at 8024DE5C (length = C bytes)
$ASCII_pit_73_Literal will be placed at 8024DE68 (length = C bytes)
$ASCII_pit_15_Literal will be placed at 8024DE74 (length = C bytes)
$ASCII_pit_27_Literal will be placed at 8024DE80 (length = C bytes)
$ASCII_pit_61_Literal will be placed at 8024DE8C (length = C bytes)
$ConstDouble_80246558 will be placed at 8024DE98 (length = 8 bytes)
$ASCII_pit_842_Literal will be placed at 8024DEA0 (length = 8 bytes)
$ASCII_pit_100_Literal will be placed at 8024DEA8 (length = 8 bytes)
$ASCII_tik_tex_Literal will be placed at 8024DEB0 (length = 8 bytes)
$ConstDouble_80246510 will be placed at 8024DEB8 (length = 8 bytes)
$ConstDouble_80246508 will be placed at 8024DEC0 (length = 8 bytes)
$ConstDouble_80246500 will be placed at 8024DEC8 (length = 8 bytes)
$MoverCancel will be placed at 8024DED0 (length = 4 bytes)
$BanditMoverCancel will be placed at 8024DED4 (length = 4 bytes)
Executing patch: pit_76.mpat
Loaded map pit_76
Creating struct: $EntryList
Creating struct: $DeepestLevel
Creating struct: $TotalLevels
Creating struct: $LoadHighscores
Creating struct: $FallingDownPipe
Creating struct: $Function_GetPos
Creating struct: $Function2
Creating struct: $SetSpawns
Creating struct: $Script_SetNPCPos
Creating struct: $SwitchPath
Creating struct: $VectorList_80244998
Creating struct: $GetPos
Creating struct: $Function_GetDamageTaken
Creating struct: $Function_ResetDamage
Creating struct: $DispawnParthner
Creating struct: $RespawnParthner
Creating struct: $LoadMap
Creating struct: $Script_LoadMapMover_Roguelike
Creating struct: $GetFloor
Creating struct: $LoadCoinsMover
Creating struct: $LoadMapBandit
Creating struct: $GetFloorBandit
Creating struct: $SetSpawnsSpecial
Creating struct: $Function_LoadCoinsInToVar1
Creating struct: $Script_SetSpawnPosition
Creating struct: $Script_Init_80243B20
Creating struct: $Script_80243A6C
Creating struct: $Script_AddCoins
Creating struct: $Script_SubstractCoins
Creating struct: $NPC_Settings_Sack
Creating struct: $Script_Init_Bag
Creating struct: $Script_Init_Bag_HitBox
Creating struct: $Script_NPC_SackHit_Init
Creating struct: $Script_NPC_Sack_FX
Creating struct: $NPC_Sack_AnimationStart
Creating struct: $NPC_Sack_AnimationEnd
Creating struct: $Script_SackAnimation_Start_GoToTheRight
Creating struct: $Script_SackAnimation_Start_GoToTheLeft
Creating struct: $Script_SackAnimation_End_Right
Creating struct: $Script_SackAnimation_End_Left
Creating struct: $Function_LoadGainedCoins
Creating struct: $Function_RevivePlayer
Creating struct: $AISettings_MoneySack
Creating struct: $Script_NpcAI_MoneySack
Creating struct: $JumpTable_80242448
Creating struct: $Function_NpcAI_MoneySack
Creating struct: $Function_80240260
Creating struct: $Function_80240844
Creating struct: $Function_802409A8
Creating struct: $Script_TrackPlayer
Creating struct: $Script_PipeAnimation
Creating struct: $Function_SetAnimation
Creating struct: $Function_GetColliderPos
Creating struct: $Function_TrackInput
Creating struct: $GoToNextLevel
Creating struct: $GoToNextLevel_Roguelike
Creating struct: $Script_SetSetsOfLevels
Creating struct: $Script_LoadMap_Roguelike
Creating struct: $Script_LoadChestMap_Roguelike
Creating struct: $Script_LoadMap_Mover_Roguelike
Creating struct: $Script_LoadChestMap_Mover_Roguelike
Creating struct: $GetFloorPit
Creating struct: $GetFloorSign
Creating struct: $Function_GetTattle1
Creating struct: $Function_GetTattle2
Creating struct: $Script_ReadSign
Creating struct: $Header
Creating struct: $Function_Init
Creating struct: $Script_Main
Creating struct: $NpcGroup1
Creating struct: $NpcGroup2
Creating struct: $NpcGroup3
Creating struct: $NpcGroup4
Creating struct: $NpcGroup5
Creating struct: $NpcGroup6
Creating struct: $NpcGroup7
Creating struct: $NpcGroups
Creating struct: $NpcGroup_Mover
Creating struct: $BlankSettings
Creating struct: $Script_Init_Mover
Creating struct: $Interact_Mover
Creating struct: $Script_MoverWarpAnimation
Creating struct: $NpcGroup_BanditMover
Creating struct: $Script_Init_BanditMover
Creating struct: $Interact_BanditMover
Creating struct: $ExtraAnimationList_802418AC
Creating struct: $ExtraAnimationList_802418D4
Creating struct: $NpcGroup_Enemy1
Creating struct: $NpcGroup_Enemy2
Creating struct: $NpcGroup_Enemy3
Creating struct: $NpcGroup_Enemy4
Creating struct: $NpcGroup_Enemy5
Creating struct: $NpcGroup_Enemy6
Creating struct: $NpcSettings_Enemy1
Creating struct: $NpcSettings_Enemy1B
Creating struct: $Script_EnemyAI
Creating struct: $Script_EnemyBAI
Creating struct: $AISettings_Enemy
Creating struct: $Function_8024130C
Creating struct: $ConstDouble_80242510
Creating struct: $JumpTable_80242518
Creating struct: $Function_8024156C
Creating struct: $Function_80241158
Creating struct: $Function_80240F50
Creating struct: $Function_80240FBC
Creating struct: $Function_8024102C
Creating struct: $Function_80241104
Creating struct: $Script_DisableEnemyAI
Creating struct: $AISettings_DisableEnemy
Creating struct: $PipeSpawning
Creating struct: $Script_MakeEntities
Creating struct: $CommingDownPipe
Creating struct: $Script_MakeExits
Creating struct: $Script_Exit0
Merged 1 regions to 1
$Script_LoadMap_Mover_Roguelike will be placed at 80240000 (length = F14 bytes)
$LoadMap will be placed at 80240F14 (length = EF4 bytes)
$Script_ReadSign will be placed at 80241E08 (length = EEC bytes)
$LoadMapBandit will be placed at 80242CF4 (length = EA4 bytes)
$Script_LoadMap_Roguelike will be placed at 80243B98 (length = D9C bytes)
$GoToNextLevel will be placed at 80244934 (length = D10 bytes)
$GoToNextLevel_Roguelike will be placed at 80245644 (length = 868 bytes)
$SetSpawnsSpecial will be placed at 80245EAC (length = 608 bytes)
$Function_80240260 will be placed at 802464B4 (length = 5E4 bytes)
$NpcGroup_Enemy3 will be placed at 80246A98 (length = 3E0 bytes)
$NpcGroup_Enemy4 will be placed at 80246E78 (length = 3E0 bytes)
$NpcGroup_Enemy5 will be placed at 80247258 (length = 3E0 bytes)
$NpcGroup_Enemy6 will be placed at 80247638 (length = 3E0 bytes)
$NpcGroup_Enemy1 will be placed at 80247A18 (length = 3E0 bytes)
$NpcGroup_Enemy2 will be placed at 80247DF8 (length = 3E0 bytes)
$SetSpawns will be placed at 802481D8 (length = 384 bytes)
$FallingDownPipe will be placed at 8024855C (length = 37C bytes)
$Script_SetSetsOfLevels will be placed at 802488D8 (length = 358 bytes)
$Script_SetNPCPos will be placed at 80248C30 (length = 2F4 bytes)
$Function_8024156C will be placed at 80248F24 (length = 2B4 bytes)
$Function_8024130C will be placed at 802491D8 (length = 260 bytes)
$Script_Main will be placed at 80249438 (length = 254 bytes)
$Function_NpcAI_MoneySack will be placed at 8024968C (length = 238 bytes)
$Script_SetSpawnPosition will be placed at 802498C4 (length = 234 bytes)
$Script_SackAnimation_Start_GoToTheRight will be placed at 80249AF8 (length = 230 bytes)
$Script_SackAnimation_Start_GoToTheLeft will be placed at 80249D28 (length = 1F8 bytes)
$Interact_Mover will be placed at 80249F20 (length = 1F8 bytes)
$NpcGroup_Mover will be placed at 8024A118 (length = 1F0 bytes)
$NpcGroup_BanditMover will be placed at 8024A308 (length = 1F0 bytes)
$Interact_BanditMover will be placed at 8024A4F8 (length = 1EC bytes)
$Script_PipeAnimation will be placed at 8024A6E4 (length = 1D0 bytes)
$Function_80241158 will be placed at 8024A8B4 (length = 1AC bytes)
$JumpTable_80242448 will be placed at 8024AA60 (length = 190 bytes)
$JumpTable_80242518 will be placed at 8024ABF0 (length = 190 bytes)
$Script_LoadChestMap_Mover_Roguelike will be placed at 8024AD80 (length = 18C bytes)
$PipeSpawning will be placed at 8024AF0C (length = 178 bytes)
$NPC_Sack_AnimationStart will be placed at 8024B084 (length = 168 bytes)
$Function_80240844 will be placed at 8024B1EC (length = 164 bytes)
$Script_LoadChestMap_Roguelike will be placed at 8024B350 (length = 164 bytes)
$Script_NPC_SackHit_Init will be placed at 8024B4B4 (length = 160 bytes)
$Script_SackAnimation_End_Right will be placed at 8024B614 (length = 158 bytes)
$Script_SackAnimation_End_Left will be placed at 8024B76C (length = 150 bytes)
$MapTattle5 will be placed at 8024B8BC (length = 13C bytes)
$MapTattle4 will be placed at 8024B9F8 (length = 130 bytes)
$GetFloor will be placed at 8024BB28 (length = 12C bytes)
$BanditMover_Tattle will be placed at 8024BC54 (length = 124 bytes)
$Script_80243A6C will be placed at 8024BD78 (length = 114 bytes)
$Script_SubstractCoins will be placed at 8024BE8C (length = 10C bytes)
$Script_LoadMapMover_Roguelike will be placed at 8024BF98 (length = 104 bytes)
$GetFloorBandit will be placed at 8024C09C (length = F4 bytes)
$Script_MoverWarpAnimation will be placed at 8024C190 (length = F0 bytes)
$Function_GetColliderPos will be placed at 8024C280 (length = E0 bytes)
$Function_GetPos will be placed at 8024C360 (length = E0 bytes)
$Script_TrackPlayer will be placed at 8024C440 (length = DC bytes)
$Function_8024102C will be placed at 8024C51C (length = D8 bytes)
$MapTattle2 will be placed at 8024C5F4 (length = D4 bytes)
$Function_TrackInput will be placed at 8024C6C8 (length = BC bytes)
$MapTattle3 will be placed at 8024C784 (length = B0 bytes)
$Script_EnemyBAI will be placed at 8024C834 (length = A8 bytes)
$Script_MakeEntities will be placed at 8024C8DC (length = A8 bytes)
$MapTattle1 will be placed at 8024C984 (length = A8 bytes)
$Script_NpcAI_MoneySack will be placed at 8024CA2C (length = A8 bytes)
$MoverStart will be placed at 8024CAD4 (length = A4 bytes)
$SwitchPath will be placed at 8024CB78 (length = A4 bytes)
$Script_NPC_Sack_FX will be placed at 8024CC1C (length = A4 bytes)
$GetPos will be placed at 8024CCC0 (length = 9C bytes)
$Script_AddCoins will be placed at 8024CD5C (length = 98 bytes)
$BanditMoverStart will be placed at 8024CDF4 (length = 98 bytes)
$Mover_Tattle will be placed at 8024CE8C (length = 94 bytes)
$Function_GetTattle1 will be placed at 8024CF20 (length = 8C bytes)
$NPC_Sack_AnimationEnd will be placed at 8024CFAC (length = 84 bytes)
$BanditMover_Options will be placed at 8024D030 (length = 80 bytes)
$SignStringBug will be placed at 8024D0B0 (length = 7C bytes)
$LoadHighscores will be placed at 8024D12C (length = 7C bytes)
$Mover_Options will be placed at 8024D1A8 (length = 78 bytes)
$Function_80240FBC will be placed at 8024D220 (length = 70 bytes)
$Script_EnemyAI will be placed at 8024D290 (length = 70 bytes)
$NpcGroups will be placed at 8024D300 (length = 6C bytes)
$DeepestLevel will be placed at 8024D36C (length = 6C bytes)
$Function2 will be placed at 8024D3D8 (length = 6C bytes)
$Function_80240F50 will be placed at 8024D444 (length = 6C bytes)
$LoadCoinsMover will be placed at 8024D4B0 (length = 6C bytes)
$Function_SetAnimation will be placed at 8024D51C (length = 6C bytes)
$GetFloorPit will be placed at 8024D588 (length = 68 bytes)
$MoverEnd will be placed at 8024D5F0 (length = 68 bytes)
$BanditMoverEnd will be placed at 8024D658 (length = 68 bytes)
$GetFloorSign will be placed at 8024D6C0 (length = 64 bytes)
$BanditMoverNoCoins will be placed at 8024D724 (length = 58 bytes)
$MoverNoCoins will be placed at 8024D77C (length = 58 bytes)
$Function_80241104 will be placed at 8024D7D4 (length = 54 bytes)
$Function_GetTattle2 will be placed at 8024D828 (length = 48 bytes)
$CommingDownPipe will be placed at 8024D870 (length = 48 bytes)
$Script_Exit0 will be placed at 8024D8B8 (length = 48 bytes)
$Function_LoadCoinsInToVar1 will be placed at 8024D900 (length = 48 bytes)
$Function_LoadGainedCoins will be placed at 8024D948 (length = 48 bytes)
$Function_Init will be placed at 8024D990 (length = 44 bytes)
$Function_802409A8 will be placed at 8024D9D4 (length = 44 bytes)
$Header will be placed at 8024DA18 (length = 40 bytes)
$Script_Init_Bag will be placed at 8024DA58 (length = 38 bytes)
$TotalLevels will be placed at 8024DA90 (length = 38 bytes)
$Script_Init_Bag_HitBox will be placed at 8024DAC8 (length = 38 bytes)
$DispawnParthner will be placed at 8024DB00 (length = 34 bytes)
$Function_ResetDamage will be placed at 8024DB34 (length = 34 bytes)
$AISettings_MoneySack will be placed at 8024DB68 (length = 30 bytes)
$AISettings_Enemy will be placed at 8024DB98 (length = 30 bytes)
$AISettings_DisableEnemy will be placed at 8024DBC8 (length = 30 bytes)
$RespawnParthner will be placed at 8024DBF8 (length = 30 bytes)
$NPC_Settings_Sack will be placed at 8024DC28 (length = 2C bytes)
$Function_GetDamageTaken will be placed at 8024DC54 (length = 2C bytes)
$NpcSettings_Enemy1 will be placed at 8024DC80 (length = 2C bytes)
$Function_RevivePlayer will be placed at 8024DCAC (length = 2C bytes)
$String_CoinsGained will be placed at 8024DCD8 (length = 2C bytes)
$BlankSettings will be placed at 8024DD04 (length = 2C bytes)
$NpcSettings_Enemy1B will be placed at 8024DD30 (length = 2C bytes)
$Script_MakeExits will be placed at 8024DD5C (length = 2C bytes)
$ExtraAnimationList_802418AC will be placed at 8024DD88 (length = 28 bytes)
$NpcGroup7 will be placed at 8024DDB0 (length = 24 bytes)
$VectorList_80244998 will be placed at 8024DDD4 (length = 24 bytes)
$Script_Init_80243B20 will be placed at 8024DDF8 (length = 24 bytes)
$Script_Init_Mover will be placed at 8024DE1C (length = 24 bytes)
$Script_Init_BanditMover will be placed at 8024DE40 (length = 24 bytes)
$Script_DisableEnemyAI will be placed at 8024DE64 (length = 20 bytes)
$EntryList will be placed at 8024DE84 (length = 20 bytes)
$NpcGroup6 will be placed at 8024DEA4 (length = 18 bytes)
$NpcGroup3 will be placed at 8024DEBC (length = 18 bytes)
$NpcGroup2 will be placed at 8024DED4 (length = 18 bytes)
$NpcGroup5 will be placed at 8024DEEC (length = 18 bytes)
$NpcGroup4 will be placed at 8024DF04 (length = 18 bytes)
$NpcGroup1 will be placed at 8024DF1C (length = 18 bytes)
$SignString100 will be placed at 8024DF34 (length = 18 bytes)
$SignString1 will be placed at 8024DF4C (length = 14 bytes)
$SignString99 will be placed at 8024DF60 (length = 14 bytes)
$SignString98 will be placed at 8024DF74 (length = 14 bytes)
$SignString97 will be placed at 8024DF88 (length = 14 bytes)
$SignString96 will be placed at 8024DF9C (length = 14 bytes)
$SignString95 will be placed at 8024DFB0 (length = 14 bytes)
$SignString94 will be placed at 8024DFC4 (length = 14 bytes)
$SignString93 will be placed at 8024DFD8 (length = 14 bytes)
$SignString92 will be placed at 8024DFEC (length = 14 bytes)
$SignString91 will be placed at 8024E000 (length = 14 bytes)
$SignString90 will be placed at 8024E014 (length = 14 bytes)
$SignString59 will be placed at 8024E028 (length = 14 bytes)
$SignString58 will be placed at 8024E03C (length = 14 bytes)
$SignString57 will be placed at 8024E050 (length = 14 bytes)
$SignString56 will be placed at 8024E064 (length = 14 bytes)
$SignString55 will be placed at 8024E078 (length = 14 bytes)
$SignString54 will be placed at 8024E08C (length = 14 bytes)
$SignString53 will be placed at 8024E0A0 (length = 14 bytes)
$SignString52 will be placed at 8024E0B4 (length = 14 bytes)
$SignString51 will be placed at 8024E0C8 (length = 14 bytes)
$SignString50 will be placed at 8024E0DC (length = 14 bytes)
$SignString69 will be placed at 8024E0F0 (length = 14 bytes)
$SignString68 will be placed at 8024E104 (length = 14 bytes)
$SignString67 will be placed at 8024E118 (length = 14 bytes)
$SignString66 will be placed at 8024E12C (length = 14 bytes)
$SignString65 will be placed at 8024E140 (length = 14 bytes)
$SignString64 will be placed at 8024E154 (length = 14 bytes)
$SignString63 will be placed at 8024E168 (length = 14 bytes)
$SignString62 will be placed at 8024E17C (length = 14 bytes)
$SignString61 will be placed at 8024E190 (length = 14 bytes)
$SignString60 will be placed at 8024E1A4 (length = 14 bytes)
$SignString79 will be placed at 8024E1B8 (length = 14 bytes)
$SignString78 will be placed at 8024E1CC (length = 14 bytes)
$SignString77 will be placed at 8024E1E0 (length = 14 bytes)
$SignString76 will be placed at 8024E1F4 (length = 14 bytes)
$SignString75 will be placed at 8024E208 (length = 14 bytes)
$SignString74 will be placed at 8024E21C (length = 14 bytes)
$SignString73 will be placed at 8024E230 (length = 14 bytes)
$SignString72 will be placed at 8024E244 (length = 14 bytes)
$SignString71 will be placed at 8024E258 (length = 14 bytes)
$SignString70 will be placed at 8024E26C (length = 14 bytes)
$SignString89 will be placed at 8024E280 (length = 14 bytes)
$SignString88 will be placed at 8024E294 (length = 14 bytes)
$SignString87 will be placed at 8024E2A8 (length = 14 bytes)
$SignString86 will be placed at 8024E2BC (length = 14 bytes)
$SignString85 will be placed at 8024E2D0 (length = 14 bytes)
$SignString84 will be placed at 8024E2E4 (length = 14 bytes)
$SignString83 will be placed at 8024E2F8 (length = 14 bytes)
$SignString82 will be placed at 8024E30C (length = 14 bytes)
$SignString81 will be placed at 8024E320 (length = 14 bytes)
$SignString80 will be placed at 8024E334 (length = 14 bytes)
$SignString19 will be placed at 8024E348 (length = 14 bytes)
$SignString18 will be placed at 8024E35C (length = 14 bytes)
$SignString17 will be placed at 8024E370 (length = 14 bytes)
$SignString16 will be placed at 8024E384 (length = 14 bytes)
$SignString15 will be placed at 8024E398 (length = 14 bytes)
$SignString14 will be placed at 8024E3AC (length = 14 bytes)
$SignString13 will be placed at 8024E3C0 (length = 14 bytes)
$SignString12 will be placed at 8024E3D4 (length = 14 bytes)
$SignString11 will be placed at 8024E3E8 (length = 14 bytes)
$SignString10 will be placed at 8024E3FC (length = 14 bytes)
$SignString3 will be placed at 8024E410 (length = 14 bytes)
$SignString2 will be placed at 8024E424 (length = 14 bytes)
$SignString5 will be placed at 8024E438 (length = 14 bytes)
$SignString4 will be placed at 8024E44C (length = 14 bytes)
$SignString7 will be placed at 8024E460 (length = 14 bytes)
$SignString6 will be placed at 8024E474 (length = 14 bytes)
$SignString9 will be placed at 8024E488 (length = 14 bytes)
$SignString8 will be placed at 8024E49C (length = 14 bytes)
$SignString29 will be placed at 8024E4B0 (length = 14 bytes)
$SignString28 will be placed at 8024E4C4 (length = 14 bytes)
$SignString27 will be placed at 8024E4D8 (length = 14 bytes)
$SignString26 will be placed at 8024E4EC (length = 14 bytes)
$SignString25 will be placed at 8024E500 (length = 14 bytes)
$SignString24 will be placed at 8024E514 (length = 14 bytes)
$SignString23 will be placed at 8024E528 (length = 14 bytes)
$SignString22 will be placed at 8024E53C (length = 14 bytes)
$SignString21 will be placed at 8024E550 (length = 14 bytes)
$SignString20 will be placed at 8024E564 (length = 14 bytes)
$SignString will be placed at 8024E578 (length = 14 bytes)
$SignString39 will be placed at 8024E58C (length = 14 bytes)
$SignString38 will be placed at 8024E5A0 (length = 14 bytes)
$SignString37 will be placed at 8024E5B4 (length = 14 bytes)
$SignString36 will be placed at 8024E5C8 (length = 14 bytes)
$SignString35 will be placed at 8024E5DC (length = 14 bytes)
$SignString34 will be placed at 8024E5F0 (length = 14 bytes)
$SignString33 will be placed at 8024E604 (length = 14 bytes)
$SignString32 will be placed at 8024E618 (length = 14 bytes)
$SignString31 will be placed at 8024E62C (length = 14 bytes)
$SignString30 will be placed at 8024E640 (length = 14 bytes)
$SignString49 will be placed at 8024E654 (length = 14 bytes)
$SignString48 will be placed at 8024E668 (length = 14 bytes)
$SignString47 will be placed at 8024E67C (length = 14 bytes)
$SignString46 will be placed at 8024E690 (length = 14 bytes)
$SignString45 will be placed at 8024E6A4 (length = 14 bytes)
$SignString44 will be placed at 8024E6B8 (length = 14 bytes)
$SignString43 will be placed at 8024E6CC (length = 14 bytes)
$SignString42 will be placed at 8024E6E0 (length = 14 bytes)
$SignString41 will be placed at 8024E6F4 (length = 14 bytes)
$SignString40 will be placed at 8024E708 (length = 14 bytes)
$ASCII_pit_02_Literal will be placed at 8024E71C (length = C bytes)
$ASCII_pit_90_Literal will be placed at 8024E728 (length = C bytes)
$ASCII_pit_34_Literal will be placed at 8024E734 (length = C bytes)
$ASCII_pit_66_Literal will be placed at 8024E740 (length = C bytes)
$ASCII_pit_98_Literal will be placed at 8024E74C (length = C bytes)
$ASCII_pit_19_Literal will be placed at 8024E758 (length = C bytes)
$ASCII_pit_57_Literal will be placed at 8024E764 (length = C bytes)
$ASCII_pit_69_Literal will be placed at 8024E770 (length = C bytes)
$ASCII_pit_72_Literal will be placed at 8024E77C (length = C bytes)
$ASCII_pit_81_Literal will be placed at 8024E788 (length = C bytes)
$ASCII_pit_43_Literal will be placed at 8024E794 (length = C bytes)
$ASCII_pit_28_Literal will be placed at 8024E7A0 (length = C bytes)
$ASCII_pit_78_Literal will be placed at 8024E7AC (length = C bytes)
$ASCII_pit_63_Literal will be placed at 8024E7B8 (length = C bytes)
$ASCII_pit_46_Literal will be placed at 8024E7C4 (length = C bytes)
$ASCII_pit_95_Literal will be placed at 8024E7D0 (length = C bytes)
$ASCII_pit_16_Literal will be placed at 8024E7DC (length = C bytes)
$ASCII_pit_37_Literal will be placed at 8024E7E8 (length = C bytes)
$ASCII_pit_22_Literal will be placed at 8024E7F4 (length = C bytes)
$ASCII_pit_05_Literal will be placed at 8024E800 (length = C bytes)
$ASCII_pit_25_Literal will be placed at 8024E80C (length = C bytes)
$ASCII_pit_54_Literal will be placed at 8024E818 (length = C bytes)
$ASCII_pit_08_Literal will be placed at 8024E824 (length = C bytes)
$ASCII_pit_87_Literal will be placed at 8024E830 (length = C bytes)
$ASCII_pit_75_Literal will be placed at 8024E83C (length = C bytes)
$ASCII_pit_13_Literal will be placed at 8024E848 (length = C bytes)
$ASCII_pit_32_Literal will be placed at 8024E854 (length = C bytes)
$ASCII_pit_92_Literal will be placed at 8024E860 (length = C bytes)
$ASCII_pit_17_Literal will be placed at 8024E86C (length = C bytes)
$ASCII_pit_49_Literal will be placed at 8024E878 (length = C bytes)
$ASCII_pit_77_Literal will be placed at 8024E884 (length = C bytes)
$ASCII_pit_96_Literal will be placed at 8024E890 (length = C bytes)
$ASCII_pit_68_Literal will be placed at 8024E89C (length = C bytes)
$ASCII_pit_51_Literal will be placed at 8024E8A8 (length = C bytes)
$ASCII_pit_04_Literal will be placed at 8024E8B4 (length = C bytes)
$ASCII_pit_83_Literal will be placed at 8024E8C0 (length = C bytes)
$ASCII_pit_86_Literal will be placed at 8024E8CC (length = C bytes)
$ASCII_pit_26_Literal will be placed at 8024E8D8 (length = C bytes)
$ASCII_pit_41_Literal will be placed at 8024E8E4 (length = C bytes)
$ASCII_pit_14_Literal will be placed at 8024E8F0 (length = C bytes)
$ASCII_pit_74_Literal will be placed at 8024E8FC (length = C bytes)
$ASCII_pit_60_Literal will be placed at 8024E908 (length = C bytes)
$ASCII_pit_59_Literal will be placed at 8024E914 (length = C bytes)
$ASCII_pit_93_Literal will be placed at 8024E920 (length = C bytes)
$ASCII_pit_65_Literal will be placed at 8024E92C (length = C bytes)
$ASCII_pit_07_Literal will be placed at 8024E938 (length = C bytes)
$ASCII_pit_20_Literal will be placed at 8024E944 (length = C bytes)
$ASCII_pit_35_Literal will be placed at 8024E950 (length = C bytes)
$ASCII_pit_23_Literal will be placed at 8024E95C (length = C bytes)
$ASCII_pit_11_Literal will be placed at 8024E968 (length = C bytes)
$ASCII_pit_56_Literal will be placed at 8024E974 (length = C bytes)
$ASCII_pit_44_Literal will be placed at 8024E980 (length = C bytes)
$ASCII_pit_89_Literal will be placed at 8024E98C (length = C bytes)
$ASCII_pit_79_Literal will be placed at 8024E998 (length = C bytes)
$ASCII_pit_62_Literal will be placed at 8024E9A4 (length = C bytes)
$ASCII_pit_94_Literal will be placed at 8024E9B0 (length = C bytes)
$ASCII_pit_47_Literal will be placed at 8024E9BC (length = C bytes)
$ASCII_pit_21_Literal will be placed at 8024E9C8 (length = C bytes)
$ASCII_pit_06_Literal will be placed at 8024E9D4 (length = C bytes)
$ASCII_pit_53_Literal will be placed at 8024E9E0 (length = C bytes)
$ASCII_pit_09_Literal will be placed at 8024E9EC (length = C bytes)
$ASCII_pit_88_Literal will be placed at 8024E9F8 (length = C bytes)
$ASCII_pit_38_Literal will be placed at 8024EA04 (length = C bytes)
$ASCII_pit_24_Literal will be placed at 8024EA10 (length = C bytes)
$ASCII_pit_12_Literal will be placed at 8024EA1C (length = C bytes)
$ASCII_pit_76_Literal will be placed at 8024EA28 (length = C bytes)
$ASCII_pit_01_Literal will be placed at 8024EA34 (length = C bytes)
$ASCII_pit_50_Literal will be placed at 8024EA40 (length = C bytes)
$ASCII_pit_33_Literal will be placed at 8024EA4C (length = C bytes)
$ASCII_pit_99_Literal will be placed at 8024EA58 (length = C bytes)
$ASCII_pit_67_Literal will be placed at 8024EA64 (length = C bytes)
$ASCII_pit_71_Literal will be placed at 8024EA70 (length = C bytes)
$ASCII_pit_42_Literal will be placed at 8024EA7C (length = C bytes)
$ASCII_pit_80_Literal will be placed at 8024EA88 (length = C bytes)
$ASCII_pit_29_Literal will be placed at 8024EA94 (length = C bytes)
$ASCII_pit_58_Literal will be placed at 8024EAA0 (length = C bytes)
$ASCII_pit_30_Literal will be placed at 8024EAAC (length = C bytes)
$ASCII_pit_00_Literal will be placed at 8024EAB8 (length = C bytes)
$ASCII_pit_64_Literal will be placed at 8024EAC4 (length = C bytes)
$ASCII_pit_36_Literal will be placed at 8024EAD0 (length = C bytes)
$ASCII_pit_55_Literal will be placed at 8024EADC (length = C bytes)
$ASCII_pit_10_Literal will be placed at 8024EAE8 (length = C bytes)
$ASCII_pit_45_Literal will be placed at 8024EAF4 (length = C bytes)
$ASCII_pit_18_Literal will be placed at 8024EB00 (length = C bytes)
$ASCII_pit_48_Literal will be placed at 8024EB0C (length = C bytes)
$ASCII_pit_03_Literal will be placed at 8024EB18 (length = C bytes)
$ASCII_pit_31_Literal will be placed at 8024EB24 (length = C bytes)
$ASCII_pit_91_Literal will be placed at 8024EB30 (length = C bytes)
$ASCII_pit_97_Literal will be placed at 8024EB3C (length = C bytes)
$ASCII_pit_82_Literal will be placed at 8024EB48 (length = C bytes)
$ASCII_pit_52_Literal will be placed at 8024EB54 (length = C bytes)
$ASCII_pit_70_Literal will be placed at 8024EB60 (length = C bytes)
$ASCII_pit_85_Literal will be placed at 8024EB6C (length = C bytes)
$ASCII_pit_40_Literal will be placed at 8024EB78 (length = C bytes)
$ASCII_pit_39_Literal will be placed at 8024EB84 (length = C bytes)
$ASCII_pit_73_Literal will be placed at 8024EB90 (length = C bytes)
$ASCII_pit_15_Literal will be placed at 8024EB9C (length = C bytes)
$ASCII_pit_27_Literal will be placed at 8024EBA8 (length = C bytes)
$ASCII_pit_61_Literal will be placed at 8024EBB4 (length = C bytes)
$ExtraAnimationList_802418D4 will be placed at 8024EBC0 (length = 8 bytes)
$ConstDouble_80242510 will be placed at 8024EBC8 (length = 8 bytes)
$ASCII_pit_842_Literal will be placed at 8024EBD0 (length = 8 bytes)
$ASCII_pit_100_Literal will be placed at 8024EBD8 (length = 8 bytes)
$ASCII_tik_tex_Literal will be placed at 8024EBE0 (length = 8 bytes)
$MoverCancel will be placed at 8024EBE8 (length = 4 bytes)
$BanditMoverCancel will be placed at 8024EBEC (length = 4 bytes)
Executing patch: pit_77.mpat
Loaded map pit_51
Creating struct: $EntryList
Creating struct: $DeepestLevel
Creating struct: $TotalLevels
Creating struct: $LoadHighscores
Creating struct: $FallingDownPipe
Creating struct: $Function_GetPos
Creating struct: $Function2
Creating struct: $SetSpawns
Creating struct: $Script_SetNPCPos
Creating struct: $SwitchPath
Creating struct: $VectorList_80244998
Creating struct: $GetPos
Creating struct: $Function_GetDamageTaken
Creating struct: $Function_ResetDamage
Creating struct: $DispawnParthner
Creating struct: $RespawnParthner
Creating struct: $LoadMap
Creating struct: $Script_LoadMapMover_Roguelike
Creating struct: $GetFloor
Creating struct: $LoadCoinsMover
Creating struct: $LoadMapBandit
Creating struct: $GetFloorBandit
Creating struct: $Script_Init_80243B20
Creating struct: $Script_80243A6C
Creating struct: $Script_AddCoins
Creating struct: $Script_SubstractCoins
Creating struct: $NPC_Settings_Sack
Creating struct: $Script_Init_Bag
Creating struct: $Script_Init_Bag_HitBox
Creating struct: $Script_NPC_SackHit_Init
Creating struct: $Script_NPC_Sack_FX
Creating struct: $NPC_Sack_AnimationStart
Creating struct: $NPC_Sack_AnimationEnd
Creating struct: $Script_SackAnimation_Start_GoToTheRight
Creating struct: $Script_SackAnimation_Start_GoToTheLeft
Creating struct: $Script_SackAnimation_End_Right
Creating struct: $Script_SackAnimation_End_Left
Creating struct: $Function_LoadGainedCoins
Creating struct: $Function_RevivePlayer
Creating struct: $AISettings_MoneySack
Creating struct: $Script_NpcAI_MoneySack
Creating struct: $JumpTable_80242448
Creating struct: $Function_NpcAI_MoneySack
Creating struct: $Function_80240260
Creating struct: $Function_80240844
Creating struct: $Function_802409A8
Creating struct: $Script_TrackPlayer
Creating struct: $Script_PipeAnimation
Creating struct: $Function_SetAnimation
Creating struct: $Function_GetColliderPos
Creating struct: $Function_TrackInput
Creating struct: $GoToNextLevel
Creating struct: $GoToNextLevel_Roguelike
Creating struct: $Script_SetSetsOfLevels
Creating struct: $Script_LoadMap_Roguelike
Creating struct: $Script_LoadChestMap_Roguelike
Creating struct: $Script_LoadMap_Mover_Roguelike
Creating struct: $Script_LoadChestMap_Mover_Roguelike
Creating struct: $GetFloorPit
Creating struct: $GetFloorSign
Creating struct: $Function_GetTattle1
Creating struct: $Function_GetTattle2
Creating struct: $Script_ReadSign
Creating struct: $Header
Creating struct: $Function_Init
Creating struct: $Script_Main
Creating struct: $NpcGroups
Creating struct: $NpcGroup_Mover
Creating struct: $BlankSettings
Creating struct: $Script_Init_Mover
Creating struct: $Interact_Mover
Creating struct: $Script_MoverWarpAnimation
Creating struct: $NpcGroup_BanditMover
Creating struct: $Script_Init_BanditMover
Creating struct: $Interact_BanditMover
Creating struct: $NpcGroup_Enemy1
Creating struct: $NpcGroup_Enemy2
Creating struct: $NpcGroup_Enemy3
Creating struct: $NpcGroup_Enemy4
Creating struct: $NpcGroup_Enemy5
Creating struct: $NpcGroup_Enemy6
Creating struct: $NpcSettings_Enemy1
Creating struct: $Script_EnemyAI
Creating struct: $AISettings_Enemy
Creating struct: $Script_DisableEnemyAI
Creating struct: $AISettings_DisableEnemy
Creating struct: $PipeSpawning
Creating struct: $Script_MakeEntities
Creating struct: $CommingDownPipe
Creating struct: $Script_MakeExits
Creating struct: $Script_Exit0
Merged 1 regions to 1
$Script_LoadMap_Mover_Roguelike will be placed at 80240000 (length = F14 bytes)
$LoadMap will be placed at 80240F14 (length = EF4 bytes)
$Script_ReadSign will be placed at 80241E08 (length = EEC bytes)
$LoadMapBandit will be placed at 80242CF4 (length = EA4 bytes)
$Script_LoadMap_Roguelike will be placed at 80243B98 (length = D9C bytes)
$GoToNextLevel will be placed at 80244934 (length = D10 bytes)
$GoToNextLevel_Roguelike will be placed at 80245644 (length = 868 bytes)
$Function_80240260 will be placed at 80245EAC (length = 5E4 bytes)
$SetSpawns will be placed at 80246490 (length = 384 bytes)
$FallingDownPipe will be placed at 80246814 (length = 37C bytes)
$Script_SetSetsOfLevels will be placed at 80246B90 (length = 358 bytes)
$Script_SetNPCPos will be placed at 80246EE8 (length = 2F4 bytes)
$Function_NpcAI_MoneySack will be placed at 802471DC (length = 238 bytes)
$Script_SackAnimation_Start_GoToTheRight will be placed at 80247414 (length = 230 bytes)
$Script_SackAnimation_Start_GoToTheLeft will be placed at 80247644 (length = 1F8 bytes)
$Interact_Mover will be placed at 8024783C (length = 1F8 bytes)
$NpcGroup_Enemy3 will be placed at 80247A34 (length = 1F0 bytes)
$NpcGroup_Enemy4 will be placed at 80247C24 (length = 1F0 bytes)
$NpcGroup_Enemy5 will be placed at 80247E14 (length = 1F0 bytes)
$NpcGroup_Enemy6 will be placed at 80248004 (length = 1F0 bytes)
$NpcGroup_Enemy1 will be placed at 802481F4 (length = 1F0 bytes)
$NpcGroup_Enemy2 will be placed at 802483E4 (length = 1F0 bytes)
$NpcGroup_Mover will be placed at 802485D4 (length = 1F0 bytes)
$NpcGroup_BanditMover will be placed at 802487C4 (length = 1F0 bytes)
$Interact_BanditMover will be placed at 802489B4 (length = 1EC bytes)
$Script_PipeAnimation will be placed at 80248BA0 (length = 1D0 bytes)
$JumpTable_80242448 will be placed at 80248D70 (length = 190 bytes)
$Script_LoadChestMap_Mover_Roguelike will be placed at 80248F00 (length = 18C bytes)
$PipeSpawning will be placed at 8024908C (length = 178 bytes)
$NPC_Sack_AnimationStart will be placed at 80249204 (length = 168 bytes)
$Function_80240844 will be placed at 8024936C (length = 164 bytes)
$Script_LoadChestMap_Roguelike will be placed at 802494D0 (length = 164 bytes)
$Script_NPC_SackHit_Init will be placed at 80249634 (length = 160 bytes)
$Script_SackAnimation_End_Right will be placed at 80249794 (length = 158 bytes)
$Script_SackAnimation_End_Left will be placed at 802498EC (length = 150 bytes)
$MapTattle5 will be placed at 80249A3C (length = 13C bytes)
$MapTattle4 will be placed at 80249B78 (length = 130 bytes)
$GetFloor will be placed at 80249CA8 (length = 12C bytes)
$BanditMover_Tattle will be placed at 80249DD4 (length = 124 bytes)
$Script_Main will be placed at 80249EF8 (length = 120 bytes)
$Script_80243A6C will be placed at 8024A018 (length = 114 bytes)
$Script_SubstractCoins will be placed at 8024A12C (length = 10C bytes)
$Script_LoadMapMover_Roguelike will be placed at 8024A238 (length = 104 bytes)
$GetFloorBandit will be placed at 8024A33C (length = F4 bytes)
$Script_MoverWarpAnimation will be placed at 8024A430 (length = F0 bytes)
$Function_GetColliderPos will be placed at 8024A520 (length = E0 bytes)
$Function_GetPos will be placed at 8024A600 (length = E0 bytes)
$Script_TrackPlayer will be placed at 8024A6E0 (length = DC bytes)
$MapTattle2 will be placed at 8024A7BC (length = D4 bytes)
$Function_TrackInput will be placed at 8024A890 (length = BC bytes)
$MapTattle3 will be placed at 8024A94C (length = B0 bytes)
$Script_MakeEntities will be placed at 8024A9FC (length = A8 bytes)
$MapTattle1 will be placed at 8024AAA4 (length = A8 bytes)
$Script_NpcAI_MoneySack will be placed at 8024AB4C (length = A8 bytes)
$MoverStart will be placed at 8024ABF4 (length = A4 bytes)
$SwitchPath will be placed at 8024AC98 (length = A4 bytes)
$Script_NPC_Sack_FX will be placed at 8024AD3C (length = A4 bytes)
$GetPos will be placed at 8024ADE0 (length = 9C bytes)
$Script_AddCoins will be placed at 8024AE7C (length = 98 bytes)
$BanditMoverStart will be placed at 8024AF14 (length = 98 bytes)
$Mover_Tattle will be placed at 8024AFAC (length = 94 bytes)
$Function_GetTattle1 will be placed at 8024B040 (length = 8C bytes)
$NPC_Sack_AnimationEnd will be placed at 8024B0CC (length = 84 bytes)
$BanditMover_Options will be placed at 8024B150 (length = 80 bytes)
$SignStringBug will be placed at 8024B1D0 (length = 7C bytes)
$LoadHighscores will be placed at 8024B24C (length = 7C bytes)
$Mover_Options will be placed at 8024B2C8 (length = 78 bytes)
$NpcGroups will be placed at 8024B340 (length = 6C bytes)
$DeepestLevel will be placed at 8024B3AC (length = 6C bytes)
$Function2 will be placed at 8024B418 (length = 6C bytes)
$LoadCoinsMover will be placed at 8024B484 (length = 6C bytes)
$Function_SetAnimation will be placed at 8024B4F0 (length = 6C bytes)
$GetFloorPit will be placed at 8024B55C (length = 68 bytes)
$MoverEnd will be placed at 8024B5C4 (length = 68 bytes)
$BanditMoverEnd will be placed at 8024B62C (length = 68 bytes)
$GetFloorSign will be placed at 8024B694 (length = 64 bytes)
$BanditMoverNoCoins will be placed at 8024B6F8 (length = 58 bytes)
$MoverNoCoins will be placed at 8024B750 (length = 58 bytes)
$Function_GetTattle2 will be placed at 8024B7A8 (length = 48 bytes)
$CommingDownPipe will be placed at 8024B7F0 (length = 48 bytes)
$Script_Exit0 will be placed at 8024B838 (length = 48 bytes)
$Function_LoadGainedCoins will be placed at 8024B880 (length = 48 bytes)
$Function_Init will be placed at 8024B8C8 (length = 44 bytes)
$Function_802409A8 will be placed at 8024B90C (length = 44 bytes)
$Header will be placed at 8024B950 (length = 40 bytes)
$Script_Init_Bag will be placed at 8024B990 (length = 38 bytes)
$TotalLevels will be placed at 8024B9C8 (length = 38 bytes)
$Script_Init_Bag_HitBox will be placed at 8024BA00 (length = 38 bytes)
$DispawnParthner will be placed at 8024BA38 (length = 34 bytes)
$Function_ResetDamage will be placed at 8024BA6C (length = 34 bytes)
$AISettings_MoneySack will be placed at 8024BAA0 (length = 30 bytes)
$AISettings_Enemy will be placed at 8024BAD0 (length = 30 bytes)
$AISettings_DisableEnemy will be placed at 8024BB00 (length = 30 bytes)
$RespawnParthner will be placed at 8024BB30 (length = 30 bytes)
$NPC_Settings_Sack will be placed at 8024BB60 (length = 2C bytes)
$Function_GetDamageTaken will be placed at 8024BB8C (length = 2C bytes)
$Function_RevivePlayer will be placed at 8024BBB8 (length = 2C bytes)
$String_CoinsGained will be placed at 8024BBE4 (length = 2C bytes)
$BlankSettings will be placed at 8024BC10 (length = 2C bytes)
$Script_MakeExits will be placed at 8024BC3C (length = 2C bytes)
$NpcSettings_Enemy1 will be placed at 8024BC68 (length = 24 bytes)
$VectorList_80244998 will be placed at 8024BC8C (length = 24 bytes)
$Script_Init_80243B20 will be placed at 8024BCB0 (length = 24 bytes)
$Script_Init_Mover will be placed at 8024BCD4 (length = 24 bytes)
$Script_Init_BanditMover will be placed at 8024BCF8 (length = 24 bytes)
$Script_DisableEnemyAI will be placed at 8024BD1C (length = 20 bytes)
$EntryList will be placed at 8024BD3C (length = 20 bytes)
$Script_EnemyAI will be placed at 8024BD5C (length = 20 bytes)
$SignString100 will be placed at 8024BD7C (length = 18 bytes)
$SignString1 will be placed at 8024BD94 (length = 14 bytes)
$SignString99 will be placed at 8024BDA8 (length = 14 bytes)
$SignString98 will be placed at 8024BDBC (length = 14 bytes)
$SignString97 will be placed at 8024BDD0 (length = 14 bytes)
$SignString96 will be placed at 8024BDE4 (length = 14 bytes)
$SignString95 will be placed at 8024BDF8 (length = 14 bytes)
$SignString94 will be placed at 8024BE0C (length = 14 bytes)
$SignString93 will be placed at 8024BE20 (length = 14 bytes)
$SignString92 will be placed at 8024BE34 (length = 14 bytes)
$SignString91 will be placed at 8024BE48 (length = 14 bytes)
$SignString90 will be placed at 8024BE5C (length = 14 bytes)
$SignString59 will be placed at 8024BE70 (length = 14 bytes)
$SignString58 will be placed at 8024BE84 (length = 14 bytes)
$SignString57 will be placed at 8024BE98 (length = 14 bytes)
$SignString56 will be placed at 8024BEAC (length = 14 bytes)
$SignString55 will be placed at 8024BEC0 (length = 14 bytes)
$SignString54 will be placed at 8024BED4 (length = 14 bytes)
$SignString53 will be placed at 8024BEE8 (length = 14 bytes)
$SignString52 will be placed at 8024BEFC (length = 14 bytes)
$SignString51 will be placed at 8024BF10 (length = 14 bytes)
$SignString50 will be placed at 8024BF24 (length = 14 bytes)
$SignString69 will be placed at 8024BF38 (length = 14 bytes)
$SignString68 will be placed at 8024BF4C (length = 14 bytes)
$SignString67 will be placed at 8024BF60 (length = 14 bytes)
$SignString66 will be placed at 8024BF74 (length = 14 bytes)
$SignString65 will be placed at 8024BF88 (length = 14 bytes)
$SignString64 will be placed at 8024BF9C (length = 14 bytes)
$SignString63 will be placed at 8024BFB0 (length = 14 bytes)
$SignString62 will be placed at 8024BFC4 (length = 14 bytes)
$SignString61 will be placed at 8024BFD8 (length = 14 bytes)
$SignString60 will be placed at 8024BFEC (length = 14 bytes)
$SignString79 will be placed at 8024C000 (length = 14 bytes)
$SignString78 will be placed at 8024C014 (length = 14 bytes)
$SignString77 will be placed at 8024C028 (length = 14 bytes)
$SignString76 will be placed at 8024C03C (length = 14 bytes)
$SignString75 will be placed at 8024C050 (length = 14 bytes)
$SignString74 will be placed at 8024C064 (length = 14 bytes)
$SignString73 will be placed at 8024C078 (length = 14 bytes)
$SignString72 will be placed at 8024C08C (length = 14 bytes)
$SignString71 will be placed at 8024C0A0 (length = 14 bytes)
$SignString70 will be placed at 8024C0B4 (length = 14 bytes)
$SignString89 will be placed at 8024C0C8 (length = 14 bytes)
$SignString88 will be placed at 8024C0DC (length = 14 bytes)
$SignString87 will be placed at 8024C0F0 (length = 14 bytes)
$SignString86 will be placed at 8024C104 (length = 14 bytes)
$SignString85 will be placed at 8024C118 (length = 14 bytes)
$SignString84 will be placed at 8024C12C (length = 14 bytes)
$SignString83 will be placed at 8024C140 (length = 14 bytes)
$SignString82 will be placed at 8024C154 (length = 14 bytes)
$SignString81 will be placed at 8024C168 (length = 14 bytes)
$SignString80 will be placed at 8024C17C (length = 14 bytes)
$SignString19 will be placed at 8024C190 (length = 14 bytes)
$SignString18 will be placed at 8024C1A4 (length = 14 bytes)
$SignString17 will be placed at 8024C1B8 (length = 14 bytes)
$SignString16 will be placed at 8024C1CC (length = 14 bytes)
$SignString15 will be placed at 8024C1E0 (length = 14 bytes)
$SignString14 will be placed at 8024C1F4 (length = 14 bytes)
$SignString13 will be placed at 8024C208 (length = 14 bytes)
$SignString12 will be placed at 8024C21C (length = 14 bytes)
$SignString11 will be placed at 8024C230 (length = 14 bytes)
$SignString10 will be placed at 8024C244 (length = 14 bytes)
$SignString3 will be placed at 8024C258 (length = 14 bytes)
$SignString2 will be placed at 8024C26C (length = 14 bytes)
$SignString5 will be placed at 8024C280 (length = 14 bytes)
$SignString4 will be placed at 8024C294 (length = 14 bytes)
$SignString7 will be placed at 8024C2A8 (length = 14 bytes)
$SignString6 will be placed at 8024C2BC (length = 14 bytes)
$SignString9 will be placed at 8024C2D0 (length = 14 bytes)
$SignString8 will be placed at 8024C2E4 (length = 14 bytes)
$SignString29 will be placed at 8024C2F8 (length = 14 bytes)
$SignString28 will be placed at 8024C30C (length = 14 bytes)
$SignString27 will be placed at 8024C320 (length = 14 bytes)
$SignString26 will be placed at 8024C334 (length = 14 bytes)
$SignString25 will be placed at 8024C348 (length = 14 bytes)
$SignString24 will be placed at 8024C35C (length = 14 bytes)
$SignString23 will be placed at 8024C370 (length = 14 bytes)
$SignString22 will be placed at 8024C384 (length = 14 bytes)
$SignString21 will be placed at 8024C398 (length = 14 bytes)
$SignString20 will be placed at 8024C3AC (length = 14 bytes)
$SignString will be placed at 8024C3C0 (length = 14 bytes)
$SignString39 will be placed at 8024C3D4 (length = 14 bytes)
$SignString38 will be placed at 8024C3E8 (length = 14 bytes)
$SignString37 will be placed at 8024C3FC (length = 14 bytes)
$SignString36 will be placed at 8024C410 (length = 14 bytes)
$SignString35 will be placed at 8024C424 (length = 14 bytes)
$SignString34 will be placed at 8024C438 (length = 14 bytes)
$SignString33 will be placed at 8024C44C (length = 14 bytes)
$SignString32 will be placed at 8024C460 (length = 14 bytes)
$SignString31 will be placed at 8024C474 (length = 14 bytes)
$SignString30 will be placed at 8024C488 (length = 14 bytes)
$SignString49 will be placed at 8024C49C (length = 14 bytes)
$SignString48 will be placed at 8024C4B0 (length = 14 bytes)
$SignString47 will be placed at 8024C4C4 (length = 14 bytes)
$SignString46 will be placed at 8024C4D8 (length = 14 bytes)
$SignString45 will be placed at 8024C4EC (length = 14 bytes)
$SignString44 will be placed at 8024C500 (length = 14 bytes)
$SignString43 will be placed at 8024C514 (length = 14 bytes)
$SignString42 will be placed at 8024C528 (length = 14 bytes)
$SignString41 will be placed at 8024C53C (length = 14 bytes)
$SignString40 will be placed at 8024C550 (length = 14 bytes)
$ASCII_pit_02_Literal will be placed at 8024C564 (length = C bytes)
$ASCII_pit_90_Literal will be placed at 8024C570 (length = C bytes)
$ASCII_pit_34_Literal will be placed at 8024C57C (length = C bytes)
$ASCII_pit_66_Literal will be placed at 8024C588 (length = C bytes)
$ASCII_pit_98_Literal will be placed at 8024C594 (length = C bytes)
$ASCII_pit_19_Literal will be placed at 8024C5A0 (length = C bytes)
$ASCII_pit_57_Literal will be placed at 8024C5AC (length = C bytes)
$ASCII_pit_69_Literal will be placed at 8024C5B8 (length = C bytes)
$ASCII_pit_72_Literal will be placed at 8024C5C4 (length = C bytes)
$ASCII_pit_81_Literal will be placed at 8024C5D0 (length = C bytes)
$ASCII_pit_43_Literal will be placed at 8024C5DC (length = C bytes)
$ASCII_pit_28_Literal will be placed at 8024C5E8 (length = C bytes)
$ASCII_pit_78_Literal will be placed at 8024C5F4 (length = C bytes)
$ASCII_pit_63_Literal will be placed at 8024C600 (length = C bytes)
$ASCII_pit_46_Literal will be placed at 8024C60C (length = C bytes)
$ASCII_pit_95_Literal will be placed at 8024C618 (length = C bytes)
$ASCII_pit_16_Literal will be placed at 8024C624 (length = C bytes)
$ASCII_pit_37_Literal will be placed at 8024C630 (length = C bytes)
$ASCII_pit_22_Literal will be placed at 8024C63C (length = C bytes)
$ASCII_pit_05_Literal will be placed at 8024C648 (length = C bytes)
$ASCII_pit_25_Literal will be placed at 8024C654 (length = C bytes)
$ASCII_pit_54_Literal will be placed at 8024C660 (length = C bytes)
$ASCII_pit_08_Literal will be placed at 8024C66C (length = C bytes)
$ASCII_pit_87_Literal will be placed at 8024C678 (length = C bytes)
$ASCII_pit_75_Literal will be placed at 8024C684 (length = C bytes)
$ASCII_pit_13_Literal will be placed at 8024C690 (length = C bytes)
$ASCII_pit_32_Literal will be placed at 8024C69C (length = C bytes)
$ASCII_pit_92_Literal will be placed at 8024C6A8 (length = C bytes)
$ASCII_pit_17_Literal will be placed at 8024C6B4 (length = C bytes)
$ASCII_pit_49_Literal will be placed at 8024C6C0 (length = C bytes)
$ASCII_pit_77_Literal will be placed at 8024C6CC (length = C bytes)
$ASCII_pit_96_Literal will be placed at 8024C6D8 (length = C bytes)
$ASCII_pit_68_Literal will be placed at 8024C6E4 (length = C bytes)
$ASCII_pit_51_Literal will be placed at 8024C6F0 (length = C bytes)
$ASCII_pit_04_Literal will be placed at 8024C6FC (length = C bytes)
$ASCII_pit_83_Literal will be placed at 8024C708 (length = C bytes)
$ASCII_pit_86_Literal will be placed at 8024C714 (length = C bytes)
$ASCII_pit_26_Literal will be placed at 8024C720 (length = C bytes)
$ASCII_pit_41_Literal will be placed at 8024C72C (length = C bytes)
$ASCII_pit_14_Literal will be placed at 8024C738 (length = C bytes)
$ASCII_pit_74_Literal will be placed at 8024C744 (length = C bytes)
$ASCII_pit_60_Literal will be placed at 8024C750 (length = C bytes)
$ASCII_pit_59_Literal will be placed at 8024C75C (length = C bytes)
$ASCII_pit_93_Literal will be placed at 8024C768 (length = C bytes)
$ASCII_pit_65_Literal will be placed at 8024C774 (length = C bytes)
$ASCII_pit_07_Literal will be placed at 8024C780 (length = C bytes)
$ASCII_pit_20_Literal will be placed at 8024C78C (length = C bytes)
$ASCII_pit_35_Literal will be placed at 8024C798 (length = C bytes)
$ASCII_pit_23_Literal will be placed at 8024C7A4 (length = C bytes)
$ASCII_pit_11_Literal will be placed at 8024C7B0 (length = C bytes)
$ASCII_pit_56_Literal will be placed at 8024C7BC (length = C bytes)
$ASCII_pit_44_Literal will be placed at 8024C7C8 (length = C bytes)
$ASCII_pit_89_Literal will be placed at 8024C7D4 (length = C bytes)
$ASCII_pit_79_Literal will be placed at 8024C7E0 (length = C bytes)
$ASCII_pit_62_Literal will be placed at 8024C7EC (length = C bytes)
$ASCII_pit_94_Literal will be placed at 8024C7F8 (length = C bytes)
$ASCII_pit_47_Literal will be placed at 8024C804 (length = C bytes)
$ASCII_pit_21_Literal will be placed at 8024C810 (length = C bytes)
$ASCII_pit_06_Literal will be placed at 8024C81C (length = C bytes)
$ASCII_pit_53_Literal will be placed at 8024C828 (length = C bytes)
$ASCII_pit_09_Literal will be placed at 8024C834 (length = C bytes)
$ASCII_pit_88_Literal will be placed at 8024C840 (length = C bytes)
$ASCII_pit_38_Literal will be placed at 8024C84C (length = C bytes)
$ASCII_pit_24_Literal will be placed at 8024C858 (length = C bytes)
$ASCII_pit_12_Literal will be placed at 8024C864 (length = C bytes)
$ASCII_pit_76_Literal will be placed at 8024C870 (length = C bytes)
$ASCII_pit_01_Literal will be placed at 8024C87C (length = C bytes)
$ASCII_pit_50_Literal will be placed at 8024C888 (length = C bytes)
$ASCII_pit_33_Literal will be placed at 8024C894 (length = C bytes)
$ASCII_pit_99_Literal will be placed at 8024C8A0 (length = C bytes)
$ASCII_pit_67_Literal will be placed at 8024C8AC (length = C bytes)
$ASCII_pit_71_Literal will be placed at 8024C8B8 (length = C bytes)
$ASCII_pit_42_Literal will be placed at 8024C8C4 (length = C bytes)
$ASCII_pit_80_Literal will be placed at 8024C8D0 (length = C bytes)
$ASCII_pit_29_Literal will be placed at 8024C8DC (length = C bytes)
$ASCII_pit_58_Literal will be placed at 8024C8E8 (length = C bytes)
$ASCII_pit_30_Literal will be placed at 8024C8F4 (length = C bytes)
$ASCII_pit_00_Literal will be placed at 8024C900 (length = C bytes)
$ASCII_pit_64_Literal will be placed at 8024C90C (length = C bytes)
$ASCII_pit_36_Literal will be placed at 8024C918 (length = C bytes)
$ASCII_pit_55_Literal will be placed at 8024C924 (length = C bytes)
$ASCII_pit_10_Literal will be placed at 8024C930 (length = C bytes)
$ASCII_pit_45_Literal will be placed at 8024C93C (length = C bytes)
$ASCII_pit_18_Literal will be placed at 8024C948 (length = C bytes)
$ASCII_pit_48_Literal will be placed at 8024C954 (length = C bytes)
$ASCII_pit_03_Literal will be placed at 8024C960 (length = C bytes)
$ASCII_pit_31_Literal will be placed at 8024C96C (length = C bytes)
$ASCII_pit_91_Literal will be placed at 8024C978 (length = C bytes)
$ASCII_pit_97_Literal will be placed at 8024C984 (length = C bytes)
$ASCII_pit_82_Literal will be placed at 8024C990 (length = C bytes)
$ASCII_pit_52_Literal will be placed at 8024C99C (length = C bytes)
$ASCII_pit_70_Literal will be placed at 8024C9A8 (length = C bytes)
$ASCII_pit_85_Literal will be placed at 8024C9B4 (length = C bytes)
$ASCII_pit_40_Literal will be placed at 8024C9C0 (length = C bytes)
$ASCII_pit_39_Literal will be placed at 8024C9CC (length = C bytes)
$ASCII_pit_73_Literal will be placed at 8024C9D8 (length = C bytes)
$ASCII_pit_15_Literal will be placed at 8024C9E4 (length = C bytes)
$ASCII_pit_27_Literal will be placed at 8024C9F0 (length = C bytes)
$ASCII_pit_61_Literal will be placed at 8024C9FC (length = C bytes)
$ASCII_pit_842_Literal will be placed at 8024CA08 (length = 8 bytes)
$ASCII_pit_100_Literal will be placed at 8024CA10 (length = 8 bytes)
$ASCII_tik_tex_Literal will be placed at 8024CA18 (length = 8 bytes)
$MoverCancel will be placed at 8024CA20 (length = 4 bytes)
$BanditMoverCancel will be placed at 8024CA24 (length = 4 bytes)
Executing patch: pit_78.mpat
Loaded map pit_78
Creating struct: $EntryList
Creating struct: $DeepestLevel
Creating struct: $TotalLevels
Creating struct: $LoadHighscores
Creating struct: $FallingDownPipe
Creating struct: $Function_GetPos
Creating struct: $Function2
Creating struct: $SetSpawns
Creating struct: $Script_SetNPCPos
Creating struct: $SwitchPath
Creating struct: $VectorList_80244998
Creating struct: $GetPos
Creating struct: $Function_GetDamageTaken
Creating struct: $Function_ResetDamage
Creating struct: $DispawnParthner
Creating struct: $RespawnParthner
Creating struct: $LoadMap
Creating struct: $Script_LoadMapMover_Roguelike
Creating struct: $GetFloor
Creating struct: $LoadCoinsMover
Creating struct: $LoadMapBandit
Creating struct: $GetFloorBandit
Creating struct: $SetSpawnsSpecial
Creating struct: $Function_LoadCoinsInToVar1
Creating struct: $Script_SetSpawnPosition
Creating struct: $Script_Init_80243B20
Creating struct: $Script_80243A6C
Creating struct: $Script_AddCoins
Creating struct: $Script_SubstractCoins
Creating struct: $NPC_Settings_Sack
Creating struct: $Script_Init_Bag
Creating struct: $Script_Init_Bag_HitBox
Creating struct: $Script_NPC_SackHit_Init
Creating struct: $Script_NPC_Sack_FX
Creating struct: $NPC_Sack_AnimationStart
Creating struct: $NPC_Sack_AnimationEnd
Creating struct: $Script_SackAnimation_Start_GoToTheRight
Creating struct: $Script_SackAnimation_Start_GoToTheLeft
Creating struct: $Script_SackAnimation_End_Right
Creating struct: $Script_SackAnimation_End_Left
Creating struct: $Function_LoadGainedCoins
Creating struct: $Function_RevivePlayer
Creating struct: $AISettings_MoneySack
Creating struct: $Script_NpcAI_MoneySack
Creating struct: $JumpTable_80242448
Creating struct: $Function_NpcAI_MoneySack
Creating struct: $Function_80240260
Creating struct: $Function_80240844
Creating struct: $Function_802409A8
Creating struct: $Script_TrackPlayer
Creating struct: $Script_PipeAnimation
Creating struct: $Function_SetAnimation
Creating struct: $Function_GetColliderPos
Creating struct: $Function_TrackInput
Creating struct: $GoToNextLevel
Creating struct: $GoToNextLevel_Roguelike
Creating struct: $Script_SetSetsOfLevels
Creating struct: $Script_LoadMap_Roguelike
Creating struct: $Script_LoadChestMap_Roguelike
Creating struct: $Script_LoadMap_Mover_Roguelike
Creating struct: $Script_LoadChestMap_Mover_Roguelike
Creating struct: $GetFloorPit
Creating struct: $GetFloorSign
Creating struct: $Function_GetTattle1
Creating struct: $Function_GetTattle2
Creating struct: $Script_ReadSign
Creating struct: $Header
Creating struct: $Function_Init
Creating struct: $Script_Main
Creating struct: $NpcGroup1
Creating struct: $NpcGroup2
Creating struct: $NpcGroup3
Creating struct: $NpcGroup4
Creating struct: $NpcGroup5
Creating struct: $NpcGroup6
Creating struct: $NpcGroup7
Creating struct: $NpcGroups
Creating struct: $NpcGroup_Mover
Creating struct: $BlankSettings
Creating struct: $Script_Init_Mover
Creating struct: $Interact_Mover
Creating struct: $Script_MoverWarpAnimation
Creating struct: $NpcGroup_BanditMover
Creating struct: $Script_Init_BanditMover
Creating struct: $Interact_BanditMover
Creating struct: $NpcGroup_Enemy1
Creating struct: $NpcGroup_Enemy2
Creating struct: $NpcGroup_Enemy3
Creating struct: $NpcGroup_Enemy4
Creating struct: $NpcGroup_Enemy5
Creating struct: $NpcGroup_Enemy6
Creating struct: $NpcSettings_Enemy1
Creating struct: $Script_EnemyAI
Creating struct: $AISettings_Enemy
Creating struct: $JumpTable_80242250
Creating struct: $ConstDouble_80242290
Creating struct: $ConstDouble_80242298
Creating struct: $Function_80240F50
Creating struct: $Script_DisableEnemyAI
Creating struct: $AISettings_DisableEnemy
Creating struct: $PipeSpawning
Creating struct: $Script_MakeEntities
Creating struct: $CommingDownPipe
Creating struct: $Script_MakeExits
Creating struct: $Script_Exit0
Merged 1 regions to 1
$Script_LoadMap_Mover_Roguelike will be placed at 80240000 (length = F14 bytes)
$LoadMap will be placed at 80240F14 (length = EF4 bytes)
$Script_ReadSign will be placed at 80241E08 (length = EEC bytes)
$LoadMapBandit will be placed at 80242CF4 (length = EA4 bytes)
$Script_LoadMap_Roguelike will be placed at 80243B98 (length = D9C bytes)
$GoToNextLevel will be placed at 80244934 (length = D10 bytes)
$GoToNextLevel_Roguelike will be placed at 80245644 (length = 868 bytes)
$Function_80240F50 will be placed at 80245EAC (length = 794 bytes)
$SetSpawnsSpecial will be placed at 80246640 (length = 608 bytes)
$Function_80240260 will be placed at 80246C48 (length = 5E4 bytes)
$SetSpawns will be placed at 8024722C (length = 384 bytes)
$FallingDownPipe will be placed at 802475B0 (length = 37C bytes)
$Script_SetSetsOfLevels will be placed at 8024792C (length = 358 bytes)
$Script_SetNPCPos will be placed at 80247C84 (length = 2F4 bytes)
$Script_Main will be placed at 80247F78 (length = 248 bytes)
$Function_NpcAI_MoneySack will be placed at 802481C0 (length = 238 bytes)
$Script_SetSpawnPosition will be placed at 802483F8 (length = 234 bytes)
$Script_SackAnimation_Start_GoToTheRight will be placed at 8024862C (length = 230 bytes)
$Script_SackAnimation_Start_GoToTheLeft will be placed at 8024885C (length = 1F8 bytes)
$Interact_Mover will be placed at 80248A54 (length = 1F8 bytes)
$NpcGroup_Enemy3 will be placed at 80248C4C (length = 1F0 bytes)
$NpcGroup_Enemy4 will be placed at 80248E3C (length = 1F0 bytes)
$NpcGroup_Enemy5 will be placed at 8024902C (length = 1F0 bytes)
$NpcGroup_Enemy6 will be placed at 8024921C (length = 1F0 bytes)
$NpcGroup_Enemy1 will be placed at 8024940C (length = 1F0 bytes)
$NpcGroup_Enemy2 will be placed at 802495FC (length = 1F0 bytes)
$NpcGroup_Mover will be placed at 802497EC (length = 1F0 bytes)
$NpcGroup_BanditMover will be placed at 802499DC (length = 1F0 bytes)
$Interact_BanditMover will be placed at 80249BCC (length = 1EC bytes)
$Script_PipeAnimation will be placed at 80249DB8 (length = 1D0 bytes)
$JumpTable_80242448 will be placed at 80249F88 (length = 190 bytes)
$Script_LoadChestMap_Mover_Roguelike will be placed at 8024A118 (length = 18C bytes)
$PipeSpawning will be placed at 8024A2A4 (length = 178 bytes)
$NPC_Sack_AnimationStart will be placed at 8024A41C (length = 168 bytes)
$Function_80240844 will be placed at 8024A584 (length = 164 bytes)
$Script_LoadChestMap_Roguelike will be placed at 8024A6E8 (length = 164 bytes)
$Script_NPC_SackHit_Init will be placed at 8024A84C (length = 160 bytes)
$Script_SackAnimation_End_Right will be placed at 8024A9AC (length = 158 bytes)
$Script_SackAnimation_End_Left will be placed at 8024AB04 (length = 150 bytes)
$MapTattle5 will be placed at 8024AC54 (length = 13C bytes)
$MapTattle4 will be placed at 8024AD90 (length = 130 bytes)
$GetFloor will be placed at 8024AEC0 (length = 12C bytes)
$BanditMover_Tattle will be placed at 8024AFEC (length = 124 bytes)
$Script_80243A6C will be placed at 8024B110 (length = 114 bytes)
$Script_SubstractCoins will be placed at 8024B224 (length = 10C bytes)
$Script_LoadMapMover_Roguelike will be placed at 8024B330 (length = 104 bytes)
$GetFloorBandit will be placed at 8024B434 (length = F4 bytes)
$Script_MoverWarpAnimation will be placed at 8024B528 (length = F0 bytes)
$Function_GetColliderPos will be placed at 8024B618 (length = E0 bytes)
$Function_GetPos will be placed at 8024B6F8 (length = E0 bytes)
$Script_TrackPlayer will be placed at 8024B7D8 (length = DC bytes)
$MapTattle2 will be placed at 8024B8B4 (length = D4 bytes)
$Function_TrackInput will be placed at 8024B988 (length = BC bytes)
$MapTattle3 will be placed at 8024BA44 (length = B0 bytes)
$Script_MakeEntities will be placed at 8024BAF4 (length = A8 bytes)
$MapTattle1 will be placed at 8024BB9C (length = A8 bytes)
$Script_NpcAI_MoneySack will be placed at 8024BC44 (length = A8 bytes)
$MoverStart will be placed at 8024BCEC (length = A4 bytes)
$SwitchPath will be placed at 8024BD90 (length = A4 bytes)
$Script_NPC_Sack_FX will be placed at 8024BE34 (length = A4 bytes)
$GetPos will be placed at 8024BED8 (length = 9C bytes)
$Script_AddCoins will be placed at 8024BF74 (length = 98 bytes)
$BanditMoverStart will be placed at 8024C00C (length = 98 bytes)
$Mover_Tattle will be placed at 8024C0A4 (length = 94 bytes)
$Function_GetTattle1 will be placed at 8024C138 (length = 8C bytes)
$NPC_Sack_AnimationEnd will be placed at 8024C1C4 (length = 84 bytes)
$BanditMover_Options will be placed at 8024C248 (length = 80 bytes)
$SignStringBug will be placed at 8024C2C8 (length = 7C bytes)
$LoadHighscores will be placed at 8024C344 (length = 7C bytes)
$Mover_Options will be placed at 8024C3C0 (length = 78 bytes)
$NpcGroups will be placed at 8024C438 (length = 6C bytes)
$DeepestLevel will be placed at 8024C4A4 (length = 6C bytes)
$Function2 will be placed at 8024C510 (length = 6C bytes)
$LoadCoinsMover will be placed at 8024C57C (length = 6C bytes)
$Function_SetAnimation will be placed at 8024C5E8 (length = 6C bytes)
$GetFloorPit will be placed at 8024C654 (length = 68 bytes)
$MoverEnd will be placed at 8024C6BC (length = 68 bytes)
$BanditMoverEnd will be placed at 8024C724 (length = 68 bytes)
$GetFloorSign will be placed at 8024C78C (length = 64 bytes)
$BanditMoverNoCoins will be placed at 8024C7F0 (length = 58 bytes)
$MoverNoCoins will be placed at 8024C848 (length = 58 bytes)
$Function_GetTattle2 will be placed at 8024C8A0 (length = 48 bytes)
$CommingDownPipe will be placed at 8024C8E8 (length = 48 bytes)
$Script_Exit0 will be placed at 8024C930 (length = 48 bytes)
$Function_LoadCoinsInToVar1 will be placed at 8024C978 (length = 48 bytes)
$Function_LoadGainedCoins will be placed at 8024C9C0 (length = 48 bytes)
$Function_Init will be placed at 8024CA08 (length = 44 bytes)
$Function_802409A8 will be placed at 8024CA4C (length = 44 bytes)
$Header will be placed at 8024CA90 (length = 40 bytes)
$JumpTable_80242250 will be placed at 8024CAD0 (length = 40 bytes)
$Script_Init_Bag will be placed at 8024CB10 (length = 38 bytes)
$TotalLevels will be placed at 8024CB48 (length = 38 bytes)
$Script_Init_Bag_HitBox will be placed at 8024CB80 (length = 38 bytes)
$DispawnParthner will be placed at 8024CBB8 (length = 34 bytes)
$Function_ResetDamage will be placed at 8024CBEC (length = 34 bytes)
$AISettings_MoneySack will be placed at 8024CC20 (length = 30 bytes)
$AISettings_Enemy will be placed at 8024CC50 (length = 30 bytes)
$AISettings_DisableEnemy will be placed at 8024CC80 (length = 30 bytes)
$RespawnParthner will be placed at 8024CCB0 (length = 30 bytes)
$NPC_Settings_Sack will be placed at 8024CCE0 (length = 2C bytes)
$Function_GetDamageTaken will be placed at 8024CD0C (length = 2C bytes)
$NpcSettings_Enemy1 will be placed at 8024CD38 (length = 2C bytes)
$Function_RevivePlayer will be placed at 8024CD64 (length = 2C bytes)
$String_CoinsGained will be placed at 8024CD90 (length = 2C bytes)
$BlankSettings will be placed at 8024CDBC (length = 2C bytes)
$Script_MakeExits will be placed at 8024CDE8 (length = 2C bytes)
$NpcGroup7 will be placed at 8024CE14 (length = 24 bytes)
$VectorList_80244998 will be placed at 8024CE38 (length = 24 bytes)
$Script_Init_80243B20 will be placed at 8024CE5C (length = 24 bytes)
$Script_Init_Mover will be placed at 8024CE80 (length = 24 bytes)
$Script_Init_BanditMover will be placed at 8024CEA4 (length = 24 bytes)
$Script_DisableEnemyAI will be placed at 8024CEC8 (length = 20 bytes)
$EntryList will be placed at 8024CEE8 (length = 20 bytes)
$Script_EnemyAI will be placed at 8024CF08 (length = 20 bytes)
$NpcGroup6 will be placed at 8024CF28 (length = 18 bytes)
$NpcGroup3 will be placed at 8024CF40 (length = 18 bytes)
$NpcGroup2 will be placed at 8024CF58 (length = 18 bytes)
$NpcGroup5 will be placed at 8024CF70 (length = 18 bytes)
$NpcGroup4 will be placed at 8024CF88 (length = 18 bytes)
$NpcGroup1 will be placed at 8024CFA0 (length = 18 bytes)
$SignString100 will be placed at 8024CFB8 (length = 18 bytes)
$SignString1 will be placed at 8024CFD0 (length = 14 bytes)
$SignString99 will be placed at 8024CFE4 (length = 14 bytes)
$SignString98 will be placed at 8024CFF8 (length = 14 bytes)
$SignString97 will be placed at 8024D00C (length = 14 bytes)
$SignString96 will be placed at 8024D020 (length = 14 bytes)
$SignString95 will be placed at 8024D034 (length = 14 bytes)
$SignString94 will be placed at 8024D048 (length = 14 bytes)
$SignString93 will be placed at 8024D05C (length = 14 bytes)
$SignString92 will be placed at 8024D070 (length = 14 bytes)
$SignString91 will be placed at 8024D084 (length = 14 bytes)
$SignString90 will be placed at 8024D098 (length = 14 bytes)
$SignString59 will be placed at 8024D0AC (length = 14 bytes)
$SignString58 will be placed at 8024D0C0 (length = 14 bytes)
$SignString57 will be placed at 8024D0D4 (length = 14 bytes)
$SignString56 will be placed at 8024D0E8 (length = 14 bytes)
$SignString55 will be placed at 8024D0FC (length = 14 bytes)
$SignString54 will be placed at 8024D110 (length = 14 bytes)
$SignString53 will be placed at 8024D124 (length = 14 bytes)
$SignString52 will be placed at 8024D138 (length = 14 bytes)
$SignString51 will be placed at 8024D14C (length = 14 bytes)
$SignString50 will be placed at 8024D160 (length = 14 bytes)
$SignString69 will be placed at 8024D174 (length = 14 bytes)
$SignString68 will be placed at 8024D188 (length = 14 bytes)
$SignString67 will be placed at 8024D19C (length = 14 bytes)
$SignString66 will be placed at 8024D1B0 (length = 14 bytes)
$SignString65 will be placed at 8024D1C4 (length = 14 bytes)
$SignString64 will be placed at 8024D1D8 (length = 14 bytes)
$SignString63 will be placed at 8024D1EC (length = 14 bytes)
$SignString62 will be placed at 8024D200 (length = 14 bytes)
$SignString61 will be placed at 8024D214 (length = 14 bytes)
$SignString60 will be placed at 8024D228 (length = 14 bytes)
$SignString79 will be placed at 8024D23C (length = 14 bytes)
$SignString78 will be placed at 8024D250 (length = 14 bytes)
$SignString77 will be placed at 8024D264 (length = 14 bytes)
$SignString76 will be placed at 8024D278 (length = 14 bytes)
$SignString75 will be placed at 8024D28C (length = 14 bytes)
$SignString74 will be placed at 8024D2A0 (length = 14 bytes)
$SignString73 will be placed at 8024D2B4 (length = 14 bytes)
$SignString72 will be placed at 8024D2C8 (length = 14 bytes)
$SignString71 will be placed at 8024D2DC (length = 14 bytes)
$SignString70 will be placed at 8024D2F0 (length = 14 bytes)
$SignString89 will be placed at 8024D304 (length = 14 bytes)
$SignString88 will be placed at 8024D318 (length = 14 bytes)
$SignString87 will be placed at 8024D32C (length = 14 bytes)
$SignString86 will be placed at 8024D340 (length = 14 bytes)
$SignString85 will be placed at 8024D354 (length = 14 bytes)
$SignString84 will be placed at 8024D368 (length = 14 bytes)
$SignString83 will be placed at 8024D37C (length = 14 bytes)
$SignString82 will be placed at 8024D390 (length = 14 bytes)
$SignString81 will be placed at 8024D3A4 (length = 14 bytes)
$SignString80 will be placed at 8024D3B8 (length = 14 bytes)
$SignString19 will be placed at 8024D3CC (length = 14 bytes)
$SignString18 will be placed at 8024D3E0 (length = 14 bytes)
$SignString17 will be placed at 8024D3F4 (length = 14 bytes)
$SignString16 will be placed at 8024D408 (length = 14 bytes)
$SignString15 will be placed at 8024D41C (length = 14 bytes)
$SignString14 will be placed at 8024D430 (length = 14 bytes)
$SignString13 will be placed at 8024D444 (length = 14 bytes)
$SignString12 will be placed at 8024D458 (length = 14 bytes)
$SignString11 will be placed at 8024D46C (length = 14 bytes)
$SignString10 will be placed at 8024D480 (length = 14 bytes)
$SignString3 will be placed at 8024D494 (length = 14 bytes)
$SignString2 will be placed at 8024D4A8 (length = 14 bytes)
$SignString5 will be placed at 8024D4BC (length = 14 bytes)
$SignString4 will be placed at 8024D4D0 (length = 14 bytes)
$SignString7 will be placed at 8024D4E4 (length = 14 bytes)
$SignString6 will be placed at 8024D4F8 (length = 14 bytes)
$SignString9 will be placed at 8024D50C (length = 14 bytes)
$SignString8 will be placed at 8024D520 (length = 14 bytes)
$SignString29 will be placed at 8024D534 (length = 14 bytes)
$SignString28 will be placed at 8024D548 (length = 14 bytes)
$SignString27 will be placed at 8024D55C (length = 14 bytes)
$SignString26 will be placed at 8024D570 (length = 14 bytes)
$SignString25 will be placed at 8024D584 (length = 14 bytes)
$SignString24 will be placed at 8024D598 (length = 14 bytes)
$SignString23 will be placed at 8024D5AC (length = 14 bytes)
$SignString22 will be placed at 8024D5C0 (length = 14 bytes)
$SignString21 will be placed at 8024D5D4 (length = 14 bytes)
$SignString20 will be placed at 8024D5E8 (length = 14 bytes)
$SignString will be placed at 8024D5FC (length = 14 bytes)
$SignString39 will be placed at 8024D610 (length = 14 bytes)
$SignString38 will be placed at 8024D624 (length = 14 bytes)
$SignString37 will be placed at 8024D638 (length = 14 bytes)
$SignString36 will be placed at 8024D64C (length = 14 bytes)
$SignString35 will be placed at 8024D660 (length = 14 bytes)
$SignString34 will be placed at 8024D674 (length = 14 bytes)
$SignString33 will be placed at 8024D688 (length = 14 bytes)
$SignString32 will be placed at 8024D69C (length = 14 bytes)
$SignString31 will be placed at 8024D6B0 (length = 14 bytes)
$SignString30 will be placed at 8024D6C4 (length = 14 bytes)
$SignString49 will be placed at 8024D6D8 (length = 14 bytes)
$SignString48 will be placed at 8024D6EC (length = 14 bytes)
$SignString47 will be placed at 8024D700 (length = 14 bytes)
$SignString46 will be placed at 8024D714 (length = 14 bytes)
$SignString45 will be placed at 8024D728 (length = 14 bytes)
$SignString44 will be placed at 8024D73C (length = 14 bytes)
$SignString43 will be placed at 8024D750 (length = 14 bytes)
$SignString42 will be placed at 8024D764 (length = 14 bytes)
$SignString41 will be placed at 8024D778 (length = 14 bytes)
$SignString40 will be placed at 8024D78C (length = 14 bytes)
$ASCII_pit_02_Literal will be placed at 8024D7A0 (length = C bytes)
$ASCII_pit_90_Literal will be placed at 8024D7AC (length = C bytes)
$ASCII_pit_34_Literal will be placed at 8024D7B8 (length = C bytes)
$ASCII_pit_66_Literal will be placed at 8024D7C4 (length = C bytes)
$ASCII_pit_98_Literal will be placed at 8024D7D0 (length = C bytes)
$ASCII_pit_19_Literal will be placed at 8024D7DC (length = C bytes)
$ASCII_pit_57_Literal will be placed at 8024D7E8 (length = C bytes)
$ASCII_pit_69_Literal will be placed at 8024D7F4 (length = C bytes)
$ASCII_pit_72_Literal will be placed at 8024D800 (length = C bytes)
$ASCII_pit_81_Literal will be placed at 8024D80C (length = C bytes)
$ASCII_pit_43_Literal will be placed at 8024D818 (length = C bytes)
$ASCII_pit_28_Literal will be placed at 8024D824 (length = C bytes)
$ASCII_pit_78_Literal will be placed at 8024D830 (length = C bytes)
$ASCII_pit_63_Literal will be placed at 8024D83C (length = C bytes)
$ASCII_pit_46_Literal will be placed at 8024D848 (length = C bytes)
$ASCII_pit_95_Literal will be placed at 8024D854 (length = C bytes)
$ASCII_pit_16_Literal will be placed at 8024D860 (length = C bytes)
$ASCII_pit_37_Literal will be placed at 8024D86C (length = C bytes)
$ASCII_pit_22_Literal will be placed at 8024D878 (length = C bytes)
$ASCII_pit_05_Literal will be placed at 8024D884 (length = C bytes)
$ASCII_pit_25_Literal will be placed at 8024D890 (length = C bytes)
$ASCII_pit_54_Literal will be placed at 8024D89C (length = C bytes)
$ASCII_pit_08_Literal will be placed at 8024D8A8 (length = C bytes)
$ASCII_pit_87_Literal will be placed at 8024D8B4 (length = C bytes)
$ASCII_pit_75_Literal will be placed at 8024D8C0 (length = C bytes)
$ASCII_pit_13_Literal will be placed at 8024D8CC (length = C bytes)
$ASCII_pit_32_Literal will be placed at 8024D8D8 (length = C bytes)
$ASCII_pit_92_Literal will be placed at 8024D8E4 (length = C bytes)
$ASCII_pit_17_Literal will be placed at 8024D8F0 (length = C bytes)
$ASCII_pit_49_Literal will be placed at 8024D8FC (length = C bytes)
$ASCII_pit_77_Literal will be placed at 8024D908 (length = C bytes)
$ASCII_pit_96_Literal will be placed at 8024D914 (length = C bytes)
$ASCII_pit_68_Literal will be placed at 8024D920 (length = C bytes)
$ASCII_pit_51_Literal will be placed at 8024D92C (length = C bytes)
$ASCII_pit_04_Literal will be placed at 8024D938 (length = C bytes)
$ASCII_pit_83_Literal will be placed at 8024D944 (length = C bytes)
$ASCII_pit_86_Literal will be placed at 8024D950 (length = C bytes)
$ASCII_pit_26_Literal will be placed at 8024D95C (length = C bytes)
$ASCII_pit_41_Literal will be placed at 8024D968 (length = C bytes)
$ASCII_pit_14_Literal will be placed at 8024D974 (length = C bytes)
$ASCII_pit_74_Literal will be placed at 8024D980 (length = C bytes)
$ASCII_pit_60_Literal will be placed at 8024D98C (length = C bytes)
$ASCII_pit_59_Literal will be placed at 8024D998 (length = C bytes)
$ASCII_pit_93_Literal will be placed at 8024D9A4 (length = C bytes)
$ASCII_pit_65_Literal will be placed at 8024D9B0 (length = C bytes)
$ASCII_pit_07_Literal will be placed at 8024D9BC (length = C bytes)
$ASCII_pit_20_Literal will be placed at 8024D9C8 (length = C bytes)
$ASCII_pit_35_Literal will be placed at 8024D9D4 (length = C bytes)
$ASCII_pit_23_Literal will be placed at 8024D9E0 (length = C bytes)
$ASCII_pit_11_Literal will be placed at 8024D9EC (length = C bytes)
$ASCII_pit_56_Literal will be placed at 8024D9F8 (length = C bytes)
$ASCII_pit_44_Literal will be placed at 8024DA04 (length = C bytes)
$ASCII_pit_89_Literal will be placed at 8024DA10 (length = C bytes)
$ASCII_pit_79_Literal will be placed at 8024DA1C (length = C bytes)
$ASCII_pit_62_Literal will be placed at 8024DA28 (length = C bytes)
$ASCII_pit_94_Literal will be placed at 8024DA34 (length = C bytes)
$ASCII_pit_47_Literal will be placed at 8024DA40 (length = C bytes)
$ASCII_pit_21_Literal will be placed at 8024DA4C (length = C bytes)
$ASCII_pit_06_Literal will be placed at 8024DA58 (length = C bytes)
$ASCII_pit_53_Literal will be placed at 8024DA64 (length = C bytes)
$ASCII_pit_09_Literal will be placed at 8024DA70 (length = C bytes)
$ASCII_pit_88_Literal will be placed at 8024DA7C (length = C bytes)
$ASCII_pit_38_Literal will be placed at 8024DA88 (length = C bytes)
$ASCII_pit_24_Literal will be placed at 8024DA94 (length = C bytes)
$ASCII_pit_12_Literal will be placed at 8024DAA0 (length = C bytes)
$ASCII_pit_76_Literal will be placed at 8024DAAC (length = C bytes)
$ASCII_pit_01_Literal will be placed at 8024DAB8 (length = C bytes)
$ASCII_pit_50_Literal will be placed at 8024DAC4 (length = C bytes)
$ASCII_pit_33_Literal will be placed at 8024DAD0 (length = C bytes)
$ASCII_pit_99_Literal will be placed at 8024DADC (length = C bytes)
$ASCII_pit_67_Literal will be placed at 8024DAE8 (length = C bytes)
$ASCII_pit_71_Literal will be placed at 8024DAF4 (length = C bytes)
$ASCII_pit_42_Literal will be placed at 8024DB00 (length = C bytes)
$ASCII_pit_80_Literal will be placed at 8024DB0C (length = C bytes)
$ASCII_pit_29_Literal will be placed at 8024DB18 (length = C bytes)
$ASCII_pit_58_Literal will be placed at 8024DB24 (length = C bytes)
$ASCII_pit_30_Literal will be placed at 8024DB30 (length = C bytes)
$ASCII_pit_00_Literal will be placed at 8024DB3C (length = C bytes)
$ASCII_pit_64_Literal will be placed at 8024DB48 (length = C bytes)
$ASCII_pit_36_Literal will be placed at 8024DB54 (length = C bytes)
$ASCII_pit_55_Literal will be placed at 8024DB60 (length = C bytes)
$ASCII_pit_10_Literal will be placed at 8024DB6C (length = C bytes)
$ASCII_pit_45_Literal will be placed at 8024DB78 (length = C bytes)
$ASCII_pit_18_Literal will be placed at 8024DB84 (length = C bytes)
$ASCII_pit_48_Literal will be placed at 8024DB90 (length = C bytes)
$ASCII_pit_03_Literal will be placed at 8024DB9C (length = C bytes)
$ASCII_pit_31_Literal will be placed at 8024DBA8 (length = C bytes)
$ASCII_pit_91_Literal will be placed at 8024DBB4 (length = C bytes)
$ASCII_pit_97_Literal will be placed at 8024DBC0 (length = C bytes)
$ASCII_pit_82_Literal will be placed at 8024DBCC (length = C bytes)
$ASCII_pit_52_Literal will be placed at 8024DBD8 (length = C bytes)
$ASCII_pit_70_Literal will be placed at 8024DBE4 (length = C bytes)
$ASCII_pit_85_Literal will be placed at 8024DBF0 (length = C bytes)
$ASCII_pit_40_Literal will be placed at 8024DBFC (length = C bytes)
$ASCII_pit_39_Literal will be placed at 8024DC08 (length = C bytes)
$ASCII_pit_73_Literal will be placed at 8024DC14 (length = C bytes)
$ASCII_pit_15_Literal will be placed at 8024DC20 (length = C bytes)
$ASCII_pit_27_Literal will be placed at 8024DC2C (length = C bytes)
$ASCII_pit_61_Literal will be placed at 8024DC38 (length = C bytes)
$ConstDouble_80242298 will be placed at 8024DC44 (length = 8 bytes)
$ConstDouble_80242290 will be placed at 8024DC4C (length = 8 bytes)
$ASCII_pit_842_Literal will be placed at 8024DC54 (length = 8 bytes)
$ASCII_pit_100_Literal will be placed at 8024DC5C (length = 8 bytes)
$ASCII_tik_tex_Literal will be placed at 8024DC64 (length = 8 bytes)
$MoverCancel will be placed at 8024DC6C (length = 4 bytes)
$BanditMoverCancel will be placed at 8024DC70 (length = 4 bytes)
Executing patch: pit_79.mpat
Loaded map pit_79
Creating struct: $EntryList
Creating struct: $DeepestLevel
Creating struct: $TotalLevels
Creating struct: $LoadHighscores
Creating struct: $FallingDownPipe
Creating struct: $Function_GetPos
Creating struct: $Function2
Creating struct: $SetSpawns
Creating struct: $Script_SetNPCPos
Creating struct: $SwitchPath
Creating struct: $VectorList_80244998
Creating struct: $GetPos
Creating struct: $Function_GetDamageTaken
Creating struct: $Function_ResetDamage
Creating struct: $DispawnParthner
Creating struct: $RespawnParthner
Creating struct: $LoadMap
Creating struct: $Script_LoadMapMover_Roguelike
Creating struct: $GetFloor
Creating struct: $LoadCoinsMover
Creating struct: $LoadMapBandit
Creating struct: $GetFloorBandit
Creating struct: $Script_Init_80243B20
Creating struct: $Script_80243A6C
Creating struct: $Script_AddCoins
Creating struct: $Script_SubstractCoins
Creating struct: $NPC_Settings_Sack
Creating struct: $Script_Init_Bag
Creating struct: $Script_Init_Bag_HitBox
Creating struct: $Script_NPC_SackHit_Init
Creating struct: $Script_NPC_Sack_FX
Creating struct: $NPC_Sack_AnimationStart
Creating struct: $NPC_Sack_AnimationEnd
Creating struct: $Script_SackAnimation_Start_GoToTheRight
Creating struct: $Script_SackAnimation_Start_GoToTheLeft
Creating struct: $Script_SackAnimation_End_Right
Creating struct: $Script_SackAnimation_End_Left
Creating struct: $Function_LoadGainedCoins
Creating struct: $Function_RevivePlayer
Creating struct: $AISettings_MoneySack
Creating struct: $Script_NpcAI_MoneySack
Creating struct: $JumpTable_80242448
Creating struct: $Function_NpcAI_MoneySack
Creating struct: $Function_80240260
Creating struct: $Function_80240844
Creating struct: $Function_802409A8
Creating struct: $Script_TrackPlayer
Creating struct: $Script_PipeAnimation
Creating struct: $Function_SetAnimation
Creating struct: $Function_GetColliderPos
Creating struct: $Function_TrackInput
Creating struct: $GoToNextLevel
Creating struct: $GoToNextLevel_Roguelike
Creating struct: $Script_SetSetsOfLevels
Creating struct: $Script_LoadMap_Roguelike
Creating struct: $Script_LoadChestMap_Roguelike
Creating struct: $Script_LoadMap_Mover_Roguelike
Creating struct: $Script_LoadChestMap_Mover_Roguelike
Creating struct: $GetFloorPit
Creating struct: $GetFloorSign
Creating struct: $Function_GetTattle1
Creating struct: $Function_GetTattle2
Creating struct: $Script_ReadSign
Creating struct: $Header
Creating struct: $Function_Init
Creating struct: $Script_Main
Creating struct: $NpcGroups
Creating struct: $NpcGroup_Mover
Creating struct: $BlankSettings
Creating struct: $Script_Init_Mover
Creating struct: $Interact_Mover
Creating struct: $Script_MoverWarpAnimation
Creating struct: $NpcGroup_BanditMover
Creating struct: $Script_Init_BanditMover
Creating struct: $Interact_BanditMover
Creating struct: $NpcGroup_Enemy1
Creating struct: $NpcGroup_Enemy2
Creating struct: $NpcGroup_Enemy3
Creating struct: $NpcGroup_Enemy4
Creating struct: $NpcGroup_Enemy5
Creating struct: $NpcGroup_Enemy6
Creating struct: $NpcSettings_Enemy1
Creating struct: $Script_EnemyAI
Creating struct: $AISettings_Enemy
Creating struct: $ConstDouble_80246500
Creating struct: $ConstDouble_80246508
Creating struct: $ConstDouble_80246510
Creating struct: $ConstDouble_80246558
Creating struct: $JumpTable_80246560
Creating struct: $FloatTable_80244900
Creating struct: $Function_80241DE4
Creating struct: $Function_802416C8
Creating struct: $Function_802404E0
Creating struct: $Function_80240690
Creating struct: $Function_80240CB8
Creating struct: $Function_80240D78
Creating struct: $Function_802410BC
Creating struct: $Function_80241134
Creating struct: $Function_802419D8
Creating struct: $Function_80241B08
Creating struct: $Function_80241D88
Creating struct: $Script_DisableEnemyAI
Creating struct: $AISettings_DisableEnemy
Creating struct: $PipeSpawning
Creating struct: $Script_MakeEntities
Creating struct: $CommingDownPipe
Creating struct: $Script_MakeExits
Creating struct: $Script_Exit0
Merged 1 regions to 1
$Script_LoadMap_Mover_Roguelike will be placed at 80240000 (length = F14 bytes)
$LoadMap will be placed at 80240F14 (length = EF4 bytes)
$Script_ReadSign will be placed at 80241E08 (length = EEC bytes)
$LoadMapBandit will be placed at 80242CF4 (length = EA4 bytes)
$Script_LoadMap_Roguelike will be placed at 80243B98 (length = D9C bytes)
$GoToNextLevel will be placed at 80244934 (length = D10 bytes)
$GoToNextLevel_Roguelike will be placed at 80245644 (length = 868 bytes)
$Function_80240690 will be placed at 80245EAC (length = 61C bytes)
$Function_80240260 will be placed at 802464C8 (length = 5E4 bytes)
$SetSpawns will be placed at 80246AAC (length = 384 bytes)
$FallingDownPipe will be placed at 80246E30 (length = 37C bytes)
$Script_SetSetsOfLevels will be placed at 802471AC (length = 358 bytes)
$Function_80240D78 will be placed at 80247504 (length = 344 bytes)
$Script_SetNPCPos will be placed at 80247848 (length = 2F4 bytes)
$Function_80241B08 will be placed at 80247B3C (length = 280 bytes)
$Function_NpcAI_MoneySack will be placed at 80247DBC (length = 238 bytes)
$Script_SackAnimation_Start_GoToTheRight will be placed at 80247FF4 (length = 230 bytes)
$Script_SackAnimation_Start_GoToTheLeft will be placed at 80248224 (length = 1F8 bytes)
$Interact_Mover will be placed at 8024841C (length = 1F8 bytes)
$NpcGroup_Enemy3 will be placed at 80248614 (length = 1F0 bytes)
$NpcGroup_Enemy4 will be placed at 80248804 (length = 1F0 bytes)
$NpcGroup_Enemy5 will be placed at 802489F4 (length = 1F0 bytes)
$NpcGroup_Enemy6 will be placed at 80248BE4 (length = 1F0 bytes)
$NpcGroup_Enemy1 will be placed at 80248DD4 (length = 1F0 bytes)
$NpcGroup_Enemy2 will be placed at 80248FC4 (length = 1F0 bytes)
$NpcGroup_Mover will be placed at 802491B4 (length = 1F0 bytes)
$NpcGroup_BanditMover will be placed at 802493A4 (length = 1F0 bytes)
$Interact_BanditMover will be placed at 80249594 (length = 1EC bytes)
$Function_80241DE4 will be placed at 80249780 (length = 1E8 bytes)
$Script_PipeAnimation will be placed at 80249968 (length = 1D0 bytes)
$Function_802404E0 will be placed at 80249B38 (length = 1A8 bytes)
$JumpTable_80242448 will be placed at 80249CE0 (length = 190 bytes)
$Script_LoadChestMap_Mover_Roguelike will be placed at 80249E70 (length = 18C bytes)
$PipeSpawning will be placed at 80249FFC (length = 178 bytes)
$NPC_Sack_AnimationStart will be placed at 8024A174 (length = 168 bytes)
$Function_80240844 will be placed at 8024A2DC (length = 164 bytes)
$Script_LoadChestMap_Roguelike will be placed at 8024A440 (length = 164 bytes)
$Script_NPC_SackHit_Init will be placed at 8024A5A4 (length = 160 bytes)
$Script_SackAnimation_End_Right will be placed at 8024A704 (length = 158 bytes)
$Script_SackAnimation_End_Left will be placed at 8024A85C (length = 150 bytes)
$MapTattle5 will be placed at 8024A9AC (length = 13C bytes)
$Function_802419D8 will be placed at 8024AAE8 (length = 130 bytes)
$MapTattle4 will be placed at 8024AC18 (length = 130 bytes)
$GetFloor will be placed at 8024AD48 (length = 12C bytes)
$BanditMover_Tattle will be placed at 8024AE74 (length = 124 bytes)
$Function_802416C8 will be placed at 8024AF98 (length = 124 bytes)
$Script_Main will be placed at 8024B0BC (length = 120 bytes)
$Script_80243A6C will be placed at 8024B1DC (length = 114 bytes)
$Script_SubstractCoins will be placed at 8024B2F0 (length = 10C bytes)
$Script_LoadMapMover_Roguelike will be placed at 8024B3FC (length = 104 bytes)
$GetFloorBandit will be placed at 8024B500 (length = F4 bytes)
$Script_MoverWarpAnimation will be placed at 8024B5F4 (length = F0 bytes)
$Function_GetColliderPos will be placed at 8024B6E4 (length = E0 bytes)
$Function_GetPos will be placed at 8024B7C4 (length = E0 bytes)
$Script_TrackPlayer will be placed at 8024B8A4 (length = DC bytes)
$MapTattle2 will be placed at 8024B980 (length = D4 bytes)
$Function_80240CB8 will be placed at 8024BA54 (length = C0 bytes)
$Function_TrackInput will be placed at 8024BB14 (length = BC bytes)
$MapTattle3 will be placed at 8024BBD0 (length = B0 bytes)
$Script_MakeEntities will be placed at 8024BC80 (length = A8 bytes)
$MapTattle1 will be placed at 8024BD28 (length = A8 bytes)
$Script_NpcAI_MoneySack will be placed at 8024BDD0 (length = A8 bytes)
$MoverStart will be placed at 8024BE78 (length = A4 bytes)
$SwitchPath will be placed at 8024BF1C (length = A4 bytes)
$Script_NPC_Sack_FX will be placed at 8024BFC0 (length = A4 bytes)
$GetPos will be placed at 8024C064 (length = 9C bytes)
$Script_AddCoins will be placed at 8024C100 (length = 98 bytes)
$BanditMoverStart will be placed at 8024C198 (length = 98 bytes)
$Mover_Tattle will be placed at 8024C230 (length = 94 bytes)
$Function_GetTattle1 will be placed at 8024C2C4 (length = 8C bytes)
$NPC_Sack_AnimationEnd will be placed at 8024C350 (length = 84 bytes)
$BanditMover_Options will be placed at 8024C3D4 (length = 80 bytes)
$SignStringBug will be placed at 8024C454 (length = 7C bytes)
$LoadHighscores will be placed at 8024C4D0 (length = 7C bytes)
$Function_802410BC will be placed at 8024C54C (length = 78 bytes)
$Mover_Options will be placed at 8024C5C4 (length = 78 bytes)
$Script_EnemyAI will be placed at 8024C63C (length = 70 bytes)
$NpcGroups will be placed at 8024C6AC (length = 6C bytes)
$DeepestLevel will be placed at 8024C718 (length = 6C bytes)
$Function_80241134 will be placed at 8024C784 (length = 6C bytes)
$Function2 will be placed at 8024C7F0 (length = 6C bytes)
$LoadCoinsMover will be placed at 8024C85C (length = 6C bytes)
$Function_SetAnimation will be placed at 8024C8C8 (length = 6C bytes)
$GetFloorPit will be placed at 8024C934 (length = 68 bytes)
$MoverEnd will be placed at 8024C99C (length = 68 bytes)
$BanditMoverEnd will be placed at 8024CA04 (length = 68 bytes)
$GetFloorSign will be placed at 8024CA6C (length = 64 bytes)
$Function_80241D88 will be placed at 8024CAD0 (length = 5C bytes)
$BanditMoverNoCoins will be placed at 8024CB2C (length = 58 bytes)
$MoverNoCoins will be placed at 8024CB84 (length = 58 bytes)
$JumpTable_80246560 will be placed at 8024CBDC (length = 54 bytes)
$Function_GetTattle2 will be placed at 8024CC30 (length = 48 bytes)
$CommingDownPipe will be placed at 8024CC78 (length = 48 bytes)
$Script_Exit0 will be placed at 8024CCC0 (length = 48 bytes)
$Function_LoadGainedCoins will be placed at 8024CD08 (length = 48 bytes)
$Function_Init will be placed at 8024CD50 (length = 44 bytes)
$Function_802409A8 will be placed at 8024CD94 (length = 44 bytes)
$Header will be placed at 8024CDD8 (length = 40 bytes)
$Script_Init_Bag will be placed at 8024CE18 (length = 38 bytes)
$TotalLevels will be placed at 8024CE50 (length = 38 bytes)
$Script_Init_Bag_HitBox will be placed at 8024CE88 (length = 38 bytes)
$DispawnParthner will be placed at 8024CEC0 (length = 34 bytes)
$Function_ResetDamage will be placed at 8024CEF4 (length = 34 bytes)
$AISettings_MoneySack will be placed at 8024CF28 (length = 30 bytes)
$AISettings_Enemy will be placed at 8024CF58 (length = 30 bytes)
$AISettings_DisableEnemy will be placed at 8024CF88 (length = 30 bytes)
$RespawnParthner will be placed at 8024CFB8 (length = 30 bytes)
$NPC_Settings_Sack will be placed at 8024CFE8 (length = 2C bytes)
$Function_GetDamageTaken will be placed at 8024D014 (length = 2C bytes)
$NpcSettings_Enemy1 will be placed at 8024D040 (length = 2C bytes)
$Function_RevivePlayer will be placed at 8024D06C (length = 2C bytes)
$String_CoinsGained will be placed at 8024D098 (length = 2C bytes)
$BlankSettings will be placed at 8024D0C4 (length = 2C bytes)
$Script_MakeExits will be placed at 8024D0F0 (length = 2C bytes)
$VectorList_80244998 will be placed at 8024D11C (length = 24 bytes)
$Script_Init_80243B20 will be placed at 8024D140 (length = 24 bytes)
$Script_Init_Mover will be placed at 8024D164 (length = 24 bytes)
$Script_Init_BanditMover will be placed at 8024D188 (length = 24 bytes)
$Script_DisableEnemyAI will be placed at 8024D1AC (length = 20 bytes)
$EntryList will be placed at 8024D1CC (length = 20 bytes)
$SignString100 will be placed at 8024D1EC (length = 18 bytes)
$FloatTable_80244900 will be placed at 8024D204 (length = 18 bytes)
$SignString1 will be placed at 8024D21C (length = 14 bytes)
$SignString99 will be placed at 8024D230 (length = 14 bytes)
$SignString98 will be placed at 8024D244 (length = 14 bytes)
$SignString97 will be placed at 8024D258 (length = 14 bytes)
$SignString96 will be placed at 8024D26C (length = 14 bytes)
$SignString95 will be placed at 8024D280 (length = 14 bytes)
$SignString94 will be placed at 8024D294 (length = 14 bytes)
$SignString93 will be placed at 8024D2A8 (length = 14 bytes)
$SignString92 will be placed at 8024D2BC (length = 14 bytes)
$SignString91 will be placed at 8024D2D0 (length = 14 bytes)
$SignString90 will be placed at 8024D2E4 (length = 14 bytes)
$SignString59 will be placed at 8024D2F8 (length = 14 bytes)
$SignString58 will be placed at 8024D30C (length = 14 bytes)
$SignString57 will be placed at 8024D320 (length = 14 bytes)
$SignString56 will be placed at 8024D334 (length = 14 bytes)
$SignString55 will be placed at 8024D348 (length = 14 bytes)
$SignString54 will be placed at 8024D35C (length = 14 bytes)
$SignString53 will be placed at 8024D370 (length = 14 bytes)
$SignString52 will be placed at 8024D384 (length = 14 bytes)
$SignString51 will be placed at 8024D398 (length = 14 bytes)
$SignString50 will be placed at 8024D3AC (length = 14 bytes)
$SignString69 will be placed at 8024D3C0 (length = 14 bytes)
$SignString68 will be placed at 8024D3D4 (length = 14 bytes)
$SignString67 will be placed at 8024D3E8 (length = 14 bytes)
$SignString66 will be placed at 8024D3FC (length = 14 bytes)
$SignString65 will be placed at 8024D410 (length = 14 bytes)
$SignString64 will be placed at 8024D424 (length = 14 bytes)
$SignString63 will be placed at 8024D438 (length = 14 bytes)
$SignString62 will be placed at 8024D44C (length = 14 bytes)
$SignString61 will be placed at 8024D460 (length = 14 bytes)
$SignString60 will be placed at 8024D474 (length = 14 bytes)
$SignString79 will be placed at 8024D488 (length = 14 bytes)
$SignString78 will be placed at 8024D49C (length = 14 bytes)
$SignString77 will be placed at 8024D4B0 (length = 14 bytes)
$SignString76 will be placed at 8024D4C4 (length = 14 bytes)
$SignString75 will be placed at 8024D4D8 (length = 14 bytes)
$SignString74 will be placed at 8024D4EC (length = 14 bytes)
$SignString73 will be placed at 8024D500 (length = 14 bytes)
$SignString72 will be placed at 8024D514 (length = 14 bytes)
$SignString71 will be placed at 8024D528 (length = 14 bytes)
$SignString70 will be placed at 8024D53C (length = 14 bytes)
$SignString89 will be placed at 8024D550 (length = 14 bytes)
$SignString88 will be placed at 8024D564 (length = 14 bytes)
$SignString87 will be placed at 8024D578 (length = 14 bytes)
$SignString86 will be placed at 8024D58C (length = 14 bytes)
$SignString85 will be placed at 8024D5A0 (length = 14 bytes)
$SignString84 will be placed at 8024D5B4 (length = 14 bytes)
$SignString83 will be placed at 8024D5C8 (length = 14 bytes)
$SignString82 will be placed at 8024D5DC (length = 14 bytes)
$SignString81 will be placed at 8024D5F0 (length = 14 bytes)
$SignString80 will be placed at 8024D604 (length = 14 bytes)
$SignString19 will be placed at 8024D618 (length = 14 bytes)
$SignString18 will be placed at 8024D62C (length = 14 bytes)
$SignString17 will be placed at 8024D640 (length = 14 bytes)
$SignString16 will be placed at 8024D654 (length = 14 bytes)
$SignString15 will be placed at 8024D668 (length = 14 bytes)
$SignString14 will be placed at 8024D67C (length = 14 bytes)
$SignString13 will be placed at 8024D690 (length = 14 bytes)
$SignString12 will be placed at 8024D6A4 (length = 14 bytes)
$SignString11 will be placed at 8024D6B8 (length = 14 bytes)
$SignString10 will be placed at 8024D6CC (length = 14 bytes)
$SignString3 will be placed at 8024D6E0 (length = 14 bytes)
$SignString2 will be placed at 8024D6F4 (length = 14 bytes)
$SignString5 will be placed at 8024D708 (length = 14 bytes)
$SignString4 will be placed at 8024D71C (length = 14 bytes)
$SignString7 will be placed at 8024D730 (length = 14 bytes)
$SignString6 will be placed at 8024D744 (length = 14 bytes)
$SignString9 will be placed at 8024D758 (length = 14 bytes)
$SignString8 will be placed at 8024D76C (length = 14 bytes)
$SignString29 will be placed at 8024D780 (length = 14 bytes)
$SignString28 will be placed at 8024D794 (length = 14 bytes)
$SignString27 will be placed at 8024D7A8 (length = 14 bytes)
$SignString26 will be placed at 8024D7BC (length = 14 bytes)
$SignString25 will be placed at 8024D7D0 (length = 14 bytes)
$SignString24 will be placed at 8024D7E4 (length = 14 bytes)
$SignString23 will be placed at 8024D7F8 (length = 14 bytes)
$SignString22 will be placed at 8024D80C (length = 14 bytes)
$SignString21 will be placed at 8024D820 (length = 14 bytes)
$SignString20 will be placed at 8024D834 (length = 14 bytes)
$SignString will be placed at 8024D848 (length = 14 bytes)
$SignString39 will be placed at 8024D85C (length = 14 bytes)
$SignString38 will be placed at 8024D870 (length = 14 bytes)
$SignString37 will be placed at 8024D884 (length = 14 bytes)
$SignString36 will be placed at 8024D898 (length = 14 bytes)
$SignString35 will be placed at 8024D8AC (length = 14 bytes)
$SignString34 will be placed at 8024D8C0 (length = 14 bytes)
$SignString33 will be placed at 8024D8D4 (length = 14 bytes)
$SignString32 will be placed at 8024D8E8 (length = 14 bytes)
$SignString31 will be placed at 8024D8FC (length = 14 bytes)
$SignString30 will be placed at 8024D910 (length = 14 bytes)
$SignString49 will be placed at 8024D924 (length = 14 bytes)
$SignString48 will be placed at 8024D938 (length = 14 bytes)
$SignString47 will be placed at 8024D94C (length = 14 bytes)
$SignString46 will be placed at 8024D960 (length = 14 bytes)
$SignString45 will be placed at 8024D974 (length = 14 bytes)
$SignString44 will be placed at 8024D988 (length = 14 bytes)
$SignString43 will be placed at 8024D99C (length = 14 bytes)
$SignString42 will be placed at 8024D9B0 (length = 14 bytes)
$SignString41 will be placed at 8024D9C4 (length = 14 bytes)
$SignString40 will be placed at 8024D9D8 (length = 14 bytes)
$ASCII_pit_02_Literal will be placed at 8024D9EC (length = C bytes)
$ASCII_pit_90_Literal will be placed at 8024D9F8 (length = C bytes)
$ASCII_pit_34_Literal will be placed at 8024DA04 (length = C bytes)
$ASCII_pit_66_Literal will be placed at 8024DA10 (length = C bytes)
$ASCII_pit_98_Literal will be placed at 8024DA1C (length = C bytes)
$ASCII_pit_19_Literal will be placed at 8024DA28 (length = C bytes)
$ASCII_pit_57_Literal will be placed at 8024DA34 (length = C bytes)
$ASCII_pit_69_Literal will be placed at 8024DA40 (length = C bytes)
$ASCII_pit_72_Literal will be placed at 8024DA4C (length = C bytes)
$ASCII_pit_81_Literal will be placed at 8024DA58 (length = C bytes)
$ASCII_pit_43_Literal will be placed at 8024DA64 (length = C bytes)
$ASCII_pit_28_Literal will be placed at 8024DA70 (length = C bytes)
$ASCII_pit_78_Literal will be placed at 8024DA7C (length = C bytes)
$ASCII_pit_63_Literal will be placed at 8024DA88 (length = C bytes)
$ASCII_pit_46_Literal will be placed at 8024DA94 (length = C bytes)
$ASCII_pit_95_Literal will be placed at 8024DAA0 (length = C bytes)
$ASCII_pit_16_Literal will be placed at 8024DAAC (length = C bytes)
$ASCII_pit_37_Literal will be placed at 8024DAB8 (length = C bytes)
$ASCII_pit_22_Literal will be placed at 8024DAC4 (length = C bytes)
$ASCII_pit_05_Literal will be placed at 8024DAD0 (length = C bytes)
$ASCII_pit_25_Literal will be placed at 8024DADC (length = C bytes)
$ASCII_pit_54_Literal will be placed at 8024DAE8 (length = C bytes)
$ASCII_pit_08_Literal will be placed at 8024DAF4 (length = C bytes)
$ASCII_pit_87_Literal will be placed at 8024DB00 (length = C bytes)
$ASCII_pit_75_Literal will be placed at 8024DB0C (length = C bytes)
$ASCII_pit_13_Literal will be placed at 8024DB18 (length = C bytes)
$ASCII_pit_32_Literal will be placed at 8024DB24 (length = C bytes)
$ASCII_pit_92_Literal will be placed at 8024DB30 (length = C bytes)
$ASCII_pit_17_Literal will be placed at 8024DB3C (length = C bytes)
$ASCII_pit_49_Literal will be placed at 8024DB48 (length = C bytes)
$ASCII_pit_77_Literal will be placed at 8024DB54 (length = C bytes)
$ASCII_pit_96_Literal will be placed at 8024DB60 (length = C bytes)
$ASCII_pit_68_Literal will be placed at 8024DB6C (length = C bytes)
$ASCII_pit_51_Literal will be placed at 8024DB78 (length = C bytes)
$ASCII_pit_04_Literal will be placed at 8024DB84 (length = C bytes)
$ASCII_pit_83_Literal will be placed at 8024DB90 (length = C bytes)
$ASCII_pit_86_Literal will be placed at 8024DB9C (length = C bytes)
$ASCII_pit_26_Literal will be placed at 8024DBA8 (length = C bytes)
$ASCII_pit_41_Literal will be placed at 8024DBB4 (length = C bytes)
$ASCII_pit_14_Literal will be placed at 8024DBC0 (length = C bytes)
$ASCII_pit_74_Literal will be placed at 8024DBCC (length = C bytes)
$ASCII_pit_60_Literal will be placed at 8024DBD8 (length = C bytes)
$ASCII_pit_59_Literal will be placed at 8024DBE4 (length = C bytes)
$ASCII_pit_93_Literal will be placed at 8024DBF0 (length = C bytes)
$ASCII_pit_65_Literal will be placed at 8024DBFC (length = C bytes)
$ASCII_pit_07_Literal will be placed at 8024DC08 (length = C bytes)
$ASCII_pit_20_Literal will be placed at 8024DC14 (length = C bytes)
$ASCII_pit_35_Literal will be placed at 8024DC20 (length = C bytes)
$ASCII_pit_23_Literal will be placed at 8024DC2C (length = C bytes)
$ASCII_pit_11_Literal will be placed at 8024DC38 (length = C bytes)
$ASCII_pit_56_Literal will be placed at 8024DC44 (length = C bytes)
$ASCII_pit_44_Literal will be placed at 8024DC50 (length = C bytes)
$ASCII_pit_89_Literal will be placed at 8024DC5C (length = C bytes)
$ASCII_pit_79_Literal will be placed at 8024DC68 (length = C bytes)
$ASCII_pit_62_Literal will be placed at 8024DC74 (length = C bytes)
$ASCII_pit_94_Literal will be placed at 8024DC80 (length = C bytes)
$ASCII_pit_47_Literal will be placed at 8024DC8C (length = C bytes)
$ASCII_pit_21_Literal will be placed at 8024DC98 (length = C bytes)
$ASCII_pit_06_Literal will be placed at 8024DCA4 (length = C bytes)
$ASCII_pit_53_Literal will be placed at 8024DCB0 (length = C bytes)
$ASCII_pit_09_Literal will be placed at 8024DCBC (length = C bytes)
$ASCII_pit_88_Literal will be placed at 8024DCC8 (length = C bytes)
$ASCII_pit_38_Literal will be placed at 8024DCD4 (length = C bytes)
$ASCII_pit_24_Literal will be placed at 8024DCE0 (length = C bytes)
$ASCII_pit_12_Literal will be placed at 8024DCEC (length = C bytes)
$ASCII_pit_76_Literal will be placed at 8024DCF8 (length = C bytes)
$ASCII_pit_01_Literal will be placed at 8024DD04 (length = C bytes)
$ASCII_pit_50_Literal will be placed at 8024DD10 (length = C bytes)
$ASCII_pit_33_Literal will be placed at 8024DD1C (length = C bytes)
$ASCII_pit_99_Literal will be placed at 8024DD28 (length = C bytes)
$ASCII_pit_67_Literal will be placed at 8024DD34 (length = C bytes)
$ASCII_pit_71_Literal will be placed at 8024DD40 (length = C bytes)
$ASCII_pit_42_Literal will be placed at 8024DD4C (length = C bytes)
$ASCII_pit_80_Literal will be placed at 8024DD58 (length = C bytes)
$ASCII_pit_29_Literal will be placed at 8024DD64 (length = C bytes)
$ASCII_pit_58_Literal will be placed at 8024DD70 (length = C bytes)
$ASCII_pit_30_Literal will be placed at 8024DD7C (length = C bytes)
$ASCII_pit_00_Literal will be placed at 8024DD88 (length = C bytes)
$ASCII_pit_64_Literal will be placed at 8024DD94 (length = C bytes)
$ASCII_pit_36_Literal will be placed at 8024DDA0 (length = C bytes)
$ASCII_pit_55_Literal will be placed at 8024DDAC (length = C bytes)
$ASCII_pit_10_Literal will be placed at 8024DDB8 (length = C bytes)
$ASCII_pit_45_Literal will be placed at 8024DDC4 (length = C bytes)
$ASCII_pit_18_Literal will be placed at 8024DDD0 (length = C bytes)
$ASCII_pit_48_Literal will be placed at 8024DDDC (length = C bytes)
$ASCII_pit_03_Literal will be placed at 8024DDE8 (length = C bytes)
$ASCII_pit_31_Literal will be placed at 8024DDF4 (length = C bytes)
$ASCII_pit_91_Literal will be placed at 8024DE00 (length = C bytes)
$ASCII_pit_97_Literal will be placed at 8024DE0C (length = C bytes)
$ASCII_pit_82_Literal will be placed at 8024DE18 (length = C bytes)
$ASCII_pit_52_Literal will be placed at 8024DE24 (length = C bytes)
$ASCII_pit_70_Literal will be placed at 8024DE30 (length = C bytes)
$ASCII_pit_85_Literal will be placed at 8024DE3C (length = C bytes)
$ASCII_pit_40_Literal will be placed at 8024DE48 (length = C bytes)
$ASCII_pit_39_Literal will be placed at 8024DE54 (length = C bytes)
$ASCII_pit_73_Literal will be placed at 8024DE60 (length = C bytes)
$ASCII_pit_15_Literal will be placed at 8024DE6C (length = C bytes)
$ASCII_pit_27_Literal will be placed at 8024DE78 (length = C bytes)
$ASCII_pit_61_Literal will be placed at 8024DE84 (length = C bytes)
$ConstDouble_80246558 will be placed at 8024DE90 (length = 8 bytes)
$ASCII_pit_842_Literal will be placed at 8024DE98 (length = 8 bytes)
$ASCII_pit_100_Literal will be placed at 8024DEA0 (length = 8 bytes)
$ASCII_tik_tex_Literal will be placed at 8024DEA8 (length = 8 bytes)
$ConstDouble_80246510 will be placed at 8024DEB0 (length = 8 bytes)
$ConstDouble_80246508 will be placed at 8024DEB8 (length = 8 bytes)
$ConstDouble_80246500 will be placed at 8024DEC0 (length = 8 bytes)
$MoverCancel will be placed at 8024DEC8 (length = 4 bytes)
$BanditMoverCancel will be placed at 8024DECC (length = 4 bytes)
Executing patch: pit_80.mpat
Loaded map pit_80
Creating struct: $EntryList
Creating struct: $DeepestLevel
Creating struct: $TotalLevels
Creating struct: $LoadHighscores
Creating struct: $FallingDownPipe
Creating struct: $Function_GetPos
Creating struct: $Function2
Creating struct: $Script_TrackPlayer
Creating struct: $Script_PipeAnimation
Creating struct: $Function_SetAnimation
Creating struct: $Function_GetColliderPos
Creating struct: $Function_TrackInput
Creating struct: $GoToNextLevel
Creating struct: $GoToNextLevel_Roguelike
Creating struct: $Script_SetSetsOfLevels
Creating struct: $Script_LoadMap_Roguelike
Creating struct: $Script_LoadChestMap_Roguelike
Creating struct: $Script_LoadMap_Mover_Roguelike
Creating struct: $Script_LoadChestMap_Mover_Roguelike
Creating struct: $GetFloorPit
Creating struct: $GetFloorSign
Creating struct: $Function_GetTattle1
Creating struct: $Function_GetTattle2
Creating struct: $Script_ReadSign
Creating struct: $BadgeListRogue
Creating struct: $BadgeList
Creating struct: $GetBadge
Creating struct: $CoinChest
Creating struct: $LoadChestFloor
Creating struct: $ShopperInteraction
Creating struct: $GetFloorRowf
Creating struct: $ShopperInventory1-1
Creating struct: $ShopperInventory1-2
Creating struct: $ShopperInventory1-3
Creating struct: $ShopperInventory1-4
Creating struct: $ShopperInventory1-5
Creating struct: $ShopperInventory1-6
Creating struct: $ShopperInventory1-7
Creating struct: $ShopperInventory1-8
Creating struct: $ShopperInventory1-9
Creating struct: $ShopperInventory2-1
Creating struct: $ShopperInventory2-2
Creating struct: $ShopperInventory2-3
Creating struct: $ShopperInventory2-4
Creating struct: $ShopperInventory2-5
Creating struct: $ShopperInventory2-6
Creating struct: $ShopperInventory2-7
Creating struct: $ShopperInventory2-8
Creating struct: $ShopperInventory2-9
Creating struct: $ShopperInventory3-1
Creating struct: $ShopperInventory3-2
Creating struct: $ShopperInventory3-3
Creating struct: $ShopperInventory3-4
Creating struct: $ShopperInventory3-5
Creating struct: $ShopperInventory3-6
Creating struct: $ShopperInventory3-7
Creating struct: $ShopperInventory3-8
Creating struct: $ShopperInventory3-9
Creating struct: $ShopperInventory4-1
Creating struct: $ShopperInventory4-2
Creating struct: $ShopperInventory4-3
Creating struct: $ShopperInventory4-4
Creating struct: $ShopperInventory4-5
Creating struct: $ShopperInventory4-6
Creating struct: $ShopperInventory4-7
Creating struct: $ShopperInventory4-8
Creating struct: $ShopperInventory4-9
Creating struct: $ShopperInventory5-1
Creating struct: $ShopperInventory5-2
Creating struct: $ShopperInventory5-3
Creating struct: $ShopperInventory5-4
Creating struct: $ShopperInventory5-5
Creating struct: $ShopperInventory5-6
Creating struct: $ShopperInventory5-7
Creating struct: $ShopperInventory5-8
Creating struct: $ShopperInventory5-9
Creating struct: $ShopperInventory6-1
Creating struct: $ShopperInventory6-2
Creating struct: $ShopperInventory6-3
Creating struct: $ShopperInventory6-4
Creating struct: $ShopperInventory6-5
Creating struct: $ShopperInventory6-6
Creating struct: $ShopperInventory6-7
Creating struct: $ShopperInventory6-8
Creating struct: $ShopperInventory6-9
Creating struct: $ShopperInventory7-1
Creating struct: $ShopperInventory7-2
Creating struct: $ShopperInventory7-3
Creating struct: $ShopperInventory7-4
Creating struct: $ShopperInventory7-5
Creating struct: $ShopperInventory7-6
Creating struct: $ShopperInventory7-7
Creating struct: $ShopperInventory7-8
Creating struct: $ShopperInventory7-9
Creating struct: $ShopperInventory8-1
Creating struct: $ShopperInventory8-2
Creating struct: $ShopperInventory8-3
Creating struct: $ShopperInventory8-4
Creating struct: $ShopperInventory8-5
Creating struct: $ShopperInventory8-6
Creating struct: $ShopperInventory8-7
Creating struct: $ShopperInventory8-8
Creating struct: $ShopperInventory8-9
Creating struct: $ShopperInventory9-1
Creating struct: $ShopperInventory9-2
Creating struct: $ShopperInventory9-3
Creating struct: $ShopperInventory9-4
Creating struct: $ShopperInventory9-5
Creating struct: $ShopperInventory9-6
Creating struct: $ShopperInventory9-7
Creating struct: $ShopperInventory9-8
Creating struct: $ShopperInventory9-9
Creating struct: $InventoryAvailability
Creating struct: $LoadCoins
Creating struct: $LoadInventory1
Creating struct: $LoadInventory2
Creating struct: $LoadInventory3
Creating struct: $LoadInventory4
Creating struct: $LoadInventory5
Creating struct: $LoadInventory6
Creating struct: $LoadInventory7
Creating struct: $LoadInventory8
Creating struct: $LoadInventory9
Creating struct: $Partner_Settings
Creating struct: $Init_NPC
Creating struct: $NPC_Cutscene1
Creating struct: $NPC_Cutscene2
Creating struct: $NPC_Cutscene3
Creating struct: $NPC_Cutscene4
Creating struct: $NPC_Cutscene5
Creating struct: $Script_MarioAnimation0
Creating struct: $Script_MarioAnimation1
Creating struct: $NPC_Cutscene6
Creating struct: $Script_WattLightnings
Creating struct: $NPC_Cutscene7
Creating struct: $NPC_Cutscene8
Creating struct: $VectorList_Path_Lakilester
Creating struct: $Function_LoadPath
Creating struct: $Script_SetNPC
Creating struct: $PartnerFunc1
Creating struct: $PartnerFunc2
Creating struct: $Explotion
Creating struct: $PartnerImage1
Creating struct: $PartnerImage2
Creating struct: $PartnerImage3
Creating struct: $PartnerImage4
Creating struct: $PartnerImage5
Creating struct: $PartnerImage6
Creating struct: $PartnerImage7
Creating struct: $PartnerImage8
Creating struct: $JoinedYourParty
Creating struct: $SetNPCtoPartner
Creating struct: $Header
Creating struct: $Function_Init
Creating struct: $Script_Main
Creating struct: $Script_8024EAF0
Creating struct: $Function_802423F0
Creating struct: $Script_80244A70
Creating struct: $Function_80240404
Creating struct: $Function_802402E0
Creating struct: $Script_MakeEntities
Creating struct: $Script_ReadSignExit
Creating struct: $Script_UseChest
Creating struct: $Script_OpenChest
Creating struct: $Script_GetItem
Creating struct: $Function_ActivateBadge
Creating struct: $CommingDownPipe
Creating struct: $PipeSpawning
Creating struct: $Script_MakeExits
Creating struct: $Script_Exit1
Creating struct: $Script_Exit0
Creating struct: $PipeAnimationX
Creating struct: $Function_802400F0
Creating struct: $Function_80240000
Creating struct: $NpcGroups
Creating struct: $NpcGroup_Partners
Creating struct: $NpcGroup_Rowf
Creating struct: $Rowf_Settings
Creating struct: $Script_AI_Rowf
Creating struct: $InitShopper
Creating struct: $GotItem
Creating struct: $NpcGroup_BlackRowf
Creating struct: $BRowf_Settings
Creating struct: $Init_BRowf
Creating struct: $GetItem_BRowf
Creating struct: $LoadCoins_BRowf
Creating struct: $EnableInputs
Merged 1 regions to 1
$BadgeList will be placed at 80240000 (length = 2040 bytes)
$BadgeListRogue will be placed at 80242040 (length = 143C bytes)
$GetBadge will be placed at 8024347C (length = F9C bytes)
$Script_LoadMap_Mover_Roguelike will be placed at 80244418 (length = F14 bytes)
$Script_ReadSign will be placed at 8024532C (length = EEC bytes)
$NPC_Cutscene5 will be placed at 80246218 (length = DAC bytes)
$Script_LoadMap_Roguelike will be placed at 80246FC4 (length = D9C bytes)
$NpcGroup_Partners will be placed at 80247D60 (length = D90 bytes)
$GoToNextLevel will be placed at 80248AF0 (length = D10 bytes)
$Script_MakeEntities will be placed at 80249800 (length = A48 bytes)
$GoToNextLevel_Roguelike will be placed at 8024A248 (length = 868 bytes)
$ShopperInteraction will be placed at 8024AAB0 (length = 50C bytes)
$NPC_Cutscene4 will be placed at 8024AFBC (length = 500 bytes)
$Script_UseChest will be placed at 8024B4BC (length = 4DC bytes)
$NPC_Cutscene2 will be placed at 8024B998 (length = 4DC bytes)
$LoadInventory7 will be placed at 8024BE74 (length = 474 bytes)
$LoadInventory6 will be placed at 8024C2E8 (length = 474 bytes)
$LoadInventory9 will be placed at 8024C75C (length = 474 bytes)
$LoadInventory8 will be placed at 8024CBD0 (length = 474 bytes)
$LoadInventory3 will be placed at 8024D044 (length = 474 bytes)
$LoadInventory2 will be placed at 8024D4B8 (length = 474 bytes)
$LoadInventory5 will be placed at 8024D92C (length = 474 bytes)
$LoadInventory4 will be placed at 8024DDA0 (length = 474 bytes)
$LoadInventory1 will be placed at 8024E214 (length = 474 bytes)
$NPC_Cutscene3 will be placed at 8024E688 (length = 448 bytes)
$NPC_Cutscene7 will be placed at 8024EAD0 (length = 430 bytes)
$Init_BRowf will be placed at 8024EF00 (length = 3A4 bytes)
$FallingDownPipe will be placed at 8024F2A4 (length = 37C bytes)
$PipeAnimationX will be placed at 8024F620 (length = 364 bytes)
$Script_SetSetsOfLevels will be placed at 8024F984 (length = 358 bytes)
$Script_SetNPC will be placed at 8024FCDC (length = 328 bytes)
$Script_Main will be placed at 80250004 (length = 324 bytes)
$NPC_Cutscene1 will be placed at 80250328 (length = 320 bytes)
$NPC_Cutscene6 will be placed at 80250648 (length = 318 bytes)
$NPC_Cutscene8 will be placed at 80250960 (length = 29C bytes)
$Script_MarioAnimation0 will be placed at 80250BFC (length = 21C bytes)
$NpcGroup_BlackRowf will be placed at 80250E18 (length = 1F0 bytes)
$NpcGroup_Rowf will be placed at 80251008 (length = 1F0 bytes)
$Function_80240404 will be placed at 802511F8 (length = 1E8 bytes)
$Script_PipeAnimation will be placed at 802513E0 (length = 1D0 bytes)
$JoinedYourParty will be placed at 802515B0 (length = 194 bytes)
$Script_LoadChestMap_Mover_Roguelike will be placed at 80251744 (length = 18C bytes)
$SetNPCtoPartner will be placed at 802518D0 (length = 184 bytes)
$Function_802423F0 will be placed at 80251A54 (length = 17C bytes)
$PipeSpawning will be placed at 80251BD0 (length = 178 bytes)
$Function_ActivateBadge will be placed at 80251D48 (length = 178 bytes)
$Script_LoadChestMap_Roguelike will be placed at 80251EC0 (length = 164 bytes)
$CoinChest will be placed at 80252024 (length = 158 bytes)
$Init_NPC will be placed at 8025217C (length = 154 bytes)
$LoadChestFloor will be placed at 802522D0 (length = 154 bytes)
$MapTattle5 will be placed at 80252424 (length = 13C bytes)
$MapTattle4 will be placed at 80252560 (length = 130 bytes)
$Script_WattLightnings will be placed at 80252690 (length = 124 bytes)
$Function_802402E0 will be placed at 802527B4 (length = 124 bytes)
$Script_AI_Rowf will be placed at 802528D8 (length = 114 bytes)
$Function_LoadPath will be placed at 802529EC (length = 114 bytes)
$Script_OpenChest will be placed at 80252B00 (length = 108 bytes)
$BRowfTattle will be placed at 80252C08 (length = F4 bytes)
$ShopperTattle will be placed at 80252CFC (length = E8 bytes)
$Function_GetColliderPos will be placed at 80252DE4 (length = E0 bytes)
$Function_GetPos will be placed at 80252EC4 (length = E0 bytes)
$Function_802400F0 will be placed at 80252FA4 (length = E0 bytes)
$Script_TrackPlayer will be placed at 80253084 (length = DC bytes)
$MapTattle2 will be placed at 80253160 (length = D4 bytes)
$ShopperBye1 will be placed at 80253234 (length = C0 bytes)
$Explotion will be placed at 802532F4 (length = BC bytes)
$ShopperBye2 will be placed at 802533B0 (length = BC bytes)
$Function_TrackInput will be placed at 8025346C (length = BC bytes)
$ShopperWelcome will be placed at 80253528 (length = B4 bytes)
$Script_MarioAnimation1 will be placed at 802535DC (length = B0 bytes)
$MapTattle3 will be placed at 8025368C (length = B0 bytes)
$MapTattle1 will be placed at 8025373C (length = A8 bytes)
$Script_80244A70 will be placed at 802537E4 (length = 9C bytes)
$CoinsString will be placed at 80253880 (length = 94 bytes)
$ShopperBuying will be placed at 80253914 (length = 94 bytes)
$Function_GetTattle1 will be placed at 802539A8 (length = 8C bytes)
$LoadHighscores will be placed at 80253A34 (length = 7C bytes)
$SignStringBug will be placed at 80253AB0 (length = 7C bytes)
$DeepestLevel will be placed at 80253B2C (length = 6C bytes)
$Function_SetAnimation will be placed at 80253B98 (length = 6C bytes)
$Function2 will be placed at 80253C04 (length = 6C bytes)
$GetFloorPit will be placed at 80253C70 (length = 68 bytes)
$AfterBuying will be placed at 80253CD8 (length = 68 bytes)
$GetFloorSign will be placed at 80253D40 (length = 64 bytes)
$Bye-BRowf will be placed at 80253DA4 (length = 5C bytes)
$Script_GetItem will be placed at 80253E00 (length = 54 bytes)
$Init-BRowf will be placed at 80253E54 (length = 50 bytes)
$Script_8024EAF0 will be placed at 80253EA4 (length = 4C bytes)
$Function_GetTattle2 will be placed at 80253EF0 (length = 48 bytes)
$ShopperInventory1-9 will be placed at 80253F38 (length = 48 bytes)
$ShopperInventory1-8 will be placed at 80253F80 (length = 48 bytes)
$ShopperInventory1-7 will be placed at 80253FC8 (length = 48 bytes)
$ShopperInventory1-6 will be placed at 80254010 (length = 48 bytes)
$ShopperInventory1-5 will be placed at 80254058 (length = 48 bytes)
$StrangeSackBadge will be placed at 802540A0 (length = 48 bytes)
$ShopperInventory8-5 will be placed at 802540E8 (length = 48 bytes)
$ShopperInventory8-4 will be placed at 80254130 (length = 48 bytes)
$ShopperInventory8-3 will be placed at 80254178 (length = 48 bytes)
$ShopperInventory8-2 will be placed at 802541C0 (length = 48 bytes)
$ShopperInventory8-1 will be placed at 80254208 (length = 48 bytes)
$ShopperInventory8-9 will be placed at 80254250 (length = 48 bytes)
$ShopperInventory8-8 will be placed at 80254298 (length = 48 bytes)
$ShopperInventory8-7 will be placed at 802542E0 (length = 48 bytes)
$ShopperInventory8-6 will be placed at 80254328 (length = 48 bytes)
$ShopperInventory9-4 will be placed at 80254370 (length = 48 bytes)
$ShopperInventory9-3 will be placed at 802543B8 (length = 48 bytes)
$ShopperInventory9-2 will be placed at 80254400 (length = 48 bytes)
$ShopperInventory9-1 will be placed at 80254448 (length = 48 bytes)
$ShopperInventory9-9 will be placed at 80254490 (length = 48 bytes)
$ShopperInventory9-8 will be placed at 802544D8 (length = 48 bytes)
$ShopperInventory9-7 will be placed at 80254520 (length = 48 bytes)
$ShopperInventory9-6 will be placed at 80254568 (length = 48 bytes)
$ShopperInventory9-5 will be placed at 802545B0 (length = 48 bytes)
$CommingDownPipe will be placed at 802545F8 (length = 48 bytes)
$ShopperInventory6-7 will be placed at 80254640 (length = 48 bytes)
$ShopperInventory6-6 will be placed at 80254688 (length = 48 bytes)
$ShopperInventory6-5 will be placed at 802546D0 (length = 48 bytes)
$ShopperInventory6-4 will be placed at 80254718 (length = 48 bytes)
$ShopperInventory6-3 will be placed at 80254760 (length = 48 bytes)
$ShopperInventory6-2 will be placed at 802547A8 (length = 48 bytes)
$ShopperInventory6-1 will be placed at 802547F0 (length = 48 bytes)
$ShopperInventory6-9 will be placed at 80254838 (length = 48 bytes)
$ShopperInventory6-8 will be placed at 80254880 (length = 48 bytes)
$ShopperInventory7-6 will be placed at 802548C8 (length = 48 bytes)
$ShopperInventory7-5 will be placed at 80254910 (length = 48 bytes)
$ShopperInventory7-4 will be placed at 80254958 (length = 48 bytes)
$ShopperInventory7-3 will be placed at 802549A0 (length = 48 bytes)
$ShopperInventory7-2 will be placed at 802549E8 (length = 48 bytes)
$ShopperInventory7-1 will be placed at 80254A30 (length = 48 bytes)
$ShopperInventory7-9 will be placed at 80254A78 (length = 48 bytes)
$ShopperInventory7-8 will be placed at 80254AC0 (length = 48 bytes)
$ShopperInventory7-7 will be placed at 80254B08 (length = 48 bytes)
$ShopperInventory4-9 will be placed at 80254B50 (length = 48 bytes)
$ShopperInventory4-8 will be placed at 80254B98 (length = 48 bytes)
$ShopperInventory4-7 will be placed at 80254BE0 (length = 48 bytes)
$ShopperInventory4-6 will be placed at 80254C28 (length = 48 bytes)
$ShopperInventory4-5 will be placed at 80254C70 (length = 48 bytes)
$ShopperInventory4-4 will be placed at 80254CB8 (length = 48 bytes)
$ShopperInventory4-3 will be placed at 80254D00 (length = 48 bytes)
$ShopperInventory4-2 will be placed at 80254D48 (length = 48 bytes)
$ShopperInventory3-2 will be placed at 80254D90 (length = 48 bytes)
$ShopperInventory3-1 will be placed at 80254DD8 (length = 48 bytes)
$ShopperInventory5-8 will be placed at 80254E20 (length = 48 bytes)
$ShopperInventory5-7 will be placed at 80254E68 (length = 48 bytes)
$ShopperInventory5-6 will be placed at 80254EB0 (length = 48 bytes)
$ShopperInventory5-5 will be placed at 80254EF8 (length = 48 bytes)
$ShopperInventory5-4 will be placed at 80254F40 (length = 48 bytes)
$ShopperInventory5-3 will be placed at 80254F88 (length = 48 bytes)
$ShopperInventory5-2 will be placed at 80254FD0 (length = 48 bytes)
$ShopperInventory5-1 will be placed at 80255018 (length = 48 bytes)
$ShopperInventory5-9 will be placed at 80255060 (length = 48 bytes)
$ShopperInventory4-1 will be placed at 802550A8 (length = 48 bytes)
$ShopperInventory2-9 will be placed at 802550F0 (length = 48 bytes)
$Script_ReadSignExit will be placed at 80255138 (length = 48 bytes)
$ShopperInventory2-8 will be placed at 80255180 (length = 48 bytes)
$ShopperInventory2-7 will be placed at 802551C8 (length = 48 bytes)
$ShopperInventory2-6 will be placed at 80255210 (length = 48 bytes)
$ShopperInventory2-5 will be placed at 80255258 (length = 48 bytes)
$ShopperInventory2-4 will be placed at 802552A0 (length = 48 bytes)
$ShopperInventory1-4 will be placed at 802552E8 (length = 48 bytes)
$ShopperInventory1-3 will be placed at 80255330 (length = 48 bytes)
$ShopperInventory1-2 will be placed at 80255378 (length = 48 bytes)
$ShopperInventory1-1 will be placed at 802553C0 (length = 48 bytes)
$Script_Exit1 will be placed at 80255408 (length = 48 bytes)
$Script_Exit0 will be placed at 80255450 (length = 48 bytes)
$ShopperInventory3-9 will be placed at 80255498 (length = 48 bytes)
$ShopperInventory3-8 will be placed at 802554E0 (length = 48 bytes)
$ShopperInventory3-7 will be placed at 80255528 (length = 48 bytes)
$Script_MakeExits will be placed at 80255570 (length = 48 bytes)
$ShopperInventory3-6 will be placed at 802555B8 (length = 48 bytes)
$ShopperInventory3-5 will be placed at 80255600 (length = 48 bytes)
$ShopperInventory3-4 will be placed at 80255648 (length = 48 bytes)
$ShopperInventory3-3 will be placed at 80255690 (length = 48 bytes)
$ShopperInventory2-3 will be placed at 802556D8 (length = 48 bytes)
$ShopperInventory2-2 will be placed at 80255720 (length = 48 bytes)
$ShopperInventory2-1 will be placed at 80255768 (length = 48 bytes)
$NoInventory-BRowf will be placed at 802557B0 (length = 44 bytes)
$GetFloorRowf will be placed at 802557F4 (length = 44 bytes)
$Function_Init will be placed at 80255838 (length = 44 bytes)
$GetItem_BRowf will be placed at 8025587C (length = 44 bytes)
$NoCoins will be placed at 802558C0 (length = 44 bytes)
$ShopperCancel will be placed at 80255904 (length = 40 bytes)
$Header will be placed at 80255944 (length = 40 bytes)
$PartnerFunc2 will be placed at 80255984 (length = 3C bytes)
$VectorList_Path_Lakilester will be placed at 802559C0 (length = 3C bytes)
$TotalLevels will be placed at 802559FC (length = 38 bytes)
$PartnerFunc1 will be placed at 80255A34 (length = 34 bytes)
$LoadCoins_BRowf will be placed at 80255A68 (length = 34 bytes)
$EntryList will be placed at 80255A9C (length = 30 bytes)
$GotItem will be placed at 80255ACC (length = 30 bytes)
$NoMoney-BRowf will be placed at 80255AFC (length = 30 bytes)
$InventoryAvailability will be placed at 80255B2C (length = 2C bytes)
$EnableInputs will be placed at 80255B58 (length = 2C bytes)
$LoadCoins will be placed at 80255B84 (length = 2C bytes)
$Rowf_Settings will be placed at 80255BB0 (length = 2C bytes)
$Partner_Settings will be placed at 80255BDC (length = 2C bytes)
$BRowf_Settings will be placed at 80255C08 (length = 28 bytes)
$Init2-BRowf will be placed at 80255C30 (length = 24 bytes)
$NpcGroups will be placed at 80255C54 (length = 24 bytes)
$InitShopper will be placed at 80255C78 (length = 24 bytes)
$Function_80240000 will be placed at 80255C9C (length = 20 bytes)
$SignStringExit will be placed at 80255CBC (length = 20 bytes)
$SignString100 will be placed at 80255CDC (length = 18 bytes)
$SignString1 will be placed at 80255CF4 (length = 14 bytes)
$SignString59 will be placed at 80255D08 (length = 14 bytes)
$SignString58 will be placed at 80255D1C (length = 14 bytes)
$SignString57 will be placed at 80255D30 (length = 14 bytes)
$SignString56 will be placed at 80255D44 (length = 14 bytes)
$SignString55 will be placed at 80255D58 (length = 14 bytes)
$SignString54 will be placed at 80255D6C (length = 14 bytes)
$SignString53 will be placed at 80255D80 (length = 14 bytes)
$SignString52 will be placed at 80255D94 (length = 14 bytes)
$SignString51 will be placed at 80255DA8 (length = 14 bytes)
$SignString50 will be placed at 80255DBC (length = 14 bytes)
$SignString69 will be placed at 80255DD0 (length = 14 bytes)
$SignString68 will be placed at 80255DE4 (length = 14 bytes)
$SignString67 will be placed at 80255DF8 (length = 14 bytes)
$SignString66 will be placed at 80255E0C (length = 14 bytes)
$SignString65 will be placed at 80255E20 (length = 14 bytes)
$SignString64 will be placed at 80255E34 (length = 14 bytes)
$SignString63 will be placed at 80255E48 (length = 14 bytes)
$SignString62 will be placed at 80255E5C (length = 14 bytes)
$SignString61 will be placed at 80255E70 (length = 14 bytes)
$SignString60 will be placed at 80255E84 (length = 14 bytes)
$SignString79 will be placed at 80255E98 (length = 14 bytes)
$SignString78 will be placed at 80255EAC (length = 14 bytes)
$SignString77 will be placed at 80255EC0 (length = 14 bytes)
$SignString76 will be placed at 80255ED4 (length = 14 bytes)
$SignString75 will be placed at 80255EE8 (length = 14 bytes)
$SignString74 will be placed at 80255EFC (length = 14 bytes)
$SignString73 will be placed at 80255F10 (length = 14 bytes)
$SignString72 will be placed at 80255F24 (length = 14 bytes)
$SignString71 will be placed at 80255F38 (length = 14 bytes)
$SignString70 will be placed at 80255F4C (length = 14 bytes)
$SignString89 will be placed at 80255F60 (length = 14 bytes)
$SignString88 will be placed at 80255F74 (length = 14 bytes)
$SignString87 will be placed at 80255F88 (length = 14 bytes)
$SignString86 will be placed at 80255F9C (length = 14 bytes)
$SignString85 will be placed at 80255FB0 (length = 14 bytes)
$SignString84 will be placed at 80255FC4 (length = 14 bytes)
$SignString83 will be placed at 80255FD8 (length = 14 bytes)
$SignString82 will be placed at 80255FEC (length = 14 bytes)
$SignString81 will be placed at 80256000 (length = 14 bytes)
$SignString80 will be placed at 80256014 (length = 14 bytes)
$SignString19 will be placed at 80256028 (length = 14 bytes)
$SignString18 will be placed at 8025603C (length = 14 bytes)
$SignString17 will be placed at 80256050 (length = 14 bytes)
$SignString16 will be placed at 80256064 (length = 14 bytes)
$SignString15 will be placed at 80256078 (length = 14 bytes)
$SignString14 will be placed at 8025608C (length = 14 bytes)
$SignString13 will be placed at 802560A0 (length = 14 bytes)
$SignString12 will be placed at 802560B4 (length = 14 bytes)
$SignString11 will be placed at 802560C8 (length = 14 bytes)
$SignString10 will be placed at 802560DC (length = 14 bytes)
$SignString3 will be placed at 802560F0 (length = 14 bytes)
$SignString2 will be placed at 80256104 (length = 14 bytes)
$SignString5 will be placed at 80256118 (length = 14 bytes)
$SignString4 will be placed at 8025612C (length = 14 bytes)
$SignString7 will be placed at 80256140 (length = 14 bytes)
$SignString6 will be placed at 80256154 (length = 14 bytes)
$SignString9 will be placed at 80256168 (length = 14 bytes)
$SignString8 will be placed at 8025617C (length = 14 bytes)
$SignString29 will be placed at 80256190 (length = 14 bytes)
$SignString28 will be placed at 802561A4 (length = 14 bytes)
$SignString27 will be placed at 802561B8 (length = 14 bytes)
$SignString26 will be placed at 802561CC (length = 14 bytes)
$SignString25 will be placed at 802561E0 (length = 14 bytes)
$SignString24 will be placed at 802561F4 (length = 14 bytes)
$SignString23 will be placed at 80256208 (length = 14 bytes)
$SignString22 will be placed at 8025621C (length = 14 bytes)
$SignString21 will be placed at 80256230 (length = 14 bytes)
$SignString20 will be placed at 80256244 (length = 14 bytes)
$SignString will be placed at 80256258 (length = 14 bytes)
$SignString39 will be placed at 8025626C (length = 14 bytes)
$SignString38 will be placed at 80256280 (length = 14 bytes)
$SignString37 will be placed at 80256294 (length = 14 bytes)
$SignString36 will be placed at 802562A8 (length = 14 bytes)
$SignString35 will be placed at 802562BC (length = 14 bytes)
$SignString34 will be placed at 802562D0 (length = 14 bytes)
$SignString33 will be placed at 802562E4 (length = 14 bytes)
$SignString32 will be placed at 802562F8 (length = 14 bytes)
$SignString31 will be placed at 8025630C (length = 14 bytes)
$SignString30 will be placed at 80256320 (length = 14 bytes)
$SignString49 will be placed at 80256334 (length = 14 bytes)
$SignString48 will be placed at 80256348 (length = 14 bytes)
$SignString47 will be placed at 8025635C (length = 14 bytes)
$SignString46 will be placed at 80256370 (length = 14 bytes)
$SignString45 will be placed at 80256384 (length = 14 bytes)
$SignString44 will be placed at 80256398 (length = 14 bytes)
$SignString43 will be placed at 802563AC (length = 14 bytes)
$SignString42 will be placed at 802563C0 (length = 14 bytes)
$SignString41 will be placed at 802563D4 (length = 14 bytes)
$SignString40 will be placed at 802563E8 (length = 14 bytes)
$SignString99 will be placed at 802563FC (length = 14 bytes)
$SignString98 will be placed at 80256410 (length = 14 bytes)
$SignString97 will be placed at 80256424 (length = 14 bytes)
$SignString96 will be placed at 80256438 (length = 14 bytes)
$SignString95 will be placed at 8025644C (length = 14 bytes)
$SignString94 will be placed at 80256460 (length = 14 bytes)
$SignString93 will be placed at 80256474 (length = 14 bytes)
$SignString92 will be placed at 80256488 (length = 14 bytes)
$SignString91 will be placed at 8025649C (length = 14 bytes)
$SignString90 will be placed at 802564B0 (length = 14 bytes)
$ShopperAccepted will be placed at 802564C4 (length = 14 bytes)
$PartnerImage4 will be placed at 802564D8 (length = 10 bytes)
$PartnerImage5 will be placed at 802564E8 (length = 10 bytes)
$PartnerImage2 will be placed at 802564F8 (length = 10 bytes)
$PartnerImage8 will be placed at 80256508 (length = 10 bytes)
$ASCII_pit_02_Literal will be placed at 80256518 (length = C bytes)
$ASCII_pit_34_Literal will be placed at 80256524 (length = C bytes)
$ASCII_pit_66_Literal will be placed at 80256530 (length = C bytes)
$ASCII_pit_98_Literal will be placed at 8025653C (length = C bytes)
$ASCII_pit_19_Literal will be placed at 80256548 (length = C bytes)
$ASCII_pit_69_Literal will be placed at 80256554 (length = C bytes)
$ASCII_pit_81_Literal will be placed at 80256560 (length = C bytes)
$ASCII_pit_63_Literal will be placed at 8025656C (length = C bytes)
$ASCII_pit_95_Literal will be placed at 80256578 (length = C bytes)
$ASCII_pit_16_Literal will be placed at 80256584 (length = C bytes)
$ASCII_pit_37_Literal will be placed at 80256590 (length = C bytes)
$ASCII_pit_05_Literal will be placed at 8025659C (length = C bytes)
$ASCII_pit_08_Literal will be placed at 802565A8 (length = C bytes)
$ASCII_pit_87_Literal will be placed at 802565B4 (length = C bytes)
$ASCII_pit_13_Literal will be placed at 802565C0 (length = C bytes)
$ASCII_pit_92_Literal will be placed at 802565CC (length = C bytes)
$ASCII_pit_77_Literal will be placed at 802565D8 (length = C bytes)
$ASCII_pit_26_Literal will be placed at 802565E4 (length = C bytes)
$ASCII_pit_41_Literal will be placed at 802565F0 (length = C bytes)
$ASCII_pit_74_Literal will be placed at 802565FC (length = C bytes)
$ASCII_pit_60_Literal will be placed at 80256608 (length = C bytes)
$ASCII_pit_59_Literal will be placed at 80256614 (length = C bytes)
$ASCII_pit_20_Literal will be placed at 80256620 (length = C bytes)
$ASCII_pit_23_Literal will be placed at 8025662C (length = C bytes)
$ASCII_pit_56_Literal will be placed at 80256638 (length = C bytes)
$ASCII_pit_44_Literal will be placed at 80256644 (length = C bytes)
$ASCII_pit_94_Literal will be placed at 80256650 (length = C bytes)
$ASCII_pit_21_Literal will be placed at 8025665C (length = C bytes)
$ASCII_pit_53_Literal will be placed at 80256668 (length = C bytes)
$ASCII_pit_09_Literal will be placed at 80256674 (length = C bytes)
$ASCII_pit_88_Literal will be placed at 80256680 (length = C bytes)
$ASCII_pit_38_Literal will be placed at 8025668C (length = C bytes)
$ASCII_pit_76_Literal will be placed at 80256698 (length = C bytes)
$ASCII_pit_33_Literal will be placed at 802566A4 (length = C bytes)
$ASCII_pit_99_Literal will be placed at 802566B0 (length = C bytes)
$ASCII_pit_71_Literal will be placed at 802566BC (length = C bytes)
$ASCII_pit_58_Literal will be placed at 802566C8 (length = C bytes)
$ASCII_pit_64_Literal will be placed at 802566D4 (length = C bytes)
$ASCII_pit_10_Literal will be placed at 802566E0 (length = C bytes)
$ASCII_pit_45_Literal will be placed at 802566EC (length = C bytes)
$ASCII_pit_03_Literal will be placed at 802566F8 (length = C bytes)
$ASCII_pit_82_Literal will be placed at 80256704 (length = C bytes)
$ASCII_pit_52_Literal will be placed at 80256710 (length = C bytes)
$ASCII_pit_70_Literal will be placed at 8025671C (length = C bytes)
$ASCII_pit_40_Literal will be placed at 80256728 (length = C bytes)
$ASCII_pit_39_Literal will be placed at 80256734 (length = C bytes)
$ASCII_pit_15_Literal will be placed at 80256740 (length = C bytes)
$ASCII_pit_27_Literal will be placed at 8025674C (length = C bytes)
$ASCII_pit_90_Literal will be placed at 80256758 (length = C bytes)
$ASCII_pit_57_Literal will be placed at 80256764 (length = C bytes)
$ASCII_pit_72_Literal will be placed at 80256770 (length = C bytes)
$ASCII_pit_43_Literal will be placed at 8025677C (length = C bytes)
$ASCII_pit_28_Literal will be placed at 80256788 (length = C bytes)
$ASCII_pit_78_Literal will be placed at 80256794 (length = C bytes)
$ASCII_pit_46_Literal will be placed at 802567A0 (length = C bytes)
$ASCII_pit_22_Literal will be placed at 802567AC (length = C bytes)
$ASCII_pit_25_Literal will be placed at 802567B8 (length = C bytes)
$ASCII_pit_54_Literal will be placed at 802567C4 (length = C bytes)
$ASCII_pit_75_Literal will be placed at 802567D0 (length = C bytes)
$ASCII_pit_32_Literal will be placed at 802567DC (length = C bytes)
$ASCII_pit_17_Literal will be placed at 802567E8 (length = C bytes)
$ASCII_pit_49_Literal will be placed at 802567F4 (length = C bytes)
$ASCII_pit_96_Literal will be placed at 80256800 (length = C bytes)
$ASCII_pit_68_Literal will be placed at 8025680C (length = C bytes)
$ASCII_pit_51_Literal will be placed at 80256818 (length = C bytes)
$ASCII_pit_04_Literal will be placed at 80256824 (length = C bytes)
$ASCII_pit_83_Literal will be placed at 80256830 (length = C bytes)
$ASCII_pit_86_Literal will be placed at 8025683C (length = C bytes)
$ASCII_pit_14_Literal will be placed at 80256848 (length = C bytes)
$ASCII_pit_93_Literal will be placed at 80256854 (length = C bytes)
$ASCII_pit_65_Literal will be placed at 80256860 (length = C bytes)
$ASCII_pit_07_Literal will be placed at 8025686C (length = C bytes)
$ASCII_pit_35_Literal will be placed at 80256878 (length = C bytes)
$ASCII_pit_11_Literal will be placed at 80256884 (length = C bytes)
$ASCII_pit_89_Literal will be placed at 80256890 (length = C bytes)
$ASCII_pit_79_Literal will be placed at 8025689C (length = C bytes)
$ASCII_pit_62_Literal will be placed at 802568A8 (length = C bytes)
$Init3-BRowf will be placed at 802568B4 (length = C bytes)
$ASCII_pit_47_Literal will be placed at 802568C0 (length = C bytes)
$ASCII_pit_06_Literal will be placed at 802568CC (length = C bytes)
$ASCII_pit_24_Literal will be placed at 802568D8 (length = C bytes)
$ASCII_pit_12_Literal will be placed at 802568E4 (length = C bytes)
$ASCII_pit_01_Literal will be placed at 802568F0 (length = C bytes)
$PartnerImage3 will be placed at 802568FC (length = C bytes)
$PartnerImage6 will be placed at 80256908 (length = C bytes)
$ASCII_pit_50_Literal will be placed at 80256914 (length = C bytes)
$PartnerImage1 will be placed at 80256920 (length = C bytes)
$ASCII_pit_67_Literal will be placed at 8025692C (length = C bytes)
$ASCII_pit_42_Literal will be placed at 80256938 (length = C bytes)
$PartnerImage7 will be placed at 80256944 (length = C bytes)
$ASCII_pit_80_Literal will be placed at 80256950 (length = C bytes)
$ASCII_pit_29_Literal will be placed at 8025695C (length = C bytes)
$ASCII_pit_30_Literal will be placed at 80256968 (length = C bytes)
$ASCII_pit_00_Literal will be placed at 80256974 (length = C bytes)
$ASCII_pit_36_Literal will be placed at 80256980 (length = C bytes)
$ASCII_pit_55_Literal will be placed at 8025698C (length = C bytes)
$ASCII_pit_18_Literal will be placed at 80256998 (length = C bytes)
$ASCII_pit_48_Literal will be placed at 802569A4 (length = C bytes)
$ASCII_pit_31_Literal will be placed at 802569B0 (length = C bytes)
$ASCII_pit_91_Literal will be placed at 802569BC (length = C bytes)
$ASCII_pit_97_Literal will be placed at 802569C8 (length = C bytes)
$ASCII_pit_85_Literal will be placed at 802569D4 (length = C bytes)
$ASCII_pit_73_Literal will be placed at 802569E0 (length = C bytes)
$ASCII_pit_61_Literal will be placed at 802569EC (length = C bytes)
$ASCII_pit_100_Literal will be placed at 802569F8 (length = 8 bytes)
$ASCII_pit_842_Literal will be placed at 80256A00 (length = 8 bytes)
$ASCII_tik_tex_Literal will be placed at 80256A08 (length = 8 bytes)
$No-BRowf will be placed at 80256A10 (length = 4 bytes)
Executing patch: pit_81.mpat
Loaded map pit_81
Creating struct: $EntryList
Creating struct: $DeepestLevel
Creating struct: $TotalLevels
Creating struct: $LoadHighscores
Creating struct: $FallingDownPipe
Creating struct: $Function_GetPos
Creating struct: $Function2
Creating struct: $SetSpawns
Creating struct: $Script_SetNPCPos
Creating struct: $SwitchPath
Creating struct: $VectorList_80244998
Creating struct: $GetPos
Creating struct: $Function_GetDamageTaken
Creating struct: $Function_ResetDamage
Creating struct: $DispawnParthner
Creating struct: $RespawnParthner
Creating struct: $LoadMap
Creating struct: $Script_LoadMapMover_Roguelike
Creating struct: $GetFloor
Creating struct: $LoadCoinsMover
Creating struct: $LoadMapBandit
Creating struct: $GetFloorBandit
Creating struct: $Script_Init_80243B20
Creating struct: $Script_80243A6C
Creating struct: $Script_AddCoins
Creating struct: $Script_SubstractCoins
Creating struct: $NPC_Settings_Sack
Creating struct: $Script_Init_Bag
Creating struct: $Script_Init_Bag_HitBox
Creating struct: $Script_NPC_SackHit_Init
Creating struct: $Script_NPC_Sack_FX
Creating struct: $NPC_Sack_AnimationStart
Creating struct: $NPC_Sack_AnimationEnd
Creating struct: $Script_SackAnimation_Start_GoToTheRight
Creating struct: $Script_SackAnimation_Start_GoToTheLeft
Creating struct: $Script_SackAnimation_End_Right
Creating struct: $Script_SackAnimation_End_Left
Creating struct: $Function_LoadGainedCoins
Creating struct: $Function_RevivePlayer
Creating struct: $AISettings_MoneySack
Creating struct: $Script_NpcAI_MoneySack
Creating struct: $JumpTable_80242448
Creating struct: $Function_NpcAI_MoneySack
Creating struct: $Function_80240260
Creating struct: $Function_80240844
Creating struct: $Function_802409A8
Creating struct: $Script_TrackPlayer
Creating struct: $Script_PipeAnimation
Creating struct: $Function_SetAnimation
Creating struct: $Function_GetColliderPos
Creating struct: $Function_TrackInput
Creating struct: $GoToNextLevel
Creating struct: $GoToNextLevel_Roguelike
Creating struct: $Script_SetSetsOfLevels
Creating struct: $Script_LoadMap_Roguelike
Creating struct: $Script_LoadChestMap_Roguelike
Creating struct: $Script_LoadMap_Mover_Roguelike
Creating struct: $Script_LoadChestMap_Mover_Roguelike
Creating struct: $GetFloorPit
Creating struct: $GetFloorSign
Creating struct: $Function_GetTattle1
Creating struct: $Function_GetTattle2
Creating struct: $Script_ReadSign
Creating struct: $Header
Creating struct: $Function_Init
Creating struct: $Script_Main
Creating struct: $NpcGroups
Creating struct: $NpcGroup_Mover
Creating struct: $BlankSettings
Creating struct: $Script_Init_Mover
Creating struct: $Interact_Mover
Creating struct: $Script_MoverWarpAnimation
Creating struct: $NpcGroup_BanditMover
Creating struct: $Script_Init_BanditMover
Creating struct: $Interact_BanditMover
Creating struct: $NpcGroup_Enemy1
Creating struct: $NpcGroup_Enemy2
Creating struct: $NpcGroup_Enemy3
Creating struct: $NpcGroup_Enemy4
Creating struct: $NpcGroup_Enemy5
Creating struct: $NpcGroup_Enemy6
Creating struct: $NpcSettings_Enemy1
Creating struct: $Script_EnemyAI
Creating struct: $AISettings_Enemy
Creating struct: $ConstDouble_802471E0
Creating struct: $JumpTable_802471E8
Creating struct: $Function_802406A4
Creating struct: $Function_80240310
Creating struct: $Function_8024038C
Creating struct: $Function_802404C0
Creating struct: $Function_80240624
Creating struct: $Script_DisableEnemyAI
Creating struct: $AISettings_DisableEnemy
Creating struct: $PipeSpawning
Creating struct: $Script_MakeEntities
Creating struct: $CommingDownPipe
Creating struct: $Script_MakeExits
Creating struct: $Script_Exit0
Merged 1 regions to 1
$Script_LoadMap_Mover_Roguelike will be placed at 80240000 (length = F14 bytes)
$LoadMap will be placed at 80240F14 (length = EF4 bytes)
$Script_ReadSign will be placed at 80241E08 (length = EEC bytes)
$LoadMapBandit will be placed at 80242CF4 (length = EA4 bytes)
$Script_LoadMap_Roguelike will be placed at 80243B98 (length = D9C bytes)
$GoToNextLevel will be placed at 80244934 (length = D10 bytes)
$GoToNextLevel_Roguelike will be placed at 80245644 (length = 868 bytes)
$Function_80240260 will be placed at 80245EAC (length = 5E4 bytes)
$Function_802406A4 will be placed at 80246490 (length = 440 bytes)
$SetSpawns will be placed at 802468D0 (length = 384 bytes)
$FallingDownPipe will be placed at 80246C54 (length = 37C bytes)
$Script_SetSetsOfLevels will be placed at 80246FD0 (length = 358 bytes)
$Script_SetNPCPos will be placed at 80247328 (length = 2F4 bytes)
$Function_NpcAI_MoneySack will be placed at 8024761C (length = 238 bytes)
$Script_SackAnimation_Start_GoToTheRight will be placed at 80247854 (length = 230 bytes)
$Script_SackAnimation_Start_GoToTheLeft will be placed at 80247A84 (length = 1F8 bytes)
$Interact_Mover will be placed at 80247C7C (length = 1F8 bytes)
$NpcGroup_Enemy3 will be placed at 80247E74 (length = 1F0 bytes)
$NpcGroup_Enemy4 will be placed at 80248064 (length = 1F0 bytes)
$NpcGroup_Enemy5 will be placed at 80248254 (length = 1F0 bytes)
$NpcGroup_Enemy6 will be placed at 80248444 (length = 1F0 bytes)
$NpcGroup_Enemy1 will be placed at 80248634 (length = 1F0 bytes)
$NpcGroup_Enemy2 will be placed at 80248824 (length = 1F0 bytes)
$NpcGroup_Mover will be placed at 80248A14 (length = 1F0 bytes)
$NpcGroup_BanditMover will be placed at 80248C04 (length = 1F0 bytes)
$Interact_BanditMover will be placed at 80248DF4 (length = 1EC bytes)
$Script_PipeAnimation will be placed at 80248FE0 (length = 1D0 bytes)
$JumpTable_80242448 will be placed at 802491B0 (length = 190 bytes)
$Script_LoadChestMap_Mover_Roguelike will be placed at 80249340 (length = 18C bytes)
$PipeSpawning will be placed at 802494CC (length = 178 bytes)
$NPC_Sack_AnimationStart will be placed at 80249644 (length = 168 bytes)
$Function_80240844 will be placed at 802497AC (length = 164 bytes)
$Script_LoadChestMap_Roguelike will be placed at 80249910 (length = 164 bytes)
$Function_802404C0 will be placed at 80249A74 (length = 164 bytes)
$Script_NPC_SackHit_Init will be placed at 80249BD8 (length = 160 bytes)
$Script_SackAnimation_End_Right will be placed at 80249D38 (length = 158 bytes)
$Script_SackAnimation_End_Left will be placed at 80249E90 (length = 150 bytes)
$MapTattle5 will be placed at 80249FE0 (length = 13C bytes)
$Function_8024038C will be placed at 8024A11C (length = 138 bytes)
$MapTattle4 will be placed at 8024A254 (length = 130 bytes)
$GetFloor will be placed at 8024A384 (length = 12C bytes)
$BanditMover_Tattle will be placed at 8024A4B0 (length = 124 bytes)
$Script_Main will be placed at 8024A5D4 (length = 120 bytes)
$Script_80243A6C will be placed at 8024A6F4 (length = 114 bytes)
$Script_SubstractCoins will be placed at 8024A808 (length = 10C bytes)
$Script_LoadMapMover_Roguelike will be placed at 8024A914 (length = 104 bytes)
$GetFloorBandit will be placed at 8024AA18 (length = F4 bytes)
$Script_MoverWarpAnimation will be placed at 8024AB0C (length = F0 bytes)
$Function_GetColliderPos will be placed at 8024ABFC (length = E0 bytes)
$Function_GetPos will be placed at 8024ACDC (length = E0 bytes)
$Script_TrackPlayer will be placed at 8024ADBC (length = DC bytes)
$MapTattle2 will be placed at 8024AE98 (length = D4 bytes)
$Function_TrackInput will be placed at 8024AF6C (length = BC bytes)
$MapTattle3 will be placed at 8024B028 (length = B0 bytes)
$Script_MakeEntities will be placed at 8024B0D8 (length = A8 bytes)
$MapTattle1 will be placed at 8024B180 (length = A8 bytes)
$Script_NpcAI_MoneySack will be placed at 8024B228 (length = A8 bytes)
$MoverStart will be placed at 8024B2D0 (length = A4 bytes)
$SwitchPath will be placed at 8024B374 (length = A4 bytes)
$Script_NPC_Sack_FX will be placed at 8024B418 (length = A4 bytes)
$GetPos will be placed at 8024B4BC (length = 9C bytes)
$Script_AddCoins will be placed at 8024B558 (length = 98 bytes)
$BanditMoverStart will be placed at 8024B5F0 (length = 98 bytes)
$Mover_Tattle will be placed at 8024B688 (length = 94 bytes)
$Function_GetTattle1 will be placed at 8024B71C (length = 8C bytes)
$NPC_Sack_AnimationEnd will be placed at 8024B7A8 (length = 84 bytes)
$Function_80240624 will be placed at 8024B82C (length = 80 bytes)
$BanditMover_Options will be placed at 8024B8AC (length = 80 bytes)
$SignStringBug will be placed at 8024B92C (length = 7C bytes)
$Function_80240310 will be placed at 8024B9A8 (length = 7C bytes)
$LoadHighscores will be placed at 8024BA24 (length = 7C bytes)
$Mover_Options will be placed at 8024BAA0 (length = 78 bytes)
$Script_EnemyAI will be placed at 8024BB18 (length = 70 bytes)
$NpcGroups will be placed at 8024BB88 (length = 6C bytes)
$DeepestLevel will be placed at 8024BBF4 (length = 6C bytes)
$Function2 will be placed at 8024BC60 (length = 6C bytes)
$LoadCoinsMover will be placed at 8024BCCC (length = 6C bytes)
$Function_SetAnimation will be placed at 8024BD38 (length = 6C bytes)
$GetFloorPit will be placed at 8024BDA4 (length = 68 bytes)
$MoverEnd will be placed at 8024BE0C (length = 68 bytes)
$BanditMoverEnd will be placed at 8024BE74 (length = 68 bytes)
$GetFloorSign will be placed at 8024BEDC (length = 64 bytes)
$BanditMoverNoCoins will be placed at 8024BF40 (length = 58 bytes)
$MoverNoCoins will be placed at 8024BF98 (length = 58 bytes)
$JumpTable_802471E8 will be placed at 8024BFF0 (length = 54 bytes)
$Function_GetTattle2 will be placed at 8024C044 (length = 48 bytes)
$CommingDownPipe will be placed at 8024C08C (length = 48 bytes)
$Script_Exit0 will be placed at 8024C0D4 (length = 48 bytes)
$Function_LoadGainedCoins will be placed at 8024C11C (length = 48 bytes)
$Function_Init will be placed at 8024C164 (length = 44 bytes)
$Function_802409A8 will be placed at 8024C1A8 (length = 44 bytes)
$Header will be placed at 8024C1EC (length = 40 bytes)
$Script_Init_Bag will be placed at 8024C22C (length = 38 bytes)
$TotalLevels will be placed at 8024C264 (length = 38 bytes)
$Script_Init_Bag_HitBox will be placed at 8024C29C (length = 38 bytes)
$DispawnParthner will be placed at 8024C2D4 (length = 34 bytes)
$Function_ResetDamage will be placed at 8024C308 (length = 34 bytes)
$AISettings_MoneySack will be placed at 8024C33C (length = 30 bytes)
$AISettings_Enemy will be placed at 8024C36C (length = 30 bytes)
$AISettings_DisableEnemy will be placed at 8024C39C (length = 30 bytes)
$RespawnParthner will be placed at 8024C3CC (length = 30 bytes)
$NPC_Settings_Sack will be placed at 8024C3FC (length = 2C bytes)
$Function_GetDamageTaken will be placed at 8024C428 (length = 2C bytes)
$NpcSettings_Enemy1 will be placed at 8024C454 (length = 2C bytes)
$Function_RevivePlayer will be placed at 8024C480 (length = 2C bytes)
$String_CoinsGained will be placed at 8024C4AC (length = 2C bytes)
$BlankSettings will be placed at 8024C4D8 (length = 2C bytes)
$Script_MakeExits will be placed at 8024C504 (length = 2C bytes)
$VectorList_80244998 will be placed at 8024C530 (length = 24 bytes)
$Script_Init_80243B20 will be placed at 8024C554 (length = 24 bytes)
$Script_Init_Mover will be placed at 8024C578 (length = 24 bytes)
$Script_Init_BanditMover will be placed at 8024C59C (length = 24 bytes)
$Script_DisableEnemyAI will be placed at 8024C5C0 (length = 20 bytes)
$EntryList will be placed at 8024C5E0 (length = 20 bytes)
$SignString100 will be placed at 8024C600 (length = 18 bytes)
$SignString1 will be placed at 8024C618 (length = 14 bytes)
$SignString99 will be placed at 8024C62C (length = 14 bytes)
$SignString98 will be placed at 8024C640 (length = 14 bytes)
$SignString97 will be placed at 8024C654 (length = 14 bytes)
$SignString96 will be placed at 8024C668 (length = 14 bytes)
$SignString95 will be placed at 8024C67C (length = 14 bytes)
$SignString94 will be placed at 8024C690 (length = 14 bytes)
$SignString93 will be placed at 8024C6A4 (length = 14 bytes)
$SignString92 will be placed at 8024C6B8 (length = 14 bytes)
$SignString91 will be placed at 8024C6CC (length = 14 bytes)
$SignString90 will be placed at 8024C6E0 (length = 14 bytes)
$SignString59 will be placed at 8024C6F4 (length = 14 bytes)
$SignString58 will be placed at 8024C708 (length = 14 bytes)
$SignString57 will be placed at 8024C71C (length = 14 bytes)
$SignString56 will be placed at 8024C730 (length = 14 bytes)
$SignString55 will be placed at 8024C744 (length = 14 bytes)
$SignString54 will be placed at 8024C758 (length = 14 bytes)
$SignString53 will be placed at 8024C76C (length = 14 bytes)
$SignString52 will be placed at 8024C780 (length = 14 bytes)
$SignString51 will be placed at 8024C794 (length = 14 bytes)
$SignString50 will be placed at 8024C7A8 (length = 14 bytes)
$SignString69 will be placed at 8024C7BC (length = 14 bytes)
$SignString68 will be placed at 8024C7D0 (length = 14 bytes)
$SignString67 will be placed at 8024C7E4 (length = 14 bytes)
$SignString66 will be placed at 8024C7F8 (length = 14 bytes)
$SignString65 will be placed at 8024C80C (length = 14 bytes)
$SignString64 will be placed at 8024C820 (length = 14 bytes)
$SignString63 will be placed at 8024C834 (length = 14 bytes)
$SignString62 will be placed at 8024C848 (length = 14 bytes)
$SignString61 will be placed at 8024C85C (length = 14 bytes)
$SignString60 will be placed at 8024C870 (length = 14 bytes)
$SignString79 will be placed at 8024C884 (length = 14 bytes)
$SignString78 will be placed at 8024C898 (length = 14 bytes)
$SignString77 will be placed at 8024C8AC (length = 14 bytes)
$SignString76 will be placed at 8024C8C0 (length = 14 bytes)
$SignString75 will be placed at 8024C8D4 (length = 14 bytes)
$SignString74 will be placed at 8024C8E8 (length = 14 bytes)
$SignString73 will be placed at 8024C8FC (length = 14 bytes)
$SignString72 will be placed at 8024C910 (length = 14 bytes)
$SignString71 will be placed at 8024C924 (length = 14 bytes)
$SignString70 will be placed at 8024C938 (length = 14 bytes)
$SignString89 will be placed at 8024C94C (length = 14 bytes)
$SignString88 will be placed at 8024C960 (length = 14 bytes)
$SignString87 will be placed at 8024C974 (length = 14 bytes)
$SignString86 will be placed at 8024C988 (length = 14 bytes)
$SignString85 will be placed at 8024C99C (length = 14 bytes)
$SignString84 will be placed at 8024C9B0 (length = 14 bytes)
$SignString83 will be placed at 8024C9C4 (length = 14 bytes)
$SignString82 will be placed at 8024C9D8 (length = 14 bytes)
$SignString81 will be placed at 8024C9EC (length = 14 bytes)
$SignString80 will be placed at 8024CA00 (length = 14 bytes)
$SignString19 will be placed at 8024CA14 (length = 14 bytes)
$SignString18 will be placed at 8024CA28 (length = 14 bytes)
$SignString17 will be placed at 8024CA3C (length = 14 bytes)
$SignString16 will be placed at 8024CA50 (length = 14 bytes)
$SignString15 will be placed at 8024CA64 (length = 14 bytes)
$SignString14 will be placed at 8024CA78 (length = 14 bytes)
$SignString13 will be placed at 8024CA8C (length = 14 bytes)
$SignString12 will be placed at 8024CAA0 (length = 14 bytes)
$SignString11 will be placed at 8024CAB4 (length = 14 bytes)
$SignString10 will be placed at 8024CAC8 (length = 14 bytes)
$SignString3 will be placed at 8024CADC (length = 14 bytes)
$SignString2 will be placed at 8024CAF0 (length = 14 bytes)
$SignString5 will be placed at 8024CB04 (length = 14 bytes)
$SignString4 will be placed at 8024CB18 (length = 14 bytes)
$SignString7 will be placed at 8024CB2C (length = 14 bytes)
$SignString6 will be placed at 8024CB40 (length = 14 bytes)
$SignString9 will be placed at 8024CB54 (length = 14 bytes)
$SignString8 will be placed at 8024CB68 (length = 14 bytes)
$SignString29 will be placed at 8024CB7C (length = 14 bytes)
$SignString28 will be placed at 8024CB90 (length = 14 bytes)
$SignString27 will be placed at 8024CBA4 (length = 14 bytes)
$SignString26 will be placed at 8024CBB8 (length = 14 bytes)
$SignString25 will be placed at 8024CBCC (length = 14 bytes)
$SignString24 will be placed at 8024CBE0 (length = 14 bytes)
$SignString23 will be placed at 8024CBF4 (length = 14 bytes)
$SignString22 will be placed at 8024CC08 (length = 14 bytes)
$SignString21 will be placed at 8024CC1C (length = 14 bytes)
$SignString20 will be placed at 8024CC30 (length = 14 bytes)
$SignString will be placed at 8024CC44 (length = 14 bytes)
$SignString39 will be placed at 8024CC58 (length = 14 bytes)
$SignString38 will be placed at 8024CC6C (length = 14 bytes)
$SignString37 will be placed at 8024CC80 (length = 14 bytes)
$SignString36 will be placed at 8024CC94 (length = 14 bytes)
$SignString35 will be placed at 8024CCA8 (length = 14 bytes)
$SignString34 will be placed at 8024CCBC (length = 14 bytes)
$SignString33 will be placed at 8024CCD0 (length = 14 bytes)
$SignString32 will be placed at 8024CCE4 (length = 14 bytes)
$SignString31 will be placed at 8024CCF8 (length = 14 bytes)
$SignString30 will be placed at 8024CD0C (length = 14 bytes)
$SignString49 will be placed at 8024CD20 (length = 14 bytes)
$SignString48 will be placed at 8024CD34 (length = 14 bytes)
$SignString47 will be placed at 8024CD48 (length = 14 bytes)
$SignString46 will be placed at 8024CD5C (length = 14 bytes)
$SignString45 will be placed at 8024CD70 (length = 14 bytes)
$SignString44 will be placed at 8024CD84 (length = 14 bytes)
$SignString43 will be placed at 8024CD98 (length = 14 bytes)
$SignString42 will be placed at 8024CDAC (length = 14 bytes)
$SignString41 will be placed at 8024CDC0 (length = 14 bytes)
$SignString40 will be placed at 8024CDD4 (length = 14 bytes)
$ASCII_pit_02_Literal will be placed at 8024CDE8 (length = C bytes)
$ASCII_pit_90_Literal will be placed at 8024CDF4 (length = C bytes)
$ASCII_pit_34_Literal will be placed at 8024CE00 (length = C bytes)
$ASCII_pit_66_Literal will be placed at 8024CE0C (length = C bytes)
$ASCII_pit_98_Literal will be placed at 8024CE18 (length = C bytes)
$ASCII_pit_19_Literal will be placed at 8024CE24 (length = C bytes)
$ASCII_pit_57_Literal will be placed at 8024CE30 (length = C bytes)
$ASCII_pit_69_Literal will be placed at 8024CE3C (length = C bytes)
$ASCII_pit_72_Literal will be placed at 8024CE48 (length = C bytes)
$ASCII_pit_81_Literal will be placed at 8024CE54 (length = C bytes)
$ASCII_pit_43_Literal will be placed at 8024CE60 (length = C bytes)
$ASCII_pit_28_Literal will be placed at 8024CE6C (length = C bytes)
$ASCII_pit_78_Literal will be placed at 8024CE78 (length = C bytes)
$ASCII_pit_63_Literal will be placed at 8024CE84 (length = C bytes)
$ASCII_pit_46_Literal will be placed at 8024CE90 (length = C bytes)
$ASCII_pit_95_Literal will be placed at 8024CE9C (length = C bytes)
$ASCII_pit_16_Literal will be placed at 8024CEA8 (length = C bytes)
$ASCII_pit_37_Literal will be placed at 8024CEB4 (length = C bytes)
$ASCII_pit_22_Literal will be placed at 8024CEC0 (length = C bytes)
$ASCII_pit_05_Literal will be placed at 8024CECC (length = C bytes)
$ASCII_pit_25_Literal will be placed at 8024CED8 (length = C bytes)
$ASCII_pit_54_Literal will be placed at 8024CEE4 (length = C bytes)
$ASCII_pit_08_Literal will be placed at 8024CEF0 (length = C bytes)
$ASCII_pit_87_Literal will be placed at 8024CEFC (length = C bytes)
$ASCII_pit_75_Literal will be placed at 8024CF08 (length = C bytes)
$ASCII_pit_13_Literal will be placed at 8024CF14 (length = C bytes)
$ASCII_pit_32_Literal will be placed at 8024CF20 (length = C bytes)
$ASCII_pit_92_Literal will be placed at 8024CF2C (length = C bytes)
$ASCII_pit_17_Literal will be placed at 8024CF38 (length = C bytes)
$ASCII_pit_49_Literal will be placed at 8024CF44 (length = C bytes)
$ASCII_pit_77_Literal will be placed at 8024CF50 (length = C bytes)
$ASCII_pit_96_Literal will be placed at 8024CF5C (length = C bytes)
$ASCII_pit_68_Literal will be placed at 8024CF68 (length = C bytes)
$ASCII_pit_51_Literal will be placed at 8024CF74 (length = C bytes)
$ASCII_pit_04_Literal will be placed at 8024CF80 (length = C bytes)
$ASCII_pit_83_Literal will be placed at 8024CF8C (length = C bytes)
$ASCII_pit_86_Literal will be placed at 8024CF98 (length = C bytes)
$ASCII_pit_26_Literal will be placed at 8024CFA4 (length = C bytes)
$ASCII_pit_41_Literal will be placed at 8024CFB0 (length = C bytes)
$ASCII_pit_14_Literal will be placed at 8024CFBC (length = C bytes)
$ASCII_pit_74_Literal will be placed at 8024CFC8 (length = C bytes)
$ASCII_pit_60_Literal will be placed at 8024CFD4 (length = C bytes)
$ASCII_pit_59_Literal will be placed at 8024CFE0 (length = C bytes)
$ASCII_pit_93_Literal will be placed at 8024CFEC (length = C bytes)
$ASCII_pit_65_Literal will be placed at 8024CFF8 (length = C bytes)
$ASCII_pit_07_Literal will be placed at 8024D004 (length = C bytes)
$ASCII_pit_20_Literal will be placed at 8024D010 (length = C bytes)
$ASCII_pit_35_Literal will be placed at 8024D01C (length = C bytes)
$ASCII_pit_23_Literal will be placed at 8024D028 (length = C bytes)
$ASCII_pit_11_Literal will be placed at 8024D034 (length = C bytes)
$ASCII_pit_56_Literal will be placed at 8024D040 (length = C bytes)
$ASCII_pit_44_Literal will be placed at 8024D04C (length = C bytes)
$ASCII_pit_89_Literal will be placed at 8024D058 (length = C bytes)
$ASCII_pit_79_Literal will be placed at 8024D064 (length = C bytes)
$ASCII_pit_62_Literal will be placed at 8024D070 (length = C bytes)
$ASCII_pit_94_Literal will be placed at 8024D07C (length = C bytes)
$ASCII_pit_47_Literal will be placed at 8024D088 (length = C bytes)
$ASCII_pit_21_Literal will be placed at 8024D094 (length = C bytes)
$ASCII_pit_06_Literal will be placed at 8024D0A0 (length = C bytes)
$ASCII_pit_53_Literal will be placed at 8024D0AC (length = C bytes)
$ASCII_pit_09_Literal will be placed at 8024D0B8 (length = C bytes)
$ASCII_pit_88_Literal will be placed at 8024D0C4 (length = C bytes)
$ASCII_pit_38_Literal will be placed at 8024D0D0 (length = C bytes)
$ASCII_pit_24_Literal will be placed at 8024D0DC (length = C bytes)
$ASCII_pit_12_Literal will be placed at 8024D0E8 (length = C bytes)
$ASCII_pit_76_Literal will be placed at 8024D0F4 (length = C bytes)
$ASCII_pit_01_Literal will be placed at 8024D100 (length = C bytes)
$ASCII_pit_50_Literal will be placed at 8024D10C (length = C bytes)
$ASCII_pit_33_Literal will be placed at 8024D118 (length = C bytes)
$ASCII_pit_99_Literal will be placed at 8024D124 (length = C bytes)
$ASCII_pit_67_Literal will be placed at 8024D130 (length = C bytes)
$ASCII_pit_71_Literal will be placed at 8024D13C (length = C bytes)
$ASCII_pit_42_Literal will be placed at 8024D148 (length = C bytes)
$ASCII_pit_80_Literal will be placed at 8024D154 (length = C bytes)
$ASCII_pit_29_Literal will be placed at 8024D160 (length = C bytes)
$ASCII_pit_58_Literal will be placed at 8024D16C (length = C bytes)
$ASCII_pit_30_Literal will be placed at 8024D178 (length = C bytes)
$ASCII_pit_00_Literal will be placed at 8024D184 (length = C bytes)
$ASCII_pit_64_Literal will be placed at 8024D190 (length = C bytes)
$ASCII_pit_36_Literal will be placed at 8024D19C (length = C bytes)
$ASCII_pit_55_Literal will be placed at 8024D1A8 (length = C bytes)
$ASCII_pit_10_Literal will be placed at 8024D1B4 (length = C bytes)
$ASCII_pit_45_Literal will be placed at 8024D1C0 (length = C bytes)
$ASCII_pit_18_Literal will be placed at 8024D1CC (length = C bytes)
$ASCII_pit_48_Literal will be placed at 8024D1D8 (length = C bytes)
$ASCII_pit_03_Literal will be placed at 8024D1E4 (length = C bytes)
$ASCII_pit_31_Literal will be placed at 8024D1F0 (length = C bytes)
$ASCII_pit_91_Literal will be placed at 8024D1FC (length = C bytes)
$ASCII_pit_97_Literal will be placed at 8024D208 (length = C bytes)
$ASCII_pit_82_Literal will be placed at 8024D214 (length = C bytes)
$ASCII_pit_52_Literal will be placed at 8024D220 (length = C bytes)
$ASCII_pit_70_Literal will be placed at 8024D22C (length = C bytes)
$ASCII_pit_85_Literal will be placed at 8024D238 (length = C bytes)
$ASCII_pit_40_Literal will be placed at 8024D244 (length = C bytes)
$ASCII_pit_39_Literal will be placed at 8024D250 (length = C bytes)
$ASCII_pit_73_Literal will be placed at 8024D25C (length = C bytes)
$ASCII_pit_15_Literal will be placed at 8024D268 (length = C bytes)
$ASCII_pit_27_Literal will be placed at 8024D274 (length = C bytes)
$ASCII_pit_61_Literal will be placed at 8024D280 (length = C bytes)
$ConstDouble_802471E0 will be placed at 8024D28C (length = 8 bytes)
$ASCII_pit_842_Literal will be placed at 8024D294 (length = 8 bytes)
$ASCII_pit_100_Literal will be placed at 8024D29C (length = 8 bytes)
$ASCII_tik_tex_Literal will be placed at 8024D2A4 (length = 8 bytes)
$MoverCancel will be placed at 8024D2AC (length = 4 bytes)
$BanditMoverCancel will be placed at 8024D2B0 (length = 4 bytes)
Executing patch: pit_82.mpat
Loaded map pit_82
Creating struct: $EntryList
Creating struct: $DeepestLevel
Creating struct: $TotalLevels
Creating struct: $LoadHighscores
Creating struct: $FallingDownPipe
Creating struct: $Function_GetPos
Creating struct: $Function2
Creating struct: $SetSpawns
Creating struct: $Script_SetNPCPos
Creating struct: $SwitchPath
Creating struct: $VectorList_80244998
Creating struct: $GetPos
Creating struct: $Function_GetDamageTaken
Creating struct: $Function_ResetDamage
Creating struct: $DispawnParthner
Creating struct: $RespawnParthner
Creating struct: $LoadMap
Creating struct: $Script_LoadMapMover_Roguelike
Creating struct: $GetFloor
Creating struct: $LoadCoinsMover
Creating struct: $LoadMapBandit
Creating struct: $GetFloorBandit
Creating struct: $SetSpawnsSpecial
Creating struct: $Function_LoadCoinsInToVar1
Creating struct: $Script_SetSpawnPosition
Creating struct: $Script_Init_80243B20
Creating struct: $Script_80243A6C
Creating struct: $Script_AddCoins
Creating struct: $Script_SubstractCoins
Creating struct: $NPC_Settings_Sack
Creating struct: $Script_Init_Bag
Creating struct: $Script_Init_Bag_HitBox
Creating struct: $Script_NPC_SackHit_Init
Creating struct: $Script_NPC_Sack_FX
Creating struct: $NPC_Sack_AnimationStart
Creating struct: $NPC_Sack_AnimationEnd
Creating struct: $Script_SackAnimation_Start_GoToTheRight
Creating struct: $Script_SackAnimation_Start_GoToTheLeft
Creating struct: $Script_SackAnimation_End_Right
Creating struct: $Script_SackAnimation_End_Left
Creating struct: $Function_LoadGainedCoins
Creating struct: $Function_RevivePlayer
Creating struct: $AISettings_MoneySack
Creating struct: $Script_NpcAI_MoneySack
Creating struct: $JumpTable_80242448
Creating struct: $Function_NpcAI_MoneySack
Creating struct: $Function_80240260
Creating struct: $Function_80240844
Creating struct: $Function_802409A8
Creating struct: $Script_TrackPlayer
Creating struct: $Script_PipeAnimation
Creating struct: $Function_SetAnimation
Creating struct: $Function_GetColliderPos
Creating struct: $Function_TrackInput
Creating struct: $GoToNextLevel
Creating struct: $GoToNextLevel_Roguelike
Creating struct: $Script_SetSetsOfLevels
Creating struct: $Script_LoadMap_Roguelike
Creating struct: $Script_LoadChestMap_Roguelike
Creating struct: $Script_LoadMap_Mover_Roguelike
Creating struct: $Script_LoadChestMap_Mover_Roguelike
Creating struct: $GetFloorPit
Creating struct: $GetFloorSign
Creating struct: $Function_GetTattle1
Creating struct: $Function_GetTattle2
Creating struct: $Script_ReadSign
Creating struct: $Header
Creating struct: $Function_Init
Creating struct: $Script_Main
Creating struct: $NpcGroup1
Creating struct: $NpcGroup2
Creating struct: $NpcGroup3
Creating struct: $NpcGroup4
Creating struct: $NpcGroup5
Creating struct: $NpcGroup6
Creating struct: $NpcGroup7
Creating struct: $NpcGroups
Creating struct: $NpcGroup_Mover
Creating struct: $BlankSettings
Creating struct: $Script_Init_Mover
Creating struct: $Interact_Mover
Creating struct: $Script_MoverWarpAnimation
Creating struct: $NpcGroup_BanditMover
Creating struct: $Script_Init_BanditMover
Creating struct: $Interact_BanditMover
Creating struct: $ExtraAnimationList_8024437C
Creating struct: $NpcGroup_Enemy1
Creating struct: $NpcGroup_Enemy2
Creating struct: $NpcGroup_Enemy3
Creating struct: $NpcGroup_Enemy4
Creating struct: $NpcGroup_Enemy5
Creating struct: $NpcGroup_Enemy6
Creating struct: $NpcSettings_Enemy1
Creating struct: $NpcSettings_Hammer
Creating struct: $Script_EnemyAI
Creating struct: $Script_HammerAI
Creating struct: $AISettings_Enemy
Creating struct: $AISettings_Hammer
Creating struct: $Script_80244188
Creating struct: $Script_80244178
Creating struct: $Function_8024086C
Creating struct: $Function_80241524
Creating struct: $Function_80240DA8
Creating struct: $ConstDouble_80245B20
Creating struct: $ConstDouble_80245B28
Creating struct: $ConstDouble_80245B30
Creating struct: $ConstDouble_80245B38
Creating struct: $ConstDouble_80245B40
Creating struct: $JumpTable_80245B48
Creating struct: $Function_80241204
Creating struct: $Function_80240500
Creating struct: $Function_80240310
Creating struct: $Function_80240644
Creating struct: $Function_80240744
Creating struct: $Function_80240788
Creating struct: $Function_80240828
Creating struct: $Script_DisableEnemyAI
Creating struct: $AISettings_DisableEnemy
Creating struct: $PipeSpawning
Creating struct: $Script_MakeEntities
Creating struct: $CommingDownPipe
Creating struct: $Script_MakeExits
Creating struct: $Script_Exit0
Merged 1 regions to 1
$Script_LoadMap_Mover_Roguelike will be placed at 80240000 (length = F14 bytes)
$LoadMap will be placed at 80240F14 (length = EF4 bytes)
$Script_ReadSign will be placed at 80241E08 (length = EEC bytes)
$LoadMapBandit will be placed at 80242CF4 (length = EA4 bytes)
$Script_LoadMap_Roguelike will be placed at 80243B98 (length = D9C bytes)
$NpcGroup_Enemy3 will be placed at 80244934 (length = D90 bytes)
$NpcGroup_Enemy4 will be placed at 802456C4 (length = D90 bytes)
$NpcGroup_Enemy5 will be placed at 80246454 (length = D90 bytes)
$NpcGroup_Enemy6 will be placed at 802471E4 (length = D90 bytes)
$NpcGroup_Enemy1 will be placed at 80247F74 (length = D90 bytes)
$NpcGroup_Enemy2 will be placed at 80248D04 (length = D90 bytes)
$GoToNextLevel will be placed at 80249A94 (length = D10 bytes)
$GoToNextLevel_Roguelike will be placed at 8024A7A4 (length = 868 bytes)
$SetSpawnsSpecial will be placed at 8024B00C (length = 608 bytes)
$Function_80240260 will be placed at 8024B614 (length = 5E4 bytes)
$Function_8024086C will be placed at 8024BBF8 (length = 53C bytes)
$Function_80240DA8 will be placed at 8024C134 (length = 468 bytes)
$SetSpawns will be placed at 8024C59C (length = 384 bytes)
$FallingDownPipe will be placed at 8024C920 (length = 37C bytes)
$Script_SetSetsOfLevels will be placed at 8024CC9C (length = 358 bytes)
$Function_80241204 will be placed at 8024CFF4 (length = 320 bytes)
$Script_SetNPCPos will be placed at 8024D314 (length = 2F4 bytes)
$Script_Main will be placed at 8024D608 (length = 2A0 bytes)
$Function_NpcAI_MoneySack will be placed at 8024D8A8 (length = 238 bytes)
$Script_SetSpawnPosition will be placed at 8024DAE0 (length = 234 bytes)
$Script_SackAnimation_Start_GoToTheRight will be placed at 8024DD14 (length = 230 bytes)
$Script_SackAnimation_Start_GoToTheLeft will be placed at 8024DF44 (length = 1F8 bytes)
$Interact_Mover will be placed at 8024E13C (length = 1F8 bytes)
$Function_80240310 will be placed at 8024E334 (length = 1F8 bytes)
$NpcGroup_Mover will be placed at 8024E52C (length = 1F0 bytes)
$NpcGroup_BanditMover will be placed at 8024E71C (length = 1F0 bytes)
$Interact_BanditMover will be placed at 8024E90C (length = 1EC bytes)
$Script_PipeAnimation will be placed at 8024EAF8 (length = 1D0 bytes)
$Script_80244188 will be placed at 8024ECC8 (length = 1C8 bytes)
$JumpTable_80242448 will be placed at 8024EE90 (length = 190 bytes)
$JumpTable_80245B48 will be placed at 8024F020 (length = 190 bytes)
$Script_LoadChestMap_Mover_Roguelike will be placed at 8024F1B0 (length = 18C bytes)
$PipeSpawning will be placed at 8024F33C (length = 178 bytes)
$NPC_Sack_AnimationStart will be placed at 8024F4B4 (length = 168 bytes)
$Function_80240844 will be placed at 8024F61C (length = 164 bytes)
$Script_LoadChestMap_Roguelike will be placed at 8024F780 (length = 164 bytes)
$Script_NPC_SackHit_Init will be placed at 8024F8E4 (length = 160 bytes)
$Script_SackAnimation_End_Right will be placed at 8024FA44 (length = 158 bytes)
$Script_SackAnimation_End_Left will be placed at 8024FB9C (length = 150 bytes)
$Function_80240500 will be placed at 8024FCEC (length = 144 bytes)
$MapTattle5 will be placed at 8024FE30 (length = 13C bytes)
$MapTattle4 will be placed at 8024FF6C (length = 130 bytes)
$GetFloor will be placed at 8025009C (length = 12C bytes)
$BanditMover_Tattle will be placed at 802501C8 (length = 124 bytes)
$Script_80243A6C will be placed at 802502EC (length = 114 bytes)
$Script_SubstractCoins will be placed at 80250400 (length = 10C bytes)
$Script_LoadMapMover_Roguelike will be placed at 8025050C (length = 104 bytes)
$Function_80240644 will be placed at 80250610 (length = 100 bytes)
$GetFloorBandit will be placed at 80250710 (length = F4 bytes)
$Script_MoverWarpAnimation will be placed at 80250804 (length = F0 bytes)
$Function_GetColliderPos will be placed at 802508F4 (length = E0 bytes)
$Function_GetPos will be placed at 802509D4 (length = E0 bytes)
$Script_TrackPlayer will be placed at 80250AB4 (length = DC bytes)
$MapTattle2 will be placed at 80250B90 (length = D4 bytes)
$Function_TrackInput will be placed at 80250C64 (length = BC bytes)
$MapTattle3 will be placed at 80250D20 (length = B0 bytes)
$Script_MakeEntities will be placed at 80250DD0 (length = A8 bytes)
$MapTattle1 will be placed at 80250E78 (length = A8 bytes)
$Script_NpcAI_MoneySack will be placed at 80250F20 (length = A8 bytes)
$MoverStart will be placed at 80250FC8 (length = A4 bytes)
$SwitchPath will be placed at 8025106C (length = A4 bytes)
$Script_NPC_Sack_FX will be placed at 80251110 (length = A4 bytes)
$Function_80240788 will be placed at 802511B4 (length = A0 bytes)
$GetPos will be placed at 80251254 (length = 9C bytes)
$Script_AddCoins will be placed at 802512F0 (length = 98 bytes)
$BanditMoverStart will be placed at 80251388 (length = 98 bytes)
$Mover_Tattle will be placed at 80251420 (length = 94 bytes)
$Function_GetTattle1 will be placed at 802514B4 (length = 8C bytes)
$NPC_Sack_AnimationEnd will be placed at 80251540 (length = 84 bytes)
$BanditMover_Options will be placed at 802515C4 (length = 80 bytes)
$SignStringBug will be placed at 80251644 (length = 7C bytes)
$LoadHighscores will be placed at 802516C0 (length = 7C bytes)
$Mover_Options will be placed at 8025173C (length = 78 bytes)
$Script_EnemyAI will be placed at 802517B4 (length = 70 bytes)
$NpcGroups will be placed at 80251824 (length = 6C bytes)
$DeepestLevel will be placed at 80251890 (length = 6C bytes)
$Function2 will be placed at 802518FC (length = 6C bytes)
$LoadCoinsMover will be placed at 80251968 (length = 6C bytes)
$Function_SetAnimation will be placed at 802519D4 (length = 6C bytes)
$GetFloorPit will be placed at 80251A40 (length = 68 bytes)
$MoverEnd will be placed at 80251AA8 (length = 68 bytes)
$BanditMoverEnd will be placed at 80251B10 (length = 68 bytes)
$GetFloorSign will be placed at 80251B78 (length = 64 bytes)
$Script_HammerAI will be placed at 80251BDC (length = 5C bytes)
$BanditMoverNoCoins will be placed at 80251C38 (length = 58 bytes)
$MoverNoCoins will be placed at 80251C90 (length = 58 bytes)
$Function_GetTattle2 will be placed at 80251CE8 (length = 48 bytes)
$CommingDownPipe will be placed at 80251D30 (length = 48 bytes)
$Script_Exit0 will be placed at 80251D78 (length = 48 bytes)
$Function_LoadCoinsInToVar1 will be placed at 80251DC0 (length = 48 bytes)
$Function_LoadGainedCoins will be placed at 80251E08 (length = 48 bytes)
$Function_Init will be placed at 80251E50 (length = 44 bytes)
$Function_80240744 will be placed at 80251E94 (length = 44 bytes)
$Function_80240828 will be placed at 80251ED8 (length = 44 bytes)
$Function_802409A8 will be placed at 80251F1C (length = 44 bytes)
$Header will be placed at 80251F60 (length = 40 bytes)
$Script_Init_Bag will be placed at 80251FA0 (length = 38 bytes)
$TotalLevels will be placed at 80251FD8 (length = 38 bytes)
$Script_Init_Bag_HitBox will be placed at 80252010 (length = 38 bytes)
$Function_80241524 will be placed at 80252048 (length = 38 bytes)
$DispawnParthner will be placed at 80252080 (length = 34 bytes)
$Function_ResetDamage will be placed at 802520B4 (length = 34 bytes)
$AISettings_Hammer will be placed at 802520E8 (length = 30 bytes)
$AISettings_MoneySack will be placed at 80252118 (length = 30 bytes)
$AISettings_Enemy will be placed at 80252148 (length = 30 bytes)
$AISettings_DisableEnemy will be placed at 80252178 (length = 30 bytes)
$RespawnParthner will be placed at 802521A8 (length = 30 bytes)
$NPC_Settings_Sack will be placed at 802521D8 (length = 2C bytes)
$Function_GetDamageTaken will be placed at 80252204 (length = 2C bytes)
$NpcSettings_Enemy1 will be placed at 80252230 (length = 2C bytes)
$Function_RevivePlayer will be placed at 8025225C (length = 2C bytes)
$NpcSettings_Hammer will be placed at 80252288 (length = 2C bytes)
$String_CoinsGained will be placed at 802522B4 (length = 2C bytes)
$BlankSettings will be placed at 802522E0 (length = 2C bytes)
$Script_MakeExits will be placed at 8025230C (length = 2C bytes)
$NpcGroup7 will be placed at 80252338 (length = 24 bytes)
$VectorList_80244998 will be placed at 8025235C (length = 24 bytes)
$Script_Init_80243B20 will be placed at 80252380 (length = 24 bytes)
$Script_Init_Mover will be placed at 802523A4 (length = 24 bytes)
$Script_Init_BanditMover will be placed at 802523C8 (length = 24 bytes)
$Script_DisableEnemyAI will be placed at 802523EC (length = 20 bytes)
$EntryList will be placed at 8025240C (length = 20 bytes)
$NpcGroup6 will be placed at 8025242C (length = 18 bytes)
$NpcGroup3 will be placed at 80252444 (length = 18 bytes)
$NpcGroup2 will be placed at 8025245C (length = 18 bytes)
$NpcGroup5 will be placed at 80252474 (length = 18 bytes)
$NpcGroup4 will be placed at 8025248C (length = 18 bytes)
$NpcGroup1 will be placed at 802524A4 (length = 18 bytes)
$SignString100 will be placed at 802524BC (length = 18 bytes)
$SignString1 will be placed at 802524D4 (length = 14 bytes)
$SignString99 will be placed at 802524E8 (length = 14 bytes)
$SignString98 will be placed at 802524FC (length = 14 bytes)
$SignString97 will be placed at 80252510 (length = 14 bytes)
$SignString96 will be placed at 80252524 (length = 14 bytes)
$SignString95 will be placed at 80252538 (length = 14 bytes)
$SignString94 will be placed at 8025254C (length = 14 bytes)
$SignString93 will be placed at 80252560 (length = 14 bytes)
$SignString92 will be placed at 80252574 (length = 14 bytes)
$SignString91 will be placed at 80252588 (length = 14 bytes)
$SignString90 will be placed at 8025259C (length = 14 bytes)
$SignString59 will be placed at 802525B0 (length = 14 bytes)
$SignString58 will be placed at 802525C4 (length = 14 bytes)
$SignString57 will be placed at 802525D8 (length = 14 bytes)
$SignString56 will be placed at 802525EC (length = 14 bytes)
$SignString55 will be placed at 80252600 (length = 14 bytes)
$SignString54 will be placed at 80252614 (length = 14 bytes)
$SignString53 will be placed at 80252628 (length = 14 bytes)
$SignString52 will be placed at 8025263C (length = 14 bytes)
$SignString51 will be placed at 80252650 (length = 14 bytes)
$SignString50 will be placed at 80252664 (length = 14 bytes)
$SignString69 will be placed at 80252678 (length = 14 bytes)
$SignString68 will be placed at 8025268C (length = 14 bytes)
$SignString67 will be placed at 802526A0 (length = 14 bytes)
$SignString66 will be placed at 802526B4 (length = 14 bytes)
$SignString65 will be placed at 802526C8 (length = 14 bytes)
$SignString64 will be placed at 802526DC (length = 14 bytes)
$SignString63 will be placed at 802526F0 (length = 14 bytes)
$SignString62 will be placed at 80252704 (length = 14 bytes)
$SignString61 will be placed at 80252718 (length = 14 bytes)
$SignString60 will be placed at 8025272C (length = 14 bytes)
$SignString79 will be placed at 80252740 (length = 14 bytes)
$SignString78 will be placed at 80252754 (length = 14 bytes)
$SignString77 will be placed at 80252768 (length = 14 bytes)
$SignString76 will be placed at 8025277C (length = 14 bytes)
$SignString75 will be placed at 80252790 (length = 14 bytes)
$SignString74 will be placed at 802527A4 (length = 14 bytes)
$SignString73 will be placed at 802527B8 (length = 14 bytes)
$SignString72 will be placed at 802527CC (length = 14 bytes)
$SignString71 will be placed at 802527E0 (length = 14 bytes)
$SignString70 will be placed at 802527F4 (length = 14 bytes)
$SignString89 will be placed at 80252808 (length = 14 bytes)
$SignString88 will be placed at 8025281C (length = 14 bytes)
$SignString87 will be placed at 80252830 (length = 14 bytes)
$SignString86 will be placed at 80252844 (length = 14 bytes)
$SignString85 will be placed at 80252858 (length = 14 bytes)
$SignString84 will be placed at 8025286C (length = 14 bytes)
$SignString83 will be placed at 80252880 (length = 14 bytes)
$SignString82 will be placed at 80252894 (length = 14 bytes)
$SignString81 will be placed at 802528A8 (length = 14 bytes)
$SignString80 will be placed at 802528BC (length = 14 bytes)
$SignString19 will be placed at 802528D0 (length = 14 bytes)
$SignString18 will be placed at 802528E4 (length = 14 bytes)
$SignString17 will be placed at 802528F8 (length = 14 bytes)
$SignString16 will be placed at 8025290C (length = 14 bytes)
$SignString15 will be placed at 80252920 (length = 14 bytes)
$SignString14 will be placed at 80252934 (length = 14 bytes)
$SignString13 will be placed at 80252948 (length = 14 bytes)
$SignString12 will be placed at 8025295C (length = 14 bytes)
$SignString11 will be placed at 80252970 (length = 14 bytes)
$SignString10 will be placed at 80252984 (length = 14 bytes)
$SignString3 will be placed at 80252998 (length = 14 bytes)
$SignString2 will be placed at 802529AC (length = 14 bytes)
$SignString5 will be placed at 802529C0 (length = 14 bytes)
$SignString4 will be placed at 802529D4 (length = 14 bytes)
$SignString7 will be placed at 802529E8 (length = 14 bytes)
$SignString6 will be placed at 802529FC (length = 14 bytes)
$SignString9 will be placed at 80252A10 (length = 14 bytes)
$SignString8 will be placed at 80252A24 (length = 14 bytes)
$SignString29 will be placed at 80252A38 (length = 14 bytes)
$SignString28 will be placed at 80252A4C (length = 14 bytes)
$SignString27 will be placed at 80252A60 (length = 14 bytes)
$SignString26 will be placed at 80252A74 (length = 14 bytes)
$SignString25 will be placed at 80252A88 (length = 14 bytes)
$SignString24 will be placed at 80252A9C (length = 14 bytes)
$SignString23 will be placed at 80252AB0 (length = 14 bytes)
$SignString22 will be placed at 80252AC4 (length = 14 bytes)
$SignString21 will be placed at 80252AD8 (length = 14 bytes)
$SignString20 will be placed at 80252AEC (length = 14 bytes)
$SignString will be placed at 80252B00 (length = 14 bytes)
$SignString39 will be placed at 80252B14 (length = 14 bytes)
$SignString38 will be placed at 80252B28 (length = 14 bytes)
$SignString37 will be placed at 80252B3C (length = 14 bytes)
$SignString36 will be placed at 80252B50 (length = 14 bytes)
$SignString35 will be placed at 80252B64 (length = 14 bytes)
$SignString34 will be placed at 80252B78 (length = 14 bytes)
$SignString33 will be placed at 80252B8C (length = 14 bytes)
$SignString32 will be placed at 80252BA0 (length = 14 bytes)
$SignString31 will be placed at 80252BB4 (length = 14 bytes)
$SignString30 will be placed at 80252BC8 (length = 14 bytes)
$SignString49 will be placed at 80252BDC (length = 14 bytes)
$SignString48 will be placed at 80252BF0 (length = 14 bytes)
$SignString47 will be placed at 80252C04 (length = 14 bytes)
$SignString46 will be placed at 80252C18 (length = 14 bytes)
$SignString45 will be placed at 80252C2C (length = 14 bytes)
$SignString44 will be placed at 80252C40 (length = 14 bytes)
$SignString43 will be placed at 80252C54 (length = 14 bytes)
$SignString42 will be placed at 80252C68 (length = 14 bytes)
$SignString41 will be placed at 80252C7C (length = 14 bytes)
$SignString40 will be placed at 80252C90 (length = 14 bytes)
$Script_80244178 will be placed at 80252CA4 (length = 10 bytes)
$ASCII_pit_02_Literal will be placed at 80252CB4 (length = C bytes)
$ASCII_pit_90_Literal will be placed at 80252CC0 (length = C bytes)
$ASCII_pit_34_Literal will be placed at 80252CCC (length = C bytes)
$ASCII_pit_66_Literal will be placed at 80252CD8 (length = C bytes)
$ASCII_pit_98_Literal will be placed at 80252CE4 (length = C bytes)
$ASCII_pit_19_Literal will be placed at 80252CF0 (length = C bytes)
$ASCII_pit_57_Literal will be placed at 80252CFC (length = C bytes)
$ASCII_pit_69_Literal will be placed at 80252D08 (length = C bytes)
$ASCII_pit_72_Literal will be placed at 80252D14 (length = C bytes)
$ASCII_pit_81_Literal will be placed at 80252D20 (length = C bytes)
$ASCII_pit_43_Literal will be placed at 80252D2C (length = C bytes)
$ASCII_pit_28_Literal will be placed at 80252D38 (length = C bytes)
$ASCII_pit_78_Literal will be placed at 80252D44 (length = C bytes)
$ASCII_pit_63_Literal will be placed at 80252D50 (length = C bytes)
$ASCII_pit_46_Literal will be placed at 80252D5C (length = C bytes)
$ASCII_pit_95_Literal will be placed at 80252D68 (length = C bytes)
$ASCII_pit_16_Literal will be placed at 80252D74 (length = C bytes)
$ASCII_pit_37_Literal will be placed at 80252D80 (length = C bytes)
$ASCII_pit_22_Literal will be placed at 80252D8C (length = C bytes)
$ASCII_pit_05_Literal will be placed at 80252D98 (length = C bytes)
$ASCII_pit_25_Literal will be placed at 80252DA4 (length = C bytes)
$ASCII_pit_54_Literal will be placed at 80252DB0 (length = C bytes)
$ASCII_pit_08_Literal will be placed at 80252DBC (length = C bytes)
$ASCII_pit_87_Literal will be placed at 80252DC8 (length = C bytes)
$ASCII_pit_75_Literal will be placed at 80252DD4 (length = C bytes)
$ASCII_pit_13_Literal will be placed at 80252DE0 (length = C bytes)
$ASCII_pit_32_Literal will be placed at 80252DEC (length = C bytes)
$ASCII_pit_92_Literal will be placed at 80252DF8 (length = C bytes)
$ASCII_pit_17_Literal will be placed at 80252E04 (length = C bytes)
$ASCII_pit_49_Literal will be placed at 80252E10 (length = C bytes)
$ASCII_pit_77_Literal will be placed at 80252E1C (length = C bytes)
$ASCII_pit_96_Literal will be placed at 80252E28 (length = C bytes)
$ASCII_pit_68_Literal will be placed at 80252E34 (length = C bytes)
$ASCII_pit_51_Literal will be placed at 80252E40 (length = C bytes)
$ASCII_pit_04_Literal will be placed at 80252E4C (length = C bytes)
$ASCII_pit_83_Literal will be placed at 80252E58 (length = C bytes)
$ASCII_pit_86_Literal will be placed at 80252E64 (length = C bytes)
$ASCII_pit_26_Literal will be placed at 80252E70 (length = C bytes)
$ASCII_pit_41_Literal will be placed at 80252E7C (length = C bytes)
$ASCII_pit_14_Literal will be placed at 80252E88 (length = C bytes)
$ASCII_pit_74_Literal will be placed at 80252E94 (length = C bytes)
$ASCII_pit_60_Literal will be placed at 80252EA0 (length = C bytes)
$ASCII_pit_59_Literal will be placed at 80252EAC (length = C bytes)
$ASCII_pit_93_Literal will be placed at 80252EB8 (length = C bytes)
$ASCII_pit_65_Literal will be placed at 80252EC4 (length = C bytes)
$ASCII_pit_07_Literal will be placed at 80252ED0 (length = C bytes)
$ASCII_pit_20_Literal will be placed at 80252EDC (length = C bytes)
$ASCII_pit_35_Literal will be placed at 80252EE8 (length = C bytes)
$ASCII_pit_23_Literal will be placed at 80252EF4 (length = C bytes)
$ASCII_pit_11_Literal will be placed at 80252F00 (length = C bytes)
$ASCII_pit_56_Literal will be placed at 80252F0C (length = C bytes)
$ASCII_pit_44_Literal will be placed at 80252F18 (length = C bytes)
$ASCII_pit_89_Literal will be placed at 80252F24 (length = C bytes)
$ASCII_pit_79_Literal will be placed at 80252F30 (length = C bytes)
$ASCII_pit_62_Literal will be placed at 80252F3C (length = C bytes)
$ASCII_pit_94_Literal will be placed at 80252F48 (length = C bytes)
$ASCII_pit_47_Literal will be placed at 80252F54 (length = C bytes)
$ASCII_pit_21_Literal will be placed at 80252F60 (length = C bytes)
$ASCII_pit_06_Literal will be placed at 80252F6C (length = C bytes)
$ASCII_pit_53_Literal will be placed at 80252F78 (length = C bytes)
$ASCII_pit_09_Literal will be placed at 80252F84 (length = C bytes)
$ASCII_pit_88_Literal will be placed at 80252F90 (length = C bytes)
$ASCII_pit_38_Literal will be placed at 80252F9C (length = C bytes)
$ASCII_pit_24_Literal will be placed at 80252FA8 (length = C bytes)
$ASCII_pit_12_Literal will be placed at 80252FB4 (length = C bytes)
$ASCII_pit_76_Literal will be placed at 80252FC0 (length = C bytes)
$ASCII_pit_01_Literal will be placed at 80252FCC (length = C bytes)
$ASCII_pit_50_Literal will be placed at 80252FD8 (length = C bytes)
$ASCII_pit_33_Literal will be placed at 80252FE4 (length = C bytes)
$ASCII_pit_99_Literal will be placed at 80252FF0 (length = C bytes)
$ASCII_pit_67_Literal will be placed at 80252FFC (length = C bytes)
$ASCII_pit_71_Literal will be placed at 80253008 (length = C bytes)
$ASCII_pit_42_Literal will be placed at 80253014 (length = C bytes)
$ASCII_pit_80_Literal will be placed at 80253020 (length = C bytes)
$ASCII_pit_29_Literal will be placed at 8025302C (length = C bytes)
$ASCII_pit_58_Literal will be placed at 80253038 (length = C bytes)
$ASCII_pit_30_Literal will be placed at 80253044 (length = C bytes)
$ASCII_pit_00_Literal will be placed at 80253050 (length = C bytes)
$ASCII_pit_64_Literal will be placed at 8025305C (length = C bytes)
$ASCII_pit_36_Literal will be placed at 80253068 (length = C bytes)
$ASCII_pit_55_Literal will be placed at 80253074 (length = C bytes)
$ASCII_pit_10_Literal will be placed at 80253080 (length = C bytes)
$ASCII_pit_45_Literal will be placed at 8025308C (length = C bytes)
$ASCII_pit_18_Literal will be placed at 80253098 (length = C bytes)
$ASCII_pit_48_Literal will be placed at 802530A4 (length = C bytes)
$ASCII_pit_03_Literal will be placed at 802530B0 (length = C bytes)
$ASCII_pit_31_Literal will be placed at 802530BC (length = C bytes)
$ASCII_pit_91_Literal will be placed at 802530C8 (length = C bytes)
$ASCII_pit_97_Literal will be placed at 802530D4 (length = C bytes)
$ASCII_pit_82_Literal will be placed at 802530E0 (length = C bytes)
$ASCII_pit_52_Literal will be placed at 802530EC (length = C bytes)
$ASCII_pit_70_Literal will be placed at 802530F8 (length = C bytes)
$ASCII_pit_85_Literal will be placed at 80253104 (length = C bytes)
$ASCII_pit_40_Literal will be placed at 80253110 (length = C bytes)
$ASCII_pit_39_Literal will be placed at 8025311C (length = C bytes)
$ASCII_pit_73_Literal will be placed at 80253128 (length = C bytes)
$ASCII_pit_15_Literal will be placed at 80253134 (length = C bytes)
$ASCII_pit_27_Literal will be placed at 80253140 (length = C bytes)
$ASCII_pit_61_Literal will be placed at 8025314C (length = C bytes)
$ConstDouble_80245B40 will be placed at 80253158 (length = 8 bytes)
$ConstDouble_80245B38 will be placed at 80253160 (length = 8 bytes)
$ConstDouble_80245B30 will be placed at 80253168 (length = 8 bytes)
$ConstDouble_80245B28 will be placed at 80253170 (length = 8 bytes)
$ConstDouble_80245B20 will be placed at 80253178 (length = 8 bytes)
$ASCII_pit_842_Literal will be placed at 80253180 (length = 8 bytes)
$ASCII_pit_100_Literal will be placed at 80253188 (length = 8 bytes)
$ExtraAnimationList_8024437C will be placed at 80253190 (length = 8 bytes)
$ASCII_tik_tex_Literal will be placed at 80253198 (length = 8 bytes)
$MoverCancel will be placed at 802531A0 (length = 4 bytes)
$BanditMoverCancel will be placed at 802531A4 (length = 4 bytes)
Executing patch: pit_83.mpat
Loaded map pit_81
Creating struct: $EntryList
Creating struct: $DeepestLevel
Creating struct: $TotalLevels
Creating struct: $LoadHighscores
Creating struct: $FallingDownPipe
Creating struct: $Function_GetPos
Creating struct: $Function2
Creating struct: $SetSpawns
Creating struct: $Script_SetNPCPos
Creating struct: $SwitchPath
Creating struct: $VectorList_80244998
Creating struct: $GetPos
Creating struct: $Function_GetDamageTaken
Creating struct: $Function_ResetDamage
Creating struct: $DispawnParthner
Creating struct: $RespawnParthner
Creating struct: $LoadMap
Creating struct: $Script_LoadMapMover_Roguelike
Creating struct: $GetFloor
Creating struct: $LoadCoinsMover
Creating struct: $LoadMapBandit
Creating struct: $GetFloorBandit
Creating struct: $Script_Init_80243B20
Creating struct: $Script_80243A6C
Creating struct: $Script_AddCoins
Creating struct: $Script_SubstractCoins
Creating struct: $NPC_Settings_Sack
Creating struct: $Script_Init_Bag
Creating struct: $Script_Init_Bag_HitBox
Creating struct: $Script_NPC_SackHit_Init
Creating struct: $Script_NPC_Sack_FX
Creating struct: $NPC_Sack_AnimationStart
Creating struct: $NPC_Sack_AnimationEnd
Creating struct: $Script_SackAnimation_Start_GoToTheRight
Creating struct: $Script_SackAnimation_Start_GoToTheLeft
Creating struct: $Script_SackAnimation_End_Right
Creating struct: $Script_SackAnimation_End_Left
Creating struct: $Function_LoadGainedCoins
Creating struct: $Function_RevivePlayer
Creating struct: $AISettings_MoneySack
Creating struct: $Script_NpcAI_MoneySack
Creating struct: $JumpTable_80242448
Creating struct: $Function_NpcAI_MoneySack
Creating struct: $Function_80240260
Creating struct: $Function_80240844
Creating struct: $Function_802409A8
Creating struct: $Script_TrackPlayer
Creating struct: $Script_PipeAnimation
Creating struct: $Function_SetAnimation
Creating struct: $Function_GetColliderPos
Creating struct: $Function_TrackInput
Creating struct: $GoToNextLevel
Creating struct: $GoToNextLevel_Roguelike
Creating struct: $Script_SetSetsOfLevels
Creating struct: $Script_LoadMap_Roguelike
Creating struct: $Script_LoadChestMap_Roguelike
Creating struct: $Script_LoadMap_Mover_Roguelike
Creating struct: $Script_LoadChestMap_Mover_Roguelike
Creating struct: $GetFloorPit
Creating struct: $GetFloorSign
Creating struct: $Function_GetTattle1
Creating struct: $Function_GetTattle2
Creating struct: $Script_ReadSign
Creating struct: $Header
Creating struct: $Function_Init
Creating struct: $Script_Main
Creating struct: $NpcGroups
Creating struct: $NpcGroup_Mover
Creating struct: $BlankSettings
Creating struct: $Script_Init_Mover
Creating struct: $Interact_Mover
Creating struct: $Script_MoverWarpAnimation
Creating struct: $NpcGroup_BanditMover
Creating struct: $Script_Init_BanditMover
Creating struct: $Interact_BanditMover
Creating struct: $NpcGroup_Enemy1
Creating struct: $NpcGroup_Enemy2
Creating struct: $NpcGroup_Enemy3
Creating struct: $NpcGroup_Enemy4
Creating struct: $NpcGroup_Enemy5
Creating struct: $NpcGroup_Enemy6
Creating struct: $NpcSettings_Enemy1
Creating struct: $Script_EnemyAI
Creating struct: $AISettings_Enemy
Creating struct: $ConstDouble_802471E0
Creating struct: $JumpTable_802471E8
Creating struct: $Function_802406A4
Creating struct: $Function_80240310
Creating struct: $Function_8024038C
Creating struct: $Function_802404C0
Creating struct: $Function_80240624
Creating struct: $Script_DisableEnemyAI
Creating struct: $AISettings_DisableEnemy
Creating struct: $PipeSpawning
Creating struct: $Script_MakeEntities
Creating struct: $CommingDownPipe
Creating struct: $Script_MakeExits
Creating struct: $Script_Exit0
Merged 1 regions to 1
$Script_LoadMap_Mover_Roguelike will be placed at 80240000 (length = F14 bytes)
$LoadMap will be placed at 80240F14 (length = EF4 bytes)
$Script_ReadSign will be placed at 80241E08 (length = EEC bytes)
$LoadMapBandit will be placed at 80242CF4 (length = EA4 bytes)
$Script_LoadMap_Roguelike will be placed at 80243B98 (length = D9C bytes)
$GoToNextLevel will be placed at 80244934 (length = D10 bytes)
$GoToNextLevel_Roguelike will be placed at 80245644 (length = 868 bytes)
$Function_80240260 will be placed at 80245EAC (length = 5E4 bytes)
$Function_802406A4 will be placed at 80246490 (length = 440 bytes)
$SetSpawns will be placed at 802468D0 (length = 384 bytes)
$FallingDownPipe will be placed at 80246C54 (length = 37C bytes)
$Script_SetSetsOfLevels will be placed at 80246FD0 (length = 358 bytes)
$Script_SetNPCPos will be placed at 80247328 (length = 2F4 bytes)
$Function_NpcAI_MoneySack will be placed at 8024761C (length = 238 bytes)
$Script_SackAnimation_Start_GoToTheRight will be placed at 80247854 (length = 230 bytes)
$Script_SackAnimation_Start_GoToTheLeft will be placed at 80247A84 (length = 1F8 bytes)
$Interact_Mover will be placed at 80247C7C (length = 1F8 bytes)
$NpcGroup_Enemy3 will be placed at 80247E74 (length = 1F0 bytes)
$NpcGroup_Enemy4 will be placed at 80248064 (length = 1F0 bytes)
$NpcGroup_Enemy5 will be placed at 80248254 (length = 1F0 bytes)
$NpcGroup_Enemy6 will be placed at 80248444 (length = 1F0 bytes)
$NpcGroup_Enemy1 will be placed at 80248634 (length = 1F0 bytes)
$NpcGroup_Enemy2 will be placed at 80248824 (length = 1F0 bytes)
$NpcGroup_Mover will be placed at 80248A14 (length = 1F0 bytes)
$NpcGroup_BanditMover will be placed at 80248C04 (length = 1F0 bytes)
$Interact_BanditMover will be placed at 80248DF4 (length = 1EC bytes)
$Script_PipeAnimation will be placed at 80248FE0 (length = 1D0 bytes)
$JumpTable_80242448 will be placed at 802491B0 (length = 190 bytes)
$Script_LoadChestMap_Mover_Roguelike will be placed at 80249340 (length = 18C bytes)
$PipeSpawning will be placed at 802494CC (length = 178 bytes)
$NPC_Sack_AnimationStart will be placed at 80249644 (length = 168 bytes)
$Function_80240844 will be placed at 802497AC (length = 164 bytes)
$Script_LoadChestMap_Roguelike will be placed at 80249910 (length = 164 bytes)
$Function_802404C0 will be placed at 80249A74 (length = 164 bytes)
$Script_NPC_SackHit_Init will be placed at 80249BD8 (length = 160 bytes)
$Script_SackAnimation_End_Right will be placed at 80249D38 (length = 158 bytes)
$Script_SackAnimation_End_Left will be placed at 80249E90 (length = 150 bytes)
$MapTattle5 will be placed at 80249FE0 (length = 13C bytes)
$Function_8024038C will be placed at 8024A11C (length = 138 bytes)
$MapTattle4 will be placed at 8024A254 (length = 130 bytes)
$GetFloor will be placed at 8024A384 (length = 12C bytes)
$BanditMover_Tattle will be placed at 8024A4B0 (length = 124 bytes)
$Script_Main will be placed at 8024A5D4 (length = 120 bytes)
$Script_80243A6C will be placed at 8024A6F4 (length = 114 bytes)
$Script_SubstractCoins will be placed at 8024A808 (length = 10C bytes)
$Script_LoadMapMover_Roguelike will be placed at 8024A914 (length = 104 bytes)
$GetFloorBandit will be placed at 8024AA18 (length = F4 bytes)
$Script_MoverWarpAnimation will be placed at 8024AB0C (length = F0 bytes)
$Function_GetColliderPos will be placed at 8024ABFC (length = E0 bytes)
$Function_GetPos will be placed at 8024ACDC (length = E0 bytes)
$Script_TrackPlayer will be placed at 8024ADBC (length = DC bytes)
$MapTattle2 will be placed at 8024AE98 (length = D4 bytes)
$Function_TrackInput will be placed at 8024AF6C (length = BC bytes)
$MapTattle3 will be placed at 8024B028 (length = B0 bytes)
$Script_MakeEntities will be placed at 8024B0D8 (length = A8 bytes)
$MapTattle1 will be placed at 8024B180 (length = A8 bytes)
$Script_NpcAI_MoneySack will be placed at 8024B228 (length = A8 bytes)
$MoverStart will be placed at 8024B2D0 (length = A4 bytes)
$SwitchPath will be placed at 8024B374 (length = A4 bytes)
$Script_NPC_Sack_FX will be placed at 8024B418 (length = A4 bytes)
$GetPos will be placed at 8024B4BC (length = 9C bytes)
$Script_AddCoins will be placed at 8024B558 (length = 98 bytes)
$BanditMoverStart will be placed at 8024B5F0 (length = 98 bytes)
$Mover_Tattle will be placed at 8024B688 (length = 94 bytes)
$Function_GetTattle1 will be placed at 8024B71C (length = 8C bytes)
$NPC_Sack_AnimationEnd will be placed at 8024B7A8 (length = 84 bytes)
$Function_80240624 will be placed at 8024B82C (length = 80 bytes)
$BanditMover_Options will be placed at 8024B8AC (length = 80 bytes)
$SignStringBug will be placed at 8024B92C (length = 7C bytes)
$Function_80240310 will be placed at 8024B9A8 (length = 7C bytes)
$LoadHighscores will be placed at 8024BA24 (length = 7C bytes)
$Mover_Options will be placed at 8024BAA0 (length = 78 bytes)
$Script_EnemyAI will be placed at 8024BB18 (length = 70 bytes)
$NpcGroups will be placed at 8024BB88 (length = 6C bytes)
$DeepestLevel will be placed at 8024BBF4 (length = 6C bytes)
$Function2 will be placed at 8024BC60 (length = 6C bytes)
$LoadCoinsMover will be placed at 8024BCCC (length = 6C bytes)
$Function_SetAnimation will be placed at 8024BD38 (length = 6C bytes)
$GetFloorPit will be placed at 8024BDA4 (length = 68 bytes)
$MoverEnd will be placed at 8024BE0C (length = 68 bytes)
$BanditMoverEnd will be placed at 8024BE74 (length = 68 bytes)
$GetFloorSign will be placed at 8024BEDC (length = 64 bytes)
$BanditMoverNoCoins will be placed at 8024BF40 (length = 58 bytes)
$MoverNoCoins will be placed at 8024BF98 (length = 58 bytes)
$JumpTable_802471E8 will be placed at 8024BFF0 (length = 54 bytes)
$Function_GetTattle2 will be placed at 8024C044 (length = 48 bytes)
$CommingDownPipe will be placed at 8024C08C (length = 48 bytes)
$Script_Exit0 will be placed at 8024C0D4 (length = 48 bytes)
$Function_LoadGainedCoins will be placed at 8024C11C (length = 48 bytes)
$Function_Init will be placed at 8024C164 (length = 44 bytes)
$Function_802409A8 will be placed at 8024C1A8 (length = 44 bytes)
$Header will be placed at 8024C1EC (length = 40 bytes)
$Script_Init_Bag will be placed at 8024C22C (length = 38 bytes)
$TotalLevels will be placed at 8024C264 (length = 38 bytes)
$Script_Init_Bag_HitBox will be placed at 8024C29C (length = 38 bytes)
$DispawnParthner will be placed at 8024C2D4 (length = 34 bytes)
$Function_ResetDamage will be placed at 8024C308 (length = 34 bytes)
$AISettings_MoneySack will be placed at 8024C33C (length = 30 bytes)
$AISettings_Enemy will be placed at 8024C36C (length = 30 bytes)
$AISettings_DisableEnemy will be placed at 8024C39C (length = 30 bytes)
$RespawnParthner will be placed at 8024C3CC (length = 30 bytes)
$NPC_Settings_Sack will be placed at 8024C3FC (length = 2C bytes)
$Function_GetDamageTaken will be placed at 8024C428 (length = 2C bytes)
$NpcSettings_Enemy1 will be placed at 8024C454 (length = 2C bytes)
$Function_RevivePlayer will be placed at 8024C480 (length = 2C bytes)
$String_CoinsGained will be placed at 8024C4AC (length = 2C bytes)
$BlankSettings will be placed at 8024C4D8 (length = 2C bytes)
$Script_MakeExits will be placed at 8024C504 (length = 2C bytes)
$VectorList_80244998 will be placed at 8024C530 (length = 24 bytes)
$Script_Init_80243B20 will be placed at 8024C554 (length = 24 bytes)
$Script_Init_Mover will be placed at 8024C578 (length = 24 bytes)
$Script_Init_BanditMover will be placed at 8024C59C (length = 24 bytes)
$Script_DisableEnemyAI will be placed at 8024C5C0 (length = 20 bytes)
$EntryList will be placed at 8024C5E0 (length = 20 bytes)
$SignString100 will be placed at 8024C600 (length = 18 bytes)
$SignString1 will be placed at 8024C618 (length = 14 bytes)
$SignString99 will be placed at 8024C62C (length = 14 bytes)
$SignString98 will be placed at 8024C640 (length = 14 bytes)
$SignString97 will be placed at 8024C654 (length = 14 bytes)
$SignString96 will be placed at 8024C668 (length = 14 bytes)
$SignString95 will be placed at 8024C67C (length = 14 bytes)
$SignString94 will be placed at 8024C690 (length = 14 bytes)
$SignString93 will be placed at 8024C6A4 (length = 14 bytes)
$SignString92 will be placed at 8024C6B8 (length = 14 bytes)
$SignString91 will be placed at 8024C6CC (length = 14 bytes)
$SignString90 will be placed at 8024C6E0 (length = 14 bytes)
$SignString59 will be placed at 8024C6F4 (length = 14 bytes)
$SignString58 will be placed at 8024C708 (length = 14 bytes)
$SignString57 will be placed at 8024C71C (length = 14 bytes)
$SignString56 will be placed at 8024C730 (length = 14 bytes)
$SignString55 will be placed at 8024C744 (length = 14 bytes)
$SignString54 will be placed at 8024C758 (length = 14 bytes)
$SignString53 will be placed at 8024C76C (length = 14 bytes)
$SignString52 will be placed at 8024C780 (length = 14 bytes)
$SignString51 will be placed at 8024C794 (length = 14 bytes)
$SignString50 will be placed at 8024C7A8 (length = 14 bytes)
$SignString69 will be placed at 8024C7BC (length = 14 bytes)
$SignString68 will be placed at 8024C7D0 (length = 14 bytes)
$SignString67 will be placed at 8024C7E4 (length = 14 bytes)
$SignString66 will be placed at 8024C7F8 (length = 14 bytes)
$SignString65 will be placed at 8024C80C (length = 14 bytes)
$SignString64 will be placed at 8024C820 (length = 14 bytes)
$SignString63 will be placed at 8024C834 (length = 14 bytes)
$SignString62 will be placed at 8024C848 (length = 14 bytes)
$SignString61 will be placed at 8024C85C (length = 14 bytes)
$SignString60 will be placed at 8024C870 (length = 14 bytes)
$SignString79 will be placed at 8024C884 (length = 14 bytes)
$SignString78 will be placed at 8024C898 (length = 14 bytes)
$SignString77 will be placed at 8024C8AC (length = 14 bytes)
$SignString76 will be placed at 8024C8C0 (length = 14 bytes)
$SignString75 will be placed at 8024C8D4 (length = 14 bytes)
$SignString74 will be placed at 8024C8E8 (length = 14 bytes)
$SignString73 will be placed at 8024C8FC (length = 14 bytes)
$SignString72 will be placed at 8024C910 (length = 14 bytes)
$SignString71 will be placed at 8024C924 (length = 14 bytes)
$SignString70 will be placed at 8024C938 (length = 14 bytes)
$SignString89 will be placed at 8024C94C (length = 14 bytes)
$SignString88 will be placed at 8024C960 (length = 14 bytes)
$SignString87 will be placed at 8024C974 (length = 14 bytes)
$SignString86 will be placed at 8024C988 (length = 14 bytes)
$SignString85 will be placed at 8024C99C (length = 14 bytes)
$SignString84 will be placed at 8024C9B0 (length = 14 bytes)
$SignString83 will be placed at 8024C9C4 (length = 14 bytes)
$SignString82 will be placed at 8024C9D8 (length = 14 bytes)
$SignString81 will be placed at 8024C9EC (length = 14 bytes)
$SignString80 will be placed at 8024CA00 (length = 14 bytes)
$SignString19 will be placed at 8024CA14 (length = 14 bytes)
$SignString18 will be placed at 8024CA28 (length = 14 bytes)
$SignString17 will be placed at 8024CA3C (length = 14 bytes)
$SignString16 will be placed at 8024CA50 (length = 14 bytes)
$SignString15 will be placed at 8024CA64 (length = 14 bytes)
$SignString14 will be placed at 8024CA78 (length = 14 bytes)
$SignString13 will be placed at 8024CA8C (length = 14 bytes)
$SignString12 will be placed at 8024CAA0 (length = 14 bytes)
$SignString11 will be placed at 8024CAB4 (length = 14 bytes)
$SignString10 will be placed at 8024CAC8 (length = 14 bytes)
$SignString3 will be placed at 8024CADC (length = 14 bytes)
$SignString2 will be placed at 8024CAF0 (length = 14 bytes)
$SignString5 will be placed at 8024CB04 (length = 14 bytes)
$SignString4 will be placed at 8024CB18 (length = 14 bytes)
$SignString7 will be placed at 8024CB2C (length = 14 bytes)
$SignString6 will be placed at 8024CB40 (length = 14 bytes)
$SignString9 will be placed at 8024CB54 (length = 14 bytes)
$SignString8 will be placed at 8024CB68 (length = 14 bytes)
$SignString29 will be placed at 8024CB7C (length = 14 bytes)
$SignString28 will be placed at 8024CB90 (length = 14 bytes)
$SignString27 will be placed at 8024CBA4 (length = 14 bytes)
$SignString26 will be placed at 8024CBB8 (length = 14 bytes)
$SignString25 will be placed at 8024CBCC (length = 14 bytes)
$SignString24 will be placed at 8024CBE0 (length = 14 bytes)
$SignString23 will be placed at 8024CBF4 (length = 14 bytes)
$SignString22 will be placed at 8024CC08 (length = 14 bytes)
$SignString21 will be placed at 8024CC1C (length = 14 bytes)
$SignString20 will be placed at 8024CC30 (length = 14 bytes)
$SignString will be placed at 8024CC44 (length = 14 bytes)
$SignString39 will be placed at 8024CC58 (length = 14 bytes)
$SignString38 will be placed at 8024CC6C (length = 14 bytes)
$SignString37 will be placed at 8024CC80 (length = 14 bytes)
$SignString36 will be placed at 8024CC94 (length = 14 bytes)
$SignString35 will be placed at 8024CCA8 (length = 14 bytes)
$SignString34 will be placed at 8024CCBC (length = 14 bytes)
$SignString33 will be placed at 8024CCD0 (length = 14 bytes)
$SignString32 will be placed at 8024CCE4 (length = 14 bytes)
$SignString31 will be placed at 8024CCF8 (length = 14 bytes)
$SignString30 will be placed at 8024CD0C (length = 14 bytes)
$SignString49 will be placed at 8024CD20 (length = 14 bytes)
$SignString48 will be placed at 8024CD34 (length = 14 bytes)
$SignString47 will be placed at 8024CD48 (length = 14 bytes)
$SignString46 will be placed at 8024CD5C (length = 14 bytes)
$SignString45 will be placed at 8024CD70 (length = 14 bytes)
$SignString44 will be placed at 8024CD84 (length = 14 bytes)
$SignString43 will be placed at 8024CD98 (length = 14 bytes)
$SignString42 will be placed at 8024CDAC (length = 14 bytes)
$SignString41 will be placed at 8024CDC0 (length = 14 bytes)
$SignString40 will be placed at 8024CDD4 (length = 14 bytes)
$ASCII_pit_02_Literal will be placed at 8024CDE8 (length = C bytes)
$ASCII_pit_90_Literal will be placed at 8024CDF4 (length = C bytes)
$ASCII_pit_34_Literal will be placed at 8024CE00 (length = C bytes)
$ASCII_pit_66_Literal will be placed at 8024CE0C (length = C bytes)
$ASCII_pit_98_Literal will be placed at 8024CE18 (length = C bytes)
$ASCII_pit_19_Literal will be placed at 8024CE24 (length = C bytes)
$ASCII_pit_57_Literal will be placed at 8024CE30 (length = C bytes)
$ASCII_pit_69_Literal will be placed at 8024CE3C (length = C bytes)
$ASCII_pit_72_Literal will be placed at 8024CE48 (length = C bytes)
$ASCII_pit_81_Literal will be placed at 8024CE54 (length = C bytes)
$ASCII_pit_43_Literal will be placed at 8024CE60 (length = C bytes)
$ASCII_pit_28_Literal will be placed at 8024CE6C (length = C bytes)
$ASCII_pit_78_Literal will be placed at 8024CE78 (length = C bytes)
$ASCII_pit_63_Literal will be placed at 8024CE84 (length = C bytes)
$ASCII_pit_46_Literal will be placed at 8024CE90 (length = C bytes)
$ASCII_pit_95_Literal will be placed at 8024CE9C (length = C bytes)
$ASCII_pit_16_Literal will be placed at 8024CEA8 (length = C bytes)
$ASCII_pit_37_Literal will be placed at 8024CEB4 (length = C bytes)
$ASCII_pit_22_Literal will be placed at 8024CEC0 (length = C bytes)
$ASCII_pit_05_Literal will be placed at 8024CECC (length = C bytes)
$ASCII_pit_25_Literal will be placed at 8024CED8 (length = C bytes)
$ASCII_pit_54_Literal will be placed at 8024CEE4 (length = C bytes)
$ASCII_pit_08_Literal will be placed at 8024CEF0 (length = C bytes)
$ASCII_pit_87_Literal will be placed at 8024CEFC (length = C bytes)
$ASCII_pit_75_Literal will be placed at 8024CF08 (length = C bytes)
$ASCII_pit_13_Literal will be placed at 8024CF14 (length = C bytes)
$ASCII_pit_32_Literal will be placed at 8024CF20 (length = C bytes)
$ASCII_pit_92_Literal will be placed at 8024CF2C (length = C bytes)
$ASCII_pit_17_Literal will be placed at 8024CF38 (length = C bytes)
$ASCII_pit_49_Literal will be placed at 8024CF44 (length = C bytes)
$ASCII_pit_77_Literal will be placed at 8024CF50 (length = C bytes)
$ASCII_pit_96_Literal will be placed at 8024CF5C (length = C bytes)
$ASCII_pit_68_Literal will be placed at 8024CF68 (length = C bytes)
$ASCII_pit_51_Literal will be placed at 8024CF74 (length = C bytes)
$ASCII_pit_04_Literal will be placed at 8024CF80 (length = C bytes)
$ASCII_pit_83_Literal will be placed at 8024CF8C (length = C bytes)
$ASCII_pit_86_Literal will be placed at 8024CF98 (length = C bytes)
$ASCII_pit_26_Literal will be placed at 8024CFA4 (length = C bytes)
$ASCII_pit_41_Literal will be placed at 8024CFB0 (length = C bytes)
$ASCII_pit_14_Literal will be placed at 8024CFBC (length = C bytes)
$ASCII_pit_74_Literal will be placed at 8024CFC8 (length = C bytes)
$ASCII_pit_60_Literal will be placed at 8024CFD4 (length = C bytes)
$ASCII_pit_59_Literal will be placed at 8024CFE0 (length = C bytes)
$ASCII_pit_93_Literal will be placed at 8024CFEC (length = C bytes)
$ASCII_pit_65_Literal will be placed at 8024CFF8 (length = C bytes)
$ASCII_pit_07_Literal will be placed at 8024D004 (length = C bytes)
$ASCII_pit_20_Literal will be placed at 8024D010 (length = C bytes)
$ASCII_pit_35_Literal will be placed at 8024D01C (length = C bytes)
$ASCII_pit_23_Literal will be placed at 8024D028 (length = C bytes)
$ASCII_pit_11_Literal will be placed at 8024D034 (length = C bytes)
$ASCII_pit_56_Literal will be placed at 8024D040 (length = C bytes)
$ASCII_pit_44_Literal will be placed at 8024D04C (length = C bytes)
$ASCII_pit_89_Literal will be placed at 8024D058 (length = C bytes)
$ASCII_pit_79_Literal will be placed at 8024D064 (length = C bytes)
$ASCII_pit_62_Literal will be placed at 8024D070 (length = C bytes)
$ASCII_pit_94_Literal will be placed at 8024D07C (length = C bytes)
$ASCII_pit_47_Literal will be placed at 8024D088 (length = C bytes)
$ASCII_pit_21_Literal will be placed at 8024D094 (length = C bytes)
$ASCII_pit_06_Literal will be placed at 8024D0A0 (length = C bytes)
$ASCII_pit_53_Literal will be placed at 8024D0AC (length = C bytes)
$ASCII_pit_09_Literal will be placed at 8024D0B8 (length = C bytes)
$ASCII_pit_88_Literal will be placed at 8024D0C4 (length = C bytes)
$ASCII_pit_38_Literal will be placed at 8024D0D0 (length = C bytes)
$ASCII_pit_24_Literal will be placed at 8024D0DC (length = C bytes)
$ASCII_pit_12_Literal will be placed at 8024D0E8 (length = C bytes)
$ASCII_pit_76_Literal will be placed at 8024D0F4 (length = C bytes)
$ASCII_pit_01_Literal will be placed at 8024D100 (length = C bytes)
$ASCII_pit_50_Literal will be placed at 8024D10C (length = C bytes)
$ASCII_pit_33_Literal will be placed at 8024D118 (length = C bytes)
$ASCII_pit_99_Literal will be placed at 8024D124 (length = C bytes)
$ASCII_pit_67_Literal will be placed at 8024D130 (length = C bytes)
$ASCII_pit_71_Literal will be placed at 8024D13C (length = C bytes)
$ASCII_pit_42_Literal will be placed at 8024D148 (length = C bytes)
$ASCII_pit_80_Literal will be placed at 8024D154 (length = C bytes)
$ASCII_pit_29_Literal will be placed at 8024D160 (length = C bytes)
$ASCII_pit_58_Literal will be placed at 8024D16C (length = C bytes)
$ASCII_pit_30_Literal will be placed at 8024D178 (length = C bytes)
$ASCII_pit_00_Literal will be placed at 8024D184 (length = C bytes)
$ASCII_pit_64_Literal will be placed at 8024D190 (length = C bytes)
$ASCII_pit_36_Literal will be placed at 8024D19C (length = C bytes)
$ASCII_pit_55_Literal will be placed at 8024D1A8 (length = C bytes)
$ASCII_pit_10_Literal will be placed at 8024D1B4 (length = C bytes)
$ASCII_pit_45_Literal will be placed at 8024D1C0 (length = C bytes)
$ASCII_pit_18_Literal will be placed at 8024D1CC (length = C bytes)
$ASCII_pit_48_Literal will be placed at 8024D1D8 (length = C bytes)
$ASCII_pit_03_Literal will be placed at 8024D1E4 (length = C bytes)
$ASCII_pit_31_Literal will be placed at 8024D1F0 (length = C bytes)
$ASCII_pit_91_Literal will be placed at 8024D1FC (length = C bytes)
$ASCII_pit_97_Literal will be placed at 8024D208 (length = C bytes)
$ASCII_pit_82_Literal will be placed at 8024D214 (length = C bytes)
$ASCII_pit_52_Literal will be placed at 8024D220 (length = C bytes)
$ASCII_pit_70_Literal will be placed at 8024D22C (length = C bytes)
$ASCII_pit_85_Literal will be placed at 8024D238 (length = C bytes)
$ASCII_pit_40_Literal will be placed at 8024D244 (length = C bytes)
$ASCII_pit_39_Literal will be placed at 8024D250 (length = C bytes)
$ASCII_pit_73_Literal will be placed at 8024D25C (length = C bytes)
$ASCII_pit_15_Literal will be placed at 8024D268 (length = C bytes)
$ASCII_pit_27_Literal will be placed at 8024D274 (length = C bytes)
$ASCII_pit_61_Literal will be placed at 8024D280 (length = C bytes)
$ConstDouble_802471E0 will be placed at 8024D28C (length = 8 bytes)
$ASCII_pit_842_Literal will be placed at 8024D294 (length = 8 bytes)
$ASCII_pit_100_Literal will be placed at 8024D29C (length = 8 bytes)
$ASCII_tik_tex_Literal will be placed at 8024D2A4 (length = 8 bytes)
$MoverCancel will be placed at 8024D2AC (length = 4 bytes)
$BanditMoverCancel will be placed at 8024D2B0 (length = 4 bytes)
Executing patch: pit_841.mpat
Loaded map pit_81
Creating struct: $EntryList
Creating struct: $DeepestLevel
Creating struct: $TotalLevels
Creating struct: $LoadHighscores
Creating struct: $FallingDownPipe
Creating struct: $Function_GetPos
Creating struct: $Function2
Creating struct: $SetSpawns
Creating struct: $Script_SetNPCPos
Creating struct: $SwitchPath
Creating struct: $VectorList_80244998
Creating struct: $GetPos
Creating struct: $Function_GetDamageTaken
Creating struct: $Function_ResetDamage
Creating struct: $DispawnParthner
Creating struct: $RespawnParthner
Creating struct: $LoadMap
Creating struct: $Script_LoadMapMover_Roguelike
Creating struct: $GetFloor
Creating struct: $LoadCoinsMover
Creating struct: $LoadMapBandit
Creating struct: $GetFloorBandit
Creating struct: $Script_Init_80243B20
Creating struct: $Script_80243A6C
Creating struct: $Script_AddCoins
Creating struct: $Script_SubstractCoins
Creating struct: $NPC_Settings_Sack
Creating struct: $Script_Init_Bag
Creating struct: $Script_Init_Bag_HitBox
Creating struct: $Script_NPC_SackHit_Init
Creating struct: $Script_NPC_Sack_FX
Creating struct: $NPC_Sack_AnimationStart
Creating struct: $NPC_Sack_AnimationEnd
Creating struct: $Script_SackAnimation_Start_GoToTheRight
Creating struct: $Script_SackAnimation_Start_GoToTheLeft
Creating struct: $Script_SackAnimation_End_Right
Creating struct: $Script_SackAnimation_End_Left
Creating struct: $Function_LoadGainedCoins
Creating struct: $Function_RevivePlayer
Creating struct: $AISettings_MoneySack
Creating struct: $Script_NpcAI_MoneySack
Creating struct: $JumpTable_80242448
Creating struct: $Function_NpcAI_MoneySack
Creating struct: $Function_80240260
Creating struct: $Function_80240844
Creating struct: $Function_802409A8
Creating struct: $Script_TrackPlayer
Creating struct: $Script_PipeAnimation
Creating struct: $Function_SetAnimation
Creating struct: $Function_GetColliderPos
Creating struct: $Function_TrackInput
Creating struct: $GoToNextLevel
Creating struct: $GoToNextLevel_Roguelike
Creating struct: $Script_SetSetsOfLevels
Creating struct: $Script_LoadMap_Roguelike
Creating struct: $Script_LoadChestMap_Roguelike
Creating struct: $Script_LoadMap_Mover_Roguelike
Creating struct: $Script_LoadChestMap_Mover_Roguelike
Creating struct: $GetFloorPit
Creating struct: $GetFloorSign
Creating struct: $Function_GetTattle1
Creating struct: $Function_GetTattle2
Creating struct: $Script_ReadSign
Creating struct: $Header
Creating struct: $Function_Init
Creating struct: $Script_Main
Creating struct: $NpcGroups
Creating struct: $NpcGroup_Mover
Creating struct: $BlankSettings
Creating struct: $Script_Init_Mover
Creating struct: $Interact_Mover
Creating struct: $Script_MoverWarpAnimation
Creating struct: $NpcGroup_BanditMover
Creating struct: $Script_Init_BanditMover
Creating struct: $Interact_BanditMover
Creating struct: $NpcGroup_Enemy1
Creating struct: $NpcGroup_Enemy2
Creating struct: $NpcGroup_Enemy3
Creating struct: $NpcGroup_Enemy4
Creating struct: $NpcGroup_Enemy5
Creating struct: $NpcGroup_Enemy6
Creating struct: $NpcSettings_Enemy1
Creating struct: $Script_EnemyAI
Creating struct: $AISettings_Enemy
Creating struct: $Script_DisableEnemyAI
Creating struct: $AISettings_DisableEnemy
Creating struct: $PipeSpawning
Creating struct: $Script_MakeEntities
Creating struct: $CommingDownPipe
Creating struct: $Script_MakeExits
Creating struct: $Script_Exit0
Merged 1 regions to 1
$Script_LoadMap_Mover_Roguelike will be placed at 80240000 (length = F14 bytes)
$LoadMap will be placed at 80240F14 (length = EF4 bytes)
$Script_ReadSign will be placed at 80241E08 (length = EEC bytes)
$LoadMapBandit will be placed at 80242CF4 (length = EA4 bytes)
$Script_LoadMap_Roguelike will be placed at 80243B98 (length = D9C bytes)
$GoToNextLevel will be placed at 80244934 (length = D10 bytes)
$GoToNextLevel_Roguelike will be placed at 80245644 (length = 868 bytes)
$Function_80240260 will be placed at 80245EAC (length = 5E4 bytes)
$SetSpawns will be placed at 80246490 (length = 384 bytes)
$FallingDownPipe will be placed at 80246814 (length = 37C bytes)
$Script_SetSetsOfLevels will be placed at 80246B90 (length = 358 bytes)
$Script_SetNPCPos will be placed at 80246EE8 (length = 2F4 bytes)
$Function_NpcAI_MoneySack will be placed at 802471DC (length = 238 bytes)
$Script_SackAnimation_Start_GoToTheRight will be placed at 80247414 (length = 230 bytes)
$Script_SackAnimation_Start_GoToTheLeft will be placed at 80247644 (length = 1F8 bytes)
$Interact_Mover will be placed at 8024783C (length = 1F8 bytes)
$NpcGroup_Enemy3 will be placed at 80247A34 (length = 1F0 bytes)
$NpcGroup_Enemy4 will be placed at 80247C24 (length = 1F0 bytes)
$NpcGroup_Enemy5 will be placed at 80247E14 (length = 1F0 bytes)
$NpcGroup_Enemy6 will be placed at 80248004 (length = 1F0 bytes)
$NpcGroup_Enemy1 will be placed at 802481F4 (length = 1F0 bytes)
$NpcGroup_Enemy2 will be placed at 802483E4 (length = 1F0 bytes)
$NpcGroup_Mover will be placed at 802485D4 (length = 1F0 bytes)
$NpcGroup_BanditMover will be placed at 802487C4 (length = 1F0 bytes)
$Interact_BanditMover will be placed at 802489B4 (length = 1EC bytes)
$Script_PipeAnimation will be placed at 80248BA0 (length = 1D0 bytes)
$JumpTable_80242448 will be placed at 80248D70 (length = 190 bytes)
$Script_LoadChestMap_Mover_Roguelike will be placed at 80248F00 (length = 18C bytes)
$PipeSpawning will be placed at 8024908C (length = 178 bytes)
$NPC_Sack_AnimationStart will be placed at 80249204 (length = 168 bytes)
$Function_80240844 will be placed at 8024936C (length = 164 bytes)
$Script_LoadChestMap_Roguelike will be placed at 802494D0 (length = 164 bytes)
$Script_NPC_SackHit_Init will be placed at 80249634 (length = 160 bytes)
$Script_SackAnimation_End_Right will be placed at 80249794 (length = 158 bytes)
$Script_SackAnimation_End_Left will be placed at 802498EC (length = 150 bytes)
$MapTattle5 will be placed at 80249A3C (length = 13C bytes)
$MapTattle4 will be placed at 80249B78 (length = 130 bytes)
$GetFloor will be placed at 80249CA8 (length = 12C bytes)
$BanditMover_Tattle will be placed at 80249DD4 (length = 124 bytes)
$Script_Main will be placed at 80249EF8 (length = 120 bytes)
$Script_80243A6C will be placed at 8024A018 (length = 114 bytes)
$Script_SubstractCoins will be placed at 8024A12C (length = 10C bytes)
$Script_LoadMapMover_Roguelike will be placed at 8024A238 (length = 104 bytes)
$GetFloorBandit will be placed at 8024A33C (length = F4 bytes)
$Script_MoverWarpAnimation will be placed at 8024A430 (length = F0 bytes)
$Function_GetColliderPos will be placed at 8024A520 (length = E0 bytes)
$Function_GetPos will be placed at 8024A600 (length = E0 bytes)
$Script_TrackPlayer will be placed at 8024A6E0 (length = DC bytes)
$MapTattle2 will be placed at 8024A7BC (length = D4 bytes)
$Function_TrackInput will be placed at 8024A890 (length = BC bytes)
$MapTattle3 will be placed at 8024A94C (length = B0 bytes)
$Script_MakeEntities will be placed at 8024A9FC (length = A8 bytes)
$MapTattle1 will be placed at 8024AAA4 (length = A8 bytes)
$Script_NpcAI_MoneySack will be placed at 8024AB4C (length = A8 bytes)
$MoverStart will be placed at 8024ABF4 (length = A4 bytes)
$SwitchPath will be placed at 8024AC98 (length = A4 bytes)
$Script_NPC_Sack_FX will be placed at 8024AD3C (length = A4 bytes)
$GetPos will be placed at 8024ADE0 (length = 9C bytes)
$Script_AddCoins will be placed at 8024AE7C (length = 98 bytes)
$BanditMoverStart will be placed at 8024AF14 (length = 98 bytes)
$Mover_Tattle will be placed at 8024AFAC (length = 94 bytes)
$Function_GetTattle1 will be placed at 8024B040 (length = 8C bytes)
$NPC_Sack_AnimationEnd will be placed at 8024B0CC (length = 84 bytes)
$BanditMover_Options will be placed at 8024B150 (length = 80 bytes)
$SignStringBug will be placed at 8024B1D0 (length = 7C bytes)
$LoadHighscores will be placed at 8024B24C (length = 7C bytes)
$Mover_Options will be placed at 8024B2C8 (length = 78 bytes)
$NpcGroups will be placed at 8024B340 (length = 6C bytes)
$DeepestLevel will be placed at 8024B3AC (length = 6C bytes)
$Function2 will be placed at 8024B418 (length = 6C bytes)
$LoadCoinsMover will be placed at 8024B484 (length = 6C bytes)
$Function_SetAnimation will be placed at 8024B4F0 (length = 6C bytes)
$GetFloorPit will be placed at 8024B55C (length = 68 bytes)
$MoverEnd will be placed at 8024B5C4 (length = 68 bytes)
$BanditMoverEnd will be placed at 8024B62C (length = 68 bytes)
$GetFloorSign will be placed at 8024B694 (length = 64 bytes)
$BanditMoverNoCoins will be placed at 8024B6F8 (length = 58 bytes)
$MoverNoCoins will be placed at 8024B750 (length = 58 bytes)
$Function_GetTattle2 will be placed at 8024B7A8 (length = 48 bytes)
$CommingDownPipe will be placed at 8024B7F0 (length = 48 bytes)
$Script_Exit0 will be placed at 8024B838 (length = 48 bytes)
$Function_LoadGainedCoins will be placed at 8024B880 (length = 48 bytes)
$Function_Init will be placed at 8024B8C8 (length = 44 bytes)
$Function_802409A8 will be placed at 8024B90C (length = 44 bytes)
$Header will be placed at 8024B950 (length = 40 bytes)
$Script_Init_Bag will be placed at 8024B990 (length = 38 bytes)
$TotalLevels will be placed at 8024B9C8 (length = 38 bytes)
$Script_Init_Bag_HitBox will be placed at 8024BA00 (length = 38 bytes)
$DispawnParthner will be placed at 8024BA38 (length = 34 bytes)
$Function_ResetDamage will be placed at 8024BA6C (length = 34 bytes)
$AISettings_MoneySack will be placed at 8024BAA0 (length = 30 bytes)
$AISettings_Enemy will be placed at 8024BAD0 (length = 30 bytes)
$AISettings_DisableEnemy will be placed at 8024BB00 (length = 30 bytes)
$RespawnParthner will be placed at 8024BB30 (length = 30 bytes)
$NPC_Settings_Sack will be placed at 8024BB60 (length = 2C bytes)
$Function_GetDamageTaken will be placed at 8024BB8C (length = 2C bytes)
$Function_RevivePlayer will be placed at 8024BBB8 (length = 2C bytes)
$String_CoinsGained will be placed at 8024BBE4 (length = 2C bytes)
$BlankSettings will be placed at 8024BC10 (length = 2C bytes)
$Script_MakeExits will be placed at 8024BC3C (length = 2C bytes)
$NpcSettings_Enemy1 will be placed at 8024BC68 (length = 24 bytes)
$VectorList_80244998 will be placed at 8024BC8C (length = 24 bytes)
$Script_Init_80243B20 will be placed at 8024BCB0 (length = 24 bytes)
$Script_Init_Mover will be placed at 8024BCD4 (length = 24 bytes)
$Script_Init_BanditMover will be placed at 8024BCF8 (length = 24 bytes)
$Script_DisableEnemyAI will be placed at 8024BD1C (length = 20 bytes)
$EntryList will be placed at 8024BD3C (length = 20 bytes)
$Script_EnemyAI will be placed at 8024BD5C (length = 20 bytes)
$SignString100 will be placed at 8024BD7C (length = 18 bytes)
$SignString1 will be placed at 8024BD94 (length = 14 bytes)
$SignString99 will be placed at 8024BDA8 (length = 14 bytes)
$SignString98 will be placed at 8024BDBC (length = 14 bytes)
$SignString97 will be placed at 8024BDD0 (length = 14 bytes)
$SignString96 will be placed at 8024BDE4 (length = 14 bytes)
$SignString95 will be placed at 8024BDF8 (length = 14 bytes)
$SignString94 will be placed at 8024BE0C (length = 14 bytes)
$SignString93 will be placed at 8024BE20 (length = 14 bytes)
$SignString92 will be placed at 8024BE34 (length = 14 bytes)
$SignString91 will be placed at 8024BE48 (length = 14 bytes)
$SignString90 will be placed at 8024BE5C (length = 14 bytes)
$SignString59 will be placed at 8024BE70 (length = 14 bytes)
$SignString58 will be placed at 8024BE84 (length = 14 bytes)
$SignString57 will be placed at 8024BE98 (length = 14 bytes)
$SignString56 will be placed at 8024BEAC (length = 14 bytes)
$SignString55 will be placed at 8024BEC0 (length = 14 bytes)
$SignString54 will be placed at 8024BED4 (length = 14 bytes)
$SignString53 will be placed at 8024BEE8 (length = 14 bytes)
$SignString52 will be placed at 8024BEFC (length = 14 bytes)
$SignString51 will be placed at 8024BF10 (length = 14 bytes)
$SignString50 will be placed at 8024BF24 (length = 14 bytes)
$SignString69 will be placed at 8024BF38 (length = 14 bytes)
$SignString68 will be placed at 8024BF4C (length = 14 bytes)
$SignString67 will be placed at 8024BF60 (length = 14 bytes)
$SignString66 will be placed at 8024BF74 (length = 14 bytes)
$SignString65 will be placed at 8024BF88 (length = 14 bytes)
$SignString64 will be placed at 8024BF9C (length = 14 bytes)
$SignString63 will be placed at 8024BFB0 (length = 14 bytes)
$SignString62 will be placed at 8024BFC4 (length = 14 bytes)
$SignString61 will be placed at 8024BFD8 (length = 14 bytes)
$SignString60 will be placed at 8024BFEC (length = 14 bytes)
$SignString79 will be placed at 8024C000 (length = 14 bytes)
$SignString78 will be placed at 8024C014 (length = 14 bytes)
$SignString77 will be placed at 8024C028 (length = 14 bytes)
$SignString76 will be placed at 8024C03C (length = 14 bytes)
$SignString75 will be placed at 8024C050 (length = 14 bytes)
$SignString74 will be placed at 8024C064 (length = 14 bytes)
$SignString73 will be placed at 8024C078 (length = 14 bytes)
$SignString72 will be placed at 8024C08C (length = 14 bytes)
$SignString71 will be placed at 8024C0A0 (length = 14 bytes)
$SignString70 will be placed at 8024C0B4 (length = 14 bytes)
$SignString89 will be placed at 8024C0C8 (length = 14 bytes)
$SignString88 will be placed at 8024C0DC (length = 14 bytes)
$SignString87 will be placed at 8024C0F0 (length = 14 bytes)
$SignString86 will be placed at 8024C104 (length = 14 bytes)
$SignString85 will be placed at 8024C118 (length = 14 bytes)
$SignString84 will be placed at 8024C12C (length = 14 bytes)
$SignString83 will be placed at 8024C140 (length = 14 bytes)
$SignString82 will be placed at 8024C154 (length = 14 bytes)
$SignString81 will be placed at 8024C168 (length = 14 bytes)
$SignString80 will be placed at 8024C17C (length = 14 bytes)
$SignString19 will be placed at 8024C190 (length = 14 bytes)
$SignString18 will be placed at 8024C1A4 (length = 14 bytes)
$SignString17 will be placed at 8024C1B8 (length = 14 bytes)
$SignString16 will be placed at 8024C1CC (length = 14 bytes)
$SignString15 will be placed at 8024C1E0 (length = 14 bytes)
$SignString14 will be placed at 8024C1F4 (length = 14 bytes)
$SignString13 will be placed at 8024C208 (length = 14 bytes)
$SignString12 will be placed at 8024C21C (length = 14 bytes)
$SignString11 will be placed at 8024C230 (length = 14 bytes)
$SignString10 will be placed at 8024C244 (length = 14 bytes)
$SignString3 will be placed at 8024C258 (length = 14 bytes)
$SignString2 will be placed at 8024C26C (length = 14 bytes)
$SignString5 will be placed at 8024C280 (length = 14 bytes)
$SignString4 will be placed at 8024C294 (length = 14 bytes)
$SignString7 will be placed at 8024C2A8 (length = 14 bytes)
$SignString6 will be placed at 8024C2BC (length = 14 bytes)
$SignString9 will be placed at 8024C2D0 (length = 14 bytes)
$SignString8 will be placed at 8024C2E4 (length = 14 bytes)
$SignString29 will be placed at 8024C2F8 (length = 14 bytes)
$SignString28 will be placed at 8024C30C (length = 14 bytes)
$SignString27 will be placed at 8024C320 (length = 14 bytes)
$SignString26 will be placed at 8024C334 (length = 14 bytes)
$SignString25 will be placed at 8024C348 (length = 14 bytes)
$SignString24 will be placed at 8024C35C (length = 14 bytes)
$SignString23 will be placed at 8024C370 (length = 14 bytes)
$SignString22 will be placed at 8024C384 (length = 14 bytes)
$SignString21 will be placed at 8024C398 (length = 14 bytes)
$SignString20 will be placed at 8024C3AC (length = 14 bytes)
$SignString will be placed at 8024C3C0 (length = 14 bytes)
$SignString39 will be placed at 8024C3D4 (length = 14 bytes)
$SignString38 will be placed at 8024C3E8 (length = 14 bytes)
$SignString37 will be placed at 8024C3FC (length = 14 bytes)
$SignString36 will be placed at 8024C410 (length = 14 bytes)
$SignString35 will be placed at 8024C424 (length = 14 bytes)
$SignString34 will be placed at 8024C438 (length = 14 bytes)
$SignString33 will be placed at 8024C44C (length = 14 bytes)
$SignString32 will be placed at 8024C460 (length = 14 bytes)
$SignString31 will be placed at 8024C474 (length = 14 bytes)
$SignString30 will be placed at 8024C488 (length = 14 bytes)
$SignString49 will be placed at 8024C49C (length = 14 bytes)
$SignString48 will be placed at 8024C4B0 (length = 14 bytes)
$SignString47 will be placed at 8024C4C4 (length = 14 bytes)
$SignString46 will be placed at 8024C4D8 (length = 14 bytes)
$SignString45 will be placed at 8024C4EC (length = 14 bytes)
$SignString44 will be placed at 8024C500 (length = 14 bytes)
$SignString43 will be placed at 8024C514 (length = 14 bytes)
$SignString42 will be placed at 8024C528 (length = 14 bytes)
$SignString41 will be placed at 8024C53C (length = 14 bytes)
$SignString40 will be placed at 8024C550 (length = 14 bytes)
$ASCII_pit_02_Literal will be placed at 8024C564 (length = C bytes)
$ASCII_pit_90_Literal will be placed at 8024C570 (length = C bytes)
$ASCII_pit_34_Literal will be placed at 8024C57C (length = C bytes)
$ASCII_pit_66_Literal will be placed at 8024C588 (length = C bytes)
$ASCII_pit_98_Literal will be placed at 8024C594 (length = C bytes)
$ASCII_pit_19_Literal will be placed at 8024C5A0 (length = C bytes)
$ASCII_pit_57_Literal will be placed at 8024C5AC (length = C bytes)
$ASCII_pit_69_Literal will be placed at 8024C5B8 (length = C bytes)
$ASCII_pit_72_Literal will be placed at 8024C5C4 (length = C bytes)
$ASCII_pit_81_Literal will be placed at 8024C5D0 (length = C bytes)
$ASCII_pit_43_Literal will be placed at 8024C5DC (length = C bytes)
$ASCII_pit_28_Literal will be placed at 8024C5E8 (length = C bytes)
$ASCII_pit_78_Literal will be placed at 8024C5F4 (length = C bytes)
$ASCII_pit_63_Literal will be placed at 8024C600 (length = C bytes)
$ASCII_pit_46_Literal will be placed at 8024C60C (length = C bytes)
$ASCII_pit_95_Literal will be placed at 8024C618 (length = C bytes)
$ASCII_pit_16_Literal will be placed at 8024C624 (length = C bytes)
$ASCII_pit_37_Literal will be placed at 8024C630 (length = C bytes)
$ASCII_pit_22_Literal will be placed at 8024C63C (length = C bytes)
$ASCII_pit_05_Literal will be placed at 8024C648 (length = C bytes)
$ASCII_pit_25_Literal will be placed at 8024C654 (length = C bytes)
$ASCII_pit_54_Literal will be placed at 8024C660 (length = C bytes)
$ASCII_pit_08_Literal will be placed at 8024C66C (length = C bytes)
$ASCII_pit_87_Literal will be placed at 8024C678 (length = C bytes)
$ASCII_pit_75_Literal will be placed at 8024C684 (length = C bytes)
$ASCII_pit_13_Literal will be placed at 8024C690 (length = C bytes)
$ASCII_pit_32_Literal will be placed at 8024C69C (length = C bytes)
$ASCII_pit_92_Literal will be placed at 8024C6A8 (length = C bytes)
$ASCII_pit_17_Literal will be placed at 8024C6B4 (length = C bytes)
$ASCII_pit_49_Literal will be placed at 8024C6C0 (length = C bytes)
$ASCII_pit_77_Literal will be placed at 8024C6CC (length = C bytes)
$ASCII_pit_96_Literal will be placed at 8024C6D8 (length = C bytes)
$ASCII_pit_68_Literal will be placed at 8024C6E4 (length = C bytes)
$ASCII_pit_51_Literal will be placed at 8024C6F0 (length = C bytes)
$ASCII_pit_04_Literal will be placed at 8024C6FC (length = C bytes)
$ASCII_pit_83_Literal will be placed at 8024C708 (length = C bytes)
$ASCII_pit_86_Literal will be placed at 8024C714 (length = C bytes)
$ASCII_pit_26_Literal will be placed at 8024C720 (length = C bytes)
$ASCII_pit_41_Literal will be placed at 8024C72C (length = C bytes)
$ASCII_pit_14_Literal will be placed at 8024C738 (length = C bytes)
$ASCII_pit_74_Literal will be placed at 8024C744 (length = C bytes)
$ASCII_pit_60_Literal will be placed at 8024C750 (length = C bytes)
$ASCII_pit_59_Literal will be placed at 8024C75C (length = C bytes)
$ASCII_pit_93_Literal will be placed at 8024C768 (length = C bytes)
$ASCII_pit_65_Literal will be placed at 8024C774 (length = C bytes)
$ASCII_pit_07_Literal will be placed at 8024C780 (length = C bytes)
$ASCII_pit_20_Literal will be placed at 8024C78C (length = C bytes)
$ASCII_pit_35_Literal will be placed at 8024C798 (length = C bytes)
$ASCII_pit_23_Literal will be placed at 8024C7A4 (length = C bytes)
$ASCII_pit_11_Literal will be placed at 8024C7B0 (length = C bytes)
$ASCII_pit_56_Literal will be placed at 8024C7BC (length = C bytes)
$ASCII_pit_44_Literal will be placed at 8024C7C8 (length = C bytes)
$ASCII_pit_89_Literal will be placed at 8024C7D4 (length = C bytes)
$ASCII_pit_79_Literal will be placed at 8024C7E0 (length = C bytes)
$ASCII_pit_62_Literal will be placed at 8024C7EC (length = C bytes)
$ASCII_pit_94_Literal will be placed at 8024C7F8 (length = C bytes)
$ASCII_pit_47_Literal will be placed at 8024C804 (length = C bytes)
$ASCII_pit_21_Literal will be placed at 8024C810 (length = C bytes)
$ASCII_pit_06_Literal will be placed at 8024C81C (length = C bytes)
$ASCII_pit_53_Literal will be placed at 8024C828 (length = C bytes)
$ASCII_pit_09_Literal will be placed at 8024C834 (length = C bytes)
$ASCII_pit_88_Literal will be placed at 8024C840 (length = C bytes)
$ASCII_pit_38_Literal will be placed at 8024C84C (length = C bytes)
$ASCII_pit_24_Literal will be placed at 8024C858 (length = C bytes)
$ASCII_pit_12_Literal will be placed at 8024C864 (length = C bytes)
$ASCII_pit_76_Literal will be placed at 8024C870 (length = C bytes)
$ASCII_pit_01_Literal will be placed at 8024C87C (length = C bytes)
$ASCII_pit_50_Literal will be placed at 8024C888 (length = C bytes)
$ASCII_pit_33_Literal will be placed at 8024C894 (length = C bytes)
$ASCII_pit_99_Literal will be placed at 8024C8A0 (length = C bytes)
$ASCII_pit_67_Literal will be placed at 8024C8AC (length = C bytes)
$ASCII_pit_71_Literal will be placed at 8024C8B8 (length = C bytes)
$ASCII_pit_42_Literal will be placed at 8024C8C4 (length = C bytes)
$ASCII_pit_80_Literal will be placed at 8024C8D0 (length = C bytes)
$ASCII_pit_29_Literal will be placed at 8024C8DC (length = C bytes)
$ASCII_pit_58_Literal will be placed at 8024C8E8 (length = C bytes)
$ASCII_pit_30_Literal will be placed at 8024C8F4 (length = C bytes)
$ASCII_pit_00_Literal will be placed at 8024C900 (length = C bytes)
$ASCII_pit_64_Literal will be placed at 8024C90C (length = C bytes)
$ASCII_pit_36_Literal will be placed at 8024C918 (length = C bytes)
$ASCII_pit_55_Literal will be placed at 8024C924 (length = C bytes)
$ASCII_pit_10_Literal will be placed at 8024C930 (length = C bytes)
$ASCII_pit_45_Literal will be placed at 8024C93C (length = C bytes)
$ASCII_pit_18_Literal will be placed at 8024C948 (length = C bytes)
$ASCII_pit_48_Literal will be placed at 8024C954 (length = C bytes)
$ASCII_pit_03_Literal will be placed at 8024C960 (length = C bytes)
$ASCII_pit_31_Literal will be placed at 8024C96C (length = C bytes)
$ASCII_pit_91_Literal will be placed at 8024C978 (length = C bytes)
$ASCII_pit_97_Literal will be placed at 8024C984 (length = C bytes)
$ASCII_pit_82_Literal will be placed at 8024C990 (length = C bytes)
$ASCII_pit_52_Literal will be placed at 8024C99C (length = C bytes)
$ASCII_pit_70_Literal will be placed at 8024C9A8 (length = C bytes)
$ASCII_pit_85_Literal will be placed at 8024C9B4 (length = C bytes)
$ASCII_pit_40_Literal will be placed at 8024C9C0 (length = C bytes)
$ASCII_pit_39_Literal will be placed at 8024C9CC (length = C bytes)
$ASCII_pit_73_Literal will be placed at 8024C9D8 (length = C bytes)
$ASCII_pit_15_Literal will be placed at 8024C9E4 (length = C bytes)
$ASCII_pit_27_Literal will be placed at 8024C9F0 (length = C bytes)
$ASCII_pit_61_Literal will be placed at 8024C9FC (length = C bytes)
$ASCII_pit_842_Literal will be placed at 8024CA08 (length = 8 bytes)
$ASCII_pit_100_Literal will be placed at 8024CA10 (length = 8 bytes)
$ASCII_tik_tex_Literal will be placed at 8024CA18 (length = 8 bytes)
$MoverCancel will be placed at 8024CA20 (length = 4 bytes)
$BanditMoverCancel will be placed at 8024CA24 (length = 4 bytes)
Executing patch: pit_842.mpat
Loaded map pit_842
Creating struct: $EntryList
Creating struct: $DeepestLevel
Creating struct: $TotalLevels
Creating struct: $LoadHighscores
Creating struct: $FallingDownPipe
Creating struct: $Function_GetPos
Creating struct: $Function2
Creating struct: $SetSpawns
Creating struct: $Script_SetNPCPos
Creating struct: $SwitchPath
Creating struct: $VectorList_80244998
Creating struct: $GetPos
Creating struct: $Function_GetDamageTaken
Creating struct: $Function_ResetDamage
Creating struct: $DispawnParthner
Creating struct: $RespawnParthner
Creating struct: $LoadMap
Creating struct: $Script_LoadMapMover_Roguelike
Creating struct: $GetFloor
Creating struct: $LoadCoinsMover
Creating struct: $LoadMapBandit
Creating struct: $GetFloorBandit
Creating struct: $SetSpawnsSpecial
Creating struct: $Function_LoadCoinsInToVar1
Creating struct: $Script_SetSpawnPosition
Creating struct: $Script_Init_80243B20
Creating struct: $Script_80243A6C
Creating struct: $Script_AddCoins
Creating struct: $Script_SubstractCoins
Creating struct: $NPC_Settings_Sack
Creating struct: $Script_Init_Bag
Creating struct: $Script_Init_Bag_HitBox
Creating struct: $Script_NPC_SackHit_Init
Creating struct: $Script_NPC_Sack_FX
Creating struct: $NPC_Sack_AnimationStart
Creating struct: $NPC_Sack_AnimationEnd
Creating struct: $Script_SackAnimation_Start_GoToTheRight
Creating struct: $Script_SackAnimation_Start_GoToTheLeft
Creating struct: $Script_SackAnimation_End_Right
Creating struct: $Script_SackAnimation_End_Left
Creating struct: $Function_LoadGainedCoins
Creating struct: $Function_RevivePlayer
Creating struct: $AISettings_MoneySack
Creating struct: $Script_NpcAI_MoneySack
Creating struct: $JumpTable_80242448
Creating struct: $Function_NpcAI_MoneySack
Creating struct: $Function_80240260
Creating struct: $Function_80240844
Creating struct: $Function_802409A8
Creating struct: $Script_TrackPlayer
Creating struct: $Script_PipeAnimation
Creating struct: $Function_SetAnimation
Creating struct: $Function_GetColliderPos
Creating struct: $Function_TrackInput
Creating struct: $GoToNextLevel
Creating struct: $GoToNextLevel_Roguelike
Creating struct: $Script_SetSetsOfLevels
Creating struct: $Script_LoadMap_Roguelike
Creating struct: $Script_LoadChestMap_Roguelike
Creating struct: $Script_LoadMap_Mover_Roguelike
Creating struct: $Script_LoadChestMap_Mover_Roguelike
Creating struct: $GetFloorPit
Creating struct: $GetFloorSign
Creating struct: $Function_GetTattle1
Creating struct: $Function_GetTattle2
Creating struct: $Script_ReadSign
Creating struct: $Header
Creating struct: $Function_Init
Creating struct: $Script_Main
Creating struct: $NpcGroup1
Creating struct: $NpcGroup2
Creating struct: $NpcGroup3
Creating struct: $NpcGroup4
Creating struct: $NpcGroup5
Creating struct: $NpcGroup6
Creating struct: $NpcGroup7
Creating struct: $NpcGroups
Creating struct: $NpcGroup_Mover
Creating struct: $BlankSettings
Creating struct: $Script_Init_Mover
Creating struct: $Interact_Mover
Creating struct: $Script_MoverWarpAnimation
Creating struct: $NpcGroup_BanditMover
Creating struct: $Script_Init_BanditMover
Creating struct: $Interact_BanditMover
Creating struct: $NpcGroup_Enemy1
Creating struct: $NpcGroup_Enemy2
Creating struct: $NpcGroup_Enemy3
Creating struct: $NpcGroup_Enemy4
Creating struct: $NpcGroup_Enemy5
Creating struct: $NpcGroup_Enemy6
Creating struct: $NpcSettings_Enemy1
Creating struct: $NpcSettings_Projectile
Creating struct: $Script_EnemyAI
Creating struct: $Script_ProjectileAI
Creating struct: $AISettings_Enemy
Creating struct: $AISettings_Projectile
Creating struct: $Script_80241DDC
Creating struct: $Script_EndScript
Creating struct: $Function_802412B4
Creating struct: $Function_80240B38
Creating struct: $Function_802405FC
Creating struct: $ConstDouble_802427C0
Creating struct: $ConstDouble_802427C8
Creating struct: $ConstDouble_802427D0
Creating struct: $ConstDouble_802427D8
Creating struct: $ConstDouble_802427E0
Creating struct: $JumpTable_802427E8
Creating struct: $Function_80240F94
Creating struct: $Function_80240290
Creating struct: $Function_802403D4
Creating struct: $Function_802400A0
Creating struct: $Function_802404D4
Creating struct: $Function_80240518
Creating struct: $Function_802405B8
Creating struct: $Script_DisableEnemyAI
Creating struct: $AISettings_DisableEnemy
Creating struct: $PipeSpawning
Creating struct: $Script_MakeEntities
Creating struct: $CommingDownPipe
Creating struct: $Script_MakeExits
Creating struct: $Script_Exit0
Merged 1 regions to 1
$Script_LoadMap_Mover_Roguelike will be placed at 80240000 (length = F14 bytes)
$LoadMap will be placed at 80240F14 (length = EF4 bytes)
$Script_ReadSign will be placed at 80241E08 (length = EEC bytes)
$LoadMapBandit will be placed at 80242CF4 (length = EA4 bytes)
$Script_LoadMap_Roguelike will be placed at 80243B98 (length = D9C bytes)
$GoToNextLevel will be placed at 80244934 (length = D10 bytes)
$GoToNextLevel_Roguelike will be placed at 80245644 (length = 868 bytes)
$NpcGroup_Enemy3 will be placed at 80245EAC (length = 7C0 bytes)
$NpcGroup_Enemy4 will be placed at 8024666C (length = 7C0 bytes)
$NpcGroup_Enemy5 will be placed at 80246E2C (length = 7C0 bytes)
$NpcGroup_Enemy6 will be placed at 802475EC (length = 7C0 bytes)
$NpcGroup_Enemy1 will be placed at 80247DAC (length = 7C0 bytes)
$NpcGroup_Enemy2 will be placed at 8024856C (length = 7C0 bytes)
$SetSpawnsSpecial will be placed at 80248D2C (length = 608 bytes)
$Function_80240260 will be placed at 80249334 (length = 5E4 bytes)
$Function_802405FC will be placed at 80249918 (length = 53C bytes)
$Function_80240B38 will be placed at 80249E54 (length = 468 bytes)
$SetSpawns will be placed at 8024A2BC (length = 384 bytes)
$FallingDownPipe will be placed at 8024A640 (length = 37C bytes)
$Script_SetSetsOfLevels will be placed at 8024A9BC (length = 358 bytes)
$Function_80240F94 will be placed at 8024AD14 (length = 320 bytes)
$Script_SetNPCPos will be placed at 8024B034 (length = 2F4 bytes)
$Script_Main will be placed at 8024B328 (length = 2A0 bytes)
$Function_NpcAI_MoneySack will be placed at 8024B5C8 (length = 238 bytes)
$Script_SetSpawnPosition will be placed at 8024B800 (length = 234 bytes)
$Script_SackAnimation_Start_GoToTheRight will be placed at 8024BA34 (length = 230 bytes)
$Function_802400A0 will be placed at 8024BC64 (length = 1F8 bytes)
$Script_SackAnimation_Start_GoToTheLeft will be placed at 8024BE5C (length = 1F8 bytes)
$Interact_Mover will be placed at 8024C054 (length = 1F8 bytes)
$NpcGroup_Mover will be placed at 8024C24C (length = 1F0 bytes)
$NpcGroup_BanditMover will be placed at 8024C43C (length = 1F0 bytes)
$Interact_BanditMover will be placed at 8024C62C (length = 1EC bytes)
$Script_PipeAnimation will be placed at 8024C818 (length = 1D0 bytes)
$Script_80241DDC will be placed at 8024C9E8 (length = 1C8 bytes)
$JumpTable_80242448 will be placed at 8024CBB0 (length = 190 bytes)
$JumpTable_802427E8 will be placed at 8024CD40 (length = 190 bytes)
$Script_LoadChestMap_Mover_Roguelike will be placed at 8024CED0 (length = 18C bytes)
$PipeSpawning will be placed at 8024D05C (length = 178 bytes)
$NPC_Sack_AnimationStart will be placed at 8024D1D4 (length = 168 bytes)
$Function_80240844 will be placed at 8024D33C (length = 164 bytes)
$Script_LoadChestMap_Roguelike will be placed at 8024D4A0 (length = 164 bytes)
$Script_NPC_SackHit_Init will be placed at 8024D604 (length = 160 bytes)
$Script_SackAnimation_End_Right will be placed at 8024D764 (length = 158 bytes)
$Script_SackAnimation_End_Left will be placed at 8024D8BC (length = 150 bytes)
$Function_80240290 will be placed at 8024DA0C (length = 144 bytes)
$MapTattle5 will be placed at 8024DB50 (length = 13C bytes)
$MapTattle4 will be placed at 8024DC8C (length = 130 bytes)
$GetFloor will be placed at 8024DDBC (length = 12C bytes)
$BanditMover_Tattle will be placed at 8024DEE8 (length = 124 bytes)
$Script_80243A6C will be placed at 8024E00C (length = 114 bytes)
$Script_SubstractCoins will be placed at 8024E120 (length = 10C bytes)
$Script_LoadMapMover_Roguelike will be placed at 8024E22C (length = 104 bytes)
$Function_802403D4 will be placed at 8024E330 (length = 100 bytes)
$GetFloorBandit will be placed at 8024E430 (length = F4 bytes)
$Script_MoverWarpAnimation will be placed at 8024E524 (length = F0 bytes)
$Function_GetColliderPos will be placed at 8024E614 (length = E0 bytes)
$Function_GetPos will be placed at 8024E6F4 (length = E0 bytes)
$Script_TrackPlayer will be placed at 8024E7D4 (length = DC bytes)
$MapTattle2 will be placed at 8024E8B0 (length = D4 bytes)
$Function_TrackInput will be placed at 8024E984 (length = BC bytes)
$MapTattle3 will be placed at 8024EA40 (length = B0 bytes)
$Script_MakeEntities will be placed at 8024EAF0 (length = A8 bytes)
$MapTattle1 will be placed at 8024EB98 (length = A8 bytes)
$Script_NpcAI_MoneySack will be placed at 8024EC40 (length = A8 bytes)
$MoverStart will be placed at 8024ECE8 (length = A4 bytes)
$SwitchPath will be placed at 8024ED8C (length = A4 bytes)
$Script_NPC_Sack_FX will be placed at 8024EE30 (length = A4 bytes)
$Function_80240518 will be placed at 8024EED4 (length = A0 bytes)
$GetPos will be placed at 8024EF74 (length = 9C bytes)
$Script_AddCoins will be placed at 8024F010 (length = 98 bytes)
$BanditMoverStart will be placed at 8024F0A8 (length = 98 bytes)
$Mover_Tattle will be placed at 8024F140 (length = 94 bytes)
$Function_GetTattle1 will be placed at 8024F1D4 (length = 8C bytes)
$NPC_Sack_AnimationEnd will be placed at 8024F260 (length = 84 bytes)
$BanditMover_Options will be placed at 8024F2E4 (length = 80 bytes)
$SignStringBug will be placed at 8024F364 (length = 7C bytes)
$LoadHighscores will be placed at 8024F3E0 (length = 7C bytes)
$Mover_Options will be placed at 8024F45C (length = 78 bytes)
$Script_ProjectileAI will be placed at 8024F4D4 (length = 70 bytes)
$Script_EnemyAI will be placed at 8024F544 (length = 70 bytes)
$NpcGroups will be placed at 8024F5B4 (length = 6C bytes)
$DeepestLevel will be placed at 8024F620 (length = 6C bytes)
$Function2 will be placed at 8024F68C (length = 6C bytes)
$LoadCoinsMover will be placed at 8024F6F8 (length = 6C bytes)
$Function_SetAnimation will be placed at 8024F764 (length = 6C bytes)
$GetFloorPit will be placed at 8024F7D0 (length = 68 bytes)
$MoverEnd will be placed at 8024F838 (length = 68 bytes)
$BanditMoverEnd will be placed at 8024F8A0 (length = 68 bytes)
$GetFloorSign will be placed at 8024F908 (length = 64 bytes)
$BanditMoverNoCoins will be placed at 8024F96C (length = 58 bytes)
$MoverNoCoins will be placed at 8024F9C4 (length = 58 bytes)
$Function_GetTattle2 will be placed at 8024FA1C (length = 48 bytes)
$CommingDownPipe will be placed at 8024FA64 (length = 48 bytes)
$Script_Exit0 will be placed at 8024FAAC (length = 48 bytes)
$Function_LoadCoinsInToVar1 will be placed at 8024FAF4 (length = 48 bytes)
$Function_LoadGainedCoins will be placed at 8024FB3C (length = 48 bytes)
$Function_802405B8 will be placed at 8024FB84 (length = 44 bytes)
$Function_Init will be placed at 8024FBC8 (length = 44 bytes)
$Function_802409A8 will be placed at 8024FC0C (length = 44 bytes)
$Function_802404D4 will be placed at 8024FC50 (length = 44 bytes)
$Header will be placed at 8024FC94 (length = 40 bytes)
$Function_802412B4 will be placed at 8024FCD4 (length = 38 bytes)
$Script_Init_Bag will be placed at 8024FD0C (length = 38 bytes)
$TotalLevels will be placed at 8024FD44 (length = 38 bytes)
$Script_Init_Bag_HitBox will be placed at 8024FD7C (length = 38 bytes)
$DispawnParthner will be placed at 8024FDB4 (length = 34 bytes)
$Function_ResetDamage will be placed at 8024FDE8 (length = 34 bytes)
$AISettings_MoneySack will be placed at 8024FE1C (length = 30 bytes)
$AISettings_Enemy will be placed at 8024FE4C (length = 30 bytes)
$AISettings_Projectile will be placed at 8024FE7C (length = 30 bytes)
$AISettings_DisableEnemy will be placed at 8024FEAC (length = 30 bytes)
$RespawnParthner will be placed at 8024FEDC (length = 30 bytes)
$NPC_Settings_Sack will be placed at 8024FF0C (length = 2C bytes)
$Function_GetDamageTaken will be placed at 8024FF38 (length = 2C bytes)
$NpcSettings_Enemy1 will be placed at 8024FF64 (length = 2C bytes)
$Function_RevivePlayer will be placed at 8024FF90 (length = 2C bytes)
$String_CoinsGained will be placed at 8024FFBC (length = 2C bytes)
$NpcSettings_Projectile will be placed at 8024FFE8 (length = 2C bytes)
$BlankSettings will be placed at 80250014 (length = 2C bytes)
$Script_MakeExits will be placed at 80250040 (length = 2C bytes)
$NpcGroup7 will be placed at 8025006C (length = 24 bytes)
$VectorList_80244998 will be placed at 80250090 (length = 24 bytes)
$Script_Init_80243B20 will be placed at 802500B4 (length = 24 bytes)
$Script_Init_Mover will be placed at 802500D8 (length = 24 bytes)
$Script_Init_BanditMover will be placed at 802500FC (length = 24 bytes)
$Script_DisableEnemyAI will be placed at 80250120 (length = 20 bytes)
$EntryList will be placed at 80250140 (length = 20 bytes)
$NpcGroup6 will be placed at 80250160 (length = 18 bytes)
$NpcGroup3 will be placed at 80250178 (length = 18 bytes)
$NpcGroup2 will be placed at 80250190 (length = 18 bytes)
$NpcGroup5 will be placed at 802501A8 (length = 18 bytes)
$NpcGroup4 will be placed at 802501C0 (length = 18 bytes)
$NpcGroup1 will be placed at 802501D8 (length = 18 bytes)
$SignString100 will be placed at 802501F0 (length = 18 bytes)
$SignString1 will be placed at 80250208 (length = 14 bytes)
$SignString99 will be placed at 8025021C (length = 14 bytes)
$SignString98 will be placed at 80250230 (length = 14 bytes)
$SignString97 will be placed at 80250244 (length = 14 bytes)
$SignString96 will be placed at 80250258 (length = 14 bytes)
$SignString95 will be placed at 8025026C (length = 14 bytes)
$SignString94 will be placed at 80250280 (length = 14 bytes)
$SignString93 will be placed at 80250294 (length = 14 bytes)
$SignString92 will be placed at 802502A8 (length = 14 bytes)
$SignString91 will be placed at 802502BC (length = 14 bytes)
$SignString90 will be placed at 802502D0 (length = 14 bytes)
$SignString59 will be placed at 802502E4 (length = 14 bytes)
$SignString58 will be placed at 802502F8 (length = 14 bytes)
$SignString57 will be placed at 8025030C (length = 14 bytes)
$SignString56 will be placed at 80250320 (length = 14 bytes)
$SignString55 will be placed at 80250334 (length = 14 bytes)
$SignString54 will be placed at 80250348 (length = 14 bytes)
$SignString53 will be placed at 8025035C (length = 14 bytes)
$SignString52 will be placed at 80250370 (length = 14 bytes)
$SignString51 will be placed at 80250384 (length = 14 bytes)
$SignString50 will be placed at 80250398 (length = 14 bytes)
$SignString69 will be placed at 802503AC (length = 14 bytes)
$SignString68 will be placed at 802503C0 (length = 14 bytes)
$SignString67 will be placed at 802503D4 (length = 14 bytes)
$SignString66 will be placed at 802503E8 (length = 14 bytes)
$SignString65 will be placed at 802503FC (length = 14 bytes)
$SignString64 will be placed at 80250410 (length = 14 bytes)
$SignString63 will be placed at 80250424 (length = 14 bytes)
$SignString62 will be placed at 80250438 (length = 14 bytes)
$SignString61 will be placed at 8025044C (length = 14 bytes)
$SignString60 will be placed at 80250460 (length = 14 bytes)
$SignString79 will be placed at 80250474 (length = 14 bytes)
$SignString78 will be placed at 80250488 (length = 14 bytes)
$SignString77 will be placed at 8025049C (length = 14 bytes)
$SignString76 will be placed at 802504B0 (length = 14 bytes)
$SignString75 will be placed at 802504C4 (length = 14 bytes)
$SignString74 will be placed at 802504D8 (length = 14 bytes)
$SignString73 will be placed at 802504EC (length = 14 bytes)
$SignString72 will be placed at 80250500 (length = 14 bytes)
$SignString71 will be placed at 80250514 (length = 14 bytes)
$SignString70 will be placed at 80250528 (length = 14 bytes)
$SignString89 will be placed at 8025053C (length = 14 bytes)
$SignString88 will be placed at 80250550 (length = 14 bytes)
$SignString87 will be placed at 80250564 (length = 14 bytes)
$SignString86 will be placed at 80250578 (length = 14 bytes)
$SignString85 will be placed at 8025058C (length = 14 bytes)
$SignString84 will be placed at 802505A0 (length = 14 bytes)
$SignString83 will be placed at 802505B4 (length = 14 bytes)
$SignString82 will be placed at 802505C8 (length = 14 bytes)
$SignString81 will be placed at 802505DC (length = 14 bytes)
$SignString80 will be placed at 802505F0 (length = 14 bytes)
$SignString19 will be placed at 80250604 (length = 14 bytes)
$SignString18 will be placed at 80250618 (length = 14 bytes)
$SignString17 will be placed at 8025062C (length = 14 bytes)
$SignString16 will be placed at 80250640 (length = 14 bytes)
$SignString15 will be placed at 80250654 (length = 14 bytes)
$SignString14 will be placed at 80250668 (length = 14 bytes)
$SignString13 will be placed at 8025067C (length = 14 bytes)
$SignString12 will be placed at 80250690 (length = 14 bytes)
$SignString11 will be placed at 802506A4 (length = 14 bytes)
$SignString10 will be placed at 802506B8 (length = 14 bytes)
$SignString3 will be placed at 802506CC (length = 14 bytes)
$SignString2 will be placed at 802506E0 (length = 14 bytes)
$SignString5 will be placed at 802506F4 (length = 14 bytes)
$SignString4 will be placed at 80250708 (length = 14 bytes)
$SignString7 will be placed at 8025071C (length = 14 bytes)
$SignString6 will be placed at 80250730 (length = 14 bytes)
$SignString9 will be placed at 80250744 (length = 14 bytes)
$SignString8 will be placed at 80250758 (length = 14 bytes)
$SignString29 will be placed at 8025076C (length = 14 bytes)
$SignString28 will be placed at 80250780 (length = 14 bytes)
$SignString27 will be placed at 80250794 (length = 14 bytes)
$SignString26 will be placed at 802507A8 (length = 14 bytes)
$SignString25 will be placed at 802507BC (length = 14 bytes)
$SignString24 will be placed at 802507D0 (length = 14 bytes)
$SignString23 will be placed at 802507E4 (length = 14 bytes)
$SignString22 will be placed at 802507F8 (length = 14 bytes)
$SignString21 will be placed at 8025080C (length = 14 bytes)
$SignString20 will be placed at 80250820 (length = 14 bytes)
$SignString will be placed at 80250834 (length = 14 bytes)
$SignString39 will be placed at 80250848 (length = 14 bytes)
$SignString38 will be placed at 8025085C (length = 14 bytes)
$SignString37 will be placed at 80250870 (length = 14 bytes)
$SignString36 will be placed at 80250884 (length = 14 bytes)
$SignString35 will be placed at 80250898 (length = 14 bytes)
$SignString34 will be placed at 802508AC (length = 14 bytes)
$SignString33 will be placed at 802508C0 (length = 14 bytes)
$SignString32 will be placed at 802508D4 (length = 14 bytes)
$SignString31 will be placed at 802508E8 (length = 14 bytes)
$SignString30 will be placed at 802508FC (length = 14 bytes)
$SignString49 will be placed at 80250910 (length = 14 bytes)
$SignString48 will be placed at 80250924 (length = 14 bytes)
$SignString47 will be placed at 80250938 (length = 14 bytes)
$SignString46 will be placed at 8025094C (length = 14 bytes)
$SignString45 will be placed at 80250960 (length = 14 bytes)
$SignString44 will be placed at 80250974 (length = 14 bytes)
$SignString43 will be placed at 80250988 (length = 14 bytes)
$SignString42 will be placed at 8025099C (length = 14 bytes)
$SignString41 will be placed at 802509B0 (length = 14 bytes)
$SignString40 will be placed at 802509C4 (length = 14 bytes)
$Script_EndScript will be placed at 802509D8 (length = 10 bytes)
$ASCII_pit_02_Literal will be placed at 802509E8 (length = C bytes)
$ASCII_pit_90_Literal will be placed at 802509F4 (length = C bytes)
$ASCII_pit_34_Literal will be placed at 80250A00 (length = C bytes)
$ASCII_pit_66_Literal will be placed at 80250A0C (length = C bytes)
$ASCII_pit_98_Literal will be placed at 80250A18 (length = C bytes)
$ASCII_pit_19_Literal will be placed at 80250A24 (length = C bytes)
$ASCII_pit_57_Literal will be placed at 80250A30 (length = C bytes)
$ASCII_pit_69_Literal will be placed at 80250A3C (length = C bytes)
$ASCII_pit_72_Literal will be placed at 80250A48 (length = C bytes)
$ASCII_pit_81_Literal will be placed at 80250A54 (length = C bytes)
$ASCII_pit_43_Literal will be placed at 80250A60 (length = C bytes)
$ASCII_pit_28_Literal will be placed at 80250A6C (length = C bytes)
$ASCII_pit_78_Literal will be placed at 80250A78 (length = C bytes)
$ASCII_pit_63_Literal will be placed at 80250A84 (length = C bytes)
$ASCII_pit_46_Literal will be placed at 80250A90 (length = C bytes)
$ASCII_pit_95_Literal will be placed at 80250A9C (length = C bytes)
$ASCII_pit_16_Literal will be placed at 80250AA8 (length = C bytes)
$ASCII_pit_37_Literal will be placed at 80250AB4 (length = C bytes)
$ASCII_pit_22_Literal will be placed at 80250AC0 (length = C bytes)
$ASCII_pit_05_Literal will be placed at 80250ACC (length = C bytes)
$ASCII_pit_25_Literal will be placed at 80250AD8 (length = C bytes)
$ASCII_pit_54_Literal will be placed at 80250AE4 (length = C bytes)
$ASCII_pit_08_Literal will be placed at 80250AF0 (length = C bytes)
$ASCII_pit_87_Literal will be placed at 80250AFC (length = C bytes)
$ASCII_pit_75_Literal will be placed at 80250B08 (length = C bytes)
$ASCII_pit_13_Literal will be placed at 80250B14 (length = C bytes)
$ASCII_pit_32_Literal will be placed at 80250B20 (length = C bytes)
$ASCII_pit_92_Literal will be placed at 80250B2C (length = C bytes)
$ASCII_pit_17_Literal will be placed at 80250B38 (length = C bytes)
$ASCII_pit_49_Literal will be placed at 80250B44 (length = C bytes)
$ASCII_pit_77_Literal will be placed at 80250B50 (length = C bytes)
$ASCII_pit_96_Literal will be placed at 80250B5C (length = C bytes)
$ASCII_pit_68_Literal will be placed at 80250B68 (length = C bytes)
$ASCII_pit_51_Literal will be placed at 80250B74 (length = C bytes)
$ASCII_pit_04_Literal will be placed at 80250B80 (length = C bytes)
$ASCII_pit_83_Literal will be placed at 80250B8C (length = C bytes)
$ASCII_pit_86_Literal will be placed at 80250B98 (length = C bytes)
$ASCII_pit_26_Literal will be placed at 80250BA4 (length = C bytes)
$ASCII_pit_41_Literal will be placed at 80250BB0 (length = C bytes)
$ASCII_pit_14_Literal will be placed at 80250BBC (length = C bytes)
$ASCII_pit_74_Literal will be placed at 80250BC8 (length = C bytes)
$ASCII_pit_60_Literal will be placed at 80250BD4 (length = C bytes)
$ASCII_pit_59_Literal will be placed at 80250BE0 (length = C bytes)
$ASCII_pit_93_Literal will be placed at 80250BEC (length = C bytes)
$ASCII_pit_65_Literal will be placed at 80250BF8 (length = C bytes)
$ASCII_pit_07_Literal will be placed at 80250C04 (length = C bytes)
$ASCII_pit_20_Literal will be placed at 80250C10 (length = C bytes)
$ASCII_pit_35_Literal will be placed at 80250C1C (length = C bytes)
$ASCII_pit_23_Literal will be placed at 80250C28 (length = C bytes)
$ASCII_pit_11_Literal will be placed at 80250C34 (length = C bytes)
$ASCII_pit_56_Literal will be placed at 80250C40 (length = C bytes)
$ASCII_pit_44_Literal will be placed at 80250C4C (length = C bytes)
$ASCII_pit_89_Literal will be placed at 80250C58 (length = C bytes)
$ASCII_pit_79_Literal will be placed at 80250C64 (length = C bytes)
$ASCII_pit_62_Literal will be placed at 80250C70 (length = C bytes)
$ASCII_pit_94_Literal will be placed at 80250C7C (length = C bytes)
$ASCII_pit_47_Literal will be placed at 80250C88 (length = C bytes)
$ASCII_pit_21_Literal will be placed at 80250C94 (length = C bytes)
$ASCII_pit_06_Literal will be placed at 80250CA0 (length = C bytes)
$ASCII_pit_53_Literal will be placed at 80250CAC (length = C bytes)
$ASCII_pit_09_Literal will be placed at 80250CB8 (length = C bytes)
$ASCII_pit_88_Literal will be placed at 80250CC4 (length = C bytes)
$ASCII_pit_38_Literal will be placed at 80250CD0 (length = C bytes)
$ASCII_pit_24_Literal will be placed at 80250CDC (length = C bytes)
$ASCII_pit_12_Literal will be placed at 80250CE8 (length = C bytes)
$ASCII_pit_76_Literal will be placed at 80250CF4 (length = C bytes)
$ASCII_pit_01_Literal will be placed at 80250D00 (length = C bytes)
$ASCII_pit_50_Literal will be placed at 80250D0C (length = C bytes)
$ASCII_pit_33_Literal will be placed at 80250D18 (length = C bytes)
$ASCII_pit_99_Literal will be placed at 80250D24 (length = C bytes)
$ASCII_pit_67_Literal will be placed at 80250D30 (length = C bytes)
$ASCII_pit_71_Literal will be placed at 80250D3C (length = C bytes)
$ASCII_pit_42_Literal will be placed at 80250D48 (length = C bytes)
$ASCII_pit_80_Literal will be placed at 80250D54 (length = C bytes)
$ASCII_pit_29_Literal will be placed at 80250D60 (length = C bytes)
$ASCII_pit_58_Literal will be placed at 80250D6C (length = C bytes)
$ASCII_pit_30_Literal will be placed at 80250D78 (length = C bytes)
$ASCII_pit_00_Literal will be placed at 80250D84 (length = C bytes)
$ASCII_pit_64_Literal will be placed at 80250D90 (length = C bytes)
$ASCII_pit_36_Literal will be placed at 80250D9C (length = C bytes)
$ASCII_pit_55_Literal will be placed at 80250DA8 (length = C bytes)
$ASCII_pit_10_Literal will be placed at 80250DB4 (length = C bytes)
$ASCII_pit_45_Literal will be placed at 80250DC0 (length = C bytes)
$ASCII_pit_18_Literal will be placed at 80250DCC (length = C bytes)
$ASCII_pit_48_Literal will be placed at 80250DD8 (length = C bytes)
$ASCII_pit_03_Literal will be placed at 80250DE4 (length = C bytes)
$ASCII_pit_31_Literal will be placed at 80250DF0 (length = C bytes)
$ASCII_pit_91_Literal will be placed at 80250DFC (length = C bytes)
$ASCII_pit_97_Literal will be placed at 80250E08 (length = C bytes)
$ASCII_pit_82_Literal will be placed at 80250E14 (length = C bytes)
$ASCII_pit_52_Literal will be placed at 80250E20 (length = C bytes)
$ASCII_pit_70_Literal will be placed at 80250E2C (length = C bytes)
$ASCII_pit_85_Literal will be placed at 80250E38 (length = C bytes)
$ASCII_pit_40_Literal will be placed at 80250E44 (length = C bytes)
$ASCII_pit_39_Literal will be placed at 80250E50 (length = C bytes)
$ASCII_pit_73_Literal will be placed at 80250E5C (length = C bytes)
$ASCII_pit_15_Literal will be placed at 80250E68 (length = C bytes)
$ASCII_pit_27_Literal will be placed at 80250E74 (length = C bytes)
$ASCII_pit_61_Literal will be placed at 80250E80 (length = C bytes)
$ConstDouble_802427D0 will be placed at 80250E8C (length = 8 bytes)
$ConstDouble_802427C8 will be placed at 80250E94 (length = 8 bytes)
$ConstDouble_802427C0 will be placed at 80250E9C (length = 8 bytes)
$ConstDouble_802427E0 will be placed at 80250EA4 (length = 8 bytes)
$ConstDouble_802427D8 will be placed at 80250EAC (length = 8 bytes)
$ASCII_pit_842_Literal will be placed at 80250EB4 (length = 8 bytes)
$ASCII_pit_100_Literal will be placed at 80250EBC (length = 8 bytes)
$ASCII_tik_tex_Literal will be placed at 80250EC4 (length = 8 bytes)
$MoverCancel will be placed at 80250ECC (length = 4 bytes)
$BanditMoverCancel will be placed at 80250ED0 (length = 4 bytes)
Executing patch: pit_85.mpat
Loaded map pit_81
Creating struct: $EntryList
Creating struct: $DeepestLevel
Creating struct: $TotalLevels
Creating struct: $LoadHighscores
Creating struct: $FallingDownPipe
Creating struct: $Function_GetPos
Creating struct: $Function2
Creating struct: $SetSpawns
Creating struct: $Script_SetNPCPos
Creating struct: $SwitchPath
Creating struct: $VectorList_80244998
Creating struct: $GetPos
Creating struct: $Function_GetDamageTaken
Creating struct: $Function_ResetDamage
Creating struct: $DispawnParthner
Creating struct: $RespawnParthner
Creating struct: $LoadMap
Creating struct: $Script_LoadMapMover_Roguelike
Creating struct: $GetFloor
Creating struct: $LoadCoinsMover
Creating struct: $LoadMapBandit
Creating struct: $GetFloorBandit
Creating struct: $Script_Init_80243B20
Creating struct: $Script_80243A6C
Creating struct: $Script_AddCoins
Creating struct: $Script_SubstractCoins
Creating struct: $NPC_Settings_Sack
Creating struct: $Script_Init_Bag
Creating struct: $Script_Init_Bag_HitBox
Creating struct: $Script_NPC_SackHit_Init
Creating struct: $Script_NPC_Sack_FX
Creating struct: $NPC_Sack_AnimationStart
Creating struct: $NPC_Sack_AnimationEnd
Creating struct: $Script_SackAnimation_Start_GoToTheRight
Creating struct: $Script_SackAnimation_Start_GoToTheLeft
Creating struct: $Script_SackAnimation_End_Right
Creating struct: $Script_SackAnimation_End_Left
Creating struct: $Function_LoadGainedCoins
Creating struct: $Function_RevivePlayer
Creating struct: $AISettings_MoneySack
Creating struct: $Script_NpcAI_MoneySack
Creating struct: $JumpTable_80242448
Creating struct: $Function_NpcAI_MoneySack
Creating struct: $Function_80240260
Creating struct: $Function_80240844
Creating struct: $Function_802409A8
Creating struct: $Script_TrackPlayer
Creating struct: $Script_PipeAnimation
Creating struct: $Function_SetAnimation
Creating struct: $Function_GetColliderPos
Creating struct: $Function_TrackInput
Creating struct: $GoToNextLevel
Creating struct: $GoToNextLevel_Roguelike
Creating struct: $Script_SetSetsOfLevels
Creating struct: $Script_LoadMap_Roguelike
Creating struct: $Script_LoadChestMap_Roguelike
Creating struct: $Script_LoadMap_Mover_Roguelike
Creating struct: $Script_LoadChestMap_Mover_Roguelike
Creating struct: $GetFloorPit
Creating struct: $GetFloorSign
Creating struct: $Function_GetTattle1
Creating struct: $Function_GetTattle2
Creating struct: $Script_ReadSign
Creating struct: $Header
Creating struct: $Function_Init
Creating struct: $Script_Main
Creating struct: $NpcGroups
Creating struct: $NpcGroup_Mover
Creating struct: $BlankSettings
Creating struct: $Script_Init_Mover
Creating struct: $Interact_Mover
Creating struct: $Script_MoverWarpAnimation
Creating struct: $NpcGroup_BanditMover
Creating struct: $Script_Init_BanditMover
Creating struct: $Interact_BanditMover
Creating struct: $NpcGroup_Enemy1
Creating struct: $NpcGroup_Enemy2
Creating struct: $NpcGroup_Enemy3
Creating struct: $NpcGroup_Enemy4
Creating struct: $NpcGroup_Enemy5
Creating struct: $NpcGroup_Enemy6
Creating struct: $NpcSettings_Enemy1
Creating struct: $Script_EnemyAI
Creating struct: $AISettings_Enemy
Creating struct: $ConstDouble_802471E0
Creating struct: $JumpTable_802471E8
Creating struct: $Function_802406A4
Creating struct: $Function_80240310
Creating struct: $Function_8024038C
Creating struct: $Function_802404C0
Creating struct: $Function_80240624
Creating struct: $Script_DisableEnemyAI
Creating struct: $AISettings_DisableEnemy
Creating struct: $PipeSpawning
Creating struct: $Script_MakeEntities
Creating struct: $CommingDownPipe
Creating struct: $Script_MakeExits
Creating struct: $Script_Exit0
Merged 1 regions to 1
$Script_LoadMap_Mover_Roguelike will be placed at 80240000 (length = F14 bytes)
$LoadMap will be placed at 80240F14 (length = EF4 bytes)
$Script_ReadSign will be placed at 80241E08 (length = EEC bytes)
$LoadMapBandit will be placed at 80242CF4 (length = EA4 bytes)
$Script_LoadMap_Roguelike will be placed at 80243B98 (length = D9C bytes)
$GoToNextLevel will be placed at 80244934 (length = D10 bytes)
$GoToNextLevel_Roguelike will be placed at 80245644 (length = 868 bytes)
$Function_80240260 will be placed at 80245EAC (length = 5E4 bytes)
$Function_802406A4 will be placed at 80246490 (length = 440 bytes)
$SetSpawns will be placed at 802468D0 (length = 384 bytes)
$FallingDownPipe will be placed at 80246C54 (length = 37C bytes)
$Script_SetSetsOfLevels will be placed at 80246FD0 (length = 358 bytes)
$Script_SetNPCPos will be placed at 80247328 (length = 2F4 bytes)
$Function_NpcAI_MoneySack will be placed at 8024761C (length = 238 bytes)
$Script_SackAnimation_Start_GoToTheRight will be placed at 80247854 (length = 230 bytes)
$Script_SackAnimation_Start_GoToTheLeft will be placed at 80247A84 (length = 1F8 bytes)
$Interact_Mover will be placed at 80247C7C (length = 1F8 bytes)
$NpcGroup_Enemy3 will be placed at 80247E74 (length = 1F0 bytes)
$NpcGroup_Enemy4 will be placed at 80248064 (length = 1F0 bytes)
$NpcGroup_Enemy5 will be placed at 80248254 (length = 1F0 bytes)
$NpcGroup_Enemy6 will be placed at 80248444 (length = 1F0 bytes)
$NpcGroup_Enemy1 will be placed at 80248634 (length = 1F0 bytes)
$NpcGroup_Enemy2 will be placed at 80248824 (length = 1F0 bytes)
$NpcGroup_Mover will be placed at 80248A14 (length = 1F0 bytes)
$NpcGroup_BanditMover will be placed at 80248C04 (length = 1F0 bytes)
$Interact_BanditMover will be placed at 80248DF4 (length = 1EC bytes)
$Script_PipeAnimation will be placed at 80248FE0 (length = 1D0 bytes)
$JumpTable_80242448 will be placed at 802491B0 (length = 190 bytes)
$Script_LoadChestMap_Mover_Roguelike will be placed at 80249340 (length = 18C bytes)
$PipeSpawning will be placed at 802494CC (length = 178 bytes)
$NPC_Sack_AnimationStart will be placed at 80249644 (length = 168 bytes)
$Function_80240844 will be placed at 802497AC (length = 164 bytes)
$Script_LoadChestMap_Roguelike will be placed at 80249910 (length = 164 bytes)
$Function_802404C0 will be placed at 80249A74 (length = 164 bytes)
$Script_NPC_SackHit_Init will be placed at 80249BD8 (length = 160 bytes)
$Script_SackAnimation_End_Right will be placed at 80249D38 (length = 158 bytes)
$Script_SackAnimation_End_Left will be placed at 80249E90 (length = 150 bytes)
$MapTattle5 will be placed at 80249FE0 (length = 13C bytes)
$Function_8024038C will be placed at 8024A11C (length = 138 bytes)
$MapTattle4 will be placed at 8024A254 (length = 130 bytes)
$GetFloor will be placed at 8024A384 (length = 12C bytes)
$BanditMover_Tattle will be placed at 8024A4B0 (length = 124 bytes)
$Script_Main will be placed at 8024A5D4 (length = 120 bytes)
$Script_80243A6C will be placed at 8024A6F4 (length = 114 bytes)
$Script_SubstractCoins will be placed at 8024A808 (length = 10C bytes)
$Script_LoadMapMover_Roguelike will be placed at 8024A914 (length = 104 bytes)
$GetFloorBandit will be placed at 8024AA18 (length = F4 bytes)
$Script_MoverWarpAnimation will be placed at 8024AB0C (length = F0 bytes)
$Function_GetColliderPos will be placed at 8024ABFC (length = E0 bytes)
$Function_GetPos will be placed at 8024ACDC (length = E0 bytes)
$Script_TrackPlayer will be placed at 8024ADBC (length = DC bytes)
$MapTattle2 will be placed at 8024AE98 (length = D4 bytes)
$Function_TrackInput will be placed at 8024AF6C (length = BC bytes)
$MapTattle3 will be placed at 8024B028 (length = B0 bytes)
$Script_MakeEntities will be placed at 8024B0D8 (length = A8 bytes)
$MapTattle1 will be placed at 8024B180 (length = A8 bytes)
$Script_NpcAI_MoneySack will be placed at 8024B228 (length = A8 bytes)
$MoverStart will be placed at 8024B2D0 (length = A4 bytes)
$SwitchPath will be placed at 8024B374 (length = A4 bytes)
$Script_NPC_Sack_FX will be placed at 8024B418 (length = A4 bytes)
$GetPos will be placed at 8024B4BC (length = 9C bytes)
$Script_AddCoins will be placed at 8024B558 (length = 98 bytes)
$BanditMoverStart will be placed at 8024B5F0 (length = 98 bytes)
$Mover_Tattle will be placed at 8024B688 (length = 94 bytes)
$Function_GetTattle1 will be placed at 8024B71C (length = 8C bytes)
$NPC_Sack_AnimationEnd will be placed at 8024B7A8 (length = 84 bytes)
$Function_80240624 will be placed at 8024B82C (length = 80 bytes)
$BanditMover_Options will be placed at 8024B8AC (length = 80 bytes)
$SignStringBug will be placed at 8024B92C (length = 7C bytes)
$Function_80240310 will be placed at 8024B9A8 (length = 7C bytes)
$LoadHighscores will be placed at 8024BA24 (length = 7C bytes)
$Mover_Options will be placed at 8024BAA0 (length = 78 bytes)
$Script_EnemyAI will be placed at 8024BB18 (length = 70 bytes)
$NpcGroups will be placed at 8024BB88 (length = 6C bytes)
$DeepestLevel will be placed at 8024BBF4 (length = 6C bytes)
$Function2 will be placed at 8024BC60 (length = 6C bytes)
$LoadCoinsMover will be placed at 8024BCCC (length = 6C bytes)
$Function_SetAnimation will be placed at 8024BD38 (length = 6C bytes)
$GetFloorPit will be placed at 8024BDA4 (length = 68 bytes)
$MoverEnd will be placed at 8024BE0C (length = 68 bytes)
$BanditMoverEnd will be placed at 8024BE74 (length = 68 bytes)
$GetFloorSign will be placed at 8024BEDC (length = 64 bytes)
$BanditMoverNoCoins will be placed at 8024BF40 (length = 58 bytes)
$MoverNoCoins will be placed at 8024BF98 (length = 58 bytes)
$JumpTable_802471E8 will be placed at 8024BFF0 (length = 54 bytes)
$Function_GetTattle2 will be placed at 8024C044 (length = 48 bytes)
$CommingDownPipe will be placed at 8024C08C (length = 48 bytes)
$Script_Exit0 will be placed at 8024C0D4 (length = 48 bytes)
$Function_LoadGainedCoins will be placed at 8024C11C (length = 48 bytes)
$Function_Init will be placed at 8024C164 (length = 44 bytes)
$Function_802409A8 will be placed at 8024C1A8 (length = 44 bytes)
$Header will be placed at 8024C1EC (length = 40 bytes)
$Script_Init_Bag will be placed at 8024C22C (length = 38 bytes)
$TotalLevels will be placed at 8024C264 (length = 38 bytes)
$Script_Init_Bag_HitBox will be placed at 8024C29C (length = 38 bytes)
$DispawnParthner will be placed at 8024C2D4 (length = 34 bytes)
$Function_ResetDamage will be placed at 8024C308 (length = 34 bytes)
$AISettings_MoneySack will be placed at 8024C33C (length = 30 bytes)
$AISettings_Enemy will be placed at 8024C36C (length = 30 bytes)
$AISettings_DisableEnemy will be placed at 8024C39C (length = 30 bytes)
$RespawnParthner will be placed at 8024C3CC (length = 30 bytes)
$NPC_Settings_Sack will be placed at 8024C3FC (length = 2C bytes)
$Function_GetDamageTaken will be placed at 8024C428 (length = 2C bytes)
$NpcSettings_Enemy1 will be placed at 8024C454 (length = 2C bytes)
$Function_RevivePlayer will be placed at 8024C480 (length = 2C bytes)
$String_CoinsGained will be placed at 8024C4AC (length = 2C bytes)
$BlankSettings will be placed at 8024C4D8 (length = 2C bytes)
$Script_MakeExits will be placed at 8024C504 (length = 2C bytes)
$VectorList_80244998 will be placed at 8024C530 (length = 24 bytes)
$Script_Init_80243B20 will be placed at 8024C554 (length = 24 bytes)
$Script_Init_Mover will be placed at 8024C578 (length = 24 bytes)
$Script_Init_BanditMover will be placed at 8024C59C (length = 24 bytes)
$Script_DisableEnemyAI will be placed at 8024C5C0 (length = 20 bytes)
$EntryList will be placed at 8024C5E0 (length = 20 bytes)
$SignString100 will be placed at 8024C600 (length = 18 bytes)
$SignString1 will be placed at 8024C618 (length = 14 bytes)
$SignString99 will be placed at 8024C62C (length = 14 bytes)
$SignString98 will be placed at 8024C640 (length = 14 bytes)
$SignString97 will be placed at 8024C654 (length = 14 bytes)
$SignString96 will be placed at 8024C668 (length = 14 bytes)
$SignString95 will be placed at 8024C67C (length = 14 bytes)
$SignString94 will be placed at 8024C690 (length = 14 bytes)
$SignString93 will be placed at 8024C6A4 (length = 14 bytes)
$SignString92 will be placed at 8024C6B8 (length = 14 bytes)
$SignString91 will be placed at 8024C6CC (length = 14 bytes)
$SignString90 will be placed at 8024C6E0 (length = 14 bytes)
$SignString59 will be placed at 8024C6F4 (length = 14 bytes)
$SignString58 will be placed at 8024C708 (length = 14 bytes)
$SignString57 will be placed at 8024C71C (length = 14 bytes)
$SignString56 will be placed at 8024C730 (length = 14 bytes)
$SignString55 will be placed at 8024C744 (length = 14 bytes)
$SignString54 will be placed at 8024C758 (length = 14 bytes)
$SignString53 will be placed at 8024C76C (length = 14 bytes)
$SignString52 will be placed at 8024C780 (length = 14 bytes)
$SignString51 will be placed at 8024C794 (length = 14 bytes)
$SignString50 will be placed at 8024C7A8 (length = 14 bytes)
$SignString69 will be placed at 8024C7BC (length = 14 bytes)
$SignString68 will be placed at 8024C7D0 (length = 14 bytes)
$SignString67 will be placed at 8024C7E4 (length = 14 bytes)
$SignString66 will be placed at 8024C7F8 (length = 14 bytes)
$SignString65 will be placed at 8024C80C (length = 14 bytes)
$SignString64 will be placed at 8024C820 (length = 14 bytes)
$SignString63 will be placed at 8024C834 (length = 14 bytes)
$SignString62 will be placed at 8024C848 (length = 14 bytes)
$SignString61 will be placed at 8024C85C (length = 14 bytes)
$SignString60 will be placed at 8024C870 (length = 14 bytes)
$SignString79 will be placed at 8024C884 (length = 14 bytes)
$SignString78 will be placed at 8024C898 (length = 14 bytes)
$SignString77 will be placed at 8024C8AC (length = 14 bytes)
$SignString76 will be placed at 8024C8C0 (length = 14 bytes)
$SignString75 will be placed at 8024C8D4 (length = 14 bytes)
$SignString74 will be placed at 8024C8E8 (length = 14 bytes)
$SignString73 will be placed at 8024C8FC (length = 14 bytes)
$SignString72 will be placed at 8024C910 (length = 14 bytes)
$SignString71 will be placed at 8024C924 (length = 14 bytes)
$SignString70 will be placed at 8024C938 (length = 14 bytes)
$SignString89 will be placed at 8024C94C (length = 14 bytes)
$SignString88 will be placed at 8024C960 (length = 14 bytes)
$SignString87 will be placed at 8024C974 (length = 14 bytes)
$SignString86 will be placed at 8024C988 (length = 14 bytes)
$SignString85 will be placed at 8024C99C (length = 14 bytes)
$SignString84 will be placed at 8024C9B0 (length = 14 bytes)
$SignString83 will be placed at 8024C9C4 (length = 14 bytes)
$SignString82 will be placed at 8024C9D8 (length = 14 bytes)
$SignString81 will be placed at 8024C9EC (length = 14 bytes)
$SignString80 will be placed at 8024CA00 (length = 14 bytes)
$SignString19 will be placed at 8024CA14 (length = 14 bytes)
$SignString18 will be placed at 8024CA28 (length = 14 bytes)
$SignString17 will be placed at 8024CA3C (length = 14 bytes)
$SignString16 will be placed at 8024CA50 (length = 14 bytes)
$SignString15 will be placed at 8024CA64 (length = 14 bytes)
$SignString14 will be placed at 8024CA78 (length = 14 bytes)
$SignString13 will be placed at 8024CA8C (length = 14 bytes)
$SignString12 will be placed at 8024CAA0 (length = 14 bytes)
$SignString11 will be placed at 8024CAB4 (length = 14 bytes)
$SignString10 will be placed at 8024CAC8 (length = 14 bytes)
$SignString3 will be placed at 8024CADC (length = 14 bytes)
$SignString2 will be placed at 8024CAF0 (length = 14 bytes)
$SignString5 will be placed at 8024CB04 (length = 14 bytes)
$SignString4 will be placed at 8024CB18 (length = 14 bytes)
$SignString7 will be placed at 8024CB2C (length = 14 bytes)
$SignString6 will be placed at 8024CB40 (length = 14 bytes)
$SignString9 will be placed at 8024CB54 (length = 14 bytes)
$SignString8 will be placed at 8024CB68 (length = 14 bytes)
$SignString29 will be placed at 8024CB7C (length = 14 bytes)
$SignString28 will be placed at 8024CB90 (length = 14 bytes)
$SignString27 will be placed at 8024CBA4 (length = 14 bytes)
$SignString26 will be placed at 8024CBB8 (length = 14 bytes)
$SignString25 will be placed at 8024CBCC (length = 14 bytes)
$SignString24 will be placed at 8024CBE0 (length = 14 bytes)
$SignString23 will be placed at 8024CBF4 (length = 14 bytes)
$SignString22 will be placed at 8024CC08 (length = 14 bytes)
$SignString21 will be placed at 8024CC1C (length = 14 bytes)
$SignString20 will be placed at 8024CC30 (length = 14 bytes)
$SignString will be placed at 8024CC44 (length = 14 bytes)
$SignString39 will be placed at 8024CC58 (length = 14 bytes)
$SignString38 will be placed at 8024CC6C (length = 14 bytes)
$SignString37 will be placed at 8024CC80 (length = 14 bytes)
$SignString36 will be placed at 8024CC94 (length = 14 bytes)
$SignString35 will be placed at 8024CCA8 (length = 14 bytes)
$SignString34 will be placed at 8024CCBC (length = 14 bytes)
$SignString33 will be placed at 8024CCD0 (length = 14 bytes)
$SignString32 will be placed at 8024CCE4 (length = 14 bytes)
$SignString31 will be placed at 8024CCF8 (length = 14 bytes)
$SignString30 will be placed at 8024CD0C (length = 14 bytes)
$SignString49 will be placed at 8024CD20 (length = 14 bytes)
$SignString48 will be placed at 8024CD34 (length = 14 bytes)
$SignString47 will be placed at 8024CD48 (length = 14 bytes)
$SignString46 will be placed at 8024CD5C (length = 14 bytes)
$SignString45 will be placed at 8024CD70 (length = 14 bytes)
$SignString44 will be placed at 8024CD84 (length = 14 bytes)
$SignString43 will be placed at 8024CD98 (length = 14 bytes)
$SignString42 will be placed at 8024CDAC (length = 14 bytes)
$SignString41 will be placed at 8024CDC0 (length = 14 bytes)
$SignString40 will be placed at 8024CDD4 (length = 14 bytes)
$ASCII_pit_02_Literal will be placed at 8024CDE8 (length = C bytes)
$ASCII_pit_90_Literal will be placed at 8024CDF4 (length = C bytes)
$ASCII_pit_34_Literal will be placed at 8024CE00 (length = C bytes)
$ASCII_pit_66_Literal will be placed at 8024CE0C (length = C bytes)
$ASCII_pit_98_Literal will be placed at 8024CE18 (length = C bytes)
$ASCII_pit_19_Literal will be placed at 8024CE24 (length = C bytes)
$ASCII_pit_57_Literal will be placed at 8024CE30 (length = C bytes)
$ASCII_pit_69_Literal will be placed at 8024CE3C (length = C bytes)
$ASCII_pit_72_Literal will be placed at 8024CE48 (length = C bytes)
$ASCII_pit_81_Literal will be placed at 8024CE54 (length = C bytes)
$ASCII_pit_43_Literal will be placed at 8024CE60 (length = C bytes)
$ASCII_pit_28_Literal will be placed at 8024CE6C (length = C bytes)
$ASCII_pit_78_Literal will be placed at 8024CE78 (length = C bytes)
$ASCII_pit_63_Literal will be placed at 8024CE84 (length = C bytes)
$ASCII_pit_46_Literal will be placed at 8024CE90 (length = C bytes)
$ASCII_pit_95_Literal will be placed at 8024CE9C (length = C bytes)
$ASCII_pit_16_Literal will be placed at 8024CEA8 (length = C bytes)
$ASCII_pit_37_Literal will be placed at 8024CEB4 (length = C bytes)
$ASCII_pit_22_Literal will be placed at 8024CEC0 (length = C bytes)
$ASCII_pit_05_Literal will be placed at 8024CECC (length = C bytes)
$ASCII_pit_25_Literal will be placed at 8024CED8 (length = C bytes)
$ASCII_pit_54_Literal will be placed at 8024CEE4 (length = C bytes)
$ASCII_pit_08_Literal will be placed at 8024CEF0 (length = C bytes)
$ASCII_pit_87_Literal will be placed at 8024CEFC (length = C bytes)
$ASCII_pit_75_Literal will be placed at 8024CF08 (length = C bytes)
$ASCII_pit_13_Literal will be placed at 8024CF14 (length = C bytes)
$ASCII_pit_32_Literal will be placed at 8024CF20 (length = C bytes)
$ASCII_pit_92_Literal will be placed at 8024CF2C (length = C bytes)
$ASCII_pit_17_Literal will be placed at 8024CF38 (length = C bytes)
$ASCII_pit_49_Literal will be placed at 8024CF44 (length = C bytes)
$ASCII_pit_77_Literal will be placed at 8024CF50 (length = C bytes)
$ASCII_pit_96_Literal will be placed at 8024CF5C (length = C bytes)
$ASCII_pit_68_Literal will be placed at 8024CF68 (length = C bytes)
$ASCII_pit_51_Literal will be placed at 8024CF74 (length = C bytes)
$ASCII_pit_04_Literal will be placed at 8024CF80 (length = C bytes)
$ASCII_pit_83_Literal will be placed at 8024CF8C (length = C bytes)
$ASCII_pit_86_Literal will be placed at 8024CF98 (length = C bytes)
$ASCII_pit_26_Literal will be placed at 8024CFA4 (length = C bytes)
$ASCII_pit_41_Literal will be placed at 8024CFB0 (length = C bytes)
$ASCII_pit_14_Literal will be placed at 8024CFBC (length = C bytes)
$ASCII_pit_74_Literal will be placed at 8024CFC8 (length = C bytes)
$ASCII_pit_60_Literal will be placed at 8024CFD4 (length = C bytes)
$ASCII_pit_59_Literal will be placed at 8024CFE0 (length = C bytes)
$ASCII_pit_93_Literal will be placed at 8024CFEC (length = C bytes)
$ASCII_pit_65_Literal will be placed at 8024CFF8 (length = C bytes)
$ASCII_pit_07_Literal will be placed at 8024D004 (length = C bytes)
$ASCII_pit_20_Literal will be placed at 8024D010 (length = C bytes)
$ASCII_pit_35_Literal will be placed at 8024D01C (length = C bytes)
$ASCII_pit_23_Literal will be placed at 8024D028 (length = C bytes)
$ASCII_pit_11_Literal will be placed at 8024D034 (length = C bytes)
$ASCII_pit_56_Literal will be placed at 8024D040 (length = C bytes)
$ASCII_pit_44_Literal will be placed at 8024D04C (length = C bytes)
$ASCII_pit_89_Literal will be placed at 8024D058 (length = C bytes)
$ASCII_pit_79_Literal will be placed at 8024D064 (length = C bytes)
$ASCII_pit_62_Literal will be placed at 8024D070 (length = C bytes)
$ASCII_pit_94_Literal will be placed at 8024D07C (length = C bytes)
$ASCII_pit_47_Literal will be placed at 8024D088 (length = C bytes)
$ASCII_pit_21_Literal will be placed at 8024D094 (length = C bytes)
$ASCII_pit_06_Literal will be placed at 8024D0A0 (length = C bytes)
$ASCII_pit_53_Literal will be placed at 8024D0AC (length = C bytes)
$ASCII_pit_09_Literal will be placed at 8024D0B8 (length = C bytes)
$ASCII_pit_88_Literal will be placed at 8024D0C4 (length = C bytes)
$ASCII_pit_38_Literal will be placed at 8024D0D0 (length = C bytes)
$ASCII_pit_24_Literal will be placed at 8024D0DC (length = C bytes)
$ASCII_pit_12_Literal will be placed at 8024D0E8 (length = C bytes)
$ASCII_pit_76_Literal will be placed at 8024D0F4 (length = C bytes)
$ASCII_pit_01_Literal will be placed at 8024D100 (length = C bytes)
$ASCII_pit_50_Literal will be placed at 8024D10C (length = C bytes)
$ASCII_pit_33_Literal will be placed at 8024D118 (length = C bytes)
$ASCII_pit_99_Literal will be placed at 8024D124 (length = C bytes)
$ASCII_pit_67_Literal will be placed at 8024D130 (length = C bytes)
$ASCII_pit_71_Literal will be placed at 8024D13C (length = C bytes)
$ASCII_pit_42_Literal will be placed at 8024D148 (length = C bytes)
$ASCII_pit_80_Literal will be placed at 8024D154 (length = C bytes)
$ASCII_pit_29_Literal will be placed at 8024D160 (length = C bytes)
$ASCII_pit_58_Literal will be placed at 8024D16C (length = C bytes)
$ASCII_pit_30_Literal will be placed at 8024D178 (length = C bytes)
$ASCII_pit_00_Literal will be placed at 8024D184 (length = C bytes)
$ASCII_pit_64_Literal will be placed at 8024D190 (length = C bytes)
$ASCII_pit_36_Literal will be placed at 8024D19C (length = C bytes)
$ASCII_pit_55_Literal will be placed at 8024D1A8 (length = C bytes)
$ASCII_pit_10_Literal will be placed at 8024D1B4 (length = C bytes)
$ASCII_pit_45_Literal will be placed at 8024D1C0 (length = C bytes)
$ASCII_pit_18_Literal will be placed at 8024D1CC (length = C bytes)
$ASCII_pit_48_Literal will be placed at 8024D1D8 (length = C bytes)
$ASCII_pit_03_Literal will be placed at 8024D1E4 (length = C bytes)
$ASCII_pit_31_Literal will be placed at 8024D1F0 (length = C bytes)
$ASCII_pit_91_Literal will be placed at 8024D1FC (length = C bytes)
$ASCII_pit_97_Literal will be placed at 8024D208 (length = C bytes)
$ASCII_pit_82_Literal will be placed at 8024D214 (length = C bytes)
$ASCII_pit_52_Literal will be placed at 8024D220 (length = C bytes)
$ASCII_pit_70_Literal will be placed at 8024D22C (length = C bytes)
$ASCII_pit_85_Literal will be placed at 8024D238 (length = C bytes)
$ASCII_pit_40_Literal will be placed at 8024D244 (length = C bytes)
$ASCII_pit_39_Literal will be placed at 8024D250 (length = C bytes)
$ASCII_pit_73_Literal will be placed at 8024D25C (length = C bytes)
$ASCII_pit_15_Literal will be placed at 8024D268 (length = C bytes)
$ASCII_pit_27_Literal will be placed at 8024D274 (length = C bytes)
$ASCII_pit_61_Literal will be placed at 8024D280 (length = C bytes)
$ConstDouble_802471E0 will be placed at 8024D28C (length = 8 bytes)
$ASCII_pit_842_Literal will be placed at 8024D294 (length = 8 bytes)
$ASCII_pit_100_Literal will be placed at 8024D29C (length = 8 bytes)
$ASCII_tik_tex_Literal will be placed at 8024D2A4 (length = 8 bytes)
$MoverCancel will be placed at 8024D2AC (length = 4 bytes)
$BanditMoverCancel will be placed at 8024D2B0 (length = 4 bytes)
Executing patch: pit_86.mpat
Loaded map pit_81
Creating struct: $EntryList
Creating struct: $DeepestLevel
Creating struct: $TotalLevels
Creating struct: $LoadHighscores
Creating struct: $FallingDownPipe
Creating struct: $Function_GetPos
Creating struct: $Function2
Creating struct: $SetSpawns
Creating struct: $Script_SetNPCPos
Creating struct: $SwitchPath
Creating struct: $VectorList_80244998
Creating struct: $GetPos
Creating struct: $Function_GetDamageTaken
Creating struct: $Function_ResetDamage
Creating struct: $DispawnParthner
Creating struct: $RespawnParthner
Creating struct: $LoadMap
Creating struct: $Script_LoadMapMover_Roguelike
Creating struct: $GetFloor
Creating struct: $LoadCoinsMover
Creating struct: $LoadMapBandit
Creating struct: $GetFloorBandit
Creating struct: $Script_Init_80243B20
Creating struct: $Script_80243A6C
Creating struct: $Script_AddCoins
Creating struct: $Script_SubstractCoins
Creating struct: $NPC_Settings_Sack
Creating struct: $Script_Init_Bag
Creating struct: $Script_Init_Bag_HitBox
Creating struct: $Script_NPC_SackHit_Init
Creating struct: $Script_NPC_Sack_FX
Creating struct: $NPC_Sack_AnimationStart
Creating struct: $NPC_Sack_AnimationEnd
Creating struct: $Script_SackAnimation_Start_GoToTheRight
Creating struct: $Script_SackAnimation_Start_GoToTheLeft
Creating struct: $Script_SackAnimation_End_Right
Creating struct: $Script_SackAnimation_End_Left
Creating struct: $Function_LoadGainedCoins
Creating struct: $Function_RevivePlayer
Creating struct: $AISettings_MoneySack
Creating struct: $Script_NpcAI_MoneySack
Creating struct: $JumpTable_80242448
Creating struct: $Function_NpcAI_MoneySack
Creating struct: $Function_80240260
Creating struct: $Function_80240844
Creating struct: $Function_802409A8
Creating struct: $Script_TrackPlayer
Creating struct: $Script_PipeAnimation
Creating struct: $Function_SetAnimation
Creating struct: $Function_GetColliderPos
Creating struct: $Function_TrackInput
Creating struct: $GoToNextLevel
Creating struct: $GoToNextLevel_Roguelike
Creating struct: $Script_SetSetsOfLevels
Creating struct: $Script_LoadMap_Roguelike
Creating struct: $Script_LoadChestMap_Roguelike
Creating struct: $Script_LoadMap_Mover_Roguelike
Creating struct: $Script_LoadChestMap_Mover_Roguelike
Creating struct: $GetFloorPit
Creating struct: $GetFloorSign
Creating struct: $Function_GetTattle1
Creating struct: $Function_GetTattle2
Creating struct: $Script_ReadSign
Creating struct: $Header
Creating struct: $Function_Init
Creating struct: $Script_Main
Creating struct: $NpcGroups
Creating struct: $NpcGroup_Mover
Creating struct: $BlankSettings
Creating struct: $Script_Init_Mover
Creating struct: $Interact_Mover
Creating struct: $Script_MoverWarpAnimation
Creating struct: $NpcGroup_BanditMover
Creating struct: $Script_Init_BanditMover
Creating struct: $Interact_BanditMover
Creating struct: $NpcGroup_Enemy1
Creating struct: $NpcGroup_Enemy2
Creating struct: $NpcGroup_Enemy3
Creating struct: $NpcGroup_Enemy4
Creating struct: $NpcGroup_Enemy5
Creating struct: $NpcGroup_Enemy6
Creating struct: $NpcSettings_Enemy1
Creating struct: $Script_EnemyAI
Creating struct: $AISettings_Enemy
Creating struct: $ConstDouble_802471E0
Creating struct: $JumpTable_802471E8
Creating struct: $Function_802406A4
Creating struct: $Function_80240310
Creating struct: $Function_8024038C
Creating struct: $Function_802404C0
Creating struct: $Function_80240624
Creating struct: $Script_DisableEnemyAI
Creating struct: $AISettings_DisableEnemy
Creating struct: $PipeSpawning
Creating struct: $Script_MakeEntities
Creating struct: $CommingDownPipe
Creating struct: $Script_MakeExits
Creating struct: $Script_Exit0
Merged 1 regions to 1
$Script_LoadMap_Mover_Roguelike will be placed at 80240000 (length = F14 bytes)
$LoadMap will be placed at 80240F14 (length = EF4 bytes)
$Script_ReadSign will be placed at 80241E08 (length = EEC bytes)
$LoadMapBandit will be placed at 80242CF4 (length = EA4 bytes)
$Script_LoadMap_Roguelike will be placed at 80243B98 (length = D9C bytes)
$GoToNextLevel will be placed at 80244934 (length = D10 bytes)
$GoToNextLevel_Roguelike will be placed at 80245644 (length = 868 bytes)
$Function_80240260 will be placed at 80245EAC (length = 5E4 bytes)
$Function_802406A4 will be placed at 80246490 (length = 440 bytes)
$SetSpawns will be placed at 802468D0 (length = 384 bytes)
$FallingDownPipe will be placed at 80246C54 (length = 37C bytes)
$Script_SetSetsOfLevels will be placed at 80246FD0 (length = 358 bytes)
$Script_SetNPCPos will be placed at 80247328 (length = 2F4 bytes)
$Function_NpcAI_MoneySack will be placed at 8024761C (length = 238 bytes)
$Script_SackAnimation_Start_GoToTheRight will be placed at 80247854 (length = 230 bytes)
$Script_SackAnimation_Start_GoToTheLeft will be placed at 80247A84 (length = 1F8 bytes)
$Interact_Mover will be placed at 80247C7C (length = 1F8 bytes)
$NpcGroup_Enemy3 will be placed at 80247E74 (length = 1F0 bytes)
$NpcGroup_Enemy4 will be placed at 80248064 (length = 1F0 bytes)
$NpcGroup_Enemy5 will be placed at 80248254 (length = 1F0 bytes)
$NpcGroup_Enemy6 will be placed at 80248444 (length = 1F0 bytes)
$NpcGroup_Enemy1 will be placed at 80248634 (length = 1F0 bytes)
$NpcGroup_Enemy2 will be placed at 80248824 (length = 1F0 bytes)
$NpcGroup_Mover will be placed at 80248A14 (length = 1F0 bytes)
$NpcGroup_BanditMover will be placed at 80248C04 (length = 1F0 bytes)
$Interact_BanditMover will be placed at 80248DF4 (length = 1EC bytes)
$Script_PipeAnimation will be placed at 80248FE0 (length = 1D0 bytes)
$JumpTable_80242448 will be placed at 802491B0 (length = 190 bytes)
$Script_LoadChestMap_Mover_Roguelike will be placed at 80249340 (length = 18C bytes)
$PipeSpawning will be placed at 802494CC (length = 178 bytes)
$NPC_Sack_AnimationStart will be placed at 80249644 (length = 168 bytes)
$Function_80240844 will be placed at 802497AC (length = 164 bytes)
$Script_LoadChestMap_Roguelike will be placed at 80249910 (length = 164 bytes)
$Function_802404C0 will be placed at 80249A74 (length = 164 bytes)
$Script_NPC_SackHit_Init will be placed at 80249BD8 (length = 160 bytes)
$Script_SackAnimation_End_Right will be placed at 80249D38 (length = 158 bytes)
$Script_SackAnimation_End_Left will be placed at 80249E90 (length = 150 bytes)
$MapTattle5 will be placed at 80249FE0 (length = 13C bytes)
$Function_8024038C will be placed at 8024A11C (length = 138 bytes)
$MapTattle4 will be placed at 8024A254 (length = 130 bytes)
$GetFloor will be placed at 8024A384 (length = 12C bytes)
$BanditMover_Tattle will be placed at 8024A4B0 (length = 124 bytes)
$Script_Main will be placed at 8024A5D4 (length = 120 bytes)
$Script_80243A6C will be placed at 8024A6F4 (length = 114 bytes)
$Script_SubstractCoins will be placed at 8024A808 (length = 10C bytes)
$Script_LoadMapMover_Roguelike will be placed at 8024A914 (length = 104 bytes)
$GetFloorBandit will be placed at 8024AA18 (length = F4 bytes)
$Script_MoverWarpAnimation will be placed at 8024AB0C (length = F0 bytes)
$Function_GetColliderPos will be placed at 8024ABFC (length = E0 bytes)
$Function_GetPos will be placed at 8024ACDC (length = E0 bytes)
$Script_TrackPlayer will be placed at 8024ADBC (length = DC bytes)
$MapTattle2 will be placed at 8024AE98 (length = D4 bytes)
$Function_TrackInput will be placed at 8024AF6C (length = BC bytes)
$MapTattle3 will be placed at 8024B028 (length = B0 bytes)
$Script_MakeEntities will be placed at 8024B0D8 (length = A8 bytes)
$MapTattle1 will be placed at 8024B180 (length = A8 bytes)
$Script_NpcAI_MoneySack will be placed at 8024B228 (length = A8 bytes)
$MoverStart will be placed at 8024B2D0 (length = A4 bytes)
$SwitchPath will be placed at 8024B374 (length = A4 bytes)
$Script_NPC_Sack_FX will be placed at 8024B418 (length = A4 bytes)
$GetPos will be placed at 8024B4BC (length = 9C bytes)
$Script_AddCoins will be placed at 8024B558 (length = 98 bytes)
$BanditMoverStart will be placed at 8024B5F0 (length = 98 bytes)
$Mover_Tattle will be placed at 8024B688 (length = 94 bytes)
$Function_GetTattle1 will be placed at 8024B71C (length = 8C bytes)
$NPC_Sack_AnimationEnd will be placed at 8024B7A8 (length = 84 bytes)
$Function_80240624 will be placed at 8024B82C (length = 80 bytes)
$BanditMover_Options will be placed at 8024B8AC (length = 80 bytes)
$SignStringBug will be placed at 8024B92C (length = 7C bytes)
$Function_80240310 will be placed at 8024B9A8 (length = 7C bytes)
$LoadHighscores will be placed at 8024BA24 (length = 7C bytes)
$Mover_Options will be placed at 8024BAA0 (length = 78 bytes)
$Script_EnemyAI will be placed at 8024BB18 (length = 70 bytes)
$NpcGroups will be placed at 8024BB88 (length = 6C bytes)
$DeepestLevel will be placed at 8024BBF4 (length = 6C bytes)
$Function2 will be placed at 8024BC60 (length = 6C bytes)
$LoadCoinsMover will be placed at 8024BCCC (length = 6C bytes)
$Function_SetAnimation will be placed at 8024BD38 (length = 6C bytes)
$GetFloorPit will be placed at 8024BDA4 (length = 68 bytes)
$MoverEnd will be placed at 8024BE0C (length = 68 bytes)
$BanditMoverEnd will be placed at 8024BE74 (length = 68 bytes)
$GetFloorSign will be placed at 8024BEDC (length = 64 bytes)
$BanditMoverNoCoins will be placed at 8024BF40 (length = 58 bytes)
$MoverNoCoins will be placed at 8024BF98 (length = 58 bytes)
$JumpTable_802471E8 will be placed at 8024BFF0 (length = 54 bytes)
$Function_GetTattle2 will be placed at 8024C044 (length = 48 bytes)
$CommingDownPipe will be placed at 8024C08C (length = 48 bytes)
$Script_Exit0 will be placed at 8024C0D4 (length = 48 bytes)
$Function_LoadGainedCoins will be placed at 8024C11C (length = 48 bytes)
$Function_Init will be placed at 8024C164 (length = 44 bytes)
$Function_802409A8 will be placed at 8024C1A8 (length = 44 bytes)
$Header will be placed at 8024C1EC (length = 40 bytes)
$Script_Init_Bag will be placed at 8024C22C (length = 38 bytes)
$TotalLevels will be placed at 8024C264 (length = 38 bytes)
$Script_Init_Bag_HitBox will be placed at 8024C29C (length = 38 bytes)
$DispawnParthner will be placed at 8024C2D4 (length = 34 bytes)
$Function_ResetDamage will be placed at 8024C308 (length = 34 bytes)
$AISettings_MoneySack will be placed at 8024C33C (length = 30 bytes)
$AISettings_Enemy will be placed at 8024C36C (length = 30 bytes)
$AISettings_DisableEnemy will be placed at 8024C39C (length = 30 bytes)
$RespawnParthner will be placed at 8024C3CC (length = 30 bytes)
$NPC_Settings_Sack will be placed at 8024C3FC (length = 2C bytes)
$Function_GetDamageTaken will be placed at 8024C428 (length = 2C bytes)
$NpcSettings_Enemy1 will be placed at 8024C454 (length = 2C bytes)
$Function_RevivePlayer will be placed at 8024C480 (length = 2C bytes)
$String_CoinsGained will be placed at 8024C4AC (length = 2C bytes)
$BlankSettings will be placed at 8024C4D8 (length = 2C bytes)
$Script_MakeExits will be placed at 8024C504 (length = 2C bytes)
$VectorList_80244998 will be placed at 8024C530 (length = 24 bytes)
$Script_Init_80243B20 will be placed at 8024C554 (length = 24 bytes)
$Script_Init_Mover will be placed at 8024C578 (length = 24 bytes)
$Script_Init_BanditMover will be placed at 8024C59C (length = 24 bytes)
$Script_DisableEnemyAI will be placed at 8024C5C0 (length = 20 bytes)
$EntryList will be placed at 8024C5E0 (length = 20 bytes)
$SignString100 will be placed at 8024C600 (length = 18 bytes)
$SignString1 will be placed at 8024C618 (length = 14 bytes)
$SignString99 will be placed at 8024C62C (length = 14 bytes)
$SignString98 will be placed at 8024C640 (length = 14 bytes)
$SignString97 will be placed at 8024C654 (length = 14 bytes)
$SignString96 will be placed at 8024C668 (length = 14 bytes)
$SignString95 will be placed at 8024C67C (length = 14 bytes)
$SignString94 will be placed at 8024C690 (length = 14 bytes)
$SignString93 will be placed at 8024C6A4 (length = 14 bytes)
$SignString92 will be placed at 8024C6B8 (length = 14 bytes)
$SignString91 will be placed at 8024C6CC (length = 14 bytes)
$SignString90 will be placed at 8024C6E0 (length = 14 bytes)
$SignString59 will be placed at 8024C6F4 (length = 14 bytes)
$SignString58 will be placed at 8024C708 (length = 14 bytes)
$SignString57 will be placed at 8024C71C (length = 14 bytes)
$SignString56 will be placed at 8024C730 (length = 14 bytes)
$SignString55 will be placed at 8024C744 (length = 14 bytes)
$SignString54 will be placed at 8024C758 (length = 14 bytes)
$SignString53 will be placed at 8024C76C (length = 14 bytes)
$SignString52 will be placed at 8024C780 (length = 14 bytes)
$SignString51 will be placed at 8024C794 (length = 14 bytes)
$SignString50 will be placed at 8024C7A8 (length = 14 bytes)
$SignString69 will be placed at 8024C7BC (length = 14 bytes)
$SignString68 will be placed at 8024C7D0 (length = 14 bytes)
$SignString67 will be placed at 8024C7E4 (length = 14 bytes)
$SignString66 will be placed at 8024C7F8 (length = 14 bytes)
$SignString65 will be placed at 8024C80C (length = 14 bytes)
$SignString64 will be placed at 8024C820 (length = 14 bytes)
$SignString63 will be placed at 8024C834 (length = 14 bytes)
$SignString62 will be placed at 8024C848 (length = 14 bytes)
$SignString61 will be placed at 8024C85C (length = 14 bytes)
$SignString60 will be placed at 8024C870 (length = 14 bytes)
$SignString79 will be placed at 8024C884 (length = 14 bytes)
$SignString78 will be placed at 8024C898 (length = 14 bytes)
$SignString77 will be placed at 8024C8AC (length = 14 bytes)
$SignString76 will be placed at 8024C8C0 (length = 14 bytes)
$SignString75 will be placed at 8024C8D4 (length = 14 bytes)
$SignString74 will be placed at 8024C8E8 (length = 14 bytes)
$SignString73 will be placed at 8024C8FC (length = 14 bytes)
$SignString72 will be placed at 8024C910 (length = 14 bytes)
$SignString71 will be placed at 8024C924 (length = 14 bytes)
$SignString70 will be placed at 8024C938 (length = 14 bytes)
$SignString89 will be placed at 8024C94C (length = 14 bytes)
$SignString88 will be placed at 8024C960 (length = 14 bytes)
$SignString87 will be placed at 8024C974 (length = 14 bytes)
$SignString86 will be placed at 8024C988 (length = 14 bytes)
$SignString85 will be placed at 8024C99C (length = 14 bytes)
$SignString84 will be placed at 8024C9B0 (length = 14 bytes)
$SignString83 will be placed at 8024C9C4 (length = 14 bytes)
$SignString82 will be placed at 8024C9D8 (length = 14 bytes)
$SignString81 will be placed at 8024C9EC (length = 14 bytes)
$SignString80 will be placed at 8024CA00 (length = 14 bytes)
$SignString19 will be placed at 8024CA14 (length = 14 bytes)
$SignString18 will be placed at 8024CA28 (length = 14 bytes)
$SignString17 will be placed at 8024CA3C (length = 14 bytes)
$SignString16 will be placed at 8024CA50 (length = 14 bytes)
$SignString15 will be placed at 8024CA64 (length = 14 bytes)
$SignString14 will be placed at 8024CA78 (length = 14 bytes)
$SignString13 will be placed at 8024CA8C (length = 14 bytes)
$SignString12 will be placed at 8024CAA0 (length = 14 bytes)
$SignString11 will be placed at 8024CAB4 (length = 14 bytes)
$SignString10 will be placed at 8024CAC8 (length = 14 bytes)
$SignString3 will be placed at 8024CADC (length = 14 bytes)
$SignString2 will be placed at 8024CAF0 (length = 14 bytes)
$SignString5 will be placed at 8024CB04 (length = 14 bytes)
$SignString4 will be placed at 8024CB18 (length = 14 bytes)
$SignString7 will be placed at 8024CB2C (length = 14 bytes)
$SignString6 will be placed at 8024CB40 (length = 14 bytes)
$SignString9 will be placed at 8024CB54 (length = 14 bytes)
$SignString8 will be placed at 8024CB68 (length = 14 bytes)
$SignString29 will be placed at 8024CB7C (length = 14 bytes)
$SignString28 will be placed at 8024CB90 (length = 14 bytes)
$SignString27 will be placed at 8024CBA4 (length = 14 bytes)
$SignString26 will be placed at 8024CBB8 (length = 14 bytes)
$SignString25 will be placed at 8024CBCC (length = 14 bytes)
$SignString24 will be placed at 8024CBE0 (length = 14 bytes)
$SignString23 will be placed at 8024CBF4 (length = 14 bytes)
$SignString22 will be placed at 8024CC08 (length = 14 bytes)
$SignString21 will be placed at 8024CC1C (length = 14 bytes)
$SignString20 will be placed at 8024CC30 (length = 14 bytes)
$SignString will be placed at 8024CC44 (length = 14 bytes)
$SignString39 will be placed at 8024CC58 (length = 14 bytes)
$SignString38 will be placed at 8024CC6C (length = 14 bytes)
$SignString37 will be placed at 8024CC80 (length = 14 bytes)
$SignString36 will be placed at 8024CC94 (length = 14 bytes)
$SignString35 will be placed at 8024CCA8 (length = 14 bytes)
$SignString34 will be placed at 8024CCBC (length = 14 bytes)
$SignString33 will be placed at 8024CCD0 (length = 14 bytes)
$SignString32 will be placed at 8024CCE4 (length = 14 bytes)
$SignString31 will be placed at 8024CCF8 (length = 14 bytes)
$SignString30 will be placed at 8024CD0C (length = 14 bytes)
$SignString49 will be placed at 8024CD20 (length = 14 bytes)
$SignString48 will be placed at 8024CD34 (length = 14 bytes)
$SignString47 will be placed at 8024CD48 (length = 14 bytes)
$SignString46 will be placed at 8024CD5C (length = 14 bytes)
$SignString45 will be placed at 8024CD70 (length = 14 bytes)
$SignString44 will be placed at 8024CD84 (length = 14 bytes)
$SignString43 will be placed at 8024CD98 (length = 14 bytes)
$SignString42 will be placed at 8024CDAC (length = 14 bytes)
$SignString41 will be placed at 8024CDC0 (length = 14 bytes)
$SignString40 will be placed at 8024CDD4 (length = 14 bytes)
$ASCII_pit_02_Literal will be placed at 8024CDE8 (length = C bytes)
$ASCII_pit_90_Literal will be placed at 8024CDF4 (length = C bytes)
$ASCII_pit_34_Literal will be placed at 8024CE00 (length = C bytes)
$ASCII_pit_66_Literal will be placed at 8024CE0C (length = C bytes)
$ASCII_pit_98_Literal will be placed at 8024CE18 (length = C bytes)
$ASCII_pit_19_Literal will be placed at 8024CE24 (length = C bytes)
$ASCII_pit_57_Literal will be placed at 8024CE30 (length = C bytes)
$ASCII_pit_69_Literal will be placed at 8024CE3C (length = C bytes)
$ASCII_pit_72_Literal will be placed at 8024CE48 (length = C bytes)
$ASCII_pit_81_Literal will be placed at 8024CE54 (length = C bytes)
$ASCII_pit_43_Literal will be placed at 8024CE60 (length = C bytes)
$ASCII_pit_28_Literal will be placed at 8024CE6C (length = C bytes)
$ASCII_pit_78_Literal will be placed at 8024CE78 (length = C bytes)
$ASCII_pit_63_Literal will be placed at 8024CE84 (length = C bytes)
$ASCII_pit_46_Literal will be placed at 8024CE90 (length = C bytes)
$ASCII_pit_95_Literal will be placed at 8024CE9C (length = C bytes)
$ASCII_pit_16_Literal will be placed at 8024CEA8 (length = C bytes)
$ASCII_pit_37_Literal will be placed at 8024CEB4 (length = C bytes)
$ASCII_pit_22_Literal will be placed at 8024CEC0 (length = C bytes)
$ASCII_pit_05_Literal will be placed at 8024CECC (length = C bytes)
$ASCII_pit_25_Literal will be placed at 8024CED8 (length = C bytes)
$ASCII_pit_54_Literal will be placed at 8024CEE4 (length = C bytes)
$ASCII_pit_08_Literal will be placed at 8024CEF0 (length = C bytes)
$ASCII_pit_87_Literal will be placed at 8024CEFC (length = C bytes)
$ASCII_pit_75_Literal will be placed at 8024CF08 (length = C bytes)
$ASCII_pit_13_Literal will be placed at 8024CF14 (length = C bytes)
$ASCII_pit_32_Literal will be placed at 8024CF20 (length = C bytes)
$ASCII_pit_92_Literal will be placed at 8024CF2C (length = C bytes)
$ASCII_pit_17_Literal will be placed at 8024CF38 (length = C bytes)
$ASCII_pit_49_Literal will be placed at 8024CF44 (length = C bytes)
$ASCII_pit_77_Literal will be placed at 8024CF50 (length = C bytes)
$ASCII_pit_96_Literal will be placed at 8024CF5C (length = C bytes)
$ASCII_pit_68_Literal will be placed at 8024CF68 (length = C bytes)
$ASCII_pit_51_Literal will be placed at 8024CF74 (length = C bytes)
$ASCII_pit_04_Literal will be placed at 8024CF80 (length = C bytes)
$ASCII_pit_83_Literal will be placed at 8024CF8C (length = C bytes)
$ASCII_pit_86_Literal will be placed at 8024CF98 (length = C bytes)
$ASCII_pit_26_Literal will be placed at 8024CFA4 (length = C bytes)
$ASCII_pit_41_Literal will be placed at 8024CFB0 (length = C bytes)
$ASCII_pit_14_Literal will be placed at 8024CFBC (length = C bytes)
$ASCII_pit_74_Literal will be placed at 8024CFC8 (length = C bytes)
$ASCII_pit_60_Literal will be placed at 8024CFD4 (length = C bytes)
$ASCII_pit_59_Literal will be placed at 8024CFE0 (length = C bytes)
$ASCII_pit_93_Literal will be placed at 8024CFEC (length = C bytes)
$ASCII_pit_65_Literal will be placed at 8024CFF8 (length = C bytes)
$ASCII_pit_07_Literal will be placed at 8024D004 (length = C bytes)
$ASCII_pit_20_Literal will be placed at 8024D010 (length = C bytes)
$ASCII_pit_35_Literal will be placed at 8024D01C (length = C bytes)
$ASCII_pit_23_Literal will be placed at 8024D028 (length = C bytes)
$ASCII_pit_11_Literal will be placed at 8024D034 (length = C bytes)
$ASCII_pit_56_Literal will be placed at 8024D040 (length = C bytes)
$ASCII_pit_44_Literal will be placed at 8024D04C (length = C bytes)
$ASCII_pit_89_Literal will be placed at 8024D058 (length = C bytes)
$ASCII_pit_79_Literal will be placed at 8024D064 (length = C bytes)
$ASCII_pit_62_Literal will be placed at 8024D070 (length = C bytes)
$ASCII_pit_94_Literal will be placed at 8024D07C (length = C bytes)
$ASCII_pit_47_Literal will be placed at 8024D088 (length = C bytes)
$ASCII_pit_21_Literal will be placed at 8024D094 (length = C bytes)
$ASCII_pit_06_Literal will be placed at 8024D0A0 (length = C bytes)
$ASCII_pit_53_Literal will be placed at 8024D0AC (length = C bytes)
$ASCII_pit_09_Literal will be placed at 8024D0B8 (length = C bytes)
$ASCII_pit_88_Literal will be placed at 8024D0C4 (length = C bytes)
$ASCII_pit_38_Literal will be placed at 8024D0D0 (length = C bytes)
$ASCII_pit_24_Literal will be placed at 8024D0DC (length = C bytes)
$ASCII_pit_12_Literal will be placed at 8024D0E8 (length = C bytes)
$ASCII_pit_76_Literal will be placed at 8024D0F4 (length = C bytes)
$ASCII_pit_01_Literal will be placed at 8024D100 (length = C bytes)
$ASCII_pit_50_Literal will be placed at 8024D10C (length = C bytes)
$ASCII_pit_33_Literal will be placed at 8024D118 (length = C bytes)
$ASCII_pit_99_Literal will be placed at 8024D124 (length = C bytes)
$ASCII_pit_67_Literal will be placed at 8024D130 (length = C bytes)
$ASCII_pit_71_Literal will be placed at 8024D13C (length = C bytes)
$ASCII_pit_42_Literal will be placed at 8024D148 (length = C bytes)
$ASCII_pit_80_Literal will be placed at 8024D154 (length = C bytes)
$ASCII_pit_29_Literal will be placed at 8024D160 (length = C bytes)
$ASCII_pit_58_Literal will be placed at 8024D16C (length = C bytes)
$ASCII_pit_30_Literal will be placed at 8024D178 (length = C bytes)
$ASCII_pit_00_Literal will be placed at 8024D184 (length = C bytes)
$ASCII_pit_64_Literal will be placed at 8024D190 (length = C bytes)
$ASCII_pit_36_Literal will be placed at 8024D19C (length = C bytes)
$ASCII_pit_55_Literal will be placed at 8024D1A8 (length = C bytes)
$ASCII_pit_10_Literal will be placed at 8024D1B4 (length = C bytes)
$ASCII_pit_45_Literal will be placed at 8024D1C0 (length = C bytes)
$ASCII_pit_18_Literal will be placed at 8024D1CC (length = C bytes)
$ASCII_pit_48_Literal will be placed at 8024D1D8 (length = C bytes)
$ASCII_pit_03_Literal will be placed at 8024D1E4 (length = C bytes)
$ASCII_pit_31_Literal will be placed at 8024D1F0 (length = C bytes)
$ASCII_pit_91_Literal will be placed at 8024D1FC (length = C bytes)
$ASCII_pit_97_Literal will be placed at 8024D208 (length = C bytes)
$ASCII_pit_82_Literal will be placed at 8024D214 (length = C bytes)
$ASCII_pit_52_Literal will be placed at 8024D220 (length = C bytes)
$ASCII_pit_70_Literal will be placed at 8024D22C (length = C bytes)
$ASCII_pit_85_Literal will be placed at 8024D238 (length = C bytes)
$ASCII_pit_40_Literal will be placed at 8024D244 (length = C bytes)
$ASCII_pit_39_Literal will be placed at 8024D250 (length = C bytes)
$ASCII_pit_73_Literal will be placed at 8024D25C (length = C bytes)
$ASCII_pit_15_Literal will be placed at 8024D268 (length = C bytes)
$ASCII_pit_27_Literal will be placed at 8024D274 (length = C bytes)
$ASCII_pit_61_Literal will be placed at 8024D280 (length = C bytes)
$ConstDouble_802471E0 will be placed at 8024D28C (length = 8 bytes)
$ASCII_pit_842_Literal will be placed at 8024D294 (length = 8 bytes)
$ASCII_pit_100_Literal will be placed at 8024D29C (length = 8 bytes)
$ASCII_tik_tex_Literal will be placed at 8024D2A4 (length = 8 bytes)
$MoverCancel will be placed at 8024D2AC (length = 4 bytes)
$BanditMoverCancel will be placed at 8024D2B0 (length = 4 bytes)
Executing patch: pit_87.mpat
Loaded map pit_87
Creating struct: $EntryList
Creating struct: $DeepestLevel
Creating struct: $TotalLevels
Creating struct: $LoadHighscores
Creating struct: $FallingDownPipe
Creating struct: $Function_GetPos
Creating struct: $Function2
Creating struct: $SetSpawns
Creating struct: $Script_SetNPCPos
Creating struct: $SwitchPath
Creating struct: $VectorList_80244998
Creating struct: $GetPos
Creating struct: $Function_GetDamageTaken
Creating struct: $Function_ResetDamage
Creating struct: $DispawnParthner
Creating struct: $RespawnParthner
Creating struct: $LoadMap
Creating struct: $Script_LoadMapMover_Roguelike
Creating struct: $GetFloor
Creating struct: $LoadCoinsMover
Creating struct: $LoadMapBandit
Creating struct: $GetFloorBandit
Creating struct: $SetSpawnsSpecial
Creating struct: $Function_LoadCoinsInToVar1
Creating struct: $Script_SetSpawnPosition
Creating struct: $Script_Init_80243B20
Creating struct: $Script_80243A6C
Creating struct: $Script_AddCoins
Creating struct: $Script_SubstractCoins
Creating struct: $NPC_Settings_Sack
Creating struct: $Script_Init_Bag
Creating struct: $Script_Init_Bag_HitBox
Creating struct: $Script_NPC_SackHit_Init
Creating struct: $Script_NPC_Sack_FX
Creating struct: $NPC_Sack_AnimationStart
Creating struct: $NPC_Sack_AnimationEnd
Creating struct: $Script_SackAnimation_Start_GoToTheRight
Creating struct: $Script_SackAnimation_Start_GoToTheLeft
Creating struct: $Script_SackAnimation_End_Right
Creating struct: $Script_SackAnimation_End_Left
Creating struct: $Function_LoadGainedCoins
Creating struct: $Function_RevivePlayer
Creating struct: $AISettings_MoneySack
Creating struct: $Script_NpcAI_MoneySack
Creating struct: $JumpTable_80242448
Creating struct: $Function_NpcAI_MoneySack
Creating struct: $Function_80240260
Creating struct: $Function_80240844
Creating struct: $Function_802409A8
Creating struct: $Script_TrackPlayer
Creating struct: $Script_PipeAnimation
Creating struct: $Function_SetAnimation
Creating struct: $Function_GetColliderPos
Creating struct: $Function_TrackInput
Creating struct: $GoToNextLevel
Creating struct: $GoToNextLevel_Roguelike
Creating struct: $Script_SetSetsOfLevels
Creating struct: $Script_LoadMap_Roguelike
Creating struct: $Script_LoadChestMap_Roguelike
Creating struct: $Script_LoadMap_Mover_Roguelike
Creating struct: $Script_LoadChestMap_Mover_Roguelike
Creating struct: $GetFloorPit
Creating struct: $GetFloorSign
Creating struct: $Function_GetTattle1
Creating struct: $Function_GetTattle2
Creating struct: $Script_ReadSign
Creating struct: $Header
Creating struct: $Function_Init
Creating struct: $Script_Main
Creating struct: $NpcGroup1
Creating struct: $NpcGroup2
Creating struct: $NpcGroup3
Creating struct: $NpcGroup4
Creating struct: $NpcGroup5
Creating struct: $NpcGroup6
Creating struct: $NpcGroup7
Creating struct: $NpcGroups
Creating struct: $NpcGroup_Mover
Creating struct: $BlankSettings
Creating struct: $Script_Init_Mover
Creating struct: $Interact_Mover
Creating struct: $Script_MoverWarpAnimation
Creating struct: $NpcGroup_BanditMover
Creating struct: $Script_Init_BanditMover
Creating struct: $Interact_BanditMover
Creating struct: $ExtraAnimationList_8024437C
Creating struct: $NpcGroup_Enemy1
Creating struct: $NpcGroup_Enemy2
Creating struct: $NpcGroup_Enemy3
Creating struct: $NpcGroup_Enemy4
Creating struct: $NpcGroup_Enemy5
Creating struct: $NpcGroup_Enemy6
Creating struct: $NpcSettings_Enemy1
Creating struct: $NpcSettings_Hammer
Creating struct: $Script_EnemyAI
Creating struct: $Script_HammerAI
Creating struct: $AISettings_Enemy
Creating struct: $AISettings_Hammer
Creating struct: $Script_80244188
Creating struct: $Script_80244178
Creating struct: $Function_8024086C
Creating struct: $Function_80241524
Creating struct: $Function_80240DA8
Creating struct: $ConstDouble_80245B20
Creating struct: $ConstDouble_80245B28
Creating struct: $ConstDouble_80245B30
Creating struct: $ConstDouble_80245B38
Creating struct: $ConstDouble_80245B40
Creating struct: $JumpTable_80245B48
Creating struct: $Function_80241204
Creating struct: $Function_80240500
Creating struct: $Function_80240310
Creating struct: $Function_80240644
Creating struct: $Function_80240744
Creating struct: $Function_80240788
Creating struct: $Function_80240828
Creating struct: $Script_DisableEnemyAI
Creating struct: $AISettings_DisableEnemy
Creating struct: $PipeSpawning
Creating struct: $Script_MakeEntities
Creating struct: $CommingDownPipe
Creating struct: $Script_MakeExits
Creating struct: $Script_Exit0
Merged 1 regions to 1
$Script_LoadMap_Mover_Roguelike will be placed at 80240000 (length = F14 bytes)
$LoadMap will be placed at 80240F14 (length = EF4 bytes)
$Script_ReadSign will be placed at 80241E08 (length = EEC bytes)
$LoadMapBandit will be placed at 80242CF4 (length = EA4 bytes)
$Script_LoadMap_Roguelike will be placed at 80243B98 (length = D9C bytes)
$NpcGroup_Enemy3 will be placed at 80244934 (length = D90 bytes)
$NpcGroup_Enemy4 will be placed at 802456C4 (length = D90 bytes)
$NpcGroup_Enemy5 will be placed at 80246454 (length = D90 bytes)
$NpcGroup_Enemy6 will be placed at 802471E4 (length = D90 bytes)
$NpcGroup_Enemy1 will be placed at 80247F74 (length = D90 bytes)
$NpcGroup_Enemy2 will be placed at 80248D04 (length = D90 bytes)
$GoToNextLevel will be placed at 80249A94 (length = D10 bytes)
$GoToNextLevel_Roguelike will be placed at 8024A7A4 (length = 868 bytes)
$SetSpawnsSpecial will be placed at 8024B00C (length = 608 bytes)
$Function_80240260 will be placed at 8024B614 (length = 5E4 bytes)
$Function_8024086C will be placed at 8024BBF8 (length = 53C bytes)
$Function_80240DA8 will be placed at 8024C134 (length = 468 bytes)
$SetSpawns will be placed at 8024C59C (length = 384 bytes)
$FallingDownPipe will be placed at 8024C920 (length = 37C bytes)
$Script_SetSetsOfLevels will be placed at 8024CC9C (length = 358 bytes)
$Function_80241204 will be placed at 8024CFF4 (length = 320 bytes)
$Script_SetNPCPos will be placed at 8024D314 (length = 2F4 bytes)
$Script_Main will be placed at 8024D608 (length = 2A0 bytes)
$Function_NpcAI_MoneySack will be placed at 8024D8A8 (length = 238 bytes)
$Script_SetSpawnPosition will be placed at 8024DAE0 (length = 234 bytes)
$Script_SackAnimation_Start_GoToTheRight will be placed at 8024DD14 (length = 230 bytes)
$Script_SackAnimation_Start_GoToTheLeft will be placed at 8024DF44 (length = 1F8 bytes)
$Interact_Mover will be placed at 8024E13C (length = 1F8 bytes)
$Function_80240310 will be placed at 8024E334 (length = 1F8 bytes)
$NpcGroup_Mover will be placed at 8024E52C (length = 1F0 bytes)
$NpcGroup_BanditMover will be placed at 8024E71C (length = 1F0 bytes)
$Interact_BanditMover will be placed at 8024E90C (length = 1EC bytes)
$Script_PipeAnimation will be placed at 8024EAF8 (length = 1D0 bytes)
$Script_80244188 will be placed at 8024ECC8 (length = 1C8 bytes)
$JumpTable_80242448 will be placed at 8024EE90 (length = 190 bytes)
$JumpTable_80245B48 will be placed at 8024F020 (length = 190 bytes)
$Script_LoadChestMap_Mover_Roguelike will be placed at 8024F1B0 (length = 18C bytes)
$PipeSpawning will be placed at 8024F33C (length = 178 bytes)
$NPC_Sack_AnimationStart will be placed at 8024F4B4 (length = 168 bytes)
$Function_80240844 will be placed at 8024F61C (length = 164 bytes)
$Script_LoadChestMap_Roguelike will be placed at 8024F780 (length = 164 bytes)
$Script_NPC_SackHit_Init will be placed at 8024F8E4 (length = 160 bytes)
$Script_SackAnimation_End_Right will be placed at 8024FA44 (length = 158 bytes)
$Script_SackAnimation_End_Left will be placed at 8024FB9C (length = 150 bytes)
$Function_80240500 will be placed at 8024FCEC (length = 144 bytes)
$MapTattle5 will be placed at 8024FE30 (length = 13C bytes)
$MapTattle4 will be placed at 8024FF6C (length = 130 bytes)
$GetFloor will be placed at 8025009C (length = 12C bytes)
$BanditMover_Tattle will be placed at 802501C8 (length = 124 bytes)
$Script_80243A6C will be placed at 802502EC (length = 114 bytes)
$Script_SubstractCoins will be placed at 80250400 (length = 10C bytes)
$Script_LoadMapMover_Roguelike will be placed at 8025050C (length = 104 bytes)
$Function_80240644 will be placed at 80250610 (length = 100 bytes)
$GetFloorBandit will be placed at 80250710 (length = F4 bytes)
$Script_MoverWarpAnimation will be placed at 80250804 (length = F0 bytes)
$Function_GetColliderPos will be placed at 802508F4 (length = E0 bytes)
$Function_GetPos will be placed at 802509D4 (length = E0 bytes)
$Script_TrackPlayer will be placed at 80250AB4 (length = DC bytes)
$MapTattle2 will be placed at 80250B90 (length = D4 bytes)
$Function_TrackInput will be placed at 80250C64 (length = BC bytes)
$MapTattle3 will be placed at 80250D20 (length = B0 bytes)
$Script_MakeEntities will be placed at 80250DD0 (length = A8 bytes)
$MapTattle1 will be placed at 80250E78 (length = A8 bytes)
$Script_NpcAI_MoneySack will be placed at 80250F20 (length = A8 bytes)
$MoverStart will be placed at 80250FC8 (length = A4 bytes)
$SwitchPath will be placed at 8025106C (length = A4 bytes)
$Script_NPC_Sack_FX will be placed at 80251110 (length = A4 bytes)
$Function_80240788 will be placed at 802511B4 (length = A0 bytes)
$GetPos will be placed at 80251254 (length = 9C bytes)
$Script_AddCoins will be placed at 802512F0 (length = 98 bytes)
$BanditMoverStart will be placed at 80251388 (length = 98 bytes)
$Mover_Tattle will be placed at 80251420 (length = 94 bytes)
$Function_GetTattle1 will be placed at 802514B4 (length = 8C bytes)
$NPC_Sack_AnimationEnd will be placed at 80251540 (length = 84 bytes)
$BanditMover_Options will be placed at 802515C4 (length = 80 bytes)
$SignStringBug will be placed at 80251644 (length = 7C bytes)
$LoadHighscores will be placed at 802516C0 (length = 7C bytes)
$Mover_Options will be placed at 8025173C (length = 78 bytes)
$Script_EnemyAI will be placed at 802517B4 (length = 70 bytes)
$NpcGroups will be placed at 80251824 (length = 6C bytes)
$DeepestLevel will be placed at 80251890 (length = 6C bytes)
$Function2 will be placed at 802518FC (length = 6C bytes)
$LoadCoinsMover will be placed at 80251968 (length = 6C bytes)
$Function_SetAnimation will be placed at 802519D4 (length = 6C bytes)
$GetFloorPit will be placed at 80251A40 (length = 68 bytes)
$MoverEnd will be placed at 80251AA8 (length = 68 bytes)
$BanditMoverEnd will be placed at 80251B10 (length = 68 bytes)
$GetFloorSign will be placed at 80251B78 (length = 64 bytes)
$Script_HammerAI will be placed at 80251BDC (length = 5C bytes)
$BanditMoverNoCoins will be placed at 80251C38 (length = 58 bytes)
$MoverNoCoins will be placed at 80251C90 (length = 58 bytes)
$Function_GetTattle2 will be placed at 80251CE8 (length = 48 bytes)
$CommingDownPipe will be placed at 80251D30 (length = 48 bytes)
$Script_Exit0 will be placed at 80251D78 (length = 48 bytes)
$Function_LoadCoinsInToVar1 will be placed at 80251DC0 (length = 48 bytes)
$Function_LoadGainedCoins will be placed at 80251E08 (length = 48 bytes)
$Function_Init will be placed at 80251E50 (length = 44 bytes)
$Function_80240744 will be placed at 80251E94 (length = 44 bytes)
$Function_80240828 will be placed at 80251ED8 (length = 44 bytes)
$Function_802409A8 will be placed at 80251F1C (length = 44 bytes)
$Header will be placed at 80251F60 (length = 40 bytes)
$Script_Init_Bag will be placed at 80251FA0 (length = 38 bytes)
$TotalLevels will be placed at 80251FD8 (length = 38 bytes)
$Script_Init_Bag_HitBox will be placed at 80252010 (length = 38 bytes)
$Function_80241524 will be placed at 80252048 (length = 38 bytes)
$DispawnParthner will be placed at 80252080 (length = 34 bytes)
$Function_ResetDamage will be placed at 802520B4 (length = 34 bytes)
$AISettings_Hammer will be placed at 802520E8 (length = 30 bytes)
$AISettings_MoneySack will be placed at 80252118 (length = 30 bytes)
$AISettings_Enemy will be placed at 80252148 (length = 30 bytes)
$AISettings_DisableEnemy will be placed at 80252178 (length = 30 bytes)
$RespawnParthner will be placed at 802521A8 (length = 30 bytes)
$NPC_Settings_Sack will be placed at 802521D8 (length = 2C bytes)
$Function_GetDamageTaken will be placed at 80252204 (length = 2C bytes)
$NpcSettings_Enemy1 will be placed at 80252230 (length = 2C bytes)
$Function_RevivePlayer will be placed at 8025225C (length = 2C bytes)
$NpcSettings_Hammer will be placed at 80252288 (length = 2C bytes)
$String_CoinsGained will be placed at 802522B4 (length = 2C bytes)
$BlankSettings will be placed at 802522E0 (length = 2C bytes)
$Script_MakeExits will be placed at 8025230C (length = 2C bytes)
$NpcGroup7 will be placed at 80252338 (length = 24 bytes)
$VectorList_80244998 will be placed at 8025235C (length = 24 bytes)
$Script_Init_80243B20 will be placed at 80252380 (length = 24 bytes)
$Script_Init_Mover will be placed at 802523A4 (length = 24 bytes)
$Script_Init_BanditMover will be placed at 802523C8 (length = 24 bytes)
$Script_DisableEnemyAI will be placed at 802523EC (length = 20 bytes)
$EntryList will be placed at 8025240C (length = 20 bytes)
$NpcGroup6 will be placed at 8025242C (length = 18 bytes)
$NpcGroup3 will be placed at 80252444 (length = 18 bytes)
$NpcGroup2 will be placed at 8025245C (length = 18 bytes)
$NpcGroup5 will be placed at 80252474 (length = 18 bytes)
$NpcGroup4 will be placed at 8025248C (length = 18 bytes)
$NpcGroup1 will be placed at 802524A4 (length = 18 bytes)
$SignString100 will be placed at 802524BC (length = 18 bytes)
$SignString1 will be placed at 802524D4 (length = 14 bytes)
$SignString99 will be placed at 802524E8 (length = 14 bytes)
$SignString98 will be placed at 802524FC (length = 14 bytes)
$SignString97 will be placed at 80252510 (length = 14 bytes)
$SignString96 will be placed at 80252524 (length = 14 bytes)
$SignString95 will be placed at 80252538 (length = 14 bytes)
$SignString94 will be placed at 8025254C (length = 14 bytes)
$SignString93 will be placed at 80252560 (length = 14 bytes)
$SignString92 will be placed at 80252574 (length = 14 bytes)
$SignString91 will be placed at 80252588 (length = 14 bytes)
$SignString90 will be placed at 8025259C (length = 14 bytes)
$SignString59 will be placed at 802525B0 (length = 14 bytes)
$SignString58 will be placed at 802525C4 (length = 14 bytes)
$SignString57 will be placed at 802525D8 (length = 14 bytes)
$SignString56 will be placed at 802525EC (length = 14 bytes)
$SignString55 will be placed at 80252600 (length = 14 bytes)
$SignString54 will be placed at 80252614 (length = 14 bytes)
$SignString53 will be placed at 80252628 (length = 14 bytes)
$SignString52 will be placed at 8025263C (length = 14 bytes)
$SignString51 will be placed at 80252650 (length = 14 bytes)
$SignString50 will be placed at 80252664 (length = 14 bytes)
$SignString69 will be placed at 80252678 (length = 14 bytes)
$SignString68 will be placed at 8025268C (length = 14 bytes)
$SignString67 will be placed at 802526A0 (length = 14 bytes)
$SignString66 will be placed at 802526B4 (length = 14 bytes)
$SignString65 will be placed at 802526C8 (length = 14 bytes)
$SignString64 will be placed at 802526DC (length = 14 bytes)
$SignString63 will be placed at 802526F0 (length = 14 bytes)
$SignString62 will be placed at 80252704 (length = 14 bytes)
$SignString61 will be placed at 80252718 (length = 14 bytes)
$SignString60 will be placed at 8025272C (length = 14 bytes)
$SignString79 will be placed at 80252740 (length = 14 bytes)
$SignString78 will be placed at 80252754 (length = 14 bytes)
$SignString77 will be placed at 80252768 (length = 14 bytes)
$SignString76 will be placed at 8025277C (length = 14 bytes)
$SignString75 will be placed at 80252790 (length = 14 bytes)
$SignString74 will be placed at 802527A4 (length = 14 bytes)
$SignString73 will be placed at 802527B8 (length = 14 bytes)
$SignString72 will be placed at 802527CC (length = 14 bytes)
$SignString71 will be placed at 802527E0 (length = 14 bytes)
$SignString70 will be placed at 802527F4 (length = 14 bytes)
$SignString89 will be placed at 80252808 (length = 14 bytes)
$SignString88 will be placed at 8025281C (length = 14 bytes)
$SignString87 will be placed at 80252830 (length = 14 bytes)
$SignString86 will be placed at 80252844 (length = 14 bytes)
$SignString85 will be placed at 80252858 (length = 14 bytes)
$SignString84 will be placed at 8025286C (length = 14 bytes)
$SignString83 will be placed at 80252880 (length = 14 bytes)
$SignString82 will be placed at 80252894 (length = 14 bytes)
$SignString81 will be placed at 802528A8 (length = 14 bytes)
$SignString80 will be placed at 802528BC (length = 14 bytes)
$SignString19 will be placed at 802528D0 (length = 14 bytes)
$SignString18 will be placed at 802528E4 (length = 14 bytes)
$SignString17 will be placed at 802528F8 (length = 14 bytes)
$SignString16 will be placed at 8025290C (length = 14 bytes)
$SignString15 will be placed at 80252920 (length = 14 bytes)
$SignString14 will be placed at 80252934 (length = 14 bytes)
$SignString13 will be placed at 80252948 (length = 14 bytes)
$SignString12 will be placed at 8025295C (length = 14 bytes)
$SignString11 will be placed at 80252970 (length = 14 bytes)
$SignString10 will be placed at 80252984 (length = 14 bytes)
$SignString3 will be placed at 80252998 (length = 14 bytes)
$SignString2 will be placed at 802529AC (length = 14 bytes)
$SignString5 will be placed at 802529C0 (length = 14 bytes)
$SignString4 will be placed at 802529D4 (length = 14 bytes)
$SignString7 will be placed at 802529E8 (length = 14 bytes)
$SignString6 will be placed at 802529FC (length = 14 bytes)
$SignString9 will be placed at 80252A10 (length = 14 bytes)
$SignString8 will be placed at 80252A24 (length = 14 bytes)
$SignString29 will be placed at 80252A38 (length = 14 bytes)
$SignString28 will be placed at 80252A4C (length = 14 bytes)
$SignString27 will be placed at 80252A60 (length = 14 bytes)
$SignString26 will be placed at 80252A74 (length = 14 bytes)
$SignString25 will be placed at 80252A88 (length = 14 bytes)
$SignString24 will be placed at 80252A9C (length = 14 bytes)
$SignString23 will be placed at 80252AB0 (length = 14 bytes)
$SignString22 will be placed at 80252AC4 (length = 14 bytes)
$SignString21 will be placed at 80252AD8 (length = 14 bytes)
$SignString20 will be placed at 80252AEC (length = 14 bytes)
$SignString will be placed at 80252B00 (length = 14 bytes)
$SignString39 will be placed at 80252B14 (length = 14 bytes)
$SignString38 will be placed at 80252B28 (length = 14 bytes)
$SignString37 will be placed at 80252B3C (length = 14 bytes)
$SignString36 will be placed at 80252B50 (length = 14 bytes)
$SignString35 will be placed at 80252B64 (length = 14 bytes)
$SignString34 will be placed at 80252B78 (length = 14 bytes)
$SignString33 will be placed at 80252B8C (length = 14 bytes)
$SignString32 will be placed at 80252BA0 (length = 14 bytes)
$SignString31 will be placed at 80252BB4 (length = 14 bytes)
$SignString30 will be placed at 80252BC8 (length = 14 bytes)
$SignString49 will be placed at 80252BDC (length = 14 bytes)
$SignString48 will be placed at 80252BF0 (length = 14 bytes)
$SignString47 will be placed at 80252C04 (length = 14 bytes)
$SignString46 will be placed at 80252C18 (length = 14 bytes)
$SignString45 will be placed at 80252C2C (length = 14 bytes)
$SignString44 will be placed at 80252C40 (length = 14 bytes)
$SignString43 will be placed at 80252C54 (length = 14 bytes)
$SignString42 will be placed at 80252C68 (length = 14 bytes)
$SignString41 will be placed at 80252C7C (length = 14 bytes)
$SignString40 will be placed at 80252C90 (length = 14 bytes)
$Script_80244178 will be placed at 80252CA4 (length = 10 bytes)
$ASCII_pit_02_Literal will be placed at 80252CB4 (length = C bytes)
$ASCII_pit_90_Literal will be placed at 80252CC0 (length = C bytes)
$ASCII_pit_34_Literal will be placed at 80252CCC (length = C bytes)
$ASCII_pit_66_Literal will be placed at 80252CD8 (length = C bytes)
$ASCII_pit_98_Literal will be placed at 80252CE4 (length = C bytes)
$ASCII_pit_19_Literal will be placed at 80252CF0 (length = C bytes)
$ASCII_pit_57_Literal will be placed at 80252CFC (length = C bytes)
$ASCII_pit_69_Literal will be placed at 80252D08 (length = C bytes)
$ASCII_pit_72_Literal will be placed at 80252D14 (length = C bytes)
$ASCII_pit_81_Literal will be placed at 80252D20 (length = C bytes)
$ASCII_pit_43_Literal will be placed at 80252D2C (length = C bytes)
$ASCII_pit_28_Literal will be placed at 80252D38 (length = C bytes)
$ASCII_pit_78_Literal will be placed at 80252D44 (length = C bytes)
$ASCII_pit_63_Literal will be placed at 80252D50 (length = C bytes)
$ASCII_pit_46_Literal will be placed at 80252D5C (length = C bytes)
$ASCII_pit_95_Literal will be placed at 80252D68 (length = C bytes)
$ASCII_pit_16_Literal will be placed at 80252D74 (length = C bytes)
$ASCII_pit_37_Literal will be placed at 80252D80 (length = C bytes)
$ASCII_pit_22_Literal will be placed at 80252D8C (length = C bytes)
$ASCII_pit_05_Literal will be placed at 80252D98 (length = C bytes)
$ASCII_pit_25_Literal will be placed at 80252DA4 (length = C bytes)
$ASCII_pit_54_Literal will be placed at 80252DB0 (length = C bytes)
$ASCII_pit_08_Literal will be placed at 80252DBC (length = C bytes)
$ASCII_pit_87_Literal will be placed at 80252DC8 (length = C bytes)
$ASCII_pit_75_Literal will be placed at 80252DD4 (length = C bytes)
$ASCII_pit_13_Literal will be placed at 80252DE0 (length = C bytes)
$ASCII_pit_32_Literal will be placed at 80252DEC (length = C bytes)
$ASCII_pit_92_Literal will be placed at 80252DF8 (length = C bytes)
$ASCII_pit_17_Literal will be placed at 80252E04 (length = C bytes)
$ASCII_pit_49_Literal will be placed at 80252E10 (length = C bytes)
$ASCII_pit_77_Literal will be placed at 80252E1C (length = C bytes)
$ASCII_pit_96_Literal will be placed at 80252E28 (length = C bytes)
$ASCII_pit_68_Literal will be placed at 80252E34 (length = C bytes)
$ASCII_pit_51_Literal will be placed at 80252E40 (length = C bytes)
$ASCII_pit_04_Literal will be placed at 80252E4C (length = C bytes)
$ASCII_pit_83_Literal will be placed at 80252E58 (length = C bytes)
$ASCII_pit_86_Literal will be placed at 80252E64 (length = C bytes)
$ASCII_pit_26_Literal will be placed at 80252E70 (length = C bytes)
$ASCII_pit_41_Literal will be placed at 80252E7C (length = C bytes)
$ASCII_pit_14_Literal will be placed at 80252E88 (length = C bytes)
$ASCII_pit_74_Literal will be placed at 80252E94 (length = C bytes)
$ASCII_pit_60_Literal will be placed at 80252EA0 (length = C bytes)
$ASCII_pit_59_Literal will be placed at 80252EAC (length = C bytes)
$ASCII_pit_93_Literal will be placed at 80252EB8 (length = C bytes)
$ASCII_pit_65_Literal will be placed at 80252EC4 (length = C bytes)
$ASCII_pit_07_Literal will be placed at 80252ED0 (length = C bytes)
$ASCII_pit_20_Literal will be placed at 80252EDC (length = C bytes)
$ASCII_pit_35_Literal will be placed at 80252EE8 (length = C bytes)
$ASCII_pit_23_Literal will be placed at 80252EF4 (length = C bytes)
$ASCII_pit_11_Literal will be placed at 80252F00 (length = C bytes)
$ASCII_pit_56_Literal will be placed at 80252F0C (length = C bytes)
$ASCII_pit_44_Literal will be placed at 80252F18 (length = C bytes)
$ASCII_pit_89_Literal will be placed at 80252F24 (length = C bytes)
$ASCII_pit_79_Literal will be placed at 80252F30 (length = C bytes)
$ASCII_pit_62_Literal will be placed at 80252F3C (length = C bytes)
$ASCII_pit_94_Literal will be placed at 80252F48 (length = C bytes)
$ASCII_pit_47_Literal will be placed at 80252F54 (length = C bytes)
$ASCII_pit_21_Literal will be placed at 80252F60 (length = C bytes)
$ASCII_pit_06_Literal will be placed at 80252F6C (length = C bytes)
$ASCII_pit_53_Literal will be placed at 80252F78 (length = C bytes)
$ASCII_pit_09_Literal will be placed at 80252F84 (length = C bytes)
$ASCII_pit_88_Literal will be placed at 80252F90 (length = C bytes)
$ASCII_pit_38_Literal will be placed at 80252F9C (length = C bytes)
$ASCII_pit_24_Literal will be placed at 80252FA8 (length = C bytes)
$ASCII_pit_12_Literal will be placed at 80252FB4 (length = C bytes)
$ASCII_pit_76_Literal will be placed at 80252FC0 (length = C bytes)
$ASCII_pit_01_Literal will be placed at 80252FCC (length = C bytes)
$ASCII_pit_50_Literal will be placed at 80252FD8 (length = C bytes)
$ASCII_pit_33_Literal will be placed at 80252FE4 (length = C bytes)
$ASCII_pit_99_Literal will be placed at 80252FF0 (length = C bytes)
$ASCII_pit_67_Literal will be placed at 80252FFC (length = C bytes)
$ASCII_pit_71_Literal will be placed at 80253008 (length = C bytes)
$ASCII_pit_42_Literal will be placed at 80253014 (length = C bytes)
$ASCII_pit_80_Literal will be placed at 80253020 (length = C bytes)
$ASCII_pit_29_Literal will be placed at 8025302C (length = C bytes)
$ASCII_pit_58_Literal will be placed at 80253038 (length = C bytes)
$ASCII_pit_30_Literal will be placed at 80253044 (length = C bytes)
$ASCII_pit_00_Literal will be placed at 80253050 (length = C bytes)
$ASCII_pit_64_Literal will be placed at 8025305C (length = C bytes)
$ASCII_pit_36_Literal will be placed at 80253068 (length = C bytes)
$ASCII_pit_55_Literal will be placed at 80253074 (length = C bytes)
$ASCII_pit_10_Literal will be placed at 80253080 (length = C bytes)
$ASCII_pit_45_Literal will be placed at 8025308C (length = C bytes)
$ASCII_pit_18_Literal will be placed at 80253098 (length = C bytes)
$ASCII_pit_48_Literal will be placed at 802530A4 (length = C bytes)
$ASCII_pit_03_Literal will be placed at 802530B0 (length = C bytes)
$ASCII_pit_31_Literal will be placed at 802530BC (length = C bytes)
$ASCII_pit_91_Literal will be placed at 802530C8 (length = C bytes)
$ASCII_pit_97_Literal will be placed at 802530D4 (length = C bytes)
$ASCII_pit_82_Literal will be placed at 802530E0 (length = C bytes)
$ASCII_pit_52_Literal will be placed at 802530EC (length = C bytes)
$ASCII_pit_70_Literal will be placed at 802530F8 (length = C bytes)
$ASCII_pit_85_Literal will be placed at 80253104 (length = C bytes)
$ASCII_pit_40_Literal will be placed at 80253110 (length = C bytes)
$ASCII_pit_39_Literal will be placed at 8025311C (length = C bytes)
$ASCII_pit_73_Literal will be placed at 80253128 (length = C bytes)
$ASCII_pit_15_Literal will be placed at 80253134 (length = C bytes)
$ASCII_pit_27_Literal will be placed at 80253140 (length = C bytes)
$ASCII_pit_61_Literal will be placed at 8025314C (length = C bytes)
$ConstDouble_80245B40 will be placed at 80253158 (length = 8 bytes)
$ConstDouble_80245B38 will be placed at 80253160 (length = 8 bytes)
$ConstDouble_80245B30 will be placed at 80253168 (length = 8 bytes)
$ConstDouble_80245B28 will be placed at 80253170 (length = 8 bytes)
$ConstDouble_80245B20 will be placed at 80253178 (length = 8 bytes)
$ASCII_pit_842_Literal will be placed at 80253180 (length = 8 bytes)
$ASCII_pit_100_Literal will be placed at 80253188 (length = 8 bytes)
$ExtraAnimationList_8024437C will be placed at 80253190 (length = 8 bytes)
$ASCII_tik_tex_Literal will be placed at 80253198 (length = 8 bytes)
$MoverCancel will be placed at 802531A0 (length = 4 bytes)
$BanditMoverCancel will be placed at 802531A4 (length = 4 bytes)
Executing patch: pit_88.mpat
Loaded map pit_81
Creating struct: $EntryList
Creating struct: $DeepestLevel
Creating struct: $TotalLevels
Creating struct: $LoadHighscores
Creating struct: $FallingDownPipe
Creating struct: $Function_GetPos
Creating struct: $Function2
Creating struct: $SetSpawns
Creating struct: $Script_SetNPCPos
Creating struct: $SwitchPath
Creating struct: $VectorList_80244998
Creating struct: $GetPos
Creating struct: $Function_GetDamageTaken
Creating struct: $Function_ResetDamage
Creating struct: $DispawnParthner
Creating struct: $RespawnParthner
Creating struct: $LoadMap
Creating struct: $Script_LoadMapMover_Roguelike
Creating struct: $GetFloor
Creating struct: $LoadCoinsMover
Creating struct: $LoadMapBandit
Creating struct: $GetFloorBandit
Creating struct: $Script_Init_80243B20
Creating struct: $Script_80243A6C
Creating struct: $Script_AddCoins
Creating struct: $Script_SubstractCoins
Creating struct: $NPC_Settings_Sack
Creating struct: $Script_Init_Bag
Creating struct: $Script_Init_Bag_HitBox
Creating struct: $Script_NPC_SackHit_Init
Creating struct: $Script_NPC_Sack_FX
Creating struct: $NPC_Sack_AnimationStart
Creating struct: $NPC_Sack_AnimationEnd
Creating struct: $Script_SackAnimation_Start_GoToTheRight
Creating struct: $Script_SackAnimation_Start_GoToTheLeft
Creating struct: $Script_SackAnimation_End_Right
Creating struct: $Script_SackAnimation_End_Left
Creating struct: $Function_LoadGainedCoins
Creating struct: $Function_RevivePlayer
Creating struct: $AISettings_MoneySack
Creating struct: $Script_NpcAI_MoneySack
Creating struct: $JumpTable_80242448
Creating struct: $Function_NpcAI_MoneySack
Creating struct: $Function_80240260
Creating struct: $Function_80240844
Creating struct: $Function_802409A8
Creating struct: $Script_TrackPlayer
Creating struct: $Script_PipeAnimation
Creating struct: $Function_SetAnimation
Creating struct: $Function_GetColliderPos
Creating struct: $Function_TrackInput
Creating struct: $GoToNextLevel
Creating struct: $GoToNextLevel_Roguelike
Creating struct: $Script_SetSetsOfLevels
Creating struct: $Script_LoadMap_Roguelike
Creating struct: $Script_LoadChestMap_Roguelike
Creating struct: $Script_LoadMap_Mover_Roguelike
Creating struct: $Script_LoadChestMap_Mover_Roguelike
Creating struct: $GetFloorPit
Creating struct: $GetFloorSign
Creating struct: $Function_GetTattle1
Creating struct: $Function_GetTattle2
Creating struct: $Script_ReadSign
Creating struct: $Header
Creating struct: $Function_Init
Creating struct: $Script_Main
Creating struct: $NpcGroups
Creating struct: $NpcGroup_Mover
Creating struct: $BlankSettings
Creating struct: $Script_Init_Mover
Creating struct: $Interact_Mover
Creating struct: $Script_MoverWarpAnimation
Creating struct: $NpcGroup_BanditMover
Creating struct: $Script_Init_BanditMover
Creating struct: $Interact_BanditMover
Creating struct: $NpcGroup_Enemy1
Creating struct: $NpcGroup_Enemy2
Creating struct: $NpcGroup_Enemy3
Creating struct: $NpcGroup_Enemy4
Creating struct: $NpcGroup_Enemy5
Creating struct: $NpcGroup_Enemy6
Creating struct: $NpcSettings_Enemy1
Creating struct: $Script_EnemyAI
Creating struct: $AISettings_Enemy
Creating struct: $ConstDouble_802471E0
Creating struct: $JumpTable_802471E8
Creating struct: $Function_802406A4
Creating struct: $Function_80240310
Creating struct: $Function_8024038C
Creating struct: $Function_802404C0
Creating struct: $Function_80240624
Creating struct: $Script_DisableEnemyAI
Creating struct: $AISettings_DisableEnemy
Creating struct: $PipeSpawning
Creating struct: $Script_MakeEntities
Creating struct: $CommingDownPipe
Creating struct: $Script_MakeExits
Creating struct: $Script_Exit0
Merged 1 regions to 1
$Script_LoadMap_Mover_Roguelike will be placed at 80240000 (length = F14 bytes)
$LoadMap will be placed at 80240F14 (length = EF4 bytes)
$Script_ReadSign will be placed at 80241E08 (length = EEC bytes)
$LoadMapBandit will be placed at 80242CF4 (length = EA4 bytes)
$Script_LoadMap_Roguelike will be placed at 80243B98 (length = D9C bytes)
$GoToNextLevel will be placed at 80244934 (length = D10 bytes)
$GoToNextLevel_Roguelike will be placed at 80245644 (length = 868 bytes)
$Function_80240260 will be placed at 80245EAC (length = 5E4 bytes)
$Function_802406A4 will be placed at 80246490 (length = 440 bytes)
$SetSpawns will be placed at 802468D0 (length = 384 bytes)
$FallingDownPipe will be placed at 80246C54 (length = 37C bytes)
$Script_SetSetsOfLevels will be placed at 80246FD0 (length = 358 bytes)
$Script_SetNPCPos will be placed at 80247328 (length = 2F4 bytes)
$Function_NpcAI_MoneySack will be placed at 8024761C (length = 238 bytes)
$Script_SackAnimation_Start_GoToTheRight will be placed at 80247854 (length = 230 bytes)
$Script_SackAnimation_Start_GoToTheLeft will be placed at 80247A84 (length = 1F8 bytes)
$Interact_Mover will be placed at 80247C7C (length = 1F8 bytes)
$NpcGroup_Enemy3 will be placed at 80247E74 (length = 1F0 bytes)
$NpcGroup_Enemy4 will be placed at 80248064 (length = 1F0 bytes)
$NpcGroup_Enemy5 will be placed at 80248254 (length = 1F0 bytes)
$NpcGroup_Enemy6 will be placed at 80248444 (length = 1F0 bytes)
$NpcGroup_Enemy1 will be placed at 80248634 (length = 1F0 bytes)
$NpcGroup_Enemy2 will be placed at 80248824 (length = 1F0 bytes)
$NpcGroup_Mover will be placed at 80248A14 (length = 1F0 bytes)
$NpcGroup_BanditMover will be placed at 80248C04 (length = 1F0 bytes)
$Interact_BanditMover will be placed at 80248DF4 (length = 1EC bytes)
$Script_PipeAnimation will be placed at 80248FE0 (length = 1D0 bytes)
$JumpTable_80242448 will be placed at 802491B0 (length = 190 bytes)
$Script_LoadChestMap_Mover_Roguelike will be placed at 80249340 (length = 18C bytes)
$PipeSpawning will be placed at 802494CC (length = 178 bytes)
$NPC_Sack_AnimationStart will be placed at 80249644 (length = 168 bytes)
$Function_80240844 will be placed at 802497AC (length = 164 bytes)
$Script_LoadChestMap_Roguelike will be placed at 80249910 (length = 164 bytes)
$Function_802404C0 will be placed at 80249A74 (length = 164 bytes)
$Script_NPC_SackHit_Init will be placed at 80249BD8 (length = 160 bytes)
$Script_SackAnimation_End_Right will be placed at 80249D38 (length = 158 bytes)
$Script_SackAnimation_End_Left will be placed at 80249E90 (length = 150 bytes)
$MapTattle5 will be placed at 80249FE0 (length = 13C bytes)
$Function_8024038C will be placed at 8024A11C (length = 138 bytes)
$MapTattle4 will be placed at 8024A254 (length = 130 bytes)
$GetFloor will be placed at 8024A384 (length = 12C bytes)
$BanditMover_Tattle will be placed at 8024A4B0 (length = 124 bytes)
$Script_Main will be placed at 8024A5D4 (length = 120 bytes)
$Script_80243A6C will be placed at 8024A6F4 (length = 114 bytes)
$Script_SubstractCoins will be placed at 8024A808 (length = 10C bytes)
$Script_LoadMapMover_Roguelike will be placed at 8024A914 (length = 104 bytes)
$GetFloorBandit will be placed at 8024AA18 (length = F4 bytes)
$Script_MoverWarpAnimation will be placed at 8024AB0C (length = F0 bytes)
$Function_GetColliderPos will be placed at 8024ABFC (length = E0 bytes)
$Function_GetPos will be placed at 8024ACDC (length = E0 bytes)
$Script_TrackPlayer will be placed at 8024ADBC (length = DC bytes)
$MapTattle2 will be placed at 8024AE98 (length = D4 bytes)
$Function_TrackInput will be placed at 8024AF6C (length = BC bytes)
$MapTattle3 will be placed at 8024B028 (length = B0 bytes)
$Script_MakeEntities will be placed at 8024B0D8 (length = A8 bytes)
$MapTattle1 will be placed at 8024B180 (length = A8 bytes)
$Script_NpcAI_MoneySack will be placed at 8024B228 (length = A8 bytes)
$MoverStart will be placed at 8024B2D0 (length = A4 bytes)
$SwitchPath will be placed at 8024B374 (length = A4 bytes)
$Script_NPC_Sack_FX will be placed at 8024B418 (length = A4 bytes)
$GetPos will be placed at 8024B4BC (length = 9C bytes)
$Script_AddCoins will be placed at 8024B558 (length = 98 bytes)
$BanditMoverStart will be placed at 8024B5F0 (length = 98 bytes)
$Mover_Tattle will be placed at 8024B688 (length = 94 bytes)
$Function_GetTattle1 will be placed at 8024B71C (length = 8C bytes)
$NPC_Sack_AnimationEnd will be placed at 8024B7A8 (length = 84 bytes)
$Function_80240624 will be placed at 8024B82C (length = 80 bytes)
$BanditMover_Options will be placed at 8024B8AC (length = 80 bytes)
$SignStringBug will be placed at 8024B92C (length = 7C bytes)
$Function_80240310 will be placed at 8024B9A8 (length = 7C bytes)
$LoadHighscores will be placed at 8024BA24 (length = 7C bytes)
$Mover_Options will be placed at 8024BAA0 (length = 78 bytes)
$Script_EnemyAI will be placed at 8024BB18 (length = 70 bytes)
$NpcGroups will be placed at 8024BB88 (length = 6C bytes)
$DeepestLevel will be placed at 8024BBF4 (length = 6C bytes)
$Function2 will be placed at 8024BC60 (length = 6C bytes)
$LoadCoinsMover will be placed at 8024BCCC (length = 6C bytes)
$Function_SetAnimation will be placed at 8024BD38 (length = 6C bytes)
$GetFloorPit will be placed at 8024BDA4 (length = 68 bytes)
$MoverEnd will be placed at 8024BE0C (length = 68 bytes)
$BanditMoverEnd will be placed at 8024BE74 (length = 68 bytes)
$GetFloorSign will be placed at 8024BEDC (length = 64 bytes)
$BanditMoverNoCoins will be placed at 8024BF40 (length = 58 bytes)
$MoverNoCoins will be placed at 8024BF98 (length = 58 bytes)
$JumpTable_802471E8 will be placed at 8024BFF0 (length = 54 bytes)
$Function_GetTattle2 will be placed at 8024C044 (length = 48 bytes)
$CommingDownPipe will be placed at 8024C08C (length = 48 bytes)
$Script_Exit0 will be placed at 8024C0D4 (length = 48 bytes)
$Function_LoadGainedCoins will be placed at 8024C11C (length = 48 bytes)
$Function_Init will be placed at 8024C164 (length = 44 bytes)
$Function_802409A8 will be placed at 8024C1A8 (length = 44 bytes)
$Header will be placed at 8024C1EC (length = 40 bytes)
$Script_Init_Bag will be placed at 8024C22C (length = 38 bytes)
$TotalLevels will be placed at 8024C264 (length = 38 bytes)
$Script_Init_Bag_HitBox will be placed at 8024C29C (length = 38 bytes)
$DispawnParthner will be placed at 8024C2D4 (length = 34 bytes)
$Function_ResetDamage will be placed at 8024C308 (length = 34 bytes)
$AISettings_MoneySack will be placed at 8024C33C (length = 30 bytes)
$AISettings_Enemy will be placed at 8024C36C (length = 30 bytes)
$AISettings_DisableEnemy will be placed at 8024C39C (length = 30 bytes)
$RespawnParthner will be placed at 8024C3CC (length = 30 bytes)
$NPC_Settings_Sack will be placed at 8024C3FC (length = 2C bytes)
$Function_GetDamageTaken will be placed at 8024C428 (length = 2C bytes)
$NpcSettings_Enemy1 will be placed at 8024C454 (length = 2C bytes)
$Function_RevivePlayer will be placed at 8024C480 (length = 2C bytes)
$String_CoinsGained will be placed at 8024C4AC (length = 2C bytes)
$BlankSettings will be placed at 8024C4D8 (length = 2C bytes)
$Script_MakeExits will be placed at 8024C504 (length = 2C bytes)
$VectorList_80244998 will be placed at 8024C530 (length = 24 bytes)
$Script_Init_80243B20 will be placed at 8024C554 (length = 24 bytes)
$Script_Init_Mover will be placed at 8024C578 (length = 24 bytes)
$Script_Init_BanditMover will be placed at 8024C59C (length = 24 bytes)
$Script_DisableEnemyAI will be placed at 8024C5C0 (length = 20 bytes)
$EntryList will be placed at 8024C5E0 (length = 20 bytes)
$SignString100 will be placed at 8024C600 (length = 18 bytes)
$SignString1 will be placed at 8024C618 (length = 14 bytes)
$SignString99 will be placed at 8024C62C (length = 14 bytes)
$SignString98 will be placed at 8024C640 (length = 14 bytes)
$SignString97 will be placed at 8024C654 (length = 14 bytes)
$SignString96 will be placed at 8024C668 (length = 14 bytes)
$SignString95 will be placed at 8024C67C (length = 14 bytes)
$SignString94 will be placed at 8024C690 (length = 14 bytes)
$SignString93 will be placed at 8024C6A4 (length = 14 bytes)
$SignString92 will be placed at 8024C6B8 (length = 14 bytes)
$SignString91 will be placed at 8024C6CC (length = 14 bytes)
$SignString90 will be placed at 8024C6E0 (length = 14 bytes)
$SignString59 will be placed at 8024C6F4 (length = 14 bytes)
$SignString58 will be placed at 8024C708 (length = 14 bytes)
$SignString57 will be placed at 8024C71C (length = 14 bytes)
$SignString56 will be placed at 8024C730 (length = 14 bytes)
$SignString55 will be placed at 8024C744 (length = 14 bytes)
$SignString54 will be placed at 8024C758 (length = 14 bytes)
$SignString53 will be placed at 8024C76C (length = 14 bytes)
$SignString52 will be placed at 8024C780 (length = 14 bytes)
$SignString51 will be placed at 8024C794 (length = 14 bytes)
$SignString50 will be placed at 8024C7A8 (length = 14 bytes)
$SignString69 will be placed at 8024C7BC (length = 14 bytes)
$SignString68 will be placed at 8024C7D0 (length = 14 bytes)
$SignString67 will be placed at 8024C7E4 (length = 14 bytes)
$SignString66 will be placed at 8024C7F8 (length = 14 bytes)
$SignString65 will be placed at 8024C80C (length = 14 bytes)
$SignString64 will be placed at 8024C820 (length = 14 bytes)
$SignString63 will be placed at 8024C834 (length = 14 bytes)
$SignString62 will be placed at 8024C848 (length = 14 bytes)
$SignString61 will be placed at 8024C85C (length = 14 bytes)
$SignString60 will be placed at 8024C870 (length = 14 bytes)
$SignString79 will be placed at 8024C884 (length = 14 bytes)
$SignString78 will be placed at 8024C898 (length = 14 bytes)
$SignString77 will be placed at 8024C8AC (length = 14 bytes)
$SignString76 will be placed at 8024C8C0 (length = 14 bytes)
$SignString75 will be placed at 8024C8D4 (length = 14 bytes)
$SignString74 will be placed at 8024C8E8 (length = 14 bytes)
$SignString73 will be placed at 8024C8FC (length = 14 bytes)
$SignString72 will be placed at 8024C910 (length = 14 bytes)
$SignString71 will be placed at 8024C924 (length = 14 bytes)
$SignString70 will be placed at 8024C938 (length = 14 bytes)
$SignString89 will be placed at 8024C94C (length = 14 bytes)
$SignString88 will be placed at 8024C960 (length = 14 bytes)
$SignString87 will be placed at 8024C974 (length = 14 bytes)
$SignString86 will be placed at 8024C988 (length = 14 bytes)
$SignString85 will be placed at 8024C99C (length = 14 bytes)
$SignString84 will be placed at 8024C9B0 (length = 14 bytes)
$SignString83 will be placed at 8024C9C4 (length = 14 bytes)
$SignString82 will be placed at 8024C9D8 (length = 14 bytes)
$SignString81 will be placed at 8024C9EC (length = 14 bytes)
$SignString80 will be placed at 8024CA00 (length = 14 bytes)
$SignString19 will be placed at 8024CA14 (length = 14 bytes)
$SignString18 will be placed at 8024CA28 (length = 14 bytes)
$SignString17 will be placed at 8024CA3C (length = 14 bytes)
$SignString16 will be placed at 8024CA50 (length = 14 bytes)
$SignString15 will be placed at 8024CA64 (length = 14 bytes)
$SignString14 will be placed at 8024CA78 (length = 14 bytes)
$SignString13 will be placed at 8024CA8C (length = 14 bytes)
$SignString12 will be placed at 8024CAA0 (length = 14 bytes)
$SignString11 will be placed at 8024CAB4 (length = 14 bytes)
$SignString10 will be placed at 8024CAC8 (length = 14 bytes)
$SignString3 will be placed at 8024CADC (length = 14 bytes)
$SignString2 will be placed at 8024CAF0 (length = 14 bytes)
$SignString5 will be placed at 8024CB04 (length = 14 bytes)
$SignString4 will be placed at 8024CB18 (length = 14 bytes)
$SignString7 will be placed at 8024CB2C (length = 14 bytes)
$SignString6 will be placed at 8024CB40 (length = 14 bytes)
$SignString9 will be placed at 8024CB54 (length = 14 bytes)
$SignString8 will be placed at 8024CB68 (length = 14 bytes)
$SignString29 will be placed at 8024CB7C (length = 14 bytes)
$SignString28 will be placed at 8024CB90 (length = 14 bytes)
$SignString27 will be placed at 8024CBA4 (length = 14 bytes)
$SignString26 will be placed at 8024CBB8 (length = 14 bytes)
$SignString25 will be placed at 8024CBCC (length = 14 bytes)
$SignString24 will be placed at 8024CBE0 (length = 14 bytes)
$SignString23 will be placed at 8024CBF4 (length = 14 bytes)
$SignString22 will be placed at 8024CC08 (length = 14 bytes)
$SignString21 will be placed at 8024CC1C (length = 14 bytes)
$SignString20 will be placed at 8024CC30 (length = 14 bytes)
$SignString will be placed at 8024CC44 (length = 14 bytes)
$SignString39 will be placed at 8024CC58 (length = 14 bytes)
$SignString38 will be placed at 8024CC6C (length = 14 bytes)
$SignString37 will be placed at 8024CC80 (length = 14 bytes)
$SignString36 will be placed at 8024CC94 (length = 14 bytes)
$SignString35 will be placed at 8024CCA8 (length = 14 bytes)
$SignString34 will be placed at 8024CCBC (length = 14 bytes)
$SignString33 will be placed at 8024CCD0 (length = 14 bytes)
$SignString32 will be placed at 8024CCE4 (length = 14 bytes)
$SignString31 will be placed at 8024CCF8 (length = 14 bytes)
$SignString30 will be placed at 8024CD0C (length = 14 bytes)
$SignString49 will be placed at 8024CD20 (length = 14 bytes)
$SignString48 will be placed at 8024CD34 (length = 14 bytes)
$SignString47 will be placed at 8024CD48 (length = 14 bytes)
$SignString46 will be placed at 8024CD5C (length = 14 bytes)
$SignString45 will be placed at 8024CD70 (length = 14 bytes)
$SignString44 will be placed at 8024CD84 (length = 14 bytes)
$SignString43 will be placed at 8024CD98 (length = 14 bytes)
$SignString42 will be placed at 8024CDAC (length = 14 bytes)
$SignString41 will be placed at 8024CDC0 (length = 14 bytes)
$SignString40 will be placed at 8024CDD4 (length = 14 bytes)
$ASCII_pit_02_Literal will be placed at 8024CDE8 (length = C bytes)
$ASCII_pit_90_Literal will be placed at 8024CDF4 (length = C bytes)
$ASCII_pit_34_Literal will be placed at 8024CE00 (length = C bytes)
$ASCII_pit_66_Literal will be placed at 8024CE0C (length = C bytes)
$ASCII_pit_98_Literal will be placed at 8024CE18 (length = C bytes)
$ASCII_pit_19_Literal will be placed at 8024CE24 (length = C bytes)
$ASCII_pit_57_Literal will be placed at 8024CE30 (length = C bytes)
$ASCII_pit_69_Literal will be placed at 8024CE3C (length = C bytes)
$ASCII_pit_72_Literal will be placed at 8024CE48 (length = C bytes)
$ASCII_pit_81_Literal will be placed at 8024CE54 (length = C bytes)
$ASCII_pit_43_Literal will be placed at 8024CE60 (length = C bytes)
$ASCII_pit_28_Literal will be placed at 8024CE6C (length = C bytes)
$ASCII_pit_78_Literal will be placed at 8024CE78 (length = C bytes)
$ASCII_pit_63_Literal will be placed at 8024CE84 (length = C bytes)
$ASCII_pit_46_Literal will be placed at 8024CE90 (length = C bytes)
$ASCII_pit_95_Literal will be placed at 8024CE9C (length = C bytes)
$ASCII_pit_16_Literal will be placed at 8024CEA8 (length = C bytes)
$ASCII_pit_37_Literal will be placed at 8024CEB4 (length = C bytes)
$ASCII_pit_22_Literal will be placed at 8024CEC0 (length = C bytes)
$ASCII_pit_05_Literal will be placed at 8024CECC (length = C bytes)
$ASCII_pit_25_Literal will be placed at 8024CED8 (length = C bytes)
$ASCII_pit_54_Literal will be placed at 8024CEE4 (length = C bytes)
$ASCII_pit_08_Literal will be placed at 8024CEF0 (length = C bytes)
$ASCII_pit_87_Literal will be placed at 8024CEFC (length = C bytes)
$ASCII_pit_75_Literal will be placed at 8024CF08 (length = C bytes)
$ASCII_pit_13_Literal will be placed at 8024CF14 (length = C bytes)
$ASCII_pit_32_Literal will be placed at 8024CF20 (length = C bytes)
$ASCII_pit_92_Literal will be placed at 8024CF2C (length = C bytes)
$ASCII_pit_17_Literal will be placed at 8024CF38 (length = C bytes)
$ASCII_pit_49_Literal will be placed at 8024CF44 (length = C bytes)
$ASCII_pit_77_Literal will be placed at 8024CF50 (length = C bytes)
$ASCII_pit_96_Literal will be placed at 8024CF5C (length = C bytes)
$ASCII_pit_68_Literal will be placed at 8024CF68 (length = C bytes)
$ASCII_pit_51_Literal will be placed at 8024CF74 (length = C bytes)
$ASCII_pit_04_Literal will be placed at 8024CF80 (length = C bytes)
$ASCII_pit_83_Literal will be placed at 8024CF8C (length = C bytes)
$ASCII_pit_86_Literal will be placed at 8024CF98 (length = C bytes)
$ASCII_pit_26_Literal will be placed at 8024CFA4 (length = C bytes)
$ASCII_pit_41_Literal will be placed at 8024CFB0 (length = C bytes)
$ASCII_pit_14_Literal will be placed at 8024CFBC (length = C bytes)
$ASCII_pit_74_Literal will be placed at 8024CFC8 (length = C bytes)
$ASCII_pit_60_Literal will be placed at 8024CFD4 (length = C bytes)
$ASCII_pit_59_Literal will be placed at 8024CFE0 (length = C bytes)
$ASCII_pit_93_Literal will be placed at 8024CFEC (length = C bytes)
$ASCII_pit_65_Literal will be placed at 8024CFF8 (length = C bytes)
$ASCII_pit_07_Literal will be placed at 8024D004 (length = C bytes)
$ASCII_pit_20_Literal will be placed at 8024D010 (length = C bytes)
$ASCII_pit_35_Literal will be placed at 8024D01C (length = C bytes)
$ASCII_pit_23_Literal will be placed at 8024D028 (length = C bytes)
$ASCII_pit_11_Literal will be placed at 8024D034 (length = C bytes)
$ASCII_pit_56_Literal will be placed at 8024D040 (length = C bytes)
$ASCII_pit_44_Literal will be placed at 8024D04C (length = C bytes)
$ASCII_pit_89_Literal will be placed at 8024D058 (length = C bytes)
$ASCII_pit_79_Literal will be placed at 8024D064 (length = C bytes)
$ASCII_pit_62_Literal will be placed at 8024D070 (length = C bytes)
$ASCII_pit_94_Literal will be placed at 8024D07C (length = C bytes)
$ASCII_pit_47_Literal will be placed at 8024D088 (length = C bytes)
$ASCII_pit_21_Literal will be placed at 8024D094 (length = C bytes)
$ASCII_pit_06_Literal will be placed at 8024D0A0 (length = C bytes)
$ASCII_pit_53_Literal will be placed at 8024D0AC (length = C bytes)
$ASCII_pit_09_Literal will be placed at 8024D0B8 (length = C bytes)
$ASCII_pit_88_Literal will be placed at 8024D0C4 (length = C bytes)
$ASCII_pit_38_Literal will be placed at 8024D0D0 (length = C bytes)
$ASCII_pit_24_Literal will be placed at 8024D0DC (length = C bytes)
$ASCII_pit_12_Literal will be placed at 8024D0E8 (length = C bytes)
$ASCII_pit_76_Literal will be placed at 8024D0F4 (length = C bytes)
$ASCII_pit_01_Literal will be placed at 8024D100 (length = C bytes)
$ASCII_pit_50_Literal will be placed at 8024D10C (length = C bytes)
$ASCII_pit_33_Literal will be placed at 8024D118 (length = C bytes)
$ASCII_pit_99_Literal will be placed at 8024D124 (length = C bytes)
$ASCII_pit_67_Literal will be placed at 8024D130 (length = C bytes)
$ASCII_pit_71_Literal will be placed at 8024D13C (length = C bytes)
$ASCII_pit_42_Literal will be placed at 8024D148 (length = C bytes)
$ASCII_pit_80_Literal will be placed at 8024D154 (length = C bytes)
$ASCII_pit_29_Literal will be placed at 8024D160 (length = C bytes)
$ASCII_pit_58_Literal will be placed at 8024D16C (length = C bytes)
$ASCII_pit_30_Literal will be placed at 8024D178 (length = C bytes)
$ASCII_pit_00_Literal will be placed at 8024D184 (length = C bytes)
$ASCII_pit_64_Literal will be placed at 8024D190 (length = C bytes)
$ASCII_pit_36_Literal will be placed at 8024D19C (length = C bytes)
$ASCII_pit_55_Literal will be placed at 8024D1A8 (length = C bytes)
$ASCII_pit_10_Literal will be placed at 8024D1B4 (length = C bytes)
$ASCII_pit_45_Literal will be placed at 8024D1C0 (length = C bytes)
$ASCII_pit_18_Literal will be placed at 8024D1CC (length = C bytes)
$ASCII_pit_48_Literal will be placed at 8024D1D8 (length = C bytes)
$ASCII_pit_03_Literal will be placed at 8024D1E4 (length = C bytes)
$ASCII_pit_31_Literal will be placed at 8024D1F0 (length = C bytes)
$ASCII_pit_91_Literal will be placed at 8024D1FC (length = C bytes)
$ASCII_pit_97_Literal will be placed at 8024D208 (length = C bytes)
$ASCII_pit_82_Literal will be placed at 8024D214 (length = C bytes)
$ASCII_pit_52_Literal will be placed at 8024D220 (length = C bytes)
$ASCII_pit_70_Literal will be placed at 8024D22C (length = C bytes)
$ASCII_pit_85_Literal will be placed at 8024D238 (length = C bytes)
$ASCII_pit_40_Literal will be placed at 8024D244 (length = C bytes)
$ASCII_pit_39_Literal will be placed at 8024D250 (length = C bytes)
$ASCII_pit_73_Literal will be placed at 8024D25C (length = C bytes)
$ASCII_pit_15_Literal will be placed at 8024D268 (length = C bytes)
$ASCII_pit_27_Literal will be placed at 8024D274 (length = C bytes)
$ASCII_pit_61_Literal will be placed at 8024D280 (length = C bytes)
$ConstDouble_802471E0 will be placed at 8024D28C (length = 8 bytes)
$ASCII_pit_842_Literal will be placed at 8024D294 (length = 8 bytes)
$ASCII_pit_100_Literal will be placed at 8024D29C (length = 8 bytes)
$ASCII_tik_tex_Literal will be placed at 8024D2A4 (length = 8 bytes)
$MoverCancel will be placed at 8024D2AC (length = 4 bytes)
$BanditMoverCancel will be placed at 8024D2B0 (length = 4 bytes)
Executing patch: pit_89.mpat
Loaded map pit_89
Creating struct: $EntryList
Creating struct: $DeepestLevel
Creating struct: $TotalLevels
Creating struct: $LoadHighscores
Creating struct: $FallingDownPipe
Creating struct: $Function_GetPos
Creating struct: $Function2
Creating struct: $SetSpawns
Creating struct: $Script_SetNPCPos
Creating struct: $SwitchPath
Creating struct: $VectorList_80244998
Creating struct: $GetPos
Creating struct: $Function_GetDamageTaken
Creating struct: $Function_ResetDamage
Creating struct: $DispawnParthner
Creating struct: $RespawnParthner
Creating struct: $LoadMap
Creating struct: $Script_LoadMapMover_Roguelike
Creating struct: $GetFloor
Creating struct: $LoadCoinsMover
Creating struct: $LoadMapBandit
Creating struct: $GetFloorBandit
Creating struct: $SetSpawnsSpecial
Creating struct: $Function_LoadCoinsInToVar1
Creating struct: $Script_SetSpawnPosition
Creating struct: $Script_Init_80243B20
Creating struct: $Script_80243A6C
Creating struct: $Script_AddCoins
Creating struct: $Script_SubstractCoins
Creating struct: $NPC_Settings_Sack
Creating struct: $Script_Init_Bag
Creating struct: $Script_Init_Bag_HitBox
Creating struct: $Script_NPC_SackHit_Init
Creating struct: $Script_NPC_Sack_FX
Creating struct: $NPC_Sack_AnimationStart
Creating struct: $NPC_Sack_AnimationEnd
Creating struct: $Script_SackAnimation_Start_GoToTheRight
Creating struct: $Script_SackAnimation_Start_GoToTheLeft
Creating struct: $Script_SackAnimation_End_Right
Creating struct: $Script_SackAnimation_End_Left
Creating struct: $Function_LoadGainedCoins
Creating struct: $Function_RevivePlayer
Creating struct: $AISettings_MoneySack
Creating struct: $Script_NpcAI_MoneySack
Creating struct: $JumpTable_80242448
Creating struct: $Function_NpcAI_MoneySack
Creating struct: $Function_80240260
Creating struct: $Function_80240844
Creating struct: $Function_802409A8
Creating struct: $Script_TrackPlayer
Creating struct: $Script_PipeAnimation
Creating struct: $Function_SetAnimation
Creating struct: $Function_GetColliderPos
Creating struct: $Function_TrackInput
Creating struct: $GoToNextLevel
Creating struct: $GoToNextLevel_Roguelike
Creating struct: $Script_SetSetsOfLevels
Creating struct: $Script_LoadMap_Roguelike
Creating struct: $Script_LoadChestMap_Roguelike
Creating struct: $Script_LoadMap_Mover_Roguelike
Creating struct: $Script_LoadChestMap_Mover_Roguelike
Creating struct: $GetFloorPit
Creating struct: $GetFloorSign
Creating struct: $Function_GetTattle1
Creating struct: $Function_GetTattle2
Creating struct: $Script_ReadSign
Creating struct: $Header
Creating struct: $Function_Init
Creating struct: $Script_Main
Creating struct: $NpcGroup1
Creating struct: $NpcGroup2
Creating struct: $NpcGroup3
Creating struct: $NpcGroup4
Creating struct: $NpcGroup5
Creating struct: $NpcGroup6
Creating struct: $NpcGroup7
Creating struct: $NpcGroups
Creating struct: $NpcGroup_Mover
Creating struct: $BlankSettings
Creating struct: $Script_Init_Mover
Creating struct: $Interact_Mover
Creating struct: $Script_MoverWarpAnimation
Creating struct: $NpcGroup_BanditMover
Creating struct: $Script_Init_BanditMover
Creating struct: $Interact_BanditMover
Creating struct: $NpcGroup_Enemy1
Creating struct: $NpcGroup_Enemy2
Creating struct: $NpcGroup_Enemy3
Creating struct: $NpcGroup_Enemy4
Creating struct: $NpcGroup_Enemy5
Creating struct: $NpcGroup_Enemy6
Creating struct: $NpcSettings_Enemy1
Creating struct: $NpcSettings_Projectile
Creating struct: $Script_EnemyAI
Creating struct: $Script_ProjectileAI
Creating struct: $AISettings_Enemy
Creating struct: $AISettings_Projectile
Creating struct: $Script_80241DDC
Creating struct: $Script_EndScript
Creating struct: $Function_802412B4
Creating struct: $Function_80240B38
Creating struct: $Function_802405FC
Creating struct: $ConstDouble_802427C0
Creating struct: $ConstDouble_802427C8
Creating struct: $ConstDouble_802427D0
Creating struct: $ConstDouble_802427D8
Creating struct: $ConstDouble_802427E0
Creating struct: $JumpTable_802427E8
Creating struct: $Function_80240F94
Creating struct: $Function_80240290
Creating struct: $Function_802403D4
Creating struct: $Function_802400A0
Creating struct: $Function_802404D4
Creating struct: $Function_80240518
Creating struct: $Function_802405B8
Creating struct: $Script_DisableEnemyAI
Creating struct: $AISettings_DisableEnemy
Creating struct: $PipeSpawning
Creating struct: $Script_MakeEntities
Creating struct: $CommingDownPipe
Creating struct: $Script_MakeExits
Creating struct: $Script_Exit0
Merged 1 regions to 1
$Script_LoadMap_Mover_Roguelike will be placed at 80240000 (length = F14 bytes)
$LoadMap will be placed at 80240F14 (length = EF4 bytes)
$Script_ReadSign will be placed at 80241E08 (length = EEC bytes)
$LoadMapBandit will be placed at 80242CF4 (length = EA4 bytes)
$Script_LoadMap_Roguelike will be placed at 80243B98 (length = D9C bytes)
$GoToNextLevel will be placed at 80244934 (length = D10 bytes)
$GoToNextLevel_Roguelike will be placed at 80245644 (length = 868 bytes)
$NpcGroup_Enemy3 will be placed at 80245EAC (length = 7C0 bytes)
$NpcGroup_Enemy4 will be placed at 8024666C (length = 7C0 bytes)
$NpcGroup_Enemy5 will be placed at 80246E2C (length = 7C0 bytes)
$NpcGroup_Enemy6 will be placed at 802475EC (length = 7C0 bytes)
$NpcGroup_Enemy1 will be placed at 80247DAC (length = 7C0 bytes)
$NpcGroup_Enemy2 will be placed at 8024856C (length = 7C0 bytes)
$SetSpawnsSpecial will be placed at 80248D2C (length = 608 bytes)
$Function_80240260 will be placed at 80249334 (length = 5E4 bytes)
$Function_802405FC will be placed at 80249918 (length = 53C bytes)
$Function_80240B38 will be placed at 80249E54 (length = 468 bytes)
$SetSpawns will be placed at 8024A2BC (length = 384 bytes)
$FallingDownPipe will be placed at 8024A640 (length = 37C bytes)
$Script_SetSetsOfLevels will be placed at 8024A9BC (length = 358 bytes)
$Function_80240F94 will be placed at 8024AD14 (length = 320 bytes)
$Script_SetNPCPos will be placed at 8024B034 (length = 2F4 bytes)
$Script_Main will be placed at 8024B328 (length = 2A0 bytes)
$Function_NpcAI_MoneySack will be placed at 8024B5C8 (length = 238 bytes)
$Script_SetSpawnPosition will be placed at 8024B800 (length = 234 bytes)
$Script_SackAnimation_Start_GoToTheRight will be placed at 8024BA34 (length = 230 bytes)
$Function_802400A0 will be placed at 8024BC64 (length = 1F8 bytes)
$Script_SackAnimation_Start_GoToTheLeft will be placed at 8024BE5C (length = 1F8 bytes)
$Interact_Mover will be placed at 8024C054 (length = 1F8 bytes)
$NpcGroup_Mover will be placed at 8024C24C (length = 1F0 bytes)
$NpcGroup_BanditMover will be placed at 8024C43C (length = 1F0 bytes)
$Interact_BanditMover will be placed at 8024C62C (length = 1EC bytes)
$Script_PipeAnimation will be placed at 8024C818 (length = 1D0 bytes)
$Script_80241DDC will be placed at 8024C9E8 (length = 1C8 bytes)
$JumpTable_80242448 will be placed at 8024CBB0 (length = 190 bytes)
$JumpTable_802427E8 will be placed at 8024CD40 (length = 190 bytes)
$Script_LoadChestMap_Mover_Roguelike will be placed at 8024CED0 (length = 18C bytes)
$PipeSpawning will be placed at 8024D05C (length = 178 bytes)
$NPC_Sack_AnimationStart will be placed at 8024D1D4 (length = 168 bytes)
$Function_80240844 will be placed at 8024D33C (length = 164 bytes)
$Script_LoadChestMap_Roguelike will be placed at 8024D4A0 (length = 164 bytes)
$Script_NPC_SackHit_Init will be placed at 8024D604 (length = 160 bytes)
$Script_SackAnimation_End_Right will be placed at 8024D764 (length = 158 bytes)
$Script_SackAnimation_End_Left will be placed at 8024D8BC (length = 150 bytes)
$Function_80240290 will be placed at 8024DA0C (length = 144 bytes)
$MapTattle5 will be placed at 8024DB50 (length = 13C bytes)
$MapTattle4 will be placed at 8024DC8C (length = 130 bytes)
$GetFloor will be placed at 8024DDBC (length = 12C bytes)
$BanditMover_Tattle will be placed at 8024DEE8 (length = 124 bytes)
$Script_80243A6C will be placed at 8024E00C (length = 114 bytes)
$Script_SubstractCoins will be placed at 8024E120 (length = 10C bytes)
$Script_LoadMapMover_Roguelike will be placed at 8024E22C (length = 104 bytes)
$Function_802403D4 will be placed at 8024E330 (length = 100 bytes)
$GetFloorBandit will be placed at 8024E430 (length = F4 bytes)
$Script_MoverWarpAnimation will be placed at 8024E524 (length = F0 bytes)
$Function_GetColliderPos will be placed at 8024E614 (length = E0 bytes)
$Function_GetPos will be placed at 8024E6F4 (length = E0 bytes)
$Script_TrackPlayer will be placed at 8024E7D4 (length = DC bytes)
$MapTattle2 will be placed at 8024E8B0 (length = D4 bytes)
$Function_TrackInput will be placed at 8024E984 (length = BC bytes)
$MapTattle3 will be placed at 8024EA40 (length = B0 bytes)
$Script_MakeEntities will be placed at 8024EAF0 (length = A8 bytes)
$MapTattle1 will be placed at 8024EB98 (length = A8 bytes)
$Script_NpcAI_MoneySack will be placed at 8024EC40 (length = A8 bytes)
$MoverStart will be placed at 8024ECE8 (length = A4 bytes)
$SwitchPath will be placed at 8024ED8C (length = A4 bytes)
$Script_NPC_Sack_FX will be placed at 8024EE30 (length = A4 bytes)
$Function_80240518 will be placed at 8024EED4 (length = A0 bytes)
$GetPos will be placed at 8024EF74 (length = 9C bytes)
$Script_AddCoins will be placed at 8024F010 (length = 98 bytes)
$BanditMoverStart will be placed at 8024F0A8 (length = 98 bytes)
$Mover_Tattle will be placed at 8024F140 (length = 94 bytes)
$Function_GetTattle1 will be placed at 8024F1D4 (length = 8C bytes)
$NPC_Sack_AnimationEnd will be placed at 8024F260 (length = 84 bytes)
$BanditMover_Options will be placed at 8024F2E4 (length = 80 bytes)
$SignStringBug will be placed at 8024F364 (length = 7C bytes)
$LoadHighscores will be placed at 8024F3E0 (length = 7C bytes)
$Mover_Options will be placed at 8024F45C (length = 78 bytes)
$Script_ProjectileAI will be placed at 8024F4D4 (length = 70 bytes)
$Script_EnemyAI will be placed at 8024F544 (length = 70 bytes)
$NpcGroups will be placed at 8024F5B4 (length = 6C bytes)
$DeepestLevel will be placed at 8024F620 (length = 6C bytes)
$Function2 will be placed at 8024F68C (length = 6C bytes)
$LoadCoinsMover will be placed at 8024F6F8 (length = 6C bytes)
$Function_SetAnimation will be placed at 8024F764 (length = 6C bytes)
$GetFloorPit will be placed at 8024F7D0 (length = 68 bytes)
$MoverEnd will be placed at 8024F838 (length = 68 bytes)
$BanditMoverEnd will be placed at 8024F8A0 (length = 68 bytes)
$GetFloorSign will be placed at 8024F908 (length = 64 bytes)
$BanditMoverNoCoins will be placed at 8024F96C (length = 58 bytes)
$MoverNoCoins will be placed at 8024F9C4 (length = 58 bytes)
$Function_GetTattle2 will be placed at 8024FA1C (length = 48 bytes)
$CommingDownPipe will be placed at 8024FA64 (length = 48 bytes)
$Script_Exit0 will be placed at 8024FAAC (length = 48 bytes)
$Function_LoadCoinsInToVar1 will be placed at 8024FAF4 (length = 48 bytes)
$Function_LoadGainedCoins will be placed at 8024FB3C (length = 48 bytes)
$Function_802405B8 will be placed at 8024FB84 (length = 44 bytes)
$Function_Init will be placed at 8024FBC8 (length = 44 bytes)
$Function_802409A8 will be placed at 8024FC0C (length = 44 bytes)
$Function_802404D4 will be placed at 8024FC50 (length = 44 bytes)
$Header will be placed at 8024FC94 (length = 40 bytes)
$Function_802412B4 will be placed at 8024FCD4 (length = 38 bytes)
$Script_Init_Bag will be placed at 8024FD0C (length = 38 bytes)
$TotalLevels will be placed at 8024FD44 (length = 38 bytes)
$Script_Init_Bag_HitBox will be placed at 8024FD7C (length = 38 bytes)
$DispawnParthner will be placed at 8024FDB4 (length = 34 bytes)
$Function_ResetDamage will be placed at 8024FDE8 (length = 34 bytes)
$AISettings_MoneySack will be placed at 8024FE1C (length = 30 bytes)
$AISettings_Enemy will be placed at 8024FE4C (length = 30 bytes)
$AISettings_Projectile will be placed at 8024FE7C (length = 30 bytes)
$AISettings_DisableEnemy will be placed at 8024FEAC (length = 30 bytes)
$RespawnParthner will be placed at 8024FEDC (length = 30 bytes)
$NPC_Settings_Sack will be placed at 8024FF0C (length = 2C bytes)
$Function_GetDamageTaken will be placed at 8024FF38 (length = 2C bytes)
$NpcSettings_Enemy1 will be placed at 8024FF64 (length = 2C bytes)
$Function_RevivePlayer will be placed at 8024FF90 (length = 2C bytes)
$String_CoinsGained will be placed at 8024FFBC (length = 2C bytes)
$NpcSettings_Projectile will be placed at 8024FFE8 (length = 2C bytes)
$BlankSettings will be placed at 80250014 (length = 2C bytes)
$Script_MakeExits will be placed at 80250040 (length = 2C bytes)
$NpcGroup7 will be placed at 8025006C (length = 24 bytes)
$VectorList_80244998 will be placed at 80250090 (length = 24 bytes)
$Script_Init_80243B20 will be placed at 802500B4 (length = 24 bytes)
$Script_Init_Mover will be placed at 802500D8 (length = 24 bytes)
$Script_Init_BanditMover will be placed at 802500FC (length = 24 bytes)
$Script_DisableEnemyAI will be placed at 80250120 (length = 20 bytes)
$EntryList will be placed at 80250140 (length = 20 bytes)
$NpcGroup6 will be placed at 80250160 (length = 18 bytes)
$NpcGroup3 will be placed at 80250178 (length = 18 bytes)
$NpcGroup2 will be placed at 80250190 (length = 18 bytes)
$NpcGroup5 will be placed at 802501A8 (length = 18 bytes)
$NpcGroup4 will be placed at 802501C0 (length = 18 bytes)
$NpcGroup1 will be placed at 802501D8 (length = 18 bytes)
$SignString100 will be placed at 802501F0 (length = 18 bytes)
$SignString1 will be placed at 80250208 (length = 14 bytes)
$SignString99 will be placed at 8025021C (length = 14 bytes)
$SignString98 will be placed at 80250230 (length = 14 bytes)
$SignString97 will be placed at 80250244 (length = 14 bytes)
$SignString96 will be placed at 80250258 (length = 14 bytes)
$SignString95 will be placed at 8025026C (length = 14 bytes)
$SignString94 will be placed at 80250280 (length = 14 bytes)
$SignString93 will be placed at 80250294 (length = 14 bytes)
$SignString92 will be placed at 802502A8 (length = 14 bytes)
$SignString91 will be placed at 802502BC (length = 14 bytes)
$SignString90 will be placed at 802502D0 (length = 14 bytes)
$SignString59 will be placed at 802502E4 (length = 14 bytes)
$SignString58 will be placed at 802502F8 (length = 14 bytes)
$SignString57 will be placed at 8025030C (length = 14 bytes)
$SignString56 will be placed at 80250320 (length = 14 bytes)
$SignString55 will be placed at 80250334 (length = 14 bytes)
$SignString54 will be placed at 80250348 (length = 14 bytes)
$SignString53 will be placed at 8025035C (length = 14 bytes)
$SignString52 will be placed at 80250370 (length = 14 bytes)
$SignString51 will be placed at 80250384 (length = 14 bytes)
$SignString50 will be placed at 80250398 (length = 14 bytes)
$SignString69 will be placed at 802503AC (length = 14 bytes)
$SignString68 will be placed at 802503C0 (length = 14 bytes)
$SignString67 will be placed at 802503D4 (length = 14 bytes)
$SignString66 will be placed at 802503E8 (length = 14 bytes)
$SignString65 will be placed at 802503FC (length = 14 bytes)
$SignString64 will be placed at 80250410 (length = 14 bytes)
$SignString63 will be placed at 80250424 (length = 14 bytes)
$SignString62 will be placed at 80250438 (length = 14 bytes)
$SignString61 will be placed at 8025044C (length = 14 bytes)
$SignString60 will be placed at 80250460 (length = 14 bytes)
$SignString79 will be placed at 80250474 (length = 14 bytes)
$SignString78 will be placed at 80250488 (length = 14 bytes)
$SignString77 will be placed at 8025049C (length = 14 bytes)
$SignString76 will be placed at 802504B0 (length = 14 bytes)
$SignString75 will be placed at 802504C4 (length = 14 bytes)
$SignString74 will be placed at 802504D8 (length = 14 bytes)
$SignString73 will be placed at 802504EC (length = 14 bytes)
$SignString72 will be placed at 80250500 (length = 14 bytes)
$SignString71 will be placed at 80250514 (length = 14 bytes)
$SignString70 will be placed at 80250528 (length = 14 bytes)
$SignString89 will be placed at 8025053C (length = 14 bytes)
$SignString88 will be placed at 80250550 (length = 14 bytes)
$SignString87 will be placed at 80250564 (length = 14 bytes)
$SignString86 will be placed at 80250578 (length = 14 bytes)
$SignString85 will be placed at 8025058C (length = 14 bytes)
$SignString84 will be placed at 802505A0 (length = 14 bytes)
$SignString83 will be placed at 802505B4 (length = 14 bytes)
$SignString82 will be placed at 802505C8 (length = 14 bytes)
$SignString81 will be placed at 802505DC (length = 14 bytes)
$SignString80 will be placed at 802505F0 (length = 14 bytes)
$SignString19 will be placed at 80250604 (length = 14 bytes)
$SignString18 will be placed at 80250618 (length = 14 bytes)
$SignString17 will be placed at 8025062C (length = 14 bytes)
$SignString16 will be placed at 80250640 (length = 14 bytes)
$SignString15 will be placed at 80250654 (length = 14 bytes)
$SignString14 will be placed at 80250668 (length = 14 bytes)
$SignString13 will be placed at 8025067C (length = 14 bytes)
$SignString12 will be placed at 80250690 (length = 14 bytes)
$SignString11 will be placed at 802506A4 (length = 14 bytes)
$SignString10 will be placed at 802506B8 (length = 14 bytes)
$SignString3 will be placed at 802506CC (length = 14 bytes)
$SignString2 will be placed at 802506E0 (length = 14 bytes)
$SignString5 will be placed at 802506F4 (length = 14 bytes)
$SignString4 will be placed at 80250708 (length = 14 bytes)
$SignString7 will be placed at 8025071C (length = 14 bytes)
$SignString6 will be placed at 80250730 (length = 14 bytes)
$SignString9 will be placed at 80250744 (length = 14 bytes)
$SignString8 will be placed at 80250758 (length = 14 bytes)
$SignString29 will be placed at 8025076C (length = 14 bytes)
$SignString28 will be placed at 80250780 (length = 14 bytes)
$SignString27 will be placed at 80250794 (length = 14 bytes)
$SignString26 will be placed at 802507A8 (length = 14 bytes)
$SignString25 will be placed at 802507BC (length = 14 bytes)
$SignString24 will be placed at 802507D0 (length = 14 bytes)
$SignString23 will be placed at 802507E4 (length = 14 bytes)
$SignString22 will be placed at 802507F8 (length = 14 bytes)
$SignString21 will be placed at 8025080C (length = 14 bytes)
$SignString20 will be placed at 80250820 (length = 14 bytes)
$SignString will be placed at 80250834 (length = 14 bytes)
$SignString39 will be placed at 80250848 (length = 14 bytes)
$SignString38 will be placed at 8025085C (length = 14 bytes)
$SignString37 will be placed at 80250870 (length = 14 bytes)
$SignString36 will be placed at 80250884 (length = 14 bytes)
$SignString35 will be placed at 80250898 (length = 14 bytes)
$SignString34 will be placed at 802508AC (length = 14 bytes)
$SignString33 will be placed at 802508C0 (length = 14 bytes)
$SignString32 will be placed at 802508D4 (length = 14 bytes)
$SignString31 will be placed at 802508E8 (length = 14 bytes)
$SignString30 will be placed at 802508FC (length = 14 bytes)
$SignString49 will be placed at 80250910 (length = 14 bytes)
$SignString48 will be placed at 80250924 (length = 14 bytes)
$SignString47 will be placed at 80250938 (length = 14 bytes)
$SignString46 will be placed at 8025094C (length = 14 bytes)
$SignString45 will be placed at 80250960 (length = 14 bytes)
$SignString44 will be placed at 80250974 (length = 14 bytes)
$SignString43 will be placed at 80250988 (length = 14 bytes)
$SignString42 will be placed at 8025099C (length = 14 bytes)
$SignString41 will be placed at 802509B0 (length = 14 bytes)
$SignString40 will be placed at 802509C4 (length = 14 bytes)
$Script_EndScript will be placed at 802509D8 (length = 10 bytes)
$ASCII_pit_02_Literal will be placed at 802509E8 (length = C bytes)
$ASCII_pit_90_Literal will be placed at 802509F4 (length = C bytes)
$ASCII_pit_34_Literal will be placed at 80250A00 (length = C bytes)
$ASCII_pit_66_Literal will be placed at 80250A0C (length = C bytes)
$ASCII_pit_98_Literal will be placed at 80250A18 (length = C bytes)
$ASCII_pit_19_Literal will be placed at 80250A24 (length = C bytes)
$ASCII_pit_57_Literal will be placed at 80250A30 (length = C bytes)
$ASCII_pit_69_Literal will be placed at 80250A3C (length = C bytes)
$ASCII_pit_72_Literal will be placed at 80250A48 (length = C bytes)
$ASCII_pit_81_Literal will be placed at 80250A54 (length = C bytes)
$ASCII_pit_43_Literal will be placed at 80250A60 (length = C bytes)
$ASCII_pit_28_Literal will be placed at 80250A6C (length = C bytes)
$ASCII_pit_78_Literal will be placed at 80250A78 (length = C bytes)
$ASCII_pit_63_Literal will be placed at 80250A84 (length = C bytes)
$ASCII_pit_46_Literal will be placed at 80250A90 (length = C bytes)
$ASCII_pit_95_Literal will be placed at 80250A9C (length = C bytes)
$ASCII_pit_16_Literal will be placed at 80250AA8 (length = C bytes)
$ASCII_pit_37_Literal will be placed at 80250AB4 (length = C bytes)
$ASCII_pit_22_Literal will be placed at 80250AC0 (length = C bytes)
$ASCII_pit_05_Literal will be placed at 80250ACC (length = C bytes)
$ASCII_pit_25_Literal will be placed at 80250AD8 (length = C bytes)
$ASCII_pit_54_Literal will be placed at 80250AE4 (length = C bytes)
$ASCII_pit_08_Literal will be placed at 80250AF0 (length = C bytes)
$ASCII_pit_87_Literal will be placed at 80250AFC (length = C bytes)
$ASCII_pit_75_Literal will be placed at 80250B08 (length = C bytes)
$ASCII_pit_13_Literal will be placed at 80250B14 (length = C bytes)
$ASCII_pit_32_Literal will be placed at 80250B20 (length = C bytes)
$ASCII_pit_92_Literal will be placed at 80250B2C (length = C bytes)
$ASCII_pit_17_Literal will be placed at 80250B38 (length = C bytes)
$ASCII_pit_49_Literal will be placed at 80250B44 (length = C bytes)
$ASCII_pit_77_Literal will be placed at 80250B50 (length = C bytes)
$ASCII_pit_96_Literal will be placed at 80250B5C (length = C bytes)
$ASCII_pit_68_Literal will be placed at 80250B68 (length = C bytes)
$ASCII_pit_51_Literal will be placed at 80250B74 (length = C bytes)
$ASCII_pit_04_Literal will be placed at 80250B80 (length = C bytes)
$ASCII_pit_83_Literal will be placed at 80250B8C (length = C bytes)
$ASCII_pit_86_Literal will be placed at 80250B98 (length = C bytes)
$ASCII_pit_26_Literal will be placed at 80250BA4 (length = C bytes)
$ASCII_pit_41_Literal will be placed at 80250BB0 (length = C bytes)
$ASCII_pit_14_Literal will be placed at 80250BBC (length = C bytes)
$ASCII_pit_74_Literal will be placed at 80250BC8 (length = C bytes)
$ASCII_pit_60_Literal will be placed at 80250BD4 (length = C bytes)
$ASCII_pit_59_Literal will be placed at 80250BE0 (length = C bytes)
$ASCII_pit_93_Literal will be placed at 80250BEC (length = C bytes)
$ASCII_pit_65_Literal will be placed at 80250BF8 (length = C bytes)
$ASCII_pit_07_Literal will be placed at 80250C04 (length = C bytes)
$ASCII_pit_20_Literal will be placed at 80250C10 (length = C bytes)
$ASCII_pit_35_Literal will be placed at 80250C1C (length = C bytes)
$ASCII_pit_23_Literal will be placed at 80250C28 (length = C bytes)
$ASCII_pit_11_Literal will be placed at 80250C34 (length = C bytes)
$ASCII_pit_56_Literal will be placed at 80250C40 (length = C bytes)
$ASCII_pit_44_Literal will be placed at 80250C4C (length = C bytes)
$ASCII_pit_89_Literal will be placed at 80250C58 (length = C bytes)
$ASCII_pit_79_Literal will be placed at 80250C64 (length = C bytes)
$ASCII_pit_62_Literal will be placed at 80250C70 (length = C bytes)
$ASCII_pit_94_Literal will be placed at 80250C7C (length = C bytes)
$ASCII_pit_47_Literal will be placed at 80250C88 (length = C bytes)
$ASCII_pit_21_Literal will be placed at 80250C94 (length = C bytes)
$ASCII_pit_06_Literal will be placed at 80250CA0 (length = C bytes)
$ASCII_pit_53_Literal will be placed at 80250CAC (length = C bytes)
$ASCII_pit_09_Literal will be placed at 80250CB8 (length = C bytes)
$ASCII_pit_88_Literal will be placed at 80250CC4 (length = C bytes)
$ASCII_pit_38_Literal will be placed at 80250CD0 (length = C bytes)
$ASCII_pit_24_Literal will be placed at 80250CDC (length = C bytes)
$ASCII_pit_12_Literal will be placed at 80250CE8 (length = C bytes)
$ASCII_pit_76_Literal will be placed at 80250CF4 (length = C bytes)
$ASCII_pit_01_Literal will be placed at 80250D00 (length = C bytes)
$ASCII_pit_50_Literal will be placed at 80250D0C (length = C bytes)
$ASCII_pit_33_Literal will be placed at 80250D18 (length = C bytes)
$ASCII_pit_99_Literal will be placed at 80250D24 (length = C bytes)
$ASCII_pit_67_Literal will be placed at 80250D30 (length = C bytes)
$ASCII_pit_71_Literal will be placed at 80250D3C (length = C bytes)
$ASCII_pit_42_Literal will be placed at 80250D48 (length = C bytes)
$ASCII_pit_80_Literal will be placed at 80250D54 (length = C bytes)
$ASCII_pit_29_Literal will be placed at 80250D60 (length = C bytes)
$ASCII_pit_58_Literal will be placed at 80250D6C (length = C bytes)
$ASCII_pit_30_Literal will be placed at 80250D78 (length = C bytes)
$ASCII_pit_00_Literal will be placed at 80250D84 (length = C bytes)
$ASCII_pit_64_Literal will be placed at 80250D90 (length = C bytes)
$ASCII_pit_36_Literal will be placed at 80250D9C (length = C bytes)
$ASCII_pit_55_Literal will be placed at 80250DA8 (length = C bytes)
$ASCII_pit_10_Literal will be placed at 80250DB4 (length = C bytes)
$ASCII_pit_45_Literal will be placed at 80250DC0 (length = C bytes)
$ASCII_pit_18_Literal will be placed at 80250DCC (length = C bytes)
$ASCII_pit_48_Literal will be placed at 80250DD8 (length = C bytes)
$ASCII_pit_03_Literal will be placed at 80250DE4 (length = C bytes)
$ASCII_pit_31_Literal will be placed at 80250DF0 (length = C bytes)
$ASCII_pit_91_Literal will be placed at 80250DFC (length = C bytes)
$ASCII_pit_97_Literal will be placed at 80250E08 (length = C bytes)
$ASCII_pit_82_Literal will be placed at 80250E14 (length = C bytes)
$ASCII_pit_52_Literal will be placed at 80250E20 (length = C bytes)
$ASCII_pit_70_Literal will be placed at 80250E2C (length = C bytes)
$ASCII_pit_85_Literal will be placed at 80250E38 (length = C bytes)
$ASCII_pit_40_Literal will be placed at 80250E44 (length = C bytes)
$ASCII_pit_39_Literal will be placed at 80250E50 (length = C bytes)
$ASCII_pit_73_Literal will be placed at 80250E5C (length = C bytes)
$ASCII_pit_15_Literal will be placed at 80250E68 (length = C bytes)
$ASCII_pit_27_Literal will be placed at 80250E74 (length = C bytes)
$ASCII_pit_61_Literal will be placed at 80250E80 (length = C bytes)
$ConstDouble_802427D0 will be placed at 80250E8C (length = 8 bytes)
$ConstDouble_802427C8 will be placed at 80250E94 (length = 8 bytes)
$ConstDouble_802427C0 will be placed at 80250E9C (length = 8 bytes)
$ConstDouble_802427E0 will be placed at 80250EA4 (length = 8 bytes)
$ConstDouble_802427D8 will be placed at 80250EAC (length = 8 bytes)
$ASCII_pit_842_Literal will be placed at 80250EB4 (length = 8 bytes)
$ASCII_pit_100_Literal will be placed at 80250EBC (length = 8 bytes)
$ASCII_tik_tex_Literal will be placed at 80250EC4 (length = 8 bytes)
$MoverCancel will be placed at 80250ECC (length = 4 bytes)
$BanditMoverCancel will be placed at 80250ED0 (length = 4 bytes)
Executing patch: pit_90.mpat
Loaded map pit_90
Creating struct: $EntryList
Creating struct: $DeepestLevel
Creating struct: $TotalLevels
Creating struct: $LoadHighscores
Creating struct: $FallingDownPipe
Creating struct: $Function_GetPos
Creating struct: $Function2
Creating struct: $Script_TrackPlayer
Creating struct: $Script_PipeAnimation
Creating struct: $Function_SetAnimation
Creating struct: $Function_GetColliderPos
Creating struct: $Function_TrackInput
Creating struct: $GoToNextLevel
Creating struct: $GoToNextLevel_Roguelike
Creating struct: $Script_SetSetsOfLevels
Creating struct: $Script_LoadMap_Roguelike
Creating struct: $Script_LoadChestMap_Roguelike
Creating struct: $Script_LoadMap_Mover_Roguelike
Creating struct: $Script_LoadChestMap_Mover_Roguelike
Creating struct: $GetFloorPit
Creating struct: $GetFloorSign
Creating struct: $Function_GetTattle1
Creating struct: $Function_GetTattle2
Creating struct: $Script_ReadSign
Creating struct: $BadgeListRogue
Creating struct: $BadgeList
Creating struct: $GetBadge
Creating struct: $CoinChest
Creating struct: $LoadChestFloor
Creating struct: $ShopperInteraction
Creating struct: $GetFloorRowf
Creating struct: $ShopperInventory1-1
Creating struct: $ShopperInventory1-2
Creating struct: $ShopperInventory1-3
Creating struct: $ShopperInventory1-4
Creating struct: $ShopperInventory1-5
Creating struct: $ShopperInventory1-6
Creating struct: $ShopperInventory1-7
Creating struct: $ShopperInventory1-8
Creating struct: $ShopperInventory1-9
Creating struct: $ShopperInventory2-1
Creating struct: $ShopperInventory2-2
Creating struct: $ShopperInventory2-3
Creating struct: $ShopperInventory2-4
Creating struct: $ShopperInventory2-5
Creating struct: $ShopperInventory2-6
Creating struct: $ShopperInventory2-7
Creating struct: $ShopperInventory2-8
Creating struct: $ShopperInventory2-9
Creating struct: $ShopperInventory3-1
Creating struct: $ShopperInventory3-2
Creating struct: $ShopperInventory3-3
Creating struct: $ShopperInventory3-4
Creating struct: $ShopperInventory3-5
Creating struct: $ShopperInventory3-6
Creating struct: $ShopperInventory3-7
Creating struct: $ShopperInventory3-8
Creating struct: $ShopperInventory3-9
Creating struct: $ShopperInventory4-1
Creating struct: $ShopperInventory4-2
Creating struct: $ShopperInventory4-3
Creating struct: $ShopperInventory4-4
Creating struct: $ShopperInventory4-5
Creating struct: $ShopperInventory4-6
Creating struct: $ShopperInventory4-7
Creating struct: $ShopperInventory4-8
Creating struct: $ShopperInventory4-9
Creating struct: $ShopperInventory5-1
Creating struct: $ShopperInventory5-2
Creating struct: $ShopperInventory5-3
Creating struct: $ShopperInventory5-4
Creating struct: $ShopperInventory5-5
Creating struct: $ShopperInventory5-6
Creating struct: $ShopperInventory5-7
Creating struct: $ShopperInventory5-8
Creating struct: $ShopperInventory5-9
Creating struct: $ShopperInventory6-1
Creating struct: $ShopperInventory6-2
Creating struct: $ShopperInventory6-3
Creating struct: $ShopperInventory6-4
Creating struct: $ShopperInventory6-5
Creating struct: $ShopperInventory6-6
Creating struct: $ShopperInventory6-7
Creating struct: $ShopperInventory6-8
Creating struct: $ShopperInventory6-9
Creating struct: $ShopperInventory7-1
Creating struct: $ShopperInventory7-2
Creating struct: $ShopperInventory7-3
Creating struct: $ShopperInventory7-4
Creating struct: $ShopperInventory7-5
Creating struct: $ShopperInventory7-6
Creating struct: $ShopperInventory7-7
Creating struct: $ShopperInventory7-8
Creating struct: $ShopperInventory7-9
Creating struct: $ShopperInventory8-1
Creating struct: $ShopperInventory8-2
Creating struct: $ShopperInventory8-3
Creating struct: $ShopperInventory8-4
Creating struct: $ShopperInventory8-5
Creating struct: $ShopperInventory8-6
Creating struct: $ShopperInventory8-7
Creating struct: $ShopperInventory8-8
Creating struct: $ShopperInventory8-9
Creating struct: $ShopperInventory9-1
Creating struct: $ShopperInventory9-2
Creating struct: $ShopperInventory9-3
Creating struct: $ShopperInventory9-4
Creating struct: $ShopperInventory9-5
Creating struct: $ShopperInventory9-6
Creating struct: $ShopperInventory9-7
Creating struct: $ShopperInventory9-8
Creating struct: $ShopperInventory9-9
Creating struct: $InventoryAvailability
Creating struct: $LoadCoins
Creating struct: $LoadInventory1
Creating struct: $LoadInventory2
Creating struct: $LoadInventory3
Creating struct: $LoadInventory4
Creating struct: $LoadInventory5
Creating struct: $LoadInventory6
Creating struct: $LoadInventory7
Creating struct: $LoadInventory8
Creating struct: $LoadInventory9
Creating struct: $Partner_Settings
Creating struct: $Init_NPC
Creating struct: $NPC_Cutscene1
Creating struct: $NPC_Cutscene2
Creating struct: $NPC_Cutscene3
Creating struct: $NPC_Cutscene4
Creating struct: $NPC_Cutscene5
Creating struct: $Script_MarioAnimation0
Creating struct: $Script_MarioAnimation1
Creating struct: $NPC_Cutscene6
Creating struct: $Script_WattLightnings
Creating struct: $NPC_Cutscene7
Creating struct: $NPC_Cutscene8
Creating struct: $VectorList_Path_Lakilester
Creating struct: $Function_LoadPath
Creating struct: $Script_SetNPC
Creating struct: $PartnerFunc1
Creating struct: $PartnerFunc2
Creating struct: $Explotion
Creating struct: $PartnerImage1
Creating struct: $PartnerImage2
Creating struct: $PartnerImage3
Creating struct: $PartnerImage4
Creating struct: $PartnerImage5
Creating struct: $PartnerImage6
Creating struct: $PartnerImage7
Creating struct: $PartnerImage8
Creating struct: $JoinedYourParty
Creating struct: $SetNPCtoPartner
Creating struct: $Header
Creating struct: $Function_Init
Creating struct: $Script_Main
Creating struct: $Script_MakeEntities
Creating struct: $Script_ReadSignExit
Creating struct: $Script_UseChest
Creating struct: $Script_OpenChest
Creating struct: $Script_GetItem
Creating struct: $Function_ActivateBadge
Creating struct: $CommingDownPipe
Creating struct: $PipeSpawning
Creating struct: $Script_MakeExits
Creating struct: $Script_Exit1
Creating struct: $Script_Exit0
Creating struct: $PipeAnimationX
Creating struct: $Function_802400F0
Creating struct: $Function_80240000
Creating struct: $NpcGroups
Creating struct: $NpcGroup_Partners
Creating struct: $NpcGroup_Rowf
Creating struct: $Rowf_Settings
Creating struct: $Script_AI_Rowf
Creating struct: $InitShopper
Creating struct: $GotItem
Creating struct: $NpcGroup_BlackRowf
Creating struct: $BRowf_Settings
Creating struct: $Init_BRowf
Creating struct: $GetItem_BRowf
Creating struct: $LoadCoins_BRowf
Creating struct: $EnableInputs
Merged 1 regions to 1
$BadgeList will be placed at 80240000 (length = 2040 bytes)
$BadgeListRogue will be placed at 80242040 (length = 143C bytes)
$GetBadge will be placed at 8024347C (length = F9C bytes)
$Script_LoadMap_Mover_Roguelike will be placed at 80244418 (length = F14 bytes)
$Script_ReadSign will be placed at 8024532C (length = EEC bytes)
$NPC_Cutscene5 will be placed at 80246218 (length = DAC bytes)
$Script_LoadMap_Roguelike will be placed at 80246FC4 (length = D9C bytes)
$GoToNextLevel will be placed at 80247D60 (length = D10 bytes)
$Script_MakeEntities will be placed at 80248A70 (length = A48 bytes)
$GoToNextLevel_Roguelike will be placed at 802494B8 (length = 868 bytes)
$ShopperInteraction will be placed at 80249D20 (length = 50C bytes)
$NPC_Cutscene4 will be placed at 8024A22C (length = 500 bytes)
$Script_UseChest will be placed at 8024A72C (length = 4DC bytes)
$NPC_Cutscene2 will be placed at 8024AC08 (length = 4DC bytes)
$LoadInventory7 will be placed at 8024B0E4 (length = 474 bytes)
$LoadInventory6 will be placed at 8024B558 (length = 474 bytes)
$LoadInventory9 will be placed at 8024B9CC (length = 474 bytes)
$LoadInventory8 will be placed at 8024BE40 (length = 474 bytes)
$LoadInventory3 will be placed at 8024C2B4 (length = 474 bytes)
$LoadInventory2 will be placed at 8024C728 (length = 474 bytes)
$LoadInventory5 will be placed at 8024CB9C (length = 474 bytes)
$LoadInventory4 will be placed at 8024D010 (length = 474 bytes)
$LoadInventory1 will be placed at 8024D484 (length = 474 bytes)
$NPC_Cutscene3 will be placed at 8024D8F8 (length = 448 bytes)
$NPC_Cutscene7 will be placed at 8024DD40 (length = 430 bytes)
$Init_BRowf will be placed at 8024E170 (length = 3A4 bytes)
$FallingDownPipe will be placed at 8024E514 (length = 37C bytes)
$PipeAnimationX will be placed at 8024E890 (length = 364 bytes)
$Script_SetSetsOfLevels will be placed at 8024EBF4 (length = 358 bytes)
$Script_SetNPC will be placed at 8024EF4C (length = 328 bytes)
$NPC_Cutscene1 will be placed at 8024F274 (length = 320 bytes)
$NPC_Cutscene6 will be placed at 8024F594 (length = 318 bytes)
$NPC_Cutscene8 will be placed at 8024F8AC (length = 29C bytes)
$Script_MarioAnimation0 will be placed at 8024FB48 (length = 21C bytes)
$NpcGroup_BlackRowf will be placed at 8024FD64 (length = 1F0 bytes)
$NpcGroup_Partners will be placed at 8024FF54 (length = 1F0 bytes)
$NpcGroup_Rowf will be placed at 80250144 (length = 1F0 bytes)
$Script_PipeAnimation will be placed at 80250334 (length = 1D0 bytes)
$Script_Main will be placed at 80250504 (length = 1D0 bytes)
$JoinedYourParty will be placed at 802506D4 (length = 194 bytes)
$Script_LoadChestMap_Mover_Roguelike will be placed at 80250868 (length = 18C bytes)
$SetNPCtoPartner will be placed at 802509F4 (length = 184 bytes)
$PipeSpawning will be placed at 80250B78 (length = 178 bytes)
$Function_ActivateBadge will be placed at 80250CF0 (length = 178 bytes)
$Script_LoadChestMap_Roguelike will be placed at 80250E68 (length = 164 bytes)
$CoinChest will be placed at 80250FCC (length = 158 bytes)
$Init_NPC will be placed at 80251124 (length = 154 bytes)
$LoadChestFloor will be placed at 80251278 (length = 154 bytes)
$MapTattle5 will be placed at 802513CC (length = 13C bytes)
$MapTattle4 will be placed at 80251508 (length = 130 bytes)
$Script_WattLightnings will be placed at 80251638 (length = 124 bytes)
$Script_AI_Rowf will be placed at 8025175C (length = 114 bytes)
$Function_LoadPath will be placed at 80251870 (length = 114 bytes)
$Script_OpenChest will be placed at 80251984 (length = 108 bytes)
$BRowfTattle will be placed at 80251A8C (length = F4 bytes)
$ShopperTattle will be placed at 80251B80 (length = E8 bytes)
$Function_GetColliderPos will be placed at 80251C68 (length = E0 bytes)
$Function_GetPos will be placed at 80251D48 (length = E0 bytes)
$Function_802400F0 will be placed at 80251E28 (length = E0 bytes)
$Script_TrackPlayer will be placed at 80251F08 (length = DC bytes)
$MapTattle2 will be placed at 80251FE4 (length = D4 bytes)
$ShopperBye1 will be placed at 802520B8 (length = C0 bytes)
$Explotion will be placed at 80252178 (length = BC bytes)
$ShopperBye2 will be placed at 80252234 (length = BC bytes)
$Function_TrackInput will be placed at 802522F0 (length = BC bytes)
$ShopperWelcome will be placed at 802523AC (length = B4 bytes)
$Script_MarioAnimation1 will be placed at 80252460 (length = B0 bytes)
$MapTattle3 will be placed at 80252510 (length = B0 bytes)
$MapTattle1 will be placed at 802525C0 (length = A8 bytes)
$CoinsString will be placed at 80252668 (length = 94 bytes)
$ShopperBuying will be placed at 802526FC (length = 94 bytes)
$Function_GetTattle1 will be placed at 80252790 (length = 8C bytes)
$LoadHighscores will be placed at 8025281C (length = 7C bytes)
$SignStringBug will be placed at 80252898 (length = 7C bytes)
$DeepestLevel will be placed at 80252914 (length = 6C bytes)
$Function_SetAnimation will be placed at 80252980 (length = 6C bytes)
$Function2 will be placed at 802529EC (length = 6C bytes)
$GetFloorPit will be placed at 80252A58 (length = 68 bytes)
$AfterBuying will be placed at 80252AC0 (length = 68 bytes)
$GetFloorSign will be placed at 80252B28 (length = 64 bytes)
$Bye-BRowf will be placed at 80252B8C (length = 5C bytes)
$Script_GetItem will be placed at 80252BE8 (length = 54 bytes)
$Init-BRowf will be placed at 80252C3C (length = 50 bytes)
$Function_GetTattle2 will be placed at 80252C8C (length = 48 bytes)
$ShopperInventory1-9 will be placed at 80252CD4 (length = 48 bytes)
$ShopperInventory1-8 will be placed at 80252D1C (length = 48 bytes)
$ShopperInventory1-7 will be placed at 80252D64 (length = 48 bytes)
$ShopperInventory1-6 will be placed at 80252DAC (length = 48 bytes)
$ShopperInventory1-5 will be placed at 80252DF4 (length = 48 bytes)
$StrangeSackBadge will be placed at 80252E3C (length = 48 bytes)
$ShopperInventory8-5 will be placed at 80252E84 (length = 48 bytes)
$ShopperInventory8-4 will be placed at 80252ECC (length = 48 bytes)
$ShopperInventory8-3 will be placed at 80252F14 (length = 48 bytes)
$ShopperInventory8-2 will be placed at 80252F5C (length = 48 bytes)
$ShopperInventory8-1 will be placed at 80252FA4 (length = 48 bytes)
$ShopperInventory8-9 will be placed at 80252FEC (length = 48 bytes)
$ShopperInventory8-8 will be placed at 80253034 (length = 48 bytes)
$ShopperInventory8-7 will be placed at 8025307C (length = 48 bytes)
$ShopperInventory8-6 will be placed at 802530C4 (length = 48 bytes)
$ShopperInventory9-4 will be placed at 8025310C (length = 48 bytes)
$ShopperInventory9-3 will be placed at 80253154 (length = 48 bytes)
$ShopperInventory9-2 will be placed at 8025319C (length = 48 bytes)
$ShopperInventory9-1 will be placed at 802531E4 (length = 48 bytes)
$ShopperInventory9-9 will be placed at 8025322C (length = 48 bytes)
$ShopperInventory9-8 will be placed at 80253274 (length = 48 bytes)
$ShopperInventory9-7 will be placed at 802532BC (length = 48 bytes)
$ShopperInventory9-6 will be placed at 80253304 (length = 48 bytes)
$ShopperInventory9-5 will be placed at 8025334C (length = 48 bytes)
$CommingDownPipe will be placed at 80253394 (length = 48 bytes)
$ShopperInventory6-7 will be placed at 802533DC (length = 48 bytes)
$ShopperInventory6-6 will be placed at 80253424 (length = 48 bytes)
$ShopperInventory6-5 will be placed at 8025346C (length = 48 bytes)
$ShopperInventory6-4 will be placed at 802534B4 (length = 48 bytes)
$ShopperInventory6-3 will be placed at 802534FC (length = 48 bytes)
$ShopperInventory6-2 will be placed at 80253544 (length = 48 bytes)
$ShopperInventory6-1 will be placed at 8025358C (length = 48 bytes)
$ShopperInventory6-9 will be placed at 802535D4 (length = 48 bytes)
$ShopperInventory6-8 will be placed at 8025361C (length = 48 bytes)
$ShopperInventory7-6 will be placed at 80253664 (length = 48 bytes)
$ShopperInventory7-5 will be placed at 802536AC (length = 48 bytes)
$ShopperInventory7-4 will be placed at 802536F4 (length = 48 bytes)
$ShopperInventory7-3 will be placed at 8025373C (length = 48 bytes)
$ShopperInventory7-2 will be placed at 80253784 (length = 48 bytes)
$ShopperInventory7-1 will be placed at 802537CC (length = 48 bytes)
$ShopperInventory7-9 will be placed at 80253814 (length = 48 bytes)
$ShopperInventory7-8 will be placed at 8025385C (length = 48 bytes)
$ShopperInventory7-7 will be placed at 802538A4 (length = 48 bytes)
$ShopperInventory4-9 will be placed at 802538EC (length = 48 bytes)
$ShopperInventory4-8 will be placed at 80253934 (length = 48 bytes)
$ShopperInventory4-7 will be placed at 8025397C (length = 48 bytes)
$ShopperInventory4-6 will be placed at 802539C4 (length = 48 bytes)
$ShopperInventory4-5 will be placed at 80253A0C (length = 48 bytes)
$ShopperInventory4-4 will be placed at 80253A54 (length = 48 bytes)
$ShopperInventory4-3 will be placed at 80253A9C (length = 48 bytes)
$ShopperInventory4-2 will be placed at 80253AE4 (length = 48 bytes)
$ShopperInventory3-2 will be placed at 80253B2C (length = 48 bytes)
$ShopperInventory3-1 will be placed at 80253B74 (length = 48 bytes)
$ShopperInventory5-8 will be placed at 80253BBC (length = 48 bytes)
$ShopperInventory5-7 will be placed at 80253C04 (length = 48 bytes)
$ShopperInventory5-6 will be placed at 80253C4C (length = 48 bytes)
$ShopperInventory5-5 will be placed at 80253C94 (length = 48 bytes)
$ShopperInventory5-4 will be placed at 80253CDC (length = 48 bytes)
$ShopperInventory5-3 will be placed at 80253D24 (length = 48 bytes)
$ShopperInventory5-2 will be placed at 80253D6C (length = 48 bytes)
$ShopperInventory5-1 will be placed at 80253DB4 (length = 48 bytes)
$ShopperInventory5-9 will be placed at 80253DFC (length = 48 bytes)
$ShopperInventory4-1 will be placed at 80253E44 (length = 48 bytes)
$ShopperInventory2-9 will be placed at 80253E8C (length = 48 bytes)
$Script_ReadSignExit will be placed at 80253ED4 (length = 48 bytes)
$ShopperInventory2-8 will be placed at 80253F1C (length = 48 bytes)
$ShopperInventory2-7 will be placed at 80253F64 (length = 48 bytes)
$ShopperInventory2-6 will be placed at 80253FAC (length = 48 bytes)
$ShopperInventory2-5 will be placed at 80253FF4 (length = 48 bytes)
$ShopperInventory2-4 will be placed at 8025403C (length = 48 bytes)
$ShopperInventory1-4 will be placed at 80254084 (length = 48 bytes)
$ShopperInventory1-3 will be placed at 802540CC (length = 48 bytes)
$ShopperInventory1-2 will be placed at 80254114 (length = 48 bytes)
$ShopperInventory1-1 will be placed at 8025415C (length = 48 bytes)
$Script_Exit1 will be placed at 802541A4 (length = 48 bytes)
$Script_Exit0 will be placed at 802541EC (length = 48 bytes)
$ShopperInventory3-9 will be placed at 80254234 (length = 48 bytes)
$ShopperInventory3-8 will be placed at 8025427C (length = 48 bytes)
$ShopperInventory3-7 will be placed at 802542C4 (length = 48 bytes)
$Script_MakeExits will be placed at 8025430C (length = 48 bytes)
$ShopperInventory3-6 will be placed at 80254354 (length = 48 bytes)
$ShopperInventory3-5 will be placed at 8025439C (length = 48 bytes)
$ShopperInventory3-4 will be placed at 802543E4 (length = 48 bytes)
$ShopperInventory3-3 will be placed at 8025442C (length = 48 bytes)
$ShopperInventory2-3 will be placed at 80254474 (length = 48 bytes)
$ShopperInventory2-2 will be placed at 802544BC (length = 48 bytes)
$ShopperInventory2-1 will be placed at 80254504 (length = 48 bytes)
$NoInventory-BRowf will be placed at 8025454C (length = 44 bytes)
$GetFloorRowf will be placed at 80254590 (length = 44 bytes)
$Function_Init will be placed at 802545D4 (length = 44 bytes)
$GetItem_BRowf will be placed at 80254618 (length = 44 bytes)
$NoCoins will be placed at 8025465C (length = 44 bytes)
$ShopperCancel will be placed at 802546A0 (length = 40 bytes)
$Header will be placed at 802546E0 (length = 40 bytes)
$PartnerFunc2 will be placed at 80254720 (length = 3C bytes)
$VectorList_Path_Lakilester will be placed at 8025475C (length = 3C bytes)
$TotalLevels will be placed at 80254798 (length = 38 bytes)
$PartnerFunc1 will be placed at 802547D0 (length = 34 bytes)
$LoadCoins_BRowf will be placed at 80254804 (length = 34 bytes)
$EntryList will be placed at 80254838 (length = 30 bytes)
$GotItem will be placed at 80254868 (length = 30 bytes)
$NoMoney-BRowf will be placed at 80254898 (length = 30 bytes)
$InventoryAvailability will be placed at 802548C8 (length = 2C bytes)
$EnableInputs will be placed at 802548F4 (length = 2C bytes)
$LoadCoins will be placed at 80254920 (length = 2C bytes)
$Rowf_Settings will be placed at 8025494C (length = 2C bytes)
$Partner_Settings will be placed at 80254978 (length = 2C bytes)
$BRowf_Settings will be placed at 802549A4 (length = 28 bytes)
$Init2-BRowf will be placed at 802549CC (length = 24 bytes)
$NpcGroups will be placed at 802549F0 (length = 24 bytes)
$InitShopper will be placed at 80254A14 (length = 24 bytes)
$Function_80240000 will be placed at 80254A38 (length = 20 bytes)
$SignStringExit will be placed at 80254A58 (length = 20 bytes)
$SignString100 will be placed at 80254A78 (length = 18 bytes)
$SignString1 will be placed at 80254A90 (length = 14 bytes)
$SignString59 will be placed at 80254AA4 (length = 14 bytes)
$SignString58 will be placed at 80254AB8 (length = 14 bytes)
$SignString57 will be placed at 80254ACC (length = 14 bytes)
$SignString56 will be placed at 80254AE0 (length = 14 bytes)
$SignString55 will be placed at 80254AF4 (length = 14 bytes)
$SignString54 will be placed at 80254B08 (length = 14 bytes)
$SignString53 will be placed at 80254B1C (length = 14 bytes)
$SignString52 will be placed at 80254B30 (length = 14 bytes)
$SignString51 will be placed at 80254B44 (length = 14 bytes)
$SignString50 will be placed at 80254B58 (length = 14 bytes)
$SignString69 will be placed at 80254B6C (length = 14 bytes)
$SignString68 will be placed at 80254B80 (length = 14 bytes)
$SignString67 will be placed at 80254B94 (length = 14 bytes)
$SignString66 will be placed at 80254BA8 (length = 14 bytes)
$SignString65 will be placed at 80254BBC (length = 14 bytes)
$SignString64 will be placed at 80254BD0 (length = 14 bytes)
$SignString63 will be placed at 80254BE4 (length = 14 bytes)
$SignString62 will be placed at 80254BF8 (length = 14 bytes)
$SignString61 will be placed at 80254C0C (length = 14 bytes)
$SignString60 will be placed at 80254C20 (length = 14 bytes)
$SignString79 will be placed at 80254C34 (length = 14 bytes)
$SignString78 will be placed at 80254C48 (length = 14 bytes)
$SignString77 will be placed at 80254C5C (length = 14 bytes)
$SignString76 will be placed at 80254C70 (length = 14 bytes)
$SignString75 will be placed at 80254C84 (length = 14 bytes)
$SignString74 will be placed at 80254C98 (length = 14 bytes)
$SignString73 will be placed at 80254CAC (length = 14 bytes)
$SignString72 will be placed at 80254CC0 (length = 14 bytes)
$SignString71 will be placed at 80254CD4 (length = 14 bytes)
$SignString70 will be placed at 80254CE8 (length = 14 bytes)
$SignString89 will be placed at 80254CFC (length = 14 bytes)
$SignString88 will be placed at 80254D10 (length = 14 bytes)
$SignString87 will be placed at 80254D24 (length = 14 bytes)
$SignString86 will be placed at 80254D38 (length = 14 bytes)
$SignString85 will be placed at 80254D4C (length = 14 bytes)
$SignString84 will be placed at 80254D60 (length = 14 bytes)
$SignString83 will be placed at 80254D74 (length = 14 bytes)
$SignString82 will be placed at 80254D88 (length = 14 bytes)
$SignString81 will be placed at 80254D9C (length = 14 bytes)
$SignString80 will be placed at 80254DB0 (length = 14 bytes)
$SignString19 will be placed at 80254DC4 (length = 14 bytes)
$SignString18 will be placed at 80254DD8 (length = 14 bytes)
$SignString17 will be placed at 80254DEC (length = 14 bytes)
$SignString16 will be placed at 80254E00 (length = 14 bytes)
$SignString15 will be placed at 80254E14 (length = 14 bytes)
$SignString14 will be placed at 80254E28 (length = 14 bytes)
$SignString13 will be placed at 80254E3C (length = 14 bytes)
$SignString12 will be placed at 80254E50 (length = 14 bytes)
$SignString11 will be placed at 80254E64 (length = 14 bytes)
$SignString10 will be placed at 80254E78 (length = 14 bytes)
$SignString3 will be placed at 80254E8C (length = 14 bytes)
$SignString2 will be placed at 80254EA0 (length = 14 bytes)
$SignString5 will be placed at 80254EB4 (length = 14 bytes)
$SignString4 will be placed at 80254EC8 (length = 14 bytes)
$SignString7 will be placed at 80254EDC (length = 14 bytes)
$SignString6 will be placed at 80254EF0 (length = 14 bytes)
$SignString9 will be placed at 80254F04 (length = 14 bytes)
$SignString8 will be placed at 80254F18 (length = 14 bytes)
$SignString29 will be placed at 80254F2C (length = 14 bytes)
$SignString28 will be placed at 80254F40 (length = 14 bytes)
$SignString27 will be placed at 80254F54 (length = 14 bytes)
$SignString26 will be placed at 80254F68 (length = 14 bytes)
$SignString25 will be placed at 80254F7C (length = 14 bytes)
$SignString24 will be placed at 80254F90 (length = 14 bytes)
$SignString23 will be placed at 80254FA4 (length = 14 bytes)
$SignString22 will be placed at 80254FB8 (length = 14 bytes)
$SignString21 will be placed at 80254FCC (length = 14 bytes)
$SignString20 will be placed at 80254FE0 (length = 14 bytes)
$SignString will be placed at 80254FF4 (length = 14 bytes)
$SignString39 will be placed at 80255008 (length = 14 bytes)
$SignString38 will be placed at 8025501C (length = 14 bytes)
$SignString37 will be placed at 80255030 (length = 14 bytes)
$SignString36 will be placed at 80255044 (length = 14 bytes)
$SignString35 will be placed at 80255058 (length = 14 bytes)
$SignString34 will be placed at 8025506C (length = 14 bytes)
$SignString33 will be placed at 80255080 (length = 14 bytes)
$SignString32 will be placed at 80255094 (length = 14 bytes)
$SignString31 will be placed at 802550A8 (length = 14 bytes)
$SignString30 will be placed at 802550BC (length = 14 bytes)
$SignString49 will be placed at 802550D0 (length = 14 bytes)
$SignString48 will be placed at 802550E4 (length = 14 bytes)
$SignString47 will be placed at 802550F8 (length = 14 bytes)
$SignString46 will be placed at 8025510C (length = 14 bytes)
$SignString45 will be placed at 80255120 (length = 14 bytes)
$SignString44 will be placed at 80255134 (length = 14 bytes)
$SignString43 will be placed at 80255148 (length = 14 bytes)
$SignString42 will be placed at 8025515C (length = 14 bytes)
$SignString41 will be placed at 80255170 (length = 14 bytes)
$SignString40 will be placed at 80255184 (length = 14 bytes)
$SignString99 will be placed at 80255198 (length = 14 bytes)
$SignString98 will be placed at 802551AC (length = 14 bytes)
$SignString97 will be placed at 802551C0 (length = 14 bytes)
$SignString96 will be placed at 802551D4 (length = 14 bytes)
$SignString95 will be placed at 802551E8 (length = 14 bytes)
$SignString94 will be placed at 802551FC (length = 14 bytes)
$SignString93 will be placed at 80255210 (length = 14 bytes)
$SignString92 will be placed at 80255224 (length = 14 bytes)
$SignString91 will be placed at 80255238 (length = 14 bytes)
$SignString90 will be placed at 8025524C (length = 14 bytes)
$ShopperAccepted will be placed at 80255260 (length = 14 bytes)
$PartnerImage4 will be placed at 80255274 (length = 10 bytes)
$PartnerImage5 will be placed at 80255284 (length = 10 bytes)
$PartnerImage2 will be placed at 80255294 (length = 10 bytes)
$PartnerImage8 will be placed at 802552A4 (length = 10 bytes)
$ASCII_pit_02_Literal will be placed at 802552B4 (length = C bytes)
$ASCII_pit_34_Literal will be placed at 802552C0 (length = C bytes)
$ASCII_pit_66_Literal will be placed at 802552CC (length = C bytes)
$ASCII_pit_98_Literal will be placed at 802552D8 (length = C bytes)
$ASCII_pit_19_Literal will be placed at 802552E4 (length = C bytes)
$ASCII_pit_69_Literal will be placed at 802552F0 (length = C bytes)
$ASCII_pit_81_Literal will be placed at 802552FC (length = C bytes)
$ASCII_pit_63_Literal will be placed at 80255308 (length = C bytes)
$ASCII_pit_95_Literal will be placed at 80255314 (length = C bytes)
$ASCII_pit_16_Literal will be placed at 80255320 (length = C bytes)
$ASCII_pit_37_Literal will be placed at 8025532C (length = C bytes)
$ASCII_pit_05_Literal will be placed at 80255338 (length = C bytes)
$ASCII_pit_08_Literal will be placed at 80255344 (length = C bytes)
$ASCII_pit_87_Literal will be placed at 80255350 (length = C bytes)
$ASCII_pit_13_Literal will be placed at 8025535C (length = C bytes)
$ASCII_pit_92_Literal will be placed at 80255368 (length = C bytes)
$ASCII_pit_77_Literal will be placed at 80255374 (length = C bytes)
$ASCII_pit_26_Literal will be placed at 80255380 (length = C bytes)
$ASCII_pit_41_Literal will be placed at 8025538C (length = C bytes)
$ASCII_pit_74_Literal will be placed at 80255398 (length = C bytes)
$ASCII_pit_60_Literal will be placed at 802553A4 (length = C bytes)
$ASCII_pit_59_Literal will be placed at 802553B0 (length = C bytes)
$ASCII_pit_20_Literal will be placed at 802553BC (length = C bytes)
$ASCII_pit_23_Literal will be placed at 802553C8 (length = C bytes)
$ASCII_pit_56_Literal will be placed at 802553D4 (length = C bytes)
$ASCII_pit_44_Literal will be placed at 802553E0 (length = C bytes)
$ASCII_pit_94_Literal will be placed at 802553EC (length = C bytes)
$ASCII_pit_21_Literal will be placed at 802553F8 (length = C bytes)
$ASCII_pit_53_Literal will be placed at 80255404 (length = C bytes)
$ASCII_pit_09_Literal will be placed at 80255410 (length = C bytes)
$ASCII_pit_88_Literal will be placed at 8025541C (length = C bytes)
$ASCII_pit_38_Literal will be placed at 80255428 (length = C bytes)
$ASCII_pit_76_Literal will be placed at 80255434 (length = C bytes)
$ASCII_pit_33_Literal will be placed at 80255440 (length = C bytes)
$ASCII_pit_99_Literal will be placed at 8025544C (length = C bytes)
$ASCII_pit_71_Literal will be placed at 80255458 (length = C bytes)
$ASCII_pit_58_Literal will be placed at 80255464 (length = C bytes)
$ASCII_pit_64_Literal will be placed at 80255470 (length = C bytes)
$ASCII_pit_10_Literal will be placed at 8025547C (length = C bytes)
$ASCII_pit_45_Literal will be placed at 80255488 (length = C bytes)
$ASCII_pit_03_Literal will be placed at 80255494 (length = C bytes)
$ASCII_pit_82_Literal will be placed at 802554A0 (length = C bytes)
$ASCII_pit_52_Literal will be placed at 802554AC (length = C bytes)
$ASCII_pit_70_Literal will be placed at 802554B8 (length = C bytes)
$ASCII_pit_40_Literal will be placed at 802554C4 (length = C bytes)
$ASCII_pit_39_Literal will be placed at 802554D0 (length = C bytes)
$ASCII_pit_15_Literal will be placed at 802554DC (length = C bytes)
$ASCII_pit_27_Literal will be placed at 802554E8 (length = C bytes)
$ASCII_pit_90_Literal will be placed at 802554F4 (length = C bytes)
$ASCII_pit_57_Literal will be placed at 80255500 (length = C bytes)
$ASCII_pit_72_Literal will be placed at 8025550C (length = C bytes)
$ASCII_pit_43_Literal will be placed at 80255518 (length = C bytes)
$ASCII_pit_28_Literal will be placed at 80255524 (length = C bytes)
$ASCII_pit_78_Literal will be placed at 80255530 (length = C bytes)
$ASCII_pit_46_Literal will be placed at 8025553C (length = C bytes)
$ASCII_pit_22_Literal will be placed at 80255548 (length = C bytes)
$ASCII_pit_25_Literal will be placed at 80255554 (length = C bytes)
$ASCII_pit_54_Literal will be placed at 80255560 (length = C bytes)
$ASCII_pit_75_Literal will be placed at 8025556C (length = C bytes)
$ASCII_pit_32_Literal will be placed at 80255578 (length = C bytes)
$ASCII_pit_17_Literal will be placed at 80255584 (length = C bytes)
$ASCII_pit_49_Literal will be placed at 80255590 (length = C bytes)
$ASCII_pit_96_Literal will be placed at 8025559C (length = C bytes)
$ASCII_pit_68_Literal will be placed at 802555A8 (length = C bytes)
$ASCII_pit_51_Literal will be placed at 802555B4 (length = C bytes)
$ASCII_pit_04_Literal will be placed at 802555C0 (length = C bytes)
$ASCII_pit_83_Literal will be placed at 802555CC (length = C bytes)
$ASCII_pit_86_Literal will be placed at 802555D8 (length = C bytes)
$ASCII_pit_14_Literal will be placed at 802555E4 (length = C bytes)
$ASCII_pit_93_Literal will be placed at 802555F0 (length = C bytes)
$ASCII_pit_65_Literal will be placed at 802555FC (length = C bytes)
$ASCII_pit_07_Literal will be placed at 80255608 (length = C bytes)
$ASCII_pit_35_Literal will be placed at 80255614 (length = C bytes)
$ASCII_pit_11_Literal will be placed at 80255620 (length = C bytes)
$ASCII_pit_89_Literal will be placed at 8025562C (length = C bytes)
$ASCII_pit_79_Literal will be placed at 80255638 (length = C bytes)
$ASCII_pit_62_Literal will be placed at 80255644 (length = C bytes)
$Init3-BRowf will be placed at 80255650 (length = C bytes)
$ASCII_pit_47_Literal will be placed at 8025565C (length = C bytes)
$ASCII_pit_06_Literal will be placed at 80255668 (length = C bytes)
$ASCII_pit_24_Literal will be placed at 80255674 (length = C bytes)
$ASCII_pit_12_Literal will be placed at 80255680 (length = C bytes)
$ASCII_pit_01_Literal will be placed at 8025568C (length = C bytes)
$PartnerImage3 will be placed at 80255698 (length = C bytes)
$PartnerImage6 will be placed at 802556A4 (length = C bytes)
$ASCII_pit_50_Literal will be placed at 802556B0 (length = C bytes)
$PartnerImage1 will be placed at 802556BC (length = C bytes)
$ASCII_pit_67_Literal will be placed at 802556C8 (length = C bytes)
$ASCII_pit_42_Literal will be placed at 802556D4 (length = C bytes)
$PartnerImage7 will be placed at 802556E0 (length = C bytes)
$ASCII_pit_80_Literal will be placed at 802556EC (length = C bytes)
$ASCII_pit_29_Literal will be placed at 802556F8 (length = C bytes)
$ASCII_pit_30_Literal will be placed at 80255704 (length = C bytes)
$ASCII_pit_00_Literal will be placed at 80255710 (length = C bytes)
$ASCII_pit_36_Literal will be placed at 8025571C (length = C bytes)
$ASCII_pit_55_Literal will be placed at 80255728 (length = C bytes)
$ASCII_pit_18_Literal will be placed at 80255734 (length = C bytes)
$ASCII_pit_48_Literal will be placed at 80255740 (length = C bytes)
$ASCII_pit_31_Literal will be placed at 8025574C (length = C bytes)
$ASCII_pit_91_Literal will be placed at 80255758 (length = C bytes)
$ASCII_pit_97_Literal will be placed at 80255764 (length = C bytes)
$ASCII_pit_85_Literal will be placed at 80255770 (length = C bytes)
$ASCII_pit_73_Literal will be placed at 8025577C (length = C bytes)
$ASCII_pit_61_Literal will be placed at 80255788 (length = C bytes)
$ASCII_pit_100_Literal will be placed at 80255794 (length = 8 bytes)
$ASCII_pit_842_Literal will be placed at 8025579C (length = 8 bytes)
$ASCII_tik_tex_Literal will be placed at 802557A4 (length = 8 bytes)
$No-BRowf will be placed at 802557AC (length = 4 bytes)
Executing patch: pit_91.mpat
Loaded map pit_91
Creating struct: $EntryList
Creating struct: $DeepestLevel
Creating struct: $TotalLevels
Creating struct: $LoadHighscores
Creating struct: $FallingDownPipe
Creating struct: $Function_GetPos
Creating struct: $Function2
Creating struct: $SetSpawns
Creating struct: $Script_SetNPCPos
Creating struct: $SwitchPath
Creating struct: $VectorList_80244998
Creating struct: $GetPos
Creating struct: $Function_GetDamageTaken
Creating struct: $Function_ResetDamage
Creating struct: $DispawnParthner
Creating struct: $RespawnParthner
Creating struct: $LoadMap
Creating struct: $Script_LoadMapMover_Roguelike
Creating struct: $GetFloor
Creating struct: $LoadCoinsMover
Creating struct: $LoadMapBandit
Creating struct: $GetFloorBandit
Creating struct: $Script_Init_80243B20
Creating struct: $Script_80243A6C
Creating struct: $Script_AddCoins
Creating struct: $Script_SubstractCoins
Creating struct: $NPC_Settings_Sack
Creating struct: $Script_Init_Bag
Creating struct: $Script_Init_Bag_HitBox
Creating struct: $Script_NPC_SackHit_Init
Creating struct: $Script_NPC_Sack_FX
Creating struct: $NPC_Sack_AnimationStart
Creating struct: $NPC_Sack_AnimationEnd
Creating struct: $Script_SackAnimation_Start_GoToTheRight
Creating struct: $Script_SackAnimation_Start_GoToTheLeft
Creating struct: $Script_SackAnimation_End_Right
Creating struct: $Script_SackAnimation_End_Left
Creating struct: $Function_LoadGainedCoins
Creating struct: $Function_RevivePlayer
Creating struct: $AISettings_MoneySack
Creating struct: $Script_NpcAI_MoneySack
Creating struct: $JumpTable_80242448
Creating struct: $Function_NpcAI_MoneySack
Creating struct: $Function_80240260
Creating struct: $Function_80240844
Creating struct: $Function_802409A8
Creating struct: $Script_TrackPlayer
Creating struct: $Script_PipeAnimation
Creating struct: $Function_SetAnimation
Creating struct: $Function_GetColliderPos
Creating struct: $Function_TrackInput
Creating struct: $GoToNextLevel
Creating struct: $GoToNextLevel_Roguelike
Creating struct: $Script_SetSetsOfLevels
Creating struct: $Script_LoadMap_Roguelike
Creating struct: $Script_LoadChestMap_Roguelike
Creating struct: $Script_LoadMap_Mover_Roguelike
Creating struct: $Script_LoadChestMap_Mover_Roguelike
Creating struct: $GetFloorPit
Creating struct: $GetFloorSign
Creating struct: $Function_GetTattle1
Creating struct: $Function_GetTattle2
Creating struct: $Script_ReadSign
Creating struct: $Header
Creating struct: $Function_Init
Creating struct: $Script_Main
Creating struct: $NpcGroups
Creating struct: $NpcGroup_Mover
Creating struct: $BlankSettings
Creating struct: $Script_Init_Mover
Creating struct: $Interact_Mover
Creating struct: $Script_MoverWarpAnimation
Creating struct: $NpcGroup_BanditMover
Creating struct: $Script_Init_BanditMover
Creating struct: $Interact_BanditMover
Creating struct: $NpcGroup_Enemy1
Creating struct: $NpcGroup_Enemy2
Creating struct: $NpcGroup_Enemy3
Creating struct: $NpcGroup_Enemy4
Creating struct: $NpcGroup_Enemy5
Creating struct: $NpcGroup_Enemy6
Creating struct: $ExtraAnimationList_Enemy1
Creating struct: $NpcSettings_Enemy1
Creating struct: $Script_EnemyAI
Creating struct: $AISettings_Enemy
Creating struct: $ConstDouble_80246CB0
Creating struct: $JumpTable_80246CB8
Creating struct: $Function_80241330
Creating struct: $Function_80240740
Creating struct: $Function_80240970
Creating struct: $Function_80240CA8
Creating struct: $Function_80240D68
Creating struct: $Function_80240F0C
Creating struct: $Function_80240FEC
Creating struct: $Function_802412EC
Creating struct: $Script_DisableEnemyAI
Creating struct: $AISettings_DisableEnemy
Creating struct: $PipeSpawning
Creating struct: $Script_MakeEntities
Creating struct: $CommingDownPipe
Creating struct: $Script_MakeExits
Creating struct: $Script_Exit0
Merged 1 regions to 1
$Script_LoadMap_Mover_Roguelike will be placed at 80240000 (length = F14 bytes)
$LoadMap will be placed at 80240F14 (length = EF4 bytes)
$Script_ReadSign will be placed at 80241E08 (length = EEC bytes)
$LoadMapBandit will be placed at 80242CF4 (length = EA4 bytes)
$Script_LoadMap_Roguelike will be placed at 80243B98 (length = D9C bytes)
$GoToNextLevel will be placed at 80244934 (length = D10 bytes)
$GoToNextLevel_Roguelike will be placed at 80245644 (length = 868 bytes)
$Function_80240260 will be placed at 80245EAC (length = 5E4 bytes)
$SetSpawns will be placed at 80246490 (length = 384 bytes)
$FallingDownPipe will be placed at 80246814 (length = 37C bytes)
$Script_SetSetsOfLevels will be placed at 80246B90 (length = 358 bytes)
$Function_80240970 will be placed at 80246EE8 (length = 33C bytes)
$Function_80240FEC will be placed at 80247224 (length = 300 bytes)
$Script_SetNPCPos will be placed at 80247524 (length = 2F4 bytes)
$Function_NpcAI_MoneySack will be placed at 80247818 (length = 238 bytes)
$Function_80240740 will be placed at 80247A50 (length = 230 bytes)
$Script_SackAnimation_Start_GoToTheRight will be placed at 80247C80 (length = 230 bytes)
$Function_80241330 will be placed at 80247EB0 (length = 224 bytes)
$Script_SackAnimation_Start_GoToTheLeft will be placed at 802480D4 (length = 1F8 bytes)
$Interact_Mover will be placed at 802482CC (length = 1F8 bytes)
$NpcGroup_Enemy3 will be placed at 802484C4 (length = 1F0 bytes)
$NpcGroup_Enemy4 will be placed at 802486B4 (length = 1F0 bytes)
$NpcGroup_Enemy5 will be placed at 802488A4 (length = 1F0 bytes)
$NpcGroup_Enemy6 will be placed at 80248A94 (length = 1F0 bytes)
$NpcGroup_Enemy1 will be placed at 80248C84 (length = 1F0 bytes)
$NpcGroup_Enemy2 will be placed at 80248E74 (length = 1F0 bytes)
$NpcGroup_Mover will be placed at 80249064 (length = 1F0 bytes)
$NpcGroup_BanditMover will be placed at 80249254 (length = 1F0 bytes)
$Interact_BanditMover will be placed at 80249444 (length = 1EC bytes)
$Script_PipeAnimation will be placed at 80249630 (length = 1D0 bytes)
$Function_80240D68 will be placed at 80249800 (length = 1A4 bytes)
$JumpTable_80242448 will be placed at 802499A4 (length = 190 bytes)
$Script_LoadChestMap_Mover_Roguelike will be placed at 80249B34 (length = 18C bytes)
$PipeSpawning will be placed at 80249CC0 (length = 178 bytes)
$NPC_Sack_AnimationStart will be placed at 80249E38 (length = 168 bytes)
$Function_80240844 will be placed at 80249FA0 (length = 164 bytes)
$Script_LoadChestMap_Roguelike will be placed at 8024A104 (length = 164 bytes)
$Script_NPC_SackHit_Init will be placed at 8024A268 (length = 160 bytes)
$Script_SackAnimation_End_Right will be placed at 8024A3C8 (length = 158 bytes)
$Script_SackAnimation_End_Left will be placed at 8024A520 (length = 150 bytes)
$MapTattle5 will be placed at 8024A670 (length = 13C bytes)
$MapTattle4 will be placed at 8024A7AC (length = 130 bytes)
$GetFloor will be placed at 8024A8DC (length = 12C bytes)
$BanditMover_Tattle will be placed at 8024AA08 (length = 124 bytes)
$Script_Main will be placed at 8024AB2C (length = 120 bytes)
$Script_80243A6C will be placed at 8024AC4C (length = 114 bytes)
$Script_SubstractCoins will be placed at 8024AD60 (length = 10C bytes)
$Script_LoadMapMover_Roguelike will be placed at 8024AE6C (length = 104 bytes)
$GetFloorBandit will be placed at 8024AF70 (length = F4 bytes)
$Script_MoverWarpAnimation will be placed at 8024B064 (length = F0 bytes)
$Function_80240F0C will be placed at 8024B154 (length = E0 bytes)
$Function_GetColliderPos will be placed at 8024B234 (length = E0 bytes)
$Function_GetPos will be placed at 8024B314 (length = E0 bytes)
$Script_TrackPlayer will be placed at 8024B3F4 (length = DC bytes)
$MapTattle2 will be placed at 8024B4D0 (length = D4 bytes)
$Function_80240CA8 will be placed at 8024B5A4 (length = C0 bytes)
$Function_TrackInput will be placed at 8024B664 (length = BC bytes)
$MapTattle3 will be placed at 8024B720 (length = B0 bytes)
$Script_MakeEntities will be placed at 8024B7D0 (length = A8 bytes)
$MapTattle1 will be placed at 8024B878 (length = A8 bytes)
$Script_NpcAI_MoneySack will be placed at 8024B920 (length = A8 bytes)
$MoverStart will be placed at 8024B9C8 (length = A4 bytes)
$SwitchPath will be placed at 8024BA6C (length = A4 bytes)
$Script_NPC_Sack_FX will be placed at 8024BB10 (length = A4 bytes)
$GetPos will be placed at 8024BBB4 (length = 9C bytes)
$Script_AddCoins will be placed at 8024BC50 (length = 98 bytes)
$BanditMoverStart will be placed at 8024BCE8 (length = 98 bytes)
$Mover_Tattle will be placed at 8024BD80 (length = 94 bytes)
$Function_GetTattle1 will be placed at 8024BE14 (length = 8C bytes)
$NPC_Sack_AnimationEnd will be placed at 8024BEA0 (length = 84 bytes)
$BanditMover_Options will be placed at 8024BF24 (length = 80 bytes)
$SignStringBug will be placed at 8024BFA4 (length = 7C bytes)
$LoadHighscores will be placed at 8024C020 (length = 7C bytes)
$Mover_Options will be placed at 8024C09C (length = 78 bytes)
$NpcGroups will be placed at 8024C114 (length = 6C bytes)
$DeepestLevel will be placed at 8024C180 (length = 6C bytes)
$Function2 will be placed at 8024C1EC (length = 6C bytes)
$LoadCoinsMover will be placed at 8024C258 (length = 6C bytes)
$Function_SetAnimation will be placed at 8024C2C4 (length = 6C bytes)
$GetFloorPit will be placed at 8024C330 (length = 68 bytes)
$MoverEnd will be placed at 8024C398 (length = 68 bytes)
$BanditMoverEnd will be placed at 8024C400 (length = 68 bytes)
$GetFloorSign will be placed at 8024C468 (length = 64 bytes)
$BanditMoverNoCoins will be placed at 8024C4CC (length = 58 bytes)
$MoverNoCoins will be placed at 8024C524 (length = 58 bytes)
$Function_GetTattle2 will be placed at 8024C57C (length = 48 bytes)
$CommingDownPipe will be placed at 8024C5C4 (length = 48 bytes)
$Script_Exit0 will be placed at 8024C60C (length = 48 bytes)
$Function_LoadGainedCoins will be placed at 8024C654 (length = 48 bytes)
$Function_Init will be placed at 8024C69C (length = 44 bytes)
$Function_802412EC will be placed at 8024C6E0 (length = 44 bytes)
$Function_802409A8 will be placed at 8024C724 (length = 44 bytes)
$Header will be placed at 8024C768 (length = 40 bytes)
$JumpTable_80246CB8 will be placed at 8024C7A8 (length = 3C bytes)
$Script_EnemyAI will be placed at 8024C7E4 (length = 3C bytes)
$Script_Init_Bag will be placed at 8024C820 (length = 38 bytes)
$TotalLevels will be placed at 8024C858 (length = 38 bytes)
$Script_Init_Bag_HitBox will be placed at 8024C890 (length = 38 bytes)
$DispawnParthner will be placed at 8024C8C8 (length = 34 bytes)
$Function_ResetDamage will be placed at 8024C8FC (length = 34 bytes)
$AISettings_MoneySack will be placed at 8024C930 (length = 30 bytes)
$AISettings_Enemy will be placed at 8024C960 (length = 30 bytes)
$AISettings_DisableEnemy will be placed at 8024C990 (length = 30 bytes)
$RespawnParthner will be placed at 8024C9C0 (length = 30 bytes)
$NPC_Settings_Sack will be placed at 8024C9F0 (length = 2C bytes)
$Function_GetDamageTaken will be placed at 8024CA1C (length = 2C bytes)
$NpcSettings_Enemy1 will be placed at 8024CA48 (length = 2C bytes)
$Function_RevivePlayer will be placed at 8024CA74 (length = 2C bytes)
$String_CoinsGained will be placed at 8024CAA0 (length = 2C bytes)
$BlankSettings will be placed at 8024CACC (length = 2C bytes)
$Script_MakeExits will be placed at 8024CAF8 (length = 2C bytes)
$VectorList_80244998 will be placed at 8024CB24 (length = 24 bytes)
$Script_Init_80243B20 will be placed at 8024CB48 (length = 24 bytes)
$Script_Init_Mover will be placed at 8024CB6C (length = 24 bytes)
$Script_Init_BanditMover will be placed at 8024CB90 (length = 24 bytes)
$Script_DisableEnemyAI will be placed at 8024CBB4 (length = 20 bytes)
$EntryList will be placed at 8024CBD4 (length = 20 bytes)
$SignString100 will be placed at 8024CBF4 (length = 18 bytes)
$ExtraAnimationList_Enemy1 will be placed at 8024CC0C (length = 14 bytes)
$SignString1 will be placed at 8024CC20 (length = 14 bytes)
$SignString99 will be placed at 8024CC34 (length = 14 bytes)
$SignString98 will be placed at 8024CC48 (length = 14 bytes)
$SignString97 will be placed at 8024CC5C (length = 14 bytes)
$SignString96 will be placed at 8024CC70 (length = 14 bytes)
$SignString95 will be placed at 8024CC84 (length = 14 bytes)
$SignString94 will be placed at 8024CC98 (length = 14 bytes)
$SignString93 will be placed at 8024CCAC (length = 14 bytes)
$SignString92 will be placed at 8024CCC0 (length = 14 bytes)
$SignString91 will be placed at 8024CCD4 (length = 14 bytes)
$SignString90 will be placed at 8024CCE8 (length = 14 bytes)
$SignString59 will be placed at 8024CCFC (length = 14 bytes)
$SignString58 will be placed at 8024CD10 (length = 14 bytes)
$SignString57 will be placed at 8024CD24 (length = 14 bytes)
$SignString56 will be placed at 8024CD38 (length = 14 bytes)
$SignString55 will be placed at 8024CD4C (length = 14 bytes)
$SignString54 will be placed at 8024CD60 (length = 14 bytes)
$SignString53 will be placed at 8024CD74 (length = 14 bytes)
$SignString52 will be placed at 8024CD88 (length = 14 bytes)
$SignString51 will be placed at 8024CD9C (length = 14 bytes)
$SignString50 will be placed at 8024CDB0 (length = 14 bytes)
$SignString69 will be placed at 8024CDC4 (length = 14 bytes)
$SignString68 will be placed at 8024CDD8 (length = 14 bytes)
$SignString67 will be placed at 8024CDEC (length = 14 bytes)
$SignString66 will be placed at 8024CE00 (length = 14 bytes)
$SignString65 will be placed at 8024CE14 (length = 14 bytes)
$SignString64 will be placed at 8024CE28 (length = 14 bytes)
$SignString63 will be placed at 8024CE3C (length = 14 bytes)
$SignString62 will be placed at 8024CE50 (length = 14 bytes)
$SignString61 will be placed at 8024CE64 (length = 14 bytes)
$SignString60 will be placed at 8024CE78 (length = 14 bytes)
$SignString79 will be placed at 8024CE8C (length = 14 bytes)
$SignString78 will be placed at 8024CEA0 (length = 14 bytes)
$SignString77 will be placed at 8024CEB4 (length = 14 bytes)
$SignString76 will be placed at 8024CEC8 (length = 14 bytes)
$SignString75 will be placed at 8024CEDC (length = 14 bytes)
$SignString74 will be placed at 8024CEF0 (length = 14 bytes)
$SignString73 will be placed at 8024CF04 (length = 14 bytes)
$SignString72 will be placed at 8024CF18 (length = 14 bytes)
$SignString71 will be placed at 8024CF2C (length = 14 bytes)
$SignString70 will be placed at 8024CF40 (length = 14 bytes)
$SignString89 will be placed at 8024CF54 (length = 14 bytes)
$SignString88 will be placed at 8024CF68 (length = 14 bytes)
$SignString87 will be placed at 8024CF7C (length = 14 bytes)
$SignString86 will be placed at 8024CF90 (length = 14 bytes)
$SignString85 will be placed at 8024CFA4 (length = 14 bytes)
$SignString84 will be placed at 8024CFB8 (length = 14 bytes)
$SignString83 will be placed at 8024CFCC (length = 14 bytes)
$SignString82 will be placed at 8024CFE0 (length = 14 bytes)
$SignString81 will be placed at 8024CFF4 (length = 14 bytes)
$SignString80 will be placed at 8024D008 (length = 14 bytes)
$SignString19 will be placed at 8024D01C (length = 14 bytes)
$SignString18 will be placed at 8024D030 (length = 14 bytes)
$SignString17 will be placed at 8024D044 (length = 14 bytes)
$SignString16 will be placed at 8024D058 (length = 14 bytes)
$SignString15 will be placed at 8024D06C (length = 14 bytes)
$SignString14 will be placed at 8024D080 (length = 14 bytes)
$SignString13 will be placed at 8024D094 (length = 14 bytes)
$SignString12 will be placed at 8024D0A8 (length = 14 bytes)
$SignString11 will be placed at 8024D0BC (length = 14 bytes)
$SignString10 will be placed at 8024D0D0 (length = 14 bytes)
$SignString3 will be placed at 8024D0E4 (length = 14 bytes)
$SignString2 will be placed at 8024D0F8 (length = 14 bytes)
$SignString5 will be placed at 8024D10C (length = 14 bytes)
$SignString4 will be placed at 8024D120 (length = 14 bytes)
$SignString7 will be placed at 8024D134 (length = 14 bytes)
$SignString6 will be placed at 8024D148 (length = 14 bytes)
$SignString9 will be placed at 8024D15C (length = 14 bytes)
$SignString8 will be placed at 8024D170 (length = 14 bytes)
$SignString29 will be placed at 8024D184 (length = 14 bytes)
$SignString28 will be placed at 8024D198 (length = 14 bytes)
$SignString27 will be placed at 8024D1AC (length = 14 bytes)
$SignString26 will be placed at 8024D1C0 (length = 14 bytes)
$SignString25 will be placed at 8024D1D4 (length = 14 bytes)
$SignString24 will be placed at 8024D1E8 (length = 14 bytes)
$SignString23 will be placed at 8024D1FC (length = 14 bytes)
$SignString22 will be placed at 8024D210 (length = 14 bytes)
$SignString21 will be placed at 8024D224 (length = 14 bytes)
$SignString20 will be placed at 8024D238 (length = 14 bytes)
$SignString will be placed at 8024D24C (length = 14 bytes)
$SignString39 will be placed at 8024D260 (length = 14 bytes)
$SignString38 will be placed at 8024D274 (length = 14 bytes)
$SignString37 will be placed at 8024D288 (length = 14 bytes)
$SignString36 will be placed at 8024D29C (length = 14 bytes)
$SignString35 will be placed at 8024D2B0 (length = 14 bytes)
$SignString34 will be placed at 8024D2C4 (length = 14 bytes)
$SignString33 will be placed at 8024D2D8 (length = 14 bytes)
$SignString32 will be placed at 8024D2EC (length = 14 bytes)
$SignString31 will be placed at 8024D300 (length = 14 bytes)
$SignString30 will be placed at 8024D314 (length = 14 bytes)
$SignString49 will be placed at 8024D328 (length = 14 bytes)
$SignString48 will be placed at 8024D33C (length = 14 bytes)
$SignString47 will be placed at 8024D350 (length = 14 bytes)
$SignString46 will be placed at 8024D364 (length = 14 bytes)
$SignString45 will be placed at 8024D378 (length = 14 bytes)
$SignString44 will be placed at 8024D38C (length = 14 bytes)
$SignString43 will be placed at 8024D3A0 (length = 14 bytes)
$SignString42 will be placed at 8024D3B4 (length = 14 bytes)
$SignString41 will be placed at 8024D3C8 (length = 14 bytes)
$SignString40 will be placed at 8024D3DC (length = 14 bytes)
$ASCII_pit_02_Literal will be placed at 8024D3F0 (length = C bytes)
$ASCII_pit_90_Literal will be placed at 8024D3FC (length = C bytes)
$ASCII_pit_34_Literal will be placed at 8024D408 (length = C bytes)
$ASCII_pit_66_Literal will be placed at 8024D414 (length = C bytes)
$ASCII_pit_98_Literal will be placed at 8024D420 (length = C bytes)
$ASCII_pit_19_Literal will be placed at 8024D42C (length = C bytes)
$ASCII_pit_57_Literal will be placed at 8024D438 (length = C bytes)
$ASCII_pit_69_Literal will be placed at 8024D444 (length = C bytes)
$ASCII_pit_72_Literal will be placed at 8024D450 (length = C bytes)
$ASCII_pit_81_Literal will be placed at 8024D45C (length = C bytes)
$ASCII_pit_43_Literal will be placed at 8024D468 (length = C bytes)
$ASCII_pit_28_Literal will be placed at 8024D474 (length = C bytes)
$ASCII_pit_78_Literal will be placed at 8024D480 (length = C bytes)
$ASCII_pit_63_Literal will be placed at 8024D48C (length = C bytes)
$ASCII_pit_46_Literal will be placed at 8024D498 (length = C bytes)
$ASCII_pit_95_Literal will be placed at 8024D4A4 (length = C bytes)
$ASCII_pit_16_Literal will be placed at 8024D4B0 (length = C bytes)
$ASCII_pit_37_Literal will be placed at 8024D4BC (length = C bytes)
$ASCII_pit_22_Literal will be placed at 8024D4C8 (length = C bytes)
$ASCII_pit_05_Literal will be placed at 8024D4D4 (length = C bytes)
$ASCII_pit_25_Literal will be placed at 8024D4E0 (length = C bytes)
$ASCII_pit_54_Literal will be placed at 8024D4EC (length = C bytes)
$ASCII_pit_08_Literal will be placed at 8024D4F8 (length = C bytes)
$ASCII_pit_87_Literal will be placed at 8024D504 (length = C bytes)
$ASCII_pit_75_Literal will be placed at 8024D510 (length = C bytes)
$ASCII_pit_13_Literal will be placed at 8024D51C (length = C bytes)
$ASCII_pit_32_Literal will be placed at 8024D528 (length = C bytes)
$ASCII_pit_92_Literal will be placed at 8024D534 (length = C bytes)
$ASCII_pit_17_Literal will be placed at 8024D540 (length = C bytes)
$ASCII_pit_49_Literal will be placed at 8024D54C (length = C bytes)
$ASCII_pit_77_Literal will be placed at 8024D558 (length = C bytes)
$ASCII_pit_96_Literal will be placed at 8024D564 (length = C bytes)
$ASCII_pit_68_Literal will be placed at 8024D570 (length = C bytes)
$ASCII_pit_51_Literal will be placed at 8024D57C (length = C bytes)
$ASCII_pit_04_Literal will be placed at 8024D588 (length = C bytes)
$ASCII_pit_83_Literal will be placed at 8024D594 (length = C bytes)
$ASCII_pit_86_Literal will be placed at 8024D5A0 (length = C bytes)
$ASCII_pit_26_Literal will be placed at 8024D5AC (length = C bytes)
$ASCII_pit_41_Literal will be placed at 8024D5B8 (length = C bytes)
$ASCII_pit_14_Literal will be placed at 8024D5C4 (length = C bytes)
$ASCII_pit_74_Literal will be placed at 8024D5D0 (length = C bytes)
$ASCII_pit_60_Literal will be placed at 8024D5DC (length = C bytes)
$ASCII_pit_59_Literal will be placed at 8024D5E8 (length = C bytes)
$ASCII_pit_93_Literal will be placed at 8024D5F4 (length = C bytes)
$ASCII_pit_65_Literal will be placed at 8024D600 (length = C bytes)
$ASCII_pit_07_Literal will be placed at 8024D60C (length = C bytes)
$ASCII_pit_20_Literal will be placed at 8024D618 (length = C bytes)
$ASCII_pit_35_Literal will be placed at 8024D624 (length = C bytes)
$ASCII_pit_23_Literal will be placed at 8024D630 (length = C bytes)
$ASCII_pit_11_Literal will be placed at 8024D63C (length = C bytes)
$ASCII_pit_56_Literal will be placed at 8024D648 (length = C bytes)
$ASCII_pit_44_Literal will be placed at 8024D654 (length = C bytes)
$ASCII_pit_89_Literal will be placed at 8024D660 (length = C bytes)
$ASCII_pit_79_Literal will be placed at 8024D66C (length = C bytes)
$ASCII_pit_62_Literal will be placed at 8024D678 (length = C bytes)
$ASCII_pit_94_Literal will be placed at 8024D684 (length = C bytes)
$ASCII_pit_47_Literal will be placed at 8024D690 (length = C bytes)
$ASCII_pit_21_Literal will be placed at 8024D69C (length = C bytes)
$ASCII_pit_06_Literal will be placed at 8024D6A8 (length = C bytes)
$ASCII_pit_53_Literal will be placed at 8024D6B4 (length = C bytes)
$ASCII_pit_09_Literal will be placed at 8024D6C0 (length = C bytes)
$ASCII_pit_88_Literal will be placed at 8024D6CC (length = C bytes)
$ASCII_pit_38_Literal will be placed at 8024D6D8 (length = C bytes)
$ASCII_pit_24_Literal will be placed at 8024D6E4 (length = C bytes)
$ASCII_pit_12_Literal will be placed at 8024D6F0 (length = C bytes)
$ASCII_pit_76_Literal will be placed at 8024D6FC (length = C bytes)
$ASCII_pit_01_Literal will be placed at 8024D708 (length = C bytes)
$ASCII_pit_50_Literal will be placed at 8024D714 (length = C bytes)
$ASCII_pit_33_Literal will be placed at 8024D720 (length = C bytes)
$ASCII_pit_99_Literal will be placed at 8024D72C (length = C bytes)
$ASCII_pit_67_Literal will be placed at 8024D738 (length = C bytes)
$ASCII_pit_71_Literal will be placed at 8024D744 (length = C bytes)
$ASCII_pit_42_Literal will be placed at 8024D750 (length = C bytes)
$ASCII_pit_80_Literal will be placed at 8024D75C (length = C bytes)
$ASCII_pit_29_Literal will be placed at 8024D768 (length = C bytes)
$ASCII_pit_58_Literal will be placed at 8024D774 (length = C bytes)
$ASCII_pit_30_Literal will be placed at 8024D780 (length = C bytes)
$ASCII_pit_00_Literal will be placed at 8024D78C (length = C bytes)
$ASCII_pit_64_Literal will be placed at 8024D798 (length = C bytes)
$ASCII_pit_36_Literal will be placed at 8024D7A4 (length = C bytes)
$ASCII_pit_55_Literal will be placed at 8024D7B0 (length = C bytes)
$ASCII_pit_10_Literal will be placed at 8024D7BC (length = C bytes)
$ASCII_pit_45_Literal will be placed at 8024D7C8 (length = C bytes)
$ASCII_pit_18_Literal will be placed at 8024D7D4 (length = C bytes)
$ASCII_pit_48_Literal will be placed at 8024D7E0 (length = C bytes)
$ASCII_pit_03_Literal will be placed at 8024D7EC (length = C bytes)
$ASCII_pit_31_Literal will be placed at 8024D7F8 (length = C bytes)
$ASCII_pit_91_Literal will be placed at 8024D804 (length = C bytes)
$ASCII_pit_97_Literal will be placed at 8024D810 (length = C bytes)
$ASCII_pit_82_Literal will be placed at 8024D81C (length = C bytes)
$ASCII_pit_52_Literal will be placed at 8024D828 (length = C bytes)
$ASCII_pit_70_Literal will be placed at 8024D834 (length = C bytes)
$ASCII_pit_85_Literal will be placed at 8024D840 (length = C bytes)
$ASCII_pit_40_Literal will be placed at 8024D84C (length = C bytes)
$ASCII_pit_39_Literal will be placed at 8024D858 (length = C bytes)
$ASCII_pit_73_Literal will be placed at 8024D864 (length = C bytes)
$ASCII_pit_15_Literal will be placed at 8024D870 (length = C bytes)
$ASCII_pit_27_Literal will be placed at 8024D87C (length = C bytes)
$ASCII_pit_61_Literal will be placed at 8024D888 (length = C bytes)
$ConstDouble_80246CB0 will be placed at 8024D894 (length = 8 bytes)
$ASCII_pit_842_Literal will be placed at 8024D89C (length = 8 bytes)
$ASCII_pit_100_Literal will be placed at 8024D8A4 (length = 8 bytes)
$ASCII_tik_tex_Literal will be placed at 8024D8AC (length = 8 bytes)
$MoverCancel will be placed at 8024D8B4 (length = 4 bytes)
$BanditMoverCancel will be placed at 8024D8B8 (length = 4 bytes)
Executing patch: pit_92.mpat
Loaded map pit_81
Creating struct: $EntryList
Creating struct: $DeepestLevel
Creating struct: $TotalLevels
Creating struct: $LoadHighscores
Creating struct: $FallingDownPipe
Creating struct: $Function_GetPos
Creating struct: $Function2
Creating struct: $SetSpawns
Creating struct: $Script_SetNPCPos
Creating struct: $SwitchPath
Creating struct: $VectorList_80244998
Creating struct: $GetPos
Creating struct: $Function_GetDamageTaken
Creating struct: $Function_ResetDamage
Creating struct: $DispawnParthner
Creating struct: $RespawnParthner
Creating struct: $LoadMap
Creating struct: $Script_LoadMapMover_Roguelike
Creating struct: $GetFloor
Creating struct: $LoadCoinsMover
Creating struct: $LoadMapBandit
Creating struct: $GetFloorBandit
Creating struct: $Script_Init_80243B20
Creating struct: $Script_80243A6C
Creating struct: $Script_AddCoins
Creating struct: $Script_SubstractCoins
Creating struct: $NPC_Settings_Sack
Creating struct: $Script_Init_Bag
Creating struct: $Script_Init_Bag_HitBox
Creating struct: $Script_NPC_SackHit_Init
Creating struct: $Script_NPC_Sack_FX
Creating struct: $NPC_Sack_AnimationStart
Creating struct: $NPC_Sack_AnimationEnd
Creating struct: $Script_SackAnimation_Start_GoToTheRight
Creating struct: $Script_SackAnimation_Start_GoToTheLeft
Creating struct: $Script_SackAnimation_End_Right
Creating struct: $Script_SackAnimation_End_Left
Creating struct: $Function_LoadGainedCoins
Creating struct: $Function_RevivePlayer
Creating struct: $AISettings_MoneySack
Creating struct: $Script_NpcAI_MoneySack
Creating struct: $JumpTable_80242448
Creating struct: $Function_NpcAI_MoneySack
Creating struct: $Function_80240260
Creating struct: $Function_80240844
Creating struct: $Function_802409A8
Creating struct: $Script_TrackPlayer
Creating struct: $Script_PipeAnimation
Creating struct: $Function_SetAnimation
Creating struct: $Function_GetColliderPos
Creating struct: $Function_TrackInput
Creating struct: $GoToNextLevel
Creating struct: $GoToNextLevel_Roguelike
Creating struct: $Script_SetSetsOfLevels
Creating struct: $Script_LoadMap_Roguelike
Creating struct: $Script_LoadChestMap_Roguelike
Creating struct: $Script_LoadMap_Mover_Roguelike
Creating struct: $Script_LoadChestMap_Mover_Roguelike
Creating struct: $GetFloorPit
Creating struct: $GetFloorSign
Creating struct: $Function_GetTattle1
Creating struct: $Function_GetTattle2
Creating struct: $Script_ReadSign
Creating struct: $Header
Creating struct: $Function_Init
Creating struct: $Script_Main
Creating struct: $NpcGroups
Creating struct: $NpcGroup_Mover
Creating struct: $BlankSettings
Creating struct: $Script_Init_Mover
Creating struct: $Interact_Mover
Creating struct: $Script_MoverWarpAnimation
Creating struct: $NpcGroup_BanditMover
Creating struct: $Script_Init_BanditMover
Creating struct: $Interact_BanditMover
Creating struct: $NpcGroup_Enemy1
Creating struct: $NpcGroup_Enemy2
Creating struct: $NpcGroup_Enemy3
Creating struct: $NpcGroup_Enemy4
Creating struct: $NpcGroup_Enemy5
Creating struct: $NpcGroup_Enemy6
Creating struct: $NpcSettings_Enemy1
Creating struct: $Script_EnemyAI
Creating struct: $AISettings_Enemy
Creating struct: $ConstDouble_80246500
Creating struct: $ConstDouble_80246508
Creating struct: $ConstDouble_80246510
Creating struct: $ConstDouble_80246558
Creating struct: $JumpTable_80246560
Creating struct: $FloatTable_80244900
Creating struct: $Function_80241DE4
Creating struct: $Function_802416C8
Creating struct: $Function_802404E0
Creating struct: $Function_80240690
Creating struct: $Function_80240CB8
Creating struct: $Function_80240D78
Creating struct: $Function_802410BC
Creating struct: $Function_80241134
Creating struct: $Function_802419D8
Creating struct: $Function_80241B08
Creating struct: $Function_80241D88
Creating struct: $Script_DisableEnemyAI
Creating struct: $AISettings_DisableEnemy
Creating struct: $PipeSpawning
Creating struct: $Script_MakeEntities
Creating struct: $CommingDownPipe
Creating struct: $Script_MakeExits
Creating struct: $Script_Exit0
Merged 1 regions to 1
$Script_LoadMap_Mover_Roguelike will be placed at 80240000 (length = F14 bytes)
$LoadMap will be placed at 80240F14 (length = EF4 bytes)
$Script_ReadSign will be placed at 80241E08 (length = EEC bytes)
$LoadMapBandit will be placed at 80242CF4 (length = EA4 bytes)
$Script_LoadMap_Roguelike will be placed at 80243B98 (length = D9C bytes)
$GoToNextLevel will be placed at 80244934 (length = D10 bytes)
$GoToNextLevel_Roguelike will be placed at 80245644 (length = 868 bytes)
$Function_80240690 will be placed at 80245EAC (length = 620 bytes)
$Function_80240260 will be placed at 802464CC (length = 5E4 bytes)
$SetSpawns will be placed at 80246AB0 (length = 384 bytes)
$FallingDownPipe will be placed at 80246E34 (length = 37C bytes)
$Script_SetSetsOfLevels will be placed at 802471B0 (length = 358 bytes)
$Function_80240D78 will be placed at 80247508 (length = 344 bytes)
$Script_SetNPCPos will be placed at 8024784C (length = 2F4 bytes)
$Function_80241B08 will be placed at 80247B40 (length = 284 bytes)
$Function_NpcAI_MoneySack will be placed at 80247DC4 (length = 238 bytes)
$Script_SackAnimation_Start_GoToTheRight will be placed at 80247FFC (length = 230 bytes)
$Script_SackAnimation_Start_GoToTheLeft will be placed at 8024822C (length = 1F8 bytes)
$Interact_Mover will be placed at 80248424 (length = 1F8 bytes)
$NpcGroup_Enemy3 will be placed at 8024861C (length = 1F0 bytes)
$NpcGroup_Enemy4 will be placed at 8024880C (length = 1F0 bytes)
$NpcGroup_Enemy5 will be placed at 802489FC (length = 1F0 bytes)
$NpcGroup_Enemy6 will be placed at 80248BEC (length = 1F0 bytes)
$NpcGroup_Enemy1 will be placed at 80248DDC (length = 1F0 bytes)
$NpcGroup_Enemy2 will be placed at 80248FCC (length = 1F0 bytes)
$NpcGroup_Mover will be placed at 802491BC (length = 1F0 bytes)
$NpcGroup_BanditMover will be placed at 802493AC (length = 1F0 bytes)
$Interact_BanditMover will be placed at 8024959C (length = 1EC bytes)
$Function_80241DE4 will be placed at 80249788 (length = 1E8 bytes)
$Script_PipeAnimation will be placed at 80249970 (length = 1D0 bytes)
$Function_802404E0 will be placed at 80249B40 (length = 1A8 bytes)
$JumpTable_80242448 will be placed at 80249CE8 (length = 190 bytes)
$Script_LoadChestMap_Mover_Roguelike will be placed at 80249E78 (length = 18C bytes)
$PipeSpawning will be placed at 8024A004 (length = 178 bytes)
$NPC_Sack_AnimationStart will be placed at 8024A17C (length = 168 bytes)
$Function_80240844 will be placed at 8024A2E4 (length = 164 bytes)
$Script_LoadChestMap_Roguelike will be placed at 8024A448 (length = 164 bytes)
$Script_NPC_SackHit_Init will be placed at 8024A5AC (length = 160 bytes)
$Script_SackAnimation_End_Right will be placed at 8024A70C (length = 158 bytes)
$Script_SackAnimation_End_Left will be placed at 8024A864 (length = 150 bytes)
$MapTattle5 will be placed at 8024A9B4 (length = 13C bytes)
$Function_802419D8 will be placed at 8024AAF0 (length = 130 bytes)
$MapTattle4 will be placed at 8024AC20 (length = 130 bytes)
$GetFloor will be placed at 8024AD50 (length = 12C bytes)
$BanditMover_Tattle will be placed at 8024AE7C (length = 124 bytes)
$Function_802416C8 will be placed at 8024AFA0 (length = 124 bytes)
$Script_Main will be placed at 8024B0C4 (length = 120 bytes)
$Script_80243A6C will be placed at 8024B1E4 (length = 114 bytes)
$Script_SubstractCoins will be placed at 8024B2F8 (length = 10C bytes)
$Script_LoadMapMover_Roguelike will be placed at 8024B404 (length = 104 bytes)
$GetFloorBandit will be placed at 8024B508 (length = F4 bytes)
$Script_MoverWarpAnimation will be placed at 8024B5FC (length = F0 bytes)
$Function_GetColliderPos will be placed at 8024B6EC (length = E0 bytes)
$Function_GetPos will be placed at 8024B7CC (length = E0 bytes)
$Script_TrackPlayer will be placed at 8024B8AC (length = DC bytes)
$MapTattle2 will be placed at 8024B988 (length = D4 bytes)
$Function_80240CB8 will be placed at 8024BA5C (length = C0 bytes)
$Function_TrackInput will be placed at 8024BB1C (length = BC bytes)
$MapTattle3 will be placed at 8024BBD8 (length = B0 bytes)
$Script_MakeEntities will be placed at 8024BC88 (length = A8 bytes)
$MapTattle1 will be placed at 8024BD30 (length = A8 bytes)
$Script_NpcAI_MoneySack will be placed at 8024BDD8 (length = A8 bytes)
$MoverStart will be placed at 8024BE80 (length = A4 bytes)
$SwitchPath will be placed at 8024BF24 (length = A4 bytes)
$Script_NPC_Sack_FX will be placed at 8024BFC8 (length = A4 bytes)
$GetPos will be placed at 8024C06C (length = 9C bytes)
$Script_AddCoins will be placed at 8024C108 (length = 98 bytes)
$BanditMoverStart will be placed at 8024C1A0 (length = 98 bytes)
$Mover_Tattle will be placed at 8024C238 (length = 94 bytes)
$Function_GetTattle1 will be placed at 8024C2CC (length = 8C bytes)
$NPC_Sack_AnimationEnd will be placed at 8024C358 (length = 84 bytes)
$BanditMover_Options will be placed at 8024C3DC (length = 80 bytes)
$SignStringBug will be placed at 8024C45C (length = 7C bytes)
$LoadHighscores will be placed at 8024C4D8 (length = 7C bytes)
$Function_802410BC will be placed at 8024C554 (length = 78 bytes)
$Mover_Options will be placed at 8024C5CC (length = 78 bytes)
$Script_EnemyAI will be placed at 8024C644 (length = 70 bytes)
$NpcGroups will be placed at 8024C6B4 (length = 6C bytes)
$DeepestLevel will be placed at 8024C720 (length = 6C bytes)
$Function_80241134 will be placed at 8024C78C (length = 6C bytes)
$Function2 will be placed at 8024C7F8 (length = 6C bytes)
$LoadCoinsMover will be placed at 8024C864 (length = 6C bytes)
$Function_SetAnimation will be placed at 8024C8D0 (length = 6C bytes)
$GetFloorPit will be placed at 8024C93C (length = 68 bytes)
$MoverEnd will be placed at 8024C9A4 (length = 68 bytes)
$BanditMoverEnd will be placed at 8024CA0C (length = 68 bytes)
$GetFloorSign will be placed at 8024CA74 (length = 64 bytes)
$Function_80241D88 will be placed at 8024CAD8 (length = 5C bytes)
$BanditMoverNoCoins will be placed at 8024CB34 (length = 58 bytes)
$MoverNoCoins will be placed at 8024CB8C (length = 58 bytes)
$JumpTable_80246560 will be placed at 8024CBE4 (length = 54 bytes)
$Function_GetTattle2 will be placed at 8024CC38 (length = 48 bytes)
$CommingDownPipe will be placed at 8024CC80 (length = 48 bytes)
$Script_Exit0 will be placed at 8024CCC8 (length = 48 bytes)
$Function_LoadGainedCoins will be placed at 8024CD10 (length = 48 bytes)
$Function_Init will be placed at 8024CD58 (length = 44 bytes)
$Function_802409A8 will be placed at 8024CD9C (length = 44 bytes)
$Header will be placed at 8024CDE0 (length = 40 bytes)
$Script_Init_Bag will be placed at 8024CE20 (length = 38 bytes)
$TotalLevels will be placed at 8024CE58 (length = 38 bytes)
$Script_Init_Bag_HitBox will be placed at 8024CE90 (length = 38 bytes)
$DispawnParthner will be placed at 8024CEC8 (length = 34 bytes)
$Function_ResetDamage will be placed at 8024CEFC (length = 34 bytes)
$AISettings_MoneySack will be placed at 8024CF30 (length = 30 bytes)
$AISettings_Enemy will be placed at 8024CF60 (length = 30 bytes)
$AISettings_DisableEnemy will be placed at 8024CF90 (length = 30 bytes)
$RespawnParthner will be placed at 8024CFC0 (length = 30 bytes)
$NPC_Settings_Sack will be placed at 8024CFF0 (length = 2C bytes)
$Function_GetDamageTaken will be placed at 8024D01C (length = 2C bytes)
$NpcSettings_Enemy1 will be placed at 8024D048 (length = 2C bytes)
$Function_RevivePlayer will be placed at 8024D074 (length = 2C bytes)
$String_CoinsGained will be placed at 8024D0A0 (length = 2C bytes)
$BlankSettings will be placed at 8024D0CC (length = 2C bytes)
$Script_MakeExits will be placed at 8024D0F8 (length = 2C bytes)
$VectorList_80244998 will be placed at 8024D124 (length = 24 bytes)
$Script_Init_80243B20 will be placed at 8024D148 (length = 24 bytes)
$Script_Init_Mover will be placed at 8024D16C (length = 24 bytes)
$Script_Init_BanditMover will be placed at 8024D190 (length = 24 bytes)
$Script_DisableEnemyAI will be placed at 8024D1B4 (length = 20 bytes)
$EntryList will be placed at 8024D1D4 (length = 20 bytes)
$SignString100 will be placed at 8024D1F4 (length = 18 bytes)
$FloatTable_80244900 will be placed at 8024D20C (length = 18 bytes)
$SignString1 will be placed at 8024D224 (length = 14 bytes)
$SignString99 will be placed at 8024D238 (length = 14 bytes)
$SignString98 will be placed at 8024D24C (length = 14 bytes)
$SignString97 will be placed at 8024D260 (length = 14 bytes)
$SignString96 will be placed at 8024D274 (length = 14 bytes)
$SignString95 will be placed at 8024D288 (length = 14 bytes)
$SignString94 will be placed at 8024D29C (length = 14 bytes)
$SignString93 will be placed at 8024D2B0 (length = 14 bytes)
$SignString92 will be placed at 8024D2C4 (length = 14 bytes)
$SignString91 will be placed at 8024D2D8 (length = 14 bytes)
$SignString90 will be placed at 8024D2EC (length = 14 bytes)
$SignString59 will be placed at 8024D300 (length = 14 bytes)
$SignString58 will be placed at 8024D314 (length = 14 bytes)
$SignString57 will be placed at 8024D328 (length = 14 bytes)
$SignString56 will be placed at 8024D33C (length = 14 bytes)
$SignString55 will be placed at 8024D350 (length = 14 bytes)
$SignString54 will be placed at 8024D364 (length = 14 bytes)
$SignString53 will be placed at 8024D378 (length = 14 bytes)
$SignString52 will be placed at 8024D38C (length = 14 bytes)
$SignString51 will be placed at 8024D3A0 (length = 14 bytes)
$SignString50 will be placed at 8024D3B4 (length = 14 bytes)
$SignString69 will be placed at 8024D3C8 (length = 14 bytes)
$SignString68 will be placed at 8024D3DC (length = 14 bytes)
$SignString67 will be placed at 8024D3F0 (length = 14 bytes)
$SignString66 will be placed at 8024D404 (length = 14 bytes)
$SignString65 will be placed at 8024D418 (length = 14 bytes)
$SignString64 will be placed at 8024D42C (length = 14 bytes)
$SignString63 will be placed at 8024D440 (length = 14 bytes)
$SignString62 will be placed at 8024D454 (length = 14 bytes)
$SignString61 will be placed at 8024D468 (length = 14 bytes)
$SignString60 will be placed at 8024D47C (length = 14 bytes)
$SignString79 will be placed at 8024D490 (length = 14 bytes)
$SignString78 will be placed at 8024D4A4 (length = 14 bytes)
$SignString77 will be placed at 8024D4B8 (length = 14 bytes)
$SignString76 will be placed at 8024D4CC (length = 14 bytes)
$SignString75 will be placed at 8024D4E0 (length = 14 bytes)
$SignString74 will be placed at 8024D4F4 (length = 14 bytes)
$SignString73 will be placed at 8024D508 (length = 14 bytes)
$SignString72 will be placed at 8024D51C (length = 14 bytes)
$SignString71 will be placed at 8024D530 (length = 14 bytes)
$SignString70 will be placed at 8024D544 (length = 14 bytes)
$SignString89 will be placed at 8024D558 (length = 14 bytes)
$SignString88 will be placed at 8024D56C (length = 14 bytes)
$SignString87 will be placed at 8024D580 (length = 14 bytes)
$SignString86 will be placed at 8024D594 (length = 14 bytes)
$SignString85 will be placed at 8024D5A8 (length = 14 bytes)
$SignString84 will be placed at 8024D5BC (length = 14 bytes)
$SignString83 will be placed at 8024D5D0 (length = 14 bytes)
$SignString82 will be placed at 8024D5E4 (length = 14 bytes)
$SignString81 will be placed at 8024D5F8 (length = 14 bytes)
$SignString80 will be placed at 8024D60C (length = 14 bytes)
$SignString19 will be placed at 8024D620 (length = 14 bytes)
$SignString18 will be placed at 8024D634 (length = 14 bytes)
$SignString17 will be placed at 8024D648 (length = 14 bytes)
$SignString16 will be placed at 8024D65C (length = 14 bytes)
$SignString15 will be placed at 8024D670 (length = 14 bytes)
$SignString14 will be placed at 8024D684 (length = 14 bytes)
$SignString13 will be placed at 8024D698 (length = 14 bytes)
$SignString12 will be placed at 8024D6AC (length = 14 bytes)
$SignString11 will be placed at 8024D6C0 (length = 14 bytes)
$SignString10 will be placed at 8024D6D4 (length = 14 bytes)
$SignString3 will be placed at 8024D6E8 (length = 14 bytes)
$SignString2 will be placed at 8024D6FC (length = 14 bytes)
$SignString5 will be placed at 8024D710 (length = 14 bytes)
$SignString4 will be placed at 8024D724 (length = 14 bytes)
$SignString7 will be placed at 8024D738 (length = 14 bytes)
$SignString6 will be placed at 8024D74C (length = 14 bytes)
$SignString9 will be placed at 8024D760 (length = 14 bytes)
$SignString8 will be placed at 8024D774 (length = 14 bytes)
$SignString29 will be placed at 8024D788 (length = 14 bytes)
$SignString28 will be placed at 8024D79C (length = 14 bytes)
$SignString27 will be placed at 8024D7B0 (length = 14 bytes)
$SignString26 will be placed at 8024D7C4 (length = 14 bytes)
$SignString25 will be placed at 8024D7D8 (length = 14 bytes)
$SignString24 will be placed at 8024D7EC (length = 14 bytes)
$SignString23 will be placed at 8024D800 (length = 14 bytes)
$SignString22 will be placed at 8024D814 (length = 14 bytes)
$SignString21 will be placed at 8024D828 (length = 14 bytes)
$SignString20 will be placed at 8024D83C (length = 14 bytes)
$SignString will be placed at 8024D850 (length = 14 bytes)
$SignString39 will be placed at 8024D864 (length = 14 bytes)
$SignString38 will be placed at 8024D878 (length = 14 bytes)
$SignString37 will be placed at 8024D88C (length = 14 bytes)
$SignString36 will be placed at 8024D8A0 (length = 14 bytes)
$SignString35 will be placed at 8024D8B4 (length = 14 bytes)
$SignString34 will be placed at 8024D8C8 (length = 14 bytes)
$SignString33 will be placed at 8024D8DC (length = 14 bytes)
$SignString32 will be placed at 8024D8F0 (length = 14 bytes)
$SignString31 will be placed at 8024D904 (length = 14 bytes)
$SignString30 will be placed at 8024D918 (length = 14 bytes)
$SignString49 will be placed at 8024D92C (length = 14 bytes)
$SignString48 will be placed at 8024D940 (length = 14 bytes)
$SignString47 will be placed at 8024D954 (length = 14 bytes)
$SignString46 will be placed at 8024D968 (length = 14 bytes)
$SignString45 will be placed at 8024D97C (length = 14 bytes)
$SignString44 will be placed at 8024D990 (length = 14 bytes)
$SignString43 will be placed at 8024D9A4 (length = 14 bytes)
$SignString42 will be placed at 8024D9B8 (length = 14 bytes)
$SignString41 will be placed at 8024D9CC (length = 14 bytes)
$SignString40 will be placed at 8024D9E0 (length = 14 bytes)
$ASCII_pit_02_Literal will be placed at 8024D9F4 (length = C bytes)
$ASCII_pit_90_Literal will be placed at 8024DA00 (length = C bytes)
$ASCII_pit_34_Literal will be placed at 8024DA0C (length = C bytes)
$ASCII_pit_66_Literal will be placed at 8024DA18 (length = C bytes)
$ASCII_pit_98_Literal will be placed at 8024DA24 (length = C bytes)
$ASCII_pit_19_Literal will be placed at 8024DA30 (length = C bytes)
$ASCII_pit_57_Literal will be placed at 8024DA3C (length = C bytes)
$ASCII_pit_69_Literal will be placed at 8024DA48 (length = C bytes)
$ASCII_pit_72_Literal will be placed at 8024DA54 (length = C bytes)
$ASCII_pit_81_Literal will be placed at 8024DA60 (length = C bytes)
$ASCII_pit_43_Literal will be placed at 8024DA6C (length = C bytes)
$ASCII_pit_28_Literal will be placed at 8024DA78 (length = C bytes)
$ASCII_pit_78_Literal will be placed at 8024DA84 (length = C bytes)
$ASCII_pit_63_Literal will be placed at 8024DA90 (length = C bytes)
$ASCII_pit_46_Literal will be placed at 8024DA9C (length = C bytes)
$ASCII_pit_95_Literal will be placed at 8024DAA8 (length = C bytes)
$ASCII_pit_16_Literal will be placed at 8024DAB4 (length = C bytes)
$ASCII_pit_37_Literal will be placed at 8024DAC0 (length = C bytes)
$ASCII_pit_22_Literal will be placed at 8024DACC (length = C bytes)
$ASCII_pit_05_Literal will be placed at 8024DAD8 (length = C bytes)
$ASCII_pit_25_Literal will be placed at 8024DAE4 (length = C bytes)
$ASCII_pit_54_Literal will be placed at 8024DAF0 (length = C bytes)
$ASCII_pit_08_Literal will be placed at 8024DAFC (length = C bytes)
$ASCII_pit_87_Literal will be placed at 8024DB08 (length = C bytes)
$ASCII_pit_75_Literal will be placed at 8024DB14 (length = C bytes)
$ASCII_pit_13_Literal will be placed at 8024DB20 (length = C bytes)
$ASCII_pit_32_Literal will be placed at 8024DB2C (length = C bytes)
$ASCII_pit_92_Literal will be placed at 8024DB38 (length = C bytes)
$ASCII_pit_17_Literal will be placed at 8024DB44 (length = C bytes)
$ASCII_pit_49_Literal will be placed at 8024DB50 (length = C bytes)
$ASCII_pit_77_Literal will be placed at 8024DB5C (length = C bytes)
$ASCII_pit_96_Literal will be placed at 8024DB68 (length = C bytes)
$ASCII_pit_68_Literal will be placed at 8024DB74 (length = C bytes)
$ASCII_pit_51_Literal will be placed at 8024DB80 (length = C bytes)
$ASCII_pit_04_Literal will be placed at 8024DB8C (length = C bytes)
$ASCII_pit_83_Literal will be placed at 8024DB98 (length = C bytes)
$ASCII_pit_86_Literal will be placed at 8024DBA4 (length = C bytes)
$ASCII_pit_26_Literal will be placed at 8024DBB0 (length = C bytes)
$ASCII_pit_41_Literal will be placed at 8024DBBC (length = C bytes)
$ASCII_pit_14_Literal will be placed at 8024DBC8 (length = C bytes)
$ASCII_pit_74_Literal will be placed at 8024DBD4 (length = C bytes)
$ASCII_pit_60_Literal will be placed at 8024DBE0 (length = C bytes)
$ASCII_pit_59_Literal will be placed at 8024DBEC (length = C bytes)
$ASCII_pit_93_Literal will be placed at 8024DBF8 (length = C bytes)
$ASCII_pit_65_Literal will be placed at 8024DC04 (length = C bytes)
$ASCII_pit_07_Literal will be placed at 8024DC10 (length = C bytes)
$ASCII_pit_20_Literal will be placed at 8024DC1C (length = C bytes)
$ASCII_pit_35_Literal will be placed at 8024DC28 (length = C bytes)
$ASCII_pit_23_Literal will be placed at 8024DC34 (length = C bytes)
$ASCII_pit_11_Literal will be placed at 8024DC40 (length = C bytes)
$ASCII_pit_56_Literal will be placed at 8024DC4C (length = C bytes)
$ASCII_pit_44_Literal will be placed at 8024DC58 (length = C bytes)
$ASCII_pit_89_Literal will be placed at 8024DC64 (length = C bytes)
$ASCII_pit_79_Literal will be placed at 8024DC70 (length = C bytes)
$ASCII_pit_62_Literal will be placed at 8024DC7C (length = C bytes)
$ASCII_pit_94_Literal will be placed at 8024DC88 (length = C bytes)
$ASCII_pit_47_Literal will be placed at 8024DC94 (length = C bytes)
$ASCII_pit_21_Literal will be placed at 8024DCA0 (length = C bytes)
$ASCII_pit_06_Literal will be placed at 8024DCAC (length = C bytes)
$ASCII_pit_53_Literal will be placed at 8024DCB8 (length = C bytes)
$ASCII_pit_09_Literal will be placed at 8024DCC4 (length = C bytes)
$ASCII_pit_88_Literal will be placed at 8024DCD0 (length = C bytes)
$ASCII_pit_38_Literal will be placed at 8024DCDC (length = C bytes)
$ASCII_pit_24_Literal will be placed at 8024DCE8 (length = C bytes)
$ASCII_pit_12_Literal will be placed at 8024DCF4 (length = C bytes)
$ASCII_pit_76_Literal will be placed at 8024DD00 (length = C bytes)
$ASCII_pit_01_Literal will be placed at 8024DD0C (length = C bytes)
$ASCII_pit_50_Literal will be placed at 8024DD18 (length = C bytes)
$ASCII_pit_33_Literal will be placed at 8024DD24 (length = C bytes)
$ASCII_pit_99_Literal will be placed at 8024DD30 (length = C bytes)
$ASCII_pit_67_Literal will be placed at 8024DD3C (length = C bytes)
$ASCII_pit_71_Literal will be placed at 8024DD48 (length = C bytes)
$ASCII_pit_42_Literal will be placed at 8024DD54 (length = C bytes)
$ASCII_pit_80_Literal will be placed at 8024DD60 (length = C bytes)
$ASCII_pit_29_Literal will be placed at 8024DD6C (length = C bytes)
$ASCII_pit_58_Literal will be placed at 8024DD78 (length = C bytes)
$ASCII_pit_30_Literal will be placed at 8024DD84 (length = C bytes)
$ASCII_pit_00_Literal will be placed at 8024DD90 (length = C bytes)
$ASCII_pit_64_Literal will be placed at 8024DD9C (length = C bytes)
$ASCII_pit_36_Literal will be placed at 8024DDA8 (length = C bytes)
$ASCII_pit_55_Literal will be placed at 8024DDB4 (length = C bytes)
$ASCII_pit_10_Literal will be placed at 8024DDC0 (length = C bytes)
$ASCII_pit_45_Literal will be placed at 8024DDCC (length = C bytes)
$ASCII_pit_18_Literal will be placed at 8024DDD8 (length = C bytes)
$ASCII_pit_48_Literal will be placed at 8024DDE4 (length = C bytes)
$ASCII_pit_03_Literal will be placed at 8024DDF0 (length = C bytes)
$ASCII_pit_31_Literal will be placed at 8024DDFC (length = C bytes)
$ASCII_pit_91_Literal will be placed at 8024DE08 (length = C bytes)
$ASCII_pit_97_Literal will be placed at 8024DE14 (length = C bytes)
$ASCII_pit_82_Literal will be placed at 8024DE20 (length = C bytes)
$ASCII_pit_52_Literal will be placed at 8024DE2C (length = C bytes)
$ASCII_pit_70_Literal will be placed at 8024DE38 (length = C bytes)
$ASCII_pit_85_Literal will be placed at 8024DE44 (length = C bytes)
$ASCII_pit_40_Literal will be placed at 8024DE50 (length = C bytes)
$ASCII_pit_39_Literal will be placed at 8024DE5C (length = C bytes)
$ASCII_pit_73_Literal will be placed at 8024DE68 (length = C bytes)
$ASCII_pit_15_Literal will be placed at 8024DE74 (length = C bytes)
$ASCII_pit_27_Literal will be placed at 8024DE80 (length = C bytes)
$ASCII_pit_61_Literal will be placed at 8024DE8C (length = C bytes)
$ConstDouble_80246558 will be placed at 8024DE98 (length = 8 bytes)
$ASCII_pit_842_Literal will be placed at 8024DEA0 (length = 8 bytes)
$ASCII_pit_100_Literal will be placed at 8024DEA8 (length = 8 bytes)
$ASCII_tik_tex_Literal will be placed at 8024DEB0 (length = 8 bytes)
$ConstDouble_80246510 will be placed at 8024DEB8 (length = 8 bytes)
$ConstDouble_80246508 will be placed at 8024DEC0 (length = 8 bytes)
$ConstDouble_80246500 will be placed at 8024DEC8 (length = 8 bytes)
$MoverCancel will be placed at 8024DED0 (length = 4 bytes)
$BanditMoverCancel will be placed at 8024DED4 (length = 4 bytes)
Executing patch: pit_93.mpat
Loaded map pit_81
Creating struct: $EntryList
Creating struct: $DeepestLevel
Creating struct: $TotalLevels
Creating struct: $LoadHighscores
Creating struct: $FallingDownPipe
Creating struct: $Function_GetPos
Creating struct: $Function2
Creating struct: $SetSpawns
Creating struct: $Script_SetNPCPos
Creating struct: $SwitchPath
Creating struct: $VectorList_80244998
Creating struct: $GetPos
Creating struct: $Function_GetDamageTaken
Creating struct: $Function_ResetDamage
Creating struct: $DispawnParthner
Creating struct: $RespawnParthner
Creating struct: $LoadMap
Creating struct: $Script_LoadMapMover_Roguelike
Creating struct: $GetFloor
Creating struct: $LoadCoinsMover
Creating struct: $LoadMapBandit
Creating struct: $GetFloorBandit
Creating struct: $Script_Init_80243B20
Creating struct: $Script_80243A6C
Creating struct: $Script_AddCoins
Creating struct: $Script_SubstractCoins
Creating struct: $NPC_Settings_Sack
Creating struct: $Script_Init_Bag
Creating struct: $Script_Init_Bag_HitBox
Creating struct: $Script_NPC_SackHit_Init
Creating struct: $Script_NPC_Sack_FX
Creating struct: $NPC_Sack_AnimationStart
Creating struct: $NPC_Sack_AnimationEnd
Creating struct: $Script_SackAnimation_Start_GoToTheRight
Creating struct: $Script_SackAnimation_Start_GoToTheLeft
Creating struct: $Script_SackAnimation_End_Right
Creating struct: $Script_SackAnimation_End_Left
Creating struct: $Function_LoadGainedCoins
Creating struct: $Function_RevivePlayer
Creating struct: $AISettings_MoneySack
Creating struct: $Script_NpcAI_MoneySack
Creating struct: $JumpTable_80242448
Creating struct: $Function_NpcAI_MoneySack
Creating struct: $Function_80240260
Creating struct: $Function_80240844
Creating struct: $Function_802409A8
Creating struct: $Script_TrackPlayer
Creating struct: $Script_PipeAnimation
Creating struct: $Function_SetAnimation
Creating struct: $Function_GetColliderPos
Creating struct: $Function_TrackInput
Creating struct: $GoToNextLevel
Creating struct: $GoToNextLevel_Roguelike
Creating struct: $Script_SetSetsOfLevels
Creating struct: $Script_LoadMap_Roguelike
Creating struct: $Script_LoadChestMap_Roguelike
Creating struct: $Script_LoadMap_Mover_Roguelike
Creating struct: $Script_LoadChestMap_Mover_Roguelike
Creating struct: $GetFloorPit
Creating struct: $GetFloorSign
Creating struct: $Function_GetTattle1
Creating struct: $Function_GetTattle2
Creating struct: $Script_ReadSign
Creating struct: $Header
Creating struct: $Function_Init
Creating struct: $Script_Main
Creating struct: $NpcGroups
Creating struct: $NpcGroup_Mover
Creating struct: $BlankSettings
Creating struct: $Script_Init_Mover
Creating struct: $Interact_Mover
Creating struct: $Script_MoverWarpAnimation
Creating struct: $NpcGroup_BanditMover
Creating struct: $Script_Init_BanditMover
Creating struct: $Interact_BanditMover
Creating struct: $NpcGroup_Enemy1
Creating struct: $NpcGroup_Enemy2
Creating struct: $NpcGroup_Enemy3
Creating struct: $NpcGroup_Enemy4
Creating struct: $NpcGroup_Enemy5
Creating struct: $NpcGroup_Enemy6
Creating struct: $NpcSettings_Enemy1
Creating struct: $Script_EnemyAI
Creating struct: $AISettings_Enemy
Creating struct: $Script_DisableEnemyAI
Creating struct: $AISettings_DisableEnemy
Creating struct: $PipeSpawning
Creating struct: $Script_MakeEntities
Creating struct: $CommingDownPipe
Creating struct: $Script_MakeExits
Creating struct: $Script_Exit0
Merged 1 regions to 1
$Script_LoadMap_Mover_Roguelike will be placed at 80240000 (length = F14 bytes)
$LoadMap will be placed at 80240F14 (length = EF4 bytes)
$Script_ReadSign will be placed at 80241E08 (length = EEC bytes)
$LoadMapBandit will be placed at 80242CF4 (length = EA4 bytes)
$Script_LoadMap_Roguelike will be placed at 80243B98 (length = D9C bytes)
$GoToNextLevel will be placed at 80244934 (length = D10 bytes)
$GoToNextLevel_Roguelike will be placed at 80245644 (length = 868 bytes)
$Function_80240260 will be placed at 80245EAC (length = 5E4 bytes)
$SetSpawns will be placed at 80246490 (length = 384 bytes)
$FallingDownPipe will be placed at 80246814 (length = 37C bytes)
$Script_SetSetsOfLevels will be placed at 80246B90 (length = 358 bytes)
$Script_SetNPCPos will be placed at 80246EE8 (length = 2F4 bytes)
$Function_NpcAI_MoneySack will be placed at 802471DC (length = 238 bytes)
$Script_SackAnimation_Start_GoToTheRight will be placed at 80247414 (length = 230 bytes)
$Script_SackAnimation_Start_GoToTheLeft will be placed at 80247644 (length = 1F8 bytes)
$Interact_Mover will be placed at 8024783C (length = 1F8 bytes)
$NpcGroup_Enemy3 will be placed at 80247A34 (length = 1F0 bytes)
$NpcGroup_Enemy4 will be placed at 80247C24 (length = 1F0 bytes)
$NpcGroup_Enemy5 will be placed at 80247E14 (length = 1F0 bytes)
$NpcGroup_Enemy6 will be placed at 80248004 (length = 1F0 bytes)
$NpcGroup_Enemy1 will be placed at 802481F4 (length = 1F0 bytes)
$NpcGroup_Enemy2 will be placed at 802483E4 (length = 1F0 bytes)
$NpcGroup_Mover will be placed at 802485D4 (length = 1F0 bytes)
$NpcGroup_BanditMover will be placed at 802487C4 (length = 1F0 bytes)
$Interact_BanditMover will be placed at 802489B4 (length = 1EC bytes)
$Script_PipeAnimation will be placed at 80248BA0 (length = 1D0 bytes)
$JumpTable_80242448 will be placed at 80248D70 (length = 190 bytes)
$Script_LoadChestMap_Mover_Roguelike will be placed at 80248F00 (length = 18C bytes)
$PipeSpawning will be placed at 8024908C (length = 178 bytes)
$NPC_Sack_AnimationStart will be placed at 80249204 (length = 168 bytes)
$Function_80240844 will be placed at 8024936C (length = 164 bytes)
$Script_LoadChestMap_Roguelike will be placed at 802494D0 (length = 164 bytes)
$Script_NPC_SackHit_Init will be placed at 80249634 (length = 160 bytes)
$Script_SackAnimation_End_Right will be placed at 80249794 (length = 158 bytes)
$Script_SackAnimation_End_Left will be placed at 802498EC (length = 150 bytes)
$MapTattle5 will be placed at 80249A3C (length = 13C bytes)
$MapTattle4 will be placed at 80249B78 (length = 130 bytes)
$GetFloor will be placed at 80249CA8 (length = 12C bytes)
$BanditMover_Tattle will be placed at 80249DD4 (length = 124 bytes)
$Script_Main will be placed at 80249EF8 (length = 120 bytes)
$Script_80243A6C will be placed at 8024A018 (length = 114 bytes)
$Script_SubstractCoins will be placed at 8024A12C (length = 10C bytes)
$Script_LoadMapMover_Roguelike will be placed at 8024A238 (length = 104 bytes)
$GetFloorBandit will be placed at 8024A33C (length = F4 bytes)
$Script_MoverWarpAnimation will be placed at 8024A430 (length = F0 bytes)
$Function_GetColliderPos will be placed at 8024A520 (length = E0 bytes)
$Function_GetPos will be placed at 8024A600 (length = E0 bytes)
$Script_TrackPlayer will be placed at 8024A6E0 (length = DC bytes)
$MapTattle2 will be placed at 8024A7BC (length = D4 bytes)
$Function_TrackInput will be placed at 8024A890 (length = BC bytes)
$MapTattle3 will be placed at 8024A94C (length = B0 bytes)
$Script_MakeEntities will be placed at 8024A9FC (length = A8 bytes)
$MapTattle1 will be placed at 8024AAA4 (length = A8 bytes)
$Script_NpcAI_MoneySack will be placed at 8024AB4C (length = A8 bytes)
$MoverStart will be placed at 8024ABF4 (length = A4 bytes)
$SwitchPath will be placed at 8024AC98 (length = A4 bytes)
$Script_NPC_Sack_FX will be placed at 8024AD3C (length = A4 bytes)
$GetPos will be placed at 8024ADE0 (length = 9C bytes)
$Script_AddCoins will be placed at 8024AE7C (length = 98 bytes)
$BanditMoverStart will be placed at 8024AF14 (length = 98 bytes)
$Mover_Tattle will be placed at 8024AFAC (length = 94 bytes)
$Function_GetTattle1 will be placed at 8024B040 (length = 8C bytes)
$NPC_Sack_AnimationEnd will be placed at 8024B0CC (length = 84 bytes)
$BanditMover_Options will be placed at 8024B150 (length = 80 bytes)
$SignStringBug will be placed at 8024B1D0 (length = 7C bytes)
$LoadHighscores will be placed at 8024B24C (length = 7C bytes)
$Mover_Options will be placed at 8024B2C8 (length = 78 bytes)
$NpcGroups will be placed at 8024B340 (length = 6C bytes)
$DeepestLevel will be placed at 8024B3AC (length = 6C bytes)
$Function2 will be placed at 8024B418 (length = 6C bytes)
$LoadCoinsMover will be placed at 8024B484 (length = 6C bytes)
$Function_SetAnimation will be placed at 8024B4F0 (length = 6C bytes)
$GetFloorPit will be placed at 8024B55C (length = 68 bytes)
$MoverEnd will be placed at 8024B5C4 (length = 68 bytes)
$BanditMoverEnd will be placed at 8024B62C (length = 68 bytes)
$GetFloorSign will be placed at 8024B694 (length = 64 bytes)
$BanditMoverNoCoins will be placed at 8024B6F8 (length = 58 bytes)
$MoverNoCoins will be placed at 8024B750 (length = 58 bytes)
$Function_GetTattle2 will be placed at 8024B7A8 (length = 48 bytes)
$CommingDownPipe will be placed at 8024B7F0 (length = 48 bytes)
$Script_Exit0 will be placed at 8024B838 (length = 48 bytes)
$Function_LoadGainedCoins will be placed at 8024B880 (length = 48 bytes)
$Function_Init will be placed at 8024B8C8 (length = 44 bytes)
$Function_802409A8 will be placed at 8024B90C (length = 44 bytes)
$Header will be placed at 8024B950 (length = 40 bytes)
$Script_Init_Bag will be placed at 8024B990 (length = 38 bytes)
$TotalLevels will be placed at 8024B9C8 (length = 38 bytes)
$Script_Init_Bag_HitBox will be placed at 8024BA00 (length = 38 bytes)
$DispawnParthner will be placed at 8024BA38 (length = 34 bytes)
$Function_ResetDamage will be placed at 8024BA6C (length = 34 bytes)
$AISettings_MoneySack will be placed at 8024BAA0 (length = 30 bytes)
$AISettings_Enemy will be placed at 8024BAD0 (length = 30 bytes)
$AISettings_DisableEnemy will be placed at 8024BB00 (length = 30 bytes)
$RespawnParthner will be placed at 8024BB30 (length = 30 bytes)
$NPC_Settings_Sack will be placed at 8024BB60 (length = 2C bytes)
$Function_GetDamageTaken will be placed at 8024BB8C (length = 2C bytes)
$Function_RevivePlayer will be placed at 8024BBB8 (length = 2C bytes)
$String_CoinsGained will be placed at 8024BBE4 (length = 2C bytes)
$BlankSettings will be placed at 8024BC10 (length = 2C bytes)
$Script_MakeExits will be placed at 8024BC3C (length = 2C bytes)
$NpcSettings_Enemy1 will be placed at 8024BC68 (length = 24 bytes)
$VectorList_80244998 will be placed at 8024BC8C (length = 24 bytes)
$Script_Init_80243B20 will be placed at 8024BCB0 (length = 24 bytes)
$Script_Init_Mover will be placed at 8024BCD4 (length = 24 bytes)
$Script_Init_BanditMover will be placed at 8024BCF8 (length = 24 bytes)
$Script_DisableEnemyAI will be placed at 8024BD1C (length = 20 bytes)
$EntryList will be placed at 8024BD3C (length = 20 bytes)
$Script_EnemyAI will be placed at 8024BD5C (length = 20 bytes)
$SignString100 will be placed at 8024BD7C (length = 18 bytes)
$SignString1 will be placed at 8024BD94 (length = 14 bytes)
$SignString99 will be placed at 8024BDA8 (length = 14 bytes)
$SignString98 will be placed at 8024BDBC (length = 14 bytes)
$SignString97 will be placed at 8024BDD0 (length = 14 bytes)
$SignString96 will be placed at 8024BDE4 (length = 14 bytes)
$SignString95 will be placed at 8024BDF8 (length = 14 bytes)
$SignString94 will be placed at 8024BE0C (length = 14 bytes)
$SignString93 will be placed at 8024BE20 (length = 14 bytes)
$SignString92 will be placed at 8024BE34 (length = 14 bytes)
$SignString91 will be placed at 8024BE48 (length = 14 bytes)
$SignString90 will be placed at 8024BE5C (length = 14 bytes)
$SignString59 will be placed at 8024BE70 (length = 14 bytes)
$SignString58 will be placed at 8024BE84 (length = 14 bytes)
$SignString57 will be placed at 8024BE98 (length = 14 bytes)
$SignString56 will be placed at 8024BEAC (length = 14 bytes)
$SignString55 will be placed at 8024BEC0 (length = 14 bytes)
$SignString54 will be placed at 8024BED4 (length = 14 bytes)
$SignString53 will be placed at 8024BEE8 (length = 14 bytes)
$SignString52 will be placed at 8024BEFC (length = 14 bytes)
$SignString51 will be placed at 8024BF10 (length = 14 bytes)
$SignString50 will be placed at 8024BF24 (length = 14 bytes)
$SignString69 will be placed at 8024BF38 (length = 14 bytes)
$SignString68 will be placed at 8024BF4C (length = 14 bytes)
$SignString67 will be placed at 8024BF60 (length = 14 bytes)
$SignString66 will be placed at 8024BF74 (length = 14 bytes)
$SignString65 will be placed at 8024BF88 (length = 14 bytes)
$SignString64 will be placed at 8024BF9C (length = 14 bytes)
$SignString63 will be placed at 8024BFB0 (length = 14 bytes)
$SignString62 will be placed at 8024BFC4 (length = 14 bytes)
$SignString61 will be placed at 8024BFD8 (length = 14 bytes)
$SignString60 will be placed at 8024BFEC (length = 14 bytes)
$SignString79 will be placed at 8024C000 (length = 14 bytes)
$SignString78 will be placed at 8024C014 (length = 14 bytes)
$SignString77 will be placed at 8024C028 (length = 14 bytes)
$SignString76 will be placed at 8024C03C (length = 14 bytes)
$SignString75 will be placed at 8024C050 (length = 14 bytes)
$SignString74 will be placed at 8024C064 (length = 14 bytes)
$SignString73 will be placed at 8024C078 (length = 14 bytes)
$SignString72 will be placed at 8024C08C (length = 14 bytes)
$SignString71 will be placed at 8024C0A0 (length = 14 bytes)
$SignString70 will be placed at 8024C0B4 (length = 14 bytes)
$SignString89 will be placed at 8024C0C8 (length = 14 bytes)
$SignString88 will be placed at 8024C0DC (length = 14 bytes)
$SignString87 will be placed at 8024C0F0 (length = 14 bytes)
$SignString86 will be placed at 8024C104 (length = 14 bytes)
$SignString85 will be placed at 8024C118 (length = 14 bytes)
$SignString84 will be placed at 8024C12C (length = 14 bytes)
$SignString83 will be placed at 8024C140 (length = 14 bytes)
$SignString82 will be placed at 8024C154 (length = 14 bytes)
$SignString81 will be placed at 8024C168 (length = 14 bytes)
$SignString80 will be placed at 8024C17C (length = 14 bytes)
$SignString19 will be placed at 8024C190 (length = 14 bytes)
$SignString18 will be placed at 8024C1A4 (length = 14 bytes)
$SignString17 will be placed at 8024C1B8 (length = 14 bytes)
$SignString16 will be placed at 8024C1CC (length = 14 bytes)
$SignString15 will be placed at 8024C1E0 (length = 14 bytes)
$SignString14 will be placed at 8024C1F4 (length = 14 bytes)
$SignString13 will be placed at 8024C208 (length = 14 bytes)
$SignString12 will be placed at 8024C21C (length = 14 bytes)
$SignString11 will be placed at 8024C230 (length = 14 bytes)
$SignString10 will be placed at 8024C244 (length = 14 bytes)
$SignString3 will be placed at 8024C258 (length = 14 bytes)
$SignString2 will be placed at 8024C26C (length = 14 bytes)
$SignString5 will be placed at 8024C280 (length = 14 bytes)
$SignString4 will be placed at 8024C294 (length = 14 bytes)
$SignString7 will be placed at 8024C2A8 (length = 14 bytes)
$SignString6 will be placed at 8024C2BC (length = 14 bytes)
$SignString9 will be placed at 8024C2D0 (length = 14 bytes)
$SignString8 will be placed at 8024C2E4 (length = 14 bytes)
$SignString29 will be placed at 8024C2F8 (length = 14 bytes)
$SignString28 will be placed at 8024C30C (length = 14 bytes)
$SignString27 will be placed at 8024C320 (length = 14 bytes)
$SignString26 will be placed at 8024C334 (length = 14 bytes)
$SignString25 will be placed at 8024C348 (length = 14 bytes)
$SignString24 will be placed at 8024C35C (length = 14 bytes)
$SignString23 will be placed at 8024C370 (length = 14 bytes)
$SignString22 will be placed at 8024C384 (length = 14 bytes)
$SignString21 will be placed at 8024C398 (length = 14 bytes)
$SignString20 will be placed at 8024C3AC (length = 14 bytes)
$SignString will be placed at 8024C3C0 (length = 14 bytes)
$SignString39 will be placed at 8024C3D4 (length = 14 bytes)
$SignString38 will be placed at 8024C3E8 (length = 14 bytes)
$SignString37 will be placed at 8024C3FC (length = 14 bytes)
$SignString36 will be placed at 8024C410 (length = 14 bytes)
$SignString35 will be placed at 8024C424 (length = 14 bytes)
$SignString34 will be placed at 8024C438 (length = 14 bytes)
$SignString33 will be placed at 8024C44C (length = 14 bytes)
$SignString32 will be placed at 8024C460 (length = 14 bytes)
$SignString31 will be placed at 8024C474 (length = 14 bytes)
$SignString30 will be placed at 8024C488 (length = 14 bytes)
$SignString49 will be placed at 8024C49C (length = 14 bytes)
$SignString48 will be placed at 8024C4B0 (length = 14 bytes)
$SignString47 will be placed at 8024C4C4 (length = 14 bytes)
$SignString46 will be placed at 8024C4D8 (length = 14 bytes)
$SignString45 will be placed at 8024C4EC (length = 14 bytes)
$SignString44 will be placed at 8024C500 (length = 14 bytes)
$SignString43 will be placed at 8024C514 (length = 14 bytes)
$SignString42 will be placed at 8024C528 (length = 14 bytes)
$SignString41 will be placed at 8024C53C (length = 14 bytes)
$SignString40 will be placed at 8024C550 (length = 14 bytes)
$ASCII_pit_02_Literal will be placed at 8024C564 (length = C bytes)
$ASCII_pit_90_Literal will be placed at 8024C570 (length = C bytes)
$ASCII_pit_34_Literal will be placed at 8024C57C (length = C bytes)
$ASCII_pit_66_Literal will be placed at 8024C588 (length = C bytes)
$ASCII_pit_98_Literal will be placed at 8024C594 (length = C bytes)
$ASCII_pit_19_Literal will be placed at 8024C5A0 (length = C bytes)
$ASCII_pit_57_Literal will be placed at 8024C5AC (length = C bytes)
$ASCII_pit_69_Literal will be placed at 8024C5B8 (length = C bytes)
$ASCII_pit_72_Literal will be placed at 8024C5C4 (length = C bytes)
$ASCII_pit_81_Literal will be placed at 8024C5D0 (length = C bytes)
$ASCII_pit_43_Literal will be placed at 8024C5DC (length = C bytes)
$ASCII_pit_28_Literal will be placed at 8024C5E8 (length = C bytes)
$ASCII_pit_78_Literal will be placed at 8024C5F4 (length = C bytes)
$ASCII_pit_63_Literal will be placed at 8024C600 (length = C bytes)
$ASCII_pit_46_Literal will be placed at 8024C60C (length = C bytes)
$ASCII_pit_95_Literal will be placed at 8024C618 (length = C bytes)
$ASCII_pit_16_Literal will be placed at 8024C624 (length = C bytes)
$ASCII_pit_37_Literal will be placed at 8024C630 (length = C bytes)
$ASCII_pit_22_Literal will be placed at 8024C63C (length = C bytes)
$ASCII_pit_05_Literal will be placed at 8024C648 (length = C bytes)
$ASCII_pit_25_Literal will be placed at 8024C654 (length = C bytes)
$ASCII_pit_54_Literal will be placed at 8024C660 (length = C bytes)
$ASCII_pit_08_Literal will be placed at 8024C66C (length = C bytes)
$ASCII_pit_87_Literal will be placed at 8024C678 (length = C bytes)
$ASCII_pit_75_Literal will be placed at 8024C684 (length = C bytes)
$ASCII_pit_13_Literal will be placed at 8024C690 (length = C bytes)
$ASCII_pit_32_Literal will be placed at 8024C69C (length = C bytes)
$ASCII_pit_92_Literal will be placed at 8024C6A8 (length = C bytes)
$ASCII_pit_17_Literal will be placed at 8024C6B4 (length = C bytes)
$ASCII_pit_49_Literal will be placed at 8024C6C0 (length = C bytes)
$ASCII_pit_77_Literal will be placed at 8024C6CC (length = C bytes)
$ASCII_pit_96_Literal will be placed at 8024C6D8 (length = C bytes)
$ASCII_pit_68_Literal will be placed at 8024C6E4 (length = C bytes)
$ASCII_pit_51_Literal will be placed at 8024C6F0 (length = C bytes)
$ASCII_pit_04_Literal will be placed at 8024C6FC (length = C bytes)
$ASCII_pit_83_Literal will be placed at 8024C708 (length = C bytes)
$ASCII_pit_86_Literal will be placed at 8024C714 (length = C bytes)
$ASCII_pit_26_Literal will be placed at 8024C720 (length = C bytes)
$ASCII_pit_41_Literal will be placed at 8024C72C (length = C bytes)
$ASCII_pit_14_Literal will be placed at 8024C738 (length = C bytes)
$ASCII_pit_74_Literal will be placed at 8024C744 (length = C bytes)
$ASCII_pit_60_Literal will be placed at 8024C750 (length = C bytes)
$ASCII_pit_59_Literal will be placed at 8024C75C (length = C bytes)
$ASCII_pit_93_Literal will be placed at 8024C768 (length = C bytes)
$ASCII_pit_65_Literal will be placed at 8024C774 (length = C bytes)
$ASCII_pit_07_Literal will be placed at 8024C780 (length = C bytes)
$ASCII_pit_20_Literal will be placed at 8024C78C (length = C bytes)
$ASCII_pit_35_Literal will be placed at 8024C798 (length = C bytes)
$ASCII_pit_23_Literal will be placed at 8024C7A4 (length = C bytes)
$ASCII_pit_11_Literal will be placed at 8024C7B0 (length = C bytes)
$ASCII_pit_56_Literal will be placed at 8024C7BC (length = C bytes)
$ASCII_pit_44_Literal will be placed at 8024C7C8 (length = C bytes)
$ASCII_pit_89_Literal will be placed at 8024C7D4 (length = C bytes)
$ASCII_pit_79_Literal will be placed at 8024C7E0 (length = C bytes)
$ASCII_pit_62_Literal will be placed at 8024C7EC (length = C bytes)
$ASCII_pit_94_Literal will be placed at 8024C7F8 (length = C bytes)
$ASCII_pit_47_Literal will be placed at 8024C804 (length = C bytes)
$ASCII_pit_21_Literal will be placed at 8024C810 (length = C bytes)
$ASCII_pit_06_Literal will be placed at 8024C81C (length = C bytes)
$ASCII_pit_53_Literal will be placed at 8024C828 (length = C bytes)
$ASCII_pit_09_Literal will be placed at 8024C834 (length = C bytes)
$ASCII_pit_88_Literal will be placed at 8024C840 (length = C bytes)
$ASCII_pit_38_Literal will be placed at 8024C84C (length = C bytes)
$ASCII_pit_24_Literal will be placed at 8024C858 (length = C bytes)
$ASCII_pit_12_Literal will be placed at 8024C864 (length = C bytes)
$ASCII_pit_76_Literal will be placed at 8024C870 (length = C bytes)
$ASCII_pit_01_Literal will be placed at 8024C87C (length = C bytes)
$ASCII_pit_50_Literal will be placed at 8024C888 (length = C bytes)
$ASCII_pit_33_Literal will be placed at 8024C894 (length = C bytes)
$ASCII_pit_99_Literal will be placed at 8024C8A0 (length = C bytes)
$ASCII_pit_67_Literal will be placed at 8024C8AC (length = C bytes)
$ASCII_pit_71_Literal will be placed at 8024C8B8 (length = C bytes)
$ASCII_pit_42_Literal will be placed at 8024C8C4 (length = C bytes)
$ASCII_pit_80_Literal will be placed at 8024C8D0 (length = C bytes)
$ASCII_pit_29_Literal will be placed at 8024C8DC (length = C bytes)
$ASCII_pit_58_Literal will be placed at 8024C8E8 (length = C bytes)
$ASCII_pit_30_Literal will be placed at 8024C8F4 (length = C bytes)
$ASCII_pit_00_Literal will be placed at 8024C900 (length = C bytes)
$ASCII_pit_64_Literal will be placed at 8024C90C (length = C bytes)
$ASCII_pit_36_Literal will be placed at 8024C918 (length = C bytes)
$ASCII_pit_55_Literal will be placed at 8024C924 (length = C bytes)
$ASCII_pit_10_Literal will be placed at 8024C930 (length = C bytes)
$ASCII_pit_45_Literal will be placed at 8024C93C (length = C bytes)
$ASCII_pit_18_Literal will be placed at 8024C948 (length = C bytes)
$ASCII_pit_48_Literal will be placed at 8024C954 (length = C bytes)
$ASCII_pit_03_Literal will be placed at 8024C960 (length = C bytes)
$ASCII_pit_31_Literal will be placed at 8024C96C (length = C bytes)
$ASCII_pit_91_Literal will be placed at 8024C978 (length = C bytes)
$ASCII_pit_97_Literal will be placed at 8024C984 (length = C bytes)
$ASCII_pit_82_Literal will be placed at 8024C990 (length = C bytes)
$ASCII_pit_52_Literal will be placed at 8024C99C (length = C bytes)
$ASCII_pit_70_Literal will be placed at 8024C9A8 (length = C bytes)
$ASCII_pit_85_Literal will be placed at 8024C9B4 (length = C bytes)
$ASCII_pit_40_Literal will be placed at 8024C9C0 (length = C bytes)
$ASCII_pit_39_Literal will be placed at 8024C9CC (length = C bytes)
$ASCII_pit_73_Literal will be placed at 8024C9D8 (length = C bytes)
$ASCII_pit_15_Literal will be placed at 8024C9E4 (length = C bytes)
$ASCII_pit_27_Literal will be placed at 8024C9F0 (length = C bytes)
$ASCII_pit_61_Literal will be placed at 8024C9FC (length = C bytes)
$ASCII_pit_842_Literal will be placed at 8024CA08 (length = 8 bytes)
$ASCII_pit_100_Literal will be placed at 8024CA10 (length = 8 bytes)
$ASCII_tik_tex_Literal will be placed at 8024CA18 (length = 8 bytes)
$MoverCancel will be placed at 8024CA20 (length = 4 bytes)
$BanditMoverCancel will be placed at 8024CA24 (length = 4 bytes)
Executing patch: pit_94.mpat
Loaded map pit_81
Creating struct: $EntryList
Creating struct: $DeepestLevel
Creating struct: $TotalLevels
Creating struct: $LoadHighscores
Creating struct: $FallingDownPipe
Creating struct: $Function_GetPos
Creating struct: $Function2
Creating struct: $SetSpawns
Creating struct: $Script_SetNPCPos
Creating struct: $SwitchPath
Creating struct: $VectorList_80244998
Creating struct: $GetPos
Creating struct: $Function_GetDamageTaken
Creating struct: $Function_ResetDamage
Creating struct: $DispawnParthner
Creating struct: $RespawnParthner
Creating struct: $LoadMap
Creating struct: $Script_LoadMapMover_Roguelike
Creating struct: $GetFloor
Creating struct: $LoadCoinsMover
Creating struct: $LoadMapBandit
Creating struct: $GetFloorBandit
Creating struct: $Script_Init_80243B20
Creating struct: $Script_80243A6C
Creating struct: $Script_AddCoins
Creating struct: $Script_SubstractCoins
Creating struct: $NPC_Settings_Sack
Creating struct: $Script_Init_Bag
Creating struct: $Script_Init_Bag_HitBox
Creating struct: $Script_NPC_SackHit_Init
Creating struct: $Script_NPC_Sack_FX
Creating struct: $NPC_Sack_AnimationStart
Creating struct: $NPC_Sack_AnimationEnd
Creating struct: $Script_SackAnimation_Start_GoToTheRight
Creating struct: $Script_SackAnimation_Start_GoToTheLeft
Creating struct: $Script_SackAnimation_End_Right
Creating struct: $Script_SackAnimation_End_Left
Creating struct: $Function_LoadGainedCoins
Creating struct: $Function_RevivePlayer
Creating struct: $AISettings_MoneySack
Creating struct: $Script_NpcAI_MoneySack
Creating struct: $JumpTable_80242448
Creating struct: $Function_NpcAI_MoneySack
Creating struct: $Function_80240260
Creating struct: $Function_80240844
Creating struct: $Function_802409A8
Creating struct: $Script_TrackPlayer
Creating struct: $Script_PipeAnimation
Creating struct: $Function_SetAnimation
Creating struct: $Function_GetColliderPos
Creating struct: $Function_TrackInput
Creating struct: $GoToNextLevel
Creating struct: $GoToNextLevel_Roguelike
Creating struct: $Script_SetSetsOfLevels
Creating struct: $Script_LoadMap_Roguelike
Creating struct: $Script_LoadChestMap_Roguelike
Creating struct: $Script_LoadMap_Mover_Roguelike
Creating struct: $Script_LoadChestMap_Mover_Roguelike
Creating struct: $GetFloorPit
Creating struct: $GetFloorSign
Creating struct: $Function_GetTattle1
Creating struct: $Function_GetTattle2
Creating struct: $Script_ReadSign
Creating struct: $Header
Creating struct: $Function_Init
Creating struct: $Script_Main
Creating struct: $NpcGroups
Creating struct: $NpcGroup_Mover
Creating struct: $BlankSettings
Creating struct: $Script_Init_Mover
Creating struct: $Interact_Mover
Creating struct: $Script_MoverWarpAnimation
Creating struct: $NpcGroup_BanditMover
Creating struct: $Script_Init_BanditMover
Creating struct: $Interact_BanditMover
Creating struct: $NpcGroup_Enemy1
Creating struct: $NpcGroup_Enemy2
Creating struct: $NpcGroup_Enemy3
Creating struct: $NpcGroup_Enemy4
Creating struct: $NpcGroup_Enemy5
Creating struct: $NpcGroup_Enemy6
Creating struct: $NpcSettings_Enemy1
Creating struct: $Script_EnemyAI
Creating struct: $AISettings_Enemy
Creating struct: $Script_DisableEnemyAI
Creating struct: $AISettings_DisableEnemy
Creating struct: $PipeSpawning
Creating struct: $Script_MakeEntities
Creating struct: $CommingDownPipe
Creating struct: $Script_MakeExits
Creating struct: $Script_Exit0
Merged 1 regions to 1
$Script_LoadMap_Mover_Roguelike will be placed at 80240000 (length = F14 bytes)
$LoadMap will be placed at 80240F14 (length = EF4 bytes)
$Script_ReadSign will be placed at 80241E08 (length = EEC bytes)
$LoadMapBandit will be placed at 80242CF4 (length = EA4 bytes)
$Script_LoadMap_Roguelike will be placed at 80243B98 (length = D9C bytes)
$GoToNextLevel will be placed at 80244934 (length = D10 bytes)
$GoToNextLevel_Roguelike will be placed at 80245644 (length = 868 bytes)
$Function_80240260 will be placed at 80245EAC (length = 5E4 bytes)
$SetSpawns will be placed at 80246490 (length = 384 bytes)
$FallingDownPipe will be placed at 80246814 (length = 37C bytes)
$Script_SetSetsOfLevels will be placed at 80246B90 (length = 358 bytes)
$Script_SetNPCPos will be placed at 80246EE8 (length = 2F4 bytes)
$Function_NpcAI_MoneySack will be placed at 802471DC (length = 238 bytes)
$Script_SackAnimation_Start_GoToTheRight will be placed at 80247414 (length = 230 bytes)
$Script_SackAnimation_Start_GoToTheLeft will be placed at 80247644 (length = 1F8 bytes)
$Interact_Mover will be placed at 8024783C (length = 1F8 bytes)
$NpcGroup_Enemy3 will be placed at 80247A34 (length = 1F0 bytes)
$NpcGroup_Enemy4 will be placed at 80247C24 (length = 1F0 bytes)
$NpcGroup_Enemy5 will be placed at 80247E14 (length = 1F0 bytes)
$NpcGroup_Enemy6 will be placed at 80248004 (length = 1F0 bytes)
$NpcGroup_Enemy1 will be placed at 802481F4 (length = 1F0 bytes)
$NpcGroup_Enemy2 will be placed at 802483E4 (length = 1F0 bytes)
$NpcGroup_Mover will be placed at 802485D4 (length = 1F0 bytes)
$NpcGroup_BanditMover will be placed at 802487C4 (length = 1F0 bytes)
$Interact_BanditMover will be placed at 802489B4 (length = 1EC bytes)
$Script_PipeAnimation will be placed at 80248BA0 (length = 1D0 bytes)
$JumpTable_80242448 will be placed at 80248D70 (length = 190 bytes)
$Script_LoadChestMap_Mover_Roguelike will be placed at 80248F00 (length = 18C bytes)
$PipeSpawning will be placed at 8024908C (length = 178 bytes)
$NPC_Sack_AnimationStart will be placed at 80249204 (length = 168 bytes)
$Function_80240844 will be placed at 8024936C (length = 164 bytes)
$Script_LoadChestMap_Roguelike will be placed at 802494D0 (length = 164 bytes)
$Script_NPC_SackHit_Init will be placed at 80249634 (length = 160 bytes)
$Script_SackAnimation_End_Right will be placed at 80249794 (length = 158 bytes)
$Script_SackAnimation_End_Left will be placed at 802498EC (length = 150 bytes)
$MapTattle5 will be placed at 80249A3C (length = 13C bytes)
$MapTattle4 will be placed at 80249B78 (length = 130 bytes)
$GetFloor will be placed at 80249CA8 (length = 12C bytes)
$BanditMover_Tattle will be placed at 80249DD4 (length = 124 bytes)
$Script_Main will be placed at 80249EF8 (length = 120 bytes)
$Script_80243A6C will be placed at 8024A018 (length = 114 bytes)
$Script_SubstractCoins will be placed at 8024A12C (length = 10C bytes)
$Script_LoadMapMover_Roguelike will be placed at 8024A238 (length = 104 bytes)
$GetFloorBandit will be placed at 8024A33C (length = F4 bytes)
$Script_MoverWarpAnimation will be placed at 8024A430 (length = F0 bytes)
$Function_GetColliderPos will be placed at 8024A520 (length = E0 bytes)
$Function_GetPos will be placed at 8024A600 (length = E0 bytes)
$Script_TrackPlayer will be placed at 8024A6E0 (length = DC bytes)
$MapTattle2 will be placed at 8024A7BC (length = D4 bytes)
$Function_TrackInput will be placed at 8024A890 (length = BC bytes)
$MapTattle3 will be placed at 8024A94C (length = B0 bytes)
$Script_MakeEntities will be placed at 8024A9FC (length = A8 bytes)
$MapTattle1 will be placed at 8024AAA4 (length = A8 bytes)
$Script_NpcAI_MoneySack will be placed at 8024AB4C (length = A8 bytes)
$MoverStart will be placed at 8024ABF4 (length = A4 bytes)
$SwitchPath will be placed at 8024AC98 (length = A4 bytes)
$Script_NPC_Sack_FX will be placed at 8024AD3C (length = A4 bytes)
$GetPos will be placed at 8024ADE0 (length = 9C bytes)
$Script_AddCoins will be placed at 8024AE7C (length = 98 bytes)
$BanditMoverStart will be placed at 8024AF14 (length = 98 bytes)
$Mover_Tattle will be placed at 8024AFAC (length = 94 bytes)
$Function_GetTattle1 will be placed at 8024B040 (length = 8C bytes)
$NPC_Sack_AnimationEnd will be placed at 8024B0CC (length = 84 bytes)
$BanditMover_Options will be placed at 8024B150 (length = 80 bytes)
$SignStringBug will be placed at 8024B1D0 (length = 7C bytes)
$LoadHighscores will be placed at 8024B24C (length = 7C bytes)
$Mover_Options will be placed at 8024B2C8 (length = 78 bytes)
$NpcGroups will be placed at 8024B340 (length = 6C bytes)
$DeepestLevel will be placed at 8024B3AC (length = 6C bytes)
$Function2 will be placed at 8024B418 (length = 6C bytes)
$LoadCoinsMover will be placed at 8024B484 (length = 6C bytes)
$Function_SetAnimation will be placed at 8024B4F0 (length = 6C bytes)
$GetFloorPit will be placed at 8024B55C (length = 68 bytes)
$MoverEnd will be placed at 8024B5C4 (length = 68 bytes)
$BanditMoverEnd will be placed at 8024B62C (length = 68 bytes)
$GetFloorSign will be placed at 8024B694 (length = 64 bytes)
$BanditMoverNoCoins will be placed at 8024B6F8 (length = 58 bytes)
$MoverNoCoins will be placed at 8024B750 (length = 58 bytes)
$Function_GetTattle2 will be placed at 8024B7A8 (length = 48 bytes)
$CommingDownPipe will be placed at 8024B7F0 (length = 48 bytes)
$Script_Exit0 will be placed at 8024B838 (length = 48 bytes)
$Function_LoadGainedCoins will be placed at 8024B880 (length = 48 bytes)
$Function_Init will be placed at 8024B8C8 (length = 44 bytes)
$Function_802409A8 will be placed at 8024B90C (length = 44 bytes)
$Header will be placed at 8024B950 (length = 40 bytes)
$Script_Init_Bag will be placed at 8024B990 (length = 38 bytes)
$TotalLevels will be placed at 8024B9C8 (length = 38 bytes)
$Script_Init_Bag_HitBox will be placed at 8024BA00 (length = 38 bytes)
$DispawnParthner will be placed at 8024BA38 (length = 34 bytes)
$Function_ResetDamage will be placed at 8024BA6C (length = 34 bytes)
$AISettings_MoneySack will be placed at 8024BAA0 (length = 30 bytes)
$AISettings_Enemy will be placed at 8024BAD0 (length = 30 bytes)
$AISettings_DisableEnemy will be placed at 8024BB00 (length = 30 bytes)
$RespawnParthner will be placed at 8024BB30 (length = 30 bytes)
$NPC_Settings_Sack will be placed at 8024BB60 (length = 2C bytes)
$Function_GetDamageTaken will be placed at 8024BB8C (length = 2C bytes)
$Function_RevivePlayer will be placed at 8024BBB8 (length = 2C bytes)
$String_CoinsGained will be placed at 8024BBE4 (length = 2C bytes)
$BlankSettings will be placed at 8024BC10 (length = 2C bytes)
$Script_MakeExits will be placed at 8024BC3C (length = 2C bytes)
$NpcSettings_Enemy1 will be placed at 8024BC68 (length = 24 bytes)
$VectorList_80244998 will be placed at 8024BC8C (length = 24 bytes)
$Script_Init_80243B20 will be placed at 8024BCB0 (length = 24 bytes)
$Script_Init_Mover will be placed at 8024BCD4 (length = 24 bytes)
$Script_Init_BanditMover will be placed at 8024BCF8 (length = 24 bytes)
$Script_DisableEnemyAI will be placed at 8024BD1C (length = 20 bytes)
$EntryList will be placed at 8024BD3C (length = 20 bytes)
$Script_EnemyAI will be placed at 8024BD5C (length = 20 bytes)
$SignString100 will be placed at 8024BD7C (length = 18 bytes)
$SignString1 will be placed at 8024BD94 (length = 14 bytes)
$SignString99 will be placed at 8024BDA8 (length = 14 bytes)
$SignString98 will be placed at 8024BDBC (length = 14 bytes)
$SignString97 will be placed at 8024BDD0 (length = 14 bytes)
$SignString96 will be placed at 8024BDE4 (length = 14 bytes)
$SignString95 will be placed at 8024BDF8 (length = 14 bytes)
$SignString94 will be placed at 8024BE0C (length = 14 bytes)
$SignString93 will be placed at 8024BE20 (length = 14 bytes)
$SignString92 will be placed at 8024BE34 (length = 14 bytes)
$SignString91 will be placed at 8024BE48 (length = 14 bytes)
$SignString90 will be placed at 8024BE5C (length = 14 bytes)
$SignString59 will be placed at 8024BE70 (length = 14 bytes)
$SignString58 will be placed at 8024BE84 (length = 14 bytes)
$SignString57 will be placed at 8024BE98 (length = 14 bytes)
$SignString56 will be placed at 8024BEAC (length = 14 bytes)
$SignString55 will be placed at 8024BEC0 (length = 14 bytes)
$SignString54 will be placed at 8024BED4 (length = 14 bytes)
$SignString53 will be placed at 8024BEE8 (length = 14 bytes)
$SignString52 will be placed at 8024BEFC (length = 14 bytes)
$SignString51 will be placed at 8024BF10 (length = 14 bytes)
$SignString50 will be placed at 8024BF24 (length = 14 bytes)
$SignString69 will be placed at 8024BF38 (length = 14 bytes)
$SignString68 will be placed at 8024BF4C (length = 14 bytes)
$SignString67 will be placed at 8024BF60 (length = 14 bytes)
$SignString66 will be placed at 8024BF74 (length = 14 bytes)
$SignString65 will be placed at 8024BF88 (length = 14 bytes)
$SignString64 will be placed at 8024BF9C (length = 14 bytes)
$SignString63 will be placed at 8024BFB0 (length = 14 bytes)
$SignString62 will be placed at 8024BFC4 (length = 14 bytes)
$SignString61 will be placed at 8024BFD8 (length = 14 bytes)
$SignString60 will be placed at 8024BFEC (length = 14 bytes)
$SignString79 will be placed at 8024C000 (length = 14 bytes)
$SignString78 will be placed at 8024C014 (length = 14 bytes)
$SignString77 will be placed at 8024C028 (length = 14 bytes)
$SignString76 will be placed at 8024C03C (length = 14 bytes)
$SignString75 will be placed at 8024C050 (length = 14 bytes)
$SignString74 will be placed at 8024C064 (length = 14 bytes)
$SignString73 will be placed at 8024C078 (length = 14 bytes)
$SignString72 will be placed at 8024C08C (length = 14 bytes)
$SignString71 will be placed at 8024C0A0 (length = 14 bytes)
$SignString70 will be placed at 8024C0B4 (length = 14 bytes)
$SignString89 will be placed at 8024C0C8 (length = 14 bytes)
$SignString88 will be placed at 8024C0DC (length = 14 bytes)
$SignString87 will be placed at 8024C0F0 (length = 14 bytes)
$SignString86 will be placed at 8024C104 (length = 14 bytes)
$SignString85 will be placed at 8024C118 (length = 14 bytes)
$SignString84 will be placed at 8024C12C (length = 14 bytes)
$SignString83 will be placed at 8024C140 (length = 14 bytes)
$SignString82 will be placed at 8024C154 (length = 14 bytes)
$SignString81 will be placed at 8024C168 (length = 14 bytes)
$SignString80 will be placed at 8024C17C (length = 14 bytes)
$SignString19 will be placed at 8024C190 (length = 14 bytes)
$SignString18 will be placed at 8024C1A4 (length = 14 bytes)
$SignString17 will be placed at 8024C1B8 (length = 14 bytes)
$SignString16 will be placed at 8024C1CC (length = 14 bytes)
$SignString15 will be placed at 8024C1E0 (length = 14 bytes)
$SignString14 will be placed at 8024C1F4 (length = 14 bytes)
$SignString13 will be placed at 8024C208 (length = 14 bytes)
$SignString12 will be placed at 8024C21C (length = 14 bytes)
$SignString11 will be placed at 8024C230 (length = 14 bytes)
$SignString10 will be placed at 8024C244 (length = 14 bytes)
$SignString3 will be placed at 8024C258 (length = 14 bytes)
$SignString2 will be placed at 8024C26C (length = 14 bytes)
$SignString5 will be placed at 8024C280 (length = 14 bytes)
$SignString4 will be placed at 8024C294 (length = 14 bytes)
$SignString7 will be placed at 8024C2A8 (length = 14 bytes)
$SignString6 will be placed at 8024C2BC (length = 14 bytes)
$SignString9 will be placed at 8024C2D0 (length = 14 bytes)
$SignString8 will be placed at 8024C2E4 (length = 14 bytes)
$SignString29 will be placed at 8024C2F8 (length = 14 bytes)
$SignString28 will be placed at 8024C30C (length = 14 bytes)
$SignString27 will be placed at 8024C320 (length = 14 bytes)
$SignString26 will be placed at 8024C334 (length = 14 bytes)
$SignString25 will be placed at 8024C348 (length = 14 bytes)
$SignString24 will be placed at 8024C35C (length = 14 bytes)
$SignString23 will be placed at 8024C370 (length = 14 bytes)
$SignString22 will be placed at 8024C384 (length = 14 bytes)
$SignString21 will be placed at 8024C398 (length = 14 bytes)
$SignString20 will be placed at 8024C3AC (length = 14 bytes)
$SignString will be placed at 8024C3C0 (length = 14 bytes)
$SignString39 will be placed at 8024C3D4 (length = 14 bytes)
$SignString38 will be placed at 8024C3E8 (length = 14 bytes)
$SignString37 will be placed at 8024C3FC (length = 14 bytes)
$SignString36 will be placed at 8024C410 (length = 14 bytes)
$SignString35 will be placed at 8024C424 (length = 14 bytes)
$SignString34 will be placed at 8024C438 (length = 14 bytes)
$SignString33 will be placed at 8024C44C (length = 14 bytes)
$SignString32 will be placed at 8024C460 (length = 14 bytes)
$SignString31 will be placed at 8024C474 (length = 14 bytes)
$SignString30 will be placed at 8024C488 (length = 14 bytes)
$SignString49 will be placed at 8024C49C (length = 14 bytes)
$SignString48 will be placed at 8024C4B0 (length = 14 bytes)
$SignString47 will be placed at 8024C4C4 (length = 14 bytes)
$SignString46 will be placed at 8024C4D8 (length = 14 bytes)
$SignString45 will be placed at 8024C4EC (length = 14 bytes)
$SignString44 will be placed at 8024C500 (length = 14 bytes)
$SignString43 will be placed at 8024C514 (length = 14 bytes)
$SignString42 will be placed at 8024C528 (length = 14 bytes)
$SignString41 will be placed at 8024C53C (length = 14 bytes)
$SignString40 will be placed at 8024C550 (length = 14 bytes)
$ASCII_pit_02_Literal will be placed at 8024C564 (length = C bytes)
$ASCII_pit_90_Literal will be placed at 8024C570 (length = C bytes)
$ASCII_pit_34_Literal will be placed at 8024C57C (length = C bytes)
$ASCII_pit_66_Literal will be placed at 8024C588 (length = C bytes)
$ASCII_pit_98_Literal will be placed at 8024C594 (length = C bytes)
$ASCII_pit_19_Literal will be placed at 8024C5A0 (length = C bytes)
$ASCII_pit_57_Literal will be placed at 8024C5AC (length = C bytes)
$ASCII_pit_69_Literal will be placed at 8024C5B8 (length = C bytes)
$ASCII_pit_72_Literal will be placed at 8024C5C4 (length = C bytes)
$ASCII_pit_81_Literal will be placed at 8024C5D0 (length = C bytes)
$ASCII_pit_43_Literal will be placed at 8024C5DC (length = C bytes)
$ASCII_pit_28_Literal will be placed at 8024C5E8 (length = C bytes)
$ASCII_pit_78_Literal will be placed at 8024C5F4 (length = C bytes)
$ASCII_pit_63_Literal will be placed at 8024C600 (length = C bytes)
$ASCII_pit_46_Literal will be placed at 8024C60C (length = C bytes)
$ASCII_pit_95_Literal will be placed at 8024C618 (length = C bytes)
$ASCII_pit_16_Literal will be placed at 8024C624 (length = C bytes)
$ASCII_pit_37_Literal will be placed at 8024C630 (length = C bytes)
$ASCII_pit_22_Literal will be placed at 8024C63C (length = C bytes)
$ASCII_pit_05_Literal will be placed at 8024C648 (length = C bytes)
$ASCII_pit_25_Literal will be placed at 8024C654 (length = C bytes)
$ASCII_pit_54_Literal will be placed at 8024C660 (length = C bytes)
$ASCII_pit_08_Literal will be placed at 8024C66C (length = C bytes)
$ASCII_pit_87_Literal will be placed at 8024C678 (length = C bytes)
$ASCII_pit_75_Literal will be placed at 8024C684 (length = C bytes)
$ASCII_pit_13_Literal will be placed at 8024C690 (length = C bytes)
$ASCII_pit_32_Literal will be placed at 8024C69C (length = C bytes)
$ASCII_pit_92_Literal will be placed at 8024C6A8 (length = C bytes)
$ASCII_pit_17_Literal will be placed at 8024C6B4 (length = C bytes)
$ASCII_pit_49_Literal will be placed at 8024C6C0 (length = C bytes)
$ASCII_pit_77_Literal will be placed at 8024C6CC (length = C bytes)
$ASCII_pit_96_Literal will be placed at 8024C6D8 (length = C bytes)
$ASCII_pit_68_Literal will be placed at 8024C6E4 (length = C bytes)
$ASCII_pit_51_Literal will be placed at 8024C6F0 (length = C bytes)
$ASCII_pit_04_Literal will be placed at 8024C6FC (length = C bytes)
$ASCII_pit_83_Literal will be placed at 8024C708 (length = C bytes)
$ASCII_pit_86_Literal will be placed at 8024C714 (length = C bytes)
$ASCII_pit_26_Literal will be placed at 8024C720 (length = C bytes)
$ASCII_pit_41_Literal will be placed at 8024C72C (length = C bytes)
$ASCII_pit_14_Literal will be placed at 8024C738 (length = C bytes)
$ASCII_pit_74_Literal will be placed at 8024C744 (length = C bytes)
$ASCII_pit_60_Literal will be placed at 8024C750 (length = C bytes)
$ASCII_pit_59_Literal will be placed at 8024C75C (length = C bytes)
$ASCII_pit_93_Literal will be placed at 8024C768 (length = C bytes)
$ASCII_pit_65_Literal will be placed at 8024C774 (length = C bytes)
$ASCII_pit_07_Literal will be placed at 8024C780 (length = C bytes)
$ASCII_pit_20_Literal will be placed at 8024C78C (length = C bytes)
$ASCII_pit_35_Literal will be placed at 8024C798 (length = C bytes)
$ASCII_pit_23_Literal will be placed at 8024C7A4 (length = C bytes)
$ASCII_pit_11_Literal will be placed at 8024C7B0 (length = C bytes)
$ASCII_pit_56_Literal will be placed at 8024C7BC (length = C bytes)
$ASCII_pit_44_Literal will be placed at 8024C7C8 (length = C bytes)
$ASCII_pit_89_Literal will be placed at 8024C7D4 (length = C bytes)
$ASCII_pit_79_Literal will be placed at 8024C7E0 (length = C bytes)
$ASCII_pit_62_Literal will be placed at 8024C7EC (length = C bytes)
$ASCII_pit_94_Literal will be placed at 8024C7F8 (length = C bytes)
$ASCII_pit_47_Literal will be placed at 8024C804 (length = C bytes)
$ASCII_pit_21_Literal will be placed at 8024C810 (length = C bytes)
$ASCII_pit_06_Literal will be placed at 8024C81C (length = C bytes)
$ASCII_pit_53_Literal will be placed at 8024C828 (length = C bytes)
$ASCII_pit_09_Literal will be placed at 8024C834 (length = C bytes)
$ASCII_pit_88_Literal will be placed at 8024C840 (length = C bytes)
$ASCII_pit_38_Literal will be placed at 8024C84C (length = C bytes)
$ASCII_pit_24_Literal will be placed at 8024C858 (length = C bytes)
$ASCII_pit_12_Literal will be placed at 8024C864 (length = C bytes)
$ASCII_pit_76_Literal will be placed at 8024C870 (length = C bytes)
$ASCII_pit_01_Literal will be placed at 8024C87C (length = C bytes)
$ASCII_pit_50_Literal will be placed at 8024C888 (length = C bytes)
$ASCII_pit_33_Literal will be placed at 8024C894 (length = C bytes)
$ASCII_pit_99_Literal will be placed at 8024C8A0 (length = C bytes)
$ASCII_pit_67_Literal will be placed at 8024C8AC (length = C bytes)
$ASCII_pit_71_Literal will be placed at 8024C8B8 (length = C bytes)
$ASCII_pit_42_Literal will be placed at 8024C8C4 (length = C bytes)
$ASCII_pit_80_Literal will be placed at 8024C8D0 (length = C bytes)
$ASCII_pit_29_Literal will be placed at 8024C8DC (length = C bytes)
$ASCII_pit_58_Literal will be placed at 8024C8E8 (length = C bytes)
$ASCII_pit_30_Literal will be placed at 8024C8F4 (length = C bytes)
$ASCII_pit_00_Literal will be placed at 8024C900 (length = C bytes)
$ASCII_pit_64_Literal will be placed at 8024C90C (length = C bytes)
$ASCII_pit_36_Literal will be placed at 8024C918 (length = C bytes)
$ASCII_pit_55_Literal will be placed at 8024C924 (length = C bytes)
$ASCII_pit_10_Literal will be placed at 8024C930 (length = C bytes)
$ASCII_pit_45_Literal will be placed at 8024C93C (length = C bytes)
$ASCII_pit_18_Literal will be placed at 8024C948 (length = C bytes)
$ASCII_pit_48_Literal will be placed at 8024C954 (length = C bytes)
$ASCII_pit_03_Literal will be placed at 8024C960 (length = C bytes)
$ASCII_pit_31_Literal will be placed at 8024C96C (length = C bytes)
$ASCII_pit_91_Literal will be placed at 8024C978 (length = C bytes)
$ASCII_pit_97_Literal will be placed at 8024C984 (length = C bytes)
$ASCII_pit_82_Literal will be placed at 8024C990 (length = C bytes)
$ASCII_pit_52_Literal will be placed at 8024C99C (length = C bytes)
$ASCII_pit_70_Literal will be placed at 8024C9A8 (length = C bytes)
$ASCII_pit_85_Literal will be placed at 8024C9B4 (length = C bytes)
$ASCII_pit_40_Literal will be placed at 8024C9C0 (length = C bytes)
$ASCII_pit_39_Literal will be placed at 8024C9CC (length = C bytes)
$ASCII_pit_73_Literal will be placed at 8024C9D8 (length = C bytes)
$ASCII_pit_15_Literal will be placed at 8024C9E4 (length = C bytes)
$ASCII_pit_27_Literal will be placed at 8024C9F0 (length = C bytes)
$ASCII_pit_61_Literal will be placed at 8024C9FC (length = C bytes)
$ASCII_pit_842_Literal will be placed at 8024CA08 (length = 8 bytes)
$ASCII_pit_100_Literal will be placed at 8024CA10 (length = 8 bytes)
$ASCII_tik_tex_Literal will be placed at 8024CA18 (length = 8 bytes)
$MoverCancel will be placed at 8024CA20 (length = 4 bytes)
$BanditMoverCancel will be placed at 8024CA24 (length = 4 bytes)
Executing patch: pit_95.mpat
Loaded map pit_95
Creating struct: $EntryList
Creating struct: $DeepestLevel
Creating struct: $TotalLevels
Creating struct: $LoadHighscores
Creating struct: $FallingDownPipe
Creating struct: $Function_GetPos
Creating struct: $Function2
Creating struct: $SetSpawns
Creating struct: $Script_SetNPCPos
Creating struct: $SwitchPath
Creating struct: $VectorList_80244998
Creating struct: $GetPos
Creating struct: $Function_GetDamageTaken
Creating struct: $Function_ResetDamage
Creating struct: $DispawnParthner
Creating struct: $RespawnParthner
Creating struct: $LoadMap
Creating struct: $Script_LoadMapMover_Roguelike
Creating struct: $GetFloor
Creating struct: $LoadCoinsMover
Creating struct: $LoadMapBandit
Creating struct: $GetFloorBandit
Creating struct: $Script_Init_80243B20
Creating struct: $Script_80243A6C
Creating struct: $Script_AddCoins
Creating struct: $Script_SubstractCoins
Creating struct: $NPC_Settings_Sack
Creating struct: $Script_Init_Bag
Creating struct: $Script_Init_Bag_HitBox
Creating struct: $Script_NPC_SackHit_Init
Creating struct: $Script_NPC_Sack_FX
Creating struct: $NPC_Sack_AnimationStart
Creating struct: $NPC_Sack_AnimationEnd
Creating struct: $Script_SackAnimation_Start_GoToTheRight
Creating struct: $Script_SackAnimation_Start_GoToTheLeft
Creating struct: $Script_SackAnimation_End_Right
Creating struct: $Script_SackAnimation_End_Left
Creating struct: $Function_LoadGainedCoins
Creating struct: $Function_RevivePlayer
Creating struct: $AISettings_MoneySack
Creating struct: $Script_NpcAI_MoneySack
Creating struct: $JumpTable_80242448
Creating struct: $Function_NpcAI_MoneySack
Creating struct: $Function_80240260
Creating struct: $Function_80240844
Creating struct: $Function_802409A8
Creating struct: $Script_TrackPlayer
Creating struct: $Script_PipeAnimation
Creating struct: $Function_SetAnimation
Creating struct: $Function_GetColliderPos
Creating struct: $Function_TrackInput
Creating struct: $GoToNextLevel
Creating struct: $GoToNextLevel_Roguelike
Creating struct: $Script_SetSetsOfLevels
Creating struct: $Script_LoadMap_Roguelike
Creating struct: $Script_LoadChestMap_Roguelike
Creating struct: $Script_LoadMap_Mover_Roguelike
Creating struct: $Script_LoadChestMap_Mover_Roguelike
Creating struct: $GetFloorPit
Creating struct: $GetFloorSign
Creating struct: $Function_GetTattle1
Creating struct: $Function_GetTattle2
Creating struct: $Script_ReadSign
Creating struct: $Header
Creating struct: $Function_Init
Creating struct: $Script_Main
Creating struct: $NpcGroups
Creating struct: $NpcGroup_Mover
Creating struct: $BlankSettings
Creating struct: $Script_Init_Mover
Creating struct: $Interact_Mover
Creating struct: $Script_MoverWarpAnimation
Creating struct: $NpcGroup_BanditMover
Creating struct: $Script_Init_BanditMover
Creating struct: $Interact_BanditMover
Creating struct: $NpcGroup_Enemy1
Creating struct: $NpcGroup_Enemy2
Creating struct: $NpcGroup_Enemy3
Creating struct: $NpcGroup_Enemy4
Creating struct: $NpcGroup_Enemy5
Creating struct: $NpcGroup_Enemy6
Creating struct: $Script_Init_Chomp
Creating struct: $Script_ChompIdle
Creating struct: $Script_EnemyAI
Creating struct: $ConstDouble_80242EB0
Creating struct: $JumpTable_80242EF8
Creating struct: $NpcSettings_Enemy1
Creating struct: $AISettings_Enemy
Creating struct: $Function_80240F3C
Creating struct: $Function_80240E14
Creating struct: $Function_80240230
Creating struct: $Function_80240568
Creating struct: $Function_80240628
Creating struct: $Function_80240EA8
Creating struct: $Function_802408AC
Creating struct: $Function_80240BAC
Creating struct: $Script_DisableEnemyAI
Creating struct: $AISettings_DisableEnemy
Creating struct: $PipeSpawning
Creating struct: $Script_MakeEntities
Creating struct: $CommingDownPipe
Creating struct: $Script_MakeExits
Creating struct: $Script_Exit0
Merged 1 regions to 1
$Script_LoadMap_Mover_Roguelike will be placed at 80240000 (length = F14 bytes)
$LoadMap will be placed at 80240F14 (length = EF4 bytes)
$Script_ReadSign will be placed at 80241E08 (length = EEC bytes)
$LoadMapBandit will be placed at 80242CF4 (length = EA4 bytes)
$Script_LoadMap_Roguelike will be placed at 80243B98 (length = D9C bytes)
$GoToNextLevel will be placed at 80244934 (length = D10 bytes)
$GoToNextLevel_Roguelike will be placed at 80245644 (length = 868 bytes)
$Function_80240260 will be placed at 80245EAC (length = 5E4 bytes)
$SetSpawns will be placed at 80246490 (length = 384 bytes)
$FallingDownPipe will be placed at 80246814 (length = 37C bytes)
$Script_SetSetsOfLevels will be placed at 80246B90 (length = 358 bytes)
$Function_80240230 will be placed at 80246EE8 (length = 330 bytes)
$Function_802408AC will be placed at 80247218 (length = 300 bytes)
$Script_SetNPCPos will be placed at 80247518 (length = 2F4 bytes)
$Function_NpcAI_MoneySack will be placed at 8024780C (length = 238 bytes)
$Script_SackAnimation_Start_GoToTheRight will be placed at 80247A44 (length = 230 bytes)
$Script_SackAnimation_Start_GoToTheLeft will be placed at 80247C74 (length = 1F8 bytes)
$Interact_Mover will be placed at 80247E6C (length = 1F8 bytes)
$NpcGroup_Enemy3 will be placed at 80248064 (length = 1F0 bytes)
$NpcGroup_Enemy4 will be placed at 80248254 (length = 1F0 bytes)
$NpcGroup_Enemy5 will be placed at 80248444 (length = 1F0 bytes)
$NpcGroup_Enemy6 will be placed at 80248634 (length = 1F0 bytes)
$NpcGroup_Enemy1 will be placed at 80248824 (length = 1F0 bytes)
$NpcGroup_Enemy2 will be placed at 80248A14 (length = 1F0 bytes)
$NpcGroup_Mover will be placed at 80248C04 (length = 1F0 bytes)
$NpcGroup_BanditMover will be placed at 80248DF4 (length = 1F0 bytes)
$Interact_BanditMover will be placed at 80248FE4 (length = 1EC bytes)
$Script_PipeAnimation will be placed at 802491D0 (length = 1D0 bytes)
$Function_80240F3C will be placed at 802493A0 (length = 1CC bytes)
$Function_80240628 will be placed at 8024956C (length = 1A4 bytes)
$JumpTable_80242448 will be placed at 80249710 (length = 190 bytes)
$Script_LoadChestMap_Mover_Roguelike will be placed at 802498A0 (length = 18C bytes)
$PipeSpawning will be placed at 80249A2C (length = 178 bytes)
$NPC_Sack_AnimationStart will be placed at 80249BA4 (length = 168 bytes)
$Function_80240844 will be placed at 80249D0C (length = 164 bytes)
$Script_LoadChestMap_Roguelike will be placed at 80249E70 (length = 164 bytes)
$Script_NPC_SackHit_Init will be placed at 80249FD4 (length = 160 bytes)
$Script_SackAnimation_End_Right will be placed at 8024A134 (length = 158 bytes)
$Script_SackAnimation_End_Left will be placed at 8024A28C (length = 150 bytes)
$MapTattle5 will be placed at 8024A3DC (length = 13C bytes)
$MapTattle4 will be placed at 8024A518 (length = 130 bytes)
$GetFloor will be placed at 8024A648 (length = 12C bytes)
$BanditMover_Tattle will be placed at 8024A774 (length = 124 bytes)
$Script_Main will be placed at 8024A898 (length = 120 bytes)
$Script_80243A6C will be placed at 8024A9B8 (length = 114 bytes)
$Script_SubstractCoins will be placed at 8024AACC (length = 10C bytes)
$Script_LoadMapMover_Roguelike will be placed at 8024ABD8 (length = 104 bytes)
$GetFloorBandit will be placed at 8024ACDC (length = F4 bytes)
$Script_MoverWarpAnimation will be placed at 8024ADD0 (length = F0 bytes)
$Function_GetColliderPos will be placed at 8024AEC0 (length = E0 bytes)
$Function_GetPos will be placed at 8024AFA0 (length = E0 bytes)
$Script_TrackPlayer will be placed at 8024B080 (length = DC bytes)
$MapTattle2 will be placed at 8024B15C (length = D4 bytes)
$Function_80240568 will be placed at 8024B230 (length = C0 bytes)
$Function_TrackInput will be placed at 8024B2F0 (length = BC bytes)
$MapTattle3 will be placed at 8024B3AC (length = B0 bytes)
$Script_MakeEntities will be placed at 8024B45C (length = A8 bytes)
$MapTattle1 will be placed at 8024B504 (length = A8 bytes)
$Script_NpcAI_MoneySack will be placed at 8024B5AC (length = A8 bytes)
$MoverStart will be placed at 8024B654 (length = A4 bytes)
$SwitchPath will be placed at 8024B6F8 (length = A4 bytes)
$Script_NPC_Sack_FX will be placed at 8024B79C (length = A4 bytes)
$GetPos will be placed at 8024B840 (length = 9C bytes)
$Script_AddCoins will be placed at 8024B8DC (length = 98 bytes)
$BanditMoverStart will be placed at 8024B974 (length = 98 bytes)
$Function_80240E14 will be placed at 8024BA0C (length = 94 bytes)
$Function_80240EA8 will be placed at 8024BAA0 (length = 94 bytes)
$Mover_Tattle will be placed at 8024BB34 (length = 94 bytes)
$Function_GetTattle1 will be placed at 8024BBC8 (length = 8C bytes)
$NPC_Sack_AnimationEnd will be placed at 8024BC54 (length = 84 bytes)
$BanditMover_Options will be placed at 8024BCD8 (length = 80 bytes)
$SignStringBug will be placed at 8024BD58 (length = 7C bytes)
$LoadHighscores will be placed at 8024BDD4 (length = 7C bytes)
$Mover_Options will be placed at 8024BE50 (length = 78 bytes)
$NpcGroups will be placed at 8024BEC8 (length = 6C bytes)
$DeepestLevel will be placed at 8024BF34 (length = 6C bytes)
$Function2 will be placed at 8024BFA0 (length = 6C bytes)
$LoadCoinsMover will be placed at 8024C00C (length = 6C bytes)
$Function_SetAnimation will be placed at 8024C078 (length = 6C bytes)
$GetFloorPit will be placed at 8024C0E4 (length = 68 bytes)
$MoverEnd will be placed at 8024C14C (length = 68 bytes)
$BanditMoverEnd will be placed at 8024C1B4 (length = 68 bytes)
$GetFloorSign will be placed at 8024C21C (length = 64 bytes)
$BanditMoverNoCoins will be placed at 8024C280 (length = 58 bytes)
$MoverNoCoins will be placed at 8024C2D8 (length = 58 bytes)
$Function_GetTattle2 will be placed at 8024C330 (length = 48 bytes)
$CommingDownPipe will be placed at 8024C378 (length = 48 bytes)
$Script_Exit0 will be placed at 8024C3C0 (length = 48 bytes)
$Function_LoadGainedCoins will be placed at 8024C408 (length = 48 bytes)
$Function_Init will be placed at 8024C450 (length = 44 bytes)
$Function_80240BAC will be placed at 8024C494 (length = 44 bytes)
$Function_802409A8 will be placed at 8024C4D8 (length = 44 bytes)
$Header will be placed at 8024C51C (length = 40 bytes)
$JumpTable_80242EF8 will be placed at 8024C55C (length = 3C bytes)
$Script_Init_Bag will be placed at 8024C598 (length = 38 bytes)
$TotalLevels will be placed at 8024C5D0 (length = 38 bytes)
$Script_Init_Bag_HitBox will be placed at 8024C608 (length = 38 bytes)
$Script_Init_Chomp will be placed at 8024C640 (length = 38 bytes)
$DispawnParthner will be placed at 8024C678 (length = 34 bytes)
$Function_ResetDamage will be placed at 8024C6AC (length = 34 bytes)
$Script_EnemyAI will be placed at 8024C6E0 (length = 34 bytes)
$AISettings_MoneySack will be placed at 8024C714 (length = 30 bytes)
$AISettings_Enemy will be placed at 8024C744 (length = 30 bytes)
$AISettings_DisableEnemy will be placed at 8024C774 (length = 30 bytes)
$RespawnParthner will be placed at 8024C7A4 (length = 30 bytes)
$NPC_Settings_Sack will be placed at 8024C7D4 (length = 2C bytes)
$Function_GetDamageTaken will be placed at 8024C800 (length = 2C bytes)
$NpcSettings_Enemy1 will be placed at 8024C82C (length = 2C bytes)
$Function_RevivePlayer will be placed at 8024C858 (length = 2C bytes)
$String_CoinsGained will be placed at 8024C884 (length = 2C bytes)
$BlankSettings will be placed at 8024C8B0 (length = 2C bytes)
$Script_MakeExits will be placed at 8024C8DC (length = 2C bytes)
$Script_ChompIdle will be placed at 8024C908 (length = 24 bytes)
$VectorList_80244998 will be placed at 8024C92C (length = 24 bytes)
$Script_Init_80243B20 will be placed at 8024C950 (length = 24 bytes)
$Script_Init_Mover will be placed at 8024C974 (length = 24 bytes)
$Script_Init_BanditMover will be placed at 8024C998 (length = 24 bytes)
$Script_DisableEnemyAI will be placed at 8024C9BC (length = 20 bytes)
$EntryList will be placed at 8024C9DC (length = 20 bytes)
$SignString100 will be placed at 8024C9FC (length = 18 bytes)
$SignString1 will be placed at 8024CA14 (length = 14 bytes)
$SignString99 will be placed at 8024CA28 (length = 14 bytes)
$SignString98 will be placed at 8024CA3C (length = 14 bytes)
$SignString97 will be placed at 8024CA50 (length = 14 bytes)
$SignString96 will be placed at 8024CA64 (length = 14 bytes)
$SignString95 will be placed at 8024CA78 (length = 14 bytes)
$SignString94 will be placed at 8024CA8C (length = 14 bytes)
$SignString93 will be placed at 8024CAA0 (length = 14 bytes)
$SignString92 will be placed at 8024CAB4 (length = 14 bytes)
$SignString91 will be placed at 8024CAC8 (length = 14 bytes)
$SignString90 will be placed at 8024CADC (length = 14 bytes)
$SignString59 will be placed at 8024CAF0 (length = 14 bytes)
$SignString58 will be placed at 8024CB04 (length = 14 bytes)
$SignString57 will be placed at 8024CB18 (length = 14 bytes)
$SignString56 will be placed at 8024CB2C (length = 14 bytes)
$SignString55 will be placed at 8024CB40 (length = 14 bytes)
$SignString54 will be placed at 8024CB54 (length = 14 bytes)
$SignString53 will be placed at 8024CB68 (length = 14 bytes)
$SignString52 will be placed at 8024CB7C (length = 14 bytes)
$SignString51 will be placed at 8024CB90 (length = 14 bytes)
$SignString50 will be placed at 8024CBA4 (length = 14 bytes)
$SignString69 will be placed at 8024CBB8 (length = 14 bytes)
$SignString68 will be placed at 8024CBCC (length = 14 bytes)
$SignString67 will be placed at 8024CBE0 (length = 14 bytes)
$SignString66 will be placed at 8024CBF4 (length = 14 bytes)
$SignString65 will be placed at 8024CC08 (length = 14 bytes)
$SignString64 will be placed at 8024CC1C (length = 14 bytes)
$SignString63 will be placed at 8024CC30 (length = 14 bytes)
$SignString62 will be placed at 8024CC44 (length = 14 bytes)
$SignString61 will be placed at 8024CC58 (length = 14 bytes)
$SignString60 will be placed at 8024CC6C (length = 14 bytes)
$SignString79 will be placed at 8024CC80 (length = 14 bytes)
$SignString78 will be placed at 8024CC94 (length = 14 bytes)
$SignString77 will be placed at 8024CCA8 (length = 14 bytes)
$SignString76 will be placed at 8024CCBC (length = 14 bytes)
$SignString75 will be placed at 8024CCD0 (length = 14 bytes)
$SignString74 will be placed at 8024CCE4 (length = 14 bytes)
$SignString73 will be placed at 8024CCF8 (length = 14 bytes)
$SignString72 will be placed at 8024CD0C (length = 14 bytes)
$SignString71 will be placed at 8024CD20 (length = 14 bytes)
$SignString70 will be placed at 8024CD34 (length = 14 bytes)
$SignString89 will be placed at 8024CD48 (length = 14 bytes)
$SignString88 will be placed at 8024CD5C (length = 14 bytes)
$SignString87 will be placed at 8024CD70 (length = 14 bytes)
$SignString86 will be placed at 8024CD84 (length = 14 bytes)
$SignString85 will be placed at 8024CD98 (length = 14 bytes)
$SignString84 will be placed at 8024CDAC (length = 14 bytes)
$SignString83 will be placed at 8024CDC0 (length = 14 bytes)
$SignString82 will be placed at 8024CDD4 (length = 14 bytes)
$SignString81 will be placed at 8024CDE8 (length = 14 bytes)
$SignString80 will be placed at 8024CDFC (length = 14 bytes)
$SignString19 will be placed at 8024CE10 (length = 14 bytes)
$SignString18 will be placed at 8024CE24 (length = 14 bytes)
$SignString17 will be placed at 8024CE38 (length = 14 bytes)
$SignString16 will be placed at 8024CE4C (length = 14 bytes)
$SignString15 will be placed at 8024CE60 (length = 14 bytes)
$SignString14 will be placed at 8024CE74 (length = 14 bytes)
$SignString13 will be placed at 8024CE88 (length = 14 bytes)
$SignString12 will be placed at 8024CE9C (length = 14 bytes)
$SignString11 will be placed at 8024CEB0 (length = 14 bytes)
$SignString10 will be placed at 8024CEC4 (length = 14 bytes)
$SignString3 will be placed at 8024CED8 (length = 14 bytes)
$SignString2 will be placed at 8024CEEC (length = 14 bytes)
$SignString5 will be placed at 8024CF00 (length = 14 bytes)
$SignString4 will be placed at 8024CF14 (length = 14 bytes)
$SignString7 will be placed at 8024CF28 (length = 14 bytes)
$SignString6 will be placed at 8024CF3C (length = 14 bytes)
$SignString9 will be placed at 8024CF50 (length = 14 bytes)
$SignString8 will be placed at 8024CF64 (length = 14 bytes)
$SignString29 will be placed at 8024CF78 (length = 14 bytes)
$SignString28 will be placed at 8024CF8C (length = 14 bytes)
$SignString27 will be placed at 8024CFA0 (length = 14 bytes)
$SignString26 will be placed at 8024CFB4 (length = 14 bytes)
$SignString25 will be placed at 8024CFC8 (length = 14 bytes)
$SignString24 will be placed at 8024CFDC (length = 14 bytes)
$SignString23 will be placed at 8024CFF0 (length = 14 bytes)
$SignString22 will be placed at 8024D004 (length = 14 bytes)
$SignString21 will be placed at 8024D018 (length = 14 bytes)
$SignString20 will be placed at 8024D02C (length = 14 bytes)
$SignString will be placed at 8024D040 (length = 14 bytes)
$SignString39 will be placed at 8024D054 (length = 14 bytes)
$SignString38 will be placed at 8024D068 (length = 14 bytes)
$SignString37 will be placed at 8024D07C (length = 14 bytes)
$SignString36 will be placed at 8024D090 (length = 14 bytes)
$SignString35 will be placed at 8024D0A4 (length = 14 bytes)
$SignString34 will be placed at 8024D0B8 (length = 14 bytes)
$SignString33 will be placed at 8024D0CC (length = 14 bytes)
$SignString32 will be placed at 8024D0E0 (length = 14 bytes)
$SignString31 will be placed at 8024D0F4 (length = 14 bytes)
$SignString30 will be placed at 8024D108 (length = 14 bytes)
$SignString49 will be placed at 8024D11C (length = 14 bytes)
$SignString48 will be placed at 8024D130 (length = 14 bytes)
$SignString47 will be placed at 8024D144 (length = 14 bytes)
$SignString46 will be placed at 8024D158 (length = 14 bytes)
$SignString45 will be placed at 8024D16C (length = 14 bytes)
$SignString44 will be placed at 8024D180 (length = 14 bytes)
$SignString43 will be placed at 8024D194 (length = 14 bytes)
$SignString42 will be placed at 8024D1A8 (length = 14 bytes)
$SignString41 will be placed at 8024D1BC (length = 14 bytes)
$SignString40 will be placed at 8024D1D0 (length = 14 bytes)
$ASCII_pit_02_Literal will be placed at 8024D1E4 (length = C bytes)
$ASCII_pit_90_Literal will be placed at 8024D1F0 (length = C bytes)
$ASCII_pit_34_Literal will be placed at 8024D1FC (length = C bytes)
$ASCII_pit_66_Literal will be placed at 8024D208 (length = C bytes)
$ASCII_pit_98_Literal will be placed at 8024D214 (length = C bytes)
$ASCII_pit_19_Literal will be placed at 8024D220 (length = C bytes)
$ASCII_pit_57_Literal will be placed at 8024D22C (length = C bytes)
$ASCII_pit_69_Literal will be placed at 8024D238 (length = C bytes)
$ASCII_pit_72_Literal will be placed at 8024D244 (length = C bytes)
$ASCII_pit_81_Literal will be placed at 8024D250 (length = C bytes)
$ASCII_pit_43_Literal will be placed at 8024D25C (length = C bytes)
$ASCII_pit_28_Literal will be placed at 8024D268 (length = C bytes)
$ASCII_pit_78_Literal will be placed at 8024D274 (length = C bytes)
$ASCII_pit_63_Literal will be placed at 8024D280 (length = C bytes)
$ASCII_pit_46_Literal will be placed at 8024D28C (length = C bytes)
$ASCII_pit_95_Literal will be placed at 8024D298 (length = C bytes)
$ASCII_pit_16_Literal will be placed at 8024D2A4 (length = C bytes)
$ASCII_pit_37_Literal will be placed at 8024D2B0 (length = C bytes)
$ASCII_pit_22_Literal will be placed at 8024D2BC (length = C bytes)
$ASCII_pit_05_Literal will be placed at 8024D2C8 (length = C bytes)
$ASCII_pit_25_Literal will be placed at 8024D2D4 (length = C bytes)
$ASCII_pit_54_Literal will be placed at 8024D2E0 (length = C bytes)
$ASCII_pit_08_Literal will be placed at 8024D2EC (length = C bytes)
$ASCII_pit_87_Literal will be placed at 8024D2F8 (length = C bytes)
$ASCII_pit_75_Literal will be placed at 8024D304 (length = C bytes)
$ASCII_pit_13_Literal will be placed at 8024D310 (length = C bytes)
$ASCII_pit_32_Literal will be placed at 8024D31C (length = C bytes)
$ASCII_pit_92_Literal will be placed at 8024D328 (length = C bytes)
$ASCII_pit_17_Literal will be placed at 8024D334 (length = C bytes)
$ASCII_pit_49_Literal will be placed at 8024D340 (length = C bytes)
$ASCII_pit_77_Literal will be placed at 8024D34C (length = C bytes)
$ASCII_pit_96_Literal will be placed at 8024D358 (length = C bytes)
$ASCII_pit_68_Literal will be placed at 8024D364 (length = C bytes)
$ASCII_pit_51_Literal will be placed at 8024D370 (length = C bytes)
$ASCII_pit_04_Literal will be placed at 8024D37C (length = C bytes)
$ASCII_pit_83_Literal will be placed at 8024D388 (length = C bytes)
$ASCII_pit_86_Literal will be placed at 8024D394 (length = C bytes)
$ASCII_pit_26_Literal will be placed at 8024D3A0 (length = C bytes)
$ASCII_pit_41_Literal will be placed at 8024D3AC (length = C bytes)
$ASCII_pit_14_Literal will be placed at 8024D3B8 (length = C bytes)
$ASCII_pit_74_Literal will be placed at 8024D3C4 (length = C bytes)
$ASCII_pit_60_Literal will be placed at 8024D3D0 (length = C bytes)
$ASCII_pit_59_Literal will be placed at 8024D3DC (length = C bytes)
$ASCII_pit_93_Literal will be placed at 8024D3E8 (length = C bytes)
$ASCII_pit_65_Literal will be placed at 8024D3F4 (length = C bytes)
$ASCII_pit_07_Literal will be placed at 8024D400 (length = C bytes)
$ASCII_pit_20_Literal will be placed at 8024D40C (length = C bytes)
$ASCII_pit_35_Literal will be placed at 8024D418 (length = C bytes)
$ASCII_pit_23_Literal will be placed at 8024D424 (length = C bytes)
$ASCII_pit_11_Literal will be placed at 8024D430 (length = C bytes)
$ASCII_pit_56_Literal will be placed at 8024D43C (length = C bytes)
$ASCII_pit_44_Literal will be placed at 8024D448 (length = C bytes)
$ASCII_pit_89_Literal will be placed at 8024D454 (length = C bytes)
$ASCII_pit_79_Literal will be placed at 8024D460 (length = C bytes)
$ASCII_pit_62_Literal will be placed at 8024D46C (length = C bytes)
$ASCII_pit_94_Literal will be placed at 8024D478 (length = C bytes)
$ASCII_pit_47_Literal will be placed at 8024D484 (length = C bytes)
$ASCII_pit_21_Literal will be placed at 8024D490 (length = C bytes)
$ASCII_pit_06_Literal will be placed at 8024D49C (length = C bytes)
$ASCII_pit_53_Literal will be placed at 8024D4A8 (length = C bytes)
$ASCII_pit_09_Literal will be placed at 8024D4B4 (length = C bytes)
$ASCII_pit_88_Literal will be placed at 8024D4C0 (length = C bytes)
$ASCII_pit_38_Literal will be placed at 8024D4CC (length = C bytes)
$ASCII_pit_24_Literal will be placed at 8024D4D8 (length = C bytes)
$ASCII_pit_12_Literal will be placed at 8024D4E4 (length = C bytes)
$ASCII_pit_76_Literal will be placed at 8024D4F0 (length = C bytes)
$ASCII_pit_01_Literal will be placed at 8024D4FC (length = C bytes)
$ASCII_pit_50_Literal will be placed at 8024D508 (length = C bytes)
$ASCII_pit_33_Literal will be placed at 8024D514 (length = C bytes)
$ASCII_pit_99_Literal will be placed at 8024D520 (length = C bytes)
$ASCII_pit_67_Literal will be placed at 8024D52C (length = C bytes)
$ASCII_pit_71_Literal will be placed at 8024D538 (length = C bytes)
$ASCII_pit_42_Literal will be placed at 8024D544 (length = C bytes)
$ASCII_pit_80_Literal will be placed at 8024D550 (length = C bytes)
$ASCII_pit_29_Literal will be placed at 8024D55C (length = C bytes)
$ASCII_pit_58_Literal will be placed at 8024D568 (length = C bytes)
$ASCII_pit_30_Literal will be placed at 8024D574 (length = C bytes)
$ASCII_pit_00_Literal will be placed at 8024D580 (length = C bytes)
$ASCII_pit_64_Literal will be placed at 8024D58C (length = C bytes)
$ASCII_pit_36_Literal will be placed at 8024D598 (length = C bytes)
$ASCII_pit_55_Literal will be placed at 8024D5A4 (length = C bytes)
$ASCII_pit_10_Literal will be placed at 8024D5B0 (length = C bytes)
$ASCII_pit_45_Literal will be placed at 8024D5BC (length = C bytes)
$ASCII_pit_18_Literal will be placed at 8024D5C8 (length = C bytes)
$ASCII_pit_48_Literal will be placed at 8024D5D4 (length = C bytes)
$ASCII_pit_03_Literal will be placed at 8024D5E0 (length = C bytes)
$ASCII_pit_31_Literal will be placed at 8024D5EC (length = C bytes)
$ASCII_pit_91_Literal will be placed at 8024D5F8 (length = C bytes)
$ASCII_pit_97_Literal will be placed at 8024D604 (length = C bytes)
$ASCII_pit_82_Literal will be placed at 8024D610 (length = C bytes)
$ASCII_pit_52_Literal will be placed at 8024D61C (length = C bytes)
$ASCII_pit_70_Literal will be placed at 8024D628 (length = C bytes)
$ASCII_pit_85_Literal will be placed at 8024D634 (length = C bytes)
$ASCII_pit_40_Literal will be placed at 8024D640 (length = C bytes)
$ASCII_pit_39_Literal will be placed at 8024D64C (length = C bytes)
$ASCII_pit_73_Literal will be placed at 8024D658 (length = C bytes)
$ASCII_pit_15_Literal will be placed at 8024D664 (length = C bytes)
$ASCII_pit_27_Literal will be placed at 8024D670 (length = C bytes)
$ASCII_pit_61_Literal will be placed at 8024D67C (length = C bytes)
$ConstDouble_80242EB0 will be placed at 8024D688 (length = 8 bytes)
$ASCII_pit_842_Literal will be placed at 8024D690 (length = 8 bytes)
$ASCII_pit_100_Literal will be placed at 8024D698 (length = 8 bytes)
$ASCII_tik_tex_Literal will be placed at 8024D6A0 (length = 8 bytes)
$MoverCancel will be placed at 8024D6A8 (length = 4 bytes)
$BanditMoverCancel will be placed at 8024D6AC (length = 4 bytes)
Executing patch: pit_96.mpat
Loaded map pit_81
Creating struct: $EntryList
Creating struct: $DeepestLevel
Creating struct: $TotalLevels
Creating struct: $LoadHighscores
Creating struct: $FallingDownPipe
Creating struct: $Function_GetPos
Creating struct: $Function2
Creating struct: $SetSpawns
Creating struct: $Script_SetNPCPos
Creating struct: $SwitchPath
Creating struct: $VectorList_80244998
Creating struct: $GetPos
Creating struct: $Function_GetDamageTaken
Creating struct: $Function_ResetDamage
Creating struct: $DispawnParthner
Creating struct: $RespawnParthner
Creating struct: $LoadMap
Creating struct: $Script_LoadMapMover_Roguelike
Creating struct: $GetFloor
Creating struct: $LoadCoinsMover
Creating struct: $LoadMapBandit
Creating struct: $GetFloorBandit
Creating struct: $Script_Init_80243B20
Creating struct: $Script_80243A6C
Creating struct: $Script_AddCoins
Creating struct: $Script_SubstractCoins
Creating struct: $NPC_Settings_Sack
Creating struct: $Script_Init_Bag
Creating struct: $Script_Init_Bag_HitBox
Creating struct: $Script_NPC_SackHit_Init
Creating struct: $Script_NPC_Sack_FX
Creating struct: $NPC_Sack_AnimationStart
Creating struct: $NPC_Sack_AnimationEnd
Creating struct: $Script_SackAnimation_Start_GoToTheRight
Creating struct: $Script_SackAnimation_Start_GoToTheLeft
Creating struct: $Script_SackAnimation_End_Right
Creating struct: $Script_SackAnimation_End_Left
Creating struct: $Function_LoadGainedCoins
Creating struct: $Function_RevivePlayer
Creating struct: $AISettings_MoneySack
Creating struct: $Script_NpcAI_MoneySack
Creating struct: $JumpTable_80242448
Creating struct: $Function_NpcAI_MoneySack
Creating struct: $Function_80240260
Creating struct: $Function_80240844
Creating struct: $Function_802409A8
Creating struct: $Script_TrackPlayer
Creating struct: $Script_PipeAnimation
Creating struct: $Function_SetAnimation
Creating struct: $Function_GetColliderPos
Creating struct: $Function_TrackInput
Creating struct: $GoToNextLevel
Creating struct: $GoToNextLevel_Roguelike
Creating struct: $Script_SetSetsOfLevels
Creating struct: $Script_LoadMap_Roguelike
Creating struct: $Script_LoadChestMap_Roguelike
Creating struct: $Script_LoadMap_Mover_Roguelike
Creating struct: $Script_LoadChestMap_Mover_Roguelike
Creating struct: $GetFloorPit
Creating struct: $GetFloorSign
Creating struct: $Function_GetTattle1
Creating struct: $Function_GetTattle2
Creating struct: $Script_ReadSign
Creating struct: $Header
Creating struct: $Function_Init
Creating struct: $Script_Main
Creating struct: $NpcGroups
Creating struct: $NpcGroup_Mover
Creating struct: $BlankSettings
Creating struct: $Script_Init_Mover
Creating struct: $Interact_Mover
Creating struct: $Script_MoverWarpAnimation
Creating struct: $NpcGroup_BanditMover
Creating struct: $Script_Init_BanditMover
Creating struct: $Interact_BanditMover
Creating struct: $NpcGroup_Enemy1
Creating struct: $NpcGroup_Enemy2
Creating struct: $NpcGroup_Enemy3
Creating struct: $NpcGroup_Enemy4
Creating struct: $NpcGroup_Enemy5
Creating struct: $NpcGroup_Enemy6
Creating struct: $ExtraAnimationList_Enemy1
Creating struct: $NpcSettings_Enemy1
Creating struct: $Script_EnemyAI
Creating struct: $AISettings_Enemy
Creating struct: $ConstDouble_80246CB0
Creating struct: $JumpTable_80246CB8
Creating struct: $Function_80241330
Creating struct: $Function_80240740
Creating struct: $Function_80240970
Creating struct: $Function_80240CA8
Creating struct: $Function_80240D68
Creating struct: $Function_80240F0C
Creating struct: $Function_80240FEC
Creating struct: $Function_802412EC
Creating struct: $Script_DisableEnemyAI
Creating struct: $AISettings_DisableEnemy
Creating struct: $PipeSpawning
Creating struct: $Script_MakeEntities
Creating struct: $CommingDownPipe
Creating struct: $Script_MakeExits
Creating struct: $Script_Exit0
Merged 1 regions to 1
$Script_LoadMap_Mover_Roguelike will be placed at 80240000 (length = F14 bytes)
$LoadMap will be placed at 80240F14 (length = EF4 bytes)
$Script_ReadSign will be placed at 80241E08 (length = EEC bytes)
$LoadMapBandit will be placed at 80242CF4 (length = EA4 bytes)
$Script_LoadMap_Roguelike will be placed at 80243B98 (length = D9C bytes)
$GoToNextLevel will be placed at 80244934 (length = D10 bytes)
$GoToNextLevel_Roguelike will be placed at 80245644 (length = 868 bytes)
$Function_80240260 will be placed at 80245EAC (length = 5E4 bytes)
$SetSpawns will be placed at 80246490 (length = 384 bytes)
$FallingDownPipe will be placed at 80246814 (length = 37C bytes)
$Script_SetSetsOfLevels will be placed at 80246B90 (length = 358 bytes)
$Function_80240970 will be placed at 80246EE8 (length = 33C bytes)
$Function_80240FEC will be placed at 80247224 (length = 300 bytes)
$Script_SetNPCPos will be placed at 80247524 (length = 2F4 bytes)
$Function_NpcAI_MoneySack will be placed at 80247818 (length = 238 bytes)
$Function_80240740 will be placed at 80247A50 (length = 230 bytes)
$Script_SackAnimation_Start_GoToTheRight will be placed at 80247C80 (length = 230 bytes)
$Function_80241330 will be placed at 80247EB0 (length = 224 bytes)
$Script_SackAnimation_Start_GoToTheLeft will be placed at 802480D4 (length = 1F8 bytes)
$Interact_Mover will be placed at 802482CC (length = 1F8 bytes)
$NpcGroup_Enemy3 will be placed at 802484C4 (length = 1F0 bytes)
$NpcGroup_Enemy4 will be placed at 802486B4 (length = 1F0 bytes)
$NpcGroup_Enemy5 will be placed at 802488A4 (length = 1F0 bytes)
$NpcGroup_Enemy6 will be placed at 80248A94 (length = 1F0 bytes)
$NpcGroup_Enemy1 will be placed at 80248C84 (length = 1F0 bytes)
$NpcGroup_Enemy2 will be placed at 80248E74 (length = 1F0 bytes)
$NpcGroup_Mover will be placed at 80249064 (length = 1F0 bytes)
$NpcGroup_BanditMover will be placed at 80249254 (length = 1F0 bytes)
$Interact_BanditMover will be placed at 80249444 (length = 1EC bytes)
$Script_PipeAnimation will be placed at 80249630 (length = 1D0 bytes)
$Function_80240D68 will be placed at 80249800 (length = 1A4 bytes)
$JumpTable_80242448 will be placed at 802499A4 (length = 190 bytes)
$Script_LoadChestMap_Mover_Roguelike will be placed at 80249B34 (length = 18C bytes)
$PipeSpawning will be placed at 80249CC0 (length = 178 bytes)
$NPC_Sack_AnimationStart will be placed at 80249E38 (length = 168 bytes)
$Function_80240844 will be placed at 80249FA0 (length = 164 bytes)
$Script_LoadChestMap_Roguelike will be placed at 8024A104 (length = 164 bytes)
$Script_NPC_SackHit_Init will be placed at 8024A268 (length = 160 bytes)
$Script_SackAnimation_End_Right will be placed at 8024A3C8 (length = 158 bytes)
$Script_SackAnimation_End_Left will be placed at 8024A520 (length = 150 bytes)
$MapTattle5 will be placed at 8024A670 (length = 13C bytes)
$MapTattle4 will be placed at 8024A7AC (length = 130 bytes)
$GetFloor will be placed at 8024A8DC (length = 12C bytes)
$BanditMover_Tattle will be placed at 8024AA08 (length = 124 bytes)
$Script_Main will be placed at 8024AB2C (length = 120 bytes)
$Script_80243A6C will be placed at 8024AC4C (length = 114 bytes)
$Script_SubstractCoins will be placed at 8024AD60 (length = 10C bytes)
$Script_LoadMapMover_Roguelike will be placed at 8024AE6C (length = 104 bytes)
$GetFloorBandit will be placed at 8024AF70 (length = F4 bytes)
$Script_MoverWarpAnimation will be placed at 8024B064 (length = F0 bytes)
$Function_80240F0C will be placed at 8024B154 (length = E0 bytes)
$Function_GetColliderPos will be placed at 8024B234 (length = E0 bytes)
$Function_GetPos will be placed at 8024B314 (length = E0 bytes)
$Script_TrackPlayer will be placed at 8024B3F4 (length = DC bytes)
$MapTattle2 will be placed at 8024B4D0 (length = D4 bytes)
$Function_80240CA8 will be placed at 8024B5A4 (length = C0 bytes)
$Function_TrackInput will be placed at 8024B664 (length = BC bytes)
$MapTattle3 will be placed at 8024B720 (length = B0 bytes)
$Script_MakeEntities will be placed at 8024B7D0 (length = A8 bytes)
$MapTattle1 will be placed at 8024B878 (length = A8 bytes)
$Script_NpcAI_MoneySack will be placed at 8024B920 (length = A8 bytes)
$MoverStart will be placed at 8024B9C8 (length = A4 bytes)
$SwitchPath will be placed at 8024BA6C (length = A4 bytes)
$Script_NPC_Sack_FX will be placed at 8024BB10 (length = A4 bytes)
$GetPos will be placed at 8024BBB4 (length = 9C bytes)
$Script_AddCoins will be placed at 8024BC50 (length = 98 bytes)
$BanditMoverStart will be placed at 8024BCE8 (length = 98 bytes)
$Mover_Tattle will be placed at 8024BD80 (length = 94 bytes)
$Function_GetTattle1 will be placed at 8024BE14 (length = 8C bytes)
$NPC_Sack_AnimationEnd will be placed at 8024BEA0 (length = 84 bytes)
$BanditMover_Options will be placed at 8024BF24 (length = 80 bytes)
$SignStringBug will be placed at 8024BFA4 (length = 7C bytes)
$LoadHighscores will be placed at 8024C020 (length = 7C bytes)
$Mover_Options will be placed at 8024C09C (length = 78 bytes)
$NpcGroups will be placed at 8024C114 (length = 6C bytes)
$DeepestLevel will be placed at 8024C180 (length = 6C bytes)
$Function2 will be placed at 8024C1EC (length = 6C bytes)
$LoadCoinsMover will be placed at 8024C258 (length = 6C bytes)
$Function_SetAnimation will be placed at 8024C2C4 (length = 6C bytes)
$GetFloorPit will be placed at 8024C330 (length = 68 bytes)
$MoverEnd will be placed at 8024C398 (length = 68 bytes)
$BanditMoverEnd will be placed at 8024C400 (length = 68 bytes)
$GetFloorSign will be placed at 8024C468 (length = 64 bytes)
$BanditMoverNoCoins will be placed at 8024C4CC (length = 58 bytes)
$MoverNoCoins will be placed at 8024C524 (length = 58 bytes)
$Function_GetTattle2 will be placed at 8024C57C (length = 48 bytes)
$CommingDownPipe will be placed at 8024C5C4 (length = 48 bytes)
$Script_Exit0 will be placed at 8024C60C (length = 48 bytes)
$Function_LoadGainedCoins will be placed at 8024C654 (length = 48 bytes)
$Function_Init will be placed at 8024C69C (length = 44 bytes)
$Function_802412EC will be placed at 8024C6E0 (length = 44 bytes)
$Function_802409A8 will be placed at 8024C724 (length = 44 bytes)
$Header will be placed at 8024C768 (length = 40 bytes)
$JumpTable_80246CB8 will be placed at 8024C7A8 (length = 3C bytes)
$Script_EnemyAI will be placed at 8024C7E4 (length = 3C bytes)
$Script_Init_Bag will be placed at 8024C820 (length = 38 bytes)
$TotalLevels will be placed at 8024C858 (length = 38 bytes)
$Script_Init_Bag_HitBox will be placed at 8024C890 (length = 38 bytes)
$DispawnParthner will be placed at 8024C8C8 (length = 34 bytes)
$Function_ResetDamage will be placed at 8024C8FC (length = 34 bytes)
$AISettings_MoneySack will be placed at 8024C930 (length = 30 bytes)
$AISettings_Enemy will be placed at 8024C960 (length = 30 bytes)
$AISettings_DisableEnemy will be placed at 8024C990 (length = 30 bytes)
$RespawnParthner will be placed at 8024C9C0 (length = 30 bytes)
$NPC_Settings_Sack will be placed at 8024C9F0 (length = 2C bytes)
$Function_GetDamageTaken will be placed at 8024CA1C (length = 2C bytes)
$NpcSettings_Enemy1 will be placed at 8024CA48 (length = 2C bytes)
$Function_RevivePlayer will be placed at 8024CA74 (length = 2C bytes)
$String_CoinsGained will be placed at 8024CAA0 (length = 2C bytes)
$BlankSettings will be placed at 8024CACC (length = 2C bytes)
$Script_MakeExits will be placed at 8024CAF8 (length = 2C bytes)
$VectorList_80244998 will be placed at 8024CB24 (length = 24 bytes)
$Script_Init_80243B20 will be placed at 8024CB48 (length = 24 bytes)
$Script_Init_Mover will be placed at 8024CB6C (length = 24 bytes)
$Script_Init_BanditMover will be placed at 8024CB90 (length = 24 bytes)
$Script_DisableEnemyAI will be placed at 8024CBB4 (length = 20 bytes)
$EntryList will be placed at 8024CBD4 (length = 20 bytes)
$SignString100 will be placed at 8024CBF4 (length = 18 bytes)
$ExtraAnimationList_Enemy1 will be placed at 8024CC0C (length = 14 bytes)
$SignString1 will be placed at 8024CC20 (length = 14 bytes)
$SignString99 will be placed at 8024CC34 (length = 14 bytes)
$SignString98 will be placed at 8024CC48 (length = 14 bytes)
$SignString97 will be placed at 8024CC5C (length = 14 bytes)
$SignString96 will be placed at 8024CC70 (length = 14 bytes)
$SignString95 will be placed at 8024CC84 (length = 14 bytes)
$SignString94 will be placed at 8024CC98 (length = 14 bytes)
$SignString93 will be placed at 8024CCAC (length = 14 bytes)
$SignString92 will be placed at 8024CCC0 (length = 14 bytes)
$SignString91 will be placed at 8024CCD4 (length = 14 bytes)
$SignString90 will be placed at 8024CCE8 (length = 14 bytes)
$SignString59 will be placed at 8024CCFC (length = 14 bytes)
$SignString58 will be placed at 8024CD10 (length = 14 bytes)
$SignString57 will be placed at 8024CD24 (length = 14 bytes)
$SignString56 will be placed at 8024CD38 (length = 14 bytes)
$SignString55 will be placed at 8024CD4C (length = 14 bytes)
$SignString54 will be placed at 8024CD60 (length = 14 bytes)
$SignString53 will be placed at 8024CD74 (length = 14 bytes)
$SignString52 will be placed at 8024CD88 (length = 14 bytes)
$SignString51 will be placed at 8024CD9C (length = 14 bytes)
$SignString50 will be placed at 8024CDB0 (length = 14 bytes)
$SignString69 will be placed at 8024CDC4 (length = 14 bytes)
$SignString68 will be placed at 8024CDD8 (length = 14 bytes)
$SignString67 will be placed at 8024CDEC (length = 14 bytes)
$SignString66 will be placed at 8024CE00 (length = 14 bytes)
$SignString65 will be placed at 8024CE14 (length = 14 bytes)
$SignString64 will be placed at 8024CE28 (length = 14 bytes)
$SignString63 will be placed at 8024CE3C (length = 14 bytes)
$SignString62 will be placed at 8024CE50 (length = 14 bytes)
$SignString61 will be placed at 8024CE64 (length = 14 bytes)
$SignString60 will be placed at 8024CE78 (length = 14 bytes)
$SignString79 will be placed at 8024CE8C (length = 14 bytes)
$SignString78 will be placed at 8024CEA0 (length = 14 bytes)
$SignString77 will be placed at 8024CEB4 (length = 14 bytes)
$SignString76 will be placed at 8024CEC8 (length = 14 bytes)
$SignString75 will be placed at 8024CEDC (length = 14 bytes)
$SignString74 will be placed at 8024CEF0 (length = 14 bytes)
$SignString73 will be placed at 8024CF04 (length = 14 bytes)
$SignString72 will be placed at 8024CF18 (length = 14 bytes)
$SignString71 will be placed at 8024CF2C (length = 14 bytes)
$SignString70 will be placed at 8024CF40 (length = 14 bytes)
$SignString89 will be placed at 8024CF54 (length = 14 bytes)
$SignString88 will be placed at 8024CF68 (length = 14 bytes)
$SignString87 will be placed at 8024CF7C (length = 14 bytes)
$SignString86 will be placed at 8024CF90 (length = 14 bytes)
$SignString85 will be placed at 8024CFA4 (length = 14 bytes)
$SignString84 will be placed at 8024CFB8 (length = 14 bytes)
$SignString83 will be placed at 8024CFCC (length = 14 bytes)
$SignString82 will be placed at 8024CFE0 (length = 14 bytes)
$SignString81 will be placed at 8024CFF4 (length = 14 bytes)
$SignString80 will be placed at 8024D008 (length = 14 bytes)
$SignString19 will be placed at 8024D01C (length = 14 bytes)
$SignString18 will be placed at 8024D030 (length = 14 bytes)
$SignString17 will be placed at 8024D044 (length = 14 bytes)
$SignString16 will be placed at 8024D058 (length = 14 bytes)
$SignString15 will be placed at 8024D06C (length = 14 bytes)
$SignString14 will be placed at 8024D080 (length = 14 bytes)
$SignString13 will be placed at 8024D094 (length = 14 bytes)
$SignString12 will be placed at 8024D0A8 (length = 14 bytes)
$SignString11 will be placed at 8024D0BC (length = 14 bytes)
$SignString10 will be placed at 8024D0D0 (length = 14 bytes)
$SignString3 will be placed at 8024D0E4 (length = 14 bytes)
$SignString2 will be placed at 8024D0F8 (length = 14 bytes)
$SignString5 will be placed at 8024D10C (length = 14 bytes)
$SignString4 will be placed at 8024D120 (length = 14 bytes)
$SignString7 will be placed at 8024D134 (length = 14 bytes)
$SignString6 will be placed at 8024D148 (length = 14 bytes)
$SignString9 will be placed at 8024D15C (length = 14 bytes)
$SignString8 will be placed at 8024D170 (length = 14 bytes)
$SignString29 will be placed at 8024D184 (length = 14 bytes)
$SignString28 will be placed at 8024D198 (length = 14 bytes)
$SignString27 will be placed at 8024D1AC (length = 14 bytes)
$SignString26 will be placed at 8024D1C0 (length = 14 bytes)
$SignString25 will be placed at 8024D1D4 (length = 14 bytes)
$SignString24 will be placed at 8024D1E8 (length = 14 bytes)
$SignString23 will be placed at 8024D1FC (length = 14 bytes)
$SignString22 will be placed at 8024D210 (length = 14 bytes)
$SignString21 will be placed at 8024D224 (length = 14 bytes)
$SignString20 will be placed at 8024D238 (length = 14 bytes)
$SignString will be placed at 8024D24C (length = 14 bytes)
$SignString39 will be placed at 8024D260 (length = 14 bytes)
$SignString38 will be placed at 8024D274 (length = 14 bytes)
$SignString37 will be placed at 8024D288 (length = 14 bytes)
$SignString36 will be placed at 8024D29C (length = 14 bytes)
$SignString35 will be placed at 8024D2B0 (length = 14 bytes)
$SignString34 will be placed at 8024D2C4 (length = 14 bytes)
$SignString33 will be placed at 8024D2D8 (length = 14 bytes)
$SignString32 will be placed at 8024D2EC (length = 14 bytes)
$SignString31 will be placed at 8024D300 (length = 14 bytes)
$SignString30 will be placed at 8024D314 (length = 14 bytes)
$SignString49 will be placed at 8024D328 (length = 14 bytes)
$SignString48 will be placed at 8024D33C (length = 14 bytes)
$SignString47 will be placed at 8024D350 (length = 14 bytes)
$SignString46 will be placed at 8024D364 (length = 14 bytes)
$SignString45 will be placed at 8024D378 (length = 14 bytes)
$SignString44 will be placed at 8024D38C (length = 14 bytes)
$SignString43 will be placed at 8024D3A0 (length = 14 bytes)
$SignString42 will be placed at 8024D3B4 (length = 14 bytes)
$SignString41 will be placed at 8024D3C8 (length = 14 bytes)
$SignString40 will be placed at 8024D3DC (length = 14 bytes)
$ASCII_pit_02_Literal will be placed at 8024D3F0 (length = C bytes)
$ASCII_pit_90_Literal will be placed at 8024D3FC (length = C bytes)
$ASCII_pit_34_Literal will be placed at 8024D408 (length = C bytes)
$ASCII_pit_66_Literal will be placed at 8024D414 (length = C bytes)
$ASCII_pit_98_Literal will be placed at 8024D420 (length = C bytes)
$ASCII_pit_19_Literal will be placed at 8024D42C (length = C bytes)
$ASCII_pit_57_Literal will be placed at 8024D438 (length = C bytes)
$ASCII_pit_69_Literal will be placed at 8024D444 (length = C bytes)
$ASCII_pit_72_Literal will be placed at 8024D450 (length = C bytes)
$ASCII_pit_81_Literal will be placed at 8024D45C (length = C bytes)
$ASCII_pit_43_Literal will be placed at 8024D468 (length = C bytes)
$ASCII_pit_28_Literal will be placed at 8024D474 (length = C bytes)
$ASCII_pit_78_Literal will be placed at 8024D480 (length = C bytes)
$ASCII_pit_63_Literal will be placed at 8024D48C (length = C bytes)
$ASCII_pit_46_Literal will be placed at 8024D498 (length = C bytes)
$ASCII_pit_95_Literal will be placed at 8024D4A4 (length = C bytes)
$ASCII_pit_16_Literal will be placed at 8024D4B0 (length = C bytes)
$ASCII_pit_37_Literal will be placed at 8024D4BC (length = C bytes)
$ASCII_pit_22_Literal will be placed at 8024D4C8 (length = C bytes)
$ASCII_pit_05_Literal will be placed at 8024D4D4 (length = C bytes)
$ASCII_pit_25_Literal will be placed at 8024D4E0 (length = C bytes)
$ASCII_pit_54_Literal will be placed at 8024D4EC (length = C bytes)
$ASCII_pit_08_Literal will be placed at 8024D4F8 (length = C bytes)
$ASCII_pit_87_Literal will be placed at 8024D504 (length = C bytes)
$ASCII_pit_75_Literal will be placed at 8024D510 (length = C bytes)
$ASCII_pit_13_Literal will be placed at 8024D51C (length = C bytes)
$ASCII_pit_32_Literal will be placed at 8024D528 (length = C bytes)
$ASCII_pit_92_Literal will be placed at 8024D534 (length = C bytes)
$ASCII_pit_17_Literal will be placed at 8024D540 (length = C bytes)
$ASCII_pit_49_Literal will be placed at 8024D54C (length = C bytes)
$ASCII_pit_77_Literal will be placed at 8024D558 (length = C bytes)
$ASCII_pit_96_Literal will be placed at 8024D564 (length = C bytes)
$ASCII_pit_68_Literal will be placed at 8024D570 (length = C bytes)
$ASCII_pit_51_Literal will be placed at 8024D57C (length = C bytes)
$ASCII_pit_04_Literal will be placed at 8024D588 (length = C bytes)
$ASCII_pit_83_Literal will be placed at 8024D594 (length = C bytes)
$ASCII_pit_86_Literal will be placed at 8024D5A0 (length = C bytes)
$ASCII_pit_26_Literal will be placed at 8024D5AC (length = C bytes)
$ASCII_pit_41_Literal will be placed at 8024D5B8 (length = C bytes)
$ASCII_pit_14_Literal will be placed at 8024D5C4 (length = C bytes)
$ASCII_pit_74_Literal will be placed at 8024D5D0 (length = C bytes)
$ASCII_pit_60_Literal will be placed at 8024D5DC (length = C bytes)
$ASCII_pit_59_Literal will be placed at 8024D5E8 (length = C bytes)
$ASCII_pit_93_Literal will be placed at 8024D5F4 (length = C bytes)
$ASCII_pit_65_Literal will be placed at 8024D600 (length = C bytes)
$ASCII_pit_07_Literal will be placed at 8024D60C (length = C bytes)
$ASCII_pit_20_Literal will be placed at 8024D618 (length = C bytes)
$ASCII_pit_35_Literal will be placed at 8024D624 (length = C bytes)
$ASCII_pit_23_Literal will be placed at 8024D630 (length = C bytes)
$ASCII_pit_11_Literal will be placed at 8024D63C (length = C bytes)
$ASCII_pit_56_Literal will be placed at 8024D648 (length = C bytes)
$ASCII_pit_44_Literal will be placed at 8024D654 (length = C bytes)
$ASCII_pit_89_Literal will be placed at 8024D660 (length = C bytes)
$ASCII_pit_79_Literal will be placed at 8024D66C (length = C bytes)
$ASCII_pit_62_Literal will be placed at 8024D678 (length = C bytes)
$ASCII_pit_94_Literal will be placed at 8024D684 (length = C bytes)
$ASCII_pit_47_Literal will be placed at 8024D690 (length = C bytes)
$ASCII_pit_21_Literal will be placed at 8024D69C (length = C bytes)
$ASCII_pit_06_Literal will be placed at 8024D6A8 (length = C bytes)
$ASCII_pit_53_Literal will be placed at 8024D6B4 (length = C bytes)
$ASCII_pit_09_Literal will be placed at 8024D6C0 (length = C bytes)
$ASCII_pit_88_Literal will be placed at 8024D6CC (length = C bytes)
$ASCII_pit_38_Literal will be placed at 8024D6D8 (length = C bytes)
$ASCII_pit_24_Literal will be placed at 8024D6E4 (length = C bytes)
$ASCII_pit_12_Literal will be placed at 8024D6F0 (length = C bytes)
$ASCII_pit_76_Literal will be placed at 8024D6FC (length = C bytes)
$ASCII_pit_01_Literal will be placed at 8024D708 (length = C bytes)
$ASCII_pit_50_Literal will be placed at 8024D714 (length = C bytes)
$ASCII_pit_33_Literal will be placed at 8024D720 (length = C bytes)
$ASCII_pit_99_Literal will be placed at 8024D72C (length = C bytes)
$ASCII_pit_67_Literal will be placed at 8024D738 (length = C bytes)
$ASCII_pit_71_Literal will be placed at 8024D744 (length = C bytes)
$ASCII_pit_42_Literal will be placed at 8024D750 (length = C bytes)
$ASCII_pit_80_Literal will be placed at 8024D75C (length = C bytes)
$ASCII_pit_29_Literal will be placed at 8024D768 (length = C bytes)
$ASCII_pit_58_Literal will be placed at 8024D774 (length = C bytes)
$ASCII_pit_30_Literal will be placed at 8024D780 (length = C bytes)
$ASCII_pit_00_Literal will be placed at 8024D78C (length = C bytes)
$ASCII_pit_64_Literal will be placed at 8024D798 (length = C bytes)
$ASCII_pit_36_Literal will be placed at 8024D7A4 (length = C bytes)
$ASCII_pit_55_Literal will be placed at 8024D7B0 (length = C bytes)
$ASCII_pit_10_Literal will be placed at 8024D7BC (length = C bytes)
$ASCII_pit_45_Literal will be placed at 8024D7C8 (length = C bytes)
$ASCII_pit_18_Literal will be placed at 8024D7D4 (length = C bytes)
$ASCII_pit_48_Literal will be placed at 8024D7E0 (length = C bytes)
$ASCII_pit_03_Literal will be placed at 8024D7EC (length = C bytes)
$ASCII_pit_31_Literal will be placed at 8024D7F8 (length = C bytes)
$ASCII_pit_91_Literal will be placed at 8024D804 (length = C bytes)
$ASCII_pit_97_Literal will be placed at 8024D810 (length = C bytes)
$ASCII_pit_82_Literal will be placed at 8024D81C (length = C bytes)
$ASCII_pit_52_Literal will be placed at 8024D828 (length = C bytes)
$ASCII_pit_70_Literal will be placed at 8024D834 (length = C bytes)
$ASCII_pit_85_Literal will be placed at 8024D840 (length = C bytes)
$ASCII_pit_40_Literal will be placed at 8024D84C (length = C bytes)
$ASCII_pit_39_Literal will be placed at 8024D858 (length = C bytes)
$ASCII_pit_73_Literal will be placed at 8024D864 (length = C bytes)
$ASCII_pit_15_Literal will be placed at 8024D870 (length = C bytes)
$ASCII_pit_27_Literal will be placed at 8024D87C (length = C bytes)
$ASCII_pit_61_Literal will be placed at 8024D888 (length = C bytes)
$ConstDouble_80246CB0 will be placed at 8024D894 (length = 8 bytes)
$ASCII_pit_842_Literal will be placed at 8024D89C (length = 8 bytes)
$ASCII_pit_100_Literal will be placed at 8024D8A4 (length = 8 bytes)
$ASCII_tik_tex_Literal will be placed at 8024D8AC (length = 8 bytes)
$MoverCancel will be placed at 8024D8B4 (length = 4 bytes)
$BanditMoverCancel will be placed at 8024D8B8 (length = 4 bytes)
Executing patch: pit_97.mpat
Loaded map pit_81
Creating struct: $EntryList
Creating struct: $DeepestLevel
Creating struct: $TotalLevels
Creating struct: $LoadHighscores
Creating struct: $FallingDownPipe
Creating struct: $Function_GetPos
Creating struct: $Function2
Creating struct: $SetSpawns
Creating struct: $Script_SetNPCPos
Creating struct: $SwitchPath
Creating struct: $VectorList_80244998
Creating struct: $GetPos
Creating struct: $Function_GetDamageTaken
Creating struct: $Function_ResetDamage
Creating struct: $DispawnParthner
Creating struct: $RespawnParthner
Creating struct: $LoadMap
Creating struct: $Script_LoadMapMover_Roguelike
Creating struct: $GetFloor
Creating struct: $LoadCoinsMover
Creating struct: $LoadMapBandit
Creating struct: $GetFloorBandit
Creating struct: $Script_Init_80243B20
Creating struct: $Script_80243A6C
Creating struct: $Script_AddCoins
Creating struct: $Script_SubstractCoins
Creating struct: $NPC_Settings_Sack
Creating struct: $Script_Init_Bag
Creating struct: $Script_Init_Bag_HitBox
Creating struct: $Script_NPC_SackHit_Init
Creating struct: $Script_NPC_Sack_FX
Creating struct: $NPC_Sack_AnimationStart
Creating struct: $NPC_Sack_AnimationEnd
Creating struct: $Script_SackAnimation_Start_GoToTheRight
Creating struct: $Script_SackAnimation_Start_GoToTheLeft
Creating struct: $Script_SackAnimation_End_Right
Creating struct: $Script_SackAnimation_End_Left
Creating struct: $Function_LoadGainedCoins
Creating struct: $Function_RevivePlayer
Creating struct: $AISettings_MoneySack
Creating struct: $Script_NpcAI_MoneySack
Creating struct: $JumpTable_80242448
Creating struct: $Function_NpcAI_MoneySack
Creating struct: $Function_80240260
Creating struct: $Function_80240844
Creating struct: $Function_802409A8
Creating struct: $Script_TrackPlayer
Creating struct: $Script_PipeAnimation
Creating struct: $Function_SetAnimation
Creating struct: $Function_GetColliderPos
Creating struct: $Function_TrackInput
Creating struct: $GoToNextLevel
Creating struct: $GoToNextLevel_Roguelike
Creating struct: $Script_SetSetsOfLevels
Creating struct: $Script_LoadMap_Roguelike
Creating struct: $Script_LoadChestMap_Roguelike
Creating struct: $Script_LoadMap_Mover_Roguelike
Creating struct: $Script_LoadChestMap_Mover_Roguelike
Creating struct: $GetFloorPit
Creating struct: $GetFloorSign
Creating struct: $Function_GetTattle1
Creating struct: $Function_GetTattle2
Creating struct: $Script_ReadSign
Creating struct: $Header
Creating struct: $Function_Init
Creating struct: $Script_Main
Creating struct: $NpcGroups
Creating struct: $NpcGroup_Mover
Creating struct: $BlankSettings
Creating struct: $Script_Init_Mover
Creating struct: $Interact_Mover
Creating struct: $Script_MoverWarpAnimation
Creating struct: $NpcGroup_BanditMover
Creating struct: $Script_Init_BanditMover
Creating struct: $Interact_BanditMover
Creating struct: $NpcGroup_Enemy1
Creating struct: $NpcGroup_Enemy2
Creating struct: $NpcGroup_Enemy3
Creating struct: $NpcGroup_Enemy4
Creating struct: $NpcGroup_Enemy5
Creating struct: $NpcGroup_Enemy6
Creating struct: $NpcSettings_Enemy1
Creating struct: $Script_EnemyAI
Creating struct: $AISettings_Enemy
Creating struct: $ConstDouble_80246500
Creating struct: $ConstDouble_80246508
Creating struct: $ConstDouble_80246510
Creating struct: $ConstDouble_80246558
Creating struct: $JumpTable_80246560
Creating struct: $FloatTable_80244900
Creating struct: $Function_80241DE4
Creating struct: $Function_802416C8
Creating struct: $Function_802404E0
Creating struct: $Function_80240690
Creating struct: $Function_80240CB8
Creating struct: $Function_80240D78
Creating struct: $Function_802410BC
Creating struct: $Function_80241134
Creating struct: $Function_802419D8
Creating struct: $Function_80241B08
Creating struct: $Function_80241D88
Creating struct: $Script_DisableEnemyAI
Creating struct: $AISettings_DisableEnemy
Creating struct: $PipeSpawning
Creating struct: $Script_MakeEntities
Creating struct: $CommingDownPipe
Creating struct: $Script_MakeExits
Creating struct: $Script_Exit0
Merged 1 regions to 1
$Script_LoadMap_Mover_Roguelike will be placed at 80240000 (length = F14 bytes)
$LoadMap will be placed at 80240F14 (length = EF4 bytes)
$Script_ReadSign will be placed at 80241E08 (length = EEC bytes)
$LoadMapBandit will be placed at 80242CF4 (length = EA4 bytes)
$Script_LoadMap_Roguelike will be placed at 80243B98 (length = D9C bytes)
$GoToNextLevel will be placed at 80244934 (length = D10 bytes)
$GoToNextLevel_Roguelike will be placed at 80245644 (length = 868 bytes)
$Function_80240690 will be placed at 80245EAC (length = 620 bytes)
$Function_80240260 will be placed at 802464CC (length = 5E4 bytes)
$SetSpawns will be placed at 80246AB0 (length = 384 bytes)
$FallingDownPipe will be placed at 80246E34 (length = 37C bytes)
$Script_SetSetsOfLevels will be placed at 802471B0 (length = 358 bytes)
$Function_80240D78 will be placed at 80247508 (length = 344 bytes)
$Script_SetNPCPos will be placed at 8024784C (length = 2F4 bytes)
$Function_80241B08 will be placed at 80247B40 (length = 284 bytes)
$Function_NpcAI_MoneySack will be placed at 80247DC4 (length = 238 bytes)
$Script_SackAnimation_Start_GoToTheRight will be placed at 80247FFC (length = 230 bytes)
$Script_SackAnimation_Start_GoToTheLeft will be placed at 8024822C (length = 1F8 bytes)
$Interact_Mover will be placed at 80248424 (length = 1F8 bytes)
$NpcGroup_Enemy3 will be placed at 8024861C (length = 1F0 bytes)
$NpcGroup_Enemy4 will be placed at 8024880C (length = 1F0 bytes)
$NpcGroup_Enemy5 will be placed at 802489FC (length = 1F0 bytes)
$NpcGroup_Enemy6 will be placed at 80248BEC (length = 1F0 bytes)
$NpcGroup_Enemy1 will be placed at 80248DDC (length = 1F0 bytes)
$NpcGroup_Enemy2 will be placed at 80248FCC (length = 1F0 bytes)
$NpcGroup_Mover will be placed at 802491BC (length = 1F0 bytes)
$NpcGroup_BanditMover will be placed at 802493AC (length = 1F0 bytes)
$Interact_BanditMover will be placed at 8024959C (length = 1EC bytes)
$Function_80241DE4 will be placed at 80249788 (length = 1E8 bytes)
$Script_PipeAnimation will be placed at 80249970 (length = 1D0 bytes)
$Function_802404E0 will be placed at 80249B40 (length = 1A8 bytes)
$JumpTable_80242448 will be placed at 80249CE8 (length = 190 bytes)
$Script_LoadChestMap_Mover_Roguelike will be placed at 80249E78 (length = 18C bytes)
$PipeSpawning will be placed at 8024A004 (length = 178 bytes)
$NPC_Sack_AnimationStart will be placed at 8024A17C (length = 168 bytes)
$Function_80240844 will be placed at 8024A2E4 (length = 164 bytes)
$Script_LoadChestMap_Roguelike will be placed at 8024A448 (length = 164 bytes)
$Script_NPC_SackHit_Init will be placed at 8024A5AC (length = 160 bytes)
$Script_SackAnimation_End_Right will be placed at 8024A70C (length = 158 bytes)
$Script_SackAnimation_End_Left will be placed at 8024A864 (length = 150 bytes)
$MapTattle5 will be placed at 8024A9B4 (length = 13C bytes)
$Function_802419D8 will be placed at 8024AAF0 (length = 130 bytes)
$MapTattle4 will be placed at 8024AC20 (length = 130 bytes)
$GetFloor will be placed at 8024AD50 (length = 12C bytes)
$BanditMover_Tattle will be placed at 8024AE7C (length = 124 bytes)
$Function_802416C8 will be placed at 8024AFA0 (length = 124 bytes)
$Script_Main will be placed at 8024B0C4 (length = 120 bytes)
$Script_80243A6C will be placed at 8024B1E4 (length = 114 bytes)
$Script_SubstractCoins will be placed at 8024B2F8 (length = 10C bytes)
$Script_LoadMapMover_Roguelike will be placed at 8024B404 (length = 104 bytes)
$GetFloorBandit will be placed at 8024B508 (length = F4 bytes)
$Script_MoverWarpAnimation will be placed at 8024B5FC (length = F0 bytes)
$Function_GetColliderPos will be placed at 8024B6EC (length = E0 bytes)
$Function_GetPos will be placed at 8024B7CC (length = E0 bytes)
$Script_TrackPlayer will be placed at 8024B8AC (length = DC bytes)
$MapTattle2 will be placed at 8024B988 (length = D4 bytes)
$Function_80240CB8 will be placed at 8024BA5C (length = C0 bytes)
$Function_TrackInput will be placed at 8024BB1C (length = BC bytes)
$MapTattle3 will be placed at 8024BBD8 (length = B0 bytes)
$Script_MakeEntities will be placed at 8024BC88 (length = A8 bytes)
$MapTattle1 will be placed at 8024BD30 (length = A8 bytes)
$Script_NpcAI_MoneySack will be placed at 8024BDD8 (length = A8 bytes)
$MoverStart will be placed at 8024BE80 (length = A4 bytes)
$SwitchPath will be placed at 8024BF24 (length = A4 bytes)
$Script_NPC_Sack_FX will be placed at 8024BFC8 (length = A4 bytes)
$GetPos will be placed at 8024C06C (length = 9C bytes)
$Script_AddCoins will be placed at 8024C108 (length = 98 bytes)
$BanditMoverStart will be placed at 8024C1A0 (length = 98 bytes)
$Mover_Tattle will be placed at 8024C238 (length = 94 bytes)
$Function_GetTattle1 will be placed at 8024C2CC (length = 8C bytes)
$NPC_Sack_AnimationEnd will be placed at 8024C358 (length = 84 bytes)
$BanditMover_Options will be placed at 8024C3DC (length = 80 bytes)
$SignStringBug will be placed at 8024C45C (length = 7C bytes)
$LoadHighscores will be placed at 8024C4D8 (length = 7C bytes)
$Function_802410BC will be placed at 8024C554 (length = 78 bytes)
$Mover_Options will be placed at 8024C5CC (length = 78 bytes)
$Script_EnemyAI will be placed at 8024C644 (length = 70 bytes)
$NpcGroups will be placed at 8024C6B4 (length = 6C bytes)
$DeepestLevel will be placed at 8024C720 (length = 6C bytes)
$Function_80241134 will be placed at 8024C78C (length = 6C bytes)
$Function2 will be placed at 8024C7F8 (length = 6C bytes)
$LoadCoinsMover will be placed at 8024C864 (length = 6C bytes)
$Function_SetAnimation will be placed at 8024C8D0 (length = 6C bytes)
$GetFloorPit will be placed at 8024C93C (length = 68 bytes)
$MoverEnd will be placed at 8024C9A4 (length = 68 bytes)
$BanditMoverEnd will be placed at 8024CA0C (length = 68 bytes)
$GetFloorSign will be placed at 8024CA74 (length = 64 bytes)
$Function_80241D88 will be placed at 8024CAD8 (length = 5C bytes)
$BanditMoverNoCoins will be placed at 8024CB34 (length = 58 bytes)
$MoverNoCoins will be placed at 8024CB8C (length = 58 bytes)
$JumpTable_80246560 will be placed at 8024CBE4 (length = 54 bytes)
$Function_GetTattle2 will be placed at 8024CC38 (length = 48 bytes)
$CommingDownPipe will be placed at 8024CC80 (length = 48 bytes)
$Script_Exit0 will be placed at 8024CCC8 (length = 48 bytes)
$Function_LoadGainedCoins will be placed at 8024CD10 (length = 48 bytes)
$Function_Init will be placed at 8024CD58 (length = 44 bytes)
$Function_802409A8 will be placed at 8024CD9C (length = 44 bytes)
$Header will be placed at 8024CDE0 (length = 40 bytes)
$Script_Init_Bag will be placed at 8024CE20 (length = 38 bytes)
$TotalLevels will be placed at 8024CE58 (length = 38 bytes)
$Script_Init_Bag_HitBox will be placed at 8024CE90 (length = 38 bytes)
$DispawnParthner will be placed at 8024CEC8 (length = 34 bytes)
$Function_ResetDamage will be placed at 8024CEFC (length = 34 bytes)
$AISettings_MoneySack will be placed at 8024CF30 (length = 30 bytes)
$AISettings_Enemy will be placed at 8024CF60 (length = 30 bytes)
$AISettings_DisableEnemy will be placed at 8024CF90 (length = 30 bytes)
$RespawnParthner will be placed at 8024CFC0 (length = 30 bytes)
$NPC_Settings_Sack will be placed at 8024CFF0 (length = 2C bytes)
$Function_GetDamageTaken will be placed at 8024D01C (length = 2C bytes)
$NpcSettings_Enemy1 will be placed at 8024D048 (length = 2C bytes)
$Function_RevivePlayer will be placed at 8024D074 (length = 2C bytes)
$String_CoinsGained will be placed at 8024D0A0 (length = 2C bytes)
$BlankSettings will be placed at 8024D0CC (length = 2C bytes)
$Script_MakeExits will be placed at 8024D0F8 (length = 2C bytes)
$VectorList_80244998 will be placed at 8024D124 (length = 24 bytes)
$Script_Init_80243B20 will be placed at 8024D148 (length = 24 bytes)
$Script_Init_Mover will be placed at 8024D16C (length = 24 bytes)
$Script_Init_BanditMover will be placed at 8024D190 (length = 24 bytes)
$Script_DisableEnemyAI will be placed at 8024D1B4 (length = 20 bytes)
$EntryList will be placed at 8024D1D4 (length = 20 bytes)
$SignString100 will be placed at 8024D1F4 (length = 18 bytes)
$FloatTable_80244900 will be placed at 8024D20C (length = 18 bytes)
$SignString1 will be placed at 8024D224 (length = 14 bytes)
$SignString99 will be placed at 8024D238 (length = 14 bytes)
$SignString98 will be placed at 8024D24C (length = 14 bytes)
$SignString97 will be placed at 8024D260 (length = 14 bytes)
$SignString96 will be placed at 8024D274 (length = 14 bytes)
$SignString95 will be placed at 8024D288 (length = 14 bytes)
$SignString94 will be placed at 8024D29C (length = 14 bytes)
$SignString93 will be placed at 8024D2B0 (length = 14 bytes)
$SignString92 will be placed at 8024D2C4 (length = 14 bytes)
$SignString91 will be placed at 8024D2D8 (length = 14 bytes)
$SignString90 will be placed at 8024D2EC (length = 14 bytes)
$SignString59 will be placed at 8024D300 (length = 14 bytes)
$SignString58 will be placed at 8024D314 (length = 14 bytes)
$SignString57 will be placed at 8024D328 (length = 14 bytes)
$SignString56 will be placed at 8024D33C (length = 14 bytes)
$SignString55 will be placed at 8024D350 (length = 14 bytes)
$SignString54 will be placed at 8024D364 (length = 14 bytes)
$SignString53 will be placed at 8024D378 (length = 14 bytes)
$SignString52 will be placed at 8024D38C (length = 14 bytes)
$SignString51 will be placed at 8024D3A0 (length = 14 bytes)
$SignString50 will be placed at 8024D3B4 (length = 14 bytes)
$SignString69 will be placed at 8024D3C8 (length = 14 bytes)
$SignString68 will be placed at 8024D3DC (length = 14 bytes)
$SignString67 will be placed at 8024D3F0 (length = 14 bytes)
$SignString66 will be placed at 8024D404 (length = 14 bytes)
$SignString65 will be placed at 8024D418 (length = 14 bytes)
$SignString64 will be placed at 8024D42C (length = 14 bytes)
$SignString63 will be placed at 8024D440 (length = 14 bytes)
$SignString62 will be placed at 8024D454 (length = 14 bytes)
$SignString61 will be placed at 8024D468 (length = 14 bytes)
$SignString60 will be placed at 8024D47C (length = 14 bytes)
$SignString79 will be placed at 8024D490 (length = 14 bytes)
$SignString78 will be placed at 8024D4A4 (length = 14 bytes)
$SignString77 will be placed at 8024D4B8 (length = 14 bytes)
$SignString76 will be placed at 8024D4CC (length = 14 bytes)
$SignString75 will be placed at 8024D4E0 (length = 14 bytes)
$SignString74 will be placed at 8024D4F4 (length = 14 bytes)
$SignString73 will be placed at 8024D508 (length = 14 bytes)
$SignString72 will be placed at 8024D51C (length = 14 bytes)
$SignString71 will be placed at 8024D530 (length = 14 bytes)
$SignString70 will be placed at 8024D544 (length = 14 bytes)
$SignString89 will be placed at 8024D558 (length = 14 bytes)
$SignString88 will be placed at 8024D56C (length = 14 bytes)
$SignString87 will be placed at 8024D580 (length = 14 bytes)
$SignString86 will be placed at 8024D594 (length = 14 bytes)
$SignString85 will be placed at 8024D5A8 (length = 14 bytes)
$SignString84 will be placed at 8024D5BC (length = 14 bytes)
$SignString83 will be placed at 8024D5D0 (length = 14 bytes)
$SignString82 will be placed at 8024D5E4 (length = 14 bytes)
$SignString81 will be placed at 8024D5F8 (length = 14 bytes)
$SignString80 will be placed at 8024D60C (length = 14 bytes)
$SignString19 will be placed at 8024D620 (length = 14 bytes)
$SignString18 will be placed at 8024D634 (length = 14 bytes)
$SignString17 will be placed at 8024D648 (length = 14 bytes)
$SignString16 will be placed at 8024D65C (length = 14 bytes)
$SignString15 will be placed at 8024D670 (length = 14 bytes)
$SignString14 will be placed at 8024D684 (length = 14 bytes)
$SignString13 will be placed at 8024D698 (length = 14 bytes)
$SignString12 will be placed at 8024D6AC (length = 14 bytes)
$SignString11 will be placed at 8024D6C0 (length = 14 bytes)
$SignString10 will be placed at 8024D6D4 (length = 14 bytes)
$SignString3 will be placed at 8024D6E8 (length = 14 bytes)
$SignString2 will be placed at 8024D6FC (length = 14 bytes)
$SignString5 will be placed at 8024D710 (length = 14 bytes)
$SignString4 will be placed at 8024D724 (length = 14 bytes)
$SignString7 will be placed at 8024D738 (length = 14 bytes)
$SignString6 will be placed at 8024D74C (length = 14 bytes)
$SignString9 will be placed at 8024D760 (length = 14 bytes)
$SignString8 will be placed at 8024D774 (length = 14 bytes)
$SignString29 will be placed at 8024D788 (length = 14 bytes)
$SignString28 will be placed at 8024D79C (length = 14 bytes)
$SignString27 will be placed at 8024D7B0 (length = 14 bytes)
$SignString26 will be placed at 8024D7C4 (length = 14 bytes)
$SignString25 will be placed at 8024D7D8 (length = 14 bytes)
$SignString24 will be placed at 8024D7EC (length = 14 bytes)
$SignString23 will be placed at 8024D800 (length = 14 bytes)
$SignString22 will be placed at 8024D814 (length = 14 bytes)
$SignString21 will be placed at 8024D828 (length = 14 bytes)
$SignString20 will be placed at 8024D83C (length = 14 bytes)
$SignString will be placed at 8024D850 (length = 14 bytes)
$SignString39 will be placed at 8024D864 (length = 14 bytes)
$SignString38 will be placed at 8024D878 (length = 14 bytes)
$SignString37 will be placed at 8024D88C (length = 14 bytes)
$SignString36 will be placed at 8024D8A0 (length = 14 bytes)
$SignString35 will be placed at 8024D8B4 (length = 14 bytes)
$SignString34 will be placed at 8024D8C8 (length = 14 bytes)
$SignString33 will be placed at 8024D8DC (length = 14 bytes)
$SignString32 will be placed at 8024D8F0 (length = 14 bytes)
$SignString31 will be placed at 8024D904 (length = 14 bytes)
$SignString30 will be placed at 8024D918 (length = 14 bytes)
$SignString49 will be placed at 8024D92C (length = 14 bytes)
$SignString48 will be placed at 8024D940 (length = 14 bytes)
$SignString47 will be placed at 8024D954 (length = 14 bytes)
$SignString46 will be placed at 8024D968 (length = 14 bytes)
$SignString45 will be placed at 8024D97C (length = 14 bytes)
$SignString44 will be placed at 8024D990 (length = 14 bytes)
$SignString43 will be placed at 8024D9A4 (length = 14 bytes)
$SignString42 will be placed at 8024D9B8 (length = 14 bytes)
$SignString41 will be placed at 8024D9CC (length = 14 bytes)
$SignString40 will be placed at 8024D9E0 (length = 14 bytes)
$ASCII_pit_02_Literal will be placed at 8024D9F4 (length = C bytes)
$ASCII_pit_90_Literal will be placed at 8024DA00 (length = C bytes)
$ASCII_pit_34_Literal will be placed at 8024DA0C (length = C bytes)
$ASCII_pit_66_Literal will be placed at 8024DA18 (length = C bytes)
$ASCII_pit_98_Literal will be placed at 8024DA24 (length = C bytes)
$ASCII_pit_19_Literal will be placed at 8024DA30 (length = C bytes)
$ASCII_pit_57_Literal will be placed at 8024DA3C (length = C bytes)
$ASCII_pit_69_Literal will be placed at 8024DA48 (length = C bytes)
$ASCII_pit_72_Literal will be placed at 8024DA54 (length = C bytes)
$ASCII_pit_81_Literal will be placed at 8024DA60 (length = C bytes)
$ASCII_pit_43_Literal will be placed at 8024DA6C (length = C bytes)
$ASCII_pit_28_Literal will be placed at 8024DA78 (length = C bytes)
$ASCII_pit_78_Literal will be placed at 8024DA84 (length = C bytes)
$ASCII_pit_63_Literal will be placed at 8024DA90 (length = C bytes)
$ASCII_pit_46_Literal will be placed at 8024DA9C (length = C bytes)
$ASCII_pit_95_Literal will be placed at 8024DAA8 (length = C bytes)
$ASCII_pit_16_Literal will be placed at 8024DAB4 (length = C bytes)
$ASCII_pit_37_Literal will be placed at 8024DAC0 (length = C bytes)
$ASCII_pit_22_Literal will be placed at 8024DACC (length = C bytes)
$ASCII_pit_05_Literal will be placed at 8024DAD8 (length = C bytes)
$ASCII_pit_25_Literal will be placed at 8024DAE4 (length = C bytes)
$ASCII_pit_54_Literal will be placed at 8024DAF0 (length = C bytes)
$ASCII_pit_08_Literal will be placed at 8024DAFC (length = C bytes)
$ASCII_pit_87_Literal will be placed at 8024DB08 (length = C bytes)
$ASCII_pit_75_Literal will be placed at 8024DB14 (length = C bytes)
$ASCII_pit_13_Literal will be placed at 8024DB20 (length = C bytes)
$ASCII_pit_32_Literal will be placed at 8024DB2C (length = C bytes)
$ASCII_pit_92_Literal will be placed at 8024DB38 (length = C bytes)
$ASCII_pit_17_Literal will be placed at 8024DB44 (length = C bytes)
$ASCII_pit_49_Literal will be placed at 8024DB50 (length = C bytes)
$ASCII_pit_77_Literal will be placed at 8024DB5C (length = C bytes)
$ASCII_pit_96_Literal will be placed at 8024DB68 (length = C bytes)
$ASCII_pit_68_Literal will be placed at 8024DB74 (length = C bytes)
$ASCII_pit_51_Literal will be placed at 8024DB80 (length = C bytes)
$ASCII_pit_04_Literal will be placed at 8024DB8C (length = C bytes)
$ASCII_pit_83_Literal will be placed at 8024DB98 (length = C bytes)
$ASCII_pit_86_Literal will be placed at 8024DBA4 (length = C bytes)
$ASCII_pit_26_Literal will be placed at 8024DBB0 (length = C bytes)
$ASCII_pit_41_Literal will be placed at 8024DBBC (length = C bytes)
$ASCII_pit_14_Literal will be placed at 8024DBC8 (length = C bytes)
$ASCII_pit_74_Literal will be placed at 8024DBD4 (length = C bytes)
$ASCII_pit_60_Literal will be placed at 8024DBE0 (length = C bytes)
$ASCII_pit_59_Literal will be placed at 8024DBEC (length = C bytes)
$ASCII_pit_93_Literal will be placed at 8024DBF8 (length = C bytes)
$ASCII_pit_65_Literal will be placed at 8024DC04 (length = C bytes)
$ASCII_pit_07_Literal will be placed at 8024DC10 (length = C bytes)
$ASCII_pit_20_Literal will be placed at 8024DC1C (length = C bytes)
$ASCII_pit_35_Literal will be placed at 8024DC28 (length = C bytes)
$ASCII_pit_23_Literal will be placed at 8024DC34 (length = C bytes)
$ASCII_pit_11_Literal will be placed at 8024DC40 (length = C bytes)
$ASCII_pit_56_Literal will be placed at 8024DC4C (length = C bytes)
$ASCII_pit_44_Literal will be placed at 8024DC58 (length = C bytes)
$ASCII_pit_89_Literal will be placed at 8024DC64 (length = C bytes)
$ASCII_pit_79_Literal will be placed at 8024DC70 (length = C bytes)
$ASCII_pit_62_Literal will be placed at 8024DC7C (length = C bytes)
$ASCII_pit_94_Literal will be placed at 8024DC88 (length = C bytes)
$ASCII_pit_47_Literal will be placed at 8024DC94 (length = C bytes)
$ASCII_pit_21_Literal will be placed at 8024DCA0 (length = C bytes)
$ASCII_pit_06_Literal will be placed at 8024DCAC (length = C bytes)
$ASCII_pit_53_Literal will be placed at 8024DCB8 (length = C bytes)
$ASCII_pit_09_Literal will be placed at 8024DCC4 (length = C bytes)
$ASCII_pit_88_Literal will be placed at 8024DCD0 (length = C bytes)
$ASCII_pit_38_Literal will be placed at 8024DCDC (length = C bytes)
$ASCII_pit_24_Literal will be placed at 8024DCE8 (length = C bytes)
$ASCII_pit_12_Literal will be placed at 8024DCF4 (length = C bytes)
$ASCII_pit_76_Literal will be placed at 8024DD00 (length = C bytes)
$ASCII_pit_01_Literal will be placed at 8024DD0C (length = C bytes)
$ASCII_pit_50_Literal will be placed at 8024DD18 (length = C bytes)
$ASCII_pit_33_Literal will be placed at 8024DD24 (length = C bytes)
$ASCII_pit_99_Literal will be placed at 8024DD30 (length = C bytes)
$ASCII_pit_67_Literal will be placed at 8024DD3C (length = C bytes)
$ASCII_pit_71_Literal will be placed at 8024DD48 (length = C bytes)
$ASCII_pit_42_Literal will be placed at 8024DD54 (length = C bytes)
$ASCII_pit_80_Literal will be placed at 8024DD60 (length = C bytes)
$ASCII_pit_29_Literal will be placed at 8024DD6C (length = C bytes)
$ASCII_pit_58_Literal will be placed at 8024DD78 (length = C bytes)
$ASCII_pit_30_Literal will be placed at 8024DD84 (length = C bytes)
$ASCII_pit_00_Literal will be placed at 8024DD90 (length = C bytes)
$ASCII_pit_64_Literal will be placed at 8024DD9C (length = C bytes)
$ASCII_pit_36_Literal will be placed at 8024DDA8 (length = C bytes)
$ASCII_pit_55_Literal will be placed at 8024DDB4 (length = C bytes)
$ASCII_pit_10_Literal will be placed at 8024DDC0 (length = C bytes)
$ASCII_pit_45_Literal will be placed at 8024DDCC (length = C bytes)
$ASCII_pit_18_Literal will be placed at 8024DDD8 (length = C bytes)
$ASCII_pit_48_Literal will be placed at 8024DDE4 (length = C bytes)
$ASCII_pit_03_Literal will be placed at 8024DDF0 (length = C bytes)
$ASCII_pit_31_Literal will be placed at 8024DDFC (length = C bytes)
$ASCII_pit_91_Literal will be placed at 8024DE08 (length = C bytes)
$ASCII_pit_97_Literal will be placed at 8024DE14 (length = C bytes)
$ASCII_pit_82_Literal will be placed at 8024DE20 (length = C bytes)
$ASCII_pit_52_Literal will be placed at 8024DE2C (length = C bytes)
$ASCII_pit_70_Literal will be placed at 8024DE38 (length = C bytes)
$ASCII_pit_85_Literal will be placed at 8024DE44 (length = C bytes)
$ASCII_pit_40_Literal will be placed at 8024DE50 (length = C bytes)
$ASCII_pit_39_Literal will be placed at 8024DE5C (length = C bytes)
$ASCII_pit_73_Literal will be placed at 8024DE68 (length = C bytes)
$ASCII_pit_15_Literal will be placed at 8024DE74 (length = C bytes)
$ASCII_pit_27_Literal will be placed at 8024DE80 (length = C bytes)
$ASCII_pit_61_Literal will be placed at 8024DE8C (length = C bytes)
$ConstDouble_80246558 will be placed at 8024DE98 (length = 8 bytes)
$ASCII_pit_842_Literal will be placed at 8024DEA0 (length = 8 bytes)
$ASCII_pit_100_Literal will be placed at 8024DEA8 (length = 8 bytes)
$ASCII_tik_tex_Literal will be placed at 8024DEB0 (length = 8 bytes)
$ConstDouble_80246510 will be placed at 8024DEB8 (length = 8 bytes)
$ConstDouble_80246508 will be placed at 8024DEC0 (length = 8 bytes)
$ConstDouble_80246500 will be placed at 8024DEC8 (length = 8 bytes)
$MoverCancel will be placed at 8024DED0 (length = 4 bytes)
$BanditMoverCancel will be placed at 8024DED4 (length = 4 bytes)
Executing patch: pit_98.mpat
Loaded map pit_81
Creating struct: $EntryList
Creating struct: $DeepestLevel
Creating struct: $TotalLevels
Creating struct: $LoadHighscores
Creating struct: $FallingDownPipe
Creating struct: $Function_GetPos
Creating struct: $Function2
Creating struct: $SetSpawns
Creating struct: $Script_SetNPCPos
Creating struct: $SwitchPath
Creating struct: $VectorList_80244998
Creating struct: $GetPos
Creating struct: $Function_GetDamageTaken
Creating struct: $Function_ResetDamage
Creating struct: $DispawnParthner
Creating struct: $RespawnParthner
Creating struct: $LoadMap
Creating struct: $Script_LoadMapMover_Roguelike
Creating struct: $GetFloor
Creating struct: $LoadCoinsMover
Creating struct: $LoadMapBandit
Creating struct: $GetFloorBandit
Creating struct: $Script_Init_80243B20
Creating struct: $Script_80243A6C
Creating struct: $Script_AddCoins
Creating struct: $Script_SubstractCoins
Creating struct: $NPC_Settings_Sack
Creating struct: $Script_Init_Bag
Creating struct: $Script_Init_Bag_HitBox
Creating struct: $Script_NPC_SackHit_Init
Creating struct: $Script_NPC_Sack_FX
Creating struct: $NPC_Sack_AnimationStart
Creating struct: $NPC_Sack_AnimationEnd
Creating struct: $Script_SackAnimation_Start_GoToTheRight
Creating struct: $Script_SackAnimation_Start_GoToTheLeft
Creating struct: $Script_SackAnimation_End_Right
Creating struct: $Script_SackAnimation_End_Left
Creating struct: $Function_LoadGainedCoins
Creating struct: $Function_RevivePlayer
Creating struct: $AISettings_MoneySack
Creating struct: $Script_NpcAI_MoneySack
Creating struct: $JumpTable_80242448
Creating struct: $Function_NpcAI_MoneySack
Creating struct: $Function_80240260
Creating struct: $Function_80240844
Creating struct: $Function_802409A8
Creating struct: $Script_TrackPlayer
Creating struct: $Script_PipeAnimation
Creating struct: $Function_SetAnimation
Creating struct: $Function_GetColliderPos
Creating struct: $Function_TrackInput
Creating struct: $GoToNextLevel
Creating struct: $GoToNextLevel_Roguelike
Creating struct: $Script_SetSetsOfLevels
Creating struct: $Script_LoadMap_Roguelike
Creating struct: $Script_LoadChestMap_Roguelike
Creating struct: $Script_LoadMap_Mover_Roguelike
Creating struct: $Script_LoadChestMap_Mover_Roguelike
Creating struct: $GetFloorPit
Creating struct: $GetFloorSign
Creating struct: $Function_GetTattle1
Creating struct: $Function_GetTattle2
Creating struct: $Script_ReadSign
Creating struct: $Header
Creating struct: $Function_Init
Creating struct: $Script_Main
Creating struct: $NpcGroups
Creating struct: $NpcGroup_Mover
Creating struct: $BlankSettings
Creating struct: $Script_Init_Mover
Creating struct: $Interact_Mover
Creating struct: $Script_MoverWarpAnimation
Creating struct: $NpcGroup_BanditMover
Creating struct: $Script_Init_BanditMover
Creating struct: $Interact_BanditMover
Creating struct: $NpcGroup_Enemy1
Creating struct: $NpcGroup_Enemy2
Creating struct: $NpcGroup_Enemy3
Creating struct: $NpcGroup_Enemy4
Creating struct: $NpcGroup_Enemy5
Creating struct: $NpcGroup_Enemy6
Creating struct: $NpcSettings_Enemy1
Creating struct: $Script_EnemyAI
Creating struct: $AISettings_Enemy
Creating struct: $Script_DisableEnemyAI
Creating struct: $AISettings_DisableEnemy
Creating struct: $PipeSpawning
Creating struct: $Script_MakeEntities
Creating struct: $CommingDownPipe
Creating struct: $Script_MakeExits
Creating struct: $Script_Exit0
Merged 1 regions to 1
$Script_LoadMap_Mover_Roguelike will be placed at 80240000 (length = F14 bytes)
$LoadMap will be placed at 80240F14 (length = EF4 bytes)
$Script_ReadSign will be placed at 80241E08 (length = EEC bytes)
$LoadMapBandit will be placed at 80242CF4 (length = EA4 bytes)
$Script_LoadMap_Roguelike will be placed at 80243B98 (length = D9C bytes)
$GoToNextLevel will be placed at 80244934 (length = D10 bytes)
$GoToNextLevel_Roguelike will be placed at 80245644 (length = 868 bytes)
$Function_80240260 will be placed at 80245EAC (length = 5E4 bytes)
$SetSpawns will be placed at 80246490 (length = 384 bytes)
$FallingDownPipe will be placed at 80246814 (length = 37C bytes)
$Script_SetSetsOfLevels will be placed at 80246B90 (length = 358 bytes)
$Script_SetNPCPos will be placed at 80246EE8 (length = 2F4 bytes)
$Function_NpcAI_MoneySack will be placed at 802471DC (length = 238 bytes)
$Script_SackAnimation_Start_GoToTheRight will be placed at 80247414 (length = 230 bytes)
$Script_SackAnimation_Start_GoToTheLeft will be placed at 80247644 (length = 1F8 bytes)
$Interact_Mover will be placed at 8024783C (length = 1F8 bytes)
$NpcGroup_Enemy3 will be placed at 80247A34 (length = 1F0 bytes)
$NpcGroup_Enemy4 will be placed at 80247C24 (length = 1F0 bytes)
$NpcGroup_Enemy5 will be placed at 80247E14 (length = 1F0 bytes)
$NpcGroup_Enemy6 will be placed at 80248004 (length = 1F0 bytes)
$NpcGroup_Enemy1 will be placed at 802481F4 (length = 1F0 bytes)
$NpcGroup_Enemy2 will be placed at 802483E4 (length = 1F0 bytes)
$NpcGroup_Mover will be placed at 802485D4 (length = 1F0 bytes)
$NpcGroup_BanditMover will be placed at 802487C4 (length = 1F0 bytes)
$Interact_BanditMover will be placed at 802489B4 (length = 1EC bytes)
$Script_PipeAnimation will be placed at 80248BA0 (length = 1D0 bytes)
$JumpTable_80242448 will be placed at 80248D70 (length = 190 bytes)
$Script_LoadChestMap_Mover_Roguelike will be placed at 80248F00 (length = 18C bytes)
$PipeSpawning will be placed at 8024908C (length = 178 bytes)
$NPC_Sack_AnimationStart will be placed at 80249204 (length = 168 bytes)
$Function_80240844 will be placed at 8024936C (length = 164 bytes)
$Script_LoadChestMap_Roguelike will be placed at 802494D0 (length = 164 bytes)
$Script_NPC_SackHit_Init will be placed at 80249634 (length = 160 bytes)
$Script_SackAnimation_End_Right will be placed at 80249794 (length = 158 bytes)
$Script_SackAnimation_End_Left will be placed at 802498EC (length = 150 bytes)
$MapTattle5 will be placed at 80249A3C (length = 13C bytes)
$MapTattle4 will be placed at 80249B78 (length = 130 bytes)
$GetFloor will be placed at 80249CA8 (length = 12C bytes)
$BanditMover_Tattle will be placed at 80249DD4 (length = 124 bytes)
$Script_Main will be placed at 80249EF8 (length = 120 bytes)
$Script_80243A6C will be placed at 8024A018 (length = 114 bytes)
$Script_SubstractCoins will be placed at 8024A12C (length = 10C bytes)
$Script_LoadMapMover_Roguelike will be placed at 8024A238 (length = 104 bytes)
$GetFloorBandit will be placed at 8024A33C (length = F4 bytes)
$Script_MoverWarpAnimation will be placed at 8024A430 (length = F0 bytes)
$Function_GetColliderPos will be placed at 8024A520 (length = E0 bytes)
$Function_GetPos will be placed at 8024A600 (length = E0 bytes)
$Script_TrackPlayer will be placed at 8024A6E0 (length = DC bytes)
$MapTattle2 will be placed at 8024A7BC (length = D4 bytes)
$Function_TrackInput will be placed at 8024A890 (length = BC bytes)
$MapTattle3 will be placed at 8024A94C (length = B0 bytes)
$Script_MakeEntities will be placed at 8024A9FC (length = A8 bytes)
$MapTattle1 will be placed at 8024AAA4 (length = A8 bytes)
$Script_NpcAI_MoneySack will be placed at 8024AB4C (length = A8 bytes)
$MoverStart will be placed at 8024ABF4 (length = A4 bytes)
$SwitchPath will be placed at 8024AC98 (length = A4 bytes)
$Script_NPC_Sack_FX will be placed at 8024AD3C (length = A4 bytes)
$GetPos will be placed at 8024ADE0 (length = 9C bytes)
$Script_AddCoins will be placed at 8024AE7C (length = 98 bytes)
$BanditMoverStart will be placed at 8024AF14 (length = 98 bytes)
$Mover_Tattle will be placed at 8024AFAC (length = 94 bytes)
$Function_GetTattle1 will be placed at 8024B040 (length = 8C bytes)
$NPC_Sack_AnimationEnd will be placed at 8024B0CC (length = 84 bytes)
$BanditMover_Options will be placed at 8024B150 (length = 80 bytes)
$SignStringBug will be placed at 8024B1D0 (length = 7C bytes)
$LoadHighscores will be placed at 8024B24C (length = 7C bytes)
$Mover_Options will be placed at 8024B2C8 (length = 78 bytes)
$NpcGroups will be placed at 8024B340 (length = 6C bytes)
$DeepestLevel will be placed at 8024B3AC (length = 6C bytes)
$Function2 will be placed at 8024B418 (length = 6C bytes)
$LoadCoinsMover will be placed at 8024B484 (length = 6C bytes)
$Function_SetAnimation will be placed at 8024B4F0 (length = 6C bytes)
$GetFloorPit will be placed at 8024B55C (length = 68 bytes)
$MoverEnd will be placed at 8024B5C4 (length = 68 bytes)
$BanditMoverEnd will be placed at 8024B62C (length = 68 bytes)
$GetFloorSign will be placed at 8024B694 (length = 64 bytes)
$BanditMoverNoCoins will be placed at 8024B6F8 (length = 58 bytes)
$MoverNoCoins will be placed at 8024B750 (length = 58 bytes)
$Function_GetTattle2 will be placed at 8024B7A8 (length = 48 bytes)
$CommingDownPipe will be placed at 8024B7F0 (length = 48 bytes)
$Script_Exit0 will be placed at 8024B838 (length = 48 bytes)
$Function_LoadGainedCoins will be placed at 8024B880 (length = 48 bytes)
$Function_Init will be placed at 8024B8C8 (length = 44 bytes)
$Function_802409A8 will be placed at 8024B90C (length = 44 bytes)
$Header will be placed at 8024B950 (length = 40 bytes)
$Script_Init_Bag will be placed at 8024B990 (length = 38 bytes)
$TotalLevels will be placed at 8024B9C8 (length = 38 bytes)
$Script_Init_Bag_HitBox will be placed at 8024BA00 (length = 38 bytes)
$DispawnParthner will be placed at 8024BA38 (length = 34 bytes)
$Function_ResetDamage will be placed at 8024BA6C (length = 34 bytes)
$AISettings_MoneySack will be placed at 8024BAA0 (length = 30 bytes)
$AISettings_Enemy will be placed at 8024BAD0 (length = 30 bytes)
$AISettings_DisableEnemy will be placed at 8024BB00 (length = 30 bytes)
$RespawnParthner will be placed at 8024BB30 (length = 30 bytes)
$NPC_Settings_Sack will be placed at 8024BB60 (length = 2C bytes)
$Function_GetDamageTaken will be placed at 8024BB8C (length = 2C bytes)
$Function_RevivePlayer will be placed at 8024BBB8 (length = 2C bytes)
$String_CoinsGained will be placed at 8024BBE4 (length = 2C bytes)
$BlankSettings will be placed at 8024BC10 (length = 2C bytes)
$Script_MakeExits will be placed at 8024BC3C (length = 2C bytes)
$NpcSettings_Enemy1 will be placed at 8024BC68 (length = 24 bytes)
$VectorList_80244998 will be placed at 8024BC8C (length = 24 bytes)
$Script_Init_80243B20 will be placed at 8024BCB0 (length = 24 bytes)
$Script_Init_Mover will be placed at 8024BCD4 (length = 24 bytes)
$Script_Init_BanditMover will be placed at 8024BCF8 (length = 24 bytes)
$Script_DisableEnemyAI will be placed at 8024BD1C (length = 20 bytes)
$EntryList will be placed at 8024BD3C (length = 20 bytes)
$Script_EnemyAI will be placed at 8024BD5C (length = 20 bytes)
$SignString100 will be placed at 8024BD7C (length = 18 bytes)
$SignString1 will be placed at 8024BD94 (length = 14 bytes)
$SignString99 will be placed at 8024BDA8 (length = 14 bytes)
$SignString98 will be placed at 8024BDBC (length = 14 bytes)
$SignString97 will be placed at 8024BDD0 (length = 14 bytes)
$SignString96 will be placed at 8024BDE4 (length = 14 bytes)
$SignString95 will be placed at 8024BDF8 (length = 14 bytes)
$SignString94 will be placed at 8024BE0C (length = 14 bytes)
$SignString93 will be placed at 8024BE20 (length = 14 bytes)
$SignString92 will be placed at 8024BE34 (length = 14 bytes)
$SignString91 will be placed at 8024BE48 (length = 14 bytes)
$SignString90 will be placed at 8024BE5C (length = 14 bytes)
$SignString59 will be placed at 8024BE70 (length = 14 bytes)
$SignString58 will be placed at 8024BE84 (length = 14 bytes)
$SignString57 will be placed at 8024BE98 (length = 14 bytes)
$SignString56 will be placed at 8024BEAC (length = 14 bytes)
$SignString55 will be placed at 8024BEC0 (length = 14 bytes)
$SignString54 will be placed at 8024BED4 (length = 14 bytes)
$SignString53 will be placed at 8024BEE8 (length = 14 bytes)
$SignString52 will be placed at 8024BEFC (length = 14 bytes)
$SignString51 will be placed at 8024BF10 (length = 14 bytes)
$SignString50 will be placed at 8024BF24 (length = 14 bytes)
$SignString69 will be placed at 8024BF38 (length = 14 bytes)
$SignString68 will be placed at 8024BF4C (length = 14 bytes)
$SignString67 will be placed at 8024BF60 (length = 14 bytes)
$SignString66 will be placed at 8024BF74 (length = 14 bytes)
$SignString65 will be placed at 8024BF88 (length = 14 bytes)
$SignString64 will be placed at 8024BF9C (length = 14 bytes)
$SignString63 will be placed at 8024BFB0 (length = 14 bytes)
$SignString62 will be placed at 8024BFC4 (length = 14 bytes)
$SignString61 will be placed at 8024BFD8 (length = 14 bytes)
$SignString60 will be placed at 8024BFEC (length = 14 bytes)
$SignString79 will be placed at 8024C000 (length = 14 bytes)
$SignString78 will be placed at 8024C014 (length = 14 bytes)
$SignString77 will be placed at 8024C028 (length = 14 bytes)
$SignString76 will be placed at 8024C03C (length = 14 bytes)
$SignString75 will be placed at 8024C050 (length = 14 bytes)
$SignString74 will be placed at 8024C064 (length = 14 bytes)
$SignString73 will be placed at 8024C078 (length = 14 bytes)
$SignString72 will be placed at 8024C08C (length = 14 bytes)
$SignString71 will be placed at 8024C0A0 (length = 14 bytes)
$SignString70 will be placed at 8024C0B4 (length = 14 bytes)
$SignString89 will be placed at 8024C0C8 (length = 14 bytes)
$SignString88 will be placed at 8024C0DC (length = 14 bytes)
$SignString87 will be placed at 8024C0F0 (length = 14 bytes)
$SignString86 will be placed at 8024C104 (length = 14 bytes)
$SignString85 will be placed at 8024C118 (length = 14 bytes)
$SignString84 will be placed at 8024C12C (length = 14 bytes)
$SignString83 will be placed at 8024C140 (length = 14 bytes)
$SignString82 will be placed at 8024C154 (length = 14 bytes)
$SignString81 will be placed at 8024C168 (length = 14 bytes)
$SignString80 will be placed at 8024C17C (length = 14 bytes)
$SignString19 will be placed at 8024C190 (length = 14 bytes)
$SignString18 will be placed at 8024C1A4 (length = 14 bytes)
$SignString17 will be placed at 8024C1B8 (length = 14 bytes)
$SignString16 will be placed at 8024C1CC (length = 14 bytes)
$SignString15 will be placed at 8024C1E0 (length = 14 bytes)
$SignString14 will be placed at 8024C1F4 (length = 14 bytes)
$SignString13 will be placed at 8024C208 (length = 14 bytes)
$SignString12 will be placed at 8024C21C (length = 14 bytes)
$SignString11 will be placed at 8024C230 (length = 14 bytes)
$SignString10 will be placed at 8024C244 (length = 14 bytes)
$SignString3 will be placed at 8024C258 (length = 14 bytes)
$SignString2 will be placed at 8024C26C (length = 14 bytes)
$SignString5 will be placed at 8024C280 (length = 14 bytes)
$SignString4 will be placed at 8024C294 (length = 14 bytes)
$SignString7 will be placed at 8024C2A8 (length = 14 bytes)
$SignString6 will be placed at 8024C2BC (length = 14 bytes)
$SignString9 will be placed at 8024C2D0 (length = 14 bytes)
$SignString8 will be placed at 8024C2E4 (length = 14 bytes)
$SignString29 will be placed at 8024C2F8 (length = 14 bytes)
$SignString28 will be placed at 8024C30C (length = 14 bytes)
$SignString27 will be placed at 8024C320 (length = 14 bytes)
$SignString26 will be placed at 8024C334 (length = 14 bytes)
$SignString25 will be placed at 8024C348 (length = 14 bytes)
$SignString24 will be placed at 8024C35C (length = 14 bytes)
$SignString23 will be placed at 8024C370 (length = 14 bytes)
$SignString22 will be placed at 8024C384 (length = 14 bytes)
$SignString21 will be placed at 8024C398 (length = 14 bytes)
$SignString20 will be placed at 8024C3AC (length = 14 bytes)
$SignString will be placed at 8024C3C0 (length = 14 bytes)
$SignString39 will be placed at 8024C3D4 (length = 14 bytes)
$SignString38 will be placed at 8024C3E8 (length = 14 bytes)
$SignString37 will be placed at 8024C3FC (length = 14 bytes)
$SignString36 will be placed at 8024C410 (length = 14 bytes)
$SignString35 will be placed at 8024C424 (length = 14 bytes)
$SignString34 will be placed at 8024C438 (length = 14 bytes)
$SignString33 will be placed at 8024C44C (length = 14 bytes)
$SignString32 will be placed at 8024C460 (length = 14 bytes)
$SignString31 will be placed at 8024C474 (length = 14 bytes)
$SignString30 will be placed at 8024C488 (length = 14 bytes)
$SignString49 will be placed at 8024C49C (length = 14 bytes)
$SignString48 will be placed at 8024C4B0 (length = 14 bytes)
$SignString47 will be placed at 8024C4C4 (length = 14 bytes)
$SignString46 will be placed at 8024C4D8 (length = 14 bytes)
$SignString45 will be placed at 8024C4EC (length = 14 bytes)
$SignString44 will be placed at 8024C500 (length = 14 bytes)
$SignString43 will be placed at 8024C514 (length = 14 bytes)
$SignString42 will be placed at 8024C528 (length = 14 bytes)
$SignString41 will be placed at 8024C53C (length = 14 bytes)
$SignString40 will be placed at 8024C550 (length = 14 bytes)
$ASCII_pit_02_Literal will be placed at 8024C564 (length = C bytes)
$ASCII_pit_90_Literal will be placed at 8024C570 (length = C bytes)
$ASCII_pit_34_Literal will be placed at 8024C57C (length = C bytes)
$ASCII_pit_66_Literal will be placed at 8024C588 (length = C bytes)
$ASCII_pit_98_Literal will be placed at 8024C594 (length = C bytes)
$ASCII_pit_19_Literal will be placed at 8024C5A0 (length = C bytes)
$ASCII_pit_57_Literal will be placed at 8024C5AC (length = C bytes)
$ASCII_pit_69_Literal will be placed at 8024C5B8 (length = C bytes)
$ASCII_pit_72_Literal will be placed at 8024C5C4 (length = C bytes)
$ASCII_pit_81_Literal will be placed at 8024C5D0 (length = C bytes)
$ASCII_pit_43_Literal will be placed at 8024C5DC (length = C bytes)
$ASCII_pit_28_Literal will be placed at 8024C5E8 (length = C bytes)
$ASCII_pit_78_Literal will be placed at 8024C5F4 (length = C bytes)
$ASCII_pit_63_Literal will be placed at 8024C600 (length = C bytes)
$ASCII_pit_46_Literal will be placed at 8024C60C (length = C bytes)
$ASCII_pit_95_Literal will be placed at 8024C618 (length = C bytes)
$ASCII_pit_16_Literal will be placed at 8024C624 (length = C bytes)
$ASCII_pit_37_Literal will be placed at 8024C630 (length = C bytes)
$ASCII_pit_22_Literal will be placed at 8024C63C (length = C bytes)
$ASCII_pit_05_Literal will be placed at 8024C648 (length = C bytes)
$ASCII_pit_25_Literal will be placed at 8024C654 (length = C bytes)
$ASCII_pit_54_Literal will be placed at 8024C660 (length = C bytes)
$ASCII_pit_08_Literal will be placed at 8024C66C (length = C bytes)
$ASCII_pit_87_Literal will be placed at 8024C678 (length = C bytes)
$ASCII_pit_75_Literal will be placed at 8024C684 (length = C bytes)
$ASCII_pit_13_Literal will be placed at 8024C690 (length = C bytes)
$ASCII_pit_32_Literal will be placed at 8024C69C (length = C bytes)
$ASCII_pit_92_Literal will be placed at 8024C6A8 (length = C bytes)
$ASCII_pit_17_Literal will be placed at 8024C6B4 (length = C bytes)
$ASCII_pit_49_Literal will be placed at 8024C6C0 (length = C bytes)
$ASCII_pit_77_Literal will be placed at 8024C6CC (length = C bytes)
$ASCII_pit_96_Literal will be placed at 8024C6D8 (length = C bytes)
$ASCII_pit_68_Literal will be placed at 8024C6E4 (length = C bytes)
$ASCII_pit_51_Literal will be placed at 8024C6F0 (length = C bytes)
$ASCII_pit_04_Literal will be placed at 8024C6FC (length = C bytes)
$ASCII_pit_83_Literal will be placed at 8024C708 (length = C bytes)
$ASCII_pit_86_Literal will be placed at 8024C714 (length = C bytes)
$ASCII_pit_26_Literal will be placed at 8024C720 (length = C bytes)
$ASCII_pit_41_Literal will be placed at 8024C72C (length = C bytes)
$ASCII_pit_14_Literal will be placed at 8024C738 (length = C bytes)
$ASCII_pit_74_Literal will be placed at 8024C744 (length = C bytes)
$ASCII_pit_60_Literal will be placed at 8024C750 (length = C bytes)
$ASCII_pit_59_Literal will be placed at 8024C75C (length = C bytes)
$ASCII_pit_93_Literal will be placed at 8024C768 (length = C bytes)
$ASCII_pit_65_Literal will be placed at 8024C774 (length = C bytes)
$ASCII_pit_07_Literal will be placed at 8024C780 (length = C bytes)
$ASCII_pit_20_Literal will be placed at 8024C78C (length = C bytes)
$ASCII_pit_35_Literal will be placed at 8024C798 (length = C bytes)
$ASCII_pit_23_Literal will be placed at 8024C7A4 (length = C bytes)
$ASCII_pit_11_Literal will be placed at 8024C7B0 (length = C bytes)
$ASCII_pit_56_Literal will be placed at 8024C7BC (length = C bytes)
$ASCII_pit_44_Literal will be placed at 8024C7C8 (length = C bytes)
$ASCII_pit_89_Literal will be placed at 8024C7D4 (length = C bytes)
$ASCII_pit_79_Literal will be placed at 8024C7E0 (length = C bytes)
$ASCII_pit_62_Literal will be placed at 8024C7EC (length = C bytes)
$ASCII_pit_94_Literal will be placed at 8024C7F8 (length = C bytes)
$ASCII_pit_47_Literal will be placed at 8024C804 (length = C bytes)
$ASCII_pit_21_Literal will be placed at 8024C810 (length = C bytes)
$ASCII_pit_06_Literal will be placed at 8024C81C (length = C bytes)
$ASCII_pit_53_Literal will be placed at 8024C828 (length = C bytes)
$ASCII_pit_09_Literal will be placed at 8024C834 (length = C bytes)
$ASCII_pit_88_Literal will be placed at 8024C840 (length = C bytes)
$ASCII_pit_38_Literal will be placed at 8024C84C (length = C bytes)
$ASCII_pit_24_Literal will be placed at 8024C858 (length = C bytes)
$ASCII_pit_12_Literal will be placed at 8024C864 (length = C bytes)
$ASCII_pit_76_Literal will be placed at 8024C870 (length = C bytes)
$ASCII_pit_01_Literal will be placed at 8024C87C (length = C bytes)
$ASCII_pit_50_Literal will be placed at 8024C888 (length = C bytes)
$ASCII_pit_33_Literal will be placed at 8024C894 (length = C bytes)
$ASCII_pit_99_Literal will be placed at 8024C8A0 (length = C bytes)
$ASCII_pit_67_Literal will be placed at 8024C8AC (length = C bytes)
$ASCII_pit_71_Literal will be placed at 8024C8B8 (length = C bytes)
$ASCII_pit_42_Literal will be placed at 8024C8C4 (length = C bytes)
$ASCII_pit_80_Literal will be placed at 8024C8D0 (length = C bytes)
$ASCII_pit_29_Literal will be placed at 8024C8DC (length = C bytes)
$ASCII_pit_58_Literal will be placed at 8024C8E8 (length = C bytes)
$ASCII_pit_30_Literal will be placed at 8024C8F4 (length = C bytes)
$ASCII_pit_00_Literal will be placed at 8024C900 (length = C bytes)
$ASCII_pit_64_Literal will be placed at 8024C90C (length = C bytes)
$ASCII_pit_36_Literal will be placed at 8024C918 (length = C bytes)
$ASCII_pit_55_Literal will be placed at 8024C924 (length = C bytes)
$ASCII_pit_10_Literal will be placed at 8024C930 (length = C bytes)
$ASCII_pit_45_Literal will be placed at 8024C93C (length = C bytes)
$ASCII_pit_18_Literal will be placed at 8024C948 (length = C bytes)
$ASCII_pit_48_Literal will be placed at 8024C954 (length = C bytes)
$ASCII_pit_03_Literal will be placed at 8024C960 (length = C bytes)
$ASCII_pit_31_Literal will be placed at 8024C96C (length = C bytes)
$ASCII_pit_91_Literal will be placed at 8024C978 (length = C bytes)
$ASCII_pit_97_Literal will be placed at 8024C984 (length = C bytes)
$ASCII_pit_82_Literal will be placed at 8024C990 (length = C bytes)
$ASCII_pit_52_Literal will be placed at 8024C99C (length = C bytes)
$ASCII_pit_70_Literal will be placed at 8024C9A8 (length = C bytes)
$ASCII_pit_85_Literal will be placed at 8024C9B4 (length = C bytes)
$ASCII_pit_40_Literal will be placed at 8024C9C0 (length = C bytes)
$ASCII_pit_39_Literal will be placed at 8024C9CC (length = C bytes)
$ASCII_pit_73_Literal will be placed at 8024C9D8 (length = C bytes)
$ASCII_pit_15_Literal will be placed at 8024C9E4 (length = C bytes)
$ASCII_pit_27_Literal will be placed at 8024C9F0 (length = C bytes)
$ASCII_pit_61_Literal will be placed at 8024C9FC (length = C bytes)
$ASCII_pit_842_Literal will be placed at 8024CA08 (length = 8 bytes)
$ASCII_pit_100_Literal will be placed at 8024CA10 (length = 8 bytes)
$ASCII_tik_tex_Literal will be placed at 8024CA18 (length = 8 bytes)
$MoverCancel will be placed at 8024CA20 (length = 4 bytes)
$BanditMoverCancel will be placed at 8024CA24 (length = 4 bytes)
Executing patch: pit_99.mpat
Loaded map pit_81
Creating struct: $EntryList
Creating struct: $DeepestLevel
Creating struct: $TotalLevels
Creating struct: $LoadHighscores
Creating struct: $FallingDownPipe
Creating struct: $Function_GetPos
Creating struct: $Function2
Creating struct: $SetSpawns
Creating struct: $Script_SetNPCPos
Creating struct: $SwitchPath
Creating struct: $VectorList_80244998
Creating struct: $GetPos
Creating struct: $Function_GetDamageTaken
Creating struct: $Function_ResetDamage
Creating struct: $DispawnParthner
Creating struct: $RespawnParthner
Creating struct: $LoadMap
Creating struct: $Script_LoadMapMover_Roguelike
Creating struct: $GetFloor
Creating struct: $LoadCoinsMover
Creating struct: $LoadMapBandit
Creating struct: $GetFloorBandit
Creating struct: $Script_Init_80243B20
Creating struct: $Script_80243A6C
Creating struct: $Script_AddCoins
Creating struct: $Script_SubstractCoins
Creating struct: $NPC_Settings_Sack
Creating struct: $Script_Init_Bag
Creating struct: $Script_Init_Bag_HitBox
Creating struct: $Script_NPC_SackHit_Init
Creating struct: $Script_NPC_Sack_FX
Creating struct: $NPC_Sack_AnimationStart
Creating struct: $NPC_Sack_AnimationEnd
Creating struct: $Script_SackAnimation_Start_GoToTheRight
Creating struct: $Script_SackAnimation_Start_GoToTheLeft
Creating struct: $Script_SackAnimation_End_Right
Creating struct: $Script_SackAnimation_End_Left
Creating struct: $Function_LoadGainedCoins
Creating struct: $Function_RevivePlayer
Creating struct: $AISettings_MoneySack
Creating struct: $Script_NpcAI_MoneySack
Creating struct: $JumpTable_80242448
Creating struct: $Function_NpcAI_MoneySack
Creating struct: $Function_80240260
Creating struct: $Function_80240844
Creating struct: $Function_802409A8
Creating struct: $Script_TrackPlayer
Creating struct: $Script_PipeAnimation
Creating struct: $Function_SetAnimation
Creating struct: $Function_GetColliderPos
Creating struct: $Function_TrackInput
Creating struct: $GoToNextLevel
Creating struct: $GoToNextLevel_Roguelike
Creating struct: $Script_SetSetsOfLevels
Creating struct: $Script_LoadMap_Roguelike
Creating struct: $Script_LoadChestMap_Roguelike
Creating struct: $Script_LoadMap_Mover_Roguelike
Creating struct: $Script_LoadChestMap_Mover_Roguelike
Creating struct: $GetFloorPit
Creating struct: $GetFloorSign
Creating struct: $Function_GetTattle1
Creating struct: $Function_GetTattle2
Creating struct: $Script_ReadSign
Creating struct: $Header
Creating struct: $Function_Init
Creating struct: $Script_Main
Creating struct: $NpcGroups
Creating struct: $NpcGroup_Mover
Creating struct: $BlankSettings
Creating struct: $Script_Init_Mover
Creating struct: $Interact_Mover
Creating struct: $Script_MoverWarpAnimation
Creating struct: $NpcGroup_BanditMover
Creating struct: $Script_Init_BanditMover
Creating struct: $Interact_BanditMover
Creating struct: $NpcGroup_Enemy1
Creating struct: $NpcGroup_Enemy2
Creating struct: $NpcGroup_Enemy3
Creating struct: $NpcGroup_Enemy4
Creating struct: $NpcGroup_Enemy5
Creating struct: $NpcGroup_Enemy6
Creating struct: $NpcSettings_Enemy1
Creating struct: $Script_EnemyAI
Creating struct: $AISettings_Enemy
Creating struct: $Script_DisableEnemyAI
Creating struct: $AISettings_DisableEnemy
Creating struct: $PipeSpawning
Creating struct: $Script_MakeEntities
Creating struct: $CommingDownPipe
Creating struct: $Script_MakeExits
Creating struct: $Script_Exit0
Merged 1 regions to 1
$Script_LoadMap_Mover_Roguelike will be placed at 80240000 (length = F14 bytes)
$LoadMap will be placed at 80240F14 (length = EF4 bytes)
$Script_ReadSign will be placed at 80241E08 (length = EEC bytes)
$LoadMapBandit will be placed at 80242CF4 (length = EA4 bytes)
$Script_LoadMap_Roguelike will be placed at 80243B98 (length = D9C bytes)
$GoToNextLevel will be placed at 80244934 (length = D10 bytes)
$GoToNextLevel_Roguelike will be placed at 80245644 (length = 868 bytes)
$Function_80240260 will be placed at 80245EAC (length = 5E4 bytes)
$SetSpawns will be placed at 80246490 (length = 384 bytes)
$FallingDownPipe will be placed at 80246814 (length = 37C bytes)
$Script_SetSetsOfLevels will be placed at 80246B90 (length = 358 bytes)
$Script_SetNPCPos will be placed at 80246EE8 (length = 2F4 bytes)
$Function_NpcAI_MoneySack will be placed at 802471DC (length = 238 bytes)
$Script_SackAnimation_Start_GoToTheRight will be placed at 80247414 (length = 230 bytes)
$Script_SackAnimation_Start_GoToTheLeft will be placed at 80247644 (length = 1F8 bytes)
$Interact_Mover will be placed at 8024783C (length = 1F8 bytes)
$NpcGroup_Enemy3 will be placed at 80247A34 (length = 1F0 bytes)
$NpcGroup_Enemy4 will be placed at 80247C24 (length = 1F0 bytes)
$NpcGroup_Enemy5 will be placed at 80247E14 (length = 1F0 bytes)
$NpcGroup_Enemy6 will be placed at 80248004 (length = 1F0 bytes)
$NpcGroup_Enemy1 will be placed at 802481F4 (length = 1F0 bytes)
$NpcGroup_Enemy2 will be placed at 802483E4 (length = 1F0 bytes)
$NpcGroup_Mover will be placed at 802485D4 (length = 1F0 bytes)
$NpcGroup_BanditMover will be placed at 802487C4 (length = 1F0 bytes)
$Interact_BanditMover will be placed at 802489B4 (length = 1EC bytes)
$Script_PipeAnimation will be placed at 80248BA0 (length = 1D0 bytes)
$JumpTable_80242448 will be placed at 80248D70 (length = 190 bytes)
$Script_LoadChestMap_Mover_Roguelike will be placed at 80248F00 (length = 18C bytes)
$PipeSpawning will be placed at 8024908C (length = 178 bytes)
$NPC_Sack_AnimationStart will be placed at 80249204 (length = 168 bytes)
$Function_80240844 will be placed at 8024936C (length = 164 bytes)
$Script_LoadChestMap_Roguelike will be placed at 802494D0 (length = 164 bytes)
$Script_NPC_SackHit_Init will be placed at 80249634 (length = 160 bytes)
$Script_SackAnimation_End_Right will be placed at 80249794 (length = 158 bytes)
$Script_SackAnimation_End_Left will be placed at 802498EC (length = 150 bytes)
$MapTattle5 will be placed at 80249A3C (length = 13C bytes)
$MapTattle4 will be placed at 80249B78 (length = 130 bytes)
$GetFloor will be placed at 80249CA8 (length = 12C bytes)
$BanditMover_Tattle will be placed at 80249DD4 (length = 124 bytes)
$Script_Main will be placed at 80249EF8 (length = 120 bytes)
$Script_80243A6C will be placed at 8024A018 (length = 114 bytes)
$Script_SubstractCoins will be placed at 8024A12C (length = 10C bytes)
$Script_LoadMapMover_Roguelike will be placed at 8024A238 (length = 104 bytes)
$GetFloorBandit will be placed at 8024A33C (length = F4 bytes)
$Script_MoverWarpAnimation will be placed at 8024A430 (length = F0 bytes)
$Function_GetColliderPos will be placed at 8024A520 (length = E0 bytes)
$Function_GetPos will be placed at 8024A600 (length = E0 bytes)
$Script_TrackPlayer will be placed at 8024A6E0 (length = DC bytes)
$MapTattle2 will be placed at 8024A7BC (length = D4 bytes)
$Function_TrackInput will be placed at 8024A890 (length = BC bytes)
$MapTattle3 will be placed at 8024A94C (length = B0 bytes)
$Script_MakeEntities will be placed at 8024A9FC (length = A8 bytes)
$MapTattle1 will be placed at 8024AAA4 (length = A8 bytes)
$Script_NpcAI_MoneySack will be placed at 8024AB4C (length = A8 bytes)
$MoverStart will be placed at 8024ABF4 (length = A4 bytes)
$SwitchPath will be placed at 8024AC98 (length = A4 bytes)
$Script_NPC_Sack_FX will be placed at 8024AD3C (length = A4 bytes)
$GetPos will be placed at 8024ADE0 (length = 9C bytes)
$Script_AddCoins will be placed at 8024AE7C (length = 98 bytes)
$BanditMoverStart will be placed at 8024AF14 (length = 98 bytes)
$Mover_Tattle will be placed at 8024AFAC (length = 94 bytes)
$Function_GetTattle1 will be placed at 8024B040 (length = 8C bytes)
$NPC_Sack_AnimationEnd will be placed at 8024B0CC (length = 84 bytes)
$BanditMover_Options will be placed at 8024B150 (length = 80 bytes)
$SignStringBug will be placed at 8024B1D0 (length = 7C bytes)
$LoadHighscores will be placed at 8024B24C (length = 7C bytes)
$Mover_Options will be placed at 8024B2C8 (length = 78 bytes)
$NpcGroups will be placed at 8024B340 (length = 6C bytes)
$DeepestLevel will be placed at 8024B3AC (length = 6C bytes)
$Function2 will be placed at 8024B418 (length = 6C bytes)
$LoadCoinsMover will be placed at 8024B484 (length = 6C bytes)
$Function_SetAnimation will be placed at 8024B4F0 (length = 6C bytes)
$GetFloorPit will be placed at 8024B55C (length = 68 bytes)
$MoverEnd will be placed at 8024B5C4 (length = 68 bytes)
$BanditMoverEnd will be placed at 8024B62C (length = 68 bytes)
$GetFloorSign will be placed at 8024B694 (length = 64 bytes)
$BanditMoverNoCoins will be placed at 8024B6F8 (length = 58 bytes)
$MoverNoCoins will be placed at 8024B750 (length = 58 bytes)
$Function_GetTattle2 will be placed at 8024B7A8 (length = 48 bytes)
$CommingDownPipe will be placed at 8024B7F0 (length = 48 bytes)
$Script_Exit0 will be placed at 8024B838 (length = 48 bytes)
$Function_LoadGainedCoins will be placed at 8024B880 (length = 48 bytes)
$Function_Init will be placed at 8024B8C8 (length = 44 bytes)
$Function_802409A8 will be placed at 8024B90C (length = 44 bytes)
$Header will be placed at 8024B950 (length = 40 bytes)
$Script_Init_Bag will be placed at 8024B990 (length = 38 bytes)
$TotalLevels will be placed at 8024B9C8 (length = 38 bytes)
$Script_Init_Bag_HitBox will be placed at 8024BA00 (length = 38 bytes)
$DispawnParthner will be placed at 8024BA38 (length = 34 bytes)
$Function_ResetDamage will be placed at 8024BA6C (length = 34 bytes)
$AISettings_MoneySack will be placed at 8024BAA0 (length = 30 bytes)
$AISettings_Enemy will be placed at 8024BAD0 (length = 30 bytes)
$AISettings_DisableEnemy will be placed at 8024BB00 (length = 30 bytes)
$RespawnParthner will be placed at 8024BB30 (length = 30 bytes)
$NPC_Settings_Sack will be placed at 8024BB60 (length = 2C bytes)
$Function_GetDamageTaken will be placed at 8024BB8C (length = 2C bytes)
$Function_RevivePlayer will be placed at 8024BBB8 (length = 2C bytes)
$String_CoinsGained will be placed at 8024BBE4 (length = 2C bytes)
$BlankSettings will be placed at 8024BC10 (length = 2C bytes)
$Script_MakeExits will be placed at 8024BC3C (length = 2C bytes)
$NpcSettings_Enemy1 will be placed at 8024BC68 (length = 24 bytes)
$VectorList_80244998 will be placed at 8024BC8C (length = 24 bytes)
$Script_Init_80243B20 will be placed at 8024BCB0 (length = 24 bytes)
$Script_Init_Mover will be placed at 8024BCD4 (length = 24 bytes)
$Script_Init_BanditMover will be placed at 8024BCF8 (length = 24 bytes)
$Script_DisableEnemyAI will be placed at 8024BD1C (length = 20 bytes)
$EntryList will be placed at 8024BD3C (length = 20 bytes)
$Script_EnemyAI will be placed at 8024BD5C (length = 20 bytes)
$SignString100 will be placed at 8024BD7C (length = 18 bytes)
$SignString1 will be placed at 8024BD94 (length = 14 bytes)
$SignString99 will be placed at 8024BDA8 (length = 14 bytes)
$SignString98 will be placed at 8024BDBC (length = 14 bytes)
$SignString97 will be placed at 8024BDD0 (length = 14 bytes)
$SignString96 will be placed at 8024BDE4 (length = 14 bytes)
$SignString95 will be placed at 8024BDF8 (length = 14 bytes)
$SignString94 will be placed at 8024BE0C (length = 14 bytes)
$SignString93 will be placed at 8024BE20 (length = 14 bytes)
$SignString92 will be placed at 8024BE34 (length = 14 bytes)
$SignString91 will be placed at 8024BE48 (length = 14 bytes)
$SignString90 will be placed at 8024BE5C (length = 14 bytes)
$SignString59 will be placed at 8024BE70 (length = 14 bytes)
$SignString58 will be placed at 8024BE84 (length = 14 bytes)
$SignString57 will be placed at 8024BE98 (length = 14 bytes)
$SignString56 will be placed at 8024BEAC (length = 14 bytes)
$SignString55 will be placed at 8024BEC0 (length = 14 bytes)
$SignString54 will be placed at 8024BED4 (length = 14 bytes)
$SignString53 will be placed at 8024BEE8 (length = 14 bytes)
$SignString52 will be placed at 8024BEFC (length = 14 bytes)
$SignString51 will be placed at 8024BF10 (length = 14 bytes)
$SignString50 will be placed at 8024BF24 (length = 14 bytes)
$SignString69 will be placed at 8024BF38 (length = 14 bytes)
$SignString68 will be placed at 8024BF4C (length = 14 bytes)
$SignString67 will be placed at 8024BF60 (length = 14 bytes)
$SignString66 will be placed at 8024BF74 (length = 14 bytes)
$SignString65 will be placed at 8024BF88 (length = 14 bytes)
$SignString64 will be placed at 8024BF9C (length = 14 bytes)
$SignString63 will be placed at 8024BFB0 (length = 14 bytes)
$SignString62 will be placed at 8024BFC4 (length = 14 bytes)
$SignString61 will be placed at 8024BFD8 (length = 14 bytes)
$SignString60 will be placed at 8024BFEC (length = 14 bytes)
$SignString79 will be placed at 8024C000 (length = 14 bytes)
$SignString78 will be placed at 8024C014 (length = 14 bytes)
$SignString77 will be placed at 8024C028 (length = 14 bytes)
$SignString76 will be placed at 8024C03C (length = 14 bytes)
$SignString75 will be placed at 8024C050 (length = 14 bytes)
$SignString74 will be placed at 8024C064 (length = 14 bytes)
$SignString73 will be placed at 8024C078 (length = 14 bytes)
$SignString72 will be placed at 8024C08C (length = 14 bytes)
$SignString71 will be placed at 8024C0A0 (length = 14 bytes)
$SignString70 will be placed at 8024C0B4 (length = 14 bytes)
$SignString89 will be placed at 8024C0C8 (length = 14 bytes)
$SignString88 will be placed at 8024C0DC (length = 14 bytes)
$SignString87 will be placed at 8024C0F0 (length = 14 bytes)
$SignString86 will be placed at 8024C104 (length = 14 bytes)
$SignString85 will be placed at 8024C118 (length = 14 bytes)
$SignString84 will be placed at 8024C12C (length = 14 bytes)
$SignString83 will be placed at 8024C140 (length = 14 bytes)
$SignString82 will be placed at 8024C154 (length = 14 bytes)
$SignString81 will be placed at 8024C168 (length = 14 bytes)
$SignString80 will be placed at 8024C17C (length = 14 bytes)
$SignString19 will be placed at 8024C190 (length = 14 bytes)
$SignString18 will be placed at 8024C1A4 (length = 14 bytes)
$SignString17 will be placed at 8024C1B8 (length = 14 bytes)
$SignString16 will be placed at 8024C1CC (length = 14 bytes)
$SignString15 will be placed at 8024C1E0 (length = 14 bytes)
$SignString14 will be placed at 8024C1F4 (length = 14 bytes)
$SignString13 will be placed at 8024C208 (length = 14 bytes)
$SignString12 will be placed at 8024C21C (length = 14 bytes)
$SignString11 will be placed at 8024C230 (length = 14 bytes)
$SignString10 will be placed at 8024C244 (length = 14 bytes)
$SignString3 will be placed at 8024C258 (length = 14 bytes)
$SignString2 will be placed at 8024C26C (length = 14 bytes)
$SignString5 will be placed at 8024C280 (length = 14 bytes)
$SignString4 will be placed at 8024C294 (length = 14 bytes)
$SignString7 will be placed at 8024C2A8 (length = 14 bytes)
$SignString6 will be placed at 8024C2BC (length = 14 bytes)
$SignString9 will be placed at 8024C2D0 (length = 14 bytes)
$SignString8 will be placed at 8024C2E4 (length = 14 bytes)
$SignString29 will be placed at 8024C2F8 (length = 14 bytes)
$SignString28 will be placed at 8024C30C (length = 14 bytes)
$SignString27 will be placed at 8024C320 (length = 14 bytes)
$SignString26 will be placed at 8024C334 (length = 14 bytes)
$SignString25 will be placed at 8024C348 (length = 14 bytes)
$SignString24 will be placed at 8024C35C (length = 14 bytes)
$SignString23 will be placed at 8024C370 (length = 14 bytes)
$SignString22 will be placed at 8024C384 (length = 14 bytes)
$SignString21 will be placed at 8024C398 (length = 14 bytes)
$SignString20 will be placed at 8024C3AC (length = 14 bytes)
$SignString will be placed at 8024C3C0 (length = 14 bytes)
$SignString39 will be placed at 8024C3D4 (length = 14 bytes)
$SignString38 will be placed at 8024C3E8 (length = 14 bytes)
$SignString37 will be placed at 8024C3FC (length = 14 bytes)
$SignString36 will be placed at 8024C410 (length = 14 bytes)
$SignString35 will be placed at 8024C424 (length = 14 bytes)
$SignString34 will be placed at 8024C438 (length = 14 bytes)
$SignString33 will be placed at 8024C44C (length = 14 bytes)
$SignString32 will be placed at 8024C460 (length = 14 bytes)
$SignString31 will be placed at 8024C474 (length = 14 bytes)
$SignString30 will be placed at 8024C488 (length = 14 bytes)
$SignString49 will be placed at 8024C49C (length = 14 bytes)
$SignString48 will be placed at 8024C4B0 (length = 14 bytes)
$SignString47 will be placed at 8024C4C4 (length = 14 bytes)
$SignString46 will be placed at 8024C4D8 (length = 14 bytes)
$SignString45 will be placed at 8024C4EC (length = 14 bytes)
$SignString44 will be placed at 8024C500 (length = 14 bytes)
$SignString43 will be placed at 8024C514 (length = 14 bytes)
$SignString42 will be placed at 8024C528 (length = 14 bytes)
$SignString41 will be placed at 8024C53C (length = 14 bytes)
$SignString40 will be placed at 8024C550 (length = 14 bytes)
$ASCII_pit_02_Literal will be placed at 8024C564 (length = C bytes)
$ASCII_pit_90_Literal will be placed at 8024C570 (length = C bytes)
$ASCII_pit_34_Literal will be placed at 8024C57C (length = C bytes)
$ASCII_pit_66_Literal will be placed at 8024C588 (length = C bytes)
$ASCII_pit_98_Literal will be placed at 8024C594 (length = C bytes)
$ASCII_pit_19_Literal will be placed at 8024C5A0 (length = C bytes)
$ASCII_pit_57_Literal will be placed at 8024C5AC (length = C bytes)
$ASCII_pit_69_Literal will be placed at 8024C5B8 (length = C bytes)
$ASCII_pit_72_Literal will be placed at 8024C5C4 (length = C bytes)
$ASCII_pit_81_Literal will be placed at 8024C5D0 (length = C bytes)
$ASCII_pit_43_Literal will be placed at 8024C5DC (length = C bytes)
$ASCII_pit_28_Literal will be placed at 8024C5E8 (length = C bytes)
$ASCII_pit_78_Literal will be placed at 8024C5F4 (length = C bytes)
$ASCII_pit_63_Literal will be placed at 8024C600 (length = C bytes)
$ASCII_pit_46_Literal will be placed at 8024C60C (length = C bytes)
$ASCII_pit_95_Literal will be placed at 8024C618 (length = C bytes)
$ASCII_pit_16_Literal will be placed at 8024C624 (length = C bytes)
$ASCII_pit_37_Literal will be placed at 8024C630 (length = C bytes)
$ASCII_pit_22_Literal will be placed at 8024C63C (length = C bytes)
$ASCII_pit_05_Literal will be placed at 8024C648 (length = C bytes)
$ASCII_pit_25_Literal will be placed at 8024C654 (length = C bytes)
$ASCII_pit_54_Literal will be placed at 8024C660 (length = C bytes)
$ASCII_pit_08_Literal will be placed at 8024C66C (length = C bytes)
$ASCII_pit_87_Literal will be placed at 8024C678 (length = C bytes)
$ASCII_pit_75_Literal will be placed at 8024C684 (length = C bytes)
$ASCII_pit_13_Literal will be placed at 8024C690 (length = C bytes)
$ASCII_pit_32_Literal will be placed at 8024C69C (length = C bytes)
$ASCII_pit_92_Literal will be placed at 8024C6A8 (length = C bytes)
$ASCII_pit_17_Literal will be placed at 8024C6B4 (length = C bytes)
$ASCII_pit_49_Literal will be placed at 8024C6C0 (length = C bytes)
$ASCII_pit_77_Literal will be placed at 8024C6CC (length = C bytes)
$ASCII_pit_96_Literal will be placed at 8024C6D8 (length = C bytes)
$ASCII_pit_68_Literal will be placed at 8024C6E4 (length = C bytes)
$ASCII_pit_51_Literal will be placed at 8024C6F0 (length = C bytes)
$ASCII_pit_04_Literal will be placed at 8024C6FC (length = C bytes)
$ASCII_pit_83_Literal will be placed at 8024C708 (length = C bytes)
$ASCII_pit_86_Literal will be placed at 8024C714 (length = C bytes)
$ASCII_pit_26_Literal will be placed at 8024C720 (length = C bytes)
$ASCII_pit_41_Literal will be placed at 8024C72C (length = C bytes)
$ASCII_pit_14_Literal will be placed at 8024C738 (length = C bytes)
$ASCII_pit_74_Literal will be placed at 8024C744 (length = C bytes)
$ASCII_pit_60_Literal will be placed at 8024C750 (length = C bytes)
$ASCII_pit_59_Literal will be placed at 8024C75C (length = C bytes)
$ASCII_pit_93_Literal will be placed at 8024C768 (length = C bytes)
$ASCII_pit_65_Literal will be placed at 8024C774 (length = C bytes)
$ASCII_pit_07_Literal will be placed at 8024C780 (length = C bytes)
$ASCII_pit_20_Literal will be placed at 8024C78C (length = C bytes)
$ASCII_pit_35_Literal will be placed at 8024C798 (length = C bytes)
$ASCII_pit_23_Literal will be placed at 8024C7A4 (length = C bytes)
$ASCII_pit_11_Literal will be placed at 8024C7B0 (length = C bytes)
$ASCII_pit_56_Literal will be placed at 8024C7BC (length = C bytes)
$ASCII_pit_44_Literal will be placed at 8024C7C8 (length = C bytes)
$ASCII_pit_89_Literal will be placed at 8024C7D4 (length = C bytes)
$ASCII_pit_79_Literal will be placed at 8024C7E0 (length = C bytes)
$ASCII_pit_62_Literal will be placed at 8024C7EC (length = C bytes)
$ASCII_pit_94_Literal will be placed at 8024C7F8 (length = C bytes)
$ASCII_pit_47_Literal will be placed at 8024C804 (length = C bytes)
$ASCII_pit_21_Literal will be placed at 8024C810 (length = C bytes)
$ASCII_pit_06_Literal will be placed at 8024C81C (length = C bytes)
$ASCII_pit_53_Literal will be placed at 8024C828 (length = C bytes)
$ASCII_pit_09_Literal will be placed at 8024C834 (length = C bytes)
$ASCII_pit_88_Literal will be placed at 8024C840 (length = C bytes)
$ASCII_pit_38_Literal will be placed at 8024C84C (length = C bytes)
$ASCII_pit_24_Literal will be placed at 8024C858 (length = C bytes)
$ASCII_pit_12_Literal will be placed at 8024C864 (length = C bytes)
$ASCII_pit_76_Literal will be placed at 8024C870 (length = C bytes)
$ASCII_pit_01_Literal will be placed at 8024C87C (length = C bytes)
$ASCII_pit_50_Literal will be placed at 8024C888 (length = C bytes)
$ASCII_pit_33_Literal will be placed at 8024C894 (length = C bytes)
$ASCII_pit_99_Literal will be placed at 8024C8A0 (length = C bytes)
$ASCII_pit_67_Literal will be placed at 8024C8AC (length = C bytes)
$ASCII_pit_71_Literal will be placed at 8024C8B8 (length = C bytes)
$ASCII_pit_42_Literal will be placed at 8024C8C4 (length = C bytes)
$ASCII_pit_80_Literal will be placed at 8024C8D0 (length = C bytes)
$ASCII_pit_29_Literal will be placed at 8024C8DC (length = C bytes)
$ASCII_pit_58_Literal will be placed at 8024C8E8 (length = C bytes)
$ASCII_pit_30_Literal will be placed at 8024C8F4 (length = C bytes)
$ASCII_pit_00_Literal will be placed at 8024C900 (length = C bytes)
$ASCII_pit_64_Literal will be placed at 8024C90C (length = C bytes)
$ASCII_pit_36_Literal will be placed at 8024C918 (length = C bytes)
$ASCII_pit_55_Literal will be placed at 8024C924 (length = C bytes)
$ASCII_pit_10_Literal will be placed at 8024C930 (length = C bytes)
$ASCII_pit_45_Literal will be placed at 8024C93C (length = C bytes)
$ASCII_pit_18_Literal will be placed at 8024C948 (length = C bytes)
$ASCII_pit_48_Literal will be placed at 8024C954 (length = C bytes)
$ASCII_pit_03_Literal will be placed at 8024C960 (length = C bytes)
$ASCII_pit_31_Literal will be placed at 8024C96C (length = C bytes)
$ASCII_pit_91_Literal will be placed at 8024C978 (length = C bytes)
$ASCII_pit_97_Literal will be placed at 8024C984 (length = C bytes)
$ASCII_pit_82_Literal will be placed at 8024C990 (length = C bytes)
$ASCII_pit_52_Literal will be placed at 8024C99C (length = C bytes)
$ASCII_pit_70_Literal will be placed at 8024C9A8 (length = C bytes)
$ASCII_pit_85_Literal will be placed at 8024C9B4 (length = C bytes)
$ASCII_pit_40_Literal will be placed at 8024C9C0 (length = C bytes)
$ASCII_pit_39_Literal will be placed at 8024C9CC (length = C bytes)
$ASCII_pit_73_Literal will be placed at 8024C9D8 (length = C bytes)
$ASCII_pit_15_Literal will be placed at 8024C9E4 (length = C bytes)
$ASCII_pit_27_Literal will be placed at 8024C9F0 (length = C bytes)
$ASCII_pit_61_Literal will be placed at 8024C9FC (length = C bytes)
$ASCII_pit_842_Literal will be placed at 8024CA08 (length = 8 bytes)
$ASCII_pit_100_Literal will be placed at 8024CA10 (length = 8 bytes)
$ASCII_tik_tex_Literal will be placed at 8024CA18 (length = 8 bytes)
$MoverCancel will be placed at 8024CA20 (length = 4 bytes)
$BanditMoverCancel will be placed at 8024CA24 (length = 4 bytes)
Executing patch: pit_bt01.mpat
Loaded map pit_bt01
Creating struct: $Script_Main
Creating struct: $Script_80241740
Creating struct: $Function_802402E0
Creating struct: $Function_80240404
Merged 1 regions to 1
$Function_80240404 will be placed at 80240000 (length = 1E8 bytes)
$Function_802402E0 will be placed at 802401E8 (length = 124 bytes)
$Script_80241740 will be placed at 8024030C (length = 9C bytes)
$Script_Main will be placed at 802403A8 (length = 1C bytes)
Executing patch: pit_bt02.mpat
Loaded map pit_bt02
Creating struct: $Script_Main
Creating struct: $Script_80241740
Creating struct: $Function_802402E0
Creating struct: $Function_80240404
Merged 1 regions to 1
$Function_80240404 will be placed at 80240000 (length = 1E8 bytes)
$Function_802402E0 will be placed at 802401E8 (length = 124 bytes)
$Script_80241740 will be placed at 8024030C (length = 9C bytes)
$Script_Main will be placed at 802403A8 (length = 1C bytes)
Executing patch: pit_bt03.mpat
Loaded map pit_bt03
Creating struct: $Script_Main
Creating struct: $Script_80241740
Creating struct: $Function_802402E0
Creating struct: $Function_80240404
Merged 1 regions to 1
$Function_80240404 will be placed at 80240000 (length = 1E8 bytes)
$Function_802402E0 will be placed at 802401E8 (length = 124 bytes)
$Script_80241740 will be placed at 8024030C (length = 9C bytes)
$Script_Main will be placed at 802403A8 (length = 1C bytes)
Patching tables...
Patching world map...
Patching icons...
Writing menu icon 045_disabled.png palette to 1D5FD0
Writing menu icon 048_disabled.png palette to 1D6630
Writing menu icon 088.png to 1DECD0 and palette to 1DEED0
Writing menu icon 088_disabled.png palette to 1DEEF0
Writing menu icon 0F0.png to 1EE8D0 and palette to 1EEAD0
Writing menu icon 0F0_disabled.png palette to 1EEAF0
Writing menu icon 100.png to 1F0CD0 and palette to 1F0ED0
Writing menu icon 101.png to 1F0F10 and palette to 1F1110
Writing direct ROM patches...
Version information will be stored at 0x80406D70
Writing strings...
Writing string section 00 to 1B830C0 (99 strings)
Writing string section 01 to 1B83250 (111 strings)
Writing string section 02 to 1B83410 (288 strings)
Writing string section 03 to 1B83894 (234 strings)
Writing string section 04 to 1B83C40 (148 strings)
Writing string section 05 to 1B83E94 (103 strings)
Writing string section 06 to 1B84034 (212 strings)
Writing string section 07 to 1B84388 (198 strings)
Writing string section 08 to 1B846A4 (73 strings)
Writing string section 09 to 1B847CC (20 strings)
Writing string section 0A to 1B84820 (113 strings)
Writing string section 0B to 1B849E8 (265 strings)
Writing string section 0C to 1B84E10 (311 strings)
Writing string section 0D to 1B852F0 (245 strings)
Writing string section 0E to 1B856C8 (260 strings)
Writing string section 0F to 1B85ADC (118 strings)
Writing string section 10 to 1B85CB8 (280 strings)
Writing string section 11 to 1B8611C (223 strings)
Writing string section 12 to 1B8649C (368 strings)
Writing string section 13 to 1B86A60 (178 strings)
Writing string section 14 to 1B86D2C (409 strings)
Writing string section 15 to 1B87394 (61 strings)
Writing string section 16 to 1B8748C (36 strings)
Writing string section 17 to 1B87520 (26 strings)
Writing string section 18 to 1B8758C (26 strings)
Writing string section 19 to 1B875F8 (393 strings)
Writing string section 1A to 1B87C20 (290 strings)
Writing string section 1B to 1B880AC (38 strings)
Writing string section 1C to 1B88148 (150 strings)
Writing string section 1D to 1B883A4 (428 strings)
Writing string section 1E to 1B88A58 (80 strings)
Writing string section 1F to 1B88B9C (53 strings)
Writing string section 20 to 1B88C74 (93 strings)
Writing string section 21 to 1B88DEC (79 strings)
Writing string section 22 to 1B88F2C (158 strings)
Writing string section 23 to 1B891A8 (268 strings)
Writing string section 24 to 1B895DC (268 strings)
Writing string section 25 to 1B89A10 (268 strings)
Writing string section 26 to 1B89E44 (269 strings)
Writing string section 27 to 1B8A27C (211 strings)
Writing string section 28 to 1B8A5CC (104 strings)
Writing string section 29 to 1B8A770 (131 strings)
Writing string section 2A to 1B8A980 (27 strings)
Writing string section 2B to 1B8A9F0 (32 strings)
Writing string section 2C to 1B8AA74 (64 strings)
Writing string section 2D to 1B8AB78 (64 strings)
Writing string section 2E to 1B8AC7C (136 strings)
Writing string section 2F to 1B8AEA0 (3 strings)
Writing config tables...
Wrote battle section table to 0x28078B0
Wrote move script table to 0x1C2760
Wrote partner script table.
Boot process hooked.
Writing map assets...
Writing asset: hos_00_shape
Writing asset: hos_00_hit
Writing asset: mac_01_shape
Writing asset: mac_01_hit
Writing asset: pit_00_shape
Writing asset: pit_00_hit
Writing asset: mac_tex
Writing asset: tik_tex
Writing asset: kgr_tex
Writing asset: kmr_tex
Writing asset: iwa_tex
Writing asset: sbk_tex
Writing asset: dro_tex
Writing asset: isk_tex
Writing asset: trd_tex
Writing asset: nok_tex
Writing asset: hos_tex
Writing asset: kpa_tex
Writing asset: osr_tex
Writing asset: kkj_tex
Writing asset: tst_tex
Writing asset: jan_tex
Writing asset: mim_tex
Writing asset: obk_tex
Writing asset: arn_tex
Writing asset: dgb_tex
Writing asset: kzn_tex
Writing asset: flo_tex
Writing asset: sam_tex
Writing asset: pra_tex
Writing asset: omo_tex
Writing asset: end_tex
Writing asset: mgm_tex
Writing asset: gv__tex
Writing asset: title_data
Writing asset: party_kurio
Writing asset: party_kameki
Writing asset: party_pinki
Writing asset: party_pareta
Writing asset: party_resa
Writing asset: party_akari
Writing asset: party_opuku
Writing asset: party_pokopi
Writing asset: ex_00_shape
Writing asset: ex_00_hit
Writing asset: ex_01_shape
Writing asset: ex_01_hit
Writing asset: ex_02_shape
Writing asset: ex_02_hit
Writing asset: ex_03_shape
Writing asset: ex_03_hit
Writing asset: ex_04_shape
Writing asset: ex_04_hit
Writing asset: ex_bt01_shape
Writing asset: ex_bt01_hit
Writing asset: ex_bt02_shape
Writing asset: ex_bt02_hit
Writing asset: pit_00_shape
Writing asset: pit_00_hit
Writing asset: pit_01_shape
Writing asset: pit_01_hit
Writing asset: pit_02_shape
Writing asset: pit_02_hit
Writing asset: pit_03_shape
Writing asset: pit_03_hit
Writing asset: pit_04_shape
Writing asset: pit_04_hit
Writing asset: pit_05_shape
Writing asset: pit_05_hit
Writing asset: pit_06_shape
Writing asset: pit_06_hit
Writing asset: pit_07_shape
Writing asset: pit_07_hit
Writing asset: pit_08_shape
Writing asset: pit_08_hit
Writing asset: pit_09_shape
Writing asset: pit_09_hit
Writing asset: pit_10_shape
Writing asset: pit_10_hit
Writing asset: pit_11_shape
Writing asset: pit_11_hit
Writing asset: pit_12_shape
Writing asset: pit_12_hit
Writing asset: pit_13_shape
Writing asset: pit_13_hit
Writing asset: pit_14_shape
Writing asset: pit_14_hit
Writing asset: pit_15_shape
Writing asset: pit_15_hit
Writing asset: pit_16_shape
Writing asset: pit_16_hit
Writing asset: pit_17_shape
Writing asset: pit_17_hit
Writing asset: pit_18_shape
Writing asset: pit_18_hit
Writing asset: pit_19_shape
Writing asset: pit_19_hit
Writing asset: pit_20_shape
Writing asset: pit_20_hit
Writing asset: pit_21_shape
Writing asset: pit_21_hit
Writing asset: pit_22_shape
Writing asset: pit_22_hit
Writing asset: pit_23_shape
Writing asset: pit_23_hit
Writing asset: pit_24_shape
Writing asset: pit_24_hit
Writing asset: pit_25_shape
Writing asset: pit_25_hit
Writing asset: pit_26_shape
Writing asset: pit_26_hit
Writing asset: pit_27_shape
Writing asset: pit_27_hit
Writing asset: pit_28_shape
Writing asset: pit_28_hit
Writing asset: pit_29_shape
Writing asset: pit_29_hit
Writing asset: pit_30_shape
Writing asset: pit_30_hit
Writing asset: pit_31_shape
Writing asset: pit_31_hit
Writing asset: pit_32_shape
Writing asset: pit_32_hit
Writing asset: pit_33_shape
Writing asset: pit_33_hit
Writing asset: pit_34_shape
Writing asset: pit_34_hit
Writing asset: pit_35_shape
Writing asset: pit_35_hit
Writing asset: pit_36_shape
Writing asset: pit_36_hit
Writing asset: pit_37_shape
Writing asset: pit_37_hit
Writing asset: pit_38_shape
Writing asset: pit_38_hit
Writing asset: pit_39_shape
Writing asset: pit_39_hit
Writing asset: pit_40_shape
Writing asset: pit_40_hit
Writing asset: pit_41_shape
Writing asset: pit_41_hit
Writing asset: pit_42_shape
Writing asset: pit_42_hit
Writing asset: pit_43_shape
Writing asset: pit_43_hit
Writing asset: pit_44_shape
Writing asset: pit_44_hit
Writing asset: pit_45_shape
Writing asset: pit_45_hit
Writing asset: pit_46_shape
Writing asset: pit_46_hit
Writing asset: pit_47_shape
Writing asset: pit_47_hit
Writing asset: pit_48_shape
Writing asset: pit_48_hit
Writing asset: pit_49_shape
Writing asset: pit_49_hit
Writing asset: pit_50_shape
Writing asset: pit_50_hit
Writing asset: pit_51_shape
Writing asset: pit_51_hit
Writing asset: pit_52_shape
Writing asset: pit_52_hit
Writing asset: pit_53_shape
Writing asset: pit_53_hit
Writing asset: pit_54_shape
Writing asset: pit_54_hit
Writing asset: pit_55_shape
Writing asset: pit_55_hit
Writing asset: pit_56_shape
Writing asset: pit_56_hit
Writing asset: pit_57_shape
Writing asset: pit_57_hit
Writing asset: pit_58_shape
Writing asset: pit_58_hit
Writing asset: pit_59_shape
Writing asset: pit_59_hit
Writing asset: pit_60_shape
Writing asset: pit_60_hit
Writing asset: pit_61_shape
Writing asset: pit_61_hit
Writing asset: pit_62_shape
Writing asset: pit_62_hit
Writing asset: pit_63_shape
Writing asset: pit_63_hit
Writing asset: pit_64_shape
Writing asset: pit_64_hit
Writing asset: pit_65_shape
Writing asset: pit_65_hit
Writing asset: pit_66_shape
Writing asset: pit_66_hit
Writing asset: pit_67_shape
Writing asset: pit_67_hit
Writing asset: pit_68_shape
Writing asset: pit_68_hit
Writing asset: pit_69_shape
Writing asset: pit_69_hit
Writing asset: pit_70_shape
Writing asset: pit_70_hit
Writing asset: pit_71_shape
Writing asset: pit_71_hit
Writing asset: pit_72_shape
Writing asset: pit_72_hit
Writing asset: pit_73_shape
Writing asset: pit_73_hit
Writing asset: pit_74_shape
Writing asset: pit_74_hit
Writing asset: pit_75_shape
Writing asset: pit_75_hit
Writing asset: pit_76_shape
Writing asset: pit_76_hit
Writing asset: pit_77_shape
Writing asset: pit_77_hit
Writing asset: pit_78_shape
Writing asset: pit_78_hit
Writing asset: pit_79_shape
Writing asset: pit_79_hit
Writing asset: pit_80_shape
Writing asset: pit_80_hit
Writing asset: pit_81_shape
Writing asset: pit_81_hit
Writing asset: pit_82_shape
Writing asset: pit_82_hit
Writing asset: pit_83_shape
Writing asset: pit_83_hit
Writing asset: pit_841_shape
Writing asset: pit_841_hit
Writing asset: pit_842_shape
Writing asset: pit_842_hit
Writing asset: pit_85_shape
Writing asset: pit_85_hit
Writing asset: pit_86_shape
Writing asset: pit_86_hit
Writing asset: pit_87_shape
Writing asset: pit_87_hit
Writing asset: pit_88_shape
Writing asset: pit_88_hit
Writing asset: pit_89_shape
Writing asset: pit_89_hit
Writing asset: pit_90_shape
Writing asset: pit_90_hit
Writing asset: pit_91_shape
Writing asset: pit_91_hit
Writing asset: pit_92_shape
Writing asset: pit_92_hit
Writing asset: pit_93_shape
Writing asset: pit_93_hit
Writing asset: pit_94_shape
Writing asset: pit_94_hit
Writing asset: pit_95_shape
Writing asset: pit_95_hit
Writing asset: pit_96_shape
Writing asset: pit_96_hit
Writing asset: pit_97_shape
Writing asset: pit_97_hit
Writing asset: pit_98_shape
Writing asset: pit_98_hit
Writing asset: pit_99_shape
Writing asset: pit_99_hit
Writing asset: pit_100_shape
Writing asset: pit_100_hit
Writing asset: pit_255_shape
Writing asset: pit_255_hit
Writing asset: pit_bt01_hit
Writing asset: pit_bt01_shape
Writing asset: pit_bt02_hit
Writing asset: pit_bt02_shape
Writing asset: pit_bt03_hit
Writing asset: pit_bt03_shape
Wrote kmr_20.bin to 8EBE20
Wrote mac_01.bin to 800880
Wrote ex_00.bin to 28BD310
Wrote ex_01.bin to 28BDE90
Wrote ex_02.bin to 28BF7B0
Wrote ex_03.bin to 28C0960
Wrote ex_04.bin to 28C1630
Wrote pit_00.bin to 28C2810
Wrote pit_01.bin to 28CD060
Wrote pit_02.bin to 28DA0A0
Wrote pit_03.bin to 28E6EC0
Wrote pit_04.bin to 28F4EB0
Wrote pit_05.bin to 2902170
Wrote pit_06.bin to 29109E0
Wrote pit_07.bin to 291D410
Wrote pit_08.bin to 2929E40
Wrote pit_09.bin to 2937E30
Wrote pit_10.bin to 29450F0
Wrote pit_11.bin to 295B440
Wrote pit_12.bin to 2968700
Wrote pit_13.bin to 2975130
Wrote pit_14.bin to 2981B80
Wrote pit_15.bin to 298F7F0
Wrote pit_16.bin to 299D0B0
Wrote pit_17.bin to 29AA370
Wrote pit_18.bin to 29B6DA0
Wrote pit_19.bin to 29C37F0
Wrote pit_20.bin to 29D1460
Wrote pit_21.bin to 29E77B0
Wrote pit_22.bin to 29F6C60
Wrote pit_23.bin to 2A03690
Wrote pit_24.bin to 2A11670
Wrote pit_25.bin to 2A1F190
Wrote pit_26.bin to 2A2E650
Wrote pit_27.bin to 2A3DB00
Wrote pit_28.bin to 2A4A530
Wrote pit_29.bin to 2A58510
Wrote pit_30.bin to 2A66030
Wrote pit_31.bin to 2A7C380
Wrote pit_32.bin to 2A88DB0
Wrote pit_33.bin to 2A96DA0
Wrote pit_34.bin to 2AA4D90
Wrote pit_35.bin to 2AB17C0
Wrote pit_36.bin to 2AC1B10
Wrote pit_37.bin to 2ACE540
Wrote pit_38.bin to 2ADC530
Wrote pit_39.bin to 2AEA520
Wrote pit_40.bin to 2AF6F50
Wrote pit_41.bin to 2B0D2A0
Wrote pit_42.bin to 2B1A780
Wrote pit_43.bin to 2B29B80
Wrote pit_44.bin to 2B365B0
Wrote pit_45.bin to 2B43870
Wrote pit_46.bin to 2B51130
Wrote pit_47.bin to 2B5E610
Wrote pit_48.bin to 2B6DA10
Wrote pit_49.bin to 2B7A440
Wrote pit_50.bin to 2B87700
Wrote pit_51.bin to 2B9DA90
Wrote pit_52.bin to 2BAB970
Wrote pit_53.bin to 2BBAE10
Wrote pit_54.bin to 2BC9800
Wrote pit_55.bin to 2BD6230
Wrote pit_56.bin to 2BE2C60
Wrote pit_57.bin to 2BF0B40
Wrote pit_58.bin to 2BFFFA0
Wrote pit_59.bin to 2C0E990
Wrote pit_60.bin to 2C1B3C0
Wrote pit_61.bin to 2C31710
Wrote pit_62.bin to 2C41790
Wrote pit_63.bin to 2C4EA50
Wrote pit_64.bin to 2C5C940
Wrote pit_65.bin to 2C6BDE0
Wrote pit_66.bin to 2C78810
Wrote pit_67.bin to 2C88890
Wrote pit_68.bin to 2C95B50
Wrote pit_69.bin to 2CA3A40
Wrote pit_70.bin to 2CB2EE0
Wrote pit_71.bin to 2CC9230
Wrote pit_72.bin to 2CD7E20
Wrote pit_73.bin to 2CE4850
Wrote pit_74.bin to 2CF24D0
Wrote pit_75.bin to 2D010C0
Wrote pit_76.bin to 2D0EFA0
Wrote pit_77.bin to 2D1DB90
Wrote pit_78.bin to 2D2A5C0
Wrote pit_79.bin to 2D38240
Wrote pit_80.bin to 2D46110
Wrote pit_81.bin to 2D5CB30
Wrote pit_82.bin to 2D69DF0
Wrote pit_83.bin to 2D7CFA0
Wrote pit_841.bin to 2D8A260
Wrote pit_842.bin to 2D96C90
Wrote pit_85.bin to 2DA7B70
Wrote pit_86.bin to 2DB4E30
Wrote pit_87.bin to 2DC20F0
Wrote pit_88.bin to 2DD52A0
Wrote pit_89.bin to 2DE2560
Wrote pit_90.bin to 2DF3440
Wrote pit_91.bin to 2E08BF0
Wrote pit_92.bin to 2E164B0
Wrote pit_93.bin to 2E24390
Wrote pit_94.bin to 2E30DC0
Wrote pit_95.bin to 2E3D7F0
Wrote pit_96.bin to 2E4AEA0
Wrote pit_97.bin to 2E58760
Wrote pit_98.bin to 2E66640
Wrote pit_99.bin to 2E73070
Wrote pit_100.bin to 2E7FAA0
Wrote pit_255.bin to 2E83000
Writing battle data...
Wrote 00 Area KMR Part 1.bin to 4309A0
Wrote 01 Area KMR Part 2.bin to 439A90
Wrote 02 Area KMR Part 3.bin to 447440
Wrote 03 Area MAC.bin to 464490
Wrote 04 Area HOS.bin to 47F0B0
Wrote 05 Area NOK.bin to 48D1A0
Wrote 06 Area TRD Part 1.bin to 4A10A0
Wrote 07 Area TRD Part 2.bin to 4B11F0
Wrote 08 Area TRD Part 3.bin to 4CF1B0
Wrote 09 Area IWA.bin to 4D01F0
Wrote 0A Area SBK.bin to 4DA5E0
Wrote 0B Area ISK Part 1.bin to 4E2740
Wrote 0C Area ISK Part 2.bin to 4EF4A0
Wrote 0D Area MIM.bin to 4F7BE0
Wrote 0E Area ARN.bin to 4FEA50
Wrote 0F Area DGB.bin to 50F020
Wrote 10 Area OMO.bin to 5125D0
Wrote 11 Area OMO2.bin to 52B6A0
Wrote 12 Area OMO3.bin to 5573E0
Wrote 13 Area KGR.bin to 56E2A0
Wrote 14 Area JAN.bin to 573920
Wrote 15 Area JAN2.bin to 584940
Wrote 16 Area KZN.bin to 58C2F0
Wrote 17 Area KZN2.bin to 59E6E0
Wrote 18 Area FLO.bin to 5B14B0
Wrote 19 Area FLO2.bin to 5CE68C
Wrote 1A Area TIK.bin to 5EC484
Wrote 1B Area TIK2.bin to 608AA4
Wrote 1C Area TIK3.bin to 6186E4
Wrote 1D Area SAM.bin to 623B94
Wrote 1E Area SAM2.bin to 63D1D4
Wrote 1F Area PRA.bin to 648E04
Wrote 20 Area PRA2.bin to 660744
Wrote 21 Area PRA3.bin to 669D74
Wrote 22 Area KPA.bin to 684A24
Wrote 23 Area KPA2.bin to 69F1F4
Wrote 24 Area KPA3.bin to 6BBB84
Wrote 25 Area KPA4.bin to 6CC064
Wrote 26 Area KKJ.bin to 6DBD94
Wrote 27 Area DIG.bin to 6DDDB4
Wrote 29 Area OMO2_1.bin to 2E84080
Wrote 2A Area OMO2_2.bin to 2E88EF0
Wrote 2B Area OMO2_3.bin to 2E8D780
Wrote 2C Area OMO2_4.bin to 2E92F50
Wrote 2D Area OMO2_5.bin to 2E936C0
Wrote 2E Area OMO2_6.bin to 2E977A0
Wrote 3A Example Battles.bin to 2E97EF0
Wrote 30 Area PIT.bin to 2E9B644
Wrote 31 Area PIT2.bin to 2EB88C4
Wrote 32 Area PIT3.bin to 2ED0C04
Wrote 33 Area PIT4.bin to 2EE89A4
Wrote 34 Area PIT5.bin to 2EF1580
Wrote 35 Area PIT6.bin to 2F0A0E8
Wrote 36 Area PIT7.bin to 2F1BD0C
Wrote 37 Area PIT8.bin to 2F2BD8C
Wrote Move_Hammer.bin to 7345A0
Wrote Move_SpinSmash.bin to 737890
Wrote Move_QuakeHammer.bin to 73AED0
Wrote Move_D-DownPound.bin to 73D860
Wrote Move_HammerCharge0.bin to 740040
Wrote Move_HammerThrow.bin to 743360
Wrote Move_MegaQuake.bin to 747690
Wrote Move_HammerCharge1.bin to 74A4C0
Wrote Move_HammerCharge2.bin to 74D890
Wrote Move_AutoSmash.bin to 750BE0
Wrote Move_PowerQuake.bin to 7532C0
Wrote Move_PowerSmash.bin to 755E60
Wrote Move_SuperSmash.bin to 7583C0
Wrote Move_MegaSmash.bin to 75A950
Wrote Move_ShrinkSmash.bin to 75CF50
Wrote Move_ShellCrack.bin to 75F610
Wrote Move_Jump.bin to 761CF0
Wrote Move_Multibounce.bin to 765150
Wrote Move_PowerBounce.bin to 768280
Wrote Move_SleepStomp.bin to 76B2A0
Wrote Move_DizzyStomp.bin to 76D260
Wrote Move_JumpCharge0.bin to 76F220
Wrote Move_JumpCharge1.bin to 770DE0
Wrote Move_JumpCharge2.bin to 772A30
Wrote Move_AutoJump.bin to 774650
Wrote Move_AutoMultibounce.bin to 7766C0
Wrote Move_PowerJump.bin to 7795F0
Wrote Move_SuperJump.bin to 77B1C0
Wrote Move_MegaJump.bin to 77CDC0
Wrote Move_D-DownJump.bin to 77EA30
Wrote Move_ShrinkStomp.bin to 780CB0
Wrote Move_EarthquakeJump.bin to 782C30
Wrote 00 Goombario.bin to 6F0B30
Wrote 01 Kooper.bin to 6F58C8
Wrote 02 Bombette.bin to 6FA758
Wrote 03 Parakarry.bin to 6FF7C8
Wrote 04 Goompa.bin to 703538
Wrote 05 Watt.bin to 703AE8
Wrote 06 Sushi.bin to 707C98
Wrote 07 Lakilester.bin to 70BD08
Wrote 08 Bow.bin to 710EE8
Wrote 0A Twink.bin to 714CE8
Patching sprite sheets...
Writing sprite sheet 01 of EE...
Wrote spritesheet 01 to 19E6B74
Writing sprite sheet 02 of EE...
Wrote spritesheet 02 to 19E7536
Writing sprite sheet 03 of EE...
Wrote spritesheet 03 to 19E9748
Writing sprite sheet 04 of EE...
Wrote spritesheet 04 to 19EAEB2
Writing sprite sheet 05 of EE...
Wrote spritesheet 05 to 19EC43A
Writing sprite sheet 06 of EE...
Wrote spritesheet 06 to 19EDC64
Writing sprite sheet 07 of EE...
Wrote spritesheet 07 to 19EEA36
Writing sprite sheet 08 of EE...
Wrote spritesheet 08 to 19EFF66
Writing sprite sheet 09 of EE...
Wrote spritesheet 09 to 19F1478
Writing sprite sheet 0A of EE...
Wrote spritesheet 0A to 19F259E
Writing sprite sheet 0B of EE...
Wrote spritesheet 0B to 19F520A
Writing sprite sheet 0C of EE...
Wrote spritesheet 0C to 19F7190
Writing sprite sheet 0D of EE...
Wrote spritesheet 0D to 19F9ECA
Writing sprite sheet 0E of EE...
Wrote spritesheet 0E to 19FC824
Writing sprite sheet 0F of EE...
Wrote spritesheet 0F to 19FEA62
Writing sprite sheet 10 of EE...
Wrote spritesheet 10 to 1A00622
Writing sprite sheet 11 of EE...
Wrote spritesheet 11 to 1A0295E
Writing sprite sheet 12 of EE...
Wrote spritesheet 12 to 1A04032
Writing sprite sheet 13 of EE...
Wrote spritesheet 13 to 1A05158
Writing sprite sheet 14 of EE...
Wrote spritesheet 14 to 1A05F6A
Writing sprite sheet 15 of EE...
Wrote spritesheet 15 to 1A06B5C
Writing sprite sheet 16 of EE...
Wrote spritesheet 16 to 1A07712
Writing sprite sheet 17 of EE...
Wrote spritesheet 17 to 1A09BE2
Writing sprite sheet 18 of EE...
Wrote spritesheet 18 to 1A0A7EE
Writing sprite sheet 19 of EE...
Wrote spritesheet 19 to 1A0B28E
Writing sprite sheet 1A of EE...
Wrote spritesheet 1A to 1A0B6E6
Writing sprite sheet 1B of EE...
Wrote spritesheet 1B to 1A0BAFC
Writing sprite sheet 1C of EE...
Wrote spritesheet 1C to 1A0BF30
Writing sprite sheet 1D of EE...
Wrote spritesheet 1D to 1A0C34C
Writing sprite sheet 1E of EE...
Wrote spritesheet 1E to 1A0CCBC
Writing sprite sheet 1F of EE...
Wrote spritesheet 1F to 1A0D07E
Writing sprite sheet 20 of EE...
Wrote spritesheet 20 to 1A0D43A
Writing sprite sheet 21 of EE...
Wrote spritesheet 21 to 1A0E98E
Writing sprite sheet 22 of EE...
Wrote spritesheet 22 to 1A132EA
Writing sprite sheet 23 of EE...
Wrote spritesheet 23 to 1A151DC
Writing sprite sheet 24 of EE...
Wrote spritesheet 24 to 1A17D10
Writing sprite sheet 25 of EE...
Wrote spritesheet 25 to 1A19ED8
Writing sprite sheet 26 of EE...
Wrote spritesheet 26 to 1A1BE5C
Writing sprite sheet 27 of EE...
Wrote spritesheet 27 to 1A1CF32
Writing sprite sheet 28 of EE...
Wrote spritesheet 28 to 1A1DCCE
Writing sprite sheet 29 of EE...
Wrote spritesheet 29 to 1A1EBB8
Writing sprite sheet 2A of EE...
Wrote spritesheet 2A to 1A21E94
Writing sprite sheet 2B of EE...
Wrote spritesheet 2B to 1A24168
Writing sprite sheet 2C of EE...
Wrote spritesheet 2C to 1A25766
Writing sprite sheet 2D of EE...
Wrote spritesheet 2D to 1A278A4
Writing sprite sheet 2E of EE...
Wrote spritesheet 2E to 1A28470
Writing sprite sheet 2F of EE...
Wrote spritesheet 2F to 1A28EFA
Writing sprite sheet 30 of EE...
Wrote spritesheet 30 to 1A2B4A2
Writing sprite sheet 31 of EE...
Wrote spritesheet 31 to 1A2D8F8
Writing sprite sheet 32 of EE...
Wrote spritesheet 32 to 1A2EBBC
Writing sprite sheet 33 of EE...
Wrote spritesheet 33 to 1A31498
Writing sprite sheet 34 of EE...
Wrote spritesheet 34 to 1A3321A
Writing sprite sheet 35 of EE...
Wrote spritesheet 35 to 1A352C2
Writing sprite sheet 36 of EE...
Wrote spritesheet 36 to 1A36096
Writing sprite sheet 37 of EE...
Wrote spritesheet 37 to 1A38C70
Writing sprite sheet 38 of EE...
Wrote spritesheet 38 to 1A3A630
Writing sprite sheet 39 of EE...
Wrote spritesheet 39 to 1A3B90A
Writing sprite sheet 3A of EE...
Wrote spritesheet 3A to 1A3F224
Writing sprite sheet 3B of EE...
Wrote spritesheet 3B to 1A418B8
Writing sprite sheet 3C of EE...
Wrote spritesheet 3C to 1A43E56
Writing sprite sheet 3D of EE...
Wrote spritesheet 3D to 1A459C8
Writing sprite sheet 3E of EE...
Wrote spritesheet 3E to 1A48724
Writing sprite sheet 3F of EE...
Wrote spritesheet 3F to 1A4A042
Writing sprite sheet 40 of EE...
Wrote spritesheet 40 to 1A4CB48
Writing sprite sheet 41 of EE...
Wrote spritesheet 41 to 1A4D37A
Writing sprite sheet 42 of EE...
Wrote spritesheet 42 to 1A4ED50
Writing sprite sheet 43 of EE...
Wrote spritesheet 43 to 1A5245C
Writing sprite sheet 44 of EE...
Wrote spritesheet 44 to 1A52FB4
Writing sprite sheet 45 of EE...
Wrote spritesheet 45 to 1A55E4A
Writing sprite sheet 46 of EE...
Wrote spritesheet 46 to 1A580B8
Writing sprite sheet 47 of EE...
Wrote spritesheet 47 to 1A596B8
Writing sprite sheet 48 of EE...
Wrote spritesheet 48 to 1A61A8C
Writing sprite sheet 49 of EE...
Wrote spritesheet 49 to 1A63116
Writing sprite sheet 4A of EE...
Wrote spritesheet 4A to 1A655BC
Writing sprite sheet 4B of EE...
Wrote spritesheet 4B to 1A67706
Writing sprite sheet 4C of EE...
Wrote spritesheet 4C to 1A6B43A
Writing sprite sheet 4D of EE...
Wrote spritesheet 4D to 1A6C378
Writing sprite sheet 4E of EE...
Wrote spritesheet 4E to 1A6DD00
Writing sprite sheet 4F of EE...
Wrote spritesheet 4F to 1A6FD14
Writing sprite sheet 50 of EE...
Wrote spritesheet 50 to 1A73C28
Writing sprite sheet 51 of EE...
Wrote spritesheet 51 to 1A77602
Writing sprite sheet 52 of EE...
Wrote spritesheet 52 to 1A784AA
Writing sprite sheet 53 of EE...
Wrote spritesheet 53 to 1A7C25C
Writing sprite sheet 54 of EE...
Wrote spritesheet 54 to 1A7D940
Writing sprite sheet 55 of EE...
Wrote spritesheet 55 to 1A7DA78
Writing sprite sheet 56 of EE...
Wrote spritesheet 56 to 1A81E4C
Writing sprite sheet 57 of EE...
Wrote spritesheet 57 to 1A84318
Writing sprite sheet 58 of EE...
Wrote spritesheet 58 to 1A865B2
Writing sprite sheet 59 of EE...
Wrote spritesheet 59 to 1A8AB54
Writing sprite sheet 5A of EE...
Wrote spritesheet 5A to 1A8E95C
Writing sprite sheet 5B of EE...
Wrote spritesheet 5B to 1A92940
Writing sprite sheet 5C of EE...
Wrote spritesheet 5C to 1A92C20
Writing sprite sheet 5D of EE...
Wrote spritesheet 5D to 1A92F16
Writing sprite sheet 5E of EE...
Wrote spritesheet 5E to 1A9313A
Writing sprite sheet 5F of EE...
Wrote spritesheet 5F to 1A9348E
Writing sprite sheet 60 of EE...
Wrote spritesheet 60 to 1A936E4
Writing sprite sheet 61 of EE...
Wrote spritesheet 61 to 1A97756
Writing sprite sheet 62 of EE...
Wrote spritesheet 62 to 1A9A3B0
Writing sprite sheet 63 of EE...
Wrote spritesheet 63 to 1A9C44A
Writing sprite sheet 64 of EE...
Wrote spritesheet 64 to 1A9E8CE
Writing sprite sheet 65 of EE...
Wrote spritesheet 65 to 1A9EF16
Writing sprite sheet 66 of EE...
Wrote spritesheet 66 to 1A9F878
Writing sprite sheet 67 of EE...
Wrote spritesheet 67 to 1AA54C0
Writing sprite sheet 68 of EE...
Wrote spritesheet 68 to 1AABC14
Writing sprite sheet 69 of EE...
Wrote spritesheet 69 to 1AB0198
Writing sprite sheet 6A of EE...
Wrote spritesheet 6A to 1AB0B64
Writing sprite sheet 6B of EE...
Wrote spritesheet 6B to 1AB889C
Writing sprite sheet 6C of EE...
Wrote spritesheet 6C to 1ABF8EA
Writing sprite sheet 6D of EE...
Wrote spritesheet 6D to 1AC1CE8
Writing sprite sheet 6E of EE...
Wrote spritesheet 6E to 1AC9EC6
Writing sprite sheet 6F of EE...
Wrote spritesheet 6F to 1ACC23E
Writing sprite sheet 70 of EE...
Wrote spritesheet 70 to 1ACDABA
Writing sprite sheet 71 of EE...
Wrote spritesheet 71 to 1ACE868
Writing sprite sheet 72 of EE...
Wrote spritesheet 72 to 1ACED22
Writing sprite sheet 73 of EE...
Wrote spritesheet 73 to 1AD0004
Writing sprite sheet 74 of EE...
Wrote spritesheet 74 to 1AD04BA
Writing sprite sheet 75 of EE...
Wrote spritesheet 75 to 1AD095E
Writing sprite sheet 76 of EE...
Wrote spritesheet 76 to 1AD0A0E
Writing sprite sheet 77 of EE...
Wrote spritesheet 77 to 1AD260A
Writing sprite sheet 78 of EE...
Wrote spritesheet 78 to 1AD286C
Writing sprite sheet 79 of EE...
Wrote spritesheet 79 to 1AD38B4
Writing sprite sheet 7A of EE...
Wrote spritesheet 7A to 1AD7D28
Writing sprite sheet 7B of EE...
Wrote spritesheet 7B to 1AD845C
Writing sprite sheet 7C of EE...
Wrote spritesheet 7C to 1ADAEEE
Writing sprite sheet 7D of EE...
Wrote spritesheet 7D to 1ADFF00
Writing sprite sheet 7E of EE...
Wrote spritesheet 7E to 1AE0C04
Writing sprite sheet 7F of EE...
Wrote spritesheet 7F to 1AE4676
Writing sprite sheet 80 of EE...
Wrote spritesheet 80 to 1AE92D6
Writing sprite sheet 81 of EE...
Wrote spritesheet 81 to 1AF232E
Writing sprite sheet 82 of EE...
Wrote spritesheet 82 to 1AFA392
Writing sprite sheet 83 of EE...
Wrote spritesheet 83 to 1AFCF56
Writing sprite sheet 84 of EE...
Wrote spritesheet 84 to 1AFDE3C
Writing sprite sheet 85 of EE...
Wrote spritesheet 85 to 1AFEB76
Writing sprite sheet 86 of EE...
Wrote spritesheet 86 to 1AFF3E2
Writing sprite sheet 87 of EE...
Wrote spritesheet 87 to 1AFF904
Writing sprite sheet 88 of EE...
Wrote spritesheet 88 to 1B00140
Writing sprite sheet 89 of EE...
Wrote spritesheet 89 to 1B008E2
Writing sprite sheet 8A of EE...
Wrote spritesheet 8A to 1B013D0
Writing sprite sheet 8B of EE...
Wrote spritesheet 8B to 1B01D84
Writing sprite sheet 8C of EE...
Wrote spritesheet 8C to 1B02740
Writing sprite sheet 8D of EE...
Wrote spritesheet 8D to 1B03104
Writing sprite sheet 8E of EE...
Wrote spritesheet 8E to 1B043CC
Writing sprite sheet 8F of EE...
Wrote spritesheet 8F to 1B0537C
Writing sprite sheet 90 of EE...
Wrote spritesheet 90 to 1B06B40
Writing sprite sheet 91 of EE...
Wrote spritesheet 91 to 1B08956
Writing sprite sheet 92 of EE...
Wrote spritesheet 92 to 1B0905A
Writing sprite sheet 93 of EE...
Wrote spritesheet 93 to 1B09BFC
Writing sprite sheet 94 of EE...
Wrote spritesheet 94 to 1B0A16C
Writing sprite sheet 95 of EE...
Wrote spritesheet 95 to 1B0A7D4
Writing sprite sheet 96 of EE...
Wrote spritesheet 96 to 1B0C1E2
Writing sprite sheet 97 of EE...
Wrote spritesheet 97 to 1B0E2E6
Writing sprite sheet 98 of EE...
Wrote spritesheet 98 to 1B0FF8E
Writing sprite sheet 99 of EE...
Wrote spritesheet 99 to 1B10AFC
Writing sprite sheet 9A of EE...
Wrote spritesheet 9A to 1B13952
Writing sprite sheet 9B of EE...
Wrote spritesheet 9B to 1B14642
Writing sprite sheet 9C of EE...
Wrote spritesheet 9C to 1B14D50
Writing sprite sheet 9D of EE...
Wrote spritesheet 9D to 1B167F2
Writing sprite sheet 9E of EE...
Wrote spritesheet 9E to 1B17502
Writing sprite sheet 9F of EE...
Wrote spritesheet 9F to 1B18D7A
Writing sprite sheet A0 of EE...
Wrote spritesheet A0 to 1B19134
Writing sprite sheet A1 of EE...
Wrote spritesheet A1 to 1B19C1E
Writing sprite sheet A2 of EE...
Wrote spritesheet A2 to 1B1A1A4
Writing sprite sheet A3 of EE...
Wrote spritesheet A3 to 1B1EFF6
Writing sprite sheet A4 of EE...
Wrote spritesheet A4 to 1B20616
Writing sprite sheet A5 of EE...
Wrote spritesheet A5 to 1B226F6
Writing sprite sheet A6 of EE...
Wrote spritesheet A6 to 1B23954
Writing sprite sheet A7 of EE...
Wrote spritesheet A7 to 1B2568C
Writing sprite sheet A8 of EE...
Wrote spritesheet A8 to 1B274AE
Writing sprite sheet A9 of EE...
Wrote spritesheet A9 to 1B27EC8
Writing sprite sheet AA of EE...
Wrote spritesheet AA to 1B28C10
Writing sprite sheet AB of EE...
Wrote spritesheet AB to 1B2A0E8
Writing sprite sheet AC of EE...
Wrote spritesheet AC to 1B2AFAC
Writing sprite sheet AD of EE...
Wrote spritesheet AD to 1B2BB10
Writing sprite sheet AE of EE...
Wrote spritesheet AE to 1B2C53C
Writing sprite sheet AF of EE...
Wrote spritesheet AF to 1B2D1DA
Writing sprite sheet B0 of EE...
Wrote spritesheet B0 to 1B2F17C
Writing sprite sheet B1 of EE...
Wrote spritesheet B1 to 1B30720
Writing sprite sheet B2 of EE...
Wrote spritesheet B2 to 1B3178E
Writing sprite sheet B3 of EE...
Wrote spritesheet B3 to 1B3200C
Writing sprite sheet B4 of EE...
Wrote spritesheet B4 to 1B322DE
Writing sprite sheet B5 of EE...
Wrote spritesheet B5 to 1B32B50
Writing sprite sheet B6 of EE...
Wrote spritesheet B6 to 1B33AFE
Writing sprite sheet B7 of EE...
Wrote spritesheet B7 to 1B35DD4
Writing sprite sheet B8 of EE...
Wrote spritesheet B8 to 1B3710A
Writing sprite sheet B9 of EE...
Wrote spritesheet B9 to 1B37942
Writing sprite sheet BA of EE...
Wrote spritesheet BA to 1B37E6C
Writing sprite sheet BB of EE...
Wrote spritesheet BB to 1B39AA4
Writing sprite sheet BC of EE...
Wrote spritesheet BC to 1B3A0D6
Writing sprite sheet BD of EE...
Wrote spritesheet BD to 1B3A69E
Writing sprite sheet BE of EE...
Wrote spritesheet BE to 1B3AF06
Writing sprite sheet BF of EE...
Wrote spritesheet BF to 1B3C60E
Writing sprite sheet C0 of EE...
Wrote spritesheet C0 to 1B3D5DC
Writing sprite sheet C1 of EE...
Wrote spritesheet C1 to 1B3DC98
Writing sprite sheet C2 of EE...
Wrote spritesheet C2 to 1B4693E
Writing sprite sheet C3 of EE...
Wrote spritesheet C3 to 1B4973E
Writing sprite sheet C4 of EE...
Wrote spritesheet C4 to 1B4B1A0
Writing sprite sheet C5 of EE...
Wrote spritesheet C5 to 1B4D00A
Writing sprite sheet C6 of EE...
Wrote spritesheet C6 to 1B4DF22
Writing sprite sheet C7 of EE...
Wrote spritesheet C7 to 1B4ED10
Writing sprite sheet C8 of EE...
Wrote spritesheet C8 to 1B513CC
Writing sprite sheet C9 of EE...
Wrote spritesheet C9 to 1B55126
Writing sprite sheet CA of EE...
Wrote spritesheet CA to 1B57256
Writing sprite sheet CB of EE...
Wrote spritesheet CB to 1B58B40
Writing sprite sheet CC of EE...
Wrote spritesheet CC to 1B59C34
Writing sprite sheet CD of EE...
Wrote spritesheet CD to 1B5B8CA
Writing sprite sheet CE of EE...
Wrote spritesheet CE to 1B5BCDA
Writing sprite sheet CF of EE...
Wrote spritesheet CF to 1B5D7C0
Writing sprite sheet D0 of EE...
Wrote spritesheet D0 to 1B5F4BA
Writing sprite sheet D1 of EE...
Wrote spritesheet D1 to 1B60264
Writing sprite sheet D2 of EE...
Wrote spritesheet D2 to 1B616E2
Writing sprite sheet D3 of EE...
Wrote spritesheet D3 to 1B6262E
Writing sprite sheet D4 of EE...
Wrote spritesheet D4 to 1B62852
Writing sprite sheet D5 of EE...
Wrote spritesheet D5 to 1B62C8C
Writing sprite sheet D6 of EE...
Wrote spritesheet D6 to 1B6306E
Writing sprite sheet D7 of EE...
Wrote spritesheet D7 to 1B66340
Writing sprite sheet D8 of EE...
Wrote spritesheet D8 to 1B69080
Writing sprite sheet D9 of EE...
Wrote spritesheet D9 to 1B6AA98
Writing sprite sheet DA of EE...
Wrote spritesheet DA to 1B6BE20
Writing sprite sheet DB of EE...
Wrote spritesheet DB to 1B6E2D0
Writing sprite sheet DC of EE...
Wrote spritesheet DC to 1B6F51C
Writing sprite sheet DD of EE...
Wrote spritesheet DD to 1B7077C
Writing sprite sheet DE of EE...
Wrote spritesheet DE to 1B71400
Writing sprite sheet DF of EE...
Wrote spritesheet DF to 1B73A44
Writing sprite sheet E0 of EE...
Wrote spritesheet E0 to 1B75AA4
Writing sprite sheet E1 of EE...
Wrote spritesheet E1 to 1B765F0
Writing sprite sheet E2 of EE...
Wrote spritesheet E2 to 1B76AD0
Writing sprite sheet E3 of EE...
Wrote spritesheet E3 to 1B775BA
Writing sprite sheet E4 of EE...
Wrote spritesheet E4 to 1B77BAC
Writing sprite sheet E5 of EE...
Wrote spritesheet E5 to 1B786C4
Writing sprite sheet E6 of EE...
Wrote spritesheet E6 to 1B7B770
Writing sprite sheet E7 of EE...
Wrote spritesheet E7 to 1B7CA32
Writing sprite sheet E8 of EE...
Wrote spritesheet E8 to 1B7E94A
Writing sprite sheet E9 of EE...
Wrote spritesheet E9 to 1B7EB1A
Writing sprite sheet EA of EE...
Wrote spritesheet EA to 1B7ECC2
Writing sprite sheet EB of EE...
Wrote spritesheet EB to 1B807B2
Writing sprite sheet EC of EE...
Wrote spritesheet EC to 2F2E180
Writing sprite sheet ED of EE...
Wrote spritesheet ED to 2F33714
Writing sprite sheet EE of EE...
Wrote spritesheet EE to 2F33B62
Calculating new CRC values...
Wrote new CRCs to ROM (FC0E6F80 E279ED87)
Empty region from 01C8435C to 01C84D30 (9D4 bytes)
Empty region from 0006B450 to 0006EAC0 (3670 bytes)
Empty region from 00073DA0 to 00073E10 (70 bytes)
Empty region from 00073E2C to 00074EA0 (1074 bytes)
Empty region from 027FEC68 to 027FEE22 (1BA bytes)
Empty region from 00543570 to 00543570 (0 bytes)
Empty region from 006F0B24 to 006F0B30 (C bytes)
Empty region from 00786F70 to 00789E60 (2EF0 bytes)
Empty region from 00715848 to 00715850 (8 bytes)
Empty region from 01B811C4 to 01B82208 (1044 bytes)
Done editing C:\Users\fabia\OneDrive\Star Rod\Mods\out\Paper Mario (U) [!].z64
Tue Jan 21 16:24:39 PST 2020
