Loaded 1693 library definitions.
Thu Aug 12 18:49:05 PDT 2021
Preparing patching process.
Building string data...
Reading strings from: 06 Toad Town Warehouse Sector.str
Reading strings from: 1A NPC Tattles.str
Reading strings from: 1B Entity Tattles.str
Reading strings from: 1D Menus I.str
Reading strings from: 1F Menus II.str
Reading strings from: 20 Party Letters + Luigi's Diary.str
Reading strings from: 23 Item Descriptions I.str
Reading strings from: 24 Item Descriptions ll.str
Reading strings from: 25 Item Descriptions III.str
Reading strings from: 26 Item Names.str
Reading strings from: 2F Custom.str
Reading strings from: Actors Tattles and Names.str
Reading strings from: Misc.str
Reading strings from: New Enemies Data.str
Reading map config files...
Indexing map objects...
Loaded map index.
Indexing animations...
Writing map config table...
Wrote map config table to 0x28050B0
Reading battle config files...
Reading direct ROM patches...
Patching icons...
Reading patch file: BadgeBelts.patch
Exported global pointer: $Function_Load_LeftBelt
Exported global pointer: $Function_Load_RightBelt
Exported global pointer: $Function_Load_BottomBelt
Exported global pointer: $Function_Save_LeftBelt
Exported global pointer: $Function_Save_RightBelt
Exported global pointer: $Function_Save_BottomBelt
Exported global pointer: $Function_DisableActivatedBadges
Reading patch file: BadgeTab.patch
Reading patch file: Battle_PitEvents.patch
Reading patch file: Battle_Shortcuts.patch
Exported global pointer: $SetIconSize2
Reading patch file: ChallengesNotification.patch
Exported global pointer: $Challenge_PopUp_Data
Exported global pointer: $Challenge_PopUp_Data2
Exported global pointer: $Function_TrackChallenges
Exported global pointer: $Function_ChallengeNotification
Reading patch file: ChangeStarPointsCap.patch
Reading patch file: ChestFloors_NpcsScripts.patch
Exported global pointer: $Script_Interact_Rippo
Exported global pointer: $Script_Interact_Dupli
Exported global pointer: $Script_Init_Toad
Exported global pointer: $Script_Reward_Badges_CheckOnlyMediumANDHight
Exported global pointer: $Script_Init_Oaklie_ChestFloor
Exported global pointer: $Function_ActivateBadge2
Reading patch file: ChestFloor_PartnerPicture_FreeRAM.patch
Exported global pointer: $PartnerPicture_Data
Reading patch file: Chpt2_cs.patch
Exported global pointer: $Script_Cutscene_Ending_5
Reading patch file: CrashScreen_NewMessage.patch
Reading patch file: DebugMode.patch
Reading patch file: DisableMenuTabs.patch
Reading patch file: DungeonData.patch
Exported global pointer: $Maze_Trap2_Data
Exported global pointer: $Maze_Trap4_Data
Exported global pointer: $Maze_Trap6_Data
Exported global pointer: $Maze_Trap8_Data
Exported global pointer: $Maze_Trap10_Data
Exported global pointer: $Maze_Trap12_Data
Exported global pointer: $Maze_Trap14_Data
Exported global pointer: $Maze_Trap16_Data
Exported global pointer: $Maze_Trap17_Data
Exported global pointer: $Maze_Trap19_Data
Exported global pointer: $Maze_ChestData_Map1_5
Exported global pointer: $Maze_ChestData_Map9_13
Exported global pointer: $Maze_ChestData_Map18_20
Exported global pointer: $Maze_ChestData_Special1
Exported global pointer: $Maze_ChestData_Special1_Blocks_Coords
Exported global pointer: $Maze_ChestData_Special2
Exported global pointer: $Maze_PartnerData
Reading patch file: EntityUtilityFunctions.patch
Exported global pointer: $SetEntityPos
Exported global pointer: $GetEntityPos
Exported global pointer: $SetEntityScaling
Exported global pointer: $GetEntityScaling
Exported global pointer: $GetEntityRotation
Exported global pointer: $SetEntityRotation
Reading patch file: ExtraDifficulties.patch
Reading patch file: FinalBattle.patch
Exported global pointer: $Script_FinalBattle_Pray
Exported global pointer: $PlayerData_Items_Checkpoint1
Exported global pointer: $PlayerData_Items_Checkpoint2
Exported global pointer: $PlayerData_Misc_Checkpoint1
Exported global pointer: $PlayerData_Misc_Checkpoint2
Reading patch file: FixBPDots.patch
Reading patch file: FixFlowerSaverBugWithDoubleDip.patch
Reading patch file: FixKooperBehaviour.patch
Exported global pointer: $Function_FixKooperBehaviour
Reading patch file: FixPartnerMenuCursorDefault.patch
Global patch for 800E6E88 will be written to 80338
Reading patch file: FixRandomCrashes.patch
Reading patch file: FixTidalWaveCrash.patch
Reading patch file: FreezeIntelligentSystemsLogo.patch
Reading patch file: Header.patch
Reading patch file: IncreaseMaxHPCap.patch
Reading patch file: LifeShrooms.patch
Reading patch file: MapTab.patch
Exported global pointer: $Function_GoToMainMenu
Exported global pointer: $Function_GetProgress_Cheevs_Global
Exported global pointer: $Function_GetProgress_Cheevs_Classic
Exported global pointer: $Function_GetProgress_Cheevs_Rogue
Exported global pointer: $Function_GetProgress_Cheevs_Dungeon
Exported global pointer: $ExtraTab_CursorData
Exported global pointer: $ExtraTab_CursorData2
Reading patch file: MiscHooks.patch
Exported global pointer: $cursor
Exported global pointer: $BoxAnimation_State
Exported global pointer: $BoxAnimation_Offset
Exported global pointer: $DrawBox
Exported global pointer: $ConvertAsciiToPM64String
Exported global pointer: $KeyStarPieces_BoxData
Exported global pointer: $KeyStarPieces_BoxDataExtra
Exported global pointer: $KeyStarPieces_Timer
Exported global pointer: $DungeonTimer
Exported global pointer: $DescriptionBox_Data
Exported global pointer: $SkipCs_Data
Exported global pointer: $Data_Inputs
Exported global pointer: $Script_SubstractCoins
Exported global pointer: $Script_CheckBadgeFlags
Reading patch file: NewStatsMenu.patch
Exported global pointer: $CurrentLSIcon
Exported global pointer: $CreateIcon
Exported global pointer: $SetIconPalette
Exported global pointer: $SetIconSize
Reading patch file: pt_00_OaklieAndChuck_Data.patch
Exported global pointer: $Script_Init_Oaklie
Exported global pointer: $Function_OakChuck_GetPartnersUpgrades
Exported global pointer: $Function_GetPartnersUnlocked
Exported global pointer: $Script_Chuck_Furniture_Restore
Exported global pointer: $Script_GetChallengesCompleted
Exported global pointer: $???_80244D24
Exported global pointer: $Data_StringsBank_Furniture_1
Exported global pointer: $Data_StringsBank_Furniture_2
Exported global pointer: $Data_CardsImages
Exported global pointer: $Script_Chuck_Skins_Restore
Exported global pointer: $???_80244D24_Skins
Exported global pointer: $Data_StringsBank_Skins_1
Exported global pointer: $Data_StringsBank_Skins_1_GameBeated
Exported global pointer: $Data_StringsBank_Skins_2
Exported global pointer: $LoadHighscores_copy
Exported global pointer: $Script_ReadSign_pt00
Exported global pointer: $Script_Cutscene_RubyKing
Exported global pointer: $Script_CheckCheatosCheats
Exported global pointer: $Data_CheatsQueue
Reading patch file: QuickSwapPartners.patch
Exported global pointer: $Function_TrackRButton_Quickswap
Reading patch file: resFiles.patch
Exported global pointer: $MarioIcon_Image
Exported global pointer: $MarioIcon_Palette
Exported global pointer: $PrayIcon_Image
Exported global pointer: $PrayIcon_Palette
Reading patch file: RogueData.patch
Exported global pointer: $Entity_Var1
Exported global pointer: $Entity_Var2
Exported global pointer: $Entity_Var3
Exported global pointer: $Entity_Var4
Exported global pointer: $Reward_RewardID1
Exported global pointer: $Reward_RewardID2
Exported global pointer: $Reward_RewardID3
Exported global pointer: $Reward_RewardID4
Exported global pointer: $LockVar
Exported global pointer: $RewardVar
Exported global pointer: $Data_Reward_Data1
Exported global pointer: $Data_Reward_Data2
Exported global pointer: $Data_Reward_DataX
Exported global pointer: $Data_Reward_DataExtra
Exported global pointer: $Reward_SuperBlock_Data1
Exported global pointer: $Reward_SuperBlock_Data2
Exported global pointer: $Entity_Switch_Var1
Exported global pointer: $Entity_Switch_Var2
Exported global pointer: $Data_Reward_GiantChestID
Exported global pointer: $Data_GiantChestYaw
Reading patch file: RoguelikeMain.patch
Exported global pointer: $Script_Roguelike_GetSpawnAmount
Exported global pointer: $Script_Rogue_SetEntityPos
Exported global pointer: $Script_NPC_Init_Springkeeper
Exported global pointer: $Script_Rogue_GiveHalfCoins
Exported global pointer: $String_Rogue_CoinsGained_Failed
Exported global pointer: $String_Rogue_CoinsAdded
Exported global pointer: $ASCII_dmo_00
Exported global pointer: $ASCII_pt_00
Exported global pointer: $Script_Reward_SpawnBadge
Exported global pointer: $Script_Reward_Badges_CheckAllFlags
Exported global pointer: $Script_Reward_Badges_CheckAllFlags_ExceptHPDrain_PDownDUpANDSlowGo
Exported global pointer: $Script_DisableColliders_Roguelike
Exported global constant: 3 = D1
Exported global constant: 3 = D2
Exported global constant: 3 = 88
Reading patch file: RowfData.patch
Exported global pointer: $RowfsInventoryPointer
Exported global pointer: $ShopperInventory1
Exported global pointer: $ShopperInventory2
Exported global pointer: $ShopperInventory3
Exported global pointer: $ShopperInventory4
Exported global pointer: $ShopperInventory5
Exported global pointer: $ShopperInventory6
Exported global pointer: $ShopperInventory7
Exported global pointer: $ShopperInventory8
Exported global pointer: $ShopperInventory9
Exported global pointer: $ShopperInventory_Zero_1
Exported global pointer: $ShopperInventory_Zero_2
Exported global pointer: $ShopperInventoryX
Reading patch file: SaveBlock_PatchColors.patch
Reading patch file: SPtoCoins.patch
Reading patch file: StrangeSack.patch
Reading patch file: StylishData.patch
Exported global pointer: $Script_DoStylishFX
Exported global pointer: $Script_InitTracker
Exported global pointer: $Script_NukeTracker
Exported global pointer: $Script_TimingTutor
Reading patch file: Stylish_GlobalScripts.patch
Exported global pointer: $SetActorYPos
Exported global pointer: $Script_DoStylish_Multibonk
Exported global pointer: $Script_DoStylish_DizzyShell
Exported global pointer: $Script_Bomb_DoStylish
Exported global pointer: $Script_TydalWave_GoBackToHome
Reading patch file: SwapTitleScreenBG.patch
Reading patch file: TrackingValues.patch
Exported global pointer: $TotalDamage_Dealt
Exported global pointer: $TotalDamage_Received
Exported global pointer: $TotalItemsUsed
Exported global pointer: $TotalFloors
Exported global pointer: $Timer_Total
Exported global pointer: $Timer_Floor
Exported global pointer: $Timer_Floor_Highest
Exported global pointer: $Timer_Speed
Exported global pointer: $BP_TotalTurns
Reading patch file: UtilityFunctions.patch
Exported global pointer: $RestoreInputs
Exported global pointer: $WriteAddress
Exported global pointer: $ReadAddress
Exported global pointer: $WriteAddressFloat
Exported global pointer: $ReadAddressFloat
Exported global pointer: $WriteBitFlag
Exported global pointer: $ReadBitFlag
Exported global pointer: $GetModelPointer
Exported global pointer: $GetNpcPointer
Exported global pointer: $GetEntityPointer
Exported global pointer: $RunFunction
Exported global pointer: $IsBadgeEquipped_Script
Exported global pointer: $PlayerHasBadge
Exported global pointer: $Script_TexturePanning
Exported global pointer: $Script_FadeScreenIn
Exported global pointer: $Script_FadeScreenOut
Exported global pointer: $SkipCutscene_Default
Exported global pointer: $SpeakPartnerToPlayer
Exported global pointer: $InterpNpcYaw
Exported global pointer: $SetPartnerAnimation
Exported global pointer: $SetPlayerAnimation
Exported global pointer: $MovePartnerBehindMario
Exported global pointer: $MovePartnerInFrontOfMario
Exported global pointer: $DoNpcDefeat
Exported global pointer: $PlayerStopUsingPartner
Exported global pointer: $SetNpcGroupBattleID
Exported global pointer: $GetBitFlags
Exported global pointer: $ClearSoundFXs
Choosing location for global struct: $TempBase
Choosing location for global struct: $ListNames_Star
Choosing location for global struct: $ListNames_Attack3
Choosing location for global struct: $ListNames_Heart
Choosing location for global struct: $ListNames_Tornado
Choosing location for global struct: $ListNames_Electricity
Choosing location for global struct: $ListNames_Snowflakes
Choosing location for global struct: $ListNames_Nice
Choosing location for global struct: $ListNames_Peril
Choosing location for global struct: $ListNames_Energy
Choosing location for global struct: $ListNames_Music
Choosing location for global struct: $Data_DPads_HoldTimers_UP
Choosing location for global struct: $Data_DPads_HoldTimers_LEFT
Choosing location for global struct: $Data_DPads_HoldTimers_DOWN
Choosing location for global struct: $Data_DPads_HoldTimers_RIGHT
Choosing location for global struct: $Function_FreezeNPCs
Choosing location for global struct: $Function_RunScript
Choosing location for global struct: $Function_TrackInputs_DPadLRD
Choosing location for global struct: $ScriptMap_BadgeBelts
Choosing location for global struct: $Script_ManageBelts_Start
Choosing location for global struct: $Script_ManageBelts_Choose_Belts
Choosing location for global struct: $Script_ManageBelts_RunCommand
Choosing location for global struct: $Script_ManageBelts_End
Choosing location for global struct: $Function_GoExtraTab_CurrentChallenge
Choosing location for global struct: $Function_UnfreezeNpcs
Choosing location for global struct: $Function_LockCLists
Choosing location for global struct: $Function_EnableCLists
Choosing location for global struct: $Data_BeltSaved_Flag
Choosing location for global struct: $Script_Belts_Save
Choosing location for global struct: $Script_Belts_Load
Choosing location for global struct: $Script_PlayFX
Choosing location for global struct: $List_BadgesBelt
Choosing location for global struct: $List_SaveLoadFX
Choosing location for global struct: $List_FX
Choosing location for global struct: $Function_Save_LeftBelt
Choosing location for global struct: $Function_Save_RightBelt
Choosing location for global struct: $Function_Save_BottomBelt
Choosing location for global struct: $Function_Load_LeftBelt
Choosing location for global struct: $Function_Load_RightBelt
Choosing location for global struct: $Function_Load_BottomBelt
Choosing location for global struct: $Function_DisableActivatedBadges
Choosing location for global struct: $Function_ManageBelts
Choosing location for global struct: $Function_WhichBelt
Choosing location for global struct: $Function_SetFX
Choosing location for global struct: $String_All
Choosing location for global struct: $String_On
Choosing location for global struct: $Data_BeltsIcons_FirstIndex
Choosing location for global struct: $Icon_DPad
Choosing location for global struct: $Palette_DPad
Choosing location for global struct: $Icon_LeftB
Choosing location for global struct: $Palette_LeftB
Choosing location for global struct: $Icon_RightB
Choosing location for global struct: $Palette_RightB
Choosing location for global struct: $Icon_DownB
Choosing location for global struct: $Palette_DownB
Choosing location for global struct: $Icon_BumpAttack
Choosing location for global struct: $Palette_BumpAttack
Choosing location for global struct: $IconScript_DPad
Choosing location for global struct: $IconScript_LeftBelt
Choosing location for global struct: $IconScript_RightBelt
Choosing location for global struct: $IconScript_DownBelt
Choosing location for global struct: $IconScript_BumpAttack
Choosing location for global struct: $Function_Save_UpBelt
Choosing location for global struct: $Function_Load_UpBelt
Choosing location for global struct: $Data_TopBelt
Choosing location for global struct: $CloneIconScript
Choosing location for global struct: $FreeDuplicatedIconScript
Choosing location for global struct: $DuplicatedScript0
Choosing location for global struct: $DuplicatedScript1
Choosing location for global struct: $DuplicatedScript2
Choosing location for global struct: $DuplicatedScript3
Choosing location for global struct: $DuplicatedScript4
Choosing location for global struct: $DPad_HoldedFrames
Choosing location for global struct: $Function_TrackDPad
Choosing location for global struct: $Function_UpdateBadgeList
Choosing location for global struct: $BadgeTab_CurrentBelt
Choosing location for global struct: $String_CoinBoost
Choosing location for global struct: $Script_Init_SetActorStats
Choosing location for global struct: $Script_SetActorStats
Choosing location for global struct: $ShortcutData
Choosing location for global struct: $Data_Shorcut_FirstIconIndex
Choosing location for global struct: $Data_ShorcutsIndexes
Choosing location for global struct: $Data_IconGroup1_MainOffset
Choosing location for global struct: $Data_IconGroup2_MainOffset
Choosing location for global struct: $SetIconSize2
Choosing location for global struct: $Icon_RButton
Choosing location for global struct: $Palette_RButton
Choosing location for global struct: $Icon_Equal
Choosing location for global struct: $Palette_Equal
Choosing location for global struct: $Icon_C
Choosing location for global struct: $Palette_C
Choosing location for global struct: $IconScript_Mushroom
Choosing location for global struct: $IconScript_C
Choosing location for global struct: $IconScript_RButton
Choosing location for global struct: $IconScript_Equal
Choosing location for global struct: $IconScript_Boots1
Choosing location for global struct: $IconScript_Boots2
Choosing location for global struct: $IconScript_Boots3
Choosing location for global struct: $IconScript_Hammer1
Choosing location for global struct: $IconScript_Hammer2
Choosing location for global struct: $IconScript_Hammer3
Choosing location for global struct: $IconScript_StarSpirits
Choosing location for global struct: $IconScript_Items
Choosing location for global struct: $IconScript_Strategies
Choosing location for global struct: $IconScript_Goombario
Choosing location for global struct: $IconScript_Kooper
Choosing location for global struct: $IconScript_Bombette
Choosing location for global struct: $IconScript_Parakarry
Choosing location for global struct: $IconScript_Bow
Choosing location for global struct: $IconScript_Watt
Choosing location for global struct: $IconScript_Sushie
Choosing location for global struct: $IconScript_Lakilester
Choosing location for global struct: $IconScript_Dot
Choosing location for global struct: $String_START
Choosing location for global struct: $String_Challenge
Choosing location for global struct: $String_StarPointIcon
Choosing location for global struct: $Challenge_PopUp_Data
Choosing location for global struct: $Challenge_PopUp_Data2
Choosing location for global struct: $Function_ChallengeNotification
Choosing location for global struct: $Function_NotificationBox
Choosing location for global struct: $Function_TrackChallenges
Choosing location for global struct: $Function_GetCheevsUnlocked
Choosing location for global struct: $DrawBox_Notification
Choosing location for global struct: $String_HP
Choosing location for global struct: $String_FP
Choosing location for global struct: $String_InvalidStat
Choosing location for global struct: $String_SameStat
Choosing location for global struct: $String_WhichOneToUpgrade
Choosing location for global struct: $String_WhichOneToDowngrade
Choosing location for global struct: $Choice_HPFP
Choosing location for global struct: $String_Dupli_Welcome
Choosing location for global struct: $String_Dupli_Bye
Choosing location for global struct: $String_Dupli_NotEnoughCoins
Choosing location for global struct: $String_Dupli_Thanks
Choosing location for global struct: $String_Dupli_Confirmation
Choosing location for global struct: $Choice_Dupli
Choosing location for global struct: $String_BuyBadge_Error
Choosing location for global struct: $Super_String
Choosing location for global struct: $Ultra_String
Choosing location for global struct: $String_PartnerUpgrade_1stTime_1
Choosing location for global struct: $String_PartnerUpgrade_1stTime_2
Choosing location for global struct: $String_PartnerUpgrade_Confirmation
Choosing location for global struct: $String_PartnerUpgrade_Error
Choosing location for global struct: $String_Oaklie_Welcome_ChestFloor
Choosing location for global struct: $Choice_Upgrades_ChestFloor
Choosing location for global struct: $String_Oaklie_ZeroCoins
Choosing location for global struct: $String_Oaklie_ForWho
Choosing location for global struct: $String_Oaklie_WhichOne
Choosing location for global struct: $Choice_Upgrades_BootsAndHammer
Choosing location for global struct: $Choice_Upgrades_OnlyHammer
Choosing location for global struct: $Choice_Upgrades_OnlyBoots
Choosing location for global struct: $String_Oaklie_Mario_Upgrade_Price
Choosing location for global struct: $String_Oaklie_Mario_Upgrade_Error
Choosing location for global struct: $String_SuperHammer
Choosing location for global struct: $String_UltraHammer
Choosing location for global struct: $String_SuperBoots
Choosing location for global struct: $String_UltraBoots
Choosing location for global struct: $Choice_Upgrades_Who
Choosing location for global struct: $Choice_Upgrades_Who_OnlyPartner
Choosing location for global struct: $Choice_Upgrades_Who_OnlyMario
Choosing location for global struct: $String_Oaklie_Confirm_Mario_Boots
Choosing location for global struct: $String_Oaklie_Confirm_Mario_Hammer
Choosing location for global struct: $String_Oaklie_Confirm_Partner
Choosing location for global struct: $String_Oaklie_Thanks
Choosing location for global struct: $String_Oaklie_Bye
Choosing location for global struct: $String_Oaklie_100Percent
Choosing location for global struct: $String_Oaklie_Bye_ChestFloor
Choosing location for global struct: $Script_Interact_Rippo
Choosing location for global struct: $Script_Interact_Dupli
Choosing location for global struct: $Script_Init_Toad
Choosing location for global struct: $Script_Reward_Badges_CheckOnlyMediumANDHight
Choosing location for global struct: $Script_Toad_EnableBinds
Choosing location for global struct: $Script_Interact_ToadItem1
Choosing location for global struct: $Script_Interact_ToadItem2
Choosing location for global struct: $Script_Interact_ToadItem3
Choosing location for global struct: $Script_Interact_ToadItem_Main
Choosing location for global struct: $Script_BuyBadge_PlayerAlreadyHaveThatBadge
Choosing location for global struct: $Script_Toad_CheckBadgeFlag
Choosing location for global struct: $Script_Toad_SetBadgeFlag
Choosing location for global struct: $Script_Toad_GetBadgesData
Choosing location for global struct: $Script_Toad_Sprites
Choosing location for global struct: $Script_Toad_SpawnBadges
Choosing location for global struct: $Script_Init_Oaklie_ChestFloor
Choosing location for global struct: $Script_Interact_Oaklie
Choosing location for global struct: $Script_Oaklie_BuyUpgrades
Choosing location for global struct: $Script_GetMarioUpgradeToPurchase
Choosing location for global struct: $Function_BankCoins_Close
Choosing location for global struct: $Function_BankCoins_UseLastFrame
Choosing location for global struct: $Function_LoadBankCoins
Choosing location for global struct: $Function_SubCoinsFromAccount
Choosing location for global struct: $Script_MarioUpgrade_Animation
Choosing location for global struct: $Script_80242A58
Choosing location for global struct: $Script_802405B8
Choosing location for global struct: $Function_GetPartnersUpgrades
Choosing location for global struct: $Function_GetPartnersUnlocked
Choosing location for global struct: $Script_OpenPartnersMenu
Choosing location for global struct: $Function_GetRank
Choosing location for global struct: $GetAllCoins
Choosing location for global struct: $Function_802423D0
Choosing location for global struct: $Function_SuperBlock_Glow_Start
Choosing location for global struct: $Function_CheckAvailability
Choosing location for global struct: $Function_802424A4
Choosing location for global struct: $Function_SuperBlock_Glow_End
Choosing location for global struct: $Function_802423EC
Choosing location for global struct: $Function_OpenPartnersList
Choosing location for global struct: $Data_80243D30
Choosing location for global struct: $Data_80243D38
Choosing location for global struct: $Data_80243D48
Choosing location for global struct: $Function_802427EC
Choosing location for global struct: $Script_UpgradeAnimation
Choosing location for global struct: $Function_80242F08
Choosing location for global struct: $Function_8024240C
Choosing location for global struct: $Function_80242978
Choosing location for global struct: $Function_80243048
Choosing location for global struct: $Function_80243090
Choosing location for global struct: $Data_80243D88
Choosing location for global struct: $Function_80242438
Choosing location for global struct: $Function_80242818
Choosing location for global struct: $Function_ActivateBadge2
Choosing location for global struct: $PartnerPicture_Data
Choosing location for global struct: $String_Ending_King1
Choosing location for global struct: $String_Ending_King2
Choosing location for global struct: $Script_Cutscene_Ending_5
Choosing location for global struct: $Script_NpcFlyTo_RubyKing
Choosing location for global struct: $bp_04
Choosing location for global struct: $Script_LoopShakeCam
Choosing location for global struct: $Script_EmitterEmbers_RubyKing
Choosing location for global struct: $Script_Cutscene_SoulFlies_1
Choosing location for global struct: $Script_Cutscene_SoulFlies_2
Choosing location for global struct: $Script_Cutscene_SoulFlies_3
Choosing location for global struct: $Script_Cutscene_SoulFlies_4
Choosing location for global struct: $Script_Cutscene_SoulFlies_5
Choosing location for global struct: $Script_Cutscene_SoulFlies_6
Choosing location for global struct: $Script_Cutscene_SoulFlies
Choosing location for global struct: $Script_CameraFollows_King
Choosing location for global struct: $ASCII_SendThisToDex
Choosing location for global struct: $ASCII_Version
Choosing location for global struct: $String_Floor
Choosing location for global struct: $String_Modes
Choosing location for global struct: $String_Modes_Classic
Choosing location for global struct: $String_Modes_Classic_Bandit
Choosing location for global struct: $String_Modes_Roguelike
Choosing location for global struct: $String_Modes_Roguelike_Traps
Choosing location for global struct: $String_Modes_Roguelike_Traps_SpawnAmount
Choosing location for global struct: $String_Modes_Roguelike_Traps_ID
Choosing location for global struct: $String_Modes_Roguelike_Traps_Loaded
Choosing location for global struct: $String_Modes_Traps_SpawnPoint
Choosing location for global struct: $String_Modes_Traps_SpawnSide
Choosing location for global struct: $String_Modes_Traps_Size
Choosing location for global struct: $String_True
Choosing location for global struct: $String_False
Choosing location for global struct: $String_Modes_Maze
Choosing location for global struct: $String_Modes_Maze_Warp
Choosing location for global struct: $String_Modes_Maze_O2_Max
Choosing location for global struct: $String_Modes_Maze_O2_Sub
Choosing location for global struct: $String_Modes_Maze_O2_Min
Choosing location for global struct: $String_Modes_Maze_Traps
Choosing location for global struct: $String_Modes_Maze_Traps_Room2
Choosing location for global struct: $String_Modes_Maze_Traps_Room4
Choosing location for global struct: $String_Modes_Maze_Traps_Room6
Choosing location for global struct: $String_Modes_Maze_Traps_Room8
Choosing location for global struct: $String_Modes_Maze_Traps_Room10
Choosing location for global struct: $String_Modes_Maze_Traps_Room12
Choosing location for global struct: $String_Modes_Maze_Traps_Room14
Choosing location for global struct: $String_Modes_Maze_Traps_Room16
Choosing location for global struct: $String_Modes_Maze_Traps_Room17
Choosing location for global struct: $String_Modes_Maze_Traps_Room19
Choosing location for global struct: $String_Modes_Maze_Traps_Room_TrapID
Choosing location for global struct: $String_Modes_Maze_Traps_Room_Var
Choosing location for global struct: $String_Modes_Maze_Traps_Room_Chest1
Choosing location for global struct: $String_Modes_Maze_Traps_Room_Chest2
Choosing location for global struct: $String_Modes_Maze_StarPieces
Choosing location for global struct: $String_Modes_Maze_TempStarPieces
Choosing location for global struct: $String_MarioStats
Choosing location for global struct: $String_Player_FullyHeal
Choosing location for global struct: $String_Player_SetHPto1
Choosing location for global struct: $String_Player_Coins
Choosing location for global struct: $String_Coins_Max
Choosing location for global struct: $String_Coins_LostCoins
Choosing location for global struct: $String_LostCoins_Map
Choosing location for global struct: $String_LostCoins_Amount
Choosing location for global struct: $String_Player_LShrooms
Choosing location for global struct: $String_Player_Sack
Choosing location for global struct: $String_Partners
Choosing location for global struct: $String_Partners_Goombario
Choosing location for global struct: $String_Partners_Kooper
Choosing location for global struct: $String_Partners_Bombette
Choosing location for global struct: $String_Partners_Parakarry
Choosing location for global struct: $String_Partners_Bow
Choosing location for global struct: $String_Partners_Watt
Choosing location for global struct: $String_Partners_Sushie
Choosing location for global struct: $String_Partners_Lakilester
Choosing location for global struct: $String_Challenges
Choosing location for global struct: $String_Challenges_StarSpirits
Choosing location for global struct: $String_Challenges_SP
Choosing location for global struct: $Function_DebugMenu_Main
Choosing location for global struct: $DebugMenu_Data1
Choosing location for global struct: $Maze_Trap2_Data
Choosing location for global struct: $Maze_Trap4_Data
Choosing location for global struct: $Maze_Trap6_Data
Choosing location for global struct: $Maze_Trap8_Data
Choosing location for global struct: $Maze_Trap10_Data
Choosing location for global struct: $Maze_Trap12_Data
Choosing location for global struct: $Maze_Trap14_Data
Choosing location for global struct: $Maze_Trap16_Data
Choosing location for global struct: $Maze_Trap17_Data
Choosing location for global struct: $Maze_Trap19_Data
Choosing location for global struct: $Maze_ChestData_Map1_5
Choosing location for global struct: $Maze_ChestData_Map9_13
Choosing location for global struct: $Maze_ChestData_Map18_20
Choosing location for global struct: $Maze_ChestData_Special1
Choosing location for global struct: $Maze_ChestData_Special1_Blocks_Coords
Choosing location for global struct: $Maze_ChestData_Special2
Choosing location for global struct: $Maze_PartnerData
Choosing location for global struct: $GetEntityPos
Choosing location for global struct: $SetEntityPos
Choosing location for global struct: $GetEntityScaling
Choosing location for global struct: $SetEntityScaling
Choosing location for global struct: $GetEntityRotation
Choosing location for global struct: $SetEntityRotation
Choosing location for global struct: $Function_GetMarioDefense
Choosing location for global struct: $IsBadgeEquiped0
Choosing location for global struct: $Function_GiveCoinBoost_Difficulties
Choosing location for global struct: $Function_GiveCoinBoost_BlueEvent
Choosing location for global struct: $Function_GiveCoinBoost_Dupli
Choosing location for global struct: $String_CommandName
Choosing location for global struct: $String_Pray_0
Choosing location for global struct: $String_Pray_1
Choosing location for global struct: $IconScript_Pray
Choosing location for global struct: $Script_FinalBattle_Pray
Choosing location for global struct: $PlayerData_Items_Checkpoint1
Choosing location for global struct: $PlayerData_Items_Checkpoint2
Choosing location for global struct: $PlayerData_Misc_Checkpoint1
Choosing location for global struct: $PlayerData_Misc_Checkpoint2
Choosing location for global struct: $FlowerBadgeArray
Choosing location for global struct: $Main
Choosing location for global struct: $IsBadgeEquipped1
Choosing location for global struct: $Function_FixKooperBehaviour
Choosing location for global struct: $PartnerList
Choosing location for global struct: $BuildPartnerList
Choosing location for global struct: $FindPartnerInTable
Choosing location for global struct: $FreezeIntelligentLogo
Choosing location for global struct: $Function_PlaySound
Choosing location for global struct: $Script_Flying_Flower
Choosing location for global struct: $String_Always_Challenges
Choosing location for global struct: $String_Always_Settings
Choosing location for global struct: $String_Always_Percentage
Choosing location for global struct: $String_Always_Progress
Choosing location for global struct: $String_Menu0_Global
Choosing location for global struct: $String_Menu0_Classic
Choosing location for global struct: $String_Menu0_Rogue
Choosing location for global struct: $String_Menu0_Question
Choosing location for global struct: $String_Menu0_Maze
Choosing location for global struct: $String_Menu0_Settings
Choosing location for global struct: $String_Cursor
Choosing location for global struct: $String_Arrow_Left
Choosing location for global struct: $String_Arrow_Right
Choosing location for global struct: $String_StarPoint_Icon
Choosing location for global struct: $String_Settings_Pipes
Choosing location for global struct: $String_Settings_Floor
Choosing location for global struct: $String_Settings_Stylish
Choosing location for global struct: $String_Settings_Cutscenes
Choosing location for global struct: $String_Settings_BattleShortcuts
Choosing location for global struct: $String_Settings_Golden
Choosing location for global struct: $String_Settings_MainMenu
Choosing location for global struct: $String_Demo
Choosing location for global struct: $ExtraTab_String_Buffer
Choosing location for global struct: $ExtraTab_String_Buffer_Menu0_Progress
Choosing location for global struct: $ExtraTab_String_Buffer_Size1E
Choosing location for global struct: $MapTab_GlobalXYOffset
Choosing location for global struct: $Function_GetStylishFlags_Mario
Choosing location for global struct: $Function_GetStylishFlags_Partners
Choosing location for global struct: $Function_GetTattles
Choosing location for global struct: $Function_DisplayExtraTab
Choosing location for global struct: $Function_GoToMainMenu_ExtraTab
Choosing location for global struct: $Function_GoToMainMenu
Choosing location for global struct: $Function_GetProgress_Cheevs_Global
Choosing location for global struct: $Function_GetProgress_Cheevs_Classic
Choosing location for global struct: $Function_GetProgress_Cheevs_Rogue
Choosing location for global struct: $Function_GetProgress_Cheevs_Dungeon
Choosing location for global struct: $ExtraTab_CursorData
Choosing location for global struct: $ExtraTab_CursorData2
Choosing location for global struct: $ExtraTab_CursorData3
Choosing location for global struct: $ExtraTab_CursorData4
Choosing location for global struct: $ExtraTab_ASCII_Buffer
Choosing location for global struct: $ExtraTab_ASCII_YellowBuffer
Choosing location for global struct: $ASCII_Format_Byte
Choosing location for global struct: $ASCII_Format_TotalProgress
Choosing location for global struct: $ASCII_Format_CurrentSP
Choosing location for global struct: $ASCII_Format_ByteMenu0
Choosing location for global struct: $String_PrintArrow
Choosing location for global struct: $String_CurrentCoins
Choosing location for global struct: $String_PrintCoinIcon
Choosing location for global struct: $String_x
Choosing location for global struct: $String_Buffer
Choosing location for global struct: $String_Buffer_Size1313
Choosing location for global struct: $String_Buffer_Color00
Choosing location for global struct: $String_Buffer_Yellow
Choosing location for global struct: $String_Final_Results
Choosing location for global struct: $String_Total_Dealt
Choosing location for global struct: $String_Total_Received
Choosing location for global struct: $String_Total_Items
Choosing location for global struct: $String_Total_Coins
Choosing location for global struct: $String_Total_Floors
Choosing location for global struct: $String_Total_MostTime
Choosing location for global struct: $String_Total_Time
Choosing location for global struct: $String_Total_Rank
Choosing location for global struct: $String_Total_Rank_Rainbow
Choosing location for global struct: $String_Total_Rank_F
Choosing location for global struct: $String_Total_Rank_E
Choosing location for global struct: $String_Total_Rank_D
Choosing location for global struct: $String_Total_Rank_C
Choosing location for global struct: $String_Total_Rank_B
Choosing location for global struct: $String_Total_Rank_A
Choosing location for global struct: $String_Total_Rank_S
Choosing location for global struct: $String_Normal
Choosing location for global struct: $String_Hard
Choosing location for global struct: $String_VeryHard
Choosing location for global struct: $String_KeysAmount
Choosing location for global struct: $String_StarPiecesAmount
Choosing location for global struct: $String_KeyIcon
Choosing location for global struct: $String_StarPieceIcon
Choosing location for global struct: $String_StarPieceIcon_Large
Choosing location for global struct: $String_Skip
Choosing location for global struct: $String_Kill1
Choosing location for global struct: $String_Kill2
Choosing location for global struct: $String_Kill3
Choosing location for global struct: $FX
Choosing location for global struct: $SubFX
Choosing location for global struct: $String_DemoSettingsBox_AfterLanding
Choosing location for global struct: $String_DemoSettingsBox_Always
Choosing location for global struct: $String_DemoSettingsBox_Sign
Choosing location for global struct: $String_DemoSettingsBox_TopPipe
Choosing location for global struct: $String_DifficultyAbout_Normal
Choosing location for global struct: $String_DifficultyAbout_Hard
Choosing location for global struct: $String_DifficultyAbout_VeryHard
Choosing location for global struct: $cursor
Choosing location for global struct: $coin_posY
Choosing location for global struct: $text_posY
Choosing location for global struct: $box_sizeX
Choosing location for global struct: $coin_opacity
Choosing location for global struct: $text_opacity
Choosing location for global struct: $BoxAnimation_Offset
Choosing location for global struct: $BoxAnimation_State
Choosing location for global struct: $DrawCoinBox
Choosing location for global struct: $Script_HandleSpeed
Choosing location for global struct: $GetVar_BoxAnimation_State
Choosing location for global struct: $GetVar_BoxAnimation_Offset
Choosing location for global struct: $Function_MoveOffset
Choosing location for global struct: $Function_SubOffset
Choosing location for global struct: $DrawBox
Choosing location for global struct: $PointerToStoreAsciiTo
Choosing location for global struct: $PointerToStoreStringTo
Choosing location for global struct: $Formatters
Choosing location for global struct: $Function_Print_Coins
Choosing location for global struct: $ConvertAsciiToPM64String
Choosing location for global struct: $ShowBox_FinalResults
Choosing location for global struct: $ASCII_Format_Half
Choosing location for global struct: $ASCII_Format_Byte
Choosing location for global struct: $ASCII_Format_Time
Choosing location for global struct: $ASCII_Buffer
Choosing location for global struct: $RankOpacity
Choosing location for global struct: $YellowBuffers
Choosing location for global struct: $BuffersFlags
Choosing location for global struct: $Rank_Damage_Dealt
Choosing location for global struct: $Rank_Damage_Received
Choosing location for global struct: $Rank_Items
Choosing location for global struct: $Rank_Coins
Choosing location for global struct: $Rank_Floors
Choosing location for global struct: $Rank_Timer
Choosing location for global struct: $Print_MessageBox
Choosing location for global struct: $FinalResults_Offset
Choosing location for global struct: $FinalResults_PrintingFlag
Choosing location for global struct: $Script_HandleSpeed_FinalResults
Choosing location for global struct: $LoadFR_Offset
Choosing location for global struct: $LoadFR_Offset_MoveOffset
Choosing location for global struct: $LoadFR_Flag
Choosing location for global struct: $LoadFR_Flag_SetTrue
Choosing location for global struct: $GetRankOpacity
Choosing location for global struct: $SetRankOpacity
Choosing location for global struct: $Function_LoadCurrentRank
Choosing location for global struct: $Function_TrackABButton
Choosing location for global struct: $Function_FinalResults_Reset
Choosing location for global struct: $Draw_KeysStarPiecesCounter
Choosing location for global struct: $ASCII_Format_StarPieces
Choosing location for global struct: $KeyStarPieces_BoxData
Choosing location for global struct: $KeyStarPieces_BoxDataExtra
Choosing location for global struct: $KeyStarPieces_Timer
Choosing location for global struct: $Function_KeyBox_LoadData
Choosing location for global struct: $Function_KeyBox_SaveState
Choosing location for global struct: $Function_KeyBox_SaveOffset
Choosing location for global struct: $Function_KeyBox_SaveFlag
Choosing location for global struct: $DungeonTimer
Choosing location for global struct: $DungeonTimer_Speed
Choosing location for global struct: $Maze_Timer
Choosing location for global struct: $Maze_SP
Choosing location for global struct: $DescriptionBox_Data
Choosing location for global struct: $Draw_ChestsRoom
Choosing location for global struct: $Function_FurnitureCursor
Choosing location for global struct: $Draw_OnlyDescriptionBox
Choosing location for global struct: $Display_SkipText
Choosing location for global struct: $SkipCs_Data
Choosing location for global struct: $TrackInput
Choosing location for global struct: $Data_Inputs
Choosing location for global struct: $LButton_Timer
Choosing location for global struct: $Function_HoldLToDie
Choosing location for global struct: $Script_KillPrompt
Choosing location for global struct: $Script_SubstractCoins
Choosing location for global struct: $Function_TestFXs
Choosing location for global struct: $FXID1
Choosing location for global struct: $ASCII_FX
Choosing location for global struct: $Script_TestFXs
Choosing location for global struct: $ToogleCheats
Choosing location for global struct: $Hook_362A60
Choosing location for global struct: $SetUpgrades
Choosing location for global struct: $GodMode
Choosing location for global struct: $DemoSettingsBox
Choosing location for global struct: $DifficultiesDescriptions
Choosing location for global struct: $Function_TidalWave_RemoveBlue
Choosing location for global struct: $Function_PlayFX_Flame_Color1
Choosing location for global struct: $Function_PlayFX_Flame_Color2
Choosing location for global struct: $Script_CheckBadgeFlags
Choosing location for global struct: $Data_FirstBox_Coords
Choosing location for global struct: $BoxData_HP
Choosing location for global struct: $BoxData_FP
Choosing location for global struct: $BoxData_Coins
Choosing location for global struct: $BoxData_StarPower
Choosing location for global struct: $IconScript_HealBoxHeart
Choosing location for global struct: $IconScript_FPPickup
Choosing location for global struct: $IconScript_LifeShroom
Choosing location for global struct: $IconScript_FP_LifeShroom
Choosing location for global struct: $IconScript_Ultra_LifeShroom
Choosing location for global struct: $IconScript_LifeShroomBandW
Choosing location for global struct: $IconScript_Star
Choosing location for global struct: $CurrentLSIcon
Choosing location for global struct: $CreateIcon
Choosing location for global struct: $SetIconPalette
Choosing location for global struct: $SetIconSize
Choosing location for global struct: $StatsMenu_UpdateCurrentLS
Choosing location for global struct: $Function_StarMeter_RemoveBrownOutline
Choosing location for global struct: $String_Oaklie_Meeting_1
Choosing location for global struct: $String_Oaklie_Meeting_2
Choosing location for global struct: $String_Oaklie_LoadingAccount_0
Choosing location for global struct: $String_Oaklie_LoadingAccount_1
Choosing location for global struct: $String_Oaklie_LoadingAccount_2
Choosing location for global struct: $String_CardSaved
Choosing location for global struct: $Super_String
Choosing location for global struct: $Ultra_String
Choosing location for global struct: $String_PartnerUpgrade_1stTime_1
Choosing location for global struct: $String_PartnerUpgrade_1stTime_2
Choosing location for global struct: $String_PartnerUpgrade_Confirmation
Choosing location for global struct: $String_PartnerUpgrade_Error
Choosing location for global struct: $Common
Choosing location for global struct: $Rare
Choosing location for global struct: $String_BuyBadges1_Welcome
Choosing location for global struct: $Choice_BuyBadges
Choosing location for global struct: $Choice_BuyBadges_Complete_Common
Choosing location for global struct: $Choice_BuyBadges_Complete_Rare
Choosing location for global struct: $Choice_BuyBadges_NotEnoughCoins_Rare
Choosing location for global struct: $String_About_BuyingBadges
Choosing location for global struct: $String_BuyBadges_Confirmation_RIGHT
Choosing location for global struct: $String_BuyBadges_Confirmation_NEXT
Choosing location for global struct: $String_BuyBadges_NotEnoughtCoins
Choosing location for global struct: $String_BuyBadges_NotEnoughtCoins2
Choosing location for global struct: $String_Oaklie_Welcome
Choosing location for global struct: $Choice_Upgrades_Main
Choosing location for global struct: $Choice_Upgrades_OnlyBadges
Choosing location for global struct: $Choice_Upgrades_OnlyUpgrades
Choosing location for global struct: $String_Oaklie_ZeroCoins
Choosing location for global struct: $String_Oaklie_ForWho
Choosing location for global struct: $String_Oaklie_WhichOne
Choosing location for global struct: $Choice_Upgrades_BootsAndHammer
Choosing location for global struct: $Choice_Upgrades_OnlyHammer
Choosing location for global struct: $Choice_Upgrades_OnlyBoots
Choosing location for global struct: $String_Oaklie_Mario_Upgrade_Price
Choosing location for global struct: $String_Oaklie_Mario_Upgrade_Error
Choosing location for global struct: $String_SuperHammer
Choosing location for global struct: $String_UltraHammer
Choosing location for global struct: $String_SuperBoots
Choosing location for global struct: $String_UltraBoots
Choosing location for global struct: $Choice_Upgrades_Who
Choosing location for global struct: $Choice_Upgrades_Who_OnlyPartner
Choosing location for global struct: $Choice_Upgrades_Who_OnlyMario
Choosing location for global struct: $String_Oaklie_Confirm_Mario_Boots
Choosing location for global struct: $String_Oaklie_Confirm_Mario_Hammer
Choosing location for global struct: $String_Oaklie_Confirm_Partner
Choosing location for global struct: $String_Oaklie_Thanks
Choosing location for global struct: $String_Oaklie_Bye
Choosing location for global struct: $String_Oaklie_100Percent
Choosing location for global struct: $String_GlMario
Choosing location for global struct: $SignString_Classic
Choosing location for global struct: $SignString_Rogue
Choosing location for global struct: $String_Highscore0_0_0
Choosing location for global struct: $String_Highscore00_0_0
Choosing location for global struct: $String_Highscore0_00_0
Choosing location for global struct: $String_Highscore0_0_00
Choosing location for global struct: $String_Highscore00_00_0
Choosing location for global struct: $String_Highscore00_0_00
Choosing location for global struct: $String_Highscore0_00_00
Choosing location for global struct: $String_Highscore00_00_00
Choosing location for global struct: $Script_Init_Oaklie
Choosing location for global struct: $Script_Interact_Oaklie
Choosing location for global struct: $Script_MeetingOaklie1
Choosing location for global struct: $Script_MeetingOaklie2
Choosing location for global struct: $SkipCutscene_MeetingOaklie
Choosing location for global struct: $Script_Oaklie_BuyUpgrades
Choosing location for global struct: $Script_GetMarioUpgradeToPurchase
Choosing location for global struct: $Function_BankCoins_Close
Choosing location for global struct: $Function_BankCoins_UseLastFrame
Choosing location for global struct: $Function_LoadBankCoins
Choosing location for global struct: $Function_SubCoinsFromAccount
Choosing location for global struct: $Script_MarioUpgrade_Animation
Choosing location for global struct: $Script_80242A58
Choosing location for global struct: $Script_802405B8
Choosing location for global struct: $Function_OakChuck_GetBoots
Choosing location for global struct: $Function_OakChuck_GetHammer
Choosing location for global struct: $Function_SetHammer
Choosing location for global struct: $Function_SetBoots
Choosing location for global struct: $Function_OakChuck_GetPartnersUpgrades
Choosing location for global struct: $Function_GetPartnersUnlocked
Choosing location for global struct: $Script_OpenPartnersMenu
Choosing location for global struct: $Function_GetRank
Choosing location for global struct: $GetAllCoins
Choosing location for global struct: $Function_OakChuck_802423D0
Choosing location for global struct: $Function_SuperBlock_Glow_Start
Choosing location for global struct: $Function_OakChuck_CheckAvailability
Choosing location for global struct: $Function_OakChuck_802424A4
Choosing location for global struct: $Function_SuperBlock_Glow_End
Choosing location for global struct: $Function_OakChuck_802423EC
Choosing location for global struct: $Function_OakChuck_OpenPartnersList
Choosing location for global struct: $Data_80243D30
Choosing location for global struct: $Data_80243D38
Choosing location for global struct: $Data_80243D48
Choosing location for global struct: $Function_OakChuck_802427EC
Choosing location for global struct: $Script_UpgradeAnimation
Choosing location for global struct: $Function_OakChuck_80242F08
Choosing location for global struct: $Function_OakChuck_8024240C
Choosing location for global struct: $Function_OakChuck_80242978
Choosing location for global struct: $Function_OakChuck_80243048
Choosing location for global struct: $Function_OakChuck_80243090
Choosing location for global struct: $Data_80243D88
Choosing location for global struct: $Function_OakChuck_80242438
Choosing location for global struct: $Function_OakChuck_80242818
Choosing location for global struct: $Script_Oaklie_BuyBadges
Choosing location for global struct: $Script_BuyBadges_GetRandomBadge
Choosing location for global struct: $pt_00
Choosing location for global struct: $Function_SaveFlag
Choosing location for global struct: $Script_GetCommonBadges
Choosing location for global struct: $Script_GetRareBadges
Choosing location for global struct: $Function_GetPos
Choosing location for global struct: $Script_Chuck_Furniture_Restore
Choosing location for global struct: $Script_GetChallengesCompleted
Choosing location for global struct: $???_80244D24
Choosing location for global struct: $Data_StringsBank_Furniture_1
Choosing location for global struct: $Data_StringsBank_Furniture_2
Choosing location for global struct: $Data_CardsImages
Choosing location for global struct: $Script_Chuck_Skins_Restore
Choosing location for global struct: $???_80244D24_Skins
Choosing location for global struct: $Data_StringsBank_Skins_1
Choosing location for global struct: $Data_StringsBank_Skins_1_GameBeated
Choosing location for global struct: $Data_StringsBank_Skins_2
Choosing location for global struct: $Script_ReadSign_pt00
Choosing location for global struct: $LoadHighscores_copy
Choosing location for global struct: $Script_Cutscene_RubyKing
Choosing location for global struct: $ASCII_pt1_6
Choosing location for global struct: $Script_CheckCheatosCheats
Choosing location for global struct: $Data_CheatsQueue
Choosing location for global struct: $Script_FormatNumbers_Global
Choosing location for global struct: $Function_TrackRButton_Quickswap
Choosing location for global struct: $LoadLastPartner
Choosing location for global struct: $RespawnPartner
Choosing location for global struct: $DespawnPartner
Choosing location for global struct: $Script_SwapPartners
Choosing location for global struct: $MarioIcon_Image
Choosing location for global struct: $MarioIcon_Palette
Choosing location for global struct: $PrayIcon_Image
Choosing location for global struct: $PrayIcon_Palette
Choosing location for global struct: $String_DupliCommand_1
Choosing location for global struct: $String_DupliCommand_2
Choosing location for global struct: $Function_ActivateBadge
Choosing location for global struct: $Entity_Var1
Choosing location for global struct: $Entity_Var2
Choosing location for global struct: $Entity_Var3
Choosing location for global struct: $Entity_Var4
Choosing location for global struct: $LockVar
Choosing location for global struct: $RewardVar
Choosing location for global struct: $Reward_RewardID1
Choosing location for global struct: $Reward_RewardID2
Choosing location for global struct: $Reward_RewardID3
Choosing location for global struct: $Reward_RewardID4
Choosing location for global struct: $Reward_SuperBlock_Data1
Choosing location for global struct: $Reward_SuperBlock_Data2
Choosing location for global struct: $Entity_Switch_Var1
Choosing location for global struct: $Entity_Switch_Var2
Choosing location for global struct: $Data_Reward_Data1
Choosing location for global struct: $Data_Reward_Data2
Choosing location for global struct: $Data_Reward_DataX
Choosing location for global struct: $Data_Reward_DataExtra
Choosing location for global struct: $Data_Reward_GiantChestID
Choosing location for global struct: $Data_GiantChestYaw
Choosing location for global struct: $String_Lockamount
Choosing location for global struct: $String_LockConfirmation
Choosing location for global struct: $String_HPLockamount
Choosing location for global struct: $String_HPLockImpossible
Choosing location for global struct: $String_HPLockTouchIt
Choosing location for global struct: $MessageString_key
Choosing location for global struct: $MessageString_keys
Choosing location for global struct: $MessageString_coins
Choosing location for global struct: $String_GoombarioSpring
Choosing location for global struct: $String_WattSpring
Choosing location for global struct: $String_Rogue_CoinsGained_Failed
Choosing location for global struct: $String_Rogue_CoinsAdded
Choosing location for global struct: $String_Spring_1
Choosing location for global struct: $String_Spring_2
Choosing location for global struct: $Script_Roguelike_GetSpawnAmount
Choosing location for global struct: $Script_TrackInfiniteLoopInMain
Choosing location for global struct: $Script_Roguelike_GetFloor
Choosing location for global struct: $Script_Roguelike_LoadFloor
Choosing location for global struct: $Script_Roguelike_LoadFloor_1Thing2Traps
Choosing location for global struct: $Script_Rogue_LoadBombette
Choosing location for global struct: $Script_Roguelike_LoadFloor_SpikesMoving
Choosing location for global struct: $Script_Roguelike_LoadFloor_SpikesStatic
Choosing location for global struct: $Script_Rogue_Load_4ChestsCorners1
Choosing location for global struct: $Script_Rogue_Load_4ChestsCorners2
Choosing location for global struct: $Script_Rogue_LoadCorner1_Spikes
Choosing location for global struct: $Script_Rogue_LoadCorner2_Spikes
Choosing location for global struct: $Script_Rogue_LoadCorner3_Spikes
Choosing location for global struct: $Script_Rogue_LoadCorner4_Spikes
Choosing location for global struct: $Script_Rogue_LoadFloor_Up1_Spikes
Choosing location for global struct: $Script_Rogue_LoadFloor_Left1_Spikes
Choosing location for global struct: $Script_Rogue_LoadFloor_Right1_Spikes
Choosing location for global struct: $Script_Rogue_LoadFloor_Down1_Spikes
Choosing location for global struct: $Script_Rogue_LoadFloor_Up2_Spikes
Choosing location for global struct: $Script_Rogue_LoadFloor_Right2_Spikes
Choosing location for global struct: $Script_Rogue_LoadFloor_Down2_Spikes
Choosing location for global struct: $Script_Rogue_LoadFloor_Left2_Spikes
Choosing location for global struct: $Script_Roguelike_LoadFloor_WaterGaps
Choosing location for global struct: $Script_Rogue_LoadFloor_Up_Water
Choosing location for global struct: $Script_Rogue_LoadFloor_Down_Water
Choosing location for global struct: $Script_Rogue_Load_Stairs2_1-1
Choosing location for global struct: $Script_Rogue_Load_Stairs2_1-2
Choosing location for global struct: $Script_Rogue_Load_Stairs2_2-1
Choosing location for global struct: $Script_Rogue_Load_Stairs2_2-2
Choosing location for global struct: $Script_Rogue_Load_Stairs2_3-1
Choosing location for global struct: $Script_Rogue_Load_Stairs2_3-2
Choosing location for global struct: $Script_Rogue_Load_Stairs2_4-1
Choosing location for global struct: $Script_Rogue_Load_Stairs2_4-2
Choosing location for global struct: $Bomb_Up
Choosing location for global struct: $Bomb_Right
Choosing location for global struct: $Bomb_Down
Choosing location for global struct: $Bomb_Left
Choosing location for global struct: $Script_BlastBombetteBlockUp
Choosing location for global struct: $Script_BlastBombetteBlockRight
Choosing location for global struct: $Script_BlastBombetteBlockDown
Choosing location for global struct: $Script_BlastBombetteBlockLeft
Choosing location for global struct: $Script_Destroy_SuperBlock_Left
Choosing location for global struct: $Script_Bind_PointBomb
Choosing location for global struct: $Script_Rogue_LoadEngine
Choosing location for global struct: $Script_Roguelike_LoadTraps
Choosing location for global struct: $Script_Reward_SetSwitch_SpawnPoint
Choosing location for global struct: $Function_Reward_WriteData1
Choosing location for global struct: $Function_Reward_WriteData1B
Choosing location for global struct: $Function_Reward_WriteData2
Choosing location for global struct: $Function_Reward_GetData1
Choosing location for global struct: $Function_Reward_GetData2
Choosing location for global struct: $Function_Reward_GetDataX
Choosing location for global struct: $Function_Reward_GetDataX_Alt
Choosing location for global struct: $Function_Reward_WriteDataX
Choosing location for global struct: $Function_Reward_WriteDataX_Alt
Choosing location for global struct: $Function_NukeRogueData
Choosing location for global struct: $ItemList_ImpossibleItem
Choosing location for global struct: $Function_LockAnimation
Choosing location for global struct: $Function_GetEntityPosition
Choosing location for global struct: $Script_Rogue_Load_Stairs1_1-1
Choosing location for global struct: $Script_Rogue_Load_Stairs1_1-2
Choosing location for global struct: $Script_Rogue_Load_Stairs1_2-1
Choosing location for global struct: $Script_Rogue_Load_Stairs1_2-2
Choosing location for global struct: $Script_Rogue_Load_Stairs1_3-1
Choosing location for global struct: $Script_Rogue_Load_Stairs1_3-2
Choosing location for global struct: $Script_Rogue_Load_Stairs1_4-1
Choosing location for global struct: $Script_Rogue_Load_Stairs1_4-2
Choosing location for global struct: $Script_Rogue_LoadCorner1
Choosing location for global struct: $Script_Rogue_LoadCorner2
Choosing location for global struct: $Script_Rogue_LoadCorner3
Choosing location for global struct: $Script_Rogue_LoadCorner4
Choosing location for global struct: $Script_Rogue_Load_TopCorner1-1
Choosing location for global struct: $Script_Rogue_Load_TopCorner1-2
Choosing location for global struct: $Script_Rogue_Load_TopCorner2-1
Choosing location for global struct: $Script_Rogue_Load_TopCorner2-2
Choosing location for global struct: $Script_Rogue_Load_TopCorner3-1
Choosing location for global struct: $Script_Rogue_Load_TopCorner3-2
Choosing location for global struct: $Script_Rogue_Load_TopCorner4-1
Choosing location for global struct: $Script_Rogue_Load_TopCorner4-2
Choosing location for global struct: $Script_Rogue_Load_PillarUp_001
Choosing location for global struct: $Script_Rogue_Load_PillarUp_010
Choosing location for global struct: $Script_Rogue_Load_PillarUp_100
Choosing location for global struct: $Script_Rogue_Load_PillarDown_001
Choosing location for global struct: $Script_Rogue_Load_PillarDown_010
Choosing location for global struct: $Script_Rogue_Load_PillarDown_100
Choosing location for global struct: $Script_Rogue_LoadFloor_Up
Choosing location for global struct: $Script_Rogue_LoadFloor_Right
Choosing location for global struct: $Script_Rogue_LoadFloor_Down
Choosing location for global struct: $Script_Rogue_LoadFloor_Left
Choosing location for global struct: $Script_Rogue_LoadFloors_Springs
Choosing location for global struct: $Script_Rogue_LoadFloors_Pillars
Choosing location for global struct: $Script_Null
Choosing location for global struct: $Script_UseSpring
Choosing location for global struct: $Script_UpdateCamera
Choosing location for global struct: $Script_Springs_EnableTopCollider
Choosing location for global struct: $Script_Reward_Spawn_Switches_TrapID3
Choosing location for global struct: $Script_Reward_Spawn_Switches_TrapID4
Choosing location for global struct: $Script_Reward_Spawn_Switches_TrapID5
Choosing location for global struct: $Script_Reward_Switches_MakeItemPickable
Choosing location for global struct: $Function_Reward_Swich_LockVar1
Choosing location for global struct: $Function_Reward_Swich_LockVar2
Choosing location for global struct: $Function_Reward_GetSwich_Var1
Choosing location for global struct: $Function_Reward_GetSwich_Var2
Choosing location for global struct: $Function_Reward_GetSwitchVarToUse
Choosing location for global struct: $Script_Rogue_Entities_SetSpawn
Choosing location for global struct: $Script_Rogue_Entities_SetSpawn_SuperBlock
Choosing location for global struct: $Script_Rogue_Entities_SetSpawn_Chests
Choosing location for global struct: $Script_Rogue_Entities_LoadVectorList_MiddleFloor
Choosing location for global struct: $Script_Rogue_Entities_LoadVectorList_MiddleFloor0X0
Choosing location for global struct: $Script_Rogue_Entities_LoadVectorList_MiddleFloorX0X
Choosing location for global struct: $Script_Rogue_Entities_LoadVectorList_Corners1
Choosing location for global struct: $Script_Rogue_Entities_LoadVectorList_Lockpads
Choosing location for global struct: $Script_Rogue_Entities_LoadVectorList_Block2
Choosing location for global struct: $Script_Rogue_Entities_SpawnSprings
Choosing location for global struct: $Function_SaveLockVar
Choosing location for global struct: $Function_ReadLockVar
Choosing location for global struct: $Script_SetLockAmount
Choosing location for global struct: $Script_Rogue_4Chests
Choosing location for global struct: $Script_Rogue_SetEntityPos
Choosing location for global struct: $Function_Global_GetPos
Choosing location for global struct: $Script_SetSignPos
Choosing location for global struct: $Script_Padlock_Keys
Choosing location for global struct: $Script_Padlock_Coins
Choosing location for global struct: $Script_Padlock_HP
Choosing location for global struct: $Script_CheckPadlock
Choosing location for global struct: $Function_Add_CoinsSpended_Half
Choosing location for global struct: $Function_Get_CoinsSpended_Half
Choosing location for global struct: $Script_Locks_GetAmount
Choosing location for global struct: $Script_GetCurrentSpring
Choosing location for global struct: $Function_GetMarioHP
Choosing location for global struct: $Function_GetMarioCoins
Choosing location for global struct: $Function_SubMarioHP
Choosing location for global struct: $Function_Entity_Lock_SaveEntityID
Choosing location for global struct: $Function_Entity_Lock_SaveKeyAmount
Choosing location for global struct: $Function_Entity_Lock_SetAmount
Choosing location for global struct: $Function_Load_Entity_Data1
Choosing location for global struct: $Function_Load_Entity_Data2
Choosing location for global struct: $Function_Load_Entity_Data3
Choosing location for global struct: $Function_Load_Entity_Data4
Choosing location for global struct: $Script_ActivateSpring
Choosing location for global struct: $Script_Springs_EnableColliders
Choosing location for global struct: $Script_Track_GroundPound
Choosing location for global struct: $Script_Track_Goombario
Choosing location for global struct: $Function_CheckGoombarioFlag
Choosing location for global struct: $Script_Track_Watt
Choosing location for global struct: $Function_CheckWattFlag
Choosing location for global struct: $Script_SetPos_SpringKeeper
Choosing location for global struct: $Script_Spring_SetNPC
Choosing location for global struct: $Function_Reward_GetExtraData
Choosing location for global struct: $Function_Reward_SaveExtraData
Choosing location for global struct: $Function_Load_RewardData
Choosing location for global struct: $Function_Save_RewardData
Choosing location for global struct: $Script_NPC_Init_Springkeeper
Choosing location for global struct: $Springkeeper_Interact
Choosing location for global struct: $Springkeeper_Idle
Choosing location for global struct: $Springkeeper_TrackBattle
Choosing location for global struct: $Script_Rogue_GiveHalfCoins
Choosing location for global struct: $ASCII_dmo_00
Choosing location for global struct: $ASCII_pt_00
Choosing location for global struct: $Function_Global_RevivePlayer
Choosing location for global struct: $VectorList_Entity_Spawn_Corners_Set1_1
Choosing location for global struct: $VectorList_Entity_Spawn_Corners_Set1_2
Choosing location for global struct: $VectorList_Entity_Spawn_Corners_Set1_3
Choosing location for global struct: $VectorList_Entity_Spawn_Corners_Set1_4
Choosing location for global struct: $VectorList_Entity_Spawn_Corners_Set2_1
Choosing location for global struct: $VectorList_Entity_Spawn_Corners_Set2_2
Choosing location for global struct: $VectorList_Entity_Spawn_Corners_Set2_3
Choosing location for global struct: $VectorList_Entity_Spawn_Corners_Set2_4
Choosing location for global struct: $VectorList_Entity_Spawn_Middle_Up_001
Choosing location for global struct: $VectorList_Entity_Spawn_Middle_Down_001
Choosing location for global struct: $VectorList_Entity_Spawn_Middle_Up_100
Choosing location for global struct: $VectorList_Entity_Spawn_Middle_Down_100
Choosing location for global struct: $VectorList_Entity_Spawn_Middle_Up_010
Choosing location for global struct: $VectorList_Entity_Spawn_Middle_Right_010
Choosing location for global struct: $VectorList_Entity_Spawn_Middle_Down_010
Choosing location for global struct: $VectorList_Entity_Spawn_Middle_Left_010
Choosing location for global struct: $VectorList_Entity_Spawn_Middle_Up_Switch_010
Choosing location for global struct: $VectorList_Entity_Spawn_Middle_Down_Switch_010
Choosing location for global struct: $VectorList_Entity_Spring1
Choosing location for global struct: $VectorList_Entity_Spring2
Choosing location for global struct: $VectorList_Entity_Spring3
Choosing location for global struct: $VectorList_Entity_Spring4
Choosing location for global struct: $VectorList_Entity_Lock_Spring_1
Choosing location for global struct: $VectorList_Entity_Lock_Spring_2
Choosing location for global struct: $VectorList_Entity_Lock_Spring_3
Choosing location for global struct: $VectorList_Entity_Lock_Spring_4
Choosing location for global struct: $VectorList_Entity_Block_Set1_1
Choosing location for global struct: $VectorList_Entity_Block_Set1_2
Choosing location for global struct: $VectorList_Entity_Block_Set1_3
Choosing location for global struct: $VectorList_Entity_Block_Set1_4
Choosing location for global struct: $VectorList_Entity_Block_Set2_1
Choosing location for global struct: $VectorList_Entity_Block_Set2_2
Choosing location for global struct: $VectorList_Entity_Block_Set2_3
Choosing location for global struct: $VectorList_Entity_Block_Set2_4
Choosing location for global struct: $Script_Rogue_CheckFlags_Entities
Choosing location for global struct: $Script_InitReward
Choosing location for global struct: $Script_SpawnRewards_Main
Choosing location for global struct: $Script_Padlock_Reformat_Keys
Choosing location for global struct: $Script_Padlock_Reformat_Coins
Choosing location for global struct: $Script_Padlock_Reformat_HP
Choosing location for global struct: $Script_SpawnRewards_OnlyUpgrades
Choosing location for global struct: $Script_Reward_Spawn_SuperBlock
Choosing location for global struct: $Script_Reward_Spawn_GiantChest
Choosing location for global struct: $Script_RotateChest
Choosing location for global struct: $Function_WriteGiantChestID
Choosing location for global struct: $Function_ReadGiantChestID
Choosing location for global struct: $Function_WriteRewardYaw
Choosing location for global struct: $Function_WriteRewardYawVar
Choosing location for global struct: $Function_GetRewardYaw
Choosing location for global struct: $Script_GiantChest_Main
Choosing location for global struct: $Function_GiantChest_EnableInputs
Choosing location for global struct: $Script_Reward_Chest_Main
Choosing location for global struct: $Function_GetSuperBlocksData1
Choosing location for global struct: $Function_GetSuperBlocksData2
Choosing location for global struct: $Function_WriteSuperBlocksData1
Choosing location for global struct: $Function_WriteSuperBlocksData2
Choosing location for global struct: $Script_SuperBlock_Main
Choosing location for global struct: $Script_80243D94
Choosing location for global struct: $Function_80242914
Choosing location for global struct: $Function_80242F08
Choosing location for global struct: $Function_8024240C
Choosing location for global struct: $Function_80242978
Choosing location for global struct: $Function_80243048
Choosing location for global struct: $Function_80243090
Choosing location for global struct: $Function_802429D0
Choosing location for global struct: $???_80243D48
Choosing location for global struct: $???_80243D88
Choosing location for global struct: $Function_80242438
Choosing location for global struct: $Function_80242818
Choosing location for global struct: $Function_802430D8
Choosing location for global struct: $Function_802423D0
Choosing location for global struct: $Function_80242850
Choosing location for global struct: $Function_CheckAvailability
Choosing location for global struct: $Function_GetBoots
Choosing location for global struct: $Function_GetHammer
Choosing location for global struct: $Function_CheckPartnersUpgrades
Choosing location for global struct: $Function_802424A4
Choosing location for global struct: $Function_802428E0
Choosing location for global struct: $Function_802423EC
Choosing location for global struct: $Function_OpenPartnersList
Choosing location for global struct: $???_80243D30
Choosing location for global struct: $???_80243D38
Choosing location for global struct: $Function_802427EC
Choosing location for global struct: $Script_Reward_SpawnItem
Choosing location for global struct: $Script_Entity_AdjustSpringTrap
Choosing location for global struct: $Script_Reward_SpawnBadge
Choosing location for global struct: $Script_Reward_Badges_CheckAllFlags
Choosing location for global struct: $Script_Reward_Badges_CheckAllFlags_ExceptHPDrain_PDownDUpANDSlowGo
Choosing location for global struct: $Function_GetData_RewardIDs
Choosing location for global struct: $Function_WriteData_RewardIDs
Choosing location for global struct: $Script_Reward_SetItemPos
Choosing location for global struct: $Script_Reward_ReadSpringkeeper
Choosing location for global struct: $Script_DisableColliders_Roguelike
Choosing location for global struct: $ResetPos1
Choosing location for global struct: $ResetPos2
Choosing location for global struct: $ResetPos3
Choosing location for global struct: $ResetPos4
Choosing location for global struct: $Script_Roguelike_MoveSpikes
Choosing location for global struct: $RowfsInventoryPointer
Choosing location for global struct: $ShopperInventory1
Choosing location for global struct: $ShopperInventory2
Choosing location for global struct: $ShopperInventory3
Choosing location for global struct: $ShopperInventory4
Choosing location for global struct: $ShopperInventory5
Choosing location for global struct: $ShopperInventory6
Choosing location for global struct: $ShopperInventory7
Choosing location for global struct: $ShopperInventory8
Choosing location for global struct: $ShopperInventory9
Choosing location for global struct: $ShopperInventory_Zero_1
Choosing location for global struct: $ShopperInventory_Zero_2
Choosing location for global struct: $ShopperInventoryX
Choosing location for global struct: $IsBadgeEquiped
Choosing location for global struct: $Script_DoStylishFX
Choosing location for global struct: $Script_InitTracker
Choosing location for global struct: $Script_NukeTracker
Choosing location for global struct: $Script_TimingTutor
Choosing location for global struct: $Function_GetFocusBadges
Choosing location for global struct: $Script_Cheev_Global_28
Choosing location for global struct: $Script_DoStylish_Multibonk
Choosing location for global struct: $Script_DoStylish_DizzyShell
Choosing location for global struct: $Script_Bomb_DoStylish
Choosing location for global struct: $Function_ExplotionFX
Choosing location for global struct: $Script_TydalWave_GoBackToHome
Choosing location for global struct: $SetActorYPos
Choosing location for global struct: $ASCII_title_bg
Choosing location for global struct: $ASCII_fla_bg
Choosing location for global struct: $Function_CheckCoinQuicker
Choosing location for global struct: $Function_GiveCoinBoost_CoinQuicker
Choosing location for global struct: $IsBadgeEquiped
Choosing location for global struct: $Function_RunScript_Confetti
Choosing location for global struct: $Script_PlayFX_Confetti
Choosing location for global struct: $TotalDamage_Dealt
Choosing location for global struct: $TotalDamage_Received
Choosing location for global struct: $TotalItemsUsed
Choosing location for global struct: $TotalFloors
Choosing location for global struct: $Timer_Total
Choosing location for global struct: $Timer_Floor
Choosing location for global struct: $Timer_Floor_Highest
Choosing location for global struct: $Timer_Speed
Choosing location for global struct: $Script_ReflectMariosAttack0
Choosing location for global struct: $Script_ReflectPartnerAttack0
Choosing location for global struct: $Script_ReflectMariosAttack
Choosing location for global struct: $Script_ReflectPartnerAttack
Choosing location for global struct: $DoMirrorHit
Choosing location for global struct: $Function_CheckPitFlag
Choosing location for global struct: $Function_GetTattleFlags
Choosing location for global struct: $BP_TotalTurns
Choosing location for global struct: $TrackTurns
Choosing location for global struct: $IsBadgeEquipped
Choosing location for global struct: $IsBadgeEquipped_Script
Choosing location for global struct: $PlayerHasBadge
Choosing location for global struct: $WriteAddress
Choosing location for global struct: $WriteAddressFloat
Choosing location for global struct: $ReadAddress
Choosing location for global struct: $ReadAddressFloat
Choosing location for global struct: $WriteBitFlag
Choosing location for global struct: $ReadBitFlag
Choosing location for global struct: $GetModelPointer
Choosing location for global struct: $GetNpcPointer
Choosing location for global struct: $GetEntityPointer
Choosing location for global struct: $RestoreInputs
Choosing location for global struct: $SkipCutscene_Default
Choosing location for global struct: $SpeakPartnerToPlayer
Choosing location for global struct: $InterpNpcYaw
Choosing location for global struct: $SetPartnerAnimation
Choosing location for global struct: $SetPlayerAnimation
Choosing location for global struct: $MovePartnerBehindMario
Choosing location for global struct: $MovePartnerInFrontOfMario
Choosing location for global struct: $Script_TexturePanning
Choosing location for global struct: $Function_AnimateTexture
Choosing location for global struct: $Func_AnimateTexture_DelayAll
Choosing location for global struct: $Script_FadeScreenIn
Choosing location for global struct: $Script_FadeScreenOut
Choosing location for global struct: $RunFunction
Choosing location for global struct: $PlayerStopUsingPartner
Choosing location for global struct: $SetNpcGroupBattleID
Choosing location for global struct: $DoNpcDefeat
Choosing location for global struct: $GetBitFlags
Choosing location for global struct: $ClearSoundFXs
Writing global struct $TempBase to 80411570
Writing global struct $ListNames_Star to 80411D70
Writing global struct $ListNames_Attack3 to 80411D78
Writing global struct $ListNames_Heart to 80411D80
Writing global struct $ListNames_Tornado to 80411D88
Writing global struct $ListNames_Electricity to 80411D90
Writing global struct $ListNames_Snowflakes to 80411DA0
Writing global struct $ListNames_Nice to 80411DA8
Writing global struct $ListNames_Peril to 80411DB0
Writing global struct $ListNames_Energy to 80411DB8
Writing global struct $ListNames_Music to 80411DC0
Writing global struct $Data_DPads_HoldTimers_UP to 80411DC8
Writing global struct $Data_DPads_HoldTimers_LEFT to 80411DD0
Writing global struct $Data_DPads_HoldTimers_DOWN to 80411DD8
Writing global struct $Data_DPads_HoldTimers_RIGHT to 80411DE0
Writing global struct $Function_FreezeNPCs to 80411DE8
Writing global struct $Function_RunScript to 80411E00
Writing global struct $Function_TrackInputs_DPadLRD to 80411E50
Writing global struct $ScriptMap_BadgeBelts to 80411EF0
Writing global struct $Script_ManageBelts_Start to 80411FC0
Writing global struct $Script_ManageBelts_Choose_Belts to 80412028
Writing global struct $Script_ManageBelts_RunCommand to 804120B8
Writing global struct $Script_ManageBelts_End to 80412330
Writing global struct $Function_GoExtraTab_CurrentChallenge to 804123B8
Writing global struct $Function_UnfreezeNpcs to 80412858
Writing global struct $Function_LockCLists to 80412868
Writing global struct $Function_EnableCLists to 80412880
Writing global struct $Data_BeltSaved_Flag to 80412890
Writing global struct $Script_Belts_Save to 80412898
Writing global struct $Script_Belts_Load to 80412968
Writing global struct $Script_PlayFX to 80412A30
Writing global struct $List_BadgesBelt to 804131A0
Writing global struct $List_SaveLoadFX to 804131C8
Writing global struct $List_FX to 804131F0
Writing global struct $Function_Save_LeftBelt to 80413268
Writing global struct $Function_Save_RightBelt to 80413460
Writing global struct $Function_Save_BottomBelt to 80413658
Writing global struct $Function_Load_LeftBelt to 80413850
Writing global struct $Function_Load_RightBelt to 80413A48
Writing global struct $Function_Load_BottomBelt to 80413C40
Writing global struct $Function_DisableActivatedBadges to 80413E38
Writing global struct $Function_ManageBelts to 80413E60
Writing global struct $Function_WhichBelt to 804140F8
Writing global struct $Function_SetFX to 804143A0
Writing global struct $String_All to 804146E8
Writing global struct $String_On to 804146F0
Writing global struct $Data_BeltsIcons_FirstIndex to 804146F8
Writing global struct $Icon_DPad to 80414700
Writing global struct $Palette_DPad to 80414900
Writing global struct $Icon_LeftB to 80414920
Writing global struct $Palette_LeftB to 80414B20
Writing global struct $Icon_RightB to 80414B40
Writing global struct $Palette_RightB to 80414D40
Writing global struct $Icon_DownB to 80414D60
Writing global struct $Palette_DownB to 80414F60
Writing global struct $Icon_BumpAttack to 80414F80
Writing global struct $Palette_BumpAttack to 80415180
Writing global struct $IconScript_DPad to 804151A0
Writing global struct $IconScript_LeftBelt to 804151D0
Writing global struct $IconScript_RightBelt to 80415200
Writing global struct $IconScript_DownBelt to 80415230
Writing global struct $IconScript_BumpAttack to 80415260
Writing global struct $Function_Save_UpBelt to 80415290
Writing global struct $Function_Load_UpBelt to 80415320
Writing global struct $Data_TopBelt to 80415390
Writing global struct $CloneIconScript to 804153D0
Writing global struct $FreeDuplicatedIconScript to 804154B8
Writing global struct $DuplicatedScript0 to 80415550
Writing global struct $DuplicatedScript1 to 80415580
Writing global struct $DuplicatedScript2 to 804155B0
Writing global struct $DuplicatedScript3 to 804155E0
Writing global struct $DuplicatedScript4 to 80415610
Writing global struct $DPad_HoldedFrames to 80415640
Writing global struct $Function_TrackDPad to 80415648
Writing global struct $Function_UpdateBadgeList to 80415938
Writing global struct $BadgeTab_CurrentBelt to 80415998
Writing global struct $String_CoinBoost to 804159A0
Writing global struct $Script_Init_SetActorStats to 804159C8
Writing global struct $Script_SetActorStats to 804159E8
Writing global struct $ShortcutData to 80415E00
Writing global struct $Data_Shorcut_FirstIconIndex to 80415E08
Writing global struct $Data_ShorcutsIndexes to 80415E10
Writing global struct $Data_IconGroup1_MainOffset to 80415E18
Writing global struct $Data_IconGroup2_MainOffset to 80415E20
Writing global struct $SetIconSize2 to 80415E28
Writing global struct $Icon_RButton to 80415E60
Writing global struct $Palette_RButton to 80415EE0
Writing global struct $Icon_Equal to 80415F00
Writing global struct $Palette_Equal to 80415F80
Writing global struct $Icon_C to 80415FA0
Writing global struct $Palette_C to 80416020
Writing global struct $IconScript_Mushroom to 80416040
Writing global struct $IconScript_C to 80416070
Writing global struct $IconScript_RButton to 804160A0
Writing global struct $IconScript_Equal to 804160D0
Writing global struct $IconScript_Boots1 to 80416100
Writing global struct $IconScript_Boots2 to 80416130
Writing global struct $IconScript_Boots3 to 80416160
Writing global struct $IconScript_Hammer1 to 80416190
Writing global struct $IconScript_Hammer2 to 804161C0
Writing global struct $IconScript_Hammer3 to 804161F0
Writing global struct $IconScript_StarSpirits to 80416220
Writing global struct $IconScript_Items to 80416248
Writing global struct $IconScript_Strategies to 80416278
Writing global struct $IconScript_Goombario to 804162A0
Writing global struct $IconScript_Kooper to 804162C8
Writing global struct $IconScript_Bombette to 804162F0
Writing global struct $IconScript_Parakarry to 80416318
Writing global struct $IconScript_Bow to 80416340
Writing global struct $IconScript_Watt to 80416368
Writing global struct $IconScript_Sushie to 80416390
Writing global struct $IconScript_Lakilester to 804163B8
Writing global struct $IconScript_Dot to 804163E0
Writing global struct $String_START to 80416460
Writing global struct $String_Challenge to 80416478
Writing global struct $String_StarPointIcon to 80416498
Writing global struct $Challenge_PopUp_Data to 804164A0
Writing global struct $Challenge_PopUp_Data2 to 804164A8
Writing global struct $Function_ChallengeNotification to 804164B0
Writing global struct $Function_NotificationBox to 80416678
Writing global struct $Function_TrackChallenges to 804167E0
Writing global struct $Function_GetCheevsUnlocked to 80417F58
Writing global struct $DrawBox_Notification to 804184B0
Writing global struct $String_HP to 80418518
Writing global struct $String_FP to 80418520
Writing global struct $String_InvalidStat to 80418528
Writing global struct $String_SameStat to 804185C0
Writing global struct $String_WhichOneToUpgrade to 80418680
Writing global struct $String_WhichOneToDowngrade to 804186A8
Writing global struct $Choice_HPFP to 804186D8
Writing global struct $String_Dupli_Welcome to 80418700
Writing global struct $String_Dupli_Bye to 80418820
Writing global struct $String_Dupli_NotEnoughCoins to 80418838
Writing global struct $String_Dupli_Thanks to 80418868
Writing global struct $String_Dupli_Confirmation to 80418898
Writing global struct $Choice_Dupli to 80418928
Writing global struct $String_BuyBadge_Error to 804189A8
Writing global struct $Super_String to 804189D8
Writing global struct $Ultra_String to 804189E0
Writing global struct $String_PartnerUpgrade_1stTime_1 to 804189E8
Writing global struct $String_PartnerUpgrade_1stTime_2 to 80418AC8
Writing global struct $String_PartnerUpgrade_Confirmation to 80418B58
Writing global struct $String_PartnerUpgrade_Error to 80418BC8
Writing global struct $String_Oaklie_Welcome_ChestFloor to 80418C38
Writing global struct $Choice_Upgrades_ChestFloor to 80418CE0
Writing global struct $String_Oaklie_ZeroCoins to 80418D08
Writing global struct $String_Oaklie_ForWho to 80418D88
Writing global struct $String_Oaklie_WhichOne to 80418DB8
Writing global struct $Choice_Upgrades_BootsAndHammer to 80418DC8
Writing global struct $Choice_Upgrades_OnlyHammer to 80418DF8
Writing global struct $Choice_Upgrades_OnlyBoots to 80418E30
Writing global struct $String_Oaklie_Mario_Upgrade_Price to 80418E68
Writing global struct $String_Oaklie_Mario_Upgrade_Error to 80418EB8
Writing global struct $String_SuperHammer to 80418F18
Writing global struct $String_UltraHammer to 80418F28
Writing global struct $String_SuperBoots to 80418F38
Writing global struct $String_UltraBoots to 80418F48
Writing global struct $Choice_Upgrades_Who to 80418F58
Writing global struct $Choice_Upgrades_Who_OnlyPartner to 80418F88
Writing global struct $Choice_Upgrades_Who_OnlyMario to 80418FC0
Writing global struct $String_Oaklie_Confirm_Mario_Boots to 80418FF8
Writing global struct $String_Oaklie_Confirm_Mario_Hammer to 80419038
Writing global struct $String_Oaklie_Confirm_Partner to 80419078
Writing global struct $String_Oaklie_Thanks to 804190B8
Writing global struct $String_Oaklie_Bye to 80419150
Writing global struct $String_Oaklie_100Percent to 80419168
Writing global struct $String_Oaklie_Bye_ChestFloor to 80419208
Writing global struct $Script_Interact_Rippo to 80419228
Writing global struct $Script_Interact_Dupli to 80419D10
Writing global struct $Script_Init_Toad to 8041A1E0
Writing global struct $Script_Reward_Badges_CheckOnlyMediumANDHight to 8041A2E8
Writing global struct $Script_Toad_EnableBinds to 8041A598
Writing global struct $Script_Interact_ToadItem1 to 8041A8A8
Writing global struct $Script_Interact_ToadItem2 to 8041A988
Writing global struct $Script_Interact_ToadItem3 to 8041AA68
Writing global struct $Script_Interact_ToadItem_Main to 8041AB48
Writing global struct $Script_BuyBadge_PlayerAlreadyHaveThatBadge to 8041B530
Writing global struct $Script_Toad_CheckBadgeFlag to 8041B918
Writing global struct $Script_Toad_SetBadgeFlag to 8041C580
Writing global struct $Script_Toad_GetBadgesData to 8041CC38
Writing global struct $Script_Toad_Sprites to 8041E5C8
Writing global struct $Script_Toad_SpawnBadges to 8041EE58
Writing global struct $Script_Init_Oaklie_ChestFloor to 8041F138
Writing global struct $Script_Interact_Oaklie to 8041F160
Writing global struct $Script_Oaklie_BuyUpgrades to 8041F1C8
Writing global struct $Script_GetMarioUpgradeToPurchase to 8041F548
Writing global struct $Function_BankCoins_Close to 8041FC80
Writing global struct $Function_BankCoins_UseLastFrame to 8041FC98
Writing global struct $Function_LoadBankCoins to 8041FCB0
Writing global struct $Function_SubCoinsFromAccount to 8041FCF8
Writing global struct $Script_MarioUpgrade_Animation to 8041FD18
Writing global struct $Script_80242A58 to 8041FF18
Writing global struct $Script_802405B8 to 80420150
Writing global struct $Function_GetPartnersUpgrades to 80420190
Writing global struct $Function_GetPartnersUnlocked to 80420238
Writing global struct $Script_OpenPartnersMenu to 804202E0
Writing global struct $Function_GetRank to 80420AD0
Writing global struct $GetAllCoins to 80420BD0
Writing global struct $Function_802423D0 to 80420C20
Writing global struct $Function_SuperBlock_Glow_Start to 80420C40
Writing global struct $Function_CheckAvailability to 80420CD0
Writing global struct $Function_802424A4 to 80420D80
Writing global struct $Function_SuperBlock_Glow_End to 80420DD0
Writing global struct $Function_802423EC to 80420E08
Writing global struct $Function_OpenPartnersList to 80420E28
Writing global struct $Data_80243D30 to 80421078
Writing global struct $Data_80243D38 to 80421080
Writing global struct $Data_80243D48 to 80421090
Writing global struct $Function_802427EC to 804210D0
Writing global struct $Script_UpgradeAnimation to 80421100
Writing global struct $Function_80242F08 to 804211C0
Writing global struct $Function_8024240C to 80421300
Writing global struct $Function_80242978 to 80421330
Writing global struct $Function_80243048 to 80421388
Writing global struct $Function_80243090 to 804213D0
Writing global struct $Data_80243D88 to 80421418
Writing global struct $Function_80242438 to 80421428
Writing global struct $Function_80242818 to 80421498
Writing global struct $Function_ActivateBadge2 to 804214D0
Writing global struct $PartnerPicture_Data to 80421540
Writing global struct $String_Ending_King1 to 804256E0
Writing global struct $String_Ending_King2 to 80425768
Writing global struct $Script_Cutscene_Ending_5 to 804257B0
Writing global struct $Script_NpcFlyTo_RubyKing to 80426088
Writing global struct $bp_04 to 804260F0
Writing global struct $Script_LoopShakeCam to 804260F8
Writing global struct $Script_EmitterEmbers_RubyKing to 80426198
Writing global struct $Script_Cutscene_SoulFlies_1 to 80426238
Writing global struct $Script_Cutscene_SoulFlies_2 to 80426288
Writing global struct $Script_Cutscene_SoulFlies_3 to 804262D8
Writing global struct $Script_Cutscene_SoulFlies_4 to 80426328
Writing global struct $Script_Cutscene_SoulFlies_5 to 80426378
Writing global struct $Script_Cutscene_SoulFlies_6 to 804263C8
Writing global struct $Script_Cutscene_SoulFlies to 80426418
Writing global struct $Script_CameraFollows_King to 80426658
Writing global struct $ASCII_SendThisToDex to 80426770
Writing global struct $ASCII_Version to 80426798
Writing global struct $String_Floor to 804267B0
Writing global struct $String_Modes to 804267B8
Writing global struct $String_Modes_Classic to 804267C0
Writing global struct $String_Modes_Classic_Bandit to 804267C8
Writing global struct $String_Modes_Roguelike to 804267D8
Writing global struct $String_Modes_Roguelike_Traps to 804267E8
Writing global struct $String_Modes_Roguelike_Traps_SpawnAmount to 804267F0
Writing global struct $String_Modes_Roguelike_Traps_ID to 80426800
Writing global struct $String_Modes_Roguelike_Traps_Loaded to 80426808
Writing global struct $String_Modes_Traps_SpawnPoint to 80426818
Writing global struct $String_Modes_Traps_SpawnSide to 80426828
Writing global struct $String_Modes_Traps_Size to 80426838
Writing global struct $String_True to 80426848
Writing global struct $String_False to 80426850
Writing global struct $String_Modes_Maze to 80426858
Writing global struct $String_Modes_Maze_Warp to 80426860
Writing global struct $String_Modes_Maze_O2_Max to 80426878
Writing global struct $String_Modes_Maze_O2_Sub to 80426888
Writing global struct $String_Modes_Maze_O2_Min to 80426898
Writing global struct $String_Modes_Maze_Traps to 804268A8
Writing global struct $String_Modes_Maze_Traps_Room2 to 804268B0
Writing global struct $String_Modes_Maze_Traps_Room4 to 804268B8
Writing global struct $String_Modes_Maze_Traps_Room6 to 804268C0
Writing global struct $String_Modes_Maze_Traps_Room8 to 804268C8
Writing global struct $String_Modes_Maze_Traps_Room10 to 804268D0
Writing global struct $String_Modes_Maze_Traps_Room12 to 804268D8
Writing global struct $String_Modes_Maze_Traps_Room14 to 804268E0
Writing global struct $String_Modes_Maze_Traps_Room16 to 804268E8
Writing global struct $String_Modes_Maze_Traps_Room17 to 804268F0
Writing global struct $String_Modes_Maze_Traps_Room19 to 804268F8
Writing global struct $String_Modes_Maze_Traps_Room_TrapID to 80426900
Writing global struct $String_Modes_Maze_Traps_Room_Var to 80426908
Writing global struct $String_Modes_Maze_Traps_Room_Chest1 to 80426910
Writing global struct $String_Modes_Maze_Traps_Room_Chest2 to 80426920
Writing global struct $String_Modes_Maze_StarPieces to 80426930
Writing global struct $String_Modes_Maze_TempStarPieces to 80426940
Writing global struct $String_MarioStats to 80426958
Writing global struct $String_Player_FullyHeal to 80426960
Writing global struct $String_Player_SetHPto1 to 80426978
Writing global struct $String_Player_Coins to 80426988
Writing global struct $String_Coins_Max to 80426990
Writing global struct $String_Coins_LostCoins to 804269A0
Writing global struct $String_LostCoins_Map to 804269B0
Writing global struct $String_LostCoins_Amount to 804269B8
Writing global struct $String_Player_LShrooms to 804269C0
Writing global struct $String_Player_Sack to 804269D0
Writing global struct $String_Partners to 804269E0
Writing global struct $String_Partners_Goombario to 804269F0
Writing global struct $String_Partners_Kooper to 80426A00
Writing global struct $String_Partners_Bombette to 80426A08
Writing global struct $String_Partners_Parakarry to 80426A18
Writing global struct $String_Partners_Bow to 80426A28
Writing global struct $String_Partners_Watt to 80426A30
Writing global struct $String_Partners_Sushie to 80426A38
Writing global struct $String_Partners_Lakilester to 80426A40
Writing global struct $String_Challenges to 80426A50
Writing global struct $String_Challenges_StarSpirits to 80426A60
Writing global struct $String_Challenges_SP to 80426A70
Writing global struct $Function_DebugMenu_Main to 80426A80
Writing global struct $DebugMenu_Data1 to 80426AD8
Writing global struct $Maze_Trap2_Data to 80426AE0
Writing global struct $Maze_Trap4_Data to 80426AE8
Writing global struct $Maze_Trap6_Data to 80426AF0
Writing global struct $Maze_Trap8_Data to 80426AF8
Writing global struct $Maze_Trap10_Data to 80426B00
Writing global struct $Maze_Trap12_Data to 80426B08
Writing global struct $Maze_Trap14_Data to 80426B10
Writing global struct $Maze_Trap16_Data to 80426B18
Writing global struct $Maze_Trap17_Data to 80426B20
Writing global struct $Maze_Trap19_Data to 80426B28
Writing global struct $Maze_ChestData_Map1_5 to 80426B30
Writing global struct $Maze_ChestData_Map9_13 to 80426B38
Writing global struct $Maze_ChestData_Map18_20 to 80426B40
Writing global struct $Maze_ChestData_Special1 to 80426B48
Writing global struct $Maze_ChestData_Special1_Blocks_Coords to 80426B50
Writing global struct $Maze_ChestData_Special2 to 80426B78
Writing global struct $Maze_PartnerData to 80426B80
Writing global struct $GetEntityPos to 80426B88
Writing global struct $SetEntityPos to 80426C00
Writing global struct $GetEntityScaling to 80426C78
Writing global struct $SetEntityScaling to 80426CF0
Writing global struct $GetEntityRotation to 80426D68
Writing global struct $SetEntityRotation to 80426DE8
Writing global struct $Function_GetMarioDefense to 80426E68
Writing global struct $IsBadgeEquiped0 to 80426EB8
Writing global struct $Function_GiveCoinBoost_Difficulties to 80426F08
Writing global struct $Function_GiveCoinBoost_BlueEvent to 80426FA8
Writing global struct $Function_GiveCoinBoost_Dupli to 80427050
Writing global struct $String_CommandName to 804270D0
Writing global struct $String_Pray_0 to 804270E0
Writing global struct $String_Pray_1 to 80427118
Writing global struct $IconScript_Pray to 80427158
Writing global struct $Script_FinalBattle_Pray to 80427188
Writing global struct $PlayerData_Items_Checkpoint1 to 804275F8
Writing global struct $PlayerData_Items_Checkpoint2 to 80427620
Writing global struct $PlayerData_Misc_Checkpoint1 to 80427648
Writing global struct $PlayerData_Misc_Checkpoint2 to 80427650
Writing global struct $FlowerBadgeArray to 80427658
Writing global struct $Main to 80427670
Writing global struct $IsBadgeEquipped1 to 804276F8
Writing global struct $Function_FixKooperBehaviour to 80427748
Writing global struct $PartnerList to 80427768
Writing global struct $BuildPartnerList to 80427778
Writing global struct $FindPartnerInTable to 80427828
Writing global struct $FreezeIntelligentLogo to 80427870
Writing global struct $Function_PlaySound to 80427908
Writing global struct $Script_Flying_Flower to 80427968
Writing global struct $String_Always_Challenges to 80427A48
Writing global struct $String_Always_Settings to 80427A60
Writing global struct $String_Always_Percentage to 80427A78
Writing global struct $String_Always_Progress to 80427A88
Writing global struct $String_Menu0_Global to 80427AA0
Writing global struct $String_Menu0_Classic to 80427AB0
Writing global struct $String_Menu0_Rogue to 80427AC8
Writing global struct $String_Menu0_Question to 80427AE0
Writing global struct $String_Menu0_Maze to 80427AF8
Writing global struct $String_Menu0_Settings to 80427B08
Writing global struct $String_Cursor to 80427B20
Writing global struct $String_Arrow_Left to 80427B30
Writing global struct $String_Arrow_Right to 80427B40
Writing global struct $String_StarPoint_Icon to 80427B50
Writing global struct $String_Settings_Pipes to 80427B58
Writing global struct $String_Settings_Floor to 80427B78
Writing global struct $String_Settings_Stylish to 80427B98
Writing global struct $String_Settings_Cutscenes to 80427BB8
Writing global struct $String_Settings_BattleShortcuts to 80427BD8
Writing global struct $String_Settings_Golden to 80427BF8
Writing global struct $String_Settings_MainMenu to 80427C18
Writing global struct $String_Demo to 80427C40
Writing global struct $ExtraTab_String_Buffer to 80427C60
Writing global struct $ExtraTab_String_Buffer_Menu0_Progress to 80427C78
Writing global struct $ExtraTab_String_Buffer_Size1E to 80427C90
Writing global struct $MapTab_GlobalXYOffset to 80427CA8
Writing global struct $Function_GetStylishFlags_Mario to 80427CB0
Writing global struct $Function_GetStylishFlags_Partners to 80427E68
Writing global struct $Function_GetTattles to 804280C0
Writing global struct $Function_DisplayExtraTab to 80428210
Writing global struct $Function_GoToMainMenu_ExtraTab to 8042B0A0
Writing global struct $Function_GoToMainMenu to 8042B0E0
Writing global struct $Function_GetProgress_Cheevs_Global to 8042B150
Writing global struct $Function_GetProgress_Cheevs_Classic to 8042B330
Writing global struct $Function_GetProgress_Cheevs_Rogue to 8042B4C0
Writing global struct $Function_GetProgress_Cheevs_Dungeon to 8042B670
Writing global struct $ExtraTab_CursorData to 8042B730
Writing global struct $ExtraTab_CursorData2 to 8042B738
Writing global struct $ExtraTab_CursorData3 to 8042B740
Writing global struct $ExtraTab_CursorData4 to 8042B748
Writing global struct $ExtraTab_ASCII_Buffer to 8042B750
Writing global struct $ExtraTab_ASCII_YellowBuffer to 8042B758
Writing global struct $ASCII_Format_Byte to 8042B760
Writing global struct $ASCII_Format_TotalProgress to 8042B768
Writing global struct $ASCII_Format_CurrentSP to 8042B770
Writing global struct $ASCII_Format_ByteMenu0 to 8042B780
Writing global struct $String_PrintArrow to 8042B788
Writing global struct $String_CurrentCoins to 8042B798
Writing global struct $String_PrintCoinIcon to 8042B7A8
Writing global struct $String_x to 8042B7B0
Writing global struct $String_Buffer to 8042B7B8
Writing global struct $String_Buffer_Size1313 to 8042B7D0
Writing global struct $String_Buffer_Color00 to 8042B7E8
Writing global struct $String_Buffer_Yellow to 8042B800
Writing global struct $String_Final_Results to 8042B818
Writing global struct $String_Total_Dealt to 8042B830
Writing global struct $String_Total_Received to 8042B840
Writing global struct $String_Total_Items to 8042B858
Writing global struct $String_Total_Coins to 8042B868
Writing global struct $String_Total_Floors to 8042B880
Writing global struct $String_Total_MostTime to 8042B898
Writing global struct $String_Total_Time to 8042B8B8
Writing global struct $String_Total_Rank to 8042B8D0
Writing global struct $String_Total_Rank_Rainbow to 8042B8D8
Writing global struct $String_Total_Rank_F to 8042B8E8
Writing global struct $String_Total_Rank_E to 8042B8F0
Writing global struct $String_Total_Rank_D to 8042B8F8
Writing global struct $String_Total_Rank_C to 8042B900
Writing global struct $String_Total_Rank_B to 8042B908
Writing global struct $String_Total_Rank_A to 8042B910
Writing global struct $String_Total_Rank_S to 8042B918
Writing global struct $String_Normal to 8042B920
Writing global struct $String_Hard to 8042B930
Writing global struct $String_VeryHard to 8042B940
Writing global struct $String_KeysAmount to 8042B950
Writing global struct $String_StarPiecesAmount to 8042B958
Writing global struct $String_KeyIcon to 8042B960
Writing global struct $String_StarPieceIcon to 8042B968
Writing global struct $String_StarPieceIcon_Large to 8042B970
Writing global struct $String_Skip to 8042B978
Writing global struct $String_Kill1 to 8042B988
Writing global struct $String_Kill2 to 8042B9C8
Writing global struct $String_Kill3 to 8042BA00
Writing global struct $FX to 8042BAE0
Writing global struct $SubFX to 8042BAE8
Writing global struct $String_DemoSettingsBox_AfterLanding to 8042BAF8
Writing global struct $String_DemoSettingsBox_Always to 8042BB30
Writing global struct $String_DemoSettingsBox_Sign to 8042BB68
Writing global struct $String_DemoSettingsBox_TopPipe to 8042BB88
Writing global struct $String_DifficultyAbout_Normal to 8042BBB8
Writing global struct $String_DifficultyAbout_Hard to 8042BBD0
Writing global struct $String_DifficultyAbout_VeryHard to 8042BC08
Writing global struct $cursor to 8042BC40
Writing global struct $coin_posY to 8042BC48
Writing global struct $text_posY to 8042BC50
Writing global struct $box_sizeX to 8042BC58
Writing global struct $coin_opacity to 8042BC60
Writing global struct $text_opacity to 8042BC68
Writing global struct $BoxAnimation_Offset to 8042BC70
Writing global struct $BoxAnimation_State to 8042BC78
Writing global struct $DrawCoinBox to 8042BC80
Writing global struct $Script_HandleSpeed to 8042C0C0
Writing global struct $GetVar_BoxAnimation_State to 8042C188
Writing global struct $GetVar_BoxAnimation_Offset to 8042C1D0
Writing global struct $Function_MoveOffset to 8042C218
Writing global struct $Function_SubOffset to 8042C238
Writing global struct $DrawBox to 8042C258
Writing global struct $PointerToStoreAsciiTo to 8042C2C0
Writing global struct $PointerToStoreStringTo to 8042C2E0
Writing global struct $Formatters to 8042C308
Writing global struct $Function_Print_Coins to 8042C320
Writing global struct $ConvertAsciiToPM64String to 8042C408
Writing global struct $ShowBox_FinalResults to 8042C468
Writing global struct $ASCII_Format_Half to 8042CF38
Writing global struct $ASCII_Format_Byte to 8042CF40
Writing global struct $ASCII_Format_Time to 8042CF48
Writing global struct $ASCII_Buffer to 8042CF50
Writing global struct $RankOpacity to 8042CF58
Writing global struct $YellowBuffers to 8042CF60
Writing global struct $BuffersFlags to 8042CF68
Writing global struct $Rank_Damage_Dealt to 8042CF70
Writing global struct $Rank_Damage_Received to 8042CF78
Writing global struct $Rank_Items to 8042CF80
Writing global struct $Rank_Coins to 8042CF88
Writing global struct $Rank_Floors to 8042CF90
Writing global struct $Rank_Timer to 8042CF98
Writing global struct $Print_MessageBox to 8042CFA0
Writing global struct $FinalResults_Offset to 8042D008
Writing global struct $FinalResults_PrintingFlag to 8042D010
Writing global struct $Script_HandleSpeed_FinalResults to 8042D018
Writing global struct $LoadFR_Offset to 8042D360
Writing global struct $LoadFR_Offset_MoveOffset to 8042D3A8
Writing global struct $LoadFR_Flag to 8042D400
Writing global struct $LoadFR_Flag_SetTrue to 8042D448
Writing global struct $GetRankOpacity to 8042D468
Writing global struct $SetRankOpacity to 8042D4B0
Writing global struct $Function_LoadCurrentRank to 8042D4F8
Writing global struct $Function_TrackABButton to 8042D540
Writing global struct $Function_FinalResults_Reset to 8042D5D0
Writing global struct $Draw_KeysStarPiecesCounter to 8042D630
Writing global struct $ASCII_Format_StarPieces to 8042DB10
Writing global struct $KeyStarPieces_BoxData to 8042DB20
Writing global struct $KeyStarPieces_BoxDataExtra to 8042DB28
Writing global struct $KeyStarPieces_Timer to 8042DB30
Writing global struct $Function_KeyBox_LoadData to 8042DB38
Writing global struct $Function_KeyBox_SaveState to 8042DBB0
Writing global struct $Function_KeyBox_SaveOffset to 8042DBF8
Writing global struct $Function_KeyBox_SaveFlag to 8042DC40
Writing global struct $DungeonTimer to 8042DC88
Writing global struct $DungeonTimer_Speed to 8042DC90
Writing global struct $Maze_Timer to 8042DC98
Writing global struct $Maze_SP to 8042DE50
Writing global struct $DescriptionBox_Data to 8042DF10
Writing global struct $Draw_ChestsRoom to 8042DF18
Writing global struct $Function_FurnitureCursor to 8042DFC0
Writing global struct $Draw_OnlyDescriptionBox to 8042DFC8
Writing global struct $Display_SkipText to 8042EA38
Writing global struct $SkipCs_Data to 8042EB48
Writing global struct $TrackInput to 8042EB50
Writing global struct $Data_Inputs to 8042EC18
Writing global struct $LButton_Timer to 8042EC20
Writing global struct $Function_HoldLToDie to 8042EC28
Writing global struct $Script_KillPrompt to 8042ED30
Writing global struct $Script_SubstractCoins to 8042F250
Writing global struct $Function_TestFXs to 8042F398
Writing global struct $FXID1 to 8042F4D8
Writing global struct $ASCII_FX to 8042F4E0
Writing global struct $Script_TestFXs to 8042F4E8
Writing global struct $ToogleCheats to 8042F5F8
Writing global struct $Hook_362A60 to 8042F6D0
Writing global struct $SetUpgrades to 8042F748
Writing global struct $GodMode to 8042F7A0
Writing global struct $DemoSettingsBox to 8042F868
Writing global struct $DifficultiesDescriptions to 8042F970
Writing global struct $Function_TidalWave_RemoveBlue to 8042FA38
Writing global struct $Function_PlayFX_Flame_Color1 to 8042FAD0
Writing global struct $Function_PlayFX_Flame_Color2 to 8042FBD8
Writing global struct $Script_CheckBadgeFlags to 8042FCE0
Writing global struct $Data_FirstBox_Coords to 80431A00
Writing global struct $BoxData_HP to 80431A10
Writing global struct $BoxData_FP to 80431A20
Writing global struct $BoxData_Coins to 80431A30
Writing global struct $BoxData_StarPower to 80431A40
Writing global struct $IconScript_HealBoxHeart to 80431A50
Writing global struct $IconScript_FPPickup to 80431AB0
Writing global struct $IconScript_LifeShroom to 80431B10
Writing global struct $IconScript_FP_LifeShroom to 80431B40
Writing global struct $IconScript_Ultra_LifeShroom to 80431B70
Writing global struct $IconScript_LifeShroomBandW to 80431BA0
Writing global struct $IconScript_Star to 80431BD0
Writing global struct $CurrentLSIcon to 80431BF8
Writing global struct $CreateIcon to 80431C00
Writing global struct $SetIconPalette to 80431C68
Writing global struct $SetIconSize to 80431CD0
Writing global struct $StatsMenu_UpdateCurrentLS to 80431D18
Writing global struct $Function_StarMeter_RemoveBrownOutline to 80431E60
Writing global struct $String_Oaklie_Meeting_1 to 80431EA0
Writing global struct $String_Oaklie_Meeting_2 to 80431FC0
Writing global struct $String_Oaklie_LoadingAccount_0 to 80432130
Writing global struct $String_Oaklie_LoadingAccount_1 to 804321E0
Writing global struct $String_Oaklie_LoadingAccount_2 to 80432238
Writing global struct $String_CardSaved to 80432370
Writing global struct $Super_String to 80432388
Writing global struct $Ultra_String to 80432390
Writing global struct $String_PartnerUpgrade_1stTime_1 to 80432398
Writing global struct $String_PartnerUpgrade_1stTime_2 to 80432478
Writing global struct $String_PartnerUpgrade_Confirmation to 80432508
Writing global struct $String_PartnerUpgrade_Error to 80432578
Writing global struct $Common to 804325E8
Writing global struct $Rare to 804325F0
Writing global struct $String_BuyBadges1_Welcome to 804325F8
Writing global struct $Choice_BuyBadges to 80432628
Writing global struct $Choice_BuyBadges_Complete_Common to 80432670
Writing global struct $Choice_BuyBadges_Complete_Rare to 804326B0
Writing global struct $Choice_BuyBadges_NotEnoughCoins_Rare to 804326F0
Writing global struct $String_About_BuyingBadges to 80432738
Writing global struct $String_BuyBadges_Confirmation_RIGHT to 80432830
Writing global struct $String_BuyBadges_Confirmation_NEXT to 80432888
Writing global struct $String_BuyBadges_NotEnoughtCoins to 804328D8
Writing global struct $String_BuyBadges_NotEnoughtCoins2 to 80432920
Writing global struct $String_Oaklie_Welcome to 80432968
Writing global struct $Choice_Upgrades_Main to 80432998
Writing global struct $Choice_Upgrades_OnlyBadges to 804329D0
Writing global struct $Choice_Upgrades_OnlyUpgrades to 80432A10
Writing global struct $String_Oaklie_ZeroCoins to 80432A50
Writing global struct $String_Oaklie_ForWho to 80432AD0
Writing global struct $String_Oaklie_WhichOne to 80432AE0
Writing global struct $Choice_Upgrades_BootsAndHammer to 80432AF0
Writing global struct $Choice_Upgrades_OnlyHammer to 80432B20
Writing global struct $Choice_Upgrades_OnlyBoots to 80432B58
Writing global struct $String_Oaklie_Mario_Upgrade_Price to 80432B90
Writing global struct $String_Oaklie_Mario_Upgrade_Error to 80432BE0
Writing global struct $String_SuperHammer to 80432C40
Writing global struct $String_UltraHammer to 80432C50
Writing global struct $String_SuperBoots to 80432C60
Writing global struct $String_UltraBoots to 80432C70
Writing global struct $Choice_Upgrades_Who to 80432C80
Writing global struct $Choice_Upgrades_Who_OnlyPartner to 80432CB0
Writing global struct $Choice_Upgrades_Who_OnlyMario to 80432CE8
Writing global struct $String_Oaklie_Confirm_Mario_Boots to 80432D20
Writing global struct $String_Oaklie_Confirm_Mario_Hammer to 80432D60
Writing global struct $String_Oaklie_Confirm_Partner to 80432DA0
Writing global struct $String_Oaklie_Thanks to 80432DE0
Writing global struct $String_Oaklie_Bye to 80432E78
Writing global struct $String_Oaklie_100Percent to 80432E90
Writing global struct $String_GlMario to 80432F30
Writing global struct $SignString_Classic to 80432F50
Writing global struct $SignString_Rogue to 80432FE0
Writing global struct $String_Highscore0_0_0 to 80433070
Writing global struct $String_Highscore00_0_0 to 804330C0
Writing global struct $String_Highscore0_00_0 to 80433110
Writing global struct $String_Highscore0_0_00 to 80433160
Writing global struct $String_Highscore00_00_0 to 804331B0
Writing global struct $String_Highscore00_0_00 to 80433200
Writing global struct $String_Highscore0_00_00 to 80433250
Writing global struct $String_Highscore00_00_00 to 804332A0
Writing global struct $Script_Init_Oaklie to 804332F0
Writing global struct $Script_Interact_Oaklie to 80433318
Writing global struct $Script_MeetingOaklie1 to 804338E0
Writing global struct $Script_MeetingOaklie2 to 804339A8
Writing global struct $SkipCutscene_MeetingOaklie to 80433A50
Writing global struct $Script_Oaklie_BuyUpgrades to 80433C18
Writing global struct $Script_GetMarioUpgradeToPurchase to 80433F80
Writing global struct $Function_BankCoins_Close to 80434618
Writing global struct $Function_BankCoins_UseLastFrame to 80434630
Writing global struct $Function_LoadBankCoins to 80434648
Writing global struct $Function_SubCoinsFromAccount to 80434690
Writing global struct $Script_MarioUpgrade_Animation to 804346B0
Writing global struct $Script_80242A58 to 80434888
Writing global struct $Script_802405B8 to 80434AC0
Writing global struct $Function_OakChuck_GetBoots to 80434B00
Writing global struct $Function_OakChuck_GetHammer to 80434B48
Writing global struct $Function_SetHammer to 80434B90
Writing global struct $Function_SetBoots to 80434BD8
Writing global struct $Function_OakChuck_GetPartnersUpgrades to 80434C20
Writing global struct $Function_GetPartnersUnlocked to 80434CC8
Writing global struct $Script_OpenPartnersMenu to 80434D70
Writing global struct $Function_GetRank to 804355A8
Writing global struct $GetAllCoins to 804356A8
Writing global struct $Function_OakChuck_802423D0 to 804356F8
Writing global struct $Function_SuperBlock_Glow_Start to 80435718
Writing global struct $Function_OakChuck_CheckAvailability to 804357A8
Writing global struct $Function_OakChuck_802424A4 to 80435858
Writing global struct $Function_SuperBlock_Glow_End to 804358A8
Writing global struct $Function_OakChuck_802423EC to 804358E0
Writing global struct $Function_OakChuck_OpenPartnersList to 80435900
Writing global struct $Data_80243D30 to 80435B50
Writing global struct $Data_80243D38 to 80435B58
Writing global struct $Data_80243D48 to 80435B68
Writing global struct $Function_OakChuck_802427EC to 80435BA8
Writing global struct $Script_UpgradeAnimation to 80435BD8
Writing global struct $Function_OakChuck_80242F08 to 80435C98
Writing global struct $Function_OakChuck_8024240C to 80435DD8
Writing global struct $Function_OakChuck_80242978 to 80435E08
Writing global struct $Function_OakChuck_80243048 to 80435E60
Writing global struct $Function_OakChuck_80243090 to 80435EA8
Writing global struct $Data_80243D88 to 80435EF0
Writing global struct $Function_OakChuck_80242438 to 80435F00
Writing global struct $Function_OakChuck_80242818 to 80435F70
Writing global struct $Script_Oaklie_BuyBadges to 80435FA8
Writing global struct $Script_BuyBadges_GetRandomBadge to 80436658
Writing global struct $pt_00 to 80437F00
Writing global struct $Function_SaveFlag to 80437F08
Writing global struct $Script_GetCommonBadges to 80437F50
Writing global struct $Script_GetRareBadges to 804381E0
Writing global struct $Function_GetPos to 80438370
Writing global struct $Script_Chuck_Furniture_Restore to 80438450
Writing global struct $Script_GetChallengesCompleted to 804384B0
Writing global struct $???_80244D24 to 804389F0
Writing global struct $Data_StringsBank_Furniture_1 to 80438A20
Writing global struct $Data_StringsBank_Furniture_2 to 80438A60
Writing global struct $Data_CardsImages to 80438AA0
Writing global struct $Script_Chuck_Skins_Restore to 80438B08
Writing global struct $???_80244D24_Skins to 80438B78
Writing global struct $Data_StringsBank_Skins_1 to 80438BA8
Writing global struct $Data_StringsBank_Skins_1_GameBeated to 80438BE8
Writing global struct $Data_StringsBank_Skins_2 to 80438C28
Writing global struct $Script_ReadSign_pt00 to 80438C68
Writing global struct $LoadHighscores_copy to 80439248
Writing global struct $Script_Cutscene_RubyKing to 804392F8
Writing global struct $ASCII_pt1_6 to 80439818
Writing global struct $Script_CheckCheatosCheats to 80439820
Writing global struct $Data_CheatsQueue to 80439C90
Writing global struct $Script_FormatNumbers_Global to 80439CA0
Writing global struct $Function_TrackRButton_Quickswap to 80439D70
Writing global struct $LoadLastPartner to 80439E40
Writing global struct $RespawnPartner to 80439E88
Writing global struct $DespawnPartner to 80439EC0
Writing global struct $Script_SwapPartners to 80439EF0
Writing global struct $MarioIcon_Image to 80439FB8
Writing global struct $MarioIcon_Palette to 8043A1B8
Writing global struct $PrayIcon_Image to 8043A1D8
Writing global struct $PrayIcon_Palette to 8043A3D8
Writing global struct $String_DupliCommand_1 to 8043A3F8
Writing global struct $String_DupliCommand_2 to 8043A410
Writing global struct $Function_ActivateBadge to 8043A428
Writing global struct $Entity_Var1 to 8043A458
Writing global struct $Entity_Var2 to 8043A460
Writing global struct $Entity_Var3 to 8043A468
Writing global struct $Entity_Var4 to 8043A470
Writing global struct $LockVar to 8043A478
Writing global struct $RewardVar to 8043A480
Writing global struct $Reward_RewardID1 to 8043A488
Writing global struct $Reward_RewardID2 to 8043A490
Writing global struct $Reward_RewardID3 to 8043A498
Writing global struct $Reward_RewardID4 to 8043A4A0
Writing global struct $Reward_SuperBlock_Data1 to 8043A4A8
Writing global struct $Reward_SuperBlock_Data2 to 8043A4B0
Writing global struct $Entity_Switch_Var1 to 8043A4B8
Writing global struct $Entity_Switch_Var2 to 8043A4C0
Writing global struct $Data_Reward_Data1 to 8043A4C8
Writing global struct $Data_Reward_Data2 to 8043A4D0
Writing global struct $Data_Reward_DataX to 8043A4D8
Writing global struct $Data_Reward_DataExtra to 8043A4E0
Writing global struct $Data_Reward_GiantChestID to 8043A4E8
Writing global struct $Data_GiantChestYaw to 8043A4F0
Writing global struct $String_Lockamount to 8043A4F8
Writing global struct $String_LockConfirmation to 8043A530
Writing global struct $String_HPLockamount to 8043A578
Writing global struct $String_HPLockImpossible to 8043A628
Writing global struct $String_HPLockTouchIt to 8043A6A0
Writing global struct $MessageString_key to 8043A6E0
Writing global struct $MessageString_keys to 8043A6E8
Writing global struct $MessageString_coins to 8043A6F0
Writing global struct $String_GoombarioSpring to 8043A6F8
Writing global struct $String_WattSpring to 8043A750
Writing global struct $String_Rogue_CoinsGained_Failed to 8043A7B8
Writing global struct $String_Rogue_CoinsAdded to 8043A820
Writing global struct $String_Spring_1 to 8043A858
Writing global struct $String_Spring_2 to 8043A928
Writing global struct $Script_Roguelike_GetSpawnAmount to 8043A9D0
Writing global struct $Script_TrackInfiniteLoopInMain to 8043AC30
Writing global struct $Script_Roguelike_GetFloor to 8043ACD8
Writing global struct $Script_Roguelike_LoadFloor to 8043C300
Writing global struct $Script_Roguelike_LoadFloor_1Thing2Traps to 8043CEF8
Writing global struct $Script_Rogue_LoadBombette to 8043DD88
Writing global struct $Script_Roguelike_LoadFloor_SpikesMoving to 8043E060
Writing global struct $Script_Roguelike_LoadFloor_SpikesStatic to 8043E440
Writing global struct $Script_Rogue_Load_4ChestsCorners1 to 8043E6E0
Writing global struct $Script_Rogue_Load_4ChestsCorners2 to 8043E780
Writing global struct $Script_Rogue_LoadCorner1_Spikes to 8043E7F0
Writing global struct $Script_Rogue_LoadCorner2_Spikes to 8043E830
Writing global struct $Script_Rogue_LoadCorner3_Spikes to 8043E870
Writing global struct $Script_Rogue_LoadCorner4_Spikes to 8043E8B0
Writing global struct $Script_Rogue_LoadFloor_Up1_Spikes to 8043E8F0
Writing global struct $Script_Rogue_LoadFloor_Left1_Spikes to 8043E930
Writing global struct $Script_Rogue_LoadFloor_Right1_Spikes to 8043E970
Writing global struct $Script_Rogue_LoadFloor_Down1_Spikes to 8043E9B0
Writing global struct $Script_Rogue_LoadFloor_Up2_Spikes to 8043E9F0
Writing global struct $Script_Rogue_LoadFloor_Right2_Spikes to 8043EA30
Writing global struct $Script_Rogue_LoadFloor_Down2_Spikes to 8043EA70
Writing global struct $Script_Rogue_LoadFloor_Left2_Spikes to 8043EAB0
Writing global struct $Script_Roguelike_LoadFloor_WaterGaps to 8043EAF0
Writing global struct $Script_Rogue_LoadFloor_Up_Water to 8043ED78
Writing global struct $Script_Rogue_LoadFloor_Down_Water to 8043EEC8
Writing global struct $Script_Rogue_Load_Stairs2_1-1 to 8043F018
Writing global struct $Script_Rogue_Load_Stairs2_1-2 to 8043F058
Writing global struct $Script_Rogue_Load_Stairs2_2-1 to 8043F098
Writing global struct $Script_Rogue_Load_Stairs2_2-2 to 8043F0D8
Writing global struct $Script_Rogue_Load_Stairs2_3-1 to 8043F118
Writing global struct $Script_Rogue_Load_Stairs2_3-2 to 8043F158
Writing global struct $Script_Rogue_Load_Stairs2_4-1 to 8043F198
Writing global struct $Script_Rogue_Load_Stairs2_4-2 to 8043F1D8
Writing global struct $Bomb_Up to 8043F218
Writing global struct $Bomb_Right to 8043F228
Writing global struct $Bomb_Down to 8043F238
Writing global struct $Bomb_Left to 8043F248
Writing global struct $Script_BlastBombetteBlockUp to 8043F258
Writing global struct $Script_BlastBombetteBlockRight to 8043F2D8
Writing global struct $Script_BlastBombetteBlockDown to 8043F358
Writing global struct $Script_BlastBombetteBlockLeft to 8043F3D8
Writing global struct $Script_Destroy_SuperBlock_Left to 8043F458
Writing global struct $Script_Bind_PointBomb to 8043F500
Writing global struct $Script_Rogue_LoadEngine to 8043F6B8
Writing global struct $Script_Roguelike_LoadTraps to 8043F7B0
Writing global struct $Script_Reward_SetSwitch_SpawnPoint to 8043FE58
Writing global struct $Function_Reward_WriteData1 to 8043FF50
Writing global struct $Function_Reward_WriteData1B to 8043FFA8
Writing global struct $Function_Reward_WriteData2 to 80440000
Writing global struct $Function_Reward_GetData1 to 80440058
Writing global struct $Function_Reward_GetData2 to 804400D0
Writing global struct $Function_Reward_GetDataX to 80440148
Writing global struct $Function_Reward_GetDataX_Alt to 804401B8
Writing global struct $Function_Reward_WriteDataX to 80440228
Writing global struct $Function_Reward_WriteDataX_Alt to 80440298
Writing global struct $Function_NukeRogueData to 80440308
Writing global struct $ItemList_ImpossibleItem to 804403B0
Writing global struct $Function_LockAnimation to 804403B8
Writing global struct $Function_GetEntityPosition to 804403F0
Writing global struct $Script_Rogue_Load_Stairs1_1-1 to 80440490
Writing global struct $Script_Rogue_Load_Stairs1_1-2 to 804404E0
Writing global struct $Script_Rogue_Load_Stairs1_2-1 to 80440530
Writing global struct $Script_Rogue_Load_Stairs1_2-2 to 80440580
Writing global struct $Script_Rogue_Load_Stairs1_3-1 to 804405D0
Writing global struct $Script_Rogue_Load_Stairs1_3-2 to 80440620
Writing global struct $Script_Rogue_Load_Stairs1_4-1 to 80440670
Writing global struct $Script_Rogue_Load_Stairs1_4-2 to 804406C0
Writing global struct $Script_Rogue_LoadCorner1 to 80440710
Writing global struct $Script_Rogue_LoadCorner2 to 80440760
Writing global struct $Script_Rogue_LoadCorner3 to 804407B0
Writing global struct $Script_Rogue_LoadCorner4 to 80440800
Writing global struct $Script_Rogue_Load_TopCorner1-1 to 80440850
Writing global struct $Script_Rogue_Load_TopCorner1-2 to 804408A0
Writing global struct $Script_Rogue_Load_TopCorner2-1 to 804408F0
Writing global struct $Script_Rogue_Load_TopCorner2-2 to 80440940
Writing global struct $Script_Rogue_Load_TopCorner3-1 to 80440990
Writing global struct $Script_Rogue_Load_TopCorner3-2 to 804409E0
Writing global struct $Script_Rogue_Load_TopCorner4-1 to 80440A30
Writing global struct $Script_Rogue_Load_TopCorner4-2 to 80440A80
Writing global struct $Script_Rogue_Load_PillarUp_001 to 80440AD0
Writing global struct $Script_Rogue_Load_PillarUp_010 to 80440B10
Writing global struct $Script_Rogue_Load_PillarUp_100 to 80440B50
Writing global struct $Script_Rogue_Load_PillarDown_001 to 80440B90
Writing global struct $Script_Rogue_Load_PillarDown_010 to 80440BD0
Writing global struct $Script_Rogue_Load_PillarDown_100 to 80440C10
Writing global struct $Script_Rogue_LoadFloor_Up to 80440C50
Writing global struct $Script_Rogue_LoadFloor_Right to 80440CC8
Writing global struct $Script_Rogue_LoadFloor_Down to 80440D40
Writing global struct $Script_Rogue_LoadFloor_Left to 80440DB8
Writing global struct $Script_Rogue_LoadFloors_Springs to 80440E30
Writing global struct $Script_Rogue_LoadFloors_Pillars to 80440FE8
Writing global struct $Script_Null to 80441AA0
Writing global struct $Script_UseSpring to 80441AB0
Writing global struct $Script_UpdateCamera to 80441C60
Writing global struct $Script_Springs_EnableTopCollider to 80441CC8
Writing global struct $Script_Reward_Spawn_Switches_TrapID3 to 80441D80
Writing global struct $Script_Reward_Spawn_Switches_TrapID4 to 80441DB0
Writing global struct $Script_Reward_Spawn_Switches_TrapID5 to 80441DE0
Writing global struct $Script_Reward_Switches_MakeItemPickable to 80441E10
Writing global struct $Function_Reward_Swich_LockVar1 to 80441FC0
Writing global struct $Function_Reward_Swich_LockVar2 to 80441FD8
Writing global struct $Function_Reward_GetSwich_Var1 to 80441FF0
Writing global struct $Function_Reward_GetSwich_Var2 to 80442050
Writing global struct $Function_Reward_GetSwitchVarToUse to 804420B0
Writing global struct $Script_Rogue_Entities_SetSpawn to 80442180
Writing global struct $Script_Rogue_Entities_SetSpawn_SuperBlock to 80442250
Writing global struct $Script_Rogue_Entities_SetSpawn_Chests to 80442440
Writing global struct $Script_Rogue_Entities_LoadVectorList_MiddleFloor to 80442600
Writing global struct $Script_Rogue_Entities_LoadVectorList_MiddleFloor0X0 to 80442758
Writing global struct $Script_Rogue_Entities_LoadVectorList_MiddleFloorX0X to 80442800
Writing global struct $Script_Rogue_Entities_LoadVectorList_Corners1 to 80442898
Writing global struct $Script_Rogue_Entities_LoadVectorList_Lockpads to 80442930
Writing global struct $Script_Rogue_Entities_LoadVectorList_Block2 to 804429C8
Writing global struct $Script_Rogue_Entities_SpawnSprings to 80442A60
Writing global struct $Function_SaveLockVar to 80442FB8
Writing global struct $Function_ReadLockVar to 80442FF8
Writing global struct $Script_SetLockAmount to 80443038
Writing global struct $Script_Rogue_4Chests to 80443058
Writing global struct $Script_Rogue_SetEntityPos to 80443240
Writing global struct $Function_Global_GetPos to 804432D8
Writing global struct $Script_SetSignPos to 804433A0
Writing global struct $Script_Padlock_Keys to 804433E0
Writing global struct $Script_Padlock_Coins to 80443428
Writing global struct $Script_Padlock_HP to 80443470
Writing global struct $Script_CheckPadlock to 804434A8
Writing global struct $Function_Add_CoinsSpended_Half to 80443D60
Writing global struct $Function_Get_CoinsSpended_Half to 80443D80
Writing global struct $Script_Locks_GetAmount to 80443DD8
Writing global struct $Script_GetCurrentSpring to 80443EE0
Writing global struct $Function_GetMarioHP to 80443FC0
Writing global struct $Function_GetMarioCoins to 80444008
Writing global struct $Function_SubMarioHP to 80444050
Writing global struct $Function_Entity_Lock_SaveEntityID to 80444070
Writing global struct $Function_Entity_Lock_SaveKeyAmount to 80444130
Writing global struct $Function_Entity_Lock_SetAmount to 804441E0
Writing global struct $Function_Load_Entity_Data1 to 80444258
Writing global struct $Function_Load_Entity_Data2 to 804442C8
Writing global struct $Function_Load_Entity_Data3 to 80444338
Writing global struct $Function_Load_Entity_Data4 to 804443A8
Writing global struct $Script_ActivateSpring to 80444418
Writing global struct $Script_Springs_EnableColliders to 80444510
Writing global struct $Script_Track_GroundPound to 80444628
Writing global struct $Script_Track_Goombario to 80444770
Writing global struct $Function_CheckGoombarioFlag to 804449E0
Writing global struct $Script_Track_Watt to 80444A20
Writing global struct $Function_CheckWattFlag to 80444D20
Writing global struct $Script_SetPos_SpringKeeper to 80444D60
Writing global struct $Script_Spring_SetNPC to 804451B8
Writing global struct $Function_Reward_GetExtraData to 804453E8
Writing global struct $Function_Reward_SaveExtraData to 80445430
Writing global struct $Function_Load_RewardData to 80445478
Writing global struct $Function_Save_RewardData to 804454C0
Writing global struct $Script_NPC_Init_Springkeeper to 80445508
Writing global struct $Springkeeper_Interact to 80445558
Writing global struct $Springkeeper_Idle to 80445838
Writing global struct $Springkeeper_TrackBattle to 804458D0
Writing global struct $Script_Rogue_GiveHalfCoins to 80445A08
Writing global struct $ASCII_dmo_00 to 80445CF8
Writing global struct $ASCII_pt_00 to 80445D08
Writing global struct $Function_Global_RevivePlayer to 80445D10
Writing global struct $VectorList_Entity_Spawn_Corners_Set1_1 to 80445D40
Writing global struct $VectorList_Entity_Spawn_Corners_Set1_2 to 80445D68
Writing global struct $VectorList_Entity_Spawn_Corners_Set1_3 to 80445D90
Writing global struct $VectorList_Entity_Spawn_Corners_Set1_4 to 80445DB8
Writing global struct $VectorList_Entity_Spawn_Corners_Set2_1 to 80445DE0
Writing global struct $VectorList_Entity_Spawn_Corners_Set2_2 to 80445E08
Writing global struct $VectorList_Entity_Spawn_Corners_Set2_3 to 80445E30
Writing global struct $VectorList_Entity_Spawn_Corners_Set2_4 to 80445E58
Writing global struct $VectorList_Entity_Spawn_Middle_Up_001 to 80445E80
Writing global struct $VectorList_Entity_Spawn_Middle_Down_001 to 80445EA8
Writing global struct $VectorList_Entity_Spawn_Middle_Up_100 to 80445ED0
Writing global struct $VectorList_Entity_Spawn_Middle_Down_100 to 80445EF8
Writing global struct $VectorList_Entity_Spawn_Middle_Up_010 to 80445F20
Writing global struct $VectorList_Entity_Spawn_Middle_Right_010 to 80445F48
Writing global struct $VectorList_Entity_Spawn_Middle_Down_010 to 80445F70
Writing global struct $VectorList_Entity_Spawn_Middle_Left_010 to 80445F98
Writing global struct $VectorList_Entity_Spawn_Middle_Up_Switch_010 to 80445FC0
Writing global struct $VectorList_Entity_Spawn_Middle_Down_Switch_010 to 80445FE8
Writing global struct $VectorList_Entity_Spring1 to 80446010
Writing global struct $VectorList_Entity_Spring2 to 80446038
Writing global struct $VectorList_Entity_Spring3 to 80446060
Writing global struct $VectorList_Entity_Spring4 to 80446088
Writing global struct $VectorList_Entity_Lock_Spring_1 to 804460B0
Writing global struct $VectorList_Entity_Lock_Spring_2 to 804460D8
Writing global struct $VectorList_Entity_Lock_Spring_3 to 80446100
Writing global struct $VectorList_Entity_Lock_Spring_4 to 80446128
Writing global struct $VectorList_Entity_Block_Set1_1 to 80446150
Writing global struct $VectorList_Entity_Block_Set1_2 to 80446178
Writing global struct $VectorList_Entity_Block_Set1_3 to 804461A0
Writing global struct $VectorList_Entity_Block_Set1_4 to 804461C8
Writing global struct $VectorList_Entity_Block_Set2_1 to 804461F0
Writing global struct $VectorList_Entity_Block_Set2_2 to 80446218
Writing global struct $VectorList_Entity_Block_Set2_3 to 80446240
Writing global struct $VectorList_Entity_Block_Set2_4 to 80446268
Writing global struct $Script_Rogue_CheckFlags_Entities to 80446290
Writing global struct $Script_InitReward to 804465A0
Writing global struct $Script_SpawnRewards_Main to 80446990
Writing global struct $Script_Padlock_Reformat_Keys to 80446DC8
Writing global struct $Script_Padlock_Reformat_Coins to 80446EA8
Writing global struct $Script_Padlock_Reformat_HP to 804473F8
Writing global struct $Script_SpawnRewards_OnlyUpgrades to 80447918
Writing global struct $Script_Reward_Spawn_SuperBlock to 80447E80
Writing global struct $Script_Reward_Spawn_GiantChest to 80448018
Writing global struct $Script_RotateChest to 80448248
Writing global struct $Function_WriteGiantChestID to 80448338
Writing global struct $Function_ReadGiantChestID to 80448390
Writing global struct $Function_WriteRewardYaw to 804483E8
Writing global struct $Function_WriteRewardYawVar to 80448438
Writing global struct $Function_GetRewardYaw to 80448490
Writing global struct $Script_GiantChest_Main to 804484F0
Writing global struct $Function_GiantChest_EnableInputs to 80448688
Writing global struct $Script_Reward_Chest_Main to 804486C8
Writing global struct $Function_GetSuperBlocksData1 to 80448908
Writing global struct $Function_GetSuperBlocksData2 to 80448980
Writing global struct $Function_WriteSuperBlocksData1 to 804489F8
Writing global struct $Function_WriteSuperBlocksData2 to 80448A70
Writing global struct $Script_SuperBlock_Main to 80448AE8
Writing global struct $Script_80243D94 to 80449228
Writing global struct $Function_80242914 to 80449398
Writing global struct $Function_80242F08 to 80449400
Writing global struct $Function_8024240C to 80449540
Writing global struct $Function_80242978 to 80449570
Writing global struct $Function_80243048 to 804495C8
Writing global struct $Function_80243090 to 80449610
Writing global struct $Function_802429D0 to 80449658
Writing global struct $???_80243D48 to 80449B90
Writing global struct $???_80243D88 to 80449BD0
Writing global struct $Function_80242438 to 80449BE0
Writing global struct $Function_80242818 to 80449C50
Writing global struct $Function_802430D8 to 80449C88
Writing global struct $Function_802423D0 to 80449CB8
Writing global struct $Function_80242850 to 80449CD8
Writing global struct $Function_CheckAvailability to 80449D68
Writing global struct $Function_GetBoots to 80449E18
Writing global struct $Function_GetHammer to 80449E60
Writing global struct $Function_CheckPartnersUpgrades to 80449EA8
Writing global struct $Function_802424A4 to 80449F58
Writing global struct $Function_802428E0 to 80449FA8
Writing global struct $Function_802423EC to 80449FE0
Writing global struct $Function_OpenPartnersList to 8044A000
Writing global struct $???_80243D30 to 8044A250
Writing global struct $???_80243D38 to 8044A258
Writing global struct $Function_802427EC to 8044A268
Writing global struct $Script_Reward_SpawnItem to 8044A298
Writing global struct $Script_Entity_AdjustSpringTrap to 8044A4A0
Writing global struct $Script_Reward_SpawnBadge to 8044A570
Writing global struct $Script_Reward_Badges_CheckAllFlags to 8044BF60
Writing global struct $Script_Reward_Badges_CheckAllFlags_ExceptHPDrain_PDownDUpANDSlowGo to 8044C340
Writing global struct $Function_GetData_RewardIDs to 8044C6F0
Writing global struct $Function_WriteData_RewardIDs to 8044C770
Writing global struct $Script_Reward_SetItemPos to 8044C818
Writing global struct $Script_Reward_ReadSpringkeeper to 8044CB68
Writing global struct $Script_DisableColliders_Roguelike to 8044CDF0
Writing global struct $ResetPos1 to 8044D5B0
Writing global struct $ResetPos2 to 8044D5D8
Writing global struct $ResetPos3 to 8044D600
Writing global struct $ResetPos4 to 8044D628
Writing global struct $Script_Roguelike_MoveSpikes to 8044D650
Writing global struct $RowfsInventoryPointer to 8044DE00
Writing global struct $ShopperInventory1 to 8044DE08
Writing global struct $ShopperInventory2 to 8044DE50
Writing global struct $ShopperInventory3 to 8044DE98
Writing global struct $ShopperInventory4 to 8044DEE0
Writing global struct $ShopperInventory5 to 8044DF28
Writing global struct $ShopperInventory6 to 8044DF70
Writing global struct $ShopperInventory7 to 8044DFB8
Writing global struct $ShopperInventory8 to 8044E000
Writing global struct $ShopperInventory9 to 8044E048
Writing global struct $ShopperInventory_Zero_1 to 8044E090
Writing global struct $ShopperInventory_Zero_2 to 8044E0D8
Writing global struct $ShopperInventoryX to 8044E120
Writing global struct $IsBadgeEquiped to 8044E168
Writing global struct $Script_DoStylishFX to 8044E1B8
Writing global struct $Script_InitTracker to 8044E7F0
Writing global struct $Script_NukeTracker to 8044E8B0
Writing global struct $Script_TimingTutor to 8044E910
Writing global struct $Function_GetFocusBadges to 8044E9D8
Writing global struct $Script_Cheev_Global_28 to 8044EAD8
Writing global struct $Script_DoStylish_Multibonk to 8044EE70
Writing global struct $Script_DoStylish_DizzyShell to 8044F400
Writing global struct $Script_Bomb_DoStylish to 8044FD10
Writing global struct $Function_ExplotionFX to 80450608
Writing global struct $Script_TydalWave_GoBackToHome to 80450850
Writing global struct $SetActorYPos to 80450C98
Writing global struct $ASCII_title_bg to 80450D30
Writing global struct $ASCII_fla_bg to 80450D40
Writing global struct $Function_CheckCoinQuicker to 80450D50
Writing global struct $Function_GiveCoinBoost_CoinQuicker to 80450D90
Writing global struct $IsBadgeEquiped to 80450E10
Writing global struct $Function_RunScript_Confetti to 80450E60
Writing global struct $Script_PlayFX_Confetti to 80450EA0
Writing global struct $TotalDamage_Dealt to 80451048
Writing global struct $TotalDamage_Received to 80451050
Writing global struct $TotalItemsUsed to 80451058
Writing global struct $TotalFloors to 80451060
Writing global struct $Timer_Total to 80451068
Writing global struct $Timer_Floor to 80451070
Writing global struct $Timer_Floor_Highest to 80451078
Writing global struct $Timer_Speed to 80451080
Writing global struct $Script_ReflectMariosAttack0 to 80451088
Writing global struct $Script_ReflectPartnerAttack0 to 804510A8
Writing global struct $Script_ReflectMariosAttack to 804510C8
Writing global struct $Script_ReflectPartnerAttack to 804512D0
Writing global struct $DoMirrorHit to 804514D8
Writing global struct $Function_CheckPitFlag to 80451798
Writing global struct $Function_GetTattleFlags to 804517F0
Writing global struct $BP_TotalTurns to 804518D0
Writing global struct $TrackTurns to 804518D8
Writing global struct $IsBadgeEquipped to 80451970
Writing global struct $IsBadgeEquipped_Script to 804519C0
Writing global struct $PlayerHasBadge to 80451A88
Writing global struct $WriteAddress to 80451B10
Writing global struct $WriteAddressFloat to 80451BB8
Writing global struct $ReadAddress to 80451C88
Writing global struct $ReadAddressFloat to 80451D30
Writing global struct $WriteBitFlag to 80451DD8
Writing global struct $ReadBitFlag to 80452060
Writing global struct $GetModelPointer to 80452150
Writing global struct $GetNpcPointer to 804521B8
Writing global struct $GetEntityPointer to 80452240
Writing global struct $RestoreInputs to 804522A0
Writing global struct $SkipCutscene_Default to 804523D8
Writing global struct $SpeakPartnerToPlayer to 80452568
Writing global struct $InterpNpcYaw to 80452700
Writing global struct $SetPartnerAnimation to 80452790
Writing global struct $SetPlayerAnimation to 80452F98
Writing global struct $MovePartnerBehindMario to 804530B0
Writing global struct $MovePartnerInFrontOfMario to 804532C0
Writing global struct $Script_TexturePanning to 804534D0
Writing global struct $Function_AnimateTexture to 80453570
Writing global struct $Func_AnimateTexture_DelayAll to 80453758
Writing global struct $Script_FadeScreenIn to 80453880
Writing global struct $Script_FadeScreenOut to 80453990
Writing global struct $RunFunction to 80453AA0
Writing global struct $PlayerStopUsingPartner to 80453AD0
Writing global struct $SetNpcGroupBattleID to 80453BA0
Writing global struct $DoNpcDefeat to 80453C48
Writing global struct $GetBitFlags to 80453DD8
Writing global struct $ClearSoundFXs to 80453E28
Finished reading global pointers:
804050B0 = $Global_MapConfigTable
80405340 = $Global_ActorNameTable
80405720 = $Global_ActorTattleTable
80405B00 = $Global_ActorOffsetsTable
80500000 = $Global_CollisionHeap
805C0000 = $Global_WorldHeap
80680000 = $Global_SpriteHeap
80740000 = $Global_BattleHeap
80413850 = $Function_Load_LeftBelt
80413A48 = $Function_Load_RightBelt
80413C40 = $Function_Load_BottomBelt
80413268 = $Function_Save_LeftBelt
80413460 = $Function_Save_RightBelt
80413658 = $Function_Save_BottomBelt
80413E38 = $Function_DisableActivatedBadges
80415E28 = $SetIconSize2
804164A0 = $Challenge_PopUp_Data
804164A8 = $Challenge_PopUp_Data2
804167E0 = $Function_TrackChallenges
804164B0 = $Function_ChallengeNotification
80419228 = $Script_Interact_Rippo
80419D10 = $Script_Interact_Dupli
8041A1E0 = $Script_Init_Toad
8041A2E8 = $Script_Reward_Badges_CheckOnlyMediumANDHight
8041F138 = $Script_Init_Oaklie_ChestFloor
804214D0 = $Function_ActivateBadge2
80421540 = $PartnerPicture_Data
804257B0 = $Script_Cutscene_Ending_5
80426AE0 = $Maze_Trap2_Data
80426AE8 = $Maze_Trap4_Data
80426AF0 = $Maze_Trap6_Data
80426AF8 = $Maze_Trap8_Data
80426B00 = $Maze_Trap10_Data
80426B08 = $Maze_Trap12_Data
80426B10 = $Maze_Trap14_Data
80426B18 = $Maze_Trap16_Data
80426B20 = $Maze_Trap17_Data
80426B28 = $Maze_Trap19_Data
80426B30 = $Maze_ChestData_Map1_5
80426B38 = $Maze_ChestData_Map9_13
80426B40 = $Maze_ChestData_Map18_20
80426B48 = $Maze_ChestData_Special1
80426B50 = $Maze_ChestData_Special1_Blocks_Coords
80426B78 = $Maze_ChestData_Special2
80426B80 = $Maze_PartnerData
80426C00 = $SetEntityPos
80426B88 = $GetEntityPos
80426CF0 = $SetEntityScaling
80426C78 = $GetEntityScaling
80426D68 = $GetEntityRotation
80426DE8 = $SetEntityRotation
80427188 = $Script_FinalBattle_Pray
804275F8 = $PlayerData_Items_Checkpoint1
80427620 = $PlayerData_Items_Checkpoint2
80427648 = $PlayerData_Misc_Checkpoint1
80427650 = $PlayerData_Misc_Checkpoint2
80427748 = $Function_FixKooperBehaviour
8042B0E0 = $Function_GoToMainMenu
8042B150 = $Function_GetProgress_Cheevs_Global
8042B330 = $Function_GetProgress_Cheevs_Classic
8042B4C0 = $Function_GetProgress_Cheevs_Rogue
8042B670 = $Function_GetProgress_Cheevs_Dungeon
8042B730 = $ExtraTab_CursorData
8042B738 = $ExtraTab_CursorData2
8042BC40 = $cursor
8042BC78 = $BoxAnimation_State
8042BC70 = $BoxAnimation_Offset
8042C258 = $DrawBox
8042C408 = $ConvertAsciiToPM64String
8042DB20 = $KeyStarPieces_BoxData
8042DB28 = $KeyStarPieces_BoxDataExtra
8042DB30 = $KeyStarPieces_Timer
8042DC88 = $DungeonTimer
8042DF10 = $DescriptionBox_Data
8042EB48 = $SkipCs_Data
8042EC18 = $Data_Inputs
8042F250 = $Script_SubstractCoins
8042FCE0 = $Script_CheckBadgeFlags
80431BF8 = $CurrentLSIcon
80431C00 = $CreateIcon
80431C68 = $SetIconPalette
80431CD0 = $SetIconSize
804332F0 = $Script_Init_Oaklie
80434C20 = $Function_OakChuck_GetPartnersUpgrades
80434CC8 = $Function_GetPartnersUnlocked
80438450 = $Script_Chuck_Furniture_Restore
804384B0 = $Script_GetChallengesCompleted
804389F0 = $???_80244D24
80438A20 = $Data_StringsBank_Furniture_1
80438A60 = $Data_StringsBank_Furniture_2
80438AA0 = $Data_CardsImages
80438B08 = $Script_Chuck_Skins_Restore
80438B78 = $???_80244D24_Skins
80438BA8 = $Data_StringsBank_Skins_1
80438BE8 = $Data_StringsBank_Skins_1_GameBeated
80438C28 = $Data_StringsBank_Skins_2
80439248 = $LoadHighscores_copy
80438C68 = $Script_ReadSign_pt00
804392F8 = $Script_Cutscene_RubyKing
80439820 = $Script_CheckCheatosCheats
80439C90 = $Data_CheatsQueue
80439D70 = $Function_TrackRButton_Quickswap
80439FB8 = $MarioIcon_Image
8043A1B8 = $MarioIcon_Palette
8043A1D8 = $PrayIcon_Image
8043A3D8 = $PrayIcon_Palette
8043A458 = $Entity_Var1
8043A460 = $Entity_Var2
8043A468 = $Entity_Var3
8043A470 = $Entity_Var4
8043A488 = $Reward_RewardID1
8043A490 = $Reward_RewardID2
8043A498 = $Reward_RewardID3
8043A4A0 = $Reward_RewardID4
8043A478 = $LockVar
8043A480 = $RewardVar
8043A4C8 = $Data_Reward_Data1
8043A4D0 = $Data_Reward_Data2
8043A4D8 = $Data_Reward_DataX
8043A4E0 = $Data_Reward_DataExtra
8043A4A8 = $Reward_SuperBlock_Data1
8043A4B0 = $Reward_SuperBlock_Data2
8043A4B8 = $Entity_Switch_Var1
8043A4C0 = $Entity_Switch_Var2
8043A4E8 = $Data_Reward_GiantChestID
8043A4F0 = $Data_GiantChestYaw
8043A9D0 = $Script_Roguelike_GetSpawnAmount
80443240 = $Script_Rogue_SetEntityPos
80445508 = $Script_NPC_Init_Springkeeper
80445A08 = $Script_Rogue_GiveHalfCoins
8043A7B8 = $String_Rogue_CoinsGained_Failed
8043A820 = $String_Rogue_CoinsAdded
80445CF8 = $ASCII_dmo_00
80445D08 = $ASCII_pt_00
8044A570 = $Script_Reward_SpawnBadge
8044BF60 = $Script_Reward_Badges_CheckAllFlags
8044C340 = $Script_Reward_Badges_CheckAllFlags_ExceptHPDrain_PDownDUpANDSlowGo
8044CDF0 = $Script_DisableColliders_Roguelike
8044DE00 = $RowfsInventoryPointer
8044DE08 = $ShopperInventory1
8044DE50 = $ShopperInventory2
8044DE98 = $ShopperInventory3
8044DEE0 = $ShopperInventory4
8044DF28 = $ShopperInventory5
8044DF70 = $ShopperInventory6
8044DFB8 = $ShopperInventory7
8044E000 = $ShopperInventory8
8044E048 = $ShopperInventory9
8044E090 = $ShopperInventory_Zero_1
8044E0D8 = $ShopperInventory_Zero_2
8044E120 = $ShopperInventoryX
8044E1B8 = $Script_DoStylishFX
8044E7F0 = $Script_InitTracker
8044E8B0 = $Script_NukeTracker
8044E910 = $Script_TimingTutor
80450C98 = $SetActorYPos
8044EE70 = $Script_DoStylish_Multibonk
8044F400 = $Script_DoStylish_DizzyShell
8044FD10 = $Script_Bomb_DoStylish
80450850 = $Script_TydalWave_GoBackToHome
80451048 = $TotalDamage_Dealt
80451050 = $TotalDamage_Received
80451058 = $TotalItemsUsed
80451060 = $TotalFloors
80451068 = $Timer_Total
80451070 = $Timer_Floor
80451078 = $Timer_Floor_Highest
80451080 = $Timer_Speed
804518D0 = $BP_TotalTurns
804522A0 = $RestoreInputs
80451B10 = $WriteAddress
80451C88 = $ReadAddress
80451BB8 = $WriteAddressFloat
80451D30 = $ReadAddressFloat
80451DD8 = $WriteBitFlag
80452060 = $ReadBitFlag
80452150 = $GetModelPointer
804521B8 = $GetNpcPointer
80452240 = $GetEntityPointer
80453AA0 = $RunFunction
804519C0 = $IsBadgeEquipped_Script
80451A88 = $PlayerHasBadge
804534D0 = $Script_TexturePanning
80453880 = $Script_FadeScreenIn
80453990 = $Script_FadeScreenOut
804523D8 = $SkipCutscene_Default
80452568 = $SpeakPartnerToPlayer
80452700 = $InterpNpcYaw
80452790 = $SetPartnerAnimation
80452F98 = $SetPlayerAnimation
804530B0 = $MovePartnerBehindMario
804532C0 = $MovePartnerInFrontOfMario
80453C48 = $DoNpcDefeat
80453AD0 = $PlayerStopUsingPartner
80453BA0 = $SetNpcGroupBattleID
80453DD8 = $GetBitFlags
80453E28 = $ClearSoundFXs
Setting initial map to kmr_20, Entry0 --> 0-B (0)
Building battle data...
Reading patch file: 18 Area FLO.bpat
Found $Function_80219420 (0)
Found $Function_802194E0 (0)
Found $Function_802195A0 (0)
Found $Function_80219660 (0)
Found $Function_80219720 (0)
Found $Function_802197E0 (0)
Found $Function_802198A0 (0)
Found $Function_80219C80 (0)
Found $Function_80219D40 (0)
Found $Function_80219E00 (0)
Merged 20 regions to 19
Reading patch file: 19 Area FLO2.bpat
Found $Function_80218DD0 (0)
Found $Function_80218E90 (0)
Found $Function_80218F50 (0)
Found $Function_80219010 (0)
Found $Function_802190D0 (0)
Found $Function_80219190 (0)
Found $Function_80219250 (0)
Found $Function_80219630 (0)
Found $Function_802196F0 (0)
Found $Function_802197B0 (0)
Merged 13 regions to 12
Changing pointer 80235E00 to 80235DF8 ($End)
Changing pointer 80235E00 to 80235DF8 ($End)
Changing pointer 80235E24 to 80235E1C ($End[24])
Changing pointer 80235E48 to 80235E40 ($End[48])
Changing pointer 80235E6C to 80235E64 ($End[6C])
Changing pointer 80235E90 to 80235E88 ($End[90])
Changing pointer 80235EB4 to 80235EAC ($End[B4])
Changing pointer 80235ED8 to 80235ED0 ($End[D8])
Changing pointer 80235EFC to 80235EF4 ($End[FC])
Changing pointer 80235F20 to 80235F18 ($End[120])
Changing pointer 80235F44 to 80235F3C ($End[144])
Reading patch file: 2F Example Battles.bpat
Creating struct: $Script_InitBMap
Creating struct: $00_Goomba
Creating struct: $Function_80218000_00
Creating struct: $Function_8021818C_00
Creating struct: $DefenseTable_80219610_00
Creating struct: $StatusTable_8021961C_00
Creating struct: $PartsTable_802196C8_00
Creating struct: $IdleAnimations_80219714_00
Creating struct: $IdleAnimations_80219760_00
Creating struct: $Script_Init_802197AC_00
Creating struct: $Script_Idle_802197F8_00
Creating struct: $Script_HandleEvent_80219AD4_00
Creating struct: $FloatTable_8021A194_00
Creating struct: $Script_TakeTurn_8021A300_00
Creating struct: $02_JrTroopa2
Creating struct: $IdleAnimations_80224380_02
Creating struct: $IdleAnimations_802243F8_02
Creating struct: $DefenseTable_8022440C_02
Creating struct: $StatusTable_80224418_02
Creating struct: $PartsTable_802244C4_02
Creating struct: $Script_80224510_02
Creating struct: $Script_802245A8_02
Creating struct: $IdleAnimations_8022464C_02
Creating struct: $Script_80224658_02
Creating struct: $Script_80224964_02
Creating struct: $Script_Init_80224A94_02
Creating struct: $Script_Idle_80224B24_02
Creating struct: $Script_HandleEvent_80224B58_02
Creating struct: $Script_802250E4_02
Creating struct: $Script_802251CC_02
Creating struct: $Script_TakeTurn_80225314_02
Creating struct: $Script_NextTurn_80225B4C_02
Creating struct: $04_CheatoTutorial
Creating struct: $IdleAnimations_Cheato
Creating struct: $DefenseTable_null
Creating struct: $StatusTable_null
Creating struct: $PartsTable_Cheato
Creating struct: $Script_Init_Cheato
Creating struct: $Script_null
Creating struct: $Script_HandleEvent_Cheato
Creating struct: $Script_StartTutorial
Creating struct: $FormationTable
Creating struct: $Example_Formation
Creating struct: $Boss_Formation
Creating struct: $Tutorial
Creating struct: $StageTable
Creating struct: $Stage_Tower
Creating struct: $Stage_Boss
Creating struct: $Stage_Pit
Creating struct: $Script_BeforeBattle
Creating struct: $Script_AfterBattle
Merged 1 regions to 1
$Script_TakeTurn_8021A300_00 will be placed at 80218000 (length = CC8 bytes)
$Script_StartTutorial will be placed at 80218CC8 (length = A34 bytes)
$Script_TakeTurn_80225314_02 will be placed at 802196FC (length = 838 bytes)
$Script_HandleEvent_80219AD4_00 will be placed at 80219F34 (length = 6C0 bytes)
$Script_HandleEvent_80224B58_02 will be placed at 8021A5F4 (length = 58C bytes)
$Script_80224658_02 will be placed at 8021AB80 (length = 30C bytes)
$Script_Idle_802197F8_00 will be placed at 8021AE8C (length = 2DC bytes)
$String_Cheato_5 will be placed at 8021B168 (length = 288 bytes)
$Script_NextTurn_80225B4C_02 will be placed at 8021B3F0 (length = 26C bytes)
$Script_HandleEvent_Cheato will be placed at 8021B65C (length = 264 bytes)
$String_Cheato_1 will be placed at 8021B8C0 (length = 218 bytes)
$Function_80218000_00 will be placed at 8021BAD8 (length = 18C bytes)
$Script_InitBMap will be placed at 8021BC64 (length = 174 bytes)
$FloatTable_8021A194_00 will be placed at 8021BDD8 (length = 16C bytes)
$String_Cheato_3 will be placed at 8021BF44 (length = 14C bytes)
$Script_802251CC_02 will be placed at 8021C090 (length = 148 bytes)
$Script_80224964_02 will be placed at 8021C1D8 (length = 130 bytes)
$Function_8021818C_00 will be placed at 8021C308 (length = F4 bytes)
$Script_802250E4_02 will be placed at 8021C3FC (length = E8 bytes)
$StatusTable_null will be placed at 8021C4E4 (length = AC bytes)
$StatusTable_8021961C_00 will be placed at 8021C590 (length = AC bytes)
$StatusTable_80224418_02 will be placed at 8021C63C (length = AC bytes)
$Script_80224510_02 will be placed at 8021C6E8 (length = 98 bytes)
$Script_Init_80224A94_02 will be placed at 8021C780 (length = 90 bytes)
$Script_BeforeBattle will be placed at 8021C810 (length = 7C bytes)
$Script_Init_Cheato will be placed at 8021C88C (length = 70 bytes)
$String_Cheato_4 will be placed at 8021C8FC (length = 5C bytes)
$String_Cheato_2 will be placed at 8021C958 (length = 58 bytes)
$FormationTable will be placed at 8021C9B0 (length = 50 bytes)
$Script_Init_802197AC_00 will be placed at 8021CA00 (length = 4C bytes)
$IdleAnimations_80219714_00 will be placed at 8021CA4C (length = 4C bytes)
$IdleAnimations_80219760_00 will be placed at 8021CA98 (length = 4C bytes)
$IdleAnimations_Cheato will be placed at 8021CAE4 (length = 4C bytes)
$Script_802245A8_02 will be placed at 8021CB30 (length = 40 bytes)
$IdleAnimations_80224380_02 will be placed at 8021CB70 (length = 3C bytes)
$Script_Idle_80224B24_02 will be placed at 8021CBAC (length = 34 bytes)
$Stage_Tower will be placed at 8021CBE0 (length = 28 bytes)
$Stage_Boss will be placed at 8021CC08 (length = 28 bytes)
$04_CheatoTutorial will be placed at 8021CC30 (length = 28 bytes)
$00_Goomba will be placed at 8021CC58 (length = 28 bytes)
$02_JrTroopa2 will be placed at 8021CC80 (length = 28 bytes)
$PartsTable_Cheato will be placed at 8021CCA8 (length = 24 bytes)
$Stage_Pit will be placed at 8021CCCC (length = 24 bytes)
$PartsTable_802196C8_00 will be placed at 8021CCF0 (length = 24 bytes)
$PartsTable_802244C4_02 will be placed at 8021CD14 (length = 24 bytes)
$StageTable will be placed at 8021CD38 (length = 20 bytes)
$Boss_Formation will be placed at 8021CD58 (length = 1C bytes)
$Example_Formation will be placed at 8021CD74 (length = 1C bytes)
$Tutorial will be placed at 8021CD90 (length = 1C bytes)
$IdleAnimations_802243F8_02 will be placed at 8021CDAC (length = 14 bytes)
$ASCII_"pit_bt01_shape"_Literal will be placed at 8021CDC0 (length = 14 bytes)
$ASCII_"ex_bt02_shape"_Literal will be placed at 8021CDD4 (length = 10 bytes)
$ASCII_"ex_bt01_shape"_Literal will be placed at 8021CDE4 (length = 10 bytes)
$Script_null will be placed at 8021CDF4 (length = 10 bytes)
$ASCII_"pit_bt01_hit"_Literal will be placed at 8021CE04 (length = 10 bytes)
$Script_AfterBattle will be placed at 8021CE14 (length = 10 bytes)
$ASCII_"ex_bt02_hit"_Literal will be placed at 8021CE24 (length = C bytes)
$ASCII_"ex_bt01_hit"_Literal will be placed at 8021CE30 (length = C bytes)
$IdleAnimations_8022464C_02 will be placed at 8021CE3C (length = C bytes)
$DefenseTable_8022440C_02 will be placed at 8021CE48 (length = C bytes)
$DefenseTable_80219610_00 will be placed at 8021CE54 (length = C bytes)
$DefenseTable_null will be placed at 8021CE60 (length = C bytes)
$ASCII_"sbk_bg"_Literal will be placed at 8021CE6C (length = C bytes)
$ASCII_"pre_02"_Literal will be placed at 8021CE78 (length = C bytes)
$ASCII_"sbk_tex"_Literal will be placed at 8021CE84 (length = 8 bytes)
$ASCII_"ex_02"_Literal will be placed at 8021CE8C (length = 8 bytes)
$ASCII_"tik_tex"_Literal will be placed at 8021CE94 (length = 8 bytes)
$ASCII_"ex_01"_Literal will be placed at 8021CE9C (length = 8 bytes)
Reading patch file: 30 Area PIT.bpat
Creating struct: $Script_InitBMap
Creating struct: $00_Goomba
Creating struct: $Function_80218000_00
Creating struct: $Function_8021818C_00
Creating struct: $DefenseTable_80219610_00
Creating struct: $StatusTable_8021961C_00
Creating struct: $PartsTable_802196C8_00
Creating struct: $IdleAnimations_80219714_00
Creating struct: $IdleAnimations_80219760_00
Creating struct: $Script_Init_802197AC_00
Creating struct: $Script_Idle_802197F8_00
Creating struct: $Script_HandleEvent_80219AD4_00
Creating struct: $FloatTable_8021A194_00
Creating struct: $Script_TakeTurn_8021A300_00
Creating struct: $00_SpikedGoomba
Creating struct: $Function_80218280_00
Creating struct: $Function_8021840C_00
Creating struct: $DefenseTable_8021AFD0_00
Creating struct: $StatusTable_8021AFDC_00
Creating struct: $PartsTable_8021B088_00
Creating struct: $IdleAnimations_8021B0D4_00
Creating struct: $IdleAnimations_8021B120_00
Creating struct: $Script_Init_8021B16C_00
Creating struct: $Script_Idle_8021B1B8_00
Creating struct: $Script_HandleEvent_8021B494_00
Creating struct: $FloatTable_8021BC70_00
Creating struct: $Script_TakeTurn_8021BDDC_00
Creating struct: $00_Paragoomba
Creating struct: $Function_80218500_00
Creating struct: $Function_80218558_00
Creating struct: $Function_802186E4_00
Creating struct: $DefenseTable_8021CB00_00
Creating struct: $DefenseTable_8021CB0C_00
Creating struct: $StatusTable_8021CB18_00
Creating struct: $StatusTable_8021CBC4_00
Creating struct: $PartsTable_8021CC70_00
Creating struct: $IdleAnimations_8021CD28_00
Creating struct: $IdleAnimations_8021CD74_00
Creating struct: $IdleAnimations_8021CDC0_00
Creating struct: $IdleAnimations_8021CDCC_00
Creating struct: $Script_Init_8021CDD8_00
Creating struct: $Script_Idle_8021CE24_00
Creating struct: $Script_8021D0E0_00
Creating struct: $Script_HandleEvent_8021D158_00
Creating struct: $Script_TakeTurn_8021D74C_00
Creating struct: $Script_8021DF64_00
Creating struct: $IdleAnimations_8021E4EC_00
Creating struct: $IdleAnimations_8021E538_00
Creating struct: $Script_8021E584_00
Creating struct: $Script_Idle_8021E5D0_00
Creating struct: $Script_HandleEvent_8021E8AC_00
Creating struct: $FloatTable_8021EF6C_00
Creating struct: $Script_TakeTurn_8021F0D8_00
Creating struct: $05_KoopaTroopa
Creating struct: $Function_802187E0_05
Creating struct: $DefenseTable_8021FEE0_05
Creating struct: $DefenseTable_8021FF0C_05
Creating struct: $StatusTable_8021FF18_05
Creating struct: $PartsTable_8021FFC4_05
Creating struct: $IdleAnimations_80220010_05
Creating struct: $IdleAnimations_8022005C_05
Creating struct: $IdleAnimations_802200A8_05
Creating struct: $Script_Init_802200F4_05
Creating struct: $Script_80220158_05
Creating struct: $Script_Idle_802202B0_05
Creating struct: $IntTable_80220740_05
Creating struct: $Script_HandleEvent_80220798_05
Creating struct: $Script_TakeTurn_8022131C_05
Creating struct: $05_Paratroopa
Creating struct: $Function_80218A20_05
Creating struct: $Function_80218A78_05
Creating struct: $DefenseTable_80223900_05
Creating struct: $DefenseTable_8022392C_05
Creating struct: $DefenseTable_80223938_05
Creating struct: $StatusTable_80223944_05
Creating struct: $StatusTable_802239F0_05
Creating struct: $PartsTable_80223A9C_05
Creating struct: $IdleAnimations_80223B30_05
Creating struct: $IdleAnimations_80223B7C_05
Creating struct: $IdleAnimations_80223BC8_05
Creating struct: $Script_NextTurn_80223C14_05
Creating struct: $Script_Init_80223C3C_05
Creating struct: $Script_80223CB4_05
Creating struct: $Script_Idle_80223D8C_05
Creating struct: $Script_8022409C_05
Creating struct: $Script_HandleEvent_8022411C_05
Creating struct: $Script_TakeTurn_80224854_05
Creating struct: $Script_8022530C_05
Creating struct: $IdleAnimations_802258D0_05
Creating struct: $IdleAnimations_8022591C_05
Creating struct: $IdleAnimations_80225968_05
Creating struct: $Script_802259B4_05
Creating struct: $Script_80225A18_05
Creating struct: $Script_Idle_80225B70_05
Creating struct: $IntTable_80226000_05
Creating struct: $Script_HandleEvent_80226058_05
Creating struct: $Script_TakeTurn_80226BDC_05
Creating struct: $0B_BuzzyBeetle
Creating struct: $Function_802181A0_0B
Creating struct: $DefenseTable_8021E4C0_0B
Creating struct: $DefenseTable_8021E4DC_0B
Creating struct: $StatusTable_8021E4E8_0B
Creating struct: $PartsTable_8021E594_0B
Creating struct: $IdleAnimations_8021E5E0_0B
Creating struct: $IdleAnimations_8021E62C_0B
Creating struct: $IdleAnimations_8021E678_0B
Creating struct: $Script_Init_8021E6BC_0B
Creating struct: $Script_Idle_8021E88C_0B
Creating struct: $Script_8021E89C_0B
Creating struct: $Script_HandleEvent_8021ECD0_0B
Creating struct: $Script_8021F18C_0B
Creating struct: $IntTable_8021F1DC_0B
Creating struct: $Script_HandleEvent_8021F228_0B
Creating struct: $Script_TakeTurn_8021FF8C_0B
Creating struct: $Script_TakeTurn_80220A44_0B
Creating struct: $0A_BanditA
Creating struct: $IdleAnimations_8021D510_0A
Creating struct: $IdleAnimations_8021D55C_0A
Creating struct: $IdleAnimations_8021D5A8_0A
Creating struct: $DefenseTable_8021D5B4_0A
Creating struct: $StatusTable_8021D5C0_0A
Creating struct: $PartsTable_8021D66C_0A
Creating struct: $PartsTable_8021D6B4_0A
Creating struct: $BanditB_0A
Creating struct: $Vector3D_8021D728_0A
Creating struct: $SpecialFormation_8021D734_0A
Creating struct: $Script_Init_8021D750_0A
Creating struct: $Script_HandleEvent_8021D7B4_0A
Creating struct: $Script_Init_8021D7C4_0A
Creating struct: $Script_Idle_8021D810_0A
Creating struct: $Script_8021D820_0A
Creating struct: $Script_HandleEvent_8021DF88_0A
Creating struct: $Script_TakeTurn_8021E900_0A
Creating struct: $0B_PokeyMummy
Creating struct: $0B_PokeyMummy_mze
Creating struct: $Function_80218000_0B
Creating struct: $DefenseTable_80218C10_0B
Creating struct: $DefenseTable_80218C10_0B_mze
Creating struct: $StatusTable_80218C1C_0B
Creating struct: $PartsTable_80218CC8_0B
Creating struct: $PartsTable_80218CC8_0B_mze
Creating struct: $IdleAnimations_80218DC8_0B
Creating struct: $IdleAnimations_80218E04_0B
Creating struct: $IdleAnimations_80218E40_0B
Creating struct: $IdleAnimations_80218E7C_0B
Creating struct: $IdleAnimations_80218EB8_0B
Creating struct: $Script_Init_80218EC4_0B
Creating struct: $Script_Idle_80219040_0B
Creating struct: $Script_HandleEvent_80219050_0B
Creating struct: $Script_TakeTurn_80219D88_0B
Creating struct: $Script_8021A6C8_0B
Creating struct: $Script_8021B088_0B
Creating struct: $Script_8021B1B4_0B
Creating struct: $Script_8021B6AC_0B
Creating struct: $Script_8021B998_0B
Creating struct: $Script_8021BDE4_0B
Creating struct: $Script_8021C2BC_0B
Creating struct: $0B_Swooper
Creating struct: $Function_802180D0_0B
Creating struct: $DefenseTable_8021C4B0_0B
Creating struct: $StatusTable_8021C4BC_0B
Creating struct: $PartsTable_8021C568_0B
Creating struct: $IdleAnimations_8021C5B4_0B
Creating struct: $IdleAnimations_8021C600_0B
Creating struct: $Script_Init_8021C64C_0B
Creating struct: $Script_Idle_8021C6B0_0B
Creating struct: $Script_8021C6C0_0B
Creating struct: $Script_8021C880_0B
Creating struct: $Script_8021CD04_0B
Creating struct: $Script_HandleEvent_8021D064_0B
Creating struct: $Script_8021D7E4_0B
Creating struct: $Script_TakeTurn_8021DED4_0B
Creating struct: $0D_ForestFuzzy
Creating struct: $Function_80218000_0D
Creating struct: $Function_802180B4_0D
Creating struct: $DefenseTable_802183C0_0D
Creating struct: $StatusTable_802183CC_0D
Creating struct: $PartsTable_80218478_0D
Creating struct: $ForestFuzzy_0D
Creating struct: $IdleAnimations_802184C4_0D
Creating struct: $Script_Init_80218510_0D
Creating struct: $Script_Idle_80218574_0D
Creating struct: $Script_HandleEvent_80218584_0D
Creating struct: $Script_80218C48_0D
Creating struct: $Script_80219054_0D
Creating struct: $Script_8021A0D4_0D
Creating struct: $Script_8021A45C_0D
Creating struct: $Script_TakeTurn_8021A61C_0D
Creating struct: $Vector3D_8021A7F4_0D
Creating struct: $SpecialFormation_8021A800_0D
Creating struct: $FormationTable
Creating struct: $Formation_Pit0-1-1
Creating struct: $Formation_Pit0-1-2
Creating struct: $Formation_Pit0-1-3
Creating struct: $Formation_Pit0-2-1
Creating struct: $Formation_Pit0-2-2
Creating struct: $Formation_Pit0-2-3
Creating struct: $Formation_Pit0-3-1
Creating struct: $Formation_Pit0-3-2
Creating struct: $Formation_Pit0-3-3
Creating struct: $Formation_Pit0-4-1
Creating struct: $Formation_Pit0-4-2
Creating struct: $Formation_Pit0-4-3
Creating struct: $Formation_Pit0-5-1
Creating struct: $Formation_Pit0-5-2
Creating struct: $Formation_Pit0-5-3
Creating struct: $Formation_Pit1-1-1
Creating struct: $Formation_Pit1-1-2
Creating struct: $Formation_Pit1-1-3
Creating struct: $Formation_Pit1-2-1
Creating struct: $Formation_Pit1-2-2
Creating struct: $Formation_Pit1-2-3
Creating struct: $Formation_Pit1-3-1
Creating struct: $Formation_Pit1-3-2
Creating struct: $Formation_Pit1-3-3
Creating struct: $Formation_Pit1-4-1
Creating struct: $Formation_Pit1-4-2
Creating struct: $Formation_Pit1-4-3
Creating struct: $Formation_Pit1-5-1
Creating struct: $Formation_Pit1-5-2
Creating struct: $Formation_Pit1-5-3
Creating struct: $StageTable
Creating struct: $Stage_Pit1
Creating struct: $Stage_Pit2
Creating struct: $Stage_Pit3
Creating struct: $Script_BeforeBattle
Creating struct: $Script_AfterBattle
Found $Script_Init_8021C64C_0B (0)
Found $IdleAnimations_8021C5B4_0B (0)
Found $0B_Swooper (0)
Merged 1 regions to 1
$Script_80219054_0D will be placed at 80218000 (length = 1080 bytes)
$Script_TakeTurn_8021E900_0A will be placed at 80219080 (length = E14 bytes)
$Script_HandleEvent_8021F228_0B will be placed at 80219E94 (length = D64 bytes)
$Script_HandleEvent_80219050_0B will be placed at 8021ABF8 (length = D38 bytes)
$Script_TakeTurn_80226BDC_05 will be placed at 8021B930 (length = D34 bytes)
$Script_TakeTurn_8022131C_05 will be placed at 8021C664 (length = D34 bytes)
$Script_TakeTurn_8021BDDC_00 will be placed at 8021D398 (length = D20 bytes)
$Script_TakeTurn_8021A300_00 will be placed at 8021E0B8 (length = CC8 bytes)
$Script_TakeTurn_8021F0D8_00 will be placed at 8021ED80 (length = CC8 bytes)
$Script_HandleEvent_80220798_05 will be placed at 8021FA48 (length = B84 bytes)
$Script_HandleEvent_80226058_05 will be placed at 802205CC (length = B84 bytes)
$Script_TakeTurn_80224854_05 will be placed at 80221150 (length = AB8 bytes)
$Script_TakeTurn_8021FF8C_0B will be placed at 80221C08 (length = AB8 bytes)
$Script_TakeTurn_80220A44_0B will be placed at 802226C0 (length = A08 bytes)
$Script_8021A6C8_0B will be placed at 802230C8 (length = 9C0 bytes)
$Script_HandleEvent_8021DF88_0A will be placed at 80223A88 (length = 978 bytes)
$Script_TakeTurn_80219D88_0B will be placed at 80224400 (length = 940 bytes)
$Script_TakeTurn_8021D74C_00 will be placed at 80224D40 (length = 818 bytes)
$Script_HandleEvent_8021B494_00 will be placed at 80225558 (length = 7DC bytes)
$Script_HandleEvent_8021D064_0B will be placed at 80225D34 (length = 780 bytes)
$Script_8021D820_0A will be placed at 802264B4 (length = 768 bytes)
$Script_HandleEvent_8022411C_05 will be placed at 80226C1C (length = 738 bytes)
$Script_8021D7E4_0B will be placed at 80227354 (length = 6F0 bytes)
$Script_HandleEvent_80218584_0D will be placed at 80227A44 (length = 6C4 bytes)
$Script_HandleEvent_8021E8AC_00 will be placed at 80228108 (length = 6C0 bytes)
$Script_HandleEvent_80219AD4_00 will be placed at 802287C8 (length = 6C0 bytes)
$Script_HandleEvent_8021D158_00 will be placed at 80228E88 (length = 5F4 bytes)
$Script_TakeTurn_8021DED4_0B will be placed at 8022947C (length = 5E8 bytes)
$Script_8022530C_05 will be placed at 80229A64 (length = 5C4 bytes)
$Script_8021DF64_00 will be placed at 8022A028 (length = 588 bytes)
$Script_8021B1B4_0B will be placed at 8022A5B0 (length = 4F8 bytes)
$Script_8021BDE4_0B will be placed at 8022AAA8 (length = 4D8 bytes)
$Script_HandleEvent_8021ECD0_0B will be placed at 8022AF80 (length = 4BC bytes)
$Script_Idle_802202B0_05 will be placed at 8022B43C (length = 490 bytes)
$Script_Idle_80225B70_05 will be placed at 8022B8CC (length = 490 bytes)
$Script_8021C880_0B will be placed at 8022BD5C (length = 484 bytes)
$Script_8021B998_0B will be placed at 8022C1E0 (length = 44C bytes)
$Script_8021E89C_0B will be placed at 8022C62C (length = 434 bytes)
$Script_80218C48_0D will be placed at 8022CA60 (length = 40C bytes)
$Script_8021A0D4_0D will be placed at 8022CE6C (length = 388 bytes)
$Script_8021CD04_0B will be placed at 8022D1F4 (length = 360 bytes)
$Script_Idle_80223D8C_05 will be placed at 8022D554 (length = 310 bytes)
$Script_8021B6AC_0B will be placed at 8022D864 (length = 2EC bytes)
$Script_Idle_8021E5D0_00 will be placed at 8022DB50 (length = 2DC bytes)
$Script_Idle_8021B1B8_00 will be placed at 8022DE2C (length = 2DC bytes)
$Script_Idle_802197F8_00 will be placed at 8022E108 (length = 2DC bytes)
$Script_Idle_8021CE24_00 will be placed at 8022E3E4 (length = 2BC bytes)
$FormationTable will be placed at 8022E6A0 (length = 26C bytes)
$Script_8021C2BC_0B will be placed at 8022E90C (length = 1F0 bytes)
$Script_TakeTurn_8021A61C_0D will be placed at 8022EAFC (length = 1D8 bytes)
$Script_Init_8021E6BC_0B will be placed at 8022ECD4 (length = 1D0 bytes)
$Script_8021C6C0_0B will be placed at 8022EEA4 (length = 1C0 bytes)
$Script_8021A45C_0D will be placed at 8022F064 (length = 1C0 bytes)
$Function_80218558_00 will be placed at 8022F224 (length = 18C bytes)
$Function_80218000_00 will be placed at 8022F3B0 (length = 18C bytes)
$Function_80218280_00 will be placed at 8022F53C (length = 18C bytes)
$Script_Init_80218EC4_0B will be placed at 8022F6C8 (length = 17C bytes)
$Script_InitBMap will be placed at 8022F844 (length = 174 bytes)
$FloatTable_8021EF6C_00 will be placed at 8022F9B8 (length = 16C bytes)
$FloatTable_8021A194_00 will be placed at 8022FB24 (length = 16C bytes)
$FloatTable_8021BC70_00 will be placed at 8022FC90 (length = 16C bytes)
$Script_80220158_05 will be placed at 8022FDFC (length = 158 bytes)
$Script_80225A18_05 will be placed at 8022FF54 (length = 158 bytes)
$Script_8021B088_0B will be placed at 802300AC (length = 12C bytes)
$Function_802186E4_00 will be placed at 802301D8 (length = F4 bytes)
$Function_8021840C_00 will be placed at 802302CC (length = F4 bytes)
$Function_8021818C_00 will be placed at 802303C0 (length = F4 bytes)
$Script_80223CB4_05 will be placed at 802304B4 (length = D8 bytes)
$PartsTable_80218CC8_0B will be placed at 8023058C (length = D8 bytes)
$PartsTable_80218CC8_0B_mze will be placed at 80230664 (length = D8 bytes)
$Function_80218A78_05 will be placed at 8023073C (length = CC bytes)
$Function_802187E0_05 will be placed at 80230808 (length = CC bytes)
$Function_80218000_0B will be placed at 802308D4 (length = CC bytes)
$Function_802181A0_0B will be placed at 802309A0 (length = CC bytes)
$Function_802180D0_0B will be placed at 80230A6C (length = CC bytes)
$Function_80218000_0D will be placed at 80230B38 (length = B4 bytes)
$Function_802180B4_0D will be placed at 80230BEC (length = B4 bytes)
$StatusTable_8021C4BC_0B will be placed at 80230CA0 (length = AC bytes)
$StatusTable_8021FF18_05 will be placed at 80230D4C (length = AC bytes)
$StatusTable_802183CC_0D will be placed at 80230DF8 (length = AC bytes)
$StatusTable_8021CB18_00 will be placed at 80230EA4 (length = AC bytes)
$StatusTable_8021CBC4_00 will be placed at 80230F50 (length = AC bytes)
$StatusTable_802239F0_05 will be placed at 80230FFC (length = AC bytes)
$StatusTable_80223944_05 will be placed at 802310A8 (length = AC bytes)
$StatusTable_8021D5C0_0A will be placed at 80231154 (length = AC bytes)
$StatusTable_8021E4E8_0B will be placed at 80231200 (length = AC bytes)
$StatusTable_8021AFDC_00 will be placed at 802312AC (length = AC bytes)
$StatusTable_8021961C_00 will be placed at 80231358 (length = AC bytes)
$StatusTable_80218C1C_0B will be placed at 80231404 (length = AC bytes)
$PartsTable_8021CC70_00 will be placed at 802314B0 (length = 90 bytes)
$Script_8022409C_05 will be placed at 80231540 (length = 80 bytes)
$Script_8021D0E0_00 will be placed at 802315C0 (length = 78 bytes)
$Script_Init_80223C3C_05 will be placed at 80231638 (length = 78 bytes)
$PartsTable_80223A9C_05 will be placed at 802316B0 (length = 6C bytes)
$Script_802259B4_05 will be placed at 8023171C (length = 64 bytes)
$Script_Init_80218510_0D will be placed at 80231780 (length = 64 bytes)
$Script_Init_802200F4_05 will be placed at 802317E4 (length = 64 bytes)
$Script_Init_8021C64C_0B will be placed at 80231848 (length = 64 bytes)
$Script_Init_8021D750_0A will be placed at 802318AC (length = 64 bytes)
$Script_BeforeBattle will be placed at 80231910 (length = 5C bytes)
$Function_80218500_00 will be placed at 8023196C (length = 58 bytes)
$Function_80218A20_05 will be placed at 802319C4 (length = 58 bytes)
$IntTable_80220740_05 will be placed at 80231A1C (length = 58 bytes)
$IntTable_80226000_05 will be placed at 80231A74 (length = 58 bytes)
$Formation_Pit0-2-2 will be placed at 80231ACC (length = 54 bytes)
$Formation_Pit0-2-3 will be placed at 80231B20 (length = 54 bytes)
$Formation_Pit0-4-3 will be placed at 80231B74 (length = 54 bytes)
$Formation_Pit0-4-2 will be placed at 80231BC8 (length = 54 bytes)
$Formation_Pit1-1-2 will be placed at 80231C1C (length = 54 bytes)
$Formation_Pit0-3-2 will be placed at 80231C70 (length = 54 bytes)
$Formation_Pit0-3-3 will be placed at 80231CC4 (length = 54 bytes)
$Formation_Pit1-2-2 will be placed at 80231D18 (length = 54 bytes)
$Formation_Pit1-2-3 will be placed at 80231D6C (length = 54 bytes)
$Formation_Pit1-2-1 will be placed at 80231DC0 (length = 54 bytes)
$Formation_Pit1-3-2 will be placed at 80231E14 (length = 54 bytes)
$Formation_Pit1-3-3 will be placed at 80231E68 (length = 54 bytes)
$Formation_Pit0-5-2 will be placed at 80231EBC (length = 54 bytes)
$Formation_Pit0-5-3 will be placed at 80231F10 (length = 54 bytes)
$Formation_Pit0-5-1 will be placed at 80231F64 (length = 54 bytes)
$Formation_Pit1-4-2 will be placed at 80231FB8 (length = 54 bytes)
$Formation_Pit1-4-3 will be placed at 8023200C (length = 54 bytes)
$Formation_Pit1-5-3 will be placed at 80232060 (length = 54 bytes)
$Formation_Pit1-5-2 will be placed at 802320B4 (length = 54 bytes)
$Script_8021F18C_0B will be placed at 80232108 (length = 50 bytes)
$IdleAnimations_8021E5E0_0B will be placed at 80232158 (length = 4C bytes)
$IdleAnimations_80219714_00 will be placed at 802321A4 (length = 4C bytes)
$IdleAnimations_80220010_05 will be placed at 802321F0 (length = 4C bytes)
$IdleAnimations_802200A8_05 will be placed at 8023223C (length = 4C bytes)
$IdleAnimations_80225968_05 will be placed at 80232288 (length = 4C bytes)
$IdleAnimations_8021E4EC_00 will be placed at 802322D4 (length = 4C bytes)
$IdleAnimations_8021CD74_00 will be placed at 80232320 (length = 4C bytes)
$IdleAnimations_8021C600_0B will be placed at 8023236C (length = 4C bytes)
$IdleAnimations_8021B120_00 will be placed at 802323B8 (length = 4C bytes)
$IdleAnimations_80219760_00 will be placed at 80232404 (length = 4C bytes)
$IdleAnimations_8021C5B4_0B will be placed at 80232450 (length = 4C bytes)
$IdleAnimations_8021D510_0A will be placed at 8023249C (length = 4C bytes)
$IdleAnimations_8021E538_00 will be placed at 802324E8 (length = 4C bytes)
$Script_Init_8021D7C4_0A will be placed at 80232534 (length = 4C bytes)
$Script_Init_802197AC_00 will be placed at 80232580 (length = 4C bytes)
$IdleAnimations_802184C4_0D will be placed at 802325CC (length = 4C bytes)
$Script_8021E584_00 will be placed at 80232618 (length = 4C bytes)
$IdleAnimations_80223B7C_05 will be placed at 80232664 (length = 4C bytes)
$IdleAnimations_8022591C_05 will be placed at 802326B0 (length = 4C bytes)
$IdleAnimations_8021D55C_0A will be placed at 802326FC (length = 4C bytes)
$IdleAnimations_8021E62C_0B will be placed at 80232748 (length = 4C bytes)
$IdleAnimations_80223BC8_05 will be placed at 80232794 (length = 4C bytes)
$IdleAnimations_8021B0D4_00 will be placed at 802327E0 (length = 4C bytes)
$IdleAnimations_80223B30_05 will be placed at 8023282C (length = 4C bytes)
$IdleAnimations_802258D0_05 will be placed at 80232878 (length = 4C bytes)
$Script_Init_8021B16C_00 will be placed at 802328C4 (length = 4C bytes)
$IntTable_8021F1DC_0B will be placed at 80232910 (length = 4C bytes)
$Script_Init_8021CDD8_00 will be placed at 8023295C (length = 4C bytes)
$IdleAnimations_8021CD28_00 will be placed at 802329A8 (length = 4C bytes)
$IdleAnimations_8022005C_05 will be placed at 802329F4 (length = 4C bytes)
$PartsTable_8021D66C_0A will be placed at 80232A40 (length = 48 bytes)
$IdleAnimations_8021E678_0B will be placed at 80232A88 (length = 44 bytes)
$IdleAnimations_80218E40_0B will be placed at 80232ACC (length = 3C bytes)
$IdleAnimations_80218DC8_0B will be placed at 80232B08 (length = 3C bytes)
$IdleAnimations_80218E7C_0B will be placed at 80232B44 (length = 3C bytes)
$IdleAnimations_80218E04_0B will be placed at 80232B80 (length = 3C bytes)
$Formation_Pit0-2-1 will be placed at 80232BBC (length = 38 bytes)
$Formation_Pit0-1-2 will be placed at 80232BF4 (length = 38 bytes)
$Formation_Pit0-1-3 will be placed at 80232C2C (length = 38 bytes)
$Formation_Pit0-4-1 will be placed at 80232C64 (length = 38 bytes)
$Formation_Pit1-1-3 will be placed at 80232C9C (length = 38 bytes)
$Formation_Pit1-1-1 will be placed at 80232CD4 (length = 38 bytes)
$Formation_Pit0-3-1 will be placed at 80232D0C (length = 38 bytes)
$Formation_Pit1-3-1 will be placed at 80232D44 (length = 38 bytes)
$Formation_Pit1-4-1 will be placed at 80232D7C (length = 38 bytes)
$Formation_Pit1-5-1 will be placed at 80232DB4 (length = 38 bytes)
$DefenseTable_80223900_05 will be placed at 80232DEC (length = 2C bytes)
$DefenseTable_8021FEE0_05 will be placed at 80232E18 (length = 2C bytes)
$0A_BanditA will be placed at 80232E44 (length = 28 bytes)
$05_KoopaTroopa will be placed at 80232E6C (length = 28 bytes)
$Script_NextTurn_80223C14_05 will be placed at 80232E94 (length = 28 bytes)
$0D_ForestFuzzy will be placed at 80232EBC (length = 28 bytes)
$05_Paratroopa will be placed at 80232EE4 (length = 28 bytes)
$0B_Swooper will be placed at 80232F0C (length = 28 bytes)
$0B_PokeyMummy will be placed at 80232F34 (length = 28 bytes)
$0B_PokeyMummy_mze will be placed at 80232F5C (length = 28 bytes)
$00_Goomba will be placed at 80232F84 (length = 28 bytes)
$ForestFuzzy_0D will be placed at 80232FAC (length = 28 bytes)
$0B_BuzzyBeetle will be placed at 80232FD4 (length = 28 bytes)
$00_SpikedGoomba will be placed at 80232FFC (length = 28 bytes)
$00_Paragoomba will be placed at 80233024 (length = 28 bytes)
$BanditB_0A will be placed at 8023304C (length = 28 bytes)
$PartsTable_8021D6B4_0A will be placed at 80233074 (length = 24 bytes)
$Stage_Pit1 will be placed at 80233098 (length = 24 bytes)
$Stage_Pit3 will be placed at 802330BC (length = 24 bytes)
$Stage_Pit2 will be placed at 802330E0 (length = 24 bytes)
$PartsTable_8021B088_00 will be placed at 80233104 (length = 24 bytes)
$PartsTable_8021FFC4_05 will be placed at 80233128 (length = 24 bytes)
$PartsTable_8021C568_0B will be placed at 8023314C (length = 24 bytes)
$PartsTable_802196C8_00 will be placed at 80233170 (length = 24 bytes)
$PartsTable_80218478_0D will be placed at 80233194 (length = 24 bytes)
$PartsTable_8021E594_0B will be placed at 802331B8 (length = 24 bytes)
$StageTable will be placed at 802331DC (length = 20 bytes)
$SpecialFormation_8021D734_0A will be placed at 802331FC (length = 1C bytes)
$Formation_Pit0-1-1 will be placed at 80233218 (length = 1C bytes)
$SpecialFormation_8021A800_0D will be placed at 80233234 (length = 1C bytes)
$DefenseTable_8021E4C0_0B will be placed at 80233250 (length = 1C bytes)
$ASCII_"pit_bt03_shape"_Literal will be placed at 8023326C (length = 14 bytes)
$ASCII_"pit_bt02_shape"_Literal will be placed at 80233280 (length = 14 bytes)
$ASCII_"pit_bt01_shape"_Literal will be placed at 80233294 (length = 14 bytes)
$ASCII_"pit_bt01_hit"_Literal will be placed at 802332A8 (length = 10 bytes)
$Script_Idle_80219040_0B will be placed at 802332B8 (length = 10 bytes)
$Script_AfterBattle will be placed at 802332C8 (length = 10 bytes)
$ASCII_"pit_bt02_hit"_Literal will be placed at 802332D8 (length = 10 bytes)
$ASCII_"pit_bt03_hit"_Literal will be placed at 802332E8 (length = 10 bytes)
$Script_HandleEvent_8021D7B4_0A will be placed at 802332F8 (length = 10 bytes)
$Script_Idle_8021C6B0_0B will be placed at 80233308 (length = 10 bytes)
$Script_Idle_8021E88C_0B will be placed at 80233318 (length = 10 bytes)
$Script_Idle_80218574_0D will be placed at 80233328 (length = 10 bytes)
$Script_Idle_8021D810_0A will be placed at 80233338 (length = 10 bytes)
$DefenseTable_80218C10_0B will be placed at 80233348 (length = C bytes)
$DefenseTable_80219610_00 will be placed at 80233354 (length = C bytes)
$DefenseTable_80223938_05 will be placed at 80233360 (length = C bytes)
$IdleAnimations_8021CDC0_00 will be placed at 8023336C (length = C bytes)
$DefenseTable_8021D5B4_0A will be placed at 80233378 (length = C bytes)
$DefenseTable_8022392C_05 will be placed at 80233384 (length = C bytes)
$DefenseTable_8021CB0C_00 will be placed at 80233390 (length = C bytes)
$DefenseTable_802183C0_0D will be placed at 8023339C (length = C bytes)
$Vector3D_8021A7F4_0D will be placed at 802333A8 (length = C bytes)
$DefenseTable_8021C4B0_0B will be placed at 802333B4 (length = C bytes)
$Vector3D_8021D728_0A will be placed at 802333C0 (length = C bytes)
$DefenseTable_8021E4DC_0B will be placed at 802333CC (length = C bytes)
$IdleAnimations_8021D5A8_0A will be placed at 802333D8 (length = C bytes)
$DefenseTable_8021CB00_00 will be placed at 802333E4 (length = C bytes)
$DefenseTable_8021FF0C_05 will be placed at 802333F0 (length = C bytes)
$IdleAnimations_80218EB8_0B will be placed at 802333FC (length = C bytes)
$IdleAnimations_8021CDCC_00 will be placed at 80233408 (length = C bytes)
$DefenseTable_80218C10_0B_mze will be placed at 80233414 (length = C bytes)
$DefenseTable_8021AFD0_00 will be placed at 80233420 (length = C bytes)
$ASCII_"pt1_6"_Literal will be placed at 8023342C (length = 8 bytes)
$ASCII_"pt81_86"_Literal will be placed at 80233434 (length = 8 bytes)
$ASCII_"pt51_56"_Literal will be placed at 8023343C (length = 8 bytes)
$ASCII_"tik_tex"_Literal will be placed at 80233444 (length = 8 bytes)
Reading patch file: 31 Area PIT2.bpat
Creating struct: $Script_InitBMap
Creating struct: $0D_PiranhaPlant
Creating struct: $IdleAnimations_8021D330_0D
Creating struct: $DefenseTable_8021D394_0D
Creating struct: $StatusTable_8021D3A0_0D
Creating struct: $PartsTable_8021D44C_0D
Creating struct: $Script_Init_8021D498_0D
Creating struct: $Script_Idle_8021D4E4_0D
Creating struct: $Script_8021D4F4_0D
Creating struct: $Script_HandleEvent_8021D60C_0D
Creating struct: $Script_TakeTurn_8021DCD4_0D
Creating struct: $0E_RedGoomba
Creating struct: $Function_80218000_0E
Creating struct: $Function_80218058_0E
Creating struct: $Function_802181E4_0E
Creating struct: $DefenseTable_80218770_0E
Creating struct: $StatusTable_8021877C_0E
Creating struct: $PartsTable_80218828_0E
Creating struct: $IdleAnimations_80218874_0E
Creating struct: $Script_Init_802188C0_0E
Creating struct: $Script_NextTurn_80218950_0E
Creating struct: $Script_802189D4_0E
Creating struct: $Script_TakeTurn_802195F0_0E
Creating struct: $IdleAnimations_80219818_0E
Creating struct: $IdleAnimations_80219864_0E
Creating struct: $Script_Idle_802198FC_0E
Creating struct: $Script_HandleEvent_80219BD8_0E
Creating struct: $FloatTable_8021A4BC_0E
Creating struct: $Script_TakeTurn_8021A628_0E
Creating struct: $0E_RedParagoomba
Creating struct: $Function_802182E0_0E
Creating struct: $Function_80218338_0E
Creating struct: $Function_802184C4_0E
Creating struct: $DefenseTable_8021B2F0_0E
Creating struct: $DefenseTable_8021B2FC_0E
Creating struct: $StatusTable_8021B308_0E
Creating struct: $StatusTable_8021B3B4_0E
Creating struct: $PartsTable_8021B460_0E
Creating struct: $IdleAnimations_8021B518_0E
Creating struct: $Script_Init_8021B564_0E
Creating struct: $Script_NextTurn_8021B5F4_0E
Creating struct: $Script_8021B678_0E
Creating struct: $Script_TakeTurn_8021C36C_0E
Creating struct: $IdleAnimations_8021C594_0E
Creating struct: $IdleAnimations_8021C5E0_0E
Creating struct: $IdleAnimations_8021C62C_0E
Creating struct: $IdleAnimations_8021C638_0E
Creating struct: $Script_Idle_8021C690_0E
Creating struct: $Script_8021C94C_0E
Creating struct: $Script_HandleEvent_8021C9C4_0E
Creating struct: $Script_TakeTurn_8021D1DC_0E
Creating struct: $Script_8021D9F4_0E
Creating struct: $IdleAnimations_8021DF7C_0E
Creating struct: $Script_8021E058_0E
Creating struct: $Script_NextTurn_8021E194_0E
Creating struct: $Script_8021E218_0E
Creating struct: $Script_TakeTurn_8021EE34_0E
Creating struct: $IdleAnimations_8021F05C_0E
Creating struct: $IdleAnimations_8021F0A8_0E
Creating struct: $Script_Idle_8021F140_0E
Creating struct: $Script_HandleEvent_8021F41C_0E
Creating struct: $FloatTable_8021FD00_0E
Creating struct: $Script_TakeTurn_8021FE6C_0E
Creating struct: $0E_Bleft
Creating struct: $Function_802185C0_0E
Creating struct: $Function_80218618_0E
Creating struct: $DefenseTable_80220B40_0E
Creating struct: $DefenseTable_80220B54_0E
Creating struct: $StatusTable_80220B68_0E
Creating struct: $PartsTable_80220C14_0E
Creating struct: $IdleAnimations_80220C60_0E
Creating struct: $Script_Init_80220CAC_0E
Creating struct: $Script_NextTurn_80220D3C_0E
Creating struct: $Script_80220DC0_0E
Creating struct: $Script_TakeTurn_80221A58_0E
Creating struct: $IdleAnimations_80221CD4_0E
Creating struct: $IdleAnimations_80221D20_0E
Creating struct: $Script_Idle_80221DD0_0E
Creating struct: $Script_80221DE0_0E
Creating struct: $Script_HandleEvent_80222140_0E
Creating struct: $Script_80222F1C_0E
Creating struct: $Script_80223310_0E
Creating struct: $0F_Clubba
Creating struct: $IdleAnimations_80218000_0F
Creating struct: $DefenseTable_8021804C_0F
Creating struct: $StatusTable_80218058_0F
Creating struct: $PartsTable_80218104_0F
Creating struct: $Script_Init_80218150_0F
Creating struct: $Script_Idle_8021819C_0F
Creating struct: $Script_HandleEvent_802181AC_0F
Creating struct: $Script_TakeTurn_802186BC_0F
Creating struct: $10_ShyGuy_RED
Creating struct: $Function_80218000_10
Creating struct: $DefenseTable_80219210_10
Creating struct: $StatusTable_80219224_10
Creating struct: $PartsTable_802192D0_10
Creating struct: $IdleAnimations_8021931C_10
Creating struct: $Script_Init_80219368_10
Creating struct: $Script_Idle_802193B4_10
Creating struct: $Script_802194C4_10
Creating struct: $Script_HandleEvent_80219528_10
Creating struct: $Script_80219A04_10
Creating struct: $Script_8021A12C_10
Creating struct: $Script_TakeTurn_8021ACB4_10
Creating struct: $10_SkyGuy
Creating struct: $Function_80218DB0_10
Creating struct: $Function_80218E08_10
Creating struct: $IdleAnimations_802294C0_10
Creating struct: $IdleAnimations_8022950C_10
Creating struct: $IdleAnimations_80229558_10
Creating struct: $IdleAnimations_802295A4_10
Creating struct: $IdleAnimations_802295F0_10
Creating struct: $DefenseTable_802295FC_10
Creating struct: $DefenseTable_80229610_10
Creating struct: $StatusTable_80229624_10
Creating struct: $PartsTable_8022977C_10
Creating struct: $Script_Init_8022987C_10
Creating struct: $Script_Idle_80229A24_10
Creating struct: $Script_80229A34_10
Creating struct: $Script_80229C40_10
Creating struct: $Script_80229CB0_10
Creating struct: $Script_80229F08_10
Creating struct: $Script_HandleEvent_8022A398_10
Creating struct: $Script_TakeTurn_8022A9D0_10
Creating struct: $IdleAnimations_8022B104_10
Creating struct: $Script_Idle_8022B19C_10
Creating struct: $Script_8022B2AC_10
Creating struct: $Script_HandleEvent_8022B310_10
Creating struct: $Script_8022B7EC_10
Creating struct: $Script_8022BF14_10
Creating struct: $Script_TakeTurn_8022CA9C_10
Creating struct: $10_MediGuy
Creating struct: $Function_802184E0_10
Creating struct: $Function_802185AC_10
Creating struct: $IdleAnimations_80223410_10
Creating struct: $DefenseTable_8022345C_10
Creating struct: $StatusTable_80223470_10
Creating struct: $PartsTable_8022351C_10
Creating struct: $Script_Init_80223568_10
Creating struct: $Script_Idle_8022360C_10
Creating struct: $Script_8022371C_10
Creating struct: $Script_HandleEvent_802237E0_10
Creating struct: $Script_FlyingAttack_10
Creating struct: $Script_HealOneAlly_10
Creating struct: $Script_8022486C_10
Creating struct: $Script_TakeTurn_8022494C_10
Creating struct: $10_PyroGuy
Creating struct: $Function_80218EE0_10
Creating struct: $IdleAnimations_8022CB00_10
Creating struct: $DefenseTable_8022CB4C_10
Creating struct: $StatusTable_8022CB88_10
Creating struct: $PartsTable_8022CC34_10
Creating struct: $Script_Init_8022CC80_10
Creating struct: $Script_Idle_8022CCCC_10
Creating struct: $Script_8022CDDC_10
Creating struct: $Script_HandleEvent_8022CE60_10
Creating struct: $Script_TakeTurn_8022D344_10
Creating struct: $10_SpyGuy
Creating struct: $Function_80218880_10
Creating struct: $Function_80218A98_10
Creating struct: $Function_80218B38_10
Creating struct: $Function_80218CF4_10
Creating struct: $Function_80218D54_10
Creating struct: $IdleAnimations_80227400_10
Creating struct: $IdleAnimations_8022744C_10
Creating struct: $IdleAnimations_80227498_10
Creating struct: $DefenseTable_802274A4_10
Creating struct: $StatusTable_802274B8_10
Creating struct: $PartsTable_80227564_10
Creating struct: $Script_Init_802275D4_10
Creating struct: $Script_Idle_802276C4_10
Creating struct: $Script_802276D4_10
Creating struct: $Script_HandleEvent_80227ABC_10
Creating struct: $Script_SlingshotAttack_10
Creating struct: $IntTable_80228748_10
Creating struct: $IntTable_80228754_10
Creating struct: $IntTable_80228760_10
Creating struct: $IntTable_8022876C_10
Creating struct: $Script_80228778_10
Creating struct: $Script_HammerAttack_10
Creating struct: $Script_TakeTurn_802293DC_10
Creating struct: $FormationTable
Creating struct: $Formation_Pit2-1-1
Creating struct: $Formation_Pit2-1-2
Creating struct: $Formation_Pit2-1-3
Creating struct: $Formation_Pit2-2-1
Creating struct: $Formation_Pit2-2-2
Creating struct: $Formation_Pit2-2-3
Creating struct: $Formation_Pit2-3-1
Creating struct: $Formation_Pit2-3-2
Creating struct: $Formation_Pit2-3-3
Creating struct: $Formation_Pit2-4-1
Creating struct: $Formation_Pit2-4-2
Creating struct: $Formation_Pit2-4-3
Creating struct: $Formation_Pit2-5-1
Creating struct: $Formation_Pit2-5-2
Creating struct: $Formation_Pit2-5-3
Creating struct: $Formation_Pit3-1-1
Creating struct: $Formation_Pit3-1-2
Creating struct: $Formation_Pit3-1-3
Creating struct: $Formation_Pit3-2-1
Creating struct: $Formation_Pit3-2-2
Creating struct: $Formation_Pit3-2-3
Creating struct: $Formation_Pit3-3-1
Creating struct: $Formation_Pit3-3-2
Creating struct: $Formation_Pit3-3-3
Creating struct: $Formation_Pit3-4-1
Creating struct: $Formation_Pit3-4-2
Creating struct: $Formation_Pit3-4-3
Creating struct: $Formation_Pit3-5-1
Creating struct: $Formation_Pit3-5-2
Creating struct: $Formation_Pit3-5-3
Creating struct: $StageTable
Creating struct: $Stage_Pit1
Creating struct: $Stage_Pit2
Creating struct: $Stage_Pit3
Creating struct: $Script_BeforeBattle
Creating struct: $Script_AfterBattle
Merged 1 regions to 1
$Script_HandleEvent_80222140_0E will be placed at 80218000 (length = DDC bytes)
$Script_8021B678_0E will be placed at 80218DDC (length = CF4 bytes)
$Script_TakeTurn_8021FE6C_0E will be placed at 80219AD0 (length = CC8 bytes)
$Script_TakeTurn_8021A628_0E will be placed at 8021A798 (length = CC8 bytes)
$Script_80220DC0_0E will be placed at 8021B460 (length = C98 bytes)
$Script_802189D4_0E will be placed at 8021C0F8 (length = C1C bytes)
$Script_8021E218_0E will be placed at 8021CD14 (length = C1C bytes)
$Script_8021A12C_10 will be placed at 8021D930 (length = B88 bytes)
$Script_8022BF14_10 will be placed at 8021E4B8 (length = B88 bytes)
$Script_HammerAttack_10 will be placed at 8021F040 (length = A28 bytes)
$Script_HandleEvent_80219BD8_0E will be placed at 8021FA68 (length = 8E4 bytes)
$Script_HandleEvent_8021F41C_0E will be placed at 8022034C (length = 8E4 bytes)
$Script_80223310_0E will be placed at 80220C30 (length = 84C bytes)
$Script_TakeTurn_8021D1DC_0E will be placed at 8022147C (length = 818 bytes)
$Script_HandleEvent_8021C9C4_0E will be placed at 80221C94 (length = 818 bytes)
$Script_FlyingAttack_10 will be placed at 802224AC (length = 7E8 bytes)
$Script_TakeTurn_8021DCD4_0D will be placed at 80222C94 (length = 77C bytes)
$Script_TakeTurn_8022A9D0_10 will be placed at 80223410 (length = 734 bytes)
$Script_80219A04_10 will be placed at 80223B44 (length = 728 bytes)
$Script_8022B7EC_10 will be placed at 8022426C (length = 728 bytes)
$Script_TakeTurn_8022D344_10 will be placed at 80224994 (length = 6E0 bytes)
$Script_HandleEvent_8021D60C_0D will be placed at 80225074 (length = 6C8 bytes)
$Script_HandleEvent_80227ABC_10 will be placed at 8022573C (length = 67C bytes)
$Script_HandleEvent_8022A398_10 will be placed at 80225DB8 (length = 638 bytes)
$Script_SlingshotAttack_10 will be placed at 802263F0 (length = 610 bytes)
$Script_HandleEvent_802237E0_10 will be placed at 80226A00 (length = 5B0 bytes)
$Script_8021D9F4_0E will be placed at 80226FB0 (length = 588 bytes)
$Script_TakeTurn_802186BC_0F will be placed at 80227538 (length = 554 bytes)
$Script_HandleEvent_802181AC_0F will be placed at 80227A8C (length = 510 bytes)
$Script_HandleEvent_8022CE60_10 will be placed at 80227F9C (length = 4E4 bytes)
$Script_HandleEvent_80219528_10 will be placed at 80228480 (length = 4DC bytes)
$Script_HandleEvent_8022B310_10 will be placed at 8022895C (length = 4DC bytes)
$Script_80229F08_10 will be placed at 80228E38 (length = 490 bytes)
$Script_80222F1C_0E will be placed at 802292C8 (length = 3F4 bytes)
$Script_802276D4_10 will be placed at 802296BC (length = 3E8 bytes)
$Script_80221DE0_0E will be placed at 80229AA4 (length = 360 bytes)
$Script_HealOneAlly_10 will be placed at 80229E04 (length = 2F4 bytes)
$Script_Idle_8021F140_0E will be placed at 8022A0F8 (length = 2DC bytes)
$Script_Idle_802198FC_0E will be placed at 8022A3D4 (length = 2DC bytes)
$Script_Idle_8021C690_0E will be placed at 8022A6B0 (length = 2BC bytes)
$Script_TakeTurn_80221A58_0E will be placed at 8022A96C (length = 27C bytes)
$FormationTable will be placed at 8022ABE8 (length = 26C bytes)
$Script_80229CB0_10 will be placed at 8022AE54 (length = 258 bytes)
$Script_80228778_10 will be placed at 8022B0AC (length = 23C bytes)
$Script_TakeTurn_802195F0_0E will be placed at 8022B2E8 (length = 228 bytes)
$Script_TakeTurn_8021EE34_0E will be placed at 8022B510 (length = 228 bytes)
$Script_TakeTurn_8021C36C_0E will be placed at 8022B738 (length = 228 bytes)
$Function_80218880_10 will be placed at 8022B960 (length = 218 bytes)
$Script_80229A34_10 will be placed at 8022BB78 (length = 20C bytes)
$Function_80218B38_10 will be placed at 8022BD84 (length = 1BC bytes)
$Script_Init_8022987C_10 will be placed at 8022BF40 (length = 1A8 bytes)
$Function_80218338_0E will be placed at 8022C0E8 (length = 18C bytes)
$Function_80218058_0E will be placed at 8022C274 (length = 18C bytes)
$Script_InitBMap will be placed at 8022C400 (length = 174 bytes)
$FloatTable_8021FD00_0E will be placed at 8022C574 (length = 16C bytes)
$FloatTable_8021A4BC_0E will be placed at 8022C6E0 (length = 16C bytes)
$Script_8021E058_0E will be placed at 8022C84C (length = 13C bytes)
$Script_8021D4F4_0D will be placed at 8022C988 (length = 118 bytes)
$Script_Idle_8022360C_10 will be placed at 8022CAA0 (length = 110 bytes)
$Script_Idle_8022CCCC_10 will be placed at 8022CBB0 (length = 110 bytes)
$Script_Idle_802193B4_10 will be placed at 8022CCC0 (length = 110 bytes)
$Function_802185AC_10 will be placed at 8022CDD0 (length = 110 bytes)
$Script_Idle_8022B19C_10 will be placed at 8022CEE0 (length = 110 bytes)
$Function_802181E4_0E will be placed at 8022CFF0 (length = F4 bytes)
$Function_802184C4_0E will be placed at 8022D0E4 (length = F4 bytes)
$Script_Init_802275D4_10 will be placed at 8022D1D8 (length = F0 bytes)
$Script_8022486C_10 will be placed at 8022D2C8 (length = E0 bytes)
$Script_TakeTurn_802293DC_10 will be placed at 8022D3A8 (length = DC bytes)
$PartsTable_8022977C_10 will be placed at 8022D484 (length = D8 bytes)
$Function_80218E08_10 will be placed at 8022D55C (length = CC bytes)
$Function_802184E0_10 will be placed at 8022D628 (length = CC bytes)
$Function_80218000_10 will be placed at 8022D6F4 (length = CC bytes)
$Function_80218EE0_10 will be placed at 8022D7C0 (length = CC bytes)
$Script_8022371C_10 will be placed at 8022D88C (length = C4 bytes)
$StatusTable_8021B308_0E will be placed at 8022D950 (length = AC bytes)
$StatusTable_80219224_10 will be placed at 8022D9FC (length = AC bytes)
$StatusTable_80223470_10 will be placed at 8022DAA8 (length = AC bytes)
$StatusTable_80229624_10 will be placed at 8022DB54 (length = AC bytes)
$StatusTable_80220B68_0E will be placed at 8022DC00 (length = AC bytes)
$StatusTable_8022CB88_10 will be placed at 8022DCAC (length = AC bytes)
$StatusTable_8021B3B4_0E will be placed at 8022DD58 (length = AC bytes)
$StatusTable_8021877C_0E will be placed at 8022DE04 (length = AC bytes)
$StatusTable_8021D3A0_0D will be placed at 8022DEB0 (length = AC bytes)
$StatusTable_802274B8_10 will be placed at 8022DF5C (length = AC bytes)
$StatusTable_80218058_0F will be placed at 8022E008 (length = AC bytes)
$Script_Init_80223568_10 will be placed at 8022E0B4 (length = A4 bytes)
$Function_80218A98_10 will be placed at 8022E158 (length = A0 bytes)
$Script_TakeTurn_8022494C_10 will be placed at 8022E1F8 (length = 94 bytes)
$Script_Init_80220CAC_0E will be placed at 8022E28C (length = 90 bytes)
$Script_Init_8021B564_0E will be placed at 8022E31C (length = 90 bytes)
$PartsTable_8021B460_0E will be placed at 8022E3AC (length = 90 bytes)
$Script_Init_802188C0_0E will be placed at 8022E43C (length = 90 bytes)
$Script_8022CDDC_10 will be placed at 8022E4CC (length = 84 bytes)
$Script_NextTurn_80220D3C_0E will be placed at 8022E550 (length = 84 bytes)
$Script_NextTurn_8021E194_0E will be placed at 8022E5D4 (length = 84 bytes)
$Script_NextTurn_8021B5F4_0E will be placed at 8022E658 (length = 84 bytes)
$Script_NextTurn_80218950_0E will be placed at 8022E6DC (length = 84 bytes)
$Script_8021C94C_0E will be placed at 8022E760 (length = 78 bytes)
$Script_80229C40_10 will be placed at 8022E7D8 (length = 70 bytes)
$Script_802194C4_10 will be placed at 8022E848 (length = 64 bytes)
$Script_8022B2AC_10 will be placed at 8022E8AC (length = 64 bytes)
$Function_80218CF4_10 will be placed at 8022E910 (length = 60 bytes)
$Script_BeforeBattle will be placed at 8022E970 (length = 5C bytes)
$Function_80218618_0E will be placed at 8022E9CC (length = 5C bytes)
$Script_TakeTurn_8021ACB4_10 will be placed at 8022EA28 (length = 5C bytes)
$Script_TakeTurn_8022CA9C_10 will be placed at 8022EA84 (length = 5C bytes)
$Function_80218D54_10 will be placed at 8022EAE0 (length = 58 bytes)
$Function_80218DB0_10 will be placed at 8022EB38 (length = 58 bytes)
$Function_80218000_0E will be placed at 8022EB90 (length = 58 bytes)
$Function_802182E0_0E will be placed at 8022EBE8 (length = 58 bytes)
$Function_802185C0_0E will be placed at 8022EC40 (length = 58 bytes)
$Formation_Pit3-3-3 will be placed at 8022EC98 (length = 54 bytes)
$Formation_Pit3-3-2 will be placed at 8022ECEC (length = 54 bytes)
$Formation_Pit2-5-1 will be placed at 8022ED40 (length = 54 bytes)
$Formation_Pit2-5-2 will be placed at 8022ED94 (length = 54 bytes)
$Formation_Pit2-5-3 will be placed at 8022EDE8 (length = 54 bytes)
$Formation_Pit3-4-2 will be placed at 8022EE3C (length = 54 bytes)
$Formation_Pit3-4-3 will be placed at 8022EE90 (length = 54 bytes)
$Formation_Pit3-4-1 will be placed at 8022EEE4 (length = 54 bytes)
$Formation_Pit3-5-2 will be placed at 8022EF38 (length = 54 bytes)
$Formation_Pit3-5-3 will be placed at 8022EF8C (length = 54 bytes)
$Formation_Pit2-1-1 will be placed at 8022EFE0 (length = 54 bytes)
$Formation_Pit2-1-2 will be placed at 8022F034 (length = 54 bytes)
$Formation_Pit2-1-3 will be placed at 8022F088 (length = 54 bytes)
$Formation_Pit2-2-2 will be placed at 8022F0DC (length = 54 bytes)
$Formation_Pit2-2-3 will be placed at 8022F130 (length = 54 bytes)
$Formation_Pit3-1-3 will be placed at 8022F184 (length = 54 bytes)
$Formation_Pit3-1-2 will be placed at 8022F1D8 (length = 54 bytes)
$Formation_Pit2-3-2 will be placed at 8022F22C (length = 54 bytes)
$Formation_Pit2-3-3 will be placed at 8022F280 (length = 54 bytes)
$Formation_Pit3-2-2 will be placed at 8022F2D4 (length = 54 bytes)
$Formation_Pit3-2-1 will be placed at 8022F328 (length = 54 bytes)
$Formation_Pit2-4-1 will be placed at 8022F37C (length = 54 bytes)
$Formation_Pit2-4-2 will be placed at 8022F3D0 (length = 54 bytes)
$Formation_Pit2-4-3 will be placed at 8022F424 (length = 54 bytes)
$IdleAnimations_8021DF7C_0E will be placed at 8022F478 (length = 4C bytes)
$IdleAnimations_80219864_0E will be placed at 8022F4C4 (length = 4C bytes)
$IdleAnimations_8021931C_10 will be placed at 8022F510 (length = 4C bytes)
$Script_Init_80219368_10 will be placed at 8022F55C (length = 4C bytes)
$IdleAnimations_80218874_0E will be placed at 8022F5A8 (length = 4C bytes)
$IdleAnimations_80220C60_0E will be placed at 8022F5F4 (length = 4C bytes)
$IdleAnimations_8022950C_10 will be placed at 8022F640 (length = 4C bytes)
$IdleAnimations_8021F05C_0E will be placed at 8022F68C (length = 4C bytes)
$IdleAnimations_8021D330_0D will be placed at 8022F6D8 (length = 4C bytes)
$IdleAnimations_80221D20_0E will be placed at 8022F724 (length = 4C bytes)
$IdleAnimations_8022744C_10 will be placed at 8022F770 (length = 4C bytes)
$IdleAnimations_80229558_10 will be placed at 8022F7BC (length = 4C bytes)
$Script_Init_8022CC80_10 will be placed at 8022F808 (length = 4C bytes)
$IdleAnimations_80219818_0E will be placed at 8022F854 (length = 4C bytes)
$IdleAnimations_802294C0_10 will be placed at 8022F8A0 (length = 4C bytes)
$IdleAnimations_8021F0A8_0E will be placed at 8022F8EC (length = 4C bytes)
$IdleAnimations_8021B518_0E will be placed at 8022F938 (length = 4C bytes)
$IdleAnimations_80221CD4_0E will be placed at 8022F984 (length = 4C bytes)
$IdleAnimations_80223410_10 will be placed at 8022F9D0 (length = 4C bytes)
$IdleAnimations_80227400_10 will be placed at 8022FA1C (length = 4C bytes)
$IdleAnimations_8021C594_0E will be placed at 8022FA68 (length = 4C bytes)
$IdleAnimations_8022B104_10 will be placed at 8022FAB4 (length = 4C bytes)
$IdleAnimations_80218000_0F will be placed at 8022FB00 (length = 4C bytes)
$IdleAnimations_802295A4_10 will be placed at 8022FB4C (length = 4C bytes)
$IdleAnimations_8021C5E0_0E will be placed at 8022FB98 (length = 4C bytes)
$IdleAnimations_8022CB00_10 will be placed at 8022FBE4 (length = 4C bytes)
$Script_Init_8021D498_0D will be placed at 8022FC30 (length = 4C bytes)
$Script_Init_80218150_0F will be placed at 8022FC7C (length = 4C bytes)
$PartsTable_80227564_10 will be placed at 8022FCC8 (length = 48 bytes)
$DefenseTable_8022CB4C_10 will be placed at 8022FD10 (length = 3C bytes)
$Formation_Pit3-3-1 will be placed at 8022FD4C (length = 38 bytes)
$Formation_Pit3-5-1 will be placed at 8022FD84 (length = 38 bytes)
$Formation_Pit2-2-1 will be placed at 8022FDBC (length = 38 bytes)
$Formation_Pit3-1-1 will be placed at 8022FDF4 (length = 38 bytes)
$Formation_Pit2-3-1 will be placed at 8022FE2C (length = 38 bytes)
$Formation_Pit3-2-3 will be placed at 8022FE64 (length = 38 bytes)
$0E_RedGoomba will be placed at 8022FE9C (length = 28 bytes)
$10_MediGuy will be placed at 8022FEC4 (length = 28 bytes)
$0F_Clubba will be placed at 8022FEEC (length = 28 bytes)
$10_PyroGuy will be placed at 8022FF14 (length = 28 bytes)
$0E_Bleft will be placed at 8022FF3C (length = 28 bytes)
$10_ShyGuy_RED will be placed at 8022FF64 (length = 28 bytes)
$10_SpyGuy will be placed at 8022FF8C (length = 28 bytes)
$0E_RedParagoomba will be placed at 8022FFB4 (length = 28 bytes)
$10_SkyGuy will be placed at 8022FFDC (length = 28 bytes)
$0D_PiranhaPlant will be placed at 80230004 (length = 28 bytes)
$PartsTable_80218828_0E will be placed at 8023002C (length = 24 bytes)
$PartsTable_8021D44C_0D will be placed at 80230050 (length = 24 bytes)
$Stage_Pit1 will be placed at 80230074 (length = 24 bytes)
$Stage_Pit3 will be placed at 80230098 (length = 24 bytes)
$Stage_Pit2 will be placed at 802300BC (length = 24 bytes)
$PartsTable_80218104_0F will be placed at 802300E0 (length = 24 bytes)
$PartsTable_8022351C_10 will be placed at 80230104 (length = 24 bytes)
$PartsTable_802192D0_10 will be placed at 80230128 (length = 24 bytes)
$PartsTable_8022CC34_10 will be placed at 8023014C (length = 24 bytes)
$PartsTable_80220C14_0E will be placed at 80230170 (length = 24 bytes)
$StageTable will be placed at 80230194 (length = 20 bytes)
$DefenseTable_802295FC_10 will be placed at 802301B4 (length = 14 bytes)
$DefenseTable_8022345C_10 will be placed at 802301C8 (length = 14 bytes)
$DefenseTable_80220B54_0E will be placed at 802301DC (length = 14 bytes)
$ASCII_"pit_bt03_shape"_Literal will be placed at 802301F0 (length = 14 bytes)
$DefenseTable_80229610_10 will be placed at 80230204 (length = 14 bytes)
$ASCII_"pit_bt02_shape"_Literal will be placed at 80230218 (length = 14 bytes)
$DefenseTable_80219210_10 will be placed at 8023022C (length = 14 bytes)
$ASCII_"pit_bt01_shape"_Literal will be placed at 80230240 (length = 14 bytes)
$DefenseTable_80220B40_0E will be placed at 80230254 (length = 14 bytes)
$DefenseTable_802274A4_10 will be placed at 80230268 (length = 14 bytes)
$Script_Idle_8021D4E4_0D will be placed at 8023027C (length = 10 bytes)
$ASCII_"pit_bt01_hit"_Literal will be placed at 8023028C (length = 10 bytes)
$Script_Idle_80221DD0_0E will be placed at 8023029C (length = 10 bytes)
$Script_AfterBattle will be placed at 802302AC (length = 10 bytes)
$ASCII_"pit_bt02_hit"_Literal will be placed at 802302BC (length = 10 bytes)
$Script_Idle_80229A24_10 will be placed at 802302CC (length = 10 bytes)
$Script_Idle_802276C4_10 will be placed at 802302DC (length = 10 bytes)
$ASCII_"pit_bt03_hit"_Literal will be placed at 802302EC (length = 10 bytes)
$Script_Idle_8021819C_0F will be placed at 802302FC (length = 10 bytes)
$DefenseTable_8021804C_0F will be placed at 8023030C (length = C bytes)
$IdleAnimations_8021C62C_0E will be placed at 80230318 (length = C bytes)
$IdleAnimations_802295F0_10 will be placed at 80230324 (length = C bytes)
$DefenseTable_8021B2F0_0E will be placed at 80230330 (length = C bytes)
$IntTable_8022876C_10 will be placed at 8023033C (length = C bytes)
$DefenseTable_80218770_0E will be placed at 80230348 (length = C bytes)
$IdleAnimations_8021C638_0E will be placed at 80230354 (length = C bytes)
$IdleAnimations_80227498_10 will be placed at 80230360 (length = C bytes)
$DefenseTable_8021D394_0D will be placed at 8023036C (length = C bytes)
$IntTable_80228748_10 will be placed at 80230378 (length = C bytes)
$IntTable_80228754_10 will be placed at 80230384 (length = C bytes)
$IntTable_80228760_10 will be placed at 80230390 (length = C bytes)
$DefenseTable_8021B2FC_0E will be placed at 8023039C (length = C bytes)
$ASCII_"pt1_6"_Literal will be placed at 802303A8 (length = 8 bytes)
$ASCII_"pt81_86"_Literal will be placed at 802303B0 (length = 8 bytes)
$ASCII_"pt51_56"_Literal will be placed at 802303B8 (length = 8 bytes)
$ASCII_"tik_tex"_Literal will be placed at 802303C0 (length = 8 bytes)
Reading patch file: 32 Area PIT3.bpat
Creating struct: $Script_InitBMap
Creating struct: $14_SpearGuy
Creating struct: $Function_80218000_14
Creating struct: $IdleAnimations_802185C0_14
Creating struct: $IdleAnimations_8021860C_14
Creating struct: $IdleAnimations_80218658_14
Creating struct: $IdleAnimations_80218664_14
Creating struct: $DefenseTable_80218670_14
Creating struct: $DefenseTable_80218684_14
Creating struct: $StatusTable_80218698_14
Creating struct: $StatusTable_80218744_14
Creating struct: $PartsTable_802187F0_14
Creating struct: $SpearGuy_14
Creating struct: $Script_SetSpearStance_14
Creating struct: $Script_Init_80218980_14
Creating struct: $Script_NextTurn_80218B24_14
Creating struct: $Script_80218B5C_14
Creating struct: $Script_Idle_80218BE0_14
Creating struct: $Script_80218D7C_14
Creating struct: $Script_HandleEvent_80218E3C_14
Creating struct: $Script_SpearStab_14
Creating struct: $Script_SummonBackup_14
Creating struct: $Vector3D_8021A8B4_14
Creating struct: $SpecialFormation_8021A8C0_14
Creating struct: $SpecialFormation_8021A8DC_14
Creating struct: $Script_BecomeShyGuy_14
Creating struct: $Script_SpearThrow_14
Creating struct: $Script_8021B770_14
Creating struct: $Script_8021B96C_14
Creating struct: $Script_8021BB18_14
Creating struct: $Script_TakeTurn_8021BCB4_14
Creating struct: $IdleAnimations_8021BF40_14
Creating struct: $Script_8021BF8C_14
Creating struct: $Script_Idle_8021BFD8_14
Creating struct: $Script_8021C0E8_14
Creating struct: $Script_HandleEvent_8021C14C_14
Creating struct: $Script_8021C628_14
Creating struct: $Script_8021CD50_14
Creating struct: $Script_TakeTurn_8021D8D8_14
Creating struct: $14_HurtPlant
Creating struct: $Function_802180D0_14
Creating struct: $IdleAnimations_8021D940_14
Creating struct: $DefenseTable_8021D98C_14
Creating struct: $StatusTable_8021D9A0_14
Creating struct: $PartsTable_8021DA4C_14
Creating struct: $Script_Init_8021DA98_14
Creating struct: $Script_Idle_8021DAE4_14
Creating struct: $Script_8021DBFC_14
Creating struct: $Script_HandleEvent_8021DCF4_14
Creating struct: $Script_TakeTurn_8021E33C_14
Creating struct: $14_MBush
Creating struct: $IdleAnimations_80221830_14
Creating struct: $DefenseTable_8022187C_14
Creating struct: $StatusTable_80221890_14
Creating struct: $PartsTable_8022193C_14
Creating struct: $Script_Init_80221988_14
Creating struct: $Script_Idle_802219D4_14
Creating struct: $Script_802219E4_14
Creating struct: $Script_HandleEvent_80221A74_14
Creating struct: $Script_TakeTurn_80221F78_14
Creating struct: $14_SpikeTop
Creating struct: $Function_802184F0_14
Creating struct: $DefenseTable_80223B20_14
Creating struct: $DefenseTable_80223B3C_14
Creating struct: $StatusTable_80223B48_14
Creating struct: $PartsTable_80223BF4_14
Creating struct: $IdleAnimations_80223C40_14
Creating struct: $IdleAnimations_80223C8C_14
Creating struct: $IdleAnimations_80223CD8_14
Creating struct: $Script_Init_80223D1C_14
Creating struct: $Script_Idle_80223EEC_14
Creating struct: $Script_80223EFC_14
Creating struct: $Script_HandleEvent_80224330_14
Creating struct: $Script_802247EC_14
Creating struct: $IntTable_8022483C_14
Creating struct: $Script_HandleEvent_80224888_14
Creating struct: $Script_TakeTurn_80225624_14
Creating struct: $Script_TakeTurn_802260DC_14
Creating struct: $14_JungleFuzzy
Creating struct: $Function_802181A0_14
Creating struct: $Function_80218254_14
Creating struct: $DefenseTable_8021E9D0_14
Creating struct: $StatusTable_8021E9E4_14
Creating struct: $PartsTable_8021EA90_14
Creating struct: $JungleFuzzy_14
Creating struct: $IdleAnimations_8021EADC_14
Creating struct: $Script_Init_8021EB28_14
Creating struct: $Script_Idle_8021EB8C_14
Creating struct: $Script_HandleEvent_8021EB9C_14
Creating struct: $Script_Divide_14
Creating struct: $Script_LeechAttack_14
Creating struct: $Script_802210E0_14
Creating struct: $Script_80221468_14
Creating struct: $Script_TakeTurn_80221628_14
Creating struct: $Vector3D_80221800_14
Creating struct: $SpecialFormation_8022180C_14
Creating struct: $16_LavaBubble
Creating struct: $Function_80218000_16
Creating struct: $DefenseTable_80218E10_16
Creating struct: $StatusTable_80218E3C_16
Creating struct: $PartsTable_80218EE8_16
Creating struct: $IdleAnimations_80218FC4_16
Creating struct: $IdleAnimations_80219010_16
Creating struct: $Script_Init_8021901C_16
Creating struct: $Script_Idle_802191E4_16
Creating struct: $Script_80219464_16
Creating struct: $Script_HandleEvent_80219500_16
Creating struct: $Script_FireTackle_16
Creating struct: $Script_8021A074_16
Creating struct: $Script_8021A218_16
Creating struct: $Script_Fireballs_Partner_16
Creating struct: $Script_Fireballs_Player_16
Creating struct: $Script_TakeTurn_8021AEA4_16
Creating struct: $15_PutridPiranha
Creating struct: $Function_80218000_15
Creating struct: $Function_802180CC_15
Creating struct: $IdleAnimations_802186C0_15
Creating struct: $DefenseTable_8021870C_15
Creating struct: $StatusTable_80218720_15
Creating struct: $PartsTable_802187CC_15
Creating struct: $Script_Init_80218818_15
Creating struct: $Script_Idle_80218864_15
Creating struct: $Script_80218974_15
Creating struct: $Script_HandleEvent_802189F0_15
Creating struct: $Script_TakeTurn_80218EC8_15
Creating struct: $Script_Bite_15
Creating struct: $Script_Breath_15
Creating struct: $18_Bzzap
Creating struct: $18_Bzzap_mze
Creating struct: $Function_80218000_18
Creating struct: $Function_802180CC_18
Creating struct: $IdleAnimations_8021E930_18
Creating struct: $DefenseTable_8021E97C_18
Creating struct: $DefenseTable_8021E97C_18_mze
Creating struct: $StatusTable_8021E988_18
Creating struct: $PartsTable_8021EA34_18
Creating struct: $PartsTable_8021EA34_18_mze
Creating struct: $Script_Init_8021EB34_18
Creating struct: $Script_Idle_8021EC20_18
Creating struct: $Script_8021ED30_18
Creating struct: $Script_HandleEvent_8021EDB8_18
Creating struct: $Script_Sting_18
Creating struct: $Script_8021F88C_18
Creating struct: $Script_Swarm_18
Creating struct: $Script_TakeTurn_8022139C_18
Creating struct: $18_CrazeeDayzee
Creating struct: $DefenseTable_8021D7A0_18
Creating struct: $StatusTable_8021D7AC_18
Creating struct: $PartsTable_8021D858_18
Creating struct: $IdleAnimations_8021D8A4_18
Creating struct: $Script_Init_8021D8F0_18
Creating struct: $Script_Idle_8021D93C_18
Creating struct: $Script_8021D94C_18
Creating struct: $Script_HandleEvent_8021D988_18
Creating struct: $Script_Crazee_Sing_18
Creating struct: $Script_Crazee_RunAway_18
Creating struct: $Script_TakeTurn_8021E7BC_18
Creating struct: $18_YMagikoopa
Creating struct: $Function_802190B0_18
Creating struct: $Function_80219358_18
Creating struct: $DefenseTable_8022E180_18
Creating struct: $StatusTable_8022E198_18
Creating struct: $PartsTable_8022E2F0_18
Creating struct: $IdleAnimations_8022E3D0_18
Creating struct: $Script_Idle_8022E474_18
Creating struct: $Script_HandleEvent_8022E484_18
Creating struct: $Script_YMagikoopa_ShapeSpell_18
Creating struct: $Script_YMagikoopa_WandStrike_18
Creating struct: $Script_YMagikoopa_RunAway_18
Creating struct: $Script_Init_802305B8_18
Creating struct: $Script_TakeTurn_80230700_18
Creating struct: $FormationTable
Creating struct: $Formation_Pit4-1-1
Creating struct: $Formation_Pit4-1-2
Creating struct: $Formation_Pit4-1-3
Creating struct: $Formation_Pit4-2-1
Creating struct: $Formation_Pit4-2-2
Creating struct: $Formation_Pit4-2-3
Creating struct: $Formation_Pit4-3-1
Creating struct: $Formation_Pit4-3-2
Creating struct: $Formation_Pit4-3-3
Creating struct: $Formation_Pit4-4-1
Creating struct: $Formation_Pit4-4-2
Creating struct: $Formation_Pit4-4-3
Creating struct: $Formation_Pit4-5-1
Creating struct: $Formation_Pit4-5-2
Creating struct: $Formation_Pit4-5-3
Creating struct: $Formation_Pit5-1-1
Creating struct: $Formation_Pit5-1-2
Creating struct: $Formation_Pit5-1-3
Creating struct: $Formation_Pit5-2-1
Creating struct: $Formation_Pit5-2-2
Creating struct: $Formation_Pit5-2-3
Creating struct: $Formation_Pit5-3-1
Creating struct: $Formation_Pit5-3-2
Creating struct: $Formation_Pit5-3-3
Creating struct: $Formation_Pit5-4-1
Creating struct: $Formation_Pit5-4-2
Creating struct: $Formation_Pit5-4-3
Creating struct: $Formation_Pit5-5-1
Creating struct: $Formation_Pit5-5-2
Creating struct: $Formation_Pit5-5-3
Creating struct: $Bzzap00
Creating struct: $Bzzap01
Creating struct: $Bzzap02
Creating struct: $Bzzap03
Creating struct: $StageTable
Creating struct: $Stage_Pit1
Creating struct: $Stage_Pit2
Creating struct: $Stage_Pit3
Creating struct: $Script_BeforeBattle
Creating struct: $Script_AfterBattle
Merged 1 regions to 1
$Script_LeechAttack_14 will be placed at 80218000 (length = 1A74 bytes)
$Script_Swarm_18 will be placed at 80219A74 (length = 1618 bytes)
$Script_HandleEvent_80224888_14 will be placed at 8021B08C (length = D9C bytes)
$Script_8021CD50_14 will be placed at 8021BE28 (length = B88 bytes)
$Script_HandleEvent_80218E3C_14 will be placed at 8021C9B0 (length = B70 bytes)
$Script_TakeTurn_80225624_14 will be placed at 8021D520 (length = AB8 bytes)
$Script_SpearThrow_14 will be placed at 8021DFD8 (length = AB4 bytes)
$Script_TakeTurn_802260DC_14 will be placed at 8021EA8C (length = A24 bytes)
$Script_SummonBackup_14 will be placed at 8021F4B0 (length = 9E4 bytes)
$Script_Bite_15 will be placed at 8021FE94 (length = 9A8 bytes)
$Script_TakeTurn_80230700_18 will be placed at 8022083C (length = 770 bytes)
$Script_8021C628_14 will be placed at 80220FAC (length = 728 bytes)
$Script_HandleEvent_8021EB9C_14 will be placed at 802216D4 (length = 6C4 bytes)
$Script_Fireballs_Player_16 will be placed at 80221D98 (length = 6BC bytes)
$Script_Crazee_Sing_18 will be placed at 80222454 (length = 6A8 bytes)
$Script_TakeTurn_8021E33C_14 will be placed at 80222AFC (length = 688 bytes)
$Script_YMagikoopa_WandStrike_18 will be placed at 80223184 (length = 670 bytes)
$Script_HandleEvent_8021DCF4_14 will be placed at 802237F4 (length = 648 bytes)
$Script_YMagikoopa_ShapeSpell_18 will be placed at 80223E3C (length = 61C bytes)
$Script_FireTackle_16 will be placed at 80224458 (length = 5F0 bytes)
$Script_HandleEvent_8021EDB8_18 will be placed at 80224A48 (length = 5E4 bytes)
$Script_TakeTurn_80221F78_14 will be placed at 8022502C (length = 5D4 bytes)
$Script_Breath_15 will be placed at 80225600 (length = 5C0 bytes)
$Script_HandleEvent_80219500_16 will be placed at 80225BC0 (length = 584 bytes)
$Script_Fireballs_Partner_16 will be placed at 80226144 (length = 574 bytes)
$Script_HandleEvent_8021D988_18 will be placed at 802266B8 (length = 54C bytes)
$Script_SpearStab_14 will be placed at 80226C04 (length = 524 bytes)
$Script_HandleEvent_8022E484_18 will be placed at 80227128 (length = 518 bytes)
$Script_HandleEvent_80221A74_14 will be placed at 80227640 (length = 504 bytes)
$Script_8021F88C_18 will be placed at 80227B44 (length = 4F8 bytes)
$Script_Sting_18 will be placed at 8022803C (length = 4F0 bytes)
$Script_HandleEvent_8021C14C_14 will be placed at 8022852C (length = 4DC bytes)
$Script_HandleEvent_802189F0_15 will be placed at 80228A08 (length = 4D8 bytes)
$Script_HandleEvent_80224330_14 will be placed at 80228EE0 (length = 4BC bytes)
$Script_80223EFC_14 will be placed at 8022939C (length = 434 bytes)
$Script_Divide_14 will be placed at 802297D0 (length = 40C bytes)
$Script_BecomeShyGuy_14 will be placed at 80229BDC (length = 3C4 bytes)
$Script_802210E0_14 will be placed at 80229FA0 (length = 388 bytes)
$Script_TakeTurn_8021BCB4_14 will be placed at 8022A328 (length = 28C bytes)
$Script_Idle_802191E4_16 will be placed at 8022A5B4 (length = 280 bytes)
$FormationTable will be placed at 8022A834 (length = 26C bytes)
$Script_Crazee_RunAway_18 will be placed at 8022AAA0 (length = 240 bytes)
$Script_YMagikoopa_RunAway_18 will be placed at 8022ACE0 (length = 224 bytes)
$Script_8021B770_14 will be placed at 8022AF04 (length = 1FC bytes)
$Script_TakeTurn_8021AEA4_16 will be placed at 8022B100 (length = 1F8 bytes)
$Script_TakeTurn_80221628_14 will be placed at 8022B2F8 (length = 1D8 bytes)
$Script_Init_80223D1C_14 will be placed at 8022B4D0 (length = 1D0 bytes)
$Script_Init_8021901C_16 will be placed at 8022B6A0 (length = 1C8 bytes)
$Script_80221468_14 will be placed at 8022B868 (length = 1C0 bytes)
$Script_8021B96C_14 will be placed at 8022BA28 (length = 1AC bytes)
$Script_8021A074_16 will be placed at 8022BBD4 (length = 1A4 bytes)
$Script_Init_80218980_14 will be placed at 8022BD78 (length = 1A4 bytes)
$Script_Idle_80218BE0_14 will be placed at 8022BF1C (length = 19C bytes)
$Script_8021BB18_14 will be placed at 8022C0B8 (length = 19C bytes)
$Function_802180CC_15 will be placed at 8022C254 (length = 17C bytes)
$Script_TakeTurn_8021E7BC_18 will be placed at 8022C3D0 (length = 174 bytes)
$Script_InitBMap will be placed at 8022C544 (length = 174 bytes)
$Function_802190B0_18 will be placed at 8022C6B8 (length = 158 bytes)
$Function_80218000_16 will be placed at 8022C810 (length = 130 bytes)
$Function_802180CC_18 will be placed at 8022C940 (length = 11C bytes)
$Script_Idle_8021DAE4_14 will be placed at 8022CA5C (length = 118 bytes)
$Script_Idle_80218864_15 will be placed at 8022CB74 (length = 110 bytes)
$Script_Idle_8021BFD8_14 will be placed at 8022CC84 (length = 110 bytes)
$Script_Idle_8021EC20_18 will be placed at 8022CD94 (length = 110 bytes)
$Script_8021DBFC_14 will be placed at 8022CEA4 (length = F8 bytes)
$Script_Init_8021EB34_18 will be placed at 8022CF9C (length = EC bytes)
$PartsTable_8021EA34_18_mze will be placed at 8022D088 (length = D8 bytes)
$Script_SetSpearStance_14 will be placed at 8022D160 (length = D8 bytes)
$PartsTable_8021EA34_18 will be placed at 8022D238 (length = D8 bytes)
$Function_80218000_15 will be placed at 8022D310 (length = CC bytes)
$Function_80218000_14 will be placed at 8022D3DC (length = CC bytes)
$Function_80218000_18 will be placed at 8022D4A8 (length = CC bytes)
$Function_802184F0_14 will be placed at 8022D574 (length = CC bytes)
$Function_802180D0_14 will be placed at 8022D640 (length = CC bytes)
$Function_80219358_18 will be placed at 8022D70C (length = C4 bytes)
$Script_80218D7C_14 will be placed at 8022D7D0 (length = C0 bytes)
$Function_80218254_14 will be placed at 8022D890 (length = B4 bytes)
$PartsTable_80218EE8_16 will be placed at 8022D944 (length = B4 bytes)
$Function_802181A0_14 will be placed at 8022D9F8 (length = B4 bytes)
$StatusTable_80221890_14 will be placed at 8022DAAC (length = AC bytes)
$StatusTable_8021D9A0_14 will be placed at 8022DB58 (length = AC bytes)
$StatusTable_8021E9E4_14 will be placed at 8022DC04 (length = AC bytes)
$StatusTable_80218720_15 will be placed at 8022DCB0 (length = AC bytes)
$StatusTable_8022E198_18 will be placed at 8022DD5C (length = AC bytes)
$StatusTable_8021D7AC_18 will be placed at 8022DE08 (length = AC bytes)
$StatusTable_80218744_14 will be placed at 8022DEB4 (length = AC bytes)
$StatusTable_80223B48_14 will be placed at 8022DF60 (length = AC bytes)
$StatusTable_8021E988_18 will be placed at 8022E00C (length = AC bytes)
$StatusTable_80218698_14 will be placed at 8022E0B8 (length = AC bytes)
$StatusTable_80218E3C_16 will be placed at 8022E164 (length = AC bytes)
$Script_Init_802305B8_18 will be placed at 8022E210 (length = A4 bytes)
$Script_80219464_16 will be placed at 8022E2B4 (length = 9C bytes)
$Script_TakeTurn_8022139C_18 will be placed at 8022E350 (length = 98 bytes)
$Script_TakeTurn_80218EC8_15 will be placed at 8022E3E8 (length = 98 bytes)
$Script_802219E4_14 will be placed at 8022E480 (length = 90 bytes)
$PartsTable_802187F0_14 will be placed at 8022E510 (length = 90 bytes)
$Script_8021ED30_18 will be placed at 8022E5A0 (length = 88 bytes)
$Script_80218B5C_14 will be placed at 8022E628 (length = 84 bytes)
$Script_80218974_15 will be placed at 8022E6AC (length = 7C bytes)
$Script_8021C0E8_14 will be placed at 8022E728 (length = 64 bytes)
$Script_Init_8021EB28_14 will be placed at 8022E78C (length = 64 bytes)
$Script_BeforeBattle will be placed at 8022E7F0 (length = 5C bytes)
$Script_TakeTurn_8021D8D8_14 will be placed at 8022E84C (length = 5C bytes)
$Script_8021A218_16 will be placed at 8022E8A8 (length = 5C bytes)
$Formation_Pit4-1-2 will be placed at 8022E904 (length = 54 bytes)
$Formation_Pit4-1-3 will be placed at 8022E958 (length = 54 bytes)
$Formation_Pit4-1-1 will be placed at 8022E9AC (length = 54 bytes)
$Formation_Pit4-2-2 will be placed at 8022EA00 (length = 54 bytes)
$Formation_Pit4-2-3 will be placed at 8022EA54 (length = 54 bytes)
$Formation_Pit5-5-3 will be placed at 8022EAA8 (length = 54 bytes)
$Formation_Pit5-5-1 will be placed at 8022EAFC (length = 54 bytes)
$Formation_Pit5-5-2 will be placed at 8022EB50 (length = 54 bytes)
$Formation_Pit4-3-1 will be placed at 8022EBA4 (length = 54 bytes)
$Formation_Pit4-3-2 will be placed at 8022EBF8 (length = 54 bytes)
$Formation_Pit4-3-3 will be placed at 8022EC4C (length = 54 bytes)
$Formation_Pit5-4-1 will be placed at 8022ECA0 (length = 54 bytes)
$Formation_Pit5-4-2 will be placed at 8022ECF4 (length = 54 bytes)
$Formation_Pit5-4-3 will be placed at 8022ED48 (length = 54 bytes)
$Formation_Pit4-4-2 will be placed at 8022ED9C (length = 54 bytes)
$Formation_Pit4-4-3 will be placed at 8022EDF0 (length = 54 bytes)
$Formation_Pit5-3-1 will be placed at 8022EE44 (length = 54 bytes)
$Formation_Pit5-3-2 will be placed at 8022EE98 (length = 54 bytes)
$Formation_Pit5-3-3 will be placed at 8022EEEC (length = 54 bytes)
$Formation_Pit4-5-2 will be placed at 8022EF40 (length = 54 bytes)
$Formation_Pit4-5-3 will be placed at 8022EF94 (length = 54 bytes)
$Formation_Pit5-2-2 will be placed at 8022EFE8 (length = 54 bytes)
$Formation_Pit5-2-3 will be placed at 8022F03C (length = 54 bytes)
$Formation_Pit5-1-3 will be placed at 8022F090 (length = 54 bytes)
$Formation_Pit5-1-1 will be placed at 8022F0E4 (length = 54 bytes)
$Formation_Pit5-1-2 will be placed at 8022F138 (length = 54 bytes)
$Script_802247EC_14 will be placed at 8022F18C (length = 50 bytes)
$IdleAnimations_8021BF40_14 will be placed at 8022F1DC (length = 4C bytes)
$Script_Init_8021D8F0_18 will be placed at 8022F228 (length = 4C bytes)
$IdleAnimations_8021D8A4_18 will be placed at 8022F274 (length = 4C bytes)
$IdleAnimations_8022E3D0_18 will be placed at 8022F2C0 (length = 4C bytes)
$IdleAnimations_8021E930_18 will be placed at 8022F30C (length = 4C bytes)
$IdleAnimations_80223C8C_14 will be placed at 8022F358 (length = 4C bytes)
$IdleAnimations_802186C0_15 will be placed at 8022F3A4 (length = 4C bytes)
$Script_Init_80218818_15 will be placed at 8022F3F0 (length = 4C bytes)
$IdleAnimations_80221830_14 will be placed at 8022F43C (length = 4C bytes)
$IdleAnimations_8021D940_14 will be placed at 8022F488 (length = 4C bytes)
$IdleAnimations_802185C0_14 will be placed at 8022F4D4 (length = 4C bytes)
$IdleAnimations_8021860C_14 will be placed at 8022F520 (length = 4C bytes)
$IdleAnimations_80223C40_14 will be placed at 8022F56C (length = 4C bytes)
$Script_8021BF8C_14 will be placed at 8022F5B8 (length = 4C bytes)
$IdleAnimations_8021EADC_14 will be placed at 8022F604 (length = 4C bytes)
$Script_Init_8021DA98_14 will be placed at 8022F650 (length = 4C bytes)
$IntTable_8022483C_14 will be placed at 8022F69C (length = 4C bytes)
$IdleAnimations_80218FC4_16 will be placed at 8022F6E8 (length = 4C bytes)
$Script_Init_80221988_14 will be placed at 8022F734 (length = 4C bytes)
$IdleAnimations_80223CD8_14 will be placed at 8022F780 (length = 44 bytes)
$Script_8021D94C_18 will be placed at 8022F7C4 (length = 3C bytes)
$Script_NextTurn_80218B24_14 will be placed at 8022F800 (length = 38 bytes)
$Formation_Pit4-2-1 will be placed at 8022F838 (length = 38 bytes)
$Formation_Pit4-4-1 will be placed at 8022F870 (length = 38 bytes)
$Formation_Pit4-5-1 will be placed at 8022F8A8 (length = 38 bytes)
$Formation_Pit5-2-1 will be placed at 8022F8E0 (length = 38 bytes)
$DefenseTable_80218E10_16 will be placed at 8022F918 (length = 2C bytes)
$14_JungleFuzzy will be placed at 8022F944 (length = 28 bytes)
$14_MBush will be placed at 8022F96C (length = 28 bytes)
$18_YMagikoopa will be placed at 8022F994 (length = 28 bytes)
$14_SpikeTop will be placed at 8022F9BC (length = 28 bytes)
$JungleFuzzy_14 will be placed at 8022F9E4 (length = 28 bytes)
$18_Bzzap will be placed at 8022FA0C (length = 28 bytes)
$SpearGuy_14 will be placed at 8022FA34 (length = 28 bytes)
$18_Bzzap_mze will be placed at 8022FA5C (length = 28 bytes)
$16_LavaBubble will be placed at 8022FA84 (length = 28 bytes)
$18_CrazeeDayzee will be placed at 8022FAAC (length = 28 bytes)
$15_PutridPiranha will be placed at 8022FAD4 (length = 28 bytes)
$14_SpearGuy will be placed at 8022FAFC (length = 28 bytes)
$14_HurtPlant will be placed at 8022FB24 (length = 28 bytes)
$PartsTable_802187CC_15 will be placed at 8022FB4C (length = 24 bytes)
$PartsTable_80223BF4_14 will be placed at 8022FB70 (length = 24 bytes)
$PartsTable_8021EA90_14 will be placed at 8022FB94 (length = 24 bytes)
$Stage_Pit1 will be placed at 8022FBB8 (length = 24 bytes)
$Stage_Pit3 will be placed at 8022FBDC (length = 24 bytes)
$Stage_Pit2 will be placed at 8022FC00 (length = 24 bytes)
$PartsTable_8022E2F0_18 will be placed at 8022FC24 (length = 24 bytes)
$PartsTable_8021D858_18 will be placed at 8022FC48 (length = 24 bytes)
$PartsTable_8022193C_14 will be placed at 8022FC6C (length = 24 bytes)
$PartsTable_8021DA4C_14 will be placed at 8022FC90 (length = 24 bytes)
$StageTable will be placed at 8022FCB4 (length = 20 bytes)
$SpecialFormation_8021A8DC_14 will be placed at 8022FCD4 (length = 1C bytes)
$SpecialFormation_8022180C_14 will be placed at 8022FCF0 (length = 1C bytes)
$SpecialFormation_8021A8C0_14 will be placed at 8022FD0C (length = 1C bytes)
$DefenseTable_80223B20_14 will be placed at 8022FD28 (length = 1C bytes)
$DefenseTable_8021D98C_14 will be placed at 8022FD44 (length = 14 bytes)
$DefenseTable_8022187C_14 will be placed at 8022FD58 (length = 14 bytes)
$ASCII_"pit_bt03_shape"_Literal will be placed at 8022FD6C (length = 14 bytes)
$DefenseTable_80218670_14 will be placed at 8022FD80 (length = 14 bytes)
$DefenseTable_8021E9D0_14 will be placed at 8022FD94 (length = 14 bytes)
$ASCII_"pit_bt02_shape"_Literal will be placed at 8022FDA8 (length = 14 bytes)
$DefenseTable_8021870C_15 will be placed at 8022FDBC (length = 14 bytes)
$ASCII_"pit_bt01_shape"_Literal will be placed at 8022FDD0 (length = 14 bytes)
$DefenseTable_80218684_14 will be placed at 8022FDE4 (length = 14 bytes)
$Script_Idle_8021D93C_18 will be placed at 8022FDF8 (length = 10 bytes)
$Script_Idle_80223EEC_14 will be placed at 8022FE08 (length = 10 bytes)
$ASCII_"pit_bt01_hit"_Literal will be placed at 8022FE18 (length = 10 bytes)
$Script_Idle_8021EB8C_14 will be placed at 8022FE28 (length = 10 bytes)
$Script_AfterBattle will be placed at 8022FE38 (length = 10 bytes)
$ASCII_"pit_bt02_hit"_Literal will be placed at 8022FE48 (length = 10 bytes)
$Script_Idle_802219D4_14 will be placed at 8022FE58 (length = 10 bytes)
$ASCII_"pit_bt03_hit"_Literal will be placed at 8022FE68 (length = 10 bytes)
$Script_Idle_8022E474_18 will be placed at 8022FE78 (length = 10 bytes)
$DefenseTable_80223B3C_14 will be placed at 8022FE88 (length = C bytes)
$IdleAnimations_80219010_16 will be placed at 8022FE94 (length = C bytes)
$IdleAnimations_80218664_14 will be placed at 8022FEA0 (length = C bytes)
$IdleAnimations_80218658_14 will be placed at 8022FEAC (length = C bytes)
$DefenseTable_8021D7A0_18 will be placed at 8022FEB8 (length = C bytes)
$Vector3D_8021A8B4_14 will be placed at 8022FEC4 (length = C bytes)
$DefenseTable_8021E97C_18 will be placed at 8022FED0 (length = C bytes)
$DefenseTable_8021E97C_18_mze will be placed at 8022FEDC (length = C bytes)
$DefenseTable_8022E180_18 will be placed at 8022FEE8 (length = C bytes)
$Bzzap03 will be placed at 8022FEF4 (length = C bytes)
$Bzzap00 will be placed at 8022FF00 (length = C bytes)
$Bzzap02 will be placed at 8022FF0C (length = C bytes)
$Bzzap01 will be placed at 8022FF18 (length = C bytes)
$Vector3D_80221800_14 will be placed at 8022FF24 (length = C bytes)
$ASCII_"pt1_6"_Literal will be placed at 8022FF30 (length = 8 bytes)
$ASCII_"pt81_86"_Literal will be placed at 8022FF38 (length = 8 bytes)
$ASCII_"pt51_56"_Literal will be placed at 8022FF40 (length = 8 bytes)
$ASCII_"tik_tex"_Literal will be placed at 8022FF48 (length = 8 bytes)
Reading patch file: 33 Area PIT4.bpat
Creating struct: $Script_InitBMap
Creating struct: $18_Lakitu
Creating struct: $IdleAnimations_80219EC0_18
Creating struct: $IdleAnimations_80219F0C_18
Creating struct: $IdleAnimations_80219F18_18
Creating struct: $DefenseTable_80219F24_18
Creating struct: $StatusTable_80219F38_18
Creating struct: $PartsTable_80219FE4_18
Creating struct: $Script_Init_8021A078_18
Creating struct: $Script_Idle_8021A0DC_18
Creating struct: $Script_8021A0EC_18
Creating struct: $Script_HandleEvent_8021A16C_18
Creating struct: $Script_ThrowSpint_18
Creating struct: $Vector3D_8021B01C_18
Creating struct: $SpecialFormation_8021B028_18
Creating struct: $Script_SummonSpiny_18
Creating struct: $Script_GetFirstOpenColumn_18
Creating struct: $Script_CountActiveSummoners_18
Creating struct: $Script_TakeTurn_8021BD2C_18
Creating struct: $Spiny_18
Creating struct: $18_Spiny
Creating struct: $IdleAnimations_8021BED0_18
Creating struct: $IdleAnimations_8021BF1C_18
Creating struct: $IdleAnimations_8021BF68_18
Creating struct: $DefenseTable_8021BF74_18
Creating struct: $DefenseTable_8021BF80_18
Creating struct: $StatusTable_8021BF8C_18
Creating struct: $PartsTable_8021C038_18
Creating struct: $Script_Init_8021C0A8_18
Creating struct: $Script_Idle_8021C124_18
Creating struct: $Script_8021C134_18
Creating struct: $Script_8021C258_18
Creating struct: $IntTable_8021C2A8_18
Creating struct: $Script_HandleEvent_8021C2F4_18
Creating struct: $Script_TakeTurn_8021CDC0_18
Creating struct: $18_RuffPuff
Creating struct: $18_RuffPuff_mze
Creating struct: $Function_802181F0_18
Creating struct: $IdleAnimations_802225A0_18
Creating struct: $DefenseTable_802225E4_18
Creating struct: $DefenseTable_802225E4_18_mze
Creating struct: $StatusTable_802225F8_18
Creating struct: $PartsTable_802226A4_18
Creating struct: $PartsTable_802226A4_18_mze
Creating struct: $Script_Init_802226F0_18
Creating struct: $Script_Idle_8022273C_18
Creating struct: $Script_80222820_18
Creating struct: $Script_HandleEvent_80222898_18
Creating struct: $Script_TakeTurn_80222DE8_18
Creating struct: $1D_FrostPiranha
Creating struct: $Function_802195F0_1D
Creating struct: $Function_802196BC_1D
Creating struct: $IdleAnimations_8022AAB0_1D
Creating struct: $DefenseTable_8022AAFC_1D
Creating struct: $StatusTable_8022AB18_1D
Creating struct: $PartsTable_8022ABC4_1D
Creating struct: $Script_Init_8022AC10_1D
Creating struct: $Script_Idle_8022AC5C_1D
Creating struct: $Script_8022AD6C_1D
Creating struct: $Script_HandleEvent_8022ADFC_1D
Creating struct: $Script_TakeTurn_8022B2D4_1D
Creating struct: $Script_8022B3AC_1D
Creating struct: $Script_8022BD44_1D
Creating struct: $1D_GRYMagikoopa
Creating struct: $Function_80219840_1D
Creating struct: $Function_80219AE8_1D
Creating struct: $DefenseTable_8022C310_1D
Creating struct: $StatusTable_8022C328_1D
Creating struct: $PartsTable_8022C480_1D
Creating struct: $IdleAnimations_8022C560_1D
Creating struct: $Script_Idle_8022C604_1D
Creating struct: $Script_HandleEvent_8022C614_1D
Creating struct: $Script_GRYMagikoopa_ShapeSpell_1D
Creating struct: $Script_GRYMagikoopa_WandStrike_1D
Creating struct: $Script_GRYMagikoopa_RunAway_1D
Creating struct: $Script_Init_8022E748_1D
Creating struct: $Script_TakeTurn_8022E890_1D
Creating struct: $FormationTable
Creating struct: $Formation_Pit6-1-1
Creating struct: $Formation_Pit6-1-2
Creating struct: $Formation_Pit6-1-3
Creating struct: $Formation_Pit6-Spiny
Creating struct: $Formation_Pit6-2-1
Creating struct: $Formation_Pit6-2-2
Creating struct: $Formation_Pit6-2-3
Creating struct: $Formation_Pit6-3-1
Creating struct: $Formation_Pit6-3-2
Creating struct: $Formation_Pit6-3-3
Creating struct: $Formation_Pit6-4-1
Creating struct: $Formation_Pit6-4-2
Creating struct: $Formation_Pit6-4-3
Creating struct: $Formation_Pit6-5-1
Creating struct: $Formation_Pit6-5-2
Creating struct: $Formation_Pit6-5-3
Creating struct: $StageTable
Creating struct: $Stage_Pit1
Creating struct: $Stage_Pit2
Creating struct: $Stage_Pit3
Creating struct: $Script_BeforeBattle
Creating struct: $Script_AfterBattle
Merged 1 regions to 1
$Script_HandleEvent_8021C2F4_18 will be placed at 80218000 (length = ACC bytes)
$Script_TakeTurn_8021CDC0_18 will be placed at 80218ACC (length = 9E0 bytes)
$Script_SummonSpiny_18 will be placed at 802194AC (length = 9B8 bytes)
$Script_8022B3AC_1D will be placed at 80219E64 (length = 998 bytes)
$Script_ThrowSpint_18 will be placed at 8021A7FC (length = 960 bytes)
$Script_TakeTurn_80222DE8_18 will be placed at 8021B15C (length = 7E0 bytes)
$Script_TakeTurn_8022E890_1D will be placed at 8021B93C (length = 72C bytes)
$Script_GRYMagikoopa_WandStrike_1D will be placed at 8021C068 (length = 670 bytes)
$Script_GRYMagikoopa_ShapeSpell_1D will be placed at 8021C6D8 (length = 61C bytes)
$Script_8022BD44_1D will be placed at 8021CCF4 (length = 5C0 bytes)
$Script_HandleEvent_80222898_18 will be placed at 8021D2B4 (length = 550 bytes)
$Script_HandleEvent_8021A16C_18 will be placed at 8021D804 (length = 550 bytes)
$Script_HandleEvent_8022C614_1D will be placed at 8021DD54 (length = 518 bytes)
$Script_HandleEvent_8022ADFC_1D will be placed at 8021E26C (length = 4D8 bytes)
$Script_GRYMagikoopa_RunAway_1D will be placed at 8021E744 (length = 224 bytes)
$Script_GetFirstOpenColumn_18 will be placed at 8021E968 (length = 1FC bytes)
$Script_TakeTurn_8021BD2C_18 will be placed at 8021EB64 (length = 19C bytes)
$Function_802181F0_18 will be placed at 8021ED00 (length = 190 bytes)
$Function_802196BC_1D will be placed at 8021EE90 (length = 17C bytes)
$Script_InitBMap will be placed at 8021F00C (length = 174 bytes)
$Function_80219840_1D will be placed at 8021F180 (length = 158 bytes)
$FormationTable will be placed at 8021F2D8 (length = 154 bytes)
$Script_CountActiveSummoners_18 will be placed at 8021F42C (length = 134 bytes)
$Script_8021C134_18 will be placed at 8021F560 (length = 124 bytes)
$Script_Idle_8022AC5C_1D will be placed at 8021F684 (length = 110 bytes)
$Script_Idle_8022273C_18 will be placed at 8021F794 (length = E4 bytes)
$Script_TakeTurn_8022B2D4_1D will be placed at 8021F878 (length = D8 bytes)
$Function_802195F0_1D will be placed at 8021F950 (length = CC bytes)
$Function_80219AE8_1D will be placed at 8021FA1C (length = C4 bytes)
$StatusTable_80219F38_18 will be placed at 8021FAE0 (length = AC bytes)
$StatusTable_8021BF8C_18 will be placed at 8021FB8C (length = AC bytes)
$StatusTable_8022C328_1D will be placed at 8021FC38 (length = AC bytes)
$StatusTable_8022AB18_1D will be placed at 8021FCE4 (length = AC bytes)
$StatusTable_802225F8_18 will be placed at 8021FD90 (length = AC bytes)
$Script_Init_8022E748_1D will be placed at 8021FE3C (length = A4 bytes)
$Script_8022AD6C_1D will be placed at 8021FEE0 (length = 90 bytes)
$Script_8021A0EC_18 will be placed at 8021FF70 (length = 80 bytes)
$Script_Init_8021C0A8_18 will be placed at 8021FFF0 (length = 7C bytes)
$Script_80222820_18 will be placed at 8022006C (length = 78 bytes)
$PartsTable_80219FE4_18 will be placed at 802200E4 (length = 6C bytes)
$Script_Init_8021A078_18 will be placed at 80220150 (length = 64 bytes)
$Script_BeforeBattle will be placed at 802201B4 (length = 5C bytes)
$Formation_Pit6-4-2 will be placed at 80220210 (length = 54 bytes)
$Formation_Pit6-4-3 will be placed at 80220264 (length = 54 bytes)
$Formation_Pit6-3-1 will be placed at 802202B8 (length = 54 bytes)
$Formation_Pit6-3-3 will be placed at 8022030C (length = 54 bytes)
$Formation_Pit6-3-2 will be placed at 80220360 (length = 54 bytes)
$Formation_Pit6-2-2 will be placed at 802203B4 (length = 54 bytes)
$Formation_Pit6-2-3 will be placed at 80220408 (length = 54 bytes)
$Formation_Pit6-1-1 will be placed at 8022045C (length = 54 bytes)
$Formation_Pit6-1-2 will be placed at 802204B0 (length = 54 bytes)
$Formation_Pit6-1-3 will be placed at 80220504 (length = 54 bytes)
$Formation_Pit6-5-3 will be placed at 80220558 (length = 54 bytes)
$Script_8021C258_18 will be placed at 802205AC (length = 50 bytes)
$Script_Init_802226F0_18 will be placed at 802205FC (length = 4C bytes)
$IdleAnimations_8021BED0_18 will be placed at 80220648 (length = 4C bytes)
$IdleAnimations_8022AAB0_1D will be placed at 80220694 (length = 4C bytes)
$IdleAnimations_80219EC0_18 will be placed at 802206E0 (length = 4C bytes)
$IdleAnimations_8021BF1C_18 will be placed at 8022072C (length = 4C bytes)
$IdleAnimations_8022C560_1D will be placed at 80220778 (length = 4C bytes)
$IntTable_8021C2A8_18 will be placed at 802207C4 (length = 4C bytes)
$Script_Init_8022AC10_1D will be placed at 80220810 (length = 4C bytes)
$PartsTable_8021C038_18 will be placed at 8022085C (length = 48 bytes)
$IdleAnimations_802225A0_18 will be placed at 802208A4 (length = 44 bytes)
$Formation_Pit6-4-1 will be placed at 802208E8 (length = 38 bytes)
$Formation_Pit6-Spiny will be placed at 80220920 (length = 38 bytes)
$Formation_Pit6-2-1 will be placed at 80220958 (length = 38 bytes)
$Formation_Pit6-5-1 will be placed at 80220990 (length = 38 bytes)
$Formation_Pit6-5-2 will be placed at 802209C8 (length = 38 bytes)
$1D_FrostPiranha will be placed at 80220A00 (length = 28 bytes)
$1D_GRYMagikoopa will be placed at 80220A28 (length = 28 bytes)
$18_Spiny will be placed at 80220A50 (length = 28 bytes)
$18_RuffPuff_mze will be placed at 80220A78 (length = 28 bytes)
$18_RuffPuff will be placed at 80220AA0 (length = 28 bytes)
$18_Lakitu will be placed at 80220AC8 (length = 28 bytes)
$Spiny_18 will be placed at 80220AF0 (length = 28 bytes)
$PartsTable_8022C480_1D will be placed at 80220B18 (length = 24 bytes)
$Stage_Pit1 will be placed at 80220B3C (length = 24 bytes)
$Stage_Pit3 will be placed at 80220B60 (length = 24 bytes)
$Stage_Pit2 will be placed at 80220B84 (length = 24 bytes)
$PartsTable_802226A4_18_mze will be placed at 80220BA8 (length = 24 bytes)
$PartsTable_802226A4_18 will be placed at 80220BCC (length = 24 bytes)
$PartsTable_8022ABC4_1D will be placed at 80220BF0 (length = 24 bytes)
$StageTable will be placed at 80220C14 (length = 20 bytes)
$DefenseTable_8022AAFC_1D will be placed at 80220C34 (length = 1C bytes)
$SpecialFormation_8021B028_18 will be placed at 80220C50 (length = 1C bytes)
$ASCII_"pit_bt02_shape"_Literal will be placed at 80220C6C (length = 14 bytes)
$ASCII_"pit_bt01_shape"_Literal will be placed at 80220C80 (length = 14 bytes)
$ASCII_"pit_bt03_shape"_Literal will be placed at 80220C94 (length = 14 bytes)
$DefenseTable_80219F24_18 will be placed at 80220CA8 (length = 10 bytes)
$ASCII_"pit_bt01_hit"_Literal will be placed at 80220CB8 (length = 10 bytes)
$ASCII_"pit_bt03_hit"_Literal will be placed at 80220CC8 (length = 10 bytes)
$Script_AfterBattle will be placed at 80220CD8 (length = 10 bytes)
$DefenseTable_802225E4_18 will be placed at 80220CE8 (length = 10 bytes)
$ASCII_"pit_bt02_hit"_Literal will be placed at 80220CF8 (length = 10 bytes)
$DefenseTable_802225E4_18_mze will be placed at 80220D08 (length = 10 bytes)
$Script_Idle_8021A0DC_18 will be placed at 80220D18 (length = 10 bytes)
$Script_Idle_8021C124_18 will be placed at 80220D28 (length = 10 bytes)
$Script_Idle_8022C604_1D will be placed at 80220D38 (length = 10 bytes)
$IdleAnimations_80219F0C_18 will be placed at 80220D48 (length = C bytes)
$DefenseTable_8021BF74_18 will be placed at 80220D54 (length = C bytes)
$DefenseTable_8021BF80_18 will be placed at 80220D60 (length = C bytes)
$IdleAnimations_80219F18_18 will be placed at 80220D6C (length = C bytes)
$DefenseTable_8022C310_1D will be placed at 80220D78 (length = C bytes)
$IdleAnimations_8021BF68_18 will be placed at 80220D84 (length = C bytes)
$Vector3D_8021B01C_18 will be placed at 80220D90 (length = C bytes)
$ASCII_"pt1_6"_Literal will be placed at 80220D9C (length = 8 bytes)
$ASCII_"pt81_86"_Literal will be placed at 80220DA4 (length = 8 bytes)
$ASCII_"pt51_56"_Literal will be placed at 80220DAC (length = 8 bytes)
$ASCII_"tik_tex"_Literal will be placed at 80220DB4 (length = 8 bytes)
Reading patch file: 34 Area PIT5.bpat
Creating struct: $Script_InitBMap
Creating struct: $1D_Gulpit
Creating struct: $IdleAnimations_80227DD0_1D
Creating struct: $IdleAnimations_80227E1C_1D
Creating struct: $IdleAnimations_80227E28_1D
Creating struct: $DefenseTable_80227E34_1D
Creating struct: $StatusTable_80227E40_1D
Creating struct: $PartsTable_80227EEC_1D
Creating struct: $Script_Init_80227F80_1D
Creating struct: $Script_Idle_80227FCC_1D
Creating struct: $Script_80227FDC_1D
Creating struct: $Script_HandleEvent_80228030_1D
Creating struct: $Script_80228518_1D
Creating struct: $Script_8022898C_1D
Creating struct: $Script_TakeTurn_802291B4_1D
Creating struct: $1D_GulpitRocks
Creating struct: $IdleAnimations_802294D0_1D
Creating struct: $IdleAnimations_802294DC_1D
Creating struct: $DefenseTable_802294E8_1D
Creating struct: $StatusTable_802294F4_1D
Creating struct: $PartsTable_802295A0_1D
Creating struct: $Script_Init_802295EC_1D
Creating struct: $Script_Idle_8022973C_1D
Creating struct: $Script_8022974C_1D
Creating struct: $Script_HandleEvent_802297B0_1D
Creating struct: $Script_TakeTurn_80229AAC_1D
Creating struct: $1D_Duplighost
Creating struct: $Function_80218000_1D
Creating struct: $Function_80218890_1D
Creating struct: $Function_802189E4_1D
Creating struct: $Function_80218A90_1D
Creating struct: $Function_80218B2C_1D
Creating struct: $Function_80218B74_1D
Creating struct: $Function_80218C40_1D
Creating struct: $Function_80218D64_1D
Creating struct: $Function_80218E88_1D
Creating struct: $Function_80219304_1D
Creating struct: $Function_80219358_1D
Creating struct: $Function_802193A4_1D
Creating struct: $Function_802193F0_1D
Creating struct: $Function_8021943C_1D
Creating struct: $Function_80219480_1D
Creating struct: $Function_GetPartner_1D
Creating struct: $Function_80219524_1D
Creating struct: $IdleAnimations_8021AE90_1D
Creating struct: $IdleAnimations_8021AEDC_1D
Creating struct: $IdleAnimations_8021AEE8_1D
Creating struct: $DefenseTable_8021AEF4_1D
Creating struct: $StatusTable_8021AF00_1D
Creating struct: $PartsTable_8021AFAC_1D
Creating struct: $Script_Init_8021AFF8_1D
Creating struct: $Script_NextTurn_8021B070_1D
Creating struct: $Script_Idle_8021B110_1D
Creating struct: $Script_8021B120_1D
Creating struct: $Script_HandleEvent_8021B15C_1D
Creating struct: $Script_LungeAttack_1D
Creating struct: $Script_8021BBFC_1D
Creating struct: $Script_8021BC34_1D
Creating struct: $Script_8021C0F8_1D
Creating struct: $Script_8021C784_1D
Creating struct: $Vector3D_8021CAE8_1D
Creating struct: $IdleAnimations_8021CAF4_1D
Creating struct: $DefenseTable_8021CB40_1D
Creating struct: $StatusTable_8021CB4C_1D
Creating struct: $PartsTable_8021CBF8_1D
Creating struct: $GhostGoombario_1D
Creating struct: $Script_Init_8021CC44_1D
Creating struct: $Script_Idle_8021CC90_1D
Creating struct: $Script_HandleEvent_8021CCA0_1D
Creating struct: $Script_8021D210_1D
Creating struct: $Script_8021D698_1D
Creating struct: $Script_8021D77C_1D
Creating struct: $Script_Goombario_Headbonk_1D
Creating struct: $Script_Goombario_Tattle_1D
Creating struct: $Script_TakeTurn_8021E604_1D
Creating struct: $SpecialFormation_8021E660_1D
Creating struct: $IdleAnimations_8021E67C_1D
Creating struct: $IdleAnimations_8021E6C8_1D
Creating struct: $DefenseTable_8021E714_1D
Creating struct: $DefenseTable_8021E720_1D
Creating struct: $StatusTable_8021E72C_1D
Creating struct: $PartsTable_8021E7D8_1D
Creating struct: $GhostKooper_1D
Creating struct: $Script_Init_8021E824_1D
Creating struct: $Script_Idle_8021E8A0_1D
Creating struct: $IntTable_8021E9C0_1D
Creating struct: $Script_HandleEvent_8021EA18_1D
Creating struct: $Script_TakeTurn_8021F374_1D
Creating struct: $SpecialFormation_80220314_1D
Creating struct: $IdleAnimations_80220330_1D
Creating struct: $DefenseTable_8022037C_1D
Creating struct: $StatusTable_80220388_1D
Creating struct: $PartsTable_80220434_1D
Creating struct: $GhostBombette_1D
Creating struct: $Script_Init_80220480_1D
Creating struct: $Script_Idle_802204CC_1D
Creating struct: $Script_802204DC_1D
Creating struct: $Script_HandleEvent_80220654_1D
Creating struct: $Script_TakeTurn_80220CA0_1D
Creating struct: $SpecialFormation_80221574_1D
Creating struct: $IdleAnimations_80221590_1D
Creating struct: $DefenseTable_802215DC_1D
Creating struct: $StatusTable_802215E8_1D
Creating struct: $PartsTable_80221694_1D
Creating struct: $GhostParakarry_1D
Creating struct: $Script_Init_80221704_1D
Creating struct: $Script_Idle_80221750_1D
Creating struct: $Script_HandleEvent_80221760_1D
Creating struct: $Script_80221D54_1D
Creating struct: $Script_TakeTurn_802224E4_1D
Creating struct: $SpecialFormation_80222500_1D
Creating struct: $IdleAnimations_8022251C_1D
Creating struct: $DefenseTable_80222568_1D
Creating struct: $StatusTable_80222574_1D
Creating struct: $PartsTable_80222620_1D
Creating struct: $GhostBow_1D
Creating struct: $Script_Init_80222690_1D
Creating struct: $Script_Idle_802226DC_1D
Creating struct: $Script_HandleEvent_802226EC_1D
Creating struct: $Script_TakeTurn_80222C7C_1D
Creating struct: $SpecialFormation_802238D0_1D
Creating struct: $IdleAnimations_802238EC_1D
Creating struct: $DefenseTable_80223938_1D
Creating struct: $StatusTable_8022394C_1D
Creating struct: $PartsTable_802239F8_1D
Creating struct: $GhostWatt_1D
Creating struct: $Script_Init_80223A68_1D
Creating struct: $Script_Idle_80223AB4_1D
Creating struct: $Script_HandleEvent_80223ADC_1D
Creating struct: $Script_TakeTurn_80223F50_1D
Creating struct: $SpecialFormation_802247CC_1D
Creating struct: $IdleAnimations_802247E8_1D
Creating struct: $DefenseTable_80224834_1D
Creating struct: $StatusTable_80224840_1D
Creating struct: $PartsTable_802248EC_1D
Creating struct: $GhostSushie_1D
Creating struct: $Script_Init_80224938_1D
Creating struct: $Script_Idle_80224984_1D
Creating struct: $Script_HandleEvent_80224994_1D
Creating struct: $Script_TakeTurn_80224F04_1D
Creating struct: $SpecialFormation_80226164_1D
Creating struct: $IdleAnimations_80226180_1D
Creating struct: $IdleAnimations_802261CC_1D
Creating struct: $DefenseTable_802261D8_1D
Creating struct: $StatusTable_802261E4_1D
Creating struct: $PartsTable_80226290_1D
Creating struct: $GhostLakilester_1D
Creating struct: $Script_Init_80226300_1D
Creating struct: $Script_Idle_8022634C_1D
Creating struct: $Script_HandleEvent_8022635C_1D
Creating struct: $Script_TakeTurn_80226924_1D
Creating struct: $SpecialFormation_80227404_1D
Creating struct: $Script_CopyPartner_1D
Creating struct: $Script_TakeTurn_80227C40_1D
Creating struct: $ConstDouble_802312D0_1D
Creating struct: $ConstDouble_802312D8_1D
Creating struct: $ConstDouble_802312E0_1D
Creating struct: $ConstDouble_802312E8_1D
Creating struct: $ConstDouble_802312F0_1D
Creating struct: $ConstDouble_802312F8_1D
Creating struct: $ConstDouble_80231300_1D
Creating struct: $ConstDouble_80231308_1D
Creating struct: $ConstDouble_80231310_1D
Creating struct: $ConstDouble_80231318_1D
Creating struct: $JumpTable_80231320_1D
Creating struct: $1C_Swoopula
Creating struct: $Function_802180D0_1C
Creating struct: $Function_8021819C_1C
Creating struct: $Function_80218250_1C
Creating struct: $DefenseTable_8021B860_1C
Creating struct: $StatusTable_8021B86C_1C
Creating struct: $PartsTable_8021B918_1C
Creating struct: $IdleAnimations_8021B964_1C
Creating struct: $IdleAnimations_8021B9B0_1C
Creating struct: $Script_Init_8021B9FC_1C
Creating struct: $Script_Idle_8021BA60_1C
Creating struct: $Script_8021BA70_1C
Creating struct: $Script_8021BC30_1C
Creating struct: $Script_8021C0B4_1C
Creating struct: $Script_HandleEvent_8021C414_1C
Creating struct: $Script_8021CB94_1C
Creating struct: $Script_TakeTurn_8021E7B4_1C
Creating struct: $1C_Swoopula_NoCeiling
Creating struct: $PartsTable_Swoopula
Creating struct: $IdleAnimations_Flying
Creating struct: $Script_Init_Swoopula
Creating struct: $1D_WhiteClubba
Creating struct: $IdleAnimations_80229AC0_1D
Creating struct: $DefenseTable_80229B0C_1D
Creating struct: $StatusTable_80229B28_1D
Creating struct: $PartsTable_80229BD4_1D
Creating struct: $Script_Init_80229C20_1D
Creating struct: $Script_Idle_80229C6C_1D
Creating struct: $Script_HandleEvent_80229C7C_1D
Creating struct: $Script_TakeTurn_8022A18C_1D
Creating struct: $22_Ember
Creating struct: $22_Ember_mze
Creating struct: $Function_80218700_22
Creating struct: $DefenseTable_8022C810_22
Creating struct: $DefenseTable_8022C810_22_mze
Creating struct: $StatusTable_8022C834_22
Creating struct: $PartsTable_8022C8E0_22
Creating struct: $PartsTable_8022C8E0_22_mze
Creating struct: $Ember_22
Creating struct: $IdleAnimations_8022C9BC_22
Creating struct: $IdleAnimations_8022CA08_22
Creating struct: $Script_Init_8022CA14_22
Creating struct: $Script_Idle_8022CBDC_22
Creating struct: $Script_8022CE5C_22
Creating struct: $Script_8022CEF8_22
Creating struct: $Vector3D_8022D0F4_22
Creating struct: $SpecialFormation_8022D100_22
Creating struct: $Script_Split_22
Creating struct: $Script_HandleEvent_8022D41C_22
Creating struct: $Script_8022D9C4_22
Creating struct: $Script_8022DFB4_22
Creating struct: $Script_8022E158_22
Creating struct: $Script_8022E1B4_22
Creating struct: $Script_8022E728_22
Creating struct: $Script_TakeTurn_8022EDE4_22
Creating struct: $FormationTable
Creating struct: $Formation_Pit7-1-1
Creating struct: $Formation_Pit7-1-2
Creating struct: $Formation_Pit7-1-3
Creating struct: $Formation_Pit7-2-1
Creating struct: $Formation_Pit7-2-2
Creating struct: $Formation_Pit7-2-3
Creating struct: $Formation_Pit7-3-1
Creating struct: $Formation_Pit7-3-2
Creating struct: $Formation_Pit7-3-3
Creating struct: $Formation_Pit7-4-1
Creating struct: $Formation_Pit7-4-2
Creating struct: $Formation_Pit7-4-3
Creating struct: $Formation_Pit7-5-1
Creating struct: $Formation_Pit7-5-2
Creating struct: $Formation_Pit7-5-3
Creating struct: $0000011
Creating struct: $0000012
Creating struct: $0000013
Creating struct: $0000014
Creating struct: $StageTable
Creating struct: $Stage_Pit1
Creating struct: $Stage_Pit2
Creating struct: $Stage_Pit3
Creating struct: $Script_BeforeBattle
Creating struct: $Script_AfterBattle
Merged 1 regions to 1
$Script_8021CB94_1C will be placed at 80218000 (length = 1C20 bytes)
$Script_TakeTurn_8021E7B4_1C will be placed at 80219C20 (length = 1380 bytes)
$Script_TakeTurn_80224F04_1D will be placed at 8021AFA0 (length = 1260 bytes)
$Script_TakeTurn_8021F374_1D will be placed at 8021C200 (length = FA0 bytes)
$Script_TakeTurn_80222C7C_1D will be placed at 8021D1A0 (length = C54 bytes)
$Script_TakeTurn_80226924_1D will be placed at 8021DDF4 (length = AE0 bytes)
$Script_Goombario_Headbonk_1D will be placed at 8021E8D4 (length = A8C bytes)
$Script_HandleEvent_8021EA18_1D will be placed at 8021F360 (length = 95C bytes)
$Script_TakeTurn_8022A18C_1D will be placed at 8021FCBC (length = 920 bytes)
$Script_TakeTurn_80220CA0_1D will be placed at 802205DC (length = 8D4 bytes)
$Function_80218000_1D will be placed at 80220EB0 (length = 890 bytes)
$Script_TakeTurn_80223F50_1D will be placed at 80221740 (length = 87C bytes)
$Script_8022898C_1D will be placed at 80221FBC (length = 828 bytes)
$Script_CopyPartner_1D will be placed at 802227E4 (length = 820 bytes)
$Script_80221D54_1D will be placed at 80223004 (length = 790 bytes)
$Script_HandleEvent_8021C414_1C will be placed at 80223794 (length = 780 bytes)
$Script_8022E728_22 will be placed at 80223F14 (length = 6BC bytes)
$Script_8021C0F8_1D will be placed at 802245D0 (length = 68C bytes)
$Script_HandleEvent_80220654_1D will be placed at 80224C5C (length = 64C bytes)
$Script_HandleEvent_80221760_1D will be placed at 802252A8 (length = 5F4 bytes)
$Script_8022D9C4_22 will be placed at 8022589C (length = 5F0 bytes)
$Script_HandleEvent_8022635C_1D will be placed at 80225E8C (length = 5C8 bytes)
$Script_HandleEvent_8022D41C_22 will be placed at 80226454 (length = 5A8 bytes)
$Script_LungeAttack_1D will be placed at 802269FC (length = 5A0 bytes)
$Script_HandleEvent_802226EC_1D will be placed at 80226F9C (length = 590 bytes)
$Script_8022E1B4_22 will be placed at 8022752C (length = 574 bytes)
$Script_HandleEvent_8021CCA0_1D will be placed at 80227AA0 (length = 570 bytes)
$Script_HandleEvent_80224994_1D will be placed at 80228010 (length = 570 bytes)
$Script_HandleEvent_80229C7C_1D will be placed at 80228580 (length = 510 bytes)
$Script_HandleEvent_8021B15C_1D will be placed at 80228A90 (length = 500 bytes)
$Script_HandleEvent_80228030_1D will be placed at 80228F90 (length = 4E8 bytes)
$Script_8021BC34_1D will be placed at 80229478 (length = 4C4 bytes)
$Script_8021D210_1D will be placed at 8022993C (length = 488 bytes)
$Script_8021BC30_1C will be placed at 80229DC4 (length = 484 bytes)
$Function_80218E88_1D will be placed at 8022A248 (length = 47C bytes)
$Script_HandleEvent_80223ADC_1D will be placed at 8022A6C4 (length = 474 bytes)
$Script_80228518_1D will be placed at 8022AB38 (length = 474 bytes)
$Script_8021C784_1D will be placed at 8022AFAC (length = 364 bytes)
$Script_8021C0B4_1C will be placed at 8022B310 (length = 360 bytes)
$Script_Goombario_Tattle_1D will be placed at 8022B670 (length = 314 bytes)
$Script_TakeTurn_802291B4_1D will be placed at 8022B984 (length = 314 bytes)
$Script_Split_22 will be placed at 8022BC98 (length = 300 bytes)
$Script_HandleEvent_802297B0_1D will be placed at 8022BF98 (length = 2FC bytes)
$Script_Idle_8022CBDC_22 will be placed at 8022C294 (length = 280 bytes)
$Script_8022CEF8_22 will be placed at 8022C514 (length = 1FC bytes)
$Script_TakeTurn_8022EDE4_22 will be placed at 8022C710 (length = 1F8 bytes)
$Script_TakeTurn_80227C40_1D will be placed at 8022C908 (length = 1CC bytes)
$Script_Init_8022CA14_22 will be placed at 8022CAD4 (length = 1C8 bytes)
$Script_8021BA70_1C will be placed at 8022CC9C (length = 1C0 bytes)
$Script_8022DFB4_22 will be placed at 8022CE5C (length = 1A4 bytes)
$Script_802204DC_1D will be placed at 8022D000 (length = 178 bytes)
$Script_InitBMap will be placed at 8022D178 (length = 174 bytes)
$Function_80218890_1D will be placed at 8022D2EC (length = 154 bytes)
$Script_Init_802295EC_1D will be placed at 8022D440 (length = 150 bytes)
$FormationTable will be placed at 8022D590 (length = 140 bytes)
$Function_80218700_22 will be placed at 8022D6D0 (length = 130 bytes)
$Function_80218D64_1D will be placed at 8022D800 (length = 124 bytes)
$Function_80218C40_1D will be placed at 8022D924 (length = 124 bytes)
$Script_Idle_8021E8A0_1D will be placed at 8022DA48 (length = 120 bytes)
$Script_8021D77C_1D will be placed at 8022DB68 (length = E8 bytes)
$Script_8021D698_1D will be placed at 8022DC50 (length = E4 bytes)
$Function_80218B74_1D will be placed at 8022DD34 (length = CC bytes)
$Function_80219524_1D will be placed at 8022DE00 (length = CC bytes)
$Function_802180D0_1C will be placed at 8022DECC (length = CC bytes)
$Function_80218250_1C will be placed at 8022DF98 (length = B4 bytes)
$PartsTable_8022C8E0_22_mze will be placed at 8022E04C (length = B4 bytes)
$PartsTable_8022C8E0_22 will be placed at 8022E100 (length = B4 bytes)
$Function_8021819C_1C will be placed at 8022E1B4 (length = B4 bytes)
$StatusTable_80224840_1D will be placed at 8022E268 (length = AC bytes)
$StatusTable_8021E72C_1D will be placed at 8022E314 (length = AC bytes)
$StatusTable_802294F4_1D will be placed at 8022E3C0 (length = AC bytes)
$StatusTable_80220388_1D will be placed at 8022E46C (length = AC bytes)
$StatusTable_80222574_1D will be placed at 8022E518 (length = AC bytes)
$StatusTable_80227E40_1D will be placed at 8022E5C4 (length = AC bytes)
$StatusTable_80229B28_1D will be placed at 8022E670 (length = AC bytes)
$StatusTable_8022C834_22 will be placed at 8022E71C (length = AC bytes)
$StatusTable_8022394C_1D will be placed at 8022E7C8 (length = AC bytes)
$StatusTable_8021AF00_1D will be placed at 8022E874 (length = AC bytes)
$Function_802189E4_1D will be placed at 8022E920 (length = AC bytes)
$StatusTable_8021CB4C_1D will be placed at 8022E9CC (length = AC bytes)
$StatusTable_802215E8_1D will be placed at 8022EA78 (length = AC bytes)
$StatusTable_802261E4_1D will be placed at 8022EB24 (length = AC bytes)
$StatusTable_8021B86C_1C will be placed at 8022EBD0 (length = AC bytes)
$Formation_Pit7-2-2 will be placed at 8022EC7C (length = A8 bytes)
$Formation_Pit7-1-3 will be placed at 8022ED24 (length = A8 bytes)
$Formation_Pit7-1-2 will be placed at 8022EDCC (length = A8 bytes)
$Formation_Pit7-1-1 will be placed at 8022EE74 (length = A8 bytes)
$Formation_Pit7-4-2 will be placed at 8022EF1C (length = A8 bytes)
$Script_NextTurn_8021B070_1D will be placed at 8022EFC4 (length = A0 bytes)
$Script_8022CE5C_22 will be placed at 8022F064 (length = 9C bytes)
$Script_Init_8021E824_1D will be placed at 8022F100 (length = 7C bytes)
$Script_Init_8021AFF8_1D will be placed at 8022F17C (length = 78 bytes)
$Function_GetPartner_1D will be placed at 8022F1F4 (length = 6C bytes)
$PartsTable_80227EEC_1D will be placed at 8022F260 (length = 6C bytes)
$Script_8022974C_1D will be placed at 8022F2CC (length = 64 bytes)
$Script_Init_Swoopula will be placed at 8022F330 (length = 64 bytes)
$Function_80218A90_1D will be placed at 8022F394 (length = 64 bytes)
$Script_Init_8021B9FC_1C will be placed at 8022F3F8 (length = 64 bytes)
$Script_BeforeBattle will be placed at 8022F45C (length = 5C bytes)
$Script_TakeTurn_8021E604_1D will be placed at 8022F4B8 (length = 5C bytes)
$Script_8022E158_22 will be placed at 8022F514 (length = 5C bytes)
$IntTable_8021E9C0_1D will be placed at 8022F570 (length = 58 bytes)
$Formation_Pit7-2-3 will be placed at 8022F5C8 (length = 54 bytes)
$Formation_Pit7-2-1 will be placed at 8022F61C (length = 54 bytes)
$Function_80219304_1D will be placed at 8022F670 (length = 54 bytes)
$Formation_Pit7-5-3 will be placed at 8022F6C4 (length = 54 bytes)
$Formation_Pit7-5-2 will be placed at 8022F718 (length = 54 bytes)
$Formation_Pit7-5-1 will be placed at 8022F76C (length = 54 bytes)
$Formation_Pit7-4-3 will be placed at 8022F7C0 (length = 54 bytes)
$Formation_Pit7-4-1 will be placed at 8022F814 (length = 54 bytes)
$Script_80227FDC_1D will be placed at 8022F868 (length = 54 bytes)
$Formation_Pit7-3-3 will be placed at 8022F8BC (length = 54 bytes)
$Formation_Pit7-3-2 will be placed at 8022F910 (length = 54 bytes)
$Formation_Pit7-3-1 will be placed at 8022F964 (length = 54 bytes)
$IdleAnimations_8021AE90_1D will be placed at 8022F9B8 (length = 4C bytes)
$Script_Init_80220480_1D will be placed at 8022FA04 (length = 4C bytes)
$Script_Init_80224938_1D will be placed at 8022FA50 (length = 4C bytes)
$IdleAnimations_8021E67C_1D will be placed at 8022FA9C (length = 4C bytes)
$Script_Init_80226300_1D will be placed at 8022FAE8 (length = 4C bytes)
$IdleAnimations_8021B964_1C will be placed at 8022FB34 (length = 4C bytes)
$Function_80219358_1D will be placed at 8022FB80 (length = 4C bytes)
$IdleAnimations_8021CAF4_1D will be placed at 8022FBCC (length = 4C bytes)
$IdleAnimations_80221590_1D will be placed at 8022FC18 (length = 4C bytes)
$IdleAnimations_80226180_1D will be placed at 8022FC64 (length = 4C bytes)
$IdleAnimations_80220330_1D will be placed at 8022FCB0 (length = 4C bytes)
$IdleAnimations_80229AC0_1D will be placed at 8022FCFC (length = 4C bytes)
$IdleAnimations_8021E6C8_1D will be placed at 8022FD48 (length = 4C bytes)
$Script_Init_80227F80_1D will be placed at 8022FD94 (length = 4C bytes)
$IdleAnimations_8022C9BC_22 will be placed at 8022FDE0 (length = 4C bytes)
$Script_Init_8021CC44_1D will be placed at 8022FE2C (length = 4C bytes)
$Script_Init_80221704_1D will be placed at 8022FE78 (length = 4C bytes)
$IdleAnimations_802238EC_1D will be placed at 8022FEC4 (length = 4C bytes)
$IdleAnimations_8022251C_1D will be placed at 8022FF10 (length = 4C bytes)
$IdleAnimations_80227DD0_1D will be placed at 8022FF5C (length = 4C bytes)
$IdleAnimations_8021B9B0_1C will be placed at 8022FFA8 (length = 4C bytes)
$Function_802193F0_1D will be placed at 8022FFF4 (length = 4C bytes)
$Script_Init_80229C20_1D will be placed at 80230040 (length = 4C bytes)
$Script_Init_80222690_1D will be placed at 8023008C (length = 4C bytes)
$Script_Init_80223A68_1D will be placed at 802300D8 (length = 4C bytes)
$IdleAnimations_802247E8_1D will be placed at 80230124 (length = 4C bytes)
$Function_802193A4_1D will be placed at 80230170 (length = 4C bytes)
$PartsTable_802239F8_1D will be placed at 802301BC (length = 48 bytes)
$Function_80218B2C_1D will be placed at 80230204 (length = 48 bytes)
$PartsTable_80221694_1D will be placed at 8023024C (length = 48 bytes)
$PartsTable_80226290_1D will be placed at 80230294 (length = 48 bytes)
$IdleAnimations_Flying will be placed at 802302DC (length = 48 bytes)
$PartsTable_80222620_1D will be placed at 80230324 (length = 48 bytes)
$Function_8021943C_1D will be placed at 8023036C (length = 44 bytes)
$Script_8021B120_1D will be placed at 802303B0 (length = 3C bytes)
$Script_8021BBFC_1D will be placed at 802303EC (length = 38 bytes)
$Function_80219480_1D will be placed at 80230424 (length = 38 bytes)
$GhostBow_1D will be placed at 8023045C (length = 28 bytes)
$GhostParakarry_1D will be placed at 80230484 (length = 28 bytes)
$GhostSushie_1D will be placed at 802304AC (length = 28 bytes)
$1C_Swoopula will be placed at 802304D4 (length = 28 bytes)
$22_Ember will be placed at 802304FC (length = 28 bytes)
$1D_GulpitRocks will be placed at 80230524 (length = 28 bytes)
$Script_Idle_80223AB4_1D will be placed at 8023054C (length = 28 bytes)
$22_Ember_mze will be placed at 80230574 (length = 28 bytes)
$Ember_22 will be placed at 8023059C (length = 28 bytes)
$GhostBombette_1D will be placed at 802305C4 (length = 28 bytes)
$GhostWatt_1D will be placed at 802305EC (length = 28 bytes)
$GhostLakilester_1D will be placed at 80230614 (length = 28 bytes)
$1D_WhiteClubba will be placed at 8023063C (length = 28 bytes)
$GhostKooper_1D will be placed at 80230664 (length = 28 bytes)
$GhostGoombario_1D will be placed at 8023068C (length = 28 bytes)
$1D_Duplighost will be placed at 802306B4 (length = 28 bytes)
$1D_Gulpit will be placed at 802306DC (length = 28 bytes)
$1C_Swoopula_NoCeiling will be placed at 80230704 (length = 28 bytes)
$PartsTable_8021AFAC_1D will be placed at 8023072C (length = 24 bytes)
$Stage_Pit1 will be placed at 80230750 (length = 24 bytes)
$Stage_Pit3 will be placed at 80230774 (length = 24 bytes)
$Stage_Pit2 will be placed at 80230798 (length = 24 bytes)
$PartsTable_8021E7D8_1D will be placed at 802307BC (length = 24 bytes)
$JumpTable_80231320_1D will be placed at 802307E0 (length = 24 bytes)
$DefenseTable_8022C810_22 will be placed at 80230804 (length = 24 bytes)
$DefenseTable_8022C810_22_mze will be placed at 80230828 (length = 24 bytes)
$PartsTable_80229BD4_1D will be placed at 8023084C (length = 24 bytes)
$PartsTable_802248EC_1D will be placed at 80230870 (length = 24 bytes)
$PartsTable_Swoopula will be placed at 80230894 (length = 24 bytes)
$PartsTable_80220434_1D will be placed at 802308B8 (length = 24 bytes)
$PartsTable_8021B918_1C will be placed at 802308DC (length = 24 bytes)
$PartsTable_8021CBF8_1D will be placed at 80230900 (length = 24 bytes)
$PartsTable_802295A0_1D will be placed at 80230924 (length = 24 bytes)
$StageTable will be placed at 80230948 (length = 20 bytes)
$DefenseTable_80229B0C_1D will be placed at 80230968 (length = 1C bytes)
$SpecialFormation_80221574_1D will be placed at 80230984 (length = 1C bytes)
$SpecialFormation_802247CC_1D will be placed at 802309A0 (length = 1C bytes)
$SpecialFormation_8021E660_1D will be placed at 802309BC (length = 1C bytes)
$SpecialFormation_802238D0_1D will be placed at 802309D8 (length = 1C bytes)
$SpecialFormation_80220314_1D will be placed at 802309F4 (length = 1C bytes)
$SpecialFormation_80226164_1D will be placed at 80230A10 (length = 1C bytes)
$SpecialFormation_80222500_1D will be placed at 80230A2C (length = 1C bytes)
$SpecialFormation_80227404_1D will be placed at 80230A48 (length = 1C bytes)
$Script_TakeTurn_802224E4_1D will be placed at 80230A64 (length = 1C bytes)
$SpecialFormation_8022D100_22 will be placed at 80230A80 (length = 1C bytes)
$DefenseTable_80223938_1D will be placed at 80230A9C (length = 14 bytes)
$ASCII_"pit_bt03_shape"_Literal will be placed at 80230AB0 (length = 14 bytes)
$ASCII_"pit_bt02_shape"_Literal will be placed at 80230AC4 (length = 14 bytes)
$ASCII_"pit_bt01_shape"_Literal will be placed at 80230AD8 (length = 14 bytes)
$Script_Idle_8021BA60_1C will be placed at 80230AEC (length = 10 bytes)
$Script_Idle_8022634C_1D will be placed at 80230AFC (length = 10 bytes)
$ASCII_"pit_bt01_hit"_Literal will be placed at 80230B0C (length = 10 bytes)
$Script_Idle_8021B110_1D will be placed at 80230B1C (length = 10 bytes)
$Script_AfterBattle will be placed at 80230B2C (length = 10 bytes)
$ASCII_"pit_bt02_hit"_Literal will be placed at 80230B3C (length = 10 bytes)
$Script_Idle_80227FCC_1D will be placed at 80230B4C (length = 10 bytes)
$Script_Idle_8022973C_1D will be placed at 80230B5C (length = 10 bytes)
$Script_TakeTurn_80229AAC_1D will be placed at 80230B6C (length = 10 bytes)
$Script_Idle_80224984_1D will be placed at 80230B7C (length = 10 bytes)
$ASCII_"pit_bt03_hit"_Literal will be placed at 80230B8C (length = 10 bytes)
$Script_Idle_8021CC90_1D will be placed at 80230B9C (length = 10 bytes)
$Script_Idle_802226DC_1D will be placed at 80230BAC (length = 10 bytes)
$Script_Idle_802204CC_1D will be placed at 80230BBC (length = 10 bytes)
$Script_Idle_80229C6C_1D will be placed at 80230BCC (length = 10 bytes)
$Script_Idle_80221750_1D will be placed at 80230BDC (length = 10 bytes)
$IdleAnimations_8022CA08_22 will be placed at 80230BEC (length = C bytes)
$DefenseTable_80224834_1D will be placed at 80230BF8 (length = C bytes)
$IdleAnimations_80227E28_1D will be placed at 80230C04 (length = C bytes)
$IdleAnimations_802294D0_1D will be placed at 80230C10 (length = C bytes)
$Vector3D_8021CAE8_1D will be placed at 80230C1C (length = C bytes)
$IdleAnimations_802261CC_1D will be placed at 80230C28 (length = C bytes)
$0000011 will be placed at 80230C34 (length = C bytes)
$0000012 will be placed at 80230C40 (length = C bytes)
$0000013 will be placed at 80230C4C (length = C bytes)
$0000014 will be placed at 80230C58 (length = C bytes)
$DefenseTable_802261D8_1D will be placed at 80230C64 (length = C bytes)
$IdleAnimations_8021AEDC_1D will be placed at 80230C70 (length = C bytes)
$DefenseTable_80227E34_1D will be placed at 80230C7C (length = C bytes)
$DefenseTable_8021AEF4_1D will be placed at 80230C88 (length = C bytes)
$Vector3D_8022D0F4_22 will be placed at 80230C94 (length = C bytes)
$DefenseTable_8022037C_1D will be placed at 80230CA0 (length = C bytes)
$DefenseTable_8021B860_1C will be placed at 80230CAC (length = C bytes)
$DefenseTable_8021E720_1D will be placed at 80230CB8 (length = C bytes)
$DefenseTable_8021E714_1D will be placed at 80230CC4 (length = C bytes)
$DefenseTable_802294E8_1D will be placed at 80230CD0 (length = C bytes)
$DefenseTable_802215DC_1D will be placed at 80230CDC (length = C bytes)
$IdleAnimations_802294DC_1D will be placed at 80230CE8 (length = C bytes)
$IdleAnimations_8021AEE8_1D will be placed at 80230CF4 (length = C bytes)
$DefenseTable_8021CB40_1D will be placed at 80230D00 (length = C bytes)
$IdleAnimations_80227E1C_1D will be placed at 80230D0C (length = C bytes)
$DefenseTable_80222568_1D will be placed at 80230D18 (length = C bytes)
$ASCII_"pt1_6"_Literal will be placed at 80230D24 (length = 8 bytes)
$ConstDouble_802312E0_1D will be placed at 80230D30 (length = 8 bytes)
$ASCII_"pt81_86"_Literal will be placed at 80230D38 (length = 8 bytes)
$ConstDouble_80231310_1D will be placed at 80230D40 (length = 8 bytes)
$ConstDouble_80231308_1D will be placed at 80230D48 (length = 8 bytes)
$ConstDouble_802312D0_1D will be placed at 80230D50 (length = 8 bytes)
$ConstDouble_802312F8_1D will be placed at 80230D58 (length = 8 bytes)
$ConstDouble_80231318_1D will be placed at 80230D60 (length = 8 bytes)
$ConstDouble_802312E8_1D will be placed at 80230D68 (length = 8 bytes)
$ASCII_"pt51_56"_Literal will be placed at 80230D70 (length = 8 bytes)
$ConstDouble_80231300_1D will be placed at 80230D78 (length = 8 bytes)
$ConstDouble_802312D8_1D will be placed at 80230D80 (length = 8 bytes)
$ASCII_"tik_tex"_Literal will be placed at 80230D88 (length = 8 bytes)
$ConstDouble_802312F0_1D will be placed at 80230D90 (length = 8 bytes)
Reading patch file: 35 Area PIT6.bpat
Creating struct: $Script_InitBMap
Creating struct: $22_Koopatrol
Creating struct: $Function_802180D0_22
Creating struct: $Function_8021819C_22
Creating struct: $IdleAnimations_80220320_22
Creating struct: $IdleAnimations_8022036C_22
Creating struct: $IdleAnimations_802203B8_22
Creating struct: $IdleAnimations_80220404_22
Creating struct: $DefenseTable_80220450_22
Creating struct: $DefenseTable_80220464_22
Creating struct: $DefenseTable_80220470_22
Creating struct: $StatusTable_80220484_22
Creating struct: $StatusTable_80220530_22
Creating struct: $PartsTable_802205CC_22
Creating struct: $Koopatrol_22
Creating struct: $Script_Init_80220618_22
Creating struct: $Script_NextTurn_80220768_22
Creating struct: $Script_802207D4_22
Creating struct: $Script_Idle_8022098C_22
Creating struct: $IntTable_80220E1C_22
Creating struct: $Script_HandleEvent_80220E74_22
Creating struct: $Script_ShellToss_22
Creating struct: $Script_SuperShellToss_22
Creating struct: $Script_80223ADC_22
Creating struct: $Vector3D_80223DEC_22
Creating struct: $SpecialFormation_80223DF8_22
Creating struct: $Script_SummonBackup_22
Creating struct: $Script_80224434_22
Creating struct: $Script_TakeTurn_80224684_22
Creating struct: $22_HammerBros
Creating struct: $IdleAnimations_8021E490_22
Creating struct: $IdleAnimations_8021E4DC_22
Creating struct: $DefenseTable_8021E4E8_22
Creating struct: $StatusTable_8021E4F4_22
Creating struct: $PartsTable_8021E5A0_22
Creating struct: $Script_Init_8021E6A0_22
Creating struct: $Script_Idle_8021E704_22
Creating struct: $Script_HandleEvent_8021E860_22
Creating struct: $Script_8021ED74_22
Creating struct: $Script_8021F5EC_22
Creating struct: $Script_8021F838_22
Creating struct: $Script_8021FA30_22
Creating struct: $Script_TakeTurn_8022028C_22
Creating struct: $22_BonyBeetle
Creating struct: $22_BonyBeetle_mze
Creating struct: $Function_80218000_22
Creating struct: $IdleAnimations_80218830_22
Creating struct: $IdleAnimations_8021887C_22
Creating struct: $IdleAnimations_802188C8_22
Creating struct: $IdleAnimations_80218914_22
Creating struct: $DefenseTable_80218960_22
Creating struct: $DefenseTable_80218960_22_mze
Creating struct: $DefenseTable_8021896C_22
Creating struct: $StatusTable_80218978_22
Creating struct: $PartsTable_80218A24_22
Creating struct: $PartsTable_80218A24_22_mze
Creating struct: $Script_Init_80218A70_22
Creating struct: $Script_Idle_80218D6C_22
Creating struct: $Script_HandleEvent_80218D7C_22
Creating struct: $Script_80218EE8_22
Creating struct: $Script_TakeTurn_80219110_22
Creating struct: $IntTable_802191AC_22
Creating struct: $Script_802191FC_22
Creating struct: $Script_Tackle_22
Creating struct: $Script_8021A060_22
Creating struct: $Script_Tackle_Spikes_22
Creating struct: $Script_8021BA6C_22
Creating struct: $Script_FlipOver_22
Creating struct: $Script_8021C234_22
Creating struct: $Script_FlipOver_Spikes_22
Creating struct: $22_DryBones
Creating struct: $22_DryBones_mze
Creating struct: $IdleAnimations_8021CA20_22
Creating struct: $IdleAnimations_8021CA6C_22
Creating struct: $IdleAnimations_8021CA78_22
Creating struct: $DefenseTable_8021CA84_22
Creating struct: $DefenseTable_8021CA84_22_mze
Creating struct: $DefenseTable_8021CAA0_22
Creating struct: $StatusTable_8021CABC_22
Creating struct: $StatusTable_8021CB68_22
Creating struct: $PartsTable_8021CC14_22
Creating struct: $PartsTable_8021CC14_22_mze
Creating struct: $Script_Init_8021CC84_22
Creating struct: $Script_NextTurn_8021CCFC_22
Creating struct: $Script_Idle_8021CF2C_22
Creating struct: $Script_8021D0E8_22
Creating struct: $Script_HandleEvent_8021D404_22
Creating struct: $Script_8021DAC4_22
Creating struct: $Script_TakeTurn_8021DB48_22
Creating struct: $25_Koopatrol
Creating struct: $Function_80218020_25
Creating struct: $Function_802180EC_25
Creating struct: $IdleAnimations_80219BD0_25
Creating struct: $IdleAnimations_80219C1C_25
Creating struct: $IdleAnimations_80219C68_25
Creating struct: $IdleAnimations_80219CB4_25
Creating struct: $DefenseTable_80219D00_25
Creating struct: $DefenseTable_80219D14_25
Creating struct: $DefenseTable_80219D20_25
Creating struct: $StatusTable_80219D34_25
Creating struct: $StatusTable_80219DE0_25
Creating struct: $PartsTable_80219E7C_25
Creating struct: $Koopatrol_25
Creating struct: $Script_Init_80219EC8_25
Creating struct: $Script_NextTurn_8021A018_25
Creating struct: $Script_8021A084_25
Creating struct: $Script_Idle_8021A23C_25
Creating struct: $IntTable_8021A6CC_25
Creating struct: $Script_HandleEvent_8021A724_25
Creating struct: $Script_ShellToss_25
Creating struct: $Script_SuperShellToss_25
Creating struct: $Script_8021D38C_25
Creating struct: $Vector3D_8021D69C_25
Creating struct: $SpecialFormation_8021D6A8_25
Creating struct: $Script_SummonBackup_25
Creating struct: $Script_8021DCE4_25
Creating struct: $Script_TakeTurn_8021DF34_25
Creating struct: $FormationTable
Creating struct: $Formation_Pit8-1-1
Creating struct: $Formation_Pit8-1-2
Creating struct: $Formation_Pit8-1-3
Creating struct: $Formation_Pit8-2-1
Creating struct: $Formation_Pit8-2-2
Creating struct: $Formation_Pit8-2-3
Creating struct: $Formation_Pit8-3-1
Creating struct: $Formation_Pit8-3-2
Creating struct: $Formation_Pit8-3-3
Creating struct: $Formation_Pit8-4-1
Creating struct: $Formation_Pit8-4-2
Creating struct: $Formation_Pit8-4-3
Creating struct: $Formation_Pit8-5-1
Creating struct: $Formation_Pit8-5-2
Creating struct: $Formation_Pit8-5-3
Creating struct: $StageTable
Creating struct: $Stage_Pit1
Creating struct: $Stage_Pit2
Creating struct: $Stage_Pit3
Creating struct: $Script_BeforeBattle
Creating struct: $Script_AfterBattle
Found $Script_Init_80218A70_22 (0)
Merged 1 regions to 1
$Script_HandleEvent_80220E74_22 will be placed at 80218000 (length = 11F0 bytes)
$Script_HandleEvent_8021A724_25 will be placed at 802191F0 (length = 11F0 bytes)
$Script_Tackle_Spikes_22 will be placed at 8021A3E0 (length = F58 bytes)
$Script_ShellToss_22 will be placed at 8021B338 (length = D54 bytes)
$Script_ShellToss_25 will be placed at 8021C08C (length = D54 bytes)
$Script_SuperShellToss_22 will be placed at 8021CDE0 (length = D24 bytes)
$Script_SuperShellToss_25 will be placed at 8021DB04 (length = D24 bytes)
$Script_TakeTurn_8021DB48_22 will be placed at 8021E828 (length = 948 bytes)
$Script_TakeTurn_8021DF34_25 will be placed at 8021F170 (length = 890 bytes)
$Script_TakeTurn_80224684_22 will be placed at 8021FA00 (length = 890 bytes)
$Script_8021ED74_22 will be placed at 80220290 (length = 878 bytes)
$Script_8021FA30_22 will be placed at 80220B08 (length = 85C bytes)
$Script_8021A060_22 will be placed at 80221364 (length = 810 bytes)
$Script_Tackle_22 will be placed at 80221B74 (length = 7B0 bytes)
$Script_HandleEvent_8021D404_22 will be placed at 80222324 (length = 6C0 bytes)
$Script_802191FC_22 will be placed at 802229E4 (length = 6B4 bytes)
$Script_SummonBackup_22 will be placed at 80223098 (length = 620 bytes)
$Script_SummonBackup_25 will be placed at 802236B8 (length = 620 bytes)
$Script_8021C234_22 will be placed at 80223CD8 (length = 534 bytes)
$Script_8021BA6C_22 will be placed at 8022420C (length = 52C bytes)
$Script_HandleEvent_8021E860_22 will be placed at 80224738 (length = 514 bytes)
$Script_Idle_8022098C_22 will be placed at 80224C4C (length = 490 bytes)
$Script_Idle_8021A23C_25 will be placed at 802250DC (length = 490 bytes)
$Script_8021D0E8_22 will be placed at 8022556C (length = 31C bytes)
$Script_8021D38C_25 will be placed at 80225888 (length = 310 bytes)
$Script_80223ADC_22 will be placed at 80225B98 (length = 310 bytes)
$Script_Init_80218A70_22 will be placed at 80225EA8 (length = 300 bytes)
$Script_FlipOver_Spikes_22 will be placed at 802261A8 (length = 2B8 bytes)
$Script_FlipOver_22 will be placed at 80226460 (length = 29C bytes)
$Script_80224434_22 will be placed at 802266FC (length = 250 bytes)
$Script_8021DCE4_25 will be placed at 8022694C (length = 250 bytes)
$Script_8021F5EC_22 will be placed at 80226B9C (length = 24C bytes)
$Script_NextTurn_8021CCFC_22 will be placed at 80226DE8 (length = 230 bytes)
$Script_80218EE8_22 will be placed at 80227018 (length = 228 bytes)
$Script_8021F838_22 will be placed at 80227240 (length = 1F8 bytes)
$Script_Idle_8021CF2C_22 will be placed at 80227438 (length = 1BC bytes)
$Script_802207D4_22 will be placed at 802275F4 (length = 1B8 bytes)
$Script_8021A084_25 will be placed at 802277AC (length = 1B8 bytes)
$Script_InitBMap will be placed at 80227964 (length = 174 bytes)
$Script_HandleEvent_80218D7C_22 will be placed at 80227AD8 (length = 16C bytes)
$Script_Idle_8021E704_22 will be placed at 80227C44 (length = 15C bytes)
$Script_Init_80219EC8_25 will be placed at 80227DA0 (length = 150 bytes)
$Script_Init_80220618_22 will be placed at 80227EF0 (length = 150 bytes)
$FormationTable will be placed at 80228040 (length = 140 bytes)
$PartsTable_8021E5A0_22 will be placed at 80228180 (length = D8 bytes)
$Function_802180D0_22 will be placed at 80228258 (length = CC bytes)
$Function_80218000_22 will be placed at 80228324 (length = CC bytes)
$Function_80218020_25 will be placed at 802283F0 (length = CC bytes)
$StatusTable_80220484_22 will be placed at 802284BC (length = AC bytes)
$StatusTable_8021CABC_22 will be placed at 80228568 (length = AC bytes)
$StatusTable_8021E4F4_22 will be placed at 80228614 (length = AC bytes)
$StatusTable_80218978_22 will be placed at 802286C0 (length = AC bytes)
$StatusTable_8021CB68_22 will be placed at 8022876C (length = AC bytes)
$StatusTable_80219D34_25 will be placed at 80228818 (length = AC bytes)
$StatusTable_80219DE0_25 will be placed at 802288C4 (length = 9C bytes)
$Script_TakeTurn_80219110_22 will be placed at 80228960 (length = 9C bytes)
$StatusTable_80220530_22 will be placed at 802289FC (length = 9C bytes)
$Script_TakeTurn_8022028C_22 will be placed at 80228A98 (length = 90 bytes)
$Script_8021DAC4_22 will be placed at 80228B28 (length = 84 bytes)
$Script_Init_8021CC84_22 will be placed at 80228BAC (length = 78 bytes)
$Script_NextTurn_8021A018_25 will be placed at 80228C24 (length = 6C bytes)
$Script_NextTurn_80220768_22 will be placed at 80228C90 (length = 6C bytes)
$Script_Init_8021E6A0_22 will be placed at 80228CFC (length = 64 bytes)
$Script_BeforeBattle will be placed at 80228D60 (length = 5C bytes)
$Function_802180EC_25 will be placed at 80228DBC (length = 58 bytes)
$IntTable_8021A6CC_25 will be placed at 80228E14 (length = 58 bytes)
$IntTable_80220E1C_22 will be placed at 80228E6C (length = 58 bytes)
$Function_8021819C_22 will be placed at 80228EC4 (length = 58 bytes)
$Formation_Pit8-4-3 will be placed at 80228F1C (length = 54 bytes)
$Formation_Pit8-4-2 will be placed at 80228F70 (length = 54 bytes)
$Formation_Pit8-4-1 will be placed at 80228FC4 (length = 54 bytes)
$Formation_Pit8-3-1 will be placed at 80229018 (length = 54 bytes)
$Formation_Pit8-3-3 will be placed at 8022906C (length = 54 bytes)
$Formation_Pit8-3-2 will be placed at 802290C0 (length = 54 bytes)
$Formation_Pit8-2-2 will be placed at 80229114 (length = 54 bytes)
$Formation_Pit8-2-3 will be placed at 80229168 (length = 54 bytes)
$Formation_Pit8-5-3 will be placed at 802291BC (length = 54 bytes)
$Formation_Pit8-5-2 will be placed at 80229210 (length = 54 bytes)
$Formation_Pit8-1-3 will be placed at 80229264 (length = 54 bytes)
$Formation_Pit8-1-2 will be placed at 802292B8 (length = 54 bytes)
$Formation_Pit8-5-1 will be placed at 8022930C (length = 54 bytes)
$Formation_Pit8-1-1 will be placed at 80229360 (length = 54 bytes)
$IntTable_802191AC_22 will be placed at 802293B4 (length = 50 bytes)
$IdleAnimations_80219C68_25 will be placed at 80229404 (length = 4C bytes)
$IdleAnimations_80220404_22 will be placed at 80229450 (length = 4C bytes)
$IdleAnimations_80219CB4_25 will be placed at 8022949C (length = 4C bytes)
$IdleAnimations_8021E490_22 will be placed at 802294E8 (length = 4C bytes)
$IdleAnimations_8021CA20_22 will be placed at 80229534 (length = 4C bytes)
$IdleAnimations_8022036C_22 will be placed at 80229580 (length = 4C bytes)
$IdleAnimations_80220320_22 will be placed at 802295CC (length = 4C bytes)
$IdleAnimations_8021887C_22 will be placed at 80229618 (length = 4C bytes)
$IdleAnimations_802203B8_22 will be placed at 80229664 (length = 4C bytes)
$IdleAnimations_80218914_22 will be placed at 802296B0 (length = 4C bytes)
$IdleAnimations_80218830_22 will be placed at 802296FC (length = 4C bytes)
$IdleAnimations_80219C1C_25 will be placed at 80229748 (length = 4C bytes)
$IdleAnimations_80219BD0_25 will be placed at 80229794 (length = 4C bytes)
$IdleAnimations_802188C8_22 will be placed at 802297E0 (length = 4C bytes)
$PartsTable_8021CC14_22_mze will be placed at 8022982C (length = 48 bytes)
$PartsTable_8021CC14_22 will be placed at 80229874 (length = 48 bytes)
$Formation_Pit8-2-1 will be placed at 802298BC (length = 38 bytes)
$22_BonyBeetle will be placed at 802298F4 (length = 28 bytes)
$22_HammerBros will be placed at 8022991C (length = 28 bytes)
$22_Koopatrol will be placed at 80229944 (length = 28 bytes)
$25_Koopatrol will be placed at 8022996C (length = 28 bytes)
$22_BonyBeetle_mze will be placed at 80229994 (length = 28 bytes)
$Koopatrol_25 will be placed at 802299BC (length = 28 bytes)
$Koopatrol_22 will be placed at 802299E4 (length = 28 bytes)
$22_DryBones will be placed at 80229A0C (length = 28 bytes)
$22_DryBones_mze will be placed at 80229A34 (length = 28 bytes)
$PartsTable_80218A24_22_mze will be placed at 80229A5C (length = 24 bytes)
$PartsTable_80219E7C_25 will be placed at 80229A80 (length = 24 bytes)
$PartsTable_80218A24_22 will be placed at 80229AA4 (length = 24 bytes)
$Stage_Pit1 will be placed at 80229AC8 (length = 24 bytes)
$Stage_Pit3 will be placed at 80229AEC (length = 24 bytes)
$Stage_Pit2 will be placed at 80229B10 (length = 24 bytes)
$PartsTable_802205CC_22 will be placed at 80229B34 (length = 24 bytes)
$StageTable will be placed at 80229B58 (length = 20 bytes)
$DefenseTable_8021CA84_22_mze will be placed at 80229B78 (length = 1C bytes)
$SpecialFormation_8021D6A8_25 will be placed at 80229B94 (length = 1C bytes)
$DefenseTable_8021CA84_22 will be placed at 80229BB0 (length = 1C bytes)
$SpecialFormation_80223DF8_22 will be placed at 80229BCC (length = 1C bytes)
$DefenseTable_8021CAA0_22 will be placed at 80229BE8 (length = 1C bytes)
$ASCII_"pit_bt02_shape"_Literal will be placed at 80229C04 (length = 14 bytes)
$ASCII_"pit_bt01_shape"_Literal will be placed at 80229C18 (length = 14 bytes)
$DefenseTable_80219D20_25 will be placed at 80229C2C (length = 14 bytes)
$DefenseTable_80220450_22 will be placed at 80229C40 (length = 14 bytes)
$ASCII_"pit_bt03_shape"_Literal will be placed at 80229C54 (length = 14 bytes)
$DefenseTable_80219D00_25 will be placed at 80229C68 (length = 14 bytes)
$DefenseTable_80220470_22 will be placed at 80229C7C (length = 14 bytes)
$ASCII_"pit_bt01_hit"_Literal will be placed at 80229C90 (length = 10 bytes)
$ASCII_"pit_bt03_hit"_Literal will be placed at 80229CA0 (length = 10 bytes)
$Script_AfterBattle will be placed at 80229CB0 (length = 10 bytes)
$ASCII_"pit_bt02_hit"_Literal will be placed at 80229CC0 (length = 10 bytes)
$Script_Idle_80218D6C_22 will be placed at 80229CD0 (length = 10 bytes)
$DefenseTable_8021E4E8_22 will be placed at 80229CE0 (length = C bytes)
$IdleAnimations_8021CA6C_22 will be placed at 80229CEC (length = C bytes)
$DefenseTable_80218960_22 will be placed at 80229CF8 (length = C bytes)
$DefenseTable_8021896C_22 will be placed at 80229D04 (length = C bytes)
$IdleAnimations_8021E4DC_22 will be placed at 80229D10 (length = C bytes)
$Vector3D_8021D69C_25 will be placed at 80229D1C (length = C bytes)
$DefenseTable_80218960_22_mze will be placed at 80229D28 (length = C bytes)
$Vector3D_80223DEC_22 will be placed at 80229D34 (length = C bytes)
$DefenseTable_80220464_22 will be placed at 80229D40 (length = C bytes)
$DefenseTable_80219D14_25 will be placed at 80229D4C (length = C bytes)
$IdleAnimations_8021CA78_22 will be placed at 80229D58 (length = C bytes)
$ASCII_"pt1_6"_Literal will be placed at 80229D64 (length = 8 bytes)
$ASCII_"pt81_86"_Literal will be placed at 80229D6C (length = 8 bytes)
$ASCII_"pt51_56"_Literal will be placed at 80229D74 (length = 8 bytes)
$ASCII_"tik_tex"_Literal will be placed at 80229D7C (length = 8 bytes)
Reading patch file: 36 Area PIT7.bpat
Creating struct: $Script_InitBMap
Creating struct: $30_PoisonFuzzy
Creating struct: $Function_802181A0_14
Creating struct: $Function_80218254_14
Creating struct: $DefenseTable_8021E9D0_14
Creating struct: $StatusTable_8021E9E4_14
Creating struct: $PartsTable_8021EA90_14
Creating struct: $PoisonFuzzy_30
Creating struct: $IdleAnimations_8021EADC_14
Creating struct: $Script_Init_8021EB28_14
Creating struct: $Script_Idle_8021EB8C_14
Creating struct: $Script_HandleEvent_8021EB9C_14
Creating struct: $Script_Divide_14
Creating struct: $Script_LeechAttack_14
Creating struct: $Script_802210E0_14
Creating struct: $Script_80221468_14
Creating struct: $Script_TakeTurn_80221628_14
Creating struct: $Vector3D_80221800_14
Creating struct: $SpecialFormation_8022180C_14
Creating struct: $30_PoisonPuff
Creating struct: $Function_802181F0_18
Creating struct: $IdleAnimations_802225A0_18
Creating struct: $DefenseTable_802225E4_18
Creating struct: $StatusTable_802225F8_18
Creating struct: $PartsTable_802226A4_18
Creating struct: $Script_Init_802226F0_18
Creating struct: $Script_Idle_8022273C_18
Creating struct: $Script_80222820_18
Creating struct: $Script_HandleEvent_80222898_18
Creating struct: $Script_TakeTurn_80222DE8_18
Creating struct: $30_EmberGuy
Creating struct: $Function_80218EE0_10
Creating struct: $IdleAnimations_8022CB00_10
Creating struct: $DefenseTable_8022CB4C_10
Creating struct: $StatusTable_8022CB88_10
Creating struct: $PartsTable_8022CC34_10
Creating struct: $Script_Init_8022CC80_10
Creating struct: $Script_Idle_8022CCCC_10
Creating struct: $Script_8022CDDC_10
Creating struct: $Script_HandleEvent_8022CE60_10
Creating struct: $Script_TakeTurn_8022D344_10
Creating struct: $30_BlackMagikoopa
Creating struct: $Function_80218200_22
Creating struct: $Function_80218358_22
Creating struct: $Function_80218638_22
Creating struct: $DefenseTable_80224F20_22
Creating struct: $StatusTable_80224F38_22
Creating struct: $PartsTable_80225090_22
Creating struct: $IdleAnimations_80225170_22
Creating struct: $IdleAnimations_802251BC_22
Creating struct: $Script_Idle_80225214_22
Creating struct: $Script_RunAway_22
Creating struct: $Script_NextTurn_80225D10_22
Creating struct: $Script_Init_80225D60_22
Creating struct: $Script_802260CC_22
Creating struct: $Script_HandleEvent_80226338_22
Creating struct: $Script_HealOne_22
Creating struct: $Script_HealAll_22
Creating struct: $Script_ShapeSpell_22
Creating struct: $Script_80228DA4_22
Creating struct: $Script_HandleEvent_8022908C_22
Creating struct: $Script_Init_8022909C_22
Creating struct: $Script_Init_802290D8_22
Creating struct: $DefenseTable_80229114_22
Creating struct: $DefenseTable_80229120_22
Creating struct: $StatusTable_8022912C_22
Creating struct: $StatusTable_802291D8_22
Creating struct: $PartsTable_80229284_22
Creating struct: $PartsTable_802292A8_22
Creating struct: $DarkMagiclone
Creating struct: $Flying_DarkMagiclone
Creating struct: $Vector3D_8022931C_22
Creating struct: $SpecialFormation_Clone
Creating struct: $SpecialFormation_FlyingClone
Creating struct: $Script_MakeCopy_22
Creating struct: $Script_BoostAttack_22
Creating struct: $Script_BoostDefense_22
Creating struct: $Script_Electrify_22
Creating struct: $Script_Vanish_22
Creating struct: $Script_TakeTurn_8022B784_22
Creating struct: $30_NegativeChomp
Creating struct: $Function_80218270_0B
Creating struct: $Function_802183C0_0B
Creating struct: $Function_80218458_0B
Creating struct: $Function_ChainChomp_ChainsIdle
Creating struct: $IdleAnimations_ChainChomp_A
Creating struct: $IdleAnimations_ChainChomp_B
Creating struct: $IdleAnimations_ChainChomp_C
Creating struct: $IdleAnimations_ChainChomp_D
Creating struct: $IdleAnimations_ChainTail
Creating struct: $DefenseTable_ChainChomp
Creating struct: $StatusTable_ChainChomp
Creating struct: $PartsTable_ChainChomp
Creating struct: $Script_80221794_0B
Creating struct: $Script_8022181C_0B
Creating struct: $Script_Init_ChainChomp
Creating struct: $Script_80221BC4_0B
Creating struct: $Script_Idle_80221D00_0B
Creating struct: $Script_80222324_0B
Creating struct: $Script_HandleEvent_80222364_0B
Creating struct: $Script_TakeTurn_80222ED0_0B
Creating struct: $ConstDouble_80224920_0B
Creating struct: $18_AmazyDayzee
Creating struct: $DefenseTable_80221440_18
Creating struct: $StatusTable_8022144C_18
Creating struct: $PartsTable_802214F8_18
Creating struct: $IdleAnimations_80221544_18
Creating struct: $Script_Init_80221590_18
Creating struct: $Script_Idle_802215DC_18
Creating struct: $Script_80221690_18
Creating struct: $Script_HandleEvent_802216CC_18
Creating struct: $Script_Amazy_Sing_18
Creating struct: $Script_Amazy_RunAway_18
Creating struct: $Script_TakeTurn_80222500_18
Creating struct: $FormationTable
Creating struct: $Formation_Pit9-1-1
Creating struct: $Formation_Pit9-1-2
Creating struct: $Formation_Pit9-1-3
Creating struct: $Formation_Pit9-2-1
Creating struct: $Formation_Pit9-2-2
Creating struct: $Formation_Pit9-2-3
Creating struct: $Formation_Pit9-3-1
Creating struct: $Formation_Pit9-3-2
Creating struct: $Formation_Pit9-3-3
Creating struct: $Formation_Pit9-4-1
Creating struct: $Formation_Pit9-4-2
Creating struct: $Formation_Pit9-4-3
Creating struct: $Formation_Pit9-5-1
Creating struct: $Formation_Pit9-5-2
Creating struct: $Formation_Pit9-5-3
Creating struct: $StageTable
Creating struct: $Stage_Pit1
Creating struct: $Stage_Pit2
Creating struct: $Stage_Pit3
Creating struct: $Script_BeforeBattle
Creating struct: $Script_AfterBattle
Merged 1 regions to 1
$Script_LeechAttack_14 will be placed at 80218000 (length = 1CA4 bytes)
$Script_TakeTurn_8022B784_22 will be placed at 80219CA4 (length = 105C bytes)
$Script_ShapeSpell_22 will be placed at 8021AD00 (length = EB8 bytes)
$Script_HandleEvent_80222364_0B will be placed at 8021BBB8 (length = B6C bytes)
$Script_TakeTurn_80222ED0_0B will be placed at 8021C724 (length = 9E0 bytes)
$Script_TakeTurn_80222DE8_18 will be placed at 8021D104 (length = 7E0 bytes)
$Script_Electrify_22 will be placed at 8021D8E4 (length = 760 bytes)
$Script_Vanish_22 will be placed at 8021E044 (length = 71C bytes)
$Script_BoostDefense_22 will be placed at 8021E760 (length = 71C bytes)
$Script_BoostAttack_22 will be placed at 8021EE7C (length = 71C bytes)
$Script_HandleEvent_80226338_22 will be placed at 8021F598 (length = 718 bytes)
$Script_TakeTurn_8022D344_10 will be placed at 8021FCB0 (length = 6E0 bytes)
$Script_HandleEvent_8021EB9C_14 will be placed at 80220390 (length = 6C4 bytes)
$Script_MakeCopy_22 will be placed at 80220A54 (length = 6C0 bytes)
$Script_Amazy_Sing_18 will be placed at 80221114 (length = 6A8 bytes)
$Script_HealAll_22 will be placed at 802217BC (length = 6A0 bytes)
$Script_Idle_80221D00_0B will be placed at 80221E5C (length = 624 bytes)
$Script_HealOne_22 will be placed at 80222480 (length = 58C bytes)
$Script_HandleEvent_80222898_18 will be placed at 80222A0C (length = 550 bytes)
$Script_HandleEvent_802216CC_18 will be placed at 80222F5C (length = 54C bytes)
$Script_HandleEvent_8022CE60_10 will be placed at 802234A8 (length = 4E4 bytes)
$Script_Divide_14 will be placed at 8022398C (length = 40C bytes)
$Function_ChainChomp_ChainsIdle will be placed at 80223D98 (length = 3E4 bytes)
$Script_802210E0_14 will be placed at 8022417C (length = 388 bytes)
$Script_80228DA4_22 will be placed at 80224504 (length = 2E8 bytes)
$Script_8022181C_0B will be placed at 802247EC (length = 2A0 bytes)
$Script_802260CC_22 will be placed at 80224A8C (length = 26C bytes)
$Script_Amazy_RunAway_18 will be placed at 80224CF8 (length = 240 bytes)
$Script_RunAway_22 will be placed at 80224F38 (length = 224 bytes)
$Script_TakeTurn_80221628_14 will be placed at 8022515C (length = 1D8 bytes)
$Script_Idle_80225214_22 will be placed at 80225334 (length = 1D0 bytes)
$Script_80221468_14 will be placed at 80225504 (length = 1C0 bytes)
$Script_Init_80225D60_22 will be placed at 802256C4 (length = 1C0 bytes)
$Function_802181F0_18 will be placed at 80225884 (length = 190 bytes)
$Function_80218358_22 will be placed at 80225A14 (length = 190 bytes)
$Script_InitBMap will be placed at 80225BA4 (length = 174 bytes)
$PartsTable_ChainChomp will be placed at 80225D18 (length = 168 bytes)
$Function_80218200_22 will be placed at 80225E80 (length = 158 bytes)
$Function_80218270_0B will be placed at 80225FD8 (length = 150 bytes)
$FormationTable will be placed at 80226128 (length = 140 bytes)
$Script_80221BC4_0B will be placed at 80226268 (length = 13C bytes)
$Script_Idle_8022CCCC_10 will be placed at 802263A4 (length = 110 bytes)
$Script_Init_ChainChomp will be placed at 802264B4 (length = 108 bytes)
$Script_Idle_8022273C_18 will be placed at 802265BC (length = E4 bytes)
$Function_80218EE0_10 will be placed at 802266A0 (length = CC bytes)
$Function_80218638_22 will be placed at 8022676C (length = C4 bytes)
$Function_802181A0_14 will be placed at 80226830 (length = B4 bytes)
$Function_80218254_14 will be placed at 802268E4 (length = B4 bytes)
$Script_Idle_802215DC_18 will be placed at 80226998 (length = B4 bytes)
$StatusTable_80224F38_22 will be placed at 80226A4C (length = AC bytes)
$StatusTable_8021E9E4_14 will be placed at 80226AF8 (length = AC bytes)
$StatusTable_8022144C_18 will be placed at 80226BA4 (length = AC bytes)
$StatusTable_802291D8_22 will be placed at 80226C50 (length = AC bytes)
$StatusTable_ChainChomp will be placed at 80226CFC (length = AC bytes)
$StatusTable_8022912C_22 will be placed at 80226DA8 (length = AC bytes)
$StatusTable_802225F8_18 will be placed at 80226E54 (length = AC bytes)
$StatusTable_8022CB88_10 will be placed at 80226F00 (length = AC bytes)
$Function_802183C0_0B will be placed at 80226FAC (length = 98 bytes)
$Script_80221794_0B will be placed at 80227044 (length = 88 bytes)
$Script_TakeTurn_80222500_18 will be placed at 802270CC (length = 88 bytes)
$Script_8022CDDC_10 will be placed at 80227154 (length = 84 bytes)
$Script_80222820_18 will be placed at 802271D8 (length = 78 bytes)
$Script_80222324_0B will be placed at 80227250 (length = 74 bytes)
$Function_80218458_0B will be placed at 802272C4 (length = 74 bytes)
$Script_Init_8021EB28_14 will be placed at 80227338 (length = 64 bytes)
$Script_BeforeBattle will be placed at 8022739C (length = 5C bytes)
$Formation_Pit9-2-3 will be placed at 802273F8 (length = 54 bytes)
$Formation_Pit9-2-2 will be placed at 8022744C (length = 54 bytes)
$Formation_Pit9-2-1 will be placed at 802274A0 (length = 54 bytes)
$Formation_Pit9-1-3 will be placed at 802274F4 (length = 54 bytes)
$Formation_Pit9-1-2 will be placed at 80227548 (length = 54 bytes)
$Formation_Pit9-1-1 will be placed at 8022759C (length = 54 bytes)
$Formation_Pit9-5-3 will be placed at 802275F0 (length = 54 bytes)
$Formation_Pit9-5-2 will be placed at 80227644 (length = 54 bytes)
$Formation_Pit9-5-1 will be placed at 80227698 (length = 54 bytes)
$Formation_Pit9-4-1 will be placed at 802276EC (length = 54 bytes)
$Formation_Pit9-4-3 will be placed at 80227740 (length = 54 bytes)
$Formation_Pit9-4-2 will be placed at 80227794 (length = 54 bytes)
$Formation_Pit9-3-2 will be placed at 802277E8 (length = 54 bytes)
$Formation_Pit9-3-1 will be placed at 8022783C (length = 54 bytes)
$Formation_Pit9-3-3 will be placed at 80227890 (length = 54 bytes)
$Script_NextTurn_80225D10_22 will be placed at 802278E4 (length = 50 bytes)
$Script_Init_802226F0_18 will be placed at 80227934 (length = 4C bytes)
$Script_Init_80221590_18 will be placed at 80227980 (length = 4C bytes)
$IdleAnimations_80221544_18 will be placed at 802279CC (length = 4C bytes)
$IdleAnimations_8021EADC_14 will be placed at 80227A18 (length = 4C bytes)
$IdleAnimations_802251BC_22 will be placed at 80227A64 (length = 4C bytes)
$IdleAnimations_80225170_22 will be placed at 80227AB0 (length = 4C bytes)
$IdleAnimations_8022CB00_10 will be placed at 80227AFC (length = 4C bytes)
$Script_Init_8022CC80_10 will be placed at 80227B48 (length = 4C bytes)
$IdleAnimations_802225A0_18 will be placed at 80227B94 (length = 44 bytes)
$Script_80221690_18 will be placed at 80227BD8 (length = 3C bytes)
$IdleAnimations_ChainChomp_C will be placed at 80227C14 (length = 3C bytes)
$IdleAnimations_ChainChomp_D will be placed at 80227C50 (length = 3C bytes)
$IdleAnimations_ChainChomp_A will be placed at 80227C8C (length = 3C bytes)
$IdleAnimations_ChainChomp_B will be placed at 80227CC8 (length = 3C bytes)
$DefenseTable_8022CB4C_10 will be placed at 80227D04 (length = 3C bytes)
$Script_Init_8022909C_22 will be placed at 80227D40 (length = 3C bytes)
$Script_Init_802290D8_22 will be placed at 80227D7C (length = 3C bytes)
$DefenseTable_ChainChomp will be placed at 80227DB8 (length = 2C bytes)
$30_PoisonPuff will be placed at 80227DE4 (length = 28 bytes)
$DarkMagiclone will be placed at 80227E0C (length = 28 bytes)
$30_EmberGuy will be placed at 80227E34 (length = 28 bytes)
$PoisonFuzzy_30 will be placed at 80227E5C (length = 28 bytes)
$30_PoisonFuzzy will be placed at 80227E84 (length = 28 bytes)
$30_BlackMagikoopa will be placed at 80227EAC (length = 28 bytes)
$Flying_DarkMagiclone will be placed at 80227ED4 (length = 28 bytes)
$30_NegativeChomp will be placed at 80227EFC (length = 28 bytes)
$18_AmazyDayzee will be placed at 80227F24 (length = 28 bytes)
$PartsTable_802292A8_22 will be placed at 80227F4C (length = 24 bytes)
$PartsTable_8022CC34_10 will be placed at 80227F70 (length = 24 bytes)
$PartsTable_802214F8_18 will be placed at 80227F94 (length = 24 bytes)
$PartsTable_8021EA90_14 will be placed at 80227FB8 (length = 24 bytes)
$Stage_Pit1 will be placed at 80227FDC (length = 24 bytes)
$Stage_Pit3 will be placed at 80228000 (length = 24 bytes)
$Stage_Pit2 will be placed at 80228024 (length = 24 bytes)
$PartsTable_80225090_22 will be placed at 80228048 (length = 24 bytes)
$PartsTable_802226A4_18 will be placed at 8022806C (length = 24 bytes)
$PartsTable_80229284_22 will be placed at 80228090 (length = 24 bytes)
$StageTable will be placed at 802280B4 (length = 20 bytes)
$SpecialFormation_Clone will be placed at 802280D4 (length = 1C bytes)
$SpecialFormation_FlyingClone will be placed at 802280F0 (length = 1C bytes)
$SpecialFormation_8022180C_14 will be placed at 8022810C (length = 1C bytes)
$DefenseTable_8021E9D0_14 will be placed at 80228128 (length = 14 bytes)
$ASCII_"pit_bt02_shape"_Literal will be placed at 8022813C (length = 14 bytes)
$ASCII_"pit_bt01_shape"_Literal will be placed at 80228150 (length = 14 bytes)
$DefenseTable_802225E4_18 will be placed at 80228164 (length = 14 bytes)
$ASCII_"pit_bt03_shape"_Literal will be placed at 80228178 (length = 14 bytes)
$ASCII_"pit_bt01_hit"_Literal will be placed at 8022818C (length = 10 bytes)
$ASCII_"pit_bt03_hit"_Literal will be placed at 8022819C (length = 10 bytes)
$Script_HandleEvent_8022908C_22 will be placed at 802281AC (length = 10 bytes)
$Script_Idle_8021EB8C_14 will be placed at 802281BC (length = 10 bytes)
$Script_AfterBattle will be placed at 802281CC (length = 10 bytes)
$ASCII_"pit_bt02_hit"_Literal will be placed at 802281DC (length = 10 bytes)
$DefenseTable_80224F20_22 will be placed at 802281EC (length = C bytes)
$Vector3D_8022931C_22 will be placed at 802281F8 (length = C bytes)
$IdleAnimations_ChainTail will be placed at 80228204 (length = C bytes)
$DefenseTable_80221440_18 will be placed at 80228210 (length = C bytes)
$DefenseTable_80229114_22 will be placed at 8022821C (length = C bytes)
$DefenseTable_80229120_22 will be placed at 80228228 (length = C bytes)
$Vector3D_80221800_14 will be placed at 80228234 (length = C bytes)
$ASCII_"pt1_6"_Literal will be placed at 80228240 (length = 8 bytes)
$ASCII_"pt81_86"_Literal will be placed at 80228248 (length = 8 bytes)
$ASCII_"pt51_56"_Literal will be placed at 80228250 (length = 8 bytes)
$ConstDouble_80224920_0B will be placed at 80228258 (length = 8 bytes)
$ASCII_"tik_tex"_Literal will be placed at 80228260 (length = 8 bytes)
Reading patch file: 37 Area PIT8.bpat
Creating struct: $Script_InitBMap
Creating struct: $31_Bonetail
Creating struct: $StatusTable_Bonetail
Creating struct: $PartsTable_Bonetail
Creating struct: $IdleAnimations_Bonetail
Creating struct: $DefenseTable_Bonetail
Creating struct: $Script_Init_Bonetail
Creating struct: $Script_HandleEvent_Bonetail
Creating struct: $GetSprite
Creating struct: $Function_GetCurrentTurn
Creating struct: $Script_DoDeath
Creating struct: $Script_TakeTurn_Bonetail
Creating struct: $Script_Attack_Chomp
Creating struct: $Script_Attack_Stomp
Creating struct: $Script_Attack_Breath
Creating struct: $LoadVar3
Creating struct: $Script_Attack_Heal
Creating struct: $31_RubyKing
Creating struct: $Function_80218000_20
Creating struct: $Function_80218058_20
Creating struct: $Function_802181E8_20
Creating struct: $Function_80218280_20
Creating struct: $Function_802182E4_20
Creating struct: $Function_80218344_20
Creating struct: $Function_802183A4_20
Creating struct: $Function_8021848C_20
Creating struct: $IdleAnimations_RubyKing
Creating struct: $DefenseTable_RubyKing
Creating struct: $StatusTable_RubyKing
Creating struct: $DefenseTable_Invincible
Creating struct: $StatusTable_Invincible
Creating struct: $PartsTable_RubyKing
Creating struct: $Script_Init_RubyKing
Creating struct: $Script_CheckBits
Creating struct: $Script_Idle_RubyKing
Creating struct: $Script_80218E34_20
Creating struct: $Script_80219270_20
Creating struct: $Script_8021952C_20
Creating struct: $Script_80219B80_20
Creating struct: $Script_HandleEvent_RubyKing
Creating struct: $Script_TakeTurn_RubyKing
Creating struct: $Script_FrostBreath_20
Creating struct: $Script_FrostBolt_20
Creating struct: $StatusTable_8021C6DC_20
Creating struct: $Script_HandleEvent_8021C788_20
Creating struct: $Script_Init_8021C798_20
Creating struct: $31_RubyClone
Creating struct: $Vector3D_8021C80C_20
Creating struct: $SpecialFormation_8021C818_20
Creating struct: $Script_SummonClones_20
Creating struct: $SpecialFormation_RubyBitA
Creating struct: $SpecialFormation_RubyBitB
Creating struct: $SpecialFormation_RubyBitC
Creating struct: $???_8021D63C_20
Creating struct: $???_8021D67C_20
Creating struct: $???_8021D6BC_20
Creating struct: $Script_AnimateSummon_20
Creating struct: $Script_SummonRocks_20
Creating struct: $Script_TripleFrostBreath_20
Creating struct: $Script_SuckInRock_20
Creating struct: $Script_SpitRockMiss_20
Creating struct: $Script_SpitRock_20
Creating struct: $Script_SpitAllRocks_20
Creating struct: $Script_HealSelf_20
Creating struct: $PartsTable_RubyBitA
Creating struct: $PartsTable_802205B4_20
Creating struct: $IdleAnimations_80220480
Creating struct: $IdleAnimations_8022048C
Creating struct: $IdleAnimations_80220498
Creating struct: $DefenseTable_802204A4
Creating struct: $31_RubyBitA
Creating struct: $31_RubyBitB
Creating struct: $31_RubyBitC
Creating struct: $StatusTable_RubyBit
Creating struct: $PartsTable_802205FC_20
Creating struct: $Script_Init_RubyBit
Creating struct: $Script_TakeTurn_RubyBit
Creating struct: $Script_Idle_RubyBit
Creating struct: $Function_802185D0
Creating struct: $Script_NextTurn_RubyBit
Creating struct: $Script_HandleEvent_RubyBit
Creating struct: $33_BanditBoss
Creating struct: $IdleAnimations_BanditBoss
Creating struct: $IdleAnimations_BanditBoss2
Creating struct: $IdleAnimations_Coin
Creating struct: $DefenseTable_BanditBoss
Creating struct: $StatusTable_BanditBoss
Creating struct: $PartsTable_BanditBoss
Creating struct: $PartsTable_Coin
Creating struct: $Actor_Coin
Creating struct: $CoinPos
Creating struct: $SpecialFormation_Coin
Creating struct: $Script_Init_BanditBoss
Creating struct: $Script_HandleEvent_Coin
Creating struct: $Script_Init_Coin
Creating struct: $Script_HandleEvent_BanditBoss
Creating struct: $Script_TakeTurn_BanditBoss
Creating struct: $33_Mistar
Creating struct: $Function_ActorRainbowFX
Creating struct: $Function_80218458_1E
Creating struct: $Function_SetStageBrightness
Creating struct: $Function_802184D4_1E
Creating struct: $DefenseTable_Mistar
Creating struct: $StatusTable_Mistar
Creating struct: $PartsTable_Mistar
Creating struct: $IdleAnimations_Mistar
Creating struct: $IdleAnimations_Mistar_Charge
Creating struct: $Script_Init_Mistar
Creating struct: $Script_Idle_Mistar
Creating struct: $Script_HandleEvent_Mistar
Creating struct: $Script_Attack_ChargeWave
Creating struct: $Script_Attack_BlueWave
Creating struct: $Script_NextTurn_Mistar
Creating struct: $Script_TakeTurn_Mistar
Creating struct: $Script_Attack_YellowWave
Creating struct: $Script_Attack_Mist
Creating struct: $Script_8021B55C_1E
Creating struct: $Script_8021B898_1E
Creating struct: $???_8021A2B8_1E
Creating struct: $???_8021A098
Creating struct: $???_8021A298
Creating struct: $???_80223570
Creating struct: $???_80223680
Creating struct: $???_80223700
Creating struct: $???_80223730
Creating struct: $???_80223770
Creating struct: $???_802237B0
Creating struct: $???_80223880
Creating struct: $???_802238B0
Creating struct: $???_802239B0
Creating struct: $???_802239E0
Creating struct: $???_80223A10
Creating struct: $???_80223A40
Creating struct: $???_80223A70
Creating struct: $37_Dimentio1
Creating struct: $StatusTable_Dimentio1
Creating struct: $PartsTable_Dimentio1
Creating struct: $IdleAnimations_Dimentio1_Ground
Creating struct: $IdleAnimations_Dimentio1_Fly
Creating struct: $DefenseTable_Dimentio1
Creating struct: $Script_Init_Dimentio1
Creating struct: $Script_HandleEvent_Dimentio1
Creating struct: $Script_Dimentio1_EndFight
Creating struct: $Script_TakeTurn_Dimentio1
Creating struct: $Script_Dimentio1_Attack_Fire
Creating struct: $Script_Dimentio1_Attack_Thunder
Creating struct: $Script_Dimentio1_Attack_Sleep
Creating struct: $Script_Dimentio1_Attack_Projectile
Creating struct: $37_Dimentio2
Creating struct: $37_DimentioClone
Creating struct: $StatusTable_Dimentio2
Creating struct: $PartsTable_Dimentio2
Creating struct: $PartsTable_Dimentio2_Clone
Creating struct: $IdleAnimations_Dimentio2_Ground
Creating struct: $IdleAnimations_Dimentio2_Fly
Creating struct: $IdleAnimations_Dimentio2_Charge
Creating struct: $DefenseTable_Dimentio2
Creating struct: $Script_Init_Dimentio2
Creating struct: $Script_Init_Dimentio2_Clone
Creating struct: $Script_HandleEvent_Dimentio2
Creating struct: $Script_Dimentio2_EndFight
Creating struct: $Script_TakeTurn_Dimentio2
Creating struct: $Script_Dimentio2_Attack_Fire
Creating struct: $Script_Dimentio2_Attack_Disappear
Creating struct: $Script_Dimentio2_Attack_Projectiles
Creating struct: $Script_Dimentio2_Attack_Charge
Creating struct: $Script_Dimentio2_Attack_EndCharge
Creating struct: $Script_Idle_Dimentio2
Creating struct: $Script_Dimentio2_StealHeroesBoosts
Creating struct: $Script_Dimentio2_ActivateMirrorShield
Creating struct: $37_Dimentio3
Creating struct: $StatusTable_Dimentio3
Creating struct: $PartsTable_Dimentio3
Creating struct: $IdleAnimations_Dimentio3_Ground
Creating struct: $IdleAnimations_Dimentio3_Fly
Creating struct: $IdleAnimations_Dimentio3_Charge
Creating struct: $DefenseTable_Dimentio3
Creating struct: $Script_Init_Dimentio3
Creating struct: $Function_SyncStatsMenu
Creating struct: $Script_Idle_Dimentio3
Creating struct: $Script_HandleEvent_Dimentio3
Creating struct: $Script_Dimentio3_EndFight
Creating struct: $Script_TakeTurn_Dimentio3
Creating struct: $FormationTable
Creating struct: $Formation_Bonetail
Creating struct: $Formation_BanditBoss
Creating struct: $Formation_RubyKing
Creating struct: $Formation_Mistar
Creating struct: $Formation_Dimentio1
Creating struct: $Formation_Dimentio2
Creating struct: $Formation_Dimentio3
Creating struct: $Main_Body
Creating struct: $KingPos
Creating struct: $BitAPos
Creating struct: $BitBPos
Creating struct: $BitCPos
Creating struct: $StageTable
Creating struct: $Stage_Pit1
Creating struct: $Stage_Pit2
Creating struct: $Stage_Pit3
Creating struct: $Stage_Pit4
Creating struct: $Stage_Mze2
Creating struct: $Stage_bp_bt2
Creating struct: $Stage_bp_bt2_Final
Creating struct: $Stage_bp_bt3
Creating struct: $Script_BeforeBattle_Dimentio1
Creating struct: $Script_BeforeBattle_Dimentio2
Creating struct: $Script_TexturePanning_bp_bt1
Creating struct: $Script_TexturePanning_bp_bt2
Creating struct: $Script_BeforeBattle_Bandit
Creating struct: $Script_BeforeBattle
Creating struct: $Script_AfterBattle
Creating struct: $Script_AfterBattle_Dimentio
Creating struct: $Script_AfterBattle_Dimentio2
Creating struct: $Script_AfterBattle_Dimentio3
Merged 1 regions to 1
$Script_TakeTurn_BanditBoss will be placed at 80218000 (length = 1358 bytes)
$Script_TripleFrostBreath_20 will be placed at 80219358 (length = 10E8 bytes)
$Script_HandleEvent_RubyKing will be placed at 8021A440 (length = FBC bytes)
$Script_HandleEvent_RubyBit will be placed at 8021B3FC (length = F80 bytes)
$Script_SummonClones_20 will be placed at 8021C37C (length = DB4 bytes)
$Script_Dimentio2_Attack_Disappear will be placed at 8021D130 (length = A8C bytes)
$Script_Dimentio2_Attack_Projectiles will be placed at 8021DBBC (length = A18 bytes)
$Script_FrostBolt_20 will be placed at 8021E5D4 (length = 920 bytes)
$Script_TakeTurn_RubyKing will be placed at 8021EEF4 (length = 904 bytes)
$Script_Attack_Breath will be placed at 8021F7F8 (length = 844 bytes)
$Script_SpitAllRocks_20 will be placed at 8022003C (length = 7E0 bytes)
$Script_Attack_BlueWave will be placed at 8022081C (length = 7DC bytes)
$Script_Dimentio2_StealHeroesBoosts will be placed at 80220FF8 (length = 7CC bytes)
$Script_Dimentio1_Attack_Fire will be placed at 802217C4 (length = 7A8 bytes)
$Script_FrostBreath_20 will be placed at 80221F6C (length = 794 bytes)
$Script_Dimentio2_Attack_Fire will be placed at 80222700 (length = 750 bytes)
$Script_Dimentio1_Attack_Projectile will be placed at 80222E50 (length = 6C0 bytes)
$Script_HandleEvent_BanditBoss will be placed at 80223510 (length = 6B0 bytes)
$Script_Dimentio2_Attack_EndCharge will be placed at 80223BC0 (length = 688 bytes)
$Script_8021952C_20 will be placed at 80224248 (length = 654 bytes)
$Script_Attack_Mist will be placed at 8022489C (length = 60C bytes)
$Script_8021B898_1E will be placed at 80224EA8 (length = 5EC bytes)
$Script_HealSelf_20 will be placed at 80225494 (length = 5E4 bytes)
$Script_Attack_Stomp will be placed at 80225A78 (length = 5C8 bytes)
$Script_SummonRocks_20 will be placed at 80226040 (length = 598 bytes)
$Script_Attack_YellowWave will be placed at 802265D8 (length = 568 bytes)
$Script_Dimentio1_Attack_Thunder will be placed at 80226B40 (length = 508 bytes)
$Script_HandleEvent_Mistar will be placed at 80227048 (length = 4C0 bytes)
$Script_80218E34_20 will be placed at 80227508 (length = 43C bytes)
$Script_TakeTurn_Dimentio2 will be placed at 80227944 (length = 424 bytes)
$Script_80219B80_20 will be placed at 80227D68 (length = 3B0 bytes)
$Script_SpitRock_20 will be placed at 80228118 (length = 358 bytes)
$Script_Dimentio2_ActivateMirrorShield will be placed at 80228470 (length = 340 bytes)
$Script_8021B55C_1E will be placed at 802287B0 (length = 33C bytes)
$Script_AnimateSummon_20 will be placed at 80228AEC (length = 330 bytes)
$Script_Dimentio1_Attack_Sleep will be placed at 80228E1C (length = 320 bytes)
$Function_ActorRainbowFX will be placed at 8022913C (length = 314 bytes)
$Script_Attack_ChargeWave will be placed at 80229450 (length = 304 bytes)
$Script_80219270_20 will be placed at 80229754 (length = 2BC bytes)
$Script_SpitRockMiss_20 will be placed at 80229A10 (length = 2A0 bytes)
$Script_HandleEvent_Bonetail will be placed at 80229CB0 (length = 24C bytes)
$Script_HandleEvent_Dimentio2 will be placed at 80229EFC (length = 248 bytes)
$Script_HandleEvent_Dimentio3 will be placed at 8022A144 (length = 248 bytes)
$Script_HandleEvent_Dimentio1 will be placed at 8022A38C (length = 248 bytes)
$Script_Idle_Mistar will be placed at 8022A5D4 (length = 210 bytes)
$Script_TexturePanning_bp_bt2 will be placed at 8022A7E4 (length = 200 bytes)
$???_8021A098 will be placed at 8022A9E4 (length = 200 bytes)
$Script_TakeTurn_Dimentio1 will be placed at 8022ABE4 (length = 1EC bytes)
$Script_Idle_RubyKing will be placed at 8022ADD0 (length = 1E8 bytes)
$Script_Attack_Chomp will be placed at 8022AFB8 (length = 1D4 bytes)
$Script_Dimentio2_EndFight will be placed at 8022B18C (length = 1CC bytes)
$Script_TakeTurn_Bonetail will be placed at 8022B358 (length = 1CC bytes)
$Script_SuckInRock_20 will be placed at 8022B524 (length = 1CC bytes)
$Script_CheckBits will be placed at 8022B6F0 (length = 1A8 bytes)
$Script_DoDeath will be placed at 8022B898 (length = 198 bytes)
$Script_Dimentio3_EndFight will be placed at 8022BA30 (length = 194 bytes)
$Function_80218058_20 will be placed at 8022BBC4 (length = 190 bytes)
$Script_InitBMap will be placed at 8022BD54 (length = 174 bytes)
$Script_Init_RubyKing will be placed at 8022BEC8 (length = 154 bytes)
$Script_TakeTurn_Mistar will be placed at 8022C01C (length = 148 bytes)
$Function_8021848C_20 will be placed at 8022C164 (length = 140 bytes)
$Script_Attack_Heal will be placed at 8022C2A4 (length = 12C bytes)
$String_Dimentio1_EndFight1 will be placed at 8022C3D0 (length = 12C bytes)
$Script_TexturePanning_bp_bt1 will be placed at 8022C4FC (length = 110 bytes)
$???_80223570 will be placed at 8022C60C (length = 110 bytes)
$???_802238B0 will be placed at 8022C71C (length = 100 bytes)
$PartsTable_Dimentio2 will be placed at 8022C81C (length = FC bytes)
$Script_Idle_Dimentio2 will be placed at 8022C918 (length = FC bytes)
$Script_Dimentio2_Attack_Charge will be placed at 8022CA14 (length = F0 bytes)
$Function_802185D0 will be placed at 8022CB04 (length = EC bytes)
$Function_802183A4_20 will be placed at 8022CBF0 (length = E8 bytes)
$GetSprite will be placed at 8022CCD8 (length = D4 bytes)
$???_802237B0 will be placed at 8022CDAC (length = D0 bytes)
$Script_Init_Dimentio3 will be placed at 8022CE7C (length = C8 bytes)
$Script_Dimentio1_EndFight will be placed at 8022CF44 (length = C4 bytes)
$Script_Idle_Dimentio3 will be placed at 8022D008 (length = C0 bytes)
$Script_Idle_RubyBit will be placed at 8022D0C8 (length = AC bytes)
$StatusTable_Mistar will be placed at 8022D174 (length = AC bytes)
$StatusTable_RubyBit will be placed at 8022D220 (length = AC bytes)
$StatusTable_RubyKing will be placed at 8022D2CC (length = AC bytes)
$StatusTable_Invincible will be placed at 8022D378 (length = AC bytes)
$StatusTable_8021C6DC_20 will be placed at 8022D424 (length = AC bytes)
$StatusTable_Dimentio1 will be placed at 8022D4D0 (length = AC bytes)
$StatusTable_Dimentio3 will be placed at 8022D57C (length = AC bytes)
$StatusTable_Dimentio2 will be placed at 8022D628 (length = AC bytes)
$StatusTable_BanditBoss will be placed at 8022D6D4 (length = AC bytes)
$Script_Init_Mistar will be placed at 8022D780 (length = A8 bytes)
$FormationTable will be placed at 8022D828 (length = A0 bytes)
$Function_802181E8_20 will be placed at 8022D8C8 (length = 98 bytes)
$PartsTable_Bonetail will be placed at 8022D960 (length = 90 bytes)
$StatusTable_Bonetail will be placed at 8022D9F0 (length = 8C bytes)
$Script_AfterBattle_Dimentio3 will be placed at 8022DA7C (length = 88 bytes)
$???_80223680 will be placed at 8022DB04 (length = 80 bytes)
$Script_BeforeBattle_Dimentio1 will be placed at 8022DB84 (length = 70 bytes)
$Script_BeforeBattle_Dimentio2 will be placed at 8022DBF4 (length = 70 bytes)
$Script_Init_Dimentio2 will be placed at 8022DC64 (length = 70 bytes)
$Formation_RubyKing will be placed at 8022DCD4 (length = 70 bytes)
$DefenseTable_Bonetail will be placed at 8022DD44 (length = 6C bytes)
$DefenseTable_Dimentio1 will be placed at 8022DDB0 (length = 6C bytes)
$DefenseTable_Dimentio2 will be placed at 8022DE1C (length = 6C bytes)
$DefenseTable_Dimentio3 will be placed at 8022DE88 (length = 6C bytes)
$Function_GetCurrentTurn will be placed at 8022DEF4 (length = 64 bytes)
$Script_Init_Bonetail will be placed at 8022DF58 (length = 64 bytes)
$Function_80218280_20 will be placed at 8022DFBC (length = 64 bytes)
$Function_802182E4_20 will be placed at 8022E020 (length = 60 bytes)
$Script_Init_RubyBit will be placed at 8022E080 (length = 60 bytes)
$Function_80218344_20 will be placed at 8022E0E0 (length = 60 bytes)
$Script_BeforeBattle_Bandit will be placed at 8022E140 (length = 5C bytes)
$Script_AfterBattle_Dimentio2 will be placed at 8022E19C (length = 5C bytes)
$Script_AfterBattle_Dimentio will be placed at 8022E1F8 (length = 5C bytes)
$Function_802184D4_1E will be placed at 8022E254 (length = 58 bytes)
$Function_80218000_20 will be placed at 8022E2AC (length = 58 bytes)
$IdleAnimations_Mistar will be placed at 8022E304 (length = 54 bytes)
$IdleAnimations_Mistar_Charge will be placed at 8022E358 (length = 54 bytes)
$String_Dimentio3_EndFight1 will be placed at 8022E3AC (length = 54 bytes)
$Script_BeforeBattle will be placed at 8022E400 (length = 50 bytes)
$Script_Init_BanditBoss will be placed at 8022E450 (length = 50 bytes)
$String_DamageBoost will be placed at 8022E4A0 (length = 4C bytes)
$IdleAnimations_BanditBoss will be placed at 8022E4EC (length = 4C bytes)
$Script_Init_8021C798_20 will be placed at 8022E538 (length = 4C bytes)
$Script_Init_Coin will be placed at 8022E584 (length = 4C bytes)
$IdleAnimations_BanditBoss2 will be placed at 8022E5D0 (length = 4C bytes)
$PartsTable_RubyBitA will be placed at 8022E61C (length = 48 bytes)
$PartsTable_BanditBoss will be placed at 8022E664 (length = 48 bytes)
$PartsTable_Dimentio1 will be placed at 8022E6AC (length = 48 bytes)
$Script_Init_Dimentio1 will be placed at 8022E6F4 (length = 48 bytes)
$PartsTable_802205FC_20 will be placed at 8022E73C (length = 48 bytes)
$PartsTable_Mistar will be placed at 8022E784 (length = 48 bytes)
$PartsTable_802205B4_20 will be placed at 8022E7CC (length = 48 bytes)
$IdleAnimations_Dimentio2_Ground will be placed at 8022E814 (length = 44 bytes)
$Function_80218458_1E will be placed at 8022E858 (length = 44 bytes)
$IdleAnimations_Dimentio1_Fly will be placed at 8022E89C (length = 44 bytes)
$IdleAnimations_Bonetail will be placed at 8022E8E0 (length = 44 bytes)
$IdleAnimations_Dimentio1_Ground will be placed at 8022E924 (length = 44 bytes)
$IdleAnimations_Dimentio2_Fly will be placed at 8022E968 (length = 44 bytes)
$IdleAnimations_Dimentio3_Ground will be placed at 8022E9AC (length = 44 bytes)
$IdleAnimations_Dimentio3_Charge will be placed at 8022E9F0 (length = 44 bytes)
$IdleAnimations_Dimentio2_Charge will be placed at 8022EA34 (length = 44 bytes)
$IdleAnimations_Dimentio3_Fly will be placed at 8022EA78 (length = 44 bytes)
$???_80223770 will be placed at 8022EABC (length = 40 bytes)
$???_8021D67C_20 will be placed at 8022EAFC (length = 40 bytes)
$???_8021D63C_20 will be placed at 8022EB3C (length = 40 bytes)
$???_8021D6BC_20 will be placed at 8022EB7C (length = 40 bytes)
$???_80223730 will be placed at 8022EBBC (length = 40 bytes)
$LoadVar3 will be placed at 8022EBFC (length = 3C bytes)
$Function_SetStageBrightness will be placed at 8022EC38 (length = 38 bytes)
$Script_Init_Dimentio2_Clone will be placed at 8022EC70 (length = 34 bytes)
$???_80223880 will be placed at 8022ECA4 (length = 30 bytes)
$???_80223A70 will be placed at 8022ECD4 (length = 30 bytes)
$???_802239B0 will be placed at 8022ED04 (length = 30 bytes)
$???_80223A10 will be placed at 8022ED34 (length = 30 bytes)
$StageTable will be placed at 8022ED64 (length = 30 bytes)
$???_802239E0 will be placed at 8022ED94 (length = 30 bytes)
$???_80223A40 will be placed at 8022EDC4 (length = 30 bytes)
$???_80223700 will be placed at 8022EDF4 (length = 30 bytes)
$IdleAnimations_RubyKing will be placed at 8022EE24 (length = 2C bytes)
$31_Bonetail will be placed at 8022EE50 (length = 28 bytes)
$37_Dimentio2 will be placed at 8022EE78 (length = 28 bytes)
$37_Dimentio3 will be placed at 8022EEA0 (length = 28 bytes)
$37_Dimentio1 will be placed at 8022EEC8 (length = 28 bytes)
$33_BanditBoss will be placed at 8022EEF0 (length = 28 bytes)
$Actor_Coin will be placed at 8022EF18 (length = 28 bytes)
$31_RubyClone will be placed at 8022EF40 (length = 28 bytes)
$String_Bonetail_Beated will be placed at 8022EF68 (length = 28 bytes)
$31_RubyBitA will be placed at 8022EF90 (length = 28 bytes)
$31_RubyBitC will be placed at 8022EFB8 (length = 28 bytes)
$31_RubyBitB will be placed at 8022EFE0 (length = 28 bytes)
$33_Mistar will be placed at 8022F008 (length = 28 bytes)
$31_RubyKing will be placed at 8022F030 (length = 28 bytes)
$37_DimentioClone will be placed at 8022F058 (length = 28 bytes)
$PartsTable_Dimentio2_Clone will be placed at 8022F080 (length = 24 bytes)
$Stage_Pit1 will be placed at 8022F0A4 (length = 24 bytes)
$Stage_Pit3 will be placed at 8022F0C8 (length = 24 bytes)
$Stage_Pit2 will be placed at 8022F0EC (length = 24 bytes)
$Stage_Pit4 will be placed at 8022F110 (length = 24 bytes)
$PartsTable_Coin will be placed at 8022F134 (length = 24 bytes)
$PartsTable_Dimentio3 will be placed at 8022F158 (length = 24 bytes)
$PartsTable_RubyKing will be placed at 8022F17C (length = 24 bytes)
$Stage_bp_bt2_Final will be placed at 8022F1A0 (length = 24 bytes)
$Stage_Mze2 will be placed at 8022F1C4 (length = 24 bytes)
$Stage_bp_bt3 will be placed at 8022F1E8 (length = 24 bytes)
$Stage_bp_bt2 will be placed at 8022F20C (length = 24 bytes)
$Function_SyncStatsMenu will be placed at 8022F230 (length = 20 bytes)
$???_8021A298 will be placed at 8022F250 (length = 20 bytes)
$String_Bonetail_Heal will be placed at 8022F270 (length = 1C bytes)
$Formation_Mistar will be placed at 8022F28C (length = 1C bytes)
$Formation_BanditBoss will be placed at 8022F2A8 (length = 1C bytes)
$DefenseTable_802204A4 will be placed at 8022F2C4 (length = 1C bytes)
$Formation_Bonetail will be placed at 8022F2E0 (length = 1C bytes)
$SpecialFormation_RubyBitC will be placed at 8022F2FC (length = 1C bytes)
$SpecialFormation_RubyBitB will be placed at 8022F318 (length = 1C bytes)
$SpecialFormation_RubyBitA will be placed at 8022F334 (length = 1C bytes)
$SpecialFormation_Coin will be placed at 8022F350 (length = 1C bytes)
$Formation_Dimentio2 will be placed at 8022F36C (length = 1C bytes)
$Formation_Dimentio1 will be placed at 8022F388 (length = 1C bytes)
$DefenseTable_RubyKing will be placed at 8022F3A4 (length = 1C bytes)
$Formation_Dimentio3 will be placed at 8022F3C0 (length = 1C bytes)
$SpecialFormation_8021C818_20 will be placed at 8022F3DC (length = 1C bytes)
$???_8021A2B8_1E will be placed at 8022F3F8 (length = 18 bytes)
$ASCII_"mze_bt02_shape"_Literal will be placed at 8022F410 (length = 14 bytes)
$ASCII_"pit_bt03_shape"_Literal will be placed at 8022F424 (length = 14 bytes)
$ASCII_"pit_bt02_shape"_Literal will be placed at 8022F438 (length = 14 bytes)
$ASCII_"pit_bt01_shape"_Literal will be placed at 8022F44C (length = 14 bytes)
$ASCII_"pit_bt04_shape"_Literal will be placed at 8022F460 (length = 14 bytes)
$Script_HandleEvent_8021C788_20 will be placed at 8022F474 (length = 10 bytes)
$ASCII_"mze_bt02_hit"_Literal will be placed at 8022F484 (length = 10 bytes)
$ASCII_"bp_bt03_shape"_Literal will be placed at 8022F494 (length = 10 bytes)
$ASCII_"pit_bt01_hit"_Literal will be placed at 8022F4A4 (length = 10 bytes)
$Script_TakeTurn_RubyBit will be placed at 8022F4B4 (length = 10 bytes)
$Script_AfterBattle will be placed at 8022F4C4 (length = 10 bytes)
$Script_NextTurn_Mistar will be placed at 8022F4D4 (length = 10 bytes)
$ASCII_"pit_bt02_hit"_Literal will be placed at 8022F4E4 (length = 10 bytes)
$ASCII_"bp_bt02_shape"_Literal will be placed at 8022F4F4 (length = 10 bytes)
$Script_HandleEvent_Coin will be placed at 8022F504 (length = 10 bytes)
$Script_NextTurn_RubyBit will be placed at 8022F514 (length = 10 bytes)
$ASCII_"pit_bt04_hit"_Literal will be placed at 8022F524 (length = 10 bytes)
$ASCII_"pit_bt03_hit"_Literal will be placed at 8022F534 (length = 10 bytes)
$Script_TakeTurn_Dimentio3 will be placed at 8022F544 (length = 10 bytes)
$ASCII_"mze_11"_Literal will be placed at 8022F554 (length = C bytes)
$BitCPos will be placed at 8022F560 (length = C bytes)
$CoinPos will be placed at 8022F56C (length = C bytes)
$Main_Body will be placed at 8022F578 (length = C bytes)
$BitAPos will be placed at 8022F584 (length = C bytes)
$BitBPos will be placed at 8022F590 (length = C bytes)
$ASCII_"bp_bt03_hit"_Literal will be placed at 8022F59C (length = C bytes)
$ASCII_"pt_100"_Literal will be placed at 8022F5A8 (length = C bytes)
$KingPos will be placed at 8022F5B4 (length = C bytes)
$Vector3D_8021C80C_20 will be placed at 8022F5C0 (length = C bytes)
$DefenseTable_Invincible will be placed at 8022F5CC (length = C bytes)
$ASCII_"pre_03"_Literal will be placed at 8022F5D8 (length = C bytes)
$IdleAnimations_Coin will be placed at 8022F5E4 (length = C bytes)
$DefenseTable_BanditBoss will be placed at 8022F5F0 (length = C bytes)
$ASCII_"bp_bt02_hit"_Literal will be placed at 8022F5FC (length = C bytes)
$IdleAnimations_8022048C will be placed at 8022F608 (length = C bytes)
$IdleAnimations_80220480 will be placed at 8022F614 (length = C bytes)
$IdleAnimations_80220498 will be placed at 8022F620 (length = C bytes)
$DefenseTable_Mistar will be placed at 8022F62C (length = C bytes)
$ASCII_"pt1_6"_Literal will be placed at 8022F638 (length = 8 bytes)
$ASCII_"pt81_86"_Literal will be placed at 8022F640 (length = 8 bytes)
$ASCII_"pt51_56"_Literal will be placed at 8022F648 (length = 8 bytes)
$ASCII_"arn_tex"_Literal will be placed at 8022F650 (length = 8 bytes)
$ASCII_"tik_tex"_Literal will be placed at 8022F658 (length = 8 bytes)
Reading patch file: 38 Area MZE.bpat
Creating struct: $1A_Gloomba
Creating struct: $1A_Gloomba_mze
Creating struct: $Function_80218200_1A
Creating struct: $Function_8021838C_1A
Creating struct: $DefenseTable_80222220_1A
Creating struct: $DefenseTable_80222220_1A_mze
Creating struct: $StatusTable_8022222C_1A
Creating struct: $PartsTable_802222D8_1A
Creating struct: $PartsTable_802222D8_1A_mze
Creating struct: $IdleAnimations_80222324_1A
Creating struct: $IdleAnimations_80222370_1A
Creating struct: $Script_Init_802223BC_1A
Creating struct: $Script_Idle_80222408_1A
Creating struct: $Script_HandleEvent_802226E4_1A
Creating struct: $FloatTable_80222DA4_1A
Creating struct: $Script_TakeTurn_80222F10_1A
Creating struct: $1A_Paragloomba
Creating struct: $1A_Paragloomba_mze
Creating struct: $Function_80218700_1A
Creating struct: $Function_80218758_1A
Creating struct: $Function_802188E4_1A
Creating struct: $DefenseTable_80225710_1A
Creating struct: $DefenseTable_80225710_1A_mze
Creating struct: $DefenseTable_8022571C_1A
Creating struct: $StatusTable_80225728_1A
Creating struct: $StatusTable_802257D4_1A
Creating struct: $PartsTable_80225880_1A
Creating struct: $PartsTable_80225880_1A_mze
Creating struct: $IdleAnimations_80225938_1A
Creating struct: $IdleAnimations_80225984_1A
Creating struct: $IdleAnimations_802259D0_1A
Creating struct: $IdleAnimations_802259DC_1A
Creating struct: $Script_Init_802259E8_1A
Creating struct: $Script_Idle_80225A34_1A
Creating struct: $Script_80225CF0_1A
Creating struct: $Script_HandleEvent_80225D68_1A
Creating struct: $Script_TakeTurn_8022635C_1A
Creating struct: $Script_80226B74_1A
Creating struct: $IdleAnimations_802270FC_1A
Creating struct: $IdleAnimations_80227148_1A
Creating struct: $Script_80227194_1A
Creating struct: $Script_Idle_802271E0_1A
Creating struct: $Script_HandleEvent_802274BC_1A
Creating struct: $FloatTable_80227B7C_1A
Creating struct: $Script_TakeTurn_80227CE8_1A
Creating struct: $1A_SpikedGloomba
Creating struct: $1A_SpikedGloomba_mze
Creating struct: $Function_80218480_1A
Creating struct: $Function_8021860C_1A
Creating struct: $DefenseTable_80223BE0_1A
Creating struct: $DefenseTable_80223BE0_1A_mze
Creating struct: $StatusTable_80223BEC_1A
Creating struct: $PartsTable_80223C98_1A
Creating struct: $PartsTable_80223C98_1A_mze
Creating struct: $IdleAnimations_80223CE4_1A
Creating struct: $IdleAnimations_80223D30_1A
Creating struct: $Script_Init_80223D7C_1A
Creating struct: $Script_Idle_80223DC8_1A
Creating struct: $Script_HandleEvent_802240A4_1A
Creating struct: $FloatTable_80224880_1A
Creating struct: $Script_TakeTurn_802249EC_1A
Creating struct: $0B_PokeyMummy
Creating struct: $0B_PokeyMummy_mze
Creating struct: $Function_80218000_0B
Creating struct: $DefenseTable_80218C10_0B
Creating struct: $DefenseTable_80218C10_0B_mze
Creating struct: $StatusTable_80218C1C_0B
Creating struct: $PartsTable_80218CC8_0B
Creating struct: $PartsTable_80218CC8_0B_mze
Creating struct: $IdleAnimations_80218DC8_0B
Creating struct: $IdleAnimations_80218E04_0B
Creating struct: $IdleAnimations_80218E40_0B
Creating struct: $IdleAnimations_80218E7C_0B
Creating struct: $IdleAnimations_80218EB8_0B
Creating struct: $Script_Init_80218EC4_0B
Creating struct: $Script_Idle_80219040_0B
Creating struct: $Script_HandleEvent_80219050_0B
Creating struct: $Script_TakeTurn_80219D88_0B
Creating struct: $Script_8021A6C8_0B
Creating struct: $Script_8021B088_0B
Creating struct: $Script_8021B1B4_0B
Creating struct: $Script_8021B6AC_0B
Creating struct: $Script_8021B998_0B
Creating struct: $Script_8021BDE4_0B
Creating struct: $Script_8021C2BC_0B
Creating struct: $1A_SpikeTop
Creating struct: $1A_SpikeTop_mze
Creating struct: $Function_80218AB0_1A
Creating struct: $DefenseTable_8022B940_1A
Creating struct: $DefenseTable_8022B95C_1A
Creating struct: $StatusTable_8022B968_1A
Creating struct: $PartsTable_8022BA14_1A
Creating struct: $IdleAnimations_8022BA60_1A
Creating struct: $IdleAnimations_8022BAAC_1A
Creating struct: $IdleAnimations_8022BAF8_1A
Creating struct: $Script_Init_8022BB3C_1A
Creating struct: $Script_Idle_8022BD0C_1A
Creating struct: $Script_8022BD1C_1A
Creating struct: $Script_HandleEvent_8022C150_1A
Creating struct: $Script_8022C60C_1A
Creating struct: $IntTable_8022C65C_1A
Creating struct: $Script_HandleEvent_8022C6A8_1A
Creating struct: $Script_TakeTurn_8022D444_1A
Creating struct: $Script_TakeTurn_8022DEFC_1A
Creating struct: $FormationTable
Creating struct: $Formation_GloombaANDParagloomba
Creating struct: $Formation_ParagloombaANDGloomba
Creating struct: $Formation_SpikedGloombaANDParagloomba
Creating struct: $Formation_ParagloombaANDSpikedGloomba
Creating struct: $Formation_SpikedGloomba
Creating struct: $Formation_Paragloomba
Creating struct: $Formation_GloombaANDSpikedGloomba
Creating struct: $Formation_SpikedGloombaANDGloomba
Creating struct: $Formation_SpikedGloombaANDPokey
Creating struct: $Formation_PokeyANDSpikedGloomba
Creating struct: $Formation_PokeyANDSpikeTop
Creating struct: $Formation_SpikeTopANDPokey
Creating struct: $Formation_Pokey
Creating struct: $Formation_SpikeTop
Creating struct: $Formation_SpikedGloombaANDSpikeTop
Creating struct: $Formation_SpikeTopANDSpikedGloomba
Creating struct: $StageTable
Creating struct: $Stage_Mze1
Creating struct: $Stage_Mze2
Creating struct: $Script_BeforeBattle
Creating struct: $Script_AfterBattle
Merged 1 regions to 1
$Script_HandleEvent_8022C6A8_1A will be placed at 80218000 (length = D9C bytes)
$Script_HandleEvent_80219050_0B will be placed at 80218D9C (length = D38 bytes)
$Script_TakeTurn_802249EC_1A will be placed at 80219AD4 (length = D20 bytes)
$Script_TakeTurn_80227CE8_1A will be placed at 8021A7F4 (length = CC8 bytes)
$Script_TakeTurn_80222F10_1A will be placed at 8021B4BC (length = CC8 bytes)
$Script_TakeTurn_8022D444_1A will be placed at 8021C184 (length = AB8 bytes)
$Script_TakeTurn_8022DEFC_1A will be placed at 8021CC3C (length = A24 bytes)
$Script_8021A6C8_0B will be placed at 8021D660 (length = 9C0 bytes)
$Script_TakeTurn_80219D88_0B will be placed at 8021E020 (length = 940 bytes)
$Script_TakeTurn_8022635C_1A will be placed at 8021E960 (length = 818 bytes)
$Script_HandleEvent_802240A4_1A will be placed at 8021F178 (length = 7DC bytes)
$Script_HandleEvent_802226E4_1A will be placed at 8021F954 (length = 6C0 bytes)
$Script_HandleEvent_802274BC_1A will be placed at 80220014 (length = 6C0 bytes)
$Script_HandleEvent_80225D68_1A will be placed at 802206D4 (length = 5F4 bytes)
$Script_80226B74_1A will be placed at 80220CC8 (length = 588 bytes)
$Script_8021B1B4_0B will be placed at 80221250 (length = 4F8 bytes)
$Script_8021BDE4_0B will be placed at 80221748 (length = 4D8 bytes)
$Script_HandleEvent_8022C150_1A will be placed at 80221C20 (length = 4BC bytes)
$Script_8021B998_0B will be placed at 802220DC (length = 44C bytes)
$Script_8022BD1C_1A will be placed at 80222528 (length = 434 bytes)
$Script_8021B6AC_0B will be placed at 8022295C (length = 2EC bytes)
$Script_Idle_80223DC8_1A will be placed at 80222C48 (length = 2DC bytes)
$Script_Idle_802271E0_1A will be placed at 80222F24 (length = 2DC bytes)
$Script_Idle_80222408_1A will be placed at 80223200 (length = 2DC bytes)
$Script_Idle_80225A34_1A will be placed at 802234DC (length = 2BC bytes)
$Script_8021C2BC_0B will be placed at 80223798 (length = 1F0 bytes)
$Script_Init_8022BB3C_1A will be placed at 80223988 (length = 1D0 bytes)
$Function_80218758_1A will be placed at 80223B58 (length = 18C bytes)
$Function_80218200_1A will be placed at 80223CE4 (length = 18C bytes)
$Function_80218480_1A will be placed at 80223E70 (length = 18C bytes)
$Script_Init_80218EC4_0B will be placed at 80223FFC (length = 17C bytes)
$FloatTable_80222DA4_1A will be placed at 80224178 (length = 16C bytes)
$FloatTable_80227B7C_1A will be placed at 802242E4 (length = 16C bytes)
$FloatTable_80224880_1A will be placed at 80224450 (length = 16C bytes)
$FormationTable will be placed at 802245BC (length = 154 bytes)
$Script_8021B088_0B will be placed at 80224710 (length = 12C bytes)
$Function_8021838C_1A will be placed at 8022483C (length = F4 bytes)
$Function_802188E4_1A will be placed at 80224930 (length = F4 bytes)
$Function_8021860C_1A will be placed at 80224A24 (length = F4 bytes)
$PartsTable_80218CC8_0B will be placed at 80224B18 (length = D8 bytes)
$PartsTable_80218CC8_0B_mze will be placed at 80224BF0 (length = D8 bytes)
$Function_80218000_0B will be placed at 80224CC8 (length = CC bytes)
$Function_80218AB0_1A will be placed at 80224D94 (length = CC bytes)
$StatusTable_802257D4_1A will be placed at 80224E60 (length = AC bytes)
$StatusTable_8022B968_1A will be placed at 80224F0C (length = AC bytes)
$StatusTable_8022222C_1A will be placed at 80224FB8 (length = AC bytes)
$StatusTable_80225728_1A will be placed at 80225064 (length = AC bytes)
$StatusTable_80223BEC_1A will be placed at 80225110 (length = AC bytes)
$StatusTable_80218C1C_0B will be placed at 802251BC (length = AC bytes)
$PartsTable_80225880_1A will be placed at 80225268 (length = 90 bytes)
$PartsTable_80225880_1A_mze will be placed at 802252F8 (length = 90 bytes)
$Script_80225CF0_1A will be placed at 80225388 (length = 78 bytes)
$Function_80218700_1A will be placed at 80225400 (length = 58 bytes)
$Formation_SpikedGloombaANDPokey will be placed at 80225458 (length = 54 bytes)
$Formation_SpikedGloombaANDParagloomba will be placed at 802254AC (length = 54 bytes)
$Formation_PokeyANDSpikedGloomba will be placed at 80225500 (length = 54 bytes)
$Formation_GloombaANDSpikedGloomba will be placed at 80225554 (length = 54 bytes)
$Formation_GloombaANDParagloomba will be placed at 802255A8 (length = 54 bytes)
$Formation_PokeyANDSpikeTop will be placed at 802255FC (length = 54 bytes)
$Formation_SpikeTopANDPokey will be placed at 80225650 (length = 54 bytes)
$Formation_ParagloombaANDGloomba will be placed at 802256A4 (length = 54 bytes)
$Formation_Paragloomba will be placed at 802256F8 (length = 54 bytes)
$Formation_SpikedGloombaANDSpikeTop will be placed at 8022574C (length = 54 bytes)
$Formation_SpikedGloombaANDGloomba will be placed at 802257A0 (length = 54 bytes)
$Formation_SpikeTop will be placed at 802257F4 (length = 54 bytes)
$Formation_SpikeTopANDSpikedGloomba will be placed at 80225848 (length = 54 bytes)
$Formation_SpikedGloomba will be placed at 8022589C (length = 54 bytes)
$Formation_ParagloombaANDSpikedGloomba will be placed at 802258F0 (length = 54 bytes)
$Formation_Pokey will be placed at 80225944 (length = 54 bytes)
$Script_BeforeBattle will be placed at 80225998 (length = 50 bytes)
$Script_8022C60C_1A will be placed at 802259E8 (length = 50 bytes)
$IdleAnimations_80225938_1A will be placed at 80225A38 (length = 4C bytes)
$IdleAnimations_802270FC_1A will be placed at 80225A84 (length = 4C bytes)
$IdleAnimations_80223CE4_1A will be placed at 80225AD0 (length = 4C bytes)
$IntTable_8022C65C_1A will be placed at 80225B1C (length = 4C bytes)
$IdleAnimations_80222370_1A will be placed at 80225B68 (length = 4C bytes)
$Script_80227194_1A will be placed at 80225BB4 (length = 4C bytes)
$Script_Init_80223D7C_1A will be placed at 80225C00 (length = 4C bytes)
$IdleAnimations_80222324_1A will be placed at 80225C4C (length = 4C bytes)
$Script_Init_802223BC_1A will be placed at 80225C98 (length = 4C bytes)
$IdleAnimations_80225984_1A will be placed at 80225CE4 (length = 4C bytes)
$IdleAnimations_8022BAAC_1A will be placed at 80225D30 (length = 4C bytes)
$IdleAnimations_80227148_1A will be placed at 80225D7C (length = 4C bytes)
$Script_Init_802259E8_1A will be placed at 80225DC8 (length = 4C bytes)
$IdleAnimations_8022BA60_1A will be placed at 80225E14 (length = 4C bytes)
$IdleAnimations_80223D30_1A will be placed at 80225E60 (length = 4C bytes)
$IdleAnimations_8022BAF8_1A will be placed at 80225EAC (length = 44 bytes)
$IdleAnimations_80218E7C_0B will be placed at 80225EF0 (length = 3C bytes)
$IdleAnimations_80218E40_0B will be placed at 80225F2C (length = 3C bytes)
$IdleAnimations_80218DC8_0B will be placed at 80225F68 (length = 3C bytes)
$IdleAnimations_80218E04_0B will be placed at 80225FA4 (length = 3C bytes)
$1A_SpikedGloomba will be placed at 80225FE0 (length = 28 bytes)
$1A_Gloomba will be placed at 80226008 (length = 28 bytes)
$0B_PokeyMummy will be placed at 80226030 (length = 28 bytes)
$1A_SpikeTop_mze will be placed at 80226058 (length = 28 bytes)
$0B_PokeyMummy_mze will be placed at 80226080 (length = 28 bytes)
$1A_Paragloomba will be placed at 802260A8 (length = 28 bytes)
$1A_Paragloomba_mze will be placed at 802260D0 (length = 28 bytes)
$1A_SpikedGloomba_mze will be placed at 802260F8 (length = 28 bytes)
$1A_Gloomba_mze will be placed at 80226120 (length = 28 bytes)
$1A_SpikeTop will be placed at 80226148 (length = 28 bytes)
$PartsTable_802222D8_1A_mze will be placed at 80226170 (length = 24 bytes)
$PartsTable_80223C98_1A_mze will be placed at 80226194 (length = 24 bytes)
$PartsTable_802222D8_1A will be placed at 802261B8 (length = 24 bytes)
$Stage_Mze2 will be placed at 802261DC (length = 24 bytes)
$Stage_Mze1 will be placed at 80226200 (length = 24 bytes)
$PartsTable_80223C98_1A will be placed at 80226224 (length = 24 bytes)
$PartsTable_8022BA14_1A will be placed at 80226248 (length = 24 bytes)
$DefenseTable_8022B940_1A will be placed at 8022626C (length = 1C bytes)
$StageTable will be placed at 80226288 (length = 18 bytes)
$ASCII_"mze_bt01_shape"_Literal will be placed at 802262A0 (length = 14 bytes)
$ASCII_"mze_bt02_shape"_Literal will be placed at 802262B4 (length = 14 bytes)
$ASCII_"mze_bt02_hit"_Literal will be placed at 802262C8 (length = 10 bytes)
$Script_Idle_80219040_0B will be placed at 802262D8 (length = 10 bytes)
$Script_AfterBattle will be placed at 802262E8 (length = 10 bytes)
$ASCII_"mze_bt01_hit"_Literal will be placed at 802262F8 (length = 10 bytes)
$Script_Idle_8022BD0C_1A will be placed at 80226308 (length = 10 bytes)
$DefenseTable_8022571C_1A will be placed at 80226318 (length = C bytes)
$DefenseTable_80225710_1A will be placed at 80226324 (length = C bytes)
$DefenseTable_80218C10_0B will be placed at 80226330 (length = C bytes)
$DefenseTable_80222220_1A_mze will be placed at 8022633C (length = C bytes)
$DefenseTable_80222220_1A will be placed at 80226348 (length = C bytes)
$DefenseTable_8022B95C_1A will be placed at 80226354 (length = C bytes)
$DefenseTable_80225710_1A_mze will be placed at 80226360 (length = C bytes)
$IdleAnimations_80218EB8_0B will be placed at 8022636C (length = C bytes)
$ASCII_"mze_02"_Literal will be placed at 80226378 (length = C bytes)
$DefenseTable_80218C10_0B_mze will be placed at 80226384 (length = C bytes)
$ASCII_"mze_10"_Literal will be placed at 80226390 (length = C bytes)
$IdleAnimations_802259D0_1A will be placed at 8022639C (length = C bytes)
$DefenseTable_80223BE0_1A will be placed at 802263A8 (length = C bytes)
$IdleAnimations_802259DC_1A will be placed at 802263B4 (length = C bytes)
$DefenseTable_80223BE0_1A_mze will be placed at 802263C0 (length = C bytes)
$ASCII_"tik_tex"_Literal will be placed at 802263CC (length = 8 bytes)
Reading patch file: 39 Area MZE2.bpat
Creating struct: $1A_Paragloomba
Creating struct: $1A_Paragloomba_mze
Creating struct: $Function_80218700_1A
Creating struct: $Function_80218758_1A
Creating struct: $Function_802188E4_1A
Creating struct: $DefenseTable_80225710_1A
Creating struct: $DefenseTable_80225710_1A_mze
Creating struct: $DefenseTable_8022571C_1A
Creating struct: $StatusTable_80225728_1A
Creating struct: $StatusTable_802257D4_1A
Creating struct: $PartsTable_80225880_1A
Creating struct: $PartsTable_80225880_1A_mze
Creating struct: $IdleAnimations_80225938_1A
Creating struct: $IdleAnimations_80225984_1A
Creating struct: $IdleAnimations_802259D0_1A
Creating struct: $IdleAnimations_802259DC_1A
Creating struct: $Script_Init_802259E8_1A
Creating struct: $Script_Idle_80225A34_1A
Creating struct: $Script_80225CF0_1A
Creating struct: $Script_HandleEvent_80225D68_1A
Creating struct: $Script_TakeTurn_8022635C_1A
Creating struct: $Script_80226B74_1A
Creating struct: $IdleAnimations_802270FC_1A
Creating struct: $IdleAnimations_80227148_1A
Creating struct: $Script_80227194_1A
Creating struct: $Script_Idle_802271E0_1A
Creating struct: $Script_HandleEvent_802274BC_1A
Creating struct: $FloatTable_80227B7C_1A
Creating struct: $Script_TakeTurn_80227CE8_1A
Creating struct: $1A_SpikeTop
Creating struct: $1A_SpikeTop_mze
Creating struct: $Function_80218AB0_1A
Creating struct: $DefenseTable_8022B940_1A
Creating struct: $DefenseTable_8022B95C_1A
Creating struct: $StatusTable_8022B968_1A
Creating struct: $PartsTable_8022BA14_1A
Creating struct: $IdleAnimations_8022BA60_1A
Creating struct: $IdleAnimations_8022BAAC_1A
Creating struct: $IdleAnimations_8022BAF8_1A
Creating struct: $Script_Init_8022BB3C_1A
Creating struct: $Script_Idle_8022BD0C_1A
Creating struct: $Script_8022BD1C_1A
Creating struct: $Script_HandleEvent_8022C150_1A
Creating struct: $Script_8022C60C_1A
Creating struct: $IntTable_8022C65C_1A
Creating struct: $Script_HandleEvent_8022C6A8_1A
Creating struct: $Script_TakeTurn_8022D444_1A
Creating struct: $Script_TakeTurn_8022DEFC_1A
Creating struct: $18_Bzzap
Creating struct: $18_Bzzap_mze
Creating struct: $Function_80218000_18
Creating struct: $Function_802180CC_18
Creating struct: $IdleAnimations_8021E930_18
Creating struct: $DefenseTable_8021E97C_18
Creating struct: $DefenseTable_8021E97C_18_mze
Creating struct: $StatusTable_8021E988_18
Creating struct: $PartsTable_8021EA34_18
Creating struct: $PartsTable_8021EA34_18_mze
Creating struct: $Script_Init_8021EB34_18
Creating struct: $Script_Idle_8021EC20_18
Creating struct: $Script_8021ED30_18
Creating struct: $Script_HandleEvent_8021EDB8_18
Creating struct: $Script_Sting_18
Creating struct: $Script_8021F88C_18
Creating struct: $Script_Swarm_18
Creating struct: $Script_TakeTurn_8022139C_18
Creating struct: $1A_DarkParatroopa
Creating struct: $1A_DarkParatroopa_mze
Creating struct: $Function_802180D0_1A
Creating struct: $Function_80218128_1A
Creating struct: $DefenseTable_8021D220_1A
Creating struct: $DefenseTable_8021D24C_1A
Creating struct: $DefenseTable_8021D258_1A
Creating struct: $StatusTable_8021D264_1A
Creating struct: $StatusTable_8021D310_1A
Creating struct: $PartsTable_8021D3BC_1A
Creating struct: $IdleAnimations_8021D450_1A
Creating struct: $IdleAnimations_8021D49C_1A
Creating struct: $IdleAnimations_8021D4E8_1A
Creating struct: $Script_NextTurn_8021D534_1A
Creating struct: $Script_Init_8021D55C_1A
Creating struct: $Script_8021D5D4_1A
Creating struct: $Script_Idle_8021D6AC_1A
Creating struct: $Script_8021D9BC_1A
Creating struct: $Script_HandleEvent_8021DA3C_1A
Creating struct: $Script_TakeTurn_8021E174_1A
Creating struct: $Script_8021EC2C_1A
Creating struct: $IdleAnimations_8021F1F0_1A
Creating struct: $IdleAnimations_8021F23C_1A
Creating struct: $IdleAnimations_8021F288_1A
Creating struct: $IdleAnimations_8021F2D4_1A
Creating struct: $IdleAnimations_8021F320_1A
Creating struct: $Script_8021F36C_1A
Creating struct: $Script_8021F464_1A
Creating struct: $Script_Idle_8021F5E4_1A
Creating struct: $IntTable_8021FDF4_1A
Creating struct: $Script_HandleEvent_8021FE4C_1A
Creating struct: $Script_80220B78_1A
Creating struct: $Script_80221420_1A
Creating struct: $Script_80221B70_1A
Creating struct: $Script_TakeTurn_80222014_1A
Creating struct: $18_RuffPuff
Creating struct: $18_RuffPuff_mze
Creating struct: $Function_802181F0_18
Creating struct: $IdleAnimations_802225A0_18
Creating struct: $DefenseTable_802225E4_18
Creating struct: $DefenseTable_802225E4_18_mze
Creating struct: $StatusTable_802225F8_18
Creating struct: $PartsTable_802226A4_18
Creating struct: $PartsTable_802226A4_18_mze
Creating struct: $Script_Init_802226F0_18
Creating struct: $Script_Idle_8022273C_18
Creating struct: $Script_80222820_18
Creating struct: $Script_HandleEvent_80222898_18
Creating struct: $Script_TakeTurn_80222DE8_18
Creating struct: $FormationTable
Creating struct: $Formation_ParagloombaANDBzzap
Creating struct: $Formation_BzzapANDParagloomba
Creating struct: $Formation_BzzapANDSpikeTop
Creating struct: $Formation_SpikeTopANDBzzap
Creating struct: $Formation_Bzzap
Creating struct: $Formation_ParagloombaANDSpikeTop
Creating struct: $Formation_SpikeTopANDParagloomba
Creating struct: $Formation_ParatroopaANDRuff
Creating struct: $Formation_RuffANDParatroopa
Creating struct: $Formation_BzzapANDRuff
Creating struct: $Formation_RuffANDBzzap
Creating struct: $Formation_Ruff
Creating struct: $Formation_Paratroopa
Creating struct: $Formation_ParatroopaANDBzzap
Creating struct: $Formation_BzzapANDParatroopa
Creating struct: $StageTable
Creating struct: $Stage_Mze1
Creating struct: $Stage_Mze2
Creating struct: $Script_BeforeBattle
Creating struct: $Script_AfterBattle
Merged 1 regions to 1
$Script_Swarm_18 will be placed at 80218000 (length = 1618 bytes)
$Script_HandleEvent_8022C6A8_1A will be placed at 80219618 (length = D9C bytes)
$Script_HandleEvent_8021FE4C_1A will be placed at 8021A3B4 (length = D2C bytes)
$Script_TakeTurn_80227CE8_1A will be placed at 8021B0E0 (length = CC8 bytes)
$Script_TakeTurn_8021E174_1A will be placed at 8021BDA8 (length = AB8 bytes)
$Script_TakeTurn_8022D444_1A will be placed at 8021C860 (length = AB8 bytes)
$Script_TakeTurn_8022DEFC_1A will be placed at 8021D318 (length = A24 bytes)
$Script_80220B78_1A will be placed at 8021DD3C (length = 8A8 bytes)
$Script_TakeTurn_8022635C_1A will be placed at 8021E5E4 (length = 818 bytes)
$Script_Idle_8021F5E4_1A will be placed at 8021EDFC (length = 810 bytes)
$Script_TakeTurn_80222DE8_18 will be placed at 8021F60C (length = 7E0 bytes)
$Script_80221420_1A will be placed at 8021FDEC (length = 750 bytes)
$Script_HandleEvent_8021DA3C_1A will be placed at 8022053C (length = 738 bytes)
$Script_HandleEvent_802274BC_1A will be placed at 80220C74 (length = 6C0 bytes)
$Script_HandleEvent_80225D68_1A will be placed at 80221334 (length = 5F4 bytes)
$Script_HandleEvent_8021EDB8_18 will be placed at 80221928 (length = 5E4 bytes)
$Script_8021EC2C_1A will be placed at 80221F0C (length = 5C4 bytes)
$Script_80226B74_1A will be placed at 802224D0 (length = 588 bytes)
$Script_HandleEvent_80222898_18 will be placed at 80222A58 (length = 550 bytes)
$Script_8021F88C_18 will be placed at 80222FA8 (length = 4F8 bytes)
$Script_Sting_18 will be placed at 802234A0 (length = 4F0 bytes)
$Script_HandleEvent_8022C150_1A will be placed at 80223990 (length = 4BC bytes)
$Script_80221B70_1A will be placed at 80223E4C (length = 4A4 bytes)
$Script_8022BD1C_1A will be placed at 802242F0 (length = 434 bytes)
$Script_Idle_8021D6AC_1A will be placed at 80224724 (length = 310 bytes)
$Script_Idle_802271E0_1A will be placed at 80224A34 (length = 2DC bytes)
$Script_Idle_80225A34_1A will be placed at 80224D10 (length = 2BC bytes)
$Script_TakeTurn_80222014_1A will be placed at 80224FCC (length = 200 bytes)
$Script_Init_8022BB3C_1A will be placed at 802251CC (length = 1D0 bytes)
$Function_802181F0_18 will be placed at 8022539C (length = 190 bytes)
$Function_80218758_1A will be placed at 8022552C (length = 18C bytes)
$Script_8021F464_1A will be placed at 802256B8 (length = 180 bytes)
$FloatTable_80227B7C_1A will be placed at 80225838 (length = 16C bytes)
$FormationTable will be placed at 802259A4 (length = 140 bytes)
$Function_802180CC_18 will be placed at 80225AE4 (length = 11C bytes)
$Script_Idle_8021EC20_18 will be placed at 80225C00 (length = 110 bytes)
$Script_8021F36C_1A will be placed at 80225D10 (length = F8 bytes)
$Function_802188E4_1A will be placed at 80225E08 (length = F4 bytes)
$Script_Init_8021EB34_18 will be placed at 80225EFC (length = EC bytes)
$Script_Idle_8022273C_18 will be placed at 80225FE8 (length = E4 bytes)
$PartsTable_8021EA34_18 will be placed at 802260CC (length = D8 bytes)
$PartsTable_8021EA34_18_mze will be placed at 802261A4 (length = D8 bytes)
$Script_8021D5D4_1A will be placed at 8022627C (length = D8 bytes)
$Function_80218128_1A will be placed at 80226354 (length = CC bytes)
$Function_80218AB0_1A will be placed at 80226420 (length = CC bytes)
$Function_80218000_18 will be placed at 802264EC (length = CC bytes)
$StatusTable_802257D4_1A will be placed at 802265B8 (length = AC bytes)
$StatusTable_8021D264_1A will be placed at 80226664 (length = AC bytes)
$StatusTable_8021E988_18 will be placed at 80226710 (length = AC bytes)
$StatusTable_8021D310_1A will be placed at 802267BC (length = AC bytes)
$StatusTable_8022B968_1A will be placed at 80226868 (length = AC bytes)
$StatusTable_80225728_1A will be placed at 80226914 (length = AC bytes)
$StatusTable_802225F8_18 will be placed at 802269C0 (length = AC bytes)
$Script_TakeTurn_8022139C_18 will be placed at 80226A6C (length = 98 bytes)
$PartsTable_80225880_1A will be placed at 80226B04 (length = 90 bytes)
$PartsTable_80225880_1A_mze will be placed at 80226B94 (length = 90 bytes)
$Script_8021ED30_18 will be placed at 80226C24 (length = 88 bytes)
$Script_8021D9BC_1A will be placed at 80226CAC (length = 80 bytes)
$Script_Init_8021D55C_1A will be placed at 80226D2C (length = 78 bytes)
$Script_80222820_18 will be placed at 80226DA4 (length = 78 bytes)
$Script_80225CF0_1A will be placed at 80226E1C (length = 78 bytes)
$PartsTable_8021D3BC_1A will be placed at 80226E94 (length = 6C bytes)
$IntTable_8021FDF4_1A will be placed at 80226F00 (length = 58 bytes)
$Function_80218700_1A will be placed at 80226F58 (length = 58 bytes)
$Function_802180D0_1A will be placed at 80226FB0 (length = 58 bytes)
$Formation_ParatroopaANDBzzap will be placed at 80227008 (length = 54 bytes)
$Formation_RuffANDBzzap will be placed at 8022705C (length = 54 bytes)
$Formation_SpikeTopANDParagloomba will be placed at 802270B0 (length = 54 bytes)
$Formation_SpikeTopANDBzzap will be placed at 80227104 (length = 54 bytes)
$Formation_BzzapANDSpikeTop will be placed at 80227158 (length = 54 bytes)
$Formation_ParatroopaANDRuff will be placed at 802271AC (length = 54 bytes)
$Formation_Paratroopa will be placed at 80227200 (length = 54 bytes)
$Formation_ParagloombaANDBzzap will be placed at 80227254 (length = 54 bytes)
$Formation_Ruff will be placed at 802272A8 (length = 54 bytes)
$Formation_BzzapANDRuff will be placed at 802272FC (length = 54 bytes)
$Formation_RuffANDParatroopa will be placed at 80227350 (length = 54 bytes)
$Formation_BzzapANDParagloomba will be placed at 802273A4 (length = 54 bytes)
$Formation_ParagloombaANDSpikeTop will be placed at 802273F8 (length = 54 bytes)
$Formation_BzzapANDParatroopa will be placed at 8022744C (length = 54 bytes)
$Formation_Bzzap will be placed at 802274A0 (length = 54 bytes)
$Script_BeforeBattle will be placed at 802274F4 (length = 50 bytes)
$Script_8022C60C_1A will be placed at 80227544 (length = 50 bytes)
$Script_Init_802226F0_18 will be placed at 80227594 (length = 4C bytes)
$IdleAnimations_80225938_1A will be placed at 802275E0 (length = 4C bytes)
$IdleAnimations_802270FC_1A will be placed at 8022762C (length = 4C bytes)
$IdleAnimations_8021F2D4_1A will be placed at 80227678 (length = 4C bytes)
$IdleAnimations_8021F1F0_1A will be placed at 802276C4 (length = 4C bytes)
$IdleAnimations_8021F23C_1A will be placed at 80227710 (length = 4C bytes)
$IdleAnimations_8021D4E8_1A will be placed at 8022775C (length = 4C bytes)
$IdleAnimations_8021E930_18 will be placed at 802277A8 (length = 4C bytes)
$IntTable_8022C65C_1A will be placed at 802277F4 (length = 4C bytes)
$Script_80227194_1A will be placed at 80227840 (length = 4C bytes)
$IdleAnimations_8021D49C_1A will be placed at 8022788C (length = 4C bytes)
$IdleAnimations_8021D450_1A will be placed at 802278D8 (length = 4C bytes)
$IdleAnimations_80225984_1A will be placed at 80227924 (length = 4C bytes)
$IdleAnimations_8022BAAC_1A will be placed at 80227970 (length = 4C bytes)
$IdleAnimations_8021F288_1A will be placed at 802279BC (length = 4C bytes)
$IdleAnimations_8021F320_1A will be placed at 80227A08 (length = 4C bytes)
$IdleAnimations_80227148_1A will be placed at 80227A54 (length = 4C bytes)
$Script_Init_802259E8_1A will be placed at 80227AA0 (length = 4C bytes)
$IdleAnimations_8022BA60_1A will be placed at 80227AEC (length = 4C bytes)
$IdleAnimations_8022BAF8_1A will be placed at 80227B38 (length = 44 bytes)
$IdleAnimations_802225A0_18 will be placed at 80227B7C (length = 44 bytes)
$DefenseTable_8021D220_1A will be placed at 80227BC0 (length = 2C bytes)
$Script_NextTurn_8021D534_1A will be placed at 80227BEC (length = 28 bytes)
$1A_DarkParatroopa will be placed at 80227C14 (length = 28 bytes)
$1A_SpikeTop_mze will be placed at 80227C3C (length = 28 bytes)
$1A_Paragloomba will be placed at 80227C64 (length = 28 bytes)
$1A_Paragloomba_mze will be placed at 80227C8C (length = 28 bytes)
$18_RuffPuff_mze will be placed at 80227CB4 (length = 28 bytes)
$18_RuffPuff will be placed at 80227CDC (length = 28 bytes)
$18_Bzzap will be placed at 80227D04 (length = 28 bytes)
$1A_SpikeTop will be placed at 80227D2C (length = 28 bytes)
$18_Bzzap_mze will be placed at 80227D54 (length = 28 bytes)
$1A_DarkParatroopa_mze will be placed at 80227D7C (length = 28 bytes)
$Stage_Mze2 will be placed at 80227DA4 (length = 24 bytes)
$Stage_Mze1 will be placed at 80227DC8 (length = 24 bytes)
$PartsTable_802226A4_18_mze will be placed at 80227DEC (length = 24 bytes)
$PartsTable_802226A4_18 will be placed at 80227E10 (length = 24 bytes)
$PartsTable_8022BA14_1A will be placed at 80227E34 (length = 24 bytes)
$DefenseTable_8022B940_1A will be placed at 80227E58 (length = 1C bytes)
$StageTable will be placed at 80227E74 (length = 18 bytes)
$ASCII_"mze_bt01_shape"_Literal will be placed at 80227E8C (length = 14 bytes)
$ASCII_"mze_bt02_shape"_Literal will be placed at 80227EA0 (length = 14 bytes)
$ASCII_"mze_bt02_hit"_Literal will be placed at 80227EB4 (length = 10 bytes)
$Script_AfterBattle will be placed at 80227EC4 (length = 10 bytes)
$DefenseTable_802225E4_18 will be placed at 80227ED4 (length = 10 bytes)
$DefenseTable_802225E4_18_mze will be placed at 80227EE4 (length = 10 bytes)
$ASCII_"mze_bt01_hit"_Literal will be placed at 80227EF4 (length = 10 bytes)
$Script_Idle_8022BD0C_1A will be placed at 80227F04 (length = 10 bytes)
$DefenseTable_8022571C_1A will be placed at 80227F14 (length = C bytes)
$DefenseTable_80225710_1A will be placed at 80227F20 (length = C bytes)
$DefenseTable_8021E97C_18_mze will be placed at 80227F2C (length = C bytes)
$DefenseTable_8022B95C_1A will be placed at 80227F38 (length = C bytes)
$DefenseTable_80225710_1A_mze will be placed at 80227F44 (length = C bytes)
$ASCII_"mze_02"_Literal will be placed at 80227F50 (length = C bytes)
$DefenseTable_8021D258_1A will be placed at 80227F5C (length = C bytes)
$ASCII_"mze_10"_Literal will be placed at 80227F68 (length = C bytes)
$IdleAnimations_802259D0_1A will be placed at 80227F74 (length = C bytes)
$IdleAnimations_802259DC_1A will be placed at 80227F80 (length = C bytes)
$DefenseTable_8021E97C_18 will be placed at 80227F8C (length = C bytes)
$DefenseTable_8021D24C_1A will be placed at 80227F98 (length = C bytes)
$ASCII_"tik_tex"_Literal will be placed at 80227FA4 (length = 8 bytes)
Reading patch file: 3A Area MZE3.bpat
Creating struct: $0B_PokeyMummy
Creating struct: $0B_PokeyMummy_mze
Creating struct: $Function_80218000_0B
Creating struct: $DefenseTable_80218C10_0B
Creating struct: $DefenseTable_80218C10_0B_mze
Creating struct: $StatusTable_80218C1C_0B
Creating struct: $PartsTable_80218CC8_0B
Creating struct: $PartsTable_80218CC8_0B_mze
Creating struct: $IdleAnimations_80218DC8_0B
Creating struct: $IdleAnimations_80218E04_0B
Creating struct: $IdleAnimations_80218E40_0B
Creating struct: $IdleAnimations_80218E7C_0B
Creating struct: $IdleAnimations_80218EB8_0B
Creating struct: $Script_Init_80218EC4_0B
Creating struct: $Script_Idle_80219040_0B
Creating struct: $Script_HandleEvent_80219050_0B
Creating struct: $Script_TakeTurn_80219D88_0B
Creating struct: $Script_8021A6C8_0B
Creating struct: $Script_8021B088_0B
Creating struct: $Script_8021B1B4_0B
Creating struct: $Script_8021B6AC_0B
Creating struct: $Script_8021B998_0B
Creating struct: $Script_8021BDE4_0B
Creating struct: $Script_8021C2BC_0B
Creating struct: $18_Bzzap
Creating struct: $18_Bzzap_mze
Creating struct: $Function_80218000_18
Creating struct: $Function_802180CC_18
Creating struct: $IdleAnimations_8021E930_18
Creating struct: $DefenseTable_8021E97C_18
Creating struct: $DefenseTable_8021E97C_18_mze
Creating struct: $StatusTable_8021E988_18
Creating struct: $PartsTable_8021EA34_18
Creating struct: $PartsTable_8021EA34_18_mze
Creating struct: $Script_Init_8021EB34_18
Creating struct: $Script_Idle_8021EC20_18
Creating struct: $Script_8021ED30_18
Creating struct: $Script_HandleEvent_8021EDB8_18
Creating struct: $Script_Sting_18
Creating struct: $Script_8021F88C_18
Creating struct: $Script_Swarm_18
Creating struct: $Script_TakeTurn_8022139C_18
Creating struct: $22_Ember
Creating struct: $22_Ember_mze
Creating struct: $Function_80218700_22
Creating struct: $DefenseTable_8022C810_22
Creating struct: $DefenseTable_8022C810_22_mze
Creating struct: $StatusTable_8022C834_22
Creating struct: $PartsTable_8022C8E0_22
Creating struct: $PartsTable_8022C8E0_22_mze
Creating struct: $Ember_22
Creating struct: $IdleAnimations_8022C9BC_22
Creating struct: $IdleAnimations_8022CA08_22
Creating struct: $Script_Init_8022CA14_22
Creating struct: $Script_Idle_8022CBDC_22
Creating struct: $Script_8022CE5C_22
Creating struct: $Script_8022CEF8_22
Creating struct: $Vector3D_8022D0F4_22
Creating struct: $SpecialFormation_8022D100_22
Creating struct: $Script_Split_22
Creating struct: $Script_HandleEvent_8022D41C_22
Creating struct: $Script_8022D9C4_22
Creating struct: $Script_8022DFB4_22
Creating struct: $Script_8022E158_22
Creating struct: $Script_8022E1B4_22
Creating struct: $Script_8022E728_22
Creating struct: $Script_TakeTurn_8022EDE4_22
Creating struct: $22_DryBones
Creating struct: $22_DryBones_mze
Creating struct: $IdleAnimations_8021CA20_22
Creating struct: $IdleAnimations_8021CA6C_22
Creating struct: $IdleAnimations_8021CA78_22
Creating struct: $DefenseTable_8021CA84_22
Creating struct: $DefenseTable_8021CA84_22_mze
Creating struct: $DefenseTable_8021CAA0_22
Creating struct: $StatusTable_8021CABC_22
Creating struct: $StatusTable_8021CB68_22
Creating struct: $PartsTable_8021CC14_22
Creating struct: $PartsTable_8021CC14_22_mze
Creating struct: $Script_Init_8021CC84_22
Creating struct: $Script_NextTurn_8021CCFC_22
Creating struct: $Script_Idle_8021CF2C_22
Creating struct: $Script_8021D0E8_22
Creating struct: $Script_HandleEvent_8021D404_22
Creating struct: $Script_8021DAC4_22
Creating struct: $Script_TakeTurn_8021DB48_22
Creating struct: $24_Duplighost
Creating struct: $Function_802180D0_24
Creating struct: $Function_80218960_24
Creating struct: $Function_80218AB4_24
Creating struct: $Function_80218B60_24
Creating struct: $Function_80218BFC_24
Creating struct: $Function_80218C44_24
Creating struct: $Function_80218D10_24
Creating struct: $Function_80218E34_24
Creating struct: $Function_80218F58_24
Creating struct: $Function_802193D4_24
Creating struct: $Function_80219428_24
Creating struct: $Function_80219474_24
Creating struct: $Function_802194C0_24
Creating struct: $Function_8021950C_24
Creating struct: $Function_80219550_24
Creating struct: $Function_GetPartner_24
Creating struct: $Function_802195F4_24
Creating struct: $IdleAnimations_8021B1C0_24
Creating struct: $IdleAnimations_8021B20C_24
Creating struct: $IdleAnimations_8021B218_24
Creating struct: $DefenseTable_8021B224_24
Creating struct: $StatusTable_8021B230_24
Creating struct: $PartsTable_8021B2DC_24
Creating struct: $Script_Init_8021B328_24
Creating struct: $Script_NextTurn_8021B3A0_24
Creating struct: $Script_Idle_8021B440_24
Creating struct: $Script_8021B450_24
Creating struct: $Script_HandleEvent_8021B48C_24
Creating struct: $Script_LungeAttack_24
Creating struct: $Script_8021BF2C_24
Creating struct: $Script_8021BF64_24
Creating struct: $Script_8021C428_24
Creating struct: $Script_8021CAB4_24
Creating struct: $Vector3D_8021CE18_24
Creating struct: $IdleAnimations_8021CE24_24
Creating struct: $DefenseTable_8021CE70_24
Creating struct: $StatusTable_8021CE7C_24
Creating struct: $PartsTable_8021CF28_24
Creating struct: $GhostGoombario_24
Creating struct: $Script_Init_8021CF74_24
Creating struct: $Script_Idle_8021CFC0_24
Creating struct: $Script_HandleEvent_8021CFD0_24
Creating struct: $Script_8021D540_24
Creating struct: $Script_8021D9C8_24
Creating struct: $Script_8021DAAC_24
Creating struct: $Script_8021DB94_24
Creating struct: $Script_8021E620_24
Creating struct: $Script_TakeTurn_8021E934_24
Creating struct: $SpecialFormation_8021E990_24
Creating struct: $IdleAnimations_8021E9AC_24
Creating struct: $IdleAnimations_8021E9F8_24
Creating struct: $DefenseTable_8021EA44_24
Creating struct: $DefenseTable_8021EA50_24
Creating struct: $StatusTable_8021EA5C_24
Creating struct: $PartsTable_8021EB08_24
Creating struct: $GhostKooper_24
Creating struct: $Script_Init_8021EB54_24
Creating struct: $Script_Idle_8021EBD0_24
Creating struct: $IntTable_8021ECF0_24
Creating struct: $Script_HandleEvent_8021ED48_24
Creating struct: $Script_TakeTurn_8021F6A4_24
Creating struct: $SpecialFormation_80220644_24
Creating struct: $IdleAnimations_80220660_24
Creating struct: $DefenseTable_802206AC_24
Creating struct: $StatusTable_802206B8_24
Creating struct: $PartsTable_80220764_24
Creating struct: $GhostBombette_24
Creating struct: $Script_Init_802207B0_24
Creating struct: $Script_Idle_802207FC_24
Creating struct: $Script_8022080C_24
Creating struct: $Script_HandleEvent_80220984_24
Creating struct: $Script_TakeTurn_80220FD0_24
Creating struct: $SpecialFormation_802218A4_24
Creating struct: $IdleAnimations_802218C0_24
Creating struct: $DefenseTable_8022190C_24
Creating struct: $StatusTable_80221918_24
Creating struct: $PartsTable_802219C4_24
Creating struct: $GhostParakarry_24
Creating struct: $Script_Init_80221A34_24
Creating struct: $Script_Idle_80221A80_24
Creating struct: $Script_HandleEvent_80221A90_24
Creating struct: $Script_80222084_24
Creating struct: $Script_TakeTurn_80222814_24
Creating struct: $SpecialFormation_80222830_24
Creating struct: $IdleAnimations_8022284C_24
Creating struct: $DefenseTable_80222898_24
Creating struct: $StatusTable_802228A4_24
Creating struct: $PartsTable_80222950_24
Creating struct: $GhostBow_24
Creating struct: $Script_Init_802229C0_24
Creating struct: $Script_Idle_80222A0C_24
Creating struct: $Script_HandleEvent_80222A1C_24
Creating struct: $Script_TakeTurn_80222FAC_24
Creating struct: $SpecialFormation_80223C00_24
Creating struct: $IdleAnimations_80223C1C_24
Creating struct: $DefenseTable_80223C68_24
Creating struct: $StatusTable_80223C7C_24
Creating struct: $PartsTable_80223D28_24
Creating struct: $GhostWatt_24
Creating struct: $Script_Init_80223D98_24
Creating struct: $Script_Idle_80223DE4_24
Creating struct: $Script_HandleEvent_80223E0C_24
Creating struct: $Script_TakeTurn_80224280_24
Creating struct: $SpecialFormation_80224AFC_24
Creating struct: $IdleAnimations_80224B18_24
Creating struct: $DefenseTable_80224B64_24
Creating struct: $StatusTable_80224B70_24
Creating struct: $PartsTable_80224C1C_24
Creating struct: $GhostSushie_24
Creating struct: $Script_Init_80224C68_24
Creating struct: $Script_Idle_80224CB4_24
Creating struct: $Script_HandleEvent_80224CC4_24
Creating struct: $Script_TakeTurn_80225234_24
Creating struct: $SpecialFormation_80226494_24
Creating struct: $IdleAnimations_802264B0_24
Creating struct: $IdleAnimations_802264FC_24
Creating struct: $DefenseTable_80226508_24
Creating struct: $StatusTable_80226514_24
Creating struct: $PartsTable_802265C0_24
Creating struct: $GhostLakilester_24
Creating struct: $Script_Init_80226630_24
Creating struct: $Script_Idle_8022667C_24
Creating struct: $Script_HandleEvent_8022668C_24
Creating struct: $Script_TakeTurn_80226C54_24
Creating struct: $SpecialFormation_80227734_24
Creating struct: $Script_CopyPartner_24
Creating struct: $Script_TakeTurn_80227F70_24
Creating struct: $ConstDouble_80228400_24
Creating struct: $ConstDouble_80228408_24
Creating struct: $ConstDouble_80228410_24
Creating struct: $ConstDouble_80228418_24
Creating struct: $ConstDouble_80228420_24
Creating struct: $ConstDouble_80228428_24
Creating struct: $ConstDouble_80228430_24
Creating struct: $ConstDouble_80228438_24
Creating struct: $ConstDouble_80228440_24
Creating struct: $ConstDouble_80228448_24
Creating struct: $JumpTable_80228450_24
Creating struct: $FormationTable
Creating struct: $Formation_PokeyANDEmber
Creating struct: $Formation_EmberANDPokey
Creating struct: $Formation_EmberANDDry
Creating struct: $Formation_DryANDEmber
Creating struct: $Formation_PokeyANDDry
Creating struct: $Formation_DryANDPokey
Creating struct: $Formation_Ember
Creating struct: $Formation_DupliANDEmber
Creating struct: $Formation_EmberANDDupli
Creating struct: $Formation_EmberANDBzzap
Creating struct: $Formation_BzzapANDEmber
Creating struct: $Formation_Dupli
Creating struct: $Formation_DupliANDBzzap
Creating struct: $Formation_BzzapANDDupli
Creating struct: $StageTable
Creating struct: $Stage_Mze1
Creating struct: $Stage_Mze2
Creating struct: $Script_BeforeBattle
Creating struct: $Script_AfterBattle
Merged 1 regions to 1
$Script_Swarm_18 will be placed at 80218000 (length = 1618 bytes)
$Script_TakeTurn_80225234_24 will be placed at 80219618 (length = 1260 bytes)
$Script_TakeTurn_8021F6A4_24 will be placed at 8021A878 (length = FA0 bytes)
$Script_HandleEvent_80219050_0B will be placed at 8021B818 (length = D38 bytes)
$Script_TakeTurn_80222FAC_24 will be placed at 8021C550 (length = C54 bytes)
$Script_TakeTurn_80226C54_24 will be placed at 8021D1A4 (length = AE0 bytes)
$Script_8021DB94_24 will be placed at 8021DC84 (length = A8C bytes)
$Script_8021A6C8_0B will be placed at 8021E710 (length = 9C0 bytes)
$Script_HandleEvent_8021ED48_24 will be placed at 8021F0D0 (length = 95C bytes)
$Script_TakeTurn_8021DB48_22 will be placed at 8021FA2C (length = 948 bytes)
$Script_TakeTurn_80219D88_0B will be placed at 80220374 (length = 940 bytes)
$Script_TakeTurn_80220FD0_24 will be placed at 80220CB4 (length = 8D4 bytes)
$Function_802180D0_24 will be placed at 80221588 (length = 890 bytes)
$Script_TakeTurn_80224280_24 will be placed at 80221E18 (length = 87C bytes)
$Script_CopyPartner_24 will be placed at 80222694 (length = 820 bytes)
$Script_80222084_24 will be placed at 80222EB4 (length = 790 bytes)
$Script_HandleEvent_8021D404_22 will be placed at 80223644 (length = 6C0 bytes)
$Script_8022E728_22 will be placed at 80223D04 (length = 6BC bytes)
$Script_8021C428_24 will be placed at 802243C0 (length = 68C bytes)
$Script_HandleEvent_80220984_24 will be placed at 80224A4C (length = 64C bytes)
$Script_HandleEvent_80221A90_24 will be placed at 80225098 (length = 5F4 bytes)
$Script_8022D9C4_22 will be placed at 8022568C (length = 5F0 bytes)
$Script_HandleEvent_8021EDB8_18 will be placed at 80225C7C (length = 5E4 bytes)
$Script_HandleEvent_8022668C_24 will be placed at 80226260 (length = 5C8 bytes)
$Script_HandleEvent_8022D41C_22 will be placed at 80226828 (length = 5A8 bytes)
$Script_LungeAttack_24 will be placed at 80226DD0 (length = 5A0 bytes)
$Script_HandleEvent_80222A1C_24 will be placed at 80227370 (length = 590 bytes)
$Script_8022E1B4_22 will be placed at 80227900 (length = 574 bytes)
$Script_HandleEvent_8021CFD0_24 will be placed at 80227E74 (length = 570 bytes)
$Script_HandleEvent_80224CC4_24 will be placed at 802283E4 (length = 570 bytes)
$Script_HandleEvent_8021B48C_24 will be placed at 80228954 (length = 500 bytes)
$Script_8021F88C_18 will be placed at 80228E54 (length = 4F8 bytes)
$Script_8021B1B4_0B will be placed at 8022934C (length = 4F8 bytes)
$Script_Sting_18 will be placed at 80229844 (length = 4F0 bytes)
$Script_8021BDE4_0B will be placed at 80229D34 (length = 4D8 bytes)
$Script_8021BF64_24 will be placed at 8022A20C (length = 4C4 bytes)
$Script_8021D540_24 will be placed at 8022A6D0 (length = 488 bytes)
$Function_80218F58_24 will be placed at 8022AB58 (length = 47C bytes)
$Script_HandleEvent_80223E0C_24 will be placed at 8022AFD4 (length = 474 bytes)
$Script_8021B998_0B will be placed at 8022B448 (length = 44C bytes)
$Script_8021CAB4_24 will be placed at 8022B894 (length = 364 bytes)
$Script_8021D0E8_22 will be placed at 8022BBF8 (length = 31C bytes)
$Script_8021E620_24 will be placed at 8022BF14 (length = 314 bytes)
$Script_Split_22 will be placed at 8022C228 (length = 300 bytes)
$Script_8021B6AC_0B will be placed at 8022C528 (length = 2EC bytes)
$Script_Idle_8022CBDC_22 will be placed at 8022C814 (length = 280 bytes)
$Script_NextTurn_8021CCFC_22 will be placed at 8022CA94 (length = 230 bytes)
$Script_8022CEF8_22 will be placed at 8022CCC4 (length = 1FC bytes)
$Script_TakeTurn_8022EDE4_22 will be placed at 8022CEC0 (length = 1F8 bytes)
$Script_8021C2BC_0B will be placed at 8022D0B8 (length = 1F0 bytes)
$Script_Init_8022CA14_22 will be placed at 8022D2A8 (length = 1C8 bytes)
$Script_Idle_8021CF2C_22 will be placed at 8022D470 (length = 1BC bytes)
$Script_8022DFB4_22 will be placed at 8022D62C (length = 1A4 bytes)
$Script_TakeTurn_80227F70_24 will be placed at 8022D7D0 (length = 190 bytes)
$Script_Init_80218EC4_0B will be placed at 8022D960 (length = 17C bytes)
$Script_8022080C_24 will be placed at 8022DADC (length = 178 bytes)
$Function_80218960_24 will be placed at 8022DC54 (length = 154 bytes)
$Function_80218700_22 will be placed at 8022DDA8 (length = 130 bytes)
$Script_8021B088_0B will be placed at 8022DED8 (length = 12C bytes)
$FormationTable will be placed at 8022E004 (length = 12C bytes)
$Function_80218D10_24 will be placed at 8022E130 (length = 124 bytes)
$Function_80218E34_24 will be placed at 8022E254 (length = 124 bytes)
$Script_Idle_8021EBD0_24 will be placed at 8022E378 (length = 120 bytes)
$Function_802180CC_18 will be placed at 8022E498 (length = 11C bytes)
$Script_Idle_8021EC20_18 will be placed at 8022E5B4 (length = 110 bytes)
$Script_Init_8021EB34_18 will be placed at 8022E6C4 (length = EC bytes)
$Script_8021DAAC_24 will be placed at 8022E7B0 (length = E8 bytes)
$Script_8021D9C8_24 will be placed at 8022E898 (length = E4 bytes)
$PartsTable_8021EA34_18_mze will be placed at 8022E97C (length = D8 bytes)
$PartsTable_80218CC8_0B will be placed at 8022EA54 (length = D8 bytes)
$PartsTable_8021EA34_18 will be placed at 8022EB2C (length = D8 bytes)
$PartsTable_80218CC8_0B_mze will be placed at 8022EC04 (length = D8 bytes)
$Function_80218C44_24 will be placed at 8022ECDC (length = CC bytes)
$Function_802195F4_24 will be placed at 8022EDA8 (length = CC bytes)
$Function_80218000_18 will be placed at 8022EE74 (length = CC bytes)
$Function_80218000_0B will be placed at 8022EF40 (length = CC bytes)
$PartsTable_8022C8E0_22_mze will be placed at 8022F00C (length = B4 bytes)
$PartsTable_8022C8E0_22 will be placed at 8022F0C0 (length = B4 bytes)
$StatusTable_802206B8_24 will be placed at 8022F174 (length = AC bytes)
$StatusTable_8021CABC_22 will be placed at 8022F220 (length = AC bytes)
$StatusTable_80221918_24 will be placed at 8022F2CC (length = AC bytes)
$StatusTable_8021CB68_22 will be placed at 8022F378 (length = AC bytes)
$StatusTable_80223C7C_24 will be placed at 8022F424 (length = AC bytes)
$StatusTable_8021B230_24 will be placed at 8022F4D0 (length = AC bytes)
$StatusTable_8022C834_22 will be placed at 8022F57C (length = AC bytes)
$StatusTable_80226514_24 will be placed at 8022F628 (length = AC bytes)
$StatusTable_8021CE7C_24 will be placed at 8022F6D4 (length = AC bytes)
$Function_80218AB4_24 will be placed at 8022F780 (length = AC bytes)
$StatusTable_8021E988_18 will be placed at 8022F82C (length = AC bytes)
$StatusTable_8021EA5C_24 will be placed at 8022F8D8 (length = AC bytes)
$StatusTable_802228A4_24 will be placed at 8022F984 (length = AC bytes)
$StatusTable_80224B70_24 will be placed at 8022FA30 (length = AC bytes)
$StatusTable_80218C1C_0B will be placed at 8022FADC (length = AC bytes)
$Script_NextTurn_8021B3A0_24 will be placed at 8022FB88 (length = A0 bytes)
$Script_8022CE5C_22 will be placed at 8022FC28 (length = 9C bytes)
$Script_TakeTurn_8022139C_18 will be placed at 8022FCC4 (length = 98 bytes)
$Script_8021ED30_18 will be placed at 8022FD5C (length = 88 bytes)
$Script_8021DAC4_22 will be placed at 8022FDE4 (length = 84 bytes)
$Script_Init_8021EB54_24 will be placed at 8022FE68 (length = 7C bytes)
$Script_Init_8021B328_24 will be placed at 8022FEE4 (length = 78 bytes)
$Script_Init_8021CC84_22 will be placed at 8022FF5C (length = 78 bytes)
$Function_GetPartner_24 will be placed at 8022FFD4 (length = 6C bytes)
$Function_80218B60_24 will be placed at 80230040 (length = 64 bytes)
$Script_TakeTurn_8021E934_24 will be placed at 802300A4 (length = 5C bytes)
$Script_8022E158_22 will be placed at 80230100 (length = 5C bytes)
$IntTable_8021ECF0_24 will be placed at 8023015C (length = 58 bytes)
$Formation_EmberANDDupli will be placed at 802301B4 (length = 54 bytes)
$Formation_PokeyANDEmber will be placed at 80230208 (length = 54 bytes)
$Formation_DupliANDEmber will be placed at 8023025C (length = 54 bytes)
$Formation_BzzapANDDupli will be placed at 802302B0 (length = 54 bytes)
$Formation_DryANDEmber will be placed at 80230304 (length = 54 bytes)
$Formation_DupliANDBzzap will be placed at 80230358 (length = 54 bytes)
$Formation_EmberANDPokey will be placed at 802303AC (length = 54 bytes)
$Formation_Ember will be placed at 80230400 (length = 54 bytes)
$Formation_DryANDPokey will be placed at 80230454 (length = 54 bytes)
$Function_802193D4_24 will be placed at 802304A8 (length = 54 bytes)
$Formation_EmberANDBzzap will be placed at 802304FC (length = 54 bytes)
$Formation_Dupli will be placed at 80230550 (length = 54 bytes)
$Formation_PokeyANDDry will be placed at 802305A4 (length = 54 bytes)
$Formation_BzzapANDEmber will be placed at 802305F8 (length = 54 bytes)
$Formation_EmberANDDry will be placed at 8023064C (length = 54 bytes)
$Script_BeforeBattle will be placed at 802306A0 (length = 50 bytes)
$IdleAnimations_802218C0_24 will be placed at 802306F0 (length = 4C bytes)
$IdleAnimations_8021E930_18 will be placed at 8023073C (length = 4C bytes)
$Script_Init_80223D98_24 will be placed at 80230788 (length = 4C bytes)
$Script_Init_8021CF74_24 will be placed at 802307D4 (length = 4C bytes)
$IdleAnimations_8021B1C0_24 will be placed at 80230820 (length = 4C bytes)
$IdleAnimations_80223C1C_24 will be placed at 8023086C (length = 4C bytes)
$Script_Init_80224C68_24 will be placed at 802308B8 (length = 4C bytes)
$IdleAnimations_8021CE24_24 will be placed at 80230904 (length = 4C bytes)
$IdleAnimations_80224B18_24 will be placed at 80230950 (length = 4C bytes)
$Script_Init_80226630_24 will be placed at 8023099C (length = 4C bytes)
$IdleAnimations_8021E9AC_24 will be placed at 802309E8 (length = 4C bytes)
$IdleAnimations_8021CA20_22 will be placed at 80230A34 (length = 4C bytes)
$Function_80219474_24 will be placed at 80230A80 (length = 4C bytes)
$IdleAnimations_80220660_24 will be placed at 80230ACC (length = 4C bytes)
$Script_Init_80221A34_24 will be placed at 80230B18 (length = 4C bytes)
$IdleAnimations_8022C9BC_22 will be placed at 80230B64 (length = 4C bytes)
$Function_80219428_24 will be placed at 80230BB0 (length = 4C bytes)
$Script_Init_802207B0_24 will be placed at 80230BFC (length = 4C bytes)
$Script_Init_802229C0_24 will be placed at 80230C48 (length = 4C bytes)
$IdleAnimations_8022284C_24 will be placed at 80230C94 (length = 4C bytes)
$IdleAnimations_802264B0_24 will be placed at 80230CE0 (length = 4C bytes)
$IdleAnimations_8021E9F8_24 will be placed at 80230D2C (length = 4C bytes)
$Function_802194C0_24 will be placed at 80230D78 (length = 4C bytes)
$PartsTable_802265C0_24 will be placed at 80230DC4 (length = 48 bytes)
$PartsTable_802219C4_24 will be placed at 80230E0C (length = 48 bytes)
$Function_80218BFC_24 will be placed at 80230E54 (length = 48 bytes)
$PartsTable_8021CC14_22_mze will be placed at 80230E9C (length = 48 bytes)
$PartsTable_80222950_24 will be placed at 80230EE4 (length = 48 bytes)
$PartsTable_80223D28_24 will be placed at 80230F2C (length = 48 bytes)
$PartsTable_8021CC14_22 will be placed at 80230F74 (length = 48 bytes)
$Function_8021950C_24 will be placed at 80230FBC (length = 44 bytes)
$IdleAnimations_80218E40_0B will be placed at 80231000 (length = 3C bytes)
$Script_8021B450_24 will be placed at 8023103C (length = 3C bytes)
$IdleAnimations_80218DC8_0B will be placed at 80231078 (length = 3C bytes)
$IdleAnimations_80218E7C_0B will be placed at 802310B4 (length = 3C bytes)
$IdleAnimations_80218E04_0B will be placed at 802310F0 (length = 3C bytes)
$Function_80219550_24 will be placed at 8023112C (length = 38 bytes)
$Script_8021BF2C_24 will be placed at 80231164 (length = 38 bytes)
$GhostWatt_24 will be placed at 8023119C (length = 28 bytes)
$GhostParakarry_24 will be placed at 802311C4 (length = 28 bytes)
$GhostSushie_24 will be placed at 802311EC (length = 28 bytes)
$22_Ember will be placed at 80231214 (length = 28 bytes)
$22_Ember_mze will be placed at 8023123C (length = 28 bytes)
$Ember_22 will be placed at 80231264 (length = 28 bytes)
$GhostBombette_24 will be placed at 8023128C (length = 28 bytes)
$18_Bzzap will be placed at 802312B4 (length = 28 bytes)
$Script_Idle_80223DE4_24 will be placed at 802312DC (length = 28 bytes)
$GhostBow_24 will be placed at 80231304 (length = 28 bytes)
$22_DryBones_mze will be placed at 8023132C (length = 28 bytes)
$18_Bzzap_mze will be placed at 80231354 (length = 28 bytes)
$GhostLakilester_24 will be placed at 8023137C (length = 28 bytes)
$0B_PokeyMummy will be placed at 802313A4 (length = 28 bytes)
$0B_PokeyMummy_mze will be placed at 802313CC (length = 28 bytes)
$GhostKooper_24 will be placed at 802313F4 (length = 28 bytes)
$GhostGoombario_24 will be placed at 8023141C (length = 28 bytes)
$22_DryBones will be placed at 80231444 (length = 28 bytes)
$24_Duplighost will be placed at 8023146C (length = 28 bytes)
$PartsTable_80220764_24 will be placed at 80231494 (length = 24 bytes)
$DefenseTable_8022C810_22 will be placed at 802314B8 (length = 24 bytes)
$PartsTable_8021CF28_24 will be placed at 802314DC (length = 24 bytes)
$DefenseTable_8022C810_22_mze will be placed at 80231500 (length = 24 bytes)
$Stage_Mze2 will be placed at 80231524 (length = 24 bytes)
$Stage_Mze1 will be placed at 80231548 (length = 24 bytes)
$PartsTable_8021B2DC_24 will be placed at 8023156C (length = 24 bytes)
$PartsTable_80224C1C_24 will be placed at 80231590 (length = 24 bytes)
$JumpTable_80228450_24 will be placed at 802315B4 (length = 24 bytes)
$PartsTable_8021EB08_24 will be placed at 802315D8 (length = 24 bytes)
$SpecialFormation_80222830_24 will be placed at 802315FC (length = 1C bytes)
$SpecialFormation_80223C00_24 will be placed at 80231618 (length = 1C bytes)
$SpecialFormation_80226494_24 will be placed at 80231634 (length = 1C bytes)
$DefenseTable_8021CA84_22_mze will be placed at 80231650 (length = 1C bytes)
$DefenseTable_8021CA84_22 will be placed at 8023166C (length = 1C bytes)
$Script_TakeTurn_80222814_24 will be placed at 80231688 (length = 1C bytes)
$SpecialFormation_802218A4_24 will be placed at 802316A4 (length = 1C bytes)
$SpecialFormation_80224AFC_24 will be placed at 802316C0 (length = 1C bytes)
$SpecialFormation_80220644_24 will be placed at 802316DC (length = 1C bytes)
$SpecialFormation_80227734_24 will be placed at 802316F8 (length = 1C bytes)
$SpecialFormation_8021E990_24 will be placed at 80231714 (length = 1C bytes)
$SpecialFormation_8022D100_22 will be placed at 80231730 (length = 1C bytes)
$DefenseTable_8021CAA0_22 will be placed at 8023174C (length = 1C bytes)
$StageTable will be placed at 80231768 (length = 18 bytes)
$DefenseTable_80223C68_24 will be placed at 80231780 (length = 14 bytes)
$ASCII_"mze_bt02_shape"_Literal will be placed at 80231794 (length = 14 bytes)
$ASCII_"mze_bt01_shape"_Literal will be placed at 802317A8 (length = 14 bytes)
$ASCII_"mze_bt02_hit"_Literal will be placed at 802317BC (length = 10 bytes)
$Script_Idle_80221A80_24 will be placed at 802317CC (length = 10 bytes)
$Script_Idle_8021CFC0_24 will be placed at 802317DC (length = 10 bytes)
$Script_Idle_80222A0C_24 will be placed at 802317EC (length = 10 bytes)
$Script_Idle_802207FC_24 will be placed at 802317FC (length = 10 bytes)
$Script_Idle_80219040_0B will be placed at 8023180C (length = 10 bytes)
$Script_AfterBattle will be placed at 8023181C (length = 10 bytes)
$Script_Idle_8021B440_24 will be placed at 8023182C (length = 10 bytes)
$Script_Idle_8022667C_24 will be placed at 8023183C (length = 10 bytes)
$Script_Idle_80224CB4_24 will be placed at 8023184C (length = 10 bytes)
$ASCII_"mze_bt01_hit"_Literal will be placed at 8023185C (length = 10 bytes)
$IdleAnimations_8022CA08_22 will be placed at 8023186C (length = C bytes)
$DefenseTable_80218C10_0B will be placed at 80231878 (length = C bytes)
$IdleAnimations_8021CA6C_22 will be placed at 80231884 (length = C bytes)
$IdleAnimations_8021B218_24 will be placed at 80231890 (length = C bytes)
$DefenseTable_80224B64_24 will be placed at 8023189C (length = C bytes)
$DefenseTable_802206AC_24 will be placed at 802318A8 (length = C bytes)
$DefenseTable_8021E97C_18 will be placed at 802318B4 (length = C bytes)
$Vector3D_8021CE18_24 will be placed at 802318C0 (length = C bytes)
$IdleAnimations_802264FC_24 will be placed at 802318CC (length = C bytes)
$IdleAnimations_8021CA78_22 will be placed at 802318D8 (length = C bytes)
$DefenseTable_8021B224_24 will be placed at 802318E4 (length = C bytes)
$DefenseTable_8021E97C_18_mze will be placed at 802318F0 (length = C bytes)
$IdleAnimations_8021B20C_24 will be placed at 802318FC (length = C bytes)
$DefenseTable_80226508_24 will be placed at 80231908 (length = C bytes)
$Vector3D_8022D0F4_22 will be placed at 80231914 (length = C bytes)
$DefenseTable_8021EA44_24 will be placed at 80231920 (length = C bytes)
$DefenseTable_8021EA50_24 will be placed at 8023192C (length = C bytes)
$IdleAnimations_80218EB8_0B will be placed at 80231938 (length = C bytes)
$ASCII_"mze_02"_Literal will be placed at 80231944 (length = C bytes)
$DefenseTable_80218C10_0B_mze will be placed at 80231950 (length = C bytes)
$ASCII_"mze_10"_Literal will be placed at 8023195C (length = C bytes)
$DefenseTable_80222898_24 will be placed at 80231968 (length = C bytes)
$DefenseTable_8021CE70_24 will be placed at 80231974 (length = C bytes)
$DefenseTable_8022190C_24 will be placed at 80231980 (length = C bytes)
$ConstDouble_80228438_24 will be placed at 80231990 (length = 8 bytes)
$ConstDouble_80228410_24 will be placed at 80231998 (length = 8 bytes)
$ConstDouble_80228440_24 will be placed at 802319A0 (length = 8 bytes)
$ConstDouble_80228428_24 will be placed at 802319A8 (length = 8 bytes)
$ConstDouble_80228400_24 will be placed at 802319B0 (length = 8 bytes)
$ConstDouble_80228418_24 will be placed at 802319B8 (length = 8 bytes)
$ConstDouble_80228430_24 will be placed at 802319C0 (length = 8 bytes)
$ConstDouble_80228408_24 will be placed at 802319C8 (length = 8 bytes)
$ASCII_"tik_tex"_Literal will be placed at 802319D0 (length = 8 bytes)
$ConstDouble_80228420_24 will be placed at 802319D8 (length = 8 bytes)
$ConstDouble_80228448_24 will be placed at 802319E0 (length = 8 bytes)
Reading patch file: 3B Area MZE4.bpat
Creating struct: $1A_SpikeTop
Creating struct: $1A_SpikeTop_mze
Creating struct: $Function_80218AB0_1A
Creating struct: $DefenseTable_8022B940_1A
Creating struct: $DefenseTable_8022B95C_1A
Creating struct: $StatusTable_8022B968_1A
Creating struct: $PartsTable_8022BA14_1A
Creating struct: $IdleAnimations_8022BA60_1A
Creating struct: $IdleAnimations_8022BAAC_1A
Creating struct: $IdleAnimations_8022BAF8_1A
Creating struct: $Script_Init_8022BB3C_1A
Creating struct: $Script_Idle_8022BD0C_1A
Creating struct: $Script_8022BD1C_1A
Creating struct: $Script_HandleEvent_8022C150_1A
Creating struct: $Script_8022C60C_1A
Creating struct: $IntTable_8022C65C_1A
Creating struct: $Script_HandleEvent_8022C6A8_1A
Creating struct: $Script_TakeTurn_8022D444_1A
Creating struct: $Script_TakeTurn_8022DEFC_1A
Creating struct: $1A_DarkParatroopa
Creating struct: $1A_DarkParatroopa_mze
Creating struct: $Function_802180D0_1A
Creating struct: $Function_80218128_1A
Creating struct: $DefenseTable_8021D220_1A
Creating struct: $DefenseTable_8021D24C_1A
Creating struct: $DefenseTable_8021D258_1A
Creating struct: $StatusTable_8021D264_1A
Creating struct: $StatusTable_8021D310_1A
Creating struct: $PartsTable_8021D3BC_1A
Creating struct: $IdleAnimations_8021D450_1A
Creating struct: $IdleAnimations_8021D49C_1A
Creating struct: $IdleAnimations_8021D4E8_1A
Creating struct: $Script_NextTurn_8021D534_1A
Creating struct: $Script_Init_8021D55C_1A
Creating struct: $Script_8021D5D4_1A
Creating struct: $Script_Idle_8021D6AC_1A
Creating struct: $Script_8021D9BC_1A
Creating struct: $Script_HandleEvent_8021DA3C_1A
Creating struct: $Script_TakeTurn_8021E174_1A
Creating struct: $Script_8021EC2C_1A
Creating struct: $IdleAnimations_8021F1F0_1A
Creating struct: $IdleAnimations_8021F23C_1A
Creating struct: $IdleAnimations_8021F288_1A
Creating struct: $IdleAnimations_8021F2D4_1A
Creating struct: $IdleAnimations_8021F320_1A
Creating struct: $Script_8021F36C_1A
Creating struct: $Script_8021F464_1A
Creating struct: $Script_Idle_8021F5E4_1A
Creating struct: $IntTable_8021FDF4_1A
Creating struct: $Script_HandleEvent_8021FE4C_1A
Creating struct: $Script_80220B78_1A
Creating struct: $Script_80221420_1A
Creating struct: $Script_80221B70_1A
Creating struct: $Script_TakeTurn_80222014_1A
Creating struct: $22_BonyBeetle
Creating struct: $22_BonyBeetle_mze
Creating struct: $Function_80218000_22
Creating struct: $IdleAnimations_80218830_22
Creating struct: $IdleAnimations_8021887C_22
Creating struct: $IdleAnimations_802188C8_22
Creating struct: $IdleAnimations_80218914_22
Creating struct: $DefenseTable_80218960_22
Creating struct: $DefenseTable_80218960_22_mze
Creating struct: $DefenseTable_8021896C_22
Creating struct: $StatusTable_80218978_22
Creating struct: $PartsTable_80218A24_22
Creating struct: $PartsTable_80218A24_22_mze
Creating struct: $Script_Init_80218A70_22
Creating struct: $Script_Idle_80218D6C_22
Creating struct: $Script_HandleEvent_80218D7C_22
Creating struct: $Script_80218EE8_22
Creating struct: $Script_TakeTurn_80219110_22
Creating struct: $IntTable_802191AC_22
Creating struct: $Script_802191FC_22
Creating struct: $Script_Tackle_22
Creating struct: $Script_8021A060_22
Creating struct: $Script_Tackle_Spikes_22
Creating struct: $Script_8021BA6C_22
Creating struct: $Script_FlipOver_22
Creating struct: $Script_8021C234_22
Creating struct: $Script_FlipOver_Spikes_22
Creating struct: $16_PutridPiranha
Creating struct: $16_PutridPiranha_mze
Creating struct: $Function_80218130_16
Creating struct: $Function_802181FC_16
Creating struct: $IdleAnimations_8021B0A0_16
Creating struct: $DefenseTable_8021B0EC_16
Creating struct: $DefenseTable_8021B0EC_16_mze
Creating struct: $StatusTable_8021B100_16
Creating struct: $PartsTable_8021B1AC_16
Creating struct: $PartsTable_8021B1AC_16_mze
Creating struct: $Script_Init_8021B1F8_16
Creating struct: $Script_Idle_8021B244_16
Creating struct: $Script_8021B354_16
Creating struct: $Script_HandleEvent_8021B3D0_16
Creating struct: $Script_TakeTurn_8021B8A8_16
Creating struct: $Script_Bite_16
Creating struct: $Script_Breath_16
Creating struct: $34_Glooper
Creating struct: $Function_80218680_1B
Creating struct: $Function_8021876C_1B
Creating struct: $Function_80218804_1B
Creating struct: $Function_80218884_1B
Creating struct: $Function_80218A20_1B
Creating struct: $Function_80218A78_1B
Creating struct: $Function_80218B2C_1B
Creating struct: $Script_8021EF60_1B
Creating struct: $Script_8021F43C_1B
Creating struct: $IdleAnimations_8021F494_1B
Creating struct: $IdleAnimations_8021F4D0_1B
Creating struct: $IdleAnimations_8021F50C_1B
Creating struct: $DefenseTable_8021F548_1B
Creating struct: $StatusTable_8021F554_1B
Creating struct: $StatusTable_8021F600_1B
Creating struct: $PartsTable_8021F6AC_1B
Creating struct: $Script_Init_8021F71C_1B
Creating struct: $Script_Idle_8021F7E0_1B
Creating struct: $Script_HandleEvent_8021FC18_1B
Creating struct: $Script_80220100_1B
Creating struct: $Script_TakeTurn_SuperBlooper_1B
Creating struct: $Script_Tackle_SuperBlooper_1B
Creating struct: $Script_SprayInk_SuperBlooper_1B
Creating struct: $Script_SpawnBabies_1B
Creating struct: $Script_Enrage_1B
Creating struct: $Script_EnragedTackle_1B
Creating struct: $Script_80221DC4_1B
Creating struct: $Script_80221E80_1B
Creating struct: $Vector3D_80221EF0_1B
Creating struct: $SpecialFormation_80221EFC_1B
Creating struct: $SpecialFormation_80221F18_1B
Creating struct: $Script_80221F40_1B
Creating struct: $Script_8022241C_1B
Creating struct: $IdleAnimations_80222474_1B
Creating struct: $IdleAnimations_802224B0_1B
Creating struct: $IdleAnimations_802224EC_1B
Creating struct: $DefenseTable_80222528_1B
Creating struct: $StatusTable_80222534_1B
Creating struct: $PartsTable_802225E0_1B
Creating struct: $GlooperBaby_1B
Creating struct: $Script_Init_80222650_1B
Creating struct: $Script_Idle_802228C0_1B
Creating struct: $Script_HandleEvent_80222CF8_1B
Creating struct: $Script_80223170_1B
Creating struct: $Script_TakeTurn_8022319C_1B
Creating struct: $34_Guzzar
Creating struct: $Function_802180C0_09
Creating struct: $IdleAnimations_8021B600_09
Creating struct: $IdleAnimations_8021B644_09
Creating struct: $DefenseTable_8021B650_09
Creating struct: $StatusTable_8021B65C_09
Creating struct: $PartsTable_8021B708_09
Creating struct: $Script_Init_8021B7E4_09
Creating struct: $Script_NextTurn_8021B918_09
Creating struct: $Script_Idle_8021B930_09
Creating struct: $Script_HandleEvent_8021B940_09
Creating struct: $Script_TakeTurn_8021BCD8_09
Creating struct: $Script_8021BEBC_09
Creating struct: $Script_8021CCE8_09
Creating struct: $Script_8021DCB8_09
Creating struct: $Script_8021DF2C_09
Creating struct: $Script_8021F030_09
Creating struct: $Script_8021F7EC_09
Creating struct: $Script_8021F808_09
Creating struct: $Script_8021F824_09
Creating struct: $Script_8021FA2C_09
Creating struct: $Script_8021FC34_09
Creating struct: $34_MelanoDino
Creating struct: $IdleAnimations_8021D810_34
Creating struct: $DefenseTable_8021D85C_34
Creating struct: $StatusTable_8021D870_34
Creating struct: $PartsTable_8021D91C_34
Creating struct: $Script_Init_8021D968_34
Creating struct: $Script_Idle_8021D9B4_34
Creating struct: $Script_8021D9C4_34
Creating struct: $Script_HandleEvent_8021DA40_34
Creating struct: $Script_8021DF24_34
Creating struct: $Script_TakeTurn_8021E070_34
Creating struct: $FormationTable
Creating struct: $Formation_ParatroopaANDBony
Creating struct: $Formation_BonyANDParatroopa
Creating struct: $Formation_BonyANDPiranha
Creating struct: $Formation_PiranhaANDBony
Creating struct: $Formation_ParatroopaANDPiranha
Creating struct: $Formation_PiranhaANDParatroopa
Creating struct: $Formation_SpikeTopANDPiranha
Creating struct: $Formation_PiranhaANDSpikeTop
Creating struct: $Formation_SpikeTopANDBony
Creating struct: $Formation_BonyANDSpikeTop
Creating struct: $Formation_Glooper
Creating struct: $Formation_Guzzar
Creating struct: $Formation_MelanoDino
Creating struct: $Glooper_Pos
Creating struct: $Guzzar_Pos
Creating struct: $StageTable
Creating struct: $Stage_Mze1
Creating struct: $Stage_Mze2
Creating struct: $Script_BeforeBattle
Creating struct: $Script_AfterBattle
Merged 1 regions to 1
$Script_8021DF2C_09 will be placed at 80218000 (length = 1104 bytes)
$Script_TakeTurn_8022319C_1B will be placed at 80219104 (length = 10E4 bytes)
$Script_8021CCE8_09 will be placed at 8021A1E8 (length = FD0 bytes)
$Script_Tackle_Spikes_22 will be placed at 8021B1B8 (length = F58 bytes)
$Script_8021BEBC_09 will be placed at 8021C110 (length = E2C bytes)
$Script_HandleEvent_8022C6A8_1A will be placed at 8021CF3C (length = D9C bytes)
$Script_HandleEvent_8021FE4C_1A will be placed at 8021DCD8 (length = D2C bytes)
$Script_TakeTurn_8021E174_1A will be placed at 8021EA04 (length = AB8 bytes)
$Script_TakeTurn_8022D444_1A will be placed at 8021F4BC (length = AB8 bytes)
$Script_TakeTurn_8022DEFC_1A will be placed at 8021FF74 (length = A24 bytes)
$Script_Bite_16 will be placed at 80220998 (length = 9A8 bytes)
$Script_80220B78_1A will be placed at 80221340 (length = 8A8 bytes)
$Script_8021A060_22 will be placed at 80221BE8 (length = 810 bytes)
$Script_Idle_8021F5E4_1A will be placed at 802223F8 (length = 810 bytes)
$Script_8021F030_09 will be placed at 80222C08 (length = 7BC bytes)
$Script_Tackle_22 will be placed at 802233C4 (length = 7B0 bytes)
$Script_80221420_1A will be placed at 80223B74 (length = 750 bytes)
$Script_HandleEvent_8021DA3C_1A will be placed at 802242C4 (length = 738 bytes)
$Script_EnragedTackle_1B will be placed at 802249FC (length = 708 bytes)
$Script_SprayInk_SuperBlooper_1B will be placed at 80225104 (length = 6FC bytes)
$Script_802191FC_22 will be placed at 80225800 (length = 6B4 bytes)
$Script_8021EC2C_1A will be placed at 80225EB4 (length = 5C4 bytes)
$Script_Breath_16 will be placed at 80226478 (length = 5C0 bytes)
$Script_TakeTurn_8021E070_34 will be placed at 80226A38 (length = 578 bytes)
$Script_Tackle_SuperBlooper_1B will be placed at 80226FB0 (length = 570 bytes)
$Script_8021C234_22 will be placed at 80227520 (length = 534 bytes)
$Script_8021BA6C_22 will be placed at 80227A54 (length = 52C bytes)
$Script_HandleEvent_8021FC18_1B will be placed at 80227F80 (length = 4E8 bytes)
$Script_HandleEvent_8021DA40_34 will be placed at 80228468 (length = 4E4 bytes)
$Script_8021EF60_1B will be placed at 8022894C (length = 4DC bytes)
$Script_80221F40_1B will be placed at 80228E28 (length = 4DC bytes)
$Script_HandleEvent_8021B3D0_16 will be placed at 80229304 (length = 4D8 bytes)
$Script_HandleEvent_8022C150_1A will be placed at 802297DC (length = 4BC bytes)
$Script_80221B70_1A will be placed at 80229C98 (length = 4A4 bytes)
$Script_SpawnBabies_1B will be placed at 8022A13C (length = 454 bytes)
$Script_HandleEvent_80222CF8_1B will be placed at 8022A590 (length = 440 bytes)
$Script_Idle_8021F7E0_1B will be placed at 8022A9D0 (length = 438 bytes)
$Script_Idle_802228C0_1B will be placed at 8022AE08 (length = 438 bytes)
$Script_8022BD1C_1A will be placed at 8022B240 (length = 434 bytes)
$Script_HandleEvent_8021B940_09 will be placed at 8022B674 (length = 398 bytes)
$Script_Idle_8021D6AC_1A will be placed at 8022BA0C (length = 310 bytes)
$Script_Init_80218A70_22 will be placed at 8022BD1C (length = 300 bytes)
$Script_TakeTurn_SuperBlooper_1B will be placed at 8022C01C (length = 2E0 bytes)
$Script_FlipOver_Spikes_22 will be placed at 8022C2FC (length = 2B8 bytes)
$Script_FlipOver_22 will be placed at 8022C5B4 (length = 29C bytes)
$Script_8021DCB8_09 will be placed at 8022C850 (length = 274 bytes)
$Script_Init_80222650_1B will be placed at 8022CAC4 (length = 270 bytes)
$Script_80218EE8_22 will be placed at 8022CD34 (length = 228 bytes)
$Script_8021F824_09 will be placed at 8022CF5C (length = 208 bytes)
$Script_8021FA2C_09 will be placed at 8022D164 (length = 208 bytes)
$Script_Enrage_1B will be placed at 8022D36C (length = 200 bytes)
$Script_TakeTurn_80222014_1A will be placed at 8022D56C (length = 200 bytes)
$Script_TakeTurn_8021BCD8_09 will be placed at 8022D76C (length = 1E4 bytes)
$Script_Init_8022BB3C_1A will be placed at 8022D950 (length = 1D0 bytes)
$Function_80218884_1B will be placed at 8022DB20 (length = 19C bytes)
$Script_8021F464_1A will be placed at 8022DCBC (length = 180 bytes)
$Function_802181FC_16 will be placed at 8022DE3C (length = 17C bytes)
$Script_HandleEvent_80218D7C_22 will be placed at 8022DFB8 (length = 16C bytes)
$Script_8021DF24_34 will be placed at 8022E124 (length = 14C bytes)
$Script_Init_8021B7E4_09 will be placed at 8022E270 (length = 134 bytes)
$FormationTable will be placed at 8022E3A4 (length = 118 bytes)
$Script_Idle_8021B244_16 will be placed at 8022E4BC (length = 110 bytes)
$Script_8021F36C_1A will be placed at 8022E5CC (length = F8 bytes)
$Script_8021D5D4_1A will be placed at 8022E6C4 (length = D8 bytes)
$Function_80218128_1A will be placed at 8022E79C (length = CC bytes)
$Function_80218000_22 will be placed at 8022E868 (length = CC bytes)
$Function_80218AB0_1A will be placed at 8022E934 (length = CC bytes)
$Function_80218130_16 will be placed at 8022EA00 (length = CC bytes)
$Script_80221DC4_1B will be placed at 8022EACC (length = BC bytes)
$Function_80218A78_1B will be placed at 8022EB88 (length = B4 bytes)
$PartsTable_8021B708_09 will be placed at 8022EC3C (length = B4 bytes)
$Function_80218B2C_1B will be placed at 8022ECF0 (length = B4 bytes)
$StatusTable_8021F600_1B will be placed at 8022EDA4 (length = AC bytes)
$StatusTable_8021B65C_09 will be placed at 8022EE50 (length = AC bytes)
$StatusTable_8021D264_1A will be placed at 8022EEFC (length = AC bytes)
$StatusTable_80222534_1B will be placed at 8022EFA8 (length = AC bytes)
$StatusTable_8022B968_1A will be placed at 8022F054 (length = AC bytes)
$StatusTable_8021B100_16 will be placed at 8022F100 (length = AC bytes)
$StatusTable_8021D870_34 will be placed at 8022F1AC (length = AC bytes)
$StatusTable_80218978_22 will be placed at 8022F258 (length = AC bytes)
$StatusTable_8021F554_1B will be placed at 8022F304 (length = AC bytes)
$StatusTable_8021D310_1A will be placed at 8022F3B0 (length = AC bytes)
$Script_Init_8021F71C_1B will be placed at 8022F45C (length = A8 bytes)
$Script_TakeTurn_80219110_22 will be placed at 8022F504 (length = 9C bytes)
$Script_TakeTurn_8021B8A8_16 will be placed at 8022F5A0 (length = 98 bytes)
$Function_8021876C_1B will be placed at 8022F638 (length = 98 bytes)
$Function_80218804_1B will be placed at 8022F6D0 (length = 80 bytes)
$Script_8021D9BC_1A will be placed at 8022F750 (length = 80 bytes)
$Script_8021B354_16 will be placed at 8022F7D0 (length = 7C bytes)
$Script_8021D9C4_34 will be placed at 8022F84C (length = 7C bytes)
$Script_Init_8021D55C_1A will be placed at 8022F8C8 (length = 78 bytes)
$Script_80221E80_1B will be placed at 8022F940 (length = 70 bytes)
$PartsTable_8021D3BC_1A will be placed at 8022F9B0 (length = 6C bytes)
$Script_8022241C_1B will be placed at 8022FA1C (length = 58 bytes)
$Function_80218A20_1B will be placed at 8022FA74 (length = 58 bytes)
$Function_80218680_1B will be placed at 8022FACC (length = 58 bytes)
$IntTable_8021FDF4_1A will be placed at 8022FB24 (length = 58 bytes)
$Script_8021F43C_1B will be placed at 8022FB7C (length = 58 bytes)
$Function_802180C0_09 will be placed at 8022FBD4 (length = 58 bytes)
$Function_802180D0_1A will be placed at 8022FC2C (length = 58 bytes)
$Formation_BonyANDSpikeTop will be placed at 8022FC84 (length = 54 bytes)
$Formation_PiranhaANDBony will be placed at 8022FCD8 (length = 54 bytes)
$Formation_SpikeTopANDBony will be placed at 8022FD2C (length = 54 bytes)
$Formation_MelanoDino will be placed at 8022FD80 (length = 54 bytes)
$Formation_ParatroopaANDBony will be placed at 8022FDD4 (length = 54 bytes)
$Formation_BonyANDPiranha will be placed at 8022FE28 (length = 54 bytes)
$Formation_SpikeTopANDPiranha will be placed at 8022FE7C (length = 54 bytes)
$Formation_PiranhaANDSpikeTop will be placed at 8022FED0 (length = 54 bytes)
$Formation_ParatroopaANDPiranha will be placed at 8022FF24 (length = 54 bytes)
$Formation_PiranhaANDParatroopa will be placed at 8022FF78 (length = 54 bytes)
$Formation_BonyANDParatroopa will be placed at 8022FFCC (length = 54 bytes)
$Script_BeforeBattle will be placed at 80230020 (length = 50 bytes)
$IntTable_802191AC_22 will be placed at 80230070 (length = 50 bytes)
$Script_8022C60C_1A will be placed at 802300C0 (length = 50 bytes)
$Script_Init_8021B1F8_16 will be placed at 80230110 (length = 4C bytes)
$IdleAnimations_8021F2D4_1A will be placed at 8023015C (length = 4C bytes)
$IdleAnimations_8021F1F0_1A will be placed at 802301A8 (length = 4C bytes)
$IdleAnimations_8021D4E8_1A will be placed at 802301F4 (length = 4C bytes)
$IdleAnimations_8021D450_1A will be placed at 80230240 (length = 4C bytes)
$IdleAnimations_80218830_22 will be placed at 8023028C (length = 4C bytes)
$IdleAnimations_8022BAAC_1A will be placed at 802302D8 (length = 4C bytes)
$IdleAnimations_802188C8_22 will be placed at 80230324 (length = 4C bytes)
$IdleAnimations_8022BA60_1A will be placed at 80230370 (length = 4C bytes)
$Script_Init_8021D968_34 will be placed at 802303BC (length = 4C bytes)
$IdleAnimations_8021F23C_1A will be placed at 80230408 (length = 4C bytes)
$IntTable_8022C65C_1A will be placed at 80230454 (length = 4C bytes)
$IdleAnimations_8021887C_22 will be placed at 802304A0 (length = 4C bytes)
$IdleAnimations_8021D49C_1A will be placed at 802304EC (length = 4C bytes)
$IdleAnimations_8021B0A0_16 will be placed at 80230538 (length = 4C bytes)
$IdleAnimations_80218914_22 will be placed at 80230584 (length = 4C bytes)
$IdleAnimations_8021F288_1A will be placed at 802305D0 (length = 4C bytes)
$IdleAnimations_8021F320_1A will be placed at 8023061C (length = 4C bytes)
$IdleAnimations_8021D810_34 will be placed at 80230668 (length = 4C bytes)
$PartsTable_8021F6AC_1B will be placed at 802306B4 (length = 48 bytes)
$PartsTable_802225E0_1B will be placed at 802306FC (length = 48 bytes)
$IdleAnimations_8022BAF8_1A will be placed at 80230744 (length = 44 bytes)
$IdleAnimations_8021B600_09 will be placed at 80230788 (length = 44 bytes)
$IdleAnimations_8021F4D0_1B will be placed at 802307CC (length = 3C bytes)
$IdleAnimations_802224EC_1B will be placed at 80230808 (length = 3C bytes)
$IdleAnimations_8021F494_1B will be placed at 80230844 (length = 3C bytes)
$IdleAnimations_802224B0_1B will be placed at 80230880 (length = 3C bytes)
$IdleAnimations_8021F50C_1B will be placed at 802308BC (length = 3C bytes)
$IdleAnimations_80222474_1B will be placed at 802308F8 (length = 3C bytes)
$DefenseTable_8021D220_1A will be placed at 80230934 (length = 2C bytes)
$Script_80223170_1B will be placed at 80230960 (length = 2C bytes)
$Script_NextTurn_8021D534_1A will be placed at 8023098C (length = 28 bytes)
$1A_DarkParatroopa will be placed at 802309B4 (length = 28 bytes)
$1A_SpikeTop will be placed at 802309DC (length = 28 bytes)
$16_PutridPiranha_mze will be placed at 80230A04 (length = 28 bytes)
$22_BonyBeetle will be placed at 80230A2C (length = 28 bytes)
$34_Glooper will be placed at 80230A54 (length = 28 bytes)
$1A_SpikeTop_mze will be placed at 80230A7C (length = 28 bytes)
$34_MelanoDino will be placed at 80230AA4 (length = 28 bytes)
$GlooperBaby_1B will be placed at 80230ACC (length = 28 bytes)
$34_Guzzar will be placed at 80230AF4 (length = 28 bytes)
$16_PutridPiranha will be placed at 80230B1C (length = 28 bytes)
$22_BonyBeetle_mze will be placed at 80230B44 (length = 28 bytes)
$1A_DarkParatroopa_mze will be placed at 80230B6C (length = 28 bytes)
$PartsTable_8021B1AC_16_mze will be placed at 80230B94 (length = 24 bytes)
$PartsTable_80218A24_22_mze will be placed at 80230BB8 (length = 24 bytes)
$PartsTable_8021D91C_34 will be placed at 80230BDC (length = 24 bytes)
$PartsTable_80218A24_22 will be placed at 80230C00 (length = 24 bytes)
$PartsTable_8021B1AC_16 will be placed at 80230C24 (length = 24 bytes)
$Stage_Mze2 will be placed at 80230C48 (length = 24 bytes)
$Stage_Mze1 will be placed at 80230C6C (length = 24 bytes)
$PartsTable_8022BA14_1A will be placed at 80230C90 (length = 24 bytes)
$SpecialFormation_80221EFC_1B will be placed at 80230CB4 (length = 1C bytes)
$Script_8021F808_09 will be placed at 80230CD0 (length = 1C bytes)
$DefenseTable_8022B940_1A will be placed at 80230CEC (length = 1C bytes)
$SpecialFormation_80221F18_1B will be placed at 80230D08 (length = 1C bytes)
$Formation_Glooper will be placed at 80230D24 (length = 1C bytes)
$Formation_Guzzar will be placed at 80230D40 (length = 1C bytes)
$Script_8021F7EC_09 will be placed at 80230D5C (length = 1C bytes)
$Script_80220100_1B will be placed at 80230D78 (length = 1C bytes)
$Script_8021FC34_09 will be placed at 80230D94 (length = 18 bytes)
$Script_NextTurn_8021B918_09 will be placed at 80230DAC (length = 18 bytes)
$StageTable will be placed at 80230DC4 (length = 18 bytes)
$DefenseTable_8021B0EC_16 will be placed at 80230DDC (length = 14 bytes)
$ASCII_"mze_bt02_shape"_Literal will be placed at 80230DF0 (length = 14 bytes)
$DefenseTable_8021D85C_34 will be placed at 80230E04 (length = 14 bytes)
$DefenseTable_8021B0EC_16_mze will be placed at 80230E18 (length = 14 bytes)
$ASCII_"mze_bt01_shape"_Literal will be placed at 80230E2C (length = 14 bytes)
$ASCII_"mze_bt02_hit"_Literal will be placed at 80230E40 (length = 10 bytes)
$Script_AfterBattle will be placed at 80230E50 (length = 10 bytes)
$Script_Idle_8021D9B4_34 will be placed at 80230E60 (length = 10 bytes)
$Script_Idle_80218D6C_22 will be placed at 80230E70 (length = 10 bytes)
$Script_Idle_8021B930_09 will be placed at 80230E80 (length = 10 bytes)
$ASCII_"mze_bt01_hit"_Literal will be placed at 80230E90 (length = 10 bytes)
$Script_Idle_8022BD0C_1A will be placed at 80230EA0 (length = 10 bytes)
$Vector3D_80221EF0_1B will be placed at 80230EB0 (length = C bytes)
$DefenseTable_8022B95C_1A will be placed at 80230EBC (length = C bytes)
$DefenseTable_80218960_22 will be placed at 80230EC8 (length = C bytes)
$Guzzar_Pos will be placed at 80230ED4 (length = C bytes)
$DefenseTable_8021F548_1B will be placed at 80230EE0 (length = C bytes)
$DefenseTable_8021D258_1A will be placed at 80230EEC (length = C bytes)
$DefenseTable_8021B650_09 will be placed at 80230EF8 (length = C bytes)
$IdleAnimations_8021B644_09 will be placed at 80230F04 (length = C bytes)
$Glooper_Pos will be placed at 80230F10 (length = C bytes)
$DefenseTable_8021896C_22 will be placed at 80230F1C (length = C bytes)
$ASCII_"mze_02"_Literal will be placed at 80230F28 (length = C bytes)
$DefenseTable_80222528_1B will be placed at 80230F34 (length = C bytes)
$DefenseTable_80218960_22_mze will be placed at 80230F40 (length = C bytes)
$ASCII_"mze_10"_Literal will be placed at 80230F4C (length = C bytes)
$DefenseTable_8021D24C_1A will be placed at 80230F58 (length = C bytes)
$ASCII_"tik_tex"_Literal will be placed at 80230F64 (length = 8 bytes)
Reading patch file: 3C Area BP.bpat
Creating struct: $3C_GoombaKingBP
Creating struct: $IdleAnimations_80220800_01
Creating struct: $IdleAnimations_80220844_01
Creating struct: $DefenseTable_80220910_01
Creating struct: $StatusTable_8022091C_01
Creating struct: $PartsTable_802209C8_01
Creating struct: $Script_Init_80220A38_01
Creating struct: $Script_Idle_King
Creating struct: $Script_80220DB0_01
Creating struct: $Script_HandleEvent_King
Creating struct: $Script_TakeTurn_King
Creating struct: $Script_SpinAttack
Creating struct: $Script_80222D9C_01
Creating struct: $3C_BlackGoomba
Creating struct: $Function_80218280_01
Creating struct: $Function_8021840C_01
Creating struct: $DefenseTable_8021B6C0_01
Creating struct: $StatusTable_8021B6CC_01
Creating struct: $PartsTable_8021B778_01
Creating struct: $IdleAnimations_8021B7C4_01
Creating struct: $IdleAnimations_8021B810_01
Creating struct: $Script_8021B85C_01
Creating struct: $Script_Idle_8021B8A8_01
Creating struct: $Script_HandleEvent_8021BB84_01
Creating struct: $FloatTable_8021C244_01
Creating struct: $Script_TakeTurn_8021C3B0_01
Creating struct: $Script_Init_8021D078_01
Creating struct: $3C_NinjakoopaBP_1
Creating struct: $3C_NinjakoopaBP_2
Creating struct: $3C_NinjakoopaBP_3
Creating struct: $3C_NinjakoopaBP_4
Creating struct: $DefenseTable_Normal
Creating struct: $DefenseTable_Flipped
Creating struct: $IntTable_8022DD30
Creating struct: $StatusTable_NinjakoopaBP
Creating struct: $PartsTable_NinjakoopaBP
Creating struct: $IdleAnimations_NinjakoopaBP
Creating struct: $IdleAnimations_NinjakoopaBP_Flipped
Creating struct: $Script_Init_NinjakoopaBP_1
Creating struct: $Script_Init_NinjakoopaBP_2
Creating struct: $Script_Init_NinjakoopaBP_3
Creating struct: $Script_Init_NinjakoopaBP_4
Creating struct: $Script_HandleEvent_NinjakoopaBP
Creating struct: $Script_GetUp_NinjakoopaBP
Creating struct: $Script_Ninja1_AttackMario
Creating struct: $Script_Ninja2_AttackPartner
Creating struct: $Script_Ninja3_DazeMario
Creating struct: $Script_Ninja4_BoostKoopas
Creating struct: $Script_TakeTurn_NinjakoopaBP_1
Creating struct: $Script_TakeTurn_NinjakoopaBP_2
Creating struct: $Script_TakeTurn_NinjakoopaBP_3
Creating struct: $Script_TakeTurn_NinjakoopaBP_4
Creating struct: $3C_TutankoopaBP
Creating struct: $Function_80218000_0C
Creating struct: $Function_80218150_0C
Creating struct: $Function_802181E8_0C
Creating struct: $Function_8021825C_0C
Creating struct: $Function_80218690_0C
Creating struct: $Function_8021875C_0C
Creating struct: $IdleAnimations_80218B40_0C
Creating struct: $IdleAnimations_80218B84_0C
Creating struct: $IdleAnimations_80218BC8_0C
Creating struct: $IdleAnimations_80218C0C_0C
Creating struct: $IdleAnimations_80218C50_0C
Creating struct: $DefenseTable_80218C5C_0C
Creating struct: $StatusTable_80218C88_0C
Creating struct: $PartsTable_80218D34_0C
Creating struct: $Script_Init_80218EC4_0C
Creating struct: $Script_80218FCC_0C
Creating struct: $Script_Idle_80219108_0C
Creating struct: $Script_8021972C_0C
Creating struct: $Script_HandleEvent_802197C4_0C
Creating struct: $Script_8021A200_0C
Creating struct: $Script_TakeTurn_8021A7C4_0C
Creating struct: $Script_8021B41C_0C
Creating struct: $Script_8021B50C_0C
Creating struct: $IdleAnimations_8021B960_0C
Creating struct: $IdleAnimations_8021B9AC_0C
Creating struct: $IdleAnimations_8021B9F8_0C
Creating struct: $IdleAnimations_8021BA04_0C
Creating struct: $IdleAnimations_8021BA10_0C
Creating struct: $DefenseTable_8021BA1C_0C
Creating struct: $StatusTable_8021BA28_0C
Creating struct: $PartsTable_8021BAD4_0C
Creating struct: $Script_Init_TutankoopaBP
Creating struct: $Script_Idle_TutankoopaBP
Creating struct: $Script_HandleEvent_TutankoopaBP
Creating struct: $Script_8021C748_0C
Creating struct: $Script_8021C974_0C
Creating struct: $Script_TakeTurn_TutankoopaBP
Creating struct: $Script_8021D04C_0C
Creating struct: $Script_8021D81C_0C
Creating struct: $Script_8021DDE8_0C
Creating struct: $Script_8021E008_0C
Creating struct: $Vector3D_8021E9A0_0C
Creating struct: $SpecialFormation_8021E9AC_0C
Creating struct: $Script_SpawnChomp
Creating struct: $Script_8021F42C_0C
Creating struct: $Script_8021F5E8_0C
Creating struct: $Script_8021F80C_0C
Creating struct: $Script_NextTurn_TutankoopaBP
Creating struct: $Script_8021FA54_0C
Creating struct: $ConstDouble_802204E0_0C
Creating struct: $30_NegativeChomp
Creating struct: $Function_80218270_0B
Creating struct: $Function_802183C0_0B
Creating struct: $Function_80218458_0B
Creating struct: $Function_ChainChomp_ChainsIdle
Creating struct: $IdleAnimations_ChainChomp_A
Creating struct: $IdleAnimations_ChainChomp_B
Creating struct: $IdleAnimations_ChainChomp_C
Creating struct: $IdleAnimations_ChainChomp_D
Creating struct: $IdleAnimations_ChainTail
Creating struct: $DefenseTable_ChainChomp
Creating struct: $StatusTable_ChainChomp
Creating struct: $PartsTable_ChainChomp
Creating struct: $Script_80221794_0B
Creating struct: $Script_8022181C_0B
Creating struct: $Script_Init_ChainChomp
Creating struct: $Script_80221BC4_0B
Creating struct: $Script_Idle_80221D00_0B
Creating struct: $Script_80222324_0B
Creating struct: $Script_HandleEvent_80222364_0B
Creating struct: $Script_TakeTurn_80222ED0_0B
Creating struct: $ConstDouble_80224920_0B
Creating struct: $3C_TubbaBlubbaBP
Creating struct: $IdleAnimations_80225C40_0E
Creating struct: $DefenseTable_80225C94_0E
Creating struct: $StatusTable_80225CA0_0E
Creating struct: $PartsTable_80225D4C_0E
Creating struct: $Script_Init_TubbaBP
Creating struct: $Script_80225E08_0E
Creating struct: $Script_Idle_80225F58_0E
Creating struct: $Script_80225F8C_0E
Creating struct: $Script_80225FD4_0E
Creating struct: $Script_HandleEvent_TubbaBP
Creating struct: $Script_TakeTurn_TubbaBP
Creating struct: $Script_80226558_0E
Creating struct: $Script_80226B88_0E
Creating struct: $Script_DoDeath
Creating struct: $3C_TubbasHeartBP
Creating struct: $Function_80218680_0E
Creating struct: $IdleAnimations_80223BC0_0E
Creating struct: $IdleAnimations_80223C1C_0E
Creating struct: $DefenseTable_80223C78_0E
Creating struct: $StatusTable_80223C84_0E
Creating struct: $PartsTable_HeartBP
Creating struct: $Script_Init_HeartBP
Creating struct: $Script_Idle_HeartBP
Creating struct: $Script_SetHitAnimation
Creating struct: $Script_HandleEvent_HeartBP
Creating struct: $Script_GoBackToHome
Creating struct: $Script_80224414_0E
Creating struct: $Script_802244DC_0E
Creating struct: $Script_TakeTurn_HeartBP
Creating struct: $Script_80224B3C_0E
Creating struct: $Script_80225258_0E
Creating struct: $Script_802255D8_0E
Creating struct: $3C_BigLanternGhostBP
Creating struct: $Function_80218000_12
Creating struct: $Function_80218038_12
Creating struct: $Function_80218070_12
Creating struct: $DefenseTable_80218DB0_12
Creating struct: $DefenseTable_80218DBC_12
Creating struct: $StatusTable_80218DC8_12
Creating struct: $PartsTable_80218E74_12
Creating struct: $IdleAnimations_80218EE4_12
Creating struct: $Script_Init_80218F38_12
Creating struct: $Script_80219204_12
Creating struct: $Script_Idle_802192B0_12
Creating struct: $Script_HandleEvent_80219328_12
Creating struct: $Script_80219B00_12
Creating struct: $Script_80219BA8_12
Creating struct: $Script_80219C00_12
Creating struct: $Script_8021A3E4_12
Creating struct: $Script_8021AB14_12
Creating struct: $Script_TakeTurn_8021AF4C_12
Creating struct: $Script_8021B0F8_12
Creating struct: $Script_8021B14C_12
Creating struct: $Script_DoDeath_BigLanternGhostBP
Creating struct: $ConstDouble_8022EB70_12
Creating struct: $ConstDouble_8022EB78_12
Creating struct: $JumpTable_8022EB80_12
Creating struct: $FormationTable
Creating struct: $Formation_KingGoombaBP
Creating struct: $Vector3D_GoombaKing
Creating struct: $Vector3D_BlackGoomba1
Creating struct: $Vector3D_BlackGoomba2
Creating struct: $Formation_KoopaBrosBP
Creating struct: $Formation_TutanKoopaBP
Creating struct: $Vector3D_Tutankoopa
Creating struct: $Formation_TubblaBP
Creating struct: $Formation_LanternGuyBP
Creating struct: $StageTable
Creating struct: $Stage_BlackPit
Creating struct: $Script_BeforeBattle_BlackPit
Creating struct: $Script_AfterBattle_BlackPit
Creating struct: $Script_SetNumber
Creating struct: $Script_AfterBattle
Merged 1 regions to 1
$Script_80226B88_0E will be placed at 80218000 (length = CF0 bytes)
$Script_TakeTurn_8021C3B0_01 will be placed at 80218CF0 (length = CC8 bytes)
$Script_TakeTurn_8021A7C4_0C will be placed at 802199B8 (length = C58 bytes)
$Script_HandleEvent_80222364_0B will be placed at 8021A610 (length = B6C bytes)
$Script_HandleEvent_802197C4_0C will be placed at 8021B17C (length = A3C bytes)
$Script_TakeTurn_80222ED0_0B will be placed at 8021BBB8 (length = 9E0 bytes)
$Script_8021E008_0C will be placed at 8021C598 (length = 998 bytes)
$Script_Ninja3_DazeMario will be placed at 8021CF30 (length = 954 bytes)
$Script_Ninja2_AttackPartner will be placed at 8021D884 (length = 8E4 bytes)
$Script_Ninja1_AttackMario will be placed at 8021E168 (length = 8E4 bytes)
$Script_80219C00_12 will be placed at 8021EA4C (length = 7E4 bytes)
$Script_HandleEvent_80219328_12 will be placed at 8021F230 (length = 7D8 bytes)
$Script_8021D04C_0C will be placed at 8021FA08 (length = 7D0 bytes)
$Script_HandleEvent_TutankoopaBP will be placed at 802201D8 (length = 778 bytes)
$Script_Ninja4_BoostKoopas will be placed at 80220950 (length = 75C bytes)
$Script_8021A3E4_12 will be placed at 802210AC (length = 730 bytes)
$Script_SpinAttack will be placed at 802217DC (length = 71C bytes)
$Script_80224B3C_0E will be placed at 80221EF8 (length = 71C bytes)
$Script_HandleEvent_NinjakoopaBP will be placed at 80222614 (length = 6DC bytes)
$Script_HandleEvent_8021BB84_01 will be placed at 80222CF0 (length = 6C0 bytes)
$Script_802255D8_0E will be placed at 802233B0 (length = 690 bytes)
$Script_80226558_0E will be placed at 80223A40 (length = 630 bytes)
$Script_Idle_80219108_0C will be placed at 80224070 (length = 624 bytes)
$Script_Idle_80221D00_0B will be placed at 80224694 (length = 624 bytes)
$Script_HandleEvent_King will be placed at 80224CB8 (length = 5FC bytes)
$Script_8021A200_0C will be placed at 802252B4 (length = 5C4 bytes)
$Script_SpawnChomp will be placed at 80225878 (length = 564 bytes)
$Script_8021D81C_0C will be placed at 80225DDC (length = 538 bytes)
$Script_HandleEvent_HeartBP will be placed at 80226314 (length = 49C bytes)
$Script_8021B50C_0C will be placed at 802267B0 (length = 448 bytes)
$Script_SetNumber will be placed at 80226BF8 (length = 434 bytes)
$Function_80218070_12 will be placed at 8022702C (length = 420 bytes)
$Function_8021825C_0C will be placed at 8022744C (length = 410 bytes)
$Function_ChainChomp_ChainsIdle will be placed at 8022785C (length = 3E4 bytes)
$Script_HandleEvent_TubbaBP will be placed at 80227C40 (length = 3DC bytes)
$Script_8021AB14_12 will be placed at 8022801C (length = 3D8 bytes)
$Script_80225258_0E will be placed at 802283F4 (length = 3AC bytes)
$Script_TakeTurn_TutankoopaBP will be placed at 802287A0 (length = 378 bytes)
$Script_8021C974_0C will be placed at 80228B18 (length = 360 bytes)
$Script_GetUp_NinjakoopaBP will be placed at 80228E78 (length = 338 bytes)
$Script_Idle_8021B8A8_01 will be placed at 802291B0 (length = 2DC bytes)
$Script_8022181C_0B will be placed at 8022948C (length = 2A0 bytes)
$Script_8021FA54_0C will be placed at 8022972C (length = 298 bytes)
$Script_TakeTurn_HeartBP will be placed at 802299C4 (length = 26C bytes)
$Script_Idle_King will be placed at 80229C30 (length = 260 bytes)
$Script_8021C748_0C will be placed at 80229E90 (length = 22C bytes)
$Script_8021F5E8_0C will be placed at 8022A0BC (length = 224 bytes)
$Script_8021DDE8_0C will be placed at 8022A2E0 (length = 220 bytes)
$Script_Init_TutankoopaBP will be placed at 8022A500 (length = 20C bytes)
$Script_8021F42C_0C will be placed at 8022A70C (length = 1BC bytes)
$Script_80222D9C_01 will be placed at 8022A8C8 (length = 1B4 bytes)
$Script_TakeTurn_8021AF4C_12 will be placed at 8022AA7C (length = 1AC bytes)
$Script_Idle_TutankoopaBP will be placed at 8022AC28 (length = 1A8 bytes)
$Script_Init_80218F38_12 will be placed at 8022ADD0 (length = 198 bytes)
$Function_80218280_01 will be placed at 8022AF68 (length = 18C bytes)
$Script_80220DB0_01 will be placed at 8022B0F4 (length = 184 bytes)
$FloatTable_8021C244_01 will be placed at 8022B278 (length = 16C bytes)
$PartsTable_80218D34_0C will be placed at 8022B3E4 (length = 168 bytes)
$PartsTable_ChainChomp will be placed at 8022B54C (length = 168 bytes)
$Function_80218000_0C will be placed at 8022B6B4 (length = 150 bytes)
$Script_80225E08_0E will be placed at 8022B804 (length = 150 bytes)
$Function_80218270_0B will be placed at 8022B954 (length = 150 bytes)
$Script_Idle_HeartBP will be placed at 8022BAA4 (length = 140 bytes)
$Script_80221BC4_0B will be placed at 8022BBE4 (length = 13C bytes)
$Script_80218FCC_0C will be placed at 8022BD20 (length = 13C bytes)
$PartsTable_8021BAD4_0C will be placed at 8022BE5C (length = 120 bytes)
$Script_Init_ChainChomp will be placed at 8022BF7C (length = 108 bytes)
$Script_Init_80218EC4_0C will be placed at 8022C084 (length = 108 bytes)
$Script_8021F80C_0C will be placed at 8022C18C (length = 108 bytes)
$Script_80225FD4_0E will be placed at 8022C294 (length = FC bytes)
$Script_Init_HeartBP will be placed at 8022C390 (length = F8 bytes)
$Function_8021840C_01 will be placed at 8022C488 (length = F4 bytes)
$Script_8021B41C_0C will be placed at 8022C57C (length = F0 bytes)
$Script_802244DC_0E will be placed at 8022C66C (length = EC bytes)
$Script_Init_80220A38_01 will be placed at 8022C758 (length = EC bytes)
$Function_8021875C_0C will be placed at 8022C844 (length = EC bytes)
$Function_80218680_0E will be placed at 8022C930 (length = E4 bytes)
$Script_GoBackToHome will be placed at 8022CA14 (length = D8 bytes)
$Script_BeforeBattle_BlackPit will be placed at 8022CAEC (length = D4 bytes)
$Function_80218690_0C will be placed at 8022CBC0 (length = CC bytes)
$Script_8021B14C_12 will be placed at 8022CC8C (length = B0 bytes)
$StatusTable_8021BA28_0C will be placed at 8022CD3C (length = AC bytes)
$StatusTable_80218DC8_12 will be placed at 8022CDE8 (length = AC bytes)
$StatusTable_8022091C_01 will be placed at 8022CE94 (length = AC bytes)
$Script_TakeTurn_TubbaBP will be placed at 8022CF40 (length = AC bytes)
$StatusTable_8021B6CC_01 will be placed at 8022CFEC (length = AC bytes)
$StatusTable_80218C88_0C will be placed at 8022D098 (length = AC bytes)
$StatusTable_80225CA0_0E will be placed at 8022D144 (length = AC bytes)
$StatusTable_NinjakoopaBP will be placed at 8022D1F0 (length = AC bytes)
$StatusTable_80223C84_0E will be placed at 8022D29C (length = AC bytes)
$Script_80219204_12 will be placed at 8022D348 (length = AC bytes)
$StatusTable_ChainChomp will be placed at 8022D3F4 (length = AC bytes)
$Script_80219B00_12 will be placed at 8022D4A0 (length = A8 bytes)
$Script_8021972C_0C will be placed at 8022D548 (length = 98 bytes)
$Function_802183C0_0B will be placed at 8022D5E0 (length = 98 bytes)
$Function_80218150_0C will be placed at 8022D678 (length = 98 bytes)
$Script_NextTurn_TutankoopaBP will be placed at 8022D710 (length = 90 bytes)
$Script_TakeTurn_King will be placed at 8022D7A0 (length = 8C bytes)
$Script_80221794_0B will be placed at 8022D82C (length = 88 bytes)
$Script_Idle_802192B0_12 will be placed at 8022D8B4 (length = 78 bytes)
$FormationTable will be placed at 8022D92C (length = 78 bytes)
$Function_802181E8_0C will be placed at 8022D9A4 (length = 74 bytes)
$Script_80222324_0B will be placed at 8022DA18 (length = 74 bytes)
$Function_80218458_0B will be placed at 8022DA8C (length = 74 bytes)
$Script_Init_TubbaBP will be placed at 8022DB00 (length = 70 bytes)
$Formation_KoopaBrosBP will be placed at 8022DB70 (length = 70 bytes)
$Script_Init_NinjakoopaBP_2 will be placed at 8022DBE0 (length = 68 bytes)
$Script_Init_NinjakoopaBP_3 will be placed at 8022DC48 (length = 68 bytes)
$Script_Init_NinjakoopaBP_1 will be placed at 8022DCB0 (length = 68 bytes)
$Script_Init_NinjakoopaBP_4 will be placed at 8022DD18 (length = 68 bytes)
$Script_SetHitAnimation will be placed at 8022DD80 (length = 60 bytes)
$IdleAnimations_80223C1C_0E will be placed at 8022DDE0 (length = 5C bytes)
$IdleAnimations_80223BC0_0E will be placed at 8022DE3C (length = 5C bytes)
$Script_80219BA8_12 will be placed at 8022DE98 (length = 58 bytes)
$IntTable_8022DD30 will be placed at 8022DEF0 (length = 58 bytes)
$Script_TakeTurn_NinjakoopaBP_4 will be placed at 8022DF48 (length = 58 bytes)
$Script_TakeTurn_NinjakoopaBP_1 will be placed at 8022DFA0 (length = 58 bytes)
$Script_TakeTurn_NinjakoopaBP_2 will be placed at 8022DFF8 (length = 58 bytes)
$Script_TakeTurn_NinjakoopaBP_3 will be placed at 8022E050 (length = 58 bytes)
$Formation_KingGoombaBP will be placed at 8022E0A8 (length = 54 bytes)
$IdleAnimations_80218EE4_12 will be placed at 8022E0FC (length = 54 bytes)
$Script_DoDeath_BigLanternGhostBP will be placed at 8022E150 (length = 54 bytes)
$IdleAnimations_NinjakoopaBP_Flipped will be placed at 8022E1A4 (length = 54 bytes)
$Script_8021B0F8_12 will be placed at 8022E1F8 (length = 54 bytes)
$IdleAnimations_NinjakoopaBP will be placed at 8022E24C (length = 54 bytes)
$IdleAnimations_80225C40_0E will be placed at 8022E2A0 (length = 54 bytes)
$Script_8021B85C_01 will be placed at 8022E2F4 (length = 4C bytes)
$IdleAnimations_8021B9AC_0C will be placed at 8022E340 (length = 4C bytes)
$Script_Init_8021D078_01 will be placed at 8022E38C (length = 4C bytes)
$IdleAnimations_8021B810_01 will be placed at 8022E3D8 (length = 4C bytes)
$Script_80224414_0E will be placed at 8022E424 (length = 4C bytes)
$IdleAnimations_8021B7C4_01 will be placed at 8022E470 (length = 4C bytes)
$IdleAnimations_8021B960_0C will be placed at 8022E4BC (length = 4C bytes)
$PartsTable_80218E74_12 will be placed at 8022E508 (length = 48 bytes)
$Script_80225F8C_0E will be placed at 8022E550 (length = 48 bytes)
$PartsTable_HeartBP will be placed at 8022E598 (length = 48 bytes)
$PartsTable_802209C8_01 will be placed at 8022E5E0 (length = 48 bytes)
$IdleAnimations_80220800_01 will be placed at 8022E628 (length = 44 bytes)
$IdleAnimations_80218B84_0C will be placed at 8022E66C (length = 44 bytes)
$IdleAnimations_80218C0C_0C will be placed at 8022E6B0 (length = 44 bytes)
$IdleAnimations_80220844_01 will be placed at 8022E6F4 (length = 44 bytes)
$IdleAnimations_80218BC8_0C will be placed at 8022E738 (length = 44 bytes)
$IdleAnimations_80218B40_0C will be placed at 8022E77C (length = 44 bytes)
$IdleAnimations_ChainChomp_C will be placed at 8022E7C0 (length = 3C bytes)
$IdleAnimations_ChainChomp_D will be placed at 8022E7FC (length = 3C bytes)
$IdleAnimations_ChainChomp_A will be placed at 8022E838 (length = 3C bytes)
$IdleAnimations_ChainChomp_B will be placed at 8022E874 (length = 3C bytes)
$Script_DoDeath will be placed at 8022E8B0 (length = 3C bytes)
$Formation_TubblaBP will be placed at 8022E8EC (length = 38 bytes)
$Function_80218000_12 will be placed at 8022E924 (length = 38 bytes)
$Function_80218038_12 will be placed at 8022E95C (length = 38 bytes)
$Script_Idle_80225F58_0E will be placed at 8022E994 (length = 34 bytes)
$JumpTable_8022EB80_12 will be placed at 8022E9C8 (length = 30 bytes)
$DefenseTable_80218C5C_0C will be placed at 8022E9F8 (length = 2C bytes)
$DefenseTable_ChainChomp will be placed at 8022EA24 (length = 2C bytes)
$3C_GoombaKingBP will be placed at 8022EA50 (length = 28 bytes)
$3C_BigLanternGhostBP will be placed at 8022EA78 (length = 28 bytes)
$3C_TutankoopaBP will be placed at 8022EAA0 (length = 28 bytes)
$3C_TubbasHeartBP will be placed at 8022EAC8 (length = 28 bytes)
$3C_TubbaBlubbaBP will be placed at 8022EAF0 (length = 28 bytes)
$3C_BlackGoomba will be placed at 8022EB18 (length = 28 bytes)
$30_NegativeChomp will be placed at 8022EB40 (length = 28 bytes)
$3C_NinjakoopaBP_2 will be placed at 8022EB68 (length = 28 bytes)
$3C_NinjakoopaBP_3 will be placed at 8022EB90 (length = 28 bytes)
$3C_NinjakoopaBP_1 will be placed at 8022EBB8 (length = 28 bytes)
$3C_NinjakoopaBP_4 will be placed at 8022EBE0 (length = 28 bytes)
$PartsTable_8021B778_01 will be placed at 8022EC08 (length = 24 bytes)
$PartsTable_80225D4C_0E will be placed at 8022EC2C (length = 24 bytes)
$PartsTable_NinjakoopaBP will be placed at 8022EC50 (length = 24 bytes)
$Stage_BlackPit will be placed at 8022EC74 (length = 24 bytes)
$Formation_TutanKoopaBP will be placed at 8022EC98 (length = 1C bytes)
$SpecialFormation_8021E9AC_0C will be placed at 8022ECB4 (length = 1C bytes)
$Formation_LanternGuyBP will be placed at 8022ECD0 (length = 1C bytes)
$Script_AfterBattle_BlackPit will be placed at 8022ECEC (length = 10 bytes)
$Script_AfterBattle will be placed at 8022ECFC (length = 10 bytes)
$ASCII_"bp_bt01_shape"_Literal will be placed at 8022ED0C (length = 10 bytes)
$StageTable will be placed at 8022ED1C (length = 10 bytes)
$Vector3D_8021E9A0_0C will be placed at 8022ED2C (length = C bytes)
$Vector3D_Tutankoopa will be placed at 8022ED38 (length = C bytes)
$Vector3D_BlackGoomba2 will be placed at 8022ED44 (length = C bytes)
$Vector3D_BlackGoomba1 will be placed at 8022ED50 (length = C bytes)
$IdleAnimations_ChainTail will be placed at 8022ED5C (length = C bytes)
$DefenseTable_8021B6C0_01 will be placed at 8022ED68 (length = C bytes)
$DefenseTable_80218DB0_12 will be placed at 8022ED74 (length = C bytes)
$DefenseTable_Flipped will be placed at 8022ED80 (length = C bytes)
$IdleAnimations_8021BA04_0C will be placed at 8022ED8C (length = C bytes)
$IdleAnimations_80218C50_0C will be placed at 8022ED98 (length = C bytes)
$IdleAnimations_8021B9F8_0C will be placed at 8022EDA4 (length = C bytes)
$IdleAnimations_8021BA10_0C will be placed at 8022EDB0 (length = C bytes)
$DefenseTable_80225C94_0E will be placed at 8022EDBC (length = C bytes)
$DefenseTable_Normal will be placed at 8022EDC8 (length = C bytes)
$DefenseTable_80218DBC_12 will be placed at 8022EDD4 (length = C bytes)
$Vector3D_GoombaKing will be placed at 8022EDE0 (length = C bytes)
$DefenseTable_8021BA1C_0C will be placed at 8022EDEC (length = C bytes)
$DefenseTable_80223C78_0E will be placed at 8022EDF8 (length = C bytes)
$DefenseTable_80220910_01 will be placed at 8022EE04 (length = C bytes)
$ASCII_"bp_bt01_hit"_Literal will be placed at 8022EE10 (length = C bytes)
$ASCII_"bp_02"_Literal will be placed at 8022EE1C (length = 8 bytes)
$ConstDouble_8022EB70_12 will be placed at 8022EE28 (length = 8 bytes)
$ConstDouble_80224920_0B will be placed at 8022EE30 (length = 8 bytes)
$ConstDouble_8022EB78_12 will be placed at 8022EE38 (length = 8 bytes)
$ASCII_"tik_tex"_Literal will be placed at 8022EE40 (length = 8 bytes)
$ConstDouble_802204E0_0C will be placed at 8022EE48 (length = 8 bytes)
Reading patch file: 3D Area BP2.bpat
Creating struct: $30_EmberGuy
Creating struct: $Function_80218EE0_10
Creating struct: $IdleAnimations_8022CB00_10
Creating struct: $DefenseTable_8022CB4C_10
Creating struct: $StatusTable_8022CB88_10
Creating struct: $PartsTable_8022CC34_10
Creating struct: $Script_Init_8022CC80_10
Creating struct: $Script_Idle_8022CCCC_10
Creating struct: $Script_8022CDDC_10
Creating struct: $Script_HandleEvent_8022CE60_10
Creating struct: $Script_TakeTurn_8022D344_10
Creating struct: $3C_GeneralGuyBP
Creating struct: $Script_Init_GeneralGuy
Creating struct: $Script_TakeTurn_GeneralGuy
Creating struct: $Script_Summon_EmberGuy
Creating struct: $Script_GetOpenPosition
Creating struct: $SpawnPos
Creating struct: $Formation_SummonEmberGuy
Creating struct: $Script_NextTurn_GeneralGuy
Creating struct: $Script_DoTankArrival
Creating struct: $OpenHatch
Creating struct: $CloseHatch
Creating struct: $Function_80218000
Creating struct: $Function_80218098
Creating struct: $Function_SetEffectPosition
Creating struct: $PartsTable_GeneralGuy
Creating struct: $DefenseTable_GeneralGuy
Creating struct: $StatusTable_GeneralGuy
Creating struct: $IdleAnimations_80218458
Creating struct: $IdleAnimations_802184B4
Creating struct: $Script_Idle_GeneralGuy
Creating struct: $Script_HandleEvent_GeneralGuy
Creating struct: $Script_BombAttack
Creating struct: $Script_LightningAttack
Creating struct: $Vector3D_8021A278
Creating struct: $SpecialFormation_8021A284
Creating struct: $???_8021A2A0
Creating struct: $???_8021A2CC
Creating struct: $???_8021A2F8
Creating struct: $???_8021A324
Creating struct: $???_8021A350
Creating struct: $???_8021A37C
Creating struct: $???_8021A3A8
Creating struct: $???_8021A3D4
Creating struct: $???_8021A400
Creating struct: $???_8021A42C
Creating struct: $???_8021A458
Creating struct: $???_8021A484
Creating struct: $???_8021A4B0
Creating struct: $???_8021A4DC
Creating struct: $???_8021A508
Creating struct: $???_8021A534
Creating struct: $???_8021A560
Creating struct: $???_8021A58C
Creating struct: $???_8021A5B8
Creating struct: $???_8021A5E4
Creating struct: $???_8021A610
Creating struct: $???_8021A63C
Creating struct: $???_8021A668
Creating struct: $???_8021A694
Creating struct: $???_8021A6C0
Creating struct: $???_8021A724
Creating struct: $ModelAnimation_Tank_DoDeath
Creating struct: $TankModel_ShakeAnimation
Creating struct: $???_80220D88
Creating struct: $???_80222A98
Creating struct: $???_8022C55C
Creating struct: $3C_ToyTankBP
Creating struct: $PartsTable_ToyTank
Creating struct: $DefenseTable_ToyTank
Creating struct: $StatusTable_ToyTank
Creating struct: $Script_Init_ToyTank
Creating struct: $Script_TakeTurn_ToyTank
Creating struct: $Script_Idle_ToyTank
Creating struct: $Script_HandleEvent_ToyTank
Creating struct: $Script_General_Complain
Creating struct: $Script_8022D5B8
Creating struct: $Script_Death_ToyTank
Creating struct: $3C_LightBulbBP
Creating struct: $PartsTable_LightBulb
Creating struct: $DefenseTable_LightBulb
Creating struct: $StatusTable_LightBulb
Creating struct: $Script_Init_LightBulb
Creating struct: $Script_TakeTurn_LightBulb
Creating struct: $Script_Idle_LightBulb
Creating struct: $Script_HandleEvent_LightBulb
Creating struct: $Script_8022F9D8
Creating struct: $Script_Damage_LightBulb
Creating struct: $Script_Death_LightBulb
Creating struct: $Function_80218250
Creating struct: $???_8022FC30
Creating struct: $FormationTable
Creating struct: $Formation_GeneralGuyBP
Creating struct: $StageTable
Creating struct: $Stage_BlackPit
Creating struct: $Script_BeforeBattle_BlackPit
Creating struct: $Script_AfterBattle_BlackPit
Creating struct: $Script_SetNumber
Creating struct: $Script_AfterBattle
Merged 1 regions to 1
$???_80222A98 will be placed at 80218000 (length = 9AC4 bytes)
$???_8021A724 will be placed at 80221AC4 (length = 2BF4 bytes)
$TankModel_ShakeAnimation will be placed at 802246B8 (length = 25F0 bytes)
$???_80220D88 will be placed at 80226CA8 (length = 1D10 bytes)
$ModelAnimation_Tank_DoDeath will be placed at 802289B8 (length = 1480 bytes)
$Script_LightningAttack will be placed at 80229E38 (length = C3C bytes)
$Script_BombAttack will be placed at 8022AA74 (length = 9B0 bytes)
$Script_TakeTurn_8022D344_10 will be placed at 8022B424 (length = 6E0 bytes)
$Script_Death_ToyTank will be placed at 8022BB04 (length = 578 bytes)
$Script_HandleEvent_8022CE60_10 will be placed at 8022C07C (length = 4E4 bytes)
$Script_HandleEvent_GeneralGuy will be placed at 8022C560 (length = 4B4 bytes)
$Script_SetNumber will be placed at 8022CA14 (length = 434 bytes)
$Script_HandleEvent_ToyTank will be placed at 8022CE48 (length = 3CC bytes)
$???_8022C55C will be placed at 8022D214 (length = 2DC bytes)
$Script_DoTankArrival will be placed at 8022D4F0 (length = 2C0 bytes)
$Script_Init_ToyTank will be placed at 8022D7B0 (length = 2A8 bytes)
$Script_Summon_EmberGuy will be placed at 8022DA58 (length = 278 bytes)
$???_8022FC30 will be placed at 8022DCD0 (length = 258 bytes)
$Script_Idle_ToyTank will be placed at 8022DF28 (length = 250 bytes)
$Script_HandleEvent_LightBulb will be placed at 8022E178 (length = 220 bytes)
$Script_General_Complain will be placed at 8022E398 (length = 1C4 bytes)
$Script_Init_GeneralGuy will be placed at 8022E55C (length = 168 bytes)
$Script_TakeTurn_GeneralGuy will be placed at 8022E6C4 (length = 118 bytes)
$Script_NextTurn_GeneralGuy will be placed at 8022E7DC (length = 114 bytes)
$Script_Idle_8022CCCC_10 will be placed at 8022E8F0 (length = 110 bytes)
$Function_80218250 will be placed at 8022EA00 (length = E0 bytes)
$Script_BeforeBattle_BlackPit will be placed at 8022EAE0 (length = D4 bytes)
$Function_SetEffectPosition will be placed at 8022EBB4 (length = D4 bytes)
$Function_80218EE0_10 will be placed at 8022EC88 (length = CC bytes)
$Script_Death_LightBulb will be placed at 8022ED54 (length = C0 bytes)
$StatusTable_GeneralGuy will be placed at 8022EE14 (length = AC bytes)
$StatusTable_LightBulb will be placed at 8022EEC0 (length = AC bytes)
$StatusTable_ToyTank will be placed at 8022EF6C (length = AC bytes)
$StatusTable_8022CB88_10 will be placed at 8022F018 (length = AC bytes)
$Function_80218000 will be placed at 8022F0C4 (length = 98 bytes)
$Script_GetOpenPosition will be placed at 8022F15C (length = 94 bytes)
$OpenHatch will be placed at 8022F1F0 (length = 94 bytes)
$Script_8022CDDC_10 will be placed at 8022F284 (length = 84 bytes)
$Function_80218098 will be placed at 8022F308 (length = 80 bytes)
$CloseHatch will be placed at 8022F388 (length = 70 bytes)
$PartsTable_ToyTank will be placed at 8022F3F8 (length = 6C bytes)
$Script_Init_LightBulb will be placed at 8022F464 (length = 68 bytes)
$???_8021A6C0 will be placed at 8022F4CC (length = 64 bytes)
$Script_Damage_LightBulb will be placed at 8022F530 (length = 60 bytes)
$IdleAnimations_80218458 will be placed at 8022F590 (length = 5C bytes)
$Formation_GeneralGuyBP will be placed at 8022F5EC (length = 54 bytes)
$IdleAnimations_8022CB00_10 will be placed at 8022F640 (length = 4C bytes)
$Script_Init_8022CC80_10 will be placed at 8022F68C (length = 4C bytes)
$PartsTable_GeneralGuy will be placed at 8022F6D8 (length = 48 bytes)
$DefenseTable_8022CB4C_10 will be placed at 8022F720 (length = 3C bytes)
$Script_Idle_LightBulb will be placed at 8022F75C (length = 34 bytes)
$Script_Idle_GeneralGuy will be placed at 8022F790 (length = 34 bytes)
$Script_8022D5B8 will be placed at 8022F7C4 (length = 30 bytes)
$???_8021A3A8 will be placed at 8022F7F4 (length = 2C bytes)
$???_8021A668 will be placed at 8022F820 (length = 2C bytes)
$???_8021A5E4 will be placed at 8022F84C (length = 2C bytes)
$???_8021A42C will be placed at 8022F878 (length = 2C bytes)
$???_8021A534 will be placed at 8022F8A4 (length = 2C bytes)
$???_8021A4B0 will be placed at 8022F8D0 (length = 2C bytes)
$???_8021A2F8 will be placed at 8022F8FC (length = 2C bytes)
$???_8021A37C will be placed at 8022F928 (length = 2C bytes)
$???_8021A5B8 will be placed at 8022F954 (length = 2C bytes)
$???_8021A63C will be placed at 8022F980 (length = 2C bytes)
$???_8021A400 will be placed at 8022F9AC (length = 2C bytes)
$???_8021A484 will be placed at 8022F9D8 (length = 2C bytes)
$???_8021A2CC will be placed at 8022FA04 (length = 2C bytes)
$???_8021A350 will be placed at 8022FA30 (length = 2C bytes)
$???_8021A508 will be placed at 8022FA5C (length = 2C bytes)
$???_8021A58C will be placed at 8022FA88 (length = 2C bytes)
$???_8021A458 will be placed at 8022FAB4 (length = 2C bytes)
$???_8021A3D4 will be placed at 8022FAE0 (length = 2C bytes)
$???_8021A610 will be placed at 8022FB0C (length = 2C bytes)
$???_8021A694 will be placed at 8022FB38 (length = 2C bytes)
$???_8021A2A0 will be placed at 8022FB64 (length = 2C bytes)
$???_8021A4DC will be placed at 8022FB90 (length = 2C bytes)
$???_8021A324 will be placed at 8022FBBC (length = 2C bytes)
$???_8021A560 will be placed at 8022FBE8 (length = 2C bytes)
$3C_ToyTankBP will be placed at 8022FC14 (length = 28 bytes)
$3C_LightBulbBP will be placed at 8022FC3C (length = 28 bytes)
$3C_GeneralGuyBP will be placed at 8022FC64 (length = 28 bytes)
$30_EmberGuy will be placed at 8022FC8C (length = 28 bytes)
$FormationTable will be placed at 8022FCB4 (length = 28 bytes)
$PartsTable_8022CC34_10 will be placed at 8022FCDC (length = 24 bytes)
$PartsTable_LightBulb will be placed at 8022FD00 (length = 24 bytes)
$Stage_BlackPit will be placed at 8022FD24 (length = 24 bytes)
$Script_8022F9D8 will be placed at 8022FD48 (length = 1C bytes)
$SpecialFormation_8021A284 will be placed at 8022FD64 (length = 1C bytes)
$Formation_SummonEmberGuy will be placed at 8022FD80 (length = 1C bytes)
$DefenseTable_LightBulb will be placed at 8022FD9C (length = 14 bytes)
$Script_TakeTurn_LightBulb will be placed at 8022FDB0 (length = 10 bytes)
$Script_AfterBattle_BlackPit will be placed at 8022FDC0 (length = 10 bytes)
$Script_TakeTurn_ToyTank will be placed at 8022FDD0 (length = 10 bytes)
$ASCII_"bp_bt01_shape"_Literal will be placed at 8022FDE0 (length = 10 bytes)
$Script_AfterBattle will be placed at 8022FDF0 (length = 10 bytes)
$StageTable will be placed at 8022FE00 (length = 10 bytes)
$IdleAnimations_802184B4 will be placed at 8022FE10 (length = C bytes)
$DefenseTable_ToyTank will be placed at 8022FE1C (length = C bytes)
$SpawnPos will be placed at 8022FE28 (length = C bytes)
$DefenseTable_GeneralGuy will be placed at 8022FE34 (length = C bytes)
$ASCII_"bp_bt01_hit"_Literal will be placed at 8022FE40 (length = C bytes)
$Vector3D_8021A278 will be placed at 8022FE4C (length = C bytes)
$ASCII_"bp_02"_Literal will be placed at 8022FE58 (length = 8 bytes)
$ASCII_"tik_tex"_Literal will be placed at 8022FE60 (length = 8 bytes)
Reading patch file: 3E Area BP3.bpat
Creating struct: $3C_KentCKoopaBP
Creating struct: $Function_80218B50_05
Creating struct: $Function_80218BA8_05
Creating struct: $Function_80218C74_05
Creating struct: $IntTable_80227910_05
Creating struct: $IdleAnimations_80227968_05
Creating struct: $IdleAnimations_802279B4_05
Creating struct: $IdleAnimations_802279D0_05
Creating struct: $DefenseTable_802279DC_05
Creating struct: $DefenseTable_802279F0_05
Creating struct: $DefenseTable_802279FC_05
Creating struct: $StatusTable_80227A08_05
Creating struct: $PartsTable_80227AB4_05
Creating struct: $Script_Init_80227C20_05
Creating struct: $Script_NextTurn_80227D2C_05
Creating struct: $Script_Idle_80227DD4_05
Creating struct: $Script_HandleEvent_80227E08_05
Creating struct: $Script_TakeTurn_80228A7C_05
Creating struct: $Script_ShellToss_KentC_05
Creating struct: $Script_Tackle_KentC_05
Creating struct: $Script_8022AD84_05
Creating struct: $Script_FlipOver_KentC_05
Creating struct: $Script_8022B158_05
Creating struct: $Script_8022B204_05
Creating struct: $Script_8022B2E8_05
Creating struct: $Script_8022B444_05
Creating struct: $FormationTable
Creating struct: $Formation_KentCKoopaBP
Creating struct: $StageTable
Creating struct: $Stage_BlackPit
Creating struct: $Script_BeforeBattle_BlackPit
Creating struct: $Script_AfterBattle_BlackPit
Creating struct: $Script_SetNumber
Creating struct: $Script_AfterBattle
Merged 1 regions to 1
$Script_ShellToss_KentC_05 will be placed at 80218000 (length = F2C bytes)
$Script_Tackle_KentC_05 will be placed at 80218F2C (length = CB4 bytes)
$Script_HandleEvent_80227E08_05 will be placed at 80219BE0 (length = C74 bytes)
$Script_TakeTurn_80228A7C_05 will be placed at 8021A854 (length = 728 bytes)
$Script_SetNumber will be placed at 8021AF7C (length = 434 bytes)
$Script_FlipOver_KentC_05 will be placed at 8021B3B0 (length = 398 bytes)
$Script_8022B444_05 will be placed at 8021B748 (length = 1A4 bytes)
$Function_80218C74_05 will be placed at 8021B8EC (length = 184 bytes)
$Script_8022B2E8_05 will be placed at 8021BA70 (length = 15C bytes)
$PartsTable_80227AB4_05 will be placed at 8021BBCC (length = 144 bytes)
$Script_Init_80227C20_05 will be placed at 8021BD10 (length = 10C bytes)
$Script_8022B204_05 will be placed at 8021BE1C (length = E4 bytes)
$Script_BeforeBattle_BlackPit will be placed at 8021BF00 (length = D4 bytes)
$Function_80218BA8_05 will be placed at 8021BFD4 (length = CC bytes)
$Script_8022B158_05 will be placed at 8021C0A0 (length = AC bytes)
$StatusTable_80227A08_05 will be placed at 8021C14C (length = AC bytes)
$Script_NextTurn_80227D2C_05 will be placed at 8021C1F8 (length = A8 bytes)
$Function_80218B50_05 will be placed at 8021C2A0 (length = 58 bytes)
$IntTable_80227910_05 will be placed at 8021C2F8 (length = 58 bytes)
$IdleAnimations_80227968_05 will be placed at 8021C350 (length = 4C bytes)
$Script_8022AD84_05 will be placed at 8021C39C (length = 3C bytes)
$Script_Idle_80227DD4_05 will be placed at 8021C3D8 (length = 34 bytes)
$3C_KentCKoopaBP will be placed at 8021C40C (length = 28 bytes)
$FormationTable will be placed at 8021C434 (length = 28 bytes)
$Stage_BlackPit will be placed at 8021C45C (length = 24 bytes)
$Formation_KentCKoopaBP will be placed at 8021C480 (length = 1C bytes)
$IdleAnimations_802279B4_05 will be placed at 8021C49C (length = 1C bytes)
$DefenseTable_802279DC_05 will be placed at 8021C4B8 (length = 14 bytes)
$ASCII_"bp_bt01_shape"_Literal will be placed at 8021C4CC (length = 10 bytes)
$Script_AfterBattle_BlackPit will be placed at 8021C4DC (length = 10 bytes)
$StageTable will be placed at 8021C4EC (length = 10 bytes)
$Script_AfterBattle will be placed at 8021C4FC (length = 10 bytes)
$IdleAnimations_802279D0_05 will be placed at 8021C50C (length = C bytes)
$DefenseTable_802279F0_05 will be placed at 8021C518 (length = C bytes)
$DefenseTable_802279FC_05 will be placed at 8021C524 (length = C bytes)
$ASCII_"bp_bt01_hit"_Literal will be placed at 8021C530 (length = C bytes)
$ASCII_"bp_02"_Literal will be placed at 8021C53C (length = 8 bytes)
$ASCII_"tik_tex"_Literal will be placed at 8021C544 (length = 8 bytes)
Reading patch file: 3F Area BP4.bpat
Creating struct: $3C_LavaPiranhaBP
Creating struct: $Script_TakeTurn_LavaPiranha
Creating struct: $Script_80223764
Creating struct: $3C_LavaBudBP
Creating struct: $Script_HandleEvent_80225738
Creating struct: $Script_ShootBombs
Creating struct: $3C_PetitPiranhaBP
Creating struct: $DefenseTable_FieryHigh
Creating struct: $DefenseTable_FieryMedium
Creating struct: $DefenseTable_FieryLow
Creating struct: $DefenseTable_High
Creating struct: $DefenseTable_Medium
Creating struct: $DefenseTable_Low
Creating struct: $Script_UpdateDefenseTable
Creating struct: $Script_80222EF0
Creating struct: $Function_80218000
Creating struct: $Function_80218058
Creating struct: $Function_8021812C
Creating struct: $Function_80218224
Creating struct: $Function_802182E4
Creating struct: $Function_8021835C
Creating struct: $ConstDouble_8022AC40
Creating struct: $Function_802188B0
Creating struct: $Function_802188EC
Creating struct: $Function_RenderBody
Creating struct: $Function_80218930
Creating struct: $Function_80218A98
Creating struct: $Function_80218B38
Creating struct: $Function_80218B90
Creating struct: $Function_80218BE8
Creating struct: $Function_80218D40
Creating struct: $Function_80218D90
Creating struct: $Function_80218DF0
Creating struct: $???_80218E50
Creating struct: $???_80218FD0
Creating struct: $???_802190F0
Creating struct: $???_80219250
Creating struct: $???_80219350
Creating struct: $???_802194B0
Creating struct: $???_80219650
Creating struct: $???_802197D0
Creating struct: $???_80219950
Creating struct: $???_80219AB0
Creating struct: $???_80219BD0
Creating struct: $???_80219C00
Creating struct: $???_80219C30
Creating struct: $???_80219C60
Creating struct: $???_80219C90
Creating struct: $???_80219CC0
Creating struct: $???_80219CF0
Creating struct: $???_80219D20
Creating struct: $???_8021A120
Creating struct: $???_8021A14C
Creating struct: $???_8021A178
Creating struct: $???_8021A1A4
Creating struct: $???_8021A1D0
Creating struct: $???_8021A1FC
Creating struct: $???_8021A228
Creating struct: $???_8021A254
Creating struct: $???_8021A280
Creating struct: $???_8021A2AC
Creating struct: $???_8021A2D8
Creating struct: $???_8021A304
Creating struct: $???_8021A330
Creating struct: $???_8021A364
Creating struct: $???_8021C308
Creating struct: $???_8021C334
Creating struct: $???_8021C360
Creating struct: $???_8021C38C
Creating struct: $???_8021C3B8
Creating struct: $???_8021C3E4
Creating struct: $???_8021C410
Creating struct: $???_8021C43C
Creating struct: $???_8021C468
Creating struct: $???_8021C494
Creating struct: $???_8021C4C0
Creating struct: $???_8021C4F0
Creating struct: $???_8021C51C
Creating struct: $???_8021C548
Creating struct: $???_8021C574
Creating struct: $???_8021C5A0
Creating struct: $???_8021C5CC
Creating struct: $???_8021C5F8
Creating struct: $???_8021C624
Creating struct: $???_8021C650
Creating struct: $???_8021C678
Creating struct: $???_8021C6A4
Creating struct: $???_8021C6D0
Creating struct: $???_8021C6FC
Creating struct: $???_8021C728
Creating struct: $???_8021C754
Creating struct: $???_8021C780
Creating struct: $???_8021C7E0
Creating struct: $???_8021C848
Creating struct: $???_8021C8B0
Creating struct: $???_8021C918
Creating struct: $LavaBud_png
Creating struct: $LavaBud_Palette
Creating struct: $DisplayList_RenderLavaPiranhaBody
Creating struct: $IdleAnimations_8021D018
Creating struct: $IdleAnimations_8021D064
Creating struct: $IdleAnimations_8021D0B0
Creating struct: $StatusTable_8021D148
Creating struct: $PartsTable_8021D1F4
Creating struct: $Script_Init_LavaPiranha
Creating struct: $Script_Idle_LavaPiranha
Creating struct: $Script_NextTurn_LavaPiranha
Creating struct: $Script_KoloradoRuns
Creating struct: $Script_8021DEEC
Creating struct: $Script_HandleEvent_LavaPiranha
Creating struct: $Script_8021F9E8
Creating struct: $Vector3D_8021FEF8
Creating struct: $SpecialFormation_8021FF04
Creating struct: $SpecialFormation_8021FF20
Creating struct: $Script_8021FF3C
Creating struct: $Script_802204B0
Creating struct: $Script_DoDeath
Creating struct: $???_80222B68
Creating struct: $Script_80222B6C
Creating struct: $IntTable_80222D48
Creating struct: $IntTable_80222E20
Creating struct: $Script_802235AC
Creating struct: $Script_80223780
Creating struct: $Script_80223D78
Creating struct: $IdleAnimations_80223ED0
Creating struct: $DefenseTable_80223F24
Creating struct: $StatusTable_80223F50
Creating struct: $PartsTable_80223FFC
Creating struct: $Script_Init_80224048
Creating struct: $Script_Idle_802240A8
Creating struct: $Script_HandleEvent_802240DC
Creating struct: $Script_TakeTurn_802246F4
Creating struct: $Script_80224FE8
Creating struct: $IdleAnimations_802250C0
Creating struct: $IdleAnimations_802250D4
Creating struct: $IdleAnimations_802250E8
Creating struct: $DefenseTable_802250FC
Creating struct: $DefenseTable_80225128
Creating struct: $DefenseTable_80225154
Creating struct: $StatusTable_80225180
Creating struct: $PartsTable_8022522C
Creating struct: $Script_Init_8022529C
Creating struct: $Script_Idle_802253F0
Creating struct: $Script_802256E0
Creating struct: $Script_80225AA8
Creating struct: $Script_TakeTurn_80225D98
Creating struct: $Script_8022630C
Creating struct: $Script_8022646C
Creating struct: $Vector3D_80226AF8
Creating struct: $SpecialFormation_80226B04
Creating struct: $SpecialFormation_80226B20
Creating struct: $SpecialFormation_80226B3C
Creating struct: $Script_80226B58
Creating struct: $Script_802270B4
Creating struct: $Script_802275E4
Creating struct: $IdleAnimations_80228720
Creating struct: $DefenseTable_80228774
Creating struct: $StatusTable_802287A0
Creating struct: $PartsTable_8022884C
Creating struct: $3C_PetitPiranhaBombBP
Creating struct: $Script_Init_80228898
Creating struct: $Script_Idle_802288E4
Creating struct: $Script_HandleEvent_80228918
Creating struct: $Script_TakeTurn_8022894C
Creating struct: $Script_AfterBattle_8022A94C
Creating struct: $DmaArgTable
Creating struct: $FormationTable
Creating struct: $Formation_LavaPiranhaBP
Creating struct: $Vector3D_LavaPiranha
Creating struct: $StageTable
Creating struct: $Stage_BlackPit_LavaPiranha
Creating struct: $Script_BeforeBattle_BlackPit_Piranha
Creating struct: $Script_AfterBattle_BlackPit
Creating struct: $CloneModels
Creating struct: $Script_SetNumber
Creating struct: $Script_AfterBattle
Merged 1 regions to 1
$???_8021A364 will be placed at 80218000 (length = 1FA4 bytes)
$Script_DoDeath will be placed at 80219FA4 (length = 1EE8 bytes)
$Script_8021DEEC will be placed at 8021BE8C (length = 16B8 bytes)
$Script_802275E4 will be placed at 8021D544 (length = 990 bytes)
$Script_TakeTurn_802246F4 will be placed at 8021DED4 (length = 8F4 bytes)
$Script_ShootBombs will be placed at 8021E7C8 (length = 7AC bytes)
$Script_80222EF0 will be placed at 8021EF74 (length = 6C8 bytes)
$Script_8022646C will be placed at 8021F63C (length = 68C bytes)
$Script_80223780 will be placed at 8021FCC8 (length = 5F8 bytes)
$Script_802204B0 will be placed at 802202C0 (length = 580 bytes)
$Script_TakeTurn_80225D98 will be placed at 80220840 (length = 574 bytes)
$Script_8021FF3C will be placed at 80220DB4 (length = 574 bytes)
$Script_80226B58 will be placed at 80221328 (length = 55C bytes)
$Function_8021835C will be placed at 80221884 (length = 558 bytes)
$Script_802270B4 will be placed at 80221DDC (length = 530 bytes)
$Script_KoloradoRuns will be placed at 8022230C (length = 524 bytes)
$Script_HandleEvent_802240DC will be placed at 80222830 (length = 4CC bytes)
$Script_SetNumber will be placed at 80222CFC (length = 4BC bytes)
$Script_Init_LavaPiranha will be placed at 802231B8 (length = 44C bytes)
$Script_HandleEvent_LavaPiranha will be placed at 80223604 (length = 444 bytes)
$???_80219D20 will be placed at 80223A48 (length = 400 bytes)
$LavaBud_png will be placed at 80223E48 (length = 400 bytes)
$Script_HandleEvent_80225738 will be placed at 80224248 (length = 3B8 bytes)
$Script_UpdateDefenseTable will be placed at 80224600 (length = 300 bytes)
$Script_80225AA8 will be placed at 80224900 (length = 2F0 bytes)
$Script_Idle_802253F0 will be placed at 80224BF0 (length = 2F0 bytes)
$Script_TakeTurn_LavaPiranha will be placed at 80224EE0 (length = 2E8 bytes)
$Script_8021F9E8 will be placed at 802251C8 (length = 228 bytes)
$LavaBud_Palette will be placed at 802253F0 (length = 200 bytes)
$Script_Idle_LavaPiranha will be placed at 802255F0 (length = 200 bytes)
$Script_80222B6C will be placed at 802257F0 (length = 1DC bytes)
$DmaArgTable will be placed at 802259CC (length = 1BC bytes)
$Script_802235AC will be placed at 80225B88 (length = 1B8 bytes)
$???_802194B0 will be placed at 80225D40 (length = 1A0 bytes)
$???_80219650 will be placed at 80225EE0 (length = 180 bytes)
$???_80218E50 will be placed at 80226060 (length = 180 bytes)
$???_802197D0 will be placed at 802261E0 (length = 180 bytes)
$Function_80218930 will be placed at 80226360 (length = 168 bytes)
$???_80219950 will be placed at 802264C8 (length = 160 bytes)
$Script_8022630C will be placed at 80226628 (length = 160 bytes)
$???_80219350 will be placed at 80226788 (length = 160 bytes)
$???_802190F0 will be placed at 802268E8 (length = 160 bytes)
$Script_Init_8022529C will be placed at 80226A48 (length = 154 bytes)
$Function_80218BE8 will be placed at 80226B9C (length = 14C bytes)
$Script_80223D78 will be placed at 80226CE8 (length = 14C bytes)
$???_80219AB0 will be placed at 80226E34 (length = 120 bytes)
$???_80218FD0 will be placed at 80226F54 (length = 120 bytes)
$???_80219250 will be placed at 80227074 (length = 100 bytes)
$Function_8021812C will be placed at 80227174 (length = F8 bytes)
$Script_NextTurn_LavaPiranha will be placed at 8022726C (length = DC bytes)
$IntTable_80222D48 will be placed at 80227348 (length = D8 bytes)
$DisplayList_RenderLavaPiranhaBody will be placed at 80227420 (length = D8 bytes)
$Function_80218058 will be placed at 802274F8 (length = D4 bytes)
$IntTable_80222E20 will be placed at 802275CC (length = D0 bytes)
$Script_80224FE8 will be placed at 8022769C (length = D0 bytes)
$Function_80218224 will be placed at 8022776C (length = C0 bytes)
$StatusTable_8021D148 will be placed at 8022782C (length = AC bytes)
$StatusTable_80223F50 will be placed at 802278D8 (length = AC bytes)
$StatusTable_802287A0 will be placed at 80227984 (length = AC bytes)
$StatusTable_80225180 will be placed at 80227A30 (length = AC bytes)
$CloneModels will be placed at 80227ADC (length = AC bytes)
$Function_80218A98 will be placed at 80227B88 (length = 9C bytes)
$Script_BeforeBattle_BlackPit_Piranha will be placed at 80227C24 (length = 7C bytes)
$Function_802182E4 will be placed at 80227CA0 (length = 78 bytes)
$???_8021C848 will be placed at 80227D18 (length = 68 bytes)
$???_8021C8B0 will be placed at 80227D80 (length = 68 bytes)
$???_8021C7E0 will be placed at 80227DE8 (length = 68 bytes)
$???_8021C780 will be placed at 80227E50 (length = 60 bytes)
$Script_Init_80224048 will be placed at 80227EB0 (length = 60 bytes)
$Function_80218D90 will be placed at 80227F10 (length = 5C bytes)
$Script_80223764 will be placed at 80227F6C (length = 58 bytes)
$Function_80218B90 will be placed at 80227FC4 (length = 58 bytes)
$Script_802256E0 will be placed at 8022801C (length = 58 bytes)
$Function_80218000 will be placed at 80228074 (length = 58 bytes)
$Function_80218B38 will be placed at 802280CC (length = 58 bytes)
$IdleAnimations_80228720 will be placed at 80228124 (length = 54 bytes)
$IdleAnimations_80223ED0 will be placed at 80228178 (length = 54 bytes)
$Function_80218DF0 will be placed at 802281CC (length = 54 bytes)
$Function_80218D40 will be placed at 80228220 (length = 50 bytes)
$IdleAnimations_8021D064 will be placed at 80228270 (length = 4C bytes)
$Script_Init_80228898 will be placed at 802282BC (length = 4C bytes)
$IdleAnimations_8021D018 will be placed at 80228308 (length = 4C bytes)
$PartsTable_8022522C will be placed at 80228354 (length = 48 bytes)
$PartsTable_8021D1F4 will be placed at 8022839C (length = 48 bytes)
$Function_802188B0 will be placed at 802283E4 (length = 3C bytes)
$Script_HandleEvent_80228918 will be placed at 80228420 (length = 34 bytes)
$Function_RenderBody will be placed at 80228454 (length = 34 bytes)
$Script_Idle_802288E4 will be placed at 80228488 (length = 34 bytes)
$Script_Idle_802240A8 will be placed at 802284BC (length = 34 bytes)
$Script_TakeTurn_8022894C will be placed at 802284F0 (length = 34 bytes)
$???_8021A330 will be placed at 80228524 (length = 34 bytes)
$???_80219C90 will be placed at 80228558 (length = 30 bytes)
$???_80219C00 will be placed at 80228588 (length = 30 bytes)
$???_80219BD0 will be placed at 802285B8 (length = 30 bytes)
$???_8021C4C0 will be placed at 802285E8 (length = 30 bytes)
$???_80219C60 will be placed at 80228618 (length = 30 bytes)
$???_80219CF0 will be placed at 80228648 (length = 30 bytes)
$???_80219C30 will be placed at 80228678 (length = 30 bytes)
$???_80219CC0 will be placed at 802286A8 (length = 30 bytes)
$DefenseTable_Medium will be placed at 802286D8 (length = 2C bytes)
$???_8021C4F0 will be placed at 80228704 (length = 2C bytes)
$DefenseTable_802250FC will be placed at 80228730 (length = 2C bytes)
$???_8021C6A4 will be placed at 8022875C (length = 2C bytes)
$DefenseTable_Low will be placed at 80228788 (length = 2C bytes)
$???_8021C334 will be placed at 802287B4 (length = 2C bytes)
$???_8021C574 will be placed at 802287E0 (length = 2C bytes)
$???_8021C728 will be placed at 8022880C (length = 2C bytes)
$???_8021A304 will be placed at 80228838 (length = 2C bytes)
$???_8021A14C will be placed at 80228864 (length = 2C bytes)
$???_8021C3B8 will be placed at 80228890 (length = 2C bytes)
$DefenseTable_FieryLow will be placed at 802288BC (length = 2C bytes)
$???_8021A1D0 will be placed at 802288E8 (length = 2C bytes)
$???_8021C43C will be placed at 80228914 (length = 2C bytes)
$???_8021C5F8 will be placed at 80228940 (length = 2C bytes)
$???_8021C678 will be placed at 8022896C (length = 2C bytes)
$???_8021A254 will be placed at 80228998 (length = 2C bytes)
$???_8021C38C will be placed at 802289C4 (length = 2C bytes)
$???_8021C548 will be placed at 802289F0 (length = 2C bytes)
$???_8021C308 will be placed at 80228A1C (length = 2C bytes)
$DefenseTable_FieryMedium will be placed at 80228A48 (length = 2C bytes)
$DefenseTable_FieryHigh will be placed at 80228A74 (length = 2C bytes)
$???_8021A2D8 will be placed at 80228AA0 (length = 2C bytes)
$???_8021A120 will be placed at 80228ACC (length = 2C bytes)
$???_8021C6FC will be placed at 80228AF8 (length = 2C bytes)
$???_8021C494 will be placed at 80228B24 (length = 2C bytes)
$???_8021C5CC will be placed at 80228B50 (length = 2C bytes)
$???_8021C410 will be placed at 80228B7C (length = 2C bytes)
$???_8021A228 will be placed at 80228BA8 (length = 2C bytes)
$DefenseTable_80225128 will be placed at 80228BD4 (length = 2C bytes)
$???_8021A1A4 will be placed at 80228C00 (length = 2C bytes)
$DefenseTable_High will be placed at 80228C2C (length = 2C bytes)
$???_8021C360 will be placed at 80228C58 (length = 2C bytes)
$DefenseTable_80223F24 will be placed at 80228C84 (length = 2C bytes)
$???_8021C51C will be placed at 80228CB0 (length = 2C bytes)
$DefenseTable_80225154 will be placed at 80228CDC (length = 2C bytes)
$???_8021C6D0 will be placed at 80228D08 (length = 2C bytes)
$???_8021A178 will be placed at 80228D34 (length = 2C bytes)
$???_8021A2AC will be placed at 80228D60 (length = 2C bytes)
$???_8021C754 will be placed at 80228D8C (length = 2C bytes)
$???_8021C624 will be placed at 80228DB8 (length = 2C bytes)
$???_8021C5A0 will be placed at 80228DE4 (length = 2C bytes)
$???_8021C3E4 will be placed at 80228E10 (length = 2C bytes)
$???_8021A280 will be placed at 80228E3C (length = 2C bytes)
$DefenseTable_80228774 will be placed at 80228E68 (length = 2C bytes)
$???_8021C468 will be placed at 80228E94 (length = 2C bytes)
$???_8021A1FC will be placed at 80228EC0 (length = 2C bytes)
$3C_PetitPiranhaBombBP will be placed at 80228EEC (length = 28 bytes)
$3C_LavaPiranhaBP will be placed at 80228F14 (length = 28 bytes)
$3C_LavaBudBP will be placed at 80228F3C (length = 28 bytes)
$???_8021C650 will be placed at 80228F64 (length = 28 bytes)
$FormationTable will be placed at 80228F8C (length = 28 bytes)
$???_8021C918 will be placed at 80228FB4 (length = 28 bytes)
$3C_PetitPiranhaBP will be placed at 80228FDC (length = 28 bytes)
$Stage_BlackPit_LavaPiranha will be placed at 80229004 (length = 24 bytes)
$PartsTable_8022884C will be placed at 80229028 (length = 24 bytes)
$PartsTable_80223FFC will be placed at 8022904C (length = 24 bytes)
$SpecialFormation_80226B3C will be placed at 80229070 (length = 1C bytes)
$SpecialFormation_8021FF04 will be placed at 8022908C (length = 1C bytes)
$SpecialFormation_8021FF20 will be placed at 802290A8 (length = 1C bytes)
$SpecialFormation_80226B04 will be placed at 802290C4 (length = 1C bytes)
$SpecialFormation_80226B20 will be placed at 802290E0 (length = 1C bytes)
$Formation_LavaPiranhaBP will be placed at 802290FC (length = 1C bytes)
$IdleAnimations_802250D4 will be placed at 80229118 (length = 14 bytes)
$IdleAnimations_802250E8 will be placed at 8022912C (length = 14 bytes)
$IdleAnimations_802250C0 will be placed at 80229140 (length = 14 bytes)
$IdleAnimations_8021D0B0 will be placed at 80229154 (length = 14 bytes)
$Script_AfterBattle_BlackPit will be placed at 80229168 (length = 10 bytes)
$ASCII_"bp_bt04_shape"_Literal will be placed at 80229178 (length = 10 bytes)
$Script_AfterBattle will be placed at 80229188 (length = 10 bytes)
$Function_802188EC will be placed at 80229198 (length = 10 bytes)
$StageTable will be placed at 802291A8 (length = 10 bytes)
$Script_AfterBattle_8022A94C will be placed at 802291B8 (length = 10 bytes)
$Vector3D_80226AF8 will be placed at 802291C8 (length = C bytes)
$ASCII_"bp_bt04_hit"_Literal will be placed at 802291D4 (length = C bytes)
$Vector3D_LavaPiranha will be placed at 802291E0 (length = C bytes)
$Vector3D_8021FEF8 will be placed at 802291EC (length = C bytes)
$ASCII_"bp_02"_Literal will be placed at 802291F8 (length = 8 bytes)
$ConstDouble_8022AC40 will be placed at 80229200 (length = 8 bytes)
$ASCII_"tik_tex"_Literal will be placed at 80229208 (length = 8 bytes)
$???_80222B68 will be placed at 80229210 (length = 4 bytes)
Reading patch file: 40 Area BP5.bpat
Creating struct: $3C_HuffNPuffBP
Creating struct: $Function_80218000_19
Creating struct: $Function_80218058_19
Creating struct: $Function_80218114_19
Creating struct: $Function_802182A4_19
Creating struct: $Function_80218440_19
Creating struct: $Function_802185D4_19
Creating struct: $Function_80218620_19
Creating struct: $Function_80218774_19
Creating struct: $Function_802188A8_19
Creating struct: $Function_802188EC_19
Creating struct: $Function_80218924_19
Creating struct: $Function_802189FC_19
Creating struct: $Function_80218AA0_19
Creating struct: $Function_80218B60_19
Creating struct: $Function_80218C40_19
Creating struct: $IdleAnimations_802198F0_19
Creating struct: $IdleAnimations_8021994C_19
Creating struct: $IdleAnimations_802199A8_19
Creating struct: $IdleAnimations_80219A04_19
Creating struct: $IdleAnimations_80219A10_19
Creating struct: $IdleAnimations_80219A1C_19
Creating struct: $IdleAnimations_80219A28_19
Creating struct: $DefenseTable_80219A34_19
Creating struct: $StatusTable_80219A60_19
Creating struct: $PartsTable_80219B0C_19
Creating struct: $Script_Init_80219BC4_19
Creating struct: $Script_80219CC0_19
Creating struct: $Script_80219EF4_19
Creating struct: $Script_Idle_8021A0E4_19
Creating struct: $Vector3D_8021A348_19
Creating struct: $SpecialFormation_8021A354_19
Creating struct: $SpecialFormation_8021A370_19
Creating struct: $Script_ShedTuffPuffs_19
Creating struct: $TuffPuffIDs_19
Creating struct: $Script_8021AD3C_19
Creating struct: $Script_8021AED8_19
Creating struct: $Script_8021B2C0_19
Creating struct: $Script_8021B504_19
Creating struct: $Script_8021B84C_19
Creating struct: $Script_8021B9DC_19
Creating struct: $Script_HandleEvent_8021BA6C_19
Creating struct: $Script_PermissionToAttackDialog_19
Creating struct: $Script_ChargeThunderDialog_19
Creating struct: $Script_DamageBoastDialog_19
Creating struct: $Script_LowHealthDialog_19
Creating struct: $Script_TakeTurn_8021D2B8_19
Creating struct: $Script_NextTurn_8021D840_19
Creating struct: $Script_BodySlam_19
Creating struct: $Script_8021E364_19
Creating struct: $Script_HealOrSlam_19
Creating struct: $Script_HurricaneBreath_19
Creating struct: $Script_ChargeThunder_19
Creating struct: $Script_Thunderstorm_19
Creating struct: $Script_ChargeLargeThunder_19
Creating struct: $Script_LargeThunderstorm_19
Creating struct: $Script_GroupBodySlam_19
Creating struct: $Script_80228004_19
Creating struct: $Script_TuffPuffSwarm_19
Creating struct: $IdleAnimations_8022F580_19
Creating struct: $IdleAnimations_8022F5DC_19
Creating struct: $DefenseTable_8022F638_19
Creating struct: $StatusTable_8022F664_19
Creating struct: $PartsTable_8022F710_19
Creating struct: $TuffPuff_3C
Creating struct: $Script_Init_8022F780_19
Creating struct: $Script_NextTurn_8022FA00_19
Creating struct: $Script_Idle_8022FA10_19
Creating struct: $Script_8022FC74_19
Creating struct: $Script_HandleEvent_8022FE2C_19
Creating struct: $Script_TakeTurn_802305E8_19
Creating struct: $FormationTable
Creating struct: $Formation_HuffPuffBP
Creating struct: $Vector3D_HuffPuff
Creating struct: $StageTable
Creating struct: $Stage_BlackPit_LavaPiranha
Creating struct: $Script_BeforeBattle_BlackPit
Creating struct: $Script_AfterBattle_BlackPit
Creating struct: $Script_SetNumber
Creating struct: $Script_AfterBattle
Merged 1 regions to 1
$Script_TuffPuffSwarm_19 will be placed at 80218000 (length = 7140 bytes)
$Script_GroupBodySlam_19 will be placed at 8021F140 (length = 5ADC bytes)
$Script_HurricaneBreath_19 will be placed at 80224C1C (length = 15D8 bytes)
$Script_LargeThunderstorm_19 will be placed at 802261F4 (length = F50 bytes)
$Script_HealOrSlam_19 will be placed at 80227144 (length = AB0 bytes)
$Script_BodySlam_19 will be placed at 80227BF4 (length = A38 bytes)
$Script_ShedTuffPuffs_19 will be placed at 8022862C (length = 9B0 bytes)
$Script_HandleEvent_8022FE2C_19 will be placed at 80228FDC (length = 7BC bytes)
$Script_Thunderstorm_19 will be placed at 80229798 (length = 750 bytes)
$Script_ChargeThunderDialog_19 will be placed at 80229EE8 (length = 5C0 bytes)
$Script_DamageBoastDialog_19 will be placed at 8022A4A8 (length = 5A8 bytes)
$Script_8021E364_19 will be placed at 8022AA50 (length = 564 bytes)
$Script_TakeTurn_8021D2B8_19 will be placed at 8022AFB4 (length = 564 bytes)
$Script_LowHealthDialog_19 will be placed at 8022B518 (length = 564 bytes)
$Script_PermissionToAttackDialog_19 will be placed at 8022BA7C (length = 494 bytes)
$Script_80228004_19 will be placed at 8022BF10 (length = 434 bytes)
$Script_SetNumber will be placed at 8022C344 (length = 434 bytes)
$Script_8021AED8_19 will be placed at 8022C778 (length = 3E8 bytes)
$Script_8021B504_19 will be placed at 8022CB60 (length = 348 bytes)
$Script_HandleEvent_8021BA6C_19 will be placed at 8022CEA8 (length = 2EC bytes)
$Script_ChargeLargeThunder_19 will be placed at 8022D194 (length = 2A0 bytes)
$Script_ChargeThunder_19 will be placed at 8022D434 (length = 298 bytes)
$Script_Init_8022F780_19 will be placed at 8022D6CC (length = 280 bytes)
$Script_Idle_8021A0E4_19 will be placed at 8022D94C (length = 264 bytes)
$Script_Idle_8022FA10_19 will be placed at 8022DBB0 (length = 264 bytes)
$Script_8021B2C0_19 will be placed at 8022DE14 (length = 244 bytes)
$Script_80219CC0_19 will be placed at 8022E058 (length = 234 bytes)
$Script_80219EF4_19 will be placed at 8022E28C (length = 1F0 bytes)
$Script_8022FC74_19 will be placed at 8022E47C (length = 1B8 bytes)
$Script_8021AD3C_19 will be placed at 8022E634 (length = 19C bytes)
$Function_802182A4_19 will be placed at 8022E7D0 (length = 19C bytes)
$Function_80218440_19 will be placed at 8022E96C (length = 194 bytes)
$Function_80218C40_19 will be placed at 8022EB00 (length = 190 bytes)
$Function_80218114_19 will be placed at 8022EC90 (length = 190 bytes)
$Script_8021B84C_19 will be placed at 8022EE20 (length = 190 bytes)
$Function_80218620_19 will be placed at 8022EFB0 (length = 154 bytes)
$Function_80218774_19 will be placed at 8022F104 (length = 134 bytes)
$Script_Init_80219BC4_19 will be placed at 8022F238 (length = FC bytes)
$Script_NextTurn_8021D840_19 will be placed at 8022F334 (length = E0 bytes)
$Function_80218924_19 will be placed at 8022F414 (length = D8 bytes)
$Function_80218B60_19 will be placed at 8022F4EC (length = D4 bytes)
$Function_80218AA0_19 will be placed at 8022F5C0 (length = C0 bytes)
$Function_80218058_19 will be placed at 8022F680 (length = BC bytes)
$StatusTable_8022F664_19 will be placed at 8022F73C (length = AC bytes)
$StatusTable_80219A60_19 will be placed at 8022F7E8 (length = AC bytes)
$Function_802189FC_19 will be placed at 8022F894 (length = A4 bytes)
$PartsTable_80219B0C_19 will be placed at 8022F938 (length = 90 bytes)
$Script_8021B9DC_19 will be placed at 8022F9C8 (length = 90 bytes)
$TuffPuffIDs_19 will be placed at 8022FA58 (length = 80 bytes)
$Script_BeforeBattle_BlackPit will be placed at 8022FAD8 (length = 64 bytes)
$Script_TakeTurn_802305E8_19 will be placed at 8022FB3C (length = 60 bytes)
$IdleAnimations_802198F0_19 will be placed at 8022FB9C (length = 5C bytes)
$IdleAnimations_8022F5DC_19 will be placed at 8022FBF8 (length = 5C bytes)
$IdleAnimations_8022F580_19 will be placed at 8022FC54 (length = 5C bytes)
$IdleAnimations_8021994C_19 will be placed at 8022FCB0 (length = 5C bytes)
$IdleAnimations_802199A8_19 will be placed at 8022FD0C (length = 5C bytes)
$Function_80218000_19 will be placed at 8022FD68 (length = 58 bytes)
$Function_802185D4_19 will be placed at 8022FDC0 (length = 4C bytes)
$PartsTable_8022F710_19 will be placed at 8022FE0C (length = 48 bytes)
$Function_802188A8_19 will be placed at 8022FE54 (length = 44 bytes)
$Function_802188EC_19 will be placed at 8022FE98 (length = 38 bytes)
$TuffPuff_3C will be placed at 8022FED0 (length = 28 bytes)
$DefenseTable_8022F638_19 will be placed at 8022FEF8 (length = 28 bytes)
$FormationTable will be placed at 8022FF20 (length = 28 bytes)
$3C_HuffNPuffBP will be placed at 8022FF48 (length = 28 bytes)
$DefenseTable_80219A34_19 will be placed at 8022FF70 (length = 28 bytes)
$Stage_BlackPit_LavaPiranha will be placed at 8022FF98 (length = 24 bytes)
$SpecialFormation_8021A354_19 will be placed at 8022FFBC (length = 1C bytes)
$SpecialFormation_8021A370_19 will be placed at 8022FFD8 (length = 1C bytes)
$Formation_HuffPuffBP will be placed at 8022FFF4 (length = 1C bytes)
$Script_AfterBattle_BlackPit will be placed at 80230010 (length = 10 bytes)
$StageTable will be placed at 80230020 (length = 10 bytes)
$ASCII_"bp_bt04_shape"_Literal will be placed at 80230030 (length = 10 bytes)
$Script_NextTurn_8022FA00_19 will be placed at 80230040 (length = 10 bytes)
$Script_AfterBattle will be placed at 80230050 (length = 10 bytes)
$Vector3D_8021A348_19 will be placed at 80230060 (length = C bytes)
$IdleAnimations_80219A28_19 will be placed at 8023006C (length = C bytes)
$Vector3D_HuffPuff will be placed at 80230078 (length = C bytes)
$IdleAnimations_80219A1C_19 will be placed at 80230084 (length = C bytes)
$IdleAnimations_80219A04_19 will be placed at 80230090 (length = C bytes)
$IdleAnimations_80219A10_19 will be placed at 8023009C (length = C bytes)
$ASCII_"bp_bt04_hit"_Literal will be placed at 802300A8 (length = C bytes)
$ASCII_"bp_02"_Literal will be placed at 802300B4 (length = 8 bytes)
$ASCII_"tik_tex"_Literal will be placed at 802300BC (length = 8 bytes)
Reading patch file: 41 Area BP6.bpat
Creating struct: $3C_BowserBP
Creating struct: $Function_8021B950_23
Creating struct: $Function_DoDeath_RayFX
Creating struct: $Function_8021BC60_23
Creating struct: $Function_8021C004_23
Creating struct: $Function_8021C09C_23
Creating struct: $Function_8021C11C_23
Creating struct: $Function_8021C14C_23
Creating struct: $Function_8021C520_23
Creating struct: $Function_8021C974_23
Creating struct: $Function_GetPlayerPercentHP_23
Creating struct: $Function_8021CA44_23
Creating struct: $Function_8021CC5C_23
Creating struct: $Function_8021CCFC_23
Creating struct: $Function_8021CEB8_23
Creating struct: $Function_8021CF54_23
Creating struct: $Function_8021CFC0_23
Creating struct: $IdleAnimations_8022D490_23
Creating struct: $DefenseTable_Default
Creating struct: $DefenseTable_Invincible
Creating struct: $StatusTable_Default
Creating struct: $PartsTable_8022D654_23
Creating struct: $Script_Init_BowserBP
Creating struct: $Script_Idle_8022D93C_23
Creating struct: $Script_NextTurn_8022DAB8_23
Creating struct: $Script_HandleEvent_8022DF74_23
Creating struct: $Script_8022E8E0_23
Creating struct: $Script_8022E910_23
Creating struct: $Script_DoDeath
Creating struct: $Script_8022F290_23
Creating struct: $Script_TakeTurn_8022F2BC_23
Creating struct: $Script_ActivateShield
Creating struct: $Script_8022F334_23
Creating struct: $Script_8022F488_23
Creating struct: $Script_8022F4A4_23
Creating struct: $Script_8022FBC8_23
Creating struct: $Script_8022FDC8_23
Creating struct: $Script_HealSelf3_23
Creating struct: $Script_UseMove3_23
Creating struct: $Script_8023083C_23
Creating struct: $Script_80230A2C_23
Creating struct: $IntTable_80230B28_23
Creating struct: $IntTable_80230B34_23
Creating struct: $IntTable_80230B40_23
Creating struct: $IntTable_80230B4C_23
Creating struct: $Script_80230B58_23
Creating struct: $Script_DisableJump3_23
Creating struct: $Script_80231CA8_23
Creating struct: $Script_ClawSwipe3_23
Creating struct: $Script_Shockwave3_23
Creating struct: $Script_FireBreath3_23
Creating struct: $Script_80233408_23
Creating struct: $Script_Thunderbolt3_23
Creating struct: $???_80234810_23
Creating struct: $ConstDouble_80234828_23
Creating struct: $ConstDouble_80234830_23
Creating struct: $ConstDouble_80234838_23
Creating struct: $ConstDouble_80234840_23
Creating struct: $ConstDouble_80234848_23
Creating struct: $ConstDouble_80234850_23
Creating struct: $ConstDouble_80234858_23
Creating struct: $ConstDouble_80234860_23
Creating struct: $ConstDouble_80234868_23
Creating struct: $ConstDouble_80234870_23
Creating struct: $FormationTable
Creating struct: $Formation_Bowser
Creating struct: $StageTable
Creating struct: $Stage_BlackPit
Creating struct: $Script_BeforeBattle_BlackPit
Creating struct: $Script_AfterBattle_BlackPit
Creating struct: $Script_SetNumber
Creating struct: $Script_AfterBattle
Merged 1 regions to 1
$Script_DisableJump3_23 will be placed at 80218000 (length = F48 bytes)
$Script_Shockwave3_23 will be placed at 80218F48 (length = 9F8 bytes)
$Script_FireBreath3_23 will be placed at 80219940 (length = 7B4 bytes)
$Script_Thunderbolt3_23 will be placed at 8021A0F4 (length = 728 bytes)
$Script_8022F4A4_23 will be placed at 8021A81C (length = 724 bytes)
$Script_80233408_23 will be placed at 8021AF40 (length = 5EC bytes)
$Script_HandleEvent_8022DF74_23 will be placed at 8021B52C (length = 5D8 bytes)
$Script_HealSelf3_23 will be placed at 8021BB04 (length = 538 bytes)
$Script_ClawSwipe3_23 will be placed at 8021C03C (length = 518 bytes)
$Function_8021C520_23 will be placed at 8021C554 (length = 454 bytes)
$Script_SetNumber will be placed at 8021C9A8 (length = 450 bytes)
$Script_DoDeath will be placed at 8021CDF8 (length = 450 bytes)
$Function_8021C14C_23 will be placed at 8021D248 (length = 3D4 bytes)
$Function_8021BC60_23 will be placed at 8021D61C (length = 3A4 bytes)
$Function_8021CFC0_23 will be placed at 8021D9C0 (length = 2D0 bytes)
$Function_DoDeath_RayFX will be placed at 8021DC90 (length = 2B8 bytes)
$Script_UseMove3_23 will be placed at 8021DF48 (length = 288 bytes)
$Function_8021CA44_23 will be placed at 8021E1D0 (length = 218 bytes)
$Script_80230B58_23 will be placed at 8021E3E8 (length = 208 bytes)
$Script_8022FBC8_23 will be placed at 8021E5F0 (length = 200 bytes)
$Script_8023083C_23 will be placed at 8021E7F0 (length = 1F0 bytes)
$Function_8021CCFC_23 will be placed at 8021E9E0 (length = 1BC bytes)
$Script_8022FDC8_23 will be placed at 8021EB9C (length = 17C bytes)
$Script_Idle_8022D93C_23 will be placed at 8021ED18 (length = 17C bytes)
$Script_Init_BowserBP will be placed at 8021EE94 (length = 170 bytes)
$Script_8022F334_23 will be placed at 8021F004 (length = 154 bytes)
$Script_80230A2C_23 will be placed at 8021F158 (length = 10C bytes)
$Script_NextTurn_8022DAB8_23 will be placed at 8021F264 (length = F4 bytes)
$Script_BeforeBattle_BlackPit will be placed at 8021F358 (length = D4 bytes)
$StatusTable_Default will be placed at 8021F42C (length = AC bytes)
$Script_80231CA8_23 will be placed at 8021F4D8 (length = AC bytes)
$Function_8021CC5C_23 will be placed at 8021F584 (length = A0 bytes)
$Function_8021CEB8_23 will be placed at 8021F624 (length = 9C bytes)
$Function_8021C004_23 will be placed at 8021F6C0 (length = 98 bytes)
$Function_8021C09C_23 will be placed at 8021F758 (length = 80 bytes)
$Function_GetPlayerPercentHP_23 will be placed at 8021F7D8 (length = 70 bytes)
$Function_8021CF54_23 will be placed at 8021F848 (length = 6C bytes)
$Function_8021C974_23 will be placed at 8021F8B4 (length = 60 bytes)
$Function_8021B950_23 will be placed at 8021F914 (length = 58 bytes)
$IdleAnimations_8022D490_23 will be placed at 8021F96C (length = 54 bytes)
$Script_TakeTurn_8022F2BC_23 will be placed at 8021F9C0 (length = 44 bytes)
$Script_ActivateShield will be placed at 8021FA04 (length = 34 bytes)
$Script_8022E8E0_23 will be placed at 8021FA38 (length = 30 bytes)
$Function_8021C11C_23 will be placed at 8021FA68 (length = 30 bytes)
$Script_8022F290_23 will be placed at 8021FA98 (length = 2C bytes)
$Script_8022E910_23 will be placed at 8021FAC4 (length = 2C bytes)
$3C_BowserBP will be placed at 8021FAF0 (length = 28 bytes)
$FormationTable will be placed at 8021FB18 (length = 28 bytes)
$Stage_BlackPit will be placed at 8021FB40 (length = 24 bytes)
$PartsTable_8022D654_23 will be placed at 8021FB64 (length = 24 bytes)
$Script_8022F488_23 will be placed at 8021FB88 (length = 1C bytes)
$Formation_Bowser will be placed at 8021FBA4 (length = 1C bytes)
$???_80234810_23 will be placed at 8021FBC0 (length = 18 bytes)
$Script_AfterBattle_BlackPit will be placed at 8021FBD8 (length = 10 bytes)
$StageTable will be placed at 8021FBE8 (length = 10 bytes)
$ASCII_"bp_bt01_shape"_Literal will be placed at 8021FBF8 (length = 10 bytes)
$Script_AfterBattle will be placed at 8021FC08 (length = 10 bytes)
$IntTable_80230B28_23 will be placed at 8021FC18 (length = C bytes)
$IntTable_80230B4C_23 will be placed at 8021FC24 (length = C bytes)
$DefenseTable_Invincible will be placed at 8021FC30 (length = C bytes)
$IntTable_80230B40_23 will be placed at 8021FC3C (length = C bytes)
$IntTable_80230B34_23 will be placed at 8021FC48 (length = C bytes)
$DefenseTable_Default will be placed at 8021FC54 (length = C bytes)
$ASCII_"bp_bt01_hit"_Literal will be placed at 8021FC60 (length = C bytes)
$ASCII_"bp_02"_Literal will be placed at 8021FC6C (length = 8 bytes)
$ConstDouble_80234870_23 will be placed at 8021FC78 (length = 8 bytes)
$ConstDouble_80234840_23 will be placed at 8021FC80 (length = 8 bytes)
$ConstDouble_80234828_23 will be placed at 8021FC88 (length = 8 bytes)
$ASCII_"tik_tex"_Literal will be placed at 8021FC90 (length = 8 bytes)
$ConstDouble_80234830_23 will be placed at 8021FC98 (length = 8 bytes)
$ConstDouble_80234838_23 will be placed at 8021FCA0 (length = 8 bytes)
$ConstDouble_80234860_23 will be placed at 8021FCA8 (length = 8 bytes)
$ConstDouble_80234868_23 will be placed at 8021FCB0 (length = 8 bytes)
$ConstDouble_80234848_23 will be placed at 8021FCB8 (length = 8 bytes)
$ConstDouble_80234850_23 will be placed at 8021FCC0 (length = 8 bytes)
$ConstDouble_80234858_23 will be placed at 8021FCC8 (length = 8 bytes)
Executing patch: Move_AutoJump.bpat
Creating struct: $Function_AutoJump_802A1000
Creating struct: $Script_AutoJump_802A1130
Creating struct: $Script_AutoJump_802A11AC
Creating struct: $Script_AutoJump_802A1320
Creating struct: $Script_AutoJump_802A15D8
Creating struct: $Script_AutoJump_802A19B0
Creating struct: $Script_AutoJump_802A1FEC
Creating struct: $Script_AutoJump_802A2184
Found $Script_UseMove0 (0)
Creating struct: $Script_AutoJump_UseMove0
Creating struct: $Script_AutoJump_802A26BC
Creating struct: $Script_AutoJump_802A2A30
Creating struct: $Script_AutoJump_802A2D5C
Merged 15 regions to 6
$Script_AutoJump_802A26BC will be placed at 802A2600 (length = 374 bytes)
$Script_AutoJump_802A2A30 will be placed at 802A2974 (length = 32C bytes)
$Script_AutoJump_802A2D5C will be placed at 802A2CA0 (length = 30C bytes)
$Script_AutoJump_802A19B0 will be placed at 802A15D8 (length = 1EC bytes)
$Script_AutoJump_802A15D8 will be placed at 802A19B0 (length = 1EC bytes)
$Script_AutoJump_802A1FEC will be placed at 802A1FEC (length = 198 bytes)
$Script_AutoJump_802A11AC will be placed at 802A1130 (length = 174 bytes)
$Script_AutoJump_802A1320 will be placed at 802A1000 (length = E8 bytes)
$Function_AutoJump_802A1000 will be placed at 802A2FAC (length = E4 bytes)
$Script_AutoJump_UseMove0 will be placed at 802A12A4 (length = D0 bytes)
$Script_UseMove0 will be placed at 802A3090 (length = C4 bytes)
$Script_AutoJump_802A2184 will be placed at 802A2184 (length = AC bytes)
$Script_AutoJump_802A1130 will be placed at 802A1374 (length = 7C bytes)
Executing patch: Move_D-DownJump.bpat
Found $Function_802A1000 (0)
Found $Function_802A10E4 (0)
Found $???_802A11D0 (0)
Found $Script_802A1210 (0)
Found $Script_802A128C (0)
Found $Script_802A1400 (0)
Found $Script_802A14E8 (0)
Found $Script_802A15D0 (0)
Found $Script_802A16B8 (0)
Creating struct: $Script_DoStylish3
Creating struct: $Script_DoStylish4
Found $Script_802A18A4 (0)
Found $Script_802A1A90 (0)
Found $Script_802A1C7C (0)
Found $Script_802A1E68 (0)
Found $Script_802A20CC (0)
Found $Script_802A2264 (0)
Creating struct: $Script_RestartTrackerData
Creating struct: $Script_DoStylish
Found $Script_802A2310 (0)
Found $Script_802A2464 (0)
Found $Script_UseMove0 (0)
Found $Script_802A2784 (0)
Creating struct: $Script_DoStylish2
Found $Script_802A2B24 (0)
Found $Script_802A2EE0 (0)
Merged 3 regions to 2
$Script_DoStylish4 will be placed at 802A327C (length = 330 bytes)
$Script_DoStylish3 will be placed at 802A35AC (length = 2FC bytes)
$Script_DoStylish2 will be placed at 802A38A8 (length = 2A0 bytes)
$Script_DoStylish will be placed at 802A3B48 (length = 1F0 bytes)
$Script_RestartTrackerData will be placed at 802A3D38 (length = 28 bytes)
Executing patch: Move_D-DownPound.bpat
Found $Function_802A1000 (0)
Found $Function_802A1050 (0)
Found $Function_802A10A4 (0)
Found $Script_802A11B0 (0)
Found $Script_802A128C (0)
Found $Script_802A1304 (0)
Found $Script_802A1488 (0)
Found $Script_802A160C (0)
Found $Script_802A1790 (0)
Found $Script_802A19AC (0)
Found $Script_802A1A98 (0)
Found $Script_802A1B64 (0)
Found $Script_802A1C40 (0)
Creating struct: $Script_InitTracker1
Found $Script_802A2100 (0)
Found $Script_802A24E8 (0)
Found $Script_802A28D0 (0)
Found $Script_802A2BFC (0)
Found $Script_802A2EA0 (0)
Found $Script_UseMove0 (0)
Creating struct: $Script_RestartTrackerData
Found $Script_802A3278 (0)
Creating struct: $Script_DoStylish
Merged 3 regions to 2
$Script_DoStylish will be placed at 802A37DC (length = F20 bytes)
$Script_InitTracker1 will be placed at 802A46FC (length = 68 bytes)
$Script_RestartTrackerData will be placed at 802A4764 (length = 28 bytes)
Executing patch: Move_DizzyStomp.bpat
Found $Function_802A1000 (0)
Found $???_802A10F0 (0)
Found $Script_802A1130 (0)
Found $Script_802A11AC (0)
Found $Script_802A1320 (0)
Found $Script_802A1408 (0)
Found $Script_802A14F0 (0)
Found $Script_802A15D8 (0)
Creating struct: $Script_DoStylish3
Found $Script_802A17C4 (0)
Found $Script_802A19B0 (0)
Found $Script_802A1B9C (0)
Found $Script_802A1D88 (0)
Found $Script_802A1FEC (0)
Found $Script_802A2184 (0)
Creating struct: $Script_RestartTrackerData
Creating struct: $Script_DoStylish
Found $Script_802A2230 (0)
Found $Script_802A2384 (0)
Found $Script_UseMove0 (0)
Found $Script_802A2694 (0)
Found $Script_802A2980 (0)
Found $Script_802A2CAC (0)
Creating struct: $Script_DoStylish2
Merged 3 regions to 2
$Script_DoStylish3 will be placed at 802A2FB8 (length = 324 bytes)
$Script_DoStylish2 will be placed at 802A32DC (length = 2A0 bytes)
$Script_DoStylish will be placed at 802A357C (length = 1F0 bytes)
$Script_RestartTrackerData will be placed at 802A376C (length = 28 bytes)
Executing patch: Move_EarthquakeJump.bpat
Found $Script_UseMove0 (0)
Found $Script_802A26D4 (0)
Found $Script_802A3560 (0)
Found $Script_802A4470 (0)
Creating struct: $Script_Init_Move
Creating struct: $Script_RestartTrackerData
Creating struct: $Script_DoStylish
Creating struct: $Script_Miss
Creating struct: $Script_ShakeCam
Creating struct: $Script_BackToHome_ActionSucceed
Creating struct: $Script_BackToHome_ActionFailed
Creating struct: $Script_802A1320
Creating struct: $Script_PlayerRunToGoal
Creating struct: $Script_PrepareToJump
Found $???_802A1100 (0)
Found $Function_802A1000 (0)
Creating struct: $TornadoJumpInit
Creating struct: $TornadoJumpDamage
Creating struct: $TornadoJumpAnim1
Creating struct: $TornadoJumpFunction
Merged 6 regions to 5
$TornadoJumpAnim1 will be placed at 802A282C (length = 4BC bytes)
$Script_BackToHome_ActionSucceed will be placed at 802A45C8 (length = 1F8 bytes)
$Script_DoStylish will be placed at 802A36B8 (length = 1F0 bytes)
$Script_BackToHome_ActionFailed will be placed at 802A2CE8 (length = 1E0 bytes)
$Script_Miss will be placed at 802A47C0 (length = 198 bytes)
$Script_PlayerRunToGoal will be placed at 802A38A8 (length = 174 bytes)
$TornadoJumpDamage will be placed at 802A2EC8 (length = 150 bytes)
$Script_802A1320 will be placed at 802A4958 (length = E8 bytes)
$TornadoJumpFunction will be placed at 802A3A1C (length = BC bytes)
$Script_UseMove0 will be placed at 802A3018 (length = B4 bytes)
$Script_Init_Move will be placed at 802A4A40 (length = AC bytes)
$Script_ShakeCam will be placed at 802A2630 (length = A0 bytes)
$Script_PrepareToJump will be placed at 802A3AD8 (length = 7C bytes)
$Script_RestartTrackerData will be placed at 802A30CC (length = 28 bytes)
$TornadoJumpInit will be placed at 802A4AEC (length = 28 bytes)
Executing patch: Move_Hammer.bpat
Found $Function_802A1000 (0)
Found $Function_802A1050 (0)
Found $Script_802A10B0 (0)
Found $Script_802A118C (0)
Found $Script_802A1204 (0)
Found $Script_802A1388 (0)
Found $Script_802A150C (0)
Found $Script_802A1690 (0)
Found $Script_802A18AC (0)
Creating struct: $Script_DoStylish
Found $Script_802A1998 (0)
Found $Script_802A1A64 (0)
Found $Script_802A1B40 (0)
Creating struct: $Script_InitTracker1
Creating struct: $Script_RestartTrackerData
Found $Script_802A2000 (0)
Found $Script_802A23E8 (0)
Found $Script_802A27D0 (0)
Found $Script_802A2AFC (0)
Found $Script_802A2DA0 (0)
Found $Script_UseMove0 (0)
Found $Script_802A3168 (0)
Found $Script_UseMove1 (0)
Found $Script_UseMove2 (0)
Found $Script_802A3C4C (0)
Merged 3 regions to 2
$Script_DoStylish will be placed at 802A42E4 (length = 6EC bytes)
$Script_InitTracker1 will be placed at 802A49D0 (length = 68 bytes)
$Script_RestartTrackerData will be placed at 802A4A38 (length = 28 bytes)
Executing patch: Move_HammerCharge1.bpat
Found $Function_802A1000 (0)
Found $Function_802A1050 (0)
Found $Function_802A10A4 (0)
Found $Function_802A10C8 (0)
Found $Function_802A11E8 (0)
Found $Function_802A12FC (0)
Found $Script_802A1320 (0)
Found $Script_802A13FC (0)
Found $Script_802A1474 (0)
Found $Script_802A15F8 (0)
Found $Script_802A177C (0)
Found $Script_802A1900 (0)
Found $Script_802A1B1C (0)
Found $Script_802A1C08 (0)
Found $Script_802A1CD4 (0)
Found $Script_802A1DB0 (0)
Found $Script_802A2270 (0)
Found $Script_802A2658 (0)
Found $Script_802A2A40 (0)
Found $Script_802A2D6C (0)
Found $Script_802A3010 (0)
Found $Script_UseMove1 (0)
Found $Script_802A33C8 (0)
Found $Script_UseMove0 (0)
Found $Script_802A39C8 (0)
Creating struct: $Script_DoStylish
Creating struct: $Script_DoStylish2
Found $Script_802A3D1C (0)
Found $Script_802A4070 (0)
Creating struct: $Script_RestartTrackerData
Merged 6 regions to 4
$Script_DoStylish2 will be placed at 802A42A0 (length = 438 bytes)
$Script_DoStylish will be placed at 802A46D8 (length = 350 bytes)
$Script_RestartTrackerData will be placed at 802A3BF8 (length = 2C bytes)
Changing pointer 802A43D0 to 802A4A28 ($End)
Changing pointer 802A43D0 to 802A4A28 ($End)
Executing patch: Move_HammerCharge2.bpat
Found $Function_802A1000 (0)
Found $Function_802A1050 (0)
Found $Function_802A10A4 (0)
Found $Function_802A10C8 (0)
Found $Function_802A11E8 (0)
Found $Function_802A12FC (0)
Found $Script_802A1320 (0)
Found $Script_802A13FC (0)
Found $Script_802A1474 (0)
Found $Script_802A15F8 (0)
Found $Script_802A177C (0)
Found $Script_802A1900 (0)
Found $Script_802A1B1C (0)
Found $Script_802A1C08 (0)
Found $Script_802A1CD4 (0)
Found $Script_802A1DB0 (0)
Found $Script_802A2270 (0)
Found $Script_802A2658 (0)
Found $Script_802A2A40 (0)
Found $Script_802A2D6C (0)
Found $Script_802A3010 (0)
Found $Script_UseMove1 (0)
Found $Script_802A33C8 (0)
Found $Script_UseMove0 (0)
Found $Script_802A39C8 (0)
Creating struct: $Script_RestartTrackerData
Creating struct: $Script_DoStylish
Creating struct: $Script_DoStylish2
Found $Script_802A3CF4 (0)
Found $Script_802A4020 (0)
Merged 6 regions to 4
$Script_DoStylish2 will be placed at 802A423C (length = 438 bytes)
$Script_DoStylish will be placed at 802A4674 (length = 350 bytes)
$Script_RestartTrackerData will be placed at 802A3BE4 (length = 2C bytes)
Changing pointer 802A4350 to 802A49C4 ($End)
Changing pointer 802A4350 to 802A49C4 ($End)
Executing patch: Move_HammerThrow.bpat
Found $Function_802A1050 (0)
Found $Script_802A18AC (0)
Found $Script_802A1A64 (0)
Found $???_802A36A8 (0)
Found $???_802A38A8 (0)
Found $???_802A3BD8 (0)
Found $???_802A3CE4 (0)
Found $???_802A3D00 (0)
Found $???_802A3D1C (0)
Found $Script_UseMove0 (0)
Found $Script_802A3E5C (0)
Found $Script_802A3FE0 (0)
Found $Script_802A4164 (0)
Found $Script_802A42E8 (0)
Creating struct: $Script_RestartTrackerData
Creating struct: $Script_InitTracker1
Creating struct: $Script_DoStylish
Merged 18 regions to 5
$Script_DoStylish will be placed at 802A10A4 (length = 6F4 bytes)
$Script_InitTracker1 will be placed at 802A1998 (length = 68 bytes)
$Script_RestartTrackerData will be placed at 802A1000 (length = 28 bytes)
Executing patch: Move_Jump.bpat
Found $Function_802A1000 (0)
Found $Function_802A10E4 (0)
Found $???_802A1140 (0)
Found $Script_802A1180 (0)
Found $Script_802A11FC (0)
Found $Script_802A1370 (0)
Found $Script_802A1458 (0)
Found $Script_802A1540 (0)
Found $Script_802A1628 (0)
Found $Script_802A1814 (0)
Found $Script_802A1A00 (0)
Found $Script_802A1BEC (0)
Found $Script_802A1DD8 (0)
Found $Script_802A203C (0)
Found $Script_802A21D4 (0)
Creating struct: $Script_DoStylish
Creating struct: $Script_RestartTrackerData
Found $Script_802A2280 (0)
Found $Script_802A23D4 (0)
Found $Script_UseMove0 (0)
Found $Script_802A2720 (0)
Creating struct: $Script_DoStylish2
Found $Script_802A2ABC (0)
Found $Script_802A2DE8 (0)
Found $Script_UseMove1 (0)
Found $Script_802A3188 (0)
Found $Script_802A3378 (0)
Found $Script_802A34EC (0)
Found $Script_UseMove2 (0)
Found $Script_802A36D8 (0)
Found $Script_802A39C4 (0)
Found $Script_802A3CF0 (0)
Found $Script_802A4018 (0)
Merged 2 regions to 2
$Script_DoStylish2 will be placed at 802A4460 (length = 2C8 bytes)
$Script_DoStylish will be placed at 802A4728 (length = 1F0 bytes)
$Script_RestartTrackerData will be placed at 802A4918 (length = 28 bytes)
Executing patch: Move_JumpCharge1.bpat
Found $Function_802A1000 (0)
Found $Function_802A10E4 (0)
Found $Function_802A1108 (0)
Found $Function_802A1228 (0)
Found $Function_802A133C (0)
Found $???_802A1360 (0)
Found $Script_802A13A0 (0)
Found $Script_802A141C (0)
Found $Script_802A1590 (0)
Found $Script_802A1678 (0)
Found $Script_802A1760 (0)
Found $Script_802A1848 (0)
Found $Script_802A1A34 (0)
Found $Script_802A1C20 (0)
Found $Script_802A1E0C (0)
Found $Script_802A1FF8 (0)
Found $Script_802A225C (0)
Found $Script_802A23F4 (0)
Found $Script_802A24A0 (0)
Found $Script_802A25F4 (0)
Found $Script_UseMove1 (0)
Found $Script_UseMove0 (0)
Creating struct: $Script_RestartTrackerData
Creating struct: $Script_DoStylish
Creating struct: $Script_DoStylish2
Merged 4 regions to 2
$Script_DoStylish2 will be placed at 802A2B28 (length = 3A0 bytes)
$Script_DoStylish will be placed at 802A2EC8 (length = 350 bytes)
$Script_RestartTrackerData will be placed at 802A3218 (length = 2C bytes)
Changing pointer 802A2C50 to 802A3244 ($End)
Changing pointer 802A2C50 to 802A3244 ($End)
Executing patch: Move_JumpCharge2.bpat
Found $Function_802A1000 (0)
Found $Function_802A10E4 (0)
Found $Function_802A1108 (0)
Found $Function_802A1228 (0)
Found $Function_802A133C (0)
Found $???_802A1360 (0)
Found $Script_802A13A0 (0)
Found $Script_802A141C (0)
Found $Script_802A1590 (0)
Found $Script_802A1678 (0)
Found $Script_802A1760 (0)
Found $Script_802A1848 (0)
Found $Script_802A1A34 (0)
Found $Script_802A1C20 (0)
Found $Script_802A1E0C (0)
Found $Script_802A1FF8 (0)
Found $Script_802A225C (0)
Found $Script_802A23F4 (0)
Found $Script_802A24A0 (0)
Found $Script_802A25F4 (0)
Found $Script_UseMove1 (0)
Found $Script_UseMove0 (0)
Creating struct: $Script_RestartTrackerData
Creating struct: $Script_DoStylish
Creating struct: $Script_DoStylish2
Merged 3 regions to 2
$Script_DoStylish2 will be placed at 802A2B14 (length = 3A0 bytes)
$Script_DoStylish will be placed at 802A2EB4 (length = 350 bytes)
$Script_RestartTrackerData will be placed at 802A3204 (length = 2C bytes)
Changing pointer 802A2C20 to 802A3230 ($End)
Changing pointer 802A2C20 to 802A3230 ($End)
Executing patch: Move_MegaJump.bpat
Found $Function_802A1000 (0)
Found $???_802A10F0 (0)
Found $Script_802A1130 (0)
Found $Script_802A11AC (0)
Found $Script_802A1320 (0)
Found $Script_802A1408 (0)
Found $Script_802A14F0 (0)
Found $Script_802A15D8 (0)
Creating struct: $Script_DoStylish2
Found $Script_802A17C4 (0)
Found $Script_802A19B0 (0)
Found $Script_802A1B9C (0)
Found $Script_802A1D88 (0)
Found $Script_802A1FEC (0)
Found $Script_802A2184 (0)
Creating struct: $Script_RestartTrackerData
Creating struct: $Script_DoStylish
Found $Script_802A2230 (0)
Found $Script_802A2384 (0)
Found $Script_UseMove0 (0)
Found $Script_802A26B4 (0)
Found $Script_802A27FC (0)
Found $Script_802A2978 (0)
Found $Script_802A2AF4 (0)
Merged 2 regions to 2
$Script_DoStylish2 will be placed at 802A2C70 (length = 324 bytes)
$Script_DoStylish will be placed at 802A2F94 (length = 1F0 bytes)
$Script_RestartTrackerData will be placed at 802A3184 (length = 28 bytes)
Executing patch: Move_MegaQuake.bpat
Found $Function_802A1000 (0)
Found $Function_802A1050 (0)
Found $Function_802A10A4 (0)
Found $Script_802A1180 (0)
Found $Script_802A125C (0)
Found $Script_802A12D4 (0)
Found $Script_802A1458 (0)
Found $Script_802A15DC (0)
Found $Script_802A1760 (0)
Found $Script_802A197C (0)
Found $Script_802A1A68 (0)
Found $Script_802A1B34 (0)
Found $Script_802A1C10 (0)
Found $Script_802A20D0 (0)
Found $Script_802A24B8 (0)
Found $Script_802A28A0 (0)
Found $Script_802A2BCC (0)
Found $Script_802A2E70 (0)
Found $Script_UseMove0 (0)
Found $Script_802A3238 (0)
Creating struct: $Script_PowerQuake_GoHomeMisc
Creating struct: $Script_RestartTrackerData
Creating struct: $Script_InitTracker1
Creating struct: $Script_DoStylish
Merged 2 regions to 2
$Script_DoStylish will be placed at 802A3E30 (length = 1A8 bytes)
$Script_PowerQuake_GoHomeMisc will be placed at 802A3FD8 (length = A4 bytes)
$Script_InitTracker1 will be placed at 802A407C (length = 48 bytes)
$Script_RestartTrackerData will be placed at 802A40C4 (length = 28 bytes)
Executing patch: Move_MegaSmash.bpat
Found $Function_802A1000 (0)
Found $Function_802A1050 (0)
Found $Script_802A10B0 (0)
Found $Script_802A118C (0)
Found $Script_802A1204 (0)
Found $Script_802A1388 (0)
Found $Script_802A150C (0)
Found $Script_802A1690 (0)
Found $Script_802A18AC (0)
Found $Script_802A1998 (0)
Found $Script_802A1A64 (0)
Found $Script_802A1B40 (0)
Found $Script_802A2000 (0)
Found $Script_802A23E8 (0)
Found $Script_802A27D0 (0)
Found $Script_802A2AFC (0)
Found $Script_802A2DA0 (0)
Found $Script_UseMove0 (0)
Found $Script_802A3188 (0)
Found $Script_802A32D0 (0)
Creating struct: $Script_RestartTrackerData
Creating struct: $Script_InitTracker1
Creating struct: $Script_DoStylish
Merged 3 regions to 2
$Script_DoStylish will be placed at 802A35F4 (length = F20 bytes)
$Script_InitTracker1 will be placed at 802A4514 (length = 68 bytes)
$Script_RestartTrackerData will be placed at 802A457C (length = 28 bytes)
Executing patch: Move_Multibounce.bpat
Found $Function_802A1000 (0)
Found $???_802A10F0 (0)
Found $Script_802A1130 (0)
Found $Script_802A11AC (0)
Found $Script_802A1320 (0)
Found $Script_802A1408 (0)
Found $Script_802A14F0 (0)
Found $Script_802A15D8 (0)
Found $Script_802A17C4 (0)
Found $Script_802A19B0 (0)
Found $Script_802A1B9C (0)
Found $Script_802A1D88 (0)
Found $Script_802A1FEC (0)
Found $Script_802A2184 (0)
Found $Script_802A2230 (0)
Found $Script_802A2384 (0)
Found $???_802A2600 (0)
Found $Script_UseMove0 (0)
Found $Script_802A26C8 (0)
Creating struct: $Script_RestartTrackerData
Creating struct: $Script_DoStylish
Found $Script_802A2F80 (0)
Found $Script_802A388C (0)
Merged 3 regions to 2
$Script_DoStylish will be placed at 802A4128 (length = 2B0 bytes)
$Script_RestartTrackerData will be placed at 802A43D8 (length = 28 bytes)
Executing patch: Move_PowerBounce.bpat
Found $Function_802A1000 (0)
Found $Function_GetHitChance (0)
Found $Function_InitializeHitCounter (0)
Found $Function_IncrementHitCounter (0)
Found $Function_StoreHitCountRecord (0)
Found $???_802A1200 (0)
Found $Script_802A1240 (0)
Found $Script_802A12BC (0)
Found $Script_802A1430 (0)
Found $Script_802A1518 (0)
Found $Script_802A1600 (0)
Found $Script_802A16E8 (0)
Found $Script_802A18D4 (0)
Found $Script_802A1AC0 (0)
Found $Script_802A1CAC (0)
Found $Script_802A1E98 (0)
Found $Script_802A20FC (0)
Found $Script_802A2294 (0)
Found $Script_802A2340 (0)
Found $Script_802A2494 (0)
Found $???_802A2710 (0)
Found $???_802A2730 (0)
Found $Script_UseMove0 (0)
Found $Script_802A2820 (0)
Creating struct: $Script_RestartTrackerData
Creating struct: $Script_DoStylish
Found $Script_802A3024 (0)
Found $Script_802A383C (0)
Merged 3 regions to 2
$Script_DoStylish will be placed at 802A4014 (length = 300 bytes)
$Script_RestartTrackerData will be placed at 802A4314 (length = 28 bytes)
Changing pointer 802A4020 to 802A433C ($End)
Changing pointer 802A4020 to 802A433C ($End)
Changing pointer 802A4020 to 802A433C ($End)
Executing patch: Move_PowerJump.bpat
Found $Function_802A1000 (0)
Found $???_802A10F0 (0)
Found $Script_802A1130 (0)
Found $Script_802A11AC (0)
Found $Script_802A1320 (0)
Found $Script_802A1408 (0)
Found $Script_802A14F0 (0)
Found $Script_802A15D8 (0)
Creating struct: $Script_DoStylish2
Found $Script_802A17C4 (0)
Found $Script_802A19B0 (0)
Found $Script_802A1B9C (0)
Found $Script_802A1D88 (0)
Found $Script_802A1FEC (0)
Found $Script_802A2184 (0)
Creating struct: $Script_RestartTrackerData
Creating struct: $Script_DoStylish
Found $Script_802A2230 (0)
Found $Script_802A2384 (0)
Found $Script_UseMove0 (0)
Found $Script_802A26B4 (0)
Found $Script_802A2754 (0)
Found $Script_802A28D0 (0)
Found $Script_802A2A4C (0)
Merged 3 regions to 2
$Script_DoStylish2 will be placed at 802A2BC8 (length = 324 bytes)
$Script_DoStylish will be placed at 802A2EEC (length = 1F0 bytes)
$Script_RestartTrackerData will be placed at 802A30DC (length = 28 bytes)
Executing patch: Move_PowerQuake.bpat
Found $Function_802A1000 (0)
Found $Function_802A1050 (0)
Found $Script_802A10B0 (0)
Found $Script_802A118C (0)
Found $Script_802A1204 (0)
Found $Script_802A1388 (0)
Found $Script_802A150C (0)
Found $Script_802A1690 (0)
Found $Script_802A18AC (0)
Found $Script_802A1998 (0)
Found $Script_802A1A64 (0)
Found $Script_802A1B40 (0)
Found $Script_802A2000 (0)
Found $Script_802A23E8 (0)
Found $Script_802A27D0 (0)
Found $Script_802A2AFC (0)
Found $Script_802A2DA0 (0)
Found $Script_UseMove0 (0)
Found $Script_802A3168 (0)
Creating struct: $Script_PowerQuake_GoHomeMisc
Creating struct: $Script_RestartTrackerData
Creating struct: $Script_InitTracker1
Creating struct: $Script_DoStylish
Merged 3 regions to 2
$Script_DoStylish will be placed at 802A3B9C (length = 1AC bytes)
$Script_PowerQuake_GoHomeMisc will be placed at 802A3D48 (length = A4 bytes)
$Script_InitTracker1 will be placed at 802A3DEC (length = 48 bytes)
$Script_RestartTrackerData will be placed at 802A3E34 (length = 28 bytes)
Executing patch: Move_PowerSmash.bpat
Found $Function_802A1000 (0)
Found $Function_802A1050 (0)
Found $Script_802A10B0 (0)
Found $Script_802A118C (0)
Found $Script_802A1204 (0)
Found $Script_802A1388 (0)
Found $Script_802A150C (0)
Found $Script_802A1690 (0)
Found $Script_802A18AC (0)
Found $Script_802A1998 (0)
Found $Script_802A1A64 (0)
Found $Script_802A1B40 (0)
Found $Script_802A2000 (0)
Found $Script_802A23E8 (0)
Found $Script_802A27D0 (0)
Found $Script_802A2AFC (0)
Found $Script_802A2DA0 (0)
Found $Script_UseMove0 (0)
Found $Script_802A3188 (0)
Found $Script_802A3228 (0)
Creating struct: $Script_RestartTrackerData
Creating struct: $Script_InitTracker1
Creating struct: $Script_DoStylish
Merged 3 regions to 2
$Script_DoStylish will be placed at 802A355C (length = F20 bytes)
$Script_InitTracker1 will be placed at 802A447C (length = 68 bytes)
$Script_RestartTrackerData will be placed at 802A44E4 (length = 28 bytes)
Executing patch: Move_QuakeHammer.bpat
Found $Function_802A1000 (0)
Found $Function_802A1050 (0)
Found $Script_802A10B0 (0)
Found $Script_802A118C (0)
Found $Script_802A1204 (0)
Found $Script_802A1388 (0)
Found $Script_802A150C (0)
Found $Script_802A1690 (0)
Found $Script_802A18AC (0)
Found $Script_802A1998 (0)
Found $Script_802A1A64 (0)
Found $Script_802A1B40 (0)
Found $Script_802A2000 (0)
Found $Script_802A23E8 (0)
Creating struct: $Script_RestartTrackerData
Found $Script_802A27D0 (0)
Creating struct: $Script_InitTracker1
Found $Script_802A2AFC (0)
Found $Script_802A2DA0 (0)
Found $Script_UseMove0 (0)
Found $Script_802A3168 (0)
Creating struct: $Script_PowerQuake_GoHomeMisc
Creating struct: $Script_DoStylish
Merged 3 regions to 2
$Script_DoStylish will be placed at 802A3988 (length = 1BC bytes)
$Script_PowerQuake_GoHomeMisc will be placed at 802A3B44 (length = A4 bytes)
$Script_InitTracker1 will be placed at 802A3BE8 (length = 68 bytes)
$Script_RestartTrackerData will be placed at 802A3C50 (length = 28 bytes)
Executing patch: Move_ShrinkStomp.bpat
Found $Function_802A1000 (0)
Found $???_802A10F0 (0)
Found $Script_802A1130 (0)
Found $Script_802A11AC (0)
Found $Script_802A1320 (0)
Found $Script_802A1408 (0)
Found $Script_802A14F0 (0)
Found $Script_802A15D8 (0)
Creating struct: $Script_DoStylish3
Creating struct: $Script_DoStylish4
Found $Script_802A17C4 (0)
Found $Script_802A19B0 (0)
Found $Script_802A1B9C (0)
Found $Script_802A1D88 (0)
Found $Script_802A1FEC (0)
Found $Script_802A2184 (0)
Creating struct: $Script_RestartTrackerData
Creating struct: $Script_DoStylish
Found $Script_802A2230 (0)
Found $Script_802A2384 (0)
Found $Script_UseMove0 (0)
Found $Script_802A2694 (0)
Creating struct: $Script_DoStylish2
Found $Script_802A2978 (0)
Found $Script_802A2C8C (0)
Merged 2 regions to 2
$Script_DoStylish4 will be placed at 802A2F80 (length = 330 bytes)
$Script_DoStylish3 will be placed at 802A32B0 (length = 2FC bytes)
$Script_DoStylish2 will be placed at 802A35AC (length = 2A0 bytes)
$Script_DoStylish will be placed at 802A384C (length = 1F0 bytes)
$Script_RestartTrackerData will be placed at 802A3A3C (length = 28 bytes)
Executing patch: Move_SleepStomp.bpat
Found $Function_802A1000 (0)
Found $???_802A10F0 (0)
Found $Script_802A1130 (0)
Found $Script_802A11AC (0)
Found $Script_802A1320 (0)
Found $Script_802A1408 (0)
Found $Script_802A14F0 (0)
Found $Script_802A15D8 (0)
Creating struct: $Script_DoStylish3
Found $Script_802A17C4 (0)
Found $Script_802A19B0 (0)
Found $Script_802A1B9C (0)
Found $Script_802A1D88 (0)
Found $Script_802A1FEC (0)
Found $Script_802A2184 (0)
Creating struct: $Script_RestartTrackerData
Creating struct: $Script_DoStylish
Found $Script_802A2230 (0)
Found $Script_802A2384 (0)
Found $Script_UseMove0 (0)
Found $Script_802A2694 (0)
Found $Script_802A2980 (0)
Found $Script_802A2CAC (0)
Creating struct: $Script_DoStylish2
Merged 3 regions to 2
$Script_DoStylish3 will be placed at 802A2FB8 (length = 324 bytes)
$Script_DoStylish2 will be placed at 802A32DC (length = 2A0 bytes)
$Script_DoStylish will be placed at 802A357C (length = 1F0 bytes)
$Script_RestartTrackerData will be placed at 802A376C (length = 28 bytes)
Executing patch: Move_SpinSmash.bpat
Found $Function_802A1000 (0)
Found $Function_802A1074 (0)
Found $Function_802A10EC (0)
Found $Function_802A113C (0)
Found $Script_802A1190 (0)
Creating struct: $Script_RestartTrackerData
Found $Script_802A126C (0)
Found $Script_802A12E4 (0)
Found $Script_802A1468 (0)
Found $Script_802A15EC (0)
Found $Script_802A1770 (0)
Found $Script_802A198C (0)
Found $Script_802A1A78 (0)
Found $Script_802A1B44 (0)
Found $Script_802A1C20 (0)
Found $Script_802A20E0 (0)
Found $Script_802A24C8 (0)
Found $Script_802A28B0 (0)
Found $Script_802A2BDC (0)
Found $Script_802A2E80 (0)
Found $Script_UseMove0 (0)
Found $Script_802A3258 (0)
Creating struct: $Script_InitTrackerB
Creating struct: $Script_DoStylish
Found $Script_802A3920 (0)
Found $Script_802A3FC4 (0)
Merged 5 regions to 3
$Script_DoStylish will be placed at 802A4638 (length = 2B0 bytes)
$Script_InitTrackerB will be placed at 802A48E8 (length = 68 bytes)
$Script_RestartTrackerData will be placed at 802A4950 (length = 2C bytes)
Executing patch: 00 Goombario.bpat
Found $Function_80238000 (0)
Found $Function_802380E4 (0)
Found $Function_8023817C (0)
Found $Function_80238A20 (0)
Found $Function_80238B60 (0)
Found $Function_80238BCC (0)
Found $Function_80238E04 (0)
Found $Function_80238E48 (0)
Found $Function_80238E74 (0)
Found $Function_80238EDC (0)
Found $Function_8023903C (0)
Found $Function_80239068 (0)
Found $Function_802390B0 (0)
Found $Function_802390C8 (0)
Found $Function_80239190 (0)
Found $IdleAnimations_802391B0 (0)
Found $DefenseTable_802391EC (0)
Found $StatusTable_802391F8 (0)
Found $PartsTable_802392A4 (0)
Found $Goombario (0)
Found $Script_Init_802392F0 (0)
Found $Script_Idle_80239350 (0)
Found $Script_HandleEvent_80239360 (0)
Found $Script_TakeTurn_802396D8 (0)
Found $Script_80239784 (0)
Found $Script_802397E0 (0)
Found $Script_8023993C (0)
Found $Script_8023994C (0)
Found $Script_80239988 (0)
Found $Script_NextTurn_80239A3C (0)
Found $Script_80239CA8 (0)
Found $Script_8023A06C (0)
Creating struct: $Script_InitTrackerB
Creating struct: $Script_Bonk_Stylish2
Creating struct: $Script_WalkToTarget
Creating struct: $Script_RestartTrackerData
Found $Script_8023A66C (0)
Found $Script_8023A754 (0)
Found $Script_8023ADC4 (0)
Found $Script_8023B45C (0)
Found $???_8023BB78 (0)
Found $???_8023BB98 (0)
Found $Script_8023BB9C (0)
Found $Script_8023C5B8 (0)
Creating struct: $Script_Tattle_DoStylish
Found $Script_8023C90C (0)
Creating struct: $Script_RestartTrackerDataB
Creating struct: $Script_DoStylish
Found $ConstDouble_8023CD50 (0)
Found $ConstDouble_8023CD58 (0)
Found $ConstDouble_8023CD60 (0)
Found $ConstDouble_8023CD68 (0)
Found $ConstDouble_8023CD70 (0)
Found $ConstDouble_8023CD78 (0)
Found $ConstDouble_8023CD80 (0)
Found $ConstDouble_8023CD88 (0)
Found $ConstDouble_8023CD90 (0)
Merged 3 regions to 2
$Script_Bonk_Stylish2 will be placed at 8023CD98 (length = 4C4 bytes)
$Script_WalkToTarget will be placed at 8023D25C (length = 41C bytes)
$Script_DoStylish will be placed at 8023D678 (length = 358 bytes)
$Script_Tattle_DoStylish will be placed at 8023D9D0 (length = 1F8 bytes)
$Script_InitTrackerB will be placed at 8023DBC8 (length = 38 bytes)
$Script_RestartTrackerDataB will be placed at 8023DC00 (length = 2C bytes)
$Script_RestartTrackerData will be placed at 8023DC2C (length = 28 bytes)
Changing pointer 8023CDA4 to 8023DC58 ($End[4])
Changing pointer 8023CDA0 to 8023DC54 ($End)
Changing pointer 8023DC54 to 8023EB08 ($End[EB4])
Changing pointer 8023CDA0 to 8023DC54 ($End)
Changing pointer 8023CDA4 to 8023DC58 ($End[4])
Executing patch: 01 Kooper.bpat
Found $Function_80238000 (0)
Found $Function_80238114 (0)
Found $Function_80238298 (0)
Found $Function_802383C0 (0)
Found $Script_Init_80238570 (0)
Found $Script_Idle_802385D0 (0)
Found $Script_HandleEvent_802385E0 (0)
Found $Script_TakeTurn_80238974 (0)
Found $Script_80238A20 (0)
Found $Script_80238A7C (0)
Found $Script_80238AB8 (0)
Found $Script_NextTurn_80238B6C (0)
Found $Script_80238B7C (0)
Found $Script_80238D84 (0)
Found $Script_80238E38 (0)
Found $Script_80239084 (0)
Found $Script_802392A4 (0)
Creating struct: $Script_RestartTrackerData
Found $Script_80239384 (0)
Creating struct: $Script_ShellToss_GoBackToHome_Succeed
Found $Script_80239E7C (0)
Creating struct: $Script_Stylish_PowerShell
Found $Script_8023AA38 (0)
Found $Script_8023B660 (0)
Found $Script_8023C754 (0)
Merged 3 regions to 2
$Script_ShellToss_GoBackToHome_Succeed will be placed at 8023CE88 (length = A30 bytes)
$Script_Stylish_PowerShell will be placed at 8023D8B8 (length = 5B0 bytes)
$Script_RestartTrackerData will be placed at 8023DE68 (length = 28 bytes)
Executing patch: 02 Bombette.bpat
Found $Function_80238000 (0)
Found $Function_80238244 (0)
Found $Function_80238358 (0)
Found $Function_8023849C (0)
Found $Function_80238590 (0)
Found $Script_Init_80238780 (0)
Found $Script_Idle_802387E0 (0)
Found $Script_HandleEvent_802387F0 (0)
Found $Script_TakeTurn_80239AB8 (0)
Found $Script_80239B64 (0)
Found $Script_80239BC0 (0)
Found $Script_80239D08 (0)
Found $Script_80239D8C (0)
Found $Script_80239DC8 (0)
Found $Script_NextTurn_80239E7C (0)
Found $Script_80239E8C (0)
Creating struct: $Script_Slam_DoStylish
Found $Script_8023A1AC (0)
Found $Script_8023A4BC (0)
Found $Script_8023A4F8 (0)
Found $Script_8023A584 (0)
Creating struct: $Script_RestartTrackerData
Found $Script_8023A5F8 (0)
Creating struct: $a
Found $Script_8023B228 (0)
Found $Script_8023C990 (0)
Merged 3 regions to 2
$Script_Slam_DoStylish will be placed at 8023D06C (length = EB4 bytes)
$Script_RestartTrackerData will be placed at 8023DF20 (length = 28 bytes)
$a will be placed at 8023DF48 (length = 10 bytes)
Executing patch: 03 Parakarry.bpat
Found $Function_80238000 (0)
Found $Function_80238C88 (0)
Found $Function_80238CE0 (0)
Found $Function_80238E24 (0)
Found $Function_802390B4 (0)
Found $Function_802397C8 (0)
Found $Script_Init_80239950 (0)
Found $Script_Idle_802399B0 (0)
Found $Script_HandleEvent_802399C0 (0)
Found $Script_TakeTurn_80239D68 (0)
Found $Script_80239E14 (0)
Found $Script_80239E70 (0)
Found $Script_8023A054 (0)
Found $Script_8023A064 (0)
Found $Script_8023A0A0 (0)
Found $Script_NextTurn_8023A154 (0)
Creating struct: $Script_ShellShoot_BackToHome_ActionSucceed
Found $Script_8023A30C (0)
Creating struct: $Script_RestartTrackerData
Creating struct: $Script_Init_SkyDive
Creating struct: $Script_SkyDive_DoStylish
Found $Script_8023AA64 (0)
Found $Script_8023AF7C (0)
Creating struct: $Script_AirLift_BackToHome_Succeed
Found $Script_8023B6FC (0)
Creating struct: $Script_AirRaid_InitTracker
Creating struct: $Script_AirRaid_DoStylish
Merged 4 regions to 3
$Script_Init_SkyDive will be placed at 8023BD68 (length = 784 bytes)
$Script_AirLift_BackToHome_Succeed will be placed at 8023C4EC (length = 428 bytes)
$Script_ShellShoot_BackToHome_ActionSucceed will be placed at 8023C914 (length = 418 bytes)
$Script_AirRaid_DoStylish will be placed at 8023CD2C (length = 248 bytes)
$Script_SkyDive_DoStylish will be placed at 8023CF74 (length = 168 bytes)
$Script_AirRaid_InitTracker will be placed at 8023D0DC (length = 34 bytes)
$Script_RestartTrackerData will be placed at 8023D110 (length = 28 bytes)
Changing pointer 8023BD78 to 8023D140 ($End[8])
Changing pointer 8023BD98 to 8023D160 ($End[28])
Changing pointer 8023BDB4 to 8023D17C ($End[44])
Changing pointer 8023BDC4 to 8023D18C ($End[54])
Changing pointer 8023BDC8 to 8023D190 ($End[58])
Changing pointer 8023BDC0 to 8023D188 ($End[50])
Changing pointer 8023BDB8 to 8023D180 ($End[48])
Changing pointer 8023BDBC to 8023D184 ($End[4C])
Changing pointer 8023BDBC to 8023D184 ($End[4C])
Changing pointer 8023BDBC to 8023D184 ($End[4C])
Changing pointer 8023BDBC to 8023D184 ($End[4C])
Changing pointer 8023BDBC to 8023D184 ($End[4C])
Changing pointer 8023BD78 to 8023D140 ($End[8])
Changing pointer 8023BD98 to 8023D160 ($End[28])
Changing pointer 8023BDB4 to 8023D17C ($End[44])
Changing pointer 8023BDC0 to 8023D188 ($End[50])
Changing pointer 8023BDC0 to 8023D188 ($End[50])
Changing pointer 8023BDC4 to 8023D18C ($End[54])
Changing pointer 8023BDC8 to 8023D190 ($End[58])
Changing pointer 8023BDB4 to 8023D17C ($End[44])
Changing pointer 8023BDB8 to 8023D180 ($End[48])
Changing pointer 8023BD78 to 8023D140 ($End[8])
Changing pointer 8023BD98 to 8023D160 ($End[28])
Changing pointer 8023BD78 to 8023D140 ($End[8])
Changing pointer 8023BD70 to 8023D138 ($End)
Changing pointer 8023BD70 to 8023D138 ($End)
Changing pointer 8023BD70 to 8023D138 ($End)
Executing patch: 05 Watt.bpat
Found $Watt (0)
Creating struct: $Script_Watt_Init_802390D8
Creating struct: $Script_Watt_Idle_80239138
Creating struct: $Script_Watt_HandleEvent_80239160
Creating struct: $Script_Watt_TakeTurn_80239578
Creating struct: $Script_Watt_8023960C
Creating struct: $Script_Watt_80239684
Creating struct: $Script_Watt_802396DC
Creating struct: $Script_Watt_NextTurn_802397BC
Creating struct: $Script_Watt_802397CC
Creating struct: $Script_BackToHome_Succeed
Creating struct: $Script_Watt_80239990
Creating struct: $Script_Watt_80239A10
Creating struct: $Script_Watt_80239A54
Creating struct: $Script_Watt_80239B98
Creating struct: $Script_Init_ElectroDash
Creating struct: $Script_Init_PowerShock
Creating struct: $Script_PowerShock_DoStylish
Creating struct: $Script_TurboCharge_Main
Creating struct: $Script_TurboCharge_Stylish_TrackInputs
Creating struct: $Script_TurboCharge_Alt
Creating struct: $Script_Init_TurboCharge
Creating struct: $Script_Init_MegaShock
Merged 23 regions to 4
$Script_Init_ElectroDash will be placed at 80239A10 (length = AC8 bytes)
$Script_Init_MegaShock will be placed at 8023B970 (length = A10 bytes)
$Script_Init_PowerShock will be placed at 802390D8 (length = 880 bytes)
$Script_TurboCharge_Main will be placed at 8023A4D8 (length = 758 bytes)
$Script_TurboCharge_Alt will be placed at 8023C380 (length = 630 bytes)
$Script_Watt_HandleEvent_80239160 will be placed at 8023AC30 (length = 418 bytes)
$Script_BackToHome_Succeed will be placed at 8023C9B0 (length = 2B4 bytes)
$Script_PowerShock_DoStylish will be placed at 8023B048 (length = 214 bytes)
$Script_Watt_802397CC will be placed at 8023CC64 (length = 148 bytes)
$Script_Watt_80239A54 will be placed at 8023B25C (length = 144 bytes)
$Script_TurboCharge_Stylish_TrackInputs will be placed at 8023CDAC (length = EC bytes)
$Script_Watt_802396DC will be placed at 8023B3A0 (length = E0 bytes)
$Script_Watt_TakeTurn_80239578 will be placed at 80239958 (length = 94 bytes)
$Script_Watt_80239990 will be placed at 8023CE98 (length = 7C bytes)
$Script_Watt_8023960C will be placed at 8023B480 (length = 78 bytes)
$Script_Init_TurboCharge will be placed at 8023CF14 (length = 68 bytes)
$Script_Watt_Init_802390D8 will be placed at 8023B4F8 (length = 60 bytes)
$Script_Watt_80239684 will be placed at 8023CF7C (length = 58 bytes)
$Script_Watt_80239A10 will be placed at 8023B558 (length = 44 bytes)
$Script_Watt_80239B98 will be placed at 8023CFD4 (length = 30 bytes)
$Script_Watt_Idle_80239138 will be placed at 8023B59C (length = 28 bytes)
$Script_Watt_NextTurn_802397BC will be placed at 802399EC (length = 10 bytes)
Changing pointer 8023C1BC to 8023D010 ($End[C])
Changing pointer 8023C1B0 to 8023D004 ($End)
Changing pointer 8023C1B0 to 8023D004 ($End)
Changing pointer 8023C1BC to 8023D010 ($End[C])
Changing pointer 8023C1C8 to 8023D01C ($End[18])
Changing pointer 8023C1CC to 8023D020 ($End[1C])
Changing pointer 8023C1B8 to 8023D00C ($End[8])
Changing pointer 8023C1D0 to 8023D024 ($End[20])
Changing pointer 8023C1C4 to 8023D018 ($End[14])
Changing pointer 8023C1B4 to 8023D008 ($End[4])
Changing pointer 8023C1B4 to 8023D008 ($End[4])
Changing pointer 8023C1BC to 8023D010 ($End[C])
Changing pointer 8023C1C0 to 8023D014 ($End[10])
Changing pointer 8023C1C4 to 8023D018 ($End[14])
Changing pointer 8023C1C8 to 8023D01C ($End[18])
Changing pointer 8023C1CC to 8023D020 ($End[1C])
Changing pointer 8023C1D0 to 8023D024 ($End[20])
Changing pointer 8023C1B8 to 8023D00C ($End[8])
Changing pointer 8023C1B8 to 8023D00C ($End[8])
Changing pointer 8023C1BC to 8023D010 ($End[C])
Changing pointer 8023C1C0 to 8023D014 ($End[10])
Changing pointer 8023C1C0 to 8023D014 ($End[10])
Changing pointer 8023C1C4 to 8023D018 ($End[14])
Changing pointer 8023C1C8 to 8023D01C ($End[18])
Changing pointer 8023C1CC to 8023D020 ($End[1C])
Changing pointer 8023C1D0 to 8023D024 ($End[20])
Changing pointer 8023C1CC to 8023D020 ($End[1C])
Changing pointer 8023C1D0 to 8023D024 ($End[20])
Changing pointer 8023C1CC to 8023D020 ($End[1C])
Changing pointer 8023C1D0 to 8023D024 ($End[20])
Changing pointer 8023C1C4 to 8023D018 ($End[14])
Changing pointer 8023C1B4 to 8023D008 ($End[4])
Changing pointer 8023C1B4 to 8023D008 ($End[4])
Executing patch: 06 Sushie.bpat
Found $Sushie (0)
Creating struct: $Script_Sushie_Init_80239010
Creating struct: $Script_Sushie_Idle_80239070
Creating struct: $Script_Sushie_HandleEvent_80239080
Creating struct: $Script_Sushie_TakeTurn_802393EC
Creating struct: $Script_Sushie_80239480
Creating struct: $Script_Sushie_802394CC
Creating struct: $Script_Sushie_80239508
Creating struct: $Script_Sushie_802395CC
Creating struct: $Script_BellyFlop_GoBackToHome_Succeed
Creating struct: $Script_BellyFlop_GoBackToHome_Failed
Creating struct: $Script_Sushie_80239AE0
Creating struct: $Script_Sushie_80239B68
Creating struct: $Script_Sushie_80239BF0
Creating struct: $Script_Sushie_80239CBC
Creating struct: $Script_Init_BellyFlop
Creating struct: $Script_Init_Squirt
Creating struct: $Script_Squirt_DoStylish2
Creating struct: $Script_Init_WaterBlock
Creating struct: $Script_WaterBlock_DoStylish
Creating struct: $Script_Init_TidalWave
Merged 19 regions to 5
$Script_Init_BellyFlop will be placed at 802395CC (length = F74 bytes)
$Script_Init_Squirt will be placed at 8023C070 (length = ADC bytes)
$Script_Init_WaterBlock will be placed at 8023A540 (length = 92C bytes)
$Script_Init_TidalWave will be placed at 8023CB4C (length = 6CC bytes)
$Script_BellyFlop_GoBackToHome_Succeed will be placed at 8023D218 (length = 6A4 bytes)
$Script_Sushie_HandleEvent_80239080 will be placed at 80239010 (length = 36C bytes)
$Script_WaterBlock_DoStylish will be placed at 8023AE6C (length = 2BC bytes)
$Script_BellyFlop_GoBackToHome_Failed will be placed at 8023D8BC (length = 1A8 bytes)
$Script_Squirt_DoStylish2 will be placed at 8023937C (length = 19C bytes)
$Script_Sushie_802395CC will be placed at 8023DA64 (length = 148 bytes)
$Script_Sushie_80239CBC will be placed at 8023DBAC (length = E8 bytes)
$Script_Sushie_80239BF0 will be placed at 8023DC94 (length = CC bytes)
$Script_Sushie_80239508 will be placed at 8023DD60 (length = B4 bytes)
$Script_Sushie_TakeTurn_802393EC will be placed at 80239518 (length = 94 bytes)
$Script_Sushie_80239AE0 will be placed at 8023DE14 (length = 88 bytes)
$Script_Sushie_80239B68 will be placed at 8023DE9C (length = 88 bytes)
$Script_Sushie_Init_80239010 will be placed at 8023B128 (length = 60 bytes)
$Script_Sushie_80239480 will be placed at 8023DF24 (length = 4C bytes)
$Script_Sushie_802394CC will be placed at 8023DF70 (length = 3C bytes)
$Script_Sushie_Idle_80239070 will be placed at 802395AC (length = 10 bytes)
Changing pointer 8023C070 to 8023DFAC ($End)
Changing pointer 8023C070 to 8023DFAC ($End)
Changing pointer 8023C070 to 8023DFAC ($End)
Changing pointer 8023C070 to 8023DFAC ($End)
Executing patch: 07 Lakilester.bpat
Creating struct: $Function_Laki_80238000
Creating struct: $Function_SpinyFlip_Cursor
Creating struct: $Function_Laki_80238A6C
Creating struct: $Function_Laki_80238B50
Creating struct: $Function_Laki_80238C14
Creating struct: $Function_Laki_80238C58
Creating struct: $Function_Laki_80238D48
Creating struct: $Function_Laki_80238D8C
Creating struct: $Function_Laki_8023906C
Creating struct: $Function_Laki_80239140
Creating struct: $Function_Laki_80239F84
Creating struct: $Function_Laki_8023A1B0
Creating struct: $Function_Laki_8023A19C
Creating struct: $???_Laki_8023AB80
Creating struct: $???_Laki_8023CCC0
Creating struct: $ConstDouble_Laki_8023D1B0
Creating struct: $ConstDouble_Laki_8023D1B8
Creating struct: $ConstDouble_Laki_8023D1C0
Creating struct: $ConstDouble_Laki_8023D1C8
Creating struct: $ConstDouble_Laki_8023D1D0
Found $Lakilester (0)
Creating struct: $Script_Laki_Init_8023A320
Creating struct: $Script_Laki_HandleEvent_8023A390
Creating struct: $Script_Laki_TakeTurn_8023A6FC
Creating struct: $Script_Laki_8023A790
Creating struct: $Script_Laki_8023A7EC
Creating struct: $Script_Laki_8023A828
Creating struct: $Script_Laki_8023A8EC
Creating struct: $Script_GoBackToHome_Succeed
Creating struct: $Script_GoBackToHome_Failed
Creating struct: $Script_Init_SpinyFlip
Creating struct: $Script_SpinyFlip_DoStylish1
Creating struct: $Script_Init_SpinySurge
Creating struct: $Script_CloudNine_Main
Creating struct: $Script_CloudNine_Main_Alt
Creating struct: $Script_CloudNine_DoStylish
Creating struct: $Script_Init_CloudNine
Creating struct: $Script_Init_Hurricane
Merged 39 regions to 4
$Function_Laki_80239140 will be placed at 80238000 (length = E44 bytes)
$Script_Init_SpinyFlip will be placed at 8023A8EC (length = D54 bytes)
$Function_SpinyFlip_Cursor will be placed at 80238E44 (length = A30 bytes)
$Script_Init_SpinySurge will be placed at 8023B640 (length = 938 bytes)
$Script_CloudNine_Main will be placed at 80239874 (length = 878 bytes)
$Script_CloudNine_Main_Alt will be placed at 8023BF78 (length = 754 bytes)
$Script_Init_Hurricane will be placed at 8023C6CC (length = 6D0 bytes)
$Script_Laki_HandleEvent_8023A390 will be placed at 8023A390 (length = 36C bytes)
$Function_Laki_80238D8C will be placed at 8023CD9C (length = 2E0 bytes)
$Script_GoBackToHome_Succeed will be placed at 8023D07C (length = 25C bytes)
$Function_Laki_80239F84 will be placed at 8023D2D8 (length = 218 bytes)
$Script_SpinyFlip_DoStylish1 will be placed at 8023A6FC (length = 1D4 bytes)
$Script_Laki_8023A8EC will be placed at 8023D4F0 (length = 184 bytes)
$Script_CloudNine_DoStylish will be placed at 8023D674 (length = 184 bytes)
$Function_Laki_80238C58 will be placed at 8023D7F8 (length = F0 bytes)
$Function_Laki_80238A6C will be placed at 8023A0EC (length = E4 bytes)
$Function_Laki_8023906C will be placed at 8023D8E8 (length = D4 bytes)
$Function_Laki_80238B50 will be placed at 8023D9BC (length = C4 bytes)
$Script_Laki_8023A828 will be placed at 8023DA80 (length = B4 bytes)
$Script_Laki_TakeTurn_8023A6FC will be placed at 8023DB34 (length = 94 bytes)
$Script_GoBackToHome_Failed will be placed at 8023DBC8 (length = 88 bytes)
$Script_Init_CloudNine will be placed at 8023DC50 (length = 68 bytes)
$Script_Laki_Init_8023A320 will be placed at 8023A320 (length = 60 bytes)
$Script_Laki_8023A790 will be placed at 8023DCB8 (length = 5C bytes)
$Function_Laki_80238D48 will be placed at 8023DD14 (length = 44 bytes)
$Function_Laki_80238C14 will be placed at 8023DD58 (length = 44 bytes)
$Function_Laki_80238000 will be placed at 8023DD9C (length = 3C bytes)
$Script_Laki_8023A7EC will be placed at 8023DDD8 (length = 3C bytes)
$Function_Laki_8023A1B0 will be placed at 8023DE14 (length = 14 bytes)
$Function_Laki_8023A19C will be placed at 8023DE28 (length = 14 bytes)
$ConstDouble_Laki_8023D1C8 will be placed at 8023A8D0 (length = 8 bytes)
$ConstDouble_Laki_8023D1C0 will be placed at 8023DE40 (length = 8 bytes)
$ConstDouble_Laki_8023D1D0 will be placed at 8023DE48 (length = 8 bytes)
$ConstDouble_Laki_8023D1B8 will be placed at 8023DE50 (length = 8 bytes)
$ConstDouble_Laki_8023D1B0 will be placed at 8023DE58 (length = 8 bytes)
$???_Laki_8023AB80 will be placed at 8023A8D8 (length = 4 bytes)
$???_Laki_8023CCC0 will be placed at 8023DE3C (length = 4 bytes)
Changing pointer 8023D1E8 to 8023DE68 ($End[8])
Executing patch: 08 Bow.bpat
Found $Bow (0)
Creating struct: $Script_Bow_Init_80238440
Creating struct: $Script_Bow_Idle_802384A0
Creating struct: $Script_Bow_HandleEvent_802384B0
Creating struct: $Script_Bow_TakeTurn_8023881C
Creating struct: $Script_Bow_802388B0
Creating struct: $Script_Bow_802388FC
Creating struct: $Script_Bow_80238938
Creating struct: $Script_Bow_NextTurn_802389EC
Creating struct: $Script_Bow_80238A5C
Creating struct: $Script_Smack_GoBackToHome_Succeed
Creating struct: $Script_Bow_80238D4C
Creating struct: $Script_Spook_GoBackToHome
Creating struct: $Script_Init_Smack
Creating struct: $Script_Init_OuttaSight
Creating struct: $Script_OuttaSight_Reappear
Creating struct: $Script_Init_Spook
Creating struct: $Script_Init_FanSmack
Merged 20 regions to 2
$Script_Init_FanSmack will be placed at 80238440 (length = ED0 bytes)
$Script_Init_Spook will be placed at 80239310 (length = E68 bytes)
$Script_Init_Smack will be placed at 8023A178 (length = BF4 bytes)
$Script_Smack_GoBackToHome_Succeed will be placed at 8023AD6C (length = 6B8 bytes)
$Script_Init_OuttaSight will be placed at 8023B424 (length = 41C bytes)
$Script_Spook_GoBackToHome will be placed at 8023B840 (length = 3D8 bytes)
$Script_OuttaSight_Reappear will be placed at 8023BC18 (length = 370 bytes)
$Script_Bow_HandleEvent_802384B0 will be placed at 8023BF88 (length = 36C bytes)
$Script_Bow_80238D4C will be placed at 8023C2F4 (length = 194 bytes)
$Script_Bow_80238A5C will be placed at 8023C488 (length = 15C bytes)
$Script_Bow_80238938 will be placed at 8023C5E4 (length = B4 bytes)
$Script_Bow_TakeTurn_8023881C will be placed at 8023C698 (length = 94 bytes)
$Script_Bow_NextTurn_802389EC will be placed at 8023C72C (length = 70 bytes)
$Script_Bow_Init_80238440 will be placed at 8023C79C (length = 60 bytes)
$Script_Bow_802388B0 will be placed at 8023C7FC (length = 4C bytes)
$Script_Bow_802388FC will be placed at 8023C848 (length = 3C bytes)
$Script_Bow_Idle_802384A0 will be placed at 8023C884 (length = 10 bytes)
Executing patch: 00 Focus.bpat
Creating struct: $Function_802A1000_00
Creating struct: $Function_802A10AC_00
Creating struct: $Function_802A12E4_00
Creating struct: $Function_802A1414_00
Creating struct: $Function_802A1494_00
Creating struct: $Function_802A1518_00
Creating struct: $Function_802A15B0_00
Creating struct: $Script_802A1630_00
Creating struct: $Script_CancelFocus
Found $Script_UsePower (0)
Merged 10 regions to 5
$Script_802A1630_00 will be placed at 802A1518 (length = 398 bytes)
$Script_CancelFocus will be placed at 802A1414 (length = D4 bytes)
$Function_802A10AC_00 will be placed at 802A1000 (length = C0 bytes)
$Function_802A1000_00 will be placed at 802A27A0 (length = AC bytes)
$Function_802A1518_00 will be placed at 802A12E4 (length = 98 bytes)
$Function_802A12E4_00 will be placed at 802A18B0 (length = 98 bytes)
$Function_802A1414_00 will be placed at 802A10C0 (length = 80 bytes)
$Function_802A15B0_00 will be placed at 802A284C (length = 74 bytes)
$Function_802A1494_00 will be placed at 802A1948 (length = 54 bytes)
Executing patch: 04 ChillOut.bpat
Found $Script_UsePower (0)
Creating struct: $Script_ChillOut
Creating struct: $Function_ChillOut_802A1000
Creating struct: $Function_ChillOut_802A10AC
Creating struct: $Function_ChillOut_802A116C
Creating struct: $Function_ChillOut_802A1218
Creating struct: $Function_ChillOut_802A12E4
Creating struct: $Function_ChillOut_802A137C
Creating struct: $Function_MakeBackgroundDarker
Creating struct: $Function_SetAnimation_Partner
Creating struct: $Function_ChillOut_802A14E8
Creating struct: $Function_ClearEnd
Creating struct: $Function_1ActorAtLeastGotNerfed
Creating struct: $Function_PlayEffect_Smoke
Creating struct: $Function_TheresTargetsAvailable
Creating struct: $Function_DispatchFXs
Creating struct: $Script_ChillOut_PlayerPray
Creating struct: $Script_ChillOut_802A1C88
Creating struct: $Script_StarSpirit_FlyTowardsPlayer
Creating struct: $Script_SpawnNpc_Muscular
Creating struct: $Script_MakeBackgroundBrighter
Merged 22 regions to 2
$Script_ChillOut will be placed at 802A1000 (length = 510 bytes)
$Script_SpawnNpc_Muscular will be placed at 802A2CB8 (length = 450 bytes)
$Script_ChillOut_802A1C88 will be placed at 802A1510 (length = 398 bytes)
$Script_ChillOut_PlayerPray will be placed at 802A3108 (length = 398 bytes)
$Script_StarSpirit_FlyTowardsPlayer will be placed at 802A18A8 (length = 20C bytes)
$Function_DispatchFXs will be placed at 802A34A0 (length = 1F4 bytes)
$Script_MakeBackgroundBrighter will be placed at 802A1AB4 (length = 12C bytes)
$Function_PlayEffect_Smoke will be placed at 802A3694 (length = 100 bytes)
$Function_ChillOut_802A1218 will be placed at 802A1BE0 (length = CC bytes)
$Function_ChillOut_802A10AC will be placed at 802A3794 (length = C0 bytes)
$Function_TheresTargetsAvailable will be placed at 802A1CAC (length = B8 bytes)
$Function_ChillOut_802A116C will be placed at 802A3854 (length = AC bytes)
$Function_ChillOut_802A1000 will be placed at 802A1D64 (length = AC bytes)
$Function_ChillOut_802A12E4 will be placed at 802A3900 (length = 98 bytes)
$Function_ChillOut_802A137C will be placed at 802A1E10 (length = 98 bytes)
$Function_MakeBackgroundDarker will be placed at 802A3998 (length = 80 bytes)
$Function_SetAnimation_Partner will be placed at 802A1EA8 (length = 54 bytes)
$Function_ChillOut_802A14E8 will be placed at 802A3A18 (length = 30 bytes)
$Function_1ActorAtLeastGotNerfed will be placed at 802A1EFC (length = 14 bytes)
$Function_ClearEnd will be placed at 802A3A48 (length = 10 bytes)
Building world data...
Executing patch: bp_00.mpat
Creating struct: $Header
Creating struct: $EntryList
Creating struct: $Function_Init
Creating struct: $Script_Main
Creating struct: $Script_Init_TexturePanning
Creating struct: $TrackEntry
Creating struct: $Script_RestoreData_Roguelike
Creating struct: $Script_NukePitData
Creating struct: $RestoreBadgesFlags
Creating struct: $Function_ResetHighscores
Creating struct: $Function_DisableActivatedBadges
Creating struct: $RestorePartnersRanks
Creating struct: $RestoreMariosStats
Creating struct: $RestoreItems
Creating struct: $RestoreBadges
Creating struct: $ResetKeyStarPiecesBox
Creating struct: $RespawnPartner_PartnerBeforeEnteringRoguelike
Creating struct: $Script_PipeSpawns
Creating struct: $Script_Cutscene_Mistar
Creating struct: $SkipCutscene_Mistar
Creating struct: $Enter_HorizontalPipe
Creating struct: $Leave_HorizontalPipe
Creating struct: $NpcGroupList_Mistar
Creating struct: $NpcGroup_Mistar
Creating struct: $NpcSettings_Generic
Creating struct: $Script_null
Creating struct: $Script_MakeExits
Creating struct: $Script_Exit0
Creating struct: $Script_Exit1
Creating struct: $Script_TopPipe_TrackJoystick
Creating struct: $Function_TrackJoystick
Creating struct: $Function_SetAnimation
Creating struct: $Function_GetColliderPos
Creating struct: $Function_GetTattle
Merged 1 regions to 1
$RestoreBadgesFlags will be placed at 80240000 (length = 480 bytes)
$TrackEntry will be placed at 80240480 (length = 398 bytes)
$Script_RestoreData_Roguelike will be placed at 80240818 (length = 398 bytes)
$Enter_HorizontalPipe will be placed at 80240BB0 (length = 2DC bytes)
$RestoreItems will be placed at 80240E8C (length = 210 bytes)
$Script_Cutscene_Mistar will be placed at 8024109C (length = 208 bytes)
$RestoreBadges will be placed at 802412A4 (length = 1F8 bytes)
$NpcGroup_Mistar will be placed at 8024149C (length = 1F0 bytes)
$SkipCutscene_Mistar will be placed at 8024168C (length = 1D8 bytes)
$Script_PipeSpawns will be placed at 80241864 (length = 1D4 bytes)
$Leave_HorizontalPipe will be placed at 80241A38 (length = 1BC bytes)
$RestorePartnersRanks will be placed at 80241BF4 (length = 1B0 bytes)
$Script_TopPipe_TrackJoystick will be placed at 80241DA4 (length = 118 bytes)
$Script_Init_TexturePanning will be placed at 80241EBC (length = 110 bytes)
$RestoreMariosStats will be placed at 80241FCC (length = F8 bytes)
$Function_GetColliderPos will be placed at 802420C4 (length = E0 bytes)
$Script_Main will be placed at 802421A4 (length = D8 bytes)
$MapTattle will be placed at 8024227C (length = D4 bytes)
$String_Mistar1 will be placed at 80242350 (length = D0 bytes)
$Function_TrackJoystick will be placed at 80242420 (length = BC bytes)
$Script_NukePitData will be placed at 802424DC (length = B8 bytes)
$Function_SetAnimation will be placed at 80242594 (length = 6C bytes)
$Script_Exit1 will be placed at 80242600 (length = 50 bytes)
$Script_MakeExits will be placed at 80242650 (length = 48 bytes)
$Function_ResetHighscores will be placed at 80242698 (length = 48 bytes)
$RespawnPartner_PartnerBeforeEnteringRoguelike will be placed at 802426E0 (length = 48 bytes)
$Header will be placed at 80242728 (length = 40 bytes)
$Function_Init will be placed at 80242768 (length = 3C bytes)
$Script_Exit0 will be placed at 802427A4 (length = 3C bytes)
$EntryList will be placed at 802427E0 (length = 30 bytes)
$NpcSettings_Generic will be placed at 80242810 (length = 2C bytes)
$Function_DisableActivatedBadges will be placed at 8024283C (length = 28 bytes)
$ResetKeyStarPiecesBox will be placed at 80242864 (length = 18 bytes)
$NpcGroupList_Mistar will be placed at 8024287C (length = 18 bytes)
$Script_null will be placed at 80242894 (length = 10 bytes)
$Function_GetTattle will be placed at 802428A4 (length = C bytes)
$ASCII_"pt_255"_Literal will be placed at 802428B0 (length = C bytes)
$ASCII_"bp_01"_Literal will be placed at 802428BC (length = 8 bytes)
$ASCII_"arn_tex"_Literal will be placed at 802428C4 (length = 8 bytes)
Executing patch: bp_01.mpat
Creating struct: $Header
Creating struct: $EntryList
Creating struct: $Function_Init
Creating struct: $Script_Main
Creating struct: $Script_Init_TexturePanning
Creating struct: $Script_MakeEntities
Creating struct: $Script_ReadSign
Creating struct: $TrackEntry
Creating struct: $Enter_HorizontalPipe
Creating struct: $Leave_HorizontalPipe
Creating struct: $Script_MakeExits
Creating struct: $Script_Exit0
Creating struct: $Script_Exit1
Creating struct: $Script_Exit2
Creating struct: $Script_TopPipe_TrackJoystick
Creating struct: $Function_TrackJoystick
Creating struct: $Function_SetAnimation
Creating struct: $Function_GetColliderPos
Creating struct: $Function_GetTattle
Merged 1 regions to 1
$TrackEntry will be placed at 80240000 (length = 2BC bytes)
$Script_ReadSign will be placed at 802402BC (length = 2B0 bytes)
$Enter_HorizontalPipe will be placed at 8024056C (length = 2A4 bytes)
$Leave_HorizontalPipe will be placed at 80240810 (length = 1BC bytes)
$Script_Main will be placed at 802409CC (length = 154 bytes)
$Script_TopPipe_TrackJoystick will be placed at 80240B20 (length = 118 bytes)
$Script_Init_TexturePanning will be placed at 80240C38 (length = 110 bytes)
$Function_GetColliderPos will be placed at 80240D48 (length = E0 bytes)
$Function_TrackJoystick will be placed at 80240E28 (length = BC bytes)
$Script_Exit1 will be placed at 80240EE4 (length = A8 bytes)
$MapTattle will be placed at 80240F8C (length = 90 bytes)
$Script_MakeEntities will be placed at 8024101C (length = 74 bytes)
$Function_SetAnimation will be placed at 80241090 (length = 6C bytes)
$Script_MakeExits will be placed at 802410FC (length = 64 bytes)
$String_Highscore0_00_00 will be placed at 80241160 (length = 58 bytes)
$String_Highscore00_00_00 will be placed at 802411B8 (length = 58 bytes)
$String_Highscore0_0_00 will be placed at 80241210 (length = 58 bytes)
$String_Highscore0_00_0 will be placed at 80241268 (length = 58 bytes)
$String_Highscore00_0_00 will be placed at 802412C0 (length = 58 bytes)
$String_Highscore00_00_0 will be placed at 80241318 (length = 58 bytes)
$String_Highscore00_0_0 will be placed at 80241370 (length = 58 bytes)
$String_Highscore0_0_0 will be placed at 802413C8 (length = 58 bytes)
$EntryList will be placed at 80241420 (length = 50 bytes)
$Script_Exit0 will be placed at 80241470 (length = 50 bytes)
$Header will be placed at 802414C0 (length = 40 bytes)
$Function_Init will be placed at 80241500 (length = 3C bytes)
$Script_Exit2 will be placed at 8024153C (length = 3C bytes)
$String_TotalTurns will be placed at 80241578 (length = 28 bytes)
$String_QuestionMarks will be placed at 802415A0 (length = 24 bytes)
$Function_GetTattle will be placed at 802415C4 (length = C bytes)
$ASCII_"bp_02"_Literal will be placed at 802415D0 (length = 8 bytes)
$ASCII_"arn_tex"_Literal will be placed at 802415D8 (length = 8 bytes)
$ASCII_"bp_00"_Literal will be placed at 802415E0 (length = 8 bytes)
$ASCII_"bp_03"_Literal will be placed at 802415E8 (length = 8 bytes)
Executing patch: bp_02.mpat
Creating struct: $Header
Creating struct: $EntryList
Creating struct: $Function_Init
Creating struct: $Script_Main
Creating struct: $TrackEntry
Creating struct: $NpcGroupList_BlackPit
Creating struct: $NpcGroup_GoombaKing
Creating struct: $NpcGroup_BlackPit
Creating struct: $NpcSettings_Generic
Creating struct: $Script_null
Creating struct: $Script_Init_BP_GoombaKing
Creating struct: $Script_NpcIdle_GoombaKing
Creating struct: $Script_StartFirstBattle
Creating struct: $Script_Cutscene_WalkInit
Creating struct: $SkipCutscene_WalkInit
Creating struct: $Script_NpcOutcome_GoombaKing
Creating struct: $Script_BlackPit_MainScript
Creating struct: $Script_Cutscene_BattleEnds
Creating struct: $Script_Cutscene_BattleStarts
Creating struct: $SkipCutscene_BattleEnds
Creating struct: $SkipCutscene_BattleStarts
Creating struct: $Function_Format_BPBestTime
Creating struct: $CurrentBestTime
Creating struct: $Script_MakeExits
Creating struct: $Script_Exit0
Creating struct: $Script_Exit1
Creating struct: $Function_GetTattle
Merged 1 regions to 1
$NpcGroup_BlackPit will be placed at 80240000 (length = 1170 bytes)
$Script_BlackPit_MainScript will be placed at 80241170 (length = 994 bytes)
$SkipCutscene_WalkInit will be placed at 80241B04 (length = 230 bytes)
$SkipCutscene_BattleStarts will be placed at 80241D34 (length = 22C bytes)
$NpcGroup_GoombaKing will be placed at 80241F60 (length = 1F0 bytes)
$MapTattle will be placed at 80242150 (length = 168 bytes)
$SkipCutscene_BattleEnds will be placed at 802422B8 (length = 15C bytes)
$Script_Main will be placed at 80242414 (length = 120 bytes)
$Script_StartFirstBattle will be placed at 80242534 (length = 108 bytes)
$Script_NpcOutcome_GoombaKing will be placed at 8024263C (length = F8 bytes)
$Script_Exit0 will be placed at 80242734 (length = F8 bytes)
$TrackEntry will be placed at 8024282C (length = E8 bytes)
$Script_Cutscene_WalkInit will be placed at 80242914 (length = B0 bytes)
$Function_Format_BPBestTime will be placed at 802429C4 (length = 88 bytes)
$Script_NpcIdle_GoombaKing will be placed at 80242A4C (length = 80 bytes)
$Script_Cutscene_BattleStarts will be placed at 80242ACC (length = 74 bytes)
$Script_Exit1 will be placed at 80242B40 (length = 60 bytes)
$Script_Cutscene_BattleEnds will be placed at 80242BA0 (length = 50 bytes)
$Script_MakeExits will be placed at 80242BF0 (length = 48 bytes)
$Header will be placed at 80242C38 (length = 40 bytes)
$Function_Init will be placed at 80242C78 (length = 3C bytes)
$Script_Init_BP_GoombaKing will be placed at 80242CB4 (length = 38 bytes)
$NpcSettings_Generic will be placed at 80242CEC (length = 2C bytes)
$NpcGroupList_BlackPit will be placed at 80242D18 (length = 24 bytes)
$EntryList will be placed at 80242D3C (length = 20 bytes)
$Script_null will be placed at 80242D5C (length = 10 bytes)
$Function_GetTattle will be placed at 80242D6C (length = C bytes)
$ASCII_"bp_01"_Literal will be placed at 80242D78 (length = 8 bytes)
$ASCII_"arn_tex"_Literal will be placed at 80242D80 (length = 8 bytes)
$ASCII_"bp_03"_Literal will be placed at 80242D88 (length = 8 bytes)
$CurrentBestTime will be placed at 80242D90 (length = 4 bytes)
Executing patch: bp_03.mpat
Creating struct: $Header
Creating struct: $EntryList
Creating struct: $Function_Init
Creating struct: $Script_Main
Creating struct: $Script_Init_TexturePanning
Creating struct: $Script_MakeEntities
Creating struct: $Script_HealSP
Creating struct: $Script_SpawnPipe
Creating struct: $Enter_HorizontalPipe
Creating struct: $Leave_HorizontalPipe
Creating struct: $Function_GetColliderPos
Creating struct: $Function_SetAnimation
Creating struct: $TrackEntry
Creating struct: $Script_MakeExits
Creating struct: $Script_Exit0
Creating struct: $Script_Exit1
Creating struct: $Script_TopPipe_TrackJoystick
Creating struct: $Function_TrackJoystick
Creating struct: $Script_Exit2
Creating struct: $Script_CheatoWaitForPlayer
Creating struct: $NpcGroupList_Cheato
Creating struct: $NpcGroup_Mistar
Creating struct: $NpcGroup_Cheato
Creating struct: $Cheato_Settings
Creating struct: $Script_null
Creating struct: $Script_Init_Cheato
Creating struct: $Script_Cheato_Idle
Creating struct: $Script_Cutscene_Cheato_Main
Creating struct: $Script_Cutscene_bp_Cheato1
Creating struct: $Script_Cutscene_bp_Cheato2
Creating struct: $Script_Cutscene_bp_Cheato3
Creating struct: $Script_Cutscene_bp_Cheato4
Creating struct: $Script_Cutscene_bp_Cheato5
Creating struct: $SkipCutscene_Cheato1
Creating struct: $SkipCutscene_Cheato2
Creating struct: $SkipCutscene_Cheato3
Creating struct: $SkipCutscene_Cheato4
Creating struct: $SkipCutscene_Cheato5
Creating struct: $Function_GetTattle
Merged 1 regions to 1
$Script_Cutscene_Cheato_Main will be placed at 80240000 (length = 7E0 bytes)
$Enter_HorizontalPipe will be placed at 802407E0 (length = 304 bytes)
$Script_Exit2 will be placed at 80240AE4 (length = 2B8 bytes)
$Script_Cutscene_bp_Cheato4 will be placed at 80240D9C (length = 268 bytes)
$SkipCutscene_Cheato1 will be placed at 80241004 (length = 220 bytes)
$SkipCutscene_Cheato4 will be placed at 80241224 (length = 200 bytes)
$String_bp_Cheato5 will be placed at 80241424 (length = 1F4 bytes)
$NpcGroup_Mistar will be placed at 80241618 (length = 1F0 bytes)
$NpcGroup_Cheato will be placed at 80241808 (length = 1F0 bytes)
$SkipCutscene_Cheato5 will be placed at 802419F8 (length = 1D4 bytes)
$SkipCutscene_Cheato2 will be placed at 80241BCC (length = 1D4 bytes)
$Script_Main will be placed at 80241DA0 (length = 1D0 bytes)
$SkipCutscene_Cheato3 will be placed at 80241F70 (length = 1D0 bytes)
$Script_Cutscene_bp_Cheato2 will be placed at 80242140 (length = 1C0 bytes)
$Leave_HorizontalPipe will be placed at 80242300 (length = 1BC bytes)
$Script_SpawnPipe will be placed at 802424BC (length = 1A0 bytes)
$Script_Cutscene_bp_Cheato1 will be placed at 8024265C (length = 17C bytes)
$String_bp_Cheato7 will be placed at 802427D8 (length = 138 bytes)
$Script_TopPipe_TrackJoystick will be placed at 80242910 (length = 118 bytes)
$String_bp_Cheato6 will be placed at 80242A28 (length = 114 bytes)
$Script_Init_TexturePanning will be placed at 80242B3C (length = 110 bytes)
$Script_Cutscene_bp_Cheato3 will be placed at 80242C4C (length = 104 bytes)
$TrackEntry will be placed at 80242D50 (length = E8 bytes)
$String_bp_Mistar4 will be placed at 80242E38 (length = E8 bytes)
$Function_GetColliderPos will be placed at 80242F20 (length = E0 bytes)
$Script_Cutscene_bp_Cheato5 will be placed at 80243000 (length = CC bytes)
$Function_TrackJoystick will be placed at 802430CC (length = BC bytes)
$String_bp_Cheato4 will be placed at 80243188 (length = BC bytes)
$Script_MakeEntities will be placed at 80243244 (length = B4 bytes)
$String_bp_Cheato9 will be placed at 802432F8 (length = AC bytes)
$String_bp_Cheato8 will be placed at 802433A4 (length = A4 bytes)
$MapTattle will be placed at 80243448 (length = 78 bytes)
$Script_Cheato_Idle will be placed at 802434C0 (length = 70 bytes)
$Function_SetAnimation will be placed at 80243530 (length = 6C bytes)
$String_bp_Cheato10 will be placed at 8024359C (length = 64 bytes)
$String_bp_Mistar5 will be placed at 80243600 (length = 64 bytes)
$Script_MakeExits will be placed at 80243664 (length = 64 bytes)
$Script_Exit0 will be placed at 802436C8 (length = 50 bytes)
$EntryList will be placed at 80243718 (length = 50 bytes)
$String_bp_Mistar6 will be placed at 80243768 (length = 4C bytes)
$String_bp_Mistar2 will be placed at 802437B4 (length = 44 bytes)
$String_bp_Mistar1 will be placed at 802437F8 (length = 40 bytes)
$Header will be placed at 80243838 (length = 40 bytes)
$String_bp_Cheato11 will be placed at 80243878 (length = 40 bytes)
$Script_CheatoWaitForPlayer will be placed at 802438B8 (length = 40 bytes)
$Script_Exit1 will be placed at 802438F8 (length = 3C bytes)
$Function_Init will be placed at 80243934 (length = 3C bytes)
$String_bp_Cheato2_2 will be placed at 80243970 (length = 2C bytes)
$Cheato_Settings will be placed at 8024399C (length = 2C bytes)
$String_bp_Cheato1 will be placed at 802439C8 (length = 28 bytes)
$NpcGroupList_Cheato will be placed at 802439F0 (length = 24 bytes)
$Script_Init_Cheato will be placed at 80243A14 (length = 24 bytes)
$String_bp_Cheato12 will be placed at 80243A38 (length = 24 bytes)
$Script_HealSP will be placed at 80243A5C (length = 1C bytes)
$String_bp_Cheato2_1 will be placed at 80243A78 (length = 10 bytes)
$Script_null will be placed at 80243A88 (length = 10 bytes)
$String_bp_Mistar3 will be placed at 80243A98 (length = C bytes)
$Function_GetTattle will be placed at 80243AA4 (length = C bytes)
$ASCII_"bp_02"_Literal will be placed at 80243AB0 (length = 8 bytes)
$String_bp_Cheato3 will be placed at 80243AB8 (length = 8 bytes)
$ASCII_"bp_01"_Literal will be placed at 80243AC0 (length = 8 bytes)
$ASCII_"arn_tex"_Literal will be placed at 80243AC8 (length = 8 bytes)
$ASCII_"bp_04"_Literal will be placed at 80243AD0 (length = 8 bytes)
Executing patch: bp_04.mpat
Creating struct: $Header
Creating struct: $EntryList
Creating struct: $Function_Init
Creating struct: $Script_Main
Creating struct: $Script_TexturePanning_Dimentio2
Creating struct: $Script_Door
Creating struct: $NpcGroupList_bp04
Creating struct: $NpcGroup_Heroes
Creating struct: $NpcGroup_Dimentio1
Creating struct: $NpcGroup_Dimentio2
Creating struct: $NpcGroup_Dimentio3
Creating struct: $NpcGroup_RubyKing
Creating struct: $NpcGroup_Spirits
Creating struct: $NpcGroup_SpiritsDecoration
Creating struct: $NpcSettings_Generic
Creating struct: $Script_null
Creating struct: $TrackEntry
Creating struct: $Function_SaveItems_Checkpoint1
Creating struct: $Function_SaveItems_Checkpoint2
Creating struct: $Function_SaveMisc_Checkpoint1
Creating struct: $Function_SaveMisc_Checkpoint2
Creating struct: $Function_Restore_Items_1
Creating struct: $Function_Restore_Items_2
Creating struct: $Function_Restore_HPFP_1
Creating struct: $Function_Restore_HPFP_2
Creating struct: $RespawnPartner
Creating struct: $DespawnPartner
Creating struct: $Script_Cutscene_bp_Dimentio1
Creating struct: $Script_Cutscene_bp_Dimentio1_2
Creating struct: $Script_Cutscene_bp_Dimentio1_3
Creating struct: $SkipCutscene_Dimentio1_2
Creating struct: $SkipCutscene_Dimentio1_3
Creating struct: $Script_Cutscene_bp_Dimentio2
Creating struct: $Script_Cutscene_bp_Dimentio2_2
Creating struct: $Script_Cutscene_bp_Dimentio2_3
Creating struct: $Script_Cutscene_bp_Dimentio2_4
Creating struct: $Script_Cutscene_bp_Dimentio2_5
Creating struct: $SkipCutscene_Dimentio2_2
Creating struct: $SkipCutscene_Dimentio2_3
Creating struct: $SkipCutscene_Dimentio2_4
Creating struct: $SkipCutscene_Dimentio2_5
Creating struct: $Script_Cutscene_bp_Dimentio3
Creating struct: $Script_Cutscene_bp_Dimentio3_2
Creating struct: $Script_Cutscene_bp_Dimentio3_3
Creating struct: $Script_Cutscene_bp_Dimentio3_4
Creating struct: $SkipCutscene_Dimentio3_2
Creating struct: $SkipCutscene_Dimentio3_3
Creating struct: $SkipCutscene_Dimentio3_4
Creating struct: $Script_Cutscene_Ending_6
Creating struct: $Path_Hammer1
Creating struct: $Path_Hammer2
Creating struct: $Script_ToogleMariosVisibility
Creating struct: $Script_CameraFollowsPlayer
Creating struct: $Script_StickMarioNPCToPlayer
Creating struct: $Script_StickMarioToMarioNPC
Creating struct: $Script_StickMarioToKooper
Creating struct: $Script_StickMarioToParakarry
Creating struct: $Script_StickMarioNPCToLakilester
Creating struct: $Script_Lakilester_SFX
Creating struct: $Script_ShakeCam_Bombette
Creating struct: $PlayEffect_Explotion
Creating struct: $Script_NpcMoveTo_Dimentio1
Creating struct: $Script_NpcMoveTo_Kooper1
Creating struct: $Script_NpcMoveTo_Bombette1
Creating struct: $Script_NpcMoveTo_Bombette2
Creating struct: $Script_NpcMoveTo_Parakarry1
Creating struct: $Script_NpcMoveTo_Lakilester1
Creating struct: $Script_Cutscene_Ending_EndDimentio
Creating struct: $Script_MarioNPC_SetAnimations1
Creating struct: $Script_Cutscene_Ending_7
Creating struct: $Script_BP_Spirits_1
Creating struct: $Script_StickEveryoneToNpc1
Creating struct: $Script_Spirits_Spin1
Creating struct: $Script_BP_SpiritFly_1
Creating struct: $Script_BP_SpiritFly_2
Creating struct: $Script_BP_SpiritFly_3
Creating struct: $Script_BP_SpiritFly_4
Creating struct: $Script_BP_SpiritFly_5
Creating struct: $Script_BP_SpiritFly_6
Creating struct: $Script_Spirits_Spin1_NpcFlyTo1
Creating struct: $Script_Spirits_Spin1_NpcFlyTo2
Creating struct: $Script_Spirits_Spin1_NpcFlyTo3
Creating struct: $Script_Spirits_Spin1_NpcFlyTo4
Creating struct: $Script_Spirits_Spin1_NpcFlyTo5
Creating struct: $Script_AllNpcsFlip
Creating struct: $Script_Cutscene_Ending_EmitterEmbers
Creating struct: $Script_NPC_Init_Dimentio1
Creating struct: $Script_NPC_Init_Dimentio2
Creating struct: $Script_NPC_Init_Dimentio3
Creating struct: $Npc_Dimentio1_Idle
Creating struct: $Npc_Dimentio2_Idle
Creating struct: $Npc_Dimentio3_Idle
Creating struct: $Npc_Dimentio1_TrackBattle
Creating struct: $Npc_Dimentio2_TrackBattle
Creating struct: $Npc_Dimentio3_TrackBattle
Creating struct: $Function_GetTattle
Merged 1 regions to 1
$Script_Cutscene_Ending_6 will be placed at 80240000 (length = 1614 bytes)
$Script_Cutscene_bp_Dimentio2 will be placed at 80241614 (length = 14A0 bytes)
$NpcGroup_Heroes will be placed at 80242AB4 (length = 1360 bytes)
$Script_NpcMoveTo_Bombette1 will be placed at 80243E14 (length = E34 bytes)
$Script_Cutscene_bp_Dimentio3 will be placed at 80244C48 (length = CD8 bytes)
$NpcGroup_Spirits will be placed at 80245920 (length = BA0 bytes)
$NpcGroup_SpiritsDecoration will be placed at 802464C0 (length = BA0 bytes)
$Script_Cutscene_bp_Dimentio1 will be placed at 80247060 (length = 810 bytes)
$Script_Cutscene_Ending_7 will be placed at 80247870 (length = 6B8 bytes)
$Script_BP_Spirits_1 will be placed at 80247F28 (length = 6A0 bytes)
$Script_StickEveryoneToNpc1 will be placed at 802485C8 (length = 644 bytes)
$TrackEntry will be placed at 80248C0C (length = 5A0 bytes)
$Script_Cutscene_bp_Dimentio1_2 will be placed at 802491AC (length = 4C8 bytes)
$Script_Cutscene_bp_Dimentio3_4 will be placed at 80249674 (length = 3F4 bytes)
$Script_Cutscene_bp_Dimentio2_2 will be placed at 80249A68 (length = 2F4 bytes)
$SkipCutscene_Dimentio1_2 will be placed at 80249D5C (length = 260 bytes)
$SkipCutscene_Dimentio3_4 will be placed at 80249FBC (length = 258 bytes)
$PlayEffect_Explotion will be placed at 8024A214 (length = 23C bytes)
$SkipCutscene_Dimentio2_2 will be placed at 8024A450 (length = 214 bytes)
$NpcGroup_RubyKing will be placed at 8024A664 (length = 1F0 bytes)
$NpcGroup_Dimentio2 will be placed at 8024A854 (length = 1F0 bytes)
$NpcGroup_Dimentio3 will be placed at 8024AA44 (length = 1F0 bytes)
$NpcGroup_Dimentio1 will be placed at 8024AC34 (length = 1F0 bytes)
$Script_Cutscene_Ending_EndDimentio will be placed at 8024AE24 (length = 1EC bytes)
$SkipCutscene_Dimentio2_4 will be placed at 8024B010 (length = 1DC bytes)
$Script_NpcMoveTo_Bombette2 will be placed at 8024B1EC (length = 1D8 bytes)
$SkipCutscene_Dimentio3_3 will be placed at 8024B3C4 (length = 1D0 bytes)
$SkipCutscene_Dimentio1_3 will be placed at 8024B594 (length = 1C8 bytes)
$SkipCutscene_Dimentio2_5 will be placed at 8024B75C (length = 1C4 bytes)
$Script_AllNpcsFlip will be placed at 8024B920 (length = 1C0 bytes)
$Script_Cutscene_bp_Dimentio3_3 will be placed at 8024BAE0 (length = 1B8 bytes)
$Script_StickMarioToKooper will be placed at 8024BC98 (length = 1A8 bytes)
$SkipCutscene_Dimentio2_3 will be placed at 8024BE40 (length = 1A4 bytes)
$Script_NpcMoveTo_Dimentio1 will be placed at 8024BFE4 (length = 1A0 bytes)
$SkipCutscene_Dimentio3_2 will be placed at 8024C184 (length = 190 bytes)
$Script_StickMarioToParakarry will be placed at 8024C314 (length = 15C bytes)
$Script_Main will be placed at 8024C470 (length = 150 bytes)
$String_bp_FinalBoss_Dimentio10 will be placed at 8024C5C0 (length = 140 bytes)
$Script_Cutscene_bp_Dimentio2_3 will be placed at 8024C700 (length = 120 bytes)
$Script_Spirits_Spin1 will be placed at 8024C820 (length = 114 bytes)
$Script_CameraFollowsPlayer will be placed at 8024C934 (length = 110 bytes)
$Script_Cutscene_bp_Dimentio1_3 will be placed at 8024CA44 (length = 110 bytes)
$Script_TexturePanning_Dimentio2 will be placed at 8024CB54 (length = 110 bytes)
$Script_NpcMoveTo_Lakilester1 will be placed at 8024CC64 (length = 108 bytes)
$Script_Cutscene_bp_Dimentio2_4 will be placed at 8024CD6C (length = 104 bytes)
$Script_NpcMoveTo_Parakarry1 will be placed at 8024CE70 (length = 100 bytes)
$String_bp_FinalBoss_Dimentio4 will be placed at 8024CF70 (length = E0 bytes)
$Script_ToogleMariosVisibility will be placed at 8024D050 (length = E0 bytes)
$Script_StickMarioNPCToLakilester will be placed at 8024D130 (length = D8 bytes)
$String_bp_FinalBoss_Dimentio13 will be placed at 8024D208 (length = D4 bytes)
$String_Ending_Mistar2 will be placed at 8024D2DC (length = CC bytes)
$Script_MarioNPC_SetAnimations1 will be placed at 8024D3A8 (length = CC bytes)
$String_bp_FinalBoss_Dimentio5 will be placed at 8024D474 (length = BC bytes)
$Script_StickMarioToMarioNPC will be placed at 8024D530 (length = B4 bytes)
$Npc_Dimentio3_Idle will be placed at 8024D5E4 (length = B4 bytes)
$String_bp_FinalBoss_Dimentio7 will be placed at 8024D698 (length = B4 bytes)
$Script_StickMarioNPCToPlayer will be placed at 8024D74C (length = B4 bytes)
$String_bp_FinalBoss_Mistar5 will be placed at 8024D800 (length = AC bytes)
$Script_Lakilester_SFX will be placed at 8024D8AC (length = A8 bytes)
$Script_Cutscene_Ending_EmitterEmbers will be placed at 8024D954 (length = 9C bytes)
$String_bp_FinalBoss_Dimentio1 will be placed at 8024D9F0 (length = 94 bytes)
$Script_ShakeCam_Bombette will be placed at 8024DA84 (length = 90 bytes)
$Script_BP_SpiritFly_2 will be placed at 8024DB14 (length = 80 bytes)
$Script_BP_SpiritFly_3 will be placed at 8024DB94 (length = 80 bytes)
$Script_BP_SpiritFly_5 will be placed at 8024DC14 (length = 80 bytes)
$Script_BP_SpiritFly_6 will be placed at 8024DC94 (length = 80 bytes)
$String_bp_FinalBoss_Dimentio12 will be placed at 8024DD14 (length = 80 bytes)
$String_Ending_Mistar1 will be placed at 8024DD94 (length = 80 bytes)
$String_bp_FinalBoss_Mistar6 will be placed at 8024DE14 (length = 7C bytes)
$Script_Cutscene_bp_Dimentio2_5 will be placed at 8024DE90 (length = 78 bytes)
$Npc_Dimentio1_Idle will be placed at 8024DF08 (length = 74 bytes)
$String_bp_FinalBoss_Mistar2 will be placed at 8024DF7C (length = 74 bytes)
$Npc_Dimentio2_Idle will be placed at 8024DFF0 (length = 74 bytes)
$Script_BP_SpiritFly_1 will be placed at 8024E064 (length = 70 bytes)
$Script_BP_SpiritFly_4 will be placed at 8024E0D4 (length = 70 bytes)
$Script_NpcMoveTo_Kooper1 will be placed at 8024E144 (length = 6C bytes)
$String_bp_FinalBoss_Dimentio11 will be placed at 8024E1B0 (length = 6C bytes)
$Npc_Dimentio1_TrackBattle will be placed at 8024E21C (length = 6C bytes)
$Npc_Dimentio2_TrackBattle will be placed at 8024E288 (length = 6C bytes)
$Script_Cutscene_bp_Dimentio3_2 will be placed at 8024E2F4 (length = 68 bytes)
$Npc_Dimentio3_TrackBattle will be placed at 8024E35C (length = 64 bytes)
$NpcGroupList_bp04 will be placed at 8024E3C0 (length = 60 bytes)
$String_bp_FinalBoss_Dimentio3 will be placed at 8024E420 (length = 60 bytes)
$Script_Spirits_Spin1_NpcFlyTo2 will be placed at 8024E480 (length = 54 bytes)
$Script_Spirits_Spin1_NpcFlyTo3 will be placed at 8024E4D4 (length = 54 bytes)
$Script_Spirits_Spin1_NpcFlyTo4 will be placed at 8024E528 (length = 54 bytes)
$Script_Spirits_Spin1_NpcFlyTo5 will be placed at 8024E57C (length = 54 bytes)
$Script_Spirits_Spin1_NpcFlyTo1 will be placed at 8024E5D0 (length = 54 bytes)
$EntryList will be placed at 8024E624 (length = 50 bytes)
$String_bp_FinalBoss_Dimentio6 will be placed at 8024E674 (length = 50 bytes)
$String_bp_FinalBoss_Mistar8 will be placed at 8024E6C4 (length = 48 bytes)
$Script_Door will be placed at 8024E70C (length = 48 bytes)
$Header will be placed at 8024E754 (length = 40 bytes)
$Function_SaveMisc_Checkpoint1 will be placed at 8024E794 (length = 40 bytes)
$Function_SaveMisc_Checkpoint2 will be placed at 8024E7D4 (length = 40 bytes)
$String_bp_FinalBoss_Mistar7 will be placed at 8024E814 (length = 40 bytes)
$String_Ending_Dimentio1 will be placed at 8024E854 (length = 3C bytes)
$Function_Init will be placed at 8024E890 (length = 3C bytes)
$String_bp_FinalBoss_Mistar3 will be placed at 8024E8CC (length = 3C bytes)
$String_bp_FinalBoss_Dimentio8 will be placed at 8024E908 (length = 3C bytes)
$Script_NPC_Init_Dimentio1 will be placed at 8024E944 (length = 38 bytes)
$Script_NPC_Init_Dimentio3 will be placed at 8024E97C (length = 38 bytes)
$Script_NPC_Init_Dimentio2 will be placed at 8024E9B4 (length = 38 bytes)
$String_Ending_Mistar3 will be placed at 8024E9EC (length = 38 bytes)
$RespawnPartner will be placed at 8024EA24 (length = 34 bytes)
$Function_Restore_HPFP_1 will be placed at 8024EA58 (length = 34 bytes)
$Function_Restore_HPFP_2 will be placed at 8024EA8C (length = 34 bytes)
$Function_Restore_Items_2 will be placed at 8024EAC0 (length = 34 bytes)
$Function_Restore_Items_1 will be placed at 8024EAF4 (length = 34 bytes)
$Function_SaveItems_Checkpoint2 will be placed at 8024EB28 (length = 34 bytes)
$Function_SaveItems_Checkpoint1 will be placed at 8024EB5C (length = 34 bytes)
$Path_Hammer2 will be placed at 8024EB90 (length = 30 bytes)
$Path_Hammer1 will be placed at 8024EBC0 (length = 30 bytes)
$NpcSettings_Generic will be placed at 8024EBF0 (length = 2C bytes)
$DespawnPartner will be placed at 8024EC1C (length = 2C bytes)
$MapTattle will be placed at 8024EC48 (length = 28 bytes)
$String_bp_FinalBoss_Mistar4 will be placed at 8024EC70 (length = 24 bytes)
$String_Door will be placed at 8024EC94 (length = 20 bytes)
$String_bp_FinalBoss_Mistar1 will be placed at 8024ECB4 (length = 20 bytes)
$String_bp_FinalBoss_Dimentio2 will be placed at 8024ECD4 (length = 18 bytes)
$String_bp_FinalBoss_Mistar9 will be placed at 8024ECEC (length = 10 bytes)
$Script_null will be placed at 8024ECFC (length = 10 bytes)
$ASCII_"pre_03"_Literal will be placed at 8024ED0C (length = C bytes)
$String_bp_FinalBoss_Dimentio9 will be placed at 8024ED18 (length = C bytes)
$Function_GetTattle will be placed at 8024ED24 (length = C bytes)
$ASCII_"bp_05"_Literal will be placed at 8024ED30 (length = 8 bytes)
$ASCII_"arn_tex"_Literal will be placed at 8024ED38 (length = 8 bytes)
Executing patch: bp_05.mpat
Creating struct: $Header
Creating struct: $EntryList
Creating struct: $Function_Init
Creating struct: $Script_Main
Creating struct: $NpcGroupList_Credits
Creating struct: $NpcGroup_Partners
Creating struct: $NpcGroup_Lobby
Creating struct: $NpcGroup_Spirits1
Creating struct: $NpcGroup_Spirits2
Creating struct: $NpcGroup_SpiritsFX
Creating struct: $NpcSettings_Generic
Creating struct: $Script_null
Creating struct: $Script_Cutscene_Credits
Creating struct: $Script_SomeSpiritsFlyAway
Creating struct: $Script_SoulFlies_1
Creating struct: $Script_SoulFlies_2
Creating struct: $Script_SoulFlies_3
Creating struct: $Script_SoulFlies_4
Creating struct: $Script_SoulFlies_5
Creating struct: $Script_SoulFlies_6
Creating struct: $Script_SoulFlies
Creating struct: $Script_SetAllNpcsAnimation_Idle
Creating struct: $Script_NpcFlyTo_Mistar
Creating struct: $Script_CheatoFliesAway
Creating struct: $Script_EmitterEmbers
Creating struct: $Script_LoopMarioAnimation_LookAround
Creating struct: $Script_LoopMarioAnimation_Talking
Creating struct: $Script_SetEveryoneAnimations1
Creating struct: $Script_Talking_GombANDKoop
Creating struct: $Script_Talking_BombANDBow
Creating struct: $Script_Talking_ParaANDLaki
Creating struct: $Script_Talking_SushANDWatt
Creating struct: $Script_StickCheatoGangToNpc
Creating struct: $Script_StickMarioGangToNpc
Creating struct: $Script_StickMistarToNpc
Creating struct: $Script_ShowCredits
Creating struct: $ShowBlackPitCredits
Creating struct: $Scrip_ShowTitles
Creating struct: $CreditList_Start
Creating struct: $CreditList_Titles
Creating struct: $CreditList_Names
Creating struct: $Function_ShowCreditList
Creating struct: $Function_80242358
Creating struct: $???_80242D70
Creating struct: $Function_InitCredits
Creating struct: $Function_80242500
Creating struct: $Function_802421D8
Creating struct: $???_80242D60
Creating struct: $Function_80241B34
Creating struct: $???_8024E8C0
Creating struct: $JumpTable_8024E900
Creating struct: $JumpTable_8024E940
Creating struct: $???_80242CD8
Creating struct: $???_80242C70
Creating struct: $Function_80240270
Creating struct: $Function_80240540
Creating struct: $Function_8024081C
Creating struct: $Function_80240AE8
Creating struct: $Function_80240EB0
Creating struct: $Function_802411CC
Creating struct: $Function_802414CC
Creating struct: $Function_80241768
Creating struct: $Function_802419F8
Merged 1 regions to 1
$NpcGroup_Partners will be placed at 80240000 (length = 1170 bytes)
$Script_Cutscene_Credits will be placed at 80241170 (length = C28 bytes)
$NpcGroup_Spirits2 will be placed at 80241D98 (length = BA0 bytes)
$NpcGroup_Spirits1 will be placed at 80242938 (length = BA0 bytes)
$NpcGroup_SpiritsFX will be placed at 802434D8 (length = BA0 bytes)
$CreditList_Names will be placed at 80244078 (length = 7E0 bytes)
$NpcGroup_Lobby will be placed at 80244858 (length = 7C0 bytes)
$Function_80241B34 will be placed at 80245018 (length = 6A4 bytes)
$Script_StickMarioGangToNpc will be placed at 802456BC (length = 644 bytes)
$Script_StickCheatoGangToNpc will be placed at 80245D00 (length = 450 bytes)
$Function_80240AE8 will be placed at 80246150 (length = 3C8 bytes)
$CreditList_Titles will be placed at 80246518 (length = 310 bytes)
$Function_80240540 will be placed at 80246828 (length = 2DC bytes)
$Function_80240270 will be placed at 80246B04 (length = 2D0 bytes)
$Function_8024081C will be placed at 80246DD4 (length = 2CC bytes)
$Function_802414CC will be placed at 802470A0 (length = 29C bytes)
$Script_SoulFlies will be placed at 8024733C (length = 298 bytes)
$Function_80241768 will be placed at 802475D4 (length = 290 bytes)
$Script_Talking_GombANDKoop will be placed at 80247864 (length = 1E0 bytes)
$Script_Talking_BombANDBow will be placed at 80247A44 (length = 1B8 bytes)
$Function_80242358 will be placed at 80247BFC (length = 1A8 bytes)
$Function_802421D8 will be placed at 80247DA4 (length = 180 bytes)
$Script_Talking_SushANDWatt will be placed at 80247F24 (length = 178 bytes)
$Script_SomeSpiritsFlyAway will be placed at 8024809C (length = 160 bytes)
$Script_Talking_ParaANDLaki will be placed at 802481FC (length = 144 bytes)
$Function_802419F8 will be placed at 80248340 (length = 13C bytes)
$Function_80240EB0 will be placed at 8024847C (length = 13C bytes)
$Script_LoopMarioAnimation_Talking will be placed at 802485B8 (length = 13C bytes)
$Function_ShowCreditList will be placed at 802486F4 (length = 100 bytes)
$Script_SetAllNpcsAnimation_Idle will be placed at 802487F4 (length = 100 bytes)
$Script_StickMistarToNpc will be placed at 802488F4 (length = E8 bytes)
$Script_Main will be placed at 802489DC (length = CC bytes)
$Function_802411CC will be placed at 80248AA8 (length = C8 bytes)
$Script_EmitterEmbers will be placed at 80248B70 (length = C4 bytes)
$Script_LoopMarioAnimation_LookAround will be placed at 80248C34 (length = AC bytes)
$???_80242CD8 will be placed at 80248CE0 (length = 88 bytes)
$Script_NpcFlyTo_Mistar will be placed at 80248D68 (length = 88 bytes)
$Script_CheatoFliesAway will be placed at 80248DF0 (length = 74 bytes)
$CreditList_Start will be placed at 80248E64 (length = 70 bytes)
$???_80242C70 will be placed at 80248ED4 (length = 68 bytes)
$Function_80242500 will be placed at 80248F3C (length = 58 bytes)
$Script_SetEveryoneAnimations1 will be placed at 80248F94 (length = 58 bytes)
$Script_SoulFlies_5 will be placed at 80248FEC (length = 4C bytes)
$Script_SoulFlies_6 will be placed at 80249038 (length = 4C bytes)
$Script_SoulFlies_1 will be placed at 80249084 (length = 4C bytes)
$Script_SoulFlies_2 will be placed at 802490D0 (length = 4C bytes)
$Script_SoulFlies_3 will be placed at 8024911C (length = 4C bytes)
$Script_SoulFlies_4 will be placed at 80249168 (length = 4C bytes)
$NpcGroupList_Credits will be placed at 802491B4 (length = 48 bytes)
$Header will be placed at 802491FC (length = 40 bytes)
$JumpTable_8024E900 will be placed at 8024923C (length = 40 bytes)
$???_8024E8C0 will be placed at 8024927C (length = 40 bytes)
$ShowBlackPitCredits will be placed at 802492BC (length = 3C bytes)
$Function_Init will be placed at 802492F8 (length = 3C bytes)
$Script_ShowCredits will be placed at 80249334 (length = 34 bytes)
$NpcSettings_Generic will be placed at 80249368 (length = 2C bytes)
$Function_InitCredits will be placed at 80249394 (length = 28 bytes)
$String_AnimationsAndModeling will be placed at 802493BC (length = 20 bytes)
$String_Dimentio_Sprite will be placed at 802493DC (length = 20 bytes)
$Scrip_ShowTitles will be placed at 802493FC (length = 20 bytes)
$String_PM_BlackPit will be placed at 8024941C (length = 1C bytes)
$JumpTable_8024E940 will be placed at 80249438 (length = 18 bytes)
$String_SpecialThanks will be placed at 80249450 (length = 18 bytes)
$String_Stupspider150 will be placed at 80249468 (length = 14 bytes)
$String_Spriters will be placed at 8024947C (length = 14 bytes)
$String_Thamz will be placed at 80249490 (length = 14 bytes)
$String_TheProcrastor will be placed at 802494A4 (length = 14 bytes)
$String_RomHackBy will be placed at 802494B8 (length = 10 bytes)
$String_BlueWarrior will be placed at 802494C8 (length = 10 bytes)
$String_ProofReaders will be placed at 802494D8 (length = 10 bytes)
$String_LordMc will be placed at 802494E8 (length = 10 bytes)
$String_TriplePain will be placed at 802494F8 (length = 10 bytes)
$EntryList will be placed at 80249508 (length = 10 bytes)
$String_1upShyguy will be placed at 80249518 (length = 10 bytes)
$String_GamerFourFun will be placed at 80249528 (length = 10 bytes)
$???_80242D60 will be placed at 80249538 (length = 10 bytes)
$String_TenthClass will be placed at 80249548 (length = 10 bytes)
$String_Scripting will be placed at 80249558 (length = 10 bytes)
$String_Twopie will be placed at 80249568 (length = 10 bytes)
$String_Tengo86 will be placed at 80249578 (length = 10 bytes)
$Script_null will be placed at 80249588 (length = 10 bytes)
$String_Music will be placed at 80249598 (length = 10 bytes)
$String_KevinArthur will be placed at 802495A8 (length = 10 bytes)
$String_kappy will be placed at 802495B8 (length = C bytes)
$String_Clover will be placed at 802495C4 (length = C bytes)
$String_solis will be placed at 802495D0 (length = C bytes)
$String_hack64 will be placed at 802495DC (length = C bytes)
$String_Lutarez will be placed at 802495E8 (length = C bytes)
$String_Brotenko will be placed at 802495F4 (length = C bytes)
$String_Pelouch will be placed at 80249600 (length = C bytes)
$String_elDexter will be placed at 8024960C (length = C bytes)
$String_Glower will be placed at 80249618 (length = C bytes)
$String_Mixing will be placed at 80249624 (length = C bytes)
$String_Avenger will be placed at 80249630 (length = C bytes)
$String_Testers will be placed at 8024963C (length = C bytes)
$String_DMZapp will be placed at 80249648 (length = C bytes)
$String_Staff will be placed at 80249654 (length = C bytes)
$String_Xdelta will be placed at 80249660 (length = C bytes)
$String_Magus will be placed at 8024966C (length = C bytes)
$String_Rain will be placed at 80249678 (length = 8 bytes)
$String_NEWB will be placed at 80249680 (length = 8 bytes)
$String_Mov will be placed at 80249688 (length = 8 bytes)
$String_ASM will be placed at 80249690 (length = 8 bytes)
$ASCII_"bp_07"_Literal will be placed at 80249698 (length = 8 bytes)
$String_Art will be placed at 802496A0 (length = 8 bytes)
$String_MIDI will be placed at 802496A8 (length = 8 bytes)
$String_Alex will be placed at 802496B0 (length = 8 bytes)
$ASCII_"arn_tex"_Literal will be placed at 802496B8 (length = 8 bytes)
$???_80242D70 will be placed at 802496C0 (length = 4 bytes)
Executing patch: bp_06.mpat
Creating struct: $Header
Creating struct: $EntryList
Creating struct: $Function_Init
Creating struct: $Script_Main
Creating struct: $Script_Intro_MarioFalls
Creating struct: $NpcGroupList_Mario
Creating struct: $NpcGroup_Mario
Creating struct: $NpcGroupList
Creating struct: $NpcGroup_TheEnd
Creating struct: $NpcSettings_Generic
Creating struct: $Script_null
Creating struct: $Script_Oaklie_WalkAnimation
Creating struct: $Script_TheEnd
Creating struct: $Script_NpcMoveTo_Cheato
Creating struct: $Script_NpcMoveTo_Fishmael
Creating struct: $Script_NpcMoveTo_Oaklie
Creating struct: $Script_NpcMoveTo_Chuck
Creating struct: $Script_NpcMoveTo_Mistar
Creating struct: $Script_KingDisappears
Creating struct: $VectorList_mistar_patch
Creating struct: $Function_LoadPath
Merged 1 regions to 1
$NpcGroup_TheEnd will be placed at 80240000 (length = D90 bytes)
$Script_Intro_MarioFalls will be placed at 80240D90 (length = 20C bytes)
$NpcGroup_Mario will be placed at 80240F9C (length = 1F0 bytes)
$Script_TheEnd will be placed at 8024118C (length = 1D0 bytes)
$Script_KingDisappears will be placed at 8024135C (length = 19C bytes)
$Script_Main will be placed at 802414F8 (length = 114 bytes)
$Function_LoadPath will be placed at 8024160C (length = 114 bytes)
$Script_NpcMoveTo_Mistar will be placed at 80241720 (length = BC bytes)
$Script_Oaklie_WalkAnimation will be placed at 802417DC (length = 84 bytes)
$Script_NpcMoveTo_Cheato will be placed at 80241860 (length = 6C bytes)
$Script_NpcMoveTo_Chuck will be placed at 802418CC (length = 6C bytes)
$Script_NpcMoveTo_Oaklie will be placed at 80241938 (length = 6C bytes)
$Script_NpcMoveTo_Fishmael will be placed at 802419A4 (length = 6C bytes)
$Header will be placed at 80241A10 (length = 40 bytes)
$Function_Init will be placed at 80241A50 (length = 3C bytes)
$VectorList_mistar_patch will be placed at 80241A8C (length = 3C bytes)
$NpcSettings_Generic will be placed at 80241AC8 (length = 2C bytes)
$EntryList will be placed at 80241AF4 (length = 20 bytes)
$NpcGroupList_Mario will be placed at 80241B14 (length = 18 bytes)
$NpcGroupList will be placed at 80241B2C (length = 18 bytes)
$Script_null will be placed at 80241B44 (length = 10 bytes)
$ASCII_"pre_03"_Literal will be placed at 80241B54 (length = C bytes)
$ASCII_"pt_255"_Literal will be placed at 80241B60 (length = C bytes)
$ASCII_"kmr_tex"_Literal will be placed at 80241B6C (length = 8 bytes)
Executing patch: bp_07.mpat
Creating struct: $Header
Creating struct: $EntryList
Creating struct: $Function_Init
Creating struct: $Script_Main
Creating struct: $NpcGroupList
Creating struct: $NpcGroup_Partners
Creating struct: $NpcSettings_Generic
Creating struct: $Script_null
Creating struct: $Script_SetNpcs
Creating struct: $Script_NpcMoveTo_Kooper
Creating struct: $Script_NpcMoveTo_Bombette
Creating struct: $Script_NpcMoveTo_Bow
Creating struct: $Script_NpcMoveTo_Watt
Merged 1 regions to 1
$NpcGroup_Partners will be placed at 80240000 (length = F80 bytes)
$Script_SetNpcs will be placed at 80240F80 (length = 1B0 bytes)
$Script_Main will be placed at 80241130 (length = A4 bytes)
$Script_NpcMoveTo_Kooper will be placed at 802411D4 (length = 84 bytes)
$Script_NpcMoveTo_Bow will be placed at 80241258 (length = 78 bytes)
$Script_NpcMoveTo_Watt will be placed at 802412D0 (length = 74 bytes)
$Script_NpcMoveTo_Bombette will be placed at 80241344 (length = 6C bytes)
$Header will be placed at 802413B0 (length = 40 bytes)
$Function_Init will be placed at 802413F0 (length = 3C bytes)
$NpcSettings_Generic will be placed at 8024142C (length = 2C bytes)
$NpcGroupList will be placed at 80241458 (length = 18 bytes)
$Script_null will be placed at 80241470 (length = 10 bytes)
$EntryList will be placed at 80241480 (length = 10 bytes)
$ASCII_"bp_06"_Literal will be placed at 80241490 (length = 8 bytes)
$ASCII_"kmr_tex"_Literal will be placed at 80241498 (length = 8 bytes)
Executing patch: dmo_00.mpat
Creating struct: $Script_TrackPlayer
Creating struct: $Script_PipeAnimation
Creating struct: $Function_SetAnimation
Creating struct: $Function_GetColliderPos
Creating struct: $Function_TrackInput
Creating struct: $DeepestLevel
Creating struct: $TotalLevels_Sign
Creating struct: $TotalLevels_CurrentPlaythrough
Creating struct: $LoadHighscores
Creating struct: $FallingDownPipe
Creating struct: $Function_GetPos
Creating struct: $Function2
Creating struct: $GoToNextLevel
Creating struct: $GetFloorSign
Creating struct: $GetFloorSign_Rogue
Creating struct: $Function_GetTattle1
Creating struct: $Function_GetTattle2
Creating struct: $Script_ReadSign
Creating struct: $Header
Creating struct: $EntryList
Creating struct: $Function_Init
Creating struct: $Script_Main
Creating struct: $Script_EnableSettingsModels
Creating struct: $Script_MakeEntities
Creating struct: $Script_Sign_RogueAbout
Creating struct: $Script_Sign_Highscores
Creating struct: $Script_Sign_Grettings
Creating struct: $Script_Sign_QuickSwap
Creating struct: $Script_Settings
Creating struct: $Script_MakeExits
Creating struct: $TrackEntry
Creating struct: $ComingDownPipe
Creating struct: $Script_Mario_WakeUpfromDeath
Creating struct: $Script_Exit0
Creating struct: $Script_TrackPlayer_Rogue
Creating struct: $RestoreBadgesFlags
Creating struct: $Function_ResetGainedCoins
Creating struct: $Function_ResetHighscores
Creating struct: $Function_SaveActivatedBadges
Creating struct: $Function_DisableActivatedBadges
Creating struct: $RestoreBadges
Creating struct: $RestorePartnersRanks
Creating struct: $RestoreMariosStats
Creating struct: $RestoreItems
Creating struct: $ResetKeyStarPiecesBox
Creating struct: $RespawnPartner2
Creating struct: $Function_SaveCurrentPartners
Creating struct: $Function_SavePartnersRanks
Creating struct: $SaveCurrentPartner
Creating struct: $Function_SaveMariosStats
Creating struct: $Function_SaveItems
Creating struct: $Function_DisablePartnersAndRanks
Creating struct: $Function_SetMariosStats
Creating struct: $Function_ResetItems
Creating struct: $DispawnPartner
Merged 1 regions to 1
$GoToNextLevel will be placed at 80240000 (length = B10 bytes)
$Script_Settings will be placed at 80240B10 (length = 504 bytes)
$RestoreBadgesFlags will be placed at 80241014 (length = 480 bytes)
$FallingDownPipe will be placed at 80241494 (length = 418 bytes)
$Script_Sign_Highscores will be placed at 802418AC (length = 290 bytes)
$Script_Main will be placed at 80241B3C (length = 270 bytes)
$RestoreItems will be placed at 80241DAC (length = 210 bytes)
$Function_SaveItems will be placed at 80241FBC (length = 20C bytes)
$RestoreBadges will be placed at 802421C8 (length = 1F8 bytes)
$Function_SaveActivatedBadges will be placed at 802423C0 (length = 1F8 bytes)
$Script_PipeAnimation will be placed at 802425B8 (length = 1C4 bytes)
$String_Grettings will be placed at 8024277C (length = 1B0 bytes)
$RestorePartnersRanks will be placed at 8024292C (length = 1B0 bytes)
$String_About will be placed at 80242ADC (length = 1A4 bytes)
$Script_TrackPlayer_Rogue will be placed at 80242C80 (length = 198 bytes)
$Script_TrackPlayer will be placed at 80242E18 (length = 144 bytes)
$MapTattle5 will be placed at 80242F5C (length = 13C bytes)
$MapTattle4 will be placed at 80243098 (length = 130 bytes)
$TrackEntry will be placed at 802431C8 (length = 12C bytes)
$Script_EnableSettingsModels will be placed at 802432F4 (length = F0 bytes)
$Function_SaveCurrentPartners will be placed at 802433E4 (length = EC bytes)
$Function_SavePartnersRanks will be placed at 802434D0 (length = EC bytes)
$RestoreMariosStats will be placed at 802435BC (length = E8 bytes)
$DeepestLevel will be placed at 802436A4 (length = E4 bytes)
$Function_GetColliderPos will be placed at 80243788 (length = E0 bytes)
$Function_GetPos will be placed at 80243868 (length = E0 bytes)
$TotalLevels_Sign will be placed at 80243948 (length = DC bytes)
$MapTattle2 will be placed at 80243A24 (length = D4 bytes)
$Function_SaveMariosStats will be placed at 80243AF8 (length = D4 bytes)
$Script_MakeEntities will be placed at 80243BCC (length = D0 bytes)
$Function_TrackInput will be placed at 80243C9C (length = BC bytes)
$MapTattle3 will be placed at 80243D58 (length = B0 bytes)
$LoadHighscores will be placed at 80243E08 (length = B0 bytes)
$MapTattle1 will be placed at 80243EB8 (length = A8 bytes)
$Script_ReadSign will be placed at 80243F60 (length = A0 bytes)
$Function_DisableActivatedBadges will be placed at 80244000 (length = 80 bytes)
$SignStringBug will be placed at 80244080 (length = 7C bytes)
$String_QuickSwap will be placed at 802440FC (length = 74 bytes)
$Function_SetAnimation will be placed at 80244170 (length = 6C bytes)
$Function2 will be placed at 802441DC (length = 6C bytes)
$Function_GetTattle1 will be placed at 80244248 (length = 60 bytes)
$Function_SetMariosStats will be placed at 802442A8 (length = 60 bytes)
$Function_ResetItems will be placed at 80244308 (length = 58 bytes)
$String_Highscore0_0_00 will be placed at 80244360 (length = 54 bytes)
$String_Highscore0_00_00 will be placed at 802443B4 (length = 54 bytes)
$String_Highscore00_0_00 will be placed at 80244408 (length = 54 bytes)
$String_Highscore00_00_00 will be placed at 8024445C (length = 54 bytes)
$String_Highscore00_00_0 will be placed at 802444B0 (length = 54 bytes)
$String_Highscore00_0_0 will be placed at 80244504 (length = 54 bytes)
$String_Highscore0_00_0 will be placed at 80244558 (length = 54 bytes)
$String_Highscore0_0_0 will be placed at 802445AC (length = 50 bytes)
$Script_Sign_Grettings will be placed at 802445FC (length = 48 bytes)
$Script_Sign_QuickSwap will be placed at 80244644 (length = 48 bytes)
$Function_DisablePartnersAndRanks will be placed at 8024468C (length = 48 bytes)
$String_Highscore2 will be placed at 802446D4 (length = 48 bytes)
$Script_Mario_WakeUpfromDeath will be placed at 8024471C (length = 48 bytes)
$Function_ResetHighscores will be placed at 80244764 (length = 48 bytes)
$String_Settings_Start will be placed at 802447AC (length = 48 bytes)
$GetFloorSign will be placed at 802447F4 (length = 48 bytes)
$Script_Sign_RogueAbout will be placed at 8024483C (length = 48 bytes)
$GetFloorSign_Rogue will be placed at 80244884 (length = 48 bytes)
$SaveCurrentPartner will be placed at 802448CC (length = 44 bytes)
$RespawnPartner2 will be placed at 80244910 (length = 40 bytes)
$EntryList will be placed at 80244950 (length = 40 bytes)
$String_Choice_Settings1 will be placed at 80244990 (length = 40 bytes)
$Function_GetTattle2 will be placed at 802449D0 (length = 3C bytes)
$Header will be placed at 80244A0C (length = 3C bytes)
$Function_Init will be placed at 80244A48 (length = 3C bytes)
$Script_Exit0 will be placed at 80244A84 (length = 3C bytes)
$ComingDownPipe will be placed at 80244AC0 (length = 3C bytes)
$String_Settings_FloorCounter will be placed at 80244AFC (length = 3C bytes)
$String_Choice_Settings2 will be placed at 80244B38 (length = 38 bytes)
$DispawnPartner will be placed at 80244B70 (length = 34 bytes)
$String_Choice_Settings3 will be placed at 80244BA4 (length = 30 bytes)
$String_Settings_Pipe will be placed at 80244BD4 (length = 2C bytes)
$Script_MakeExits will be placed at 80244C00 (length = 2C bytes)
$TotalLevels_CurrentPlaythrough will be placed at 80244C2C (length = 1C bytes)
$SignString will be placed at 80244C48 (length = 18 bytes)
$ResetKeyStarPiecesBox will be placed at 80244C60 (length = 18 bytes)
$Function_ResetGainedCoins will be placed at 80244C78 (length = 10 bytes)
$ASCII_"pt_100"_Literal will be placed at 80244C88 (length = C bytes)
$ASCII_"pt61_66"_Literal will be placed at 80244C94 (length = 8 bytes)
$ASCII_"pt32_37"_Literal will be placed at 80244C9C (length = 8 bytes)
$ASCII_"pt_15"_Literal will be placed at 80244CA4 (length = 8 bytes)
$ASCII_"pt11_16"_Literal will be placed at 80244CAC (length = 8 bytes)
$ASCII_"pt_85"_Literal will be placed at 80244CB4 (length = 8 bytes)
$ASCII_"pt_00"_Literal will be placed at 80244CBC (length = 8 bytes)
$ASCII_"pt91_96"_Literal will be placed at 80244CC4 (length = 8 bytes)
$ASCII_"pt74_79"_Literal will be placed at 80244CCC (length = 8 bytes)
$ASCII_"pt62_67"_Literal will be placed at 80244CD4 (length = 8 bytes)
$ASCII_"pt_25"_Literal will be placed at 80244CDC (length = 8 bytes)
$ASCII_"pt33_38"_Literal will be placed at 80244CE4 (length = 8 bytes)
$ASCII_"pt1_6"_Literal will be placed at 80244CEC (length = 8 bytes)
$ASCII_"pt_95"_Literal will be placed at 80244CF4 (length = 8 bytes)
$ASCII_"pt4_9"_Literal will be placed at 80244CFC (length = 8 bytes)
$ASCII_"pt_65"_Literal will be placed at 80244D04 (length = 8 bytes)
$ASCII_"pt44_49"_Literal will be placed at 80244D0C (length = 8 bytes)
$ASCII_"pt81_86"_Literal will be placed at 80244D14 (length = 8 bytes)
$ASCII_"pt_80"_Literal will be placed at 80244D1C (length = 8 bytes)
$ASCII_"pt52_57"_Literal will be placed at 80244D24 (length = 8 bytes)
$ASCII_"pt23_28"_Literal will be placed at 80244D2C (length = 8 bytes)
$ASCII_"pt_50"_Literal will be placed at 80244D34 (length = 8 bytes)
$ASCII_"pt_35"_Literal will be placed at 80244D3C (length = 8 bytes)
$ASCII_"pt83_88"_Literal will be placed at 80244D44 (length = 8 bytes)
$ASCII_"pt54_59"_Literal will be placed at 80244D4C (length = 8 bytes)
$ASCII_"pt71_76"_Literal will be placed at 80244D54 (length = 8 bytes)
$ASCII_"pt42_47"_Literal will be placed at 80244D5C (length = 8 bytes)
$ASCII_"pt13_18"_Literal will be placed at 80244D64 (length = 8 bytes)
$ASCII_"pt_05"_Literal will be placed at 80244D6C (length = 8 bytes)
$ASCII_"pt93_98"_Literal will be placed at 80244D74 (length = 8 bytes)
$ASCII_"pt64_69"_Literal will be placed at 80244D7C (length = 8 bytes)
$ASCII_"pt72_77"_Literal will be placed at 80244D84 (length = 8 bytes)
$ASCII_"pt43_48"_Literal will be placed at 80244D8C (length = 8 bytes)
$ASCII_"pt14_19"_Literal will be placed at 80244D94 (length = 8 bytes)
$ASCII_"pt51_56"_Literal will be placed at 80244D9C (length = 8 bytes)
$ASCII_"pt34_39"_Literal will be placed at 80244DA4 (length = 8 bytes)
$ASCII_"pt_55"_Literal will be placed at 80244DAC (length = 8 bytes)
$ASCII_"pt22_27"_Literal will be placed at 80244DB4 (length = 8 bytes)
$ASCII_"pt21_26"_Literal will be placed at 80244DBC (length = 8 bytes)
$ASCII_"pt73_78"_Literal will be placed at 80244DC4 (length = 8 bytes)
$ASCII_"pt2_7"_Literal will be placed at 80244DCC (length = 8 bytes)
$ASCII_"pt12_17"_Literal will be placed at 80244DD4 (length = 8 bytes)
$ASCII_"pt3_8"_Literal will be placed at 80244DDC (length = 8 bytes)
$ASCII_"pt_10"_Literal will be placed at 80244DE4 (length = 8 bytes)
$ASCII_"pt84_89"_Literal will be placed at 80244DEC (length = 8 bytes)
$ASCII_"pt92_97"_Literal will be placed at 80244DF4 (length = 8 bytes)
$ASCII_"tik_tex"_Literal will be placed at 80244DFC (length = 8 bytes)
$ASCII_"pt31_36"_Literal will be placed at 80244E04 (length = 8 bytes)
$ASCII_"pt63_68"_Literal will be placed at 80244E0C (length = 8 bytes)
$ASCII_"pt_75"_Literal will be placed at 80244E14 (length = 8 bytes)
$ASCII_"pt94_99"_Literal will be placed at 80244E1C (length = 8 bytes)
$ASCII_"pt82_87"_Literal will be placed at 80244E24 (length = 8 bytes)
$ASCII_"pt_45"_Literal will be placed at 80244E2C (length = 8 bytes)
$ASCII_"pt53_58"_Literal will be placed at 80244E34 (length = 8 bytes)
$ASCII_"pt24_29"_Literal will be placed at 80244E3C (length = 8 bytes)
$ASCII_"pt41_46"_Literal will be placed at 80244E44 (length = 8 bytes)
Executing patch: ex_01.mpat
Creating struct: $Header
Creating struct: $EntryList
Creating struct: $Function_Init
Creating struct: $Script_Main
Creating struct: $Script_CreateEntities
Creating struct: $Script_ExitDoor1
Creating struct: $Script_UseDoor2
Creating struct: $Script_ExitDoor2
Creating struct: $Script_UseDoor3
Creating struct: $Script_ExitDoor3
Creating struct: $ItemList_Keys
Creating struct: $Script_RequestKey1
Creating struct: $Script_RequestKey2
Creating struct: $Function_80240870
Creating struct: $Function_GetEntityPosition
Creating struct: $Script_UseChest1
Creating struct: $Script_OpenChest
Creating struct: $Script_GetItem
Creating struct: $Script_CreatePushBlocks
Creating struct: $Script_ToggleGroup1
Creating struct: $Script_ToggleGroup2
Creating struct: $Script_Block1
Creating struct: $Script_Block2
Creating struct: $Script_Block3
Creating struct: $Script_Block4
Creating struct: $Script_Block5
Creating struct: $Script_ReadSign1
Creating struct: $Script_ReadSign2
Creating struct: $Script_MakeExits
Creating struct: $Script_ExitW
Creating struct: $Script_ExitE
Creating struct: $Script_ExitN
Creating struct: $Script_ExitS
Creating struct: $Function_GetTattle
Merged 1 regions to 1
$Script_Main will be placed at 80240000 (length = 214 bytes)
$Script_CreateEntities will be placed at 80240214 (length = 204 bytes)
$Script_RequestKey1 will be placed at 80240418 (length = 178 bytes)
$Script_RequestKey2 will be placed at 80240590 (length = 178 bytes)
$Script_CreatePushBlocks will be placed at 80240708 (length = 164 bytes)
$Script_Block1 will be placed at 8024086C (length = 164 bytes)
$Script_Block2 will be placed at 802409D0 (length = 164 bytes)
$Script_Block3 will be placed at 80240B34 (length = 164 bytes)
$Script_Block4 will be placed at 80240C98 (length = 164 bytes)
$Script_Block5 will be placed at 80240DFC (length = E8 bytes)
$Script_OpenChest will be placed at 80240EE4 (length = E0 bytes)
$Script_ExitDoor1 will be placed at 80240FC4 (length = A4 bytes)
$Script_ExitDoor3 will be placed at 80241068 (length = A4 bytes)
$Script_ExitDoor2 will be placed at 8024110C (length = A4 bytes)
$Function_GetEntityPosition will be placed at 802411B0 (length = A0 bytes)
$MapTattle will be placed at 80241250 (length = 80 bytes)
$Script_MakeExits will be placed at 802412D0 (length = 80 bytes)
$Script_ToggleGroup1 will be placed at 80241350 (length = 78 bytes)
$Script_ToggleGroup2 will be placed at 802413C8 (length = 78 bytes)
$EntryList will be placed at 80241440 (length = 70 bytes)
$Script_GetItem will be placed at 802414B0 (length = 60 bytes)
$Script_ExitN will be placed at 80241510 (length = 5C bytes)
$Script_ExitS will be placed at 8024156C (length = 5C bytes)
$Script_ExitW will be placed at 802415C8 (length = 5C bytes)
$Script_ExitE will be placed at 80241624 (length = 5C bytes)
$Script_UseChest1 will be placed at 80241680 (length = 4C bytes)
$Script_ReadSign1 will be placed at 802416CC (length = 48 bytes)
$Script_ReadSign2 will be placed at 80241714 (length = 48 bytes)
$SignString2 will be placed at 8024175C (length = 44 bytes)
$SignString1 will be placed at 802417A0 (length = 44 bytes)
$Header will be placed at 802417E4 (length = 40 bytes)
$Function_80240870 will be placed at 80241824 (length = 34 bytes)
$Script_UseDoor2 will be placed at 80241858 (length = 2C bytes)
$Script_UseDoor3 will be placed at 80241884 (length = 2C bytes)
$Function_Init will be placed at 802418B0 (length = 2C bytes)
$Function_GetTattle will be placed at 802418DC (length = 14 bytes)
$ASCII_"ex_02"_Literal will be placed at 802418F0 (length = 8 bytes)
$ItemList_Keys will be placed at 802418F8 (length = 8 bytes)
$ASCII_"ex_00"_Literal will be placed at 80241900 (length = 8 bytes)
$ASCII_"sbk_tex"_Literal will be placed at 80241908 (length = 8 bytes)
$ASCII_"ex_01"_Literal will be placed at 80241910 (length = 8 bytes)
Executing patch: ex_02.mpat
Creating struct: $Header
Creating struct: $EntryList
Creating struct: $Function_Init
Creating struct: $Script_Main
Creating struct: $Coord_TriggerJ
Creating struct: $Demo_LavaResetList
Creating struct: $Script_MakeEntities
Creating struct: $Script_ReadSignA
Creating struct: $Script_ReadSignB
Creating struct: $Script_ReadSignC
Creating struct: $Script_ReadSignD
Creating struct: $Script_ReadSignE
Creating struct: $Script_ReadSignF
Creating struct: $Script_ReadSignG
Creating struct: $Script_ReadSignH
Creating struct: $Script_ReadSignI
Creating struct: $Script_ReadSignJ
Creating struct: $Script_TriggerA
Creating struct: $Script_TriggerB
Creating struct: $Script_TriggerC
Creating struct: $Script_TriggerD
Creating struct: $Script_TriggerE
Creating struct: $Script_TriggerJ
Creating struct: $Script_MakeExits
Creating struct: $Script_ExitW
Creating struct: $Script_ExitE
Creating struct: $Script_ExitN
Creating struct: $Script_ExitS
Creating struct: $Function_GetTattle
Merged 1 regions to 1
$Script_Main will be placed at 80240000 (length = 228 bytes)
$Script_MakeEntities will be placed at 80240228 (length = 218 bytes)
$Script_TriggerB will be placed at 80240440 (length = CC bytes)
$Script_TriggerE will be placed at 8024050C (length = C0 bytes)
$Script_TriggerD will be placed at 802405CC (length = B0 bytes)
$Script_TriggerC will be placed at 8024067C (length = 98 bytes)
$Script_TriggerJ will be placed at 80240714 (length = 98 bytes)
$Script_TriggerA will be placed at 802407AC (length = 94 bytes)
$String_SignC will be placed at 80240840 (length = 88 bytes)
$Script_MakeExits will be placed at 802408C8 (length = 80 bytes)
$String_SignB will be placed at 80240948 (length = 74 bytes)
$MapTattle will be placed at 802409BC (length = 64 bytes)
$Script_ExitN will be placed at 80240A20 (length = 5C bytes)
$Script_ExitS will be placed at 80240A7C (length = 5C bytes)
$Script_ExitW will be placed at 80240AD8 (length = 5C bytes)
$Script_ExitE will be placed at 80240B34 (length = 5C bytes)
$Demo_LavaResetList will be placed at 80240B90 (length = 50 bytes)
$String_SignJ will be placed at 80240BE0 (length = 4C bytes)
$Script_ReadSignA will be placed at 80240C2C (length = 48 bytes)
$Script_ReadSignB will be placed at 80240C74 (length = 48 bytes)
$Script_ReadSignE will be placed at 80240CBC (length = 48 bytes)
$Script_ReadSignF will be placed at 80240D04 (length = 48 bytes)
$Script_ReadSignC will be placed at 80240D4C (length = 48 bytes)
$Script_ReadSignD will be placed at 80240D94 (length = 48 bytes)
$Script_ReadSignI will be placed at 80240DDC (length = 48 bytes)
$Script_ReadSignJ will be placed at 80240E24 (length = 48 bytes)
$Script_ReadSignG will be placed at 80240E6C (length = 48 bytes)
$Script_ReadSignH will be placed at 80240EB4 (length = 48 bytes)
$String_SignE will be placed at 80240EFC (length = 48 bytes)
$String_SignH will be placed at 80240F44 (length = 44 bytes)
$String_SignA will be placed at 80240F88 (length = 44 bytes)
$EntryList will be placed at 80240FCC (length = 40 bytes)
$String_SignI will be placed at 8024100C (length = 40 bytes)
$Header will be placed at 8024104C (length = 40 bytes)
$String_SignG will be placed at 8024108C (length = 3C bytes)
$String_SignD will be placed at 802410C8 (length = 3C bytes)
$String_SignF will be placed at 80241104 (length = 38 bytes)
$Function_Init will be placed at 8024113C (length = 2C bytes)
$Function_GetTattle will be placed at 80241168 (length = 14 bytes)
$Coord_TriggerJ will be placed at 8024117C (length = 10 bytes)
$ASCII_"ex_02"_Literal will be placed at 8024118C (length = 8 bytes)
$ASCII_"sbk_tex"_Literal will be placed at 80241194 (length = 8 bytes)
$ASCII_"ex_03"_Literal will be placed at 8024119C (length = 8 bytes)
$ASCII_"ex_01"_Literal will be placed at 802411A4 (length = 8 bytes)
Executing patch: ex_03.mpat
Creating struct: $Header
Creating struct: $EntryList
Creating struct: $Function_Init
Creating struct: $Script_Main
Creating struct: $Script_ReadSign
Creating struct: $NpcGroups
Creating struct: $NpcGroup_BoxGoomba
Creating struct: $NpcGroup_RingGoomba
Creating struct: $NpcSettings_BoxGoomba
Creating struct: $NpcSettings_RingGoomba
Creating struct: $Script_GoombaAI
Creating struct: $Update_Box_Models
Creating struct: $Remove_Box_Models
Creating struct: $Update_Ring_Models
Creating struct: $Remove_Ring_Models
Creating struct: $AISettings_Goomba
Creating struct: $Script_MakeExits
Creating struct: $Script_ExitW
Creating struct: $Script_ExitE
Creating struct: $Script_ExitN
Creating struct: $Script_ExitS
Creating struct: $Function_GetTattle
Merged 1 regions to 1
$String_Sign will be placed at 80240000 (length = 214 bytes)
$NpcGroup_BoxGoomba will be placed at 80240214 (length = 1F0 bytes)
$NpcGroup_RingGoomba will be placed at 80240404 (length = 1F0 bytes)
$Script_Main will be placed at 802405F4 (length = E4 bytes)
$Update_Box_Models will be placed at 802406D8 (length = 84 bytes)
$Update_Ring_Models will be placed at 8024075C (length = 84 bytes)
$Script_MakeExits will be placed at 802407E0 (length = 80 bytes)
$MapTattle will be placed at 80240860 (length = 6C bytes)
$Script_ExitN will be placed at 802408CC (length = 5C bytes)
$Script_ExitS will be placed at 80240928 (length = 5C bytes)
$Script_ExitW will be placed at 80240984 (length = 5C bytes)
$Script_ExitE will be placed at 802409E0 (length = 5C bytes)
$Script_ReadSign will be placed at 80240A3C (length = 48 bytes)
$Remove_Box_Models will be placed at 80240A84 (length = 44 bytes)
$Remove_Ring_Models will be placed at 80240AC8 (length = 44 bytes)
$EntryList will be placed at 80240B0C (length = 40 bytes)
$Header will be placed at 80240B4C (length = 40 bytes)
$AISettings_Goomba will be placed at 80240B8C (length = 30 bytes)
$NpcSettings_RingGoomba will be placed at 80240BBC (length = 2C bytes)
$Function_Init will be placed at 80240BE8 (length = 2C bytes)
$NpcSettings_BoxGoomba will be placed at 80240C14 (length = 2C bytes)
$NpcGroups will be placed at 80240C40 (length = 24 bytes)
$Script_GoombaAI will be placed at 80240C64 (length = 20 bytes)
$Function_GetTattle will be placed at 80240C84 (length = 14 bytes)
$ASCII_"ex_02"_Literal will be placed at 80240C98 (length = 8 bytes)
$ASCII_"sbk_tex"_Literal will be placed at 80240CA0 (length = 8 bytes)
$ASCII_"ex_03"_Literal will be placed at 80240CA8 (length = 8 bytes)
$ASCII_"ex_04"_Literal will be placed at 80240CB0 (length = 8 bytes)
Executing patch: ex_04.mpat
Creating struct: $Header
Creating struct: $EntryList
Creating struct: $Function_Init
Creating struct: $Script_Main
Creating struct: $NpcGroups
Creating struct: $NpcGroup_Goomba
Creating struct: $NpcSettings_Goomba
Creating struct: $Script_GoombaAI
Creating struct: $AISettings_Goomba
Creating struct: $NpcGroup_JrTroopa
Creating struct: $BlankSettings
Creating struct: $Script_Init_JrTroopa
Creating struct: $Script_Interact
Creating struct: $Script_IdleAI
Creating struct: $Script_PostBattle
Creating struct: $NpcGroup_Stationary
Creating struct: $Kolorado_Settings
Creating struct: $Script_Interact_Kolorado
Creating struct: $Script_AI_Kolorado
Creating struct: $Script_MakeExits
Creating struct: $Script_ExitW
Creating struct: $Script_ExitE
Creating struct: $Script_ExitN
Creating struct: $Script_ExitS
Creating struct: $Function_GetTattle
Merged 1 regions to 1
$NpcGroup_Goomba will be placed at 80240000 (length = 1F0 bytes)
$NpcGroup_JrTroopa will be placed at 802401F0 (length = 1F0 bytes)
$NpcGroup_Stationary will be placed at 802403E0 (length = 1F0 bytes)
$Script_Main will be placed at 802405D0 (length = 180 bytes)
$Script_AI_Kolorado will be placed at 80240750 (length = 114 bytes)
$MapTattle will be placed at 80240864 (length = D4 bytes)
$Script_PostBattle will be placed at 80240938 (length = C4 bytes)
$Script_Interact will be placed at 802409FC (length = C0 bytes)
$Script_Interact_Kolorado will be placed at 80240ABC (length = 90 bytes)
$Script_MakeExits will be placed at 80240B4C (length = 80 bytes)
$KoloradoString will be placed at 80240BCC (length = 7C bytes)
$KoloradoTattle will be placed at 80240C48 (length = 74 bytes)
$DefeatString will be placed at 80240CBC (length = 70 bytes)
$TauntString will be placed at 80240D2C (length = 60 bytes)
$Script_ExitN will be placed at 80240D8C (length = 5C bytes)
$Script_ExitS will be placed at 80240DE8 (length = 5C bytes)
$Script_ExitW will be placed at 80240E44 (length = 5C bytes)
$Script_ExitE will be placed at 80240EA0 (length = 5C bytes)
$Script_IdleAI will be placed at 80240EFC (length = 58 bytes)
$Script_Init_JrTroopa will be placed at 80240F54 (length = 4C bytes)
$EntryList will be placed at 80240FA0 (length = 40 bytes)
$Header will be placed at 80240FE0 (length = 40 bytes)
$DeclineString will be placed at 80241020 (length = 30 bytes)
$NpcGroups will be placed at 80241050 (length = 30 bytes)
$AISettings_Goomba will be placed at 80241080 (length = 30 bytes)
$BlankSettings will be placed at 802410B0 (length = 2C bytes)
$Kolorado_Settings will be placed at 802410DC (length = 2C bytes)
$Function_Init will be placed at 80241108 (length = 2C bytes)
$NpcSettings_Goomba will be placed at 80241134 (length = 2C bytes)
$Script_GoombaAI will be placed at 80241160 (length = 20 bytes)
$AcceptString will be placed at 80241180 (length = 1C bytes)
$Function_GetTattle will be placed at 8024119C (length = 14 bytes)
$ASCII_"ex_00"_Literal will be placed at 802411B0 (length = 8 bytes)
$ASCII_"sbk_tex"_Literal will be placed at 802411B8 (length = 8 bytes)
$ASCII_"ex_03"_Literal will be placed at 802411C0 (length = 8 bytes)
Executing patch: kmr_20.mpat
Found $Script_8024FD70 (0)
Creating struct: $AddOneBadge
Creating struct: $BypassIntro
Creating struct: $RespawnPartner
Creating struct: $Function_Set_ProgressionFlags
Creating struct: $Function_SetModData
Merged 25 regions to 24
$BypassIntro will be placed at 8024FDAC (length = 370 bytes)
$Function_SetModData will be placed at 80253054 (length = 40 bytes)
$Function_Set_ProgressionFlags will be placed at 8025011C (length = 34 bytes)
$RespawnPartner will be placed at 80253094 (length = 34 bytes)
$AddOneBadge will be placed at 80250150 (length = 14 bytes)
$ASCII_"pre_03"_Literal will be placed at 80240024 (length = C bytes)
Changing pointer 80253060 to 802530C8 ($End)
Changing pointer 80253378 to 802533E0 ($End[318])
Changing pointer 80253384 to 802533EC ($End[324])
Changing pointer 80253060 to 802530C8 ($End)
Changing pointer 8025338C to 802533F4 ($End[32C])
Changing pointer 80253060 to 802530C8 ($End)
Changing pointer 80253390 to 802533F8 ($End[330])
Changing pointer 80257118 to 80257180 ($End[40B8])
Changing pointer 8025B2B0 to 8025B318 ($End[8250])
Changing pointer 80257320 to 80257388 ($End[42C0])
Changing pointer 8025B0A8 to 8025B110 ($End[8048])
Changing pointer 8025B2A8 to 8025B310 ($End[8248])
Changing pointer 8025B2AC to 8025B314 ($End[824C])
Changing pointer 80253060 to 802530C8 ($End)
Changing pointer 8025B2A8 to 8025B310 ($End[8248])
Changing pointer 8025B2AC to 8025B314 ($End[824C])
Changing pointer 8025B2B0 to 8025B318 ($End[8250])
Executing patch: mze_00.mpat
Creating struct: $Header
Creating struct: $Function_Init
Creating struct: $EntryList
Creating struct: $Script_Main
Creating struct: $Script_RespawnPlayer
Creating struct: $RespawnPartner
Creating struct: $Script_BindTriggers
Creating struct: $Script_Sign
Creating struct: $Script_Badge1
Creating struct: $Script_Badge2
Creating struct: $Script_Badge3
Creating struct: $Script_Badge_Main
Creating struct: $Script_Buy_MistStone
Creating struct: $Function_NukeTrapsData
Creating struct: $CleanEnemiesFlags
Creating struct: $Script_MakeExits
Creating struct: $Script_Exit0
Creating struct: $Script_Exit1
Creating struct: $Script_GetNewTrapsData
Creating struct: $Script_GetChestsData
Creating struct: $Script_GetSpecialChestsData
Creating struct: $Script_SavePartnersData
Creating struct: $Function_SetMazeTimer
Creating struct: $Function_GetTattle
Merged 1 regions to 1
$Script_GetSpecialChestsData will be placed at 80240000 (length = 6F4 bytes)
$Script_GetNewTrapsData will be placed at 802406F4 (length = 6E8 bytes)
$Script_Main will be placed at 80240DDC (length = 600 bytes)
$Script_RespawnPlayer will be placed at 802413DC (length = 4A8 bytes)
$Script_Badge_Main will be placed at 80241884 (length = 320 bytes)
$Script_Buy_MistStone will be placed at 80241BA4 (length = 2C0 bytes)
$Script_SavePartnersData will be placed at 80241E64 (length = 1D0 bytes)
$Script_GetChestsData will be placed at 80242034 (length = 17C bytes)
$Script_BindTriggers will be placed at 802421B0 (length = 174 bytes)
$MapTattle will be placed at 80242324 (length = 158 bytes)
$Script_Exit1 will be placed at 8024247C (length = 13C bytes)
$String_Sign1 will be placed at 802425B8 (length = D8 bytes)
$String_Stone_Start will be placed at 80242690 (length = 98 bytes)
$String_Badge_Start will be placed at 80242728 (length = 90 bytes)
$Function_NukeTrapsData will be placed at 802427B8 (length = 90 bytes)
$String_UseStone will be placed at 80242848 (length = 8C bytes)
$Script_Exit0 will be placed at 802428D4 (length = 50 bytes)
$Script_MakeExits will be placed at 80242924 (length = 48 bytes)
$Script_Sign will be placed at 8024296C (length = 48 bytes)
$String_Badge_Nope will be placed at 802429B4 (length = 40 bytes)
$Header will be placed at 802429F4 (length = 40 bytes)
$Function_Init will be placed at 80242A34 (length = 3C bytes)
$String_Badge_Ask will be placed at 80242A70 (length = 3C bytes)
$EntryList will be placed at 80242AAC (length = 30 bytes)
$RespawnPartner will be placed at 80242ADC (length = 30 bytes)
$CleanEnemiesFlags will be placed at 80242B0C (length = 2C bytes)
$Script_Badge1 will be placed at 80242B38 (length = 2C bytes)
$Script_Badge2 will be placed at 80242B64 (length = 2C bytes)
$Script_Badge3 will be placed at 80242B90 (length = 2C bytes)
$Function_SetMazeTimer will be placed at 80242BBC (length = 14 bytes)
$Function_GetTattle will be placed at 80242BD0 (length = C bytes)
$ASCII_"mze_01"_Literal will be placed at 80242BDC (length = C bytes)
$ASCII_"tik_tex"_Literal will be placed at 80242BE8 (length = 8 bytes)
$ASCII_"pt_00"_Literal will be placed at 80242BF0 (length = 8 bytes)
Executing patch: mze_01.mpat
Creating struct: $Function_SetupFog
Creating struct: $Script_KillMario
Creating struct: $Header
Creating struct: $Function_Init
Creating struct: $EntryList
Creating struct: $Script_Main
Creating struct: $Script_MakeExits
Creating struct: $Script_Exit0
Creating struct: $Script_Exit1
Creating struct: $Function_GetTattle
Merged 1 regions to 1
$Script_KillMario will be placed at 80240000 (length = 264 bytes)
$MapTattle will be placed at 80240264 (length = 150 bytes)
$Script_Main will be placed at 802403B4 (length = 110 bytes)
$Script_Exit0 will be placed at 802404C4 (length = 110 bytes)
$Script_Exit1 will be placed at 802405D4 (length = 50 bytes)
$Script_MakeExits will be placed at 80240624 (length = 48 bytes)
$Header will be placed at 8024066C (length = 40 bytes)
$Function_SetupFog will be placed at 802406AC (length = 40 bytes)
$Function_Init will be placed at 802406EC (length = 3C bytes)
$EntryList will be placed at 80240728 (length = 20 bytes)
$ASCII_"mze_00"_Literal will be placed at 80240748 (length = C bytes)
$ASCII_"mze_12"_Literal will be placed at 80240754 (length = C bytes)
$Function_GetTattle will be placed at 80240760 (length = C bytes)
$ASCII_"mze_02"_Literal will be placed at 8024076C (length = C bytes)
$ASCII_"tik_tex"_Literal will be placed at 80240778 (length = 8 bytes)
Executing patch: mze_02.mpat
Creating struct: $Script_MakeEntities
Creating struct: $Script_UseChest
Creating struct: $Script_UseChest_BossRoom
Creating struct: $Script_Cheev_Dungeon_03
Creating struct: $Data_TrapPointers
Creating struct: $Script_SetEnemiesFlags
Creating struct: $Script_SaveEnemyFlag
Creating struct: $Script_Init_EnemyNPC
Creating struct: $Script_TrackOutcome
Creating struct: $Script_Mistar_Outcome
Creating struct: $Script_Cutscene_Mistar
Creating struct: $SkipCutscene_Mistar
Creating struct: $Script_LockChests
Creating struct: $GetEntityPointer
Creating struct: $Function_RevivePlayer
Creating struct: $Function_SetupFog
Creating struct: $Script_KillMario
Creating struct: $NpcSettings_BasicAI
Creating struct: $Script_Init_Basic
Creating struct: $Script_BasicNPCAI
Creating struct: $AISettings_Basic
Creating struct: $NpcSettings_Bzzap
Creating struct: $Script_BzzapAI
Creating struct: $AISettings_Bzzap
Creating struct: $ConstDouble_Bzzap_1
Creating struct: $ConstDouble_Bzzap_2
Creating struct: $ConstDouble_Bzzap_3
Creating struct: $FloatTable_Bzzap_1
Creating struct: $JumpTable_Bzzap
Creating struct: $Function_Bzzap_Main
Creating struct: $Function_Bzzap_1
Creating struct: $Function_Bzzap_2
Creating struct: $Function_Bzzap_3
Creating struct: $Function_Bzzap_4
Creating struct: $Function_Bzzap_5
Creating struct: $Function_Bzzap_6
Creating struct: $Function_Bzzap_7
Creating struct: $Function_Bzzap_8
Creating struct: $Function_Bzzap_9
Creating struct: $Function_Bzzap_10
Creating struct: $NpcSettings_DryBones
Creating struct: $NpcSettings_Projectile
Creating struct: $Script_ProjectileOutcome
Creating struct: $Script_DryBonesAI
Creating struct: $Script_ProjectileAI
Creating struct: $AISettings_DryBones
Creating struct: $AISettings_Projectile
Creating struct: $Script_DryBones_Projectile_Main
Creating struct: $Script_null
Creating struct: $Function_DryBones_Projectile_1
Creating struct: $Function_DryBones_Projectile_2
Creating struct: $Func_FormatNpcID
Creating struct: $Function_DryBones_Projectile_Main
Creating struct: $ConstDouble_DryBones_1
Creating struct: $ConstDouble_DryBones_2
Creating struct: $ConstDouble_DryBones_3
Creating struct: $ConstDouble_DryBones_4
Creating struct: $ConstDouble_DryBones_5
Creating struct: $JumpTable_DryBones
Creating struct: $Function_DryBones_Main
Creating struct: $Function_DryBones_1
Creating struct: $Function_DryBones_2
Creating struct: $Function_DryBones_3
Creating struct: $Function_DryBones_4
Creating struct: $Function_DryBones_5
Creating struct: $Function_DryBones_6
Creating struct: $NpcSettings_Dupplighost
Creating struct: $Script_DupplighostAI
Creating struct: $AISettings_Dupplighost
Creating struct: $NpcSettings_Ember
Creating struct: $Script_EmberAI
Creating struct: $AISettings_Ember
Creating struct: $ConstDouble_Ember_1
Creating struct: $ConstDouble_Ember_2
Creating struct: $ConstDouble_Ember_3
Creating struct: $ConstDouble_Ember_4
Creating struct: $JumpTable_Ember
Creating struct: $FloatTable_Ember
Creating struct: $Function_Ember_Main
Creating struct: $Function_Ember_1
Creating struct: $Function_Ember_2
Creating struct: $Function_Ember_3
Creating struct: $Function_Ember_4
Creating struct: $Function_Ember_5
Creating struct: $Function_Ember_6
Creating struct: $Function_Ember_7
Creating struct: $Function_Ember_8
Creating struct: $Function_Ember_9
Creating struct: $Function_Ember_10
Creating struct: $NpcSettings_Koopa
Creating struct: $Script_KoopaAI
Creating struct: $AISettings_Koopa
Creating struct: $ConstDouble_Koopa_1
Creating struct: $JumpTable_Koopa
Creating struct: $Function_Koopa_Main
Creating struct: $Function_Koopa_1
Creating struct: $Function_Koopa_2
Creating struct: $Function_Koopa_3
Creating struct: $Function_Koopa_4
Creating struct: $NpcSettings_Paragoomba
Creating struct: $Script_ParagoombaAI
Creating struct: $AISettings_Paragoomba
Creating struct: $ConstDouble_Paragoomba_1
Creating struct: $ConstDouble_Paragoomba_2
Creating struct: $ConstDouble_Paragoomba_3
Creating struct: $FloatTable_Paragoomba
Creating struct: $JumpTable_Paragoomba
Creating struct: $Function_Paragoomba_Main
Creating struct: $Function_Paragoomba_1
Creating struct: $Function_Paragoomba_2
Creating struct: $Function_Paragoomba_3
Creating struct: $Function_Paragoomba_4
Creating struct: $Function_Paragoomba_5
Creating struct: $Function_Paragoomba_6
Creating struct: $Function_Paragoomba_7
Creating struct: $Function_Paragoomba_8
Creating struct: $Function_Paragoomba_9
Creating struct: $Function_Paragoomba_10
Creating struct: $NpcSettings_Paratroopa
Creating struct: $Script_AI_Paratroopa
Creating struct: $AISettings_Paratroopa
Creating struct: $JumpTable_Paratroopa
Creating struct: $ConstDouble_Paratroopa_1
Creating struct: $ConstDouble_Paratroopa_2
Creating struct: $ConstDouble_Paratroopa_3
Creating struct: $FloatTable_Paratroopa
Creating struct: $Function_Paratroopa_Main
Creating struct: $Function_Paratroopa_1
Creating struct: $Function_Paratroopa_2
Creating struct: $Function_Paratroopa_3
Creating struct: $Function_Paratroopa_4
Creating struct: $Function_Paratroopa_SetPos2
Creating struct: $Function_Paratroopa_5
Creating struct: $Function_Paratroopa_6
Creating struct: $Function_Paratroopa_7
Creating struct: $Function_Paratroopa_SetPos1
Creating struct: $Function_Paratroopa_8
Creating struct: $Function_Paratroopa_9
Creating struct: $ConstDouble_Piranha_1
Creating struct: $ConstDouble_Piranha_2
Creating struct: $ConstDouble_Piranha_3
Creating struct: $ConstDouble_Piranha_4
Creating struct: $ConstDouble_Piranha_5
Creating struct: $ConstDouble_Piranha_6
Creating struct: $NpcSettings_PiranhaPlant
Creating struct: $NpcSettings_PiranhaHitbox
Creating struct: $Script_PiranhaAI
Creating struct: $Script_PiranhaAI_Hitbox
Creating struct: $AISettings_Piranha
Creating struct: $Function_PiranhaHitBox_Main
Creating struct: $Function_Piranha_Main
Creating struct: $Function_Piranha_1
Creating struct: $Function_Piranha_2
Creating struct: $Function_Piranha_3
Creating struct: $Function_Piranha_4
Creating struct: $Function_Piranha_5
Creating struct: $Function_Piranha_6
Creating struct: $Function_Piranha_7
Creating struct: $NpcSettings_Pokey
Creating struct: $Script_PokeyAI
Creating struct: $Function_Pokey_1
Creating struct: $AISettings_Pokey
Creating struct: $NpcSettings_PyroGuy
Creating struct: $Script_PyroGuy
Creating struct: $AISettings_PyroGuy
Creating struct: $NpcSettings_RuffPuff
Creating struct: $Script_RuffPuffAI
Creating struct: $AISettings_RuffPuff
Creating struct: $ConstDouble_RuffPuff_1
Creating struct: $ConstDouble_RuffPuff_2
Creating struct: $ConstDouble_RuffPuff_3
Creating struct: $ConstDouble_RuffPuff_4
Creating struct: $JumpTable_RuffPuff
Creating struct: $FloatTable_RuffPuff
Creating struct: $Function_RuffPuff_Main
Creating struct: $Function_RuffPuff_1
Creating struct: $Function_RuffPuff_2
Creating struct: $Function_RuffPuff_3
Creating struct: $Function_RuffPuff_4
Creating struct: $Function_RuffPuff_5
Creating struct: $Function_RuffPuff_6
Creating struct: $Function_RuffPuff_7
Creating struct: $Function_RuffPuff_8
Creating struct: $Function_RuffPuff_9
Creating struct: $Function_RuffPuff_10
Creating struct: $NpcSettings_MediGuy
Creating struct: $NpcSettings_Cleft
Creating struct: $Script_MakeNpcs
Creating struct: $NpcGroupList_Mistar
Creating struct: $NpcGroup1_mze02
Creating struct: $NpcGroup1_mze03
Creating struct: $NpcGroup1_mze04
Creating struct: $NpcGroup1_mze05
Creating struct: $NpcGroup1_mze10
Creating struct: $NpcGroup1_mze11
Creating struct: $NpcGroup2_mze02
Creating struct: $NpcGroup2_mze03
Creating struct: $NpcGroup2_mze04
Creating struct: $NpcGroup2_mze05
Creating struct: $NpcGroup2_mze10
Creating struct: $NpcGroup2_mze11
Creating struct: $NpcGroup3_mze02
Creating struct: $NpcGroup3_mze03
Creating struct: $NpcGroup3_mze04
Creating struct: $NpcGroup3_mze05
Creating struct: $NpcGroup3_mze10
Creating struct: $NpcGroup3_mze11
Creating struct: $NpcGroup4_mze02
Creating struct: $NpcGroup4_mze03
Creating struct: $NpcGroup4_mze04
Creating struct: $NpcGroup4_mze05
Creating struct: $NpcGroup4_mze10
Creating struct: $NpcGroup4_mze11
Creating struct: $NpcGroup5_mze02
Creating struct: $NpcGroup5_mze03
Creating struct: $NpcGroup5_mze04
Creating struct: $NpcGroup5_mze05
Creating struct: $NpcGroup5_mze10
Creating struct: $NpcGroup5_mze11
Creating struct: $NpcGroup6_mze02
Creating struct: $NpcGroup6_mze03
Creating struct: $NpcGroup6_mze04
Creating struct: $NpcGroup6_mze05
Creating struct: $NpcGroup6_mze10
Creating struct: $NpcGroup6_mze11
Creating struct: $NpcGroup7_mze02
Creating struct: $NpcGroup7_mze03
Creating struct: $NpcGroup7_mze04
Creating struct: $NpcGroup7_mze05
Creating struct: $NpcGroup7_mze10
Creating struct: $NpcGroup7_mze11
Creating struct: $NpcGroup8_mze02
Creating struct: $NpcGroup8_mze03
Creating struct: $NpcGroup8_mze04
Creating struct: $NpcGroup8_mze05
Creating struct: $NpcGroup8_mze10
Creating struct: $NpcGroup8_mze11
Creating struct: $NpcGroup_Enemy1_Gloomba
Creating struct: $NpcGroup_Enemy2_Gloomba
Creating struct: $NpcGroup_Enemy1_Paragloomba
Creating struct: $NpcGroup_Enemy2_Paragloomba
Creating struct: $NpcGroup_Enemy1_SpikedGloomba
Creating struct: $NpcGroup_Enemy2_SpikedGloomba
Creating struct: $NpcGroup_Enemy1_Paratroopa
Creating struct: $NpcGroup_Enemy2_Paratroopa
Creating struct: $NpcGroup_Enemy1_Pokey
Creating struct: $NpcGroup_Enemy2_Pokey
Creating struct: $NpcGroup_Enemy1_PyroGuy
Creating struct: $NpcGroup_Enemy2_PyroGuy
Creating struct: $NpcGroup_Enemy1_SpikeTop
Creating struct: $NpcGroup_Enemy2_SpikeTop
Creating struct: $NpcGroup_Enemy1_LavaBubble
Creating struct: $NpcGroup_Enemy2_LavaBubble
Creating struct: $NpcGroup_Enemy2_Putrid
Creating struct: $NpcGroup_Enemy1_Bzzap
Creating struct: $NpcGroup_Enemy2_Bzzap
Creating struct: $NpcGroup_Enemy1_RuffPuff
Creating struct: $NpcGroup_Enemy2_RuffPuff
Creating struct: $NpcGroup_Enemy1_Dupplighost
Creating struct: $NpcGroup_Enemy2_Dupplighost
Creating struct: $NpcGroup_Enemy1_Ember
Creating struct: $NpcGroup_Enemy2_Ember
Creating struct: $NpcGroup_Enemy1_Bony
Creating struct: $NpcGroup_Enemy2_Bony
Creating struct: $NpcGroup_Enemy2_DryBones
Creating struct: $NpcGroup_Enemy3_DryBones
Creating struct: $NpcGroup_Enemy3_Blooper
Creating struct: $NpcGroup_Enemy2_Buzzar
Creating struct: $NpcGroup_Enemy3_Buzzar
Creating struct: $NpcGroup_Enemy3_Dino
Creating struct: $NpcGroup_Enemy4_Mistar
Creating struct: $NpcGroup_MistarKid
Creating struct: $NpcSettings_Mistar
Creating struct: $Script_Init_null
Creating struct: $Script_Init_Mistar
Creating struct: $Script_Init_Mistar_HitBox
Creating struct: $Mistar_Hit
Creating struct: $Mistar_Idle
Creating struct: $Header
Creating struct: $Function_Init
Creating struct: $EntryList
Creating struct: $Script_Main
Creating struct: $Script_PillarFX
Creating struct: $Script_WelcomeToTheMaze
Creating struct: $Script_StoneSwitch
Creating struct: $Script_MakeEntities_mze02
Creating struct: $Script_UseChest2
Creating struct: $Script_SetSprites_GiantChest
Creating struct: $Script_MakeExits
Creating struct: $Script_Exit0
Creating struct: $Script_Exit1
Creating struct: $Script_Exit2
Creating struct: $Script_Exit3
Creating struct: $Function_GetTattle
Merged 1 regions to 1
$Function_Piranha_3 will be placed at 80240000 (length = A40 bytes)
$NpcGroup_Enemy2_DryBones will be placed at 80240A40 (length = 7C0 bytes)
$NpcGroup_Enemy3_DryBones will be placed at 80241200 (length = 7C0 bytes)
$Script_MakeNpcs will be placed at 802419C0 (length = 6E0 bytes)
$Script_Cutscene_Mistar will be placed at 802420A0 (length = 644 bytes)
$Function_Paratroopa_SetPos1 will be placed at 802426E4 (length = 628 bytes)
$Function_Bzzap_3 will be placed at 80242D0C (length = 628 bytes)
$Function_RuffPuff_3 will be placed at 80243334 (length = 624 bytes)
$Function_Ember_3 will be placed at 80243958 (length = 624 bytes)
$Function_Paragoomba_3 will be placed at 80243F7C (length = 624 bytes)
$Script_SetEnemiesFlags will be placed at 802445A0 (length = 60C bytes)
$Script_MakeEntities will be placed at 80244BAC (length = 5C4 bytes)
$Script_LockChests will be placed at 80245170 (length = 57C bytes)
$Function_DryBones_Projectile_Main will be placed at 802456EC (length = 53C bytes)
$Function_DryBones_Projectile_2 will be placed at 80245C28 (length = 460 bytes)
$Function_Koopa_Main will be placed at 80246088 (length = 440 bytes)
$NpcGroup_Enemy2_Putrid will be placed at 802464C8 (length = 3E0 bytes)
$NpcGroup_Enemy4_Mistar will be placed at 802468A8 (length = 3E0 bytes)
$Function_Bzzap_10 will be placed at 80246C88 (length = 390 bytes)
$Function_Paragoomba_10 will be placed at 80247018 (length = 390 bytes)
$Function_Paratroopa_SetPos2 will be placed at 802473A8 (length = 344 bytes)
$Function_Bzzap_5 will be placed at 802476EC (length = 344 bytes)
$Function_Ember_5 will be placed at 80247A30 (length = 344 bytes)
$Function_RuffPuff_5 will be placed at 80247D74 (length = 344 bytes)
$Function_Paragoomba_5 will be placed at 802480B8 (length = 344 bytes)
$Function_DryBones_Main will be placed at 802483FC (length = 320 bytes)
$Script_SetSprites_GiantChest will be placed at 8024871C (length = 2D8 bytes)
$String_Maze_Tutorial1 will be placed at 802489F4 (length = 2B0 bytes)
$Script_SaveEnemyFlag will be placed at 80248CA4 (length = 298 bytes)
$Function_Ember_9 will be placed at 80248F3C (length = 280 bytes)
$Function_RuffPuff_9 will be placed at 802491BC (length = 280 bytes)
$Script_KillMario will be placed at 8024943C (length = 264 bytes)
$Function_PiranhaHitBox_Main will be placed at 802496A0 (length = 260 bytes)
$Function_Paratroopa_Main will be placed at 80249900 (length = 250 bytes)
$Function_Piranha_Main will be placed at 80249B50 (length = 250 bytes)
$Script_Mistar_Outcome will be placed at 80249DA0 (length = 250 bytes)
$Script_StoneSwitch will be placed at 80249FF0 (length = 248 bytes)
$Script_MakeEntities_mze02 will be placed at 8024A238 (length = 23C bytes)
$MapTattle will be placed at 8024A474 (length = 224 bytes)
$NpcGroup_Enemy1_SpikeTop will be placed at 8024A698 (length = 1F0 bytes)
$NpcGroup_Enemy3_Buzzar will be placed at 8024A888 (length = 1F0 bytes)
$NpcGroup_Enemy2_Paratroopa will be placed at 8024AA78 (length = 1F0 bytes)
$Function_DryBones_3 will be placed at 8024AC68 (length = 1F0 bytes)
$NpcGroup_Enemy1_Bony will be placed at 8024AE58 (length = 1F0 bytes)
$NpcGroup_Enemy3_Blooper will be placed at 8024B048 (length = 1F0 bytes)
$NpcGroup_Enemy1_Paratroopa will be placed at 8024B238 (length = 1F0 bytes)
$NpcGroup_Enemy3_Dino will be placed at 8024B428 (length = 1F0 bytes)
$NpcGroup_Enemy1_Bzzap will be placed at 8024B618 (length = 1F0 bytes)
$NpcGroup_Enemy2_Dupplighost will be placed at 8024B808 (length = 1F0 bytes)
$NpcGroup_Enemy1_Dupplighost will be placed at 8024B9F8 (length = 1F0 bytes)
$NpcGroup_Enemy1_LavaBubble will be placed at 8024BBE8 (length = 1F0 bytes)
$NpcGroup_Enemy2_Bzzap will be placed at 8024BDD8 (length = 1F0 bytes)
$NpcGroup_Enemy1_RuffPuff will be placed at 8024BFC8 (length = 1F0 bytes)
$NpcGroup_Enemy1_Ember will be placed at 8024C1B8 (length = 1F0 bytes)
$NpcGroup_Enemy2_Bony will be placed at 8024C3A8 (length = 1F0 bytes)
$NpcGroup_Enemy2_Ember will be placed at 8024C598 (length = 1F0 bytes)
$NpcGroup_Enemy1_Gloomba will be placed at 8024C788 (length = 1F0 bytes)
$NpcGroup_Enemy1_Paragloomba will be placed at 8024C978 (length = 1F0 bytes)
$NpcGroup_Enemy1_PyroGuy will be placed at 8024CB68 (length = 1F0 bytes)
$NpcGroup_Enemy2_Buzzar will be placed at 8024CD58 (length = 1F0 bytes)
$NpcGroup_Enemy2_Gloomba will be placed at 8024CF48 (length = 1F0 bytes)
$NpcGroup_Enemy2_Pokey will be placed at 8024D138 (length = 1F0 bytes)
$NpcGroup_Enemy2_LavaBubble will be placed at 8024D328 (length = 1F0 bytes)
$NpcGroup_Enemy2_SpikeTop will be placed at 8024D518 (length = 1F0 bytes)
$NpcGroup_Enemy2_SpikedGloomba will be placed at 8024D708 (length = 1F0 bytes)
$NpcGroup_Enemy2_RuffPuff will be placed at 8024D8F8 (length = 1F0 bytes)
$NpcGroup_Enemy1_Pokey will be placed at 8024DAE8 (length = 1F0 bytes)
$NpcGroup_Enemy2_Paragloomba will be placed at 8024DCD8 (length = 1F0 bytes)
$NpcGroup_Enemy1_SpikedGloomba will be placed at 8024DEC8 (length = 1F0 bytes)
$NpcGroup_Enemy2_PyroGuy will be placed at 8024E0B8 (length = 1F0 bytes)
$NpcGroup_MistarKid will be placed at 8024E2A8 (length = 1F0 bytes)
$Function_Bzzap_Main will be placed at 8024E498 (length = 1EC bytes)
$SkipCutscene_Mistar will be placed at 8024E684 (length = 1EC bytes)
$Function_Paragoomba_Main will be placed at 8024E870 (length = 1EC bytes)
$Function_RuffPuff_Main will be placed at 8024EA5C (length = 1E8 bytes)
$Function_Ember_Main will be placed at 8024EC44 (length = 1E8 bytes)
$Script_DryBones_Projectile_Main will be placed at 8024EE2C (length = 1C8 bytes)
$Script_Main will be placed at 8024EFF4 (length = 1C0 bytes)
$Function_Bzzap_2 will be placed at 8024F1B4 (length = 1B0 bytes)
$Function_Paratroopa_8 will be placed at 8024F364 (length = 1B0 bytes)
$Function_RuffPuff_2 will be placed at 8024F514 (length = 1B0 bytes)
$Function_Ember_2 will be placed at 8024F6C4 (length = 1B0 bytes)
$Function_Paragoomba_2 will be placed at 8024F874 (length = 1B0 bytes)
$Script_UseChest2 will be placed at 8024FA24 (length = 1A0 bytes)
$Script_UseChest_BossRoom will be placed at 8024FBC4 (length = 19C bytes)
$Script_Cheev_Dungeon_03 will be placed at 8024FD60 (length = 190 bytes)
$JumpTable_DryBones will be placed at 8024FEF0 (length = 190 bytes)
$Script_UseChest will be placed at 80250080 (length = 190 bytes)
$Function_Koopa_3 will be placed at 80250210 (length = 164 bytes)
$String_Mistar_8_1 will be placed at 80250374 (length = 148 bytes)
$Function_DryBones_1 will be placed at 802504BC (length = 144 bytes)
$Function_Koopa_2 will be placed at 80250600 (length = 134 bytes)
$Function_Bzzap_8 will be placed at 80250734 (length = 134 bytes)
$Function_Paragoomba_8 will be placed at 80250868 (length = 134 bytes)
$Function_Ember_8 will be placed at 8025099C (length = 130 bytes)
$Function_RuffPuff_8 will be placed at 80250ACC (length = 130 bytes)
$Function_Paratroopa_4 will be placed at 80250BFC (length = 128 bytes)
$Function_Bzzap_1 will be placed at 80250D24 (length = 124 bytes)
$Function_Paratroopa_9 will be placed at 80250E48 (length = 124 bytes)
$Function_RuffPuff_1 will be placed at 80250F6C (length = 124 bytes)
$Function_Ember_1 will be placed at 80251090 (length = 124 bytes)
$Function_Paragoomba_1 will be placed at 802511B4 (length = 124 bytes)
$Function_Paratroopa_2 will be placed at 802512D8 (length = 118 bytes)
$String_Mistar_8_2 will be placed at 802513F0 (length = 118 bytes)
$Function_DryBones_2 will be placed at 80251508 (length = 104 bytes)
$Function_Piranha_5 will be placed at 8025160C (length = 100 bytes)
$Script_WelcomeToTheMaze will be placed at 8025170C (length = FC bytes)
$Function_Piranha_2 will be placed at 80251808 (length = FC bytes)
$Function_Piranha_7 will be placed at 80251904 (length = EC bytes)
$Script_PiranhaAI will be placed at 802519F0 (length = D4 bytes)
$Script_TrackOutcome will be placed at 80251AC4 (length = D0 bytes)
$Script_ProjectileOutcome will be placed at 80251B94 (length = D0 bytes)
$Function_Bzzap_4 will be placed at 80251C64 (length = C0 bytes)
$Function_Paratroopa_7 will be placed at 80251D24 (length = C0 bytes)
$Function_Ember_4 will be placed at 80251DE4 (length = C0 bytes)
$Function_RuffPuff_4 will be placed at 80251EA4 (length = C0 bytes)
$Function_Paragoomba_4 will be placed at 80251F64 (length = C0 bytes)
$Function_Paratroopa_1 will be placed at 80252024 (length = BC bytes)
$Function_DryBones_5 will be placed at 802520E0 (length = A8 bytes)
$Script_PillarFX will be placed at 80252188 (length = 94 bytes)
$Function_Piranha_4 will be placed at 8025221C (length = 90 bytes)
$String_Mistar_7 will be placed at 802522AC (length = 90 bytes)
$String_Mistar_6 will be placed at 8025233C (length = 88 bytes)
$Mistar_Hit will be placed at 802523C4 (length = 80 bytes)
$Function_Koopa_4 will be placed at 80252444 (length = 80 bytes)
$Mistar_Idle will be placed at 802524C4 (length = 80 bytes)
$Script_PiranhaAI_Hitbox will be placed at 80252544 (length = 80 bytes)
$Script_MakeExits will be placed at 802525C4 (length = 80 bytes)
$Function_Koopa_1 will be placed at 80252644 (length = 7C bytes)
$Function_Bzzap_6 will be placed at 802526C0 (length = 78 bytes)
$Function_Paratroopa_5 will be placed at 80252738 (length = 78 bytes)
$Function_Ember_6 will be placed at 802527B0 (length = 78 bytes)
$Function_RuffPuff_6 will be placed at 80252828 (length = 78 bytes)
$Function_Paragoomba_6 will be placed at 802528A0 (length = 78 bytes)
$Script_RuffPuffAI will be placed at 80252918 (length = 70 bytes)
$Script_AI_Paratroopa will be placed at 80252988 (length = 70 bytes)
$Script_ParagoombaAI will be placed at 802529F8 (length = 70 bytes)
$Script_EmberAI will be placed at 80252A68 (length = 70 bytes)
$Script_BzzapAI will be placed at 80252AD8 (length = 70 bytes)
$Script_ProjectileAI will be placed at 80252B48 (length = 70 bytes)
$Script_DryBonesAI will be placed at 80252BB8 (length = 70 bytes)
$Script_KoopaAI will be placed at 80252C28 (length = 70 bytes)
$Function_Bzzap_7 will be placed at 80252C98 (length = 6C bytes)
$Function_Paratroopa_6 will be placed at 80252D04 (length = 6C bytes)
$Function_Piranha_1 will be placed at 80252D70 (length = 6C bytes)
$Function_Ember_7 will be placed at 80252DDC (length = 6C bytes)
$Function_RuffPuff_7 will be placed at 80252E48 (length = 6C bytes)
$Function_Paragoomba_7 will be placed at 80252EB4 (length = 6C bytes)
$Function_Bzzap_9 will be placed at 80252F20 (length = 64 bytes)
$String_Mistar_5 will be placed at 80252F84 (length = 64 bytes)
$Function_Paragoomba_9 will be placed at 80252FE8 (length = 64 bytes)
$Function_Piranha_6 will be placed at 8025304C (length = 60 bytes)
$Script_Exit3 will be placed at 802530AC (length = 60 bytes)
$Script_Exit2 will be placed at 8025310C (length = 60 bytes)
$Function_RuffPuff_10 will be placed at 8025316C (length = 5C bytes)
$Function_Ember_10 will be placed at 802531C8 (length = 5C bytes)
$GetEntityPointer will be placed at 80253224 (length = 5C bytes)
$JumpTable_Koopa will be placed at 80253280 (length = 54 bytes)
$String_Mistar_9 will be placed at 802532D4 (length = 54 bytes)
$JumpTable_Ember will be placed at 80253328 (length = 54 bytes)
$JumpTable_RuffPuff will be placed at 8025337C (length = 54 bytes)
$String_Mistar_3 will be placed at 802533D0 (length = 50 bytes)
$Script_Exit1 will be placed at 80253420 (length = 50 bytes)
$Script_Exit0 will be placed at 80253470 (length = 50 bytes)
$Script_Init_Mistar will be placed at 802534C0 (length = 4C bytes)
$Function_DryBones_6 will be placed at 8025350C (length = 48 bytes)
$Function_DryBones_4 will be placed at 80253554 (length = 48 bytes)
$String_Mistar_10 will be placed at 8025359C (length = 48 bytes)
$String_Mistar_4 will be placed at 802535E4 (length = 48 bytes)
$Function_Paratroopa_3 will be placed at 8025362C (length = 44 bytes)
$String_StoneSwitch_Nope will be placed at 80253670 (length = 40 bytes)
$JumpTable_Paratroopa will be placed at 802536B0 (length = 40 bytes)
$Header will be placed at 802536F0 (length = 40 bytes)
$EntryList will be placed at 80253730 (length = 40 bytes)
$Function_SetupFog will be placed at 80253770 (length = 40 bytes)
$Function_Init will be placed at 802537B0 (length = 3C bytes)
$JumpTable_Paragoomba will be placed at 802537EC (length = 3C bytes)
$JumpTable_Bzzap will be placed at 80253828 (length = 3C bytes)
$Script_Init_Mistar_HitBox will be placed at 80253864 (length = 38 bytes)
$Function_DryBones_Projectile_1 will be placed at 8025389C (length = 38 bytes)
$AISettings_Pokey will be placed at 802538D4 (length = 30 bytes)
$NpcGroup8_mze10 will be placed at 80253904 (length = 30 bytes)
$NpcGroup8_mze11 will be placed at 80253934 (length = 30 bytes)
$AISettings_Bzzap will be placed at 80253964 (length = 30 bytes)
$AISettings_Koopa will be placed at 80253994 (length = 30 bytes)
$AISettings_Paratroopa will be placed at 802539C4 (length = 30 bytes)
$AISettings_RuffPuff will be placed at 802539F4 (length = 30 bytes)
$AISettings_Ember will be placed at 80253A24 (length = 30 bytes)
$AISettings_Paragoomba will be placed at 80253A54 (length = 30 bytes)
$AISettings_Projectile will be placed at 80253A84 (length = 30 bytes)
$NpcGroup6_mze10 will be placed at 80253AB4 (length = 30 bytes)
$NpcGroup6_mze11 will be placed at 80253AE4 (length = 30 bytes)
$NpcGroup7_mze10 will be placed at 80253B14 (length = 30 bytes)
$NpcGroup7_mze11 will be placed at 80253B44 (length = 30 bytes)
$AISettings_DryBones will be placed at 80253B74 (length = 30 bytes)
$NpcGroup1_mze10 will be placed at 80253BA4 (length = 30 bytes)
$NpcGroup1_mze11 will be placed at 80253BD4 (length = 30 bytes)
$NpcGroup5_mze11 will be placed at 80253C04 (length = 30 bytes)
$NpcGroup5_mze10 will be placed at 80253C34 (length = 30 bytes)
$NpcGroup2_mze11 will be placed at 80253C64 (length = 30 bytes)
$NpcGroup2_mze10 will be placed at 80253C94 (length = 30 bytes)
$AISettings_Piranha will be placed at 80253CC4 (length = 30 bytes)
$AISettings_PyroGuy will be placed at 80253CF4 (length = 30 bytes)
$AISettings_Dupplighost will be placed at 80253D24 (length = 30 bytes)
$NpcGroup3_mze11 will be placed at 80253D54 (length = 30 bytes)
$NpcGroup3_mze10 will be placed at 80253D84 (length = 30 bytes)
$NpcGroup4_mze11 will be placed at 80253DB4 (length = 30 bytes)
$NpcGroup4_mze10 will be placed at 80253DE4 (length = 30 bytes)
$AISettings_Basic will be placed at 80253E14 (length = 30 bytes)
$NpcSettings_Cleft will be placed at 80253E44 (length = 2C bytes)
$Script_Init_null will be placed at 80253E70 (length = 2C bytes)
$NpcSettings_Bzzap will be placed at 80253E9C (length = 2C bytes)
$NpcSettings_PiranhaHitbox will be placed at 80253EC8 (length = 2C bytes)
$NpcSettings_RuffPuff will be placed at 80253EF4 (length = 2C bytes)
$Func_FormatNpcID will be placed at 80253F20 (length = 2C bytes)
$NpcSettings_Ember will be placed at 80253F4C (length = 2C bytes)
$Function_RevivePlayer will be placed at 80253F78 (length = 2C bytes)
$NpcSettings_PiranhaPlant will be placed at 80253FA4 (length = 2C bytes)
$NpcSettings_DryBones will be placed at 80253FD0 (length = 2C bytes)
$NpcSettings_Paratroopa will be placed at 80253FFC (length = 2C bytes)
$NpcSettings_Mistar will be placed at 80254028 (length = 2C bytes)
$NpcSettings_Koopa will be placed at 80254054 (length = 2C bytes)
$NpcSettings_Projectile will be placed at 80254080 (length = 2C bytes)
$Script_PokeyAI will be placed at 802540AC (length = 2C bytes)
$NpcSettings_Pokey will be placed at 802540D8 (length = 2C bytes)
$NpcSettings_MediGuy will be placed at 80254104 (length = 2C bytes)
$NpcSettings_Paragoomba will be placed at 80254130 (length = 2C bytes)
$Data_TrapPointers will be placed at 8025415C (length = 28 bytes)
$String_Mistar_1 will be placed at 80254184 (length = 28 bytes)
$NpcGroup4_mze02 will be placed at 802541AC (length = 24 bytes)
$NpcGroup4_mze04 will be placed at 802541D0 (length = 24 bytes)
$NpcGroup4_mze03 will be placed at 802541F4 (length = 24 bytes)
$NpcGroup4_mze05 will be placed at 80254218 (length = 24 bytes)
$Script_Init_EnemyNPC will be placed at 8025423C (length = 24 bytes)
$NpcSettings_Dupplighost will be placed at 80254260 (length = 24 bytes)
$NpcSettings_BasicAI will be placed at 80254284 (length = 24 bytes)
$NpcSettings_PyroGuy will be placed at 802542A8 (length = 24 bytes)
$NpcGroupList_Mistar will be placed at 802542CC (length = 24 bytes)
$NpcGroup1_mze04 will be placed at 802542F0 (length = 24 bytes)
$NpcGroup1_mze05 will be placed at 80254314 (length = 24 bytes)
$NpcGroup1_mze02 will be placed at 80254338 (length = 24 bytes)
$NpcGroup1_mze03 will be placed at 8025435C (length = 24 bytes)
$NpcGroup7_mze02 will be placed at 80254380 (length = 24 bytes)
$NpcGroup7_mze03 will be placed at 802543A4 (length = 24 bytes)
$NpcGroup7_mze04 will be placed at 802543C8 (length = 24 bytes)
$NpcGroup7_mze05 will be placed at 802543EC (length = 24 bytes)
$NpcGroup2_mze04 will be placed at 80254410 (length = 24 bytes)
$NpcGroup8_mze03 will be placed at 80254434 (length = 24 bytes)
$NpcGroup2_mze03 will be placed at 80254458 (length = 24 bytes)
$NpcGroup8_mze04 will be placed at 8025447C (length = 24 bytes)
$NpcGroup2_mze05 will be placed at 802544A0 (length = 24 bytes)
$NpcGroup8_mze02 will be placed at 802544C4 (length = 24 bytes)
$NpcGroup2_mze02 will be placed at 802544E8 (length = 24 bytes)
$NpcGroup8_mze05 will be placed at 8025450C (length = 24 bytes)
$NpcGroup3_mze05 will be placed at 80254530 (length = 24 bytes)
$NpcGroup3_mze04 will be placed at 80254554 (length = 24 bytes)
$NpcGroup3_mze03 will be placed at 80254578 (length = 24 bytes)
$NpcGroup3_mze02 will be placed at 8025459C (length = 24 bytes)
$NpcGroup6_mze05 will be placed at 802545C0 (length = 24 bytes)
$NpcGroup6_mze03 will be placed at 802545E4 (length = 24 bytes)
$NpcGroup6_mze04 will be placed at 80254608 (length = 24 bytes)
$NpcGroup6_mze02 will be placed at 8025462C (length = 24 bytes)
$NpcGroup5_mze03 will be placed at 80254650 (length = 24 bytes)
$NpcGroup5_mze02 will be placed at 80254674 (length = 24 bytes)
$NpcGroup5_mze05 will be placed at 80254698 (length = 24 bytes)
$NpcGroup5_mze04 will be placed at 802546BC (length = 24 bytes)
$Script_PyroGuy will be placed at 802546E0 (length = 20 bytes)
$Script_BasicNPCAI will be placed at 80254700 (length = 20 bytes)
$Script_DupplighostAI will be placed at 80254720 (length = 20 bytes)
$FloatTable_RuffPuff will be placed at 80254740 (length = 18 bytes)
$FloatTable_Bzzap_1 will be placed at 80254758 (length = 18 bytes)
$FloatTable_Paratroopa will be placed at 80254770 (length = 18 bytes)
$FloatTable_Paragoomba will be placed at 80254788 (length = 18 bytes)
$FloatTable_Ember will be placed at 802547A0 (length = 18 bytes)
$String_Var_Bonetail will be placed at 802547B8 (length = 14 bytes)
$String_Var_King will be placed at 802547CC (length = 14 bytes)
$Function_Pokey_1 will be placed at 802547E0 (length = 14 bytes)
$String_Mistar_2 will be placed at 802547F4 (length = 14 bytes)
$Script_null will be placed at 80254808 (length = 10 bytes)
$Script_Init_Basic will be placed at 80254818 (length = 10 bytes)
$ASCII_"mze_00"_Literal will be placed at 80254828 (length = C bytes)
$ASCII_"mze_12"_Literal will be placed at 80254834 (length = C bytes)
$ASCII_"mze_09"_Literal will be placed at 80254840 (length = C bytes)
$Function_GetTattle will be placed at 8025484C (length = C bytes)
$ASCII_"mze_01"_Literal will be placed at 80254858 (length = C bytes)
$ConstDouble_Paratroopa_3 will be placed at 80254868 (length = 8 bytes)
$ConstDouble_Paratroopa_1 will be placed at 80254870 (length = 8 bytes)
$ConstDouble_Paratroopa_2 will be placed at 80254878 (length = 8 bytes)
$ConstDouble_RuffPuff_4 will be placed at 80254880 (length = 8 bytes)
$ConstDouble_RuffPuff_3 will be placed at 80254888 (length = 8 bytes)
$ConstDouble_RuffPuff_2 will be placed at 80254890 (length = 8 bytes)
$ConstDouble_RuffPuff_1 will be placed at 80254898 (length = 8 bytes)
$ConstDouble_Paragoomba_1 will be placed at 802548A0 (length = 8 bytes)
$ConstDouble_Paragoomba_2 will be placed at 802548A8 (length = 8 bytes)
$ConstDouble_Paragoomba_3 will be placed at 802548B0 (length = 8 bytes)
$ConstDouble_Piranha_6 will be placed at 802548B8 (length = 8 bytes)
$ConstDouble_Piranha_5 will be placed at 802548C0 (length = 8 bytes)
$ConstDouble_Piranha_4 will be placed at 802548C8 (length = 8 bytes)
$ConstDouble_Piranha_3 will be placed at 802548D0 (length = 8 bytes)
$ConstDouble_Piranha_2 will be placed at 802548D8 (length = 8 bytes)
$ConstDouble_Piranha_1 will be placed at 802548E0 (length = 8 bytes)
$ConstDouble_DryBones_5 will be placed at 802548E8 (length = 8 bytes)
$ConstDouble_DryBones_4 will be placed at 802548F0 (length = 8 bytes)
$ConstDouble_Bzzap_1 will be placed at 802548F8 (length = 8 bytes)
$ConstDouble_DryBones_3 will be placed at 80254900 (length = 8 bytes)
$ConstDouble_Bzzap_2 will be placed at 80254908 (length = 8 bytes)
$ConstDouble_DryBones_2 will be placed at 80254910 (length = 8 bytes)
$ConstDouble_Bzzap_3 will be placed at 80254918 (length = 8 bytes)
$ConstDouble_DryBones_1 will be placed at 80254920 (length = 8 bytes)
$ASCII_"tik_tex"_Literal will be placed at 80254928 (length = 8 bytes)
$ConstDouble_Ember_4 will be placed at 80254930 (length = 8 bytes)
$ConstDouble_Ember_3 will be placed at 80254938 (length = 8 bytes)
$ConstDouble_Ember_2 will be placed at 80254940 (length = 8 bytes)
$ConstDouble_Ember_1 will be placed at 80254948 (length = 8 bytes)
$ConstDouble_Koopa_1 will be placed at 80254950 (length = 8 bytes)
Executing patch: mze_03.mpat
Creating struct: $Script_MakeEntities
Creating struct: $Script_UseChest
Creating struct: $Script_UseChest_BossRoom
Creating struct: $Script_Cheev_Dungeon_03
Creating struct: $Data_TrapPointers
Creating struct: $Script_SetEnemiesFlags
Creating struct: $Script_SaveEnemyFlag
Creating struct: $Script_Init_EnemyNPC
Creating struct: $Script_TrackOutcome
Creating struct: $Script_Mistar_Outcome
Creating struct: $Script_Cutscene_Mistar
Creating struct: $SkipCutscene_Mistar
Creating struct: $Script_LockChests
Creating struct: $GetEntityPointer
Creating struct: $Function_RevivePlayer
Creating struct: $Function_SetupFog
Creating struct: $Script_SpawnSpriteBlock
Creating struct: $Script_SwapSprites
Creating struct: $Script_TrackInvisibleBlock
Creating struct: $VectorList_HideBlock
Creating struct: $Script_EnableTexPanning
Creating struct: $Script_80244A70
Creating struct: $Function_80240404
Creating struct: $Function_802402E0
Creating struct: $Script_KillMario
Creating struct: $NpcSettings_BasicAI
Creating struct: $Script_Init_Basic
Creating struct: $Script_BasicNPCAI
Creating struct: $AISettings_Basic
Creating struct: $NpcSettings_Bzzap
Creating struct: $Script_BzzapAI
Creating struct: $AISettings_Bzzap
Creating struct: $ConstDouble_Bzzap_1
Creating struct: $ConstDouble_Bzzap_2
Creating struct: $ConstDouble_Bzzap_3
Creating struct: $FloatTable_Bzzap_1
Creating struct: $JumpTable_Bzzap
Creating struct: $Function_Bzzap_Main
Creating struct: $Function_Bzzap_1
Creating struct: $Function_Bzzap_2
Creating struct: $Function_Bzzap_3
Creating struct: $Function_Bzzap_4
Creating struct: $Function_Bzzap_5
Creating struct: $Function_Bzzap_6
Creating struct: $Function_Bzzap_7
Creating struct: $Function_Bzzap_8
Creating struct: $Function_Bzzap_9
Creating struct: $Function_Bzzap_10
Creating struct: $NpcSettings_DryBones
Creating struct: $NpcSettings_Projectile
Creating struct: $Script_ProjectileOutcome
Creating struct: $Script_DryBonesAI
Creating struct: $Script_ProjectileAI
Creating struct: $AISettings_DryBones
Creating struct: $AISettings_Projectile
Creating struct: $Script_DryBones_Projectile_Main
Creating struct: $Script_null
Creating struct: $Function_DryBones_Projectile_1
Creating struct: $Function_DryBones_Projectile_2
Creating struct: $Func_FormatNpcID
Creating struct: $Function_DryBones_Projectile_Main
Creating struct: $ConstDouble_DryBones_1
Creating struct: $ConstDouble_DryBones_2
Creating struct: $ConstDouble_DryBones_3
Creating struct: $ConstDouble_DryBones_4
Creating struct: $ConstDouble_DryBones_5
Creating struct: $JumpTable_DryBones
Creating struct: $Function_DryBones_Main
Creating struct: $Function_DryBones_1
Creating struct: $Function_DryBones_2
Creating struct: $Function_DryBones_3
Creating struct: $Function_DryBones_4
Creating struct: $Function_DryBones_5
Creating struct: $Function_DryBones_6
Creating struct: $NpcSettings_Dupplighost
Creating struct: $Script_DupplighostAI
Creating struct: $AISettings_Dupplighost
Creating struct: $NpcSettings_Ember
Creating struct: $Script_EmberAI
Creating struct: $AISettings_Ember
Creating struct: $ConstDouble_Ember_1
Creating struct: $ConstDouble_Ember_2
Creating struct: $ConstDouble_Ember_3
Creating struct: $ConstDouble_Ember_4
Creating struct: $JumpTable_Ember
Creating struct: $FloatTable_Ember
Creating struct: $Function_Ember_Main
Creating struct: $Function_Ember_1
Creating struct: $Function_Ember_2
Creating struct: $Function_Ember_3
Creating struct: $Function_Ember_4
Creating struct: $Function_Ember_5
Creating struct: $Function_Ember_6
Creating struct: $Function_Ember_7
Creating struct: $Function_Ember_8
Creating struct: $Function_Ember_9
Creating struct: $Function_Ember_10
Creating struct: $NpcSettings_Koopa
Creating struct: $Script_KoopaAI
Creating struct: $AISettings_Koopa
Creating struct: $ConstDouble_Koopa_1
Creating struct: $JumpTable_Koopa
Creating struct: $Function_Koopa_Main
Creating struct: $Function_Koopa_1
Creating struct: $Function_Koopa_2
Creating struct: $Function_Koopa_3
Creating struct: $Function_Koopa_4
Creating struct: $NpcSettings_Paragoomba
Creating struct: $Script_ParagoombaAI
Creating struct: $AISettings_Paragoomba
Creating struct: $ConstDouble_Paragoomba_1
Creating struct: $ConstDouble_Paragoomba_2
Creating struct: $ConstDouble_Paragoomba_3
Creating struct: $FloatTable_Paragoomba
Creating struct: $JumpTable_Paragoomba
Creating struct: $Function_Paragoomba_Main
Creating struct: $Function_Paragoomba_1
Creating struct: $Function_Paragoomba_2
Creating struct: $Function_Paragoomba_3
Creating struct: $Function_Paragoomba_4
Creating struct: $Function_Paragoomba_5
Creating struct: $Function_Paragoomba_6
Creating struct: $Function_Paragoomba_7
Creating struct: $Function_Paragoomba_8
Creating struct: $Function_Paragoomba_9
Creating struct: $Function_Paragoomba_10
Creating struct: $NpcSettings_Paratroopa
Creating struct: $Script_AI_Paratroopa
Creating struct: $AISettings_Paratroopa
Creating struct: $JumpTable_Paratroopa
Creating struct: $ConstDouble_Paratroopa_1
Creating struct: $ConstDouble_Paratroopa_2
Creating struct: $ConstDouble_Paratroopa_3
Creating struct: $FloatTable_Paratroopa
Creating struct: $Function_Paratroopa_Main
Creating struct: $Function_Paratroopa_1
Creating struct: $Function_Paratroopa_2
Creating struct: $Function_Paratroopa_3
Creating struct: $Function_Paratroopa_4
Creating struct: $Function_Paratroopa_SetPos2
Creating struct: $Function_Paratroopa_5
Creating struct: $Function_Paratroopa_6
Creating struct: $Function_Paratroopa_7
Creating struct: $Function_Paratroopa_SetPos1
Creating struct: $Function_Paratroopa_8
Creating struct: $Function_Paratroopa_9
Creating struct: $ConstDouble_Piranha_1
Creating struct: $ConstDouble_Piranha_2
Creating struct: $ConstDouble_Piranha_3
Creating struct: $ConstDouble_Piranha_4
Creating struct: $ConstDouble_Piranha_5
Creating struct: $ConstDouble_Piranha_6
Creating struct: $NpcSettings_PiranhaPlant
Creating struct: $NpcSettings_PiranhaHitbox
Creating struct: $Script_PiranhaAI
Creating struct: $Script_PiranhaAI_Hitbox
Creating struct: $AISettings_Piranha
Creating struct: $Function_PiranhaHitBox_Main
Creating struct: $Function_Piranha_Main
Creating struct: $Function_Piranha_1
Creating struct: $Function_Piranha_2
Creating struct: $Function_Piranha_3
Creating struct: $Function_Piranha_4
Creating struct: $Function_Piranha_5
Creating struct: $Function_Piranha_6
Creating struct: $Function_Piranha_7
Creating struct: $NpcSettings_Pokey
Creating struct: $Script_PokeyAI
Creating struct: $Function_Pokey_1
Creating struct: $AISettings_Pokey
Creating struct: $NpcSettings_PyroGuy
Creating struct: $Script_PyroGuy
Creating struct: $AISettings_PyroGuy
Creating struct: $NpcSettings_RuffPuff
Creating struct: $Script_RuffPuffAI
Creating struct: $AISettings_RuffPuff
Creating struct: $ConstDouble_RuffPuff_1
Creating struct: $ConstDouble_RuffPuff_2
Creating struct: $ConstDouble_RuffPuff_3
Creating struct: $ConstDouble_RuffPuff_4
Creating struct: $JumpTable_RuffPuff
Creating struct: $FloatTable_RuffPuff
Creating struct: $Function_RuffPuff_Main
Creating struct: $Function_RuffPuff_1
Creating struct: $Function_RuffPuff_2
Creating struct: $Function_RuffPuff_3
Creating struct: $Function_RuffPuff_4
Creating struct: $Function_RuffPuff_5
Creating struct: $Function_RuffPuff_6
Creating struct: $Function_RuffPuff_7
Creating struct: $Function_RuffPuff_8
Creating struct: $Function_RuffPuff_9
Creating struct: $Function_RuffPuff_10
Creating struct: $NpcSettings_MediGuy
Creating struct: $NpcSettings_Cleft
Creating struct: $Script_MakeNpcs
Creating struct: $NpcGroupList_Mistar
Creating struct: $NpcGroup1_mze02
Creating struct: $NpcGroup1_mze03
Creating struct: $NpcGroup1_mze04
Creating struct: $NpcGroup1_mze05
Creating struct: $NpcGroup1_mze10
Creating struct: $NpcGroup1_mze11
Creating struct: $NpcGroup2_mze02
Creating struct: $NpcGroup2_mze03
Creating struct: $NpcGroup2_mze04
Creating struct: $NpcGroup2_mze05
Creating struct: $NpcGroup2_mze10
Creating struct: $NpcGroup2_mze11
Creating struct: $NpcGroup3_mze02
Creating struct: $NpcGroup3_mze03
Creating struct: $NpcGroup3_mze04
Creating struct: $NpcGroup3_mze05
Creating struct: $NpcGroup3_mze10
Creating struct: $NpcGroup3_mze11
Creating struct: $NpcGroup4_mze02
Creating struct: $NpcGroup4_mze03
Creating struct: $NpcGroup4_mze04
Creating struct: $NpcGroup4_mze05
Creating struct: $NpcGroup4_mze10
Creating struct: $NpcGroup4_mze11
Creating struct: $NpcGroup5_mze02
Creating struct: $NpcGroup5_mze03
Creating struct: $NpcGroup5_mze04
Creating struct: $NpcGroup5_mze05
Creating struct: $NpcGroup5_mze10
Creating struct: $NpcGroup5_mze11
Creating struct: $NpcGroup6_mze02
Creating struct: $NpcGroup6_mze03
Creating struct: $NpcGroup6_mze04
Creating struct: $NpcGroup6_mze05
Creating struct: $NpcGroup6_mze10
Creating struct: $NpcGroup6_mze11
Creating struct: $NpcGroup7_mze02
Creating struct: $NpcGroup7_mze03
Creating struct: $NpcGroup7_mze04
Creating struct: $NpcGroup7_mze05
Creating struct: $NpcGroup7_mze10
Creating struct: $NpcGroup7_mze11
Creating struct: $NpcGroup8_mze02
Creating struct: $NpcGroup8_mze03
Creating struct: $NpcGroup8_mze04
Creating struct: $NpcGroup8_mze05
Creating struct: $NpcGroup8_mze10
Creating struct: $NpcGroup8_mze11
Creating struct: $NpcGroup_Enemy1_Gloomba
Creating struct: $NpcGroup_Enemy2_Gloomba
Creating struct: $NpcGroup_Enemy1_Paragloomba
Creating struct: $NpcGroup_Enemy2_Paragloomba
Creating struct: $NpcGroup_Enemy1_SpikedGloomba
Creating struct: $NpcGroup_Enemy2_SpikedGloomba
Creating struct: $NpcGroup_Enemy1_Paratroopa
Creating struct: $NpcGroup_Enemy2_Paratroopa
Creating struct: $NpcGroup_Enemy1_Pokey
Creating struct: $NpcGroup_Enemy2_Pokey
Creating struct: $NpcGroup_Enemy1_PyroGuy
Creating struct: $NpcGroup_Enemy2_PyroGuy
Creating struct: $NpcGroup_Enemy1_SpikeTop
Creating struct: $NpcGroup_Enemy2_SpikeTop
Creating struct: $NpcGroup_Enemy1_LavaBubble
Creating struct: $NpcGroup_Enemy2_LavaBubble
Creating struct: $NpcGroup_Enemy2_Putrid
Creating struct: $NpcGroup_Enemy1_Bzzap
Creating struct: $NpcGroup_Enemy2_Bzzap
Creating struct: $NpcGroup_Enemy1_RuffPuff
Creating struct: $NpcGroup_Enemy2_RuffPuff
Creating struct: $NpcGroup_Enemy1_Dupplighost
Creating struct: $NpcGroup_Enemy2_Dupplighost
Creating struct: $NpcGroup_Enemy1_Ember
Creating struct: $NpcGroup_Enemy2_Ember
Creating struct: $NpcGroup_Enemy1_Bony
Creating struct: $NpcGroup_Enemy2_Bony
Creating struct: $NpcGroup_Enemy2_DryBones
Creating struct: $NpcGroup_Enemy3_DryBones
Creating struct: $NpcGroup_Enemy3_Blooper
Creating struct: $NpcGroup_Enemy2_Buzzar
Creating struct: $NpcGroup_Enemy3_Buzzar
Creating struct: $NpcGroup_Enemy3_Dino
Creating struct: $NpcGroup_Enemy4_Mistar
Creating struct: $NpcGroup_MistarKid
Creating struct: $NpcSettings_Mistar
Creating struct: $Script_Init_null
Creating struct: $Script_Init_Mistar
Creating struct: $Script_Init_Mistar_HitBox
Creating struct: $Mistar_Hit
Creating struct: $Mistar_Idle
Creating struct: $Header
Creating struct: $Function_Init
Creating struct: $EntryList
Creating struct: $Script_Main
Creating struct: $Script_MakeExits
Creating struct: $Script_Exit0
Creating struct: $Script_Exit1
Creating struct: $Function_GetTattle
Merged 1 regions to 1
$Function_Piranha_3 will be placed at 80240000 (length = A40 bytes)
$NpcGroup_Enemy2_DryBones will be placed at 80240A40 (length = 7C0 bytes)
$NpcGroup_Enemy3_DryBones will be placed at 80241200 (length = 7C0 bytes)
$Script_MakeNpcs will be placed at 802419C0 (length = 6E0 bytes)
$Script_Cutscene_Mistar will be placed at 802420A0 (length = 644 bytes)
$Function_Paratroopa_SetPos1 will be placed at 802426E4 (length = 628 bytes)
$Function_Bzzap_3 will be placed at 80242D0C (length = 628 bytes)
$Function_RuffPuff_3 will be placed at 80243334 (length = 624 bytes)
$Function_Ember_3 will be placed at 80243958 (length = 624 bytes)
$Function_Paragoomba_3 will be placed at 80243F7C (length = 624 bytes)
$Script_SetEnemiesFlags will be placed at 802445A0 (length = 60C bytes)
$Script_MakeEntities will be placed at 80244BAC (length = 5C4 bytes)
$Script_LockChests will be placed at 80245170 (length = 57C bytes)
$Function_DryBones_Projectile_Main will be placed at 802456EC (length = 53C bytes)
$Function_DryBones_Projectile_2 will be placed at 80245C28 (length = 460 bytes)
$Function_Koopa_Main will be placed at 80246088 (length = 440 bytes)
$Script_SpawnSpriteBlock will be placed at 802464C8 (length = 3E4 bytes)
$NpcGroup_Enemy2_Putrid will be placed at 802468AC (length = 3E0 bytes)
$NpcGroup_Enemy4_Mistar will be placed at 80246C8C (length = 3E0 bytes)
$Function_Bzzap_10 will be placed at 8024706C (length = 390 bytes)
$Function_Paragoomba_10 will be placed at 802473FC (length = 390 bytes)
$Function_Paratroopa_SetPos2 will be placed at 8024778C (length = 344 bytes)
$Function_Bzzap_5 will be placed at 80247AD0 (length = 344 bytes)
$Function_Ember_5 will be placed at 80247E14 (length = 344 bytes)
$Function_RuffPuff_5 will be placed at 80248158 (length = 344 bytes)
$Function_Paragoomba_5 will be placed at 8024849C (length = 344 bytes)
$Function_DryBones_Main will be placed at 802487E0 (length = 320 bytes)
$Script_TrackInvisibleBlock will be placed at 80248B00 (length = 2E0 bytes)
$Script_SaveEnemyFlag will be placed at 80248DE0 (length = 298 bytes)
$Function_Ember_9 will be placed at 80249078 (length = 280 bytes)
$Function_RuffPuff_9 will be placed at 802492F8 (length = 280 bytes)
$Script_KillMario will be placed at 80249578 (length = 264 bytes)
$Function_PiranhaHitBox_Main will be placed at 802497DC (length = 260 bytes)
$Function_Paratroopa_Main will be placed at 80249A3C (length = 250 bytes)
$Function_Piranha_Main will be placed at 80249C8C (length = 250 bytes)
$Script_Mistar_Outcome will be placed at 80249EDC (length = 250 bytes)
$Script_SwapSprites will be placed at 8024A12C (length = 218 bytes)
$NpcGroup_Enemy1_SpikeTop will be placed at 8024A344 (length = 1F0 bytes)
$NpcGroup_Enemy3_Buzzar will be placed at 8024A534 (length = 1F0 bytes)
$NpcGroup_Enemy2_Paratroopa will be placed at 8024A724 (length = 1F0 bytes)
$Function_DryBones_3 will be placed at 8024A914 (length = 1F0 bytes)
$NpcGroup_Enemy1_Bony will be placed at 8024AB04 (length = 1F0 bytes)
$NpcGroup_Enemy3_Blooper will be placed at 8024ACF4 (length = 1F0 bytes)
$NpcGroup_Enemy1_Paratroopa will be placed at 8024AEE4 (length = 1F0 bytes)
$NpcGroup_Enemy3_Dino will be placed at 8024B0D4 (length = 1F0 bytes)
$NpcGroup_Enemy1_Bzzap will be placed at 8024B2C4 (length = 1F0 bytes)
$NpcGroup_Enemy2_Dupplighost will be placed at 8024B4B4 (length = 1F0 bytes)
$NpcGroup_Enemy1_Dupplighost will be placed at 8024B6A4 (length = 1F0 bytes)
$NpcGroup_Enemy1_LavaBubble will be placed at 8024B894 (length = 1F0 bytes)
$NpcGroup_Enemy2_Bzzap will be placed at 8024BA84 (length = 1F0 bytes)
$NpcGroup_Enemy1_RuffPuff will be placed at 8024BC74 (length = 1F0 bytes)
$NpcGroup_Enemy1_Ember will be placed at 8024BE64 (length = 1F0 bytes)
$NpcGroup_Enemy2_Bony will be placed at 8024C054 (length = 1F0 bytes)
$NpcGroup_Enemy2_Ember will be placed at 8024C244 (length = 1F0 bytes)
$NpcGroup_Enemy1_Gloomba will be placed at 8024C434 (length = 1F0 bytes)
$NpcGroup_Enemy1_Paragloomba will be placed at 8024C624 (length = 1F0 bytes)
$NpcGroup_Enemy1_PyroGuy will be placed at 8024C814 (length = 1F0 bytes)
$NpcGroup_Enemy2_Buzzar will be placed at 8024CA04 (length = 1F0 bytes)
$NpcGroup_Enemy2_Gloomba will be placed at 8024CBF4 (length = 1F0 bytes)
$NpcGroup_Enemy2_Pokey will be placed at 8024CDE4 (length = 1F0 bytes)
$NpcGroup_Enemy2_LavaBubble will be placed at 8024CFD4 (length = 1F0 bytes)
$NpcGroup_Enemy2_SpikeTop will be placed at 8024D1C4 (length = 1F0 bytes)
$NpcGroup_Enemy2_SpikedGloomba will be placed at 8024D3B4 (length = 1F0 bytes)
$NpcGroup_Enemy2_RuffPuff will be placed at 8024D5A4 (length = 1F0 bytes)
$NpcGroup_Enemy1_Pokey will be placed at 8024D794 (length = 1F0 bytes)
$NpcGroup_Enemy2_Paragloomba will be placed at 8024D984 (length = 1F0 bytes)
$NpcGroup_Enemy1_SpikedGloomba will be placed at 8024DB74 (length = 1F0 bytes)
$NpcGroup_Enemy2_PyroGuy will be placed at 8024DD64 (length = 1F0 bytes)
$NpcGroup_MistarKid will be placed at 8024DF54 (length = 1F0 bytes)
$Function_Bzzap_Main will be placed at 8024E144 (length = 1EC bytes)
$SkipCutscene_Mistar will be placed at 8024E330 (length = 1EC bytes)
$Function_Paragoomba_Main will be placed at 8024E51C (length = 1EC bytes)
$Function_RuffPuff_Main will be placed at 8024E708 (length = 1E8 bytes)
$Function_80240404 will be placed at 8024E8F0 (length = 1E8 bytes)
$Function_Ember_Main will be placed at 8024EAD8 (length = 1E8 bytes)
$Script_DryBones_Projectile_Main will be placed at 8024ECC0 (length = 1C8 bytes)
$Function_Bzzap_2 will be placed at 8024EE88 (length = 1B0 bytes)
$Function_Paratroopa_8 will be placed at 8024F038 (length = 1B0 bytes)
$Function_RuffPuff_2 will be placed at 8024F1E8 (length = 1B0 bytes)
$Function_Ember_2 will be placed at 8024F398 (length = 1B0 bytes)
$Function_Paragoomba_2 will be placed at 8024F548 (length = 1B0 bytes)
$Script_UseChest_BossRoom will be placed at 8024F6F8 (length = 19C bytes)
$Script_Cheev_Dungeon_03 will be placed at 8024F894 (length = 190 bytes)
$JumpTable_DryBones will be placed at 8024FA24 (length = 190 bytes)
$Script_UseChest will be placed at 8024FBB4 (length = 190 bytes)
$Function_Koopa_3 will be placed at 8024FD44 (length = 164 bytes)
$Script_EnableTexPanning will be placed at 8024FEA8 (length = 160 bytes)
$String_Mistar_8_1 will be placed at 80250008 (length = 148 bytes)
$Function_DryBones_1 will be placed at 80250150 (length = 144 bytes)
$Script_Main will be placed at 80250294 (length = 144 bytes)
$MapTattle will be placed at 802503D8 (length = 140 bytes)
$Function_Koopa_2 will be placed at 80250518 (length = 134 bytes)
$Function_Bzzap_8 will be placed at 8025064C (length = 134 bytes)
$Function_Paragoomba_8 will be placed at 80250780 (length = 134 bytes)
$Function_Ember_8 will be placed at 802508B4 (length = 130 bytes)
$Function_RuffPuff_8 will be placed at 802509E4 (length = 130 bytes)
$Function_Paratroopa_4 will be placed at 80250B14 (length = 128 bytes)
$Function_Bzzap_1 will be placed at 80250C3C (length = 124 bytes)
$Function_Paratroopa_9 will be placed at 80250D60 (length = 124 bytes)
$Function_802402E0 will be placed at 80250E84 (length = 124 bytes)
$Function_RuffPuff_1 will be placed at 80250FA8 (length = 124 bytes)
$Function_Ember_1 will be placed at 802510CC (length = 124 bytes)
$Function_Paragoomba_1 will be placed at 802511F0 (length = 124 bytes)
$Function_Paratroopa_2 will be placed at 80251314 (length = 118 bytes)
$String_Mistar_8_2 will be placed at 8025142C (length = 118 bytes)
$Function_DryBones_2 will be placed at 80251544 (length = 104 bytes)
$Function_Piranha_5 will be placed at 80251648 (length = 100 bytes)
$Function_Piranha_2 will be placed at 80251748 (length = FC bytes)
$Function_Piranha_7 will be placed at 80251844 (length = EC bytes)
$Script_PiranhaAI will be placed at 80251930 (length = D4 bytes)
$Script_TrackOutcome will be placed at 80251A04 (length = D0 bytes)
$Script_ProjectileOutcome will be placed at 80251AD4 (length = D0 bytes)
$Function_Bzzap_4 will be placed at 80251BA4 (length = C0 bytes)
$Function_Paratroopa_7 will be placed at 80251C64 (length = C0 bytes)
$Function_Ember_4 will be placed at 80251D24 (length = C0 bytes)
$Function_RuffPuff_4 will be placed at 80251DE4 (length = C0 bytes)
$Function_Paragoomba_4 will be placed at 80251EA4 (length = C0 bytes)
$Function_Paratroopa_1 will be placed at 80251F64 (length = BC bytes)
$Function_DryBones_5 will be placed at 80252020 (length = A8 bytes)
$Script_80244A70 will be placed at 802520C8 (length = 9C bytes)
$Function_Piranha_4 will be placed at 80252164 (length = 90 bytes)
$String_Mistar_7 will be placed at 802521F4 (length = 90 bytes)
$String_Mistar_6 will be placed at 80252284 (length = 88 bytes)
$Mistar_Hit will be placed at 8025230C (length = 80 bytes)
$Function_Koopa_4 will be placed at 8025238C (length = 80 bytes)
$Mistar_Idle will be placed at 8025240C (length = 80 bytes)
$Script_PiranhaAI_Hitbox will be placed at 8025248C (length = 80 bytes)
$Function_Koopa_1 will be placed at 8025250C (length = 7C bytes)
$Function_Bzzap_6 will be placed at 80252588 (length = 78 bytes)
$Function_Paratroopa_5 will be placed at 80252600 (length = 78 bytes)
$Function_Ember_6 will be placed at 80252678 (length = 78 bytes)
$Function_RuffPuff_6 will be placed at 802526F0 (length = 78 bytes)
$Function_Paragoomba_6 will be placed at 80252768 (length = 78 bytes)
$Script_RuffPuffAI will be placed at 802527E0 (length = 70 bytes)
$Script_AI_Paratroopa will be placed at 80252850 (length = 70 bytes)
$Script_ParagoombaAI will be placed at 802528C0 (length = 70 bytes)
$Script_EmberAI will be placed at 80252930 (length = 70 bytes)
$Script_BzzapAI will be placed at 802529A0 (length = 70 bytes)
$Script_ProjectileAI will be placed at 80252A10 (length = 70 bytes)
$Script_DryBonesAI will be placed at 80252A80 (length = 70 bytes)
$Script_KoopaAI will be placed at 80252AF0 (length = 70 bytes)
$Function_Bzzap_7 will be placed at 80252B60 (length = 6C bytes)
$Function_Paratroopa_6 will be placed at 80252BCC (length = 6C bytes)
$Function_Piranha_1 will be placed at 80252C38 (length = 6C bytes)
$Function_Ember_7 will be placed at 80252CA4 (length = 6C bytes)
$Function_RuffPuff_7 will be placed at 80252D10 (length = 6C bytes)
$Function_Paragoomba_7 will be placed at 80252D7C (length = 6C bytes)
$Function_Bzzap_9 will be placed at 80252DE8 (length = 64 bytes)
$String_Mistar_5 will be placed at 80252E4C (length = 64 bytes)
$Function_Paragoomba_9 will be placed at 80252EB0 (length = 64 bytes)
$Function_Piranha_6 will be placed at 80252F14 (length = 60 bytes)
$Script_Exit1 will be placed at 80252F74 (length = 60 bytes)
$Script_Exit0 will be placed at 80252FD4 (length = 60 bytes)
$Function_RuffPuff_10 will be placed at 80253034 (length = 5C bytes)
$Function_Ember_10 will be placed at 80253090 (length = 5C bytes)
$GetEntityPointer will be placed at 802530EC (length = 5C bytes)
$JumpTable_Koopa will be placed at 80253148 (length = 54 bytes)
$String_Mistar_9 will be placed at 8025319C (length = 54 bytes)
$JumpTable_Ember will be placed at 802531F0 (length = 54 bytes)
$JumpTable_RuffPuff will be placed at 80253244 (length = 54 bytes)
$String_Mistar_3 will be placed at 80253298 (length = 50 bytes)
$Script_Init_Mistar will be placed at 802532E8 (length = 4C bytes)
$Function_DryBones_6 will be placed at 80253334 (length = 48 bytes)
$Function_DryBones_4 will be placed at 8025337C (length = 48 bytes)
$String_Mistar_10 will be placed at 802533C4 (length = 48 bytes)
$String_Mistar_4 will be placed at 8025340C (length = 48 bytes)
$Script_MakeExits will be placed at 80253454 (length = 48 bytes)
$Function_Paratroopa_3 will be placed at 8025349C (length = 44 bytes)
$JumpTable_Paratroopa will be placed at 802534E0 (length = 40 bytes)
$Header will be placed at 80253520 (length = 40 bytes)
$Function_SetupFog will be placed at 80253560 (length = 40 bytes)
$Function_Init will be placed at 802535A0 (length = 3C bytes)
$JumpTable_Paragoomba will be placed at 802535DC (length = 3C bytes)
$JumpTable_Bzzap will be placed at 80253618 (length = 3C bytes)
$Script_Init_Mistar_HitBox will be placed at 80253654 (length = 38 bytes)
$Function_DryBones_Projectile_1 will be placed at 8025368C (length = 38 bytes)
$AISettings_Pokey will be placed at 802536C4 (length = 30 bytes)
$NpcGroup8_mze10 will be placed at 802536F4 (length = 30 bytes)
$NpcGroup8_mze11 will be placed at 80253724 (length = 30 bytes)
$AISettings_Bzzap will be placed at 80253754 (length = 30 bytes)
$AISettings_Koopa will be placed at 80253784 (length = 30 bytes)
$AISettings_Paratroopa will be placed at 802537B4 (length = 30 bytes)
$AISettings_RuffPuff will be placed at 802537E4 (length = 30 bytes)
$AISettings_Ember will be placed at 80253814 (length = 30 bytes)
$AISettings_Paragoomba will be placed at 80253844 (length = 30 bytes)
$AISettings_Projectile will be placed at 80253874 (length = 30 bytes)
$NpcGroup6_mze10 will be placed at 802538A4 (length = 30 bytes)
$NpcGroup6_mze11 will be placed at 802538D4 (length = 30 bytes)
$NpcGroup7_mze10 will be placed at 80253904 (length = 30 bytes)
$NpcGroup7_mze11 will be placed at 80253934 (length = 30 bytes)
$AISettings_DryBones will be placed at 80253964 (length = 30 bytes)
$NpcGroup1_mze10 will be placed at 80253994 (length = 30 bytes)
$NpcGroup1_mze11 will be placed at 802539C4 (length = 30 bytes)
$NpcGroup5_mze11 will be placed at 802539F4 (length = 30 bytes)
$NpcGroup5_mze10 will be placed at 80253A24 (length = 30 bytes)
$NpcGroup2_mze11 will be placed at 80253A54 (length = 30 bytes)
$NpcGroup2_mze10 will be placed at 80253A84 (length = 30 bytes)
$AISettings_Piranha will be placed at 80253AB4 (length = 30 bytes)
$AISettings_PyroGuy will be placed at 80253AE4 (length = 30 bytes)
$AISettings_Dupplighost will be placed at 80253B14 (length = 30 bytes)
$NpcGroup3_mze11 will be placed at 80253B44 (length = 30 bytes)
$NpcGroup3_mze10 will be placed at 80253B74 (length = 30 bytes)
$NpcGroup4_mze11 will be placed at 80253BA4 (length = 30 bytes)
$NpcGroup4_mze10 will be placed at 80253BD4 (length = 30 bytes)
$AISettings_Basic will be placed at 80253C04 (length = 30 bytes)
$NpcSettings_Cleft will be placed at 80253C34 (length = 2C bytes)
$Script_Init_null will be placed at 80253C60 (length = 2C bytes)
$NpcSettings_Bzzap will be placed at 80253C8C (length = 2C bytes)
$NpcSettings_PiranhaHitbox will be placed at 80253CB8 (length = 2C bytes)
$NpcSettings_RuffPuff will be placed at 80253CE4 (length = 2C bytes)
$Func_FormatNpcID will be placed at 80253D10 (length = 2C bytes)
$NpcSettings_Ember will be placed at 80253D3C (length = 2C bytes)
$Function_RevivePlayer will be placed at 80253D68 (length = 2C bytes)
$NpcSettings_PiranhaPlant will be placed at 80253D94 (length = 2C bytes)
$NpcSettings_DryBones will be placed at 80253DC0 (length = 2C bytes)
$NpcSettings_Paratroopa will be placed at 80253DEC (length = 2C bytes)
$NpcSettings_Mistar will be placed at 80253E18 (length = 2C bytes)
$NpcSettings_Koopa will be placed at 80253E44 (length = 2C bytes)
$NpcSettings_Projectile will be placed at 80253E70 (length = 2C bytes)
$Script_PokeyAI will be placed at 80253E9C (length = 2C bytes)
$NpcSettings_Pokey will be placed at 80253EC8 (length = 2C bytes)
$NpcSettings_MediGuy will be placed at 80253EF4 (length = 2C bytes)
$NpcSettings_Paragoomba will be placed at 80253F20 (length = 2C bytes)
$Data_TrapPointers will be placed at 80253F4C (length = 28 bytes)
$String_Mistar_1 will be placed at 80253F74 (length = 28 bytes)
$NpcGroup4_mze02 will be placed at 80253F9C (length = 24 bytes)
$NpcGroup4_mze04 will be placed at 80253FC0 (length = 24 bytes)
$NpcGroup4_mze03 will be placed at 80253FE4 (length = 24 bytes)
$NpcGroup4_mze05 will be placed at 80254008 (length = 24 bytes)
$Script_Init_EnemyNPC will be placed at 8025402C (length = 24 bytes)
$NpcSettings_Dupplighost will be placed at 80254050 (length = 24 bytes)
$NpcSettings_BasicAI will be placed at 80254074 (length = 24 bytes)
$NpcSettings_PyroGuy will be placed at 80254098 (length = 24 bytes)
$NpcGroupList_Mistar will be placed at 802540BC (length = 24 bytes)
$NpcGroup1_mze04 will be placed at 802540E0 (length = 24 bytes)
$NpcGroup1_mze05 will be placed at 80254104 (length = 24 bytes)
$NpcGroup1_mze02 will be placed at 80254128 (length = 24 bytes)
$NpcGroup1_mze03 will be placed at 8025414C (length = 24 bytes)
$NpcGroup7_mze02 will be placed at 80254170 (length = 24 bytes)
$NpcGroup7_mze03 will be placed at 80254194 (length = 24 bytes)
$NpcGroup7_mze04 will be placed at 802541B8 (length = 24 bytes)
$NpcGroup7_mze05 will be placed at 802541DC (length = 24 bytes)
$VectorList_HideBlock will be placed at 80254200 (length = 24 bytes)
$NpcGroup2_mze04 will be placed at 80254224 (length = 24 bytes)
$NpcGroup8_mze03 will be placed at 80254248 (length = 24 bytes)
$NpcGroup2_mze03 will be placed at 8025426C (length = 24 bytes)
$NpcGroup8_mze04 will be placed at 80254290 (length = 24 bytes)
$NpcGroup2_mze05 will be placed at 802542B4 (length = 24 bytes)
$NpcGroup8_mze02 will be placed at 802542D8 (length = 24 bytes)
$NpcGroup2_mze02 will be placed at 802542FC (length = 24 bytes)
$NpcGroup8_mze05 will be placed at 80254320 (length = 24 bytes)
$NpcGroup3_mze05 will be placed at 80254344 (length = 24 bytes)
$NpcGroup3_mze04 will be placed at 80254368 (length = 24 bytes)
$NpcGroup3_mze03 will be placed at 8025438C (length = 24 bytes)
$NpcGroup3_mze02 will be placed at 802543B0 (length = 24 bytes)
$NpcGroup6_mze05 will be placed at 802543D4 (length = 24 bytes)
$NpcGroup6_mze03 will be placed at 802543F8 (length = 24 bytes)
$NpcGroup6_mze04 will be placed at 8025441C (length = 24 bytes)
$NpcGroup6_mze02 will be placed at 80254440 (length = 24 bytes)
$NpcGroup5_mze03 will be placed at 80254464 (length = 24 bytes)
$NpcGroup5_mze02 will be placed at 80254488 (length = 24 bytes)
$NpcGroup5_mze05 will be placed at 802544AC (length = 24 bytes)
$NpcGroup5_mze04 will be placed at 802544D0 (length = 24 bytes)
$Script_PyroGuy will be placed at 802544F4 (length = 20 bytes)
$EntryList will be placed at 80254514 (length = 20 bytes)
$Script_BasicNPCAI will be placed at 80254534 (length = 20 bytes)
$Script_DupplighostAI will be placed at 80254554 (length = 20 bytes)
$FloatTable_RuffPuff will be placed at 80254574 (length = 18 bytes)
$FloatTable_Bzzap_1 will be placed at 8025458C (length = 18 bytes)
$FloatTable_Paratroopa will be placed at 802545A4 (length = 18 bytes)
$FloatTable_Paragoomba will be placed at 802545BC (length = 18 bytes)
$FloatTable_Ember will be placed at 802545D4 (length = 18 bytes)
$String_Var_Bonetail will be placed at 802545EC (length = 14 bytes)
$String_Var_King will be placed at 80254600 (length = 14 bytes)
$Function_Pokey_1 will be placed at 80254614 (length = 14 bytes)
$String_Mistar_2 will be placed at 80254628 (length = 14 bytes)
$Script_null will be placed at 8025463C (length = 10 bytes)
$Script_Init_Basic will be placed at 8025464C (length = 10 bytes)
$ASCII_"mze_00"_Literal will be placed at 8025465C (length = C bytes)
$ASCII_"mze_12"_Literal will be placed at 80254668 (length = C bytes)
$ASCII_"mze_09"_Literal will be placed at 80254674 (length = C bytes)
$Function_GetTattle will be placed at 80254680 (length = C bytes)
$ConstDouble_Paratroopa_3 will be placed at 80254690 (length = 8 bytes)
$ConstDouble_Paratroopa_1 will be placed at 80254698 (length = 8 bytes)
$ConstDouble_Paratroopa_2 will be placed at 802546A0 (length = 8 bytes)
$ConstDouble_RuffPuff_4 will be placed at 802546A8 (length = 8 bytes)
$ConstDouble_RuffPuff_3 will be placed at 802546B0 (length = 8 bytes)
$ConstDouble_RuffPuff_2 will be placed at 802546B8 (length = 8 bytes)
$ConstDouble_RuffPuff_1 will be placed at 802546C0 (length = 8 bytes)
$ConstDouble_Paragoomba_1 will be placed at 802546C8 (length = 8 bytes)
$ConstDouble_Paragoomba_2 will be placed at 802546D0 (length = 8 bytes)
$ConstDouble_Paragoomba_3 will be placed at 802546D8 (length = 8 bytes)
$ConstDouble_Piranha_6 will be placed at 802546E0 (length = 8 bytes)
$ConstDouble_Piranha_5 will be placed at 802546E8 (length = 8 bytes)
$ConstDouble_Piranha_4 will be placed at 802546F0 (length = 8 bytes)
$ConstDouble_Piranha_3 will be placed at 802546F8 (length = 8 bytes)
$ConstDouble_Piranha_2 will be placed at 80254700 (length = 8 bytes)
$ConstDouble_Piranha_1 will be placed at 80254708 (length = 8 bytes)
$ConstDouble_DryBones_5 will be placed at 80254710 (length = 8 bytes)
$ConstDouble_DryBones_4 will be placed at 80254718 (length = 8 bytes)
$ConstDouble_Bzzap_1 will be placed at 80254720 (length = 8 bytes)
$ConstDouble_DryBones_3 will be placed at 80254728 (length = 8 bytes)
$ConstDouble_Bzzap_2 will be placed at 80254730 (length = 8 bytes)
$ConstDouble_DryBones_2 will be placed at 80254738 (length = 8 bytes)
$ConstDouble_Bzzap_3 will be placed at 80254740 (length = 8 bytes)
$ConstDouble_DryBones_1 will be placed at 80254748 (length = 8 bytes)
$ASCII_"tik_tex"_Literal will be placed at 80254750 (length = 8 bytes)
$ConstDouble_Ember_4 will be placed at 80254758 (length = 8 bytes)
$ConstDouble_Ember_3 will be placed at 80254760 (length = 8 bytes)
$ConstDouble_Ember_2 will be placed at 80254768 (length = 8 bytes)
$ConstDouble_Ember_1 will be placed at 80254770 (length = 8 bytes)
$ConstDouble_Koopa_1 will be placed at 80254778 (length = 8 bytes)
Executing patch: mze_04.mpat
Creating struct: $Script_MakeEntities
Creating struct: $Script_UseChest
Creating struct: $Script_UseChest_BossRoom
Creating struct: $Script_Cheev_Dungeon_03
Creating struct: $Data_TrapPointers
Creating struct: $Script_SetEnemiesFlags
Creating struct: $Script_SaveEnemyFlag
Creating struct: $Script_Init_EnemyNPC
Creating struct: $Script_TrackOutcome
Creating struct: $Script_Mistar_Outcome
Creating struct: $Script_Cutscene_Mistar
Creating struct: $SkipCutscene_Mistar
Creating struct: $Script_LockChests
Creating struct: $GetEntityPointer
Creating struct: $Function_RevivePlayer
Creating struct: $Function_SetupFog
Creating struct: $Script_SpawnSpriteBlock
Creating struct: $Script_SwapSprites
Creating struct: $Script_TrackInvisibleBlock
Creating struct: $VectorList_HideBlock
Creating struct: $Script_EnableTexPanning
Creating struct: $Script_80244A70
Creating struct: $Function_80240404
Creating struct: $Function_802402E0
Creating struct: $Script_KillMario
Creating struct: $NpcSettings_BasicAI
Creating struct: $Script_Init_Basic
Creating struct: $Script_BasicNPCAI
Creating struct: $AISettings_Basic
Creating struct: $NpcSettings_Bzzap
Creating struct: $Script_BzzapAI
Creating struct: $AISettings_Bzzap
Creating struct: $ConstDouble_Bzzap_1
Creating struct: $ConstDouble_Bzzap_2
Creating struct: $ConstDouble_Bzzap_3
Creating struct: $FloatTable_Bzzap_1
Creating struct: $JumpTable_Bzzap
Creating struct: $Function_Bzzap_Main
Creating struct: $Function_Bzzap_1
Creating struct: $Function_Bzzap_2
Creating struct: $Function_Bzzap_3
Creating struct: $Function_Bzzap_4
Creating struct: $Function_Bzzap_5
Creating struct: $Function_Bzzap_6
Creating struct: $Function_Bzzap_7
Creating struct: $Function_Bzzap_8
Creating struct: $Function_Bzzap_9
Creating struct: $Function_Bzzap_10
Creating struct: $NpcSettings_DryBones
Creating struct: $NpcSettings_Projectile
Creating struct: $Script_ProjectileOutcome
Creating struct: $Script_DryBonesAI
Creating struct: $Script_ProjectileAI
Creating struct: $AISettings_DryBones
Creating struct: $AISettings_Projectile
Creating struct: $Script_DryBones_Projectile_Main
Creating struct: $Script_null
Creating struct: $Function_DryBones_Projectile_1
Creating struct: $Function_DryBones_Projectile_2
Creating struct: $Func_FormatNpcID
Creating struct: $Function_DryBones_Projectile_Main
Creating struct: $ConstDouble_DryBones_1
Creating struct: $ConstDouble_DryBones_2
Creating struct: $ConstDouble_DryBones_3
Creating struct: $ConstDouble_DryBones_4
Creating struct: $ConstDouble_DryBones_5
Creating struct: $JumpTable_DryBones
Creating struct: $Function_DryBones_Main
Creating struct: $Function_DryBones_1
Creating struct: $Function_DryBones_2
Creating struct: $Function_DryBones_3
Creating struct: $Function_DryBones_4
Creating struct: $Function_DryBones_5
Creating struct: $Function_DryBones_6
Creating struct: $NpcSettings_Dupplighost
Creating struct: $Script_DupplighostAI
Creating struct: $AISettings_Dupplighost
Creating struct: $NpcSettings_Ember
Creating struct: $Script_EmberAI
Creating struct: $AISettings_Ember
Creating struct: $ConstDouble_Ember_1
Creating struct: $ConstDouble_Ember_2
Creating struct: $ConstDouble_Ember_3
Creating struct: $ConstDouble_Ember_4
Creating struct: $JumpTable_Ember
Creating struct: $FloatTable_Ember
Creating struct: $Function_Ember_Main
Creating struct: $Function_Ember_1
Creating struct: $Function_Ember_2
Creating struct: $Function_Ember_3
Creating struct: $Function_Ember_4
Creating struct: $Function_Ember_5
Creating struct: $Function_Ember_6
Creating struct: $Function_Ember_7
Creating struct: $Function_Ember_8
Creating struct: $Function_Ember_9
Creating struct: $Function_Ember_10
Creating struct: $NpcSettings_Koopa
Creating struct: $Script_KoopaAI
Creating struct: $AISettings_Koopa
Creating struct: $ConstDouble_Koopa_1
Creating struct: $JumpTable_Koopa
Creating struct: $Function_Koopa_Main
Creating struct: $Function_Koopa_1
Creating struct: $Function_Koopa_2
Creating struct: $Function_Koopa_3
Creating struct: $Function_Koopa_4
Creating struct: $NpcSettings_Paragoomba
Creating struct: $Script_ParagoombaAI
Creating struct: $AISettings_Paragoomba
Creating struct: $ConstDouble_Paragoomba_1
Creating struct: $ConstDouble_Paragoomba_2
Creating struct: $ConstDouble_Paragoomba_3
Creating struct: $FloatTable_Paragoomba
Creating struct: $JumpTable_Paragoomba
Creating struct: $Function_Paragoomba_Main
Creating struct: $Function_Paragoomba_1
Creating struct: $Function_Paragoomba_2
Creating struct: $Function_Paragoomba_3
Creating struct: $Function_Paragoomba_4
Creating struct: $Function_Paragoomba_5
Creating struct: $Function_Paragoomba_6
Creating struct: $Function_Paragoomba_7
Creating struct: $Function_Paragoomba_8
Creating struct: $Function_Paragoomba_9
Creating struct: $Function_Paragoomba_10
Creating struct: $NpcSettings_Paratroopa
Creating struct: $Script_AI_Paratroopa
Creating struct: $AISettings_Paratroopa
Creating struct: $JumpTable_Paratroopa
Creating struct: $ConstDouble_Paratroopa_1
Creating struct: $ConstDouble_Paratroopa_2
Creating struct: $ConstDouble_Paratroopa_3
Creating struct: $FloatTable_Paratroopa
Creating struct: $Function_Paratroopa_Main
Creating struct: $Function_Paratroopa_1
Creating struct: $Function_Paratroopa_2
Creating struct: $Function_Paratroopa_3
Creating struct: $Function_Paratroopa_4
Creating struct: $Function_Paratroopa_SetPos2
Creating struct: $Function_Paratroopa_5
Creating struct: $Function_Paratroopa_6
Creating struct: $Function_Paratroopa_7
Creating struct: $Function_Paratroopa_SetPos1
Creating struct: $Function_Paratroopa_8
Creating struct: $Function_Paratroopa_9
Creating struct: $ConstDouble_Piranha_1
Creating struct: $ConstDouble_Piranha_2
Creating struct: $ConstDouble_Piranha_3
Creating struct: $ConstDouble_Piranha_4
Creating struct: $ConstDouble_Piranha_5
Creating struct: $ConstDouble_Piranha_6
Creating struct: $NpcSettings_PiranhaPlant
Creating struct: $NpcSettings_PiranhaHitbox
Creating struct: $Script_PiranhaAI
Creating struct: $Script_PiranhaAI_Hitbox
Creating struct: $AISettings_Piranha
Creating struct: $Function_PiranhaHitBox_Main
Creating struct: $Function_Piranha_Main
Creating struct: $Function_Piranha_1
Creating struct: $Function_Piranha_2
Creating struct: $Function_Piranha_3
Creating struct: $Function_Piranha_4
Creating struct: $Function_Piranha_5
Creating struct: $Function_Piranha_6
Creating struct: $Function_Piranha_7
Creating struct: $NpcSettings_Pokey
Creating struct: $Script_PokeyAI
Creating struct: $Function_Pokey_1
Creating struct: $AISettings_Pokey
Creating struct: $NpcSettings_PyroGuy
Creating struct: $Script_PyroGuy
Creating struct: $AISettings_PyroGuy
Creating struct: $NpcSettings_RuffPuff
Creating struct: $Script_RuffPuffAI
Creating struct: $AISettings_RuffPuff
Creating struct: $ConstDouble_RuffPuff_1
Creating struct: $ConstDouble_RuffPuff_2
Creating struct: $ConstDouble_RuffPuff_3
Creating struct: $ConstDouble_RuffPuff_4
Creating struct: $JumpTable_RuffPuff
Creating struct: $FloatTable_RuffPuff
Creating struct: $Function_RuffPuff_Main
Creating struct: $Function_RuffPuff_1
Creating struct: $Function_RuffPuff_2
Creating struct: $Function_RuffPuff_3
Creating struct: $Function_RuffPuff_4
Creating struct: $Function_RuffPuff_5
Creating struct: $Function_RuffPuff_6
Creating struct: $Function_RuffPuff_7
Creating struct: $Function_RuffPuff_8
Creating struct: $Function_RuffPuff_9
Creating struct: $Function_RuffPuff_10
Creating struct: $NpcSettings_MediGuy
Creating struct: $NpcSettings_Cleft
Creating struct: $Script_MakeNpcs
Creating struct: $NpcGroupList_Mistar
Creating struct: $NpcGroup1_mze02
Creating struct: $NpcGroup1_mze03
Creating struct: $NpcGroup1_mze04
Creating struct: $NpcGroup1_mze05
Creating struct: $NpcGroup1_mze10
Creating struct: $NpcGroup1_mze11
Creating struct: $NpcGroup2_mze02
Creating struct: $NpcGroup2_mze03
Creating struct: $NpcGroup2_mze04
Creating struct: $NpcGroup2_mze05
Creating struct: $NpcGroup2_mze10
Creating struct: $NpcGroup2_mze11
Creating struct: $NpcGroup3_mze02
Creating struct: $NpcGroup3_mze03
Creating struct: $NpcGroup3_mze04
Creating struct: $NpcGroup3_mze05
Creating struct: $NpcGroup3_mze10
Creating struct: $NpcGroup3_mze11
Creating struct: $NpcGroup4_mze02
Creating struct: $NpcGroup4_mze03
Creating struct: $NpcGroup4_mze04
Creating struct: $NpcGroup4_mze05
Creating struct: $NpcGroup4_mze10
Creating struct: $NpcGroup4_mze11
Creating struct: $NpcGroup5_mze02
Creating struct: $NpcGroup5_mze03
Creating struct: $NpcGroup5_mze04
Creating struct: $NpcGroup5_mze05
Creating struct: $NpcGroup5_mze10
Creating struct: $NpcGroup5_mze11
Creating struct: $NpcGroup6_mze02
Creating struct: $NpcGroup6_mze03
Creating struct: $NpcGroup6_mze04
Creating struct: $NpcGroup6_mze05
Creating struct: $NpcGroup6_mze10
Creating struct: $NpcGroup6_mze11
Creating struct: $NpcGroup7_mze02
Creating struct: $NpcGroup7_mze03
Creating struct: $NpcGroup7_mze04
Creating struct: $NpcGroup7_mze05
Creating struct: $NpcGroup7_mze10
Creating struct: $NpcGroup7_mze11
Creating struct: $NpcGroup8_mze02
Creating struct: $NpcGroup8_mze03
Creating struct: $NpcGroup8_mze04
Creating struct: $NpcGroup8_mze05
Creating struct: $NpcGroup8_mze10
Creating struct: $NpcGroup8_mze11
Creating struct: $NpcGroup_Enemy1_Gloomba
Creating struct: $NpcGroup_Enemy2_Gloomba
Creating struct: $NpcGroup_Enemy1_Paragloomba
Creating struct: $NpcGroup_Enemy2_Paragloomba
Creating struct: $NpcGroup_Enemy1_SpikedGloomba
Creating struct: $NpcGroup_Enemy2_SpikedGloomba
Creating struct: $NpcGroup_Enemy1_Paratroopa
Creating struct: $NpcGroup_Enemy2_Paratroopa
Creating struct: $NpcGroup_Enemy1_Pokey
Creating struct: $NpcGroup_Enemy2_Pokey
Creating struct: $NpcGroup_Enemy1_PyroGuy
Creating struct: $NpcGroup_Enemy2_PyroGuy
Creating struct: $NpcGroup_Enemy1_SpikeTop
Creating struct: $NpcGroup_Enemy2_SpikeTop
Creating struct: $NpcGroup_Enemy1_LavaBubble
Creating struct: $NpcGroup_Enemy2_LavaBubble
Creating struct: $NpcGroup_Enemy2_Putrid
Creating struct: $NpcGroup_Enemy1_Bzzap
Creating struct: $NpcGroup_Enemy2_Bzzap
Creating struct: $NpcGroup_Enemy1_RuffPuff
Creating struct: $NpcGroup_Enemy2_RuffPuff
Creating struct: $NpcGroup_Enemy1_Dupplighost
Creating struct: $NpcGroup_Enemy2_Dupplighost
Creating struct: $NpcGroup_Enemy1_Ember
Creating struct: $NpcGroup_Enemy2_Ember
Creating struct: $NpcGroup_Enemy1_Bony
Creating struct: $NpcGroup_Enemy2_Bony
Creating struct: $NpcGroup_Enemy2_DryBones
Creating struct: $NpcGroup_Enemy3_DryBones
Creating struct: $NpcGroup_Enemy3_Blooper
Creating struct: $NpcGroup_Enemy2_Buzzar
Creating struct: $NpcGroup_Enemy3_Buzzar
Creating struct: $NpcGroup_Enemy3_Dino
Creating struct: $NpcGroup_Enemy4_Mistar
Creating struct: $NpcGroup_MistarKid
Creating struct: $NpcSettings_Mistar
Creating struct: $Script_Init_null
Creating struct: $Script_Init_Mistar
Creating struct: $Script_Init_Mistar_HitBox
Creating struct: $Mistar_Hit
Creating struct: $Mistar_Idle
Creating struct: $Header
Creating struct: $Function_Init
Creating struct: $EntryList
Creating struct: $Script_Main
Creating struct: $Script_MakeExits
Creating struct: $Script_Exit0
Creating struct: $Script_Exit1
Creating struct: $Function_GetTattle
Merged 1 regions to 1
$Function_Piranha_3 will be placed at 80240000 (length = A40 bytes)
$NpcGroup_Enemy2_DryBones will be placed at 80240A40 (length = 7C0 bytes)
$NpcGroup_Enemy3_DryBones will be placed at 80241200 (length = 7C0 bytes)
$Script_MakeNpcs will be placed at 802419C0 (length = 6E0 bytes)
$Script_Cutscene_Mistar will be placed at 802420A0 (length = 644 bytes)
$Function_Paratroopa_SetPos1 will be placed at 802426E4 (length = 628 bytes)
$Function_Bzzap_3 will be placed at 80242D0C (length = 628 bytes)
$Function_RuffPuff_3 will be placed at 80243334 (length = 624 bytes)
$Function_Ember_3 will be placed at 80243958 (length = 624 bytes)
$Function_Paragoomba_3 will be placed at 80243F7C (length = 624 bytes)
$Script_SetEnemiesFlags will be placed at 802445A0 (length = 60C bytes)
$Script_MakeEntities will be placed at 80244BAC (length = 5C4 bytes)
$Script_LockChests will be placed at 80245170 (length = 57C bytes)
$Function_DryBones_Projectile_Main will be placed at 802456EC (length = 53C bytes)
$Function_DryBones_Projectile_2 will be placed at 80245C28 (length = 460 bytes)
$Function_Koopa_Main will be placed at 80246088 (length = 440 bytes)
$Script_SpawnSpriteBlock will be placed at 802464C8 (length = 3E4 bytes)
$NpcGroup_Enemy2_Putrid will be placed at 802468AC (length = 3E0 bytes)
$NpcGroup_Enemy4_Mistar will be placed at 80246C8C (length = 3E0 bytes)
$Function_Bzzap_10 will be placed at 8024706C (length = 390 bytes)
$Function_Paragoomba_10 will be placed at 802473FC (length = 390 bytes)
$Function_Paratroopa_SetPos2 will be placed at 8024778C (length = 344 bytes)
$Function_Bzzap_5 will be placed at 80247AD0 (length = 344 bytes)
$Function_Ember_5 will be placed at 80247E14 (length = 344 bytes)
$Function_RuffPuff_5 will be placed at 80248158 (length = 344 bytes)
$Function_Paragoomba_5 will be placed at 8024849C (length = 344 bytes)
$Function_DryBones_Main will be placed at 802487E0 (length = 320 bytes)
$Script_TrackInvisibleBlock will be placed at 80248B00 (length = 2E0 bytes)
$Script_SaveEnemyFlag will be placed at 80248DE0 (length = 298 bytes)
$Function_Ember_9 will be placed at 80249078 (length = 280 bytes)
$Function_RuffPuff_9 will be placed at 802492F8 (length = 280 bytes)
$Script_KillMario will be placed at 80249578 (length = 264 bytes)
$Function_PiranhaHitBox_Main will be placed at 802497DC (length = 260 bytes)
$Function_Paratroopa_Main will be placed at 80249A3C (length = 250 bytes)
$Function_Piranha_Main will be placed at 80249C8C (length = 250 bytes)
$Script_Mistar_Outcome will be placed at 80249EDC (length = 250 bytes)
$Script_SwapSprites will be placed at 8024A12C (length = 218 bytes)
$NpcGroup_Enemy1_SpikeTop will be placed at 8024A344 (length = 1F0 bytes)
$NpcGroup_Enemy3_Buzzar will be placed at 8024A534 (length = 1F0 bytes)
$NpcGroup_Enemy2_Paratroopa will be placed at 8024A724 (length = 1F0 bytes)
$Function_DryBones_3 will be placed at 8024A914 (length = 1F0 bytes)
$NpcGroup_Enemy1_Bony will be placed at 8024AB04 (length = 1F0 bytes)
$NpcGroup_Enemy3_Blooper will be placed at 8024ACF4 (length = 1F0 bytes)
$NpcGroup_Enemy1_Paratroopa will be placed at 8024AEE4 (length = 1F0 bytes)
$NpcGroup_Enemy3_Dino will be placed at 8024B0D4 (length = 1F0 bytes)
$NpcGroup_Enemy1_Bzzap will be placed at 8024B2C4 (length = 1F0 bytes)
$NpcGroup_Enemy2_Dupplighost will be placed at 8024B4B4 (length = 1F0 bytes)
$NpcGroup_Enemy1_Dupplighost will be placed at 8024B6A4 (length = 1F0 bytes)
$NpcGroup_Enemy1_LavaBubble will be placed at 8024B894 (length = 1F0 bytes)
$NpcGroup_Enemy2_Bzzap will be placed at 8024BA84 (length = 1F0 bytes)
$NpcGroup_Enemy1_RuffPuff will be placed at 8024BC74 (length = 1F0 bytes)
$NpcGroup_Enemy1_Ember will be placed at 8024BE64 (length = 1F0 bytes)
$NpcGroup_Enemy2_Bony will be placed at 8024C054 (length = 1F0 bytes)
$NpcGroup_Enemy2_Ember will be placed at 8024C244 (length = 1F0 bytes)
$NpcGroup_Enemy1_Gloomba will be placed at 8024C434 (length = 1F0 bytes)
$NpcGroup_Enemy1_Paragloomba will be placed at 8024C624 (length = 1F0 bytes)
$NpcGroup_Enemy1_PyroGuy will be placed at 8024C814 (length = 1F0 bytes)
$NpcGroup_Enemy2_Buzzar will be placed at 8024CA04 (length = 1F0 bytes)
$NpcGroup_Enemy2_Gloomba will be placed at 8024CBF4 (length = 1F0 bytes)
$NpcGroup_Enemy2_Pokey will be placed at 8024CDE4 (length = 1F0 bytes)
$NpcGroup_Enemy2_LavaBubble will be placed at 8024CFD4 (length = 1F0 bytes)
$NpcGroup_Enemy2_SpikeTop will be placed at 8024D1C4 (length = 1F0 bytes)
$NpcGroup_Enemy2_SpikedGloomba will be placed at 8024D3B4 (length = 1F0 bytes)
$NpcGroup_Enemy2_RuffPuff will be placed at 8024D5A4 (length = 1F0 bytes)
$NpcGroup_Enemy1_Pokey will be placed at 8024D794 (length = 1F0 bytes)
$NpcGroup_Enemy2_Paragloomba will be placed at 8024D984 (length = 1F0 bytes)
$NpcGroup_Enemy1_SpikedGloomba will be placed at 8024DB74 (length = 1F0 bytes)
$NpcGroup_Enemy2_PyroGuy will be placed at 8024DD64 (length = 1F0 bytes)
$NpcGroup_MistarKid will be placed at 8024DF54 (length = 1F0 bytes)
$Function_Bzzap_Main will be placed at 8024E144 (length = 1EC bytes)
$SkipCutscene_Mistar will be placed at 8024E330 (length = 1EC bytes)
$Function_Paragoomba_Main will be placed at 8024E51C (length = 1EC bytes)
$Function_RuffPuff_Main will be placed at 8024E708 (length = 1E8 bytes)
$Function_80240404 will be placed at 8024E8F0 (length = 1E8 bytes)
$Function_Ember_Main will be placed at 8024EAD8 (length = 1E8 bytes)
$Script_DryBones_Projectile_Main will be placed at 8024ECC0 (length = 1C8 bytes)
$Function_Bzzap_2 will be placed at 8024EE88 (length = 1B0 bytes)
$Function_Paratroopa_8 will be placed at 8024F038 (length = 1B0 bytes)
$Function_RuffPuff_2 will be placed at 8024F1E8 (length = 1B0 bytes)
$Function_Ember_2 will be placed at 8024F398 (length = 1B0 bytes)
$Function_Paragoomba_2 will be placed at 8024F548 (length = 1B0 bytes)
$Script_UseChest_BossRoom will be placed at 8024F6F8 (length = 19C bytes)
$Script_Cheev_Dungeon_03 will be placed at 8024F894 (length = 190 bytes)
$JumpTable_DryBones will be placed at 8024FA24 (length = 190 bytes)
$Script_UseChest will be placed at 8024FBB4 (length = 190 bytes)
$MapTattle will be placed at 8024FD44 (length = 188 bytes)
$Function_Koopa_3 will be placed at 8024FECC (length = 164 bytes)
$Script_EnableTexPanning will be placed at 80250030 (length = 160 bytes)
$String_Mistar_8_1 will be placed at 80250190 (length = 148 bytes)
$Function_DryBones_1 will be placed at 802502D8 (length = 144 bytes)
$Script_Main will be placed at 8025041C (length = 144 bytes)
$Function_Koopa_2 will be placed at 80250560 (length = 134 bytes)
$Function_Bzzap_8 will be placed at 80250694 (length = 134 bytes)
$Function_Paragoomba_8 will be placed at 802507C8 (length = 134 bytes)
$Function_Ember_8 will be placed at 802508FC (length = 130 bytes)
$Function_RuffPuff_8 will be placed at 80250A2C (length = 130 bytes)
$Function_Paratroopa_4 will be placed at 80250B5C (length = 128 bytes)
$Function_Bzzap_1 will be placed at 80250C84 (length = 124 bytes)
$Function_Paratroopa_9 will be placed at 80250DA8 (length = 124 bytes)
$Function_802402E0 will be placed at 80250ECC (length = 124 bytes)
$Function_RuffPuff_1 will be placed at 80250FF0 (length = 124 bytes)
$Function_Ember_1 will be placed at 80251114 (length = 124 bytes)
$Function_Paragoomba_1 will be placed at 80251238 (length = 124 bytes)
$Function_Paratroopa_2 will be placed at 8025135C (length = 118 bytes)
$String_Mistar_8_2 will be placed at 80251474 (length = 118 bytes)
$Function_DryBones_2 will be placed at 8025158C (length = 104 bytes)
$Function_Piranha_5 will be placed at 80251690 (length = 100 bytes)
$Function_Piranha_2 will be placed at 80251790 (length = FC bytes)
$Function_Piranha_7 will be placed at 8025188C (length = EC bytes)
$Script_PiranhaAI will be placed at 80251978 (length = D4 bytes)
$Script_TrackOutcome will be placed at 80251A4C (length = D0 bytes)
$Script_ProjectileOutcome will be placed at 80251B1C (length = D0 bytes)
$Function_Bzzap_4 will be placed at 80251BEC (length = C0 bytes)
$Function_Paratroopa_7 will be placed at 80251CAC (length = C0 bytes)
$Function_Ember_4 will be placed at 80251D6C (length = C0 bytes)
$Function_RuffPuff_4 will be placed at 80251E2C (length = C0 bytes)
$Function_Paragoomba_4 will be placed at 80251EEC (length = C0 bytes)
$Function_Paratroopa_1 will be placed at 80251FAC (length = BC bytes)
$Function_DryBones_5 will be placed at 80252068 (length = A8 bytes)
$Script_80244A70 will be placed at 80252110 (length = 9C bytes)
$Function_Piranha_4 will be placed at 802521AC (length = 90 bytes)
$String_Mistar_7 will be placed at 8025223C (length = 90 bytes)
$String_Mistar_6 will be placed at 802522CC (length = 88 bytes)
$Mistar_Hit will be placed at 80252354 (length = 80 bytes)
$Function_Koopa_4 will be placed at 802523D4 (length = 80 bytes)
$Mistar_Idle will be placed at 80252454 (length = 80 bytes)
$Script_PiranhaAI_Hitbox will be placed at 802524D4 (length = 80 bytes)
$Function_Koopa_1 will be placed at 80252554 (length = 7C bytes)
$Function_Bzzap_6 will be placed at 802525D0 (length = 78 bytes)
$Function_Paratroopa_5 will be placed at 80252648 (length = 78 bytes)
$Function_Ember_6 will be placed at 802526C0 (length = 78 bytes)
$Function_RuffPuff_6 will be placed at 80252738 (length = 78 bytes)
$Function_Paragoomba_6 will be placed at 802527B0 (length = 78 bytes)
$Script_RuffPuffAI will be placed at 80252828 (length = 70 bytes)
$Script_AI_Paratroopa will be placed at 80252898 (length = 70 bytes)
$Script_ParagoombaAI will be placed at 80252908 (length = 70 bytes)
$Script_EmberAI will be placed at 80252978 (length = 70 bytes)
$Script_BzzapAI will be placed at 802529E8 (length = 70 bytes)
$Script_ProjectileAI will be placed at 80252A58 (length = 70 bytes)
$Script_DryBonesAI will be placed at 80252AC8 (length = 70 bytes)
$Script_KoopaAI will be placed at 80252B38 (length = 70 bytes)
$Function_Bzzap_7 will be placed at 80252BA8 (length = 6C bytes)
$Function_Paratroopa_6 will be placed at 80252C14 (length = 6C bytes)
$Function_Piranha_1 will be placed at 80252C80 (length = 6C bytes)
$Function_Ember_7 will be placed at 80252CEC (length = 6C bytes)
$Function_RuffPuff_7 will be placed at 80252D58 (length = 6C bytes)
$Function_Paragoomba_7 will be placed at 80252DC4 (length = 6C bytes)
$Function_Bzzap_9 will be placed at 80252E30 (length = 64 bytes)
$String_Mistar_5 will be placed at 80252E94 (length = 64 bytes)
$Function_Paragoomba_9 will be placed at 80252EF8 (length = 64 bytes)
$Function_Piranha_6 will be placed at 80252F5C (length = 60 bytes)
$Script_Exit1 will be placed at 80252FBC (length = 60 bytes)
$Script_Exit0 will be placed at 8025301C (length = 60 bytes)
$Function_RuffPuff_10 will be placed at 8025307C (length = 5C bytes)
$Function_Ember_10 will be placed at 802530D8 (length = 5C bytes)
$GetEntityPointer will be placed at 80253134 (length = 5C bytes)
$JumpTable_Koopa will be placed at 80253190 (length = 54 bytes)
$String_Mistar_9 will be placed at 802531E4 (length = 54 bytes)
$JumpTable_Ember will be placed at 80253238 (length = 54 bytes)
$JumpTable_RuffPuff will be placed at 8025328C (length = 54 bytes)
$String_Mistar_3 will be placed at 802532E0 (length = 50 bytes)
$Script_Init_Mistar will be placed at 80253330 (length = 4C bytes)
$Function_DryBones_6 will be placed at 8025337C (length = 48 bytes)
$Function_DryBones_4 will be placed at 802533C4 (length = 48 bytes)
$String_Mistar_10 will be placed at 8025340C (length = 48 bytes)
$String_Mistar_4 will be placed at 80253454 (length = 48 bytes)
$Script_MakeExits will be placed at 8025349C (length = 48 bytes)
$Function_Paratroopa_3 will be placed at 802534E4 (length = 44 bytes)
$JumpTable_Paratroopa will be placed at 80253528 (length = 40 bytes)
$Header will be placed at 80253568 (length = 40 bytes)
$Function_SetupFog will be placed at 802535A8 (length = 40 bytes)
$Function_Init will be placed at 802535E8 (length = 3C bytes)
$JumpTable_Paragoomba will be placed at 80253624 (length = 3C bytes)
$JumpTable_Bzzap will be placed at 80253660 (length = 3C bytes)
$Script_Init_Mistar_HitBox will be placed at 8025369C (length = 38 bytes)
$Function_DryBones_Projectile_1 will be placed at 802536D4 (length = 38 bytes)
$AISettings_Pokey will be placed at 8025370C (length = 30 bytes)
$NpcGroup8_mze10 will be placed at 8025373C (length = 30 bytes)
$NpcGroup8_mze11 will be placed at 8025376C (length = 30 bytes)
$AISettings_Bzzap will be placed at 8025379C (length = 30 bytes)
$AISettings_Koopa will be placed at 802537CC (length = 30 bytes)
$AISettings_Paratroopa will be placed at 802537FC (length = 30 bytes)
$AISettings_RuffPuff will be placed at 8025382C (length = 30 bytes)
$AISettings_Ember will be placed at 8025385C (length = 30 bytes)
$AISettings_Paragoomba will be placed at 8025388C (length = 30 bytes)
$AISettings_Projectile will be placed at 802538BC (length = 30 bytes)
$NpcGroup6_mze10 will be placed at 802538EC (length = 30 bytes)
$NpcGroup6_mze11 will be placed at 8025391C (length = 30 bytes)
$NpcGroup7_mze10 will be placed at 8025394C (length = 30 bytes)
$NpcGroup7_mze11 will be placed at 8025397C (length = 30 bytes)
$AISettings_DryBones will be placed at 802539AC (length = 30 bytes)
$NpcGroup1_mze10 will be placed at 802539DC (length = 30 bytes)
$NpcGroup1_mze11 will be placed at 80253A0C (length = 30 bytes)
$NpcGroup5_mze11 will be placed at 80253A3C (length = 30 bytes)
$NpcGroup5_mze10 will be placed at 80253A6C (length = 30 bytes)
$NpcGroup2_mze11 will be placed at 80253A9C (length = 30 bytes)
$NpcGroup2_mze10 will be placed at 80253ACC (length = 30 bytes)
$AISettings_Piranha will be placed at 80253AFC (length = 30 bytes)
$AISettings_PyroGuy will be placed at 80253B2C (length = 30 bytes)
$AISettings_Dupplighost will be placed at 80253B5C (length = 30 bytes)
$NpcGroup3_mze11 will be placed at 80253B8C (length = 30 bytes)
$NpcGroup3_mze10 will be placed at 80253BBC (length = 30 bytes)
$NpcGroup4_mze11 will be placed at 80253BEC (length = 30 bytes)
$NpcGroup4_mze10 will be placed at 80253C1C (length = 30 bytes)
$AISettings_Basic will be placed at 80253C4C (length = 30 bytes)
$NpcSettings_Cleft will be placed at 80253C7C (length = 2C bytes)
$Script_Init_null will be placed at 80253CA8 (length = 2C bytes)
$NpcSettings_Bzzap will be placed at 80253CD4 (length = 2C bytes)
$NpcSettings_PiranhaHitbox will be placed at 80253D00 (length = 2C bytes)
$NpcSettings_RuffPuff will be placed at 80253D2C (length = 2C bytes)
$Func_FormatNpcID will be placed at 80253D58 (length = 2C bytes)
$NpcSettings_Ember will be placed at 80253D84 (length = 2C bytes)
$Function_RevivePlayer will be placed at 80253DB0 (length = 2C bytes)
$NpcSettings_PiranhaPlant will be placed at 80253DDC (length = 2C bytes)
$NpcSettings_DryBones will be placed at 80253E08 (length = 2C bytes)
$NpcSettings_Paratroopa will be placed at 80253E34 (length = 2C bytes)
$NpcSettings_Mistar will be placed at 80253E60 (length = 2C bytes)
$NpcSettings_Koopa will be placed at 80253E8C (length = 2C bytes)
$NpcSettings_Projectile will be placed at 80253EB8 (length = 2C bytes)
$Script_PokeyAI will be placed at 80253EE4 (length = 2C bytes)
$NpcSettings_Pokey will be placed at 80253F10 (length = 2C bytes)
$NpcSettings_MediGuy will be placed at 80253F3C (length = 2C bytes)
$NpcSettings_Paragoomba will be placed at 80253F68 (length = 2C bytes)
$Data_TrapPointers will be placed at 80253F94 (length = 28 bytes)
$String_Mistar_1 will be placed at 80253FBC (length = 28 bytes)
$NpcGroup4_mze02 will be placed at 80253FE4 (length = 24 bytes)
$NpcGroup4_mze04 will be placed at 80254008 (length = 24 bytes)
$NpcGroup4_mze03 will be placed at 8025402C (length = 24 bytes)
$NpcGroup4_mze05 will be placed at 80254050 (length = 24 bytes)
$Script_Init_EnemyNPC will be placed at 80254074 (length = 24 bytes)
$NpcSettings_Dupplighost will be placed at 80254098 (length = 24 bytes)
$NpcSettings_BasicAI will be placed at 802540BC (length = 24 bytes)
$NpcSettings_PyroGuy will be placed at 802540E0 (length = 24 bytes)
$NpcGroupList_Mistar will be placed at 80254104 (length = 24 bytes)
$NpcGroup1_mze04 will be placed at 80254128 (length = 24 bytes)
$NpcGroup1_mze05 will be placed at 8025414C (length = 24 bytes)
$NpcGroup1_mze02 will be placed at 80254170 (length = 24 bytes)
$NpcGroup1_mze03 will be placed at 80254194 (length = 24 bytes)
$NpcGroup7_mze02 will be placed at 802541B8 (length = 24 bytes)
$NpcGroup7_mze03 will be placed at 802541DC (length = 24 bytes)
$NpcGroup7_mze04 will be placed at 80254200 (length = 24 bytes)
$NpcGroup7_mze05 will be placed at 80254224 (length = 24 bytes)
$VectorList_HideBlock will be placed at 80254248 (length = 24 bytes)
$NpcGroup2_mze04 will be placed at 8025426C (length = 24 bytes)
$NpcGroup8_mze03 will be placed at 80254290 (length = 24 bytes)
$NpcGroup2_mze03 will be placed at 802542B4 (length = 24 bytes)
$NpcGroup8_mze04 will be placed at 802542D8 (length = 24 bytes)
$NpcGroup2_mze05 will be placed at 802542FC (length = 24 bytes)
$NpcGroup8_mze02 will be placed at 80254320 (length = 24 bytes)
$NpcGroup2_mze02 will be placed at 80254344 (length = 24 bytes)
$NpcGroup8_mze05 will be placed at 80254368 (length = 24 bytes)
$NpcGroup3_mze05 will be placed at 8025438C (length = 24 bytes)
$NpcGroup3_mze04 will be placed at 802543B0 (length = 24 bytes)
$NpcGroup3_mze03 will be placed at 802543D4 (length = 24 bytes)
$NpcGroup3_mze02 will be placed at 802543F8 (length = 24 bytes)
$NpcGroup6_mze05 will be placed at 8025441C (length = 24 bytes)
$NpcGroup6_mze03 will be placed at 80254440 (length = 24 bytes)
$NpcGroup6_mze04 will be placed at 80254464 (length = 24 bytes)
$NpcGroup6_mze02 will be placed at 80254488 (length = 24 bytes)
$NpcGroup5_mze03 will be placed at 802544AC (length = 24 bytes)
$NpcGroup5_mze02 will be placed at 802544D0 (length = 24 bytes)
$NpcGroup5_mze05 will be placed at 802544F4 (length = 24 bytes)
$NpcGroup5_mze04 will be placed at 80254518 (length = 24 bytes)
$Script_PyroGuy will be placed at 8025453C (length = 20 bytes)
$EntryList will be placed at 8025455C (length = 20 bytes)
$Script_BasicNPCAI will be placed at 8025457C (length = 20 bytes)
$Script_DupplighostAI will be placed at 8025459C (length = 20 bytes)
$FloatTable_RuffPuff will be placed at 802545BC (length = 18 bytes)
$FloatTable_Bzzap_1 will be placed at 802545D4 (length = 18 bytes)
$FloatTable_Paratroopa will be placed at 802545EC (length = 18 bytes)
$FloatTable_Paragoomba will be placed at 80254604 (length = 18 bytes)
$FloatTable_Ember will be placed at 8025461C (length = 18 bytes)
$String_Var_Bonetail will be placed at 80254634 (length = 14 bytes)
$String_Var_King will be placed at 80254648 (length = 14 bytes)
$Function_Pokey_1 will be placed at 8025465C (length = 14 bytes)
$String_Mistar_2 will be placed at 80254670 (length = 14 bytes)
$Script_null will be placed at 80254684 (length = 10 bytes)
$Script_Init_Basic will be placed at 80254694 (length = 10 bytes)
$ASCII_"mze_00"_Literal will be placed at 802546A4 (length = C bytes)
$ASCII_"mze_12"_Literal will be placed at 802546B0 (length = C bytes)
$ASCII_"mze_09"_Literal will be placed at 802546BC (length = C bytes)
$Function_GetTattle will be placed at 802546C8 (length = C bytes)
$ConstDouble_Paratroopa_3 will be placed at 802546D8 (length = 8 bytes)
$ConstDouble_Paratroopa_1 will be placed at 802546E0 (length = 8 bytes)
$ConstDouble_Paratroopa_2 will be placed at 802546E8 (length = 8 bytes)
$ConstDouble_RuffPuff_4 will be placed at 802546F0 (length = 8 bytes)
$ConstDouble_RuffPuff_3 will be placed at 802546F8 (length = 8 bytes)
$ConstDouble_RuffPuff_2 will be placed at 80254700 (length = 8 bytes)
$ConstDouble_RuffPuff_1 will be placed at 80254708 (length = 8 bytes)
$ConstDouble_Paragoomba_1 will be placed at 80254710 (length = 8 bytes)
$ConstDouble_Paragoomba_2 will be placed at 80254718 (length = 8 bytes)
$ConstDouble_Paragoomba_3 will be placed at 80254720 (length = 8 bytes)
$ConstDouble_Piranha_6 will be placed at 80254728 (length = 8 bytes)
$ConstDouble_Piranha_5 will be placed at 80254730 (length = 8 bytes)
$ConstDouble_Piranha_4 will be placed at 80254738 (length = 8 bytes)
$ConstDouble_Piranha_3 will be placed at 80254740 (length = 8 bytes)
$ConstDouble_Piranha_2 will be placed at 80254748 (length = 8 bytes)
$ConstDouble_Piranha_1 will be placed at 80254750 (length = 8 bytes)
$ConstDouble_DryBones_5 will be placed at 80254758 (length = 8 bytes)
$ConstDouble_DryBones_4 will be placed at 80254760 (length = 8 bytes)
$ConstDouble_Bzzap_1 will be placed at 80254768 (length = 8 bytes)
$ConstDouble_DryBones_3 will be placed at 80254770 (length = 8 bytes)
$ConstDouble_Bzzap_2 will be placed at 80254778 (length = 8 bytes)
$ConstDouble_DryBones_2 will be placed at 80254780 (length = 8 bytes)
$ConstDouble_Bzzap_3 will be placed at 80254788 (length = 8 bytes)
$ConstDouble_DryBones_1 will be placed at 80254790 (length = 8 bytes)
$ASCII_"tik_tex"_Literal will be placed at 80254798 (length = 8 bytes)
$ConstDouble_Ember_4 will be placed at 802547A0 (length = 8 bytes)
$ConstDouble_Ember_3 will be placed at 802547A8 (length = 8 bytes)
$ConstDouble_Ember_2 will be placed at 802547B0 (length = 8 bytes)
$ConstDouble_Ember_1 will be placed at 802547B8 (length = 8 bytes)
$ConstDouble_Koopa_1 will be placed at 802547C0 (length = 8 bytes)
Executing patch: mze_05.mpat
Creating struct: $Script_MakeEntities
Creating struct: $Script_UseChest
Creating struct: $Script_UseChest_BossRoom
Creating struct: $Script_Cheev_Dungeon_03
Creating struct: $Data_TrapPointers
Creating struct: $Script_SetEnemiesFlags
Creating struct: $Script_SaveEnemyFlag
Creating struct: $Script_Init_EnemyNPC
Creating struct: $Script_TrackOutcome
Creating struct: $Script_Mistar_Outcome
Creating struct: $Script_Cutscene_Mistar
Creating struct: $SkipCutscene_Mistar
Creating struct: $Script_LockChests
Creating struct: $GetEntityPointer
Creating struct: $Function_RevivePlayer
Creating struct: $Function_SetupFog
Creating struct: $Script_SpawnSpriteBlock
Creating struct: $Script_SwapSprites
Creating struct: $Script_TrackInvisibleBlock
Creating struct: $VectorList_HideBlock
Creating struct: $Script_EnableTexPanning
Creating struct: $Script_80244A70
Creating struct: $Function_80240404
Creating struct: $Function_802402E0
Creating struct: $Script_KillMario
Creating struct: $NpcSettings_BasicAI
Creating struct: $Script_Init_Basic
Creating struct: $Script_BasicNPCAI
Creating struct: $AISettings_Basic
Creating struct: $NpcSettings_Bzzap
Creating struct: $Script_BzzapAI
Creating struct: $AISettings_Bzzap
Creating struct: $ConstDouble_Bzzap_1
Creating struct: $ConstDouble_Bzzap_2
Creating struct: $ConstDouble_Bzzap_3
Creating struct: $FloatTable_Bzzap_1
Creating struct: $JumpTable_Bzzap
Creating struct: $Function_Bzzap_Main
Creating struct: $Function_Bzzap_1
Creating struct: $Function_Bzzap_2
Creating struct: $Function_Bzzap_3
Creating struct: $Function_Bzzap_4
Creating struct: $Function_Bzzap_5
Creating struct: $Function_Bzzap_6
Creating struct: $Function_Bzzap_7
Creating struct: $Function_Bzzap_8
Creating struct: $Function_Bzzap_9
Creating struct: $Function_Bzzap_10
Creating struct: $NpcSettings_DryBones
Creating struct: $NpcSettings_Projectile
Creating struct: $Script_ProjectileOutcome
Creating struct: $Script_DryBonesAI
Creating struct: $Script_ProjectileAI
Creating struct: $AISettings_DryBones
Creating struct: $AISettings_Projectile
Creating struct: $Script_DryBones_Projectile_Main
Creating struct: $Script_null
Creating struct: $Function_DryBones_Projectile_1
Creating struct: $Function_DryBones_Projectile_2
Creating struct: $Func_FormatNpcID
Creating struct: $Function_DryBones_Projectile_Main
Creating struct: $ConstDouble_DryBones_1
Creating struct: $ConstDouble_DryBones_2
Creating struct: $ConstDouble_DryBones_3
Creating struct: $ConstDouble_DryBones_4
Creating struct: $ConstDouble_DryBones_5
Creating struct: $JumpTable_DryBones
Creating struct: $Function_DryBones_Main
Creating struct: $Function_DryBones_1
Creating struct: $Function_DryBones_2
Creating struct: $Function_DryBones_3
Creating struct: $Function_DryBones_4
Creating struct: $Function_DryBones_5
Creating struct: $Function_DryBones_6
Creating struct: $NpcSettings_Dupplighost
Creating struct: $Script_DupplighostAI
Creating struct: $AISettings_Dupplighost
Creating struct: $NpcSettings_Ember
Creating struct: $Script_EmberAI
Creating struct: $AISettings_Ember
Creating struct: $ConstDouble_Ember_1
Creating struct: $ConstDouble_Ember_2
Creating struct: $ConstDouble_Ember_3
Creating struct: $ConstDouble_Ember_4
Creating struct: $JumpTable_Ember
Creating struct: $FloatTable_Ember
Creating struct: $Function_Ember_Main
Creating struct: $Function_Ember_1
Creating struct: $Function_Ember_2
Creating struct: $Function_Ember_3
Creating struct: $Function_Ember_4
Creating struct: $Function_Ember_5
Creating struct: $Function_Ember_6
Creating struct: $Function_Ember_7
Creating struct: $Function_Ember_8
Creating struct: $Function_Ember_9
Creating struct: $Function_Ember_10
Creating struct: $NpcSettings_Koopa
Creating struct: $Script_KoopaAI
Creating struct: $AISettings_Koopa
Creating struct: $ConstDouble_Koopa_1
Creating struct: $JumpTable_Koopa
Creating struct: $Function_Koopa_Main
Creating struct: $Function_Koopa_1
Creating struct: $Function_Koopa_2
Creating struct: $Function_Koopa_3
Creating struct: $Function_Koopa_4
Creating struct: $NpcSettings_Paragoomba
Creating struct: $Script_ParagoombaAI
Creating struct: $AISettings_Paragoomba
Creating struct: $ConstDouble_Paragoomba_1
Creating struct: $ConstDouble_Paragoomba_2
Creating struct: $ConstDouble_Paragoomba_3
Creating struct: $FloatTable_Paragoomba
Creating struct: $JumpTable_Paragoomba
Creating struct: $Function_Paragoomba_Main
Creating struct: $Function_Paragoomba_1
Creating struct: $Function_Paragoomba_2
Creating struct: $Function_Paragoomba_3
Creating struct: $Function_Paragoomba_4
Creating struct: $Function_Paragoomba_5
Creating struct: $Function_Paragoomba_6
Creating struct: $Function_Paragoomba_7
Creating struct: $Function_Paragoomba_8
Creating struct: $Function_Paragoomba_9
Creating struct: $Function_Paragoomba_10
Creating struct: $NpcSettings_Paratroopa
Creating struct: $Script_AI_Paratroopa
Creating struct: $AISettings_Paratroopa
Creating struct: $JumpTable_Paratroopa
Creating struct: $ConstDouble_Paratroopa_1
Creating struct: $ConstDouble_Paratroopa_2
Creating struct: $ConstDouble_Paratroopa_3
Creating struct: $FloatTable_Paratroopa
Creating struct: $Function_Paratroopa_Main
Creating struct: $Function_Paratroopa_1
Creating struct: $Function_Paratroopa_2
Creating struct: $Function_Paratroopa_3
Creating struct: $Function_Paratroopa_4
Creating struct: $Function_Paratroopa_SetPos2
Creating struct: $Function_Paratroopa_5
Creating struct: $Function_Paratroopa_6
Creating struct: $Function_Paratroopa_7
Creating struct: $Function_Paratroopa_SetPos1
Creating struct: $Function_Paratroopa_8
Creating struct: $Function_Paratroopa_9
Creating struct: $ConstDouble_Piranha_1
Creating struct: $ConstDouble_Piranha_2
Creating struct: $ConstDouble_Piranha_3
Creating struct: $ConstDouble_Piranha_4
Creating struct: $ConstDouble_Piranha_5
Creating struct: $ConstDouble_Piranha_6
Creating struct: $NpcSettings_PiranhaPlant
Creating struct: $NpcSettings_PiranhaHitbox
Creating struct: $Script_PiranhaAI
Creating struct: $Script_PiranhaAI_Hitbox
Creating struct: $AISettings_Piranha
Creating struct: $Function_PiranhaHitBox_Main
Creating struct: $Function_Piranha_Main
Creating struct: $Function_Piranha_1
Creating struct: $Function_Piranha_2
Creating struct: $Function_Piranha_3
Creating struct: $Function_Piranha_4
Creating struct: $Function_Piranha_5
Creating struct: $Function_Piranha_6
Creating struct: $Function_Piranha_7
Creating struct: $NpcSettings_Pokey
Creating struct: $Script_PokeyAI
Creating struct: $Function_Pokey_1
Creating struct: $AISettings_Pokey
Creating struct: $NpcSettings_PyroGuy
Creating struct: $Script_PyroGuy
Creating struct: $AISettings_PyroGuy
Creating struct: $NpcSettings_RuffPuff
Creating struct: $Script_RuffPuffAI
Creating struct: $AISettings_RuffPuff
Creating struct: $ConstDouble_RuffPuff_1
Creating struct: $ConstDouble_RuffPuff_2
Creating struct: $ConstDouble_RuffPuff_3
Creating struct: $ConstDouble_RuffPuff_4
Creating struct: $JumpTable_RuffPuff
Creating struct: $FloatTable_RuffPuff
Creating struct: $Function_RuffPuff_Main
Creating struct: $Function_RuffPuff_1
Creating struct: $Function_RuffPuff_2
Creating struct: $Function_RuffPuff_3
Creating struct: $Function_RuffPuff_4
Creating struct: $Function_RuffPuff_5
Creating struct: $Function_RuffPuff_6
Creating struct: $Function_RuffPuff_7
Creating struct: $Function_RuffPuff_8
Creating struct: $Function_RuffPuff_9
Creating struct: $Function_RuffPuff_10
Creating struct: $NpcSettings_MediGuy
Creating struct: $NpcSettings_Cleft
Creating struct: $Script_MakeNpcs
Creating struct: $NpcGroupList_Mistar
Creating struct: $NpcGroup1_mze02
Creating struct: $NpcGroup1_mze03
Creating struct: $NpcGroup1_mze04
Creating struct: $NpcGroup1_mze05
Creating struct: $NpcGroup1_mze10
Creating struct: $NpcGroup1_mze11
Creating struct: $NpcGroup2_mze02
Creating struct: $NpcGroup2_mze03
Creating struct: $NpcGroup2_mze04
Creating struct: $NpcGroup2_mze05
Creating struct: $NpcGroup2_mze10
Creating struct: $NpcGroup2_mze11
Creating struct: $NpcGroup3_mze02
Creating struct: $NpcGroup3_mze03
Creating struct: $NpcGroup3_mze04
Creating struct: $NpcGroup3_mze05
Creating struct: $NpcGroup3_mze10
Creating struct: $NpcGroup3_mze11
Creating struct: $NpcGroup4_mze02
Creating struct: $NpcGroup4_mze03
Creating struct: $NpcGroup4_mze04
Creating struct: $NpcGroup4_mze05
Creating struct: $NpcGroup4_mze10
Creating struct: $NpcGroup4_mze11
Creating struct: $NpcGroup5_mze02
Creating struct: $NpcGroup5_mze03
Creating struct: $NpcGroup5_mze04
Creating struct: $NpcGroup5_mze05
Creating struct: $NpcGroup5_mze10
Creating struct: $NpcGroup5_mze11
Creating struct: $NpcGroup6_mze02
Creating struct: $NpcGroup6_mze03
Creating struct: $NpcGroup6_mze04
Creating struct: $NpcGroup6_mze05
Creating struct: $NpcGroup6_mze10
Creating struct: $NpcGroup6_mze11
Creating struct: $NpcGroup7_mze02
Creating struct: $NpcGroup7_mze03
Creating struct: $NpcGroup7_mze04
Creating struct: $NpcGroup7_mze05
Creating struct: $NpcGroup7_mze10
Creating struct: $NpcGroup7_mze11
Creating struct: $NpcGroup8_mze02
Creating struct: $NpcGroup8_mze03
Creating struct: $NpcGroup8_mze04
Creating struct: $NpcGroup8_mze05
Creating struct: $NpcGroup8_mze10
Creating struct: $NpcGroup8_mze11
Creating struct: $NpcGroup_Enemy1_Gloomba
Creating struct: $NpcGroup_Enemy2_Gloomba
Creating struct: $NpcGroup_Enemy1_Paragloomba
Creating struct: $NpcGroup_Enemy2_Paragloomba
Creating struct: $NpcGroup_Enemy1_SpikedGloomba
Creating struct: $NpcGroup_Enemy2_SpikedGloomba
Creating struct: $NpcGroup_Enemy1_Paratroopa
Creating struct: $NpcGroup_Enemy2_Paratroopa
Creating struct: $NpcGroup_Enemy1_Pokey
Creating struct: $NpcGroup_Enemy2_Pokey
Creating struct: $NpcGroup_Enemy1_PyroGuy
Creating struct: $NpcGroup_Enemy2_PyroGuy
Creating struct: $NpcGroup_Enemy1_SpikeTop
Creating struct: $NpcGroup_Enemy2_SpikeTop
Creating struct: $NpcGroup_Enemy1_LavaBubble
Creating struct: $NpcGroup_Enemy2_LavaBubble
Creating struct: $NpcGroup_Enemy2_Putrid
Creating struct: $NpcGroup_Enemy1_Bzzap
Creating struct: $NpcGroup_Enemy2_Bzzap
Creating struct: $NpcGroup_Enemy1_RuffPuff
Creating struct: $NpcGroup_Enemy2_RuffPuff
Creating struct: $NpcGroup_Enemy1_Dupplighost
Creating struct: $NpcGroup_Enemy2_Dupplighost
Creating struct: $NpcGroup_Enemy1_Ember
Creating struct: $NpcGroup_Enemy2_Ember
Creating struct: $NpcGroup_Enemy1_Bony
Creating struct: $NpcGroup_Enemy2_Bony
Creating struct: $NpcGroup_Enemy2_DryBones
Creating struct: $NpcGroup_Enemy3_DryBones
Creating struct: $NpcGroup_Enemy3_Blooper
Creating struct: $NpcGroup_Enemy2_Buzzar
Creating struct: $NpcGroup_Enemy3_Buzzar
Creating struct: $NpcGroup_Enemy3_Dino
Creating struct: $NpcGroup_Enemy4_Mistar
Creating struct: $NpcGroup_MistarKid
Creating struct: $NpcSettings_Mistar
Creating struct: $Script_Init_null
Creating struct: $Script_Init_Mistar
Creating struct: $Script_Init_Mistar_HitBox
Creating struct: $Mistar_Hit
Creating struct: $Mistar_Idle
Creating struct: $Header
Creating struct: $Function_Init
Creating struct: $EntryList
Creating struct: $Script_Main
Creating struct: $Script_MakeExits
Creating struct: $Script_Exit0
Creating struct: $Script_Exit1
Creating struct: $Function_GetTattle
Merged 1 regions to 1
$Function_Piranha_3 will be placed at 80240000 (length = A40 bytes)
$NpcGroup_Enemy2_DryBones will be placed at 80240A40 (length = 7C0 bytes)
$NpcGroup_Enemy3_DryBones will be placed at 80241200 (length = 7C0 bytes)
$Script_MakeNpcs will be placed at 802419C0 (length = 6E0 bytes)
$Script_Cutscene_Mistar will be placed at 802420A0 (length = 644 bytes)
$Function_Paratroopa_SetPos1 will be placed at 802426E4 (length = 628 bytes)
$Function_Bzzap_3 will be placed at 80242D0C (length = 628 bytes)
$Function_RuffPuff_3 will be placed at 80243334 (length = 624 bytes)
$Function_Ember_3 will be placed at 80243958 (length = 624 bytes)
$Function_Paragoomba_3 will be placed at 80243F7C (length = 624 bytes)
$Script_SetEnemiesFlags will be placed at 802445A0 (length = 60C bytes)
$Script_MakeEntities will be placed at 80244BAC (length = 5C4 bytes)
$Script_LockChests will be placed at 80245170 (length = 57C bytes)
$Function_DryBones_Projectile_Main will be placed at 802456EC (length = 53C bytes)
$Function_DryBones_Projectile_2 will be placed at 80245C28 (length = 460 bytes)
$Function_Koopa_Main will be placed at 80246088 (length = 440 bytes)
$Script_SpawnSpriteBlock will be placed at 802464C8 (length = 3E4 bytes)
$NpcGroup_Enemy2_Putrid will be placed at 802468AC (length = 3E0 bytes)
$NpcGroup_Enemy4_Mistar will be placed at 80246C8C (length = 3E0 bytes)
$Function_Bzzap_10 will be placed at 8024706C (length = 390 bytes)
$Function_Paragoomba_10 will be placed at 802473FC (length = 390 bytes)
$Function_Paratroopa_SetPos2 will be placed at 8024778C (length = 344 bytes)
$Function_Bzzap_5 will be placed at 80247AD0 (length = 344 bytes)
$Function_Ember_5 will be placed at 80247E14 (length = 344 bytes)
$Function_RuffPuff_5 will be placed at 80248158 (length = 344 bytes)
$Function_Paragoomba_5 will be placed at 8024849C (length = 344 bytes)
$Function_DryBones_Main will be placed at 802487E0 (length = 320 bytes)
$Script_TrackInvisibleBlock will be placed at 80248B00 (length = 2E0 bytes)
$Script_SaveEnemyFlag will be placed at 80248DE0 (length = 298 bytes)
$Function_Ember_9 will be placed at 80249078 (length = 280 bytes)
$Function_RuffPuff_9 will be placed at 802492F8 (length = 280 bytes)
$Script_KillMario will be placed at 80249578 (length = 264 bytes)
$Function_PiranhaHitBox_Main will be placed at 802497DC (length = 260 bytes)
$Function_Paratroopa_Main will be placed at 80249A3C (length = 250 bytes)
$Function_Piranha_Main will be placed at 80249C8C (length = 250 bytes)
$Script_Mistar_Outcome will be placed at 80249EDC (length = 250 bytes)
$Script_SwapSprites will be placed at 8024A12C (length = 218 bytes)
$NpcGroup_Enemy1_SpikeTop will be placed at 8024A344 (length = 1F0 bytes)
$NpcGroup_Enemy3_Buzzar will be placed at 8024A534 (length = 1F0 bytes)
$NpcGroup_Enemy2_Paratroopa will be placed at 8024A724 (length = 1F0 bytes)
$Function_DryBones_3 will be placed at 8024A914 (length = 1F0 bytes)
$NpcGroup_Enemy1_Bony will be placed at 8024AB04 (length = 1F0 bytes)
$NpcGroup_Enemy3_Blooper will be placed at 8024ACF4 (length = 1F0 bytes)
$NpcGroup_Enemy1_Paratroopa will be placed at 8024AEE4 (length = 1F0 bytes)
$NpcGroup_Enemy3_Dino will be placed at 8024B0D4 (length = 1F0 bytes)
$NpcGroup_Enemy1_Bzzap will be placed at 8024B2C4 (length = 1F0 bytes)
$NpcGroup_Enemy2_Dupplighost will be placed at 8024B4B4 (length = 1F0 bytes)
$NpcGroup_Enemy1_Dupplighost will be placed at 8024B6A4 (length = 1F0 bytes)
$NpcGroup_Enemy1_LavaBubble will be placed at 8024B894 (length = 1F0 bytes)
$NpcGroup_Enemy2_Bzzap will be placed at 8024BA84 (length = 1F0 bytes)
$NpcGroup_Enemy1_RuffPuff will be placed at 8024BC74 (length = 1F0 bytes)
$NpcGroup_Enemy1_Ember will be placed at 8024BE64 (length = 1F0 bytes)
$NpcGroup_Enemy2_Bony will be placed at 8024C054 (length = 1F0 bytes)
$NpcGroup_Enemy2_Ember will be placed at 8024C244 (length = 1F0 bytes)
$NpcGroup_Enemy1_Gloomba will be placed at 8024C434 (length = 1F0 bytes)
$NpcGroup_Enemy1_Paragloomba will be placed at 8024C624 (length = 1F0 bytes)
$NpcGroup_Enemy1_PyroGuy will be placed at 8024C814 (length = 1F0 bytes)
$NpcGroup_Enemy2_Buzzar will be placed at 8024CA04 (length = 1F0 bytes)
$NpcGroup_Enemy2_Gloomba will be placed at 8024CBF4 (length = 1F0 bytes)
$NpcGroup_Enemy2_Pokey will be placed at 8024CDE4 (length = 1F0 bytes)
$NpcGroup_Enemy2_LavaBubble will be placed at 8024CFD4 (length = 1F0 bytes)
$NpcGroup_Enemy2_SpikeTop will be placed at 8024D1C4 (length = 1F0 bytes)
$NpcGroup_Enemy2_SpikedGloomba will be placed at 8024D3B4 (length = 1F0 bytes)
$NpcGroup_Enemy2_RuffPuff will be placed at 8024D5A4 (length = 1F0 bytes)
$NpcGroup_Enemy1_Pokey will be placed at 8024D794 (length = 1F0 bytes)
$NpcGroup_Enemy2_Paragloomba will be placed at 8024D984 (length = 1F0 bytes)
$NpcGroup_Enemy1_SpikedGloomba will be placed at 8024DB74 (length = 1F0 bytes)
$NpcGroup_Enemy2_PyroGuy will be placed at 8024DD64 (length = 1F0 bytes)
$NpcGroup_MistarKid will be placed at 8024DF54 (length = 1F0 bytes)
$Function_Bzzap_Main will be placed at 8024E144 (length = 1EC bytes)
$SkipCutscene_Mistar will be placed at 8024E330 (length = 1EC bytes)
$Function_Paragoomba_Main will be placed at 8024E51C (length = 1EC bytes)
$Function_RuffPuff_Main will be placed at 8024E708 (length = 1E8 bytes)
$Function_80240404 will be placed at 8024E8F0 (length = 1E8 bytes)
$Function_Ember_Main will be placed at 8024EAD8 (length = 1E8 bytes)
$Script_DryBones_Projectile_Main will be placed at 8024ECC0 (length = 1C8 bytes)
$Function_Bzzap_2 will be placed at 8024EE88 (length = 1B0 bytes)
$Function_Paratroopa_8 will be placed at 8024F038 (length = 1B0 bytes)
$Function_RuffPuff_2 will be placed at 8024F1E8 (length = 1B0 bytes)
$Function_Ember_2 will be placed at 8024F398 (length = 1B0 bytes)
$Function_Paragoomba_2 will be placed at 8024F548 (length = 1B0 bytes)
$Script_UseChest_BossRoom will be placed at 8024F6F8 (length = 19C bytes)
$Script_Cheev_Dungeon_03 will be placed at 8024F894 (length = 190 bytes)
$JumpTable_DryBones will be placed at 8024FA24 (length = 190 bytes)
$Script_UseChest will be placed at 8024FBB4 (length = 190 bytes)
$Function_Koopa_3 will be placed at 8024FD44 (length = 164 bytes)
$Script_EnableTexPanning will be placed at 8024FEA8 (length = 160 bytes)
$String_Mistar_8_1 will be placed at 80250008 (length = 148 bytes)
$Function_DryBones_1 will be placed at 80250150 (length = 144 bytes)
$Script_Main will be placed at 80250294 (length = 144 bytes)
$MapTattle will be placed at 802503D8 (length = 140 bytes)
$Function_Koopa_2 will be placed at 80250518 (length = 134 bytes)
$Function_Bzzap_8 will be placed at 8025064C (length = 134 bytes)
$Function_Paragoomba_8 will be placed at 80250780 (length = 134 bytes)
$Function_Ember_8 will be placed at 802508B4 (length = 130 bytes)
$Function_RuffPuff_8 will be placed at 802509E4 (length = 130 bytes)
$Function_Paratroopa_4 will be placed at 80250B14 (length = 128 bytes)
$Function_Bzzap_1 will be placed at 80250C3C (length = 124 bytes)
$Function_Paratroopa_9 will be placed at 80250D60 (length = 124 bytes)
$Function_802402E0 will be placed at 80250E84 (length = 124 bytes)
$Function_RuffPuff_1 will be placed at 80250FA8 (length = 124 bytes)
$Function_Ember_1 will be placed at 802510CC (length = 124 bytes)
$Function_Paragoomba_1 will be placed at 802511F0 (length = 124 bytes)
$Function_Paratroopa_2 will be placed at 80251314 (length = 118 bytes)
$String_Mistar_8_2 will be placed at 8025142C (length = 118 bytes)
$Function_DryBones_2 will be placed at 80251544 (length = 104 bytes)
$Function_Piranha_5 will be placed at 80251648 (length = 100 bytes)
$Function_Piranha_2 will be placed at 80251748 (length = FC bytes)
$Function_Piranha_7 will be placed at 80251844 (length = EC bytes)
$Script_PiranhaAI will be placed at 80251930 (length = D4 bytes)
$Script_TrackOutcome will be placed at 80251A04 (length = D0 bytes)
$Script_ProjectileOutcome will be placed at 80251AD4 (length = D0 bytes)
$Function_Bzzap_4 will be placed at 80251BA4 (length = C0 bytes)
$Function_Paratroopa_7 will be placed at 80251C64 (length = C0 bytes)
$Function_Ember_4 will be placed at 80251D24 (length = C0 bytes)
$Function_RuffPuff_4 will be placed at 80251DE4 (length = C0 bytes)
$Function_Paragoomba_4 will be placed at 80251EA4 (length = C0 bytes)
$Function_Paratroopa_1 will be placed at 80251F64 (length = BC bytes)
$Function_DryBones_5 will be placed at 80252020 (length = A8 bytes)
$Script_80244A70 will be placed at 802520C8 (length = 9C bytes)
$Function_Piranha_4 will be placed at 80252164 (length = 90 bytes)
$String_Mistar_7 will be placed at 802521F4 (length = 90 bytes)
$String_Mistar_6 will be placed at 80252284 (length = 88 bytes)
$Mistar_Hit will be placed at 8025230C (length = 80 bytes)
$Function_Koopa_4 will be placed at 8025238C (length = 80 bytes)
$Mistar_Idle will be placed at 8025240C (length = 80 bytes)
$Script_PiranhaAI_Hitbox will be placed at 8025248C (length = 80 bytes)
$Function_Koopa_1 will be placed at 8025250C (length = 7C bytes)
$Function_Bzzap_6 will be placed at 80252588 (length = 78 bytes)
$Function_Paratroopa_5 will be placed at 80252600 (length = 78 bytes)
$Function_Ember_6 will be placed at 80252678 (length = 78 bytes)
$Function_RuffPuff_6 will be placed at 802526F0 (length = 78 bytes)
$Function_Paragoomba_6 will be placed at 80252768 (length = 78 bytes)
$Script_RuffPuffAI will be placed at 802527E0 (length = 70 bytes)
$Script_AI_Paratroopa will be placed at 80252850 (length = 70 bytes)
$Script_ParagoombaAI will be placed at 802528C0 (length = 70 bytes)
$Script_EmberAI will be placed at 80252930 (length = 70 bytes)
$Script_BzzapAI will be placed at 802529A0 (length = 70 bytes)
$Script_ProjectileAI will be placed at 80252A10 (length = 70 bytes)
$Script_DryBonesAI will be placed at 80252A80 (length = 70 bytes)
$Script_KoopaAI will be placed at 80252AF0 (length = 70 bytes)
$Function_Bzzap_7 will be placed at 80252B60 (length = 6C bytes)
$Function_Paratroopa_6 will be placed at 80252BCC (length = 6C bytes)
$Function_Piranha_1 will be placed at 80252C38 (length = 6C bytes)
$Function_Ember_7 will be placed at 80252CA4 (length = 6C bytes)
$Function_RuffPuff_7 will be placed at 80252D10 (length = 6C bytes)
$Function_Paragoomba_7 will be placed at 80252D7C (length = 6C bytes)
$Function_Bzzap_9 will be placed at 80252DE8 (length = 64 bytes)
$String_Mistar_5 will be placed at 80252E4C (length = 64 bytes)
$Function_Paragoomba_9 will be placed at 80252EB0 (length = 64 bytes)
$Function_Piranha_6 will be placed at 80252F14 (length = 60 bytes)
$Script_Exit1 will be placed at 80252F74 (length = 60 bytes)
$Script_Exit0 will be placed at 80252FD4 (length = 60 bytes)
$Function_RuffPuff_10 will be placed at 80253034 (length = 5C bytes)
$Function_Ember_10 will be placed at 80253090 (length = 5C bytes)
$GetEntityPointer will be placed at 802530EC (length = 5C bytes)
$JumpTable_Koopa will be placed at 80253148 (length = 54 bytes)
$String_Mistar_9 will be placed at 8025319C (length = 54 bytes)
$JumpTable_Ember will be placed at 802531F0 (length = 54 bytes)
$JumpTable_RuffPuff will be placed at 80253244 (length = 54 bytes)
$String_Mistar_3 will be placed at 80253298 (length = 50 bytes)
$Script_Init_Mistar will be placed at 802532E8 (length = 4C bytes)
$Function_DryBones_6 will be placed at 80253334 (length = 48 bytes)
$Function_DryBones_4 will be placed at 8025337C (length = 48 bytes)
$String_Mistar_10 will be placed at 802533C4 (length = 48 bytes)
$String_Mistar_4 will be placed at 8025340C (length = 48 bytes)
$Script_MakeExits will be placed at 80253454 (length = 48 bytes)
$Function_Paratroopa_3 will be placed at 8025349C (length = 44 bytes)
$JumpTable_Paratroopa will be placed at 802534E0 (length = 40 bytes)
$Header will be placed at 80253520 (length = 40 bytes)
$Function_SetupFog will be placed at 80253560 (length = 40 bytes)
$Function_Init will be placed at 802535A0 (length = 3C bytes)
$JumpTable_Paragoomba will be placed at 802535DC (length = 3C bytes)
$JumpTable_Bzzap will be placed at 80253618 (length = 3C bytes)
$Script_Init_Mistar_HitBox will be placed at 80253654 (length = 38 bytes)
$Function_DryBones_Projectile_1 will be placed at 8025368C (length = 38 bytes)
$AISettings_Pokey will be placed at 802536C4 (length = 30 bytes)
$NpcGroup8_mze10 will be placed at 802536F4 (length = 30 bytes)
$NpcGroup8_mze11 will be placed at 80253724 (length = 30 bytes)
$AISettings_Bzzap will be placed at 80253754 (length = 30 bytes)
$AISettings_Koopa will be placed at 80253784 (length = 30 bytes)
$AISettings_Paratroopa will be placed at 802537B4 (length = 30 bytes)
$AISettings_RuffPuff will be placed at 802537E4 (length = 30 bytes)
$AISettings_Ember will be placed at 80253814 (length = 30 bytes)
$AISettings_Paragoomba will be placed at 80253844 (length = 30 bytes)
$AISettings_Projectile will be placed at 80253874 (length = 30 bytes)
$NpcGroup6_mze10 will be placed at 802538A4 (length = 30 bytes)
$NpcGroup6_mze11 will be placed at 802538D4 (length = 30 bytes)
$NpcGroup7_mze10 will be placed at 80253904 (length = 30 bytes)
$NpcGroup7_mze11 will be placed at 80253934 (length = 30 bytes)
$AISettings_DryBones will be placed at 80253964 (length = 30 bytes)
$NpcGroup1_mze10 will be placed at 80253994 (length = 30 bytes)
$NpcGroup1_mze11 will be placed at 802539C4 (length = 30 bytes)
$NpcGroup5_mze11 will be placed at 802539F4 (length = 30 bytes)
$NpcGroup5_mze10 will be placed at 80253A24 (length = 30 bytes)
$NpcGroup2_mze11 will be placed at 80253A54 (length = 30 bytes)
$NpcGroup2_mze10 will be placed at 80253A84 (length = 30 bytes)
$AISettings_Piranha will be placed at 80253AB4 (length = 30 bytes)
$AISettings_PyroGuy will be placed at 80253AE4 (length = 30 bytes)
$AISettings_Dupplighost will be placed at 80253B14 (length = 30 bytes)
$NpcGroup3_mze11 will be placed at 80253B44 (length = 30 bytes)
$NpcGroup3_mze10 will be placed at 80253B74 (length = 30 bytes)
$NpcGroup4_mze11 will be placed at 80253BA4 (length = 30 bytes)
$NpcGroup4_mze10 will be placed at 80253BD4 (length = 30 bytes)
$AISettings_Basic will be placed at 80253C04 (length = 30 bytes)
$NpcSettings_Cleft will be placed at 80253C34 (length = 2C bytes)
$Script_Init_null will be placed at 80253C60 (length = 2C bytes)
$NpcSettings_Bzzap will be placed at 80253C8C (length = 2C bytes)
$NpcSettings_PiranhaHitbox will be placed at 80253CB8 (length = 2C bytes)
$NpcSettings_RuffPuff will be placed at 80253CE4 (length = 2C bytes)
$Func_FormatNpcID will be placed at 80253D10 (length = 2C bytes)
$NpcSettings_Ember will be placed at 80253D3C (length = 2C bytes)
$Function_RevivePlayer will be placed at 80253D68 (length = 2C bytes)
$NpcSettings_PiranhaPlant will be placed at 80253D94 (length = 2C bytes)
$NpcSettings_DryBones will be placed at 80253DC0 (length = 2C bytes)
$NpcSettings_Paratroopa will be placed at 80253DEC (length = 2C bytes)
$NpcSettings_Mistar will be placed at 80253E18 (length = 2C bytes)
$NpcSettings_Koopa will be placed at 80253E44 (length = 2C bytes)
$NpcSettings_Projectile will be placed at 80253E70 (length = 2C bytes)
$Script_PokeyAI will be placed at 80253E9C (length = 2C bytes)
$NpcSettings_Pokey will be placed at 80253EC8 (length = 2C bytes)
$NpcSettings_MediGuy will be placed at 80253EF4 (length = 2C bytes)
$NpcSettings_Paragoomba will be placed at 80253F20 (length = 2C bytes)
$Data_TrapPointers will be placed at 80253F4C (length = 28 bytes)
$String_Mistar_1 will be placed at 80253F74 (length = 28 bytes)
$NpcGroup4_mze02 will be placed at 80253F9C (length = 24 bytes)
$NpcGroup4_mze04 will be placed at 80253FC0 (length = 24 bytes)
$NpcGroup4_mze03 will be placed at 80253FE4 (length = 24 bytes)
$NpcGroup4_mze05 will be placed at 80254008 (length = 24 bytes)
$Script_Init_EnemyNPC will be placed at 8025402C (length = 24 bytes)
$NpcSettings_Dupplighost will be placed at 80254050 (length = 24 bytes)
$NpcSettings_BasicAI will be placed at 80254074 (length = 24 bytes)
$NpcSettings_PyroGuy will be placed at 80254098 (length = 24 bytes)
$NpcGroupList_Mistar will be placed at 802540BC (length = 24 bytes)
$NpcGroup1_mze04 will be placed at 802540E0 (length = 24 bytes)
$NpcGroup1_mze05 will be placed at 80254104 (length = 24 bytes)
$NpcGroup1_mze02 will be placed at 80254128 (length = 24 bytes)
$NpcGroup1_mze03 will be placed at 8025414C (length = 24 bytes)
$NpcGroup7_mze02 will be placed at 80254170 (length = 24 bytes)
$NpcGroup7_mze03 will be placed at 80254194 (length = 24 bytes)
$NpcGroup7_mze04 will be placed at 802541B8 (length = 24 bytes)
$NpcGroup7_mze05 will be placed at 802541DC (length = 24 bytes)
$VectorList_HideBlock will be placed at 80254200 (length = 24 bytes)
$NpcGroup2_mze04 will be placed at 80254224 (length = 24 bytes)
$NpcGroup8_mze03 will be placed at 80254248 (length = 24 bytes)
$NpcGroup2_mze03 will be placed at 8025426C (length = 24 bytes)
$NpcGroup8_mze04 will be placed at 80254290 (length = 24 bytes)
$NpcGroup2_mze05 will be placed at 802542B4 (length = 24 bytes)
$NpcGroup8_mze02 will be placed at 802542D8 (length = 24 bytes)
$NpcGroup2_mze02 will be placed at 802542FC (length = 24 bytes)
$NpcGroup8_mze05 will be placed at 80254320 (length = 24 bytes)
$NpcGroup3_mze05 will be placed at 80254344 (length = 24 bytes)
$NpcGroup3_mze04 will be placed at 80254368 (length = 24 bytes)
$NpcGroup3_mze03 will be placed at 8025438C (length = 24 bytes)
$NpcGroup3_mze02 will be placed at 802543B0 (length = 24 bytes)
$NpcGroup6_mze05 will be placed at 802543D4 (length = 24 bytes)
$NpcGroup6_mze03 will be placed at 802543F8 (length = 24 bytes)
$NpcGroup6_mze04 will be placed at 8025441C (length = 24 bytes)
$NpcGroup6_mze02 will be placed at 80254440 (length = 24 bytes)
$NpcGroup5_mze03 will be placed at 80254464 (length = 24 bytes)
$NpcGroup5_mze02 will be placed at 80254488 (length = 24 bytes)
$NpcGroup5_mze05 will be placed at 802544AC (length = 24 bytes)
$NpcGroup5_mze04 will be placed at 802544D0 (length = 24 bytes)
$Script_PyroGuy will be placed at 802544F4 (length = 20 bytes)
$EntryList will be placed at 80254514 (length = 20 bytes)
$Script_BasicNPCAI will be placed at 80254534 (length = 20 bytes)
$Script_DupplighostAI will be placed at 80254554 (length = 20 bytes)
$FloatTable_RuffPuff will be placed at 80254574 (length = 18 bytes)
$FloatTable_Bzzap_1 will be placed at 8025458C (length = 18 bytes)
$FloatTable_Paratroopa will be placed at 802545A4 (length = 18 bytes)
$FloatTable_Paragoomba will be placed at 802545BC (length = 18 bytes)
$FloatTable_Ember will be placed at 802545D4 (length = 18 bytes)
$String_Var_Bonetail will be placed at 802545EC (length = 14 bytes)
$String_Var_King will be placed at 80254600 (length = 14 bytes)
$Function_Pokey_1 will be placed at 80254614 (length = 14 bytes)
$String_Mistar_2 will be placed at 80254628 (length = 14 bytes)
$Script_null will be placed at 8025463C (length = 10 bytes)
$Script_Init_Basic will be placed at 8025464C (length = 10 bytes)
$ASCII_"mze_00"_Literal will be placed at 8025465C (length = C bytes)
$ASCII_"mze_12"_Literal will be placed at 80254668 (length = C bytes)
$ASCII_"mze_09"_Literal will be placed at 80254674 (length = C bytes)
$Function_GetTattle will be placed at 80254680 (length = C bytes)
$ConstDouble_Paratroopa_3 will be placed at 80254690 (length = 8 bytes)
$ConstDouble_Paratroopa_1 will be placed at 80254698 (length = 8 bytes)
$ConstDouble_Paratroopa_2 will be placed at 802546A0 (length = 8 bytes)
$ConstDouble_RuffPuff_4 will be placed at 802546A8 (length = 8 bytes)
$ConstDouble_RuffPuff_3 will be placed at 802546B0 (length = 8 bytes)
$ConstDouble_RuffPuff_2 will be placed at 802546B8 (length = 8 bytes)
$ConstDouble_RuffPuff_1 will be placed at 802546C0 (length = 8 bytes)
$ConstDouble_Paragoomba_1 will be placed at 802546C8 (length = 8 bytes)
$ConstDouble_Paragoomba_2 will be placed at 802546D0 (length = 8 bytes)
$ConstDouble_Paragoomba_3 will be placed at 802546D8 (length = 8 bytes)
$ConstDouble_Piranha_6 will be placed at 802546E0 (length = 8 bytes)
$ConstDouble_Piranha_5 will be placed at 802546E8 (length = 8 bytes)
$ConstDouble_Piranha_4 will be placed at 802546F0 (length = 8 bytes)
$ConstDouble_Piranha_3 will be placed at 802546F8 (length = 8 bytes)
$ConstDouble_Piranha_2 will be placed at 80254700 (length = 8 bytes)
$ConstDouble_Piranha_1 will be placed at 80254708 (length = 8 bytes)
$ConstDouble_DryBones_5 will be placed at 80254710 (length = 8 bytes)
$ConstDouble_DryBones_4 will be placed at 80254718 (length = 8 bytes)
$ConstDouble_Bzzap_1 will be placed at 80254720 (length = 8 bytes)
$ConstDouble_DryBones_3 will be placed at 80254728 (length = 8 bytes)
$ConstDouble_Bzzap_2 will be placed at 80254730 (length = 8 bytes)
$ConstDouble_DryBones_2 will be placed at 80254738 (length = 8 bytes)
$ConstDouble_Bzzap_3 will be placed at 80254740 (length = 8 bytes)
$ConstDouble_DryBones_1 will be placed at 80254748 (length = 8 bytes)
$ASCII_"tik_tex"_Literal will be placed at 80254750 (length = 8 bytes)
$ConstDouble_Ember_4 will be placed at 80254758 (length = 8 bytes)
$ConstDouble_Ember_3 will be placed at 80254760 (length = 8 bytes)
$ConstDouble_Ember_2 will be placed at 80254768 (length = 8 bytes)
$ConstDouble_Ember_1 will be placed at 80254770 (length = 8 bytes)
$ConstDouble_Koopa_1 will be placed at 80254778 (length = 8 bytes)
Executing patch: mze_06.mpat
Creating struct: $Script_MakeEntities_FuzzyFloor
Creating struct: $Script_UseChest_Fuzzy
Creating struct: $Script_Cheev_Dungeon_03
Creating struct: $Data_TrapPointers
Creating struct: $NpcGroupList_Fuzzies
Creating struct: $NpcGroup_Fuzzy1
Creating struct: $NpcGroup_Fuzzy2
Creating struct: $NpcGroup_Fuzzy3
Creating struct: $NpcSettings_Fuzzy
Creating struct: $Script_Init_Fuzzy
Creating struct: $Script_Idle_FuzzyPath
Creating struct: $IntTable_Fuzzy1_PatchA
Creating struct: $IntTable_Fuzzy1_PatchB
Creating struct: $IntTable_Fuzzy1_PatchC
Creating struct: $IntTable_Fuzzy1_PatchD
Creating struct: $IntTable_Fuzzy2_PatchA
Creating struct: $IntTable_Fuzzy2_PatchB
Creating struct: $IntTable_Fuzzy2_PatchC
Creating struct: $IntTable_Fuzzy2_PatchD
Creating struct: $IntTable_Fuzzy3_PatchA
Creating struct: $IntTable_Fuzzy3_PatchB
Creating struct: $IntTable_Fuzzy3_PatchC
Creating struct: $IntTable_Fuzzy3_PatchD
Creating struct: $Script_Hit_Fuzzy
Creating struct: $Script_NpcAI_FuzzyHit
Creating struct: $Function_SetupFog
Creating struct: $Script_KillMario
Creating struct: $Header
Creating struct: $Function_Init
Creating struct: $EntryList
Creating struct: $Script_Main
Creating struct: $Script_MakeExits
Creating struct: $Script_Exit0
Creating struct: $Script_Exit1
Creating struct: $Function_GetTattle
Merged 1 regions to 1
$Script_Idle_FuzzyPath will be placed at 80240000 (length = 640 bytes)
$Script_NpcAI_FuzzyHit will be placed at 80240640 (length = 3B0 bytes)
$Script_KillMario will be placed at 802409F0 (length = 264 bytes)
$NpcGroup_Fuzzy2 will be placed at 80240C54 (length = 1F0 bytes)
$NpcGroup_Fuzzy1 will be placed at 80240E44 (length = 1F0 bytes)
$NpcGroup_Fuzzy3 will be placed at 80241034 (length = 1F0 bytes)
$Script_Main will be placed at 80241224 (length = 19C bytes)
$Script_UseChest_Fuzzy will be placed at 802413C0 (length = 190 bytes)
$Script_Cheev_Dungeon_03 will be placed at 80241550 (length = 190 bytes)
$MapTattle will be placed at 802416E0 (length = 140 bytes)
$IntTable_Fuzzy1_PatchB will be placed at 80241820 (length = B8 bytes)
$Script_Exit1 will be placed at 802418D8 (length = B0 bytes)
$Script_Exit0 will be placed at 80241988 (length = B0 bytes)
$IntTable_Fuzzy3_PatchC will be placed at 80241A38 (length = A8 bytes)
$Script_MakeEntities_FuzzyFloor will be placed at 80241AE0 (length = 98 bytes)
$IntTable_Fuzzy2_PatchC will be placed at 80241B78 (length = 80 bytes)
$IntTable_Fuzzy1_PatchA will be placed at 80241BF8 (length = 70 bytes)
$IntTable_Fuzzy2_PatchB will be placed at 80241C68 (length = 68 bytes)
$IntTable_Fuzzy2_PatchA will be placed at 80241CD0 (length = 68 bytes)
$IntTable_Fuzzy1_PatchC will be placed at 80241D38 (length = 50 bytes)
$IntTable_Fuzzy3_PatchA will be placed at 80241D88 (length = 48 bytes)
$Script_MakeExits will be placed at 80241DD0 (length = 48 bytes)
$IntTable_Fuzzy1_PatchD will be placed at 80241E18 (length = 40 bytes)
$Function_SetupFog will be placed at 80241E58 (length = 40 bytes)
$Header will be placed at 80241E98 (length = 40 bytes)
$Function_Init will be placed at 80241ED8 (length = 3C bytes)
$Script_Hit_Fuzzy will be placed at 80241F14 (length = 38 bytes)
$Script_Init_Fuzzy will be placed at 80241F4C (length = 38 bytes)
$NpcGroupList_Fuzzies will be placed at 80241F84 (length = 30 bytes)
$NpcSettings_Fuzzy will be placed at 80241FB4 (length = 2C bytes)
$IntTable_Fuzzy3_PatchD will be placed at 80241FE0 (length = 28 bytes)
$Data_TrapPointers will be placed at 80242008 (length = 28 bytes)
$EntryList will be placed at 80242030 (length = 20 bytes)
$IntTable_Fuzzy2_PatchD will be placed at 80242050 (length = 20 bytes)
$IntTable_Fuzzy3_PatchB will be placed at 80242070 (length = 10 bytes)
$ASCII_"mze_00"_Literal will be placed at 80242080 (length = C bytes)
$ASCII_"mze_12"_Literal will be placed at 8024208C (length = C bytes)
$Function_GetTattle will be placed at 80242098 (length = C bytes)
$ASCII_"mze_09"_Literal will be placed at 802420A4 (length = C bytes)
$ASCII_"tik_tex"_Literal will be placed at 802420B0 (length = 8 bytes)
Executing patch: mze_07.mpat
Creating struct: $Script_MakeEntities_FuzzyFloor
Creating struct: $Script_UseChest_Fuzzy
Creating struct: $Script_Cheev_Dungeon_03
Creating struct: $Data_TrapPointers
Creating struct: $NpcGroupList_Fuzzies
Creating struct: $NpcGroup_Fuzzy1
Creating struct: $NpcGroup_Fuzzy2
Creating struct: $NpcGroup_Fuzzy3
Creating struct: $NpcSettings_Fuzzy
Creating struct: $Script_Init_Fuzzy
Creating struct: $Script_Idle_FuzzyPath
Creating struct: $IntTable_Fuzzy1_PatchA
Creating struct: $IntTable_Fuzzy1_PatchB
Creating struct: $IntTable_Fuzzy1_PatchC
Creating struct: $IntTable_Fuzzy1_PatchD
Creating struct: $IntTable_Fuzzy2_PatchA
Creating struct: $IntTable_Fuzzy2_PatchB
Creating struct: $IntTable_Fuzzy2_PatchC
Creating struct: $IntTable_Fuzzy2_PatchD
Creating struct: $IntTable_Fuzzy3_PatchA
Creating struct: $IntTable_Fuzzy3_PatchB
Creating struct: $IntTable_Fuzzy3_PatchC
Creating struct: $IntTable_Fuzzy3_PatchD
Creating struct: $Script_Hit_Fuzzy
Creating struct: $Script_NpcAI_FuzzyHit
Creating struct: $Function_SetupFog
Creating struct: $Script_KillMario
Creating struct: $Header
Creating struct: $Function_Init
Creating struct: $EntryList
Creating struct: $Script_Main
Creating struct: $Script_MakeExits
Creating struct: $Script_Exit0
Creating struct: $Script_Exit1
Creating struct: $Script_Exit2
Creating struct: $Function_GetTattle
Merged 1 regions to 1
$Script_Idle_FuzzyPath will be placed at 80240000 (length = 640 bytes)
$Script_NpcAI_FuzzyHit will be placed at 80240640 (length = 3B0 bytes)
$Script_KillMario will be placed at 802409F0 (length = 264 bytes)
$NpcGroup_Fuzzy2 will be placed at 80240C54 (length = 1F0 bytes)
$NpcGroup_Fuzzy1 will be placed at 80240E44 (length = 1F0 bytes)
$NpcGroup_Fuzzy3 will be placed at 80241034 (length = 1F0 bytes)
$Script_Main will be placed at 80241224 (length = 1AC bytes)
$Script_UseChest_Fuzzy will be placed at 802413D0 (length = 190 bytes)
$Script_Cheev_Dungeon_03 will be placed at 80241560 (length = 190 bytes)
$MapTattle will be placed at 802416F0 (length = 140 bytes)
$IntTable_Fuzzy1_PatchB will be placed at 80241830 (length = B8 bytes)
$IntTable_Fuzzy3_PatchC will be placed at 802418E8 (length = A8 bytes)
$Script_MakeEntities_FuzzyFloor will be placed at 80241990 (length = 98 bytes)
$IntTable_Fuzzy2_PatchC will be placed at 80241A28 (length = 80 bytes)
$IntTable_Fuzzy1_PatchA will be placed at 80241AA8 (length = 70 bytes)
$IntTable_Fuzzy2_PatchB will be placed at 80241B18 (length = 68 bytes)
$IntTable_Fuzzy2_PatchA will be placed at 80241B80 (length = 68 bytes)
$Script_MakeExits will be placed at 80241BE8 (length = 64 bytes)
$Script_Exit1 will be placed at 80241C4C (length = 60 bytes)
$Script_Exit0 will be placed at 80241CAC (length = 60 bytes)
$Script_Exit2 will be placed at 80241D0C (length = 60 bytes)
$IntTable_Fuzzy1_PatchC will be placed at 80241D6C (length = 50 bytes)
$IntTable_Fuzzy3_PatchA will be placed at 80241DBC (length = 48 bytes)
$IntTable_Fuzzy1_PatchD will be placed at 80241E04 (length = 40 bytes)
$Function_SetupFog will be placed at 80241E44 (length = 40 bytes)
$Header will be placed at 80241E84 (length = 40 bytes)
$Function_Init will be placed at 80241EC4 (length = 3C bytes)
$Script_Hit_Fuzzy will be placed at 80241F00 (length = 38 bytes)
$Script_Init_Fuzzy will be placed at 80241F38 (length = 38 bytes)
$EntryList will be placed at 80241F70 (length = 30 bytes)
$NpcGroupList_Fuzzies will be placed at 80241FA0 (length = 30 bytes)
$NpcSettings_Fuzzy will be placed at 80241FD0 (length = 2C bytes)
$IntTable_Fuzzy3_PatchD will be placed at 80241FFC (length = 28 bytes)
$Data_TrapPointers will be placed at 80242024 (length = 28 bytes)
$IntTable_Fuzzy2_PatchD will be placed at 8024204C (length = 20 bytes)
$IntTable_Fuzzy3_PatchB will be placed at 8024206C (length = 10 bytes)
$ASCII_"mze_00"_Literal will be placed at 8024207C (length = C bytes)
$ASCII_"mze_12"_Literal will be placed at 80242088 (length = C bytes)
$Function_GetTattle will be placed at 80242094 (length = C bytes)
$ASCII_"mze_09"_Literal will be placed at 802420A0 (length = C bytes)
$ASCII_"tik_tex"_Literal will be placed at 802420AC (length = 8 bytes)
Executing patch: mze_08.mpat
Creating struct: $Script_MakeEntities_FuzzyFloor
Creating struct: $Script_UseChest_Fuzzy
Creating struct: $Script_Cheev_Dungeon_03
Creating struct: $Data_TrapPointers
Creating struct: $NpcGroupList_Fuzzies
Creating struct: $NpcGroup_Fuzzy1
Creating struct: $NpcGroup_Fuzzy2
Creating struct: $NpcGroup_Fuzzy3
Creating struct: $NpcSettings_Fuzzy
Creating struct: $Script_Init_Fuzzy
Creating struct: $Script_Idle_FuzzyPath
Creating struct: $IntTable_Fuzzy1_PatchA
Creating struct: $IntTable_Fuzzy1_PatchB
Creating struct: $IntTable_Fuzzy1_PatchC
Creating struct: $IntTable_Fuzzy1_PatchD
Creating struct: $IntTable_Fuzzy2_PatchA
Creating struct: $IntTable_Fuzzy2_PatchB
Creating struct: $IntTable_Fuzzy2_PatchC
Creating struct: $IntTable_Fuzzy2_PatchD
Creating struct: $IntTable_Fuzzy3_PatchA
Creating struct: $IntTable_Fuzzy3_PatchB
Creating struct: $IntTable_Fuzzy3_PatchC
Creating struct: $IntTable_Fuzzy3_PatchD
Creating struct: $Script_Hit_Fuzzy
Creating struct: $Script_NpcAI_FuzzyHit
Creating struct: $Function_SetupFog
Creating struct: $Script_KillMario
Creating struct: $Header
Creating struct: $Function_Init
Creating struct: $EntryList
Creating struct: $Script_Main
Creating struct: $Script_MakeExits
Creating struct: $Script_Exit0
Creating struct: $Script_Exit1
Creating struct: $Script_Exit2
Creating struct: $Function_GetTattle
Merged 1 regions to 1
$Script_Idle_FuzzyPath will be placed at 80240000 (length = 640 bytes)
$Script_NpcAI_FuzzyHit will be placed at 80240640 (length = 3B0 bytes)
$Script_KillMario will be placed at 802409F0 (length = 264 bytes)
$NpcGroup_Fuzzy2 will be placed at 80240C54 (length = 1F0 bytes)
$NpcGroup_Fuzzy1 will be placed at 80240E44 (length = 1F0 bytes)
$NpcGroup_Fuzzy3 will be placed at 80241034 (length = 1F0 bytes)
$Script_Main will be placed at 80241224 (length = 1AC bytes)
$Script_UseChest_Fuzzy will be placed at 802413D0 (length = 190 bytes)
$Script_Cheev_Dungeon_03 will be placed at 80241560 (length = 190 bytes)
$MapTattle will be placed at 802416F0 (length = 140 bytes)
$IntTable_Fuzzy1_PatchB will be placed at 80241830 (length = B8 bytes)
$IntTable_Fuzzy3_PatchC will be placed at 802418E8 (length = A8 bytes)
$Script_MakeEntities_FuzzyFloor will be placed at 80241990 (length = 98 bytes)
$IntTable_Fuzzy2_PatchC will be placed at 80241A28 (length = 80 bytes)
$IntTable_Fuzzy1_PatchA will be placed at 80241AA8 (length = 70 bytes)
$IntTable_Fuzzy2_PatchB will be placed at 80241B18 (length = 68 bytes)
$IntTable_Fuzzy2_PatchA will be placed at 80241B80 (length = 68 bytes)
$Script_MakeExits will be placed at 80241BE8 (length = 64 bytes)
$Script_Exit1 will be placed at 80241C4C (length = 60 bytes)
$Script_Exit0 will be placed at 80241CAC (length = 60 bytes)
$Script_Exit2 will be placed at 80241D0C (length = 60 bytes)
$IntTable_Fuzzy1_PatchC will be placed at 80241D6C (length = 50 bytes)
$IntTable_Fuzzy3_PatchA will be placed at 80241DBC (length = 48 bytes)
$IntTable_Fuzzy1_PatchD will be placed at 80241E04 (length = 40 bytes)
$Function_SetupFog will be placed at 80241E44 (length = 40 bytes)
$Header will be placed at 80241E84 (length = 40 bytes)
$Function_Init will be placed at 80241EC4 (length = 3C bytes)
$Script_Hit_Fuzzy will be placed at 80241F00 (length = 38 bytes)
$Script_Init_Fuzzy will be placed at 80241F38 (length = 38 bytes)
$EntryList will be placed at 80241F70 (length = 30 bytes)
$NpcGroupList_Fuzzies will be placed at 80241FA0 (length = 30 bytes)
$NpcSettings_Fuzzy will be placed at 80241FD0 (length = 2C bytes)
$IntTable_Fuzzy3_PatchD will be placed at 80241FFC (length = 28 bytes)
$Data_TrapPointers will be placed at 80242024 (length = 28 bytes)
$IntTable_Fuzzy2_PatchD will be placed at 8024204C (length = 20 bytes)
$IntTable_Fuzzy3_PatchB will be placed at 8024206C (length = 10 bytes)
$ASCII_"mze_00"_Literal will be placed at 8024207C (length = C bytes)
$ASCII_"mze_12"_Literal will be placed at 80242088 (length = C bytes)
$Function_GetTattle will be placed at 80242094 (length = C bytes)
$ASCII_"mze_09"_Literal will be placed at 802420A0 (length = C bytes)
$ASCII_"tik_tex"_Literal will be placed at 802420AC (length = 8 bytes)
Executing patch: mze_09.mpat
Creating struct: $Function_SetupFog
Creating struct: $Script_KillMario
Creating struct: $Header
Creating struct: $Function_Init
Creating struct: $EntryList
Creating struct: $Script_Main
Creating struct: $Script_LoadTrap
Creating struct: $Script_Cutscene_Lost1
Creating struct: $Script_Cutscene_Lost1_2
Creating struct: $Script_Cutscene_Lost2_2
Creating struct: $SkipCutscene_Lost1_2
Creating struct: $Script_Cutscene_Lost2
Creating struct: $Script_Partner_Dialog1
Creating struct: $Script_Partner_SetIdleAnimation
Creating struct: $Script_Partner_SetWalkAnimation
Creating struct: $DespawnPartner
Creating struct: $RespawnPartner
Creating struct: $Script_MakeEntities
Creating struct: $Script_UseChest
Creating struct: $Script_Cheev_Dungeon_03
Creating struct: $Data_TrapPointers
Creating struct: $Script_TrapFloor_Init
Creating struct: $Script_GetCurrentTrapData
Creating struct: $Function_TrapData_ReadData
Creating struct: $Script_EnableModels_Pillars_Left_Default
Creating struct: $Script_EnableModels_Pillars_Left_Wide
Creating struct: $Script_EnableModels_Pillars_Middle_Thinner
Creating struct: $Script_EnableModels_Pillars_Middle_Wide
Creating struct: $Script_EnableModels_Pillars_Middle_3S
Creating struct: $Script_EnableModels_Pillars_Right_Default
Creating struct: $Script_EnableModels_Pillars_Right_Wide
Creating struct: $Script_EnableModels_WallTrap_Left
Creating struct: $Script_EnableModels_WallTrap_Right
Creating struct: $Script_EnableModels_WallTrap_Trap9
Creating struct: $Script_EnableModels_Spikes_1_2
Creating struct: $Script_EnableModels_Spikes_3
Creating struct: $Script_EnableModels_Spikes_4
Creating struct: $Script_EnableModels_Spikes_5
Creating struct: $Script_EnableModels_Spikes_6_7
Creating struct: $Script_EnableModels_WallTrap_Left_TrapModels
Creating struct: $Script_EnableModels_WallTrap_Right_TrapModels
Creating struct: $Script_EnableModels_ChestPlatform_1
Creating struct: $Script_EnableModels_ChestPlatform_2
Creating struct: $Script_EnableModels_ChestPlatform_3
Creating struct: $Script_EnableModels_ChestPlatform_5
Creating struct: $Script_EnableModels_ChestPlatform_8
Creating struct: $Script_EnableModels_ChestPlatform_10_11
Creating struct: $Script_EnableModels_ChestPlatform_12
Creating struct: $Script_EnableModels_ChestPlatform_13
Creating struct: $LaveReset_Pos
Creating struct: $Script_SpikesHandler_Spikes1AND2_Start0
Creating struct: $Script_SpikesHandler_Spikes1_Start0
Creating struct: $Script_SpikesHandler_Spikes7_Start0
Creating struct: $Script_SpikesHandler_Spikes2_Start0
Creating struct: $Script_SpikesHandler_Spikes2_Start1
Creating struct: $Script_SpikesHandler_Spikes3_Start0
Creating struct: $Script_SpikesHandler_Spikes4_Start0
Creating struct: $Script_SpikesHandler_Spikes4_Start1
Creating struct: $Script_SpikesHandler_Spikes5_Start0
Creating struct: $Script_SpikesHandler_Spikes5_Start1
Creating struct: $Script_SpikesHandler_Spikes6_Start1
Creating struct: $Script_SpikesHandler_Spikes7_Start1
Creating struct: $Script_SpikesHandler_Spikes6AND7_Start0
Creating struct: $Script_SpikesHandler_Spikes6AND7_Start1
Creating struct: $Script_WallsHandler_Left_0
Creating struct: $Script_WallsHandler_Left_1
Creating struct: $Script_WallsHandler_Right_0
Creating struct: $Script_WallsHandler_Right_1
Creating struct: $Script_WallsHandler_LeftANDRight_Left
Creating struct: $Script_WallsHandler_LeftANDRight_Right
Creating struct: $Script_WallsHandler_Trap7_Left
Creating struct: $Script_WallsHandler_Trap7_Right
Creating struct: $Script_KillMario_Trap
Creating struct: $Script_MakeExits
Creating struct: $Script_Exit0
Creating struct: $Script_Exit1
Creating struct: $Function_GetTattle
Merged 1 regions to 1
$Script_LoadTrap will be placed at 80240000 (length = F8C bytes)
$Script_TrapFloor_Init will be placed at 80240F8C (length = D14 bytes)
$Script_WallsHandler_Trap7_Right will be placed at 80241CA0 (length = 9D8 bytes)
$Script_WallsHandler_Trap7_Left will be placed at 80242678 (length = 9D8 bytes)
$Script_SpikesHandler_Spikes6AND7_Start0 will be placed at 80243050 (length = 664 bytes)
$Script_SpikesHandler_Spikes1AND2_Start0 will be placed at 802436B4 (length = 664 bytes)
$Script_SpikesHandler_Spikes6AND7_Start1 will be placed at 80243D18 (length = 624 bytes)
$Script_WallsHandler_Right_1 will be placed at 8024433C (length = 600 bytes)
$Script_WallsHandler_Right_0 will be placed at 8024493C (length = 600 bytes)
$Script_WallsHandler_Left_1 will be placed at 80244F3C (length = 600 bytes)
$Script_WallsHandler_Left_0 will be placed at 8024553C (length = 600 bytes)
$Script_WallsHandler_LeftANDRight_Left will be placed at 80245B3C (length = 600 bytes)
$Script_WallsHandler_LeftANDRight_Right will be placed at 8024613C (length = 600 bytes)
$Script_Cutscene_Lost1_2 will be placed at 8024673C (length = 5C0 bytes)
$Script_Exit1 will be placed at 80246CFC (length = 5AC bytes)
$Script_SpikesHandler_Spikes1_Start0 will be placed at 802472A8 (length = 5A4 bytes)
$Script_Exit0 will be placed at 8024784C (length = 59C bytes)
$Script_SpikesHandler_Spikes7_Start1 will be placed at 80247DE8 (length = 57C bytes)
$Script_SpikesHandler_Spikes6_Start1 will be placed at 80248364 (length = 57C bytes)
$Script_SpikesHandler_Spikes5_Start1 will be placed at 802488E0 (length = 57C bytes)
$Script_SpikesHandler_Spikes3_Start0 will be placed at 80248E5C (length = 55C bytes)
$Script_SpikesHandler_Spikes2_Start0 will be placed at 802493B8 (length = 55C bytes)
$Script_SpikesHandler_Spikes4_Start0 will be placed at 80249914 (length = 55C bytes)
$Script_Cutscene_Lost2 will be placed at 80249E70 (length = 504 bytes)
$Script_MakeEntities will be placed at 8024A374 (length = 440 bytes)
$Script_SpikesHandler_Spikes4_Start1 will be placed at 8024A7B4 (length = 3F0 bytes)
$Script_SpikesHandler_Spikes7_Start0 will be placed at 8024ABA4 (length = 3D0 bytes)
$Script_SpikesHandler_Spikes2_Start1 will be placed at 8024AF74 (length = 3D0 bytes)
$Script_SpikesHandler_Spikes5_Start0 will be placed at 8024B344 (length = 3D0 bytes)
$Script_Main will be placed at 8024B714 (length = 26C bytes)
$Script_KillMario will be placed at 8024B980 (length = 264 bytes)
$Script_EnableModels_Spikes_1_2 will be placed at 8024BBE4 (length = 22C bytes)
$Script_EnableModels_Spikes_6_7 will be placed at 8024BE10 (length = 22C bytes)
$Script_Cutscene_Lost2_2 will be placed at 8024C03C (length = 1F8 bytes)
$Script_GetCurrentTrapData will be placed at 8024C234 (length = 19C bytes)
$Script_Partner_Dialog1 will be placed at 8024C3D0 (length = 194 bytes)
$Script_Cheev_Dungeon_03 will be placed at 8024C564 (length = 190 bytes)
$Script_UseChest will be placed at 8024C6F4 (length = 190 bytes)
$Script_EnableModels_ChestPlatform_10_11 will be placed at 8024C884 (length = 184 bytes)
$Script_EnableModels_WallTrap_Left_TrapModels will be placed at 8024CA08 (length = 178 bytes)
$Script_EnableModels_WallTrap_Right_TrapModels will be placed at 8024CB80 (length = 178 bytes)
$MapTattle will be placed at 8024CCF8 (length = 140 bytes)
$Script_Cutscene_Lost1 will be placed at 8024CE38 (length = 134 bytes)
$Script_EnableModels_Spikes_4 will be placed at 8024CF6C (length = 128 bytes)
$Script_EnableModels_Spikes_5 will be placed at 8024D094 (length = 128 bytes)
$Script_EnableModels_Spikes_3 will be placed at 8024D1BC (length = 128 bytes)
$Script_Partner_SetWalkAnimation will be placed at 8024D2E4 (length = 10C bytes)
$Script_Partner_SetIdleAnimation will be placed at 8024D3F0 (length = 10C bytes)
$SkipCutscene_Lost1_2 will be placed at 8024D4FC (length = 10C bytes)
$Script_EnableModels_ChestPlatform_8 will be placed at 8024D608 (length = EC bytes)
$Script_EnableModels_ChestPlatform_5 will be placed at 8024D6F4 (length = EC bytes)
$Script_EnableModels_Pillars_Middle_Wide will be placed at 8024D7E0 (length = B0 bytes)
$Script_EnableModels_WallTrap_Trap9 will be placed at 8024D890 (length = AC bytes)
$String_Cutscene5 will be placed at 8024D93C (length = A0 bytes)
$Script_EnableModels_Pillars_Left_Wide will be placed at 8024D9DC (length = 9C bytes)
$Script_EnableModels_Pillars_Left_Default will be placed at 8024DA78 (length = 9C bytes)
$Script_EnableModels_Pillars_Middle_Thinner will be placed at 8024DB14 (length = 9C bytes)
$Script_EnableModels_Pillars_Right_Wide will be placed at 8024DBB0 (length = 9C bytes)
$Script_EnableModels_Pillars_Right_Default will be placed at 8024DC4C (length = 9C bytes)
$Script_EnableModels_ChestPlatform_12 will be placed at 8024DCE8 (length = 94 bytes)
$Script_EnableModels_ChestPlatform_13 will be placed at 8024DD7C (length = 94 bytes)
$Script_EnableModels_Pillars_Middle_3S will be placed at 8024DE10 (length = 94 bytes)
$Script_EnableModels_ChestPlatform_3 will be placed at 8024DEA4 (length = 94 bytes)
$Script_EnableModels_ChestPlatform_1 will be placed at 8024DF38 (length = 94 bytes)
$Script_EnableModels_ChestPlatform_2 will be placed at 8024DFCC (length = 94 bytes)
$Script_EnableModels_WallTrap_Left will be placed at 8024E060 (length = 88 bytes)
$Script_EnableModels_WallTrap_Right will be placed at 8024E0E8 (length = 88 bytes)
$Function_TrapData_ReadData will be placed at 8024E170 (length = 5C bytes)
$String_Cutscene3 will be placed at 8024E1CC (length = 54 bytes)
$String_Cutscene4 will be placed at 8024E220 (length = 4C bytes)
$Script_MakeExits will be placed at 8024E26C (length = 48 bytes)
$Header will be placed at 8024E2B4 (length = 40 bytes)
$Function_SetupFog will be placed at 8024E2F4 (length = 40 bytes)
$Function_Init will be placed at 8024E334 (length = 3C bytes)
$DespawnPartner will be placed at 8024E370 (length = 34 bytes)
$RespawnPartner will be placed at 8024E3A4 (length = 30 bytes)
$LaveReset_Pos will be placed at 8024E3D4 (length = 30 bytes)
$Script_KillMario_Trap will be placed at 8024E404 (length = 30 bytes)
$Data_TrapPointers will be placed at 8024E434 (length = 28 bytes)
$EntryList will be placed at 8024E45C (length = 20 bytes)
$String_Cutscene2 will be placed at 8024E47C (length = 20 bytes)
$ASCII_"mze_12"_Literal will be placed at 8024E49C (length = C bytes)
$ASCII_"mze_03"_Literal will be placed at 8024E4A8 (length = C bytes)
$ASCII_"mze_09"_Literal will be placed at 8024E4B4 (length = C bytes)
$ASCII_"mze_11"_Literal will be placed at 8024E4C0 (length = C bytes)
$ASCII_"mze_04"_Literal will be placed at 8024E4CC (length = C bytes)
$ASCII_"mze_07"_Literal will be placed at 8024E4D8 (length = C bytes)
$ASCII_"mze_02"_Literal will be placed at 8024E4E4 (length = C bytes)
$ASCII_"mze_00"_Literal will be placed at 8024E4F0 (length = C bytes)
$ASCII_"mze_06"_Literal will be placed at 8024E4FC (length = C bytes)
$Function_GetTattle will be placed at 8024E508 (length = C bytes)
$ASCII_"mze_10"_Literal will be placed at 8024E514 (length = C bytes)
$ASCII_"mze_05"_Literal will be placed at 8024E520 (length = C bytes)
$String_Cutscene1 will be placed at 8024E52C (length = C bytes)
$ASCII_"mze_08"_Literal will be placed at 8024E538 (length = C bytes)
$ASCII_"tik_tex"_Literal will be placed at 8024E544 (length = 8 bytes)
Executing patch: mze_10.mpat
Creating struct: $Script_MakeEntities
Creating struct: $Script_UseChest
Creating struct: $Script_UseChest_BossRoom
Creating struct: $Script_Cheev_Dungeon_03
Creating struct: $Data_TrapPointers
Creating struct: $Script_SetEnemiesFlags
Creating struct: $Script_SaveEnemyFlag
Creating struct: $Script_Init_EnemyNPC
Creating struct: $Script_TrackOutcome
Creating struct: $Script_Mistar_Outcome
Creating struct: $Script_Cutscene_Mistar
Creating struct: $SkipCutscene_Mistar
Creating struct: $Script_LockChests
Creating struct: $GetEntityPointer
Creating struct: $Function_RevivePlayer
Creating struct: $Function_SetupFog
Creating struct: $Script_KillMario
Creating struct: $NpcSettings_BasicAI
Creating struct: $Script_Init_Basic
Creating struct: $Script_BasicNPCAI
Creating struct: $AISettings_Basic
Creating struct: $NpcSettings_Bzzap
Creating struct: $Script_BzzapAI
Creating struct: $AISettings_Bzzap
Creating struct: $ConstDouble_Bzzap_1
Creating struct: $ConstDouble_Bzzap_2
Creating struct: $ConstDouble_Bzzap_3
Creating struct: $FloatTable_Bzzap_1
Creating struct: $JumpTable_Bzzap
Creating struct: $Function_Bzzap_Main
Creating struct: $Function_Bzzap_1
Creating struct: $Function_Bzzap_2
Creating struct: $Function_Bzzap_3
Creating struct: $Function_Bzzap_4
Creating struct: $Function_Bzzap_5
Creating struct: $Function_Bzzap_6
Creating struct: $Function_Bzzap_7
Creating struct: $Function_Bzzap_8
Creating struct: $Function_Bzzap_9
Creating struct: $Function_Bzzap_10
Creating struct: $NpcSettings_DryBones
Creating struct: $NpcSettings_Projectile
Creating struct: $Script_ProjectileOutcome
Creating struct: $Script_DryBonesAI
Creating struct: $Script_ProjectileAI
Creating struct: $AISettings_DryBones
Creating struct: $AISettings_Projectile
Creating struct: $Script_DryBones_Projectile_Main
Creating struct: $Script_null
Creating struct: $Function_DryBones_Projectile_1
Creating struct: $Function_DryBones_Projectile_2
Creating struct: $Func_FormatNpcID
Creating struct: $Function_DryBones_Projectile_Main
Creating struct: $ConstDouble_DryBones_1
Creating struct: $ConstDouble_DryBones_2
Creating struct: $ConstDouble_DryBones_3
Creating struct: $ConstDouble_DryBones_4
Creating struct: $ConstDouble_DryBones_5
Creating struct: $JumpTable_DryBones
Creating struct: $Function_DryBones_Main
Creating struct: $Function_DryBones_1
Creating struct: $Function_DryBones_2
Creating struct: $Function_DryBones_3
Creating struct: $Function_DryBones_4
Creating struct: $Function_DryBones_5
Creating struct: $Function_DryBones_6
Creating struct: $NpcSettings_Dupplighost
Creating struct: $Script_DupplighostAI
Creating struct: $AISettings_Dupplighost
Creating struct: $NpcSettings_Ember
Creating struct: $Script_EmberAI
Creating struct: $AISettings_Ember
Creating struct: $ConstDouble_Ember_1
Creating struct: $ConstDouble_Ember_2
Creating struct: $ConstDouble_Ember_3
Creating struct: $ConstDouble_Ember_4
Creating struct: $JumpTable_Ember
Creating struct: $FloatTable_Ember
Creating struct: $Function_Ember_Main
Creating struct: $Function_Ember_1
Creating struct: $Function_Ember_2
Creating struct: $Function_Ember_3
Creating struct: $Function_Ember_4
Creating struct: $Function_Ember_5
Creating struct: $Function_Ember_6
Creating struct: $Function_Ember_7
Creating struct: $Function_Ember_8
Creating struct: $Function_Ember_9
Creating struct: $Function_Ember_10
Creating struct: $NpcSettings_Koopa
Creating struct: $Script_KoopaAI
Creating struct: $AISettings_Koopa
Creating struct: $ConstDouble_Koopa_1
Creating struct: $JumpTable_Koopa
Creating struct: $Function_Koopa_Main
Creating struct: $Function_Koopa_1
Creating struct: $Function_Koopa_2
Creating struct: $Function_Koopa_3
Creating struct: $Function_Koopa_4
Creating struct: $NpcSettings_Paragoomba
Creating struct: $Script_ParagoombaAI
Creating struct: $AISettings_Paragoomba
Creating struct: $ConstDouble_Paragoomba_1
Creating struct: $ConstDouble_Paragoomba_2
Creating struct: $ConstDouble_Paragoomba_3
Creating struct: $FloatTable_Paragoomba
Creating struct: $JumpTable_Paragoomba
Creating struct: $Function_Paragoomba_Main
Creating struct: $Function_Paragoomba_1
Creating struct: $Function_Paragoomba_2
Creating struct: $Function_Paragoomba_3
Creating struct: $Function_Paragoomba_4
Creating struct: $Function_Paragoomba_5
Creating struct: $Function_Paragoomba_6
Creating struct: $Function_Paragoomba_7
Creating struct: $Function_Paragoomba_8
Creating struct: $Function_Paragoomba_9
Creating struct: $Function_Paragoomba_10
Creating struct: $NpcSettings_Paratroopa
Creating struct: $Script_AI_Paratroopa
Creating struct: $AISettings_Paratroopa
Creating struct: $JumpTable_Paratroopa
Creating struct: $ConstDouble_Paratroopa_1
Creating struct: $ConstDouble_Paratroopa_2
Creating struct: $ConstDouble_Paratroopa_3
Creating struct: $FloatTable_Paratroopa
Creating struct: $Function_Paratroopa_Main
Creating struct: $Function_Paratroopa_1
Creating struct: $Function_Paratroopa_2
Creating struct: $Function_Paratroopa_3
Creating struct: $Function_Paratroopa_4
Creating struct: $Function_Paratroopa_SetPos2
Creating struct: $Function_Paratroopa_5
Creating struct: $Function_Paratroopa_6
Creating struct: $Function_Paratroopa_7
Creating struct: $Function_Paratroopa_SetPos1
Creating struct: $Function_Paratroopa_8
Creating struct: $Function_Paratroopa_9
Creating struct: $ConstDouble_Piranha_1
Creating struct: $ConstDouble_Piranha_2
Creating struct: $ConstDouble_Piranha_3
Creating struct: $ConstDouble_Piranha_4
Creating struct: $ConstDouble_Piranha_5
Creating struct: $ConstDouble_Piranha_6
Creating struct: $NpcSettings_PiranhaPlant
Creating struct: $NpcSettings_PiranhaHitbox
Creating struct: $Script_PiranhaAI
Creating struct: $Script_PiranhaAI_Hitbox
Creating struct: $AISettings_Piranha
Creating struct: $Function_PiranhaHitBox_Main
Creating struct: $Function_Piranha_Main
Creating struct: $Function_Piranha_1
Creating struct: $Function_Piranha_2
Creating struct: $Function_Piranha_3
Creating struct: $Function_Piranha_4
Creating struct: $Function_Piranha_5
Creating struct: $Function_Piranha_6
Creating struct: $Function_Piranha_7
Creating struct: $NpcSettings_Pokey
Creating struct: $Script_PokeyAI
Creating struct: $Function_Pokey_1
Creating struct: $AISettings_Pokey
Creating struct: $NpcSettings_PyroGuy
Creating struct: $Script_PyroGuy
Creating struct: $AISettings_PyroGuy
Creating struct: $NpcSettings_RuffPuff
Creating struct: $Script_RuffPuffAI
Creating struct: $AISettings_RuffPuff
Creating struct: $ConstDouble_RuffPuff_1
Creating struct: $ConstDouble_RuffPuff_2
Creating struct: $ConstDouble_RuffPuff_3
Creating struct: $ConstDouble_RuffPuff_4
Creating struct: $JumpTable_RuffPuff
Creating struct: $FloatTable_RuffPuff
Creating struct: $Function_RuffPuff_Main
Creating struct: $Function_RuffPuff_1
Creating struct: $Function_RuffPuff_2
Creating struct: $Function_RuffPuff_3
Creating struct: $Function_RuffPuff_4
Creating struct: $Function_RuffPuff_5
Creating struct: $Function_RuffPuff_6
Creating struct: $Function_RuffPuff_7
Creating struct: $Function_RuffPuff_8
Creating struct: $Function_RuffPuff_9
Creating struct: $Function_RuffPuff_10
Creating struct: $NpcSettings_MediGuy
Creating struct: $Script_MediGuyAI
Creating struct: $AISettings_MediGuy
Creating struct: $ConstDouble_Medi_1
Creating struct: $ConstDouble_Medi_2
Creating struct: $ConstDouble_Medi_3
Creating struct: $FloatTable_Medi_1
Creating struct: $JumpTable_Medi
Creating struct: $Function_Medi_Main
Creating struct: $Function_Medi_1
Creating struct: $Function_Medi_2
Creating struct: $Function_Medi_3
Creating struct: $Function_Medi_4
Creating struct: $Function_Medi_5
Creating struct: $Function_Medi_6
Creating struct: $Function_Medi_7
Creating struct: $Function_Medi_8
Creating struct: $Function_Medi_9
Creating struct: $Function_Medi_10
Creating struct: $NpcSettings_Cleft
Creating struct: $Script_CleftAI
Creating struct: $AISettings_Cleft
Creating struct: $ConstDouble_Cleft_1
Creating struct: $ConstDouble_Cleft_2
Creating struct: $ConstDouble_Cleft_3
Creating struct: $ConstDouble_Cleft_4
Creating struct: $ConstDouble_Cleft_5
Creating struct: $JumpTable_Cleft
Creating struct: $Function_Cleft_Main
Creating struct: $Function_Cleft_1
Creating struct: $Function_Cleft_2
Creating struct: $Function_Cleft_3
Creating struct: $Function_Cleft_4
Creating struct: $Function_Cleft_5
Creating struct: $Function_Cleft_6
Creating struct: $Function_Cleft_7
Creating struct: $Function_Cleft_8
Creating struct: $Function_Cleft_9
Creating struct: $Function_Cleft_10
Creating struct: $Function_Cleft_11
Creating struct: $Function_Cleft_12
Creating struct: $Function_Cleft_13
Creating struct: $Function_Cleft_14
Creating struct: $Function_Cleft_15
Creating struct: $Script_MakeNpcs
Creating struct: $NpcGroupList_Mistar
Creating struct: $NpcGroup1_mze02
Creating struct: $NpcGroup1_mze03
Creating struct: $NpcGroup1_mze04
Creating struct: $NpcGroup1_mze05
Creating struct: $NpcGroup1_mze10
Creating struct: $NpcGroup1_mze11
Creating struct: $NpcGroup2_mze02
Creating struct: $NpcGroup2_mze03
Creating struct: $NpcGroup2_mze04
Creating struct: $NpcGroup2_mze05
Creating struct: $NpcGroup2_mze10
Creating struct: $NpcGroup2_mze11
Creating struct: $NpcGroup3_mze02
Creating struct: $NpcGroup3_mze03
Creating struct: $NpcGroup3_mze04
Creating struct: $NpcGroup3_mze05
Creating struct: $NpcGroup3_mze10
Creating struct: $NpcGroup3_mze11
Creating struct: $NpcGroup4_mze02
Creating struct: $NpcGroup4_mze03
Creating struct: $NpcGroup4_mze04
Creating struct: $NpcGroup4_mze05
Creating struct: $NpcGroup4_mze10
Creating struct: $NpcGroup4_mze11
Creating struct: $NpcGroup5_mze02
Creating struct: $NpcGroup5_mze03
Creating struct: $NpcGroup5_mze04
Creating struct: $NpcGroup5_mze05
Creating struct: $NpcGroup5_mze10
Creating struct: $NpcGroup5_mze11
Creating struct: $NpcGroup6_mze02
Creating struct: $NpcGroup6_mze03
Creating struct: $NpcGroup6_mze04
Creating struct: $NpcGroup6_mze05
Creating struct: $NpcGroup6_mze10
Creating struct: $NpcGroup6_mze11
Creating struct: $NpcGroup7_mze02
Creating struct: $NpcGroup7_mze03
Creating struct: $NpcGroup7_mze04
Creating struct: $NpcGroup7_mze05
Creating struct: $NpcGroup7_mze10
Creating struct: $NpcGroup7_mze11
Creating struct: $NpcGroup8_mze02
Creating struct: $NpcGroup8_mze03
Creating struct: $NpcGroup8_mze04
Creating struct: $NpcGroup8_mze05
Creating struct: $NpcGroup8_mze10
Creating struct: $NpcGroup8_mze11
Creating struct: $NpcGroup_Enemy1_Gloomba
Creating struct: $NpcGroup_Enemy2_Gloomba
Creating struct: $NpcGroup_Enemy1_Paragloomba
Creating struct: $NpcGroup_Enemy2_Paragloomba
Creating struct: $NpcGroup_Enemy1_SpikedGloomba
Creating struct: $NpcGroup_Enemy2_SpikedGloomba
Creating struct: $NpcGroup_Enemy1_Paratroopa
Creating struct: $NpcGroup_Enemy2_Paratroopa
Creating struct: $NpcGroup_Enemy1_Pokey
Creating struct: $NpcGroup_Enemy2_Pokey
Creating struct: $NpcGroup_Enemy1_PyroGuy
Creating struct: $NpcGroup_Enemy2_PyroGuy
Creating struct: $NpcGroup_Enemy1_SpikeTop
Creating struct: $NpcGroup_Enemy2_SpikeTop
Creating struct: $NpcGroup_Enemy1_LavaBubble
Creating struct: $NpcGroup_Enemy2_LavaBubble
Creating struct: $NpcGroup_Enemy2_Putrid
Creating struct: $NpcGroup_Enemy1_Bzzap
Creating struct: $NpcGroup_Enemy2_Bzzap
Creating struct: $NpcGroup_Enemy1_RuffPuff
Creating struct: $NpcGroup_Enemy2_RuffPuff
Creating struct: $NpcGroup_Enemy1_Dupplighost
Creating struct: $NpcGroup_Enemy2_Dupplighost
Creating struct: $NpcGroup_Enemy1_Ember
Creating struct: $NpcGroup_Enemy2_Ember
Creating struct: $NpcGroup_Enemy1_Bony
Creating struct: $NpcGroup_Enemy2_Bony
Creating struct: $NpcGroup_Enemy2_DryBones
Creating struct: $NpcGroup_Enemy3_DryBones
Creating struct: $NpcGroup_Enemy3_Blooper
Creating struct: $NpcGroup_Enemy2_Buzzar
Creating struct: $NpcGroup_Enemy3_Buzzar
Creating struct: $NpcGroup_Enemy3_Dino
Creating struct: $NpcGroup_Enemy4_Mistar
Creating struct: $NpcGroup_MistarKid
Creating struct: $NpcSettings_Mistar
Creating struct: $Script_Init_null
Creating struct: $Script_Init_Mistar
Creating struct: $Script_Init_Mistar_HitBox
Creating struct: $Mistar_Hit
Creating struct: $Mistar_Idle
Creating struct: $Header
Creating struct: $Function_Init
Creating struct: $EntryList
Creating struct: $Script_Main
Creating struct: $Script_MakeExits
Creating struct: $Script_Exit0
Creating struct: $Function_GetTattle
Merged 1 regions to 1
$Function_Piranha_3 will be placed at 80240000 (length = A40 bytes)
$NpcGroup_Enemy2_DryBones will be placed at 80240A40 (length = 7C0 bytes)
$NpcGroup_Enemy3_DryBones will be placed at 80241200 (length = 7C0 bytes)
$Script_MakeNpcs will be placed at 802419C0 (length = 6E0 bytes)
$Script_Cutscene_Mistar will be placed at 802420A0 (length = 644 bytes)
$Function_Paratroopa_SetPos1 will be placed at 802426E4 (length = 628 bytes)
$Function_Bzzap_3 will be placed at 80242D0C (length = 628 bytes)
$Function_RuffPuff_3 will be placed at 80243334 (length = 624 bytes)
$Function_Ember_3 will be placed at 80243958 (length = 624 bytes)
$Function_Medi_3 will be placed at 80243F7C (length = 624 bytes)
$Function_Paragoomba_3 will be placed at 802445A0 (length = 624 bytes)
$Script_SetEnemiesFlags will be placed at 80244BC4 (length = 60C bytes)
$Script_MakeEntities will be placed at 802451D0 (length = 5C4 bytes)
$Script_LockChests will be placed at 80245794 (length = 57C bytes)
$Function_DryBones_Projectile_Main will be placed at 80245D10 (length = 53C bytes)
$Function_DryBones_Projectile_2 will be placed at 8024624C (length = 460 bytes)
$Function_Koopa_Main will be placed at 802466AC (length = 440 bytes)
$NpcGroup_Enemy2_Putrid will be placed at 80246AEC (length = 3E0 bytes)
$NpcGroup_Enemy4_Mistar will be placed at 80246ECC (length = 3E0 bytes)
$Function_Medi_10 will be placed at 802472AC (length = 390 bytes)
$Function_Bzzap_10 will be placed at 8024763C (length = 390 bytes)
$Function_Paragoomba_10 will be placed at 802479CC (length = 390 bytes)
$Function_Cleft_Main will be placed at 80247D5C (length = 350 bytes)
$Function_Paratroopa_SetPos2 will be placed at 802480AC (length = 344 bytes)
$Function_Bzzap_5 will be placed at 802483F0 (length = 344 bytes)
$Function_Ember_5 will be placed at 80248734 (length = 344 bytes)
$Function_RuffPuff_5 will be placed at 80248A78 (length = 344 bytes)
$Function_Medi_5 will be placed at 80248DBC (length = 344 bytes)
$Function_Paragoomba_5 will be placed at 80249100 (length = 344 bytes)
$Function_DryBones_Main will be placed at 80249444 (length = 320 bytes)
$Script_SaveEnemyFlag will be placed at 80249764 (length = 298 bytes)
$Function_Ember_9 will be placed at 802499FC (length = 280 bytes)
$Function_RuffPuff_9 will be placed at 80249C7C (length = 280 bytes)
$Script_KillMario will be placed at 80249EFC (length = 264 bytes)
$Function_PiranhaHitBox_Main will be placed at 8024A160 (length = 260 bytes)
$Function_Paratroopa_Main will be placed at 8024A3C0 (length = 250 bytes)
$Function_Piranha_Main will be placed at 8024A610 (length = 250 bytes)
$Script_Mistar_Outcome will be placed at 8024A860 (length = 250 bytes)
$NpcGroup_Enemy1_SpikeTop will be placed at 8024AAB0 (length = 1F0 bytes)
$NpcGroup_Enemy3_Buzzar will be placed at 8024ACA0 (length = 1F0 bytes)
$NpcGroup_Enemy2_Paratroopa will be placed at 8024AE90 (length = 1F0 bytes)
$Function_DryBones_3 will be placed at 8024B080 (length = 1F0 bytes)
$NpcGroup_Enemy1_Bony will be placed at 8024B270 (length = 1F0 bytes)
$NpcGroup_Enemy3_Blooper will be placed at 8024B460 (length = 1F0 bytes)
$NpcGroup_Enemy1_Paratroopa will be placed at 8024B650 (length = 1F0 bytes)
$NpcGroup_Enemy3_Dino will be placed at 8024B840 (length = 1F0 bytes)
$NpcGroup_Enemy1_Bzzap will be placed at 8024BA30 (length = 1F0 bytes)
$NpcGroup_Enemy2_Dupplighost will be placed at 8024BC20 (length = 1F0 bytes)
$NpcGroup_Enemy1_Dupplighost will be placed at 8024BE10 (length = 1F0 bytes)
$NpcGroup_Enemy1_LavaBubble will be placed at 8024C000 (length = 1F0 bytes)
$NpcGroup_Enemy2_Bzzap will be placed at 8024C1F0 (length = 1F0 bytes)
$NpcGroup_Enemy1_RuffPuff will be placed at 8024C3E0 (length = 1F0 bytes)
$NpcGroup_Enemy1_Ember will be placed at 8024C5D0 (length = 1F0 bytes)
$NpcGroup_Enemy2_Bony will be placed at 8024C7C0 (length = 1F0 bytes)
$NpcGroup_Enemy2_Ember will be placed at 8024C9B0 (length = 1F0 bytes)
$NpcGroup_Enemy1_Gloomba will be placed at 8024CBA0 (length = 1F0 bytes)
$NpcGroup_Enemy1_Paragloomba will be placed at 8024CD90 (length = 1F0 bytes)
$NpcGroup_Enemy1_PyroGuy will be placed at 8024CF80 (length = 1F0 bytes)
$NpcGroup_Enemy2_Buzzar will be placed at 8024D170 (length = 1F0 bytes)
$NpcGroup_Enemy2_Gloomba will be placed at 8024D360 (length = 1F0 bytes)
$NpcGroup_Enemy2_Pokey will be placed at 8024D550 (length = 1F0 bytes)
$NpcGroup_Enemy2_LavaBubble will be placed at 8024D740 (length = 1F0 bytes)
$NpcGroup_Enemy2_SpikeTop will be placed at 8024D930 (length = 1F0 bytes)
$NpcGroup_Enemy2_SpikedGloomba will be placed at 8024DB20 (length = 1F0 bytes)
$NpcGroup_Enemy2_RuffPuff will be placed at 8024DD10 (length = 1F0 bytes)
$NpcGroup_Enemy1_Pokey will be placed at 8024DF00 (length = 1F0 bytes)
$NpcGroup_Enemy2_Paragloomba will be placed at 8024E0F0 (length = 1F0 bytes)
$NpcGroup_Enemy1_SpikedGloomba will be placed at 8024E2E0 (length = 1F0 bytes)
$NpcGroup_Enemy2_PyroGuy will be placed at 8024E4D0 (length = 1F0 bytes)
$NpcGroup_MistarKid will be placed at 8024E6C0 (length = 1F0 bytes)
$Function_Medi_Main will be placed at 8024E8B0 (length = 1EC bytes)
$Function_Bzzap_Main will be placed at 8024EA9C (length = 1EC bytes)
$SkipCutscene_Mistar will be placed at 8024EC88 (length = 1EC bytes)
$Function_Paragoomba_Main will be placed at 8024EE74 (length = 1EC bytes)
$Function_RuffPuff_Main will be placed at 8024F060 (length = 1E8 bytes)
$Function_Ember_Main will be placed at 8024F248 (length = 1E8 bytes)
$Script_DryBones_Projectile_Main will be placed at 8024F430 (length = 1C8 bytes)
$Function_Bzzap_2 will be placed at 8024F5F8 (length = 1B0 bytes)
$Function_Paratroopa_8 will be placed at 8024F7A8 (length = 1B0 bytes)
$Function_RuffPuff_2 will be placed at 8024F958 (length = 1B0 bytes)
$Function_Ember_2 will be placed at 8024FB08 (length = 1B0 bytes)
$Function_Medi_2 will be placed at 8024FCB8 (length = 1B0 bytes)
$Function_Paragoomba_2 will be placed at 8024FE68 (length = 1B0 bytes)
$Function_Cleft_9 will be placed at 80250018 (length = 1A0 bytes)
$Script_UseChest_BossRoom will be placed at 802501B8 (length = 19C bytes)
$Script_Cheev_Dungeon_03 will be placed at 80250354 (length = 190 bytes)
$JumpTable_DryBones will be placed at 802504E4 (length = 190 bytes)
$Script_UseChest will be placed at 80250674 (length = 190 bytes)
$Function_Cleft_7 will be placed at 80250804 (length = 174 bytes)
$Function_Koopa_3 will be placed at 80250978 (length = 164 bytes)
$Function_Cleft_1 will be placed at 80250ADC (length = 160 bytes)
$Function_Cleft_10 will be placed at 80250C3C (length = 150 bytes)
$String_Mistar_8_1 will be placed at 80250D8C (length = 148 bytes)
$Function_DryBones_1 will be placed at 80250ED4 (length = 144 bytes)
$MapTattle will be placed at 80251018 (length = 140 bytes)
$Function_Cleft_12 will be placed at 80251158 (length = 138 bytes)
$Function_Koopa_2 will be placed at 80251290 (length = 134 bytes)
$Function_Bzzap_8 will be placed at 802513C4 (length = 134 bytes)
$Function_Medi_8 will be placed at 802514F8 (length = 134 bytes)
$Function_Paragoomba_8 will be placed at 8025162C (length = 134 bytes)
$Function_Ember_8 will be placed at 80251760 (length = 130 bytes)
$Function_RuffPuff_8 will be placed at 80251890 (length = 130 bytes)
$Function_Cleft_3 will be placed at 802519C0 (length = 130 bytes)
$Function_Paratroopa_4 will be placed at 80251AF0 (length = 128 bytes)
$Function_Bzzap_1 will be placed at 80251C18 (length = 124 bytes)
$Function_Paratroopa_9 will be placed at 80251D3C (length = 124 bytes)
$Function_RuffPuff_1 will be placed at 80251E60 (length = 124 bytes)
$Function_Ember_1 will be placed at 80251F84 (length = 124 bytes)
$Function_Medi_1 will be placed at 802520A8 (length = 124 bytes)
$Function_Paragoomba_1 will be placed at 802521CC (length = 124 bytes)
$Script_Main will be placed at 802522F0 (length = 120 bytes)
$Function_Paratroopa_2 will be placed at 80252410 (length = 118 bytes)
$String_Mistar_8_2 will be placed at 80252528 (length = 118 bytes)
$Function_DryBones_2 will be placed at 80252640 (length = 104 bytes)
$Function_Piranha_5 will be placed at 80252744 (length = 100 bytes)
$Function_Piranha_2 will be placed at 80252844 (length = FC bytes)
$Function_Piranha_7 will be placed at 80252940 (length = EC bytes)
$Script_PiranhaAI will be placed at 80252A2C (length = D4 bytes)
$JumpTable_Cleft will be placed at 80252B00 (length = D4 bytes)
$Script_TrackOutcome will be placed at 80252BD4 (length = D0 bytes)
$Script_ProjectileOutcome will be placed at 80252CA4 (length = D0 bytes)
$Function_Bzzap_4 will be placed at 80252D74 (length = C0 bytes)
$Function_Paratroopa_7 will be placed at 80252E34 (length = C0 bytes)
$Function_Ember_4 will be placed at 80252EF4 (length = C0 bytes)
$Function_RuffPuff_4 will be placed at 80252FB4 (length = C0 bytes)
$Function_Medi_4 will be placed at 80253074 (length = C0 bytes)
$Function_Paragoomba_4 will be placed at 80253134 (length = C0 bytes)
$Function_Paratroopa_1 will be placed at 802531F4 (length = BC bytes)
$Function_Cleft_11 will be placed at 802532B0 (length = AC bytes)
$Function_DryBones_5 will be placed at 8025335C (length = A8 bytes)
$Function_Cleft_6 will be placed at 80253404 (length = A8 bytes)
$Function_Cleft_4 will be placed at 802534AC (length = 9C bytes)
$Function_Piranha_4 will be placed at 80253548 (length = 90 bytes)
$String_Mistar_7 will be placed at 802535D8 (length = 90 bytes)
$String_Mistar_6 will be placed at 80253668 (length = 88 bytes)
$Function_Cleft_5 will be placed at 802536F0 (length = 88 bytes)
$Mistar_Hit will be placed at 80253778 (length = 80 bytes)
$Function_Koopa_4 will be placed at 802537F8 (length = 80 bytes)
$Mistar_Idle will be placed at 80253878 (length = 80 bytes)
$Script_PiranhaAI_Hitbox will be placed at 802538F8 (length = 80 bytes)
$Function_Cleft_13 will be placed at 80253978 (length = 7C bytes)
$Function_Koopa_1 will be placed at 802539F4 (length = 7C bytes)
$Function_Bzzap_6 will be placed at 80253A70 (length = 78 bytes)
$Function_Paratroopa_5 will be placed at 80253AE8 (length = 78 bytes)
$Function_Ember_6 will be placed at 80253B60 (length = 78 bytes)
$Function_RuffPuff_6 will be placed at 80253BD8 (length = 78 bytes)
$Function_Medi_6 will be placed at 80253C50 (length = 78 bytes)
$Function_Paragoomba_6 will be placed at 80253CC8 (length = 78 bytes)
$Function_Cleft_2 will be placed at 80253D40 (length = 74 bytes)
$Script_RuffPuffAI will be placed at 80253DB4 (length = 70 bytes)
$Script_AI_Paratroopa will be placed at 80253E24 (length = 70 bytes)
$Script_ParagoombaAI will be placed at 80253E94 (length = 70 bytes)
$Script_EmberAI will be placed at 80253F04 (length = 70 bytes)
$Script_MediGuyAI will be placed at 80253F74 (length = 70 bytes)
$Script_BzzapAI will be placed at 80253FE4 (length = 70 bytes)
$Script_ProjectileAI will be placed at 80254054 (length = 70 bytes)
$Script_DryBonesAI will be placed at 802540C4 (length = 70 bytes)
$Script_KoopaAI will be placed at 80254134 (length = 70 bytes)
$Function_Bzzap_7 will be placed at 802541A4 (length = 6C bytes)
$Function_Paratroopa_6 will be placed at 80254210 (length = 6C bytes)
$Function_Piranha_1 will be placed at 8025427C (length = 6C bytes)
$Function_Ember_7 will be placed at 802542E8 (length = 6C bytes)
$Function_RuffPuff_7 will be placed at 80254354 (length = 6C bytes)
$Function_Medi_7 will be placed at 802543C0 (length = 6C bytes)
$Function_Paragoomba_7 will be placed at 8025442C (length = 6C bytes)
$Function_Cleft_14 will be placed at 80254498 (length = 68 bytes)
$Function_Bzzap_9 will be placed at 80254500 (length = 64 bytes)
$String_Mistar_5 will be placed at 80254564 (length = 64 bytes)
$Function_Medi_9 will be placed at 802545C8 (length = 64 bytes)
$Function_Paragoomba_9 will be placed at 8025462C (length = 64 bytes)
$Function_Piranha_6 will be placed at 80254690 (length = 60 bytes)
$Script_Exit0 will be placed at 802546F0 (length = 60 bytes)
$Function_RuffPuff_10 will be placed at 80254750 (length = 5C bytes)
$Function_Ember_10 will be placed at 802547AC (length = 5C bytes)
$GetEntityPointer will be placed at 80254808 (length = 5C bytes)
$JumpTable_Koopa will be placed at 80254864 (length = 54 bytes)
$String_Mistar_9 will be placed at 802548B8 (length = 54 bytes)
$JumpTable_Ember will be placed at 8025490C (length = 54 bytes)
$JumpTable_RuffPuff will be placed at 80254960 (length = 54 bytes)
$String_Mistar_3 will be placed at 802549B4 (length = 50 bytes)
$Function_Cleft_8 will be placed at 80254A04 (length = 50 bytes)
$Script_Init_Mistar will be placed at 80254A54 (length = 4C bytes)
$Function_DryBones_6 will be placed at 80254AA0 (length = 48 bytes)
$Function_DryBones_4 will be placed at 80254AE8 (length = 48 bytes)
$String_Mistar_10 will be placed at 80254B30 (length = 48 bytes)
$String_Mistar_4 will be placed at 80254B78 (length = 48 bytes)
$Function_Cleft_15 will be placed at 80254BC0 (length = 44 bytes)
$Function_Paratroopa_3 will be placed at 80254C04 (length = 44 bytes)
$JumpTable_Paratroopa will be placed at 80254C48 (length = 40 bytes)
$Header will be placed at 80254C88 (length = 40 bytes)
$Function_SetupFog will be placed at 80254CC8 (length = 40 bytes)
$Function_Init will be placed at 80254D08 (length = 3C bytes)
$JumpTable_Medi will be placed at 80254D44 (length = 3C bytes)
$JumpTable_Paragoomba will be placed at 80254D80 (length = 3C bytes)
$JumpTable_Bzzap will be placed at 80254DBC (length = 3C bytes)
$Script_Init_Mistar_HitBox will be placed at 80254DF8 (length = 38 bytes)
$Function_DryBones_Projectile_1 will be placed at 80254E30 (length = 38 bytes)
$AISettings_Pokey will be placed at 80254E68 (length = 30 bytes)
$AISettings_MediGuy will be placed at 80254E98 (length = 30 bytes)
$NpcGroup8_mze10 will be placed at 80254EC8 (length = 30 bytes)
$NpcGroup8_mze11 will be placed at 80254EF8 (length = 30 bytes)
$AISettings_Bzzap will be placed at 80254F28 (length = 30 bytes)
$AISettings_Koopa will be placed at 80254F58 (length = 30 bytes)
$AISettings_Paratroopa will be placed at 80254F88 (length = 30 bytes)
$AISettings_Cleft will be placed at 80254FB8 (length = 30 bytes)
$AISettings_RuffPuff will be placed at 80254FE8 (length = 30 bytes)
$AISettings_Ember will be placed at 80255018 (length = 30 bytes)
$AISettings_Paragoomba will be placed at 80255048 (length = 30 bytes)
$AISettings_Projectile will be placed at 80255078 (length = 30 bytes)
$NpcGroup6_mze10 will be placed at 802550A8 (length = 30 bytes)
$NpcGroup6_mze11 will be placed at 802550D8 (length = 30 bytes)
$NpcGroup7_mze10 will be placed at 80255108 (length = 30 bytes)
$NpcGroup7_mze11 will be placed at 80255138 (length = 30 bytes)
$AISettings_DryBones will be placed at 80255168 (length = 30 bytes)
$NpcGroup1_mze10 will be placed at 80255198 (length = 30 bytes)
$NpcGroup1_mze11 will be placed at 802551C8 (length = 30 bytes)
$NpcGroup5_mze11 will be placed at 802551F8 (length = 30 bytes)
$NpcGroup5_mze10 will be placed at 80255228 (length = 30 bytes)
$NpcGroup2_mze11 will be placed at 80255258 (length = 30 bytes)
$NpcGroup2_mze10 will be placed at 80255288 (length = 30 bytes)
$AISettings_Piranha will be placed at 802552B8 (length = 30 bytes)
$AISettings_PyroGuy will be placed at 802552E8 (length = 30 bytes)
$AISettings_Dupplighost will be placed at 80255318 (length = 30 bytes)
$NpcGroup3_mze11 will be placed at 80255348 (length = 30 bytes)
$NpcGroup3_mze10 will be placed at 80255378 (length = 30 bytes)
$NpcGroup4_mze11 will be placed at 802553A8 (length = 30 bytes)
$NpcGroup4_mze10 will be placed at 802553D8 (length = 30 bytes)
$AISettings_Basic will be placed at 80255408 (length = 30 bytes)
$NpcSettings_Cleft will be placed at 80255438 (length = 2C bytes)
$Script_Init_null will be placed at 80255464 (length = 2C bytes)
$NpcSettings_Bzzap will be placed at 80255490 (length = 2C bytes)
$NpcSettings_PiranhaHitbox will be placed at 802554BC (length = 2C bytes)
$NpcSettings_RuffPuff will be placed at 802554E8 (length = 2C bytes)
$Func_FormatNpcID will be placed at 80255514 (length = 2C bytes)
$NpcSettings_Ember will be placed at 80255540 (length = 2C bytes)
$Function_RevivePlayer will be placed at 8025556C (length = 2C bytes)
$NpcSettings_PiranhaPlant will be placed at 80255598 (length = 2C bytes)
$NpcSettings_DryBones will be placed at 802555C4 (length = 2C bytes)
$NpcSettings_Paratroopa will be placed at 802555F0 (length = 2C bytes)
$NpcSettings_Mistar will be placed at 8025561C (length = 2C bytes)
$NpcSettings_Koopa will be placed at 80255648 (length = 2C bytes)
$NpcSettings_Projectile will be placed at 80255674 (length = 2C bytes)
$Script_PokeyAI will be placed at 802556A0 (length = 2C bytes)
$NpcSettings_Pokey will be placed at 802556CC (length = 2C bytes)
$Script_MakeExits will be placed at 802556F8 (length = 2C bytes)
$NpcSettings_MediGuy will be placed at 80255724 (length = 2C bytes)
$NpcSettings_Paragoomba will be placed at 80255750 (length = 2C bytes)
$Data_TrapPointers will be placed at 8025577C (length = 28 bytes)
$String_Mistar_1 will be placed at 802557A4 (length = 28 bytes)
$NpcGroup4_mze02 will be placed at 802557CC (length = 24 bytes)
$NpcGroup4_mze04 will be placed at 802557F0 (length = 24 bytes)
$NpcGroup4_mze03 will be placed at 80255814 (length = 24 bytes)
$NpcGroup4_mze05 will be placed at 80255838 (length = 24 bytes)
$Script_Init_EnemyNPC will be placed at 8025585C (length = 24 bytes)
$NpcSettings_Dupplighost will be placed at 80255880 (length = 24 bytes)
$NpcSettings_BasicAI will be placed at 802558A4 (length = 24 bytes)
$NpcSettings_PyroGuy will be placed at 802558C8 (length = 24 bytes)
$NpcGroupList_Mistar will be placed at 802558EC (length = 24 bytes)
$Script_CleftAI will be placed at 80255910 (length = 24 bytes)
$NpcGroup1_mze04 will be placed at 80255934 (length = 24 bytes)
$NpcGroup1_mze05 will be placed at 80255958 (length = 24 bytes)
$NpcGroup1_mze02 will be placed at 8025597C (length = 24 bytes)
$NpcGroup1_mze03 will be placed at 802559A0 (length = 24 bytes)
$NpcGroup7_mze02 will be placed at 802559C4 (length = 24 bytes)
$NpcGroup7_mze03 will be placed at 802559E8 (length = 24 bytes)
$NpcGroup7_mze04 will be placed at 80255A0C (length = 24 bytes)
$NpcGroup7_mze05 will be placed at 80255A30 (length = 24 bytes)
$NpcGroup2_mze04 will be placed at 80255A54 (length = 24 bytes)
$NpcGroup8_mze03 will be placed at 80255A78 (length = 24 bytes)
$NpcGroup2_mze03 will be placed at 80255A9C (length = 24 bytes)
$NpcGroup8_mze04 will be placed at 80255AC0 (length = 24 bytes)
$NpcGroup2_mze05 will be placed at 80255AE4 (length = 24 bytes)
$NpcGroup8_mze02 will be placed at 80255B08 (length = 24 bytes)
$NpcGroup2_mze02 will be placed at 80255B2C (length = 24 bytes)
$NpcGroup8_mze05 will be placed at 80255B50 (length = 24 bytes)
$NpcGroup3_mze05 will be placed at 80255B74 (length = 24 bytes)
$NpcGroup3_mze04 will be placed at 80255B98 (length = 24 bytes)
$NpcGroup3_mze03 will be placed at 80255BBC (length = 24 bytes)
$NpcGroup3_mze02 will be placed at 80255BE0 (length = 24 bytes)
$NpcGroup6_mze05 will be placed at 80255C04 (length = 24 bytes)
$NpcGroup6_mze03 will be placed at 80255C28 (length = 24 bytes)
$NpcGroup6_mze04 will be placed at 80255C4C (length = 24 bytes)
$NpcGroup6_mze02 will be placed at 80255C70 (length = 24 bytes)
$NpcGroup5_mze03 will be placed at 80255C94 (length = 24 bytes)
$NpcGroup5_mze02 will be placed at 80255CB8 (length = 24 bytes)
$NpcGroup5_mze05 will be placed at 80255CDC (length = 24 bytes)
$NpcGroup5_mze04 will be placed at 80255D00 (length = 24 bytes)
$Script_PyroGuy will be placed at 80255D24 (length = 20 bytes)
$Script_BasicNPCAI will be placed at 80255D44 (length = 20 bytes)
$Script_DupplighostAI will be placed at 80255D64 (length = 20 bytes)
$FloatTable_RuffPuff will be placed at 80255D84 (length = 18 bytes)
$FloatTable_Bzzap_1 will be placed at 80255D9C (length = 18 bytes)
$FloatTable_Medi_1 will be placed at 80255DB4 (length = 18 bytes)
$FloatTable_Paratroopa will be placed at 80255DCC (length = 18 bytes)
$FloatTable_Paragoomba will be placed at 80255DE4 (length = 18 bytes)
$FloatTable_Ember will be placed at 80255DFC (length = 18 bytes)
$String_Var_Bonetail will be placed at 80255E14 (length = 14 bytes)
$String_Var_King will be placed at 80255E28 (length = 14 bytes)
$Function_Pokey_1 will be placed at 80255E3C (length = 14 bytes)
$String_Mistar_2 will be placed at 80255E50 (length = 14 bytes)
$Script_null will be placed at 80255E64 (length = 10 bytes)
$Script_Init_Basic will be placed at 80255E74 (length = 10 bytes)
$EntryList will be placed at 80255E84 (length = 10 bytes)
$ASCII_"mze_00"_Literal will be placed at 80255E94 (length = C bytes)
$ASCII_"mze_12"_Literal will be placed at 80255EA0 (length = C bytes)
$ASCII_"mze_09"_Literal will be placed at 80255EAC (length = C bytes)
$Function_GetTattle will be placed at 80255EB8 (length = C bytes)
$ConstDouble_Paratroopa_3 will be placed at 80255EC8 (length = 8 bytes)
$ConstDouble_Paratroopa_1 will be placed at 80255ED0 (length = 8 bytes)
$ConstDouble_Paratroopa_2 will be placed at 80255ED8 (length = 8 bytes)
$ConstDouble_RuffPuff_4 will be placed at 80255EE0 (length = 8 bytes)
$ConstDouble_RuffPuff_3 will be placed at 80255EE8 (length = 8 bytes)
$ConstDouble_RuffPuff_2 will be placed at 80255EF0 (length = 8 bytes)
$ConstDouble_RuffPuff_1 will be placed at 80255EF8 (length = 8 bytes)
$ConstDouble_Paragoomba_1 will be placed at 80255F00 (length = 8 bytes)
$ConstDouble_Paragoomba_2 will be placed at 80255F08 (length = 8 bytes)
$ConstDouble_Medi_2 will be placed at 80255F10 (length = 8 bytes)
$ConstDouble_Medi_1 will be placed at 80255F18 (length = 8 bytes)
$ConstDouble_Paragoomba_3 will be placed at 80255F20 (length = 8 bytes)
$ConstDouble_Medi_3 will be placed at 80255F28 (length = 8 bytes)
$ConstDouble_Piranha_6 will be placed at 80255F30 (length = 8 bytes)
$ConstDouble_Piranha_5 will be placed at 80255F38 (length = 8 bytes)
$ConstDouble_Piranha_4 will be placed at 80255F40 (length = 8 bytes)
$ConstDouble_Piranha_3 will be placed at 80255F48 (length = 8 bytes)
$ConstDouble_Piranha_2 will be placed at 80255F50 (length = 8 bytes)
$ConstDouble_Piranha_1 will be placed at 80255F58 (length = 8 bytes)
$ConstDouble_DryBones_5 will be placed at 80255F60 (length = 8 bytes)
$ConstDouble_DryBones_4 will be placed at 80255F68 (length = 8 bytes)
$ConstDouble_Bzzap_1 will be placed at 80255F70 (length = 8 bytes)
$ConstDouble_DryBones_3 will be placed at 80255F78 (length = 8 bytes)
$ConstDouble_Cleft_4 will be placed at 80255F80 (length = 8 bytes)
$ConstDouble_Bzzap_2 will be placed at 80255F88 (length = 8 bytes)
$ConstDouble_DryBones_2 will be placed at 80255F90 (length = 8 bytes)
$ConstDouble_Cleft_5 will be placed at 80255F98 (length = 8 bytes)
$ConstDouble_Bzzap_3 will be placed at 80255FA0 (length = 8 bytes)
$ConstDouble_DryBones_1 will be placed at 80255FA8 (length = 8 bytes)
$ConstDouble_Cleft_1 will be placed at 80255FB0 (length = 8 bytes)
$ASCII_"tik_tex"_Literal will be placed at 80255FB8 (length = 8 bytes)
$ConstDouble_Cleft_2 will be placed at 80255FC0 (length = 8 bytes)
$ConstDouble_Cleft_3 will be placed at 80255FC8 (length = 8 bytes)
$ConstDouble_Ember_4 will be placed at 80255FD0 (length = 8 bytes)
$ConstDouble_Ember_3 will be placed at 80255FD8 (length = 8 bytes)
$ConstDouble_Ember_2 will be placed at 80255FE0 (length = 8 bytes)
$ConstDouble_Ember_1 will be placed at 80255FE8 (length = 8 bytes)
$ConstDouble_Koopa_1 will be placed at 80255FF0 (length = 8 bytes)
Executing patch: mze_11.mpat
Creating struct: $Script_MakeEntities
Creating struct: $Script_UseChest
Creating struct: $Script_UseChest_BossRoom
Creating struct: $Script_Cheev_Dungeon_03
Creating struct: $Data_TrapPointers
Creating struct: $Script_SetEnemiesFlags
Creating struct: $Script_SaveEnemyFlag
Creating struct: $Script_Init_EnemyNPC
Creating struct: $Script_TrackOutcome
Creating struct: $Script_Mistar_Outcome
Creating struct: $Script_Cutscene_Mistar
Creating struct: $SkipCutscene_Mistar
Creating struct: $Script_LockChests
Creating struct: $GetEntityPointer
Creating struct: $Function_RevivePlayer
Creating struct: $Function_SetupFog
Creating struct: $Script_KillMario
Creating struct: $NpcSettings_BasicAI
Creating struct: $Script_Init_Basic
Creating struct: $Script_BasicNPCAI
Creating struct: $AISettings_Basic
Creating struct: $NpcSettings_Bzzap
Creating struct: $Script_BzzapAI
Creating struct: $AISettings_Bzzap
Creating struct: $ConstDouble_Bzzap_1
Creating struct: $ConstDouble_Bzzap_2
Creating struct: $ConstDouble_Bzzap_3
Creating struct: $FloatTable_Bzzap_1
Creating struct: $JumpTable_Bzzap
Creating struct: $Function_Bzzap_Main
Creating struct: $Function_Bzzap_1
Creating struct: $Function_Bzzap_2
Creating struct: $Function_Bzzap_3
Creating struct: $Function_Bzzap_4
Creating struct: $Function_Bzzap_5
Creating struct: $Function_Bzzap_6
Creating struct: $Function_Bzzap_7
Creating struct: $Function_Bzzap_8
Creating struct: $Function_Bzzap_9
Creating struct: $Function_Bzzap_10
Creating struct: $NpcSettings_DryBones
Creating struct: $NpcSettings_Projectile
Creating struct: $Script_ProjectileOutcome
Creating struct: $Script_DryBonesAI
Creating struct: $Script_ProjectileAI
Creating struct: $AISettings_DryBones
Creating struct: $AISettings_Projectile
Creating struct: $Script_DryBones_Projectile_Main
Creating struct: $Script_null
Creating struct: $Function_DryBones_Projectile_1
Creating struct: $Function_DryBones_Projectile_2
Creating struct: $Func_FormatNpcID
Creating struct: $Function_DryBones_Projectile_Main
Creating struct: $ConstDouble_DryBones_1
Creating struct: $ConstDouble_DryBones_2
Creating struct: $ConstDouble_DryBones_3
Creating struct: $ConstDouble_DryBones_4
Creating struct: $ConstDouble_DryBones_5
Creating struct: $JumpTable_DryBones
Creating struct: $Function_DryBones_Main
Creating struct: $Function_DryBones_1
Creating struct: $Function_DryBones_2
Creating struct: $Function_DryBones_3
Creating struct: $Function_DryBones_4
Creating struct: $Function_DryBones_5
Creating struct: $Function_DryBones_6
Creating struct: $NpcSettings_Dupplighost
Creating struct: $Script_DupplighostAI
Creating struct: $AISettings_Dupplighost
Creating struct: $NpcSettings_Ember
Creating struct: $Script_EmberAI
Creating struct: $AISettings_Ember
Creating struct: $ConstDouble_Ember_1
Creating struct: $ConstDouble_Ember_2
Creating struct: $ConstDouble_Ember_3
Creating struct: $ConstDouble_Ember_4
Creating struct: $JumpTable_Ember
Creating struct: $FloatTable_Ember
Creating struct: $Function_Ember_Main
Creating struct: $Function_Ember_1
Creating struct: $Function_Ember_2
Creating struct: $Function_Ember_3
Creating struct: $Function_Ember_4
Creating struct: $Function_Ember_5
Creating struct: $Function_Ember_6
Creating struct: $Function_Ember_7
Creating struct: $Function_Ember_8
Creating struct: $Function_Ember_9
Creating struct: $Function_Ember_10
Creating struct: $NpcSettings_Koopa
Creating struct: $Script_KoopaAI
Creating struct: $AISettings_Koopa
Creating struct: $ConstDouble_Koopa_1
Creating struct: $JumpTable_Koopa
Creating struct: $Function_Koopa_Main
Creating struct: $Function_Koopa_1
Creating struct: $Function_Koopa_2
Creating struct: $Function_Koopa_3
Creating struct: $Function_Koopa_4
Creating struct: $NpcSettings_Paragoomba
Creating struct: $Script_ParagoombaAI
Creating struct: $AISettings_Paragoomba
Creating struct: $ConstDouble_Paragoomba_1
Creating struct: $ConstDouble_Paragoomba_2
Creating struct: $ConstDouble_Paragoomba_3
Creating struct: $FloatTable_Paragoomba
Creating struct: $JumpTable_Paragoomba
Creating struct: $Function_Paragoomba_Main
Creating struct: $Function_Paragoomba_1
Creating struct: $Function_Paragoomba_2
Creating struct: $Function_Paragoomba_3
Creating struct: $Function_Paragoomba_4
Creating struct: $Function_Paragoomba_5
Creating struct: $Function_Paragoomba_6
Creating struct: $Function_Paragoomba_7
Creating struct: $Function_Paragoomba_8
Creating struct: $Function_Paragoomba_9
Creating struct: $Function_Paragoomba_10
Creating struct: $NpcSettings_Paratroopa
Creating struct: $Script_AI_Paratroopa
Creating struct: $AISettings_Paratroopa
Creating struct: $JumpTable_Paratroopa
Creating struct: $ConstDouble_Paratroopa_1
Creating struct: $ConstDouble_Paratroopa_2
Creating struct: $ConstDouble_Paratroopa_3
Creating struct: $FloatTable_Paratroopa
Creating struct: $Function_Paratroopa_Main
Creating struct: $Function_Paratroopa_1
Creating struct: $Function_Paratroopa_2
Creating struct: $Function_Paratroopa_3
Creating struct: $Function_Paratroopa_4
Creating struct: $Function_Paratroopa_SetPos2
Creating struct: $Function_Paratroopa_5
Creating struct: $Function_Paratroopa_6
Creating struct: $Function_Paratroopa_7
Creating struct: $Function_Paratroopa_SetPos1
Creating struct: $Function_Paratroopa_8
Creating struct: $Function_Paratroopa_9
Creating struct: $ConstDouble_Piranha_1
Creating struct: $ConstDouble_Piranha_2
Creating struct: $ConstDouble_Piranha_3
Creating struct: $ConstDouble_Piranha_4
Creating struct: $ConstDouble_Piranha_5
Creating struct: $ConstDouble_Piranha_6
Creating struct: $NpcSettings_PiranhaPlant
Creating struct: $NpcSettings_PiranhaHitbox
Creating struct: $Script_PiranhaAI
Creating struct: $Script_PiranhaAI_Hitbox
Creating struct: $AISettings_Piranha
Creating struct: $Function_PiranhaHitBox_Main
Creating struct: $Function_Piranha_Main
Creating struct: $Function_Piranha_1
Creating struct: $Function_Piranha_2
Creating struct: $Function_Piranha_3
Creating struct: $Function_Piranha_4
Creating struct: $Function_Piranha_5
Creating struct: $Function_Piranha_6
Creating struct: $Function_Piranha_7
Creating struct: $NpcSettings_Pokey
Creating struct: $Script_PokeyAI
Creating struct: $Function_Pokey_1
Creating struct: $AISettings_Pokey
Creating struct: $NpcSettings_PyroGuy
Creating struct: $Script_PyroGuy
Creating struct: $AISettings_PyroGuy
Creating struct: $NpcSettings_RuffPuff
Creating struct: $Script_RuffPuffAI
Creating struct: $AISettings_RuffPuff
Creating struct: $ConstDouble_RuffPuff_1
Creating struct: $ConstDouble_RuffPuff_2
Creating struct: $ConstDouble_RuffPuff_3
Creating struct: $ConstDouble_RuffPuff_4
Creating struct: $JumpTable_RuffPuff
Creating struct: $FloatTable_RuffPuff
Creating struct: $Function_RuffPuff_Main
Creating struct: $Function_RuffPuff_1
Creating struct: $Function_RuffPuff_2
Creating struct: $Function_RuffPuff_3
Creating struct: $Function_RuffPuff_4
Creating struct: $Function_RuffPuff_5
Creating struct: $Function_RuffPuff_6
Creating struct: $Function_RuffPuff_7
Creating struct: $Function_RuffPuff_8
Creating struct: $Function_RuffPuff_9
Creating struct: $Function_RuffPuff_10
Creating struct: $NpcSettings_MediGuy
Creating struct: $Script_MediGuyAI
Creating struct: $AISettings_MediGuy
Creating struct: $ConstDouble_Medi_1
Creating struct: $ConstDouble_Medi_2
Creating struct: $ConstDouble_Medi_3
Creating struct: $FloatTable_Medi_1
Creating struct: $JumpTable_Medi
Creating struct: $Function_Medi_Main
Creating struct: $Function_Medi_1
Creating struct: $Function_Medi_2
Creating struct: $Function_Medi_3
Creating struct: $Function_Medi_4
Creating struct: $Function_Medi_5
Creating struct: $Function_Medi_6
Creating struct: $Function_Medi_7
Creating struct: $Function_Medi_8
Creating struct: $Function_Medi_9
Creating struct: $Function_Medi_10
Creating struct: $NpcSettings_Cleft
Creating struct: $Script_CleftAI
Creating struct: $AISettings_Cleft
Creating struct: $ConstDouble_Cleft_1
Creating struct: $ConstDouble_Cleft_2
Creating struct: $ConstDouble_Cleft_3
Creating struct: $ConstDouble_Cleft_4
Creating struct: $ConstDouble_Cleft_5
Creating struct: $JumpTable_Cleft
Creating struct: $Function_Cleft_Main
Creating struct: $Function_Cleft_1
Creating struct: $Function_Cleft_2
Creating struct: $Function_Cleft_3
Creating struct: $Function_Cleft_4
Creating struct: $Function_Cleft_5
Creating struct: $Function_Cleft_6
Creating struct: $Function_Cleft_7
Creating struct: $Function_Cleft_8
Creating struct: $Function_Cleft_9
Creating struct: $Function_Cleft_10
Creating struct: $Function_Cleft_11
Creating struct: $Function_Cleft_12
Creating struct: $Function_Cleft_13
Creating struct: $Function_Cleft_14
Creating struct: $Function_Cleft_15
Creating struct: $Script_MakeNpcs
Creating struct: $NpcGroupList_Mistar
Creating struct: $NpcGroup1_mze02
Creating struct: $NpcGroup1_mze03
Creating struct: $NpcGroup1_mze04
Creating struct: $NpcGroup1_mze05
Creating struct: $NpcGroup1_mze10
Creating struct: $NpcGroup1_mze11
Creating struct: $NpcGroup2_mze02
Creating struct: $NpcGroup2_mze03
Creating struct: $NpcGroup2_mze04
Creating struct: $NpcGroup2_mze05
Creating struct: $NpcGroup2_mze10
Creating struct: $NpcGroup2_mze11
Creating struct: $NpcGroup3_mze02
Creating struct: $NpcGroup3_mze03
Creating struct: $NpcGroup3_mze04
Creating struct: $NpcGroup3_mze05
Creating struct: $NpcGroup3_mze10
Creating struct: $NpcGroup3_mze11
Creating struct: $NpcGroup4_mze02
Creating struct: $NpcGroup4_mze03
Creating struct: $NpcGroup4_mze04
Creating struct: $NpcGroup4_mze05
Creating struct: $NpcGroup4_mze10
Creating struct: $NpcGroup4_mze11
Creating struct: $NpcGroup5_mze02
Creating struct: $NpcGroup5_mze03
Creating struct: $NpcGroup5_mze04
Creating struct: $NpcGroup5_mze05
Creating struct: $NpcGroup5_mze10
Creating struct: $NpcGroup5_mze11
Creating struct: $NpcGroup6_mze02
Creating struct: $NpcGroup6_mze03
Creating struct: $NpcGroup6_mze04
Creating struct: $NpcGroup6_mze05
Creating struct: $NpcGroup6_mze10
Creating struct: $NpcGroup6_mze11
Creating struct: $NpcGroup7_mze02
Creating struct: $NpcGroup7_mze03
Creating struct: $NpcGroup7_mze04
Creating struct: $NpcGroup7_mze05
Creating struct: $NpcGroup7_mze10
Creating struct: $NpcGroup7_mze11
Creating struct: $NpcGroup8_mze02
Creating struct: $NpcGroup8_mze03
Creating struct: $NpcGroup8_mze04
Creating struct: $NpcGroup8_mze05
Creating struct: $NpcGroup8_mze10
Creating struct: $NpcGroup8_mze11
Creating struct: $NpcGroup_Enemy1_Gloomba
Creating struct: $NpcGroup_Enemy2_Gloomba
Creating struct: $NpcGroup_Enemy1_Paragloomba
Creating struct: $NpcGroup_Enemy2_Paragloomba
Creating struct: $NpcGroup_Enemy1_SpikedGloomba
Creating struct: $NpcGroup_Enemy2_SpikedGloomba
Creating struct: $NpcGroup_Enemy1_Paratroopa
Creating struct: $NpcGroup_Enemy2_Paratroopa
Creating struct: $NpcGroup_Enemy1_Pokey
Creating struct: $NpcGroup_Enemy2_Pokey
Creating struct: $NpcGroup_Enemy1_PyroGuy
Creating struct: $NpcGroup_Enemy2_PyroGuy
Creating struct: $NpcGroup_Enemy1_SpikeTop
Creating struct: $NpcGroup_Enemy2_SpikeTop
Creating struct: $NpcGroup_Enemy1_LavaBubble
Creating struct: $NpcGroup_Enemy2_LavaBubble
Creating struct: $NpcGroup_Enemy2_Putrid
Creating struct: $NpcGroup_Enemy1_Bzzap
Creating struct: $NpcGroup_Enemy2_Bzzap
Creating struct: $NpcGroup_Enemy1_RuffPuff
Creating struct: $NpcGroup_Enemy2_RuffPuff
Creating struct: $NpcGroup_Enemy1_Dupplighost
Creating struct: $NpcGroup_Enemy2_Dupplighost
Creating struct: $NpcGroup_Enemy1_Ember
Creating struct: $NpcGroup_Enemy2_Ember
Creating struct: $NpcGroup_Enemy1_Bony
Creating struct: $NpcGroup_Enemy2_Bony
Creating struct: $NpcGroup_Enemy2_DryBones
Creating struct: $NpcGroup_Enemy3_DryBones
Creating struct: $NpcGroup_Enemy3_Blooper
Creating struct: $NpcGroup_Enemy2_Buzzar
Creating struct: $NpcGroup_Enemy3_Buzzar
Creating struct: $NpcGroup_Enemy3_Dino
Creating struct: $NpcGroup_Enemy4_Mistar
Creating struct: $NpcGroup_MistarKid
Creating struct: $NpcSettings_Mistar
Creating struct: $Script_Init_null
Creating struct: $Script_Init_Mistar
Creating struct: $Script_Init_Mistar_HitBox
Creating struct: $Mistar_Hit
Creating struct: $Mistar_Idle
Creating struct: $Header
Creating struct: $Function_Init
Creating struct: $EntryList
Creating struct: $Script_Main
Creating struct: $Script_MakeExits
Creating struct: $Script_Exit0
Creating struct: $Function_GetTattle
Merged 1 regions to 1
$Function_Piranha_3 will be placed at 80240000 (length = A40 bytes)
$NpcGroup_Enemy2_DryBones will be placed at 80240A40 (length = 7C0 bytes)
$NpcGroup_Enemy3_DryBones will be placed at 80241200 (length = 7C0 bytes)
$Script_MakeNpcs will be placed at 802419C0 (length = 6E0 bytes)
$Script_Cutscene_Mistar will be placed at 802420A0 (length = 644 bytes)
$Function_Paratroopa_SetPos1 will be placed at 802426E4 (length = 628 bytes)
$Function_Bzzap_3 will be placed at 80242D0C (length = 628 bytes)
$Function_RuffPuff_3 will be placed at 80243334 (length = 624 bytes)
$Function_Ember_3 will be placed at 80243958 (length = 624 bytes)
$Function_Medi_3 will be placed at 80243F7C (length = 624 bytes)
$Function_Paragoomba_3 will be placed at 802445A0 (length = 624 bytes)
$Script_SetEnemiesFlags will be placed at 80244BC4 (length = 60C bytes)
$Script_MakeEntities will be placed at 802451D0 (length = 5C4 bytes)
$Script_LockChests will be placed at 80245794 (length = 57C bytes)
$Function_DryBones_Projectile_Main will be placed at 80245D10 (length = 53C bytes)
$Function_DryBones_Projectile_2 will be placed at 8024624C (length = 460 bytes)
$Function_Koopa_Main will be placed at 802466AC (length = 440 bytes)
$NpcGroup_Enemy2_Putrid will be placed at 80246AEC (length = 3E0 bytes)
$NpcGroup_Enemy4_Mistar will be placed at 80246ECC (length = 3E0 bytes)
$Function_Medi_10 will be placed at 802472AC (length = 390 bytes)
$Function_Bzzap_10 will be placed at 8024763C (length = 390 bytes)
$Function_Paragoomba_10 will be placed at 802479CC (length = 390 bytes)
$Function_Cleft_Main will be placed at 80247D5C (length = 350 bytes)
$Function_Paratroopa_SetPos2 will be placed at 802480AC (length = 344 bytes)
$Function_Bzzap_5 will be placed at 802483F0 (length = 344 bytes)
$Function_Ember_5 will be placed at 80248734 (length = 344 bytes)
$Function_RuffPuff_5 will be placed at 80248A78 (length = 344 bytes)
$Function_Medi_5 will be placed at 80248DBC (length = 344 bytes)
$Function_Paragoomba_5 will be placed at 80249100 (length = 344 bytes)
$Function_DryBones_Main will be placed at 80249444 (length = 320 bytes)
$Script_SaveEnemyFlag will be placed at 80249764 (length = 298 bytes)
$Function_Ember_9 will be placed at 802499FC (length = 280 bytes)
$Function_RuffPuff_9 will be placed at 80249C7C (length = 280 bytes)
$Script_KillMario will be placed at 80249EFC (length = 264 bytes)
$Function_PiranhaHitBox_Main will be placed at 8024A160 (length = 260 bytes)
$Function_Paratroopa_Main will be placed at 8024A3C0 (length = 250 bytes)
$Function_Piranha_Main will be placed at 8024A610 (length = 250 bytes)
$Script_Mistar_Outcome will be placed at 8024A860 (length = 250 bytes)
$NpcGroup_Enemy1_SpikeTop will be placed at 8024AAB0 (length = 1F0 bytes)
$NpcGroup_Enemy3_Buzzar will be placed at 8024ACA0 (length = 1F0 bytes)
$NpcGroup_Enemy2_Paratroopa will be placed at 8024AE90 (length = 1F0 bytes)
$Function_DryBones_3 will be placed at 8024B080 (length = 1F0 bytes)
$NpcGroup_Enemy1_Bony will be placed at 8024B270 (length = 1F0 bytes)
$NpcGroup_Enemy3_Blooper will be placed at 8024B460 (length = 1F0 bytes)
$NpcGroup_Enemy1_Paratroopa will be placed at 8024B650 (length = 1F0 bytes)
$NpcGroup_Enemy3_Dino will be placed at 8024B840 (length = 1F0 bytes)
$NpcGroup_Enemy1_Bzzap will be placed at 8024BA30 (length = 1F0 bytes)
$NpcGroup_Enemy2_Dupplighost will be placed at 8024BC20 (length = 1F0 bytes)
$NpcGroup_Enemy1_Dupplighost will be placed at 8024BE10 (length = 1F0 bytes)
$NpcGroup_Enemy1_LavaBubble will be placed at 8024C000 (length = 1F0 bytes)
$NpcGroup_Enemy2_Bzzap will be placed at 8024C1F0 (length = 1F0 bytes)
$NpcGroup_Enemy1_RuffPuff will be placed at 8024C3E0 (length = 1F0 bytes)
$NpcGroup_Enemy1_Ember will be placed at 8024C5D0 (length = 1F0 bytes)
$NpcGroup_Enemy2_Bony will be placed at 8024C7C0 (length = 1F0 bytes)
$NpcGroup_Enemy2_Ember will be placed at 8024C9B0 (length = 1F0 bytes)
$NpcGroup_Enemy1_Gloomba will be placed at 8024CBA0 (length = 1F0 bytes)
$NpcGroup_Enemy1_Paragloomba will be placed at 8024CD90 (length = 1F0 bytes)
$NpcGroup_Enemy1_PyroGuy will be placed at 8024CF80 (length = 1F0 bytes)
$NpcGroup_Enemy2_Buzzar will be placed at 8024D170 (length = 1F0 bytes)
$NpcGroup_Enemy2_Gloomba will be placed at 8024D360 (length = 1F0 bytes)
$NpcGroup_Enemy2_Pokey will be placed at 8024D550 (length = 1F0 bytes)
$NpcGroup_Enemy2_LavaBubble will be placed at 8024D740 (length = 1F0 bytes)
$NpcGroup_Enemy2_SpikeTop will be placed at 8024D930 (length = 1F0 bytes)
$NpcGroup_Enemy2_SpikedGloomba will be placed at 8024DB20 (length = 1F0 bytes)
$NpcGroup_Enemy2_RuffPuff will be placed at 8024DD10 (length = 1F0 bytes)
$NpcGroup_Enemy1_Pokey will be placed at 8024DF00 (length = 1F0 bytes)
$NpcGroup_Enemy2_Paragloomba will be placed at 8024E0F0 (length = 1F0 bytes)
$NpcGroup_Enemy1_SpikedGloomba will be placed at 8024E2E0 (length = 1F0 bytes)
$NpcGroup_Enemy2_PyroGuy will be placed at 8024E4D0 (length = 1F0 bytes)
$NpcGroup_MistarKid will be placed at 8024E6C0 (length = 1F0 bytes)
$Function_Medi_Main will be placed at 8024E8B0 (length = 1EC bytes)
$Function_Bzzap_Main will be placed at 8024EA9C (length = 1EC bytes)
$SkipCutscene_Mistar will be placed at 8024EC88 (length = 1EC bytes)
$Function_Paragoomba_Main will be placed at 8024EE74 (length = 1EC bytes)
$Function_RuffPuff_Main will be placed at 8024F060 (length = 1E8 bytes)
$Function_Ember_Main will be placed at 8024F248 (length = 1E8 bytes)
$Script_DryBones_Projectile_Main will be placed at 8024F430 (length = 1C8 bytes)
$Function_Bzzap_2 will be placed at 8024F5F8 (length = 1B0 bytes)
$Function_Paratroopa_8 will be placed at 8024F7A8 (length = 1B0 bytes)
$Function_RuffPuff_2 will be placed at 8024F958 (length = 1B0 bytes)
$Function_Ember_2 will be placed at 8024FB08 (length = 1B0 bytes)
$Function_Medi_2 will be placed at 8024FCB8 (length = 1B0 bytes)
$Function_Paragoomba_2 will be placed at 8024FE68 (length = 1B0 bytes)
$Function_Cleft_9 will be placed at 80250018 (length = 1A0 bytes)
$Script_UseChest_BossRoom will be placed at 802501B8 (length = 19C bytes)
$Script_Cheev_Dungeon_03 will be placed at 80250354 (length = 190 bytes)
$JumpTable_DryBones will be placed at 802504E4 (length = 190 bytes)
$Script_UseChest will be placed at 80250674 (length = 190 bytes)
$Function_Cleft_7 will be placed at 80250804 (length = 174 bytes)
$Function_Koopa_3 will be placed at 80250978 (length = 164 bytes)
$Function_Cleft_1 will be placed at 80250ADC (length = 160 bytes)
$Function_Cleft_10 will be placed at 80250C3C (length = 150 bytes)
$Script_Main will be placed at 80250D8C (length = 150 bytes)
$String_Mistar_8_1 will be placed at 80250EDC (length = 148 bytes)
$Function_DryBones_1 will be placed at 80251024 (length = 144 bytes)
$MapTattle will be placed at 80251168 (length = 140 bytes)
$Function_Cleft_12 will be placed at 802512A8 (length = 138 bytes)
$Function_Koopa_2 will be placed at 802513E0 (length = 134 bytes)
$Function_Bzzap_8 will be placed at 80251514 (length = 134 bytes)
$Function_Medi_8 will be placed at 80251648 (length = 134 bytes)
$Function_Paragoomba_8 will be placed at 8025177C (length = 134 bytes)
$Function_Ember_8 will be placed at 802518B0 (length = 130 bytes)
$Function_RuffPuff_8 will be placed at 802519E0 (length = 130 bytes)
$Function_Cleft_3 will be placed at 80251B10 (length = 130 bytes)
$Function_Paratroopa_4 will be placed at 80251C40 (length = 128 bytes)
$Function_Bzzap_1 will be placed at 80251D68 (length = 124 bytes)
$Function_Paratroopa_9 will be placed at 80251E8C (length = 124 bytes)
$Function_RuffPuff_1 will be placed at 80251FB0 (length = 124 bytes)
$Function_Ember_1 will be placed at 802520D4 (length = 124 bytes)
$Function_Medi_1 will be placed at 802521F8 (length = 124 bytes)
$Function_Paragoomba_1 will be placed at 8025231C (length = 124 bytes)
$Function_Paratroopa_2 will be placed at 80252440 (length = 118 bytes)
$String_Mistar_8_2 will be placed at 80252558 (length = 118 bytes)
$Function_DryBones_2 will be placed at 80252670 (length = 104 bytes)
$Function_Piranha_5 will be placed at 80252774 (length = 100 bytes)
$Function_Piranha_2 will be placed at 80252874 (length = FC bytes)
$Function_Piranha_7 will be placed at 80252970 (length = EC bytes)
$Script_PiranhaAI will be placed at 80252A5C (length = D4 bytes)
$JumpTable_Cleft will be placed at 80252B30 (length = D4 bytes)
$Script_TrackOutcome will be placed at 80252C04 (length = D0 bytes)
$Script_ProjectileOutcome will be placed at 80252CD4 (length = D0 bytes)
$Function_Bzzap_4 will be placed at 80252DA4 (length = C0 bytes)
$Function_Paratroopa_7 will be placed at 80252E64 (length = C0 bytes)
$Function_Ember_4 will be placed at 80252F24 (length = C0 bytes)
$Function_RuffPuff_4 will be placed at 80252FE4 (length = C0 bytes)
$Function_Medi_4 will be placed at 802530A4 (length = C0 bytes)
$Function_Paragoomba_4 will be placed at 80253164 (length = C0 bytes)
$Function_Paratroopa_1 will be placed at 80253224 (length = BC bytes)
$Function_Cleft_11 will be placed at 802532E0 (length = AC bytes)
$Function_DryBones_5 will be placed at 8025338C (length = A8 bytes)
$Function_Cleft_6 will be placed at 80253434 (length = A8 bytes)
$Function_Cleft_4 will be placed at 802534DC (length = 9C bytes)
$Function_Piranha_4 will be placed at 80253578 (length = 90 bytes)
$String_Mistar_7 will be placed at 80253608 (length = 90 bytes)
$String_Mistar_6 will be placed at 80253698 (length = 88 bytes)
$Function_Cleft_5 will be placed at 80253720 (length = 88 bytes)
$Mistar_Hit will be placed at 802537A8 (length = 80 bytes)
$Function_Koopa_4 will be placed at 80253828 (length = 80 bytes)
$Mistar_Idle will be placed at 802538A8 (length = 80 bytes)
$Script_PiranhaAI_Hitbox will be placed at 80253928 (length = 80 bytes)
$Function_Cleft_13 will be placed at 802539A8 (length = 7C bytes)
$Function_Koopa_1 will be placed at 80253A24 (length = 7C bytes)
$Function_Bzzap_6 will be placed at 80253AA0 (length = 78 bytes)
$Function_Paratroopa_5 will be placed at 80253B18 (length = 78 bytes)
$Function_Ember_6 will be placed at 80253B90 (length = 78 bytes)
$Function_RuffPuff_6 will be placed at 80253C08 (length = 78 bytes)
$Function_Medi_6 will be placed at 80253C80 (length = 78 bytes)
$Function_Paragoomba_6 will be placed at 80253CF8 (length = 78 bytes)
$Function_Cleft_2 will be placed at 80253D70 (length = 74 bytes)
$Script_RuffPuffAI will be placed at 80253DE4 (length = 70 bytes)
$Script_AI_Paratroopa will be placed at 80253E54 (length = 70 bytes)
$Script_ParagoombaAI will be placed at 80253EC4 (length = 70 bytes)
$Script_EmberAI will be placed at 80253F34 (length = 70 bytes)
$Script_MediGuyAI will be placed at 80253FA4 (length = 70 bytes)
$Script_BzzapAI will be placed at 80254014 (length = 70 bytes)
$Script_ProjectileAI will be placed at 80254084 (length = 70 bytes)
$Script_DryBonesAI will be placed at 802540F4 (length = 70 bytes)
$Script_KoopaAI will be placed at 80254164 (length = 70 bytes)
$Function_Bzzap_7 will be placed at 802541D4 (length = 6C bytes)
$Function_Paratroopa_6 will be placed at 80254240 (length = 6C bytes)
$Function_Piranha_1 will be placed at 802542AC (length = 6C bytes)
$Function_Ember_7 will be placed at 80254318 (length = 6C bytes)
$Function_RuffPuff_7 will be placed at 80254384 (length = 6C bytes)
$Function_Medi_7 will be placed at 802543F0 (length = 6C bytes)
$Function_Paragoomba_7 will be placed at 8025445C (length = 6C bytes)
$Function_Cleft_14 will be placed at 802544C8 (length = 68 bytes)
$Function_Bzzap_9 will be placed at 80254530 (length = 64 bytes)
$String_Mistar_5 will be placed at 80254594 (length = 64 bytes)
$Function_Medi_9 will be placed at 802545F8 (length = 64 bytes)
$Function_Paragoomba_9 will be placed at 8025465C (length = 64 bytes)
$Function_Piranha_6 will be placed at 802546C0 (length = 60 bytes)
$Script_Exit0 will be placed at 80254720 (length = 60 bytes)
$Function_RuffPuff_10 will be placed at 80254780 (length = 5C bytes)
$Function_Ember_10 will be placed at 802547DC (length = 5C bytes)
$GetEntityPointer will be placed at 80254838 (length = 5C bytes)
$JumpTable_Koopa will be placed at 80254894 (length = 54 bytes)
$String_Mistar_9 will be placed at 802548E8 (length = 54 bytes)
$JumpTable_Ember will be placed at 8025493C (length = 54 bytes)
$JumpTable_RuffPuff will be placed at 80254990 (length = 54 bytes)
$String_Mistar_3 will be placed at 802549E4 (length = 50 bytes)
$Function_Cleft_8 will be placed at 80254A34 (length = 50 bytes)
$Script_Init_Mistar will be placed at 80254A84 (length = 4C bytes)
$Function_DryBones_6 will be placed at 80254AD0 (length = 48 bytes)
$Function_DryBones_4 will be placed at 80254B18 (length = 48 bytes)
$String_Mistar_10 will be placed at 80254B60 (length = 48 bytes)
$String_Mistar_4 will be placed at 80254BA8 (length = 48 bytes)
$Function_Cleft_15 will be placed at 80254BF0 (length = 44 bytes)
$Function_Paratroopa_3 will be placed at 80254C34 (length = 44 bytes)
$JumpTable_Paratroopa will be placed at 80254C78 (length = 40 bytes)
$Header will be placed at 80254CB8 (length = 40 bytes)
$Function_SetupFog will be placed at 80254CF8 (length = 40 bytes)
$Function_Init will be placed at 80254D38 (length = 3C bytes)
$JumpTable_Medi will be placed at 80254D74 (length = 3C bytes)
$JumpTable_Paragoomba will be placed at 80254DB0 (length = 3C bytes)
$JumpTable_Bzzap will be placed at 80254DEC (length = 3C bytes)
$Script_Init_Mistar_HitBox will be placed at 80254E28 (length = 38 bytes)
$Function_DryBones_Projectile_1 will be placed at 80254E60 (length = 38 bytes)
$AISettings_Pokey will be placed at 80254E98 (length = 30 bytes)
$AISettings_MediGuy will be placed at 80254EC8 (length = 30 bytes)
$NpcGroup8_mze10 will be placed at 80254EF8 (length = 30 bytes)
$NpcGroup8_mze11 will be placed at 80254F28 (length = 30 bytes)
$AISettings_Bzzap will be placed at 80254F58 (length = 30 bytes)
$AISettings_Koopa will be placed at 80254F88 (length = 30 bytes)
$AISettings_Paratroopa will be placed at 80254FB8 (length = 30 bytes)
$AISettings_Cleft will be placed at 80254FE8 (length = 30 bytes)
$AISettings_RuffPuff will be placed at 80255018 (length = 30 bytes)
$AISettings_Ember will be placed at 80255048 (length = 30 bytes)
$AISettings_Paragoomba will be placed at 80255078 (length = 30 bytes)
$AISettings_Projectile will be placed at 802550A8 (length = 30 bytes)
$NpcGroup6_mze10 will be placed at 802550D8 (length = 30 bytes)
$NpcGroup6_mze11 will be placed at 80255108 (length = 30 bytes)
$NpcGroup7_mze10 will be placed at 80255138 (length = 30 bytes)
$NpcGroup7_mze11 will be placed at 80255168 (length = 30 bytes)
$AISettings_DryBones will be placed at 80255198 (length = 30 bytes)
$NpcGroup1_mze10 will be placed at 802551C8 (length = 30 bytes)
$NpcGroup1_mze11 will be placed at 802551F8 (length = 30 bytes)
$NpcGroup5_mze11 will be placed at 80255228 (length = 30 bytes)
$NpcGroup5_mze10 will be placed at 80255258 (length = 30 bytes)
$NpcGroup2_mze11 will be placed at 80255288 (length = 30 bytes)
$NpcGroup2_mze10 will be placed at 802552B8 (length = 30 bytes)
$AISettings_Piranha will be placed at 802552E8 (length = 30 bytes)
$AISettings_PyroGuy will be placed at 80255318 (length = 30 bytes)
$AISettings_Dupplighost will be placed at 80255348 (length = 30 bytes)
$NpcGroup3_mze11 will be placed at 80255378 (length = 30 bytes)
$NpcGroup3_mze10 will be placed at 802553A8 (length = 30 bytes)
$NpcGroup4_mze11 will be placed at 802553D8 (length = 30 bytes)
$NpcGroup4_mze10 will be placed at 80255408 (length = 30 bytes)
$AISettings_Basic will be placed at 80255438 (length = 30 bytes)
$NpcSettings_Cleft will be placed at 80255468 (length = 2C bytes)
$Script_Init_null will be placed at 80255494 (length = 2C bytes)
$NpcSettings_Bzzap will be placed at 802554C0 (length = 2C bytes)
$NpcSettings_PiranhaHitbox will be placed at 802554EC (length = 2C bytes)
$NpcSettings_RuffPuff will be placed at 80255518 (length = 2C bytes)
$Func_FormatNpcID will be placed at 80255544 (length = 2C bytes)
$NpcSettings_Ember will be placed at 80255570 (length = 2C bytes)
$Function_RevivePlayer will be placed at 8025559C (length = 2C bytes)
$NpcSettings_PiranhaPlant will be placed at 802555C8 (length = 2C bytes)
$NpcSettings_DryBones will be placed at 802555F4 (length = 2C bytes)
$NpcSettings_Paratroopa will be placed at 80255620 (length = 2C bytes)
$NpcSettings_Mistar will be placed at 8025564C (length = 2C bytes)
$NpcSettings_Koopa will be placed at 80255678 (length = 2C bytes)
$NpcSettings_Projectile will be placed at 802556A4 (length = 2C bytes)
$Script_PokeyAI will be placed at 802556D0 (length = 2C bytes)
$NpcSettings_Pokey will be placed at 802556FC (length = 2C bytes)
$Script_MakeExits will be placed at 80255728 (length = 2C bytes)
$NpcSettings_MediGuy will be placed at 80255754 (length = 2C bytes)
$NpcSettings_Paragoomba will be placed at 80255780 (length = 2C bytes)
$Data_TrapPointers will be placed at 802557AC (length = 28 bytes)
$String_Mistar_1 will be placed at 802557D4 (length = 28 bytes)
$NpcGroup4_mze02 will be placed at 802557FC (length = 24 bytes)
$NpcGroup4_mze04 will be placed at 80255820 (length = 24 bytes)
$NpcGroup4_mze03 will be placed at 80255844 (length = 24 bytes)
$NpcGroup4_mze05 will be placed at 80255868 (length = 24 bytes)
$Script_Init_EnemyNPC will be placed at 8025588C (length = 24 bytes)
$NpcSettings_Dupplighost will be placed at 802558B0 (length = 24 bytes)
$NpcSettings_BasicAI will be placed at 802558D4 (length = 24 bytes)
$NpcSettings_PyroGuy will be placed at 802558F8 (length = 24 bytes)
$NpcGroupList_Mistar will be placed at 8025591C (length = 24 bytes)
$Script_CleftAI will be placed at 80255940 (length = 24 bytes)
$NpcGroup1_mze04 will be placed at 80255964 (length = 24 bytes)
$NpcGroup1_mze05 will be placed at 80255988 (length = 24 bytes)
$NpcGroup1_mze02 will be placed at 802559AC (length = 24 bytes)
$NpcGroup1_mze03 will be placed at 802559D0 (length = 24 bytes)
$NpcGroup7_mze02 will be placed at 802559F4 (length = 24 bytes)
$NpcGroup7_mze03 will be placed at 80255A18 (length = 24 bytes)
$NpcGroup7_mze04 will be placed at 80255A3C (length = 24 bytes)
$NpcGroup7_mze05 will be placed at 80255A60 (length = 24 bytes)
$NpcGroup2_mze04 will be placed at 80255A84 (length = 24 bytes)
$NpcGroup8_mze03 will be placed at 80255AA8 (length = 24 bytes)
$NpcGroup2_mze03 will be placed at 80255ACC (length = 24 bytes)
$NpcGroup8_mze04 will be placed at 80255AF0 (length = 24 bytes)
$NpcGroup2_mze05 will be placed at 80255B14 (length = 24 bytes)
$NpcGroup8_mze02 will be placed at 80255B38 (length = 24 bytes)
$NpcGroup2_mze02 will be placed at 80255B5C (length = 24 bytes)
$NpcGroup8_mze05 will be placed at 80255B80 (length = 24 bytes)
$NpcGroup3_mze05 will be placed at 80255BA4 (length = 24 bytes)
$NpcGroup3_mze04 will be placed at 80255BC8 (length = 24 bytes)
$NpcGroup3_mze03 will be placed at 80255BEC (length = 24 bytes)
$NpcGroup3_mze02 will be placed at 80255C10 (length = 24 bytes)
$NpcGroup6_mze05 will be placed at 80255C34 (length = 24 bytes)
$NpcGroup6_mze03 will be placed at 80255C58 (length = 24 bytes)
$NpcGroup6_mze04 will be placed at 80255C7C (length = 24 bytes)
$NpcGroup6_mze02 will be placed at 80255CA0 (length = 24 bytes)
$NpcGroup5_mze03 will be placed at 80255CC4 (length = 24 bytes)
$NpcGroup5_mze02 will be placed at 80255CE8 (length = 24 bytes)
$NpcGroup5_mze05 will be placed at 80255D0C (length = 24 bytes)
$NpcGroup5_mze04 will be placed at 80255D30 (length = 24 bytes)
$Script_PyroGuy will be placed at 80255D54 (length = 20 bytes)
$Script_BasicNPCAI will be placed at 80255D74 (length = 20 bytes)
$Script_DupplighostAI will be placed at 80255D94 (length = 20 bytes)
$FloatTable_RuffPuff will be placed at 80255DB4 (length = 18 bytes)
$FloatTable_Bzzap_1 will be placed at 80255DCC (length = 18 bytes)
$FloatTable_Medi_1 will be placed at 80255DE4 (length = 18 bytes)
$FloatTable_Paratroopa will be placed at 80255DFC (length = 18 bytes)
$FloatTable_Paragoomba will be placed at 80255E14 (length = 18 bytes)
$FloatTable_Ember will be placed at 80255E2C (length = 18 bytes)
$String_Var_Bonetail will be placed at 80255E44 (length = 14 bytes)
$String_Var_King will be placed at 80255E58 (length = 14 bytes)
$Function_Pokey_1 will be placed at 80255E6C (length = 14 bytes)
$String_Mistar_2 will be placed at 80255E80 (length = 14 bytes)
$Script_null will be placed at 80255E94 (length = 10 bytes)
$Script_Init_Basic will be placed at 80255EA4 (length = 10 bytes)
$EntryList will be placed at 80255EB4 (length = 10 bytes)
$ASCII_"mze_00"_Literal will be placed at 80255EC4 (length = C bytes)
$ASCII_"mze_12"_Literal will be placed at 80255ED0 (length = C bytes)
$ASCII_"mze_09"_Literal will be placed at 80255EDC (length = C bytes)
$Function_GetTattle will be placed at 80255EE8 (length = C bytes)
$ConstDouble_Paratroopa_3 will be placed at 80255EF8 (length = 8 bytes)
$ConstDouble_Paratroopa_1 will be placed at 80255F00 (length = 8 bytes)
$ConstDouble_Paratroopa_2 will be placed at 80255F08 (length = 8 bytes)
$ConstDouble_RuffPuff_4 will be placed at 80255F10 (length = 8 bytes)
$ConstDouble_RuffPuff_3 will be placed at 80255F18 (length = 8 bytes)
$ConstDouble_RuffPuff_2 will be placed at 80255F20 (length = 8 bytes)
$ConstDouble_RuffPuff_1 will be placed at 80255F28 (length = 8 bytes)
$ConstDouble_Paragoomba_1 will be placed at 80255F30 (length = 8 bytes)
$ConstDouble_Paragoomba_2 will be placed at 80255F38 (length = 8 bytes)
$ConstDouble_Medi_2 will be placed at 80255F40 (length = 8 bytes)
$ConstDouble_Medi_1 will be placed at 80255F48 (length = 8 bytes)
$ConstDouble_Paragoomba_3 will be placed at 80255F50 (length = 8 bytes)
$ConstDouble_Medi_3 will be placed at 80255F58 (length = 8 bytes)
$ConstDouble_Piranha_6 will be placed at 80255F60 (length = 8 bytes)
$ConstDouble_Piranha_5 will be placed at 80255F68 (length = 8 bytes)
$ConstDouble_Piranha_4 will be placed at 80255F70 (length = 8 bytes)
$ConstDouble_Piranha_3 will be placed at 80255F78 (length = 8 bytes)
$ConstDouble_Piranha_2 will be placed at 80255F80 (length = 8 bytes)
$ConstDouble_Piranha_1 will be placed at 80255F88 (length = 8 bytes)
$ConstDouble_DryBones_5 will be placed at 80255F90 (length = 8 bytes)
$ConstDouble_DryBones_4 will be placed at 80255F98 (length = 8 bytes)
$ConstDouble_Bzzap_1 will be placed at 80255FA0 (length = 8 bytes)
$ConstDouble_DryBones_3 will be placed at 80255FA8 (length = 8 bytes)
$ConstDouble_Cleft_4 will be placed at 80255FB0 (length = 8 bytes)
$ConstDouble_Bzzap_2 will be placed at 80255FB8 (length = 8 bytes)
$ConstDouble_DryBones_2 will be placed at 80255FC0 (length = 8 bytes)
$ConstDouble_Cleft_5 will be placed at 80255FC8 (length = 8 bytes)
$ConstDouble_Bzzap_3 will be placed at 80255FD0 (length = 8 bytes)
$ConstDouble_DryBones_1 will be placed at 80255FD8 (length = 8 bytes)
$ConstDouble_Cleft_1 will be placed at 80255FE0 (length = 8 bytes)
$ASCII_"tik_tex"_Literal will be placed at 80255FE8 (length = 8 bytes)
$ConstDouble_Cleft_2 will be placed at 80255FF0 (length = 8 bytes)
$ConstDouble_Cleft_3 will be placed at 80255FF8 (length = 8 bytes)
$ConstDouble_Ember_4 will be placed at 80256000 (length = 8 bytes)
$ConstDouble_Ember_3 will be placed at 80256008 (length = 8 bytes)
$ConstDouble_Ember_2 will be placed at 80256010 (length = 8 bytes)
$ConstDouble_Ember_1 will be placed at 80256018 (length = 8 bytes)
$ConstDouble_Koopa_1 will be placed at 80256020 (length = 8 bytes)
Executing patch: mze_12.mpat
Creating struct: $Script_KillMario
Creating struct: $Header
Creating struct: $Function_Init
Creating struct: $EntryList
Creating struct: $Script_Main
Creating struct: $Script_RespawnPlayer
Creating struct: $RespawnPartner
Creating struct: $Script_MakeEntities
Creating struct: $Script_LockChests
Creating struct: $Script_StartMist
Creating struct: $Script_EndMist
Creating struct: $Script_StandAbove_None
Creating struct: $Script_StandAbove_Chest_HP1
Creating struct: $Script_StandAbove_Chest_HP2
Creating struct: $Script_StandAbove_Chest_HP3
Creating struct: $Script_StandAbove_Chest_HP4
Creating struct: $Script_StandAbove_Chest_FP1
Creating struct: $Script_StandAbove_Chest_FP2
Creating struct: $Script_StandAbove_Chest_FP3
Creating struct: $Script_StandAbove_Chest_FP4
Creating struct: $Script_StandAbove_Chest_FP5
Creating struct: $Script_Chest_HP1
Creating struct: $Script_Chest_HP2
Creating struct: $Script_Chest_HP3
Creating struct: $Script_Chest_HP4
Creating struct: $Script_Chest_FP1
Creating struct: $Script_Chest_FP2
Creating struct: $Script_Chest_FP3
Creating struct: $Script_Chest_FP4
Creating struct: $Script_Chest_FP5
Creating struct: $Script_BuyChest
Creating struct: $Script_UseChest
Creating struct: $Function_NukeTrapsData
Creating struct: $CleanEnemiesFlags
Creating struct: $Script_MakeExits
Creating struct: $Script_Exit0
Creating struct: $Script_Exit1
Creating struct: $Script_GetNewTrapsData
Creating struct: $Script_GetChestsData
Creating struct: $Script_GetSpecialChestsData
Creating struct: $Script_SavePartnersData
Creating struct: $Function_SetMazeTimer
Creating struct: $Function_GetTattle
Merged 1 regions to 1
$Script_GetSpecialChestsData will be placed at 80240000 (length = 6F4 bytes)
$Script_GetNewTrapsData will be placed at 802406F4 (length = 6E8 bytes)
$Script_LockChests will be placed at 80240DDC (length = 6A8 bytes)
$Script_BuyChest will be placed at 80241484 (length = 60C bytes)
$Script_EndMist will be placed at 80241A90 (length = 5B8 bytes)
$Script_RespawnPlayer will be placed at 80242048 (length = 54C bytes)
$Script_UseChest will be placed at 80242594 (length = 380 bytes)
$Script_MakeEntities will be placed at 80242914 (length = 274 bytes)
$Script_KillMario will be placed at 80242B88 (length = 264 bytes)
$Script_SavePartnersData will be placed at 80242DEC (length = 1D0 bytes)
$Script_Main will be placed at 80242FBC (length = 1C4 bytes)
$Script_GetChestsData will be placed at 80243180 (length = 17C bytes)
$MapTattle will be placed at 802432FC (length = 104 bytes)
$Script_StandAbove_None will be placed at 80243400 (length = BC bytes)
$Function_NukeTrapsData will be placed at 802434BC (length = 90 bytes)
$Script_StartMist will be placed at 8024354C (length = 84 bytes)
$Script_Exit1 will be placed at 802435D0 (length = 50 bytes)
$Script_Exit0 will be placed at 80243620 (length = 50 bytes)
$Script_MakeExits will be placed at 80243670 (length = 48 bytes)
$Header will be placed at 802436B8 (length = 40 bytes)
$Script_StandAbove_Chest_FP1 will be placed at 802436F8 (length = 40 bytes)
$Script_StandAbove_Chest_FP2 will be placed at 80243738 (length = 40 bytes)
$Script_StandAbove_Chest_HP1 will be placed at 80243778 (length = 40 bytes)
$Script_StandAbove_Chest_FP3 will be placed at 802437B8 (length = 40 bytes)
$Script_StandAbove_Chest_HP2 will be placed at 802437F8 (length = 40 bytes)
$Script_StandAbove_Chest_FP4 will be placed at 80243838 (length = 40 bytes)
$Script_StandAbove_Chest_HP3 will be placed at 80243878 (length = 40 bytes)
$Script_StandAbove_Chest_FP5 will be placed at 802438B8 (length = 40 bytes)
$Script_StandAbove_Chest_HP4 will be placed at 802438F8 (length = 40 bytes)
$Script_Chest_FP1 will be placed at 80243938 (length = 3C bytes)
$Script_Chest_FP2 will be placed at 80243974 (length = 3C bytes)
$Script_Chest_HP1 will be placed at 802439B0 (length = 3C bytes)
$Script_Chest_FP3 will be placed at 802439EC (length = 3C bytes)
$Script_Chest_HP2 will be placed at 80243A28 (length = 3C bytes)
$Script_Chest_FP4 will be placed at 80243A64 (length = 3C bytes)
$Script_Chest_HP3 will be placed at 80243AA0 (length = 3C bytes)
$Script_Chest_FP5 will be placed at 80243ADC (length = 3C bytes)
$Script_Chest_HP4 will be placed at 80243B18 (length = 3C bytes)
$Function_Init will be placed at 80243B54 (length = 3C bytes)
$RespawnPartner will be placed at 80243B90 (length = 30 bytes)
$String_P1_2 will be placed at 80243BC0 (length = 30 bytes)
$EntryList will be placed at 80243BF0 (length = 30 bytes)
$CleanEnemiesFlags will be placed at 80243C20 (length = 2C bytes)
$String_P1_1 will be placed at 80243C4C (length = 2C bytes)
$String_Confirmation will be placed at 80243C78 (length = 28 bytes)
$String_CantOpen will be placed at 80243CA0 (length = 20 bytes)
$Function_SetMazeTimer will be placed at 80243CC0 (length = 14 bytes)
$ASCII_"mze_00"_Literal will be placed at 80243CD4 (length = C bytes)
$ASCII_"mze_12"_Literal will be placed at 80243CE0 (length = C bytes)
$Function_GetTattle will be placed at 80243CEC (length = C bytes)
$ASCII_"mze_13"_Literal will be placed at 80243CF8 (length = C bytes)
$ASCII_"mze_02"_Literal will be placed at 80243D04 (length = C bytes)
$ASCII_"tik_tex"_Literal will be placed at 80243D10 (length = 8 bytes)
$String_FP will be placed at 80243D18 (length = 4 bytes)
$String_HP will be placed at 80243D1C (length = 4 bytes)
Executing patch: mze_13.mpat
Creating struct: $Header
Creating struct: $Function_Init
Creating struct: $EntryList
Creating struct: $Script_Main
Creating struct: $Script_LS_Vanilla
Creating struct: $Script_LS_FP
Creating struct: $Script_LS_Ultra
Creating struct: $Script_LS_Main
Creating struct: $Function_GetEmptyItemSlots
Creating struct: $Script_Pool
Creating struct: $NpcGroupList_Sack
Creating struct: $NpcGroup_MoneyBag
Creating struct: $NPC_Settings_Sack
Creating struct: $Script_Init_Bag
Creating struct: $NPC_Sack_AnimationStart
Creating struct: $Script_Sack_AppearsAnimation
Creating struct: $Function_LoadCoinsLosted
Creating struct: $Function_ResetCoinsLosted
Creating struct: $AISettings_MoneySack
Creating struct: $Script_NpcAI_MoneySack
Creating struct: $JumpTable_80242448
Creating struct: $Function_NpcAI_MoneySack
Creating struct: $Function_80240260
Creating struct: $Function_80240844
Creating struct: $Function_802409A8
Creating struct: $Script_Init_Bag_HitBox
Creating struct: $Script_NPC_SackHit_Init
Creating struct: $Script_NPC_Sack_FX
Creating struct: $Script_MakeExits
Creating struct: $Script_Exit0
Creating struct: $Script_EnableTexPanning
Creating struct: $Script_80244A70
Creating struct: $Function_80240404
Creating struct: $Function_802402E0
Creating struct: $Function_GetTattle
Merged 1 regions to 1
$Function_80240260 will be placed at 80240000 (length = 5E4 bytes)
$Script_LS_Main will be placed at 802405E4 (length = 5BC bytes)
$NpcGroup_MoneyBag will be placed at 80240BA0 (length = 3E0 bytes)
$Script_Pool will be placed at 80240F80 (length = 3B0 bytes)
$Function_NpcAI_MoneySack will be placed at 80241330 (length = 238 bytes)
$Script_EnableTexPanning will be placed at 80241568 (length = 210 bytes)
$Function_80240404 will be placed at 80241778 (length = 1E8 bytes)
$Script_Sack_AppearsAnimation will be placed at 80241960 (length = 1D0 bytes)
$JumpTable_80242448 will be placed at 80241B30 (length = 190 bytes)
$Script_NPC_SackHit_Init will be placed at 80241CC0 (length = 190 bytes)
$Script_Main will be placed at 80241E50 (length = 188 bytes)
$MapTattle will be placed at 80241FD8 (length = 16C bytes)
$Function_80240844 will be placed at 80242144 (length = 164 bytes)
$String_LS_Tutorial will be placed at 802422A8 (length = 160 bytes)
$Function_802402E0 will be placed at 80242408 (length = 124 bytes)
$Script_NpcAI_MoneySack will be placed at 8024252C (length = B8 bytes)
$Script_NPC_Sack_FX will be placed at 802425E4 (length = A4 bytes)
$String_Pool_NotLost will be placed at 80242688 (length = A4 bytes)
$Script_80244A70 will be placed at 8024272C (length = 9C bytes)
$NPC_Sack_AnimationStart will be placed at 802427C8 (length = 84 bytes)
$String_LS_Error_OnlyOne will be placed at 8024284C (length = 7C bytes)
$String_Pool_Error will be placed at 802428C8 (length = 78 bytes)
$String_LS_Error_Money will be placed at 80242940 (length = 60 bytes)
$String_LS_Buy1 will be placed at 802429A0 (length = 58 bytes)
$Script_Exit0 will be placed at 802429F8 (length = 50 bytes)
$String_LS_Error_Full will be placed at 80242A48 (length = 4C bytes)
$String_Pool_Confirmation will be placed at 80242A94 (length = 44 bytes)
$Function_802409A8 will be placed at 80242AD8 (length = 44 bytes)
$Header will be placed at 80242B1C (length = 40 bytes)
$Function_LoadCoinsLosted will be placed at 80242B5C (length = 40 bytes)
$Script_LS_Ultra will be placed at 80242B9C (length = 3C bytes)
$Script_LS_Vanilla will be placed at 80242BD8 (length = 3C bytes)
$Function_Init will be placed at 80242C14 (length = 3C bytes)
$Script_LS_FP will be placed at 80242C50 (length = 3C bytes)
$Script_Init_Bag will be placed at 80242C8C (length = 38 bytes)
$Script_Init_Bag_HitBox will be placed at 80242CC4 (length = 38 bytes)
$AISettings_MoneySack will be placed at 80242CFC (length = 30 bytes)
$NPC_Settings_Sack will be placed at 80242D2C (length = 2C bytes)
$Script_MakeExits will be placed at 80242D58 (length = 2C bytes)
$Function_GetEmptyItemSlots will be placed at 80242D84 (length = 2C bytes)
$String_CoinsGained will be placed at 80242DB0 (length = 28 bytes)
$NpcGroupList_Sack will be placed at 80242DD8 (length = 18 bytes)
$Function_ResetCoinsLosted will be placed at 80242DF0 (length = 10 bytes)
$EntryList will be placed at 80242E00 (length = 10 bytes)
$ASCII_"mze_12"_Literal will be placed at 80242E10 (length = C bytes)
$Function_GetTattle will be placed at 80242E1C (length = C bytes)
$ASCII_"tik_tex"_Literal will be placed at 80242E28 (length = 8 bytes)
Executing patch: pre_01.mpat
Creating struct: $Header
Creating struct: $EntryList
Creating struct: $Function_Init
Creating struct: $Script_Main
Creating struct: $NpcGroupList_pre01
Creating struct: $NpcGroup_Cheato
Creating struct: $Cheato_Settings
Creating struct: $Script_Init_Cheato
Creating struct: $Script_Cheato_Idle
Creating struct: $Script_CheatoTalk1
Creating struct: $Script_CheatoTalk2
Creating struct: $Script_CheatoTalk3
Creating struct: $SkipCutscene_CheatoTalk1
Creating struct: $SkipCutscene_CheatoTalk2
Creating struct: $Script_Cheato_AfterBattle
Creating struct: $Script_CheatoAppears
Creating struct: $Script_MakeEntities
Creating struct: $Script_MakeExits
Creating struct: $Script_Exit0
Creating struct: $Script_Exit1
Creating struct: $Script_Sign
Creating struct: $Script_OpenDoor
Creating struct: $Script_StarShrine_LightAnim
Creating struct: $Script_CheckStarShrine
Creating struct: $Function_LoadStarPoints
Creating struct: $Script_EnableTexPanning
Creating struct: $Script_80244A70
Creating struct: $Function_80240404
Creating struct: $Function_802402E0
Creating struct: $Function_GetTattle
Merged 1 regions to 1
$Script_OpenDoor will be placed at 80240000 (length = 620 bytes)
$Script_Cheato_Idle will be placed at 80240620 (length = 528 bytes)
$NpcGroup_Cheato will be placed at 80240B48 (length = 1F0 bytes)
$Script_CheckStarShrine will be placed at 80240D38 (length = 1EC bytes)
$SkipCutscene_CheatoTalk2 will be placed at 80240F24 (length = 1EC bytes)
$Function_80240404 will be placed at 80241110 (length = 1E8 bytes)
$SkipCutscene_CheatoTalk1 will be placed at 802412F8 (length = 1C4 bytes)
$Script_Main will be placed at 802414BC (length = 178 bytes)
$Script_StarShrine_LightAnim will be placed at 80241634 (length = 12C bytes)
$Function_802402E0 will be placed at 80241760 (length = 124 bytes)
$Script_EnableTexPanning will be placed at 80241884 (length = 110 bytes)
$String_Cheato_1 will be placed at 80241994 (length = F0 bytes)
$Script_CheatoTalk1 will be placed at 80241A84 (length = E8 bytes)
$Script_CheatoTalk2 will be placed at 80241B6C (length = C8 bytes)
$Script_CheatoAppears will be placed at 80241C34 (length = B8 bytes)
$MapTattle will be placed at 80241CEC (length = A4 bytes)
$Script_80244A70 will be placed at 80241D90 (length = 9C bytes)
$Script_CheatoTalk3 will be placed at 80241E2C (length = 8C bytes)
$String_Cheato_3 will be placed at 80241EB8 (length = 84 bytes)
$String_Cheato_3_No will be placed at 80241F3C (length = 80 bytes)
$String_Cheato_2 will be placed at 80241FBC (length = 7C bytes)
$String_Spell_Fail will be placed at 80242038 (length = 70 bytes)
$Script_Exit1 will be placed at 802420A8 (length = 50 bytes)
$Script_Exit0 will be placed at 802420F8 (length = 50 bytes)
$Function_LoadStarPoints will be placed at 80242148 (length = 50 bytes)
$String_Cheato_4 will be placed at 80242198 (length = 4C bytes)
$Script_MakeExits will be placed at 802421E4 (length = 48 bytes)
$Script_Sign will be placed at 8024222C (length = 48 bytes)
$Script_MakeEntities will be placed at 80242274 (length = 44 bytes)
$String_Spell_Start2 will be placed at 802422B8 (length = 40 bytes)
$Header will be placed at 802422F8 (length = 40 bytes)
$Function_Init will be placed at 80242338 (length = 3C bytes)
$String_Spell_Start1 will be placed at 80242374 (length = 3C bytes)
$Script_Init_Cheato will be placed at 802423B0 (length = 38 bytes)
$String_Cheato_DontTeach will be placed at 802423E8 (length = 38 bytes)
$String_Spell_Broken will be placed at 80242420 (length = 30 bytes)
$Cheato_Settings will be placed at 80242450 (length = 2C bytes)
$String_StarShrine will be placed at 8024247C (length = 24 bytes)
$Script_Cheato_AfterBattle will be placed at 802424A0 (length = 24 bytes)
$EntryList will be placed at 802424C4 (length = 20 bytes)
$String_Cheato_StartBattle will be placed at 802424E4 (length = 20 bytes)
$NpcGroupList_pre01 will be placed at 80242504 (length = 18 bytes)
$Function_GetTattle will be placed at 8024251C (length = C bytes)
$ASCII_"pt_255"_Literal will be placed at 80242528 (length = C bytes)
$ASCII_"pre_02"_Literal will be placed at 80242534 (length = C bytes)
$ASCII_"tik_tex"_Literal will be placed at 80242540 (length = 8 bytes)
Executing patch: pre_02.mpat
Creating struct: $Header
Creating struct: $EntryList
Creating struct: $Function_Init
Creating struct: $Script_Main
Creating struct: $Script_StarSpirit
Creating struct: $Function_LoadStarPoints
Creating struct: $Function_SetStarPower
Creating struct: $Script_EnableTexPanning
Creating struct: $Script_80244A70
Creating struct: $Function_80240404
Creating struct: $Function_802402E0
Creating struct: $Script_MakeEntities
Creating struct: $Script_MakeExits
Creating struct: $Script_Exit0
Creating struct: $Script_Sign
Creating struct: $Function_GetTattle
Merged 1 regions to 1
$Script_StarSpirit will be placed at 80240000 (length = AC4 bytes)
$Script_Main will be placed at 80240AC4 (length = 32C bytes)
$Script_EnableTexPanning will be placed at 80240DF0 (length = 2C4 bytes)
$Function_80240404 will be placed at 802410B4 (length = 1E8 bytes)
$Function_802402E0 will be placed at 8024129C (length = 124 bytes)
$String_About will be placed at 802413C0 (length = C8 bytes)
$MapTattle will be placed at 80241488 (length = A4 bytes)
$Script_80244A70 will be placed at 8024152C (length = 9C bytes)
$Script_Exit0 will be placed at 802415C8 (length = 50 bytes)
$Function_LoadStarPoints will be placed at 80241618 (length = 50 bytes)
$Script_Sign will be placed at 80241668 (length = 48 bytes)
$Script_MakeEntities will be placed at 802416B0 (length = 44 bytes)
$Header will be placed at 802416F4 (length = 40 bytes)
$Function_Init will be placed at 80241734 (length = 3C bytes)
$Function_SetStarPower will be placed at 80241770 (length = 38 bytes)
$Script_MakeExits will be placed at 802417A8 (length = 2C bytes)
$EntryList will be placed at 802417D4 (length = 10 bytes)
$Function_GetTattle will be placed at 802417E4 (length = C bytes)
$ASCII_"pre_01"_Literal will be placed at 802417F0 (length = C bytes)
$ASCII_"tik_tex"_Literal will be placed at 802417FC (length = 8 bytes)
Executing patch: pre_03.mpat
Creating struct: $Function_Init
Creating struct: $EntryList
Creating struct: $Header
Creating struct: $Script_Main
Creating struct: $Script_Checkpoint1
Creating struct: $Script_Checkpoint2
Creating struct: $NpcGroupList_DimentioCS
Creating struct: $NpcGroupList_RubyCS
Creating struct: $NpcGroup_DimentioCS
Creating struct: $NpcGroup_RubyCS
Creating struct: $Script_null
Creating struct: $NpcSettings_Generic
Creating struct: $Script_Cutscene_DimentioBeated_Init
Creating struct: $Script_Cutscene_DimentioBeated
Creating struct: $bp_04
Creating struct: $Script_HammerGlowFX
Creating struct: $Script_DimentioSparkles
Creating struct: $Script_NpcFlyTo_MarioNPC
Creating struct: $Script_StickMarioToMarioNPC
Creating struct: $Script_ToogleMariosVisibility
Creating struct: $Script_Cutscene_Ruby
Creating struct: $Script_GameBeated
Creating struct: $Script_WelcomeToBlackPit
Creating struct: $Script_SaveGame
Creating struct: $Script_SaveAndQuit
Creating struct: $Function_Save
Creating struct: $Function_Save_GameFinished
Creating struct: $ASCII_pt_255
Creating struct: $ASCII_bp_03
Merged 1 regions to 1
$NpcGroup_DimentioCS will be placed at 80240000 (length = D90 bytes)
$Script_Main will be placed at 80240D90 (length = 53C bytes)
$Script_Cutscene_DimentioBeated will be placed at 802412CC (length = 4E4 bytes)
$Script_Cutscene_Ruby will be placed at 802417B0 (length = 32C bytes)
$Script_GameBeated will be placed at 80241ADC (length = 29C bytes)
$Script_Cutscene_DimentioBeated_Init will be placed at 80241D78 (length = 228 bytes)
$NpcGroup_RubyCS will be placed at 80241FA0 (length = 1F0 bytes)
$Script_Checkpoint2 will be placed at 80242190 (length = 190 bytes)
$Script_SaveAndQuit will be placed at 80242320 (length = 180 bytes)
$Script_Checkpoint1 will be placed at 802424A0 (length = 170 bytes)
$String_StartGame_1 will be placed at 80242610 (length = 158 bytes)
$Script_HammerGlowFX will be placed at 80242768 (length = 144 bytes)
$Script_DimentioSparkles will be placed at 802428AC (length = 100 bytes)
$Script_SaveGame will be placed at 802429AC (length = EC bytes)
$Script_ToogleMariosVisibility will be placed at 80242A98 (length = C0 bytes)
$String_StartGame_2 will be placed at 80242B58 (length = B4 bytes)
$Script_StickMarioToMarioNPC will be placed at 80242C0C (length = B4 bytes)
$EntryList will be placed at 80242CC0 (length = B0 bytes)
$Function_Save will be placed at 80242D70 (length = 98 bytes)
$Function_Save_GameFinished will be placed at 80242E08 (length = 98 bytes)
$Script_NpcFlyTo_MarioNPC will be placed at 80242EA0 (length = 74 bytes)
$Script_WelcomeToBlackPit will be placed at 80242F14 (length = 70 bytes)
$String_GameBeated_Reward3 will be placed at 80242F84 (length = 5C bytes)
$Choice_Checkpoint2 will be placed at 80242FE0 (length = 4C bytes)
$Choice_Checkpoint1 will be placed at 8024302C (length = 4C bytes)
$String_GameBeated_Reward2 will be placed at 80243078 (length = 4C bytes)
$Header will be placed at 802430C4 (length = 40 bytes)
$String_GameBeated_Reward1 will be placed at 80243104 (length = 3C bytes)
$String_AskTryAgain will be placed at 80243140 (length = 30 bytes)
$String_DontSave1 will be placed at 80243170 (length = 30 bytes)
$NpcSettings_Generic will be placed at 802431A0 (length = 2C bytes)
$String_AFFL1 will be placed at 802431CC (length = 1C bytes)
$NpcGroupList_DimentioCS will be placed at 802431E8 (length = 18 bytes)
$NpcGroupList_RubyCS will be placed at 80243200 (length = 18 bytes)
$Script_null will be placed at 80243218 (length = 10 bytes)
$ASCII_"pt_255"_Literal will be placed at 80243228 (length = C bytes)
$ASCII_pt_255 will be placed at 80243234 (length = C bytes)
$Function_Init will be placed at 80243240 (length = 8 bytes)
$ASCII_"bp_04"_Literal will be placed at 80243248 (length = 8 bytes)
$ASCII_"pt_00"_Literal will be placed at 80243250 (length = 8 bytes)
$ASCII_"bp_03"_Literal will be placed at 80243258 (length = 8 bytes)
$ASCII_"bp_06"_Literal will be placed at 80243260 (length = 8 bytes)
$ASCII_bp_03 will be placed at 80243268 (length = 8 bytes)
$bp_04 will be placed at 80243270 (length = 8 bytes)
Executing patch: pt11_16.mpat
Creating struct: $DeepestLevel
Creating struct: $TotalLevels_Sign
Creating struct: $TotalLevels_CurrentPlaythrough
Creating struct: $LoadHighscores
Creating struct: $FallingDownPipe
Creating struct: $Function_GetPos
Creating struct: $Function2
Creating struct: $SetSpawns
Creating struct: $Script_Set_Formation
Creating struct: $Function_OverwriteBattleID
Creating struct: $Script_SetMover
Creating struct: $Script_MapID_Converter
Creating struct: $Script_LoadOdds
Creating struct: $Script_LoadMoverType
Creating struct: $Script_SpawnMover
Creating struct: $Script_SetNPCPos
Creating struct: $Function_Load_MapID
Creating struct: $SwitchPath
Creating struct: $VectorList_SwitchPath
Creating struct: $GetPos
Creating struct: $DispawnPartner
Creating struct: $RespawnPartner
Creating struct: $LoadMap
Creating struct: $GetFloor
Creating struct: $LoadMapBandit
Creating struct: $GetFloorBandit
Creating struct: $SetSpawnsSpecial
Creating struct: $Script_SetMover_Special
Creating struct: $Script_SpawnMover_Special
Creating struct: $Script_Set_SpecialFormation
Creating struct: $Function_LoadCoinsInToVar1
Creating struct: $Script_SetSpawnPosition
Creating struct: $Script_Init_EnemyNPC
Creating struct: $Script_Init_Lakitu
Creating struct: $Script_TrackOutcome
Creating struct: $Script_LakituOutcome
Creating struct: $Script_FloorEnemy_Idle
Creating struct: $Script_Rogue_GiveTotalCoins
Creating struct: $Script_SetEnemyIdle
Creating struct: $Script_AddCoins
Creating struct: $NPC_Settings_Sack
Creating struct: $Script_Init_Bag
Creating struct: $Script_Init_Bag_HitBox
Creating struct: $Script_NPC_SackHit_Init
Creating struct: $Script_NPC_Sack_FX
Creating struct: $NPC_Sack_AnimationStart
Creating struct: $NPC_Sack_AnimationEnd
Creating struct: $Script_SackAnimation_SackAppears_100
Creating struct: $Script_SackAnimation_Start_GoToTheRight
Creating struct: $Script_SackAnimation_Start_GoToTheLeft
Creating struct: $Script_SackAnimation_End_Right
Creating struct: $Script_SackAnimation_End_Left
Creating struct: $Function_LoadMarioCoins
Creating struct: $Function_LoadCoinsLosted
Creating struct: $Function_SaveCoinsLosted
Creating struct: $Function_ResetCoinsLosted
Creating struct: $Function_LoadGainedCoins
Creating struct: $Function_RevivePlayer
Creating struct: $AISettings_MoneySack
Creating struct: $Script_NpcAI_MoneySack
Creating struct: $JumpTable_80242448
Creating struct: $Function_NpcAI_MoneySack
Creating struct: $Function_80240260
Creating struct: $Function_80240844
Creating struct: $Function_802409A8
Creating struct: $Script_TrackPlayer
Creating struct: $Script_PipeAnimation
Creating struct: $Function_SetAnimation
Creating struct: $Function_GetColliderPos
Creating struct: $Function_TrackInput
Creating struct: $GoToNextLevel
Creating struct: $GetFloorSign
Creating struct: $GetFloorSign_Rogue
Creating struct: $Function_GetTattle1
Creating struct: $Function_GetTattle2
Creating struct: $Script_ReadSign
Creating struct: $NpcSettings_Blank
Creating struct: $NpcGroup_Spring1
Creating struct: $NpcGroup_Spring2
Creating struct: $NpcGroup_Spring3
Creating struct: $NpcGroup_Spring4
Creating struct: $NpcGroup_Spring5
Creating struct: $NpcGroup_Spring6
Creating struct: $NpcGroup_Spring7
Creating struct: $NpcGroup_Spring8
Creating struct: $NpcGroup_Spring9
Creating struct: $NpcGroup_Spring10
Creating struct: $Header
Creating struct: $Script_Main2_Wait
Creating struct: $Script_Main2_Exec
Creating struct: $Script_TrackEvents
Creating struct: $Script_Cutscene_Event
Creating struct: $SkipCutscene_Event
Creating struct: $Script_ZoomIn_Camera_X
Creating struct: $Script_Cutscene_Ruby_Init
Creating struct: $Script_Cutscene_Ruby2
Creating struct: $NpcGroupList_RubyCS
Creating struct: $NpcGroup_RubyCS
Creating struct: $NpcSettings_Generic
Creating struct: $Script_null
Creating struct: $Script_SpawnNPCs
Creating struct: $Function_ResetEnemiesFlag
Creating struct: $EntryList
Creating struct: $Function_Init
Creating struct: $NpcGroup_Mover
Creating struct: $BlankSettings
Creating struct: $Script_Init_Mover
Creating struct: $Interact_Mover
Creating struct: $Script_MoverWarpAnimation
Creating struct: $SkipCutscene_MoverWarpAnimation
Creating struct: $NpcGroup_BanditMover
Creating struct: $Script_Init_BanditMover
Creating struct: $Script_Bandit_StartBattle
Creating struct: $Interact_BanditMover
Creating struct: $Script_Warning_Mario
Creating struct: $Script_NoThanks_Bandit
Creating struct: $Script_ZoomIn_Camera
Creating struct: $Script_ZoomIn_Camera_2
Creating struct: $Script_ZoomIn_Camera_3
Creating struct: $NpcGroup_MoneyBag
Creating struct: $Script_SetPipesPosition
Creating struct: $Script_DisableNumbers
Creating struct: $Script_SetFloorNumbers
Creating struct: $Script_CheckBanditStatus1
Creating struct: $Script_Cutscene_BanditStatus1
Creating struct: $Script_CheckBanditStatus2
Creating struct: $Script_TrackOutcome_Bandit
Creating struct: $Script_Cutscene_BanditDefeated
Creating struct: $SkipCutscene_BanditDefeated
Creating struct: $Script_AddCoins_Bandit
Creating struct: $Function_LoadPath
Creating struct: $Script_ClosePartnerDialog
Creating struct: $PipeSpawning
Creating struct: $EnablePipeCollider
Creating struct: $Script_MakeEntities
Creating struct: $CommingDownPipe
Creating struct: $Function_TimerCurrentFloor
Creating struct: $Script_MakeExits
Creating struct: $Script_Exit0
Creating struct: $Script_Main
Creating struct: $NpcGroups
Creating struct: $NpcGroup1
Creating struct: $NpcGroup7
Creating struct: $NpcGroup_Enemy1
Creating struct: $NpcSettings_Enemy1
Creating struct: $Script_EnemyAI
Creating struct: $AISettings_Enemy
Creating struct: $ConstDouble_802471E0
Creating struct: $JumpTable_802471E8
Creating struct: $Function_802406A4
Creating struct: $Function_80240310
Creating struct: $Function_8024038C
Creating struct: $Function_802404C0
Creating struct: $Function_80240624
Creating struct: $Script_DisableEnemyAI
Creating struct: $AISettings_DisableEnemy
Merged 1 regions to 1
$Script_SetFloorNumbers will be placed at 80240000 (length = 128C bytes)
$NpcGroup_RubyCS will be placed at 8024128C (length = 1170 bytes)
$LoadMap will be placed at 802423FC (length = C04 bytes)
$LoadMapBandit will be placed at 80243000 (length = B80 bytes)
$GoToNextLevel will be placed at 80243B80 (length = B10 bytes)
$Script_Cutscene_BanditDefeated will be placed at 80244690 (length = B08 bytes)
$Script_SetEnemyIdle will be placed at 80245198 (length = 674 bytes)
$Script_MapID_Converter will be placed at 8024580C (length = 60C bytes)
$Script_Warning_Mario will be placed at 80245E18 (length = 608 bytes)
$Function_80240260 will be placed at 80246420 (length = 5E4 bytes)
$Script_SetNPCPos will be placed at 80246A04 (length = 4D0 bytes)
$Script_Cutscene_Ruby_Init will be placed at 80246ED4 (length = 490 bytes)
$Function_802406A4 will be placed at 80247364 (length = 440 bytes)
$FallingDownPipe will be placed at 802477A4 (length = 418 bytes)
$Script_TrackEvents will be placed at 80247BBC (length = 410 bytes)
$NpcGroup_MoneyBag will be placed at 80247FCC (length = 3E0 bytes)
$Interact_BanditMover will be placed at 802483AC (length = 3D8 bytes)
$Script_CheckBanditStatus2 will be placed at 80248784 (length = 3D8 bytes)
$SkipCutscene_BanditDefeated will be placed at 80248B5C (length = 3D8 bytes)
$Interact_Mover will be placed at 80248F34 (length = 3CC bytes)
$Script_Set_SpecialFormation will be placed at 80249300 (length = 3B4 bytes)
$Script_FloorEnemy_Idle will be placed at 802496B4 (length = 388 bytes)
$Script_TrackOutcome_Bandit will be placed at 80249A3C (length = 330 bytes)
$Script_LakituOutcome will be placed at 80249D6C (length = 30C bytes)
$Script_Rogue_GiveTotalCoins will be placed at 8024A078 (length = 2FC bytes)
$Script_Set_Formation will be placed at 8024A374 (length = 2D4 bytes)
$PipeSpawning will be placed at 8024A648 (length = 2A0 bytes)
$Script_TrackOutcome will be placed at 8024A8E8 (length = 288 bytes)
$Script_Cutscene_Ruby2 will be placed at 8024AB70 (length = 258 bytes)
$Function_NpcAI_MoneySack will be placed at 8024ADC8 (length = 238 bytes)
$Script_SackAnimation_Start_GoToTheRight will be placed at 8024B000 (length = 230 bytes)
$Script_SetSpawnPosition will be placed at 8024B230 (length = 228 bytes)
$Script_Main2_Exec will be placed at 8024B458 (length = 228 bytes)
$Script_Cutscene_BanditStatus1 will be placed at 8024B680 (length = 21C bytes)
$Script_LoadMoverType will be placed at 8024B89C (length = 214 bytes)
$Script_NoThanks_Bandit will be placed at 8024BAB0 (length = 210 bytes)
$Script_SackAnimation_Start_GoToTheLeft will be placed at 8024BCC0 (length = 1F8 bytes)
$NpcGroup_Spring10 will be placed at 8024BEB8 (length = 1F0 bytes)
$NpcGroup_Enemy1 will be placed at 8024C0A8 (length = 1F0 bytes)
$NpcGroup_Spring1 will be placed at 8024C298 (length = 1F0 bytes)
$NpcGroup_Spring2 will be placed at 8024C488 (length = 1F0 bytes)
$NpcGroup_Spring3 will be placed at 8024C678 (length = 1F0 bytes)
$NpcGroup_Spring4 will be placed at 8024C868 (length = 1F0 bytes)
$NpcGroup_Spring5 will be placed at 8024CA58 (length = 1F0 bytes)
$NpcGroup_Spring6 will be placed at 8024CC48 (length = 1F0 bytes)
$NpcGroup_Spring7 will be placed at 8024CE38 (length = 1F0 bytes)
$NpcGroup_Spring8 will be placed at 8024D028 (length = 1F0 bytes)
$NpcGroup_Spring9 will be placed at 8024D218 (length = 1F0 bytes)
$NpcGroup_Mover will be placed at 8024D408 (length = 1F0 bytes)
$NpcGroup_BanditMover will be placed at 8024D5F8 (length = 1F0 bytes)
$Script_PipeAnimation will be placed at 8024D7E8 (length = 1C4 bytes)
$Script_Cutscene_Event will be placed at 8024D9AC (length = 198 bytes)
$Script_NPC_SackHit_Init will be placed at 8024DB44 (length = 198 bytes)
$Script_ClosePartnerDialog will be placed at 8024DCDC (length = 194 bytes)
$JumpTable_80242448 will be placed at 8024DE70 (length = 190 bytes)
$SkipCutscene_Event will be placed at 8024E000 (length = 188 bytes)
$Script_SpawnNPCs will be placed at 8024E188 (length = 174 bytes)
$NPC_Sack_AnimationStart will be placed at 8024E2FC (length = 168 bytes)
$Function_80240844 will be placed at 8024E464 (length = 164 bytes)
$Function_802404C0 will be placed at 8024E5C8 (length = 164 bytes)
$Script_SackAnimation_End_Right will be placed at 8024E72C (length = 158 bytes)
$Script_SackAnimation_End_Left will be placed at 8024E884 (length = 150 bytes)
$Script_TrackPlayer will be placed at 8024E9D4 (length = 144 bytes)
$Script_CheckBanditStatus1 will be placed at 8024EB18 (length = 13C bytes)
$MapTattle5 will be placed at 8024EC54 (length = 13C bytes)
$Function_8024038C will be placed at 8024ED90 (length = 134 bytes)
$MapTattle4 will be placed at 8024EEC4 (length = 130 bytes)
$BanditMover_Tattle will be placed at 8024EFF4 (length = 11C bytes)
$Function_LoadPath will be placed at 8024F110 (length = 114 bytes)
$Script_SackAnimation_SackAppears_100 will be placed at 8024F224 (length = 100 bytes)
$String_Partner_Event_1 will be placed at 8024F324 (length = FC bytes)
$Script_Main2_Wait will be placed at 8024F420 (length = F4 bytes)
$String_Warning2 will be placed at 8024F514 (length = F0 bytes)
$Script_SetMover_Special will be placed at 8024F604 (length = EC bytes)
$SetSpawnsSpecial will be placed at 8024F6F0 (length = E8 bytes)
$SetSpawns will be placed at 8024F7D8 (length = E8 bytes)
$String_Warning1 will be placed at 8024F8C0 (length = E8 bytes)
$DeepestLevel will be placed at 8024F9A8 (length = E4 bytes)
$Function_GetColliderPos will be placed at 8024FA8C (length = E0 bytes)
$Function_GetPos will be placed at 8024FB6C (length = E0 bytes)
$TotalLevels_Sign will be placed at 8024FC4C (length = DC bytes)
$Script_SpawnMover_Special will be placed at 8024FD28 (length = DC bytes)
$GetFloor will be placed at 8024FE04 (length = DC bytes)
$Script_DisableNumbers will be placed at 8024FEE0 (length = D8 bytes)
$MapTattle2 will be placed at 8024FFB8 (length = D4 bytes)
$NPC_Sack_AnimationEnd will be placed at 8025008C (length = D4 bytes)
$Script_SetMover will be placed at 80250160 (length = D0 bytes)
$GetFloorBandit will be placed at 80250230 (length = D0 bytes)
$Script_AddCoins_Bandit will be placed at 80250300 (length = C8 bytes)
$GetPos will be placed at 802503C8 (length = C8 bytes)
$SkipCutscene_MoverWarpAnimation will be placed at 80250490 (length = C4 bytes)
$Function_Init will be placed at 80250554 (length = C4 bytes)
$MoverStart will be placed at 80250618 (length = C0 bytes)
$String_Warning3 will be placed at 802506D8 (length = C0 bytes)
$Script_ZoomIn_Camera_3 will be placed at 80250798 (length = BC bytes)
$Script_ZoomIn_Camera_2 will be placed at 80250854 (length = BC bytes)
$Script_ZoomIn_Camera will be placed at 80250910 (length = BC bytes)
$Function_TrackInput will be placed at 802509CC (length = BC bytes)
$String_Bandit_Defeated4 will be placed at 80250A88 (length = B8 bytes)
$Script_MoverWarpAnimation will be placed at 80250B40 (length = B8 bytes)
$Script_NpcAI_MoneySack will be placed at 80250BF8 (length = B8 bytes)
$NpcGroups will be placed at 80250CB0 (length = B4 bytes)
$Script_SpawnMover will be placed at 80250D64 (length = B4 bytes)
$BanditMoverStart will be placed at 80250E18 (length = B4 bytes)
$MapTattle3 will be placed at 80250ECC (length = B0 bytes)
$Script_LoadOdds will be placed at 80250F7C (length = B0 bytes)
$Script_SetPipesPosition will be placed at 8025102C (length = B0 bytes)
$LoadHighscores will be placed at 802510DC (length = B0 bytes)
$MapTattle1 will be placed at 8025118C (length = A8 bytes)
$Script_AddCoins will be placed at 80251234 (length = A8 bytes)
$SwitchPath will be placed at 802512DC (length = A4 bytes)
$Script_NPC_Sack_FX will be placed at 80251380 (length = A4 bytes)
$Tattle_Springkeeper will be placed at 80251424 (length = A4 bytes)
$Script_ReadSign will be placed at 802514C8 (length = A0 bytes)
$Script_ZoomIn_Camera_X will be placed at 80251568 (length = A0 bytes)
$String_Bandit_Defeated9 will be placed at 80251608 (length = 9C bytes)
$Script_Bandit_StartBattle will be placed at 802516A4 (length = 9C bytes)
$Script_Main will be placed at 80251740 (length = 9C bytes)
$Mover_Tattle will be placed at 802517DC (length = 94 bytes)
$String_Bandit_Defeated3 will be placed at 80251870 (length = 90 bytes)
$String_Bandit_Defeated8 will be placed at 80251900 (length = 8C bytes)
$BanditMover_Options2 will be placed at 8025198C (length = 84 bytes)
$BanditMover_Options will be placed at 80251A10 (length = 84 bytes)
$Function_80240624 will be placed at 80251A94 (length = 80 bytes)
$String_Okay will be placed at 80251B14 (length = 80 bytes)
$Function_TimerCurrentFloor will be placed at 80251B94 (length = 7C bytes)
$SignStringBug will be placed at 80251C10 (length = 7C bytes)
$Function_80240310 will be placed at 80251C8C (length = 7C bytes)
$String_Rogue_CoinsGained_Success will be placed at 80251D08 (length = 78 bytes)
$Mover_Options will be placed at 80251D80 (length = 78 bytes)
$Script_EnemyAI will be placed at 80251DF8 (length = 70 bytes)
$Function2 will be placed at 80251E68 (length = 6C bytes)
$Function_SetAnimation will be placed at 80251ED4 (length = 6C bytes)
$String_Bandit_Defeated1 will be placed at 80251F40 (length = 68 bytes)
$CommingDownPipe will be placed at 80251FA8 (length = 68 bytes)
$MoverEnd will be placed at 80252010 (length = 68 bytes)
$BanditMoverEnd will be placed at 80252078 (length = 68 bytes)
$String_Bandit_Defeated_Partner3 will be placed at 802520E0 (length = 64 bytes)
$String_Bandit_Defeated_Partner2 will be placed at 80252144 (length = 64 bytes)
$Function_GetTattle1 will be placed at 802521A8 (length = 60 bytes)
$Function_OverwriteBattleID will be placed at 80252208 (length = 60 bytes)
$String_Bandit_Confrontation1 will be placed at 80252268 (length = 5C bytes)
$BanditMoverNoCoins will be placed at 802522C4 (length = 58 bytes)
$MoverNoCoins will be placed at 8025231C (length = 58 bytes)
$JumpTable_802471E8 will be placed at 80252374 (length = 54 bytes)
$String_Bandit_Defeated7 will be placed at 802523C8 (length = 50 bytes)
$String_Bandit_Defeated_Partner4 will be placed at 80252418 (length = 50 bytes)
$EntryList will be placed at 80252468 (length = 50 bytes)
$String_NoThanks will be placed at 802524B8 (length = 50 bytes)
$Script_Init_BanditMover will be placed at 80252508 (length = 4C bytes)
$GetFloorSign will be placed at 80252554 (length = 48 bytes)
$Function_Load_MapID will be placed at 8025259C (length = 48 bytes)
$GetFloorSign_Rogue will be placed at 802525E4 (length = 48 bytes)
$Script_MakeEntities will be placed at 8025262C (length = 44 bytes)
$Function_802409A8 will be placed at 80252670 (length = 44 bytes)
$Function_LoadCoinsInToVar1 will be placed at 802526B4 (length = 44 bytes)
$String_Bandit_Defeated_Partner1 will be placed at 802526F8 (length = 40 bytes)
$Header will be placed at 80252738 (length = 40 bytes)
$Function_LoadCoinsLosted will be placed at 80252778 (length = 40 bytes)
$Function_LoadMarioCoins will be placed at 802527B8 (length = 40 bytes)
$Function_LoadGainedCoins will be placed at 802527F8 (length = 40 bytes)
$Function_GetTattle2 will be placed at 80252838 (length = 3C bytes)
$Script_Exit0 will be placed at 80252874 (length = 3C bytes)
$Script_Init_Bag will be placed at 802528B0 (length = 38 bytes)
$Script_Init_Bag_HitBox will be placed at 802528E8 (length = 38 bytes)
$String_Bandit_Confrotation_Bye will be placed at 80252920 (length = 34 bytes)
$DispawnPartner will be placed at 80252954 (length = 34 bytes)
$String_Whatever will be placed at 80252988 (length = 30 bytes)
$EnablePipeCollider will be placed at 802529B8 (length = 30 bytes)
$AISettings_MoneySack will be placed at 802529E8 (length = 30 bytes)
$String_Bandit_Defeated2 will be placed at 80252A18 (length = 30 bytes)
$AISettings_Enemy will be placed at 80252A48 (length = 30 bytes)
$RespawnPartner will be placed at 80252A78 (length = 30 bytes)
$AISettings_DisableEnemy will be placed at 80252AA8 (length = 30 bytes)
$NPC_Settings_Sack will be placed at 80252AD8 (length = 2C bytes)
$NpcSettings_Generic will be placed at 80252B04 (length = 2C bytes)
$NpcSettings_Enemy1 will be placed at 80252B30 (length = 2C bytes)
$Function_RevivePlayer will be placed at 80252B5C (length = 2C bytes)
$NpcSettings_Blank will be placed at 80252B88 (length = 2C bytes)
$BlankSettings will be placed at 80252BB4 (length = 2C bytes)
$Script_MakeExits will be placed at 80252BE0 (length = 2C bytes)
$Function_ResetEnemiesFlag will be placed at 80252C0C (length = 2C bytes)
$String_List_NoYes will be placed at 80252C38 (length = 28 bytes)
$Function_SaveCoinsLosted will be placed at 80252C60 (length = 28 bytes)
$String_List_YesNo will be placed at 80252C88 (length = 28 bytes)
$Script_Init_EnemyNPC will be placed at 80252CB0 (length = 24 bytes)
$VectorList_SwitchPath will be placed at 80252CD4 (length = 24 bytes)
$Script_Init_Lakitu will be placed at 80252CF8 (length = 24 bytes)
$Script_Init_Mover will be placed at 80252D1C (length = 24 bytes)
$String_CoinsGained will be placed at 80252D40 (length = 24 bytes)
$String_Bandit_Defeated10 will be placed at 80252D64 (length = 24 bytes)
$String_Bandit_Defeated6 will be placed at 80252D88 (length = 20 bytes)
$String_Bandit_Defeated5 will be placed at 80252DA8 (length = 20 bytes)
$Script_DisableEnemyAI will be placed at 80252DC8 (length = 20 bytes)
$TotalLevels_CurrentPlaythrough will be placed at 80252DE8 (length = 1C bytes)
$NpcGroupList_RubyCS will be placed at 80252E04 (length = 18 bytes)
$SignString will be placed at 80252E1C (length = 18 bytes)
$String_Psst will be placed at 80252E34 (length = 10 bytes)
$Script_null will be placed at 80252E44 (length = 10 bytes)
$ASCII_"pt81_86_shape"_Literal will be placed at 80252E54 (length = 10 bytes)
$Function_ResetCoinsLosted will be placed at 80252E64 (length = 10 bytes)
$ASCII_"pt51_56_shape"_Literal will be placed at 80252E74 (length = 10 bytes)
$ASCII_"pt1_6_hit"_Literal will be placed at 80252E84 (length = C bytes)
$NpcGroup7 will be placed at 80252E90 (length = C bytes)
$NpcGroup1 will be placed at 80252E9C (length = C bytes)
$ASCII_"pt_100"_Literal will be placed at 80252EA8 (length = C bytes)
$ASCII_"dmo_00"_Literal will be placed at 80252EB4 (length = C bytes)
$ASCII_"pt1_6_shape"_Literal will be placed at 80252EC0 (length = C bytes)
$ASCII_"pt_85"_Literal will be placed at 80252ECC (length = 8 bytes)
$ASCII_"pt91_96"_Literal will be placed at 80252ED4 (length = 8 bytes)
$ASCII_"pt62_67"_Literal will be placed at 80252EDC (length = 8 bytes)
$ASCII_"pt33_38"_Literal will be placed at 80252EE4 (length = 8 bytes)
$ASCII_"pt1_6"_Literal will be placed at 80252EEC (length = 8 bytes)
$ASCII_"pt_95"_Literal will be placed at 80252EF4 (length = 8 bytes)
$ASCII_"pt4_9"_Literal will be placed at 80252EFC (length = 8 bytes)
$ASCII_"pt_65"_Literal will be placed at 80252F04 (length = 8 bytes)
$ASCII_"pt44_49"_Literal will be placed at 80252F0C (length = 8 bytes)
$ASCII_"pt81_86"_Literal will be placed at 80252F14 (length = 8 bytes)
$ASCII_"pt_80"_Literal will be placed at 80252F1C (length = 8 bytes)
$ASCII_"pt52_57"_Literal will be placed at 80252F24 (length = 8 bytes)
$ASCII_"pt23_28"_Literal will be placed at 80252F2C (length = 8 bytes)
$ASCII_"pt_50"_Literal will be placed at 80252F34 (length = 8 bytes)
$ASCII_"pt83_88"_Literal will be placed at 80252F3C (length = 8 bytes)
$ASCII_"pt54_59"_Literal will be placed at 80252F44 (length = 8 bytes)
$ASCII_"pt64_69"_Literal will be placed at 80252F4C (length = 8 bytes)
$ASCII_"pt72_77"_Literal will be placed at 80252F54 (length = 8 bytes)
$ASCII_"pt14_19"_Literal will be placed at 80252F5C (length = 8 bytes)
$ASCII_"pt34_39"_Literal will be placed at 80252F64 (length = 8 bytes)
$ASCII_"pt22_27"_Literal will be placed at 80252F6C (length = 8 bytes)
$ASCII_"pt21_26"_Literal will be placed at 80252F74 (length = 8 bytes)
$ASCII_"pt73_78"_Literal will be placed at 80252F7C (length = 8 bytes)
$ASCII_"pt84_89"_Literal will be placed at 80252F84 (length = 8 bytes)
$ASCII_"pt92_97"_Literal will be placed at 80252F8C (length = 8 bytes)
$ASCII_"pt_75"_Literal will be placed at 80252F94 (length = 8 bytes)
$ASCII_"pt53_58"_Literal will be placed at 80252F9C (length = 8 bytes)
$ASCII_"pt41_46"_Literal will be placed at 80252FA4 (length = 8 bytes)
$ASCII_"pt61_66"_Literal will be placed at 80252FAC (length = 8 bytes)
$ASCII_"pt32_37"_Literal will be placed at 80252FB4 (length = 8 bytes)
$ASCII_"pt_15"_Literal will be placed at 80252FBC (length = 8 bytes)
$ASCII_"pt11_16"_Literal will be placed at 80252FC4 (length = 8 bytes)
$ASCII_"pt_00"_Literal will be placed at 80252FCC (length = 8 bytes)
$ASCII_"pt74_79"_Literal will be placed at 80252FD4 (length = 8 bytes)
$ASCII_"pt_25"_Literal will be placed at 80252FDC (length = 8 bytes)
$ASCII_"pt_35"_Literal will be placed at 80252FE4 (length = 8 bytes)
$ASCII_"pt71_76"_Literal will be placed at 80252FEC (length = 8 bytes)
$ASCII_"pt42_47"_Literal will be placed at 80252FF4 (length = 8 bytes)
$ASCII_"pt13_18"_Literal will be placed at 80252FFC (length = 8 bytes)
$ASCII_"pt_05"_Literal will be placed at 80253004 (length = 8 bytes)
$ASCII_"pt93_98"_Literal will be placed at 8025300C (length = 8 bytes)
$ConstDouble_802471E0 will be placed at 80253018 (length = 8 bytes)
$ASCII_"pt43_48"_Literal will be placed at 80253020 (length = 8 bytes)
$ASCII_"pt51_56"_Literal will be placed at 80253028 (length = 8 bytes)
$ASCII_"pt_55"_Literal will be placed at 80253030 (length = 8 bytes)
$ASCII_"pt2_7"_Literal will be placed at 80253038 (length = 8 bytes)
$ASCII_"pt12_17"_Literal will be placed at 80253040 (length = 8 bytes)
$ASCII_"pt3_8"_Literal will be placed at 80253048 (length = 8 bytes)
$ASCII_"pt_10"_Literal will be placed at 80253050 (length = 8 bytes)
$ASCII_"tik_tex"_Literal will be placed at 80253058 (length = 8 bytes)
$ASCII_"pt31_36"_Literal will be placed at 80253060 (length = 8 bytes)
$ASCII_"pt63_68"_Literal will be placed at 80253068 (length = 8 bytes)
$ASCII_"pt94_99"_Literal will be placed at 80253070 (length = 8 bytes)
$ASCII_"pt82_87"_Literal will be placed at 80253078 (length = 8 bytes)
$ASCII_"pt_45"_Literal will be placed at 80253080 (length = 8 bytes)
$ASCII_"pt24_29"_Literal will be placed at 80253088 (length = 8 bytes)
$MoverCancel will be placed at 80253014 (length = 4 bytes)
$BanditMoverCancel will be placed at 80253090 (length = 4 bytes)
$CloseDialogBubble will be placed at 80253094 (length = 4 bytes)
Executing patch: pt12_17.mpat
Creating struct: $DeepestLevel
Creating struct: $TotalLevels_Sign
Creating struct: $TotalLevels_CurrentPlaythrough
Creating struct: $LoadHighscores
Creating struct: $FallingDownPipe
Creating struct: $Function_GetPos
Creating struct: $Function2
Creating struct: $SetSpawns
Creating struct: $Script_Set_Formation
Creating struct: $Function_OverwriteBattleID
Creating struct: $Script_SetMover
Creating struct: $Script_MapID_Converter
Creating struct: $Script_LoadOdds
Creating struct: $Script_LoadMoverType
Creating struct: $Script_SpawnMover
Creating struct: $Script_SetNPCPos
Creating struct: $Function_Load_MapID
Creating struct: $SwitchPath
Creating struct: $VectorList_SwitchPath
Creating struct: $GetPos
Creating struct: $DispawnPartner
Creating struct: $RespawnPartner
Creating struct: $LoadMap
Creating struct: $GetFloor
Creating struct: $LoadMapBandit
Creating struct: $GetFloorBandit
Creating struct: $SetSpawnsSpecial
Creating struct: $Script_SetMover_Special
Creating struct: $Script_SpawnMover_Special
Creating struct: $Script_Set_SpecialFormation
Creating struct: $Function_LoadCoinsInToVar1
Creating struct: $Script_SetSpawnPosition
Creating struct: $Script_Init_EnemyNPC
Creating struct: $Script_Init_Lakitu
Creating struct: $Script_TrackOutcome
Creating struct: $Script_LakituOutcome
Creating struct: $Script_FloorEnemy_Idle
Creating struct: $Script_Rogue_GiveTotalCoins
Creating struct: $Script_SetEnemyIdle
Creating struct: $Script_AddCoins
Creating struct: $NPC_Settings_Sack
Creating struct: $Script_Init_Bag
Creating struct: $Script_Init_Bag_HitBox
Creating struct: $Script_NPC_SackHit_Init
Creating struct: $Script_NPC_Sack_FX
Creating struct: $NPC_Sack_AnimationStart
Creating struct: $NPC_Sack_AnimationEnd
Creating struct: $Script_SackAnimation_SackAppears_100
Creating struct: $Script_SackAnimation_Start_GoToTheRight
Creating struct: $Script_SackAnimation_Start_GoToTheLeft
Creating struct: $Script_SackAnimation_End_Right
Creating struct: $Script_SackAnimation_End_Left
Creating struct: $Function_LoadMarioCoins
Creating struct: $Function_LoadCoinsLosted
Creating struct: $Function_SaveCoinsLosted
Creating struct: $Function_ResetCoinsLosted
Creating struct: $Function_LoadGainedCoins
Creating struct: $Function_RevivePlayer
Creating struct: $AISettings_MoneySack
Creating struct: $Script_NpcAI_MoneySack
Creating struct: $JumpTable_80242448
Creating struct: $Function_NpcAI_MoneySack
Creating struct: $Function_80240260
Creating struct: $Function_80240844
Creating struct: $Function_802409A8
Creating struct: $Script_TrackPlayer
Creating struct: $Script_PipeAnimation
Creating struct: $Function_SetAnimation
Creating struct: $Function_GetColliderPos
Creating struct: $Function_TrackInput
Creating struct: $GoToNextLevel
Creating struct: $GetFloorSign
Creating struct: $GetFloorSign_Rogue
Creating struct: $Function_GetTattle1
Creating struct: $Function_GetTattle2
Creating struct: $Script_ReadSign
Creating struct: $NpcSettings_Blank
Creating struct: $NpcGroup_Spring1
Creating struct: $NpcGroup_Spring2
Creating struct: $NpcGroup_Spring3
Creating struct: $NpcGroup_Spring4
Creating struct: $NpcGroup_Spring5
Creating struct: $NpcGroup_Spring6
Creating struct: $NpcGroup_Spring7
Creating struct: $NpcGroup_Spring8
Creating struct: $NpcGroup_Spring9
Creating struct: $NpcGroup_Spring10
Creating struct: $Header
Creating struct: $Script_Main2_Wait
Creating struct: $Script_Main2_Exec
Creating struct: $Script_TrackEvents
Creating struct: $Script_Cutscene_Event
Creating struct: $SkipCutscene_Event
Creating struct: $Script_ZoomIn_Camera_X
Creating struct: $Script_Cutscene_Ruby_Init
Creating struct: $Script_Cutscene_Ruby2
Creating struct: $NpcGroupList_RubyCS
Creating struct: $NpcGroup_RubyCS
Creating struct: $NpcSettings_Generic
Creating struct: $Script_null
Creating struct: $Script_SpawnNPCs
Creating struct: $Function_ResetEnemiesFlag
Creating struct: $EntryList
Creating struct: $Function_Init
Creating struct: $NpcGroup_Mover
Creating struct: $BlankSettings
Creating struct: $Script_Init_Mover
Creating struct: $Interact_Mover
Creating struct: $Script_MoverWarpAnimation
Creating struct: $SkipCutscene_MoverWarpAnimation
Creating struct: $NpcGroup_BanditMover
Creating struct: $Script_Init_BanditMover
Creating struct: $Script_Bandit_StartBattle
Creating struct: $Interact_BanditMover
Creating struct: $Script_Warning_Mario
Creating struct: $Script_NoThanks_Bandit
Creating struct: $Script_ZoomIn_Camera
Creating struct: $Script_ZoomIn_Camera_2
Creating struct: $Script_ZoomIn_Camera_3
Creating struct: $NpcGroup_MoneyBag
Creating struct: $Script_SetPipesPosition
Creating struct: $Script_DisableNumbers
Creating struct: $Script_SetFloorNumbers
Creating struct: $Script_CheckBanditStatus1
Creating struct: $Script_Cutscene_BanditStatus1
Creating struct: $Script_CheckBanditStatus2
Creating struct: $Script_TrackOutcome_Bandit
Creating struct: $Script_Cutscene_BanditDefeated
Creating struct: $SkipCutscene_BanditDefeated
Creating struct: $Script_AddCoins_Bandit
Creating struct: $Function_LoadPath
Creating struct: $Script_ClosePartnerDialog
Creating struct: $PipeSpawning
Creating struct: $EnablePipeCollider
Creating struct: $Script_MakeEntities
Creating struct: $CommingDownPipe
Creating struct: $Function_TimerCurrentFloor
Creating struct: $Script_MakeExits
Creating struct: $Script_Exit0
Creating struct: $Script_Main
Creating struct: $NpcGroups
Creating struct: $NpcGroup1
Creating struct: $NpcGroup7
Creating struct: $NpcGroup_Enemy1
Creating struct: $NpcSettings_Enemy1
Creating struct: $Script_EnemyAI
Creating struct: $AISettings_Enemy
Creating struct: $Script_DisableEnemyAI
Creating struct: $AISettings_DisableEnemy
Merged 1 regions to 1
$Script_SetFloorNumbers will be placed at 80240000 (length = 128C bytes)
$NpcGroup_RubyCS will be placed at 8024128C (length = 1170 bytes)
$LoadMap will be placed at 802423FC (length = C04 bytes)
$LoadMapBandit will be placed at 80243000 (length = B80 bytes)
$GoToNextLevel will be placed at 80243B80 (length = B10 bytes)
$Script_Cutscene_BanditDefeated will be placed at 80244690 (length = B08 bytes)
$Script_SetEnemyIdle will be placed at 80245198 (length = 674 bytes)
$Script_MapID_Converter will be placed at 8024580C (length = 60C bytes)
$Script_Warning_Mario will be placed at 80245E18 (length = 608 bytes)
$Function_80240260 will be placed at 80246420 (length = 5E4 bytes)
$Script_SetNPCPos will be placed at 80246A04 (length = 4D0 bytes)
$Script_Cutscene_Ruby_Init will be placed at 80246ED4 (length = 490 bytes)
$FallingDownPipe will be placed at 80247364 (length = 418 bytes)
$Script_TrackEvents will be placed at 8024777C (length = 410 bytes)
$NpcGroup_MoneyBag will be placed at 80247B8C (length = 3E0 bytes)
$Interact_BanditMover will be placed at 80247F6C (length = 3D8 bytes)
$Script_CheckBanditStatus2 will be placed at 80248344 (length = 3D8 bytes)
$SkipCutscene_BanditDefeated will be placed at 8024871C (length = 3D8 bytes)
$Interact_Mover will be placed at 80248AF4 (length = 3CC bytes)
$Script_Set_SpecialFormation will be placed at 80248EC0 (length = 3B4 bytes)
$Script_FloorEnemy_Idle will be placed at 80249274 (length = 388 bytes)
$Script_TrackOutcome_Bandit will be placed at 802495FC (length = 330 bytes)
$Script_LakituOutcome will be placed at 8024992C (length = 30C bytes)
$Script_Rogue_GiveTotalCoins will be placed at 80249C38 (length = 2FC bytes)
$Script_Set_Formation will be placed at 80249F34 (length = 2D4 bytes)
$PipeSpawning will be placed at 8024A208 (length = 2A0 bytes)
$Script_TrackOutcome will be placed at 8024A4A8 (length = 288 bytes)
$Script_Cutscene_Ruby2 will be placed at 8024A730 (length = 258 bytes)
$Function_NpcAI_MoneySack will be placed at 8024A988 (length = 238 bytes)
$Script_SackAnimation_Start_GoToTheRight will be placed at 8024ABC0 (length = 230 bytes)
$Script_SetSpawnPosition will be placed at 8024ADF0 (length = 228 bytes)
$Script_Main2_Exec will be placed at 8024B018 (length = 228 bytes)
$Script_Cutscene_BanditStatus1 will be placed at 8024B240 (length = 21C bytes)
$Script_LoadMoverType will be placed at 8024B45C (length = 214 bytes)
$Script_NoThanks_Bandit will be placed at 8024B670 (length = 210 bytes)
$Script_SackAnimation_Start_GoToTheLeft will be placed at 8024B880 (length = 1F8 bytes)
$NpcGroup_Spring10 will be placed at 8024BA78 (length = 1F0 bytes)
$NpcGroup_Enemy1 will be placed at 8024BC68 (length = 1F0 bytes)
$NpcGroup_Spring1 will be placed at 8024BE58 (length = 1F0 bytes)
$NpcGroup_Spring2 will be placed at 8024C048 (length = 1F0 bytes)
$NpcGroup_Spring3 will be placed at 8024C238 (length = 1F0 bytes)
$NpcGroup_Spring4 will be placed at 8024C428 (length = 1F0 bytes)
$NpcGroup_Spring5 will be placed at 8024C618 (length = 1F0 bytes)
$NpcGroup_Spring6 will be placed at 8024C808 (length = 1F0 bytes)
$NpcGroup_Spring7 will be placed at 8024C9F8 (length = 1F0 bytes)
$NpcGroup_Spring8 will be placed at 8024CBE8 (length = 1F0 bytes)
$NpcGroup_Spring9 will be placed at 8024CDD8 (length = 1F0 bytes)
$NpcGroup_Mover will be placed at 8024CFC8 (length = 1F0 bytes)
$NpcGroup_BanditMover will be placed at 8024D1B8 (length = 1F0 bytes)
$Script_PipeAnimation will be placed at 8024D3A8 (length = 1C4 bytes)
$Script_Cutscene_Event will be placed at 8024D56C (length = 198 bytes)
$Script_NPC_SackHit_Init will be placed at 8024D704 (length = 198 bytes)
$Script_ClosePartnerDialog will be placed at 8024D89C (length = 194 bytes)
$JumpTable_80242448 will be placed at 8024DA30 (length = 190 bytes)
$SkipCutscene_Event will be placed at 8024DBC0 (length = 188 bytes)
$Script_SpawnNPCs will be placed at 8024DD48 (length = 174 bytes)
$NPC_Sack_AnimationStart will be placed at 8024DEBC (length = 168 bytes)
$Function_80240844 will be placed at 8024E024 (length = 164 bytes)
$Script_SackAnimation_End_Right will be placed at 8024E188 (length = 158 bytes)
$Script_SackAnimation_End_Left will be placed at 8024E2E0 (length = 150 bytes)
$Script_TrackPlayer will be placed at 8024E430 (length = 144 bytes)
$Script_CheckBanditStatus1 will be placed at 8024E574 (length = 13C bytes)
$MapTattle5 will be placed at 8024E6B0 (length = 13C bytes)
$MapTattle4 will be placed at 8024E7EC (length = 130 bytes)
$BanditMover_Tattle will be placed at 8024E91C (length = 11C bytes)
$Function_LoadPath will be placed at 8024EA38 (length = 114 bytes)
$Script_SackAnimation_SackAppears_100 will be placed at 8024EB4C (length = 100 bytes)
$String_Partner_Event_1 will be placed at 8024EC4C (length = FC bytes)
$Script_Main2_Wait will be placed at 8024ED48 (length = F4 bytes)
$String_Warning2 will be placed at 8024EE3C (length = F0 bytes)
$Script_SetMover_Special will be placed at 8024EF2C (length = EC bytes)
$SetSpawnsSpecial will be placed at 8024F018 (length = E8 bytes)
$SetSpawns will be placed at 8024F100 (length = E8 bytes)
$String_Warning1 will be placed at 8024F1E8 (length = E8 bytes)
$DeepestLevel will be placed at 8024F2D0 (length = E4 bytes)
$Function_GetColliderPos will be placed at 8024F3B4 (length = E0 bytes)
$Function_GetPos will be placed at 8024F494 (length = E0 bytes)
$TotalLevels_Sign will be placed at 8024F574 (length = DC bytes)
$Script_SpawnMover_Special will be placed at 8024F650 (length = DC bytes)
$GetFloor will be placed at 8024F72C (length = DC bytes)
$Script_DisableNumbers will be placed at 8024F808 (length = D8 bytes)
$MapTattle2 will be placed at 8024F8E0 (length = D4 bytes)
$NPC_Sack_AnimationEnd will be placed at 8024F9B4 (length = D4 bytes)
$Script_SetMover will be placed at 8024FA88 (length = D0 bytes)
$GetFloorBandit will be placed at 8024FB58 (length = D0 bytes)
$Script_AddCoins_Bandit will be placed at 8024FC28 (length = C8 bytes)
$GetPos will be placed at 8024FCF0 (length = C8 bytes)
$SkipCutscene_MoverWarpAnimation will be placed at 8024FDB8 (length = C4 bytes)
$Function_Init will be placed at 8024FE7C (length = C4 bytes)
$MoverStart will be placed at 8024FF40 (length = C0 bytes)
$String_Warning3 will be placed at 80250000 (length = C0 bytes)
$Script_ZoomIn_Camera_3 will be placed at 802500C0 (length = BC bytes)
$Script_ZoomIn_Camera_2 will be placed at 8025017C (length = BC bytes)
$Script_ZoomIn_Camera will be placed at 80250238 (length = BC bytes)
$Function_TrackInput will be placed at 802502F4 (length = BC bytes)
$String_Bandit_Defeated4 will be placed at 802503B0 (length = B8 bytes)
$Script_MoverWarpAnimation will be placed at 80250468 (length = B8 bytes)
$Script_NpcAI_MoneySack will be placed at 80250520 (length = B8 bytes)
$NpcGroups will be placed at 802505D8 (length = B4 bytes)
$Script_SpawnMover will be placed at 8025068C (length = B4 bytes)
$BanditMoverStart will be placed at 80250740 (length = B4 bytes)
$MapTattle3 will be placed at 802507F4 (length = B0 bytes)
$Script_LoadOdds will be placed at 802508A4 (length = B0 bytes)
$Script_SetPipesPosition will be placed at 80250954 (length = B0 bytes)
$LoadHighscores will be placed at 80250A04 (length = B0 bytes)
$MapTattle1 will be placed at 80250AB4 (length = A8 bytes)
$Script_AddCoins will be placed at 80250B5C (length = A8 bytes)
$SwitchPath will be placed at 80250C04 (length = A4 bytes)
$Script_NPC_Sack_FX will be placed at 80250CA8 (length = A4 bytes)
$Tattle_Springkeeper will be placed at 80250D4C (length = A4 bytes)
$Script_ReadSign will be placed at 80250DF0 (length = A0 bytes)
$Script_ZoomIn_Camera_X will be placed at 80250E90 (length = A0 bytes)
$String_Bandit_Defeated9 will be placed at 80250F30 (length = 9C bytes)
$Script_Bandit_StartBattle will be placed at 80250FCC (length = 9C bytes)
$Script_Main will be placed at 80251068 (length = 9C bytes)
$Mover_Tattle will be placed at 80251104 (length = 94 bytes)
$String_Bandit_Defeated3 will be placed at 80251198 (length = 90 bytes)
$String_Bandit_Defeated8 will be placed at 80251228 (length = 8C bytes)
$BanditMover_Options2 will be placed at 802512B4 (length = 84 bytes)
$BanditMover_Options will be placed at 80251338 (length = 84 bytes)
$String_Okay will be placed at 802513BC (length = 80 bytes)
$Function_TimerCurrentFloor will be placed at 8025143C (length = 7C bytes)
$SignStringBug will be placed at 802514B8 (length = 7C bytes)
$String_Rogue_CoinsGained_Success will be placed at 80251534 (length = 78 bytes)
$Mover_Options will be placed at 802515AC (length = 78 bytes)
$Function2 will be placed at 80251624 (length = 6C bytes)
$Function_SetAnimation will be placed at 80251690 (length = 6C bytes)
$String_Bandit_Defeated1 will be placed at 802516FC (length = 68 bytes)
$CommingDownPipe will be placed at 80251764 (length = 68 bytes)
$MoverEnd will be placed at 802517CC (length = 68 bytes)
$BanditMoverEnd will be placed at 80251834 (length = 68 bytes)
$String_Bandit_Defeated_Partner3 will be placed at 8025189C (length = 64 bytes)
$String_Bandit_Defeated_Partner2 will be placed at 80251900 (length = 64 bytes)
$Function_GetTattle1 will be placed at 80251964 (length = 60 bytes)
$Function_OverwriteBattleID will be placed at 802519C4 (length = 60 bytes)
$String_Bandit_Confrontation1 will be placed at 80251A24 (length = 5C bytes)
$BanditMoverNoCoins will be placed at 80251A80 (length = 58 bytes)
$MoverNoCoins will be placed at 80251AD8 (length = 58 bytes)
$String_Bandit_Defeated7 will be placed at 80251B30 (length = 50 bytes)
$String_Bandit_Defeated_Partner4 will be placed at 80251B80 (length = 50 bytes)
$EntryList will be placed at 80251BD0 (length = 50 bytes)
$String_NoThanks will be placed at 80251C20 (length = 50 bytes)
$Script_Init_BanditMover will be placed at 80251C70 (length = 4C bytes)
$GetFloorSign will be placed at 80251CBC (length = 48 bytes)
$Function_Load_MapID will be placed at 80251D04 (length = 48 bytes)
$GetFloorSign_Rogue will be placed at 80251D4C (length = 48 bytes)
$Script_MakeEntities will be placed at 80251D94 (length = 44 bytes)
$Function_802409A8 will be placed at 80251DD8 (length = 44 bytes)
$Function_LoadCoinsInToVar1 will be placed at 80251E1C (length = 44 bytes)
$String_Bandit_Defeated_Partner1 will be placed at 80251E60 (length = 40 bytes)
$Header will be placed at 80251EA0 (length = 40 bytes)
$Function_LoadCoinsLosted will be placed at 80251EE0 (length = 40 bytes)
$Function_LoadMarioCoins will be placed at 80251F20 (length = 40 bytes)
$Function_LoadGainedCoins will be placed at 80251F60 (length = 40 bytes)
$Function_GetTattle2 will be placed at 80251FA0 (length = 3C bytes)
$Script_Exit0 will be placed at 80251FDC (length = 3C bytes)
$Script_Init_Bag will be placed at 80252018 (length = 38 bytes)
$Script_Init_Bag_HitBox will be placed at 80252050 (length = 38 bytes)
$String_Bandit_Confrotation_Bye will be placed at 80252088 (length = 34 bytes)
$DispawnPartner will be placed at 802520BC (length = 34 bytes)
$String_Whatever will be placed at 802520F0 (length = 30 bytes)
$EnablePipeCollider will be placed at 80252120 (length = 30 bytes)
$AISettings_MoneySack will be placed at 80252150 (length = 30 bytes)
$String_Bandit_Defeated2 will be placed at 80252180 (length = 30 bytes)
$AISettings_Enemy will be placed at 802521B0 (length = 30 bytes)
$RespawnPartner will be placed at 802521E0 (length = 30 bytes)
$AISettings_DisableEnemy will be placed at 80252210 (length = 30 bytes)
$NPC_Settings_Sack will be placed at 80252240 (length = 2C bytes)
$NpcSettings_Generic will be placed at 8025226C (length = 2C bytes)
$NpcSettings_Enemy1 will be placed at 80252298 (length = 2C bytes)
$Function_RevivePlayer will be placed at 802522C4 (length = 2C bytes)
$NpcSettings_Blank will be placed at 802522F0 (length = 2C bytes)
$BlankSettings will be placed at 8025231C (length = 2C bytes)
$Script_MakeExits will be placed at 80252348 (length = 2C bytes)
$Function_ResetEnemiesFlag will be placed at 80252374 (length = 2C bytes)
$String_List_NoYes will be placed at 802523A0 (length = 28 bytes)
$Function_SaveCoinsLosted will be placed at 802523C8 (length = 28 bytes)
$String_List_YesNo will be placed at 802523F0 (length = 28 bytes)
$Script_Init_EnemyNPC will be placed at 80252418 (length = 24 bytes)
$VectorList_SwitchPath will be placed at 8025243C (length = 24 bytes)
$Script_Init_Lakitu will be placed at 80252460 (length = 24 bytes)
$Script_Init_Mover will be placed at 80252484 (length = 24 bytes)
$String_CoinsGained will be placed at 802524A8 (length = 24 bytes)
$String_Bandit_Defeated10 will be placed at 802524CC (length = 24 bytes)
$String_Bandit_Defeated6 will be placed at 802524F0 (length = 20 bytes)
$String_Bandit_Defeated5 will be placed at 80252510 (length = 20 bytes)
$Script_DisableEnemyAI will be placed at 80252530 (length = 20 bytes)
$Script_EnemyAI will be placed at 80252550 (length = 20 bytes)
$TotalLevels_CurrentPlaythrough will be placed at 80252570 (length = 1C bytes)
$NpcGroupList_RubyCS will be placed at 8025258C (length = 18 bytes)
$SignString will be placed at 802525A4 (length = 18 bytes)
$String_Psst will be placed at 802525BC (length = 10 bytes)
$Script_null will be placed at 802525CC (length = 10 bytes)
$ASCII_"pt81_86_shape"_Literal will be placed at 802525DC (length = 10 bytes)
$Function_ResetCoinsLosted will be placed at 802525EC (length = 10 bytes)
$ASCII_"pt51_56_shape"_Literal will be placed at 802525FC (length = 10 bytes)
$ASCII_"pt1_6_hit"_Literal will be placed at 8025260C (length = C bytes)
$NpcGroup7 will be placed at 80252618 (length = C bytes)
$NpcGroup1 will be placed at 80252624 (length = C bytes)
$ASCII_"pt_100"_Literal will be placed at 80252630 (length = C bytes)
$ASCII_"dmo_00"_Literal will be placed at 8025263C (length = C bytes)
$ASCII_"pt1_6_shape"_Literal will be placed at 80252648 (length = C bytes)
$ASCII_"pt_85"_Literal will be placed at 80252654 (length = 8 bytes)
$ASCII_"pt91_96"_Literal will be placed at 8025265C (length = 8 bytes)
$ASCII_"pt62_67"_Literal will be placed at 80252664 (length = 8 bytes)
$ASCII_"pt33_38"_Literal will be placed at 8025266C (length = 8 bytes)
$ASCII_"pt1_6"_Literal will be placed at 80252674 (length = 8 bytes)
$ASCII_"pt_95"_Literal will be placed at 8025267C (length = 8 bytes)
$ASCII_"pt4_9"_Literal will be placed at 80252684 (length = 8 bytes)
$ASCII_"pt_65"_Literal will be placed at 8025268C (length = 8 bytes)
$ASCII_"pt44_49"_Literal will be placed at 80252694 (length = 8 bytes)
$ASCII_"pt81_86"_Literal will be placed at 8025269C (length = 8 bytes)
$ASCII_"pt_80"_Literal will be placed at 802526A4 (length = 8 bytes)
$ASCII_"pt52_57"_Literal will be placed at 802526AC (length = 8 bytes)
$ASCII_"pt23_28"_Literal will be placed at 802526B4 (length = 8 bytes)
$ASCII_"pt_50"_Literal will be placed at 802526BC (length = 8 bytes)
$ASCII_"pt83_88"_Literal will be placed at 802526C4 (length = 8 bytes)
$ASCII_"pt54_59"_Literal will be placed at 802526CC (length = 8 bytes)
$ASCII_"pt64_69"_Literal will be placed at 802526D4 (length = 8 bytes)
$ASCII_"pt72_77"_Literal will be placed at 802526DC (length = 8 bytes)
$ASCII_"pt14_19"_Literal will be placed at 802526E4 (length = 8 bytes)
$ASCII_"pt34_39"_Literal will be placed at 802526EC (length = 8 bytes)
$ASCII_"pt22_27"_Literal will be placed at 802526F4 (length = 8 bytes)
$ASCII_"pt21_26"_Literal will be placed at 802526FC (length = 8 bytes)
$ASCII_"pt73_78"_Literal will be placed at 80252704 (length = 8 bytes)
$ASCII_"pt84_89"_Literal will be placed at 8025270C (length = 8 bytes)
$ASCII_"pt92_97"_Literal will be placed at 80252714 (length = 8 bytes)
$ASCII_"pt_75"_Literal will be placed at 8025271C (length = 8 bytes)
$ASCII_"pt53_58"_Literal will be placed at 80252724 (length = 8 bytes)
$ASCII_"pt41_46"_Literal will be placed at 8025272C (length = 8 bytes)
$ASCII_"pt61_66"_Literal will be placed at 80252734 (length = 8 bytes)
$ASCII_"pt32_37"_Literal will be placed at 8025273C (length = 8 bytes)
$ASCII_"pt_15"_Literal will be placed at 80252744 (length = 8 bytes)
$ASCII_"pt11_16"_Literal will be placed at 8025274C (length = 8 bytes)
$ASCII_"pt_00"_Literal will be placed at 80252754 (length = 8 bytes)
$ASCII_"pt74_79"_Literal will be placed at 8025275C (length = 8 bytes)
$ASCII_"pt_25"_Literal will be placed at 80252764 (length = 8 bytes)
$ASCII_"pt_35"_Literal will be placed at 8025276C (length = 8 bytes)
$ASCII_"pt71_76"_Literal will be placed at 80252774 (length = 8 bytes)
$ASCII_"pt42_47"_Literal will be placed at 8025277C (length = 8 bytes)
$ASCII_"pt13_18"_Literal will be placed at 80252784 (length = 8 bytes)
$ASCII_"pt_05"_Literal will be placed at 8025278C (length = 8 bytes)
$ASCII_"pt93_98"_Literal will be placed at 80252794 (length = 8 bytes)
$ASCII_"pt43_48"_Literal will be placed at 8025279C (length = 8 bytes)
$ASCII_"pt51_56"_Literal will be placed at 802527A4 (length = 8 bytes)
$ASCII_"pt_55"_Literal will be placed at 802527AC (length = 8 bytes)
$ASCII_"pt2_7"_Literal will be placed at 802527B4 (length = 8 bytes)
$ASCII_"pt12_17"_Literal will be placed at 802527BC (length = 8 bytes)
$ASCII_"pt3_8"_Literal will be placed at 802527C4 (length = 8 bytes)
$ASCII_"pt_10"_Literal will be placed at 802527CC (length = 8 bytes)
$ASCII_"tik_tex"_Literal will be placed at 802527D4 (length = 8 bytes)
$ASCII_"pt31_36"_Literal will be placed at 802527DC (length = 8 bytes)
$ASCII_"pt63_68"_Literal will be placed at 802527E4 (length = 8 bytes)
$ASCII_"pt94_99"_Literal will be placed at 802527EC (length = 8 bytes)
$ASCII_"pt82_87"_Literal will be placed at 802527F4 (length = 8 bytes)
$ASCII_"pt_45"_Literal will be placed at 802527FC (length = 8 bytes)
$ASCII_"pt24_29"_Literal will be placed at 80252804 (length = 8 bytes)
$MoverCancel will be placed at 8025280C (length = 4 bytes)
$BanditMoverCancel will be placed at 80252810 (length = 4 bytes)
$CloseDialogBubble will be placed at 80252814 (length = 4 bytes)
Executing patch: pt13_18.mpat
Creating struct: $DeepestLevel
Creating struct: $TotalLevels_Sign
Creating struct: $TotalLevels_CurrentPlaythrough
Creating struct: $LoadHighscores
Creating struct: $FallingDownPipe
Creating struct: $Function_GetPos
Creating struct: $Function2
Creating struct: $SetSpawns
Creating struct: $Script_Set_Formation
Creating struct: $Function_OverwriteBattleID
Creating struct: $Script_SetMover
Creating struct: $Script_MapID_Converter
Creating struct: $Script_LoadOdds
Creating struct: $Script_LoadMoverType
Creating struct: $Script_SpawnMover
Creating struct: $Script_SetNPCPos
Creating struct: $Function_Load_MapID
Creating struct: $SwitchPath
Creating struct: $VectorList_SwitchPath
Creating struct: $GetPos
Creating struct: $DispawnPartner
Creating struct: $RespawnPartner
Creating struct: $LoadMap
Creating struct: $GetFloor
Creating struct: $LoadMapBandit
Creating struct: $GetFloorBandit
Creating struct: $SetSpawnsSpecial
Creating struct: $Script_SetMover_Special
Creating struct: $Script_SpawnMover_Special
Creating struct: $Script_Set_SpecialFormation
Creating struct: $Function_LoadCoinsInToVar1
Creating struct: $Script_SetSpawnPosition
Creating struct: $Script_Init_EnemyNPC
Creating struct: $Script_Init_Lakitu
Creating struct: $Script_TrackOutcome
Creating struct: $Script_LakituOutcome
Creating struct: $Script_FloorEnemy_Idle
Creating struct: $Script_Rogue_GiveTotalCoins
Creating struct: $Script_SetEnemyIdle
Creating struct: $Script_AddCoins
Creating struct: $NPC_Settings_Sack
Creating struct: $Script_Init_Bag
Creating struct: $Script_Init_Bag_HitBox
Creating struct: $Script_NPC_SackHit_Init
Creating struct: $Script_NPC_Sack_FX
Creating struct: $NPC_Sack_AnimationStart
Creating struct: $NPC_Sack_AnimationEnd
Creating struct: $Script_SackAnimation_SackAppears_100
Creating struct: $Script_SackAnimation_Start_GoToTheRight
Creating struct: $Script_SackAnimation_Start_GoToTheLeft
Creating struct: $Script_SackAnimation_End_Right
Creating struct: $Script_SackAnimation_End_Left
Creating struct: $Function_LoadMarioCoins
Creating struct: $Function_LoadCoinsLosted
Creating struct: $Function_SaveCoinsLosted
Creating struct: $Function_ResetCoinsLosted
Creating struct: $Function_LoadGainedCoins
Creating struct: $Function_RevivePlayer
Creating struct: $AISettings_MoneySack
Creating struct: $Script_NpcAI_MoneySack
Creating struct: $JumpTable_80242448
Creating struct: $Function_NpcAI_MoneySack
Creating struct: $Function_80240260
Creating struct: $Function_80240844
Creating struct: $Function_802409A8
Creating struct: $Script_TrackPlayer
Creating struct: $Script_PipeAnimation
Creating struct: $Function_SetAnimation
Creating struct: $Function_GetColliderPos
Creating struct: $Function_TrackInput
Creating struct: $GoToNextLevel
Creating struct: $GetFloorSign
Creating struct: $GetFloorSign_Rogue
Creating struct: $Function_GetTattle1
Creating struct: $Function_GetTattle2
Creating struct: $Script_ReadSign
Creating struct: $NpcSettings_Blank
Creating struct: $NpcGroup_Spring1
Creating struct: $NpcGroup_Spring2
Creating struct: $NpcGroup_Spring3
Creating struct: $NpcGroup_Spring4
Creating struct: $NpcGroup_Spring5
Creating struct: $NpcGroup_Spring6
Creating struct: $NpcGroup_Spring7
Creating struct: $NpcGroup_Spring8
Creating struct: $NpcGroup_Spring9
Creating struct: $NpcGroup_Spring10
Creating struct: $Header
Creating struct: $Script_Main2_Wait
Creating struct: $Script_Main2_Exec
Creating struct: $Script_TrackEvents
Creating struct: $Script_Cutscene_Event
Creating struct: $SkipCutscene_Event
Creating struct: $Script_ZoomIn_Camera_X
Creating struct: $Script_Cutscene_Ruby_Init
Creating struct: $Script_Cutscene_Ruby2
Creating struct: $NpcGroupList_RubyCS
Creating struct: $NpcGroup_RubyCS
Creating struct: $NpcSettings_Generic
Creating struct: $Script_null
Creating struct: $Script_SpawnNPCs
Creating struct: $Function_ResetEnemiesFlag
Creating struct: $EntryList
Creating struct: $Function_Init
Creating struct: $NpcGroup_Mover
Creating struct: $BlankSettings
Creating struct: $Script_Init_Mover
Creating struct: $Interact_Mover
Creating struct: $Script_MoverWarpAnimation
Creating struct: $SkipCutscene_MoverWarpAnimation
Creating struct: $NpcGroup_BanditMover
Creating struct: $Script_Init_BanditMover
Creating struct: $Script_Bandit_StartBattle
Creating struct: $Interact_BanditMover
Creating struct: $Script_Warning_Mario
Creating struct: $Script_NoThanks_Bandit
Creating struct: $Script_ZoomIn_Camera
Creating struct: $Script_ZoomIn_Camera_2
Creating struct: $Script_ZoomIn_Camera_3
Creating struct: $NpcGroup_MoneyBag
Creating struct: $Script_SetPipesPosition
Creating struct: $Script_DisableNumbers
Creating struct: $Script_SetFloorNumbers
Creating struct: $Script_CheckBanditStatus1
Creating struct: $Script_Cutscene_BanditStatus1
Creating struct: $Script_CheckBanditStatus2
Creating struct: $Script_TrackOutcome_Bandit
Creating struct: $Script_Cutscene_BanditDefeated
Creating struct: $SkipCutscene_BanditDefeated
Creating struct: $Script_AddCoins_Bandit
Creating struct: $Function_LoadPath
Creating struct: $Script_ClosePartnerDialog
Creating struct: $PipeSpawning
Creating struct: $EnablePipeCollider
Creating struct: $Script_MakeEntities
Creating struct: $CommingDownPipe
Creating struct: $Function_TimerCurrentFloor
Creating struct: $Script_MakeExits
Creating struct: $Script_Exit0
Creating struct: $Script_Main
Creating struct: $NpcGroups
Creating struct: $NpcGroup1
Creating struct: $NpcGroup7
Creating struct: $NpcGroup_Enemy1
Creating struct: $NpcSettings_Enemy1
Creating struct: $Script_EnemyAI
Creating struct: $Function_80240040
Creating struct: $AISettings_Enemy
Creating struct: $Script_DisableEnemyAI
Creating struct: $AISettings_DisableEnemy
Merged 1 regions to 1
$Script_SetFloorNumbers will be placed at 80240000 (length = 128C bytes)
$NpcGroup_RubyCS will be placed at 8024128C (length = 1170 bytes)
$LoadMap will be placed at 802423FC (length = C04 bytes)
$LoadMapBandit will be placed at 80243000 (length = B80 bytes)
$GoToNextLevel will be placed at 80243B80 (length = B10 bytes)
$Script_Cutscene_BanditDefeated will be placed at 80244690 (length = B08 bytes)
$Script_SetEnemyIdle will be placed at 80245198 (length = 674 bytes)
$Script_MapID_Converter will be placed at 8024580C (length = 60C bytes)
$Script_Warning_Mario will be placed at 80245E18 (length = 608 bytes)
$Function_80240260 will be placed at 80246420 (length = 5E4 bytes)
$Script_SetNPCPos will be placed at 80246A04 (length = 4D0 bytes)
$Script_Cutscene_Ruby_Init will be placed at 80246ED4 (length = 490 bytes)
$FallingDownPipe will be placed at 80247364 (length = 418 bytes)
$Script_TrackEvents will be placed at 8024777C (length = 410 bytes)
$NpcGroup_MoneyBag will be placed at 80247B8C (length = 3E0 bytes)
$Interact_BanditMover will be placed at 80247F6C (length = 3D8 bytes)
$Script_CheckBanditStatus2 will be placed at 80248344 (length = 3D8 bytes)
$SkipCutscene_BanditDefeated will be placed at 8024871C (length = 3D8 bytes)
$Interact_Mover will be placed at 80248AF4 (length = 3CC bytes)
$Script_Set_SpecialFormation will be placed at 80248EC0 (length = 3B4 bytes)
$Script_FloorEnemy_Idle will be placed at 80249274 (length = 388 bytes)
$Script_TrackOutcome_Bandit will be placed at 802495FC (length = 330 bytes)
$Script_LakituOutcome will be placed at 8024992C (length = 30C bytes)
$Script_Rogue_GiveTotalCoins will be placed at 80249C38 (length = 2FC bytes)
$Script_Set_Formation will be placed at 80249F34 (length = 2D4 bytes)
$PipeSpawning will be placed at 8024A208 (length = 2A0 bytes)
$Script_TrackOutcome will be placed at 8024A4A8 (length = 288 bytes)
$Script_Cutscene_Ruby2 will be placed at 8024A730 (length = 258 bytes)
$Function_NpcAI_MoneySack will be placed at 8024A988 (length = 238 bytes)
$Script_SackAnimation_Start_GoToTheRight will be placed at 8024ABC0 (length = 230 bytes)
$Script_SetSpawnPosition will be placed at 8024ADF0 (length = 228 bytes)
$Script_Main2_Exec will be placed at 8024B018 (length = 228 bytes)
$Script_Cutscene_BanditStatus1 will be placed at 8024B240 (length = 21C bytes)
$Script_LoadMoverType will be placed at 8024B45C (length = 214 bytes)
$Script_NoThanks_Bandit will be placed at 8024B670 (length = 210 bytes)
$Script_SackAnimation_Start_GoToTheLeft will be placed at 8024B880 (length = 1F8 bytes)
$NpcGroup_Spring10 will be placed at 8024BA78 (length = 1F0 bytes)
$NpcGroup_Enemy1 will be placed at 8024BC68 (length = 1F0 bytes)
$NpcGroup_Spring1 will be placed at 8024BE58 (length = 1F0 bytes)
$NpcGroup_Spring2 will be placed at 8024C048 (length = 1F0 bytes)
$NpcGroup_Spring3 will be placed at 8024C238 (length = 1F0 bytes)
$NpcGroup_Spring4 will be placed at 8024C428 (length = 1F0 bytes)
$NpcGroup_Spring5 will be placed at 8024C618 (length = 1F0 bytes)
$NpcGroup_Spring6 will be placed at 8024C808 (length = 1F0 bytes)
$NpcGroup_Spring7 will be placed at 8024C9F8 (length = 1F0 bytes)
$NpcGroup_Spring8 will be placed at 8024CBE8 (length = 1F0 bytes)
$NpcGroup_Spring9 will be placed at 8024CDD8 (length = 1F0 bytes)
$NpcGroup_Mover will be placed at 8024CFC8 (length = 1F0 bytes)
$NpcGroup_BanditMover will be placed at 8024D1B8 (length = 1F0 bytes)
$Script_PipeAnimation will be placed at 8024D3A8 (length = 1C4 bytes)
$Script_Cutscene_Event will be placed at 8024D56C (length = 198 bytes)
$Script_NPC_SackHit_Init will be placed at 8024D704 (length = 198 bytes)
$Script_ClosePartnerDialog will be placed at 8024D89C (length = 194 bytes)
$JumpTable_80242448 will be placed at 8024DA30 (length = 190 bytes)
$SkipCutscene_Event will be placed at 8024DBC0 (length = 188 bytes)
$Script_SpawnNPCs will be placed at 8024DD48 (length = 174 bytes)
$NPC_Sack_AnimationStart will be placed at 8024DEBC (length = 168 bytes)
$Function_80240844 will be placed at 8024E024 (length = 164 bytes)
$Script_SackAnimation_End_Right will be placed at 8024E188 (length = 158 bytes)
$Script_SackAnimation_End_Left will be placed at 8024E2E0 (length = 150 bytes)
$Script_TrackPlayer will be placed at 8024E430 (length = 144 bytes)
$Script_CheckBanditStatus1 will be placed at 8024E574 (length = 13C bytes)
$MapTattle5 will be placed at 8024E6B0 (length = 13C bytes)
$MapTattle4 will be placed at 8024E7EC (length = 130 bytes)
$BanditMover_Tattle will be placed at 8024E91C (length = 11C bytes)
$Function_LoadPath will be placed at 8024EA38 (length = 114 bytes)
$Script_SackAnimation_SackAppears_100 will be placed at 8024EB4C (length = 100 bytes)
$String_Partner_Event_1 will be placed at 8024EC4C (length = FC bytes)
$Script_Main2_Wait will be placed at 8024ED48 (length = F4 bytes)
$String_Warning2 will be placed at 8024EE3C (length = F0 bytes)
$Script_SetMover_Special will be placed at 8024EF2C (length = EC bytes)
$SetSpawnsSpecial will be placed at 8024F018 (length = E8 bytes)
$SetSpawns will be placed at 8024F100 (length = E8 bytes)
$String_Warning1 will be placed at 8024F1E8 (length = E8 bytes)
$DeepestLevel will be placed at 8024F2D0 (length = E4 bytes)
$Function_GetColliderPos will be placed at 8024F3B4 (length = E0 bytes)
$Function_GetPos will be placed at 8024F494 (length = E0 bytes)
$TotalLevels_Sign will be placed at 8024F574 (length = DC bytes)
$Script_SpawnMover_Special will be placed at 8024F650 (length = DC bytes)
$GetFloor will be placed at 8024F72C (length = DC bytes)
$Script_DisableNumbers will be placed at 8024F808 (length = D8 bytes)
$MapTattle2 will be placed at 8024F8E0 (length = D4 bytes)
$NPC_Sack_AnimationEnd will be placed at 8024F9B4 (length = D4 bytes)
$Script_SetMover will be placed at 8024FA88 (length = D0 bytes)
$GetFloorBandit will be placed at 8024FB58 (length = D0 bytes)
$Script_AddCoins_Bandit will be placed at 8024FC28 (length = C8 bytes)
$GetPos will be placed at 8024FCF0 (length = C8 bytes)
$SkipCutscene_MoverWarpAnimation will be placed at 8024FDB8 (length = C4 bytes)
$Function_Init will be placed at 8024FE7C (length = C4 bytes)
$MoverStart will be placed at 8024FF40 (length = C0 bytes)
$String_Warning3 will be placed at 80250000 (length = C0 bytes)
$Script_ZoomIn_Camera_3 will be placed at 802500C0 (length = BC bytes)
$Script_ZoomIn_Camera_2 will be placed at 8025017C (length = BC bytes)
$Script_ZoomIn_Camera will be placed at 80250238 (length = BC bytes)
$Function_TrackInput will be placed at 802502F4 (length = BC bytes)
$String_Bandit_Defeated4 will be placed at 802503B0 (length = B8 bytes)
$Script_MoverWarpAnimation will be placed at 80250468 (length = B8 bytes)
$Script_NpcAI_MoneySack will be placed at 80250520 (length = B8 bytes)
$NpcGroups will be placed at 802505D8 (length = B4 bytes)
$Script_SpawnMover will be placed at 8025068C (length = B4 bytes)
$BanditMoverStart will be placed at 80250740 (length = B4 bytes)
$MapTattle3 will be placed at 802507F4 (length = B0 bytes)
$Script_LoadOdds will be placed at 802508A4 (length = B0 bytes)
$Script_SetPipesPosition will be placed at 80250954 (length = B0 bytes)
$LoadHighscores will be placed at 80250A04 (length = B0 bytes)
$MapTattle1 will be placed at 80250AB4 (length = A8 bytes)
$Script_AddCoins will be placed at 80250B5C (length = A8 bytes)
$SwitchPath will be placed at 80250C04 (length = A4 bytes)
$Script_NPC_Sack_FX will be placed at 80250CA8 (length = A4 bytes)
$Tattle_Springkeeper will be placed at 80250D4C (length = A4 bytes)
$Script_ReadSign will be placed at 80250DF0 (length = A0 bytes)
$Script_ZoomIn_Camera_X will be placed at 80250E90 (length = A0 bytes)
$String_Bandit_Defeated9 will be placed at 80250F30 (length = 9C bytes)
$Script_Bandit_StartBattle will be placed at 80250FCC (length = 9C bytes)
$Script_Main will be placed at 80251068 (length = 9C bytes)
$Mover_Tattle will be placed at 80251104 (length = 94 bytes)
$String_Bandit_Defeated3 will be placed at 80251198 (length = 90 bytes)
$String_Bandit_Defeated8 will be placed at 80251228 (length = 8C bytes)
$BanditMover_Options2 will be placed at 802512B4 (length = 84 bytes)
$BanditMover_Options will be placed at 80251338 (length = 84 bytes)
$String_Okay will be placed at 802513BC (length = 80 bytes)
$Function_TimerCurrentFloor will be placed at 8025143C (length = 7C bytes)
$SignStringBug will be placed at 802514B8 (length = 7C bytes)
$String_Rogue_CoinsGained_Success will be placed at 80251534 (length = 78 bytes)
$Mover_Options will be placed at 802515AC (length = 78 bytes)
$Function2 will be placed at 80251624 (length = 6C bytes)
$Function_SetAnimation will be placed at 80251690 (length = 6C bytes)
$String_Bandit_Defeated1 will be placed at 802516FC (length = 68 bytes)
$CommingDownPipe will be placed at 80251764 (length = 68 bytes)
$MoverEnd will be placed at 802517CC (length = 68 bytes)
$BanditMoverEnd will be placed at 80251834 (length = 68 bytes)
$String_Bandit_Defeated_Partner3 will be placed at 8025189C (length = 64 bytes)
$String_Bandit_Defeated_Partner2 will be placed at 80251900 (length = 64 bytes)
$Function_GetTattle1 will be placed at 80251964 (length = 60 bytes)
$Function_OverwriteBattleID will be placed at 802519C4 (length = 60 bytes)
$String_Bandit_Confrontation1 will be placed at 80251A24 (length = 5C bytes)
$BanditMoverNoCoins will be placed at 80251A80 (length = 58 bytes)
$MoverNoCoins will be placed at 80251AD8 (length = 58 bytes)
$String_Bandit_Defeated7 will be placed at 80251B30 (length = 50 bytes)
$String_Bandit_Defeated_Partner4 will be placed at 80251B80 (length = 50 bytes)
$EntryList will be placed at 80251BD0 (length = 50 bytes)
$String_NoThanks will be placed at 80251C20 (length = 50 bytes)
$Script_Init_BanditMover will be placed at 80251C70 (length = 4C bytes)
$GetFloorSign will be placed at 80251CBC (length = 48 bytes)
$Function_Load_MapID will be placed at 80251D04 (length = 48 bytes)
$GetFloorSign_Rogue will be placed at 80251D4C (length = 48 bytes)
$Script_MakeEntities will be placed at 80251D94 (length = 44 bytes)
$Function_802409A8 will be placed at 80251DD8 (length = 44 bytes)
$Function_LoadCoinsInToVar1 will be placed at 80251E1C (length = 44 bytes)
$String_Bandit_Defeated_Partner1 will be placed at 80251E60 (length = 40 bytes)
$Header will be placed at 80251EA0 (length = 40 bytes)
$Function_LoadCoinsLosted will be placed at 80251EE0 (length = 40 bytes)
$Function_LoadMarioCoins will be placed at 80251F20 (length = 40 bytes)
$Function_LoadGainedCoins will be placed at 80251F60 (length = 40 bytes)
$Function_GetTattle2 will be placed at 80251FA0 (length = 3C bytes)
$Script_Exit0 will be placed at 80251FDC (length = 3C bytes)
$Script_Init_Bag will be placed at 80252018 (length = 38 bytes)
$Script_Init_Bag_HitBox will be placed at 80252050 (length = 38 bytes)
$String_Bandit_Confrotation_Bye will be placed at 80252088 (length = 34 bytes)
$DispawnPartner will be placed at 802520BC (length = 34 bytes)
$String_Whatever will be placed at 802520F0 (length = 30 bytes)
$EnablePipeCollider will be placed at 80252120 (length = 30 bytes)
$AISettings_MoneySack will be placed at 80252150 (length = 30 bytes)
$String_Bandit_Defeated2 will be placed at 80252180 (length = 30 bytes)
$AISettings_Enemy will be placed at 802521B0 (length = 30 bytes)
$RespawnPartner will be placed at 802521E0 (length = 30 bytes)
$AISettings_DisableEnemy will be placed at 80252210 (length = 30 bytes)
$NPC_Settings_Sack will be placed at 80252240 (length = 2C bytes)
$NpcSettings_Generic will be placed at 8025226C (length = 2C bytes)
$NpcSettings_Enemy1 will be placed at 80252298 (length = 2C bytes)
$Function_RevivePlayer will be placed at 802522C4 (length = 2C bytes)
$NpcSettings_Blank will be placed at 802522F0 (length = 2C bytes)
$BlankSettings will be placed at 8025231C (length = 2C bytes)
$Script_MakeExits will be placed at 80252348 (length = 2C bytes)
$Script_EnemyAI will be placed at 80252374 (length = 2C bytes)
$Function_ResetEnemiesFlag will be placed at 802523A0 (length = 2C bytes)
$String_List_NoYes will be placed at 802523CC (length = 28 bytes)
$Function_SaveCoinsLosted will be placed at 802523F4 (length = 28 bytes)
$String_List_YesNo will be placed at 8025241C (length = 28 bytes)
$Script_Init_EnemyNPC will be placed at 80252444 (length = 24 bytes)
$VectorList_SwitchPath will be placed at 80252468 (length = 24 bytes)
$Script_Init_Lakitu will be placed at 8025248C (length = 24 bytes)
$Script_Init_Mover will be placed at 802524B0 (length = 24 bytes)
$String_CoinsGained will be placed at 802524D4 (length = 24 bytes)
$String_Bandit_Defeated10 will be placed at 802524F8 (length = 24 bytes)
$String_Bandit_Defeated6 will be placed at 8025251C (length = 20 bytes)
$String_Bandit_Defeated5 will be placed at 8025253C (length = 20 bytes)
$Script_DisableEnemyAI will be placed at 8025255C (length = 20 bytes)
$TotalLevels_CurrentPlaythrough will be placed at 8025257C (length = 1C bytes)
$NpcGroupList_RubyCS will be placed at 80252598 (length = 18 bytes)
$SignString will be placed at 802525B0 (length = 18 bytes)
$Function_80240040 will be placed at 802525C8 (length = 14 bytes)
$String_Psst will be placed at 802525DC (length = 10 bytes)
$Script_null will be placed at 802525EC (length = 10 bytes)
$ASCII_"pt81_86_shape"_Literal will be placed at 802525FC (length = 10 bytes)
$Function_ResetCoinsLosted will be placed at 8025260C (length = 10 bytes)
$ASCII_"pt51_56_shape"_Literal will be placed at 8025261C (length = 10 bytes)
$ASCII_"pt1_6_hit"_Literal will be placed at 8025262C (length = C bytes)
$NpcGroup7 will be placed at 80252638 (length = C bytes)
$NpcGroup1 will be placed at 80252644 (length = C bytes)
$ASCII_"pt_100"_Literal will be placed at 80252650 (length = C bytes)
$ASCII_"dmo_00"_Literal will be placed at 8025265C (length = C bytes)
$ASCII_"pt1_6_shape"_Literal will be placed at 80252668 (length = C bytes)
$ASCII_"pt_85"_Literal will be placed at 80252674 (length = 8 bytes)
$ASCII_"pt91_96"_Literal will be placed at 8025267C (length = 8 bytes)
$ASCII_"pt62_67"_Literal will be placed at 80252684 (length = 8 bytes)
$ASCII_"pt33_38"_Literal will be placed at 8025268C (length = 8 bytes)
$ASCII_"pt1_6"_Literal will be placed at 80252694 (length = 8 bytes)
$ASCII_"pt_95"_Literal will be placed at 8025269C (length = 8 bytes)
$ASCII_"pt4_9"_Literal will be placed at 802526A4 (length = 8 bytes)
$ASCII_"pt_65"_Literal will be placed at 802526AC (length = 8 bytes)
$ASCII_"pt44_49"_Literal will be placed at 802526B4 (length = 8 bytes)
$ASCII_"pt81_86"_Literal will be placed at 802526BC (length = 8 bytes)
$ASCII_"pt_80"_Literal will be placed at 802526C4 (length = 8 bytes)
$ASCII_"pt52_57"_Literal will be placed at 802526CC (length = 8 bytes)
$ASCII_"pt23_28"_Literal will be placed at 802526D4 (length = 8 bytes)
$ASCII_"pt_50"_Literal will be placed at 802526DC (length = 8 bytes)
$ASCII_"pt83_88"_Literal will be placed at 802526E4 (length = 8 bytes)
$ASCII_"pt54_59"_Literal will be placed at 802526EC (length = 8 bytes)
$ASCII_"pt64_69"_Literal will be placed at 802526F4 (length = 8 bytes)
$ASCII_"pt72_77"_Literal will be placed at 802526FC (length = 8 bytes)
$ASCII_"pt14_19"_Literal will be placed at 80252704 (length = 8 bytes)
$ASCII_"pt34_39"_Literal will be placed at 8025270C (length = 8 bytes)
$ASCII_"pt22_27"_Literal will be placed at 80252714 (length = 8 bytes)
$ASCII_"pt21_26"_Literal will be placed at 8025271C (length = 8 bytes)
$ASCII_"pt73_78"_Literal will be placed at 80252724 (length = 8 bytes)
$ASCII_"pt84_89"_Literal will be placed at 8025272C (length = 8 bytes)
$ASCII_"pt92_97"_Literal will be placed at 80252734 (length = 8 bytes)
$ASCII_"pt_75"_Literal will be placed at 8025273C (length = 8 bytes)
$ASCII_"pt53_58"_Literal will be placed at 80252744 (length = 8 bytes)
$ASCII_"pt41_46"_Literal will be placed at 8025274C (length = 8 bytes)
$ASCII_"pt61_66"_Literal will be placed at 80252754 (length = 8 bytes)
$ASCII_"pt32_37"_Literal will be placed at 8025275C (length = 8 bytes)
$ASCII_"pt_15"_Literal will be placed at 80252764 (length = 8 bytes)
$ASCII_"pt11_16"_Literal will be placed at 8025276C (length = 8 bytes)
$ASCII_"pt_00"_Literal will be placed at 80252774 (length = 8 bytes)
$ASCII_"pt74_79"_Literal will be placed at 8025277C (length = 8 bytes)
$ASCII_"pt_25"_Literal will be placed at 80252784 (length = 8 bytes)
$ASCII_"pt_35"_Literal will be placed at 8025278C (length = 8 bytes)
$ASCII_"pt71_76"_Literal will be placed at 80252794 (length = 8 bytes)
$ASCII_"pt42_47"_Literal will be placed at 8025279C (length = 8 bytes)
$ASCII_"pt13_18"_Literal will be placed at 802527A4 (length = 8 bytes)
$ASCII_"pt_05"_Literal will be placed at 802527AC (length = 8 bytes)
$ASCII_"pt93_98"_Literal will be placed at 802527B4 (length = 8 bytes)
$ASCII_"pt43_48"_Literal will be placed at 802527BC (length = 8 bytes)
$ASCII_"pt51_56"_Literal will be placed at 802527C4 (length = 8 bytes)
$ASCII_"pt_55"_Literal will be placed at 802527CC (length = 8 bytes)
$ASCII_"pt2_7"_Literal will be placed at 802527D4 (length = 8 bytes)
$ASCII_"pt12_17"_Literal will be placed at 802527DC (length = 8 bytes)
$ASCII_"pt3_8"_Literal will be placed at 802527E4 (length = 8 bytes)
$ASCII_"pt_10"_Literal will be placed at 802527EC (length = 8 bytes)
$ASCII_"tik_tex"_Literal will be placed at 802527F4 (length = 8 bytes)
$ASCII_"pt31_36"_Literal will be placed at 802527FC (length = 8 bytes)
$ASCII_"pt63_68"_Literal will be placed at 80252804 (length = 8 bytes)
$ASCII_"pt94_99"_Literal will be placed at 8025280C (length = 8 bytes)
$ASCII_"pt82_87"_Literal will be placed at 80252814 (length = 8 bytes)
$ASCII_"pt_45"_Literal will be placed at 8025281C (length = 8 bytes)
$ASCII_"pt24_29"_Literal will be placed at 80252824 (length = 8 bytes)
$MoverCancel will be placed at 8025282C (length = 4 bytes)
$BanditMoverCancel will be placed at 80252830 (length = 4 bytes)
$CloseDialogBubble will be placed at 80252834 (length = 4 bytes)
Executing patch: pt14_19.mpat
Creating struct: $DeepestLevel
Creating struct: $TotalLevels_Sign
Creating struct: $TotalLevels_CurrentPlaythrough
Creating struct: $LoadHighscores
Creating struct: $FallingDownPipe
Creating struct: $Function_GetPos
Creating struct: $Function2
Creating struct: $SetSpawns
Creating struct: $Script_Set_Formation
Creating struct: $Function_OverwriteBattleID
Creating struct: $Script_SetMover
Creating struct: $Script_MapID_Converter
Creating struct: $Script_LoadOdds
Creating struct: $Script_LoadMoverType
Creating struct: $Script_SpawnMover
Creating struct: $Script_SetNPCPos
Creating struct: $Function_Load_MapID
Creating struct: $SwitchPath
Creating struct: $VectorList_SwitchPath
Creating struct: $GetPos
Creating struct: $DispawnPartner
Creating struct: $RespawnPartner
Creating struct: $LoadMap
Creating struct: $GetFloor
Creating struct: $LoadMapBandit
Creating struct: $GetFloorBandit
Creating struct: $SetSpawnsSpecial
Creating struct: $Script_SetMover_Special
Creating struct: $Script_SpawnMover_Special
Creating struct: $Script_Set_SpecialFormation
Creating struct: $Function_LoadCoinsInToVar1
Creating struct: $Script_SetSpawnPosition
Creating struct: $Script_Init_EnemyNPC
Creating struct: $Script_Init_Lakitu
Creating struct: $Script_TrackOutcome
Creating struct: $Script_LakituOutcome
Creating struct: $Script_FloorEnemy_Idle
Creating struct: $Script_Rogue_GiveTotalCoins
Creating struct: $Script_SetEnemyIdle
Creating struct: $Script_AddCoins
Creating struct: $NPC_Settings_Sack
Creating struct: $Script_Init_Bag
Creating struct: $Script_Init_Bag_HitBox
Creating struct: $Script_NPC_SackHit_Init
Creating struct: $Script_NPC_Sack_FX
Creating struct: $NPC_Sack_AnimationStart
Creating struct: $NPC_Sack_AnimationEnd
Creating struct: $Script_SackAnimation_SackAppears_100
Creating struct: $Script_SackAnimation_Start_GoToTheRight
Creating struct: $Script_SackAnimation_Start_GoToTheLeft
Creating struct: $Script_SackAnimation_End_Right
Creating struct: $Script_SackAnimation_End_Left
Creating struct: $Function_LoadMarioCoins
Creating struct: $Function_LoadCoinsLosted
Creating struct: $Function_SaveCoinsLosted
Creating struct: $Function_ResetCoinsLosted
Creating struct: $Function_LoadGainedCoins
Creating struct: $Function_RevivePlayer
Creating struct: $AISettings_MoneySack
Creating struct: $Script_NpcAI_MoneySack
Creating struct: $JumpTable_80242448
Creating struct: $Function_NpcAI_MoneySack
Creating struct: $Function_80240260
Creating struct: $Function_80240844
Creating struct: $Function_802409A8
Creating struct: $Script_TrackPlayer
Creating struct: $Script_PipeAnimation
Creating struct: $Function_SetAnimation
Creating struct: $Function_GetColliderPos
Creating struct: $Function_TrackInput
Creating struct: $GoToNextLevel
Creating struct: $GetFloorSign
Creating struct: $GetFloorSign_Rogue
Creating struct: $Function_GetTattle1
Creating struct: $Function_GetTattle2
Creating struct: $Script_ReadSign
Creating struct: $NpcSettings_Blank
Creating struct: $NpcGroup_Spring1
Creating struct: $NpcGroup_Spring2
Creating struct: $NpcGroup_Spring3
Creating struct: $NpcGroup_Spring4
Creating struct: $NpcGroup_Spring5
Creating struct: $NpcGroup_Spring6
Creating struct: $NpcGroup_Spring7
Creating struct: $NpcGroup_Spring8
Creating struct: $NpcGroup_Spring9
Creating struct: $NpcGroup_Spring10
Creating struct: $Header
Creating struct: $Script_Main2_Wait
Creating struct: $Script_Main2_Exec
Creating struct: $Script_TrackEvents
Creating struct: $Script_Cutscene_Event
Creating struct: $SkipCutscene_Event
Creating struct: $Script_ZoomIn_Camera_X
Creating struct: $Script_Cutscene_Ruby_Init
Creating struct: $Script_Cutscene_Ruby2
Creating struct: $NpcGroupList_RubyCS
Creating struct: $NpcGroup_RubyCS
Creating struct: $NpcSettings_Generic
Creating struct: $Script_null
Creating struct: $Script_SpawnNPCs
Creating struct: $Function_ResetEnemiesFlag
Creating struct: $EntryList
Creating struct: $Function_Init
Creating struct: $NpcGroup_Mover
Creating struct: $BlankSettings
Creating struct: $Script_Init_Mover
Creating struct: $Interact_Mover
Creating struct: $Script_MoverWarpAnimation
Creating struct: $SkipCutscene_MoverWarpAnimation
Creating struct: $NpcGroup_BanditMover
Creating struct: $Script_Init_BanditMover
Creating struct: $Script_Bandit_StartBattle
Creating struct: $Interact_BanditMover
Creating struct: $Script_Warning_Mario
Creating struct: $Script_NoThanks_Bandit
Creating struct: $Script_ZoomIn_Camera
Creating struct: $Script_ZoomIn_Camera_2
Creating struct: $Script_ZoomIn_Camera_3
Creating struct: $NpcGroup_MoneyBag
Creating struct: $Script_SetPipesPosition
Creating struct: $Script_DisableNumbers
Creating struct: $Script_SetFloorNumbers
Creating struct: $Script_CheckBanditStatus1
Creating struct: $Script_Cutscene_BanditStatus1
Creating struct: $Script_CheckBanditStatus2
Creating struct: $Script_TrackOutcome_Bandit
Creating struct: $Script_Cutscene_BanditDefeated
Creating struct: $SkipCutscene_BanditDefeated
Creating struct: $Script_AddCoins_Bandit
Creating struct: $Function_LoadPath
Creating struct: $Script_ClosePartnerDialog
Creating struct: $PipeSpawning
Creating struct: $EnablePipeCollider
Creating struct: $Script_MakeEntities
Creating struct: $CommingDownPipe
Creating struct: $Function_TimerCurrentFloor
Creating struct: $Script_MakeExits
Creating struct: $Script_Exit0
Creating struct: $Script_Main
Creating struct: $NpcGroups
Creating struct: $NpcGroup1
Creating struct: $NpcGroup7
Creating struct: $NpcGroup_Enemy1
Creating struct: $NpcSettings_Enemy1
Creating struct: $Script_EnemyAI
Creating struct: $AISettings_Enemy
Creating struct: $ConstDouble_80244CB0
Creating struct: $ConstDouble_80244CB8
Creating struct: $ConstDouble_80244CC0
Creating struct: $FloatTable_80242EF0
Creating struct: $JumpTable_80244CC8
Creating struct: $Function_802416AC
Creating struct: $Function_80241588
Creating struct: $Function_802403A0
Creating struct: $Function_80240550
Creating struct: $Function_80240B78
Creating struct: $Function_80240C38
Creating struct: $Function_80240F7C
Creating struct: $Function_80240FF4
Creating struct: $Function_80241060
Creating struct: $Function_80241194
Creating struct: $Function_802411F8
Creating struct: $Script_DisableEnemyAI
Creating struct: $AISettings_DisableEnemy
Merged 1 regions to 1
$Script_SetFloorNumbers will be placed at 80240000 (length = 128C bytes)
$NpcGroup_RubyCS will be placed at 8024128C (length = 1170 bytes)
$LoadMap will be placed at 802423FC (length = C04 bytes)
$LoadMapBandit will be placed at 80243000 (length = B80 bytes)
$GoToNextLevel will be placed at 80243B80 (length = B10 bytes)
$Script_Cutscene_BanditDefeated will be placed at 80244690 (length = B08 bytes)
$Script_SetEnemyIdle will be placed at 80245198 (length = 674 bytes)
$Function_80240550 will be placed at 8024580C (length = 624 bytes)
$Script_MapID_Converter will be placed at 80245E30 (length = 60C bytes)
$Script_Warning_Mario will be placed at 8024643C (length = 608 bytes)
$Function_80240260 will be placed at 80246A44 (length = 5E4 bytes)
$Script_SetNPCPos will be placed at 80247028 (length = 4D0 bytes)
$Script_Cutscene_Ruby_Init will be placed at 802474F8 (length = 490 bytes)
$FallingDownPipe will be placed at 80247988 (length = 418 bytes)
$Script_TrackEvents will be placed at 80247DA0 (length = 410 bytes)
$NpcGroup_MoneyBag will be placed at 802481B0 (length = 3E0 bytes)
$Interact_BanditMover will be placed at 80248590 (length = 3D8 bytes)
$Script_CheckBanditStatus2 will be placed at 80248968 (length = 3D8 bytes)
$SkipCutscene_BanditDefeated will be placed at 80248D40 (length = 3D8 bytes)
$Interact_Mover will be placed at 80249118 (length = 3CC bytes)
$Script_Set_SpecialFormation will be placed at 802494E4 (length = 3B4 bytes)
$Function_802411F8 will be placed at 80249898 (length = 390 bytes)
$Script_FloorEnemy_Idle will be placed at 80249C28 (length = 388 bytes)
$Function_80240C38 will be placed at 80249FB0 (length = 344 bytes)
$Script_TrackOutcome_Bandit will be placed at 8024A2F4 (length = 330 bytes)
$Script_LakituOutcome will be placed at 8024A624 (length = 30C bytes)
$Script_Rogue_GiveTotalCoins will be placed at 8024A930 (length = 2FC bytes)
$Script_Set_Formation will be placed at 8024AC2C (length = 2D4 bytes)
$PipeSpawning will be placed at 8024AF00 (length = 2A0 bytes)
$Script_TrackOutcome will be placed at 8024B1A0 (length = 288 bytes)
$Script_Cutscene_Ruby2 will be placed at 8024B428 (length = 258 bytes)
$Function_NpcAI_MoneySack will be placed at 8024B680 (length = 238 bytes)
$Script_SackAnimation_Start_GoToTheRight will be placed at 8024B8B8 (length = 230 bytes)
$Script_SetSpawnPosition will be placed at 8024BAE8 (length = 228 bytes)
$Script_Main2_Exec will be placed at 8024BD10 (length = 228 bytes)
$Script_Cutscene_BanditStatus1 will be placed at 8024BF38 (length = 21C bytes)
$Script_LoadMoverType will be placed at 8024C154 (length = 214 bytes)
$Script_NoThanks_Bandit will be placed at 8024C368 (length = 210 bytes)
$Script_SackAnimation_Start_GoToTheLeft will be placed at 8024C578 (length = 1F8 bytes)
$NpcGroup_Spring10 will be placed at 8024C770 (length = 1F0 bytes)
$NpcGroup_Enemy1 will be placed at 8024C960 (length = 1F0 bytes)
$NpcGroup_Spring1 will be placed at 8024CB50 (length = 1F0 bytes)
$NpcGroup_Spring2 will be placed at 8024CD40 (length = 1F0 bytes)
$NpcGroup_Spring3 will be placed at 8024CF30 (length = 1F0 bytes)
$NpcGroup_Spring4 will be placed at 8024D120 (length = 1F0 bytes)
$NpcGroup_Spring5 will be placed at 8024D310 (length = 1F0 bytes)
$NpcGroup_Spring6 will be placed at 8024D500 (length = 1F0 bytes)
$NpcGroup_Spring7 will be placed at 8024D6F0 (length = 1F0 bytes)
$NpcGroup_Spring8 will be placed at 8024D8E0 (length = 1F0 bytes)
$NpcGroup_Spring9 will be placed at 8024DAD0 (length = 1F0 bytes)
$NpcGroup_Mover will be placed at 8024DCC0 (length = 1F0 bytes)
$NpcGroup_BanditMover will be placed at 8024DEB0 (length = 1F0 bytes)
$Function_802416AC will be placed at 8024E0A0 (length = 1EC bytes)
$Script_PipeAnimation will be placed at 8024E28C (length = 1C4 bytes)
$Function_802403A0 will be placed at 8024E450 (length = 1B0 bytes)
$Script_Cutscene_Event will be placed at 8024E600 (length = 198 bytes)
$Script_NPC_SackHit_Init will be placed at 8024E798 (length = 198 bytes)
$Script_ClosePartnerDialog will be placed at 8024E930 (length = 194 bytes)
$JumpTable_80242448 will be placed at 8024EAC4 (length = 190 bytes)
$SkipCutscene_Event will be placed at 8024EC54 (length = 188 bytes)
$Script_SpawnNPCs will be placed at 8024EDDC (length = 174 bytes)
$NPC_Sack_AnimationStart will be placed at 8024EF50 (length = 168 bytes)
$Function_80240844 will be placed at 8024F0B8 (length = 164 bytes)
$Script_SackAnimation_End_Right will be placed at 8024F21C (length = 158 bytes)
$Script_SackAnimation_End_Left will be placed at 8024F374 (length = 150 bytes)
$Script_TrackPlayer will be placed at 8024F4C4 (length = 144 bytes)
$Script_CheckBanditStatus1 will be placed at 8024F608 (length = 13C bytes)
$MapTattle5 will be placed at 8024F744 (length = 13C bytes)
$Function_80241060 will be placed at 8024F880 (length = 134 bytes)
$MapTattle4 will be placed at 8024F9B4 (length = 130 bytes)
$Function_80241588 will be placed at 8024FAE4 (length = 124 bytes)
$BanditMover_Tattle will be placed at 8024FC08 (length = 11C bytes)
$Function_LoadPath will be placed at 8024FD24 (length = 114 bytes)
$Script_SackAnimation_SackAppears_100 will be placed at 8024FE38 (length = 100 bytes)
$String_Partner_Event_1 will be placed at 8024FF38 (length = FC bytes)
$Script_Main2_Wait will be placed at 80250034 (length = F4 bytes)
$String_Warning2 will be placed at 80250128 (length = F0 bytes)
$Script_SetMover_Special will be placed at 80250218 (length = EC bytes)
$SetSpawnsSpecial will be placed at 80250304 (length = E8 bytes)
$SetSpawns will be placed at 802503EC (length = E8 bytes)
$String_Warning1 will be placed at 802504D4 (length = E8 bytes)
$DeepestLevel will be placed at 802505BC (length = E4 bytes)
$Function_GetColliderPos will be placed at 802506A0 (length = E0 bytes)
$Function_GetPos will be placed at 80250780 (length = E0 bytes)
$TotalLevels_Sign will be placed at 80250860 (length = DC bytes)
$Script_SpawnMover_Special will be placed at 8025093C (length = DC bytes)
$GetFloor will be placed at 80250A18 (length = DC bytes)
$Script_DisableNumbers will be placed at 80250AF4 (length = D8 bytes)
$MapTattle2 will be placed at 80250BCC (length = D4 bytes)
$NPC_Sack_AnimationEnd will be placed at 80250CA0 (length = D4 bytes)
$Script_SetMover will be placed at 80250D74 (length = D0 bytes)
$GetFloorBandit will be placed at 80250E44 (length = D0 bytes)
$Script_AddCoins_Bandit will be placed at 80250F14 (length = C8 bytes)
$GetPos will be placed at 80250FDC (length = C8 bytes)
$SkipCutscene_MoverWarpAnimation will be placed at 802510A4 (length = C4 bytes)
$Function_Init will be placed at 80251168 (length = C4 bytes)
$MoverStart will be placed at 8025122C (length = C0 bytes)
$Function_80240B78 will be placed at 802512EC (length = C0 bytes)
$String_Warning3 will be placed at 802513AC (length = C0 bytes)
$Script_ZoomIn_Camera_3 will be placed at 8025146C (length = BC bytes)
$Script_ZoomIn_Camera_2 will be placed at 80251528 (length = BC bytes)
$Script_ZoomIn_Camera will be placed at 802515E4 (length = BC bytes)
$Function_TrackInput will be placed at 802516A0 (length = BC bytes)
$String_Bandit_Defeated4 will be placed at 8025175C (length = B8 bytes)
$Script_MoverWarpAnimation will be placed at 80251814 (length = B8 bytes)
$Script_NpcAI_MoneySack will be placed at 802518CC (length = B8 bytes)
$NpcGroups will be placed at 80251984 (length = B4 bytes)
$Script_SpawnMover will be placed at 80251A38 (length = B4 bytes)
$BanditMoverStart will be placed at 80251AEC (length = B4 bytes)
$MapTattle3 will be placed at 80251BA0 (length = B0 bytes)
$Script_LoadOdds will be placed at 80251C50 (length = B0 bytes)
$Script_SetPipesPosition will be placed at 80251D00 (length = B0 bytes)
$LoadHighscores will be placed at 80251DB0 (length = B0 bytes)
$MapTattle1 will be placed at 80251E60 (length = A8 bytes)
$Script_AddCoins will be placed at 80251F08 (length = A8 bytes)
$SwitchPath will be placed at 80251FB0 (length = A4 bytes)
$Script_NPC_Sack_FX will be placed at 80252054 (length = A4 bytes)
$Tattle_Springkeeper will be placed at 802520F8 (length = A4 bytes)
$Script_ReadSign will be placed at 8025219C (length = A0 bytes)
$Script_ZoomIn_Camera_X will be placed at 8025223C (length = A0 bytes)
$String_Bandit_Defeated9 will be placed at 802522DC (length = 9C bytes)
$Script_Bandit_StartBattle will be placed at 80252378 (length = 9C bytes)
$Script_Main will be placed at 80252414 (length = 9C bytes)
$Mover_Tattle will be placed at 802524B0 (length = 94 bytes)
$String_Bandit_Defeated3 will be placed at 80252544 (length = 90 bytes)
$String_Bandit_Defeated8 will be placed at 802525D4 (length = 8C bytes)
$BanditMover_Options2 will be placed at 80252660 (length = 84 bytes)
$BanditMover_Options will be placed at 802526E4 (length = 84 bytes)
$String_Okay will be placed at 80252768 (length = 80 bytes)
$Function_TimerCurrentFloor will be placed at 802527E8 (length = 7C bytes)
$SignStringBug will be placed at 80252864 (length = 7C bytes)
$String_Rogue_CoinsGained_Success will be placed at 802528E0 (length = 78 bytes)
$Function_80240F7C will be placed at 80252958 (length = 78 bytes)
$Mover_Options will be placed at 802529D0 (length = 78 bytes)
$Script_EnemyAI will be placed at 80252A48 (length = 70 bytes)
$Function2 will be placed at 80252AB8 (length = 6C bytes)
$Function_SetAnimation will be placed at 80252B24 (length = 6C bytes)
$Function_80240FF4 will be placed at 80252B90 (length = 6C bytes)
$String_Bandit_Defeated1 will be placed at 80252BFC (length = 68 bytes)
$CommingDownPipe will be placed at 80252C64 (length = 68 bytes)
$MoverEnd will be placed at 80252CCC (length = 68 bytes)
$BanditMoverEnd will be placed at 80252D34 (length = 68 bytes)
$String_Bandit_Defeated_Partner3 will be placed at 80252D9C (length = 64 bytes)
$String_Bandit_Defeated_Partner2 will be placed at 80252E00 (length = 64 bytes)
$Function_80241194 will be placed at 80252E64 (length = 64 bytes)
$Function_GetTattle1 will be placed at 80252EC8 (length = 60 bytes)
$Function_OverwriteBattleID will be placed at 80252F28 (length = 60 bytes)
$String_Bandit_Confrontation1 will be placed at 80252F88 (length = 5C bytes)
$BanditMoverNoCoins will be placed at 80252FE4 (length = 58 bytes)
$MoverNoCoins will be placed at 8025303C (length = 58 bytes)
$String_Bandit_Defeated7 will be placed at 80253094 (length = 50 bytes)
$String_Bandit_Defeated_Partner4 will be placed at 802530E4 (length = 50 bytes)
$EntryList will be placed at 80253134 (length = 50 bytes)
$String_NoThanks will be placed at 80253184 (length = 50 bytes)
$Script_Init_BanditMover will be placed at 802531D4 (length = 4C bytes)
$GetFloorSign will be placed at 80253220 (length = 48 bytes)
$Function_Load_MapID will be placed at 80253268 (length = 48 bytes)
$GetFloorSign_Rogue will be placed at 802532B0 (length = 48 bytes)
$Script_MakeEntities will be placed at 802532F8 (length = 44 bytes)
$Function_802409A8 will be placed at 8025333C (length = 44 bytes)
$Function_LoadCoinsInToVar1 will be placed at 80253380 (length = 44 bytes)
$String_Bandit_Defeated_Partner1 will be placed at 802533C4 (length = 40 bytes)
$Header will be placed at 80253404 (length = 40 bytes)
$Function_LoadCoinsLosted will be placed at 80253444 (length = 40 bytes)
$Function_LoadMarioCoins will be placed at 80253484 (length = 40 bytes)
$Function_LoadGainedCoins will be placed at 802534C4 (length = 40 bytes)
$Function_GetTattle2 will be placed at 80253504 (length = 3C bytes)
$JumpTable_80244CC8 will be placed at 80253540 (length = 3C bytes)
$Script_Exit0 will be placed at 8025357C (length = 3C bytes)
$Script_Init_Bag will be placed at 802535B8 (length = 38 bytes)
$Script_Init_Bag_HitBox will be placed at 802535F0 (length = 38 bytes)
$String_Bandit_Confrotation_Bye will be placed at 80253628 (length = 34 bytes)
$DispawnPartner will be placed at 8025365C (length = 34 bytes)
$String_Whatever will be placed at 80253690 (length = 30 bytes)
$EnablePipeCollider will be placed at 802536C0 (length = 30 bytes)
$AISettings_MoneySack will be placed at 802536F0 (length = 30 bytes)
$String_Bandit_Defeated2 will be placed at 80253720 (length = 30 bytes)
$AISettings_Enemy will be placed at 80253750 (length = 30 bytes)
$RespawnPartner will be placed at 80253780 (length = 30 bytes)
$AISettings_DisableEnemy will be placed at 802537B0 (length = 30 bytes)
$NPC_Settings_Sack will be placed at 802537E0 (length = 2C bytes)
$NpcSettings_Generic will be placed at 8025380C (length = 2C bytes)
$NpcSettings_Enemy1 will be placed at 80253838 (length = 2C bytes)
$Function_RevivePlayer will be placed at 80253864 (length = 2C bytes)
$NpcSettings_Blank will be placed at 80253890 (length = 2C bytes)
$BlankSettings will be placed at 802538BC (length = 2C bytes)
$Script_MakeExits will be placed at 802538E8 (length = 2C bytes)
$Function_ResetEnemiesFlag will be placed at 80253914 (length = 2C bytes)
$String_List_NoYes will be placed at 80253940 (length = 28 bytes)
$Function_SaveCoinsLosted will be placed at 80253968 (length = 28 bytes)
$String_List_YesNo will be placed at 80253990 (length = 28 bytes)
$Script_Init_EnemyNPC will be placed at 802539B8 (length = 24 bytes)
$VectorList_SwitchPath will be placed at 802539DC (length = 24 bytes)
$Script_Init_Lakitu will be placed at 80253A00 (length = 24 bytes)
$Script_Init_Mover will be placed at 80253A24 (length = 24 bytes)
$String_CoinsGained will be placed at 80253A48 (length = 24 bytes)
$String_Bandit_Defeated10 will be placed at 80253A6C (length = 24 bytes)
$String_Bandit_Defeated6 will be placed at 80253A90 (length = 20 bytes)
$String_Bandit_Defeated5 will be placed at 80253AB0 (length = 20 bytes)
$Script_DisableEnemyAI will be placed at 80253AD0 (length = 20 bytes)
$TotalLevels_CurrentPlaythrough will be placed at 80253AF0 (length = 1C bytes)
$NpcGroupList_RubyCS will be placed at 80253B0C (length = 18 bytes)
$FloatTable_80242EF0 will be placed at 80253B24 (length = 18 bytes)
$SignString will be placed at 80253B3C (length = 18 bytes)
$String_Psst will be placed at 80253B54 (length = 10 bytes)
$Script_null will be placed at 80253B64 (length = 10 bytes)
$ASCII_"pt81_86_shape"_Literal will be placed at 80253B74 (length = 10 bytes)
$Function_ResetCoinsLosted will be placed at 80253B84 (length = 10 bytes)
$ASCII_"pt51_56_shape"_Literal will be placed at 80253B94 (length = 10 bytes)
$ASCII_"pt1_6_hit"_Literal will be placed at 80253BA4 (length = C bytes)
$NpcGroup7 will be placed at 80253BB0 (length = C bytes)
$NpcGroup1 will be placed at 80253BBC (length = C bytes)
$ASCII_"pt_100"_Literal will be placed at 80253BC8 (length = C bytes)
$ASCII_"dmo_00"_Literal will be placed at 80253BD4 (length = C bytes)
$ASCII_"pt1_6_shape"_Literal will be placed at 80253BE0 (length = C bytes)
$ASCII_"pt_85"_Literal will be placed at 80253BEC (length = 8 bytes)
$ASCII_"pt91_96"_Literal will be placed at 80253BF4 (length = 8 bytes)
$ASCII_"pt62_67"_Literal will be placed at 80253BFC (length = 8 bytes)
$ASCII_"pt33_38"_Literal will be placed at 80253C04 (length = 8 bytes)
$ASCII_"pt1_6"_Literal will be placed at 80253C0C (length = 8 bytes)
$ASCII_"pt_95"_Literal will be placed at 80253C14 (length = 8 bytes)
$ASCII_"pt4_9"_Literal will be placed at 80253C1C (length = 8 bytes)
$ASCII_"pt_65"_Literal will be placed at 80253C24 (length = 8 bytes)
$ASCII_"pt44_49"_Literal will be placed at 80253C2C (length = 8 bytes)
$ASCII_"pt81_86"_Literal will be placed at 80253C34 (length = 8 bytes)
$ASCII_"pt_80"_Literal will be placed at 80253C3C (length = 8 bytes)
$ASCII_"pt52_57"_Literal will be placed at 80253C44 (length = 8 bytes)
$ASCII_"pt23_28"_Literal will be placed at 80253C4C (length = 8 bytes)
$ASCII_"pt_50"_Literal will be placed at 80253C54 (length = 8 bytes)
$ASCII_"pt83_88"_Literal will be placed at 80253C5C (length = 8 bytes)
$ASCII_"pt54_59"_Literal will be placed at 80253C64 (length = 8 bytes)
$ASCII_"pt64_69"_Literal will be placed at 80253C6C (length = 8 bytes)
$ASCII_"pt72_77"_Literal will be placed at 80253C74 (length = 8 bytes)
$ASCII_"pt14_19"_Literal will be placed at 80253C7C (length = 8 bytes)
$ASCII_"pt34_39"_Literal will be placed at 80253C84 (length = 8 bytes)
$ASCII_"pt22_27"_Literal will be placed at 80253C8C (length = 8 bytes)
$ASCII_"pt21_26"_Literal will be placed at 80253C94 (length = 8 bytes)
$ASCII_"pt73_78"_Literal will be placed at 80253C9C (length = 8 bytes)
$ASCII_"pt84_89"_Literal will be placed at 80253CA4 (length = 8 bytes)
$ASCII_"pt92_97"_Literal will be placed at 80253CAC (length = 8 bytes)
$ASCII_"pt_75"_Literal will be placed at 80253CB4 (length = 8 bytes)
$ASCII_"pt53_58"_Literal will be placed at 80253CBC (length = 8 bytes)
$ASCII_"pt41_46"_Literal will be placed at 80253CC4 (length = 8 bytes)
$ASCII_"pt61_66"_Literal will be placed at 80253CCC (length = 8 bytes)
$ASCII_"pt32_37"_Literal will be placed at 80253CD4 (length = 8 bytes)
$ASCII_"pt_15"_Literal will be placed at 80253CDC (length = 8 bytes)
$ASCII_"pt11_16"_Literal will be placed at 80253CE4 (length = 8 bytes)
$ASCII_"pt_00"_Literal will be placed at 80253CEC (length = 8 bytes)
$ASCII_"pt74_79"_Literal will be placed at 80253CF4 (length = 8 bytes)
$ASCII_"pt_25"_Literal will be placed at 80253CFC (length = 8 bytes)
$ASCII_"pt_35"_Literal will be placed at 80253D04 (length = 8 bytes)
$ASCII_"pt71_76"_Literal will be placed at 80253D0C (length = 8 bytes)
$ASCII_"pt42_47"_Literal will be placed at 80253D14 (length = 8 bytes)
$ASCII_"pt13_18"_Literal will be placed at 80253D1C (length = 8 bytes)
$ASCII_"pt_05"_Literal will be placed at 80253D24 (length = 8 bytes)
$ASCII_"pt93_98"_Literal will be placed at 80253D2C (length = 8 bytes)
$ASCII_"pt43_48"_Literal will be placed at 80253D34 (length = 8 bytes)
$ASCII_"pt51_56"_Literal will be placed at 80253D3C (length = 8 bytes)
$ASCII_"pt_55"_Literal will be placed at 80253D44 (length = 8 bytes)
$ASCII_"pt2_7"_Literal will be placed at 80253D4C (length = 8 bytes)
$ASCII_"pt12_17"_Literal will be placed at 80253D54 (length = 8 bytes)
$ASCII_"pt3_8"_Literal will be placed at 80253D5C (length = 8 bytes)
$ASCII_"pt_10"_Literal will be placed at 80253D64 (length = 8 bytes)
$ASCII_"tik_tex"_Literal will be placed at 80253D6C (length = 8 bytes)
$ASCII_"pt31_36"_Literal will be placed at 80253D74 (length = 8 bytes)
$ConstDouble_80244CC0 will be placed at 80253D80 (length = 8 bytes)
$ASCII_"pt63_68"_Literal will be placed at 80253D88 (length = 8 bytes)
$ASCII_"pt94_99"_Literal will be placed at 80253D90 (length = 8 bytes)
$ASCII_"pt82_87"_Literal will be placed at 80253D98 (length = 8 bytes)
$ConstDouble_80244CB8 will be placed at 80253DA0 (length = 8 bytes)
$ASCII_"pt_45"_Literal will be placed at 80253DA8 (length = 8 bytes)
$ASCII_"pt24_29"_Literal will be placed at 80253DB0 (length = 8 bytes)
$ConstDouble_80244CB0 will be placed at 80253DB8 (length = 8 bytes)
$MoverCancel will be placed at 80253D7C (length = 4 bytes)
$BanditMoverCancel will be placed at 80253DC0 (length = 4 bytes)
$CloseDialogBubble will be placed at 80253DC4 (length = 4 bytes)
Executing patch: pt1_6.mpat
Creating struct: $DeepestLevel
Creating struct: $TotalLevels_Sign
Creating struct: $TotalLevels_CurrentPlaythrough
Creating struct: $LoadHighscores
Creating struct: $FallingDownPipe
Creating struct: $Function_GetPos
Creating struct: $Function2
Creating struct: $SetSpawns
Creating struct: $Script_Set_Formation
Creating struct: $Function_OverwriteBattleID
Creating struct: $Script_SetMover
Creating struct: $Script_MapID_Converter
Creating struct: $Script_LoadOdds
Creating struct: $Script_LoadMoverType
Creating struct: $Script_SpawnMover
Creating struct: $Script_SetNPCPos
Creating struct: $Function_Load_MapID
Creating struct: $SwitchPath
Creating struct: $VectorList_SwitchPath
Creating struct: $GetPos
Creating struct: $DispawnPartner
Creating struct: $RespawnPartner
Creating struct: $LoadMap
Creating struct: $GetFloor
Creating struct: $LoadMapBandit
Creating struct: $GetFloorBandit
Creating struct: $SetSpawnsSpecial
Creating struct: $Script_SetMover_Special
Creating struct: $Script_SpawnMover_Special
Creating struct: $Script_Set_SpecialFormation
Creating struct: $Function_LoadCoinsInToVar1
Creating struct: $Script_SetSpawnPosition
Creating struct: $Script_Init_EnemyNPC
Creating struct: $Script_Init_Lakitu
Creating struct: $Script_TrackOutcome
Creating struct: $Script_LakituOutcome
Creating struct: $Script_FloorEnemy_Idle
Creating struct: $Script_Rogue_GiveTotalCoins
Creating struct: $Script_SetEnemyIdle
Creating struct: $Script_AddCoins
Creating struct: $NPC_Settings_Sack
Creating struct: $Script_Init_Bag
Creating struct: $Script_Init_Bag_HitBox
Creating struct: $Script_NPC_SackHit_Init
Creating struct: $Script_NPC_Sack_FX
Creating struct: $NPC_Sack_AnimationStart
Creating struct: $NPC_Sack_AnimationEnd
Creating struct: $Script_SackAnimation_SackAppears_100
Creating struct: $Script_SackAnimation_Start_GoToTheRight
Creating struct: $Script_SackAnimation_Start_GoToTheLeft
Creating struct: $Script_SackAnimation_End_Right
Creating struct: $Script_SackAnimation_End_Left
Creating struct: $Function_LoadMarioCoins
Creating struct: $Function_LoadCoinsLosted
Creating struct: $Function_SaveCoinsLosted
Creating struct: $Function_ResetCoinsLosted
Creating struct: $Function_LoadGainedCoins
Creating struct: $Function_RevivePlayer
Creating struct: $AISettings_MoneySack
Creating struct: $Script_NpcAI_MoneySack
Creating struct: $JumpTable_80242448
Creating struct: $Function_NpcAI_MoneySack
Creating struct: $Function_80240260
Creating struct: $Function_80240844
Creating struct: $Function_802409A8
Creating struct: $Script_TrackPlayer
Creating struct: $Script_PipeAnimation
Creating struct: $Function_SetAnimation
Creating struct: $Function_GetColliderPos
Creating struct: $Function_TrackInput
Creating struct: $GoToNextLevel
Creating struct: $GetFloorSign
Creating struct: $GetFloorSign_Rogue
Creating struct: $Function_GetTattle1
Creating struct: $Function_GetTattle2
Creating struct: $Script_ReadSign
Creating struct: $NpcSettings_Blank
Creating struct: $NpcGroup_Spring1
Creating struct: $NpcGroup_Spring2
Creating struct: $NpcGroup_Spring3
Creating struct: $NpcGroup_Spring4
Creating struct: $NpcGroup_Spring5
Creating struct: $NpcGroup_Spring6
Creating struct: $NpcGroup_Spring7
Creating struct: $NpcGroup_Spring8
Creating struct: $NpcGroup_Spring9
Creating struct: $NpcGroup_Spring10
Creating struct: $Header
Creating struct: $Script_Main2_Wait
Creating struct: $Script_Main2_Exec
Creating struct: $Script_TrackEvents
Creating struct: $Script_Cutscene_Event
Creating struct: $SkipCutscene_Event
Creating struct: $Script_ZoomIn_Camera_X
Creating struct: $Script_Cutscene_Ruby_Init
Creating struct: $Script_Cutscene_Ruby2
Creating struct: $NpcGroupList_RubyCS
Creating struct: $NpcGroup_RubyCS
Creating struct: $NpcSettings_Generic
Creating struct: $Script_null
Creating struct: $Script_SpawnNPCs
Creating struct: $Function_ResetEnemiesFlag
Creating struct: $EntryList
Creating struct: $Function_Init
Creating struct: $NpcGroup_Mover
Creating struct: $BlankSettings
Creating struct: $Script_Init_Mover
Creating struct: $Interact_Mover
Creating struct: $Script_MoverWarpAnimation
Creating struct: $SkipCutscene_MoverWarpAnimation
Creating struct: $NpcGroup_BanditMover
Creating struct: $Script_Init_BanditMover
Creating struct: $Script_Bandit_StartBattle
Creating struct: $Interact_BanditMover
Creating struct: $Script_Warning_Mario
Creating struct: $Script_NoThanks_Bandit
Creating struct: $Script_ZoomIn_Camera
Creating struct: $Script_ZoomIn_Camera_2
Creating struct: $Script_ZoomIn_Camera_3
Creating struct: $NpcGroup_MoneyBag
Creating struct: $Script_SetPipesPosition
Creating struct: $Script_DisableNumbers
Creating struct: $Script_SetFloorNumbers
Creating struct: $Script_CheckBanditStatus1
Creating struct: $Script_Cutscene_BanditStatus1
Creating struct: $Script_CheckBanditStatus2
Creating struct: $Script_TrackOutcome_Bandit
Creating struct: $Script_Cutscene_BanditDefeated
Creating struct: $SkipCutscene_BanditDefeated
Creating struct: $Script_AddCoins_Bandit
Creating struct: $Function_LoadPath
Creating struct: $Script_ClosePartnerDialog
Creating struct: $PipeSpawning
Creating struct: $EnablePipeCollider
Creating struct: $Script_MakeEntities
Creating struct: $CommingDownPipe
Creating struct: $Function_TimerCurrentFloor
Creating struct: $Script_MakeExits
Creating struct: $Script_Exit0
Creating struct: $Script_Main
Creating struct: $NpcGroups
Creating struct: $NpcGroup1
Creating struct: $NpcGroup7
Creating struct: $NpcGroup_Enemy1
Creating struct: $NpcSettings_Enemy1
Creating struct: $Script_EnemyAI
Creating struct: $AISettings_Enemy
Merged 1 regions to 1
$Script_SetFloorNumbers will be placed at 80240000 (length = 128C bytes)
$NpcGroup_RubyCS will be placed at 8024128C (length = 1170 bytes)
$LoadMap will be placed at 802423FC (length = C04 bytes)
$LoadMapBandit will be placed at 80243000 (length = B80 bytes)
$GoToNextLevel will be placed at 80243B80 (length = B10 bytes)
$Script_Cutscene_BanditDefeated will be placed at 80244690 (length = B08 bytes)
$Script_SetEnemyIdle will be placed at 80245198 (length = 674 bytes)
$Script_MapID_Converter will be placed at 8024580C (length = 60C bytes)
$Script_Warning_Mario will be placed at 80245E18 (length = 608 bytes)
$Function_80240260 will be placed at 80246420 (length = 5E4 bytes)
$Script_SetNPCPos will be placed at 80246A04 (length = 4D0 bytes)
$Script_Cutscene_Ruby_Init will be placed at 80246ED4 (length = 490 bytes)
$FallingDownPipe will be placed at 80247364 (length = 418 bytes)
$Script_TrackEvents will be placed at 8024777C (length = 410 bytes)
$NpcGroup_MoneyBag will be placed at 80247B8C (length = 3E0 bytes)
$Interact_BanditMover will be placed at 80247F6C (length = 3D8 bytes)
$Script_CheckBanditStatus2 will be placed at 80248344 (length = 3D8 bytes)
$SkipCutscene_BanditDefeated will be placed at 8024871C (length = 3D8 bytes)
$Interact_Mover will be placed at 80248AF4 (length = 3CC bytes)
$Script_Set_SpecialFormation will be placed at 80248EC0 (length = 3B4 bytes)
$Script_FloorEnemy_Idle will be placed at 80249274 (length = 388 bytes)
$Script_TrackOutcome_Bandit will be placed at 802495FC (length = 330 bytes)
$Script_LakituOutcome will be placed at 8024992C (length = 30C bytes)
$Script_Rogue_GiveTotalCoins will be placed at 80249C38 (length = 2FC bytes)
$Script_Set_Formation will be placed at 80249F34 (length = 2D4 bytes)
$PipeSpawning will be placed at 8024A208 (length = 2A0 bytes)
$Script_TrackOutcome will be placed at 8024A4A8 (length = 288 bytes)
$Script_Cutscene_Ruby2 will be placed at 8024A730 (length = 258 bytes)
$Function_NpcAI_MoneySack will be placed at 8024A988 (length = 238 bytes)
$Script_SackAnimation_Start_GoToTheRight will be placed at 8024ABC0 (length = 230 bytes)
$Script_SetSpawnPosition will be placed at 8024ADF0 (length = 228 bytes)
$Script_Main2_Exec will be placed at 8024B018 (length = 228 bytes)
$Script_Cutscene_BanditStatus1 will be placed at 8024B240 (length = 21C bytes)
$Script_LoadMoverType will be placed at 8024B45C (length = 214 bytes)
$Script_NoThanks_Bandit will be placed at 8024B670 (length = 210 bytes)
$Script_SackAnimation_Start_GoToTheLeft will be placed at 8024B880 (length = 1F8 bytes)
$NpcGroup_Spring10 will be placed at 8024BA78 (length = 1F0 bytes)
$NpcGroup_Enemy1 will be placed at 8024BC68 (length = 1F0 bytes)
$NpcGroup_Spring1 will be placed at 8024BE58 (length = 1F0 bytes)
$NpcGroup_Spring2 will be placed at 8024C048 (length = 1F0 bytes)
$NpcGroup_Spring3 will be placed at 8024C238 (length = 1F0 bytes)
$NpcGroup_Spring4 will be placed at 8024C428 (length = 1F0 bytes)
$NpcGroup_Spring5 will be placed at 8024C618 (length = 1F0 bytes)
$NpcGroup_Spring6 will be placed at 8024C808 (length = 1F0 bytes)
$NpcGroup_Spring7 will be placed at 8024C9F8 (length = 1F0 bytes)
$NpcGroup_Spring8 will be placed at 8024CBE8 (length = 1F0 bytes)
$NpcGroup_Spring9 will be placed at 8024CDD8 (length = 1F0 bytes)
$NpcGroup_Mover will be placed at 8024CFC8 (length = 1F0 bytes)
$NpcGroup_BanditMover will be placed at 8024D1B8 (length = 1F0 bytes)
$Script_PipeAnimation will be placed at 8024D3A8 (length = 1C4 bytes)
$Script_Cutscene_Event will be placed at 8024D56C (length = 198 bytes)
$Script_NPC_SackHit_Init will be placed at 8024D704 (length = 198 bytes)
$Script_ClosePartnerDialog will be placed at 8024D89C (length = 194 bytes)
$JumpTable_80242448 will be placed at 8024DA30 (length = 190 bytes)
$SkipCutscene_Event will be placed at 8024DBC0 (length = 188 bytes)
$Script_SpawnNPCs will be placed at 8024DD48 (length = 174 bytes)
$NPC_Sack_AnimationStart will be placed at 8024DEBC (length = 168 bytes)
$Function_80240844 will be placed at 8024E024 (length = 164 bytes)
$Script_SackAnimation_End_Right will be placed at 8024E188 (length = 158 bytes)
$Script_SackAnimation_End_Left will be placed at 8024E2E0 (length = 150 bytes)
$Script_TrackPlayer will be placed at 8024E430 (length = 144 bytes)
$Script_CheckBanditStatus1 will be placed at 8024E574 (length = 13C bytes)
$MapTattle5 will be placed at 8024E6B0 (length = 13C bytes)
$MapTattle4 will be placed at 8024E7EC (length = 130 bytes)
$BanditMover_Tattle will be placed at 8024E91C (length = 11C bytes)
$Function_LoadPath will be placed at 8024EA38 (length = 114 bytes)
$Script_SackAnimation_SackAppears_100 will be placed at 8024EB4C (length = 100 bytes)
$String_Partner_Event_1 will be placed at 8024EC4C (length = FC bytes)
$Script_Main2_Wait will be placed at 8024ED48 (length = F4 bytes)
$String_Warning2 will be placed at 8024EE3C (length = F0 bytes)
$Script_SetMover_Special will be placed at 8024EF2C (length = EC bytes)
$SetSpawnsSpecial will be placed at 8024F018 (length = E8 bytes)
$SetSpawns will be placed at 8024F100 (length = E8 bytes)
$String_Warning1 will be placed at 8024F1E8 (length = E8 bytes)
$DeepestLevel will be placed at 8024F2D0 (length = E4 bytes)
$Function_GetColliderPos will be placed at 8024F3B4 (length = E0 bytes)
$Function_GetPos will be placed at 8024F494 (length = E0 bytes)
$TotalLevels_Sign will be placed at 8024F574 (length = DC bytes)
$Script_SpawnMover_Special will be placed at 8024F650 (length = DC bytes)
$GetFloor will be placed at 8024F72C (length = DC bytes)
$Script_DisableNumbers will be placed at 8024F808 (length = D8 bytes)
$MapTattle2 will be placed at 8024F8E0 (length = D4 bytes)
$NPC_Sack_AnimationEnd will be placed at 8024F9B4 (length = D4 bytes)
$Script_SetMover will be placed at 8024FA88 (length = D0 bytes)
$GetFloorBandit will be placed at 8024FB58 (length = D0 bytes)
$Script_AddCoins_Bandit will be placed at 8024FC28 (length = C8 bytes)
$GetPos will be placed at 8024FCF0 (length = C8 bytes)
$SkipCutscene_MoverWarpAnimation will be placed at 8024FDB8 (length = C4 bytes)
$Function_Init will be placed at 8024FE7C (length = C4 bytes)
$MoverStart will be placed at 8024FF40 (length = C0 bytes)
$String_Warning3 will be placed at 80250000 (length = C0 bytes)
$Script_ZoomIn_Camera_3 will be placed at 802500C0 (length = BC bytes)
$Script_ZoomIn_Camera_2 will be placed at 8025017C (length = BC bytes)
$Script_ZoomIn_Camera will be placed at 80250238 (length = BC bytes)
$Function_TrackInput will be placed at 802502F4 (length = BC bytes)
$String_Bandit_Defeated4 will be placed at 802503B0 (length = B8 bytes)
$Script_MoverWarpAnimation will be placed at 80250468 (length = B8 bytes)
$Script_NpcAI_MoneySack will be placed at 80250520 (length = B8 bytes)
$NpcGroups will be placed at 802505D8 (length = B4 bytes)
$Script_SpawnMover will be placed at 8025068C (length = B4 bytes)
$BanditMoverStart will be placed at 80250740 (length = B4 bytes)
$MapTattle3 will be placed at 802507F4 (length = B0 bytes)
$Script_LoadOdds will be placed at 802508A4 (length = B0 bytes)
$Script_SetPipesPosition will be placed at 80250954 (length = B0 bytes)
$LoadHighscores will be placed at 80250A04 (length = B0 bytes)
$MapTattle1 will be placed at 80250AB4 (length = A8 bytes)
$Script_AddCoins will be placed at 80250B5C (length = A8 bytes)
$SwitchPath will be placed at 80250C04 (length = A4 bytes)
$Script_NPC_Sack_FX will be placed at 80250CA8 (length = A4 bytes)
$Tattle_Springkeeper will be placed at 80250D4C (length = A4 bytes)
$Script_ReadSign will be placed at 80250DF0 (length = A0 bytes)
$Script_ZoomIn_Camera_X will be placed at 80250E90 (length = A0 bytes)
$String_Bandit_Defeated9 will be placed at 80250F30 (length = 9C bytes)
$Script_Bandit_StartBattle will be placed at 80250FCC (length = 9C bytes)
$Script_Main will be placed at 80251068 (length = 9C bytes)
$Mover_Tattle will be placed at 80251104 (length = 94 bytes)
$String_Bandit_Defeated3 will be placed at 80251198 (length = 90 bytes)
$String_Bandit_Defeated8 will be placed at 80251228 (length = 8C bytes)
$BanditMover_Options2 will be placed at 802512B4 (length = 84 bytes)
$BanditMover_Options will be placed at 80251338 (length = 84 bytes)
$String_Okay will be placed at 802513BC (length = 80 bytes)
$Function_TimerCurrentFloor will be placed at 8025143C (length = 7C bytes)
$SignStringBug will be placed at 802514B8 (length = 7C bytes)
$String_Rogue_CoinsGained_Success will be placed at 80251534 (length = 78 bytes)
$Mover_Options will be placed at 802515AC (length = 78 bytes)
$Function2 will be placed at 80251624 (length = 6C bytes)
$Function_SetAnimation will be placed at 80251690 (length = 6C bytes)
$String_Bandit_Defeated1 will be placed at 802516FC (length = 68 bytes)
$CommingDownPipe will be placed at 80251764 (length = 68 bytes)
$MoverEnd will be placed at 802517CC (length = 68 bytes)
$BanditMoverEnd will be placed at 80251834 (length = 68 bytes)
$String_Bandit_Defeated_Partner3 will be placed at 8025189C (length = 64 bytes)
$String_Bandit_Defeated_Partner2 will be placed at 80251900 (length = 64 bytes)
$Function_GetTattle1 will be placed at 80251964 (length = 60 bytes)
$Function_OverwriteBattleID will be placed at 802519C4 (length = 60 bytes)
$String_Bandit_Confrontation1 will be placed at 80251A24 (length = 5C bytes)
$BanditMoverNoCoins will be placed at 80251A80 (length = 58 bytes)
$MoverNoCoins will be placed at 80251AD8 (length = 58 bytes)
$String_Bandit_Defeated7 will be placed at 80251B30 (length = 50 bytes)
$String_Bandit_Defeated_Partner4 will be placed at 80251B80 (length = 50 bytes)
$EntryList will be placed at 80251BD0 (length = 50 bytes)
$String_NoThanks will be placed at 80251C20 (length = 50 bytes)
$Script_Init_BanditMover will be placed at 80251C70 (length = 4C bytes)
$GetFloorSign will be placed at 80251CBC (length = 48 bytes)
$Function_Load_MapID will be placed at 80251D04 (length = 48 bytes)
$GetFloorSign_Rogue will be placed at 80251D4C (length = 48 bytes)
$Script_MakeEntities will be placed at 80251D94 (length = 44 bytes)
$Function_802409A8 will be placed at 80251DD8 (length = 44 bytes)
$Function_LoadCoinsInToVar1 will be placed at 80251E1C (length = 44 bytes)
$String_Bandit_Defeated_Partner1 will be placed at 80251E60 (length = 40 bytes)
$Header will be placed at 80251EA0 (length = 40 bytes)
$Function_LoadCoinsLosted will be placed at 80251EE0 (length = 40 bytes)
$Function_LoadMarioCoins will be placed at 80251F20 (length = 40 bytes)
$Function_LoadGainedCoins will be placed at 80251F60 (length = 40 bytes)
$Function_GetTattle2 will be placed at 80251FA0 (length = 3C bytes)
$Script_Exit0 will be placed at 80251FDC (length = 3C bytes)
$Script_Init_Bag will be placed at 80252018 (length = 38 bytes)
$Script_Init_Bag_HitBox will be placed at 80252050 (length = 38 bytes)
$String_Bandit_Confrotation_Bye will be placed at 80252088 (length = 34 bytes)
$DispawnPartner will be placed at 802520BC (length = 34 bytes)
$String_Whatever will be placed at 802520F0 (length = 30 bytes)
$EnablePipeCollider will be placed at 80252120 (length = 30 bytes)
$AISettings_MoneySack will be placed at 80252150 (length = 30 bytes)
$String_Bandit_Defeated2 will be placed at 80252180 (length = 30 bytes)
$AISettings_Enemy will be placed at 802521B0 (length = 30 bytes)
$RespawnPartner will be placed at 802521E0 (length = 30 bytes)
$NPC_Settings_Sack will be placed at 80252210 (length = 2C bytes)
$NpcSettings_Generic will be placed at 8025223C (length = 2C bytes)
$Function_RevivePlayer will be placed at 80252268 (length = 2C bytes)
$NpcSettings_Blank will be placed at 80252294 (length = 2C bytes)
$BlankSettings will be placed at 802522C0 (length = 2C bytes)
$Script_MakeExits will be placed at 802522EC (length = 2C bytes)
$Function_ResetEnemiesFlag will be placed at 80252318 (length = 2C bytes)
$String_List_NoYes will be placed at 80252344 (length = 28 bytes)
$Function_SaveCoinsLosted will be placed at 8025236C (length = 28 bytes)
$String_List_YesNo will be placed at 80252394 (length = 28 bytes)
$Script_Init_EnemyNPC will be placed at 802523BC (length = 24 bytes)
$VectorList_SwitchPath will be placed at 802523E0 (length = 24 bytes)
$NpcSettings_Enemy1 will be placed at 80252404 (length = 24 bytes)
$Script_Init_Lakitu will be placed at 80252428 (length = 24 bytes)
$Script_Init_Mover will be placed at 8025244C (length = 24 bytes)
$String_CoinsGained will be placed at 80252470 (length = 24 bytes)
$String_Bandit_Defeated10 will be placed at 80252494 (length = 24 bytes)
$String_Bandit_Defeated6 will be placed at 802524B8 (length = 20 bytes)
$String_Bandit_Defeated5 will be placed at 802524D8 (length = 20 bytes)
$Script_EnemyAI will be placed at 802524F8 (length = 20 bytes)
$TotalLevels_CurrentPlaythrough will be placed at 80252518 (length = 1C bytes)
$NpcGroupList_RubyCS will be placed at 80252534 (length = 18 bytes)
$SignString will be placed at 8025254C (length = 18 bytes)
$String_Psst will be placed at 80252564 (length = 10 bytes)
$Script_null will be placed at 80252574 (length = 10 bytes)
$ASCII_"pt81_86_shape"_Literal will be placed at 80252584 (length = 10 bytes)
$Function_ResetCoinsLosted will be placed at 80252594 (length = 10 bytes)
$ASCII_"pt51_56_shape"_Literal will be placed at 802525A4 (length = 10 bytes)
$ASCII_"pt1_6_hit"_Literal will be placed at 802525B4 (length = C bytes)
$NpcGroup7 will be placed at 802525C0 (length = C bytes)
$NpcGroup1 will be placed at 802525CC (length = C bytes)
$ASCII_"pt_100"_Literal will be placed at 802525D8 (length = C bytes)
$ASCII_"dmo_00"_Literal will be placed at 802525E4 (length = C bytes)
$ASCII_"pt1_6_shape"_Literal will be placed at 802525F0 (length = C bytes)
$ASCII_"pt_85"_Literal will be placed at 802525FC (length = 8 bytes)
$ASCII_"pt91_96"_Literal will be placed at 80252604 (length = 8 bytes)
$ASCII_"pt62_67"_Literal will be placed at 8025260C (length = 8 bytes)
$ASCII_"pt33_38"_Literal will be placed at 80252614 (length = 8 bytes)
$ASCII_"pt1_6"_Literal will be placed at 8025261C (length = 8 bytes)
$ASCII_"pt_95"_Literal will be placed at 80252624 (length = 8 bytes)
$ASCII_"pt4_9"_Literal will be placed at 8025262C (length = 8 bytes)
$ASCII_"pt_65"_Literal will be placed at 80252634 (length = 8 bytes)
$ASCII_"pt44_49"_Literal will be placed at 8025263C (length = 8 bytes)
$ASCII_"pt81_86"_Literal will be placed at 80252644 (length = 8 bytes)
$ASCII_"pt_80"_Literal will be placed at 8025264C (length = 8 bytes)
$ASCII_"pt52_57"_Literal will be placed at 80252654 (length = 8 bytes)
$ASCII_"pt23_28"_Literal will be placed at 8025265C (length = 8 bytes)
$ASCII_"pt_50"_Literal will be placed at 80252664 (length = 8 bytes)
$ASCII_"pt83_88"_Literal will be placed at 8025266C (length = 8 bytes)
$ASCII_"pt54_59"_Literal will be placed at 80252674 (length = 8 bytes)
$ASCII_"pt64_69"_Literal will be placed at 8025267C (length = 8 bytes)
$ASCII_"pt72_77"_Literal will be placed at 80252684 (length = 8 bytes)
$ASCII_"pt14_19"_Literal will be placed at 8025268C (length = 8 bytes)
$ASCII_"pt34_39"_Literal will be placed at 80252694 (length = 8 bytes)
$ASCII_"pt22_27"_Literal will be placed at 8025269C (length = 8 bytes)
$ASCII_"pt21_26"_Literal will be placed at 802526A4 (length = 8 bytes)
$ASCII_"pt73_78"_Literal will be placed at 802526AC (length = 8 bytes)
$ASCII_"pt84_89"_Literal will be placed at 802526B4 (length = 8 bytes)
$ASCII_"pt92_97"_Literal will be placed at 802526BC (length = 8 bytes)
$ASCII_"pt_75"_Literal will be placed at 802526C4 (length = 8 bytes)
$ASCII_"pt53_58"_Literal will be placed at 802526CC (length = 8 bytes)
$ASCII_"pt41_46"_Literal will be placed at 802526D4 (length = 8 bytes)
$ASCII_"pt61_66"_Literal will be placed at 802526DC (length = 8 bytes)
$ASCII_"pt32_37"_Literal will be placed at 802526E4 (length = 8 bytes)
$ASCII_"pt_15"_Literal will be placed at 802526EC (length = 8 bytes)
$ASCII_"pt11_16"_Literal will be placed at 802526F4 (length = 8 bytes)
$ASCII_"pt_00"_Literal will be placed at 802526FC (length = 8 bytes)
$ASCII_"pt74_79"_Literal will be placed at 80252704 (length = 8 bytes)
$ASCII_"pt_25"_Literal will be placed at 8025270C (length = 8 bytes)
$ASCII_"pt_35"_Literal will be placed at 80252714 (length = 8 bytes)
$ASCII_"pt71_76"_Literal will be placed at 8025271C (length = 8 bytes)
$ASCII_"pt42_47"_Literal will be placed at 80252724 (length = 8 bytes)
$ASCII_"pt13_18"_Literal will be placed at 8025272C (length = 8 bytes)
$ASCII_"pt_05"_Literal will be placed at 80252734 (length = 8 bytes)
$ASCII_"pt93_98"_Literal will be placed at 8025273C (length = 8 bytes)
$ASCII_"pt43_48"_Literal will be placed at 80252744 (length = 8 bytes)
$ASCII_"pt51_56"_Literal will be placed at 8025274C (length = 8 bytes)
$ASCII_"pt_55"_Literal will be placed at 80252754 (length = 8 bytes)
$ASCII_"pt2_7"_Literal will be placed at 8025275C (length = 8 bytes)
$ASCII_"pt12_17"_Literal will be placed at 80252764 (length = 8 bytes)
$ASCII_"pt3_8"_Literal will be placed at 8025276C (length = 8 bytes)
$ASCII_"pt_10"_Literal will be placed at 80252774 (length = 8 bytes)
$ASCII_"tik_tex"_Literal will be placed at 8025277C (length = 8 bytes)
$ASCII_"pt31_36"_Literal will be placed at 80252784 (length = 8 bytes)
$ASCII_"pt63_68"_Literal will be placed at 8025278C (length = 8 bytes)
$ASCII_"pt94_99"_Literal will be placed at 80252794 (length = 8 bytes)
$ASCII_"pt82_87"_Literal will be placed at 8025279C (length = 8 bytes)
$ASCII_"pt_45"_Literal will be placed at 802527A4 (length = 8 bytes)
$ASCII_"pt24_29"_Literal will be placed at 802527AC (length = 8 bytes)
$MoverCancel will be placed at 802527B4 (length = 4 bytes)
$BanditMoverCancel will be placed at 802527B8 (length = 4 bytes)
$CloseDialogBubble will be placed at 802527BC (length = 4 bytes)
Executing patch: pt21_26.mpat
Creating struct: $DeepestLevel
Creating struct: $TotalLevels_Sign
Creating struct: $TotalLevels_CurrentPlaythrough
Creating struct: $LoadHighscores
Creating struct: $FallingDownPipe
Creating struct: $Function_GetPos
Creating struct: $Function2
Creating struct: $SetSpawns
Creating struct: $Script_Set_Formation
Creating struct: $Function_OverwriteBattleID
Creating struct: $Script_SetMover
Creating struct: $Script_MapID_Converter
Creating struct: $Script_LoadOdds
Creating struct: $Script_LoadMoverType
Creating struct: $Script_SpawnMover
Creating struct: $Script_SetNPCPos
Creating struct: $Function_Load_MapID
Creating struct: $SwitchPath
Creating struct: $VectorList_SwitchPath
Creating struct: $GetPos
Creating struct: $DispawnPartner
Creating struct: $RespawnPartner
Creating struct: $LoadMap
Creating struct: $GetFloor
Creating struct: $LoadMapBandit
Creating struct: $GetFloorBandit
Creating struct: $SetSpawnsSpecial
Creating struct: $Script_SetMover_Special
Creating struct: $Script_SpawnMover_Special
Creating struct: $Script_Set_SpecialFormation
Creating struct: $Function_LoadCoinsInToVar1
Creating struct: $Script_SetSpawnPosition
Creating struct: $Script_Init_EnemyNPC
Creating struct: $Script_Init_Lakitu
Creating struct: $Script_TrackOutcome
Creating struct: $Script_LakituOutcome
Creating struct: $Script_FloorEnemy_Idle
Creating struct: $Script_Rogue_GiveTotalCoins
Creating struct: $Script_SetEnemyIdle
Creating struct: $Script_AddCoins
Creating struct: $NPC_Settings_Sack
Creating struct: $Script_Init_Bag
Creating struct: $Script_Init_Bag_HitBox
Creating struct: $Script_NPC_SackHit_Init
Creating struct: $Script_NPC_Sack_FX
Creating struct: $NPC_Sack_AnimationStart
Creating struct: $NPC_Sack_AnimationEnd
Creating struct: $Script_SackAnimation_SackAppears_100
Creating struct: $Script_SackAnimation_Start_GoToTheRight
Creating struct: $Script_SackAnimation_Start_GoToTheLeft
Creating struct: $Script_SackAnimation_End_Right
Creating struct: $Script_SackAnimation_End_Left
Creating struct: $Function_LoadMarioCoins
Creating struct: $Function_LoadCoinsLosted
Creating struct: $Function_SaveCoinsLosted
Creating struct: $Function_ResetCoinsLosted
Creating struct: $Function_LoadGainedCoins
Creating struct: $Function_RevivePlayer
Creating struct: $AISettings_MoneySack
Creating struct: $Script_NpcAI_MoneySack
Creating struct: $JumpTable_80242448
Creating struct: $Function_NpcAI_MoneySack
Creating struct: $Function_80240260
Creating struct: $Function_80240844
Creating struct: $Function_802409A8
Creating struct: $Script_TrackPlayer
Creating struct: $Script_PipeAnimation
Creating struct: $Function_SetAnimation
Creating struct: $Function_GetColliderPos
Creating struct: $Function_TrackInput
Creating struct: $GoToNextLevel
Creating struct: $GetFloorSign
Creating struct: $GetFloorSign_Rogue
Creating struct: $Function_GetTattle1
Creating struct: $Function_GetTattle2
Creating struct: $Script_ReadSign
Creating struct: $NpcSettings_Blank
Creating struct: $NpcGroup_Spring1
Creating struct: $NpcGroup_Spring2
Creating struct: $NpcGroup_Spring3
Creating struct: $NpcGroup_Spring4
Creating struct: $NpcGroup_Spring5
Creating struct: $NpcGroup_Spring6
Creating struct: $NpcGroup_Spring7
Creating struct: $NpcGroup_Spring8
Creating struct: $NpcGroup_Spring9
Creating struct: $NpcGroup_Spring10
Creating struct: $Header
Creating struct: $Script_Main2_Wait
Creating struct: $Script_Main2_Exec
Creating struct: $Script_TrackEvents
Creating struct: $Script_Cutscene_Event
Creating struct: $SkipCutscene_Event
Creating struct: $Script_ZoomIn_Camera_X
Creating struct: $Script_Cutscene_Ruby_Init
Creating struct: $Script_Cutscene_Ruby2
Creating struct: $NpcGroupList_RubyCS
Creating struct: $NpcGroup_RubyCS
Creating struct: $NpcSettings_Generic
Creating struct: $Script_null
Creating struct: $Script_SpawnNPCs
Creating struct: $Function_ResetEnemiesFlag
Creating struct: $EntryList
Creating struct: $Function_Init
Creating struct: $NpcGroup_Mover
Creating struct: $BlankSettings
Creating struct: $Script_Init_Mover
Creating struct: $Interact_Mover
Creating struct: $Script_MoverWarpAnimation
Creating struct: $SkipCutscene_MoverWarpAnimation
Creating struct: $NpcGroup_BanditMover
Creating struct: $Script_Init_BanditMover
Creating struct: $Script_Bandit_StartBattle
Creating struct: $Interact_BanditMover
Creating struct: $Script_Warning_Mario
Creating struct: $Script_NoThanks_Bandit
Creating struct: $Script_ZoomIn_Camera
Creating struct: $Script_ZoomIn_Camera_2
Creating struct: $Script_ZoomIn_Camera_3
Creating struct: $NpcGroup_MoneyBag
Creating struct: $Script_SetPipesPosition
Creating struct: $Script_DisableNumbers
Creating struct: $Script_SetFloorNumbers
Creating struct: $Script_CheckBanditStatus1
Creating struct: $Script_Cutscene_BanditStatus1
Creating struct: $Script_CheckBanditStatus2
Creating struct: $Script_TrackOutcome_Bandit
Creating struct: $Script_Cutscene_BanditDefeated
Creating struct: $SkipCutscene_BanditDefeated
Creating struct: $Script_AddCoins_Bandit
Creating struct: $Function_LoadPath
Creating struct: $Script_ClosePartnerDialog
Creating struct: $PipeSpawning
Creating struct: $EnablePipeCollider
Creating struct: $Script_MakeEntities
Creating struct: $CommingDownPipe
Creating struct: $Function_TimerCurrentFloor
Creating struct: $Script_MakeExits
Creating struct: $Script_Exit0
Creating struct: $Script_Main
Creating struct: $NpcGroup1
Creating struct: $NpcGroup7
Creating struct: $NpcGroups
Creating struct: $NpcGroup_Enemy1
Creating struct: $ConstDouble_802473D8
Creating struct: $ConstDouble_802473E0
Creating struct: $ConstDouble_802473E8
Creating struct: $ConstDouble_802473F0
Creating struct: $ConstDouble_802473F8
Creating struct: $ConstDouble_80247400
Creating struct: $NpcSettings_Enemy1
Creating struct: $NpcSettings_Enemy1B
Creating struct: $Script_EnemyAI
Creating struct: $Script_EnemyAIB
Creating struct: $AISettings_Enemy
Creating struct: $Function_80240FB4
Creating struct: $Function_8024234C
Creating struct: $Function_802414C8
Creating struct: $Function_80241534
Creating struct: $Function_80241630
Creating struct: $Function_80242070
Creating struct: $Function_80242100
Creating struct: $Function_80242200
Creating struct: $Function_80242260
Creating struct: $Script_DisableEnemyAI
Creating struct: $AISettings_DisableEnemy
Merged 1 regions to 1
$Script_SetFloorNumbers will be placed at 80240000 (length = 128C bytes)
$NpcGroup_RubyCS will be placed at 8024128C (length = 1170 bytes)
$LoadMap will be placed at 802423FC (length = C04 bytes)
$LoadMapBandit will be placed at 80243000 (length = B80 bytes)
$GoToNextLevel will be placed at 80243B80 (length = B10 bytes)
$Script_Cutscene_BanditDefeated will be placed at 80244690 (length = B08 bytes)
$Function_80241630 will be placed at 80245198 (length = A40 bytes)
$Script_SetEnemyIdle will be placed at 80245BD8 (length = 674 bytes)
$Script_MapID_Converter will be placed at 8024624C (length = 60C bytes)
$Script_Warning_Mario will be placed at 80246858 (length = 608 bytes)
$Function_80240260 will be placed at 80246E60 (length = 5E4 bytes)
$Script_SetNPCPos will be placed at 80247444 (length = 4D0 bytes)
$Script_Cutscene_Ruby_Init will be placed at 80247914 (length = 490 bytes)
$FallingDownPipe will be placed at 80247DA4 (length = 418 bytes)
$Script_TrackEvents will be placed at 802481BC (length = 410 bytes)
$NpcGroup_MoneyBag will be placed at 802485CC (length = 3E0 bytes)
$NpcGroup_Enemy1 will be placed at 802489AC (length = 3E0 bytes)
$Interact_BanditMover will be placed at 80248D8C (length = 3D8 bytes)
$Script_CheckBanditStatus2 will be placed at 80249164 (length = 3D8 bytes)
$SkipCutscene_BanditDefeated will be placed at 8024953C (length = 3D8 bytes)
$Interact_Mover will be placed at 80249914 (length = 3CC bytes)
$Script_Set_SpecialFormation will be placed at 80249CE0 (length = 3B4 bytes)
$Script_FloorEnemy_Idle will be placed at 8024A094 (length = 388 bytes)
$Script_TrackOutcome_Bandit will be placed at 8024A41C (length = 330 bytes)
$Script_LakituOutcome will be placed at 8024A74C (length = 30C bytes)
$Script_Rogue_GiveTotalCoins will be placed at 8024AA58 (length = 2FC bytes)
$Script_Set_Formation will be placed at 8024AD54 (length = 2D4 bytes)
$PipeSpawning will be placed at 8024B028 (length = 2A0 bytes)
$Script_TrackOutcome will be placed at 8024B2C8 (length = 288 bytes)
$Function_80240FB4 will be placed at 8024B550 (length = 260 bytes)
$Script_Cutscene_Ruby2 will be placed at 8024B7B0 (length = 258 bytes)
$Function_8024234C will be placed at 8024BA08 (length = 250 bytes)
$Function_NpcAI_MoneySack will be placed at 8024BC58 (length = 238 bytes)
$Script_SackAnimation_Start_GoToTheRight will be placed at 8024BE90 (length = 230 bytes)
$Script_SetSpawnPosition will be placed at 8024C0C0 (length = 228 bytes)
$Script_Main2_Exec will be placed at 8024C2E8 (length = 228 bytes)
$Script_Cutscene_BanditStatus1 will be placed at 8024C510 (length = 21C bytes)
$Script_LoadMoverType will be placed at 8024C72C (length = 214 bytes)
$Script_NoThanks_Bandit will be placed at 8024C940 (length = 210 bytes)
$Script_SackAnimation_Start_GoToTheLeft will be placed at 8024CB50 (length = 1F8 bytes)
$NpcGroup_Spring10 will be placed at 8024CD48 (length = 1F0 bytes)
$NpcGroup_Spring1 will be placed at 8024CF38 (length = 1F0 bytes)
$NpcGroup_Spring2 will be placed at 8024D128 (length = 1F0 bytes)
$NpcGroup_Spring3 will be placed at 8024D318 (length = 1F0 bytes)
$NpcGroup_Spring4 will be placed at 8024D508 (length = 1F0 bytes)
$NpcGroup_Spring5 will be placed at 8024D6F8 (length = 1F0 bytes)
$NpcGroup_Spring6 will be placed at 8024D8E8 (length = 1F0 bytes)
$NpcGroup_Spring7 will be placed at 8024DAD8 (length = 1F0 bytes)
$NpcGroup_Spring8 will be placed at 8024DCC8 (length = 1F0 bytes)
$NpcGroup_Spring9 will be placed at 8024DEB8 (length = 1F0 bytes)
$NpcGroup_Mover will be placed at 8024E0A8 (length = 1F0 bytes)
$NpcGroup_BanditMover will be placed at 8024E298 (length = 1F0 bytes)
$Script_PipeAnimation will be placed at 8024E488 (length = 1C4 bytes)
$Script_Cutscene_Event will be placed at 8024E64C (length = 198 bytes)
$Script_NPC_SackHit_Init will be placed at 8024E7E4 (length = 198 bytes)
$Script_ClosePartnerDialog will be placed at 8024E97C (length = 194 bytes)
$JumpTable_80242448 will be placed at 8024EB10 (length = 190 bytes)
$SkipCutscene_Event will be placed at 8024ECA0 (length = 188 bytes)
$Script_SpawnNPCs will be placed at 8024EE28 (length = 174 bytes)
$NPC_Sack_AnimationStart will be placed at 8024EF9C (length = 168 bytes)
$Function_80240844 will be placed at 8024F104 (length = 164 bytes)
$Script_SackAnimation_End_Right will be placed at 8024F268 (length = 158 bytes)
$Script_SackAnimation_End_Left will be placed at 8024F3C0 (length = 150 bytes)
$Script_TrackPlayer will be placed at 8024F510 (length = 144 bytes)
$Script_CheckBanditStatus1 will be placed at 8024F654 (length = 13C bytes)
$MapTattle5 will be placed at 8024F790 (length = 13C bytes)
$MapTattle4 will be placed at 8024F8CC (length = 130 bytes)
$BanditMover_Tattle will be placed at 8024F9FC (length = 11C bytes)
$Function_LoadPath will be placed at 8024FB18 (length = 114 bytes)
$Function_80242100 will be placed at 8024FC2C (length = 104 bytes)
$Script_SackAnimation_SackAppears_100 will be placed at 8024FD30 (length = 100 bytes)
$String_Partner_Event_1 will be placed at 8024FE30 (length = FC bytes)
$Function_80241534 will be placed at 8024FF2C (length = FC bytes)
$Script_Main2_Wait will be placed at 80250028 (length = F4 bytes)
$String_Warning2 will be placed at 8025011C (length = F0 bytes)
$Function_80242260 will be placed at 8025020C (length = EC bytes)
$Script_SetMover_Special will be placed at 802502F8 (length = EC bytes)
$SetSpawnsSpecial will be placed at 802503E4 (length = E8 bytes)
$SetSpawns will be placed at 802504CC (length = E8 bytes)
$String_Warning1 will be placed at 802505B4 (length = E8 bytes)
$DeepestLevel will be placed at 8025069C (length = E4 bytes)
$Function_GetColliderPos will be placed at 80250780 (length = E0 bytes)
$Function_GetPos will be placed at 80250860 (length = E0 bytes)
$TotalLevels_Sign will be placed at 80250940 (length = DC bytes)
$Script_SpawnMover_Special will be placed at 80250A1C (length = DC bytes)
$GetFloor will be placed at 80250AF8 (length = DC bytes)
$Script_DisableNumbers will be placed at 80250BD4 (length = D8 bytes)
$MapTattle2 will be placed at 80250CAC (length = D4 bytes)
$NPC_Sack_AnimationEnd will be placed at 80250D80 (length = D4 bytes)
$Script_EnemyAI will be placed at 80250E54 (length = D4 bytes)
$Script_SetMover will be placed at 80250F28 (length = D0 bytes)
$GetFloorBandit will be placed at 80250FF8 (length = D0 bytes)
$Script_AddCoins_Bandit will be placed at 802510C8 (length = C8 bytes)
$GetPos will be placed at 80251190 (length = C8 bytes)
$SkipCutscene_MoverWarpAnimation will be placed at 80251258 (length = C4 bytes)
$Function_Init will be placed at 8025131C (length = C4 bytes)
$MoverStart will be placed at 802513E0 (length = C0 bytes)
$String_Warning3 will be placed at 802514A0 (length = C0 bytes)
$Script_ZoomIn_Camera_3 will be placed at 80251560 (length = BC bytes)
$Script_ZoomIn_Camera_2 will be placed at 8025161C (length = BC bytes)
$Script_ZoomIn_Camera will be placed at 802516D8 (length = BC bytes)
$Function_TrackInput will be placed at 80251794 (length = BC bytes)
$String_Bandit_Defeated4 will be placed at 80251850 (length = B8 bytes)
$Script_MoverWarpAnimation will be placed at 80251908 (length = B8 bytes)
$Script_NpcAI_MoneySack will be placed at 802519C0 (length = B8 bytes)
$Script_SpawnMover will be placed at 80251A78 (length = B4 bytes)
$BanditMoverStart will be placed at 80251B2C (length = B4 bytes)
$MapTattle3 will be placed at 80251BE0 (length = B0 bytes)
$Script_LoadOdds will be placed at 80251C90 (length = B0 bytes)
$Script_SetPipesPosition will be placed at 80251D40 (length = B0 bytes)
$LoadHighscores will be placed at 80251DF0 (length = B0 bytes)
$NpcGroup7 will be placed at 80251EA0 (length = A8 bytes)
$MapTattle1 will be placed at 80251F48 (length = A8 bytes)
$Script_AddCoins will be placed at 80251FF0 (length = A8 bytes)
$SwitchPath will be placed at 80252098 (length = A4 bytes)
$Script_NPC_Sack_FX will be placed at 8025213C (length = A4 bytes)
$Tattle_Springkeeper will be placed at 802521E0 (length = A4 bytes)
$Script_ReadSign will be placed at 80252284 (length = A0 bytes)
$Script_ZoomIn_Camera_X will be placed at 80252324 (length = A0 bytes)
$String_Bandit_Defeated9 will be placed at 802523C4 (length = 9C bytes)
$NpcGroup1 will be placed at 80252460 (length = 9C bytes)
$Script_Bandit_StartBattle will be placed at 802524FC (length = 9C bytes)
$Script_Main will be placed at 80252598 (length = 9C bytes)
$Mover_Tattle will be placed at 80252634 (length = 94 bytes)
$String_Bandit_Defeated3 will be placed at 802526C8 (length = 90 bytes)
$Function_80242070 will be placed at 80252758 (length = 90 bytes)
$String_Bandit_Defeated8 will be placed at 802527E8 (length = 8C bytes)
$BanditMover_Options2 will be placed at 80252874 (length = 84 bytes)
$BanditMover_Options will be placed at 802528F8 (length = 84 bytes)
$Script_EnemyAIB will be placed at 8025297C (length = 80 bytes)
$String_Okay will be placed at 802529FC (length = 80 bytes)
$Function_TimerCurrentFloor will be placed at 80252A7C (length = 7C bytes)
$SignStringBug will be placed at 80252AF8 (length = 7C bytes)
$String_Rogue_CoinsGained_Success will be placed at 80252B74 (length = 78 bytes)
$Mover_Options will be placed at 80252BEC (length = 78 bytes)
$Function2 will be placed at 80252C64 (length = 6C bytes)
$Function_802414C8 will be placed at 80252CD0 (length = 6C bytes)
$Function_SetAnimation will be placed at 80252D3C (length = 6C bytes)
$String_Bandit_Defeated1 will be placed at 80252DA8 (length = 68 bytes)
$CommingDownPipe will be placed at 80252E10 (length = 68 bytes)
$MoverEnd will be placed at 80252E78 (length = 68 bytes)
$BanditMoverEnd will be placed at 80252EE0 (length = 68 bytes)
$String_Bandit_Defeated_Partner3 will be placed at 80252F48 (length = 64 bytes)
$String_Bandit_Defeated_Partner2 will be placed at 80252FAC (length = 64 bytes)
$Function_GetTattle1 will be placed at 80253010 (length = 60 bytes)
$Function_OverwriteBattleID will be placed at 80253070 (length = 60 bytes)
$Function_80242200 will be placed at 802530D0 (length = 60 bytes)
$String_Bandit_Confrontation1 will be placed at 80253130 (length = 5C bytes)
$BanditMoverNoCoins will be placed at 8025318C (length = 58 bytes)
$MoverNoCoins will be placed at 802531E4 (length = 58 bytes)
$String_Bandit_Defeated7 will be placed at 8025323C (length = 50 bytes)
$String_Bandit_Defeated_Partner4 will be placed at 8025328C (length = 50 bytes)
$EntryList will be placed at 802532DC (length = 50 bytes)
$String_NoThanks will be placed at 8025332C (length = 50 bytes)
$Script_Init_BanditMover will be placed at 8025337C (length = 4C bytes)
$GetFloorSign will be placed at 802533C8 (length = 48 bytes)
$Function_Load_MapID will be placed at 80253410 (length = 48 bytes)
$GetFloorSign_Rogue will be placed at 80253458 (length = 48 bytes)
$Script_MakeEntities will be placed at 802534A0 (length = 44 bytes)
$Function_802409A8 will be placed at 802534E4 (length = 44 bytes)
$Function_LoadCoinsInToVar1 will be placed at 80253528 (length = 44 bytes)
$String_Bandit_Defeated_Partner1 will be placed at 8025356C (length = 40 bytes)
$Header will be placed at 802535AC (length = 40 bytes)
$Function_LoadCoinsLosted will be placed at 802535EC (length = 40 bytes)
$Function_LoadMarioCoins will be placed at 8025362C (length = 40 bytes)
$Function_LoadGainedCoins will be placed at 8025366C (length = 40 bytes)
$Function_GetTattle2 will be placed at 802536AC (length = 3C bytes)
$Script_Exit0 will be placed at 802536E8 (length = 3C bytes)
$Script_Init_Bag will be placed at 80253724 (length = 38 bytes)
$Script_Init_Bag_HitBox will be placed at 8025375C (length = 38 bytes)
$String_Bandit_Confrotation_Bye will be placed at 80253794 (length = 34 bytes)
$DispawnPartner will be placed at 802537C8 (length = 34 bytes)
$String_Whatever will be placed at 802537FC (length = 30 bytes)
$EnablePipeCollider will be placed at 8025382C (length = 30 bytes)
$AISettings_MoneySack will be placed at 8025385C (length = 30 bytes)
$String_Bandit_Defeated2 will be placed at 8025388C (length = 30 bytes)
$AISettings_Enemy will be placed at 802538BC (length = 30 bytes)
$RespawnPartner will be placed at 802538EC (length = 30 bytes)
$AISettings_DisableEnemy will be placed at 8025391C (length = 30 bytes)
$NPC_Settings_Sack will be placed at 8025394C (length = 2C bytes)
$NpcSettings_Generic will be placed at 80253978 (length = 2C bytes)
$NpcSettings_Enemy1 will be placed at 802539A4 (length = 2C bytes)
$Function_RevivePlayer will be placed at 802539D0 (length = 2C bytes)
$NpcSettings_Blank will be placed at 802539FC (length = 2C bytes)
$BlankSettings will be placed at 80253A28 (length = 2C bytes)
$NpcSettings_Enemy1B will be placed at 80253A54 (length = 2C bytes)
$Script_MakeExits will be placed at 80253A80 (length = 2C bytes)
$Function_ResetEnemiesFlag will be placed at 80253AAC (length = 2C bytes)
$String_List_NoYes will be placed at 80253AD8 (length = 28 bytes)
$Function_SaveCoinsLosted will be placed at 80253B00 (length = 28 bytes)
$String_List_YesNo will be placed at 80253B28 (length = 28 bytes)
$Script_Init_EnemyNPC will be placed at 80253B50 (length = 24 bytes)
$VectorList_SwitchPath will be placed at 80253B74 (length = 24 bytes)
$Script_Init_Lakitu will be placed at 80253B98 (length = 24 bytes)
$Script_Init_Mover will be placed at 80253BBC (length = 24 bytes)
$String_CoinsGained will be placed at 80253BE0 (length = 24 bytes)
$String_Bandit_Defeated10 will be placed at 80253C04 (length = 24 bytes)
$String_Bandit_Defeated6 will be placed at 80253C28 (length = 20 bytes)
$String_Bandit_Defeated5 will be placed at 80253C48 (length = 20 bytes)
$Script_DisableEnemyAI will be placed at 80253C68 (length = 20 bytes)
$TotalLevels_CurrentPlaythrough will be placed at 80253C88 (length = 1C bytes)
$NpcGroupList_RubyCS will be placed at 80253CA4 (length = 18 bytes)
$NpcGroups will be placed at 80253CBC (length = 18 bytes)
$SignString will be placed at 80253CD4 (length = 18 bytes)
$String_Psst will be placed at 80253CEC (length = 10 bytes)
$Script_null will be placed at 80253CFC (length = 10 bytes)
$ASCII_"pt81_86_shape"_Literal will be placed at 80253D0C (length = 10 bytes)
$Function_ResetCoinsLosted will be placed at 80253D1C (length = 10 bytes)
$ASCII_"pt51_56_shape"_Literal will be placed at 80253D2C (length = 10 bytes)
$ASCII_"pt1_6_hit"_Literal will be placed at 80253D3C (length = C bytes)
$ASCII_"pt_100"_Literal will be placed at 80253D48 (length = C bytes)
$ASCII_"dmo_00"_Literal will be placed at 80253D54 (length = C bytes)
$ASCII_"pt1_6_shape"_Literal will be placed at 80253D60 (length = C bytes)
$ConstDouble_802473E8 will be placed at 80253D70 (length = 8 bytes)
$ConstDouble_802473E0 will be placed at 80253D78 (length = 8 bytes)
$ASCII_"pt_85"_Literal will be placed at 80253D80 (length = 8 bytes)
$ConstDouble_802473D8 will be placed at 80253D88 (length = 8 bytes)
$ASCII_"pt91_96"_Literal will be placed at 80253D90 (length = 8 bytes)
$ASCII_"pt62_67"_Literal will be placed at 80253D98 (length = 8 bytes)
$ASCII_"pt33_38"_Literal will be placed at 80253DA0 (length = 8 bytes)
$ASCII_"pt1_6"_Literal will be placed at 80253DA8 (length = 8 bytes)
$ASCII_"pt_95"_Literal will be placed at 80253DB0 (length = 8 bytes)
$ASCII_"pt4_9"_Literal will be placed at 80253DB8 (length = 8 bytes)
$ASCII_"pt_65"_Literal will be placed at 80253DC0 (length = 8 bytes)
$ASCII_"pt44_49"_Literal will be placed at 80253DC8 (length = 8 bytes)
$ASCII_"pt81_86"_Literal will be placed at 80253DD0 (length = 8 bytes)
$ASCII_"pt_80"_Literal will be placed at 80253DD8 (length = 8 bytes)
$ASCII_"pt52_57"_Literal will be placed at 80253DE0 (length = 8 bytes)
$ASCII_"pt23_28"_Literal will be placed at 80253DE8 (length = 8 bytes)
$ASCII_"pt_50"_Literal will be placed at 80253DF0 (length = 8 bytes)
$ASCII_"pt83_88"_Literal will be placed at 80253DF8 (length = 8 bytes)
$ASCII_"pt54_59"_Literal will be placed at 80253E00 (length = 8 bytes)
$ConstDouble_802473F8 will be placed at 80253E08 (length = 8 bytes)
$ConstDouble_802473F0 will be placed at 80253E10 (length = 8 bytes)
$ASCII_"pt64_69"_Literal will be placed at 80253E18 (length = 8 bytes)
$ASCII_"pt72_77"_Literal will be placed at 80253E20 (length = 8 bytes)
$ASCII_"pt14_19"_Literal will be placed at 80253E28 (length = 8 bytes)
$ASCII_"pt34_39"_Literal will be placed at 80253E30 (length = 8 bytes)
$ASCII_"pt22_27"_Literal will be placed at 80253E38 (length = 8 bytes)
$ASCII_"pt21_26"_Literal will be placed at 80253E40 (length = 8 bytes)
$ASCII_"pt73_78"_Literal will be placed at 80253E48 (length = 8 bytes)
$ASCII_"pt84_89"_Literal will be placed at 80253E50 (length = 8 bytes)
$ASCII_"pt92_97"_Literal will be placed at 80253E58 (length = 8 bytes)
$ASCII_"pt_75"_Literal will be placed at 80253E60 (length = 8 bytes)
$ASCII_"pt53_58"_Literal will be placed at 80253E68 (length = 8 bytes)
$ASCII_"pt41_46"_Literal will be placed at 80253E70 (length = 8 bytes)
$ASCII_"pt61_66"_Literal will be placed at 80253E78 (length = 8 bytes)
$ASCII_"pt32_37"_Literal will be placed at 80253E80 (length = 8 bytes)
$ASCII_"pt_15"_Literal will be placed at 80253E88 (length = 8 bytes)
$ASCII_"pt11_16"_Literal will be placed at 80253E90 (length = 8 bytes)
$ASCII_"pt_00"_Literal will be placed at 80253E98 (length = 8 bytes)
$ASCII_"pt74_79"_Literal will be placed at 80253EA0 (length = 8 bytes)
$ASCII_"pt_25"_Literal will be placed at 80253EA8 (length = 8 bytes)
$ConstDouble_80247400 will be placed at 80253EB0 (length = 8 bytes)
$ASCII_"pt_35"_Literal will be placed at 80253EB8 (length = 8 bytes)
$ASCII_"pt71_76"_Literal will be placed at 80253EC0 (length = 8 bytes)
$ASCII_"pt42_47"_Literal will be placed at 80253EC8 (length = 8 bytes)
$ASCII_"pt13_18"_Literal will be placed at 80253ED0 (length = 8 bytes)
$ASCII_"pt_05"_Literal will be placed at 80253ED8 (length = 8 bytes)
$ASCII_"pt93_98"_Literal will be placed at 80253EE0 (length = 8 bytes)
$ASCII_"pt43_48"_Literal will be placed at 80253EE8 (length = 8 bytes)
$ASCII_"pt51_56"_Literal will be placed at 80253EF0 (length = 8 bytes)
$ASCII_"pt_55"_Literal will be placed at 80253EF8 (length = 8 bytes)
$ASCII_"pt2_7"_Literal will be placed at 80253F00 (length = 8 bytes)
$ASCII_"pt12_17"_Literal will be placed at 80253F08 (length = 8 bytes)
$ASCII_"pt3_8"_Literal will be placed at 80253F10 (length = 8 bytes)
$ASCII_"pt_10"_Literal will be placed at 80253F18 (length = 8 bytes)
$ASCII_"tik_tex"_Literal will be placed at 80253F20 (length = 8 bytes)
$ASCII_"pt31_36"_Literal will be placed at 80253F28 (length = 8 bytes)
$ASCII_"pt63_68"_Literal will be placed at 80253F30 (length = 8 bytes)
$ASCII_"pt94_99"_Literal will be placed at 80253F38 (length = 8 bytes)
$ASCII_"pt82_87"_Literal will be placed at 80253F40 (length = 8 bytes)
$ASCII_"pt_45"_Literal will be placed at 80253F48 (length = 8 bytes)
$ASCII_"pt24_29"_Literal will be placed at 80253F50 (length = 8 bytes)
$MoverCancel will be placed at 80253D6C (length = 4 bytes)
$BanditMoverCancel will be placed at 80253F58 (length = 4 bytes)
$CloseDialogBubble will be placed at 80253F5C (length = 4 bytes)
Executing patch: pt22_27.mpat
Creating struct: $DeepestLevel
Creating struct: $TotalLevels_Sign
Creating struct: $TotalLevels_CurrentPlaythrough
Creating struct: $LoadHighscores
Creating struct: $FallingDownPipe
Creating struct: $Function_GetPos
Creating struct: $Function2
Creating struct: $SetSpawns
Creating struct: $Script_Set_Formation
Creating struct: $Function_OverwriteBattleID
Creating struct: $Script_SetMover
Creating struct: $Script_MapID_Converter
Creating struct: $Script_LoadOdds
Creating struct: $Script_LoadMoverType
Creating struct: $Script_SpawnMover
Creating struct: $Script_SetNPCPos
Creating struct: $Function_Load_MapID
Creating struct: $SwitchPath
Creating struct: $VectorList_SwitchPath
Creating struct: $GetPos
Creating struct: $DispawnPartner
Creating struct: $RespawnPartner
Creating struct: $LoadMap
Creating struct: $GetFloor
Creating struct: $LoadMapBandit
Creating struct: $GetFloorBandit
Creating struct: $SetSpawnsSpecial
Creating struct: $Script_SetMover_Special
Creating struct: $Script_SpawnMover_Special
Creating struct: $Script_Set_SpecialFormation
Creating struct: $Function_LoadCoinsInToVar1
Creating struct: $Script_SetSpawnPosition
Creating struct: $Script_Init_EnemyNPC
Creating struct: $Script_Init_Lakitu
Creating struct: $Script_TrackOutcome
Creating struct: $Script_LakituOutcome
Creating struct: $Script_FloorEnemy_Idle
Creating struct: $Script_Rogue_GiveTotalCoins
Creating struct: $Script_SetEnemyIdle
Creating struct: $Script_AddCoins
Creating struct: $NPC_Settings_Sack
Creating struct: $Script_Init_Bag
Creating struct: $Script_Init_Bag_HitBox
Creating struct: $Script_NPC_SackHit_Init
Creating struct: $Script_NPC_Sack_FX
Creating struct: $NPC_Sack_AnimationStart
Creating struct: $NPC_Sack_AnimationEnd
Creating struct: $Script_SackAnimation_SackAppears_100
Creating struct: $Script_SackAnimation_Start_GoToTheRight
Creating struct: $Script_SackAnimation_Start_GoToTheLeft
Creating struct: $Script_SackAnimation_End_Right
Creating struct: $Script_SackAnimation_End_Left
Creating struct: $Function_LoadMarioCoins
Creating struct: $Function_LoadCoinsLosted
Creating struct: $Function_SaveCoinsLosted
Creating struct: $Function_ResetCoinsLosted
Creating struct: $Function_LoadGainedCoins
Creating struct: $Function_RevivePlayer
Creating struct: $AISettings_MoneySack
Creating struct: $Script_NpcAI_MoneySack
Creating struct: $JumpTable_80242448
Creating struct: $Function_NpcAI_MoneySack
Creating struct: $Function_80240260
Creating struct: $Function_80240844
Creating struct: $Function_802409A8
Creating struct: $Script_TrackPlayer
Creating struct: $Script_PipeAnimation
Creating struct: $Function_SetAnimation
Creating struct: $Function_GetColliderPos
Creating struct: $Function_TrackInput
Creating struct: $GoToNextLevel
Creating struct: $GetFloorSign
Creating struct: $GetFloorSign_Rogue
Creating struct: $Function_GetTattle1
Creating struct: $Function_GetTattle2
Creating struct: $Script_ReadSign
Creating struct: $NpcSettings_Blank
Creating struct: $NpcGroup_Spring1
Creating struct: $NpcGroup_Spring2
Creating struct: $NpcGroup_Spring3
Creating struct: $NpcGroup_Spring4
Creating struct: $NpcGroup_Spring5
Creating struct: $NpcGroup_Spring6
Creating struct: $NpcGroup_Spring7
Creating struct: $NpcGroup_Spring8
Creating struct: $NpcGroup_Spring9
Creating struct: $NpcGroup_Spring10
Creating struct: $Header
Creating struct: $Script_Main2_Wait
Creating struct: $Script_Main2_Exec
Creating struct: $Script_TrackEvents
Creating struct: $Script_Cutscene_Event
Creating struct: $SkipCutscene_Event
Creating struct: $Script_ZoomIn_Camera_X
Creating struct: $Script_Cutscene_Ruby_Init
Creating struct: $Script_Cutscene_Ruby2
Creating struct: $NpcGroupList_RubyCS
Creating struct: $NpcGroup_RubyCS
Creating struct: $NpcSettings_Generic
Creating struct: $Script_null
Creating struct: $Script_SpawnNPCs
Creating struct: $Function_ResetEnemiesFlag
Creating struct: $EntryList
Creating struct: $Function_Init
Creating struct: $NpcGroup_Mover
Creating struct: $BlankSettings
Creating struct: $Script_Init_Mover
Creating struct: $Interact_Mover
Creating struct: $Script_MoverWarpAnimation
Creating struct: $SkipCutscene_MoverWarpAnimation
Creating struct: $NpcGroup_BanditMover
Creating struct: $Script_Init_BanditMover
Creating struct: $Script_Bandit_StartBattle
Creating struct: $Interact_BanditMover
Creating struct: $Script_Warning_Mario
Creating struct: $Script_NoThanks_Bandit
Creating struct: $Script_ZoomIn_Camera
Creating struct: $Script_ZoomIn_Camera_2
Creating struct: $Script_ZoomIn_Camera_3
Creating struct: $NpcGroup_MoneyBag
Creating struct: $Script_SetPipesPosition
Creating struct: $Script_DisableNumbers
Creating struct: $Script_SetFloorNumbers
Creating struct: $Script_CheckBanditStatus1
Creating struct: $Script_Cutscene_BanditStatus1
Creating struct: $Script_CheckBanditStatus2
Creating struct: $Script_TrackOutcome_Bandit
Creating struct: $Script_Cutscene_BanditDefeated
Creating struct: $SkipCutscene_BanditDefeated
Creating struct: $Script_AddCoins_Bandit
Creating struct: $Function_LoadPath
Creating struct: $Script_ClosePartnerDialog
Creating struct: $PipeSpawning
Creating struct: $EnablePipeCollider
Creating struct: $Script_MakeEntities
Creating struct: $CommingDownPipe
Creating struct: $Function_TimerCurrentFloor
Creating struct: $Script_MakeExits
Creating struct: $Script_Exit0
Creating struct: $Script_Main
Creating struct: $NpcGroups
Creating struct: $NpcGroup1
Creating struct: $NpcGroup7
Creating struct: $NpcGroup_Enemy1
Creating struct: $NpcSettings_Enemy1
Creating struct: $Script_EnemyAI
Creating struct: $AISettings_Enemy
Creating struct: $Script_DisableEnemyAI
Creating struct: $AISettings_DisableEnemy
Merged 1 regions to 1
$Script_SetFloorNumbers will be placed at 80240000 (length = 128C bytes)
$NpcGroup_RubyCS will be placed at 8024128C (length = 1170 bytes)
$LoadMap will be placed at 802423FC (length = C04 bytes)
$LoadMapBandit will be placed at 80243000 (length = B80 bytes)
$GoToNextLevel will be placed at 80243B80 (length = B10 bytes)
$Script_Cutscene_BanditDefeated will be placed at 80244690 (length = B08 bytes)
$Script_SetEnemyIdle will be placed at 80245198 (length = 674 bytes)
$Script_MapID_Converter will be placed at 8024580C (length = 60C bytes)
$Script_Warning_Mario will be placed at 80245E18 (length = 608 bytes)
$Function_80240260 will be placed at 80246420 (length = 5E4 bytes)
$Script_SetNPCPos will be placed at 80246A04 (length = 4D0 bytes)
$Script_Cutscene_Ruby_Init will be placed at 80246ED4 (length = 490 bytes)
$FallingDownPipe will be placed at 80247364 (length = 418 bytes)
$Script_TrackEvents will be placed at 8024777C (length = 410 bytes)
$NpcGroup_MoneyBag will be placed at 80247B8C (length = 3E0 bytes)
$Interact_BanditMover will be placed at 80247F6C (length = 3D8 bytes)
$Script_CheckBanditStatus2 will be placed at 80248344 (length = 3D8 bytes)
$SkipCutscene_BanditDefeated will be placed at 8024871C (length = 3D8 bytes)
$Interact_Mover will be placed at 80248AF4 (length = 3CC bytes)
$Script_Set_SpecialFormation will be placed at 80248EC0 (length = 3B4 bytes)
$Script_FloorEnemy_Idle will be placed at 80249274 (length = 388 bytes)
$Script_TrackOutcome_Bandit will be placed at 802495FC (length = 330 bytes)
$Script_LakituOutcome will be placed at 8024992C (length = 30C bytes)
$Script_Rogue_GiveTotalCoins will be placed at 80249C38 (length = 2FC bytes)
$Script_Set_Formation will be placed at 80249F34 (length = 2D4 bytes)
$PipeSpawning will be placed at 8024A208 (length = 2A0 bytes)
$Script_TrackOutcome will be placed at 8024A4A8 (length = 288 bytes)
$Script_Cutscene_Ruby2 will be placed at 8024A730 (length = 258 bytes)
$Function_NpcAI_MoneySack will be placed at 8024A988 (length = 238 bytes)
$Script_SackAnimation_Start_GoToTheRight will be placed at 8024ABC0 (length = 230 bytes)
$Script_SetSpawnPosition will be placed at 8024ADF0 (length = 228 bytes)
$Script_Main2_Exec will be placed at 8024B018 (length = 228 bytes)
$Script_Cutscene_BanditStatus1 will be placed at 8024B240 (length = 21C bytes)
$Script_LoadMoverType will be placed at 8024B45C (length = 214 bytes)
$Script_NoThanks_Bandit will be placed at 8024B670 (length = 210 bytes)
$Script_SackAnimation_Start_GoToTheLeft will be placed at 8024B880 (length = 1F8 bytes)
$NpcGroup_Spring10 will be placed at 8024BA78 (length = 1F0 bytes)
$NpcGroup_Enemy1 will be placed at 8024BC68 (length = 1F0 bytes)
$NpcGroup_Spring1 will be placed at 8024BE58 (length = 1F0 bytes)
$NpcGroup_Spring2 will be placed at 8024C048 (length = 1F0 bytes)
$NpcGroup_Spring3 will be placed at 8024C238 (length = 1F0 bytes)
$NpcGroup_Spring4 will be placed at 8024C428 (length = 1F0 bytes)
$NpcGroup_Spring5 will be placed at 8024C618 (length = 1F0 bytes)
$NpcGroup_Spring6 will be placed at 8024C808 (length = 1F0 bytes)
$NpcGroup_Spring7 will be placed at 8024C9F8 (length = 1F0 bytes)
$NpcGroup_Spring8 will be placed at 8024CBE8 (length = 1F0 bytes)
$NpcGroup_Spring9 will be placed at 8024CDD8 (length = 1F0 bytes)
$NpcGroup_Mover will be placed at 8024CFC8 (length = 1F0 bytes)
$NpcGroup_BanditMover will be placed at 8024D1B8 (length = 1F0 bytes)
$Script_PipeAnimation will be placed at 8024D3A8 (length = 1C4 bytes)
$Script_Cutscene_Event will be placed at 8024D56C (length = 198 bytes)
$Script_NPC_SackHit_Init will be placed at 8024D704 (length = 198 bytes)
$Script_ClosePartnerDialog will be placed at 8024D89C (length = 194 bytes)
$JumpTable_80242448 will be placed at 8024DA30 (length = 190 bytes)
$SkipCutscene_Event will be placed at 8024DBC0 (length = 188 bytes)
$Script_SpawnNPCs will be placed at 8024DD48 (length = 174 bytes)
$NPC_Sack_AnimationStart will be placed at 8024DEBC (length = 168 bytes)
$Function_80240844 will be placed at 8024E024 (length = 164 bytes)
$Script_SackAnimation_End_Right will be placed at 8024E188 (length = 158 bytes)
$Script_SackAnimation_End_Left will be placed at 8024E2E0 (length = 150 bytes)
$Script_TrackPlayer will be placed at 8024E430 (length = 144 bytes)
$Script_CheckBanditStatus1 will be placed at 8024E574 (length = 13C bytes)
$MapTattle5 will be placed at 8024E6B0 (length = 13C bytes)
$MapTattle4 will be placed at 8024E7EC (length = 130 bytes)
$BanditMover_Tattle will be placed at 8024E91C (length = 11C bytes)
$Function_LoadPath will be placed at 8024EA38 (length = 114 bytes)
$Script_SackAnimation_SackAppears_100 will be placed at 8024EB4C (length = 100 bytes)
$String_Partner_Event_1 will be placed at 8024EC4C (length = FC bytes)
$Script_Main2_Wait will be placed at 8024ED48 (length = F4 bytes)
$String_Warning2 will be placed at 8024EE3C (length = F0 bytes)
$Script_SetMover_Special will be placed at 8024EF2C (length = EC bytes)
$SetSpawnsSpecial will be placed at 8024F018 (length = E8 bytes)
$SetSpawns will be placed at 8024F100 (length = E8 bytes)
$String_Warning1 will be placed at 8024F1E8 (length = E8 bytes)
$DeepestLevel will be placed at 8024F2D0 (length = E4 bytes)
$Function_GetColliderPos will be placed at 8024F3B4 (length = E0 bytes)
$Function_GetPos will be placed at 8024F494 (length = E0 bytes)
$TotalLevels_Sign will be placed at 8024F574 (length = DC bytes)
$Script_SpawnMover_Special will be placed at 8024F650 (length = DC bytes)
$GetFloor will be placed at 8024F72C (length = DC bytes)
$Script_DisableNumbers will be placed at 8024F808 (length = D8 bytes)
$MapTattle2 will be placed at 8024F8E0 (length = D4 bytes)
$NPC_Sack_AnimationEnd will be placed at 8024F9B4 (length = D4 bytes)
$Script_SetMover will be placed at 8024FA88 (length = D0 bytes)
$GetFloorBandit will be placed at 8024FB58 (length = D0 bytes)
$Script_AddCoins_Bandit will be placed at 8024FC28 (length = C8 bytes)
$GetPos will be placed at 8024FCF0 (length = C8 bytes)
$SkipCutscene_MoverWarpAnimation will be placed at 8024FDB8 (length = C4 bytes)
$Function_Init will be placed at 8024FE7C (length = C4 bytes)
$MoverStart will be placed at 8024FF40 (length = C0 bytes)
$String_Warning3 will be placed at 80250000 (length = C0 bytes)
$Script_ZoomIn_Camera_3 will be placed at 802500C0 (length = BC bytes)
$Script_ZoomIn_Camera_2 will be placed at 8025017C (length = BC bytes)
$Script_ZoomIn_Camera will be placed at 80250238 (length = BC bytes)
$Function_TrackInput will be placed at 802502F4 (length = BC bytes)
$String_Bandit_Defeated4 will be placed at 802503B0 (length = B8 bytes)
$Script_MoverWarpAnimation will be placed at 80250468 (length = B8 bytes)
$Script_NpcAI_MoneySack will be placed at 80250520 (length = B8 bytes)
$NpcGroups will be placed at 802505D8 (length = B4 bytes)
$Script_SpawnMover will be placed at 8025068C (length = B4 bytes)
$BanditMoverStart will be placed at 80250740 (length = B4 bytes)
$MapTattle3 will be placed at 802507F4 (length = B0 bytes)
$Script_LoadOdds will be placed at 802508A4 (length = B0 bytes)
$Script_SetPipesPosition will be placed at 80250954 (length = B0 bytes)
$LoadHighscores will be placed at 80250A04 (length = B0 bytes)
$MapTattle1 will be placed at 80250AB4 (length = A8 bytes)
$Script_AddCoins will be placed at 80250B5C (length = A8 bytes)
$SwitchPath will be placed at 80250C04 (length = A4 bytes)
$Script_NPC_Sack_FX will be placed at 80250CA8 (length = A4 bytes)
$Tattle_Springkeeper will be placed at 80250D4C (length = A4 bytes)
$Script_ReadSign will be placed at 80250DF0 (length = A0 bytes)
$Script_ZoomIn_Camera_X will be placed at 80250E90 (length = A0 bytes)
$String_Bandit_Defeated9 will be placed at 80250F30 (length = 9C bytes)
$Script_Bandit_StartBattle will be placed at 80250FCC (length = 9C bytes)
$Script_Main will be placed at 80251068 (length = 9C bytes)
$Mover_Tattle will be placed at 80251104 (length = 94 bytes)
$String_Bandit_Defeated3 will be placed at 80251198 (length = 90 bytes)
$String_Bandit_Defeated8 will be placed at 80251228 (length = 8C bytes)
$BanditMover_Options2 will be placed at 802512B4 (length = 84 bytes)
$BanditMover_Options will be placed at 80251338 (length = 84 bytes)
$String_Okay will be placed at 802513BC (length = 80 bytes)
$Function_TimerCurrentFloor will be placed at 8025143C (length = 7C bytes)
$SignStringBug will be placed at 802514B8 (length = 7C bytes)
$String_Rogue_CoinsGained_Success will be placed at 80251534 (length = 78 bytes)
$Mover_Options will be placed at 802515AC (length = 78 bytes)
$Function2 will be placed at 80251624 (length = 6C bytes)
$Function_SetAnimation will be placed at 80251690 (length = 6C bytes)
$String_Bandit_Defeated1 will be placed at 802516FC (length = 68 bytes)
$CommingDownPipe will be placed at 80251764 (length = 68 bytes)
$MoverEnd will be placed at 802517CC (length = 68 bytes)
$BanditMoverEnd will be placed at 80251834 (length = 68 bytes)
$String_Bandit_Defeated_Partner3 will be placed at 8025189C (length = 64 bytes)
$String_Bandit_Defeated_Partner2 will be placed at 80251900 (length = 64 bytes)
$Function_GetTattle1 will be placed at 80251964 (length = 60 bytes)
$Function_OverwriteBattleID will be placed at 802519C4 (length = 60 bytes)
$String_Bandit_Confrontation1 will be placed at 80251A24 (length = 5C bytes)
$BanditMoverNoCoins will be placed at 80251A80 (length = 58 bytes)
$MoverNoCoins will be placed at 80251AD8 (length = 58 bytes)
$String_Bandit_Defeated7 will be placed at 80251B30 (length = 50 bytes)
$String_Bandit_Defeated_Partner4 will be placed at 80251B80 (length = 50 bytes)
$EntryList will be placed at 80251BD0 (length = 50 bytes)
$String_NoThanks will be placed at 80251C20 (length = 50 bytes)
$Script_Init_BanditMover will be placed at 80251C70 (length = 4C bytes)
$GetFloorSign will be placed at 80251CBC (length = 48 bytes)
$Function_Load_MapID will be placed at 80251D04 (length = 48 bytes)
$GetFloorSign_Rogue will be placed at 80251D4C (length = 48 bytes)
$Script_MakeEntities will be placed at 80251D94 (length = 44 bytes)
$Function_802409A8 will be placed at 80251DD8 (length = 44 bytes)
$Function_LoadCoinsInToVar1 will be placed at 80251E1C (length = 44 bytes)
$String_Bandit_Defeated_Partner1 will be placed at 80251E60 (length = 40 bytes)
$Header will be placed at 80251EA0 (length = 40 bytes)
$Function_LoadCoinsLosted will be placed at 80251EE0 (length = 40 bytes)
$Function_LoadMarioCoins will be placed at 80251F20 (length = 40 bytes)
$Function_LoadGainedCoins will be placed at 80251F60 (length = 40 bytes)
$Function_GetTattle2 will be placed at 80251FA0 (length = 3C bytes)
$Script_Exit0 will be placed at 80251FDC (length = 3C bytes)
$Script_Init_Bag will be placed at 80252018 (length = 38 bytes)
$Script_Init_Bag_HitBox will be placed at 80252050 (length = 38 bytes)
$String_Bandit_Confrotation_Bye will be placed at 80252088 (length = 34 bytes)
$DispawnPartner will be placed at 802520BC (length = 34 bytes)
$String_Whatever will be placed at 802520F0 (length = 30 bytes)
$EnablePipeCollider will be placed at 80252120 (length = 30 bytes)
$AISettings_MoneySack will be placed at 80252150 (length = 30 bytes)
$String_Bandit_Defeated2 will be placed at 80252180 (length = 30 bytes)
$AISettings_Enemy will be placed at 802521B0 (length = 30 bytes)
$RespawnPartner will be placed at 802521E0 (length = 30 bytes)
$AISettings_DisableEnemy will be placed at 80252210 (length = 30 bytes)
$NPC_Settings_Sack will be placed at 80252240 (length = 2C bytes)
$NpcSettings_Generic will be placed at 8025226C (length = 2C bytes)
$Function_RevivePlayer will be placed at 80252298 (length = 2C bytes)
$NpcSettings_Blank will be placed at 802522C4 (length = 2C bytes)
$BlankSettings will be placed at 802522F0 (length = 2C bytes)
$Script_MakeExits will be placed at 8025231C (length = 2C bytes)
$Function_ResetEnemiesFlag will be placed at 80252348 (length = 2C bytes)
$String_List_NoYes will be placed at 80252374 (length = 28 bytes)
$Function_SaveCoinsLosted will be placed at 8025239C (length = 28 bytes)
$String_List_YesNo will be placed at 802523C4 (length = 28 bytes)
$Script_Init_EnemyNPC will be placed at 802523EC (length = 24 bytes)
$VectorList_SwitchPath will be placed at 80252410 (length = 24 bytes)
$NpcSettings_Enemy1 will be placed at 80252434 (length = 24 bytes)
$Script_Init_Lakitu will be placed at 80252458 (length = 24 bytes)
$Script_Init_Mover will be placed at 8025247C (length = 24 bytes)
$String_CoinsGained will be placed at 802524A0 (length = 24 bytes)
$String_Bandit_Defeated10 will be placed at 802524C4 (length = 24 bytes)
$String_Bandit_Defeated6 will be placed at 802524E8 (length = 20 bytes)
$String_Bandit_Defeated5 will be placed at 80252508 (length = 20 bytes)
$Script_DisableEnemyAI will be placed at 80252528 (length = 20 bytes)
$Script_EnemyAI will be placed at 80252548 (length = 20 bytes)
$TotalLevels_CurrentPlaythrough will be placed at 80252568 (length = 1C bytes)
$NpcGroupList_RubyCS will be placed at 80252584 (length = 18 bytes)
$SignString will be placed at 8025259C (length = 18 bytes)
$String_Psst will be placed at 802525B4 (length = 10 bytes)
$Script_null will be placed at 802525C4 (length = 10 bytes)
$ASCII_"pt81_86_shape"_Literal will be placed at 802525D4 (length = 10 bytes)
$Function_ResetCoinsLosted will be placed at 802525E4 (length = 10 bytes)
$ASCII_"pt51_56_shape"_Literal will be placed at 802525F4 (length = 10 bytes)
$ASCII_"pt1_6_hit"_Literal will be placed at 80252604 (length = C bytes)
$NpcGroup7 will be placed at 80252610 (length = C bytes)
$NpcGroup1 will be placed at 8025261C (length = C bytes)
$ASCII_"pt_100"_Literal will be placed at 80252628 (length = C bytes)
$ASCII_"dmo_00"_Literal will be placed at 80252634 (length = C bytes)
$ASCII_"pt1_6_shape"_Literal will be placed at 80252640 (length = C bytes)
$ASCII_"pt_85"_Literal will be placed at 8025264C (length = 8 bytes)
$ASCII_"pt91_96"_Literal will be placed at 80252654 (length = 8 bytes)
$ASCII_"pt62_67"_Literal will be placed at 8025265C (length = 8 bytes)
$ASCII_"pt33_38"_Literal will be placed at 80252664 (length = 8 bytes)
$ASCII_"pt1_6"_Literal will be placed at 8025266C (length = 8 bytes)
$ASCII_"pt_95"_Literal will be placed at 80252674 (length = 8 bytes)
$ASCII_"pt4_9"_Literal will be placed at 8025267C (length = 8 bytes)
$ASCII_"pt_65"_Literal will be placed at 80252684 (length = 8 bytes)
$ASCII_"pt44_49"_Literal will be placed at 8025268C (length = 8 bytes)
$ASCII_"pt81_86"_Literal will be placed at 80252694 (length = 8 bytes)
$ASCII_"pt_80"_Literal will be placed at 8025269C (length = 8 bytes)
$ASCII_"pt52_57"_Literal will be placed at 802526A4 (length = 8 bytes)
$ASCII_"pt23_28"_Literal will be placed at 802526AC (length = 8 bytes)
$ASCII_"pt_50"_Literal will be placed at 802526B4 (length = 8 bytes)
$ASCII_"pt83_88"_Literal will be placed at 802526BC (length = 8 bytes)
$ASCII_"pt54_59"_Literal will be placed at 802526C4 (length = 8 bytes)
$ASCII_"pt64_69"_Literal will be placed at 802526CC (length = 8 bytes)
$ASCII_"pt72_77"_Literal will be placed at 802526D4 (length = 8 bytes)
$ASCII_"pt14_19"_Literal will be placed at 802526DC (length = 8 bytes)
$ASCII_"pt34_39"_Literal will be placed at 802526E4 (length = 8 bytes)
$ASCII_"pt22_27"_Literal will be placed at 802526EC (length = 8 bytes)
$ASCII_"pt21_26"_Literal will be placed at 802526F4 (length = 8 bytes)
$ASCII_"pt73_78"_Literal will be placed at 802526FC (length = 8 bytes)
$ASCII_"pt84_89"_Literal will be placed at 80252704 (length = 8 bytes)
$ASCII_"pt92_97"_Literal will be placed at 8025270C (length = 8 bytes)
$ASCII_"pt_75"_Literal will be placed at 80252714 (length = 8 bytes)
$ASCII_"pt53_58"_Literal will be placed at 8025271C (length = 8 bytes)
$ASCII_"pt41_46"_Literal will be placed at 80252724 (length = 8 bytes)
$ASCII_"pt61_66"_Literal will be placed at 8025272C (length = 8 bytes)
$ASCII_"pt32_37"_Literal will be placed at 80252734 (length = 8 bytes)
$ASCII_"pt_15"_Literal will be placed at 8025273C (length = 8 bytes)
$ASCII_"pt11_16"_Literal will be placed at 80252744 (length = 8 bytes)
$ASCII_"pt_00"_Literal will be placed at 8025274C (length = 8 bytes)
$ASCII_"pt74_79"_Literal will be placed at 80252754 (length = 8 bytes)
$ASCII_"pt_25"_Literal will be placed at 8025275C (length = 8 bytes)
$ASCII_"pt_35"_Literal will be placed at 80252764 (length = 8 bytes)
$ASCII_"pt71_76"_Literal will be placed at 8025276C (length = 8 bytes)
$ASCII_"pt42_47"_Literal will be placed at 80252774 (length = 8 bytes)
$ASCII_"pt13_18"_Literal will be placed at 8025277C (length = 8 bytes)
$ASCII_"pt_05"_Literal will be placed at 80252784 (length = 8 bytes)
$ASCII_"pt93_98"_Literal will be placed at 8025278C (length = 8 bytes)
$ASCII_"pt43_48"_Literal will be placed at 80252794 (length = 8 bytes)
$ASCII_"pt51_56"_Literal will be placed at 8025279C (length = 8 bytes)
$ASCII_"pt_55"_Literal will be placed at 802527A4 (length = 8 bytes)
$ASCII_"pt2_7"_Literal will be placed at 802527AC (length = 8 bytes)
$ASCII_"pt12_17"_Literal will be placed at 802527B4 (length = 8 bytes)
$ASCII_"pt3_8"_Literal will be placed at 802527BC (length = 8 bytes)
$ASCII_"pt_10"_Literal will be placed at 802527C4 (length = 8 bytes)
$ASCII_"tik_tex"_Literal will be placed at 802527CC (length = 8 bytes)
$ASCII_"pt31_36"_Literal will be placed at 802527D4 (length = 8 bytes)
$ASCII_"pt63_68"_Literal will be placed at 802527DC (length = 8 bytes)
$ASCII_"pt94_99"_Literal will be placed at 802527E4 (length = 8 bytes)
$ASCII_"pt82_87"_Literal will be placed at 802527EC (length = 8 bytes)
$ASCII_"pt_45"_Literal will be placed at 802527F4 (length = 8 bytes)
$ASCII_"pt24_29"_Literal will be placed at 802527FC (length = 8 bytes)
$MoverCancel will be placed at 80252804 (length = 4 bytes)
$BanditMoverCancel will be placed at 80252808 (length = 4 bytes)
$CloseDialogBubble will be placed at 8025280C (length = 4 bytes)
Executing patch: pt23_28.mpat
Creating struct: $DeepestLevel
Creating struct: $TotalLevels_Sign
Creating struct: $TotalLevels_CurrentPlaythrough
Creating struct: $LoadHighscores
Creating struct: $FallingDownPipe
Creating struct: $Function_GetPos
Creating struct: $Function2
Creating struct: $SetSpawns
Creating struct: $Script_Set_Formation
Creating struct: $Function_OverwriteBattleID
Creating struct: $Script_SetMover
Creating struct: $Script_MapID_Converter
Creating struct: $Script_LoadOdds
Creating struct: $Script_LoadMoverType
Creating struct: $Script_SpawnMover
Creating struct: $Script_SetNPCPos
Creating struct: $Function_Load_MapID
Creating struct: $SwitchPath
Creating struct: $VectorList_SwitchPath
Creating struct: $GetPos
Creating struct: $DispawnPartner
Creating struct: $RespawnPartner
Creating struct: $LoadMap
Creating struct: $GetFloor
Creating struct: $LoadMapBandit
Creating struct: $GetFloorBandit
Creating struct: $SetSpawnsSpecial
Creating struct: $Script_SetMover_Special
Creating struct: $Script_SpawnMover_Special
Creating struct: $Script_Set_SpecialFormation
Creating struct: $Function_LoadCoinsInToVar1
Creating struct: $Script_SetSpawnPosition
Creating struct: $Script_Init_EnemyNPC
Creating struct: $Script_Init_Lakitu
Creating struct: $Script_TrackOutcome
Creating struct: $Script_LakituOutcome
Creating struct: $Script_FloorEnemy_Idle
Creating struct: $Script_Rogue_GiveTotalCoins
Creating struct: $Script_SetEnemyIdle
Creating struct: $Script_AddCoins
Creating struct: $NPC_Settings_Sack
Creating struct: $Script_Init_Bag
Creating struct: $Script_Init_Bag_HitBox
Creating struct: $Script_NPC_SackHit_Init
Creating struct: $Script_NPC_Sack_FX
Creating struct: $NPC_Sack_AnimationStart
Creating struct: $NPC_Sack_AnimationEnd
Creating struct: $Script_SackAnimation_SackAppears_100
Creating struct: $Script_SackAnimation_Start_GoToTheRight
Creating struct: $Script_SackAnimation_Start_GoToTheLeft
Creating struct: $Script_SackAnimation_End_Right
Creating struct: $Script_SackAnimation_End_Left
Creating struct: $Function_LoadMarioCoins
Creating struct: $Function_LoadCoinsLosted
Creating struct: $Function_SaveCoinsLosted
Creating struct: $Function_ResetCoinsLosted
Creating struct: $Function_LoadGainedCoins
Creating struct: $Function_RevivePlayer
Creating struct: $AISettings_MoneySack
Creating struct: $Script_NpcAI_MoneySack
Creating struct: $JumpTable_80242448
Creating struct: $Function_NpcAI_MoneySack
Creating struct: $Function_80240260
Creating struct: $Function_80240844
Creating struct: $Function_802409A8
Creating struct: $Script_TrackPlayer
Creating struct: $Script_PipeAnimation
Creating struct: $Function_SetAnimation
Creating struct: $Function_GetColliderPos
Creating struct: $Function_TrackInput
Creating struct: $GoToNextLevel
Creating struct: $GetFloorSign
Creating struct: $GetFloorSign_Rogue
Creating struct: $Function_GetTattle1
Creating struct: $Function_GetTattle2
Creating struct: $Script_ReadSign
Creating struct: $NpcSettings_Blank
Creating struct: $NpcGroup_Spring1
Creating struct: $NpcGroup_Spring2
Creating struct: $NpcGroup_Spring3
Creating struct: $NpcGroup_Spring4
Creating struct: $NpcGroup_Spring5
Creating struct: $NpcGroup_Spring6
Creating struct: $NpcGroup_Spring7
Creating struct: $NpcGroup_Spring8
Creating struct: $NpcGroup_Spring9
Creating struct: $NpcGroup_Spring10
Creating struct: $Header
Creating struct: $Script_Main2_Wait
Creating struct: $Script_Main2_Exec
Creating struct: $Script_TrackEvents
Creating struct: $Script_Cutscene_Event
Creating struct: $SkipCutscene_Event
Creating struct: $Script_ZoomIn_Camera_X
Creating struct: $Script_Cutscene_Ruby_Init
Creating struct: $Script_Cutscene_Ruby2
Creating struct: $NpcGroupList_RubyCS
Creating struct: $NpcGroup_RubyCS
Creating struct: $NpcSettings_Generic
Creating struct: $Script_null
Creating struct: $Script_SpawnNPCs
Creating struct: $Function_ResetEnemiesFlag
Creating struct: $EntryList
Creating struct: $Function_Init
Creating struct: $NpcGroup_Mover
Creating struct: $BlankSettings
Creating struct: $Script_Init_Mover
Creating struct: $Interact_Mover
Creating struct: $Script_MoverWarpAnimation
Creating struct: $SkipCutscene_MoverWarpAnimation
Creating struct: $NpcGroup_BanditMover
Creating struct: $Script_Init_BanditMover
Creating struct: $Script_Bandit_StartBattle
Creating struct: $Interact_BanditMover
Creating struct: $Script_Warning_Mario
Creating struct: $Script_NoThanks_Bandit
Creating struct: $Script_ZoomIn_Camera
Creating struct: $Script_ZoomIn_Camera_2
Creating struct: $Script_ZoomIn_Camera_3
Creating struct: $NpcGroup_MoneyBag
Creating struct: $Script_SetPipesPosition
Creating struct: $Script_DisableNumbers
Creating struct: $Script_SetFloorNumbers
Creating struct: $Script_CheckBanditStatus1
Creating struct: $Script_Cutscene_BanditStatus1
Creating struct: $Script_CheckBanditStatus2
Creating struct: $Script_TrackOutcome_Bandit
Creating struct: $Script_Cutscene_BanditDefeated
Creating struct: $SkipCutscene_BanditDefeated
Creating struct: $Script_AddCoins_Bandit
Creating struct: $Function_LoadPath
Creating struct: $Script_ClosePartnerDialog
Creating struct: $PipeSpawning
Creating struct: $EnablePipeCollider
Creating struct: $Script_MakeEntities
Creating struct: $CommingDownPipe
Creating struct: $Function_TimerCurrentFloor
Creating struct: $Script_MakeExits
Creating struct: $Script_Exit0
Creating struct: $Script_Main
Creating struct: $NpcGroups
Creating struct: $NpcGroup1
Creating struct: $NpcGroup7
Creating struct: $NpcGroup_Enemy1
Creating struct: $NpcSettings_Enemy1
Creating struct: $Script_EnemyAI
Creating struct: $ConstDouble_80243440
Creating struct: $ConstDouble_80243448
Creating struct: $ConstDouble_80243450
Creating struct: $JumpTable_80243458
Creating struct: $FloatTable_80241B2C
Creating struct: $Function_8024130C
Creating struct: $Function_80240000
Creating struct: $Function_802401B0
Creating struct: $Function_802407D8
Creating struct: $Function_80240898
Creating struct: $Function_80240BDC
Creating struct: $Function_80240C54
Creating struct: $Function_80240CC0
Creating struct: $Function_80240DF4
Creating struct: $Function_80240E58
Creating struct: $Function_802411E8
Creating struct: $AISettings_Enemy
Creating struct: $Script_DisableEnemyAI
Creating struct: $AISettings_DisableEnemy
Merged 1 regions to 1
$Script_SetFloorNumbers will be placed at 80240000 (length = 128C bytes)
$NpcGroup_RubyCS will be placed at 8024128C (length = 1170 bytes)
$LoadMap will be placed at 802423FC (length = C04 bytes)
$LoadMapBandit will be placed at 80243000 (length = B80 bytes)
$GoToNextLevel will be placed at 80243B80 (length = B10 bytes)
$Script_Cutscene_BanditDefeated will be placed at 80244690 (length = B08 bytes)
$Script_SetEnemyIdle will be placed at 80245198 (length = 674 bytes)
$Function_802401B0 will be placed at 8024580C (length = 624 bytes)
$Script_MapID_Converter will be placed at 80245E30 (length = 60C bytes)
$Script_Warning_Mario will be placed at 8024643C (length = 608 bytes)
$Function_80240260 will be placed at 80246A44 (length = 5E4 bytes)
$Script_SetNPCPos will be placed at 80247028 (length = 4D0 bytes)
$Script_Cutscene_Ruby_Init will be placed at 802474F8 (length = 490 bytes)
$FallingDownPipe will be placed at 80247988 (length = 418 bytes)
$Script_TrackEvents will be placed at 80247DA0 (length = 410 bytes)
$NpcGroup_MoneyBag will be placed at 802481B0 (length = 3E0 bytes)
$Interact_BanditMover will be placed at 80248590 (length = 3D8 bytes)
$Script_CheckBanditStatus2 will be placed at 80248968 (length = 3D8 bytes)
$SkipCutscene_BanditDefeated will be placed at 80248D40 (length = 3D8 bytes)
$Interact_Mover will be placed at 80249118 (length = 3CC bytes)
$Script_Set_SpecialFormation will be placed at 802494E4 (length = 3B4 bytes)
$Function_80240E58 will be placed at 80249898 (length = 390 bytes)
$Script_FloorEnemy_Idle will be placed at 80249C28 (length = 388 bytes)
$Function_80240898 will be placed at 80249FB0 (length = 340 bytes)
$Script_TrackOutcome_Bandit will be placed at 8024A2F0 (length = 330 bytes)
$Script_LakituOutcome will be placed at 8024A620 (length = 30C bytes)
$Script_Rogue_GiveTotalCoins will be placed at 8024A92C (length = 2FC bytes)
$Script_Set_Formation will be placed at 8024AC28 (length = 2D4 bytes)
$PipeSpawning will be placed at 8024AEFC (length = 2A0 bytes)
$Script_TrackOutcome will be placed at 8024B19C (length = 288 bytes)
$Script_Cutscene_Ruby2 will be placed at 8024B424 (length = 258 bytes)
$Function_NpcAI_MoneySack will be placed at 8024B67C (length = 238 bytes)
$Script_SackAnimation_Start_GoToTheRight will be placed at 8024B8B4 (length = 230 bytes)
$Script_SetSpawnPosition will be placed at 8024BAE4 (length = 228 bytes)
$Script_Main2_Exec will be placed at 8024BD0C (length = 228 bytes)
$Script_Cutscene_BanditStatus1 will be placed at 8024BF34 (length = 21C bytes)
$Script_LoadMoverType will be placed at 8024C150 (length = 214 bytes)
$Script_NoThanks_Bandit will be placed at 8024C364 (length = 210 bytes)
$Script_SackAnimation_Start_GoToTheLeft will be placed at 8024C574 (length = 1F8 bytes)
$NpcGroup_Spring10 will be placed at 8024C76C (length = 1F0 bytes)
$NpcGroup_Enemy1 will be placed at 8024C95C (length = 1F0 bytes)
$NpcGroup_Spring1 will be placed at 8024CB4C (length = 1F0 bytes)
$NpcGroup_Spring2 will be placed at 8024CD3C (length = 1F0 bytes)
$NpcGroup_Spring3 will be placed at 8024CF2C (length = 1F0 bytes)
$NpcGroup_Spring4 will be placed at 8024D11C (length = 1F0 bytes)
$NpcGroup_Spring5 will be placed at 8024D30C (length = 1F0 bytes)
$NpcGroup_Spring6 will be placed at 8024D4FC (length = 1F0 bytes)
$NpcGroup_Spring7 will be placed at 8024D6EC (length = 1F0 bytes)
$NpcGroup_Spring8 will be placed at 8024D8DC (length = 1F0 bytes)
$NpcGroup_Spring9 will be placed at 8024DACC (length = 1F0 bytes)
$NpcGroup_Mover will be placed at 8024DCBC (length = 1F0 bytes)
$NpcGroup_BanditMover will be placed at 8024DEAC (length = 1F0 bytes)
$Function_8024130C will be placed at 8024E09C (length = 1EC bytes)
$Script_PipeAnimation will be placed at 8024E288 (length = 1C4 bytes)
$Function_80240000 will be placed at 8024E44C (length = 1B0 bytes)
$Script_Cutscene_Event will be placed at 8024E5FC (length = 198 bytes)
$Script_NPC_SackHit_Init will be placed at 8024E794 (length = 198 bytes)
$Script_ClosePartnerDialog will be placed at 8024E92C (length = 194 bytes)
$JumpTable_80242448 will be placed at 8024EAC0 (length = 190 bytes)
$SkipCutscene_Event will be placed at 8024EC50 (length = 188 bytes)
$Script_SpawnNPCs will be placed at 8024EDD8 (length = 174 bytes)
$NPC_Sack_AnimationStart will be placed at 8024EF4C (length = 168 bytes)
$Function_80240844 will be placed at 8024F0B4 (length = 164 bytes)
$Script_SackAnimation_End_Right will be placed at 8024F218 (length = 158 bytes)
$Script_SackAnimation_End_Left will be placed at 8024F370 (length = 150 bytes)
$Script_TrackPlayer will be placed at 8024F4C0 (length = 144 bytes)
$Script_CheckBanditStatus1 will be placed at 8024F604 (length = 13C bytes)
$MapTattle5 will be placed at 8024F740 (length = 13C bytes)
$Function_80240CC0 will be placed at 8024F87C (length = 134 bytes)
$MapTattle4 will be placed at 8024F9B0 (length = 130 bytes)
$Function_802411E8 will be placed at 8024FAE0 (length = 124 bytes)
$BanditMover_Tattle will be placed at 8024FC04 (length = 11C bytes)
$Function_LoadPath will be placed at 8024FD20 (length = 114 bytes)
$Script_SackAnimation_SackAppears_100 will be placed at 8024FE34 (length = 100 bytes)
$String_Partner_Event_1 will be placed at 8024FF34 (length = FC bytes)
$Script_Main2_Wait will be placed at 80250030 (length = F4 bytes)
$String_Warning2 will be placed at 80250124 (length = F0 bytes)
$Script_SetMover_Special will be placed at 80250214 (length = EC bytes)
$SetSpawnsSpecial will be placed at 80250300 (length = E8 bytes)
$SetSpawns will be placed at 802503E8 (length = E8 bytes)
$String_Warning1 will be placed at 802504D0 (length = E8 bytes)
$DeepestLevel will be placed at 802505B8 (length = E4 bytes)
$Function_GetColliderPos will be placed at 8025069C (length = E0 bytes)
$Function_GetPos will be placed at 8025077C (length = E0 bytes)
$TotalLevels_Sign will be placed at 8025085C (length = DC bytes)
$Script_SpawnMover_Special will be placed at 80250938 (length = DC bytes)
$GetFloor will be placed at 80250A14 (length = DC bytes)
$Script_DisableNumbers will be placed at 80250AF0 (length = D8 bytes)
$MapTattle2 will be placed at 80250BC8 (length = D4 bytes)
$NPC_Sack_AnimationEnd will be placed at 80250C9C (length = D4 bytes)
$Script_SetMover will be placed at 80250D70 (length = D0 bytes)
$GetFloorBandit will be placed at 80250E40 (length = D0 bytes)
$Script_AddCoins_Bandit will be placed at 80250F10 (length = C8 bytes)
$GetPos will be placed at 80250FD8 (length = C8 bytes)
$SkipCutscene_MoverWarpAnimation will be placed at 802510A0 (length = C4 bytes)
$Function_Init will be placed at 80251164 (length = C4 bytes)
$Function_802407D8 will be placed at 80251228 (length = C0 bytes)
$MoverStart will be placed at 802512E8 (length = C0 bytes)
$String_Warning3 will be placed at 802513A8 (length = C0 bytes)
$Script_ZoomIn_Camera_3 will be placed at 80251468 (length = BC bytes)
$Script_ZoomIn_Camera_2 will be placed at 80251524 (length = BC bytes)
$Script_ZoomIn_Camera will be placed at 802515E0 (length = BC bytes)
$Function_TrackInput will be placed at 8025169C (length = BC bytes)
$String_Bandit_Defeated4 will be placed at 80251758 (length = B8 bytes)
$Script_MoverWarpAnimation will be placed at 80251810 (length = B8 bytes)
$Script_NpcAI_MoneySack will be placed at 802518C8 (length = B8 bytes)
$NpcGroups will be placed at 80251980 (length = B4 bytes)
$Script_SpawnMover will be placed at 80251A34 (length = B4 bytes)
$BanditMoverStart will be placed at 80251AE8 (length = B4 bytes)
$MapTattle3 will be placed at 80251B9C (length = B0 bytes)
$Script_LoadOdds will be placed at 80251C4C (length = B0 bytes)
$Script_SetPipesPosition will be placed at 80251CFC (length = B0 bytes)
$LoadHighscores will be placed at 80251DAC (length = B0 bytes)
$MapTattle1 will be placed at 80251E5C (length = A8 bytes)
$Script_AddCoins will be placed at 80251F04 (length = A8 bytes)
$SwitchPath will be placed at 80251FAC (length = A4 bytes)
$Script_NPC_Sack_FX will be placed at 80252050 (length = A4 bytes)
$Tattle_Springkeeper will be placed at 802520F4 (length = A4 bytes)
$Script_ReadSign will be placed at 80252198 (length = A0 bytes)
$Script_ZoomIn_Camera_X will be placed at 80252238 (length = A0 bytes)
$String_Bandit_Defeated9 will be placed at 802522D8 (length = 9C bytes)
$Script_Bandit_StartBattle will be placed at 80252374 (length = 9C bytes)
$Script_Main will be placed at 80252410 (length = 9C bytes)
$Mover_Tattle will be placed at 802524AC (length = 94 bytes)
$String_Bandit_Defeated3 will be placed at 80252540 (length = 90 bytes)
$String_Bandit_Defeated8 will be placed at 802525D0 (length = 8C bytes)
$BanditMover_Options2 will be placed at 8025265C (length = 84 bytes)
$BanditMover_Options will be placed at 802526E0 (length = 84 bytes)
$String_Okay will be placed at 80252764 (length = 80 bytes)
$Function_TimerCurrentFloor will be placed at 802527E4 (length = 7C bytes)
$SignStringBug will be placed at 80252860 (length = 7C bytes)
$String_Rogue_CoinsGained_Success will be placed at 802528DC (length = 78 bytes)
$Function_80240BDC will be placed at 80252954 (length = 78 bytes)
$Mover_Options will be placed at 802529CC (length = 78 bytes)
$Script_EnemyAI will be placed at 80252A44 (length = 70 bytes)
$Function2 will be placed at 80252AB4 (length = 6C bytes)
$Function_80240C54 will be placed at 80252B20 (length = 6C bytes)
$Function_SetAnimation will be placed at 80252B8C (length = 6C bytes)
$String_Bandit_Defeated1 will be placed at 80252BF8 (length = 68 bytes)
$CommingDownPipe will be placed at 80252C60 (length = 68 bytes)
$MoverEnd will be placed at 80252CC8 (length = 68 bytes)
$BanditMoverEnd will be placed at 80252D30 (length = 68 bytes)
$String_Bandit_Defeated_Partner3 will be placed at 80252D98 (length = 64 bytes)
$String_Bandit_Defeated_Partner2 will be placed at 80252DFC (length = 64 bytes)
$Function_80240DF4 will be placed at 80252E60 (length = 64 bytes)
$Function_GetTattle1 will be placed at 80252EC4 (length = 60 bytes)
$Function_OverwriteBattleID will be placed at 80252F24 (length = 60 bytes)
$String_Bandit_Confrontation1 will be placed at 80252F84 (length = 5C bytes)
$BanditMoverNoCoins will be placed at 80252FE0 (length = 58 bytes)
$MoverNoCoins will be placed at 80253038 (length = 58 bytes)
$String_Bandit_Defeated7 will be placed at 80253090 (length = 50 bytes)
$String_Bandit_Defeated_Partner4 will be placed at 802530E0 (length = 50 bytes)
$EntryList will be placed at 80253130 (length = 50 bytes)
$String_NoThanks will be placed at 80253180 (length = 50 bytes)
$Script_Init_BanditMover will be placed at 802531D0 (length = 4C bytes)
$GetFloorSign will be placed at 8025321C (length = 48 bytes)
$Function_Load_MapID will be placed at 80253264 (length = 48 bytes)
$GetFloorSign_Rogue will be placed at 802532AC (length = 48 bytes)
$Script_MakeEntities will be placed at 802532F4 (length = 44 bytes)
$Function_802409A8 will be placed at 80253338 (length = 44 bytes)
$Function_LoadCoinsInToVar1 will be placed at 8025337C (length = 44 bytes)
$String_Bandit_Defeated_Partner1 will be placed at 802533C0 (length = 40 bytes)
$Header will be placed at 80253400 (length = 40 bytes)
$Function_LoadCoinsLosted will be placed at 80253440 (length = 40 bytes)
$Function_LoadMarioCoins will be placed at 80253480 (length = 40 bytes)
$Function_LoadGainedCoins will be placed at 802534C0 (length = 40 bytes)
$Function_GetTattle2 will be placed at 80253500 (length = 3C bytes)
$Script_Exit0 will be placed at 8025353C (length = 3C bytes)
$JumpTable_80243458 will be placed at 80253578 (length = 3C bytes)
$Script_Init_Bag will be placed at 802535B4 (length = 38 bytes)
$Script_Init_Bag_HitBox will be placed at 802535EC (length = 38 bytes)
$String_Bandit_Confrotation_Bye will be placed at 80253624 (length = 34 bytes)
$DispawnPartner will be placed at 80253658 (length = 34 bytes)
$String_Whatever will be placed at 8025368C (length = 30 bytes)
$EnablePipeCollider will be placed at 802536BC (length = 30 bytes)
$AISettings_MoneySack will be placed at 802536EC (length = 30 bytes)
$String_Bandit_Defeated2 will be placed at 8025371C (length = 30 bytes)
$AISettings_Enemy will be placed at 8025374C (length = 30 bytes)
$RespawnPartner will be placed at 8025377C (length = 30 bytes)
$AISettings_DisableEnemy will be placed at 802537AC (length = 30 bytes)
$NPC_Settings_Sack will be placed at 802537DC (length = 2C bytes)
$NpcSettings_Generic will be placed at 80253808 (length = 2C bytes)
$NpcSettings_Enemy1 will be placed at 80253834 (length = 2C bytes)
$Function_RevivePlayer will be placed at 80253860 (length = 2C bytes)
$NpcSettings_Blank will be placed at 8025388C (length = 2C bytes)
$BlankSettings will be placed at 802538B8 (length = 2C bytes)
$Script_MakeExits will be placed at 802538E4 (length = 2C bytes)
$Function_ResetEnemiesFlag will be placed at 80253910 (length = 2C bytes)
$String_List_NoYes will be placed at 8025393C (length = 28 bytes)
$Function_SaveCoinsLosted will be placed at 80253964 (length = 28 bytes)
$String_List_YesNo will be placed at 8025398C (length = 28 bytes)
$Script_Init_EnemyNPC will be placed at 802539B4 (length = 24 bytes)
$VectorList_SwitchPath will be placed at 802539D8 (length = 24 bytes)
$Script_Init_Lakitu will be placed at 802539FC (length = 24 bytes)
$Script_Init_Mover will be placed at 80253A20 (length = 24 bytes)
$String_CoinsGained will be placed at 80253A44 (length = 24 bytes)
$String_Bandit_Defeated10 will be placed at 80253A68 (length = 24 bytes)
$String_Bandit_Defeated6 will be placed at 80253A8C (length = 20 bytes)
$String_Bandit_Defeated5 will be placed at 80253AAC (length = 20 bytes)
$Script_DisableEnemyAI will be placed at 80253ACC (length = 20 bytes)
$TotalLevels_CurrentPlaythrough will be placed at 80253AEC (length = 1C bytes)
$NpcGroupList_RubyCS will be placed at 80253B08 (length = 18 bytes)
$FloatTable_80241B2C will be placed at 80253B20 (length = 18 bytes)
$SignString will be placed at 80253B38 (length = 18 bytes)
$String_Psst will be placed at 80253B50 (length = 10 bytes)
$Script_null will be placed at 80253B60 (length = 10 bytes)
$ASCII_"pt81_86_shape"_Literal will be placed at 80253B70 (length = 10 bytes)
$Function_ResetCoinsLosted will be placed at 80253B80 (length = 10 bytes)
$ASCII_"pt51_56_shape"_Literal will be placed at 80253B90 (length = 10 bytes)
$ASCII_"pt1_6_hit"_Literal will be placed at 80253BA0 (length = C bytes)
$NpcGroup7 will be placed at 80253BAC (length = C bytes)
$NpcGroup1 will be placed at 80253BB8 (length = C bytes)
$ASCII_"pt_100"_Literal will be placed at 80253BC4 (length = C bytes)
$ASCII_"dmo_00"_Literal will be placed at 80253BD0 (length = C bytes)
$ASCII_"pt1_6_shape"_Literal will be placed at 80253BDC (length = C bytes)
$ASCII_"pt_85"_Literal will be placed at 80253BE8 (length = 8 bytes)
$ASCII_"pt91_96"_Literal will be placed at 80253BF0 (length = 8 bytes)
$ASCII_"pt62_67"_Literal will be placed at 80253BF8 (length = 8 bytes)
$ASCII_"pt33_38"_Literal will be placed at 80253C00 (length = 8 bytes)
$ASCII_"pt1_6"_Literal will be placed at 80253C08 (length = 8 bytes)
$ASCII_"pt_95"_Literal will be placed at 80253C10 (length = 8 bytes)
$ASCII_"pt4_9"_Literal will be placed at 80253C18 (length = 8 bytes)
$ASCII_"pt_65"_Literal will be placed at 80253C20 (length = 8 bytes)
$ASCII_"pt44_49"_Literal will be placed at 80253C28 (length = 8 bytes)
$ASCII_"pt81_86"_Literal will be placed at 80253C30 (length = 8 bytes)
$ASCII_"pt_80"_Literal will be placed at 80253C38 (length = 8 bytes)
$ASCII_"pt52_57"_Literal will be placed at 80253C40 (length = 8 bytes)
$ASCII_"pt23_28"_Literal will be placed at 80253C48 (length = 8 bytes)
$ConstDouble_80243448 will be placed at 80253C50 (length = 8 bytes)
$ASCII_"pt_50"_Literal will be placed at 80253C58 (length = 8 bytes)
$ConstDouble_80243440 will be placed at 80253C60 (length = 8 bytes)
$ASCII_"pt83_88"_Literal will be placed at 80253C68 (length = 8 bytes)
$ASCII_"pt54_59"_Literal will be placed at 80253C70 (length = 8 bytes)
$ASCII_"pt64_69"_Literal will be placed at 80253C78 (length = 8 bytes)
$ASCII_"pt72_77"_Literal will be placed at 80253C80 (length = 8 bytes)
$ASCII_"pt14_19"_Literal will be placed at 80253C88 (length = 8 bytes)
$ASCII_"pt34_39"_Literal will be placed at 80253C90 (length = 8 bytes)
$ASCII_"pt22_27"_Literal will be placed at 80253C98 (length = 8 bytes)
$ASCII_"pt21_26"_Literal will be placed at 80253CA0 (length = 8 bytes)
$ASCII_"pt73_78"_Literal will be placed at 80253CA8 (length = 8 bytes)
$ASCII_"pt84_89"_Literal will be placed at 80253CB0 (length = 8 bytes)
$ASCII_"pt92_97"_Literal will be placed at 80253CB8 (length = 8 bytes)
$ASCII_"pt_75"_Literal will be placed at 80253CC0 (length = 8 bytes)
$ASCII_"pt53_58"_Literal will be placed at 80253CC8 (length = 8 bytes)
$ASCII_"pt41_46"_Literal will be placed at 80253CD0 (length = 8 bytes)
$ASCII_"pt61_66"_Literal will be placed at 80253CD8 (length = 8 bytes)
$ASCII_"pt32_37"_Literal will be placed at 80253CE0 (length = 8 bytes)
$ASCII_"pt_15"_Literal will be placed at 80253CE8 (length = 8 bytes)
$ASCII_"pt11_16"_Literal will be placed at 80253CF0 (length = 8 bytes)
$ASCII_"pt_00"_Literal will be placed at 80253CF8 (length = 8 bytes)
$ASCII_"pt74_79"_Literal will be placed at 80253D00 (length = 8 bytes)
$ASCII_"pt_25"_Literal will be placed at 80253D08 (length = 8 bytes)
$ASCII_"pt_35"_Literal will be placed at 80253D10 (length = 8 bytes)
$ASCII_"pt71_76"_Literal will be placed at 80253D18 (length = 8 bytes)
$ASCII_"pt42_47"_Literal will be placed at 80253D20 (length = 8 bytes)
$ASCII_"pt13_18"_Literal will be placed at 80253D28 (length = 8 bytes)
$ASCII_"pt_05"_Literal will be placed at 80253D30 (length = 8 bytes)
$ASCII_"pt93_98"_Literal will be placed at 80253D38 (length = 8 bytes)
$ASCII_"pt43_48"_Literal will be placed at 80253D40 (length = 8 bytes)
$ASCII_"pt51_56"_Literal will be placed at 80253D48 (length = 8 bytes)
$ASCII_"pt_55"_Literal will be placed at 80253D50 (length = 8 bytes)
$ConstDouble_80243450 will be placed at 80253D58 (length = 8 bytes)
$ASCII_"pt2_7"_Literal will be placed at 80253D60 (length = 8 bytes)
$ASCII_"pt12_17"_Literal will be placed at 80253D68 (length = 8 bytes)
$ASCII_"pt3_8"_Literal will be placed at 80253D70 (length = 8 bytes)
$ASCII_"pt_10"_Literal will be placed at 80253D78 (length = 8 bytes)
$ASCII_"tik_tex"_Literal will be placed at 80253D80 (length = 8 bytes)
$ASCII_"pt31_36"_Literal will be placed at 80253D88 (length = 8 bytes)
$ASCII_"pt63_68"_Literal will be placed at 80253D90 (length = 8 bytes)
$ASCII_"pt94_99"_Literal will be placed at 80253D98 (length = 8 bytes)
$ASCII_"pt82_87"_Literal will be placed at 80253DA0 (length = 8 bytes)
$ASCII_"pt_45"_Literal will be placed at 80253DA8 (length = 8 bytes)
$ASCII_"pt24_29"_Literal will be placed at 80253DB0 (length = 8 bytes)
$MoverCancel will be placed at 80253DB8 (length = 4 bytes)
$BanditMoverCancel will be placed at 80253DBC (length = 4 bytes)
$CloseDialogBubble will be placed at 80253DC0 (length = 4 bytes)
Executing patch: pt24_29.mpat
Creating struct: $DeepestLevel
Creating struct: $TotalLevels_Sign
Creating struct: $TotalLevels_CurrentPlaythrough
Creating struct: $LoadHighscores
Creating struct: $FallingDownPipe
Creating struct: $Function_GetPos
Creating struct: $Function2
Creating struct: $SetSpawns
Creating struct: $Script_Set_Formation
Creating struct: $Function_OverwriteBattleID
Creating struct: $Script_SetMover
Creating struct: $Script_MapID_Converter
Creating struct: $Script_LoadOdds
Creating struct: $Script_LoadMoverType
Creating struct: $Script_SpawnMover
Creating struct: $Script_SetNPCPos
Creating struct: $Function_Load_MapID
Creating struct: $SwitchPath
Creating struct: $VectorList_SwitchPath
Creating struct: $GetPos
Creating struct: $DispawnPartner
Creating struct: $RespawnPartner
Creating struct: $LoadMap
Creating struct: $GetFloor
Creating struct: $LoadMapBandit
Creating struct: $GetFloorBandit
Creating struct: $SetSpawnsSpecial
Creating struct: $Script_SetMover_Special
Creating struct: $Script_SpawnMover_Special
Creating struct: $Script_Set_SpecialFormation
Creating struct: $Function_LoadCoinsInToVar1
Creating struct: $Script_SetSpawnPosition
Creating struct: $Script_Init_EnemyNPC
Creating struct: $Script_Init_Lakitu
Creating struct: $Script_TrackOutcome
Creating struct: $Script_LakituOutcome
Creating struct: $Script_FloorEnemy_Idle
Creating struct: $Script_Rogue_GiveTotalCoins
Creating struct: $Script_SetEnemyIdle
Creating struct: $Script_AddCoins
Creating struct: $NPC_Settings_Sack
Creating struct: $Script_Init_Bag
Creating struct: $Script_Init_Bag_HitBox
Creating struct: $Script_NPC_SackHit_Init
Creating struct: $Script_NPC_Sack_FX
Creating struct: $NPC_Sack_AnimationStart
Creating struct: $NPC_Sack_AnimationEnd
Creating struct: $Script_SackAnimation_SackAppears_100
Creating struct: $Script_SackAnimation_Start_GoToTheRight
Creating struct: $Script_SackAnimation_Start_GoToTheLeft
Creating struct: $Script_SackAnimation_End_Right
Creating struct: $Script_SackAnimation_End_Left
Creating struct: $Function_LoadMarioCoins
Creating struct: $Function_LoadCoinsLosted
Creating struct: $Function_SaveCoinsLosted
Creating struct: $Function_ResetCoinsLosted
Creating struct: $Function_LoadGainedCoins
Creating struct: $Function_RevivePlayer
Creating struct: $AISettings_MoneySack
Creating struct: $Script_NpcAI_MoneySack
Creating struct: $JumpTable_80242448
Creating struct: $Function_NpcAI_MoneySack
Creating struct: $Function_80240260
Creating struct: $Function_80240844
Creating struct: $Function_802409A8
Creating struct: $Script_TrackPlayer
Creating struct: $Script_PipeAnimation
Creating struct: $Function_SetAnimation
Creating struct: $Function_GetColliderPos
Creating struct: $Function_TrackInput
Creating struct: $GoToNextLevel
Creating struct: $GetFloorSign
Creating struct: $GetFloorSign_Rogue
Creating struct: $Function_GetTattle1
Creating struct: $Function_GetTattle2
Creating struct: $Script_ReadSign
Creating struct: $NpcSettings_Blank
Creating struct: $NpcGroup_Spring1
Creating struct: $NpcGroup_Spring2
Creating struct: $NpcGroup_Spring3
Creating struct: $NpcGroup_Spring4
Creating struct: $NpcGroup_Spring5
Creating struct: $NpcGroup_Spring6
Creating struct: $NpcGroup_Spring7
Creating struct: $NpcGroup_Spring8
Creating struct: $NpcGroup_Spring9
Creating struct: $NpcGroup_Spring10
Creating struct: $Header
Creating struct: $Script_Main2_Wait
Creating struct: $Script_Main2_Exec
Creating struct: $Script_TrackEvents
Creating struct: $Script_Cutscene_Event
Creating struct: $SkipCutscene_Event
Creating struct: $Script_ZoomIn_Camera_X
Creating struct: $Script_Cutscene_Ruby_Init
Creating struct: $Script_Cutscene_Ruby2
Creating struct: $NpcGroupList_RubyCS
Creating struct: $NpcGroup_RubyCS
Creating struct: $NpcSettings_Generic
Creating struct: $Script_null
Creating struct: $Script_SpawnNPCs
Creating struct: $Function_ResetEnemiesFlag
Creating struct: $EntryList
Creating struct: $Function_Init
Creating struct: $NpcGroup_Mover
Creating struct: $BlankSettings
Creating struct: $Script_Init_Mover
Creating struct: $Interact_Mover
Creating struct: $Script_MoverWarpAnimation
Creating struct: $SkipCutscene_MoverWarpAnimation
Creating struct: $NpcGroup_BanditMover
Creating struct: $Script_Init_BanditMover
Creating struct: $Script_Bandit_StartBattle
Creating struct: $Interact_BanditMover
Creating struct: $Script_Warning_Mario
Creating struct: $Script_NoThanks_Bandit
Creating struct: $Script_ZoomIn_Camera
Creating struct: $Script_ZoomIn_Camera_2
Creating struct: $Script_ZoomIn_Camera_3
Creating struct: $NpcGroup_MoneyBag
Creating struct: $Script_SetPipesPosition
Creating struct: $Script_DisableNumbers
Creating struct: $Script_SetFloorNumbers
Creating struct: $Script_CheckBanditStatus1
Creating struct: $Script_Cutscene_BanditStatus1
Creating struct: $Script_CheckBanditStatus2
Creating struct: $Script_TrackOutcome_Bandit
Creating struct: $Script_Cutscene_BanditDefeated
Creating struct: $SkipCutscene_BanditDefeated
Creating struct: $Script_AddCoins_Bandit
Creating struct: $Function_LoadPath
Creating struct: $Script_ClosePartnerDialog
Creating struct: $PipeSpawning
Creating struct: $EnablePipeCollider
Creating struct: $Script_MakeEntities
Creating struct: $CommingDownPipe
Creating struct: $Function_TimerCurrentFloor
Creating struct: $Script_MakeExits
Creating struct: $Script_Exit0
Creating struct: $Script_Main
Creating struct: $NpcGroups
Creating struct: $NpcGroup1
Creating struct: $NpcGroup7
Creating struct: $NpcGroup_Enemy1
Creating struct: $NpcSettings_Enemy1
Creating struct: $Script_EnemyAI
Creating struct: $AISettings_Enemy
Creating struct: $ConstDouble_80241AE0
Creating struct: $ConstDouble_80241AE8
Creating struct: $ConstDouble_80241AF0
Creating struct: $ConstDouble_80241AF8
Creating struct: $ConstDouble_80241B00
Creating struct: $JumpTable_80241B08
Creating struct: $Function_80240C90
Creating struct: $Function_80240000
Creating struct: $Function_80240160
Creating struct: $Function_802401D4
Creating struct: $Function_80240304
Creating struct: $Function_802403A0
Creating struct: $Function_80240428
Creating struct: $Function_802404D0
Creating struct: $Function_80240644
Creating struct: $Function_80240694
Creating struct: $Function_80240834
Creating struct: $Function_80240984
Creating struct: $Function_80240A30
Creating struct: $Function_80240B68
Creating struct: $Function_80240BE4
Creating struct: $Function_80240C4C
Creating struct: $Script_DisableEnemyAI
Creating struct: $AISettings_DisableEnemy
Merged 1 regions to 1
$Script_SetFloorNumbers will be placed at 80240000 (length = 128C bytes)
$NpcGroup_RubyCS will be placed at 8024128C (length = 1170 bytes)
$LoadMap will be placed at 802423FC (length = C04 bytes)
$LoadMapBandit will be placed at 80243000 (length = B80 bytes)
$GoToNextLevel will be placed at 80243B80 (length = B10 bytes)
$Script_Cutscene_BanditDefeated will be placed at 80244690 (length = B08 bytes)
$Script_SetEnemyIdle will be placed at 80245198 (length = 674 bytes)
$Script_MapID_Converter will be placed at 8024580C (length = 60C bytes)
$Script_Warning_Mario will be placed at 80245E18 (length = 608 bytes)
$Function_80240260 will be placed at 80246420 (length = 5E4 bytes)
$Script_SetNPCPos will be placed at 80246A04 (length = 4D0 bytes)
$Script_Cutscene_Ruby_Init will be placed at 80246ED4 (length = 490 bytes)
$FallingDownPipe will be placed at 80247364 (length = 418 bytes)
$Script_TrackEvents will be placed at 8024777C (length = 410 bytes)
$NpcGroup_MoneyBag will be placed at 80247B8C (length = 3E0 bytes)
$Interact_BanditMover will be placed at 80247F6C (length = 3D8 bytes)
$Script_CheckBanditStatus2 will be placed at 80248344 (length = 3D8 bytes)
$SkipCutscene_BanditDefeated will be placed at 8024871C (length = 3D8 bytes)
$Interact_Mover will be placed at 80248AF4 (length = 3CC bytes)
$Script_Set_SpecialFormation will be placed at 80248EC0 (length = 3B4 bytes)
$Script_FloorEnemy_Idle will be placed at 80249274 (length = 388 bytes)
$Function_80240C90 will be placed at 802495FC (length = 350 bytes)
$Script_TrackOutcome_Bandit will be placed at 8024994C (length = 330 bytes)
$Script_LakituOutcome will be placed at 80249C7C (length = 30C bytes)
$Script_Rogue_GiveTotalCoins will be placed at 80249F88 (length = 2FC bytes)
$Script_Set_Formation will be placed at 8024A284 (length = 2D4 bytes)
$PipeSpawning will be placed at 8024A558 (length = 2A0 bytes)
$Script_TrackOutcome will be placed at 8024A7F8 (length = 288 bytes)
$Script_Cutscene_Ruby2 will be placed at 8024AA80 (length = 258 bytes)
$Function_NpcAI_MoneySack will be placed at 8024ACD8 (length = 238 bytes)
$Script_SackAnimation_Start_GoToTheRight will be placed at 8024AF10 (length = 230 bytes)
$Script_SetSpawnPosition will be placed at 8024B140 (length = 228 bytes)
$Script_Main2_Exec will be placed at 8024B368 (length = 228 bytes)
$Script_Cutscene_BanditStatus1 will be placed at 8024B590 (length = 21C bytes)
$Script_LoadMoverType will be placed at 8024B7AC (length = 214 bytes)
$Script_NoThanks_Bandit will be placed at 8024B9C0 (length = 210 bytes)
$Script_SackAnimation_Start_GoToTheLeft will be placed at 8024BBD0 (length = 1F8 bytes)
$NpcGroup_Spring10 will be placed at 8024BDC8 (length = 1F0 bytes)
$NpcGroup_Enemy1 will be placed at 8024BFB8 (length = 1F0 bytes)
$NpcGroup_Spring1 will be placed at 8024C1A8 (length = 1F0 bytes)
$NpcGroup_Spring2 will be placed at 8024C398 (length = 1F0 bytes)
$NpcGroup_Spring3 will be placed at 8024C588 (length = 1F0 bytes)
$NpcGroup_Spring4 will be placed at 8024C778 (length = 1F0 bytes)
$NpcGroup_Spring5 will be placed at 8024C968 (length = 1F0 bytes)
$NpcGroup_Spring6 will be placed at 8024CB58 (length = 1F0 bytes)
$NpcGroup_Spring7 will be placed at 8024CD48 (length = 1F0 bytes)
$NpcGroup_Spring8 will be placed at 8024CF38 (length = 1F0 bytes)
$NpcGroup_Spring9 will be placed at 8024D128 (length = 1F0 bytes)
$NpcGroup_Mover will be placed at 8024D318 (length = 1F0 bytes)
$NpcGroup_BanditMover will be placed at 8024D508 (length = 1F0 bytes)
$Script_PipeAnimation will be placed at 8024D6F8 (length = 1C4 bytes)
$Function_80240694 will be placed at 8024D8BC (length = 1A0 bytes)
$Script_Cutscene_Event will be placed at 8024DA5C (length = 198 bytes)
$Script_NPC_SackHit_Init will be placed at 8024DBF4 (length = 198 bytes)
$Script_ClosePartnerDialog will be placed at 8024DD8C (length = 194 bytes)
$JumpTable_80242448 will be placed at 8024DF20 (length = 190 bytes)
$SkipCutscene_Event will be placed at 8024E0B0 (length = 188 bytes)
$Script_SpawnNPCs will be placed at 8024E238 (length = 174 bytes)
$Function_802404D0 will be placed at 8024E3AC (length = 174 bytes)
$NPC_Sack_AnimationStart will be placed at 8024E520 (length = 168 bytes)
$Function_80240844 will be placed at 8024E688 (length = 164 bytes)
$Function_80240000 will be placed at 8024E7EC (length = 160 bytes)
$Script_SackAnimation_End_Right will be placed at 8024E94C (length = 158 bytes)
$Script_SackAnimation_End_Left will be placed at 8024EAA4 (length = 150 bytes)
$Function_80240834 will be placed at 8024EBF4 (length = 150 bytes)
$Script_TrackPlayer will be placed at 8024ED44 (length = 144 bytes)
$Script_CheckBanditStatus1 will be placed at 8024EE88 (length = 13C bytes)
$MapTattle5 will be placed at 8024EFC4 (length = 13C bytes)
$Function_80240A30 will be placed at 8024F100 (length = 138 bytes)
$Function_802401D4 will be placed at 8024F238 (length = 130 bytes)
$MapTattle4 will be placed at 8024F368 (length = 130 bytes)
$BanditMover_Tattle will be placed at 8024F498 (length = 11C bytes)
$Function_LoadPath will be placed at 8024F5B4 (length = 114 bytes)
$Script_SackAnimation_SackAppears_100 will be placed at 8024F6C8 (length = 100 bytes)
$String_Partner_Event_1 will be placed at 8024F7C8 (length = FC bytes)
$Script_Main2_Wait will be placed at 8024F8C4 (length = F4 bytes)
$String_Warning2 will be placed at 8024F9B8 (length = F0 bytes)
$Script_SetMover_Special will be placed at 8024FAA8 (length = EC bytes)
$SetSpawnsSpecial will be placed at 8024FB94 (length = E8 bytes)
$SetSpawns will be placed at 8024FC7C (length = E8 bytes)
$String_Warning1 will be placed at 8024FD64 (length = E8 bytes)
$DeepestLevel will be placed at 8024FE4C (length = E4 bytes)
$Function_GetColliderPos will be placed at 8024FF30 (length = E0 bytes)
$Function_GetPos will be placed at 80250010 (length = E0 bytes)
$TotalLevels_Sign will be placed at 802500F0 (length = DC bytes)
$Script_SpawnMover_Special will be placed at 802501CC (length = DC bytes)
$GetFloor will be placed at 802502A8 (length = DC bytes)
$Script_DisableNumbers will be placed at 80250384 (length = D8 bytes)
$JumpTable_80241B08 will be placed at 8025045C (length = D4 bytes)
$MapTattle2 will be placed at 80250530 (length = D4 bytes)
$NPC_Sack_AnimationEnd will be placed at 80250604 (length = D4 bytes)
$Script_SetMover will be placed at 802506D8 (length = D0 bytes)
$GetFloorBandit will be placed at 802507A8 (length = D0 bytes)
$Script_AddCoins_Bandit will be placed at 80250878 (length = C8 bytes)
$GetPos will be placed at 80250940 (length = C8 bytes)
$SkipCutscene_MoverWarpAnimation will be placed at 80250A08 (length = C4 bytes)
$Function_Init will be placed at 80250ACC (length = C4 bytes)
$MoverStart will be placed at 80250B90 (length = C0 bytes)
$String_Warning3 will be placed at 80250C50 (length = C0 bytes)
$Script_ZoomIn_Camera_3 will be placed at 80250D10 (length = BC bytes)
$Script_ZoomIn_Camera_2 will be placed at 80250DCC (length = BC bytes)
$Script_ZoomIn_Camera will be placed at 80250E88 (length = BC bytes)
$Function_TrackInput will be placed at 80250F44 (length = BC bytes)
$String_Bandit_Defeated4 will be placed at 80251000 (length = B8 bytes)
$Script_MoverWarpAnimation will be placed at 802510B8 (length = B8 bytes)
$Script_NpcAI_MoneySack will be placed at 80251170 (length = B8 bytes)
$NpcGroups will be placed at 80251228 (length = B4 bytes)
$Script_SpawnMover will be placed at 802512DC (length = B4 bytes)
$BanditMoverStart will be placed at 80251390 (length = B4 bytes)
$MapTattle3 will be placed at 80251444 (length = B0 bytes)
$Script_LoadOdds will be placed at 802514F4 (length = B0 bytes)
$Script_SetPipesPosition will be placed at 802515A4 (length = B0 bytes)
$LoadHighscores will be placed at 80251654 (length = B0 bytes)
$Function_80240984 will be placed at 80251704 (length = AC bytes)
$MapTattle1 will be placed at 802517B0 (length = A8 bytes)
$Script_AddCoins will be placed at 80251858 (length = A8 bytes)
$Function_80240428 will be placed at 80251900 (length = A8 bytes)
$SwitchPath will be placed at 802519A8 (length = A4 bytes)
$Script_NPC_Sack_FX will be placed at 80251A4C (length = A4 bytes)
$Tattle_Springkeeper will be placed at 80251AF0 (length = A4 bytes)
$Script_ReadSign will be placed at 80251B94 (length = A0 bytes)
$Script_ZoomIn_Camera_X will be placed at 80251C34 (length = A0 bytes)
$String_Bandit_Defeated9 will be placed at 80251CD4 (length = 9C bytes)
$Script_Bandit_StartBattle will be placed at 80251D70 (length = 9C bytes)
$Script_Main will be placed at 80251E0C (length = 9C bytes)
$Function_80240304 will be placed at 80251EA8 (length = 9C bytes)
$Mover_Tattle will be placed at 80251F44 (length = 94 bytes)
$String_Bandit_Defeated3 will be placed at 80251FD8 (length = 90 bytes)
$String_Bandit_Defeated8 will be placed at 80252068 (length = 8C bytes)
$Function_802403A0 will be placed at 802520F4 (length = 88 bytes)
$BanditMover_Options2 will be placed at 8025217C (length = 84 bytes)
$BanditMover_Options will be placed at 80252200 (length = 84 bytes)
$String_Okay will be placed at 80252284 (length = 80 bytes)
$Function_TimerCurrentFloor will be placed at 80252304 (length = 7C bytes)
$SignStringBug will be placed at 80252380 (length = 7C bytes)
$Function_80240B68 will be placed at 802523FC (length = 7C bytes)
$String_Rogue_CoinsGained_Success will be placed at 80252478 (length = 78 bytes)
$Mover_Options will be placed at 802524F0 (length = 78 bytes)
$Function_80240160 will be placed at 80252568 (length = 74 bytes)
$Function2 will be placed at 802525DC (length = 6C bytes)
$Function_SetAnimation will be placed at 80252648 (length = 6C bytes)
$String_Bandit_Defeated1 will be placed at 802526B4 (length = 68 bytes)
$CommingDownPipe will be placed at 8025271C (length = 68 bytes)
$Function_80240BE4 will be placed at 80252784 (length = 68 bytes)
$MoverEnd will be placed at 802527EC (length = 68 bytes)
$BanditMoverEnd will be placed at 80252854 (length = 68 bytes)
$String_Bandit_Defeated_Partner3 will be placed at 802528BC (length = 64 bytes)
$String_Bandit_Defeated_Partner2 will be placed at 80252920 (length = 64 bytes)
$Function_GetTattle1 will be placed at 80252984 (length = 60 bytes)
$Function_OverwriteBattleID will be placed at 802529E4 (length = 60 bytes)
$String_Bandit_Confrontation1 will be placed at 80252A44 (length = 5C bytes)
$BanditMoverNoCoins will be placed at 80252AA0 (length = 58 bytes)
$MoverNoCoins will be placed at 80252AF8 (length = 58 bytes)
$String_Bandit_Defeated7 will be placed at 80252B50 (length = 50 bytes)
$String_Bandit_Defeated_Partner4 will be placed at 80252BA0 (length = 50 bytes)
$EntryList will be placed at 80252BF0 (length = 50 bytes)
$String_NoThanks will be placed at 80252C40 (length = 50 bytes)
$Function_80240644 will be placed at 80252C90 (length = 50 bytes)
$Script_Init_BanditMover will be placed at 80252CE0 (length = 4C bytes)
$GetFloorSign will be placed at 80252D2C (length = 48 bytes)
$Function_Load_MapID will be placed at 80252D74 (length = 48 bytes)
$GetFloorSign_Rogue will be placed at 80252DBC (length = 48 bytes)
$Script_MakeEntities will be placed at 80252E04 (length = 44 bytes)
$Function_802409A8 will be placed at 80252E48 (length = 44 bytes)
$Function_80240C4C will be placed at 80252E8C (length = 44 bytes)
$Function_LoadCoinsInToVar1 will be placed at 80252ED0 (length = 44 bytes)
$String_Bandit_Defeated_Partner1 will be placed at 80252F14 (length = 40 bytes)
$Header will be placed at 80252F54 (length = 40 bytes)
$Function_LoadCoinsLosted will be placed at 80252F94 (length = 40 bytes)
$Function_LoadMarioCoins will be placed at 80252FD4 (length = 40 bytes)
$Function_LoadGainedCoins will be placed at 80253014 (length = 40 bytes)
$Function_GetTattle2 will be placed at 80253054 (length = 3C bytes)
$Script_Exit0 will be placed at 80253090 (length = 3C bytes)
$Script_Init_Bag will be placed at 802530CC (length = 38 bytes)
$Script_Init_Bag_HitBox will be placed at 80253104 (length = 38 bytes)
$String_Bandit_Confrotation_Bye will be placed at 8025313C (length = 34 bytes)
$DispawnPartner will be placed at 80253170 (length = 34 bytes)
$String_Whatever will be placed at 802531A4 (length = 30 bytes)
$EnablePipeCollider will be placed at 802531D4 (length = 30 bytes)
$AISettings_MoneySack will be placed at 80253204 (length = 30 bytes)
$String_Bandit_Defeated2 will be placed at 80253234 (length = 30 bytes)
$AISettings_Enemy will be placed at 80253264 (length = 30 bytes)
$RespawnPartner will be placed at 80253294 (length = 30 bytes)
$AISettings_DisableEnemy will be placed at 802532C4 (length = 30 bytes)
$NPC_Settings_Sack will be placed at 802532F4 (length = 2C bytes)
$NpcSettings_Generic will be placed at 80253320 (length = 2C bytes)
$NpcSettings_Enemy1 will be placed at 8025334C (length = 2C bytes)
$Function_RevivePlayer will be placed at 80253378 (length = 2C bytes)
$NpcSettings_Blank will be placed at 802533A4 (length = 2C bytes)
$BlankSettings will be placed at 802533D0 (length = 2C bytes)
$Script_MakeExits will be placed at 802533FC (length = 2C bytes)
$Function_ResetEnemiesFlag will be placed at 80253428 (length = 2C bytes)
$String_List_NoYes will be placed at 80253454 (length = 28 bytes)
$Function_SaveCoinsLosted will be placed at 8025347C (length = 28 bytes)
$String_List_YesNo will be placed at 802534A4 (length = 28 bytes)
$Script_Init_EnemyNPC will be placed at 802534CC (length = 24 bytes)
$VectorList_SwitchPath will be placed at 802534F0 (length = 24 bytes)
$Script_Init_Lakitu will be placed at 80253514 (length = 24 bytes)
$Script_Init_Mover will be placed at 80253538 (length = 24 bytes)
$String_CoinsGained will be placed at 8025355C (length = 24 bytes)
$String_Bandit_Defeated10 will be placed at 80253580 (length = 24 bytes)
$Script_EnemyAI will be placed at 802535A4 (length = 24 bytes)
$String_Bandit_Defeated6 will be placed at 802535C8 (length = 20 bytes)
$String_Bandit_Defeated5 will be placed at 802535E8 (length = 20 bytes)
$Script_DisableEnemyAI will be placed at 80253608 (length = 20 bytes)
$TotalLevels_CurrentPlaythrough will be placed at 80253628 (length = 1C bytes)
$NpcGroupList_RubyCS will be placed at 80253644 (length = 18 bytes)
$SignString will be placed at 8025365C (length = 18 bytes)
$String_Psst will be placed at 80253674 (length = 10 bytes)
$Script_null will be placed at 80253684 (length = 10 bytes)
$ASCII_"pt81_86_shape"_Literal will be placed at 80253694 (length = 10 bytes)
$Function_ResetCoinsLosted will be placed at 802536A4 (length = 10 bytes)
$ASCII_"pt51_56_shape"_Literal will be placed at 802536B4 (length = 10 bytes)
$ASCII_"pt1_6_hit"_Literal will be placed at 802536C4 (length = C bytes)
$NpcGroup7 will be placed at 802536D0 (length = C bytes)
$NpcGroup1 will be placed at 802536DC (length = C bytes)
$ASCII_"pt_100"_Literal will be placed at 802536E8 (length = C bytes)
$ASCII_"dmo_00"_Literal will be placed at 802536F4 (length = C bytes)
$ASCII_"pt1_6_shape"_Literal will be placed at 80253700 (length = C bytes)
$ASCII_"pt_85"_Literal will be placed at 8025370C (length = 8 bytes)
$ASCII_"pt91_96"_Literal will be placed at 80253714 (length = 8 bytes)
$ASCII_"pt62_67"_Literal will be placed at 8025371C (length = 8 bytes)
$ASCII_"pt33_38"_Literal will be placed at 80253724 (length = 8 bytes)
$ASCII_"pt1_6"_Literal will be placed at 8025372C (length = 8 bytes)
$ASCII_"pt_95"_Literal will be placed at 80253734 (length = 8 bytes)
$ASCII_"pt4_9"_Literal will be placed at 8025373C (length = 8 bytes)
$ASCII_"pt_65"_Literal will be placed at 80253744 (length = 8 bytes)
$ASCII_"pt44_49"_Literal will be placed at 8025374C (length = 8 bytes)
$ASCII_"pt81_86"_Literal will be placed at 80253754 (length = 8 bytes)
$ASCII_"pt_80"_Literal will be placed at 8025375C (length = 8 bytes)
$ASCII_"pt52_57"_Literal will be placed at 80253764 (length = 8 bytes)
$ASCII_"pt23_28"_Literal will be placed at 8025376C (length = 8 bytes)
$ASCII_"pt_50"_Literal will be placed at 80253774 (length = 8 bytes)
$ASCII_"pt83_88"_Literal will be placed at 8025377C (length = 8 bytes)
$ASCII_"pt54_59"_Literal will be placed at 80253784 (length = 8 bytes)
$ASCII_"pt64_69"_Literal will be placed at 8025378C (length = 8 bytes)
$ConstDouble_80241B00 will be placed at 80253798 (length = 8 bytes)
$ASCII_"pt72_77"_Literal will be placed at 802537A0 (length = 8 bytes)
$ASCII_"pt14_19"_Literal will be placed at 802537A8 (length = 8 bytes)
$ASCII_"pt34_39"_Literal will be placed at 802537B0 (length = 8 bytes)
$ASCII_"pt22_27"_Literal will be placed at 802537B8 (length = 8 bytes)
$ASCII_"pt21_26"_Literal will be placed at 802537C0 (length = 8 bytes)
$ASCII_"pt73_78"_Literal will be placed at 802537C8 (length = 8 bytes)
$ASCII_"pt84_89"_Literal will be placed at 802537D0 (length = 8 bytes)
$ASCII_"pt92_97"_Literal will be placed at 802537D8 (length = 8 bytes)
$ASCII_"pt_75"_Literal will be placed at 802537E0 (length = 8 bytes)
$ASCII_"pt53_58"_Literal will be placed at 802537E8 (length = 8 bytes)
$ASCII_"pt41_46"_Literal will be placed at 802537F0 (length = 8 bytes)
$ASCII_"pt61_66"_Literal will be placed at 802537F8 (length = 8 bytes)
$ASCII_"pt32_37"_Literal will be placed at 80253800 (length = 8 bytes)
$ASCII_"pt_15"_Literal will be placed at 80253808 (length = 8 bytes)
$ASCII_"pt11_16"_Literal will be placed at 80253810 (length = 8 bytes)
$ASCII_"pt_00"_Literal will be placed at 80253818 (length = 8 bytes)
$ASCII_"pt74_79"_Literal will be placed at 80253820 (length = 8 bytes)
$ASCII_"pt_25"_Literal will be placed at 80253828 (length = 8 bytes)
$ASCII_"pt_35"_Literal will be placed at 80253830 (length = 8 bytes)
$ASCII_"pt71_76"_Literal will be placed at 80253838 (length = 8 bytes)
$ASCII_"pt42_47"_Literal will be placed at 80253840 (length = 8 bytes)
$ASCII_"pt13_18"_Literal will be placed at 80253848 (length = 8 bytes)
$ASCII_"pt_05"_Literal will be placed at 80253850 (length = 8 bytes)
$ASCII_"pt93_98"_Literal will be placed at 80253858 (length = 8 bytes)
$ConstDouble_80241AF0 will be placed at 80253860 (length = 8 bytes)
$ASCII_"pt43_48"_Literal will be placed at 80253868 (length = 8 bytes)
$ConstDouble_80241AF8 will be placed at 80253870 (length = 8 bytes)
$ASCII_"pt51_56"_Literal will be placed at 80253878 (length = 8 bytes)
$ASCII_"pt_55"_Literal will be placed at 80253880 (length = 8 bytes)
$ConstDouble_80241AE0 will be placed at 80253888 (length = 8 bytes)
$ConstDouble_80241AE8 will be placed at 80253890 (length = 8 bytes)
$ASCII_"pt2_7"_Literal will be placed at 80253898 (length = 8 bytes)
$ASCII_"pt12_17"_Literal will be placed at 802538A0 (length = 8 bytes)
$ASCII_"pt3_8"_Literal will be placed at 802538A8 (length = 8 bytes)
$ASCII_"pt_10"_Literal will be placed at 802538B0 (length = 8 bytes)
$ASCII_"tik_tex"_Literal will be placed at 802538B8 (length = 8 bytes)
$ASCII_"pt31_36"_Literal will be placed at 802538C0 (length = 8 bytes)
$ASCII_"pt63_68"_Literal will be placed at 802538C8 (length = 8 bytes)
$ASCII_"pt94_99"_Literal will be placed at 802538D0 (length = 8 bytes)
$ASCII_"pt82_87"_Literal will be placed at 802538D8 (length = 8 bytes)
$ASCII_"pt_45"_Literal will be placed at 802538E0 (length = 8 bytes)
$ASCII_"pt24_29"_Literal will be placed at 802538E8 (length = 8 bytes)
$MoverCancel will be placed at 80253794 (length = 4 bytes)
$BanditMoverCancel will be placed at 802538F0 (length = 4 bytes)
$CloseDialogBubble will be placed at 802538F4 (length = 4 bytes)
Executing patch: pt2_7.mpat
Creating struct: $DeepestLevel
Creating struct: $TotalLevels_Sign
Creating struct: $TotalLevels_CurrentPlaythrough
Creating struct: $LoadHighscores
Creating struct: $FallingDownPipe
Creating struct: $Function_GetPos
Creating struct: $Function2
Creating struct: $SetSpawns
Creating struct: $Script_Set_Formation
Creating struct: $Function_OverwriteBattleID
Creating struct: $Script_SetMover
Creating struct: $Script_MapID_Converter
Creating struct: $Script_LoadOdds
Creating struct: $Script_LoadMoverType
Creating struct: $Script_SpawnMover
Creating struct: $Script_SetNPCPos
Creating struct: $Function_Load_MapID
Creating struct: $SwitchPath
Creating struct: $VectorList_SwitchPath
Creating struct: $GetPos
Creating struct: $DispawnPartner
Creating struct: $RespawnPartner
Creating struct: $LoadMap
Creating struct: $GetFloor
Creating struct: $LoadMapBandit
Creating struct: $GetFloorBandit
Creating struct: $SetSpawnsSpecial
Creating struct: $Script_SetMover_Special
Creating struct: $Script_SpawnMover_Special
Creating struct: $Script_Set_SpecialFormation
Creating struct: $Function_LoadCoinsInToVar1
Creating struct: $Script_SetSpawnPosition
Creating struct: $Script_Init_EnemyNPC
Creating struct: $Script_Init_Lakitu
Creating struct: $Script_TrackOutcome
Creating struct: $Script_LakituOutcome
Creating struct: $Script_FloorEnemy_Idle
Creating struct: $Script_Rogue_GiveTotalCoins
Creating struct: $Script_SetEnemyIdle
Creating struct: $Script_AddCoins
Creating struct: $NPC_Settings_Sack
Creating struct: $Script_Init_Bag
Creating struct: $Script_Init_Bag_HitBox
Creating struct: $Script_NPC_SackHit_Init
Creating struct: $Script_NPC_Sack_FX
Creating struct: $NPC_Sack_AnimationStart
Creating struct: $NPC_Sack_AnimationEnd
Creating struct: $Script_SackAnimation_SackAppears_100
Creating struct: $Script_SackAnimation_Start_GoToTheRight
Creating struct: $Script_SackAnimation_Start_GoToTheLeft
Creating struct: $Script_SackAnimation_End_Right
Creating struct: $Script_SackAnimation_End_Left
Creating struct: $Function_LoadMarioCoins
Creating struct: $Function_LoadCoinsLosted
Creating struct: $Function_SaveCoinsLosted
Creating struct: $Function_ResetCoinsLosted
Creating struct: $Function_LoadGainedCoins
Creating struct: $Function_RevivePlayer
Creating struct: $AISettings_MoneySack
Creating struct: $Script_NpcAI_MoneySack
Creating struct: $JumpTable_80242448
Creating struct: $Function_NpcAI_MoneySack
Creating struct: $Function_80240260
Creating struct: $Function_80240844
Creating struct: $Function_802409A8
Creating struct: $Script_TrackPlayer
Creating struct: $Script_PipeAnimation
Creating struct: $Function_SetAnimation
Creating struct: $Function_GetColliderPos
Creating struct: $Function_TrackInput
Creating struct: $GoToNextLevel
Creating struct: $GetFloorSign
Creating struct: $GetFloorSign_Rogue
Creating struct: $Function_GetTattle1
Creating struct: $Function_GetTattle2
Creating struct: $Script_ReadSign
Creating struct: $NpcSettings_Blank
Creating struct: $NpcGroup_Spring1
Creating struct: $NpcGroup_Spring2
Creating struct: $NpcGroup_Spring3
Creating struct: $NpcGroup_Spring4
Creating struct: $NpcGroup_Spring5
Creating struct: $NpcGroup_Spring6
Creating struct: $NpcGroup_Spring7
Creating struct: $NpcGroup_Spring8
Creating struct: $NpcGroup_Spring9
Creating struct: $NpcGroup_Spring10
Creating struct: $Header
Creating struct: $Script_Main2_Wait
Creating struct: $Script_Main2_Exec
Creating struct: $Script_TrackEvents
Creating struct: $Script_Cutscene_Event
Creating struct: $SkipCutscene_Event
Creating struct: $Script_ZoomIn_Camera_X
Creating struct: $Script_Cutscene_Ruby_Init
Creating struct: $Script_Cutscene_Ruby2
Creating struct: $NpcGroupList_RubyCS
Creating struct: $NpcGroup_RubyCS
Creating struct: $NpcSettings_Generic
Creating struct: $Script_null
Creating struct: $Script_SpawnNPCs
Creating struct: $Function_ResetEnemiesFlag
Creating struct: $EntryList
Creating struct: $Function_Init
Creating struct: $NpcGroup_Mover
Creating struct: $BlankSettings
Creating struct: $Script_Init_Mover
Creating struct: $Interact_Mover
Creating struct: $Script_MoverWarpAnimation
Creating struct: $SkipCutscene_MoverWarpAnimation
Creating struct: $NpcGroup_BanditMover
Creating struct: $Script_Init_BanditMover
Creating struct: $Script_Bandit_StartBattle
Creating struct: $Interact_BanditMover
Creating struct: $Script_Warning_Mario
Creating struct: $Script_NoThanks_Bandit
Creating struct: $Script_ZoomIn_Camera
Creating struct: $Script_ZoomIn_Camera_2
Creating struct: $Script_ZoomIn_Camera_3
Creating struct: $NpcGroup_MoneyBag
Creating struct: $Script_SetPipesPosition
Creating struct: $Script_DisableNumbers
Creating struct: $Script_SetFloorNumbers
Creating struct: $Script_CheckBanditStatus1
Creating struct: $Script_Cutscene_BanditStatus1
Creating struct: $Script_CheckBanditStatus2
Creating struct: $Script_TrackOutcome_Bandit
Creating struct: $Script_Cutscene_BanditDefeated
Creating struct: $SkipCutscene_BanditDefeated
Creating struct: $Script_AddCoins_Bandit
Creating struct: $Function_LoadPath
Creating struct: $Script_ClosePartnerDialog
Creating struct: $PipeSpawning
Creating struct: $EnablePipeCollider
Creating struct: $Script_MakeEntities
Creating struct: $CommingDownPipe
Creating struct: $Function_TimerCurrentFloor
Creating struct: $Script_MakeExits
Creating struct: $Script_Exit0
Creating struct: $Script_Main
Creating struct: $NpcGroups
Creating struct: $NpcGroup1
Creating struct: $NpcGroup7
Creating struct: $NpcGroup_Enemy1
Creating struct: $NpcSettings_Enemy1
Creating struct: $Script_EnemyAI
Creating struct: $AISettings_Enemy
Creating struct: $Script_DisableEnemyAI
Creating struct: $AISettings_DisableEnemy
Merged 1 regions to 1
$Script_SetFloorNumbers will be placed at 80240000 (length = 128C bytes)
$NpcGroup_RubyCS will be placed at 8024128C (length = 1170 bytes)
$LoadMap will be placed at 802423FC (length = C04 bytes)
$LoadMapBandit will be placed at 80243000 (length = B80 bytes)
$GoToNextLevel will be placed at 80243B80 (length = B10 bytes)
$Script_Cutscene_BanditDefeated will be placed at 80244690 (length = B08 bytes)
$Script_SetEnemyIdle will be placed at 80245198 (length = 674 bytes)
$Script_MapID_Converter will be placed at 8024580C (length = 60C bytes)
$Script_Warning_Mario will be placed at 80245E18 (length = 608 bytes)
$Function_80240260 will be placed at 80246420 (length = 5E4 bytes)
$Script_SetNPCPos will be placed at 80246A04 (length = 4D0 bytes)
$Script_Cutscene_Ruby_Init will be placed at 80246ED4 (length = 490 bytes)
$FallingDownPipe will be placed at 80247364 (length = 418 bytes)
$Script_TrackEvents will be placed at 8024777C (length = 410 bytes)
$NpcGroup_MoneyBag will be placed at 80247B8C (length = 3E0 bytes)
$Interact_BanditMover will be placed at 80247F6C (length = 3D8 bytes)
$Script_CheckBanditStatus2 will be placed at 80248344 (length = 3D8 bytes)
$SkipCutscene_BanditDefeated will be placed at 8024871C (length = 3D8 bytes)
$Interact_Mover will be placed at 80248AF4 (length = 3CC bytes)
$Script_Set_SpecialFormation will be placed at 80248EC0 (length = 3B4 bytes)
$Script_FloorEnemy_Idle will be placed at 80249274 (length = 388 bytes)
$Script_TrackOutcome_Bandit will be placed at 802495FC (length = 330 bytes)
$Script_LakituOutcome will be placed at 8024992C (length = 30C bytes)
$Script_Rogue_GiveTotalCoins will be placed at 80249C38 (length = 2FC bytes)
$Script_Set_Formation will be placed at 80249F34 (length = 2D4 bytes)
$PipeSpawning will be placed at 8024A208 (length = 2A0 bytes)
$Script_TrackOutcome will be placed at 8024A4A8 (length = 288 bytes)
$Script_Cutscene_Ruby2 will be placed at 8024A730 (length = 258 bytes)
$Function_NpcAI_MoneySack will be placed at 8024A988 (length = 238 bytes)
$Script_SackAnimation_Start_GoToTheRight will be placed at 8024ABC0 (length = 230 bytes)
$Script_SetSpawnPosition will be placed at 8024ADF0 (length = 228 bytes)
$Script_Main2_Exec will be placed at 8024B018 (length = 228 bytes)
$Script_Cutscene_BanditStatus1 will be placed at 8024B240 (length = 21C bytes)
$Script_LoadMoverType will be placed at 8024B45C (length = 214 bytes)
$Script_NoThanks_Bandit will be placed at 8024B670 (length = 210 bytes)
$Script_SackAnimation_Start_GoToTheLeft will be placed at 8024B880 (length = 1F8 bytes)
$NpcGroup_Spring10 will be placed at 8024BA78 (length = 1F0 bytes)
$NpcGroup_Enemy1 will be placed at 8024BC68 (length = 1F0 bytes)
$NpcGroup_Spring1 will be placed at 8024BE58 (length = 1F0 bytes)
$NpcGroup_Spring2 will be placed at 8024C048 (length = 1F0 bytes)
$NpcGroup_Spring3 will be placed at 8024C238 (length = 1F0 bytes)
$NpcGroup_Spring4 will be placed at 8024C428 (length = 1F0 bytes)
$NpcGroup_Spring5 will be placed at 8024C618 (length = 1F0 bytes)
$NpcGroup_Spring6 will be placed at 8024C808 (length = 1F0 bytes)
$NpcGroup_Spring7 will be placed at 8024C9F8 (length = 1F0 bytes)
$NpcGroup_Spring8 will be placed at 8024CBE8 (length = 1F0 bytes)
$NpcGroup_Spring9 will be placed at 8024CDD8 (length = 1F0 bytes)
$NpcGroup_Mover will be placed at 8024CFC8 (length = 1F0 bytes)
$NpcGroup_BanditMover will be placed at 8024D1B8 (length = 1F0 bytes)
$Script_PipeAnimation will be placed at 8024D3A8 (length = 1C4 bytes)
$Script_Cutscene_Event will be placed at 8024D56C (length = 198 bytes)
$Script_NPC_SackHit_Init will be placed at 8024D704 (length = 198 bytes)
$Script_ClosePartnerDialog will be placed at 8024D89C (length = 194 bytes)
$JumpTable_80242448 will be placed at 8024DA30 (length = 190 bytes)
$SkipCutscene_Event will be placed at 8024DBC0 (length = 188 bytes)
$Script_SpawnNPCs will be placed at 8024DD48 (length = 174 bytes)
$NPC_Sack_AnimationStart will be placed at 8024DEBC (length = 168 bytes)
$Function_80240844 will be placed at 8024E024 (length = 164 bytes)
$Script_SackAnimation_End_Right will be placed at 8024E188 (length = 158 bytes)
$Script_SackAnimation_End_Left will be placed at 8024E2E0 (length = 150 bytes)
$Script_TrackPlayer will be placed at 8024E430 (length = 144 bytes)
$Script_CheckBanditStatus1 will be placed at 8024E574 (length = 13C bytes)
$MapTattle5 will be placed at 8024E6B0 (length = 13C bytes)
$MapTattle4 will be placed at 8024E7EC (length = 130 bytes)
$BanditMover_Tattle will be placed at 8024E91C (length = 11C bytes)
$Function_LoadPath will be placed at 8024EA38 (length = 114 bytes)
$Script_SackAnimation_SackAppears_100 will be placed at 8024EB4C (length = 100 bytes)
$String_Partner_Event_1 will be placed at 8024EC4C (length = FC bytes)
$Script_Main2_Wait will be placed at 8024ED48 (length = F4 bytes)
$String_Warning2 will be placed at 8024EE3C (length = F0 bytes)
$Script_SetMover_Special will be placed at 8024EF2C (length = EC bytes)
$SetSpawnsSpecial will be placed at 8024F018 (length = E8 bytes)
$SetSpawns will be placed at 8024F100 (length = E8 bytes)
$String_Warning1 will be placed at 8024F1E8 (length = E8 bytes)
$DeepestLevel will be placed at 8024F2D0 (length = E4 bytes)
$Function_GetColliderPos will be placed at 8024F3B4 (length = E0 bytes)
$Function_GetPos will be placed at 8024F494 (length = E0 bytes)
$TotalLevels_Sign will be placed at 8024F574 (length = DC bytes)
$Script_SpawnMover_Special will be placed at 8024F650 (length = DC bytes)
$GetFloor will be placed at 8024F72C (length = DC bytes)
$Script_DisableNumbers will be placed at 8024F808 (length = D8 bytes)
$MapTattle2 will be placed at 8024F8E0 (length = D4 bytes)
$NPC_Sack_AnimationEnd will be placed at 8024F9B4 (length = D4 bytes)
$Script_SetMover will be placed at 8024FA88 (length = D0 bytes)
$GetFloorBandit will be placed at 8024FB58 (length = D0 bytes)
$Script_AddCoins_Bandit will be placed at 8024FC28 (length = C8 bytes)
$GetPos will be placed at 8024FCF0 (length = C8 bytes)
$SkipCutscene_MoverWarpAnimation will be placed at 8024FDB8 (length = C4 bytes)
$Function_Init will be placed at 8024FE7C (length = C4 bytes)
$MoverStart will be placed at 8024FF40 (length = C0 bytes)
$String_Warning3 will be placed at 80250000 (length = C0 bytes)
$Script_ZoomIn_Camera_3 will be placed at 802500C0 (length = BC bytes)
$Script_ZoomIn_Camera_2 will be placed at 8025017C (length = BC bytes)
$Script_ZoomIn_Camera will be placed at 80250238 (length = BC bytes)
$Function_TrackInput will be placed at 802502F4 (length = BC bytes)
$String_Bandit_Defeated4 will be placed at 802503B0 (length = B8 bytes)
$Script_MoverWarpAnimation will be placed at 80250468 (length = B8 bytes)
$Script_NpcAI_MoneySack will be placed at 80250520 (length = B8 bytes)
$NpcGroups will be placed at 802505D8 (length = B4 bytes)
$Script_SpawnMover will be placed at 8025068C (length = B4 bytes)
$BanditMoverStart will be placed at 80250740 (length = B4 bytes)
$MapTattle3 will be placed at 802507F4 (length = B0 bytes)
$Script_LoadOdds will be placed at 802508A4 (length = B0 bytes)
$Script_SetPipesPosition will be placed at 80250954 (length = B0 bytes)
$LoadHighscores will be placed at 80250A04 (length = B0 bytes)
$MapTattle1 will be placed at 80250AB4 (length = A8 bytes)
$Script_AddCoins will be placed at 80250B5C (length = A8 bytes)
$SwitchPath will be placed at 80250C04 (length = A4 bytes)
$Script_NPC_Sack_FX will be placed at 80250CA8 (length = A4 bytes)
$Tattle_Springkeeper will be placed at 80250D4C (length = A4 bytes)
$Script_ReadSign will be placed at 80250DF0 (length = A0 bytes)
$Script_ZoomIn_Camera_X will be placed at 80250E90 (length = A0 bytes)
$String_Bandit_Defeated9 will be placed at 80250F30 (length = 9C bytes)
$Script_Bandit_StartBattle will be placed at 80250FCC (length = 9C bytes)
$Script_Main will be placed at 80251068 (length = 9C bytes)
$Mover_Tattle will be placed at 80251104 (length = 94 bytes)
$String_Bandit_Defeated3 will be placed at 80251198 (length = 90 bytes)
$String_Bandit_Defeated8 will be placed at 80251228 (length = 8C bytes)
$BanditMover_Options2 will be placed at 802512B4 (length = 84 bytes)
$BanditMover_Options will be placed at 80251338 (length = 84 bytes)
$String_Okay will be placed at 802513BC (length = 80 bytes)
$Function_TimerCurrentFloor will be placed at 8025143C (length = 7C bytes)
$SignStringBug will be placed at 802514B8 (length = 7C bytes)
$String_Rogue_CoinsGained_Success will be placed at 80251534 (length = 78 bytes)
$Mover_Options will be placed at 802515AC (length = 78 bytes)
$Function2 will be placed at 80251624 (length = 6C bytes)
$Function_SetAnimation will be placed at 80251690 (length = 6C bytes)
$String_Bandit_Defeated1 will be placed at 802516FC (length = 68 bytes)
$CommingDownPipe will be placed at 80251764 (length = 68 bytes)
$MoverEnd will be placed at 802517CC (length = 68 bytes)
$BanditMoverEnd will be placed at 80251834 (length = 68 bytes)
$String_Bandit_Defeated_Partner3 will be placed at 8025189C (length = 64 bytes)
$String_Bandit_Defeated_Partner2 will be placed at 80251900 (length = 64 bytes)
$Function_GetTattle1 will be placed at 80251964 (length = 60 bytes)
$Function_OverwriteBattleID will be placed at 802519C4 (length = 60 bytes)
$String_Bandit_Confrontation1 will be placed at 80251A24 (length = 5C bytes)
$BanditMoverNoCoins will be placed at 80251A80 (length = 58 bytes)
$MoverNoCoins will be placed at 80251AD8 (length = 58 bytes)
$String_Bandit_Defeated7 will be placed at 80251B30 (length = 50 bytes)
$String_Bandit_Defeated_Partner4 will be placed at 80251B80 (length = 50 bytes)
$EntryList will be placed at 80251BD0 (length = 50 bytes)
$String_NoThanks will be placed at 80251C20 (length = 50 bytes)
$Script_Init_BanditMover will be placed at 80251C70 (length = 4C bytes)
$GetFloorSign will be placed at 80251CBC (length = 48 bytes)
$Function_Load_MapID will be placed at 80251D04 (length = 48 bytes)
$GetFloorSign_Rogue will be placed at 80251D4C (length = 48 bytes)
$Script_MakeEntities will be placed at 80251D94 (length = 44 bytes)
$Function_802409A8 will be placed at 80251DD8 (length = 44 bytes)
$Function_LoadCoinsInToVar1 will be placed at 80251E1C (length = 44 bytes)
$String_Bandit_Defeated_Partner1 will be placed at 80251E60 (length = 40 bytes)
$Header will be placed at 80251EA0 (length = 40 bytes)
$Function_LoadCoinsLosted will be placed at 80251EE0 (length = 40 bytes)
$Function_LoadMarioCoins will be placed at 80251F20 (length = 40 bytes)
$Function_LoadGainedCoins will be placed at 80251F60 (length = 40 bytes)
$Function_GetTattle2 will be placed at 80251FA0 (length = 3C bytes)
$Script_Exit0 will be placed at 80251FDC (length = 3C bytes)
$Script_Init_Bag will be placed at 80252018 (length = 38 bytes)
$Script_Init_Bag_HitBox will be placed at 80252050 (length = 38 bytes)
$String_Bandit_Confrotation_Bye will be placed at 80252088 (length = 34 bytes)
$DispawnPartner will be placed at 802520BC (length = 34 bytes)
$String_Whatever will be placed at 802520F0 (length = 30 bytes)
$EnablePipeCollider will be placed at 80252120 (length = 30 bytes)
$AISettings_MoneySack will be placed at 80252150 (length = 30 bytes)
$String_Bandit_Defeated2 will be placed at 80252180 (length = 30 bytes)
$AISettings_Enemy will be placed at 802521B0 (length = 30 bytes)
$RespawnPartner will be placed at 802521E0 (length = 30 bytes)
$AISettings_DisableEnemy will be placed at 80252210 (length = 30 bytes)
$NPC_Settings_Sack will be placed at 80252240 (length = 2C bytes)
$NpcSettings_Generic will be placed at 8025226C (length = 2C bytes)
$Function_RevivePlayer will be placed at 80252298 (length = 2C bytes)
$NpcSettings_Blank will be placed at 802522C4 (length = 2C bytes)
$BlankSettings will be placed at 802522F0 (length = 2C bytes)
$Script_MakeExits will be placed at 8025231C (length = 2C bytes)
$Function_ResetEnemiesFlag will be placed at 80252348 (length = 2C bytes)
$String_List_NoYes will be placed at 80252374 (length = 28 bytes)
$Function_SaveCoinsLosted will be placed at 8025239C (length = 28 bytes)
$String_List_YesNo will be placed at 802523C4 (length = 28 bytes)
$Script_Init_EnemyNPC will be placed at 802523EC (length = 24 bytes)
$VectorList_SwitchPath will be placed at 80252410 (length = 24 bytes)
$NpcSettings_Enemy1 will be placed at 80252434 (length = 24 bytes)
$Script_Init_Lakitu will be placed at 80252458 (length = 24 bytes)
$Script_Init_Mover will be placed at 8025247C (length = 24 bytes)
$String_CoinsGained will be placed at 802524A0 (length = 24 bytes)
$String_Bandit_Defeated10 will be placed at 802524C4 (length = 24 bytes)
$String_Bandit_Defeated6 will be placed at 802524E8 (length = 20 bytes)
$String_Bandit_Defeated5 will be placed at 80252508 (length = 20 bytes)
$Script_DisableEnemyAI will be placed at 80252528 (length = 20 bytes)
$Script_EnemyAI will be placed at 80252548 (length = 20 bytes)
$TotalLevels_CurrentPlaythrough will be placed at 80252568 (length = 1C bytes)
$NpcGroupList_RubyCS will be placed at 80252584 (length = 18 bytes)
$SignString will be placed at 8025259C (length = 18 bytes)
$String_Psst will be placed at 802525B4 (length = 10 bytes)
$Script_null will be placed at 802525C4 (length = 10 bytes)
$ASCII_"pt81_86_shape"_Literal will be placed at 802525D4 (length = 10 bytes)
$Function_ResetCoinsLosted will be placed at 802525E4 (length = 10 bytes)
$ASCII_"pt51_56_shape"_Literal will be placed at 802525F4 (length = 10 bytes)
$ASCII_"pt1_6_hit"_Literal will be placed at 80252604 (length = C bytes)
$NpcGroup7 will be placed at 80252610 (length = C bytes)
$NpcGroup1 will be placed at 8025261C (length = C bytes)
$ASCII_"pt_100"_Literal will be placed at 80252628 (length = C bytes)
$ASCII_"dmo_00"_Literal will be placed at 80252634 (length = C bytes)
$ASCII_"pt1_6_shape"_Literal will be placed at 80252640 (length = C bytes)
$ASCII_"pt_85"_Literal will be placed at 8025264C (length = 8 bytes)
$ASCII_"pt91_96"_Literal will be placed at 80252654 (length = 8 bytes)
$ASCII_"pt62_67"_Literal will be placed at 8025265C (length = 8 bytes)
$ASCII_"pt33_38"_Literal will be placed at 80252664 (length = 8 bytes)
$ASCII_"pt1_6"_Literal will be placed at 8025266C (length = 8 bytes)
$ASCII_"pt_95"_Literal will be placed at 80252674 (length = 8 bytes)
$ASCII_"pt4_9"_Literal will be placed at 8025267C (length = 8 bytes)
$ASCII_"pt_65"_Literal will be placed at 80252684 (length = 8 bytes)
$ASCII_"pt44_49"_Literal will be placed at 8025268C (length = 8 bytes)
$ASCII_"pt81_86"_Literal will be placed at 80252694 (length = 8 bytes)
$ASCII_"pt_80"_Literal will be placed at 8025269C (length = 8 bytes)
$ASCII_"pt52_57"_Literal will be placed at 802526A4 (length = 8 bytes)
$ASCII_"pt23_28"_Literal will be placed at 802526AC (length = 8 bytes)
$ASCII_"pt_50"_Literal will be placed at 802526B4 (length = 8 bytes)
$ASCII_"pt83_88"_Literal will be placed at 802526BC (length = 8 bytes)
$ASCII_"pt54_59"_Literal will be placed at 802526C4 (length = 8 bytes)
$ASCII_"pt64_69"_Literal will be placed at 802526CC (length = 8 bytes)
$ASCII_"pt72_77"_Literal will be placed at 802526D4 (length = 8 bytes)
$ASCII_"pt14_19"_Literal will be placed at 802526DC (length = 8 bytes)
$ASCII_"pt34_39"_Literal will be placed at 802526E4 (length = 8 bytes)
$ASCII_"pt22_27"_Literal will be placed at 802526EC (length = 8 bytes)
$ASCII_"pt21_26"_Literal will be placed at 802526F4 (length = 8 bytes)
$ASCII_"pt73_78"_Literal will be placed at 802526FC (length = 8 bytes)
$ASCII_"pt84_89"_Literal will be placed at 80252704 (length = 8 bytes)
$ASCII_"pt92_97"_Literal will be placed at 8025270C (length = 8 bytes)
$ASCII_"pt_75"_Literal will be placed at 80252714 (length = 8 bytes)
$ASCII_"pt53_58"_Literal will be placed at 8025271C (length = 8 bytes)
$ASCII_"pt41_46"_Literal will be placed at 80252724 (length = 8 bytes)
$ASCII_"pt61_66"_Literal will be placed at 8025272C (length = 8 bytes)
$ASCII_"pt32_37"_Literal will be placed at 80252734 (length = 8 bytes)
$ASCII_"pt_15"_Literal will be placed at 8025273C (length = 8 bytes)
$ASCII_"pt11_16"_Literal will be placed at 80252744 (length = 8 bytes)
$ASCII_"pt_00"_Literal will be placed at 8025274C (length = 8 bytes)
$ASCII_"pt74_79"_Literal will be placed at 80252754 (length = 8 bytes)
$ASCII_"pt_25"_Literal will be placed at 8025275C (length = 8 bytes)
$ASCII_"pt_35"_Literal will be placed at 80252764 (length = 8 bytes)
$ASCII_"pt71_76"_Literal will be placed at 8025276C (length = 8 bytes)
$ASCII_"pt42_47"_Literal will be placed at 80252774 (length = 8 bytes)
$ASCII_"pt13_18"_Literal will be placed at 8025277C (length = 8 bytes)
$ASCII_"pt_05"_Literal will be placed at 80252784 (length = 8 bytes)
$ASCII_"pt93_98"_Literal will be placed at 8025278C (length = 8 bytes)
$ASCII_"pt43_48"_Literal will be placed at 80252794 (length = 8 bytes)
$ASCII_"pt51_56"_Literal will be placed at 8025279C (length = 8 bytes)
$ASCII_"pt_55"_Literal will be placed at 802527A4 (length = 8 bytes)
$ASCII_"pt2_7"_Literal will be placed at 802527AC (length = 8 bytes)
$ASCII_"pt12_17"_Literal will be placed at 802527B4 (length = 8 bytes)
$ASCII_"pt3_8"_Literal will be placed at 802527BC (length = 8 bytes)
$ASCII_"pt_10"_Literal will be placed at 802527C4 (length = 8 bytes)
$ASCII_"tik_tex"_Literal will be placed at 802527CC (length = 8 bytes)
$ASCII_"pt31_36"_Literal will be placed at 802527D4 (length = 8 bytes)
$ASCII_"pt63_68"_Literal will be placed at 802527DC (length = 8 bytes)
$ASCII_"pt94_99"_Literal will be placed at 802527E4 (length = 8 bytes)
$ASCII_"pt82_87"_Literal will be placed at 802527EC (length = 8 bytes)
$ASCII_"pt_45"_Literal will be placed at 802527F4 (length = 8 bytes)
$ASCII_"pt24_29"_Literal will be placed at 802527FC (length = 8 bytes)
$MoverCancel will be placed at 80252804 (length = 4 bytes)
$BanditMoverCancel will be placed at 80252808 (length = 4 bytes)
$CloseDialogBubble will be placed at 8025280C (length = 4 bytes)
Executing patch: pt31_36.mpat
Creating struct: $DeepestLevel
Creating struct: $TotalLevels_Sign
Creating struct: $TotalLevels_CurrentPlaythrough
Creating struct: $LoadHighscores
Creating struct: $FallingDownPipe
Creating struct: $Function_GetPos
Creating struct: $Function2
Creating struct: $SetSpawns
Creating struct: $Script_Set_Formation
Creating struct: $Function_OverwriteBattleID
Creating struct: $Script_SetMover
Creating struct: $Script_MapID_Converter
Creating struct: $Script_LoadOdds
Creating struct: $Script_LoadMoverType
Creating struct: $Script_SpawnMover
Creating struct: $Script_SetNPCPos
Creating struct: $Function_Load_MapID
Creating struct: $SwitchPath
Creating struct: $VectorList_SwitchPath
Creating struct: $GetPos
Creating struct: $DispawnPartner
Creating struct: $RespawnPartner
Creating struct: $LoadMap
Creating struct: $GetFloor
Creating struct: $LoadMapBandit
Creating struct: $GetFloorBandit
Creating struct: $SetSpawnsSpecial
Creating struct: $Script_SetMover_Special
Creating struct: $Script_SpawnMover_Special
Creating struct: $Script_Set_SpecialFormation
Creating struct: $Function_LoadCoinsInToVar1
Creating struct: $Script_SetSpawnPosition
Creating struct: $Script_Init_EnemyNPC
Creating struct: $Script_Init_Lakitu
Creating struct: $Script_TrackOutcome
Creating struct: $Script_LakituOutcome
Creating struct: $Script_FloorEnemy_Idle
Creating struct: $Script_Rogue_GiveTotalCoins
Creating struct: $Script_SetEnemyIdle
Creating struct: $Script_AddCoins
Creating struct: $NPC_Settings_Sack
Creating struct: $Script_Init_Bag
Creating struct: $Script_Init_Bag_HitBox
Creating struct: $Script_NPC_SackHit_Init
Creating struct: $Script_NPC_Sack_FX
Creating struct: $NPC_Sack_AnimationStart
Creating struct: $NPC_Sack_AnimationEnd
Creating struct: $Script_SackAnimation_SackAppears_100
Creating struct: $Script_SackAnimation_Start_GoToTheRight
Creating struct: $Script_SackAnimation_Start_GoToTheLeft
Creating struct: $Script_SackAnimation_End_Right
Creating struct: $Script_SackAnimation_End_Left
Creating struct: $Function_LoadMarioCoins
Creating struct: $Function_LoadCoinsLosted
Creating struct: $Function_SaveCoinsLosted
Creating struct: $Function_ResetCoinsLosted
Creating struct: $Function_LoadGainedCoins
Creating struct: $Function_RevivePlayer
Creating struct: $AISettings_MoneySack
Creating struct: $Script_NpcAI_MoneySack
Creating struct: $JumpTable_80242448
Creating struct: $Function_NpcAI_MoneySack
Creating struct: $Function_80240260
Creating struct: $Function_80240844
Creating struct: $Function_802409A8
Creating struct: $Script_TrackPlayer
Creating struct: $Script_PipeAnimation
Creating struct: $Function_SetAnimation
Creating struct: $Function_GetColliderPos
Creating struct: $Function_TrackInput
Creating struct: $GoToNextLevel
Creating struct: $GetFloorSign
Creating struct: $GetFloorSign_Rogue
Creating struct: $Function_GetTattle1
Creating struct: $Function_GetTattle2
Creating struct: $Script_ReadSign
Creating struct: $NpcSettings_Blank
Creating struct: $NpcGroup_Spring1
Creating struct: $NpcGroup_Spring2
Creating struct: $NpcGroup_Spring3
Creating struct: $NpcGroup_Spring4
Creating struct: $NpcGroup_Spring5
Creating struct: $NpcGroup_Spring6
Creating struct: $NpcGroup_Spring7
Creating struct: $NpcGroup_Spring8
Creating struct: $NpcGroup_Spring9
Creating struct: $NpcGroup_Spring10
Creating struct: $Header
Creating struct: $Script_Main2_Wait
Creating struct: $Script_Main2_Exec
Creating struct: $Script_TrackEvents
Creating struct: $Script_Cutscene_Event
Creating struct: $SkipCutscene_Event
Creating struct: $Script_ZoomIn_Camera_X
Creating struct: $Script_Cutscene_Ruby_Init
Creating struct: $Script_Cutscene_Ruby2
Creating struct: $NpcGroupList_RubyCS
Creating struct: $NpcGroup_RubyCS
Creating struct: $NpcSettings_Generic
Creating struct: $Script_null
Creating struct: $Script_SpawnNPCs
Creating struct: $Function_ResetEnemiesFlag
Creating struct: $EntryList
Creating struct: $Function_Init
Creating struct: $NpcGroup_Mover
Creating struct: $BlankSettings
Creating struct: $Script_Init_Mover
Creating struct: $Interact_Mover
Creating struct: $Script_MoverWarpAnimation
Creating struct: $SkipCutscene_MoverWarpAnimation
Creating struct: $NpcGroup_BanditMover
Creating struct: $Script_Init_BanditMover
Creating struct: $Script_Bandit_StartBattle
Creating struct: $Interact_BanditMover
Creating struct: $Script_Warning_Mario
Creating struct: $Script_NoThanks_Bandit
Creating struct: $Script_ZoomIn_Camera
Creating struct: $Script_ZoomIn_Camera_2
Creating struct: $Script_ZoomIn_Camera_3
Creating struct: $NpcGroup_MoneyBag
Creating struct: $Script_SetPipesPosition
Creating struct: $Script_DisableNumbers
Creating struct: $Script_SetFloorNumbers
Creating struct: $Script_CheckBanditStatus1
Creating struct: $Script_Cutscene_BanditStatus1
Creating struct: $Script_CheckBanditStatus2
Creating struct: $Script_TrackOutcome_Bandit
Creating struct: $Script_Cutscene_BanditDefeated
Creating struct: $SkipCutscene_BanditDefeated
Creating struct: $Script_AddCoins_Bandit
Creating struct: $Function_LoadPath
Creating struct: $Script_ClosePartnerDialog
Creating struct: $PipeSpawning
Creating struct: $EnablePipeCollider
Creating struct: $Script_MakeEntities
Creating struct: $CommingDownPipe
Creating struct: $Function_TimerCurrentFloor
Creating struct: $Script_MakeExits
Creating struct: $Script_Exit0
Creating struct: $Script_Main
Creating struct: $NpcGroups
Creating struct: $NpcGroup1
Creating struct: $NpcGroup7
Creating struct: $NpcGroup_Enemy1
Creating struct: $NpcSettings_Enemy1
Creating struct: $Script_EnemyAI
Creating struct: $AISettings_Enemy
Creating struct: $Script_DisableEnemyAI
Creating struct: $AISettings_DisableEnemy
Merged 1 regions to 1
$Script_SetFloorNumbers will be placed at 80240000 (length = 128C bytes)
$NpcGroup_RubyCS will be placed at 8024128C (length = 1170 bytes)
$LoadMap will be placed at 802423FC (length = C04 bytes)
$LoadMapBandit will be placed at 80243000 (length = B80 bytes)
$GoToNextLevel will be placed at 80243B80 (length = B10 bytes)
$Script_Cutscene_BanditDefeated will be placed at 80244690 (length = B08 bytes)
$Script_SetEnemyIdle will be placed at 80245198 (length = 674 bytes)
$Script_MapID_Converter will be placed at 8024580C (length = 60C bytes)
$Script_Warning_Mario will be placed at 80245E18 (length = 608 bytes)
$Function_80240260 will be placed at 80246420 (length = 5E4 bytes)
$Script_SetNPCPos will be placed at 80246A04 (length = 4D0 bytes)
$Script_Cutscene_Ruby_Init will be placed at 80246ED4 (length = 490 bytes)
$FallingDownPipe will be placed at 80247364 (length = 418 bytes)
$Script_TrackEvents will be placed at 8024777C (length = 410 bytes)
$NpcGroup_MoneyBag will be placed at 80247B8C (length = 3E0 bytes)
$Interact_BanditMover will be placed at 80247F6C (length = 3D8 bytes)
$Script_CheckBanditStatus2 will be placed at 80248344 (length = 3D8 bytes)
$SkipCutscene_BanditDefeated will be placed at 8024871C (length = 3D8 bytes)
$Interact_Mover will be placed at 80248AF4 (length = 3CC bytes)
$Script_Set_SpecialFormation will be placed at 80248EC0 (length = 3B4 bytes)
$Script_FloorEnemy_Idle will be placed at 80249274 (length = 388 bytes)
$Script_TrackOutcome_Bandit will be placed at 802495FC (length = 330 bytes)
$Script_LakituOutcome will be placed at 8024992C (length = 30C bytes)
$Script_Rogue_GiveTotalCoins will be placed at 80249C38 (length = 2FC bytes)
$Script_Set_Formation will be placed at 80249F34 (length = 2D4 bytes)
$PipeSpawning will be placed at 8024A208 (length = 2A0 bytes)
$Script_TrackOutcome will be placed at 8024A4A8 (length = 288 bytes)
$Script_Cutscene_Ruby2 will be placed at 8024A730 (length = 258 bytes)
$Function_NpcAI_MoneySack will be placed at 8024A988 (length = 238 bytes)
$Script_SackAnimation_Start_GoToTheRight will be placed at 8024ABC0 (length = 230 bytes)
$Script_SetSpawnPosition will be placed at 8024ADF0 (length = 228 bytes)
$Script_Main2_Exec will be placed at 8024B018 (length = 228 bytes)
$Script_Cutscene_BanditStatus1 will be placed at 8024B240 (length = 21C bytes)
$Script_LoadMoverType will be placed at 8024B45C (length = 214 bytes)
$Script_NoThanks_Bandit will be placed at 8024B670 (length = 210 bytes)
$Script_SackAnimation_Start_GoToTheLeft will be placed at 8024B880 (length = 1F8 bytes)
$NpcGroup_Spring10 will be placed at 8024BA78 (length = 1F0 bytes)
$NpcGroup_Enemy1 will be placed at 8024BC68 (length = 1F0 bytes)
$NpcGroup_Spring1 will be placed at 8024BE58 (length = 1F0 bytes)
$NpcGroup_Spring2 will be placed at 8024C048 (length = 1F0 bytes)
$NpcGroup_Spring3 will be placed at 8024C238 (length = 1F0 bytes)
$NpcGroup_Spring4 will be placed at 8024C428 (length = 1F0 bytes)
$NpcGroup_Spring5 will be placed at 8024C618 (length = 1F0 bytes)
$NpcGroup_Spring6 will be placed at 8024C808 (length = 1F0 bytes)
$NpcGroup_Spring7 will be placed at 8024C9F8 (length = 1F0 bytes)
$NpcGroup_Spring8 will be placed at 8024CBE8 (length = 1F0 bytes)
$NpcGroup_Spring9 will be placed at 8024CDD8 (length = 1F0 bytes)
$NpcGroup_Mover will be placed at 8024CFC8 (length = 1F0 bytes)
$NpcGroup_BanditMover will be placed at 8024D1B8 (length = 1F0 bytes)
$Script_PipeAnimation will be placed at 8024D3A8 (length = 1C4 bytes)
$Script_Cutscene_Event will be placed at 8024D56C (length = 198 bytes)
$Script_NPC_SackHit_Init will be placed at 8024D704 (length = 198 bytes)
$Script_ClosePartnerDialog will be placed at 8024D89C (length = 194 bytes)
$JumpTable_80242448 will be placed at 8024DA30 (length = 190 bytes)
$SkipCutscene_Event will be placed at 8024DBC0 (length = 188 bytes)
$Script_SpawnNPCs will be placed at 8024DD48 (length = 174 bytes)
$NPC_Sack_AnimationStart will be placed at 8024DEBC (length = 168 bytes)
$Function_80240844 will be placed at 8024E024 (length = 164 bytes)
$Script_SackAnimation_End_Right will be placed at 8024E188 (length = 158 bytes)
$Script_SackAnimation_End_Left will be placed at 8024E2E0 (length = 150 bytes)
$Script_TrackPlayer will be placed at 8024E430 (length = 144 bytes)
$Script_CheckBanditStatus1 will be placed at 8024E574 (length = 13C bytes)
$MapTattle5 will be placed at 8024E6B0 (length = 13C bytes)
$MapTattle4 will be placed at 8024E7EC (length = 130 bytes)
$BanditMover_Tattle will be placed at 8024E91C (length = 11C bytes)
$Function_LoadPath will be placed at 8024EA38 (length = 114 bytes)
$Script_SackAnimation_SackAppears_100 will be placed at 8024EB4C (length = 100 bytes)
$String_Partner_Event_1 will be placed at 8024EC4C (length = FC bytes)
$Script_Main2_Wait will be placed at 8024ED48 (length = F4 bytes)
$String_Warning2 will be placed at 8024EE3C (length = F0 bytes)
$Script_SetMover_Special will be placed at 8024EF2C (length = EC bytes)
$SetSpawnsSpecial will be placed at 8024F018 (length = E8 bytes)
$SetSpawns will be placed at 8024F100 (length = E8 bytes)
$String_Warning1 will be placed at 8024F1E8 (length = E8 bytes)
$DeepestLevel will be placed at 8024F2D0 (length = E4 bytes)
$Function_GetColliderPos will be placed at 8024F3B4 (length = E0 bytes)
$Function_GetPos will be placed at 8024F494 (length = E0 bytes)
$TotalLevels_Sign will be placed at 8024F574 (length = DC bytes)
$Script_SpawnMover_Special will be placed at 8024F650 (length = DC bytes)
$GetFloor will be placed at 8024F72C (length = DC bytes)
$Script_DisableNumbers will be placed at 8024F808 (length = D8 bytes)
$MapTattle2 will be placed at 8024F8E0 (length = D4 bytes)
$NPC_Sack_AnimationEnd will be placed at 8024F9B4 (length = D4 bytes)
$Script_SetMover will be placed at 8024FA88 (length = D0 bytes)
$GetFloorBandit will be placed at 8024FB58 (length = D0 bytes)
$Script_AddCoins_Bandit will be placed at 8024FC28 (length = C8 bytes)
$GetPos will be placed at 8024FCF0 (length = C8 bytes)
$SkipCutscene_MoverWarpAnimation will be placed at 8024FDB8 (length = C4 bytes)
$Function_Init will be placed at 8024FE7C (length = C4 bytes)
$MoverStart will be placed at 8024FF40 (length = C0 bytes)
$String_Warning3 will be placed at 80250000 (length = C0 bytes)
$Script_ZoomIn_Camera_3 will be placed at 802500C0 (length = BC bytes)
$Script_ZoomIn_Camera_2 will be placed at 8025017C (length = BC bytes)
$Script_ZoomIn_Camera will be placed at 80250238 (length = BC bytes)
$Function_TrackInput will be placed at 802502F4 (length = BC bytes)
$String_Bandit_Defeated4 will be placed at 802503B0 (length = B8 bytes)
$Script_MoverWarpAnimation will be placed at 80250468 (length = B8 bytes)
$Script_NpcAI_MoneySack will be placed at 80250520 (length = B8 bytes)
$NpcGroups will be placed at 802505D8 (length = B4 bytes)
$Script_SpawnMover will be placed at 8025068C (length = B4 bytes)
$BanditMoverStart will be placed at 80250740 (length = B4 bytes)
$MapTattle3 will be placed at 802507F4 (length = B0 bytes)
$Script_LoadOdds will be placed at 802508A4 (length = B0 bytes)
$Script_SetPipesPosition will be placed at 80250954 (length = B0 bytes)
$LoadHighscores will be placed at 80250A04 (length = B0 bytes)
$MapTattle1 will be placed at 80250AB4 (length = A8 bytes)
$Script_AddCoins will be placed at 80250B5C (length = A8 bytes)
$SwitchPath will be placed at 80250C04 (length = A4 bytes)
$Script_NPC_Sack_FX will be placed at 80250CA8 (length = A4 bytes)
$Tattle_Springkeeper will be placed at 80250D4C (length = A4 bytes)
$Script_ReadSign will be placed at 80250DF0 (length = A0 bytes)
$Script_ZoomIn_Camera_X will be placed at 80250E90 (length = A0 bytes)
$String_Bandit_Defeated9 will be placed at 80250F30 (length = 9C bytes)
$Script_Bandit_StartBattle will be placed at 80250FCC (length = 9C bytes)
$Script_Main will be placed at 80251068 (length = 9C bytes)
$Mover_Tattle will be placed at 80251104 (length = 94 bytes)
$String_Bandit_Defeated3 will be placed at 80251198 (length = 90 bytes)
$String_Bandit_Defeated8 will be placed at 80251228 (length = 8C bytes)
$BanditMover_Options2 will be placed at 802512B4 (length = 84 bytes)
$BanditMover_Options will be placed at 80251338 (length = 84 bytes)
$String_Okay will be placed at 802513BC (length = 80 bytes)
$Function_TimerCurrentFloor will be placed at 8025143C (length = 7C bytes)
$SignStringBug will be placed at 802514B8 (length = 7C bytes)
$String_Rogue_CoinsGained_Success will be placed at 80251534 (length = 78 bytes)
$Mover_Options will be placed at 802515AC (length = 78 bytes)
$Function2 will be placed at 80251624 (length = 6C bytes)
$Function_SetAnimation will be placed at 80251690 (length = 6C bytes)
$String_Bandit_Defeated1 will be placed at 802516FC (length = 68 bytes)
$CommingDownPipe will be placed at 80251764 (length = 68 bytes)
$MoverEnd will be placed at 802517CC (length = 68 bytes)
$BanditMoverEnd will be placed at 80251834 (length = 68 bytes)
$String_Bandit_Defeated_Partner3 will be placed at 8025189C (length = 64 bytes)
$String_Bandit_Defeated_Partner2 will be placed at 80251900 (length = 64 bytes)
$Function_GetTattle1 will be placed at 80251964 (length = 60 bytes)
$Function_OverwriteBattleID will be placed at 802519C4 (length = 60 bytes)
$String_Bandit_Confrontation1 will be placed at 80251A24 (length = 5C bytes)
$BanditMoverNoCoins will be placed at 80251A80 (length = 58 bytes)
$MoverNoCoins will be placed at 80251AD8 (length = 58 bytes)
$String_Bandit_Defeated7 will be placed at 80251B30 (length = 50 bytes)
$String_Bandit_Defeated_Partner4 will be placed at 80251B80 (length = 50 bytes)
$EntryList will be placed at 80251BD0 (length = 50 bytes)
$String_NoThanks will be placed at 80251C20 (length = 50 bytes)
$Script_Init_BanditMover will be placed at 80251C70 (length = 4C bytes)
$GetFloorSign will be placed at 80251CBC (length = 48 bytes)
$Function_Load_MapID will be placed at 80251D04 (length = 48 bytes)
$GetFloorSign_Rogue will be placed at 80251D4C (length = 48 bytes)
$Script_MakeEntities will be placed at 80251D94 (length = 44 bytes)
$Function_802409A8 will be placed at 80251DD8 (length = 44 bytes)
$Function_LoadCoinsInToVar1 will be placed at 80251E1C (length = 44 bytes)
$String_Bandit_Defeated_Partner1 will be placed at 80251E60 (length = 40 bytes)
$Header will be placed at 80251EA0 (length = 40 bytes)
$Function_LoadCoinsLosted will be placed at 80251EE0 (length = 40 bytes)
$Function_LoadMarioCoins will be placed at 80251F20 (length = 40 bytes)
$Function_LoadGainedCoins will be placed at 80251F60 (length = 40 bytes)
$Function_GetTattle2 will be placed at 80251FA0 (length = 3C bytes)
$Script_Exit0 will be placed at 80251FDC (length = 3C bytes)
$Script_Init_Bag will be placed at 80252018 (length = 38 bytes)
$Script_Init_Bag_HitBox will be placed at 80252050 (length = 38 bytes)
$String_Bandit_Confrotation_Bye will be placed at 80252088 (length = 34 bytes)
$DispawnPartner will be placed at 802520BC (length = 34 bytes)
$String_Whatever will be placed at 802520F0 (length = 30 bytes)
$EnablePipeCollider will be placed at 80252120 (length = 30 bytes)
$AISettings_MoneySack will be placed at 80252150 (length = 30 bytes)
$String_Bandit_Defeated2 will be placed at 80252180 (length = 30 bytes)
$AISettings_Enemy will be placed at 802521B0 (length = 30 bytes)
$RespawnPartner will be placed at 802521E0 (length = 30 bytes)
$AISettings_DisableEnemy will be placed at 80252210 (length = 30 bytes)
$NPC_Settings_Sack will be placed at 80252240 (length = 2C bytes)
$NpcSettings_Generic will be placed at 8025226C (length = 2C bytes)
$Function_RevivePlayer will be placed at 80252298 (length = 2C bytes)
$NpcSettings_Blank will be placed at 802522C4 (length = 2C bytes)
$BlankSettings will be placed at 802522F0 (length = 2C bytes)
$Script_MakeExits will be placed at 8025231C (length = 2C bytes)
$Function_ResetEnemiesFlag will be placed at 80252348 (length = 2C bytes)
$String_List_NoYes will be placed at 80252374 (length = 28 bytes)
$Function_SaveCoinsLosted will be placed at 8025239C (length = 28 bytes)
$String_List_YesNo will be placed at 802523C4 (length = 28 bytes)
$Script_Init_EnemyNPC will be placed at 802523EC (length = 24 bytes)
$VectorList_SwitchPath will be placed at 80252410 (length = 24 bytes)
$NpcSettings_Enemy1 will be placed at 80252434 (length = 24 bytes)
$Script_Init_Lakitu will be placed at 80252458 (length = 24 bytes)
$Script_Init_Mover will be placed at 8025247C (length = 24 bytes)
$String_CoinsGained will be placed at 802524A0 (length = 24 bytes)
$String_Bandit_Defeated10 will be placed at 802524C4 (length = 24 bytes)
$String_Bandit_Defeated6 will be placed at 802524E8 (length = 20 bytes)
$String_Bandit_Defeated5 will be placed at 80252508 (length = 20 bytes)
$Script_DisableEnemyAI will be placed at 80252528 (length = 20 bytes)
$Script_EnemyAI will be placed at 80252548 (length = 20 bytes)
$TotalLevels_CurrentPlaythrough will be placed at 80252568 (length = 1C bytes)
$NpcGroupList_RubyCS will be placed at 80252584 (length = 18 bytes)
$SignString will be placed at 8025259C (length = 18 bytes)
$String_Psst will be placed at 802525B4 (length = 10 bytes)
$Script_null will be placed at 802525C4 (length = 10 bytes)
$ASCII_"pt81_86_shape"_Literal will be placed at 802525D4 (length = 10 bytes)
$Function_ResetCoinsLosted will be placed at 802525E4 (length = 10 bytes)
$ASCII_"pt51_56_shape"_Literal will be placed at 802525F4 (length = 10 bytes)
$ASCII_"pt1_6_hit"_Literal will be placed at 80252604 (length = C bytes)
$NpcGroup7 will be placed at 80252610 (length = C bytes)
$NpcGroup1 will be placed at 8025261C (length = C bytes)
$ASCII_"pt_100"_Literal will be placed at 80252628 (length = C bytes)
$ASCII_"dmo_00"_Literal will be placed at 80252634 (length = C bytes)
$ASCII_"pt1_6_shape"_Literal will be placed at 80252640 (length = C bytes)
$ASCII_"pt_85"_Literal will be placed at 8025264C (length = 8 bytes)
$ASCII_"pt91_96"_Literal will be placed at 80252654 (length = 8 bytes)
$ASCII_"pt62_67"_Literal will be placed at 8025265C (length = 8 bytes)
$ASCII_"pt33_38"_Literal will be placed at 80252664 (length = 8 bytes)
$ASCII_"pt1_6"_Literal will be placed at 8025266C (length = 8 bytes)
$ASCII_"pt_95"_Literal will be placed at 80252674 (length = 8 bytes)
$ASCII_"pt4_9"_Literal will be placed at 8025267C (length = 8 bytes)
$ASCII_"pt_65"_Literal will be placed at 80252684 (length = 8 bytes)
$ASCII_"pt44_49"_Literal will be placed at 8025268C (length = 8 bytes)
$ASCII_"pt81_86"_Literal will be placed at 80252694 (length = 8 bytes)
$ASCII_"pt_80"_Literal will be placed at 8025269C (length = 8 bytes)
$ASCII_"pt52_57"_Literal will be placed at 802526A4 (length = 8 bytes)
$ASCII_"pt23_28"_Literal will be placed at 802526AC (length = 8 bytes)
$ASCII_"pt_50"_Literal will be placed at 802526B4 (length = 8 bytes)
$ASCII_"pt83_88"_Literal will be placed at 802526BC (length = 8 bytes)
$ASCII_"pt54_59"_Literal will be placed at 802526C4 (length = 8 bytes)
$ASCII_"pt64_69"_Literal will be placed at 802526CC (length = 8 bytes)
$ASCII_"pt72_77"_Literal will be placed at 802526D4 (length = 8 bytes)
$ASCII_"pt14_19"_Literal will be placed at 802526DC (length = 8 bytes)
$ASCII_"pt34_39"_Literal will be placed at 802526E4 (length = 8 bytes)
$ASCII_"pt22_27"_Literal will be placed at 802526EC (length = 8 bytes)
$ASCII_"pt21_26"_Literal will be placed at 802526F4 (length = 8 bytes)
$ASCII_"pt73_78"_Literal will be placed at 802526FC (length = 8 bytes)
$ASCII_"pt84_89"_Literal will be placed at 80252704 (length = 8 bytes)
$ASCII_"pt92_97"_Literal will be placed at 8025270C (length = 8 bytes)
$ASCII_"pt_75"_Literal will be placed at 80252714 (length = 8 bytes)
$ASCII_"pt53_58"_Literal will be placed at 8025271C (length = 8 bytes)
$ASCII_"pt41_46"_Literal will be placed at 80252724 (length = 8 bytes)
$ASCII_"pt61_66"_Literal will be placed at 8025272C (length = 8 bytes)
$ASCII_"pt32_37"_Literal will be placed at 80252734 (length = 8 bytes)
$ASCII_"pt_15"_Literal will be placed at 8025273C (length = 8 bytes)
$ASCII_"pt11_16"_Literal will be placed at 80252744 (length = 8 bytes)
$ASCII_"pt_00"_Literal will be placed at 8025274C (length = 8 bytes)
$ASCII_"pt74_79"_Literal will be placed at 80252754 (length = 8 bytes)
$ASCII_"pt_25"_Literal will be placed at 8025275C (length = 8 bytes)
$ASCII_"pt_35"_Literal will be placed at 80252764 (length = 8 bytes)
$ASCII_"pt71_76"_Literal will be placed at 8025276C (length = 8 bytes)
$ASCII_"pt42_47"_Literal will be placed at 80252774 (length = 8 bytes)
$ASCII_"pt13_18"_Literal will be placed at 8025277C (length = 8 bytes)
$ASCII_"pt_05"_Literal will be placed at 80252784 (length = 8 bytes)
$ASCII_"pt93_98"_Literal will be placed at 8025278C (length = 8 bytes)
$ASCII_"pt43_48"_Literal will be placed at 80252794 (length = 8 bytes)
$ASCII_"pt51_56"_Literal will be placed at 8025279C (length = 8 bytes)
$ASCII_"pt_55"_Literal will be placed at 802527A4 (length = 8 bytes)
$ASCII_"pt2_7"_Literal will be placed at 802527AC (length = 8 bytes)
$ASCII_"pt12_17"_Literal will be placed at 802527B4 (length = 8 bytes)
$ASCII_"pt3_8"_Literal will be placed at 802527BC (length = 8 bytes)
$ASCII_"pt_10"_Literal will be placed at 802527C4 (length = 8 bytes)
$ASCII_"tik_tex"_Literal will be placed at 802527CC (length = 8 bytes)
$ASCII_"pt31_36"_Literal will be placed at 802527D4 (length = 8 bytes)
$ASCII_"pt63_68"_Literal will be placed at 802527DC (length = 8 bytes)
$ASCII_"pt94_99"_Literal will be placed at 802527E4 (length = 8 bytes)
$ASCII_"pt82_87"_Literal will be placed at 802527EC (length = 8 bytes)
$ASCII_"pt_45"_Literal will be placed at 802527F4 (length = 8 bytes)
$ASCII_"pt24_29"_Literal will be placed at 802527FC (length = 8 bytes)
$MoverCancel will be placed at 80252804 (length = 4 bytes)
$BanditMoverCancel will be placed at 80252808 (length = 4 bytes)
$CloseDialogBubble will be placed at 8025280C (length = 4 bytes)
Executing patch: pt32_37.mpat
Creating struct: $DeepestLevel
Creating struct: $TotalLevels_Sign
Creating struct: $TotalLevels_CurrentPlaythrough
Creating struct: $LoadHighscores
Creating struct: $FallingDownPipe
Creating struct: $Function_GetPos
Creating struct: $Function2
Creating struct: $SetSpawns
Creating struct: $Script_Set_Formation
Creating struct: $Function_OverwriteBattleID
Creating struct: $Script_SetMover
Creating struct: $Script_MapID_Converter
Creating struct: $Script_LoadOdds
Creating struct: $Script_LoadMoverType
Creating struct: $Script_SpawnMover
Creating struct: $Script_SetNPCPos
Creating struct: $Function_Load_MapID
Creating struct: $SwitchPath
Creating struct: $VectorList_SwitchPath
Creating struct: $GetPos
Creating struct: $DispawnPartner
Creating struct: $RespawnPartner
Creating struct: $LoadMap
Creating struct: $GetFloor
Creating struct: $LoadMapBandit
Creating struct: $GetFloorBandit
Creating struct: $SetSpawnsSpecial
Creating struct: $Script_SetMover_Special
Creating struct: $Script_SpawnMover_Special
Creating struct: $Script_Set_SpecialFormation
Creating struct: $Function_LoadCoinsInToVar1
Creating struct: $Script_SetSpawnPosition
Creating struct: $Script_Init_EnemyNPC
Creating struct: $Script_Init_Lakitu
Creating struct: $Script_TrackOutcome
Creating struct: $Script_LakituOutcome
Creating struct: $Script_FloorEnemy_Idle
Creating struct: $Script_Rogue_GiveTotalCoins
Creating struct: $Script_SetEnemyIdle
Creating struct: $Script_AddCoins
Creating struct: $NPC_Settings_Sack
Creating struct: $Script_Init_Bag
Creating struct: $Script_Init_Bag_HitBox
Creating struct: $Script_NPC_SackHit_Init
Creating struct: $Script_NPC_Sack_FX
Creating struct: $NPC_Sack_AnimationStart
Creating struct: $NPC_Sack_AnimationEnd
Creating struct: $Script_SackAnimation_SackAppears_100
Creating struct: $Script_SackAnimation_Start_GoToTheRight
Creating struct: $Script_SackAnimation_Start_GoToTheLeft
Creating struct: $Script_SackAnimation_End_Right
Creating struct: $Script_SackAnimation_End_Left
Creating struct: $Function_LoadMarioCoins
Creating struct: $Function_LoadCoinsLosted
Creating struct: $Function_SaveCoinsLosted
Creating struct: $Function_ResetCoinsLosted
Creating struct: $Function_LoadGainedCoins
Creating struct: $Function_RevivePlayer
Creating struct: $AISettings_MoneySack
Creating struct: $Script_NpcAI_MoneySack
Creating struct: $JumpTable_80242448
Creating struct: $Function_NpcAI_MoneySack
Creating struct: $Function_80240260
Creating struct: $Function_80240844
Creating struct: $Function_802409A8
Creating struct: $Script_TrackPlayer
Creating struct: $Script_PipeAnimation
Creating struct: $Function_SetAnimation
Creating struct: $Function_GetColliderPos
Creating struct: $Function_TrackInput
Creating struct: $GoToNextLevel
Creating struct: $GetFloorSign
Creating struct: $GetFloorSign_Rogue
Creating struct: $Function_GetTattle1
Creating struct: $Function_GetTattle2
Creating struct: $Script_ReadSign
Creating struct: $NpcSettings_Blank
Creating struct: $NpcGroup_Spring1
Creating struct: $NpcGroup_Spring2
Creating struct: $NpcGroup_Spring3
Creating struct: $NpcGroup_Spring4
Creating struct: $NpcGroup_Spring5
Creating struct: $NpcGroup_Spring6
Creating struct: $NpcGroup_Spring7
Creating struct: $NpcGroup_Spring8
Creating struct: $NpcGroup_Spring9
Creating struct: $NpcGroup_Spring10
Creating struct: $Header
Creating struct: $Script_Main2_Wait
Creating struct: $Script_Main2_Exec
Creating struct: $Script_TrackEvents
Creating struct: $Script_Cutscene_Event
Creating struct: $SkipCutscene_Event
Creating struct: $Script_ZoomIn_Camera_X
Creating struct: $Script_Cutscene_Ruby_Init
Creating struct: $Script_Cutscene_Ruby2
Creating struct: $NpcGroupList_RubyCS
Creating struct: $NpcGroup_RubyCS
Creating struct: $NpcSettings_Generic
Creating struct: $Script_null
Creating struct: $Script_SpawnNPCs
Creating struct: $Function_ResetEnemiesFlag
Creating struct: $EntryList
Creating struct: $Function_Init
Creating struct: $NpcGroup_Mover
Creating struct: $BlankSettings
Creating struct: $Script_Init_Mover
Creating struct: $Interact_Mover
Creating struct: $Script_MoverWarpAnimation
Creating struct: $SkipCutscene_MoverWarpAnimation
Creating struct: $NpcGroup_BanditMover
Creating struct: $Script_Init_BanditMover
Creating struct: $Script_Bandit_StartBattle
Creating struct: $Interact_BanditMover
Creating struct: $Script_Warning_Mario
Creating struct: $Script_NoThanks_Bandit
Creating struct: $Script_ZoomIn_Camera
Creating struct: $Script_ZoomIn_Camera_2
Creating struct: $Script_ZoomIn_Camera_3
Creating struct: $NpcGroup_MoneyBag
Creating struct: $Script_SetPipesPosition
Creating struct: $Script_DisableNumbers
Creating struct: $Script_SetFloorNumbers
Creating struct: $Script_CheckBanditStatus1
Creating struct: $Script_Cutscene_BanditStatus1
Creating struct: $Script_CheckBanditStatus2
Creating struct: $Script_TrackOutcome_Bandit
Creating struct: $Script_Cutscene_BanditDefeated
Creating struct: $SkipCutscene_BanditDefeated
Creating struct: $Script_AddCoins_Bandit
Creating struct: $Function_LoadPath
Creating struct: $Script_ClosePartnerDialog
Creating struct: $PipeSpawning
Creating struct: $EnablePipeCollider
Creating struct: $Script_MakeEntities
Creating struct: $CommingDownPipe
Creating struct: $Function_TimerCurrentFloor
Creating struct: $Script_MakeExits
Creating struct: $Script_Exit0
Creating struct: $Script_Main
Creating struct: $NpcGroups
Creating struct: $NpcGroup1
Creating struct: $NpcGroup7
Creating struct: $NpcGroup_Enemy1
Creating struct: $NpcSettings_Enemy1
Creating struct: $Script_EnemyAI
Creating struct: $AISettings_Enemy
Creating struct: $ConstDouble_80244CB0
Creating struct: $ConstDouble_80244CB8
Creating struct: $ConstDouble_80244CC0
Creating struct: $FloatTable_80242EF0
Creating struct: $JumpTable_80244CC8
Creating struct: $Function_802416AC
Creating struct: $Function_80241588
Creating struct: $Function_802403A0
Creating struct: $Function_80240550
Creating struct: $Function_80240B78
Creating struct: $Function_80240C38
Creating struct: $Function_80240F7C
Creating struct: $Function_80240FF4
Creating struct: $Function_80241060
Creating struct: $Function_80241194
Creating struct: $Function_802411F8
Creating struct: $Script_DisableEnemyAI
Creating struct: $AISettings_DisableEnemy
Merged 1 regions to 1
$Script_SetFloorNumbers will be placed at 80240000 (length = 128C bytes)
$NpcGroup_RubyCS will be placed at 8024128C (length = 1170 bytes)
$LoadMap will be placed at 802423FC (length = C04 bytes)
$LoadMapBandit will be placed at 80243000 (length = B80 bytes)
$GoToNextLevel will be placed at 80243B80 (length = B10 bytes)
$Script_Cutscene_BanditDefeated will be placed at 80244690 (length = B08 bytes)
$Script_SetEnemyIdle will be placed at 80245198 (length = 674 bytes)
$Function_80240550 will be placed at 8024580C (length = 624 bytes)
$Script_MapID_Converter will be placed at 80245E30 (length = 60C bytes)
$Script_Warning_Mario will be placed at 8024643C (length = 608 bytes)
$Function_80240260 will be placed at 80246A44 (length = 5E4 bytes)
$Script_SetNPCPos will be placed at 80247028 (length = 4D0 bytes)
$Script_Cutscene_Ruby_Init will be placed at 802474F8 (length = 490 bytes)
$FallingDownPipe will be placed at 80247988 (length = 418 bytes)
$Script_TrackEvents will be placed at 80247DA0 (length = 410 bytes)
$NpcGroup_MoneyBag will be placed at 802481B0 (length = 3E0 bytes)
$Interact_BanditMover will be placed at 80248590 (length = 3D8 bytes)
$Script_CheckBanditStatus2 will be placed at 80248968 (length = 3D8 bytes)
$SkipCutscene_BanditDefeated will be placed at 80248D40 (length = 3D8 bytes)
$Interact_Mover will be placed at 80249118 (length = 3CC bytes)
$Script_Set_SpecialFormation will be placed at 802494E4 (length = 3B4 bytes)
$Function_802411F8 will be placed at 80249898 (length = 390 bytes)
$Script_FloorEnemy_Idle will be placed at 80249C28 (length = 388 bytes)
$Function_80240C38 will be placed at 80249FB0 (length = 344 bytes)
$Script_TrackOutcome_Bandit will be placed at 8024A2F4 (length = 330 bytes)
$Script_LakituOutcome will be placed at 8024A624 (length = 30C bytes)
$Script_Rogue_GiveTotalCoins will be placed at 8024A930 (length = 2FC bytes)
$Script_Set_Formation will be placed at 8024AC2C (length = 2D4 bytes)
$PipeSpawning will be placed at 8024AF00 (length = 2A0 bytes)
$Script_TrackOutcome will be placed at 8024B1A0 (length = 288 bytes)
$Script_Cutscene_Ruby2 will be placed at 8024B428 (length = 258 bytes)
$Function_NpcAI_MoneySack will be placed at 8024B680 (length = 238 bytes)
$Script_SackAnimation_Start_GoToTheRight will be placed at 8024B8B8 (length = 230 bytes)
$Script_SetSpawnPosition will be placed at 8024BAE8 (length = 228 bytes)
$Script_Main2_Exec will be placed at 8024BD10 (length = 228 bytes)
$Script_Cutscene_BanditStatus1 will be placed at 8024BF38 (length = 21C bytes)
$Script_LoadMoverType will be placed at 8024C154 (length = 214 bytes)
$Script_NoThanks_Bandit will be placed at 8024C368 (length = 210 bytes)
$Script_SackAnimation_Start_GoToTheLeft will be placed at 8024C578 (length = 1F8 bytes)
$NpcGroup_Spring10 will be placed at 8024C770 (length = 1F0 bytes)
$NpcGroup_Enemy1 will be placed at 8024C960 (length = 1F0 bytes)
$NpcGroup_Spring1 will be placed at 8024CB50 (length = 1F0 bytes)
$NpcGroup_Spring2 will be placed at 8024CD40 (length = 1F0 bytes)
$NpcGroup_Spring3 will be placed at 8024CF30 (length = 1F0 bytes)
$NpcGroup_Spring4 will be placed at 8024D120 (length = 1F0 bytes)
$NpcGroup_Spring5 will be placed at 8024D310 (length = 1F0 bytes)
$NpcGroup_Spring6 will be placed at 8024D500 (length = 1F0 bytes)
$NpcGroup_Spring7 will be placed at 8024D6F0 (length = 1F0 bytes)
$NpcGroup_Spring8 will be placed at 8024D8E0 (length = 1F0 bytes)
$NpcGroup_Spring9 will be placed at 8024DAD0 (length = 1F0 bytes)
$NpcGroup_Mover will be placed at 8024DCC0 (length = 1F0 bytes)
$NpcGroup_BanditMover will be placed at 8024DEB0 (length = 1F0 bytes)
$Function_802416AC will be placed at 8024E0A0 (length = 1EC bytes)
$Script_PipeAnimation will be placed at 8024E28C (length = 1C4 bytes)
$Function_802403A0 will be placed at 8024E450 (length = 1B0 bytes)
$Script_Cutscene_Event will be placed at 8024E600 (length = 198 bytes)
$Script_NPC_SackHit_Init will be placed at 8024E798 (length = 198 bytes)
$Script_ClosePartnerDialog will be placed at 8024E930 (length = 194 bytes)
$JumpTable_80242448 will be placed at 8024EAC4 (length = 190 bytes)
$SkipCutscene_Event will be placed at 8024EC54 (length = 188 bytes)
$Script_SpawnNPCs will be placed at 8024EDDC (length = 174 bytes)
$NPC_Sack_AnimationStart will be placed at 8024EF50 (length = 168 bytes)
$Function_80240844 will be placed at 8024F0B8 (length = 164 bytes)
$Script_SackAnimation_End_Right will be placed at 8024F21C (length = 158 bytes)
$Script_SackAnimation_End_Left will be placed at 8024F374 (length = 150 bytes)
$Script_TrackPlayer will be placed at 8024F4C4 (length = 144 bytes)
$Script_CheckBanditStatus1 will be placed at 8024F608 (length = 13C bytes)
$MapTattle5 will be placed at 8024F744 (length = 13C bytes)
$Function_80241060 will be placed at 8024F880 (length = 134 bytes)
$MapTattle4 will be placed at 8024F9B4 (length = 130 bytes)
$Function_80241588 will be placed at 8024FAE4 (length = 124 bytes)
$BanditMover_Tattle will be placed at 8024FC08 (length = 11C bytes)
$Function_LoadPath will be placed at 8024FD24 (length = 114 bytes)
$Script_SackAnimation_SackAppears_100 will be placed at 8024FE38 (length = 100 bytes)
$String_Partner_Event_1 will be placed at 8024FF38 (length = FC bytes)
$Script_Main2_Wait will be placed at 80250034 (length = F4 bytes)
$String_Warning2 will be placed at 80250128 (length = F0 bytes)
$Script_SetMover_Special will be placed at 80250218 (length = EC bytes)
$SetSpawnsSpecial will be placed at 80250304 (length = E8 bytes)
$SetSpawns will be placed at 802503EC (length = E8 bytes)
$String_Warning1 will be placed at 802504D4 (length = E8 bytes)
$DeepestLevel will be placed at 802505BC (length = E4 bytes)
$Function_GetColliderPos will be placed at 802506A0 (length = E0 bytes)
$Function_GetPos will be placed at 80250780 (length = E0 bytes)
$TotalLevels_Sign will be placed at 80250860 (length = DC bytes)
$Script_SpawnMover_Special will be placed at 8025093C (length = DC bytes)
$GetFloor will be placed at 80250A18 (length = DC bytes)
$Script_DisableNumbers will be placed at 80250AF4 (length = D8 bytes)
$MapTattle2 will be placed at 80250BCC (length = D4 bytes)
$NPC_Sack_AnimationEnd will be placed at 80250CA0 (length = D4 bytes)
$Script_SetMover will be placed at 80250D74 (length = D0 bytes)
$GetFloorBandit will be placed at 80250E44 (length = D0 bytes)
$Script_AddCoins_Bandit will be placed at 80250F14 (length = C8 bytes)
$GetPos will be placed at 80250FDC (length = C8 bytes)
$SkipCutscene_MoverWarpAnimation will be placed at 802510A4 (length = C4 bytes)
$Function_Init will be placed at 80251168 (length = C4 bytes)
$MoverStart will be placed at 8025122C (length = C0 bytes)
$Function_80240B78 will be placed at 802512EC (length = C0 bytes)
$String_Warning3 will be placed at 802513AC (length = C0 bytes)
$Script_ZoomIn_Camera_3 will be placed at 8025146C (length = BC bytes)
$Script_ZoomIn_Camera_2 will be placed at 80251528 (length = BC bytes)
$Script_ZoomIn_Camera will be placed at 802515E4 (length = BC bytes)
$Function_TrackInput will be placed at 802516A0 (length = BC bytes)
$String_Bandit_Defeated4 will be placed at 8025175C (length = B8 bytes)
$Script_MoverWarpAnimation will be placed at 80251814 (length = B8 bytes)
$Script_NpcAI_MoneySack will be placed at 802518CC (length = B8 bytes)
$NpcGroups will be placed at 80251984 (length = B4 bytes)
$Script_SpawnMover will be placed at 80251A38 (length = B4 bytes)
$BanditMoverStart will be placed at 80251AEC (length = B4 bytes)
$MapTattle3 will be placed at 80251BA0 (length = B0 bytes)
$Script_LoadOdds will be placed at 80251C50 (length = B0 bytes)
$Script_SetPipesPosition will be placed at 80251D00 (length = B0 bytes)
$LoadHighscores will be placed at 80251DB0 (length = B0 bytes)
$MapTattle1 will be placed at 80251E60 (length = A8 bytes)
$Script_AddCoins will be placed at 80251F08 (length = A8 bytes)
$SwitchPath will be placed at 80251FB0 (length = A4 bytes)
$Script_NPC_Sack_FX will be placed at 80252054 (length = A4 bytes)
$Tattle_Springkeeper will be placed at 802520F8 (length = A4 bytes)
$Script_ReadSign will be placed at 8025219C (length = A0 bytes)
$Script_ZoomIn_Camera_X will be placed at 8025223C (length = A0 bytes)
$String_Bandit_Defeated9 will be placed at 802522DC (length = 9C bytes)
$Script_Bandit_StartBattle will be placed at 80252378 (length = 9C bytes)
$Script_Main will be placed at 80252414 (length = 9C bytes)
$Mover_Tattle will be placed at 802524B0 (length = 94 bytes)
$String_Bandit_Defeated3 will be placed at 80252544 (length = 90 bytes)
$String_Bandit_Defeated8 will be placed at 802525D4 (length = 8C bytes)
$BanditMover_Options2 will be placed at 80252660 (length = 84 bytes)
$BanditMover_Options will be placed at 802526E4 (length = 84 bytes)
$String_Okay will be placed at 80252768 (length = 80 bytes)
$Function_TimerCurrentFloor will be placed at 802527E8 (length = 7C bytes)
$SignStringBug will be placed at 80252864 (length = 7C bytes)
$String_Rogue_CoinsGained_Success will be placed at 802528E0 (length = 78 bytes)
$Function_80240F7C will be placed at 80252958 (length = 78 bytes)
$Mover_Options will be placed at 802529D0 (length = 78 bytes)
$Script_EnemyAI will be placed at 80252A48 (length = 70 bytes)
$Function2 will be placed at 80252AB8 (length = 6C bytes)
$Function_SetAnimation will be placed at 80252B24 (length = 6C bytes)
$Function_80240FF4 will be placed at 80252B90 (length = 6C bytes)
$String_Bandit_Defeated1 will be placed at 80252BFC (length = 68 bytes)
$CommingDownPipe will be placed at 80252C64 (length = 68 bytes)
$MoverEnd will be placed at 80252CCC (length = 68 bytes)
$BanditMoverEnd will be placed at 80252D34 (length = 68 bytes)
$String_Bandit_Defeated_Partner3 will be placed at 80252D9C (length = 64 bytes)
$String_Bandit_Defeated_Partner2 will be placed at 80252E00 (length = 64 bytes)
$Function_80241194 will be placed at 80252E64 (length = 64 bytes)
$Function_GetTattle1 will be placed at 80252EC8 (length = 60 bytes)
$Function_OverwriteBattleID will be placed at 80252F28 (length = 60 bytes)
$String_Bandit_Confrontation1 will be placed at 80252F88 (length = 5C bytes)
$BanditMoverNoCoins will be placed at 80252FE4 (length = 58 bytes)
$MoverNoCoins will be placed at 8025303C (length = 58 bytes)
$String_Bandit_Defeated7 will be placed at 80253094 (length = 50 bytes)
$String_Bandit_Defeated_Partner4 will be placed at 802530E4 (length = 50 bytes)
$EntryList will be placed at 80253134 (length = 50 bytes)
$String_NoThanks will be placed at 80253184 (length = 50 bytes)
$Script_Init_BanditMover will be placed at 802531D4 (length = 4C bytes)
$GetFloorSign will be placed at 80253220 (length = 48 bytes)
$Function_Load_MapID will be placed at 80253268 (length = 48 bytes)
$GetFloorSign_Rogue will be placed at 802532B0 (length = 48 bytes)
$Script_MakeEntities will be placed at 802532F8 (length = 44 bytes)
$Function_802409A8 will be placed at 8025333C (length = 44 bytes)
$Function_LoadCoinsInToVar1 will be placed at 80253380 (length = 44 bytes)
$String_Bandit_Defeated_Partner1 will be placed at 802533C4 (length = 40 bytes)
$Header will be placed at 80253404 (length = 40 bytes)
$Function_LoadCoinsLosted will be placed at 80253444 (length = 40 bytes)
$Function_LoadMarioCoins will be placed at 80253484 (length = 40 bytes)
$Function_LoadGainedCoins will be placed at 802534C4 (length = 40 bytes)
$Function_GetTattle2 will be placed at 80253504 (length = 3C bytes)
$JumpTable_80244CC8 will be placed at 80253540 (length = 3C bytes)
$Script_Exit0 will be placed at 8025357C (length = 3C bytes)
$Script_Init_Bag will be placed at 802535B8 (length = 38 bytes)
$Script_Init_Bag_HitBox will be placed at 802535F0 (length = 38 bytes)
$String_Bandit_Confrotation_Bye will be placed at 80253628 (length = 34 bytes)
$DispawnPartner will be placed at 8025365C (length = 34 bytes)
$String_Whatever will be placed at 80253690 (length = 30 bytes)
$EnablePipeCollider will be placed at 802536C0 (length = 30 bytes)
$AISettings_MoneySack will be placed at 802536F0 (length = 30 bytes)
$String_Bandit_Defeated2 will be placed at 80253720 (length = 30 bytes)
$AISettings_Enemy will be placed at 80253750 (length = 30 bytes)
$RespawnPartner will be placed at 80253780 (length = 30 bytes)
$AISettings_DisableEnemy will be placed at 802537B0 (length = 30 bytes)
$NPC_Settings_Sack will be placed at 802537E0 (length = 2C bytes)
$NpcSettings_Generic will be placed at 8025380C (length = 2C bytes)
$NpcSettings_Enemy1 will be placed at 80253838 (length = 2C bytes)
$Function_RevivePlayer will be placed at 80253864 (length = 2C bytes)
$NpcSettings_Blank will be placed at 80253890 (length = 2C bytes)
$BlankSettings will be placed at 802538BC (length = 2C bytes)
$Script_MakeExits will be placed at 802538E8 (length = 2C bytes)
$Function_ResetEnemiesFlag will be placed at 80253914 (length = 2C bytes)
$String_List_NoYes will be placed at 80253940 (length = 28 bytes)
$Function_SaveCoinsLosted will be placed at 80253968 (length = 28 bytes)
$String_List_YesNo will be placed at 80253990 (length = 28 bytes)
$Script_Init_EnemyNPC will be placed at 802539B8 (length = 24 bytes)
$VectorList_SwitchPath will be placed at 802539DC (length = 24 bytes)
$Script_Init_Lakitu will be placed at 80253A00 (length = 24 bytes)
$Script_Init_Mover will be placed at 80253A24 (length = 24 bytes)
$String_CoinsGained will be placed at 80253A48 (length = 24 bytes)
$String_Bandit_Defeated10 will be placed at 80253A6C (length = 24 bytes)
$String_Bandit_Defeated6 will be placed at 80253A90 (length = 20 bytes)
$String_Bandit_Defeated5 will be placed at 80253AB0 (length = 20 bytes)
$Script_DisableEnemyAI will be placed at 80253AD0 (length = 20 bytes)
$TotalLevels_CurrentPlaythrough will be placed at 80253AF0 (length = 1C bytes)
$NpcGroupList_RubyCS will be placed at 80253B0C (length = 18 bytes)
$FloatTable_80242EF0 will be placed at 80253B24 (length = 18 bytes)
$SignString will be placed at 80253B3C (length = 18 bytes)
$String_Psst will be placed at 80253B54 (length = 10 bytes)
$Script_null will be placed at 80253B64 (length = 10 bytes)
$ASCII_"pt81_86_shape"_Literal will be placed at 80253B74 (length = 10 bytes)
$Function_ResetCoinsLosted will be placed at 80253B84 (length = 10 bytes)
$ASCII_"pt51_56_shape"_Literal will be placed at 80253B94 (length = 10 bytes)
$ASCII_"pt1_6_hit"_Literal will be placed at 80253BA4 (length = C bytes)
$NpcGroup7 will be placed at 80253BB0 (length = C bytes)
$NpcGroup1 will be placed at 80253BBC (length = C bytes)
$ASCII_"pt_100"_Literal will be placed at 80253BC8 (length = C bytes)
$ASCII_"dmo_00"_Literal will be placed at 80253BD4 (length = C bytes)
$ASCII_"pt1_6_shape"_Literal will be placed at 80253BE0 (length = C bytes)
$ASCII_"pt_85"_Literal will be placed at 80253BEC (length = 8 bytes)
$ASCII_"pt91_96"_Literal will be placed at 80253BF4 (length = 8 bytes)
$ASCII_"pt62_67"_Literal will be placed at 80253BFC (length = 8 bytes)
$ASCII_"pt33_38"_Literal will be placed at 80253C04 (length = 8 bytes)
$ASCII_"pt1_6"_Literal will be placed at 80253C0C (length = 8 bytes)
$ASCII_"pt_95"_Literal will be placed at 80253C14 (length = 8 bytes)
$ASCII_"pt4_9"_Literal will be placed at 80253C1C (length = 8 bytes)
$ASCII_"pt_65"_Literal will be placed at 80253C24 (length = 8 bytes)
$ASCII_"pt44_49"_Literal will be placed at 80253C2C (length = 8 bytes)
$ASCII_"pt81_86"_Literal will be placed at 80253C34 (length = 8 bytes)
$ASCII_"pt_80"_Literal will be placed at 80253C3C (length = 8 bytes)
$ASCII_"pt52_57"_Literal will be placed at 80253C44 (length = 8 bytes)
$ASCII_"pt23_28"_Literal will be placed at 80253C4C (length = 8 bytes)
$ASCII_"pt_50"_Literal will be placed at 80253C54 (length = 8 bytes)
$ASCII_"pt83_88"_Literal will be placed at 80253C5C (length = 8 bytes)
$ASCII_"pt54_59"_Literal will be placed at 80253C64 (length = 8 bytes)
$ASCII_"pt64_69"_Literal will be placed at 80253C6C (length = 8 bytes)
$ASCII_"pt72_77"_Literal will be placed at 80253C74 (length = 8 bytes)
$ASCII_"pt14_19"_Literal will be placed at 80253C7C (length = 8 bytes)
$ASCII_"pt34_39"_Literal will be placed at 80253C84 (length = 8 bytes)
$ASCII_"pt22_27"_Literal will be placed at 80253C8C (length = 8 bytes)
$ASCII_"pt21_26"_Literal will be placed at 80253C94 (length = 8 bytes)
$ASCII_"pt73_78"_Literal will be placed at 80253C9C (length = 8 bytes)
$ASCII_"pt84_89"_Literal will be placed at 80253CA4 (length = 8 bytes)
$ASCII_"pt92_97"_Literal will be placed at 80253CAC (length = 8 bytes)
$ASCII_"pt_75"_Literal will be placed at 80253CB4 (length = 8 bytes)
$ASCII_"pt53_58"_Literal will be placed at 80253CBC (length = 8 bytes)
$ASCII_"pt41_46"_Literal will be placed at 80253CC4 (length = 8 bytes)
$ASCII_"pt61_66"_Literal will be placed at 80253CCC (length = 8 bytes)
$ASCII_"pt32_37"_Literal will be placed at 80253CD4 (length = 8 bytes)
$ASCII_"pt_15"_Literal will be placed at 80253CDC (length = 8 bytes)
$ASCII_"pt11_16"_Literal will be placed at 80253CE4 (length = 8 bytes)
$ASCII_"pt_00"_Literal will be placed at 80253CEC (length = 8 bytes)
$ASCII_"pt74_79"_Literal will be placed at 80253CF4 (length = 8 bytes)
$ASCII_"pt_25"_Literal will be placed at 80253CFC (length = 8 bytes)
$ASCII_"pt_35"_Literal will be placed at 80253D04 (length = 8 bytes)
$ASCII_"pt71_76"_Literal will be placed at 80253D0C (length = 8 bytes)
$ASCII_"pt42_47"_Literal will be placed at 80253D14 (length = 8 bytes)
$ASCII_"pt13_18"_Literal will be placed at 80253D1C (length = 8 bytes)
$ASCII_"pt_05"_Literal will be placed at 80253D24 (length = 8 bytes)
$ASCII_"pt93_98"_Literal will be placed at 80253D2C (length = 8 bytes)
$ASCII_"pt43_48"_Literal will be placed at 80253D34 (length = 8 bytes)
$ASCII_"pt51_56"_Literal will be placed at 80253D3C (length = 8 bytes)
$ASCII_"pt_55"_Literal will be placed at 80253D44 (length = 8 bytes)
$ASCII_"pt2_7"_Literal will be placed at 80253D4C (length = 8 bytes)
$ASCII_"pt12_17"_Literal will be placed at 80253D54 (length = 8 bytes)
$ASCII_"pt3_8"_Literal will be placed at 80253D5C (length = 8 bytes)
$ASCII_"pt_10"_Literal will be placed at 80253D64 (length = 8 bytes)
$ASCII_"tik_tex"_Literal will be placed at 80253D6C (length = 8 bytes)
$ASCII_"pt31_36"_Literal will be placed at 80253D74 (length = 8 bytes)
$ConstDouble_80244CC0 will be placed at 80253D80 (length = 8 bytes)
$ASCII_"pt63_68"_Literal will be placed at 80253D88 (length = 8 bytes)
$ASCII_"pt94_99"_Literal will be placed at 80253D90 (length = 8 bytes)
$ASCII_"pt82_87"_Literal will be placed at 80253D98 (length = 8 bytes)
$ConstDouble_80244CB8 will be placed at 80253DA0 (length = 8 bytes)
$ASCII_"pt_45"_Literal will be placed at 80253DA8 (length = 8 bytes)
$ASCII_"pt24_29"_Literal will be placed at 80253DB0 (length = 8 bytes)
$ConstDouble_80244CB0 will be placed at 80253DB8 (length = 8 bytes)
$MoverCancel will be placed at 80253D7C (length = 4 bytes)
$BanditMoverCancel will be placed at 80253DC0 (length = 4 bytes)
$CloseDialogBubble will be placed at 80253DC4 (length = 4 bytes)
Executing patch: pt33_38.mpat
Creating struct: $DeepestLevel
Creating struct: $TotalLevels_Sign
Creating struct: $TotalLevels_CurrentPlaythrough
Creating struct: $LoadHighscores
Creating struct: $FallingDownPipe
Creating struct: $Function_GetPos
Creating struct: $Function2
Creating struct: $SetSpawns
Creating struct: $Script_Set_Formation
Creating struct: $Function_OverwriteBattleID
Creating struct: $Script_SetMover
Creating struct: $Script_MapID_Converter
Creating struct: $Script_LoadOdds
Creating struct: $Script_LoadMoverType
Creating struct: $Script_SpawnMover
Creating struct: $Script_SetNPCPos
Creating struct: $Function_Load_MapID
Creating struct: $SwitchPath
Creating struct: $VectorList_SwitchPath
Creating struct: $GetPos
Creating struct: $DispawnPartner
Creating struct: $RespawnPartner
Creating struct: $LoadMap
Creating struct: $GetFloor
Creating struct: $LoadMapBandit
Creating struct: $GetFloorBandit
Creating struct: $SetSpawnsSpecial
Creating struct: $Script_SetMover_Special
Creating struct: $Script_SpawnMover_Special
Creating struct: $Script_Set_SpecialFormation
Creating struct: $Function_LoadCoinsInToVar1
Creating struct: $Script_SetSpawnPosition
Creating struct: $Script_Init_EnemyNPC
Creating struct: $Script_Init_Lakitu
Creating struct: $Script_TrackOutcome
Creating struct: $Script_LakituOutcome
Creating struct: $Script_FloorEnemy_Idle
Creating struct: $Script_Rogue_GiveTotalCoins
Creating struct: $Script_SetEnemyIdle
Creating struct: $Script_AddCoins
Creating struct: $NPC_Settings_Sack
Creating struct: $Script_Init_Bag
Creating struct: $Script_Init_Bag_HitBox
Creating struct: $Script_NPC_SackHit_Init
Creating struct: $Script_NPC_Sack_FX
Creating struct: $NPC_Sack_AnimationStart
Creating struct: $NPC_Sack_AnimationEnd
Creating struct: $Script_SackAnimation_SackAppears_100
Creating struct: $Script_SackAnimation_Start_GoToTheRight
Creating struct: $Script_SackAnimation_Start_GoToTheLeft
Creating struct: $Script_SackAnimation_End_Right
Creating struct: $Script_SackAnimation_End_Left
Creating struct: $Function_LoadMarioCoins
Creating struct: $Function_LoadCoinsLosted
Creating struct: $Function_SaveCoinsLosted
Creating struct: $Function_ResetCoinsLosted
Creating struct: $Function_LoadGainedCoins
Creating struct: $Function_RevivePlayer
Creating struct: $AISettings_MoneySack
Creating struct: $Script_NpcAI_MoneySack
Creating struct: $JumpTable_80242448
Creating struct: $Function_NpcAI_MoneySack
Creating struct: $Function_80240260
Creating struct: $Function_80240844
Creating struct: $Function_802409A8
Creating struct: $Script_TrackPlayer
Creating struct: $Script_PipeAnimation
Creating struct: $Function_SetAnimation
Creating struct: $Function_GetColliderPos
Creating struct: $Function_TrackInput
Creating struct: $GoToNextLevel
Creating struct: $GetFloorSign
Creating struct: $GetFloorSign_Rogue
Creating struct: $Function_GetTattle1
Creating struct: $Function_GetTattle2
Creating struct: $Script_ReadSign
Creating struct: $NpcSettings_Blank
Creating struct: $NpcGroup_Spring1
Creating struct: $NpcGroup_Spring2
Creating struct: $NpcGroup_Spring3
Creating struct: $NpcGroup_Spring4
Creating struct: $NpcGroup_Spring5
Creating struct: $NpcGroup_Spring6
Creating struct: $NpcGroup_Spring7
Creating struct: $NpcGroup_Spring8
Creating struct: $NpcGroup_Spring9
Creating struct: $NpcGroup_Spring10
Creating struct: $Header
Creating struct: $Script_Main2_Wait
Creating struct: $Script_Main2_Exec
Creating struct: $Script_TrackEvents
Creating struct: $Script_Cutscene_Event
Creating struct: $SkipCutscene_Event
Creating struct: $Script_ZoomIn_Camera_X
Creating struct: $Script_Cutscene_Ruby_Init
Creating struct: $Script_Cutscene_Ruby2
Creating struct: $NpcGroupList_RubyCS
Creating struct: $NpcGroup_RubyCS
Creating struct: $NpcSettings_Generic
Creating struct: $Script_null
Creating struct: $Script_SpawnNPCs
Creating struct: $Function_ResetEnemiesFlag
Creating struct: $EntryList
Creating struct: $Function_Init
Creating struct: $NpcGroup_Mover
Creating struct: $BlankSettings
Creating struct: $Script_Init_Mover
Creating struct: $Interact_Mover
Creating struct: $Script_MoverWarpAnimation
Creating struct: $SkipCutscene_MoverWarpAnimation
Creating struct: $NpcGroup_BanditMover
Creating struct: $Script_Init_BanditMover
Creating struct: $Script_Bandit_StartBattle
Creating struct: $Interact_BanditMover
Creating struct: $Script_Warning_Mario
Creating struct: $Script_NoThanks_Bandit
Creating struct: $Script_ZoomIn_Camera
Creating struct: $Script_ZoomIn_Camera_2
Creating struct: $Script_ZoomIn_Camera_3
Creating struct: $NpcGroup_MoneyBag
Creating struct: $Script_SetPipesPosition
Creating struct: $Script_DisableNumbers
Creating struct: $Script_SetFloorNumbers
Creating struct: $Script_CheckBanditStatus1
Creating struct: $Script_Cutscene_BanditStatus1
Creating struct: $Script_CheckBanditStatus2
Creating struct: $Script_TrackOutcome_Bandit
Creating struct: $Script_Cutscene_BanditDefeated
Creating struct: $SkipCutscene_BanditDefeated
Creating struct: $Script_AddCoins_Bandit
Creating struct: $Function_LoadPath
Creating struct: $Script_ClosePartnerDialog
Creating struct: $PipeSpawning
Creating struct: $EnablePipeCollider
Creating struct: $Script_MakeEntities
Creating struct: $CommingDownPipe
Creating struct: $Function_TimerCurrentFloor
Creating struct: $Script_MakeExits
Creating struct: $Script_Exit0
Creating struct: $Script_Main
Creating struct: $NpcGroups
Creating struct: $NpcGroup1
Creating struct: $NpcGroup7
Creating struct: $NpcGroup_Enemy1
Creating struct: $NpcSettings_Enemy1
Creating struct: $Script_EnemyAI
Creating struct: $AISettings_Enemy
Creating struct: $ConstDouble_80244CB0
Creating struct: $ConstDouble_80244CB8
Creating struct: $ConstDouble_80244CC0
Creating struct: $FloatTable_80242EF0
Creating struct: $JumpTable_80244CC8
Creating struct: $Function_802416AC
Creating struct: $Function_80241588
Creating struct: $Function_802403A0
Creating struct: $Function_80240550
Creating struct: $Function_80240B78
Creating struct: $Function_80240C38
Creating struct: $Function_80240F7C
Creating struct: $Function_80240FF4
Creating struct: $Function_80241060
Creating struct: $Function_80241194
Creating struct: $Function_802411F8
Creating struct: $Script_DisableEnemyAI
Creating struct: $AISettings_DisableEnemy
Merged 1 regions to 1
$Script_SetFloorNumbers will be placed at 80240000 (length = 128C bytes)
$NpcGroup_RubyCS will be placed at 8024128C (length = 1170 bytes)
$LoadMap will be placed at 802423FC (length = C04 bytes)
$LoadMapBandit will be placed at 80243000 (length = B80 bytes)
$GoToNextLevel will be placed at 80243B80 (length = B10 bytes)
$Script_Cutscene_BanditDefeated will be placed at 80244690 (length = B08 bytes)
$Script_SetEnemyIdle will be placed at 80245198 (length = 674 bytes)
$Function_80240550 will be placed at 8024580C (length = 624 bytes)
$Script_MapID_Converter will be placed at 80245E30 (length = 60C bytes)
$Script_Warning_Mario will be placed at 8024643C (length = 608 bytes)
$Function_80240260 will be placed at 80246A44 (length = 5E4 bytes)
$Script_SetNPCPos will be placed at 80247028 (length = 4D0 bytes)
$Script_Cutscene_Ruby_Init will be placed at 802474F8 (length = 490 bytes)
$FallingDownPipe will be placed at 80247988 (length = 418 bytes)
$Script_TrackEvents will be placed at 80247DA0 (length = 410 bytes)
$NpcGroup_MoneyBag will be placed at 802481B0 (length = 3E0 bytes)
$Interact_BanditMover will be placed at 80248590 (length = 3D8 bytes)
$Script_CheckBanditStatus2 will be placed at 80248968 (length = 3D8 bytes)
$SkipCutscene_BanditDefeated will be placed at 80248D40 (length = 3D8 bytes)
$Interact_Mover will be placed at 80249118 (length = 3CC bytes)
$Script_Set_SpecialFormation will be placed at 802494E4 (length = 3B4 bytes)
$Function_802411F8 will be placed at 80249898 (length = 390 bytes)
$Script_FloorEnemy_Idle will be placed at 80249C28 (length = 388 bytes)
$Function_80240C38 will be placed at 80249FB0 (length = 344 bytes)
$Script_TrackOutcome_Bandit will be placed at 8024A2F4 (length = 330 bytes)
$Script_LakituOutcome will be placed at 8024A624 (length = 30C bytes)
$Script_Rogue_GiveTotalCoins will be placed at 8024A930 (length = 2FC bytes)
$Script_Set_Formation will be placed at 8024AC2C (length = 2D4 bytes)
$PipeSpawning will be placed at 8024AF00 (length = 2A0 bytes)
$Script_TrackOutcome will be placed at 8024B1A0 (length = 288 bytes)
$Script_Cutscene_Ruby2 will be placed at 8024B428 (length = 258 bytes)
$Function_NpcAI_MoneySack will be placed at 8024B680 (length = 238 bytes)
$Script_SackAnimation_Start_GoToTheRight will be placed at 8024B8B8 (length = 230 bytes)
$Script_SetSpawnPosition will be placed at 8024BAE8 (length = 228 bytes)
$Script_Main2_Exec will be placed at 8024BD10 (length = 228 bytes)
$Script_Cutscene_BanditStatus1 will be placed at 8024BF38 (length = 21C bytes)
$Script_LoadMoverType will be placed at 8024C154 (length = 214 bytes)
$Script_NoThanks_Bandit will be placed at 8024C368 (length = 210 bytes)
$Script_SackAnimation_Start_GoToTheLeft will be placed at 8024C578 (length = 1F8 bytes)
$NpcGroup_Spring10 will be placed at 8024C770 (length = 1F0 bytes)
$NpcGroup_Enemy1 will be placed at 8024C960 (length = 1F0 bytes)
$NpcGroup_Spring1 will be placed at 8024CB50 (length = 1F0 bytes)
$NpcGroup_Spring2 will be placed at 8024CD40 (length = 1F0 bytes)
$NpcGroup_Spring3 will be placed at 8024CF30 (length = 1F0 bytes)
$NpcGroup_Spring4 will be placed at 8024D120 (length = 1F0 bytes)
$NpcGroup_Spring5 will be placed at 8024D310 (length = 1F0 bytes)
$NpcGroup_Spring6 will be placed at 8024D500 (length = 1F0 bytes)
$NpcGroup_Spring7 will be placed at 8024D6F0 (length = 1F0 bytes)
$NpcGroup_Spring8 will be placed at 8024D8E0 (length = 1F0 bytes)
$NpcGroup_Spring9 will be placed at 8024DAD0 (length = 1F0 bytes)
$NpcGroup_Mover will be placed at 8024DCC0 (length = 1F0 bytes)
$NpcGroup_BanditMover will be placed at 8024DEB0 (length = 1F0 bytes)
$Function_802416AC will be placed at 8024E0A0 (length = 1EC bytes)
$Script_PipeAnimation will be placed at 8024E28C (length = 1C4 bytes)
$Function_802403A0 will be placed at 8024E450 (length = 1B0 bytes)
$Script_Cutscene_Event will be placed at 8024E600 (length = 198 bytes)
$Script_NPC_SackHit_Init will be placed at 8024E798 (length = 198 bytes)
$Script_ClosePartnerDialog will be placed at 8024E930 (length = 194 bytes)
$JumpTable_80242448 will be placed at 8024EAC4 (length = 190 bytes)
$SkipCutscene_Event will be placed at 8024EC54 (length = 188 bytes)
$Script_SpawnNPCs will be placed at 8024EDDC (length = 174 bytes)
$NPC_Sack_AnimationStart will be placed at 8024EF50 (length = 168 bytes)
$Function_80240844 will be placed at 8024F0B8 (length = 164 bytes)
$Script_SackAnimation_End_Right will be placed at 8024F21C (length = 158 bytes)
$Script_SackAnimation_End_Left will be placed at 8024F374 (length = 150 bytes)
$Script_TrackPlayer will be placed at 8024F4C4 (length = 144 bytes)
$Script_CheckBanditStatus1 will be placed at 8024F608 (length = 13C bytes)
$MapTattle5 will be placed at 8024F744 (length = 13C bytes)
$Function_80241060 will be placed at 8024F880 (length = 134 bytes)
$MapTattle4 will be placed at 8024F9B4 (length = 130 bytes)
$Function_80241588 will be placed at 8024FAE4 (length = 124 bytes)
$BanditMover_Tattle will be placed at 8024FC08 (length = 11C bytes)
$Function_LoadPath will be placed at 8024FD24 (length = 114 bytes)
$Script_SackAnimation_SackAppears_100 will be placed at 8024FE38 (length = 100 bytes)
$String_Partner_Event_1 will be placed at 8024FF38 (length = FC bytes)
$Script_Main2_Wait will be placed at 80250034 (length = F4 bytes)
$String_Warning2 will be placed at 80250128 (length = F0 bytes)
$Script_SetMover_Special will be placed at 80250218 (length = EC bytes)
$SetSpawnsSpecial will be placed at 80250304 (length = E8 bytes)
$SetSpawns will be placed at 802503EC (length = E8 bytes)
$String_Warning1 will be placed at 802504D4 (length = E8 bytes)
$DeepestLevel will be placed at 802505BC (length = E4 bytes)
$Function_GetColliderPos will be placed at 802506A0 (length = E0 bytes)
$Function_GetPos will be placed at 80250780 (length = E0 bytes)
$TotalLevels_Sign will be placed at 80250860 (length = DC bytes)
$Script_SpawnMover_Special will be placed at 8025093C (length = DC bytes)
$GetFloor will be placed at 80250A18 (length = DC bytes)
$Script_DisableNumbers will be placed at 80250AF4 (length = D8 bytes)
$MapTattle2 will be placed at 80250BCC (length = D4 bytes)
$NPC_Sack_AnimationEnd will be placed at 80250CA0 (length = D4 bytes)
$Script_SetMover will be placed at 80250D74 (length = D0 bytes)
$GetFloorBandit will be placed at 80250E44 (length = D0 bytes)
$Script_AddCoins_Bandit will be placed at 80250F14 (length = C8 bytes)
$GetPos will be placed at 80250FDC (length = C8 bytes)
$SkipCutscene_MoverWarpAnimation will be placed at 802510A4 (length = C4 bytes)
$Function_Init will be placed at 80251168 (length = C4 bytes)
$MoverStart will be placed at 8025122C (length = C0 bytes)
$Function_80240B78 will be placed at 802512EC (length = C0 bytes)
$String_Warning3 will be placed at 802513AC (length = C0 bytes)
$Script_ZoomIn_Camera_3 will be placed at 8025146C (length = BC bytes)
$Script_ZoomIn_Camera_2 will be placed at 80251528 (length = BC bytes)
$Script_ZoomIn_Camera will be placed at 802515E4 (length = BC bytes)
$Function_TrackInput will be placed at 802516A0 (length = BC bytes)
$String_Bandit_Defeated4 will be placed at 8025175C (length = B8 bytes)
$Script_MoverWarpAnimation will be placed at 80251814 (length = B8 bytes)
$Script_NpcAI_MoneySack will be placed at 802518CC (length = B8 bytes)
$NpcGroups will be placed at 80251984 (length = B4 bytes)
$Script_SpawnMover will be placed at 80251A38 (length = B4 bytes)
$BanditMoverStart will be placed at 80251AEC (length = B4 bytes)
$MapTattle3 will be placed at 80251BA0 (length = B0 bytes)
$Script_LoadOdds will be placed at 80251C50 (length = B0 bytes)
$Script_SetPipesPosition will be placed at 80251D00 (length = B0 bytes)
$LoadHighscores will be placed at 80251DB0 (length = B0 bytes)
$MapTattle1 will be placed at 80251E60 (length = A8 bytes)
$Script_AddCoins will be placed at 80251F08 (length = A8 bytes)
$SwitchPath will be placed at 80251FB0 (length = A4 bytes)
$Script_NPC_Sack_FX will be placed at 80252054 (length = A4 bytes)
$Tattle_Springkeeper will be placed at 802520F8 (length = A4 bytes)
$Script_ReadSign will be placed at 8025219C (length = A0 bytes)
$Script_ZoomIn_Camera_X will be placed at 8025223C (length = A0 bytes)
$String_Bandit_Defeated9 will be placed at 802522DC (length = 9C bytes)
$Script_Bandit_StartBattle will be placed at 80252378 (length = 9C bytes)
$Script_Main will be placed at 80252414 (length = 9C bytes)
$Mover_Tattle will be placed at 802524B0 (length = 94 bytes)
$String_Bandit_Defeated3 will be placed at 80252544 (length = 90 bytes)
$String_Bandit_Defeated8 will be placed at 802525D4 (length = 8C bytes)
$BanditMover_Options2 will be placed at 80252660 (length = 84 bytes)
$BanditMover_Options will be placed at 802526E4 (length = 84 bytes)
$String_Okay will be placed at 80252768 (length = 80 bytes)
$Function_TimerCurrentFloor will be placed at 802527E8 (length = 7C bytes)
$SignStringBug will be placed at 80252864 (length = 7C bytes)
$String_Rogue_CoinsGained_Success will be placed at 802528E0 (length = 78 bytes)
$Function_80240F7C will be placed at 80252958 (length = 78 bytes)
$Mover_Options will be placed at 802529D0 (length = 78 bytes)
$Script_EnemyAI will be placed at 80252A48 (length = 70 bytes)
$Function2 will be placed at 80252AB8 (length = 6C bytes)
$Function_SetAnimation will be placed at 80252B24 (length = 6C bytes)
$Function_80240FF4 will be placed at 80252B90 (length = 6C bytes)
$String_Bandit_Defeated1 will be placed at 80252BFC (length = 68 bytes)
$CommingDownPipe will be placed at 80252C64 (length = 68 bytes)
$MoverEnd will be placed at 80252CCC (length = 68 bytes)
$BanditMoverEnd will be placed at 80252D34 (length = 68 bytes)
$String_Bandit_Defeated_Partner3 will be placed at 80252D9C (length = 64 bytes)
$String_Bandit_Defeated_Partner2 will be placed at 80252E00 (length = 64 bytes)
$Function_80241194 will be placed at 80252E64 (length = 64 bytes)
$Function_GetTattle1 will be placed at 80252EC8 (length = 60 bytes)
$Function_OverwriteBattleID will be placed at 80252F28 (length = 60 bytes)
$String_Bandit_Confrontation1 will be placed at 80252F88 (length = 5C bytes)
$BanditMoverNoCoins will be placed at 80252FE4 (length = 58 bytes)
$MoverNoCoins will be placed at 8025303C (length = 58 bytes)
$String_Bandit_Defeated7 will be placed at 80253094 (length = 50 bytes)
$String_Bandit_Defeated_Partner4 will be placed at 802530E4 (length = 50 bytes)
$EntryList will be placed at 80253134 (length = 50 bytes)
$String_NoThanks will be placed at 80253184 (length = 50 bytes)
$Script_Init_BanditMover will be placed at 802531D4 (length = 4C bytes)
$GetFloorSign will be placed at 80253220 (length = 48 bytes)
$Function_Load_MapID will be placed at 80253268 (length = 48 bytes)
$GetFloorSign_Rogue will be placed at 802532B0 (length = 48 bytes)
$Script_MakeEntities will be placed at 802532F8 (length = 44 bytes)
$Function_802409A8 will be placed at 8025333C (length = 44 bytes)
$Function_LoadCoinsInToVar1 will be placed at 80253380 (length = 44 bytes)
$String_Bandit_Defeated_Partner1 will be placed at 802533C4 (length = 40 bytes)
$Header will be placed at 80253404 (length = 40 bytes)
$Function_LoadCoinsLosted will be placed at 80253444 (length = 40 bytes)
$Function_LoadMarioCoins will be placed at 80253484 (length = 40 bytes)
$Function_LoadGainedCoins will be placed at 802534C4 (length = 40 bytes)
$Function_GetTattle2 will be placed at 80253504 (length = 3C bytes)
$JumpTable_80244CC8 will be placed at 80253540 (length = 3C bytes)
$Script_Exit0 will be placed at 8025357C (length = 3C bytes)
$Script_Init_Bag will be placed at 802535B8 (length = 38 bytes)
$Script_Init_Bag_HitBox will be placed at 802535F0 (length = 38 bytes)
$String_Bandit_Confrotation_Bye will be placed at 80253628 (length = 34 bytes)
$DispawnPartner will be placed at 8025365C (length = 34 bytes)
$String_Whatever will be placed at 80253690 (length = 30 bytes)
$EnablePipeCollider will be placed at 802536C0 (length = 30 bytes)
$AISettings_MoneySack will be placed at 802536F0 (length = 30 bytes)
$String_Bandit_Defeated2 will be placed at 80253720 (length = 30 bytes)
$AISettings_Enemy will be placed at 80253750 (length = 30 bytes)
$RespawnPartner will be placed at 80253780 (length = 30 bytes)
$AISettings_DisableEnemy will be placed at 802537B0 (length = 30 bytes)
$NPC_Settings_Sack will be placed at 802537E0 (length = 2C bytes)
$NpcSettings_Generic will be placed at 8025380C (length = 2C bytes)
$NpcSettings_Enemy1 will be placed at 80253838 (length = 2C bytes)
$Function_RevivePlayer will be placed at 80253864 (length = 2C bytes)
$NpcSettings_Blank will be placed at 80253890 (length = 2C bytes)
$BlankSettings will be placed at 802538BC (length = 2C bytes)
$Script_MakeExits will be placed at 802538E8 (length = 2C bytes)
$Function_ResetEnemiesFlag will be placed at 80253914 (length = 2C bytes)
$String_List_NoYes will be placed at 80253940 (length = 28 bytes)
$Function_SaveCoinsLosted will be placed at 80253968 (length = 28 bytes)
$String_List_YesNo will be placed at 80253990 (length = 28 bytes)
$Script_Init_EnemyNPC will be placed at 802539B8 (length = 24 bytes)
$VectorList_SwitchPath will be placed at 802539DC (length = 24 bytes)
$Script_Init_Lakitu will be placed at 80253A00 (length = 24 bytes)
$Script_Init_Mover will be placed at 80253A24 (length = 24 bytes)
$String_CoinsGained will be placed at 80253A48 (length = 24 bytes)
$String_Bandit_Defeated10 will be placed at 80253A6C (length = 24 bytes)
$String_Bandit_Defeated6 will be placed at 80253A90 (length = 20 bytes)
$String_Bandit_Defeated5 will be placed at 80253AB0 (length = 20 bytes)
$Script_DisableEnemyAI will be placed at 80253AD0 (length = 20 bytes)
$TotalLevels_CurrentPlaythrough will be placed at 80253AF0 (length = 1C bytes)
$NpcGroupList_RubyCS will be placed at 80253B0C (length = 18 bytes)
$FloatTable_80242EF0 will be placed at 80253B24 (length = 18 bytes)
$SignString will be placed at 80253B3C (length = 18 bytes)
$String_Psst will be placed at 80253B54 (length = 10 bytes)
$Script_null will be placed at 80253B64 (length = 10 bytes)
$ASCII_"pt81_86_shape"_Literal will be placed at 80253B74 (length = 10 bytes)
$Function_ResetCoinsLosted will be placed at 80253B84 (length = 10 bytes)
$ASCII_"pt51_56_shape"_Literal will be placed at 80253B94 (length = 10 bytes)
$ASCII_"pt1_6_hit"_Literal will be placed at 80253BA4 (length = C bytes)
$NpcGroup7 will be placed at 80253BB0 (length = C bytes)
$NpcGroup1 will be placed at 80253BBC (length = C bytes)
$ASCII_"pt_100"_Literal will be placed at 80253BC8 (length = C bytes)
$ASCII_"dmo_00"_Literal will be placed at 80253BD4 (length = C bytes)
$ASCII_"pt1_6_shape"_Literal will be placed at 80253BE0 (length = C bytes)
$ASCII_"pt_85"_Literal will be placed at 80253BEC (length = 8 bytes)
$ASCII_"pt91_96"_Literal will be placed at 80253BF4 (length = 8 bytes)
$ASCII_"pt62_67"_Literal will be placed at 80253BFC (length = 8 bytes)
$ASCII_"pt33_38"_Literal will be placed at 80253C04 (length = 8 bytes)
$ASCII_"pt1_6"_Literal will be placed at 80253C0C (length = 8 bytes)
$ASCII_"pt_95"_Literal will be placed at 80253C14 (length = 8 bytes)
$ASCII_"pt4_9"_Literal will be placed at 80253C1C (length = 8 bytes)
$ASCII_"pt_65"_Literal will be placed at 80253C24 (length = 8 bytes)
$ASCII_"pt44_49"_Literal will be placed at 80253C2C (length = 8 bytes)
$ASCII_"pt81_86"_Literal will be placed at 80253C34 (length = 8 bytes)
$ASCII_"pt_80"_Literal will be placed at 80253C3C (length = 8 bytes)
$ASCII_"pt52_57"_Literal will be placed at 80253C44 (length = 8 bytes)
$ASCII_"pt23_28"_Literal will be placed at 80253C4C (length = 8 bytes)
$ASCII_"pt_50"_Literal will be placed at 80253C54 (length = 8 bytes)
$ASCII_"pt83_88"_Literal will be placed at 80253C5C (length = 8 bytes)
$ASCII_"pt54_59"_Literal will be placed at 80253C64 (length = 8 bytes)
$ASCII_"pt64_69"_Literal will be placed at 80253C6C (length = 8 bytes)
$ASCII_"pt72_77"_Literal will be placed at 80253C74 (length = 8 bytes)
$ASCII_"pt14_19"_Literal will be placed at 80253C7C (length = 8 bytes)
$ASCII_"pt34_39"_Literal will be placed at 80253C84 (length = 8 bytes)
$ASCII_"pt22_27"_Literal will be placed at 80253C8C (length = 8 bytes)
$ASCII_"pt21_26"_Literal will be placed at 80253C94 (length = 8 bytes)
$ASCII_"pt73_78"_Literal will be placed at 80253C9C (length = 8 bytes)
$ASCII_"pt84_89"_Literal will be placed at 80253CA4 (length = 8 bytes)
$ASCII_"pt92_97"_Literal will be placed at 80253CAC (length = 8 bytes)
$ASCII_"pt_75"_Literal will be placed at 80253CB4 (length = 8 bytes)
$ASCII_"pt53_58"_Literal will be placed at 80253CBC (length = 8 bytes)
$ASCII_"pt41_46"_Literal will be placed at 80253CC4 (length = 8 bytes)
$ASCII_"pt61_66"_Literal will be placed at 80253CCC (length = 8 bytes)
$ASCII_"pt32_37"_Literal will be placed at 80253CD4 (length = 8 bytes)
$ASCII_"pt_15"_Literal will be placed at 80253CDC (length = 8 bytes)
$ASCII_"pt11_16"_Literal will be placed at 80253CE4 (length = 8 bytes)
$ASCII_"pt_00"_Literal will be placed at 80253CEC (length = 8 bytes)
$ASCII_"pt74_79"_Literal will be placed at 80253CF4 (length = 8 bytes)
$ASCII_"pt_25"_Literal will be placed at 80253CFC (length = 8 bytes)
$ASCII_"pt_35"_Literal will be placed at 80253D04 (length = 8 bytes)
$ASCII_"pt71_76"_Literal will be placed at 80253D0C (length = 8 bytes)
$ASCII_"pt42_47"_Literal will be placed at 80253D14 (length = 8 bytes)
$ASCII_"pt13_18"_Literal will be placed at 80253D1C (length = 8 bytes)
$ASCII_"pt_05"_Literal will be placed at 80253D24 (length = 8 bytes)
$ASCII_"pt93_98"_Literal will be placed at 80253D2C (length = 8 bytes)
$ASCII_"pt43_48"_Literal will be placed at 80253D34 (length = 8 bytes)
$ASCII_"pt51_56"_Literal will be placed at 80253D3C (length = 8 bytes)
$ASCII_"pt_55"_Literal will be placed at 80253D44 (length = 8 bytes)
$ASCII_"pt2_7"_Literal will be placed at 80253D4C (length = 8 bytes)
$ASCII_"pt12_17"_Literal will be placed at 80253D54 (length = 8 bytes)
$ASCII_"pt3_8"_Literal will be placed at 80253D5C (length = 8 bytes)
$ASCII_"pt_10"_Literal will be placed at 80253D64 (length = 8 bytes)
$ASCII_"tik_tex"_Literal will be placed at 80253D6C (length = 8 bytes)
$ASCII_"pt31_36"_Literal will be placed at 80253D74 (length = 8 bytes)
$ConstDouble_80244CC0 will be placed at 80253D80 (length = 8 bytes)
$ASCII_"pt63_68"_Literal will be placed at 80253D88 (length = 8 bytes)
$ASCII_"pt94_99"_Literal will be placed at 80253D90 (length = 8 bytes)
$ASCII_"pt82_87"_Literal will be placed at 80253D98 (length = 8 bytes)
$ConstDouble_80244CB8 will be placed at 80253DA0 (length = 8 bytes)
$ASCII_"pt_45"_Literal will be placed at 80253DA8 (length = 8 bytes)
$ASCII_"pt24_29"_Literal will be placed at 80253DB0 (length = 8 bytes)
$ConstDouble_80244CB0 will be placed at 80253DB8 (length = 8 bytes)
$MoverCancel will be placed at 80253D7C (length = 4 bytes)
$BanditMoverCancel will be placed at 80253DC0 (length = 4 bytes)
$CloseDialogBubble will be placed at 80253DC4 (length = 4 bytes)
Executing patch: pt34_39.mpat
Creating struct: $DeepestLevel
Creating struct: $TotalLevels_Sign
Creating struct: $TotalLevels_CurrentPlaythrough
Creating struct: $LoadHighscores
Creating struct: $FallingDownPipe
Creating struct: $Function_GetPos
Creating struct: $Function2
Creating struct: $SetSpawns
Creating struct: $Script_Set_Formation
Creating struct: $Function_OverwriteBattleID
Creating struct: $Script_SetMover
Creating struct: $Script_MapID_Converter
Creating struct: $Script_LoadOdds
Creating struct: $Script_LoadMoverType
Creating struct: $Script_SpawnMover
Creating struct: $Script_SetNPCPos
Creating struct: $Function_Load_MapID
Creating struct: $SwitchPath
Creating struct: $VectorList_SwitchPath
Creating struct: $GetPos
Creating struct: $DispawnPartner
Creating struct: $RespawnPartner
Creating struct: $LoadMap
Creating struct: $GetFloor
Creating struct: $LoadMapBandit
Creating struct: $GetFloorBandit
Creating struct: $SetSpawnsSpecial
Creating struct: $Script_SetMover_Special
Creating struct: $Script_SpawnMover_Special
Creating struct: $Script_Set_SpecialFormation
Creating struct: $Function_LoadCoinsInToVar1
Creating struct: $Script_SetSpawnPosition
Creating struct: $Script_Init_EnemyNPC
Creating struct: $Script_Init_Lakitu
Creating struct: $Script_TrackOutcome
Creating struct: $Script_LakituOutcome
Creating struct: $Script_FloorEnemy_Idle
Creating struct: $Script_Rogue_GiveTotalCoins
Creating struct: $Script_SetEnemyIdle
Creating struct: $Script_AddCoins
Creating struct: $NPC_Settings_Sack
Creating struct: $Script_Init_Bag
Creating struct: $Script_Init_Bag_HitBox
Creating struct: $Script_NPC_SackHit_Init
Creating struct: $Script_NPC_Sack_FX
Creating struct: $NPC_Sack_AnimationStart
Creating struct: $NPC_Sack_AnimationEnd
Creating struct: $Script_SackAnimation_SackAppears_100
Creating struct: $Script_SackAnimation_Start_GoToTheRight
Creating struct: $Script_SackAnimation_Start_GoToTheLeft
Creating struct: $Script_SackAnimation_End_Right
Creating struct: $Script_SackAnimation_End_Left
Creating struct: $Function_LoadMarioCoins
Creating struct: $Function_LoadCoinsLosted
Creating struct: $Function_SaveCoinsLosted
Creating struct: $Function_ResetCoinsLosted
Creating struct: $Function_LoadGainedCoins
Creating struct: $Function_RevivePlayer
Creating struct: $AISettings_MoneySack
Creating struct: $Script_NpcAI_MoneySack
Creating struct: $JumpTable_80242448
Creating struct: $Function_NpcAI_MoneySack
Creating struct: $Function_80240260
Creating struct: $Function_80240844
Creating struct: $Function_802409A8
Creating struct: $Script_TrackPlayer
Creating struct: $Script_PipeAnimation
Creating struct: $Function_SetAnimation
Creating struct: $Function_GetColliderPos
Creating struct: $Function_TrackInput
Creating struct: $GoToNextLevel
Creating struct: $GetFloorSign
Creating struct: $GetFloorSign_Rogue
Creating struct: $Function_GetTattle1
Creating struct: $Function_GetTattle2
Creating struct: $Script_ReadSign
Creating struct: $NpcSettings_Blank
Creating struct: $NpcGroup_Spring1
Creating struct: $NpcGroup_Spring2
Creating struct: $NpcGroup_Spring3
Creating struct: $NpcGroup_Spring4
Creating struct: $NpcGroup_Spring5
Creating struct: $NpcGroup_Spring6
Creating struct: $NpcGroup_Spring7
Creating struct: $NpcGroup_Spring8
Creating struct: $NpcGroup_Spring9
Creating struct: $NpcGroup_Spring10
Creating struct: $Header
Creating struct: $Script_Main2_Wait
Creating struct: $Script_Main2_Exec
Creating struct: $Script_TrackEvents
Creating struct: $Script_Cutscene_Event
Creating struct: $SkipCutscene_Event
Creating struct: $Script_ZoomIn_Camera_X
Creating struct: $Script_Cutscene_Ruby_Init
Creating struct: $Script_Cutscene_Ruby2
Creating struct: $NpcGroupList_RubyCS
Creating struct: $NpcGroup_RubyCS
Creating struct: $NpcSettings_Generic
Creating struct: $Script_null
Creating struct: $Script_SpawnNPCs
Creating struct: $Function_ResetEnemiesFlag
Creating struct: $EntryList
Creating struct: $Function_Init
Creating struct: $NpcGroup_Mover
Creating struct: $BlankSettings
Creating struct: $Script_Init_Mover
Creating struct: $Interact_Mover
Creating struct: $Script_MoverWarpAnimation
Creating struct: $SkipCutscene_MoverWarpAnimation
Creating struct: $NpcGroup_BanditMover
Creating struct: $Script_Init_BanditMover
Creating struct: $Script_Bandit_StartBattle
Creating struct: $Interact_BanditMover
Creating struct: $Script_Warning_Mario
Creating struct: $Script_NoThanks_Bandit
Creating struct: $Script_ZoomIn_Camera
Creating struct: $Script_ZoomIn_Camera_2
Creating struct: $Script_ZoomIn_Camera_3
Creating struct: $NpcGroup_MoneyBag
Creating struct: $Script_SetPipesPosition
Creating struct: $Script_DisableNumbers
Creating struct: $Script_SetFloorNumbers
Creating struct: $Script_CheckBanditStatus1
Creating struct: $Script_Cutscene_BanditStatus1
Creating struct: $Script_CheckBanditStatus2
Creating struct: $Script_TrackOutcome_Bandit
Creating struct: $Script_Cutscene_BanditDefeated
Creating struct: $SkipCutscene_BanditDefeated
Creating struct: $Script_AddCoins_Bandit
Creating struct: $Function_LoadPath
Creating struct: $Script_ClosePartnerDialog
Creating struct: $PipeSpawning
Creating struct: $EnablePipeCollider
Creating struct: $Script_MakeEntities
Creating struct: $CommingDownPipe
Creating struct: $Function_TimerCurrentFloor
Creating struct: $Script_MakeExits
Creating struct: $Script_Exit0
Creating struct: $Script_Main
Creating struct: $NpcGroups
Creating struct: $NpcGroup1
Creating struct: $NpcGroup7
Creating struct: $NpcGroup_Enemy1
Creating struct: $NpcSettings_Enemy1
Creating struct: $Script_EnemyAI
Creating struct: $AISettings_Enemy
Creating struct: $Script_DisableEnemyAI
Creating struct: $AISettings_DisableEnemy
Merged 1 regions to 1
$Script_SetFloorNumbers will be placed at 80240000 (length = 128C bytes)
$NpcGroup_RubyCS will be placed at 8024128C (length = 1170 bytes)
$LoadMap will be placed at 802423FC (length = C04 bytes)
$LoadMapBandit will be placed at 80243000 (length = B80 bytes)
$GoToNextLevel will be placed at 80243B80 (length = B10 bytes)
$Script_Cutscene_BanditDefeated will be placed at 80244690 (length = B08 bytes)
$Script_SetEnemyIdle will be placed at 80245198 (length = 674 bytes)
$Script_MapID_Converter will be placed at 8024580C (length = 60C bytes)
$Script_Warning_Mario will be placed at 80245E18 (length = 608 bytes)
$Function_80240260 will be placed at 80246420 (length = 5E4 bytes)
$Script_SetNPCPos will be placed at 80246A04 (length = 4D0 bytes)
$Script_Cutscene_Ruby_Init will be placed at 80246ED4 (length = 490 bytes)
$FallingDownPipe will be placed at 80247364 (length = 418 bytes)
$Script_TrackEvents will be placed at 8024777C (length = 410 bytes)
$NpcGroup_MoneyBag will be placed at 80247B8C (length = 3E0 bytes)
$Interact_BanditMover will be placed at 80247F6C (length = 3D8 bytes)
$Script_CheckBanditStatus2 will be placed at 80248344 (length = 3D8 bytes)
$SkipCutscene_BanditDefeated will be placed at 8024871C (length = 3D8 bytes)
$Interact_Mover will be placed at 80248AF4 (length = 3CC bytes)
$Script_Set_SpecialFormation will be placed at 80248EC0 (length = 3B4 bytes)
$Script_FloorEnemy_Idle will be placed at 80249274 (length = 388 bytes)
$Script_TrackOutcome_Bandit will be placed at 802495FC (length = 330 bytes)
$Script_LakituOutcome will be placed at 8024992C (length = 30C bytes)
$Script_Rogue_GiveTotalCoins will be placed at 80249C38 (length = 2FC bytes)
$Script_Set_Formation will be placed at 80249F34 (length = 2D4 bytes)
$PipeSpawning will be placed at 8024A208 (length = 2A0 bytes)
$Script_TrackOutcome will be placed at 8024A4A8 (length = 288 bytes)
$Script_Cutscene_Ruby2 will be placed at 8024A730 (length = 258 bytes)
$Function_NpcAI_MoneySack will be placed at 8024A988 (length = 238 bytes)
$Script_SackAnimation_Start_GoToTheRight will be placed at 8024ABC0 (length = 230 bytes)
$Script_SetSpawnPosition will be placed at 8024ADF0 (length = 228 bytes)
$Script_Main2_Exec will be placed at 8024B018 (length = 228 bytes)
$Script_Cutscene_BanditStatus1 will be placed at 8024B240 (length = 21C bytes)
$Script_LoadMoverType will be placed at 8024B45C (length = 214 bytes)
$Script_NoThanks_Bandit will be placed at 8024B670 (length = 210 bytes)
$Script_SackAnimation_Start_GoToTheLeft will be placed at 8024B880 (length = 1F8 bytes)
$NpcGroup_Spring10 will be placed at 8024BA78 (length = 1F0 bytes)
$NpcGroup_Enemy1 will be placed at 8024BC68 (length = 1F0 bytes)
$NpcGroup_Spring1 will be placed at 8024BE58 (length = 1F0 bytes)
$NpcGroup_Spring2 will be placed at 8024C048 (length = 1F0 bytes)
$NpcGroup_Spring3 will be placed at 8024C238 (length = 1F0 bytes)
$NpcGroup_Spring4 will be placed at 8024C428 (length = 1F0 bytes)
$NpcGroup_Spring5 will be placed at 8024C618 (length = 1F0 bytes)
$NpcGroup_Spring6 will be placed at 8024C808 (length = 1F0 bytes)
$NpcGroup_Spring7 will be placed at 8024C9F8 (length = 1F0 bytes)
$NpcGroup_Spring8 will be placed at 8024CBE8 (length = 1F0 bytes)
$NpcGroup_Spring9 will be placed at 8024CDD8 (length = 1F0 bytes)
$NpcGroup_Mover will be placed at 8024CFC8 (length = 1F0 bytes)
$NpcGroup_BanditMover will be placed at 8024D1B8 (length = 1F0 bytes)
$Script_PipeAnimation will be placed at 8024D3A8 (length = 1C4 bytes)
$Script_Cutscene_Event will be placed at 8024D56C (length = 198 bytes)
$Script_NPC_SackHit_Init will be placed at 8024D704 (length = 198 bytes)
$Script_ClosePartnerDialog will be placed at 8024D89C (length = 194 bytes)
$JumpTable_80242448 will be placed at 8024DA30 (length = 190 bytes)
$SkipCutscene_Event will be placed at 8024DBC0 (length = 188 bytes)
$Script_SpawnNPCs will be placed at 8024DD48 (length = 174 bytes)
$NPC_Sack_AnimationStart will be placed at 8024DEBC (length = 168 bytes)
$Function_80240844 will be placed at 8024E024 (length = 164 bytes)
$Script_SackAnimation_End_Right will be placed at 8024E188 (length = 158 bytes)
$Script_SackAnimation_End_Left will be placed at 8024E2E0 (length = 150 bytes)
$Script_TrackPlayer will be placed at 8024E430 (length = 144 bytes)
$Script_CheckBanditStatus1 will be placed at 8024E574 (length = 13C bytes)
$MapTattle5 will be placed at 8024E6B0 (length = 13C bytes)
$MapTattle4 will be placed at 8024E7EC (length = 130 bytes)
$BanditMover_Tattle will be placed at 8024E91C (length = 11C bytes)
$Function_LoadPath will be placed at 8024EA38 (length = 114 bytes)
$Script_SackAnimation_SackAppears_100 will be placed at 8024EB4C (length = 100 bytes)
$String_Partner_Event_1 will be placed at 8024EC4C (length = FC bytes)
$Script_Main2_Wait will be placed at 8024ED48 (length = F4 bytes)
$String_Warning2 will be placed at 8024EE3C (length = F0 bytes)
$Script_SetMover_Special will be placed at 8024EF2C (length = EC bytes)
$SetSpawnsSpecial will be placed at 8024F018 (length = E8 bytes)
$SetSpawns will be placed at 8024F100 (length = E8 bytes)
$String_Warning1 will be placed at 8024F1E8 (length = E8 bytes)
$DeepestLevel will be placed at 8024F2D0 (length = E4 bytes)
$Function_GetColliderPos will be placed at 8024F3B4 (length = E0 bytes)
$Function_GetPos will be placed at 8024F494 (length = E0 bytes)
$TotalLevels_Sign will be placed at 8024F574 (length = DC bytes)
$Script_SpawnMover_Special will be placed at 8024F650 (length = DC bytes)
$GetFloor will be placed at 8024F72C (length = DC bytes)
$Script_DisableNumbers will be placed at 8024F808 (length = D8 bytes)
$MapTattle2 will be placed at 8024F8E0 (length = D4 bytes)
$NPC_Sack_AnimationEnd will be placed at 8024F9B4 (length = D4 bytes)
$Script_SetMover will be placed at 8024FA88 (length = D0 bytes)
$GetFloorBandit will be placed at 8024FB58 (length = D0 bytes)
$Script_AddCoins_Bandit will be placed at 8024FC28 (length = C8 bytes)
$GetPos will be placed at 8024FCF0 (length = C8 bytes)
$SkipCutscene_MoverWarpAnimation will be placed at 8024FDB8 (length = C4 bytes)
$Function_Init will be placed at 8024FE7C (length = C4 bytes)
$MoverStart will be placed at 8024FF40 (length = C0 bytes)
$String_Warning3 will be placed at 80250000 (length = C0 bytes)
$Script_ZoomIn_Camera_3 will be placed at 802500C0 (length = BC bytes)
$Script_ZoomIn_Camera_2 will be placed at 8025017C (length = BC bytes)
$Script_ZoomIn_Camera will be placed at 80250238 (length = BC bytes)
$Function_TrackInput will be placed at 802502F4 (length = BC bytes)
$String_Bandit_Defeated4 will be placed at 802503B0 (length = B8 bytes)
$Script_MoverWarpAnimation will be placed at 80250468 (length = B8 bytes)
$Script_NpcAI_MoneySack will be placed at 80250520 (length = B8 bytes)
$NpcGroups will be placed at 802505D8 (length = B4 bytes)
$Script_SpawnMover will be placed at 8025068C (length = B4 bytes)
$BanditMoverStart will be placed at 80250740 (length = B4 bytes)
$MapTattle3 will be placed at 802507F4 (length = B0 bytes)
$Script_LoadOdds will be placed at 802508A4 (length = B0 bytes)
$Script_SetPipesPosition will be placed at 80250954 (length = B0 bytes)
$LoadHighscores will be placed at 80250A04 (length = B0 bytes)
$MapTattle1 will be placed at 80250AB4 (length = A8 bytes)
$Script_AddCoins will be placed at 80250B5C (length = A8 bytes)
$SwitchPath will be placed at 80250C04 (length = A4 bytes)
$Script_NPC_Sack_FX will be placed at 80250CA8 (length = A4 bytes)
$Tattle_Springkeeper will be placed at 80250D4C (length = A4 bytes)
$Script_ReadSign will be placed at 80250DF0 (length = A0 bytes)
$Script_ZoomIn_Camera_X will be placed at 80250E90 (length = A0 bytes)
$String_Bandit_Defeated9 will be placed at 80250F30 (length = 9C bytes)
$Script_Bandit_StartBattle will be placed at 80250FCC (length = 9C bytes)
$Script_Main will be placed at 80251068 (length = 9C bytes)
$Mover_Tattle will be placed at 80251104 (length = 94 bytes)
$String_Bandit_Defeated3 will be placed at 80251198 (length = 90 bytes)
$String_Bandit_Defeated8 will be placed at 80251228 (length = 8C bytes)
$BanditMover_Options2 will be placed at 802512B4 (length = 84 bytes)
$BanditMover_Options will be placed at 80251338 (length = 84 bytes)
$String_Okay will be placed at 802513BC (length = 80 bytes)
$Function_TimerCurrentFloor will be placed at 8025143C (length = 7C bytes)
$SignStringBug will be placed at 802514B8 (length = 7C bytes)
$String_Rogue_CoinsGained_Success will be placed at 80251534 (length = 78 bytes)
$Mover_Options will be placed at 802515AC (length = 78 bytes)
$Function2 will be placed at 80251624 (length = 6C bytes)
$Function_SetAnimation will be placed at 80251690 (length = 6C bytes)
$String_Bandit_Defeated1 will be placed at 802516FC (length = 68 bytes)
$CommingDownPipe will be placed at 80251764 (length = 68 bytes)
$MoverEnd will be placed at 802517CC (length = 68 bytes)
$BanditMoverEnd will be placed at 80251834 (length = 68 bytes)
$String_Bandit_Defeated_Partner3 will be placed at 8025189C (length = 64 bytes)
$String_Bandit_Defeated_Partner2 will be placed at 80251900 (length = 64 bytes)
$Function_GetTattle1 will be placed at 80251964 (length = 60 bytes)
$Function_OverwriteBattleID will be placed at 802519C4 (length = 60 bytes)
$String_Bandit_Confrontation1 will be placed at 80251A24 (length = 5C bytes)
$BanditMoverNoCoins will be placed at 80251A80 (length = 58 bytes)
$MoverNoCoins will be placed at 80251AD8 (length = 58 bytes)
$String_Bandit_Defeated7 will be placed at 80251B30 (length = 50 bytes)
$String_Bandit_Defeated_Partner4 will be placed at 80251B80 (length = 50 bytes)
$EntryList will be placed at 80251BD0 (length = 50 bytes)
$String_NoThanks will be placed at 80251C20 (length = 50 bytes)
$Script_Init_BanditMover will be placed at 80251C70 (length = 4C bytes)
$GetFloorSign will be placed at 80251CBC (length = 48 bytes)
$Function_Load_MapID will be placed at 80251D04 (length = 48 bytes)
$GetFloorSign_Rogue will be placed at 80251D4C (length = 48 bytes)
$Script_MakeEntities will be placed at 80251D94 (length = 44 bytes)
$Function_802409A8 will be placed at 80251DD8 (length = 44 bytes)
$Function_LoadCoinsInToVar1 will be placed at 80251E1C (length = 44 bytes)
$String_Bandit_Defeated_Partner1 will be placed at 80251E60 (length = 40 bytes)
$Header will be placed at 80251EA0 (length = 40 bytes)
$Function_LoadCoinsLosted will be placed at 80251EE0 (length = 40 bytes)
$Function_LoadMarioCoins will be placed at 80251F20 (length = 40 bytes)
$Function_LoadGainedCoins will be placed at 80251F60 (length = 40 bytes)
$Function_GetTattle2 will be placed at 80251FA0 (length = 3C bytes)
$Script_Exit0 will be placed at 80251FDC (length = 3C bytes)
$Script_Init_Bag will be placed at 80252018 (length = 38 bytes)
$Script_Init_Bag_HitBox will be placed at 80252050 (length = 38 bytes)
$String_Bandit_Confrotation_Bye will be placed at 80252088 (length = 34 bytes)
$DispawnPartner will be placed at 802520BC (length = 34 bytes)
$String_Whatever will be placed at 802520F0 (length = 30 bytes)
$EnablePipeCollider will be placed at 80252120 (length = 30 bytes)
$AISettings_MoneySack will be placed at 80252150 (length = 30 bytes)
$String_Bandit_Defeated2 will be placed at 80252180 (length = 30 bytes)
$AISettings_Enemy will be placed at 802521B0 (length = 30 bytes)
$RespawnPartner will be placed at 802521E0 (length = 30 bytes)
$AISettings_DisableEnemy will be placed at 80252210 (length = 30 bytes)
$NPC_Settings_Sack will be placed at 80252240 (length = 2C bytes)
$NpcSettings_Generic will be placed at 8025226C (length = 2C bytes)
$Function_RevivePlayer will be placed at 80252298 (length = 2C bytes)
$NpcSettings_Blank will be placed at 802522C4 (length = 2C bytes)
$BlankSettings will be placed at 802522F0 (length = 2C bytes)
$Script_MakeExits will be placed at 8025231C (length = 2C bytes)
$Function_ResetEnemiesFlag will be placed at 80252348 (length = 2C bytes)
$String_List_NoYes will be placed at 80252374 (length = 28 bytes)
$Function_SaveCoinsLosted will be placed at 8025239C (length = 28 bytes)
$String_List_YesNo will be placed at 802523C4 (length = 28 bytes)
$Script_Init_EnemyNPC will be placed at 802523EC (length = 24 bytes)
$VectorList_SwitchPath will be placed at 80252410 (length = 24 bytes)
$NpcSettings_Enemy1 will be placed at 80252434 (length = 24 bytes)
$Script_Init_Lakitu will be placed at 80252458 (length = 24 bytes)
$Script_Init_Mover will be placed at 8025247C (length = 24 bytes)
$String_CoinsGained will be placed at 802524A0 (length = 24 bytes)
$String_Bandit_Defeated10 will be placed at 802524C4 (length = 24 bytes)
$String_Bandit_Defeated6 will be placed at 802524E8 (length = 20 bytes)
$String_Bandit_Defeated5 will be placed at 80252508 (length = 20 bytes)
$Script_DisableEnemyAI will be placed at 80252528 (length = 20 bytes)
$Script_EnemyAI will be placed at 80252548 (length = 20 bytes)
$TotalLevels_CurrentPlaythrough will be placed at 80252568 (length = 1C bytes)
$NpcGroupList_RubyCS will be placed at 80252584 (length = 18 bytes)
$SignString will be placed at 8025259C (length = 18 bytes)
$String_Psst will be placed at 802525B4 (length = 10 bytes)
$Script_null will be placed at 802525C4 (length = 10 bytes)
$ASCII_"pt81_86_shape"_Literal will be placed at 802525D4 (length = 10 bytes)
$Function_ResetCoinsLosted will be placed at 802525E4 (length = 10 bytes)
$ASCII_"pt51_56_shape"_Literal will be placed at 802525F4 (length = 10 bytes)
$ASCII_"pt1_6_hit"_Literal will be placed at 80252604 (length = C bytes)
$NpcGroup7 will be placed at 80252610 (length = C bytes)
$NpcGroup1 will be placed at 8025261C (length = C bytes)
$ASCII_"pt_100"_Literal will be placed at 80252628 (length = C bytes)
$ASCII_"dmo_00"_Literal will be placed at 80252634 (length = C bytes)
$ASCII_"pt1_6_shape"_Literal will be placed at 80252640 (length = C bytes)
$ASCII_"pt_85"_Literal will be placed at 8025264C (length = 8 bytes)
$ASCII_"pt91_96"_Literal will be placed at 80252654 (length = 8 bytes)
$ASCII_"pt62_67"_Literal will be placed at 8025265C (length = 8 bytes)
$ASCII_"pt33_38"_Literal will be placed at 80252664 (length = 8 bytes)
$ASCII_"pt1_6"_Literal will be placed at 8025266C (length = 8 bytes)
$ASCII_"pt_95"_Literal will be placed at 80252674 (length = 8 bytes)
$ASCII_"pt4_9"_Literal will be placed at 8025267C (length = 8 bytes)
$ASCII_"pt_65"_Literal will be placed at 80252684 (length = 8 bytes)
$ASCII_"pt44_49"_Literal will be placed at 8025268C (length = 8 bytes)
$ASCII_"pt81_86"_Literal will be placed at 80252694 (length = 8 bytes)
$ASCII_"pt_80"_Literal will be placed at 8025269C (length = 8 bytes)
$ASCII_"pt52_57"_Literal will be placed at 802526A4 (length = 8 bytes)
$ASCII_"pt23_28"_Literal will be placed at 802526AC (length = 8 bytes)
$ASCII_"pt_50"_Literal will be placed at 802526B4 (length = 8 bytes)
$ASCII_"pt83_88"_Literal will be placed at 802526BC (length = 8 bytes)
$ASCII_"pt54_59"_Literal will be placed at 802526C4 (length = 8 bytes)
$ASCII_"pt64_69"_Literal will be placed at 802526CC (length = 8 bytes)
$ASCII_"pt72_77"_Literal will be placed at 802526D4 (length = 8 bytes)
$ASCII_"pt14_19"_Literal will be placed at 802526DC (length = 8 bytes)
$ASCII_"pt34_39"_Literal will be placed at 802526E4 (length = 8 bytes)
$ASCII_"pt22_27"_Literal will be placed at 802526EC (length = 8 bytes)
$ASCII_"pt21_26"_Literal will be placed at 802526F4 (length = 8 bytes)
$ASCII_"pt73_78"_Literal will be placed at 802526FC (length = 8 bytes)
$ASCII_"pt84_89"_Literal will be placed at 80252704 (length = 8 bytes)
$ASCII_"pt92_97"_Literal will be placed at 8025270C (length = 8 bytes)
$ASCII_"pt_75"_Literal will be placed at 80252714 (length = 8 bytes)
$ASCII_"pt53_58"_Literal will be placed at 8025271C (length = 8 bytes)
$ASCII_"pt41_46"_Literal will be placed at 80252724 (length = 8 bytes)
$ASCII_"pt61_66"_Literal will be placed at 8025272C (length = 8 bytes)
$ASCII_"pt32_37"_Literal will be placed at 80252734 (length = 8 bytes)
$ASCII_"pt_15"_Literal will be placed at 8025273C (length = 8 bytes)
$ASCII_"pt11_16"_Literal will be placed at 80252744 (length = 8 bytes)
$ASCII_"pt_00"_Literal will be placed at 8025274C (length = 8 bytes)
$ASCII_"pt74_79"_Literal will be placed at 80252754 (length = 8 bytes)
$ASCII_"pt_25"_Literal will be placed at 8025275C (length = 8 bytes)
$ASCII_"pt_35"_Literal will be placed at 80252764 (length = 8 bytes)
$ASCII_"pt71_76"_Literal will be placed at 8025276C (length = 8 bytes)
$ASCII_"pt42_47"_Literal will be placed at 80252774 (length = 8 bytes)
$ASCII_"pt13_18"_Literal will be placed at 8025277C (length = 8 bytes)
$ASCII_"pt_05"_Literal will be placed at 80252784 (length = 8 bytes)
$ASCII_"pt93_98"_Literal will be placed at 8025278C (length = 8 bytes)
$ASCII_"pt43_48"_Literal will be placed at 80252794 (length = 8 bytes)
$ASCII_"pt51_56"_Literal will be placed at 8025279C (length = 8 bytes)
$ASCII_"pt_55"_Literal will be placed at 802527A4 (length = 8 bytes)
$ASCII_"pt2_7"_Literal will be placed at 802527AC (length = 8 bytes)
$ASCII_"pt12_17"_Literal will be placed at 802527B4 (length = 8 bytes)
$ASCII_"pt3_8"_Literal will be placed at 802527BC (length = 8 bytes)
$ASCII_"pt_10"_Literal will be placed at 802527C4 (length = 8 bytes)
$ASCII_"tik_tex"_Literal will be placed at 802527CC (length = 8 bytes)
$ASCII_"pt31_36"_Literal will be placed at 802527D4 (length = 8 bytes)
$ASCII_"pt63_68"_Literal will be placed at 802527DC (length = 8 bytes)
$ASCII_"pt94_99"_Literal will be placed at 802527E4 (length = 8 bytes)
$ASCII_"pt82_87"_Literal will be placed at 802527EC (length = 8 bytes)
$ASCII_"pt_45"_Literal will be placed at 802527F4 (length = 8 bytes)
$ASCII_"pt24_29"_Literal will be placed at 802527FC (length = 8 bytes)
$MoverCancel will be placed at 80252804 (length = 4 bytes)
$BanditMoverCancel will be placed at 80252808 (length = 4 bytes)
$CloseDialogBubble will be placed at 8025280C (length = 4 bytes)
Executing patch: pt3_8.mpat
Creating struct: $DeepestLevel
Creating struct: $TotalLevels_Sign
Creating struct: $TotalLevels_CurrentPlaythrough
Creating struct: $LoadHighscores
Creating struct: $FallingDownPipe
Creating struct: $Function_GetPos
Creating struct: $Function2
Creating struct: $SetSpawns
Creating struct: $Script_Set_Formation
Creating struct: $Function_OverwriteBattleID
Creating struct: $Script_SetMover
Creating struct: $Script_MapID_Converter
Creating struct: $Script_LoadOdds
Creating struct: $Script_LoadMoverType
Creating struct: $Script_SpawnMover
Creating struct: $Script_SetNPCPos
Creating struct: $Function_Load_MapID
Creating struct: $SwitchPath
Creating struct: $VectorList_SwitchPath
Creating struct: $GetPos
Creating struct: $DispawnPartner
Creating struct: $RespawnPartner
Creating struct: $LoadMap
Creating struct: $GetFloor
Creating struct: $LoadMapBandit
Creating struct: $GetFloorBandit
Creating struct: $SetSpawnsSpecial
Creating struct: $Script_SetMover_Special
Creating struct: $Script_SpawnMover_Special
Creating struct: $Script_Set_SpecialFormation
Creating struct: $Function_LoadCoinsInToVar1
Creating struct: $Script_SetSpawnPosition
Creating struct: $Script_Init_EnemyNPC
Creating struct: $Script_Init_Lakitu
Creating struct: $Script_TrackOutcome
Creating struct: $Script_LakituOutcome
Creating struct: $Script_FloorEnemy_Idle
Creating struct: $Script_Rogue_GiveTotalCoins
Creating struct: $Script_SetEnemyIdle
Creating struct: $Script_AddCoins
Creating struct: $NPC_Settings_Sack
Creating struct: $Script_Init_Bag
Creating struct: $Script_Init_Bag_HitBox
Creating struct: $Script_NPC_SackHit_Init
Creating struct: $Script_NPC_Sack_FX
Creating struct: $NPC_Sack_AnimationStart
Creating struct: $NPC_Sack_AnimationEnd
Creating struct: $Script_SackAnimation_SackAppears_100
Creating struct: $Script_SackAnimation_Start_GoToTheRight
Creating struct: $Script_SackAnimation_Start_GoToTheLeft
Creating struct: $Script_SackAnimation_End_Right
Creating struct: $Script_SackAnimation_End_Left
Creating struct: $Function_LoadMarioCoins
Creating struct: $Function_LoadCoinsLosted
Creating struct: $Function_SaveCoinsLosted
Creating struct: $Function_ResetCoinsLosted
Creating struct: $Function_LoadGainedCoins
Creating struct: $Function_RevivePlayer
Creating struct: $AISettings_MoneySack
Creating struct: $Script_NpcAI_MoneySack
Creating struct: $JumpTable_80242448
Creating struct: $Function_NpcAI_MoneySack
Creating struct: $Function_80240260
Creating struct: $Function_80240844
Creating struct: $Function_802409A8
Creating struct: $Script_TrackPlayer
Creating struct: $Script_PipeAnimation
Creating struct: $Function_SetAnimation
Creating struct: $Function_GetColliderPos
Creating struct: $Function_TrackInput
Creating struct: $GoToNextLevel
Creating struct: $GetFloorSign
Creating struct: $GetFloorSign_Rogue
Creating struct: $Function_GetTattle1
Creating struct: $Function_GetTattle2
Creating struct: $Script_ReadSign
Creating struct: $NpcSettings_Blank
Creating struct: $NpcGroup_Spring1
Creating struct: $NpcGroup_Spring2
Creating struct: $NpcGroup_Spring3
Creating struct: $NpcGroup_Spring4
Creating struct: $NpcGroup_Spring5
Creating struct: $NpcGroup_Spring6
Creating struct: $NpcGroup_Spring7
Creating struct: $NpcGroup_Spring8
Creating struct: $NpcGroup_Spring9
Creating struct: $NpcGroup_Spring10
Creating struct: $Header
Creating struct: $Script_Main2_Wait
Creating struct: $Script_Main2_Exec
Creating struct: $Script_TrackEvents
Creating struct: $Script_Cutscene_Event
Creating struct: $SkipCutscene_Event
Creating struct: $Script_ZoomIn_Camera_X
Creating struct: $Script_Cutscene_Ruby_Init
Creating struct: $Script_Cutscene_Ruby2
Creating struct: $NpcGroupList_RubyCS
Creating struct: $NpcGroup_RubyCS
Creating struct: $NpcSettings_Generic
Creating struct: $Script_null
Creating struct: $Script_SpawnNPCs
Creating struct: $Function_ResetEnemiesFlag
Creating struct: $EntryList
Creating struct: $Function_Init
Creating struct: $NpcGroup_Mover
Creating struct: $BlankSettings
Creating struct: $Script_Init_Mover
Creating struct: $Interact_Mover
Creating struct: $Script_MoverWarpAnimation
Creating struct: $SkipCutscene_MoverWarpAnimation
Creating struct: $NpcGroup_BanditMover
Creating struct: $Script_Init_BanditMover
Creating struct: $Script_Bandit_StartBattle
Creating struct: $Interact_BanditMover
Creating struct: $Script_Warning_Mario
Creating struct: $Script_NoThanks_Bandit
Creating struct: $Script_ZoomIn_Camera
Creating struct: $Script_ZoomIn_Camera_2
Creating struct: $Script_ZoomIn_Camera_3
Creating struct: $NpcGroup_MoneyBag
Creating struct: $Script_SetPipesPosition
Creating struct: $Script_DisableNumbers
Creating struct: $Script_SetFloorNumbers
Creating struct: $Script_CheckBanditStatus1
Creating struct: $Script_Cutscene_BanditStatus1
Creating struct: $Script_CheckBanditStatus2
Creating struct: $Script_TrackOutcome_Bandit
Creating struct: $Script_Cutscene_BanditDefeated
Creating struct: $SkipCutscene_BanditDefeated
Creating struct: $Script_AddCoins_Bandit
Creating struct: $Function_LoadPath
Creating struct: $Script_ClosePartnerDialog
Creating struct: $PipeSpawning
Creating struct: $EnablePipeCollider
Creating struct: $Script_MakeEntities
Creating struct: $CommingDownPipe
Creating struct: $Function_TimerCurrentFloor
Creating struct: $Script_MakeExits
Creating struct: $Script_Exit0
Creating struct: $Script_Main
Creating struct: $NpcGroups
Creating struct: $NpcGroup1
Creating struct: $NpcGroup7
Creating struct: $NpcGroup_Enemy1
Creating struct: $NpcSettings_Enemy1
Creating struct: $Script_EnemyAI
Creating struct: $AISettings_Enemy
Creating struct: $ConstDouble_80244CB0
Creating struct: $ConstDouble_80244CB8
Creating struct: $ConstDouble_80244CC0
Creating struct: $FloatTable_80242EF0
Creating struct: $JumpTable_80244CC8
Creating struct: $Function_802416AC
Creating struct: $Function_80241588
Creating struct: $Function_802403A0
Creating struct: $Function_80240550
Creating struct: $Function_80240B78
Creating struct: $Function_80240C38
Creating struct: $Function_80240F7C
Creating struct: $Function_80240FF4
Creating struct: $Function_80241060
Creating struct: $Function_80241194
Creating struct: $Function_802411F8
Creating struct: $Script_DisableEnemyAI
Creating struct: $AISettings_DisableEnemy
Merged 1 regions to 1
$Script_SetFloorNumbers will be placed at 80240000 (length = 128C bytes)
$NpcGroup_RubyCS will be placed at 8024128C (length = 1170 bytes)
$LoadMap will be placed at 802423FC (length = C04 bytes)
$LoadMapBandit will be placed at 80243000 (length = B80 bytes)
$GoToNextLevel will be placed at 80243B80 (length = B10 bytes)
$Script_Cutscene_BanditDefeated will be placed at 80244690 (length = B08 bytes)
$Script_SetEnemyIdle will be placed at 80245198 (length = 674 bytes)
$Function_80240550 will be placed at 8024580C (length = 624 bytes)
$Script_MapID_Converter will be placed at 80245E30 (length = 60C bytes)
$Script_Warning_Mario will be placed at 8024643C (length = 608 bytes)
$Function_80240260 will be placed at 80246A44 (length = 5E4 bytes)
$Script_SetNPCPos will be placed at 80247028 (length = 4D0 bytes)
$Script_Cutscene_Ruby_Init will be placed at 802474F8 (length = 490 bytes)
$FallingDownPipe will be placed at 80247988 (length = 418 bytes)
$Script_TrackEvents will be placed at 80247DA0 (length = 410 bytes)
$NpcGroup_MoneyBag will be placed at 802481B0 (length = 3E0 bytes)
$Interact_BanditMover will be placed at 80248590 (length = 3D8 bytes)
$Script_CheckBanditStatus2 will be placed at 80248968 (length = 3D8 bytes)
$SkipCutscene_BanditDefeated will be placed at 80248D40 (length = 3D8 bytes)
$Interact_Mover will be placed at 80249118 (length = 3CC bytes)
$Script_Set_SpecialFormation will be placed at 802494E4 (length = 3B4 bytes)
$Function_802411F8 will be placed at 80249898 (length = 390 bytes)
$Script_FloorEnemy_Idle will be placed at 80249C28 (length = 388 bytes)
$Function_80240C38 will be placed at 80249FB0 (length = 344 bytes)
$Script_TrackOutcome_Bandit will be placed at 8024A2F4 (length = 330 bytes)
$Script_LakituOutcome will be placed at 8024A624 (length = 30C bytes)
$Script_Rogue_GiveTotalCoins will be placed at 8024A930 (length = 2FC bytes)
$Script_Set_Formation will be placed at 8024AC2C (length = 2D4 bytes)
$PipeSpawning will be placed at 8024AF00 (length = 2A0 bytes)
$Script_TrackOutcome will be placed at 8024B1A0 (length = 288 bytes)
$Script_Cutscene_Ruby2 will be placed at 8024B428 (length = 258 bytes)
$Function_NpcAI_MoneySack will be placed at 8024B680 (length = 238 bytes)
$Script_SackAnimation_Start_GoToTheRight will be placed at 8024B8B8 (length = 230 bytes)
$Script_SetSpawnPosition will be placed at 8024BAE8 (length = 228 bytes)
$Script_Main2_Exec will be placed at 8024BD10 (length = 228 bytes)
$Script_Cutscene_BanditStatus1 will be placed at 8024BF38 (length = 21C bytes)
$Script_LoadMoverType will be placed at 8024C154 (length = 214 bytes)
$Script_NoThanks_Bandit will be placed at 8024C368 (length = 210 bytes)
$Script_SackAnimation_Start_GoToTheLeft will be placed at 8024C578 (length = 1F8 bytes)
$NpcGroup_Spring10 will be placed at 8024C770 (length = 1F0 bytes)
$NpcGroup_Enemy1 will be placed at 8024C960 (length = 1F0 bytes)
$NpcGroup_Spring1 will be placed at 8024CB50 (length = 1F0 bytes)
$NpcGroup_Spring2 will be placed at 8024CD40 (length = 1F0 bytes)
$NpcGroup_Spring3 will be placed at 8024CF30 (length = 1F0 bytes)
$NpcGroup_Spring4 will be placed at 8024D120 (length = 1F0 bytes)
$NpcGroup_Spring5 will be placed at 8024D310 (length = 1F0 bytes)
$NpcGroup_Spring6 will be placed at 8024D500 (length = 1F0 bytes)
$NpcGroup_Spring7 will be placed at 8024D6F0 (length = 1F0 bytes)
$NpcGroup_Spring8 will be placed at 8024D8E0 (length = 1F0 bytes)
$NpcGroup_Spring9 will be placed at 8024DAD0 (length = 1F0 bytes)
$NpcGroup_Mover will be placed at 8024DCC0 (length = 1F0 bytes)
$NpcGroup_BanditMover will be placed at 8024DEB0 (length = 1F0 bytes)
$Function_802416AC will be placed at 8024E0A0 (length = 1EC bytes)
$Script_PipeAnimation will be placed at 8024E28C (length = 1C4 bytes)
$Function_802403A0 will be placed at 8024E450 (length = 1B0 bytes)
$Script_Cutscene_Event will be placed at 8024E600 (length = 198 bytes)
$Script_NPC_SackHit_Init will be placed at 8024E798 (length = 198 bytes)
$Script_ClosePartnerDialog will be placed at 8024E930 (length = 194 bytes)
$JumpTable_80242448 will be placed at 8024EAC4 (length = 190 bytes)
$SkipCutscene_Event will be placed at 8024EC54 (length = 188 bytes)
$Script_SpawnNPCs will be placed at 8024EDDC (length = 174 bytes)
$NPC_Sack_AnimationStart will be placed at 8024EF50 (length = 168 bytes)
$Function_80240844 will be placed at 8024F0B8 (length = 164 bytes)
$Script_SackAnimation_End_Right will be placed at 8024F21C (length = 158 bytes)
$Script_SackAnimation_End_Left will be placed at 8024F374 (length = 150 bytes)
$Script_TrackPlayer will be placed at 8024F4C4 (length = 144 bytes)
$Script_CheckBanditStatus1 will be placed at 8024F608 (length = 13C bytes)
$MapTattle5 will be placed at 8024F744 (length = 13C bytes)
$Function_80241060 will be placed at 8024F880 (length = 134 bytes)
$MapTattle4 will be placed at 8024F9B4 (length = 130 bytes)
$Function_80241588 will be placed at 8024FAE4 (length = 124 bytes)
$BanditMover_Tattle will be placed at 8024FC08 (length = 11C bytes)
$Function_LoadPath will be placed at 8024FD24 (length = 114 bytes)
$Script_SackAnimation_SackAppears_100 will be placed at 8024FE38 (length = 100 bytes)
$String_Partner_Event_1 will be placed at 8024FF38 (length = FC bytes)
$Script_Main2_Wait will be placed at 80250034 (length = F4 bytes)
$String_Warning2 will be placed at 80250128 (length = F0 bytes)
$Script_SetMover_Special will be placed at 80250218 (length = EC bytes)
$SetSpawnsSpecial will be placed at 80250304 (length = E8 bytes)
$SetSpawns will be placed at 802503EC (length = E8 bytes)
$String_Warning1 will be placed at 802504D4 (length = E8 bytes)
$DeepestLevel will be placed at 802505BC (length = E4 bytes)
$Function_GetColliderPos will be placed at 802506A0 (length = E0 bytes)
$Function_GetPos will be placed at 80250780 (length = E0 bytes)
$TotalLevels_Sign will be placed at 80250860 (length = DC bytes)
$Script_SpawnMover_Special will be placed at 8025093C (length = DC bytes)
$GetFloor will be placed at 80250A18 (length = DC bytes)
$Script_DisableNumbers will be placed at 80250AF4 (length = D8 bytes)
$MapTattle2 will be placed at 80250BCC (length = D4 bytes)
$NPC_Sack_AnimationEnd will be placed at 80250CA0 (length = D4 bytes)
$Script_SetMover will be placed at 80250D74 (length = D0 bytes)
$GetFloorBandit will be placed at 80250E44 (length = D0 bytes)
$Script_AddCoins_Bandit will be placed at 80250F14 (length = C8 bytes)
$GetPos will be placed at 80250FDC (length = C8 bytes)
$SkipCutscene_MoverWarpAnimation will be placed at 802510A4 (length = C4 bytes)
$Function_Init will be placed at 80251168 (length = C4 bytes)
$MoverStart will be placed at 8025122C (length = C0 bytes)
$Function_80240B78 will be placed at 802512EC (length = C0 bytes)
$String_Warning3 will be placed at 802513AC (length = C0 bytes)
$Script_ZoomIn_Camera_3 will be placed at 8025146C (length = BC bytes)
$Script_ZoomIn_Camera_2 will be placed at 80251528 (length = BC bytes)
$Script_ZoomIn_Camera will be placed at 802515E4 (length = BC bytes)
$Function_TrackInput will be placed at 802516A0 (length = BC bytes)
$String_Bandit_Defeated4 will be placed at 8025175C (length = B8 bytes)
$Script_MoverWarpAnimation will be placed at 80251814 (length = B8 bytes)
$Script_NpcAI_MoneySack will be placed at 802518CC (length = B8 bytes)
$NpcGroups will be placed at 80251984 (length = B4 bytes)
$Script_SpawnMover will be placed at 80251A38 (length = B4 bytes)
$BanditMoverStart will be placed at 80251AEC (length = B4 bytes)
$MapTattle3 will be placed at 80251BA0 (length = B0 bytes)
$Script_LoadOdds will be placed at 80251C50 (length = B0 bytes)
$Script_SetPipesPosition will be placed at 80251D00 (length = B0 bytes)
$LoadHighscores will be placed at 80251DB0 (length = B0 bytes)
$MapTattle1 will be placed at 80251E60 (length = A8 bytes)
$Script_AddCoins will be placed at 80251F08 (length = A8 bytes)
$SwitchPath will be placed at 80251FB0 (length = A4 bytes)
$Script_NPC_Sack_FX will be placed at 80252054 (length = A4 bytes)
$Tattle_Springkeeper will be placed at 802520F8 (length = A4 bytes)
$Script_ReadSign will be placed at 8025219C (length = A0 bytes)
$Script_ZoomIn_Camera_X will be placed at 8025223C (length = A0 bytes)
$String_Bandit_Defeated9 will be placed at 802522DC (length = 9C bytes)
$Script_Bandit_StartBattle will be placed at 80252378 (length = 9C bytes)
$Script_Main will be placed at 80252414 (length = 9C bytes)
$Mover_Tattle will be placed at 802524B0 (length = 94 bytes)
$String_Bandit_Defeated3 will be placed at 80252544 (length = 90 bytes)
$String_Bandit_Defeated8 will be placed at 802525D4 (length = 8C bytes)
$BanditMover_Options2 will be placed at 80252660 (length = 84 bytes)
$BanditMover_Options will be placed at 802526E4 (length = 84 bytes)
$String_Okay will be placed at 80252768 (length = 80 bytes)
$Function_TimerCurrentFloor will be placed at 802527E8 (length = 7C bytes)
$SignStringBug will be placed at 80252864 (length = 7C bytes)
$String_Rogue_CoinsGained_Success will be placed at 802528E0 (length = 78 bytes)
$Function_80240F7C will be placed at 80252958 (length = 78 bytes)
$Mover_Options will be placed at 802529D0 (length = 78 bytes)
$Script_EnemyAI will be placed at 80252A48 (length = 70 bytes)
$Function2 will be placed at 80252AB8 (length = 6C bytes)
$Function_SetAnimation will be placed at 80252B24 (length = 6C bytes)
$Function_80240FF4 will be placed at 80252B90 (length = 6C bytes)
$String_Bandit_Defeated1 will be placed at 80252BFC (length = 68 bytes)
$CommingDownPipe will be placed at 80252C64 (length = 68 bytes)
$MoverEnd will be placed at 80252CCC (length = 68 bytes)
$BanditMoverEnd will be placed at 80252D34 (length = 68 bytes)
$String_Bandit_Defeated_Partner3 will be placed at 80252D9C (length = 64 bytes)
$String_Bandit_Defeated_Partner2 will be placed at 80252E00 (length = 64 bytes)
$Function_80241194 will be placed at 80252E64 (length = 64 bytes)
$Function_GetTattle1 will be placed at 80252EC8 (length = 60 bytes)
$Function_OverwriteBattleID will be placed at 80252F28 (length = 60 bytes)
$String_Bandit_Confrontation1 will be placed at 80252F88 (length = 5C bytes)
$BanditMoverNoCoins will be placed at 80252FE4 (length = 58 bytes)
$MoverNoCoins will be placed at 8025303C (length = 58 bytes)
$String_Bandit_Defeated7 will be placed at 80253094 (length = 50 bytes)
$String_Bandit_Defeated_Partner4 will be placed at 802530E4 (length = 50 bytes)
$EntryList will be placed at 80253134 (length = 50 bytes)
$String_NoThanks will be placed at 80253184 (length = 50 bytes)
$Script_Init_BanditMover will be placed at 802531D4 (length = 4C bytes)
$GetFloorSign will be placed at 80253220 (length = 48 bytes)
$Function_Load_MapID will be placed at 80253268 (length = 48 bytes)
$GetFloorSign_Rogue will be placed at 802532B0 (length = 48 bytes)
$Script_MakeEntities will be placed at 802532F8 (length = 44 bytes)
$Function_802409A8 will be placed at 8025333C (length = 44 bytes)
$Function_LoadCoinsInToVar1 will be placed at 80253380 (length = 44 bytes)
$String_Bandit_Defeated_Partner1 will be placed at 802533C4 (length = 40 bytes)
$Header will be placed at 80253404 (length = 40 bytes)
$Function_LoadCoinsLosted will be placed at 80253444 (length = 40 bytes)
$Function_LoadMarioCoins will be placed at 80253484 (length = 40 bytes)
$Function_LoadGainedCoins will be placed at 802534C4 (length = 40 bytes)
$Function_GetTattle2 will be placed at 80253504 (length = 3C bytes)
$JumpTable_80244CC8 will be placed at 80253540 (length = 3C bytes)
$Script_Exit0 will be placed at 8025357C (length = 3C bytes)
$Script_Init_Bag will be placed at 802535B8 (length = 38 bytes)
$Script_Init_Bag_HitBox will be placed at 802535F0 (length = 38 bytes)
$String_Bandit_Confrotation_Bye will be placed at 80253628 (length = 34 bytes)
$DispawnPartner will be placed at 8025365C (length = 34 bytes)
$String_Whatever will be placed at 80253690 (length = 30 bytes)
$EnablePipeCollider will be placed at 802536C0 (length = 30 bytes)
$AISettings_MoneySack will be placed at 802536F0 (length = 30 bytes)
$String_Bandit_Defeated2 will be placed at 80253720 (length = 30 bytes)
$AISettings_Enemy will be placed at 80253750 (length = 30 bytes)
$RespawnPartner will be placed at 80253780 (length = 30 bytes)
$AISettings_DisableEnemy will be placed at 802537B0 (length = 30 bytes)
$NPC_Settings_Sack will be placed at 802537E0 (length = 2C bytes)
$NpcSettings_Generic will be placed at 8025380C (length = 2C bytes)
$NpcSettings_Enemy1 will be placed at 80253838 (length = 2C bytes)
$Function_RevivePlayer will be placed at 80253864 (length = 2C bytes)
$NpcSettings_Blank will be placed at 80253890 (length = 2C bytes)
$BlankSettings will be placed at 802538BC (length = 2C bytes)
$Script_MakeExits will be placed at 802538E8 (length = 2C bytes)
$Function_ResetEnemiesFlag will be placed at 80253914 (length = 2C bytes)
$String_List_NoYes will be placed at 80253940 (length = 28 bytes)
$Function_SaveCoinsLosted will be placed at 80253968 (length = 28 bytes)
$String_List_YesNo will be placed at 80253990 (length = 28 bytes)
$Script_Init_EnemyNPC will be placed at 802539B8 (length = 24 bytes)
$VectorList_SwitchPath will be placed at 802539DC (length = 24 bytes)
$Script_Init_Lakitu will be placed at 80253A00 (length = 24 bytes)
$Script_Init_Mover will be placed at 80253A24 (length = 24 bytes)
$String_CoinsGained will be placed at 80253A48 (length = 24 bytes)
$String_Bandit_Defeated10 will be placed at 80253A6C (length = 24 bytes)
$String_Bandit_Defeated6 will be placed at 80253A90 (length = 20 bytes)
$String_Bandit_Defeated5 will be placed at 80253AB0 (length = 20 bytes)
$Script_DisableEnemyAI will be placed at 80253AD0 (length = 20 bytes)
$TotalLevels_CurrentPlaythrough will be placed at 80253AF0 (length = 1C bytes)
$NpcGroupList_RubyCS will be placed at 80253B0C (length = 18 bytes)
$FloatTable_80242EF0 will be placed at 80253B24 (length = 18 bytes)
$SignString will be placed at 80253B3C (length = 18 bytes)
$String_Psst will be placed at 80253B54 (length = 10 bytes)
$Script_null will be placed at 80253B64 (length = 10 bytes)
$ASCII_"pt81_86_shape"_Literal will be placed at 80253B74 (length = 10 bytes)
$Function_ResetCoinsLosted will be placed at 80253B84 (length = 10 bytes)
$ASCII_"pt51_56_shape"_Literal will be placed at 80253B94 (length = 10 bytes)
$ASCII_"pt1_6_hit"_Literal will be placed at 80253BA4 (length = C bytes)
$NpcGroup7 will be placed at 80253BB0 (length = C bytes)
$NpcGroup1 will be placed at 80253BBC (length = C bytes)
$ASCII_"pt_100"_Literal will be placed at 80253BC8 (length = C bytes)
$ASCII_"dmo_00"_Literal will be placed at 80253BD4 (length = C bytes)
$ASCII_"pt1_6_shape"_Literal will be placed at 80253BE0 (length = C bytes)
$ASCII_"pt_85"_Literal will be placed at 80253BEC (length = 8 bytes)
$ASCII_"pt91_96"_Literal will be placed at 80253BF4 (length = 8 bytes)
$ASCII_"pt62_67"_Literal will be placed at 80253BFC (length = 8 bytes)
$ASCII_"pt33_38"_Literal will be placed at 80253C04 (length = 8 bytes)
$ASCII_"pt1_6"_Literal will be placed at 80253C0C (length = 8 bytes)
$ASCII_"pt_95"_Literal will be placed at 80253C14 (length = 8 bytes)
$ASCII_"pt4_9"_Literal will be placed at 80253C1C (length = 8 bytes)
$ASCII_"pt_65"_Literal will be placed at 80253C24 (length = 8 bytes)
$ASCII_"pt44_49"_Literal will be placed at 80253C2C (length = 8 bytes)
$ASCII_"pt81_86"_Literal will be placed at 80253C34 (length = 8 bytes)
$ASCII_"pt_80"_Literal will be placed at 80253C3C (length = 8 bytes)
$ASCII_"pt52_57"_Literal will be placed at 80253C44 (length = 8 bytes)
$ASCII_"pt23_28"_Literal will be placed at 80253C4C (length = 8 bytes)
$ASCII_"pt_50"_Literal will be placed at 80253C54 (length = 8 bytes)
$ASCII_"pt83_88"_Literal will be placed at 80253C5C (length = 8 bytes)
$ASCII_"pt54_59"_Literal will be placed at 80253C64 (length = 8 bytes)
$ASCII_"pt64_69"_Literal will be placed at 80253C6C (length = 8 bytes)
$ASCII_"pt72_77"_Literal will be placed at 80253C74 (length = 8 bytes)
$ASCII_"pt14_19"_Literal will be placed at 80253C7C (length = 8 bytes)
$ASCII_"pt34_39"_Literal will be placed at 80253C84 (length = 8 bytes)
$ASCII_"pt22_27"_Literal will be placed at 80253C8C (length = 8 bytes)
$ASCII_"pt21_26"_Literal will be placed at 80253C94 (length = 8 bytes)
$ASCII_"pt73_78"_Literal will be placed at 80253C9C (length = 8 bytes)
$ASCII_"pt84_89"_Literal will be placed at 80253CA4 (length = 8 bytes)
$ASCII_"pt92_97"_Literal will be placed at 80253CAC (length = 8 bytes)
$ASCII_"pt_75"_Literal will be placed at 80253CB4 (length = 8 bytes)
$ASCII_"pt53_58"_Literal will be placed at 80253CBC (length = 8 bytes)
$ASCII_"pt41_46"_Literal will be placed at 80253CC4 (length = 8 bytes)
$ASCII_"pt61_66"_Literal will be placed at 80253CCC (length = 8 bytes)
$ASCII_"pt32_37"_Literal will be placed at 80253CD4 (length = 8 bytes)
$ASCII_"pt_15"_Literal will be placed at 80253CDC (length = 8 bytes)
$ASCII_"pt11_16"_Literal will be placed at 80253CE4 (length = 8 bytes)
$ASCII_"pt_00"_Literal will be placed at 80253CEC (length = 8 bytes)
$ASCII_"pt74_79"_Literal will be placed at 80253CF4 (length = 8 bytes)
$ASCII_"pt_25"_Literal will be placed at 80253CFC (length = 8 bytes)
$ASCII_"pt_35"_Literal will be placed at 80253D04 (length = 8 bytes)
$ASCII_"pt71_76"_Literal will be placed at 80253D0C (length = 8 bytes)
$ASCII_"pt42_47"_Literal will be placed at 80253D14 (length = 8 bytes)
$ASCII_"pt13_18"_Literal will be placed at 80253D1C (length = 8 bytes)
$ASCII_"pt_05"_Literal will be placed at 80253D24 (length = 8 bytes)
$ASCII_"pt93_98"_Literal will be placed at 80253D2C (length = 8 bytes)
$ASCII_"pt43_48"_Literal will be placed at 80253D34 (length = 8 bytes)
$ASCII_"pt51_56"_Literal will be placed at 80253D3C (length = 8 bytes)
$ASCII_"pt_55"_Literal will be placed at 80253D44 (length = 8 bytes)
$ASCII_"pt2_7"_Literal will be placed at 80253D4C (length = 8 bytes)
$ASCII_"pt12_17"_Literal will be placed at 80253D54 (length = 8 bytes)
$ASCII_"pt3_8"_Literal will be placed at 80253D5C (length = 8 bytes)
$ASCII_"pt_10"_Literal will be placed at 80253D64 (length = 8 bytes)
$ASCII_"tik_tex"_Literal will be placed at 80253D6C (length = 8 bytes)
$ASCII_"pt31_36"_Literal will be placed at 80253D74 (length = 8 bytes)
$ConstDouble_80244CC0 will be placed at 80253D80 (length = 8 bytes)
$ASCII_"pt63_68"_Literal will be placed at 80253D88 (length = 8 bytes)
$ASCII_"pt94_99"_Literal will be placed at 80253D90 (length = 8 bytes)
$ASCII_"pt82_87"_Literal will be placed at 80253D98 (length = 8 bytes)
$ConstDouble_80244CB8 will be placed at 80253DA0 (length = 8 bytes)
$ASCII_"pt_45"_Literal will be placed at 80253DA8 (length = 8 bytes)
$ASCII_"pt24_29"_Literal will be placed at 80253DB0 (length = 8 bytes)
$ConstDouble_80244CB0 will be placed at 80253DB8 (length = 8 bytes)
$MoverCancel will be placed at 80253D7C (length = 4 bytes)
$BanditMoverCancel will be placed at 80253DC0 (length = 4 bytes)
$CloseDialogBubble will be placed at 80253DC4 (length = 4 bytes)
Executing patch: pt41_46.mpat
Creating struct: $DeepestLevel
Creating struct: $TotalLevels_Sign
Creating struct: $TotalLevels_CurrentPlaythrough
Creating struct: $LoadHighscores
Creating struct: $FallingDownPipe
Creating struct: $Function_GetPos
Creating struct: $Function2
Creating struct: $SetSpawns
Creating struct: $Script_Set_Formation
Creating struct: $Function_OverwriteBattleID
Creating struct: $Script_SetMover
Creating struct: $Script_MapID_Converter
Creating struct: $Script_LoadOdds
Creating struct: $Script_LoadMoverType
Creating struct: $Script_SpawnMover
Creating struct: $Script_SetNPCPos
Creating struct: $Function_Load_MapID
Creating struct: $SwitchPath
Creating struct: $VectorList_SwitchPath
Creating struct: $GetPos
Creating struct: $DispawnPartner
Creating struct: $RespawnPartner
Creating struct: $LoadMap
Creating struct: $GetFloor
Creating struct: $LoadMapBandit
Creating struct: $GetFloorBandit
Creating struct: $SetSpawnsSpecial
Creating struct: $Script_SetMover_Special
Creating struct: $Script_SpawnMover_Special
Creating struct: $Script_Set_SpecialFormation
Creating struct: $Function_LoadCoinsInToVar1
Creating struct: $Script_SetSpawnPosition
Creating struct: $Script_Init_EnemyNPC
Creating struct: $Script_Init_Lakitu
Creating struct: $Script_TrackOutcome
Creating struct: $Script_LakituOutcome
Creating struct: $Script_FloorEnemy_Idle
Creating struct: $Script_Rogue_GiveTotalCoins
Creating struct: $Script_SetEnemyIdle
Creating struct: $Script_AddCoins
Creating struct: $NPC_Settings_Sack
Creating struct: $Script_Init_Bag
Creating struct: $Script_Init_Bag_HitBox
Creating struct: $Script_NPC_SackHit_Init
Creating struct: $Script_NPC_Sack_FX
Creating struct: $NPC_Sack_AnimationStart
Creating struct: $NPC_Sack_AnimationEnd
Creating struct: $Script_SackAnimation_SackAppears_100
Creating struct: $Script_SackAnimation_Start_GoToTheRight
Creating struct: $Script_SackAnimation_Start_GoToTheLeft
Creating struct: $Script_SackAnimation_End_Right
Creating struct: $Script_SackAnimation_End_Left
Creating struct: $Function_LoadMarioCoins
Creating struct: $Function_LoadCoinsLosted
Creating struct: $Function_SaveCoinsLosted
Creating struct: $Function_ResetCoinsLosted
Creating struct: $Function_LoadGainedCoins
Creating struct: $Function_RevivePlayer
Creating struct: $AISettings_MoneySack
Creating struct: $Script_NpcAI_MoneySack
Creating struct: $JumpTable_80242448
Creating struct: $Function_NpcAI_MoneySack
Creating struct: $Function_80240260
Creating struct: $Function_80240844
Creating struct: $Function_802409A8
Creating struct: $Script_TrackPlayer
Creating struct: $Script_PipeAnimation
Creating struct: $Function_SetAnimation
Creating struct: $Function_GetColliderPos
Creating struct: $Function_TrackInput
Creating struct: $GoToNextLevel
Creating struct: $GetFloorSign
Creating struct: $GetFloorSign_Rogue
Creating struct: $Function_GetTattle1
Creating struct: $Function_GetTattle2
Creating struct: $Script_ReadSign
Creating struct: $NpcSettings_Blank
Creating struct: $NpcGroup_Spring1
Creating struct: $NpcGroup_Spring2
Creating struct: $NpcGroup_Spring3
Creating struct: $NpcGroup_Spring4
Creating struct: $NpcGroup_Spring5
Creating struct: $NpcGroup_Spring6
Creating struct: $NpcGroup_Spring7
Creating struct: $NpcGroup_Spring8
Creating struct: $NpcGroup_Spring9
Creating struct: $NpcGroup_Spring10
Creating struct: $Header
Creating struct: $Script_Main2_Wait
Creating struct: $Script_Main2_Exec
Creating struct: $Script_TrackEvents
Creating struct: $Script_Cutscene_Event
Creating struct: $SkipCutscene_Event
Creating struct: $Script_ZoomIn_Camera_X
Creating struct: $Script_Cutscene_Ruby_Init
Creating struct: $Script_Cutscene_Ruby2
Creating struct: $NpcGroupList_RubyCS
Creating struct: $NpcGroup_RubyCS
Creating struct: $NpcSettings_Generic
Creating struct: $Script_null
Creating struct: $Script_SpawnNPCs
Creating struct: $Function_ResetEnemiesFlag
Creating struct: $EntryList
Creating struct: $Function_Init
Creating struct: $NpcGroup_Mover
Creating struct: $BlankSettings
Creating struct: $Script_Init_Mover
Creating struct: $Interact_Mover
Creating struct: $Script_MoverWarpAnimation
Creating struct: $SkipCutscene_MoverWarpAnimation
Creating struct: $NpcGroup_BanditMover
Creating struct: $Script_Init_BanditMover
Creating struct: $Script_Bandit_StartBattle
Creating struct: $Interact_BanditMover
Creating struct: $Script_Warning_Mario
Creating struct: $Script_NoThanks_Bandit
Creating struct: $Script_ZoomIn_Camera
Creating struct: $Script_ZoomIn_Camera_2
Creating struct: $Script_ZoomIn_Camera_3
Creating struct: $NpcGroup_MoneyBag
Creating struct: $Script_SetPipesPosition
Creating struct: $Script_DisableNumbers
Creating struct: $Script_SetFloorNumbers
Creating struct: $Script_CheckBanditStatus1
Creating struct: $Script_Cutscene_BanditStatus1
Creating struct: $Script_CheckBanditStatus2
Creating struct: $Script_TrackOutcome_Bandit
Creating struct: $Script_Cutscene_BanditDefeated
Creating struct: $SkipCutscene_BanditDefeated
Creating struct: $Script_AddCoins_Bandit
Creating struct: $Function_LoadPath
Creating struct: $Script_ClosePartnerDialog
Creating struct: $PipeSpawning
Creating struct: $EnablePipeCollider
Creating struct: $Script_MakeEntities
Creating struct: $CommingDownPipe
Creating struct: $Function_TimerCurrentFloor
Creating struct: $Script_MakeExits
Creating struct: $Script_Exit0
Creating struct: $Script_Main
Creating struct: $NpcGroups
Creating struct: $NpcGroup1
Creating struct: $NpcGroup7
Creating struct: $NpcGroup_Enemy1
Creating struct: $NpcSettings_Enemy1
Creating struct: $Script_EnemyAI
Creating struct: $AISettings_Enemy
Merged 1 regions to 1
$Script_SetFloorNumbers will be placed at 80240000 (length = 128C bytes)
$NpcGroup_RubyCS will be placed at 8024128C (length = 1170 bytes)
$LoadMap will be placed at 802423FC (length = C04 bytes)
$LoadMapBandit will be placed at 80243000 (length = B80 bytes)
$GoToNextLevel will be placed at 80243B80 (length = B10 bytes)
$Script_Cutscene_BanditDefeated will be placed at 80244690 (length = B08 bytes)
$Script_SetEnemyIdle will be placed at 80245198 (length = 674 bytes)
$Script_MapID_Converter will be placed at 8024580C (length = 60C bytes)
$Script_Warning_Mario will be placed at 80245E18 (length = 608 bytes)
$Function_80240260 will be placed at 80246420 (length = 5E4 bytes)
$Script_SetNPCPos will be placed at 80246A04 (length = 4D0 bytes)
$Script_Cutscene_Ruby_Init will be placed at 80246ED4 (length = 490 bytes)
$FallingDownPipe will be placed at 80247364 (length = 418 bytes)
$Script_TrackEvents will be placed at 8024777C (length = 410 bytes)
$NpcGroup_MoneyBag will be placed at 80247B8C (length = 3E0 bytes)
$Interact_BanditMover will be placed at 80247F6C (length = 3D8 bytes)
$Script_CheckBanditStatus2 will be placed at 80248344 (length = 3D8 bytes)
$SkipCutscene_BanditDefeated will be placed at 8024871C (length = 3D8 bytes)
$Interact_Mover will be placed at 80248AF4 (length = 3CC bytes)
$Script_Set_SpecialFormation will be placed at 80248EC0 (length = 3B4 bytes)
$Script_FloorEnemy_Idle will be placed at 80249274 (length = 388 bytes)
$Script_TrackOutcome_Bandit will be placed at 802495FC (length = 330 bytes)
$Script_LakituOutcome will be placed at 8024992C (length = 30C bytes)
$Script_Rogue_GiveTotalCoins will be placed at 80249C38 (length = 2FC bytes)
$Script_Set_Formation will be placed at 80249F34 (length = 2D4 bytes)
$PipeSpawning will be placed at 8024A208 (length = 2A0 bytes)
$Script_TrackOutcome will be placed at 8024A4A8 (length = 288 bytes)
$Script_Cutscene_Ruby2 will be placed at 8024A730 (length = 258 bytes)
$Function_NpcAI_MoneySack will be placed at 8024A988 (length = 238 bytes)
$Script_SackAnimation_Start_GoToTheRight will be placed at 8024ABC0 (length = 230 bytes)
$Script_SetSpawnPosition will be placed at 8024ADF0 (length = 228 bytes)
$Script_Main2_Exec will be placed at 8024B018 (length = 228 bytes)
$Script_Cutscene_BanditStatus1 will be placed at 8024B240 (length = 21C bytes)
$Script_LoadMoverType will be placed at 8024B45C (length = 214 bytes)
$Script_NoThanks_Bandit will be placed at 8024B670 (length = 210 bytes)
$Script_SackAnimation_Start_GoToTheLeft will be placed at 8024B880 (length = 1F8 bytes)
$NpcGroup_Spring10 will be placed at 8024BA78 (length = 1F0 bytes)
$NpcGroup_Enemy1 will be placed at 8024BC68 (length = 1F0 bytes)
$NpcGroup_Spring1 will be placed at 8024BE58 (length = 1F0 bytes)
$NpcGroup_Spring2 will be placed at 8024C048 (length = 1F0 bytes)
$NpcGroup_Spring3 will be placed at 8024C238 (length = 1F0 bytes)
$NpcGroup_Spring4 will be placed at 8024C428 (length = 1F0 bytes)
$NpcGroup_Spring5 will be placed at 8024C618 (length = 1F0 bytes)
$NpcGroup_Spring6 will be placed at 8024C808 (length = 1F0 bytes)
$NpcGroup_Spring7 will be placed at 8024C9F8 (length = 1F0 bytes)
$NpcGroup_Spring8 will be placed at 8024CBE8 (length = 1F0 bytes)
$NpcGroup_Spring9 will be placed at 8024CDD8 (length = 1F0 bytes)
$NpcGroup_Mover will be placed at 8024CFC8 (length = 1F0 bytes)
$NpcGroup_BanditMover will be placed at 8024D1B8 (length = 1F0 bytes)
$Script_PipeAnimation will be placed at 8024D3A8 (length = 1C4 bytes)
$Script_Cutscene_Event will be placed at 8024D56C (length = 198 bytes)
$Script_NPC_SackHit_Init will be placed at 8024D704 (length = 198 bytes)
$Script_ClosePartnerDialog will be placed at 8024D89C (length = 194 bytes)
$JumpTable_80242448 will be placed at 8024DA30 (length = 190 bytes)
$SkipCutscene_Event will be placed at 8024DBC0 (length = 188 bytes)
$Script_SpawnNPCs will be placed at 8024DD48 (length = 174 bytes)
$NPC_Sack_AnimationStart will be placed at 8024DEBC (length = 168 bytes)
$Function_80240844 will be placed at 8024E024 (length = 164 bytes)
$Script_SackAnimation_End_Right will be placed at 8024E188 (length = 158 bytes)
$Script_SackAnimation_End_Left will be placed at 8024E2E0 (length = 150 bytes)
$Script_TrackPlayer will be placed at 8024E430 (length = 144 bytes)
$Script_CheckBanditStatus1 will be placed at 8024E574 (length = 13C bytes)
$MapTattle5 will be placed at 8024E6B0 (length = 13C bytes)
$MapTattle4 will be placed at 8024E7EC (length = 130 bytes)
$BanditMover_Tattle will be placed at 8024E91C (length = 11C bytes)
$Function_LoadPath will be placed at 8024EA38 (length = 114 bytes)
$Script_SackAnimation_SackAppears_100 will be placed at 8024EB4C (length = 100 bytes)
$String_Partner_Event_1 will be placed at 8024EC4C (length = FC bytes)
$Script_Main2_Wait will be placed at 8024ED48 (length = F4 bytes)
$String_Warning2 will be placed at 8024EE3C (length = F0 bytes)
$Script_SetMover_Special will be placed at 8024EF2C (length = EC bytes)
$SetSpawnsSpecial will be placed at 8024F018 (length = E8 bytes)
$SetSpawns will be placed at 8024F100 (length = E8 bytes)
$String_Warning1 will be placed at 8024F1E8 (length = E8 bytes)
$DeepestLevel will be placed at 8024F2D0 (length = E4 bytes)
$Function_GetColliderPos will be placed at 8024F3B4 (length = E0 bytes)
$Function_GetPos will be placed at 8024F494 (length = E0 bytes)
$TotalLevels_Sign will be placed at 8024F574 (length = DC bytes)
$Script_SpawnMover_Special will be placed at 8024F650 (length = DC bytes)
$GetFloor will be placed at 8024F72C (length = DC bytes)
$Script_DisableNumbers will be placed at 8024F808 (length = D8 bytes)
$MapTattle2 will be placed at 8024F8E0 (length = D4 bytes)
$NPC_Sack_AnimationEnd will be placed at 8024F9B4 (length = D4 bytes)
$Script_SetMover will be placed at 8024FA88 (length = D0 bytes)
$GetFloorBandit will be placed at 8024FB58 (length = D0 bytes)
$Script_AddCoins_Bandit will be placed at 8024FC28 (length = C8 bytes)
$GetPos will be placed at 8024FCF0 (length = C8 bytes)
$SkipCutscene_MoverWarpAnimation will be placed at 8024FDB8 (length = C4 bytes)
$Function_Init will be placed at 8024FE7C (length = C4 bytes)
$MoverStart will be placed at 8024FF40 (length = C0 bytes)
$String_Warning3 will be placed at 80250000 (length = C0 bytes)
$Script_ZoomIn_Camera_3 will be placed at 802500C0 (length = BC bytes)
$Script_ZoomIn_Camera_2 will be placed at 8025017C (length = BC bytes)
$Script_ZoomIn_Camera will be placed at 80250238 (length = BC bytes)
$Function_TrackInput will be placed at 802502F4 (length = BC bytes)
$String_Bandit_Defeated4 will be placed at 802503B0 (length = B8 bytes)
$Script_MoverWarpAnimation will be placed at 80250468 (length = B8 bytes)
$Script_NpcAI_MoneySack will be placed at 80250520 (length = B8 bytes)
$NpcGroups will be placed at 802505D8 (length = B4 bytes)
$Script_SpawnMover will be placed at 8025068C (length = B4 bytes)
$BanditMoverStart will be placed at 80250740 (length = B4 bytes)
$MapTattle3 will be placed at 802507F4 (length = B0 bytes)
$Script_LoadOdds will be placed at 802508A4 (length = B0 bytes)
$Script_SetPipesPosition will be placed at 80250954 (length = B0 bytes)
$LoadHighscores will be placed at 80250A04 (length = B0 bytes)
$MapTattle1 will be placed at 80250AB4 (length = A8 bytes)
$Script_AddCoins will be placed at 80250B5C (length = A8 bytes)
$SwitchPath will be placed at 80250C04 (length = A4 bytes)
$Script_NPC_Sack_FX will be placed at 80250CA8 (length = A4 bytes)
$Tattle_Springkeeper will be placed at 80250D4C (length = A4 bytes)
$Script_ReadSign will be placed at 80250DF0 (length = A0 bytes)
$Script_ZoomIn_Camera_X will be placed at 80250E90 (length = A0 bytes)
$String_Bandit_Defeated9 will be placed at 80250F30 (length = 9C bytes)
$Script_Bandit_StartBattle will be placed at 80250FCC (length = 9C bytes)
$Script_Main will be placed at 80251068 (length = 9C bytes)
$Mover_Tattle will be placed at 80251104 (length = 94 bytes)
$String_Bandit_Defeated3 will be placed at 80251198 (length = 90 bytes)
$String_Bandit_Defeated8 will be placed at 80251228 (length = 8C bytes)
$BanditMover_Options2 will be placed at 802512B4 (length = 84 bytes)
$BanditMover_Options will be placed at 80251338 (length = 84 bytes)
$String_Okay will be placed at 802513BC (length = 80 bytes)
$Function_TimerCurrentFloor will be placed at 8025143C (length = 7C bytes)
$SignStringBug will be placed at 802514B8 (length = 7C bytes)
$String_Rogue_CoinsGained_Success will be placed at 80251534 (length = 78 bytes)
$Mover_Options will be placed at 802515AC (length = 78 bytes)
$Function2 will be placed at 80251624 (length = 6C bytes)
$Function_SetAnimation will be placed at 80251690 (length = 6C bytes)
$String_Bandit_Defeated1 will be placed at 802516FC (length = 68 bytes)
$CommingDownPipe will be placed at 80251764 (length = 68 bytes)
$MoverEnd will be placed at 802517CC (length = 68 bytes)
$BanditMoverEnd will be placed at 80251834 (length = 68 bytes)
$String_Bandit_Defeated_Partner3 will be placed at 8025189C (length = 64 bytes)
$String_Bandit_Defeated_Partner2 will be placed at 80251900 (length = 64 bytes)
$Function_GetTattle1 will be placed at 80251964 (length = 60 bytes)
$Function_OverwriteBattleID will be placed at 802519C4 (length = 60 bytes)
$String_Bandit_Confrontation1 will be placed at 80251A24 (length = 5C bytes)
$BanditMoverNoCoins will be placed at 80251A80 (length = 58 bytes)
$MoverNoCoins will be placed at 80251AD8 (length = 58 bytes)
$String_Bandit_Defeated7 will be placed at 80251B30 (length = 50 bytes)
$String_Bandit_Defeated_Partner4 will be placed at 80251B80 (length = 50 bytes)
$EntryList will be placed at 80251BD0 (length = 50 bytes)
$String_NoThanks will be placed at 80251C20 (length = 50 bytes)
$Script_Init_BanditMover will be placed at 80251C70 (length = 4C bytes)
$GetFloorSign will be placed at 80251CBC (length = 48 bytes)
$Function_Load_MapID will be placed at 80251D04 (length = 48 bytes)
$GetFloorSign_Rogue will be placed at 80251D4C (length = 48 bytes)
$Script_MakeEntities will be placed at 80251D94 (length = 44 bytes)
$Function_802409A8 will be placed at 80251DD8 (length = 44 bytes)
$Function_LoadCoinsInToVar1 will be placed at 80251E1C (length = 44 bytes)
$String_Bandit_Defeated_Partner1 will be placed at 80251E60 (length = 40 bytes)
$Header will be placed at 80251EA0 (length = 40 bytes)
$Function_LoadCoinsLosted will be placed at 80251EE0 (length = 40 bytes)
$Function_LoadMarioCoins will be placed at 80251F20 (length = 40 bytes)
$Function_LoadGainedCoins will be placed at 80251F60 (length = 40 bytes)
$Function_GetTattle2 will be placed at 80251FA0 (length = 3C bytes)
$Script_Exit0 will be placed at 80251FDC (length = 3C bytes)
$Script_Init_Bag will be placed at 80252018 (length = 38 bytes)
$Script_Init_Bag_HitBox will be placed at 80252050 (length = 38 bytes)
$String_Bandit_Confrotation_Bye will be placed at 80252088 (length = 34 bytes)
$DispawnPartner will be placed at 802520BC (length = 34 bytes)
$String_Whatever will be placed at 802520F0 (length = 30 bytes)
$EnablePipeCollider will be placed at 80252120 (length = 30 bytes)
$AISettings_MoneySack will be placed at 80252150 (length = 30 bytes)
$String_Bandit_Defeated2 will be placed at 80252180 (length = 30 bytes)
$AISettings_Enemy will be placed at 802521B0 (length = 30 bytes)
$RespawnPartner will be placed at 802521E0 (length = 30 bytes)
$NPC_Settings_Sack will be placed at 80252210 (length = 2C bytes)
$NpcSettings_Generic will be placed at 8025223C (length = 2C bytes)
$Function_RevivePlayer will be placed at 80252268 (length = 2C bytes)
$NpcSettings_Blank will be placed at 80252294 (length = 2C bytes)
$BlankSettings will be placed at 802522C0 (length = 2C bytes)
$Script_MakeExits will be placed at 802522EC (length = 2C bytes)
$Function_ResetEnemiesFlag will be placed at 80252318 (length = 2C bytes)
$String_List_NoYes will be placed at 80252344 (length = 28 bytes)
$Function_SaveCoinsLosted will be placed at 8025236C (length = 28 bytes)
$String_List_YesNo will be placed at 80252394 (length = 28 bytes)
$Script_Init_EnemyNPC will be placed at 802523BC (length = 24 bytes)
$VectorList_SwitchPath will be placed at 802523E0 (length = 24 bytes)
$NpcSettings_Enemy1 will be placed at 80252404 (length = 24 bytes)
$Script_Init_Lakitu will be placed at 80252428 (length = 24 bytes)
$Script_Init_Mover will be placed at 8025244C (length = 24 bytes)
$String_CoinsGained will be placed at 80252470 (length = 24 bytes)
$String_Bandit_Defeated10 will be placed at 80252494 (length = 24 bytes)
$String_Bandit_Defeated6 will be placed at 802524B8 (length = 20 bytes)
$String_Bandit_Defeated5 will be placed at 802524D8 (length = 20 bytes)
$Script_EnemyAI will be placed at 802524F8 (length = 20 bytes)
$TotalLevels_CurrentPlaythrough will be placed at 80252518 (length = 1C bytes)
$NpcGroupList_RubyCS will be placed at 80252534 (length = 18 bytes)
$SignString will be placed at 8025254C (length = 18 bytes)
$String_Psst will be placed at 80252564 (length = 10 bytes)
$Script_null will be placed at 80252574 (length = 10 bytes)
$ASCII_"pt81_86_shape"_Literal will be placed at 80252584 (length = 10 bytes)
$Function_ResetCoinsLosted will be placed at 80252594 (length = 10 bytes)
$ASCII_"pt51_56_shape"_Literal will be placed at 802525A4 (length = 10 bytes)
$ASCII_"pt1_6_hit"_Literal will be placed at 802525B4 (length = C bytes)
$NpcGroup7 will be placed at 802525C0 (length = C bytes)
$NpcGroup1 will be placed at 802525CC (length = C bytes)
$ASCII_"pt_100"_Literal will be placed at 802525D8 (length = C bytes)
$ASCII_"dmo_00"_Literal will be placed at 802525E4 (length = C bytes)
$ASCII_"pt1_6_shape"_Literal will be placed at 802525F0 (length = C bytes)
$ASCII_"pt_85"_Literal will be placed at 802525FC (length = 8 bytes)
$ASCII_"pt91_96"_Literal will be placed at 80252604 (length = 8 bytes)
$ASCII_"pt62_67"_Literal will be placed at 8025260C (length = 8 bytes)
$ASCII_"pt33_38"_Literal will be placed at 80252614 (length = 8 bytes)
$ASCII_"pt1_6"_Literal will be placed at 8025261C (length = 8 bytes)
$ASCII_"pt_95"_Literal will be placed at 80252624 (length = 8 bytes)
$ASCII_"pt4_9"_Literal will be placed at 8025262C (length = 8 bytes)
$ASCII_"pt_65"_Literal will be placed at 80252634 (length = 8 bytes)
$ASCII_"pt44_49"_Literal will be placed at 8025263C (length = 8 bytes)
$ASCII_"pt81_86"_Literal will be placed at 80252644 (length = 8 bytes)
$ASCII_"pt_80"_Literal will be placed at 8025264C (length = 8 bytes)
$ASCII_"pt52_57"_Literal will be placed at 80252654 (length = 8 bytes)
$ASCII_"pt23_28"_Literal will be placed at 8025265C (length = 8 bytes)
$ASCII_"pt_50"_Literal will be placed at 80252664 (length = 8 bytes)
$ASCII_"pt83_88"_Literal will be placed at 8025266C (length = 8 bytes)
$ASCII_"pt54_59"_Literal will be placed at 80252674 (length = 8 bytes)
$ASCII_"pt64_69"_Literal will be placed at 8025267C (length = 8 bytes)
$ASCII_"pt72_77"_Literal will be placed at 80252684 (length = 8 bytes)
$ASCII_"pt14_19"_Literal will be placed at 8025268C (length = 8 bytes)
$ASCII_"pt34_39"_Literal will be placed at 80252694 (length = 8 bytes)
$ASCII_"pt22_27"_Literal will be placed at 8025269C (length = 8 bytes)
$ASCII_"pt21_26"_Literal will be placed at 802526A4 (length = 8 bytes)
$ASCII_"pt73_78"_Literal will be placed at 802526AC (length = 8 bytes)
$ASCII_"pt84_89"_Literal will be placed at 802526B4 (length = 8 bytes)
$ASCII_"pt92_97"_Literal will be placed at 802526BC (length = 8 bytes)
$ASCII_"pt_75"_Literal will be placed at 802526C4 (length = 8 bytes)
$ASCII_"pt53_58"_Literal will be placed at 802526CC (length = 8 bytes)
$ASCII_"pt41_46"_Literal will be placed at 802526D4 (length = 8 bytes)
$ASCII_"pt61_66"_Literal will be placed at 802526DC (length = 8 bytes)
$ASCII_"pt32_37"_Literal will be placed at 802526E4 (length = 8 bytes)
$ASCII_"pt_15"_Literal will be placed at 802526EC (length = 8 bytes)
$ASCII_"pt11_16"_Literal will be placed at 802526F4 (length = 8 bytes)
$ASCII_"pt_00"_Literal will be placed at 802526FC (length = 8 bytes)
$ASCII_"pt74_79"_Literal will be placed at 80252704 (length = 8 bytes)
$ASCII_"pt_25"_Literal will be placed at 8025270C (length = 8 bytes)
$ASCII_"pt_35"_Literal will be placed at 80252714 (length = 8 bytes)
$ASCII_"pt71_76"_Literal will be placed at 8025271C (length = 8 bytes)
$ASCII_"pt42_47"_Literal will be placed at 80252724 (length = 8 bytes)
$ASCII_"pt13_18"_Literal will be placed at 8025272C (length = 8 bytes)
$ASCII_"pt_05"_Literal will be placed at 80252734 (length = 8 bytes)
$ASCII_"pt93_98"_Literal will be placed at 8025273C (length = 8 bytes)
$ASCII_"pt43_48"_Literal will be placed at 80252744 (length = 8 bytes)
$ASCII_"pt51_56"_Literal will be placed at 8025274C (length = 8 bytes)
$ASCII_"pt_55"_Literal will be placed at 80252754 (length = 8 bytes)
$ASCII_"pt2_7"_Literal will be placed at 8025275C (length = 8 bytes)
$ASCII_"pt12_17"_Literal will be placed at 80252764 (length = 8 bytes)
$ASCII_"pt3_8"_Literal will be placed at 8025276C (length = 8 bytes)
$ASCII_"pt_10"_Literal will be placed at 80252774 (length = 8 bytes)
$ASCII_"tik_tex"_Literal will be placed at 8025277C (length = 8 bytes)
$ASCII_"pt31_36"_Literal will be placed at 80252784 (length = 8 bytes)
$ASCII_"pt63_68"_Literal will be placed at 8025278C (length = 8 bytes)
$ASCII_"pt94_99"_Literal will be placed at 80252794 (length = 8 bytes)
$ASCII_"pt82_87"_Literal will be placed at 8025279C (length = 8 bytes)
$ASCII_"pt_45"_Literal will be placed at 802527A4 (length = 8 bytes)
$ASCII_"pt24_29"_Literal will be placed at 802527AC (length = 8 bytes)
$MoverCancel will be placed at 802527B4 (length = 4 bytes)
$BanditMoverCancel will be placed at 802527B8 (length = 4 bytes)
$CloseDialogBubble will be placed at 802527BC (length = 4 bytes)
Executing patch: pt42_47.mpat
Creating struct: $DeepestLevel
Creating struct: $TotalLevels_Sign
Creating struct: $TotalLevels_CurrentPlaythrough
Creating struct: $LoadHighscores
Creating struct: $FallingDownPipe
Creating struct: $Function_GetPos
Creating struct: $Function2
Creating struct: $SetSpawns
Creating struct: $Script_Set_Formation
Creating struct: $Function_OverwriteBattleID
Creating struct: $Script_SetMover
Creating struct: $Script_MapID_Converter
Creating struct: $Script_LoadOdds
Creating struct: $Script_LoadMoverType
Creating struct: $Script_SpawnMover
Creating struct: $Script_SetNPCPos
Creating struct: $Function_Load_MapID
Creating struct: $SwitchPath
Creating struct: $VectorList_SwitchPath
Creating struct: $GetPos
Creating struct: $DispawnPartner
Creating struct: $RespawnPartner
Creating struct: $LoadMap
Creating struct: $GetFloor
Creating struct: $LoadMapBandit
Creating struct: $GetFloorBandit
Creating struct: $SetSpawnsSpecial
Creating struct: $Script_SetMover_Special
Creating struct: $Script_SpawnMover_Special
Creating struct: $Script_Set_SpecialFormation
Creating struct: $Function_LoadCoinsInToVar1
Creating struct: $Script_SetSpawnPosition
Creating struct: $Script_Init_EnemyNPC
Creating struct: $Script_Init_Lakitu
Creating struct: $Script_TrackOutcome
Creating struct: $Script_LakituOutcome
Creating struct: $Script_FloorEnemy_Idle
Creating struct: $Script_Rogue_GiveTotalCoins
Creating struct: $Script_SetEnemyIdle
Creating struct: $Script_AddCoins
Creating struct: $NPC_Settings_Sack
Creating struct: $Script_Init_Bag
Creating struct: $Script_Init_Bag_HitBox
Creating struct: $Script_NPC_SackHit_Init
Creating struct: $Script_NPC_Sack_FX
Creating struct: $NPC_Sack_AnimationStart
Creating struct: $NPC_Sack_AnimationEnd
Creating struct: $Script_SackAnimation_SackAppears_100
Creating struct: $Script_SackAnimation_Start_GoToTheRight
Creating struct: $Script_SackAnimation_Start_GoToTheLeft
Creating struct: $Script_SackAnimation_End_Right
Creating struct: $Script_SackAnimation_End_Left
Creating struct: $Function_LoadMarioCoins
Creating struct: $Function_LoadCoinsLosted
Creating struct: $Function_SaveCoinsLosted
Creating struct: $Function_ResetCoinsLosted
Creating struct: $Function_LoadGainedCoins
Creating struct: $Function_RevivePlayer
Creating struct: $AISettings_MoneySack
Creating struct: $Script_NpcAI_MoneySack
Creating struct: $JumpTable_80242448
Creating struct: $Function_NpcAI_MoneySack
Creating struct: $Function_80240260
Creating struct: $Function_80240844
Creating struct: $Function_802409A8
Creating struct: $Script_TrackPlayer
Creating struct: $Script_PipeAnimation
Creating struct: $Function_SetAnimation
Creating struct: $Function_GetColliderPos
Creating struct: $Function_TrackInput
Creating struct: $GoToNextLevel
Creating struct: $GetFloorSign
Creating struct: $GetFloorSign_Rogue
Creating struct: $Function_GetTattle1
Creating struct: $Function_GetTattle2
Creating struct: $Script_ReadSign
Creating struct: $NpcSettings_Blank
Creating struct: $NpcGroup_Spring1
Creating struct: $NpcGroup_Spring2
Creating struct: $NpcGroup_Spring3
Creating struct: $NpcGroup_Spring4
Creating struct: $NpcGroup_Spring5
Creating struct: $NpcGroup_Spring6
Creating struct: $NpcGroup_Spring7
Creating struct: $NpcGroup_Spring8
Creating struct: $NpcGroup_Spring9
Creating struct: $NpcGroup_Spring10
Creating struct: $Header
Creating struct: $Script_Main2_Wait
Creating struct: $Script_Main2_Exec
Creating struct: $Script_TrackEvents
Creating struct: $Script_Cutscene_Event
Creating struct: $SkipCutscene_Event
Creating struct: $Script_ZoomIn_Camera_X
Creating struct: $Script_Cutscene_Ruby_Init
Creating struct: $Script_Cutscene_Ruby2
Creating struct: $NpcGroupList_RubyCS
Creating struct: $NpcGroup_RubyCS
Creating struct: $NpcSettings_Generic
Creating struct: $Script_null
Creating struct: $Script_SpawnNPCs
Creating struct: $Function_ResetEnemiesFlag
Creating struct: $EntryList
Creating struct: $Function_Init
Creating struct: $NpcGroup_Mover
Creating struct: $BlankSettings
Creating struct: $Script_Init_Mover
Creating struct: $Interact_Mover
Creating struct: $Script_MoverWarpAnimation
Creating struct: $SkipCutscene_MoverWarpAnimation
Creating struct: $NpcGroup_BanditMover
Creating struct: $Script_Init_BanditMover
Creating struct: $Script_Bandit_StartBattle
Creating struct: $Interact_BanditMover
Creating struct: $Script_Warning_Mario
Creating struct: $Script_NoThanks_Bandit
Creating struct: $Script_ZoomIn_Camera
Creating struct: $Script_ZoomIn_Camera_2
Creating struct: $Script_ZoomIn_Camera_3
Creating struct: $NpcGroup_MoneyBag
Creating struct: $Script_SetPipesPosition
Creating struct: $Script_DisableNumbers
Creating struct: $Script_SetFloorNumbers
Creating struct: $Script_CheckBanditStatus1
Creating struct: $Script_Cutscene_BanditStatus1
Creating struct: $Script_CheckBanditStatus2
Creating struct: $Script_TrackOutcome_Bandit
Creating struct: $Script_Cutscene_BanditDefeated
Creating struct: $SkipCutscene_BanditDefeated
Creating struct: $Script_AddCoins_Bandit
Creating struct: $Function_LoadPath
Creating struct: $Script_ClosePartnerDialog
Creating struct: $PipeSpawning
Creating struct: $EnablePipeCollider
Creating struct: $Script_MakeEntities
Creating struct: $CommingDownPipe
Creating struct: $Function_TimerCurrentFloor
Creating struct: $Script_MakeExits
Creating struct: $Script_Exit0
Creating struct: $Script_Main
Creating struct: $NpcGroup1
Creating struct: $NpcGroup7
Creating struct: $NpcGroups
Creating struct: $NpcGroup_Enemy1
Creating struct: $ConstDouble_802473D8
Creating struct: $ConstDouble_802473E0
Creating struct: $ConstDouble_802473E8
Creating struct: $ConstDouble_802473F0
Creating struct: $ConstDouble_802473F8
Creating struct: $ConstDouble_80247400
Creating struct: $NpcSettings_Enemy1
Creating struct: $NpcSettings_Enemy1B
Creating struct: $Script_EnemyAI
Creating struct: $Script_EnemyAIB
Creating struct: $AISettings_Enemy
Creating struct: $Function_80240FB4
Creating struct: $Function_8024234C
Creating struct: $Function_802414C8
Creating struct: $Function_80241534
Creating struct: $Function_80241630
Creating struct: $Function_80242070
Creating struct: $Function_80242100
Creating struct: $Function_80242200
Creating struct: $Function_80242260
Merged 1 regions to 1
$Script_SetFloorNumbers will be placed at 80240000 (length = 128C bytes)
$NpcGroup_RubyCS will be placed at 8024128C (length = 1170 bytes)
$LoadMap will be placed at 802423FC (length = C04 bytes)
$LoadMapBandit will be placed at 80243000 (length = B80 bytes)
$GoToNextLevel will be placed at 80243B80 (length = B10 bytes)
$Script_Cutscene_BanditDefeated will be placed at 80244690 (length = B08 bytes)
$Function_80241630 will be placed at 80245198 (length = A40 bytes)
$Script_SetEnemyIdle will be placed at 80245BD8 (length = 674 bytes)
$Script_MapID_Converter will be placed at 8024624C (length = 60C bytes)
$Script_Warning_Mario will be placed at 80246858 (length = 608 bytes)
$Function_80240260 will be placed at 80246E60 (length = 5E4 bytes)
$Script_SetNPCPos will be placed at 80247444 (length = 4D0 bytes)
$Script_Cutscene_Ruby_Init will be placed at 80247914 (length = 490 bytes)
$FallingDownPipe will be placed at 80247DA4 (length = 418 bytes)
$Script_TrackEvents will be placed at 802481BC (length = 410 bytes)
$NpcGroup_MoneyBag will be placed at 802485CC (length = 3E0 bytes)
$NpcGroup_Enemy1 will be placed at 802489AC (length = 3E0 bytes)
$Interact_BanditMover will be placed at 80248D8C (length = 3D8 bytes)
$Script_CheckBanditStatus2 will be placed at 80249164 (length = 3D8 bytes)
$SkipCutscene_BanditDefeated will be placed at 8024953C (length = 3D8 bytes)
$Interact_Mover will be placed at 80249914 (length = 3CC bytes)
$Script_Set_SpecialFormation will be placed at 80249CE0 (length = 3B4 bytes)
$Script_FloorEnemy_Idle will be placed at 8024A094 (length = 388 bytes)
$Script_TrackOutcome_Bandit will be placed at 8024A41C (length = 330 bytes)
$Script_LakituOutcome will be placed at 8024A74C (length = 30C bytes)
$Script_Rogue_GiveTotalCoins will be placed at 8024AA58 (length = 2FC bytes)
$Script_Set_Formation will be placed at 8024AD54 (length = 2D4 bytes)
$PipeSpawning will be placed at 8024B028 (length = 2A0 bytes)
$Script_TrackOutcome will be placed at 8024B2C8 (length = 288 bytes)
$Function_80240FB4 will be placed at 8024B550 (length = 260 bytes)
$Script_Cutscene_Ruby2 will be placed at 8024B7B0 (length = 258 bytes)
$Function_8024234C will be placed at 8024BA08 (length = 250 bytes)
$Function_NpcAI_MoneySack will be placed at 8024BC58 (length = 238 bytes)
$Script_SackAnimation_Start_GoToTheRight will be placed at 8024BE90 (length = 230 bytes)
$Script_SetSpawnPosition will be placed at 8024C0C0 (length = 228 bytes)
$Script_Main2_Exec will be placed at 8024C2E8 (length = 228 bytes)
$Script_Cutscene_BanditStatus1 will be placed at 8024C510 (length = 21C bytes)
$Script_LoadMoverType will be placed at 8024C72C (length = 214 bytes)
$Script_NoThanks_Bandit will be placed at 8024C940 (length = 210 bytes)
$Script_SackAnimation_Start_GoToTheLeft will be placed at 8024CB50 (length = 1F8 bytes)
$NpcGroup_Spring10 will be placed at 8024CD48 (length = 1F0 bytes)
$NpcGroup_Spring1 will be placed at 8024CF38 (length = 1F0 bytes)
$NpcGroup_Spring2 will be placed at 8024D128 (length = 1F0 bytes)
$NpcGroup_Spring3 will be placed at 8024D318 (length = 1F0 bytes)
$NpcGroup_Spring4 will be placed at 8024D508 (length = 1F0 bytes)
$NpcGroup_Spring5 will be placed at 8024D6F8 (length = 1F0 bytes)
$NpcGroup_Spring6 will be placed at 8024D8E8 (length = 1F0 bytes)
$NpcGroup_Spring7 will be placed at 8024DAD8 (length = 1F0 bytes)
$NpcGroup_Spring8 will be placed at 8024DCC8 (length = 1F0 bytes)
$NpcGroup_Spring9 will be placed at 8024DEB8 (length = 1F0 bytes)
$NpcGroup_Mover will be placed at 8024E0A8 (length = 1F0 bytes)
$NpcGroup_BanditMover will be placed at 8024E298 (length = 1F0 bytes)
$Script_PipeAnimation will be placed at 8024E488 (length = 1C4 bytes)
$Script_Cutscene_Event will be placed at 8024E64C (length = 198 bytes)
$Script_NPC_SackHit_Init will be placed at 8024E7E4 (length = 198 bytes)
$Script_ClosePartnerDialog will be placed at 8024E97C (length = 194 bytes)
$JumpTable_80242448 will be placed at 8024EB10 (length = 190 bytes)
$SkipCutscene_Event will be placed at 8024ECA0 (length = 188 bytes)
$Script_SpawnNPCs will be placed at 8024EE28 (length = 174 bytes)
$NPC_Sack_AnimationStart will be placed at 8024EF9C (length = 168 bytes)
$Function_80240844 will be placed at 8024F104 (length = 164 bytes)
$Script_SackAnimation_End_Right will be placed at 8024F268 (length = 158 bytes)
$Script_SackAnimation_End_Left will be placed at 8024F3C0 (length = 150 bytes)
$Script_TrackPlayer will be placed at 8024F510 (length = 144 bytes)
$Script_CheckBanditStatus1 will be placed at 8024F654 (length = 13C bytes)
$MapTattle5 will be placed at 8024F790 (length = 13C bytes)
$MapTattle4 will be placed at 8024F8CC (length = 130 bytes)
$BanditMover_Tattle will be placed at 8024F9FC (length = 11C bytes)
$Function_LoadPath will be placed at 8024FB18 (length = 114 bytes)
$Function_80242100 will be placed at 8024FC2C (length = 104 bytes)
$Script_SackAnimation_SackAppears_100 will be placed at 8024FD30 (length = 100 bytes)
$String_Partner_Event_1 will be placed at 8024FE30 (length = FC bytes)
$Function_80241534 will be placed at 8024FF2C (length = FC bytes)
$Script_Main2_Wait will be placed at 80250028 (length = F4 bytes)
$String_Warning2 will be placed at 8025011C (length = F0 bytes)
$Function_80242260 will be placed at 8025020C (length = EC bytes)
$Script_SetMover_Special will be placed at 802502F8 (length = EC bytes)
$SetSpawnsSpecial will be placed at 802503E4 (length = E8 bytes)
$SetSpawns will be placed at 802504CC (length = E8 bytes)
$String_Warning1 will be placed at 802505B4 (length = E8 bytes)
$DeepestLevel will be placed at 8025069C (length = E4 bytes)
$Function_GetColliderPos will be placed at 80250780 (length = E0 bytes)
$Function_GetPos will be placed at 80250860 (length = E0 bytes)
$TotalLevels_Sign will be placed at 80250940 (length = DC bytes)
$Script_SpawnMover_Special will be placed at 80250A1C (length = DC bytes)
$GetFloor will be placed at 80250AF8 (length = DC bytes)
$Script_DisableNumbers will be placed at 80250BD4 (length = D8 bytes)
$MapTattle2 will be placed at 80250CAC (length = D4 bytes)
$NPC_Sack_AnimationEnd will be placed at 80250D80 (length = D4 bytes)
$Script_EnemyAI will be placed at 80250E54 (length = D4 bytes)
$Script_SetMover will be placed at 80250F28 (length = D0 bytes)
$GetFloorBandit will be placed at 80250FF8 (length = D0 bytes)
$Script_AddCoins_Bandit will be placed at 802510C8 (length = C8 bytes)
$GetPos will be placed at 80251190 (length = C8 bytes)
$SkipCutscene_MoverWarpAnimation will be placed at 80251258 (length = C4 bytes)
$Function_Init will be placed at 8025131C (length = C4 bytes)
$MoverStart will be placed at 802513E0 (length = C0 bytes)
$String_Warning3 will be placed at 802514A0 (length = C0 bytes)
$Script_ZoomIn_Camera_3 will be placed at 80251560 (length = BC bytes)
$Script_ZoomIn_Camera_2 will be placed at 8025161C (length = BC bytes)
$Script_ZoomIn_Camera will be placed at 802516D8 (length = BC bytes)
$Function_TrackInput will be placed at 80251794 (length = BC bytes)
$String_Bandit_Defeated4 will be placed at 80251850 (length = B8 bytes)
$Script_MoverWarpAnimation will be placed at 80251908 (length = B8 bytes)
$Script_NpcAI_MoneySack will be placed at 802519C0 (length = B8 bytes)
$Script_SpawnMover will be placed at 80251A78 (length = B4 bytes)
$BanditMoverStart will be placed at 80251B2C (length = B4 bytes)
$MapTattle3 will be placed at 80251BE0 (length = B0 bytes)
$Script_LoadOdds will be placed at 80251C90 (length = B0 bytes)
$Script_SetPipesPosition will be placed at 80251D40 (length = B0 bytes)
$LoadHighscores will be placed at 80251DF0 (length = B0 bytes)
$NpcGroup7 will be placed at 80251EA0 (length = A8 bytes)
$MapTattle1 will be placed at 80251F48 (length = A8 bytes)
$Script_AddCoins will be placed at 80251FF0 (length = A8 bytes)
$SwitchPath will be placed at 80252098 (length = A4 bytes)
$Script_NPC_Sack_FX will be placed at 8025213C (length = A4 bytes)
$Tattle_Springkeeper will be placed at 802521E0 (length = A4 bytes)
$Script_ReadSign will be placed at 80252284 (length = A0 bytes)
$Script_ZoomIn_Camera_X will be placed at 80252324 (length = A0 bytes)
$String_Bandit_Defeated9 will be placed at 802523C4 (length = 9C bytes)
$NpcGroup1 will be placed at 80252460 (length = 9C bytes)
$Script_Bandit_StartBattle will be placed at 802524FC (length = 9C bytes)
$Script_Main will be placed at 80252598 (length = 9C bytes)
$Mover_Tattle will be placed at 80252634 (length = 94 bytes)
$String_Bandit_Defeated3 will be placed at 802526C8 (length = 90 bytes)
$Function_80242070 will be placed at 80252758 (length = 90 bytes)
$String_Bandit_Defeated8 will be placed at 802527E8 (length = 8C bytes)
$BanditMover_Options2 will be placed at 80252874 (length = 84 bytes)
$BanditMover_Options will be placed at 802528F8 (length = 84 bytes)
$Script_EnemyAIB will be placed at 8025297C (length = 80 bytes)
$String_Okay will be placed at 802529FC (length = 80 bytes)
$Function_TimerCurrentFloor will be placed at 80252A7C (length = 7C bytes)
$SignStringBug will be placed at 80252AF8 (length = 7C bytes)
$String_Rogue_CoinsGained_Success will be placed at 80252B74 (length = 78 bytes)
$Mover_Options will be placed at 80252BEC (length = 78 bytes)
$Function2 will be placed at 80252C64 (length = 6C bytes)
$Function_802414C8 will be placed at 80252CD0 (length = 6C bytes)
$Function_SetAnimation will be placed at 80252D3C (length = 6C bytes)
$String_Bandit_Defeated1 will be placed at 80252DA8 (length = 68 bytes)
$CommingDownPipe will be placed at 80252E10 (length = 68 bytes)
$MoverEnd will be placed at 80252E78 (length = 68 bytes)
$BanditMoverEnd will be placed at 80252EE0 (length = 68 bytes)
$String_Bandit_Defeated_Partner3 will be placed at 80252F48 (length = 64 bytes)
$String_Bandit_Defeated_Partner2 will be placed at 80252FAC (length = 64 bytes)
$Function_GetTattle1 will be placed at 80253010 (length = 60 bytes)
$Function_OverwriteBattleID will be placed at 80253070 (length = 60 bytes)
$Function_80242200 will be placed at 802530D0 (length = 60 bytes)
$String_Bandit_Confrontation1 will be placed at 80253130 (length = 5C bytes)
$BanditMoverNoCoins will be placed at 8025318C (length = 58 bytes)
$MoverNoCoins will be placed at 802531E4 (length = 58 bytes)
$String_Bandit_Defeated7 will be placed at 8025323C (length = 50 bytes)
$String_Bandit_Defeated_Partner4 will be placed at 8025328C (length = 50 bytes)
$EntryList will be placed at 802532DC (length = 50 bytes)
$String_NoThanks will be placed at 8025332C (length = 50 bytes)
$Script_Init_BanditMover will be placed at 8025337C (length = 4C bytes)
$GetFloorSign will be placed at 802533C8 (length = 48 bytes)
$Function_Load_MapID will be placed at 80253410 (length = 48 bytes)
$GetFloorSign_Rogue will be placed at 80253458 (length = 48 bytes)
$Script_MakeEntities will be placed at 802534A0 (length = 44 bytes)
$Function_802409A8 will be placed at 802534E4 (length = 44 bytes)
$Function_LoadCoinsInToVar1 will be placed at 80253528 (length = 44 bytes)
$String_Bandit_Defeated_Partner1 will be placed at 8025356C (length = 40 bytes)
$Header will be placed at 802535AC (length = 40 bytes)
$Function_LoadCoinsLosted will be placed at 802535EC (length = 40 bytes)
$Function_LoadMarioCoins will be placed at 8025362C (length = 40 bytes)
$Function_LoadGainedCoins will be placed at 8025366C (length = 40 bytes)
$Function_GetTattle2 will be placed at 802536AC (length = 3C bytes)
$Script_Exit0 will be placed at 802536E8 (length = 3C bytes)
$Script_Init_Bag will be placed at 80253724 (length = 38 bytes)
$Script_Init_Bag_HitBox will be placed at 8025375C (length = 38 bytes)
$String_Bandit_Confrotation_Bye will be placed at 80253794 (length = 34 bytes)
$DispawnPartner will be placed at 802537C8 (length = 34 bytes)
$String_Whatever will be placed at 802537FC (length = 30 bytes)
$EnablePipeCollider will be placed at 8025382C (length = 30 bytes)
$AISettings_MoneySack will be placed at 8025385C (length = 30 bytes)
$String_Bandit_Defeated2 will be placed at 8025388C (length = 30 bytes)
$AISettings_Enemy will be placed at 802538BC (length = 30 bytes)
$RespawnPartner will be placed at 802538EC (length = 30 bytes)
$NPC_Settings_Sack will be placed at 8025391C (length = 2C bytes)
$NpcSettings_Generic will be placed at 80253948 (length = 2C bytes)
$NpcSettings_Enemy1 will be placed at 80253974 (length = 2C bytes)
$Function_RevivePlayer will be placed at 802539A0 (length = 2C bytes)
$NpcSettings_Blank will be placed at 802539CC (length = 2C bytes)
$BlankSettings will be placed at 802539F8 (length = 2C bytes)
$NpcSettings_Enemy1B will be placed at 80253A24 (length = 2C bytes)
$Script_MakeExits will be placed at 80253A50 (length = 2C bytes)
$Function_ResetEnemiesFlag will be placed at 80253A7C (length = 2C bytes)
$String_List_NoYes will be placed at 80253AA8 (length = 28 bytes)
$Function_SaveCoinsLosted will be placed at 80253AD0 (length = 28 bytes)
$String_List_YesNo will be placed at 80253AF8 (length = 28 bytes)
$Script_Init_EnemyNPC will be placed at 80253B20 (length = 24 bytes)
$VectorList_SwitchPath will be placed at 80253B44 (length = 24 bytes)
$Script_Init_Lakitu will be placed at 80253B68 (length = 24 bytes)
$Script_Init_Mover will be placed at 80253B8C (length = 24 bytes)
$String_CoinsGained will be placed at 80253BB0 (length = 24 bytes)
$String_Bandit_Defeated10 will be placed at 80253BD4 (length = 24 bytes)
$String_Bandit_Defeated6 will be placed at 80253BF8 (length = 20 bytes)
$String_Bandit_Defeated5 will be placed at 80253C18 (length = 20 bytes)
$TotalLevels_CurrentPlaythrough will be placed at 80253C38 (length = 1C bytes)
$NpcGroupList_RubyCS will be placed at 80253C54 (length = 18 bytes)
$NpcGroups will be placed at 80253C6C (length = 18 bytes)
$SignString will be placed at 80253C84 (length = 18 bytes)
$String_Psst will be placed at 80253C9C (length = 10 bytes)
$Script_null will be placed at 80253CAC (length = 10 bytes)
$ASCII_"pt81_86_shape"_Literal will be placed at 80253CBC (length = 10 bytes)
$Function_ResetCoinsLosted will be placed at 80253CCC (length = 10 bytes)
$ASCII_"pt51_56_shape"_Literal will be placed at 80253CDC (length = 10 bytes)
$ASCII_"pt1_6_hit"_Literal will be placed at 80253CEC (length = C bytes)
$ASCII_"pt_100"_Literal will be placed at 80253CF8 (length = C bytes)
$ASCII_"dmo_00"_Literal will be placed at 80253D04 (length = C bytes)
$ASCII_"pt1_6_shape"_Literal will be placed at 80253D10 (length = C bytes)
$ConstDouble_802473E8 will be placed at 80253D20 (length = 8 bytes)
$ConstDouble_802473E0 will be placed at 80253D28 (length = 8 bytes)
$ASCII_"pt_85"_Literal will be placed at 80253D30 (length = 8 bytes)
$ConstDouble_802473D8 will be placed at 80253D38 (length = 8 bytes)
$ASCII_"pt91_96"_Literal will be placed at 80253D40 (length = 8 bytes)
$ASCII_"pt62_67"_Literal will be placed at 80253D48 (length = 8 bytes)
$ASCII_"pt33_38"_Literal will be placed at 80253D50 (length = 8 bytes)
$ASCII_"pt1_6"_Literal will be placed at 80253D58 (length = 8 bytes)
$ASCII_"pt_95"_Literal will be placed at 80253D60 (length = 8 bytes)
$ASCII_"pt4_9"_Literal will be placed at 80253D68 (length = 8 bytes)
$ASCII_"pt_65"_Literal will be placed at 80253D70 (length = 8 bytes)
$ASCII_"pt44_49"_Literal will be placed at 80253D78 (length = 8 bytes)
$ASCII_"pt81_86"_Literal will be placed at 80253D80 (length = 8 bytes)
$ASCII_"pt_80"_Literal will be placed at 80253D88 (length = 8 bytes)
$ASCII_"pt52_57"_Literal will be placed at 80253D90 (length = 8 bytes)
$ASCII_"pt23_28"_Literal will be placed at 80253D98 (length = 8 bytes)
$ASCII_"pt_50"_Literal will be placed at 80253DA0 (length = 8 bytes)
$ASCII_"pt83_88"_Literal will be placed at 80253DA8 (length = 8 bytes)
$ASCII_"pt54_59"_Literal will be placed at 80253DB0 (length = 8 bytes)
$ConstDouble_802473F8 will be placed at 80253DB8 (length = 8 bytes)
$ConstDouble_802473F0 will be placed at 80253DC0 (length = 8 bytes)
$ASCII_"pt64_69"_Literal will be placed at 80253DC8 (length = 8 bytes)
$ASCII_"pt72_77"_Literal will be placed at 80253DD0 (length = 8 bytes)
$ASCII_"pt14_19"_Literal will be placed at 80253DD8 (length = 8 bytes)
$ASCII_"pt34_39"_Literal will be placed at 80253DE0 (length = 8 bytes)
$ASCII_"pt22_27"_Literal will be placed at 80253DE8 (length = 8 bytes)
$ASCII_"pt21_26"_Literal will be placed at 80253DF0 (length = 8 bytes)
$ASCII_"pt73_78"_Literal will be placed at 80253DF8 (length = 8 bytes)
$ASCII_"pt84_89"_Literal will be placed at 80253E00 (length = 8 bytes)
$ASCII_"pt92_97"_Literal will be placed at 80253E08 (length = 8 bytes)
$ASCII_"pt_75"_Literal will be placed at 80253E10 (length = 8 bytes)
$ASCII_"pt53_58"_Literal will be placed at 80253E18 (length = 8 bytes)
$ASCII_"pt41_46"_Literal will be placed at 80253E20 (length = 8 bytes)
$ASCII_"pt61_66"_Literal will be placed at 80253E28 (length = 8 bytes)
$ASCII_"pt32_37"_Literal will be placed at 80253E30 (length = 8 bytes)
$ASCII_"pt_15"_Literal will be placed at 80253E38 (length = 8 bytes)
$ASCII_"pt11_16"_Literal will be placed at 80253E40 (length = 8 bytes)
$ASCII_"pt_00"_Literal will be placed at 80253E48 (length = 8 bytes)
$ASCII_"pt74_79"_Literal will be placed at 80253E50 (length = 8 bytes)
$ASCII_"pt_25"_Literal will be placed at 80253E58 (length = 8 bytes)
$ConstDouble_80247400 will be placed at 80253E60 (length = 8 bytes)
$ASCII_"pt_35"_Literal will be placed at 80253E68 (length = 8 bytes)
$ASCII_"pt71_76"_Literal will be placed at 80253E70 (length = 8 bytes)
$ASCII_"pt42_47"_Literal will be placed at 80253E78 (length = 8 bytes)
$ASCII_"pt13_18"_Literal will be placed at 80253E80 (length = 8 bytes)
$ASCII_"pt_05"_Literal will be placed at 80253E88 (length = 8 bytes)
$ASCII_"pt93_98"_Literal will be placed at 80253E90 (length = 8 bytes)
$ASCII_"pt43_48"_Literal will be placed at 80253E98 (length = 8 bytes)
$ASCII_"pt51_56"_Literal will be placed at 80253EA0 (length = 8 bytes)
$ASCII_"pt_55"_Literal will be placed at 80253EA8 (length = 8 bytes)
$ASCII_"pt2_7"_Literal will be placed at 80253EB0 (length = 8 bytes)
$ASCII_"pt12_17"_Literal will be placed at 80253EB8 (length = 8 bytes)
$ASCII_"pt3_8"_Literal will be placed at 80253EC0 (length = 8 bytes)
$ASCII_"pt_10"_Literal will be placed at 80253EC8 (length = 8 bytes)
$ASCII_"tik_tex"_Literal will be placed at 80253ED0 (length = 8 bytes)
$ASCII_"pt31_36"_Literal will be placed at 80253ED8 (length = 8 bytes)
$ASCII_"pt63_68"_Literal will be placed at 80253EE0 (length = 8 bytes)
$ASCII_"pt94_99"_Literal will be placed at 80253EE8 (length = 8 bytes)
$ASCII_"pt82_87"_Literal will be placed at 80253EF0 (length = 8 bytes)
$ASCII_"pt_45"_Literal will be placed at 80253EF8 (length = 8 bytes)
$ASCII_"pt24_29"_Literal will be placed at 80253F00 (length = 8 bytes)
$MoverCancel will be placed at 80253D1C (length = 4 bytes)
$BanditMoverCancel will be placed at 80253F08 (length = 4 bytes)
$CloseDialogBubble will be placed at 80253F0C (length = 4 bytes)
Executing patch: pt43_48.mpat
Creating struct: $DeepestLevel
Creating struct: $TotalLevels_Sign
Creating struct: $TotalLevels_CurrentPlaythrough
Creating struct: $LoadHighscores
Creating struct: $FallingDownPipe
Creating struct: $Function_GetPos
Creating struct: $Function2
Creating struct: $SetSpawns
Creating struct: $Script_Set_Formation
Creating struct: $Function_OverwriteBattleID
Creating struct: $Script_SetMover
Creating struct: $Script_MapID_Converter
Creating struct: $Script_LoadOdds
Creating struct: $Script_LoadMoverType
Creating struct: $Script_SpawnMover
Creating struct: $Script_SetNPCPos
Creating struct: $Function_Load_MapID
Creating struct: $SwitchPath
Creating struct: $VectorList_SwitchPath
Creating struct: $GetPos
Creating struct: $DispawnPartner
Creating struct: $RespawnPartner
Creating struct: $LoadMap
Creating struct: $GetFloor
Creating struct: $LoadMapBandit
Creating struct: $GetFloorBandit
Creating struct: $SetSpawnsSpecial
Creating struct: $Script_SetMover_Special
Creating struct: $Script_SpawnMover_Special
Creating struct: $Script_Set_SpecialFormation
Creating struct: $Function_LoadCoinsInToVar1
Creating struct: $Script_SetSpawnPosition
Creating struct: $Script_Init_EnemyNPC
Creating struct: $Script_Init_Lakitu
Creating struct: $Script_TrackOutcome
Creating struct: $Script_LakituOutcome
Creating struct: $Script_FloorEnemy_Idle
Creating struct: $Script_Rogue_GiveTotalCoins
Creating struct: $Script_SetEnemyIdle
Creating struct: $Script_AddCoins
Creating struct: $NPC_Settings_Sack
Creating struct: $Script_Init_Bag
Creating struct: $Script_Init_Bag_HitBox
Creating struct: $Script_NPC_SackHit_Init
Creating struct: $Script_NPC_Sack_FX
Creating struct: $NPC_Sack_AnimationStart
Creating struct: $NPC_Sack_AnimationEnd
Creating struct: $Script_SackAnimation_SackAppears_100
Creating struct: $Script_SackAnimation_Start_GoToTheRight
Creating struct: $Script_SackAnimation_Start_GoToTheLeft
Creating struct: $Script_SackAnimation_End_Right
Creating struct: $Script_SackAnimation_End_Left
Creating struct: $Function_LoadMarioCoins
Creating struct: $Function_LoadCoinsLosted
Creating struct: $Function_SaveCoinsLosted
Creating struct: $Function_ResetCoinsLosted
Creating struct: $Function_LoadGainedCoins
Creating struct: $Function_RevivePlayer
Creating struct: $AISettings_MoneySack
Creating struct: $Script_NpcAI_MoneySack
Creating struct: $JumpTable_80242448
Creating struct: $Function_NpcAI_MoneySack
Creating struct: $Function_80240260
Creating struct: $Function_80240844
Creating struct: $Function_802409A8
Creating struct: $Script_TrackPlayer
Creating struct: $Script_PipeAnimation
Creating struct: $Function_SetAnimation
Creating struct: $Function_GetColliderPos
Creating struct: $Function_TrackInput
Creating struct: $GoToNextLevel
Creating struct: $GetFloorSign
Creating struct: $GetFloorSign_Rogue
Creating struct: $Function_GetTattle1
Creating struct: $Function_GetTattle2
Creating struct: $Script_ReadSign
Creating struct: $NpcSettings_Blank
Creating struct: $NpcGroup_Spring1
Creating struct: $NpcGroup_Spring2
Creating struct: $NpcGroup_Spring3
Creating struct: $NpcGroup_Spring4
Creating struct: $NpcGroup_Spring5
Creating struct: $NpcGroup_Spring6
Creating struct: $NpcGroup_Spring7
Creating struct: $NpcGroup_Spring8
Creating struct: $NpcGroup_Spring9
Creating struct: $NpcGroup_Spring10
Creating struct: $Header
Creating struct: $Script_Main2_Wait
Creating struct: $Script_Main2_Exec
Creating struct: $Script_TrackEvents
Creating struct: $Script_Cutscene_Event
Creating struct: $SkipCutscene_Event
Creating struct: $Script_ZoomIn_Camera_X
Creating struct: $Script_Cutscene_Ruby_Init
Creating struct: $Script_Cutscene_Ruby2
Creating struct: $NpcGroupList_RubyCS
Creating struct: $NpcGroup_RubyCS
Creating struct: $NpcSettings_Generic
Creating struct: $Script_null
Creating struct: $Script_SpawnNPCs
Creating struct: $Function_ResetEnemiesFlag
Creating struct: $EntryList
Creating struct: $Function_Init
Creating struct: $NpcGroup_Mover
Creating struct: $BlankSettings
Creating struct: $Script_Init_Mover
Creating struct: $Interact_Mover
Creating struct: $Script_MoverWarpAnimation
Creating struct: $SkipCutscene_MoverWarpAnimation
Creating struct: $NpcGroup_BanditMover
Creating struct: $Script_Init_BanditMover
Creating struct: $Script_Bandit_StartBattle
Creating struct: $Interact_BanditMover
Creating struct: $Script_Warning_Mario
Creating struct: $Script_NoThanks_Bandit
Creating struct: $Script_ZoomIn_Camera
Creating struct: $Script_ZoomIn_Camera_2
Creating struct: $Script_ZoomIn_Camera_3
Creating struct: $NpcGroup_MoneyBag
Creating struct: $Script_SetPipesPosition
Creating struct: $Script_DisableNumbers
Creating struct: $Script_SetFloorNumbers
Creating struct: $Script_CheckBanditStatus1
Creating struct: $Script_Cutscene_BanditStatus1
Creating struct: $Script_CheckBanditStatus2
Creating struct: $Script_TrackOutcome_Bandit
Creating struct: $Script_Cutscene_BanditDefeated
Creating struct: $SkipCutscene_BanditDefeated
Creating struct: $Script_AddCoins_Bandit
Creating struct: $Function_LoadPath
Creating struct: $Script_ClosePartnerDialog
Creating struct: $PipeSpawning
Creating struct: $EnablePipeCollider
Creating struct: $Script_MakeEntities
Creating struct: $CommingDownPipe
Creating struct: $Function_TimerCurrentFloor
Creating struct: $Script_MakeExits
Creating struct: $Script_Exit0
Creating struct: $Script_Main
Creating struct: $NpcGroups
Creating struct: $NpcGroup1
Creating struct: $NpcGroup7
Creating struct: $NpcGroup_Enemy1
Creating struct: $NpcSettings_Enemy1
Creating struct: $Script_EnemyAI
Creating struct: $AISettings_Enemy
Creating struct: $Script_DisableEnemyAI
Creating struct: $AISettings_DisableEnemy
Merged 1 regions to 1
$Script_SetFloorNumbers will be placed at 80240000 (length = 128C bytes)
$NpcGroup_RubyCS will be placed at 8024128C (length = 1170 bytes)
$LoadMap will be placed at 802423FC (length = C04 bytes)
$LoadMapBandit will be placed at 80243000 (length = B80 bytes)
$GoToNextLevel will be placed at 80243B80 (length = B10 bytes)
$Script_Cutscene_BanditDefeated will be placed at 80244690 (length = B08 bytes)
$Script_SetEnemyIdle will be placed at 80245198 (length = 674 bytes)
$Script_MapID_Converter will be placed at 8024580C (length = 60C bytes)
$Script_Warning_Mario will be placed at 80245E18 (length = 608 bytes)
$Function_80240260 will be placed at 80246420 (length = 5E4 bytes)
$Script_SetNPCPos will be placed at 80246A04 (length = 4D0 bytes)
$Script_Cutscene_Ruby_Init will be placed at 80246ED4 (length = 490 bytes)
$FallingDownPipe will be placed at 80247364 (length = 418 bytes)
$Script_TrackEvents will be placed at 8024777C (length = 410 bytes)
$NpcGroup_MoneyBag will be placed at 80247B8C (length = 3E0 bytes)
$Interact_BanditMover will be placed at 80247F6C (length = 3D8 bytes)
$Script_CheckBanditStatus2 will be placed at 80248344 (length = 3D8 bytes)
$SkipCutscene_BanditDefeated will be placed at 8024871C (length = 3D8 bytes)
$Interact_Mover will be placed at 80248AF4 (length = 3CC bytes)
$Script_Set_SpecialFormation will be placed at 80248EC0 (length = 3B4 bytes)
$Script_FloorEnemy_Idle will be placed at 80249274 (length = 388 bytes)
$Script_TrackOutcome_Bandit will be placed at 802495FC (length = 330 bytes)
$Script_LakituOutcome will be placed at 8024992C (length = 30C bytes)
$Script_Rogue_GiveTotalCoins will be placed at 80249C38 (length = 2FC bytes)
$Script_Set_Formation will be placed at 80249F34 (length = 2D4 bytes)
$PipeSpawning will be placed at 8024A208 (length = 2A0 bytes)
$Script_TrackOutcome will be placed at 8024A4A8 (length = 288 bytes)
$Script_Cutscene_Ruby2 will be placed at 8024A730 (length = 258 bytes)
$Function_NpcAI_MoneySack will be placed at 8024A988 (length = 238 bytes)
$Script_SackAnimation_Start_GoToTheRight will be placed at 8024ABC0 (length = 230 bytes)
$Script_SetSpawnPosition will be placed at 8024ADF0 (length = 228 bytes)
$Script_Main2_Exec will be placed at 8024B018 (length = 228 bytes)
$Script_Cutscene_BanditStatus1 will be placed at 8024B240 (length = 21C bytes)
$Script_LoadMoverType will be placed at 8024B45C (length = 214 bytes)
$Script_NoThanks_Bandit will be placed at 8024B670 (length = 210 bytes)
$Script_SackAnimation_Start_GoToTheLeft will be placed at 8024B880 (length = 1F8 bytes)
$NpcGroup_Spring10 will be placed at 8024BA78 (length = 1F0 bytes)
$NpcGroup_Enemy1 will be placed at 8024BC68 (length = 1F0 bytes)
$NpcGroup_Spring1 will be placed at 8024BE58 (length = 1F0 bytes)
$NpcGroup_Spring2 will be placed at 8024C048 (length = 1F0 bytes)
$NpcGroup_Spring3 will be placed at 8024C238 (length = 1F0 bytes)
$NpcGroup_Spring4 will be placed at 8024C428 (length = 1F0 bytes)
$NpcGroup_Spring5 will be placed at 8024C618 (length = 1F0 bytes)
$NpcGroup_Spring6 will be placed at 8024C808 (length = 1F0 bytes)
$NpcGroup_Spring7 will be placed at 8024C9F8 (length = 1F0 bytes)
$NpcGroup_Spring8 will be placed at 8024CBE8 (length = 1F0 bytes)
$NpcGroup_Spring9 will be placed at 8024CDD8 (length = 1F0 bytes)
$NpcGroup_Mover will be placed at 8024CFC8 (length = 1F0 bytes)
$NpcGroup_BanditMover will be placed at 8024D1B8 (length = 1F0 bytes)
$Script_PipeAnimation will be placed at 8024D3A8 (length = 1C4 bytes)
$Script_Cutscene_Event will be placed at 8024D56C (length = 198 bytes)
$Script_NPC_SackHit_Init will be placed at 8024D704 (length = 198 bytes)
$Script_ClosePartnerDialog will be placed at 8024D89C (length = 194 bytes)
$JumpTable_80242448 will be placed at 8024DA30 (length = 190 bytes)
$SkipCutscene_Event will be placed at 8024DBC0 (length = 188 bytes)
$Script_SpawnNPCs will be placed at 8024DD48 (length = 174 bytes)
$NPC_Sack_AnimationStart will be placed at 8024DEBC (length = 168 bytes)
$Function_80240844 will be placed at 8024E024 (length = 164 bytes)
$Script_SackAnimation_End_Right will be placed at 8024E188 (length = 158 bytes)
$Script_SackAnimation_End_Left will be placed at 8024E2E0 (length = 150 bytes)
$Script_TrackPlayer will be placed at 8024E430 (length = 144 bytes)
$Script_CheckBanditStatus1 will be placed at 8024E574 (length = 13C bytes)
$MapTattle5 will be placed at 8024E6B0 (length = 13C bytes)
$MapTattle4 will be placed at 8024E7EC (length = 130 bytes)
$BanditMover_Tattle will be placed at 8024E91C (length = 11C bytes)
$Function_LoadPath will be placed at 8024EA38 (length = 114 bytes)
$Script_SackAnimation_SackAppears_100 will be placed at 8024EB4C (length = 100 bytes)
$String_Partner_Event_1 will be placed at 8024EC4C (length = FC bytes)
$Script_Main2_Wait will be placed at 8024ED48 (length = F4 bytes)
$String_Warning2 will be placed at 8024EE3C (length = F0 bytes)
$Script_SetMover_Special will be placed at 8024EF2C (length = EC bytes)
$SetSpawnsSpecial will be placed at 8024F018 (length = E8 bytes)
$SetSpawns will be placed at 8024F100 (length = E8 bytes)
$String_Warning1 will be placed at 8024F1E8 (length = E8 bytes)
$DeepestLevel will be placed at 8024F2D0 (length = E4 bytes)
$Function_GetColliderPos will be placed at 8024F3B4 (length = E0 bytes)
$Function_GetPos will be placed at 8024F494 (length = E0 bytes)
$TotalLevels_Sign will be placed at 8024F574 (length = DC bytes)
$Script_SpawnMover_Special will be placed at 8024F650 (length = DC bytes)
$GetFloor will be placed at 8024F72C (length = DC bytes)
$Script_DisableNumbers will be placed at 8024F808 (length = D8 bytes)
$MapTattle2 will be placed at 8024F8E0 (length = D4 bytes)
$NPC_Sack_AnimationEnd will be placed at 8024F9B4 (length = D4 bytes)
$Script_SetMover will be placed at 8024FA88 (length = D0 bytes)
$GetFloorBandit will be placed at 8024FB58 (length = D0 bytes)
$Script_AddCoins_Bandit will be placed at 8024FC28 (length = C8 bytes)
$GetPos will be placed at 8024FCF0 (length = C8 bytes)
$SkipCutscene_MoverWarpAnimation will be placed at 8024FDB8 (length = C4 bytes)
$Function_Init will be placed at 8024FE7C (length = C4 bytes)
$MoverStart will be placed at 8024FF40 (length = C0 bytes)
$String_Warning3 will be placed at 80250000 (length = C0 bytes)
$Script_ZoomIn_Camera_3 will be placed at 802500C0 (length = BC bytes)
$Script_ZoomIn_Camera_2 will be placed at 8025017C (length = BC bytes)
$Script_ZoomIn_Camera will be placed at 80250238 (length = BC bytes)
$Function_TrackInput will be placed at 802502F4 (length = BC bytes)
$String_Bandit_Defeated4 will be placed at 802503B0 (length = B8 bytes)
$Script_MoverWarpAnimation will be placed at 80250468 (length = B8 bytes)
$Script_NpcAI_MoneySack will be placed at 80250520 (length = B8 bytes)
$NpcGroups will be placed at 802505D8 (length = B4 bytes)
$Script_SpawnMover will be placed at 8025068C (length = B4 bytes)
$BanditMoverStart will be placed at 80250740 (length = B4 bytes)
$MapTattle3 will be placed at 802507F4 (length = B0 bytes)
$Script_LoadOdds will be placed at 802508A4 (length = B0 bytes)
$Script_SetPipesPosition will be placed at 80250954 (length = B0 bytes)
$LoadHighscores will be placed at 80250A04 (length = B0 bytes)
$MapTattle1 will be placed at 80250AB4 (length = A8 bytes)
$Script_AddCoins will be placed at 80250B5C (length = A8 bytes)
$SwitchPath will be placed at 80250C04 (length = A4 bytes)
$Script_NPC_Sack_FX will be placed at 80250CA8 (length = A4 bytes)
$Tattle_Springkeeper will be placed at 80250D4C (length = A4 bytes)
$Script_ReadSign will be placed at 80250DF0 (length = A0 bytes)
$Script_ZoomIn_Camera_X will be placed at 80250E90 (length = A0 bytes)
$String_Bandit_Defeated9 will be placed at 80250F30 (length = 9C bytes)
$Script_Bandit_StartBattle will be placed at 80250FCC (length = 9C bytes)
$Script_Main will be placed at 80251068 (length = 9C bytes)
$Mover_Tattle will be placed at 80251104 (length = 94 bytes)
$String_Bandit_Defeated3 will be placed at 80251198 (length = 90 bytes)
$String_Bandit_Defeated8 will be placed at 80251228 (length = 8C bytes)
$BanditMover_Options2 will be placed at 802512B4 (length = 84 bytes)
$BanditMover_Options will be placed at 80251338 (length = 84 bytes)
$String_Okay will be placed at 802513BC (length = 80 bytes)
$Function_TimerCurrentFloor will be placed at 8025143C (length = 7C bytes)
$SignStringBug will be placed at 802514B8 (length = 7C bytes)
$String_Rogue_CoinsGained_Success will be placed at 80251534 (length = 78 bytes)
$Mover_Options will be placed at 802515AC (length = 78 bytes)
$Function2 will be placed at 80251624 (length = 6C bytes)
$Function_SetAnimation will be placed at 80251690 (length = 6C bytes)
$String_Bandit_Defeated1 will be placed at 802516FC (length = 68 bytes)
$CommingDownPipe will be placed at 80251764 (length = 68 bytes)
$MoverEnd will be placed at 802517CC (length = 68 bytes)
$BanditMoverEnd will be placed at 80251834 (length = 68 bytes)
$String_Bandit_Defeated_Partner3 will be placed at 8025189C (length = 64 bytes)
$String_Bandit_Defeated_Partner2 will be placed at 80251900 (length = 64 bytes)
$Function_GetTattle1 will be placed at 80251964 (length = 60 bytes)
$Function_OverwriteBattleID will be placed at 802519C4 (length = 60 bytes)
$String_Bandit_Confrontation1 will be placed at 80251A24 (length = 5C bytes)
$BanditMoverNoCoins will be placed at 80251A80 (length = 58 bytes)
$MoverNoCoins will be placed at 80251AD8 (length = 58 bytes)
$String_Bandit_Defeated7 will be placed at 80251B30 (length = 50 bytes)
$String_Bandit_Defeated_Partner4 will be placed at 80251B80 (length = 50 bytes)
$EntryList will be placed at 80251BD0 (length = 50 bytes)
$String_NoThanks will be placed at 80251C20 (length = 50 bytes)
$Script_Init_BanditMover will be placed at 80251C70 (length = 4C bytes)
$GetFloorSign will be placed at 80251CBC (length = 48 bytes)
$Function_Load_MapID will be placed at 80251D04 (length = 48 bytes)
$GetFloorSign_Rogue will be placed at 80251D4C (length = 48 bytes)
$Script_MakeEntities will be placed at 80251D94 (length = 44 bytes)
$Function_802409A8 will be placed at 80251DD8 (length = 44 bytes)
$Function_LoadCoinsInToVar1 will be placed at 80251E1C (length = 44 bytes)
$String_Bandit_Defeated_Partner1 will be placed at 80251E60 (length = 40 bytes)
$Header will be placed at 80251EA0 (length = 40 bytes)
$Function_LoadCoinsLosted will be placed at 80251EE0 (length = 40 bytes)
$Function_LoadMarioCoins will be placed at 80251F20 (length = 40 bytes)
$Function_LoadGainedCoins will be placed at 80251F60 (length = 40 bytes)
$Function_GetTattle2 will be placed at 80251FA0 (length = 3C bytes)
$Script_Exit0 will be placed at 80251FDC (length = 3C bytes)
$Script_Init_Bag will be placed at 80252018 (length = 38 bytes)
$Script_Init_Bag_HitBox will be placed at 80252050 (length = 38 bytes)
$String_Bandit_Confrotation_Bye will be placed at 80252088 (length = 34 bytes)
$DispawnPartner will be placed at 802520BC (length = 34 bytes)
$String_Whatever will be placed at 802520F0 (length = 30 bytes)
$EnablePipeCollider will be placed at 80252120 (length = 30 bytes)
$AISettings_MoneySack will be placed at 80252150 (length = 30 bytes)
$String_Bandit_Defeated2 will be placed at 80252180 (length = 30 bytes)
$AISettings_Enemy will be placed at 802521B0 (length = 30 bytes)
$RespawnPartner will be placed at 802521E0 (length = 30 bytes)
$AISettings_DisableEnemy will be placed at 80252210 (length = 30 bytes)
$NPC_Settings_Sack will be placed at 80252240 (length = 2C bytes)
$NpcSettings_Generic will be placed at 8025226C (length = 2C bytes)
$Function_RevivePlayer will be placed at 80252298 (length = 2C bytes)
$NpcSettings_Blank will be placed at 802522C4 (length = 2C bytes)
$BlankSettings will be placed at 802522F0 (length = 2C bytes)
$Script_MakeExits will be placed at 8025231C (length = 2C bytes)
$Function_ResetEnemiesFlag will be placed at 80252348 (length = 2C bytes)
$String_List_NoYes will be placed at 80252374 (length = 28 bytes)
$Function_SaveCoinsLosted will be placed at 8025239C (length = 28 bytes)
$String_List_YesNo will be placed at 802523C4 (length = 28 bytes)
$Script_Init_EnemyNPC will be placed at 802523EC (length = 24 bytes)
$VectorList_SwitchPath will be placed at 80252410 (length = 24 bytes)
$NpcSettings_Enemy1 will be placed at 80252434 (length = 24 bytes)
$Script_Init_Lakitu will be placed at 80252458 (length = 24 bytes)
$Script_Init_Mover will be placed at 8025247C (length = 24 bytes)
$String_CoinsGained will be placed at 802524A0 (length = 24 bytes)
$String_Bandit_Defeated10 will be placed at 802524C4 (length = 24 bytes)
$String_Bandit_Defeated6 will be placed at 802524E8 (length = 20 bytes)
$String_Bandit_Defeated5 will be placed at 80252508 (length = 20 bytes)
$Script_DisableEnemyAI will be placed at 80252528 (length = 20 bytes)
$Script_EnemyAI will be placed at 80252548 (length = 20 bytes)
$TotalLevels_CurrentPlaythrough will be placed at 80252568 (length = 1C bytes)
$NpcGroupList_RubyCS will be placed at 80252584 (length = 18 bytes)
$SignString will be placed at 8025259C (length = 18 bytes)
$String_Psst will be placed at 802525B4 (length = 10 bytes)
$Script_null will be placed at 802525C4 (length = 10 bytes)
$ASCII_"pt81_86_shape"_Literal will be placed at 802525D4 (length = 10 bytes)
$Function_ResetCoinsLosted will be placed at 802525E4 (length = 10 bytes)
$ASCII_"pt51_56_shape"_Literal will be placed at 802525F4 (length = 10 bytes)
$ASCII_"pt1_6_hit"_Literal will be placed at 80252604 (length = C bytes)
$NpcGroup7 will be placed at 80252610 (length = C bytes)
$NpcGroup1 will be placed at 8025261C (length = C bytes)
$ASCII_"pt_100"_Literal will be placed at 80252628 (length = C bytes)
$ASCII_"dmo_00"_Literal will be placed at 80252634 (length = C bytes)
$ASCII_"pt1_6_shape"_Literal will be placed at 80252640 (length = C bytes)
$ASCII_"pt_85"_Literal will be placed at 8025264C (length = 8 bytes)
$ASCII_"pt91_96"_Literal will be placed at 80252654 (length = 8 bytes)
$ASCII_"pt62_67"_Literal will be placed at 8025265C (length = 8 bytes)
$ASCII_"pt33_38"_Literal will be placed at 80252664 (length = 8 bytes)
$ASCII_"pt1_6"_Literal will be placed at 8025266C (length = 8 bytes)
$ASCII_"pt_95"_Literal will be placed at 80252674 (length = 8 bytes)
$ASCII_"pt4_9"_Literal will be placed at 8025267C (length = 8 bytes)
$ASCII_"pt_65"_Literal will be placed at 80252684 (length = 8 bytes)
$ASCII_"pt44_49"_Literal will be placed at 8025268C (length = 8 bytes)
$ASCII_"pt81_86"_Literal will be placed at 80252694 (length = 8 bytes)
$ASCII_"pt_80"_Literal will be placed at 8025269C (length = 8 bytes)
$ASCII_"pt52_57"_Literal will be placed at 802526A4 (length = 8 bytes)
$ASCII_"pt23_28"_Literal will be placed at 802526AC (length = 8 bytes)
$ASCII_"pt_50"_Literal will be placed at 802526B4 (length = 8 bytes)
$ASCII_"pt83_88"_Literal will be placed at 802526BC (length = 8 bytes)
$ASCII_"pt54_59"_Literal will be placed at 802526C4 (length = 8 bytes)
$ASCII_"pt64_69"_Literal will be placed at 802526CC (length = 8 bytes)
$ASCII_"pt72_77"_Literal will be placed at 802526D4 (length = 8 bytes)
$ASCII_"pt14_19"_Literal will be placed at 802526DC (length = 8 bytes)
$ASCII_"pt34_39"_Literal will be placed at 802526E4 (length = 8 bytes)
$ASCII_"pt22_27"_Literal will be placed at 802526EC (length = 8 bytes)
$ASCII_"pt21_26"_Literal will be placed at 802526F4 (length = 8 bytes)
$ASCII_"pt73_78"_Literal will be placed at 802526FC (length = 8 bytes)
$ASCII_"pt84_89"_Literal will be placed at 80252704 (length = 8 bytes)
$ASCII_"pt92_97"_Literal will be placed at 8025270C (length = 8 bytes)
$ASCII_"pt_75"_Literal will be placed at 80252714 (length = 8 bytes)
$ASCII_"pt53_58"_Literal will be placed at 8025271C (length = 8 bytes)
$ASCII_"pt41_46"_Literal will be placed at 80252724 (length = 8 bytes)
$ASCII_"pt61_66"_Literal will be placed at 8025272C (length = 8 bytes)
$ASCII_"pt32_37"_Literal will be placed at 80252734 (length = 8 bytes)
$ASCII_"pt_15"_Literal will be placed at 8025273C (length = 8 bytes)
$ASCII_"pt11_16"_Literal will be placed at 80252744 (length = 8 bytes)
$ASCII_"pt_00"_Literal will be placed at 8025274C (length = 8 bytes)
$ASCII_"pt74_79"_Literal will be placed at 80252754 (length = 8 bytes)
$ASCII_"pt_25"_Literal will be placed at 8025275C (length = 8 bytes)
$ASCII_"pt_35"_Literal will be placed at 80252764 (length = 8 bytes)
$ASCII_"pt71_76"_Literal will be placed at 8025276C (length = 8 bytes)
$ASCII_"pt42_47"_Literal will be placed at 80252774 (length = 8 bytes)
$ASCII_"pt13_18"_Literal will be placed at 8025277C (length = 8 bytes)
$ASCII_"pt_05"_Literal will be placed at 80252784 (length = 8 bytes)
$ASCII_"pt93_98"_Literal will be placed at 8025278C (length = 8 bytes)
$ASCII_"pt43_48"_Literal will be placed at 80252794 (length = 8 bytes)
$ASCII_"pt51_56"_Literal will be placed at 8025279C (length = 8 bytes)
$ASCII_"pt_55"_Literal will be placed at 802527A4 (length = 8 bytes)
$ASCII_"pt2_7"_Literal will be placed at 802527AC (length = 8 bytes)
$ASCII_"pt12_17"_Literal will be placed at 802527B4 (length = 8 bytes)
$ASCII_"pt3_8"_Literal will be placed at 802527BC (length = 8 bytes)
$ASCII_"pt_10"_Literal will be placed at 802527C4 (length = 8 bytes)
$ASCII_"tik_tex"_Literal will be placed at 802527CC (length = 8 bytes)
$ASCII_"pt31_36"_Literal will be placed at 802527D4 (length = 8 bytes)
$ASCII_"pt63_68"_Literal will be placed at 802527DC (length = 8 bytes)
$ASCII_"pt94_99"_Literal will be placed at 802527E4 (length = 8 bytes)
$ASCII_"pt82_87"_Literal will be placed at 802527EC (length = 8 bytes)
$ASCII_"pt_45"_Literal will be placed at 802527F4 (length = 8 bytes)
$ASCII_"pt24_29"_Literal will be placed at 802527FC (length = 8 bytes)
$MoverCancel will be placed at 80252804 (length = 4 bytes)
$BanditMoverCancel will be placed at 80252808 (length = 4 bytes)
$CloseDialogBubble will be placed at 8025280C (length = 4 bytes)
Executing patch: pt44_49.mpat
Creating struct: $DeepestLevel
Creating struct: $TotalLevels_Sign
Creating struct: $TotalLevels_CurrentPlaythrough
Creating struct: $LoadHighscores
Creating struct: $FallingDownPipe
Creating struct: $Function_GetPos
Creating struct: $Function2
Creating struct: $SetSpawns
Creating struct: $Script_Set_Formation
Creating struct: $Function_OverwriteBattleID
Creating struct: $Script_SetMover
Creating struct: $Script_MapID_Converter
Creating struct: $Script_LoadOdds
Creating struct: $Script_LoadMoverType
Creating struct: $Script_SpawnMover
Creating struct: $Script_SetNPCPos
Creating struct: $Function_Load_MapID
Creating struct: $SwitchPath
Creating struct: $VectorList_SwitchPath
Creating struct: $GetPos
Creating struct: $DispawnPartner
Creating struct: $RespawnPartner
Creating struct: $LoadMap
Creating struct: $GetFloor
Creating struct: $LoadMapBandit
Creating struct: $GetFloorBandit
Creating struct: $SetSpawnsSpecial
Creating struct: $Script_SetMover_Special
Creating struct: $Script_SpawnMover_Special
Creating struct: $Script_Set_SpecialFormation
Creating struct: $Function_LoadCoinsInToVar1
Creating struct: $Script_SetSpawnPosition
Creating struct: $Script_Init_EnemyNPC
Creating struct: $Script_Init_Lakitu
Creating struct: $Script_TrackOutcome
Creating struct: $Script_LakituOutcome
Creating struct: $Script_FloorEnemy_Idle
Creating struct: $Script_Rogue_GiveTotalCoins
Creating struct: $Script_SetEnemyIdle
Creating struct: $Script_AddCoins
Creating struct: $NPC_Settings_Sack
Creating struct: $Script_Init_Bag
Creating struct: $Script_Init_Bag_HitBox
Creating struct: $Script_NPC_SackHit_Init
Creating struct: $Script_NPC_Sack_FX
Creating struct: $NPC_Sack_AnimationStart
Creating struct: $NPC_Sack_AnimationEnd
Creating struct: $Script_SackAnimation_SackAppears_100
Creating struct: $Script_SackAnimation_Start_GoToTheRight
Creating struct: $Script_SackAnimation_Start_GoToTheLeft
Creating struct: $Script_SackAnimation_End_Right
Creating struct: $Script_SackAnimation_End_Left
Creating struct: $Function_LoadMarioCoins
Creating struct: $Function_LoadCoinsLosted
Creating struct: $Function_SaveCoinsLosted
Creating struct: $Function_ResetCoinsLosted
Creating struct: $Function_LoadGainedCoins
Creating struct: $Function_RevivePlayer
Creating struct: $AISettings_MoneySack
Creating struct: $Script_NpcAI_MoneySack
Creating struct: $JumpTable_80242448
Creating struct: $Function_NpcAI_MoneySack
Creating struct: $Function_80240260
Creating struct: $Function_80240844
Creating struct: $Function_802409A8
Creating struct: $Script_TrackPlayer
Creating struct: $Script_PipeAnimation
Creating struct: $Function_SetAnimation
Creating struct: $Function_GetColliderPos
Creating struct: $Function_TrackInput
Creating struct: $GoToNextLevel
Creating struct: $GetFloorSign
Creating struct: $GetFloorSign_Rogue
Creating struct: $Function_GetTattle1
Creating struct: $Function_GetTattle2
Creating struct: $Script_ReadSign
Creating struct: $NpcSettings_Blank
Creating struct: $NpcGroup_Spring1
Creating struct: $NpcGroup_Spring2
Creating struct: $NpcGroup_Spring3
Creating struct: $NpcGroup_Spring4
Creating struct: $NpcGroup_Spring5
Creating struct: $NpcGroup_Spring6
Creating struct: $NpcGroup_Spring7
Creating struct: $NpcGroup_Spring8
Creating struct: $NpcGroup_Spring9
Creating struct: $NpcGroup_Spring10
Creating struct: $Header
Creating struct: $Script_Main2_Wait
Creating struct: $Script_Main2_Exec
Creating struct: $Script_TrackEvents
Creating struct: $Script_Cutscene_Event
Creating struct: $SkipCutscene_Event
Creating struct: $Script_ZoomIn_Camera_X
Creating struct: $Script_Cutscene_Ruby_Init
Creating struct: $Script_Cutscene_Ruby2
Creating struct: $NpcGroupList_RubyCS
Creating struct: $NpcGroup_RubyCS
Creating struct: $NpcSettings_Generic
Creating struct: $Script_null
Creating struct: $Script_SpawnNPCs
Creating struct: $Function_ResetEnemiesFlag
Creating struct: $EntryList
Creating struct: $Function_Init
Creating struct: $NpcGroup_Mover
Creating struct: $BlankSettings
Creating struct: $Script_Init_Mover
Creating struct: $Interact_Mover
Creating struct: $Script_MoverWarpAnimation
Creating struct: $SkipCutscene_MoverWarpAnimation
Creating struct: $NpcGroup_BanditMover
Creating struct: $Script_Init_BanditMover
Creating struct: $Script_Bandit_StartBattle
Creating struct: $Interact_BanditMover
Creating struct: $Script_Warning_Mario
Creating struct: $Script_NoThanks_Bandit
Creating struct: $Script_ZoomIn_Camera
Creating struct: $Script_ZoomIn_Camera_2
Creating struct: $Script_ZoomIn_Camera_3
Creating struct: $NpcGroup_MoneyBag
Creating struct: $Script_SetPipesPosition
Creating struct: $Script_DisableNumbers
Creating struct: $Script_SetFloorNumbers
Creating struct: $Script_CheckBanditStatus1
Creating struct: $Script_Cutscene_BanditStatus1
Creating struct: $Script_CheckBanditStatus2
Creating struct: $Script_TrackOutcome_Bandit
Creating struct: $Script_Cutscene_BanditDefeated
Creating struct: $SkipCutscene_BanditDefeated
Creating struct: $Script_AddCoins_Bandit
Creating struct: $Function_LoadPath
Creating struct: $Script_ClosePartnerDialog
Creating struct: $PipeSpawning
Creating struct: $EnablePipeCollider
Creating struct: $Script_MakeEntities
Creating struct: $CommingDownPipe
Creating struct: $Function_TimerCurrentFloor
Creating struct: $Script_MakeExits
Creating struct: $Script_Exit0
Creating struct: $Script_Main
Creating struct: $NpcGroups
Creating struct: $NpcGroup1
Creating struct: $NpcGroup7
Creating struct: $NpcGroup_Enemy1
Creating struct: $NpcSettings_Enemy1
Creating struct: $Script_EnemyAI
Creating struct: $AISettings_Enemy
Creating struct: $ConstDouble_802471E0
Creating struct: $JumpTable_802471E8
Creating struct: $Function_802406A4
Creating struct: $Function_80240310
Creating struct: $Function_8024038C
Creating struct: $Function_802404C0
Creating struct: $Function_80240624
Creating struct: $Script_DisableEnemyAI
Creating struct: $AISettings_DisableEnemy
Merged 1 regions to 1
$Script_SetFloorNumbers will be placed at 80240000 (length = 128C bytes)
$NpcGroup_RubyCS will be placed at 8024128C (length = 1170 bytes)
$LoadMap will be placed at 802423FC (length = C04 bytes)
$LoadMapBandit will be placed at 80243000 (length = B80 bytes)
$GoToNextLevel will be placed at 80243B80 (length = B10 bytes)
$Script_Cutscene_BanditDefeated will be placed at 80244690 (length = B08 bytes)
$Script_SetEnemyIdle will be placed at 80245198 (length = 674 bytes)
$Script_MapID_Converter will be placed at 8024580C (length = 60C bytes)
$Script_Warning_Mario will be placed at 80245E18 (length = 608 bytes)
$Function_80240260 will be placed at 80246420 (length = 5E4 bytes)
$Script_SetNPCPos will be placed at 80246A04 (length = 4D0 bytes)
$Script_Cutscene_Ruby_Init will be placed at 80246ED4 (length = 490 bytes)
$Function_802406A4 will be placed at 80247364 (length = 440 bytes)
$FallingDownPipe will be placed at 802477A4 (length = 418 bytes)
$Script_TrackEvents will be placed at 80247BBC (length = 410 bytes)
$NpcGroup_MoneyBag will be placed at 80247FCC (length = 3E0 bytes)
$Interact_BanditMover will be placed at 802483AC (length = 3D8 bytes)
$Script_CheckBanditStatus2 will be placed at 80248784 (length = 3D8 bytes)
$SkipCutscene_BanditDefeated will be placed at 80248B5C (length = 3D8 bytes)
$Interact_Mover will be placed at 80248F34 (length = 3CC bytes)
$Script_Set_SpecialFormation will be placed at 80249300 (length = 3B4 bytes)
$Script_FloorEnemy_Idle will be placed at 802496B4 (length = 388 bytes)
$Script_TrackOutcome_Bandit will be placed at 80249A3C (length = 330 bytes)
$Script_LakituOutcome will be placed at 80249D6C (length = 30C bytes)
$Script_Rogue_GiveTotalCoins will be placed at 8024A078 (length = 2FC bytes)
$Script_Set_Formation will be placed at 8024A374 (length = 2D4 bytes)
$PipeSpawning will be placed at 8024A648 (length = 2A0 bytes)
$Script_TrackOutcome will be placed at 8024A8E8 (length = 288 bytes)
$Script_Cutscene_Ruby2 will be placed at 8024AB70 (length = 258 bytes)
$Function_NpcAI_MoneySack will be placed at 8024ADC8 (length = 238 bytes)
$Script_SackAnimation_Start_GoToTheRight will be placed at 8024B000 (length = 230 bytes)
$Script_SetSpawnPosition will be placed at 8024B230 (length = 228 bytes)
$Script_Main2_Exec will be placed at 8024B458 (length = 228 bytes)
$Script_Cutscene_BanditStatus1 will be placed at 8024B680 (length = 21C bytes)
$Script_LoadMoverType will be placed at 8024B89C (length = 214 bytes)
$Script_NoThanks_Bandit will be placed at 8024BAB0 (length = 210 bytes)
$Script_SackAnimation_Start_GoToTheLeft will be placed at 8024BCC0 (length = 1F8 bytes)
$NpcGroup_Spring10 will be placed at 8024BEB8 (length = 1F0 bytes)
$NpcGroup_Enemy1 will be placed at 8024C0A8 (length = 1F0 bytes)
$NpcGroup_Spring1 will be placed at 8024C298 (length = 1F0 bytes)
$NpcGroup_Spring2 will be placed at 8024C488 (length = 1F0 bytes)
$NpcGroup_Spring3 will be placed at 8024C678 (length = 1F0 bytes)
$NpcGroup_Spring4 will be placed at 8024C868 (length = 1F0 bytes)
$NpcGroup_Spring5 will be placed at 8024CA58 (length = 1F0 bytes)
$NpcGroup_Spring6 will be placed at 8024CC48 (length = 1F0 bytes)
$NpcGroup_Spring7 will be placed at 8024CE38 (length = 1F0 bytes)
$NpcGroup_Spring8 will be placed at 8024D028 (length = 1F0 bytes)
$NpcGroup_Spring9 will be placed at 8024D218 (length = 1F0 bytes)
$NpcGroup_Mover will be placed at 8024D408 (length = 1F0 bytes)
$NpcGroup_BanditMover will be placed at 8024D5F8 (length = 1F0 bytes)
$Script_PipeAnimation will be placed at 8024D7E8 (length = 1C4 bytes)
$Script_Cutscene_Event will be placed at 8024D9AC (length = 198 bytes)
$Script_NPC_SackHit_Init will be placed at 8024DB44 (length = 198 bytes)
$Script_ClosePartnerDialog will be placed at 8024DCDC (length = 194 bytes)
$JumpTable_80242448 will be placed at 8024DE70 (length = 190 bytes)
$SkipCutscene_Event will be placed at 8024E000 (length = 188 bytes)
$Script_SpawnNPCs will be placed at 8024E188 (length = 174 bytes)
$NPC_Sack_AnimationStart will be placed at 8024E2FC (length = 168 bytes)
$Function_80240844 will be placed at 8024E464 (length = 164 bytes)
$Function_802404C0 will be placed at 8024E5C8 (length = 164 bytes)
$Script_SackAnimation_End_Right will be placed at 8024E72C (length = 158 bytes)
$Script_SackAnimation_End_Left will be placed at 8024E884 (length = 150 bytes)
$Script_TrackPlayer will be placed at 8024E9D4 (length = 144 bytes)
$Script_CheckBanditStatus1 will be placed at 8024EB18 (length = 13C bytes)
$MapTattle5 will be placed at 8024EC54 (length = 13C bytes)
$Function_8024038C will be placed at 8024ED90 (length = 134 bytes)
$MapTattle4 will be placed at 8024EEC4 (length = 130 bytes)
$BanditMover_Tattle will be placed at 8024EFF4 (length = 11C bytes)
$Function_LoadPath will be placed at 8024F110 (length = 114 bytes)
$Script_SackAnimation_SackAppears_100 will be placed at 8024F224 (length = 100 bytes)
$String_Partner_Event_1 will be placed at 8024F324 (length = FC bytes)
$Script_Main2_Wait will be placed at 8024F420 (length = F4 bytes)
$String_Warning2 will be placed at 8024F514 (length = F0 bytes)
$Script_SetMover_Special will be placed at 8024F604 (length = EC bytes)
$SetSpawnsSpecial will be placed at 8024F6F0 (length = E8 bytes)
$SetSpawns will be placed at 8024F7D8 (length = E8 bytes)
$String_Warning1 will be placed at 8024F8C0 (length = E8 bytes)
$DeepestLevel will be placed at 8024F9A8 (length = E4 bytes)
$Function_GetColliderPos will be placed at 8024FA8C (length = E0 bytes)
$Function_GetPos will be placed at 8024FB6C (length = E0 bytes)
$TotalLevels_Sign will be placed at 8024FC4C (length = DC bytes)
$Script_SpawnMover_Special will be placed at 8024FD28 (length = DC bytes)
$GetFloor will be placed at 8024FE04 (length = DC bytes)
$Script_DisableNumbers will be placed at 8024FEE0 (length = D8 bytes)
$MapTattle2 will be placed at 8024FFB8 (length = D4 bytes)
$NPC_Sack_AnimationEnd will be placed at 8025008C (length = D4 bytes)
$Script_SetMover will be placed at 80250160 (length = D0 bytes)
$GetFloorBandit will be placed at 80250230 (length = D0 bytes)
$Script_AddCoins_Bandit will be placed at 80250300 (length = C8 bytes)
$GetPos will be placed at 802503C8 (length = C8 bytes)
$SkipCutscene_MoverWarpAnimation will be placed at 80250490 (length = C4 bytes)
$Function_Init will be placed at 80250554 (length = C4 bytes)
$MoverStart will be placed at 80250618 (length = C0 bytes)
$String_Warning3 will be placed at 802506D8 (length = C0 bytes)
$Script_ZoomIn_Camera_3 will be placed at 80250798 (length = BC bytes)
$Script_ZoomIn_Camera_2 will be placed at 80250854 (length = BC bytes)
$Script_ZoomIn_Camera will be placed at 80250910 (length = BC bytes)
$Function_TrackInput will be placed at 802509CC (length = BC bytes)
$String_Bandit_Defeated4 will be placed at 80250A88 (length = B8 bytes)
$Script_MoverWarpAnimation will be placed at 80250B40 (length = B8 bytes)
$Script_NpcAI_MoneySack will be placed at 80250BF8 (length = B8 bytes)
$NpcGroups will be placed at 80250CB0 (length = B4 bytes)
$Script_SpawnMover will be placed at 80250D64 (length = B4 bytes)
$BanditMoverStart will be placed at 80250E18 (length = B4 bytes)
$MapTattle3 will be placed at 80250ECC (length = B0 bytes)
$Script_LoadOdds will be placed at 80250F7C (length = B0 bytes)
$Script_SetPipesPosition will be placed at 8025102C (length = B0 bytes)
$LoadHighscores will be placed at 802510DC (length = B0 bytes)
$MapTattle1 will be placed at 8025118C (length = A8 bytes)
$Script_AddCoins will be placed at 80251234 (length = A8 bytes)
$SwitchPath will be placed at 802512DC (length = A4 bytes)
$Script_NPC_Sack_FX will be placed at 80251380 (length = A4 bytes)
$Tattle_Springkeeper will be placed at 80251424 (length = A4 bytes)
$Script_ReadSign will be placed at 802514C8 (length = A0 bytes)
$Script_ZoomIn_Camera_X will be placed at 80251568 (length = A0 bytes)
$String_Bandit_Defeated9 will be placed at 80251608 (length = 9C bytes)
$Script_Bandit_StartBattle will be placed at 802516A4 (length = 9C bytes)
$Script_Main will be placed at 80251740 (length = 9C bytes)
$Mover_Tattle will be placed at 802517DC (length = 94 bytes)
$String_Bandit_Defeated3 will be placed at 80251870 (length = 90 bytes)
$String_Bandit_Defeated8 will be placed at 80251900 (length = 8C bytes)
$BanditMover_Options2 will be placed at 8025198C (length = 84 bytes)
$BanditMover_Options will be placed at 80251A10 (length = 84 bytes)
$Function_80240624 will be placed at 80251A94 (length = 80 bytes)
$String_Okay will be placed at 80251B14 (length = 80 bytes)
$Function_TimerCurrentFloor will be placed at 80251B94 (length = 7C bytes)
$SignStringBug will be placed at 80251C10 (length = 7C bytes)
$Function_80240310 will be placed at 80251C8C (length = 7C bytes)
$String_Rogue_CoinsGained_Success will be placed at 80251D08 (length = 78 bytes)
$Mover_Options will be placed at 80251D80 (length = 78 bytes)
$Script_EnemyAI will be placed at 80251DF8 (length = 70 bytes)
$Function2 will be placed at 80251E68 (length = 6C bytes)
$Function_SetAnimation will be placed at 80251ED4 (length = 6C bytes)
$String_Bandit_Defeated1 will be placed at 80251F40 (length = 68 bytes)
$CommingDownPipe will be placed at 80251FA8 (length = 68 bytes)
$MoverEnd will be placed at 80252010 (length = 68 bytes)
$BanditMoverEnd will be placed at 80252078 (length = 68 bytes)
$String_Bandit_Defeated_Partner3 will be placed at 802520E0 (length = 64 bytes)
$String_Bandit_Defeated_Partner2 will be placed at 80252144 (length = 64 bytes)
$Function_GetTattle1 will be placed at 802521A8 (length = 60 bytes)
$Function_OverwriteBattleID will be placed at 80252208 (length = 60 bytes)
$String_Bandit_Confrontation1 will be placed at 80252268 (length = 5C bytes)
$BanditMoverNoCoins will be placed at 802522C4 (length = 58 bytes)
$MoverNoCoins will be placed at 8025231C (length = 58 bytes)
$JumpTable_802471E8 will be placed at 80252374 (length = 54 bytes)
$String_Bandit_Defeated7 will be placed at 802523C8 (length = 50 bytes)
$String_Bandit_Defeated_Partner4 will be placed at 80252418 (length = 50 bytes)
$EntryList will be placed at 80252468 (length = 50 bytes)
$String_NoThanks will be placed at 802524B8 (length = 50 bytes)
$Script_Init_BanditMover will be placed at 80252508 (length = 4C bytes)
$GetFloorSign will be placed at 80252554 (length = 48 bytes)
$Function_Load_MapID will be placed at 8025259C (length = 48 bytes)
$GetFloorSign_Rogue will be placed at 802525E4 (length = 48 bytes)
$Script_MakeEntities will be placed at 8025262C (length = 44 bytes)
$Function_802409A8 will be placed at 80252670 (length = 44 bytes)
$Function_LoadCoinsInToVar1 will be placed at 802526B4 (length = 44 bytes)
$String_Bandit_Defeated_Partner1 will be placed at 802526F8 (length = 40 bytes)
$Header will be placed at 80252738 (length = 40 bytes)
$Function_LoadCoinsLosted will be placed at 80252778 (length = 40 bytes)
$Function_LoadMarioCoins will be placed at 802527B8 (length = 40 bytes)
$Function_LoadGainedCoins will be placed at 802527F8 (length = 40 bytes)
$Function_GetTattle2 will be placed at 80252838 (length = 3C bytes)
$Script_Exit0 will be placed at 80252874 (length = 3C bytes)
$Script_Init_Bag will be placed at 802528B0 (length = 38 bytes)
$Script_Init_Bag_HitBox will be placed at 802528E8 (length = 38 bytes)
$String_Bandit_Confrotation_Bye will be placed at 80252920 (length = 34 bytes)
$DispawnPartner will be placed at 80252954 (length = 34 bytes)
$String_Whatever will be placed at 80252988 (length = 30 bytes)
$EnablePipeCollider will be placed at 802529B8 (length = 30 bytes)
$AISettings_MoneySack will be placed at 802529E8 (length = 30 bytes)
$String_Bandit_Defeated2 will be placed at 80252A18 (length = 30 bytes)
$AISettings_Enemy will be placed at 80252A48 (length = 30 bytes)
$RespawnPartner will be placed at 80252A78 (length = 30 bytes)
$AISettings_DisableEnemy will be placed at 80252AA8 (length = 30 bytes)
$NPC_Settings_Sack will be placed at 80252AD8 (length = 2C bytes)
$NpcSettings_Generic will be placed at 80252B04 (length = 2C bytes)
$NpcSettings_Enemy1 will be placed at 80252B30 (length = 2C bytes)
$Function_RevivePlayer will be placed at 80252B5C (length = 2C bytes)
$NpcSettings_Blank will be placed at 80252B88 (length = 2C bytes)
$BlankSettings will be placed at 80252BB4 (length = 2C bytes)
$Script_MakeExits will be placed at 80252BE0 (length = 2C bytes)
$Function_ResetEnemiesFlag will be placed at 80252C0C (length = 2C bytes)
$String_List_NoYes will be placed at 80252C38 (length = 28 bytes)
$Function_SaveCoinsLosted will be placed at 80252C60 (length = 28 bytes)
$String_List_YesNo will be placed at 80252C88 (length = 28 bytes)
$Script_Init_EnemyNPC will be placed at 80252CB0 (length = 24 bytes)
$VectorList_SwitchPath will be placed at 80252CD4 (length = 24 bytes)
$Script_Init_Lakitu will be placed at 80252CF8 (length = 24 bytes)
$Script_Init_Mover will be placed at 80252D1C (length = 24 bytes)
$String_CoinsGained will be placed at 80252D40 (length = 24 bytes)
$String_Bandit_Defeated10 will be placed at 80252D64 (length = 24 bytes)
$String_Bandit_Defeated6 will be placed at 80252D88 (length = 20 bytes)
$String_Bandit_Defeated5 will be placed at 80252DA8 (length = 20 bytes)
$Script_DisableEnemyAI will be placed at 80252DC8 (length = 20 bytes)
$TotalLevels_CurrentPlaythrough will be placed at 80252DE8 (length = 1C bytes)
$NpcGroupList_RubyCS will be placed at 80252E04 (length = 18 bytes)
$SignString will be placed at 80252E1C (length = 18 bytes)
$String_Psst will be placed at 80252E34 (length = 10 bytes)
$Script_null will be placed at 80252E44 (length = 10 bytes)
$ASCII_"pt81_86_shape"_Literal will be placed at 80252E54 (length = 10 bytes)
$Function_ResetCoinsLosted will be placed at 80252E64 (length = 10 bytes)
$ASCII_"pt51_56_shape"_Literal will be placed at 80252E74 (length = 10 bytes)
$ASCII_"pt1_6_hit"_Literal will be placed at 80252E84 (length = C bytes)
$NpcGroup7 will be placed at 80252E90 (length = C bytes)
$NpcGroup1 will be placed at 80252E9C (length = C bytes)
$ASCII_"pt_100"_Literal will be placed at 80252EA8 (length = C bytes)
$ASCII_"dmo_00"_Literal will be placed at 80252EB4 (length = C bytes)
$ASCII_"pt1_6_shape"_Literal will be placed at 80252EC0 (length = C bytes)
$ASCII_"pt_85"_Literal will be placed at 80252ECC (length = 8 bytes)
$ASCII_"pt91_96"_Literal will be placed at 80252ED4 (length = 8 bytes)
$ASCII_"pt62_67"_Literal will be placed at 80252EDC (length = 8 bytes)
$ASCII_"pt33_38"_Literal will be placed at 80252EE4 (length = 8 bytes)
$ASCII_"pt1_6"_Literal will be placed at 80252EEC (length = 8 bytes)
$ASCII_"pt_95"_Literal will be placed at 80252EF4 (length = 8 bytes)
$ASCII_"pt4_9"_Literal will be placed at 80252EFC (length = 8 bytes)
$ASCII_"pt_65"_Literal will be placed at 80252F04 (length = 8 bytes)
$ASCII_"pt44_49"_Literal will be placed at 80252F0C (length = 8 bytes)
$ASCII_"pt81_86"_Literal will be placed at 80252F14 (length = 8 bytes)
$ASCII_"pt_80"_Literal will be placed at 80252F1C (length = 8 bytes)
$ASCII_"pt52_57"_Literal will be placed at 80252F24 (length = 8 bytes)
$ASCII_"pt23_28"_Literal will be placed at 80252F2C (length = 8 bytes)
$ASCII_"pt_50"_Literal will be placed at 80252F34 (length = 8 bytes)
$ASCII_"pt83_88"_Literal will be placed at 80252F3C (length = 8 bytes)
$ASCII_"pt54_59"_Literal will be placed at 80252F44 (length = 8 bytes)
$ASCII_"pt64_69"_Literal will be placed at 80252F4C (length = 8 bytes)
$ASCII_"pt72_77"_Literal will be placed at 80252F54 (length = 8 bytes)
$ASCII_"pt14_19"_Literal will be placed at 80252F5C (length = 8 bytes)
$ASCII_"pt34_39"_Literal will be placed at 80252F64 (length = 8 bytes)
$ASCII_"pt22_27"_Literal will be placed at 80252F6C (length = 8 bytes)
$ASCII_"pt21_26"_Literal will be placed at 80252F74 (length = 8 bytes)
$ASCII_"pt73_78"_Literal will be placed at 80252F7C (length = 8 bytes)
$ASCII_"pt84_89"_Literal will be placed at 80252F84 (length = 8 bytes)
$ASCII_"pt92_97"_Literal will be placed at 80252F8C (length = 8 bytes)
$ASCII_"pt_75"_Literal will be placed at 80252F94 (length = 8 bytes)
$ASCII_"pt53_58"_Literal will be placed at 80252F9C (length = 8 bytes)
$ASCII_"pt41_46"_Literal will be placed at 80252FA4 (length = 8 bytes)
$ASCII_"pt61_66"_Literal will be placed at 80252FAC (length = 8 bytes)
$ASCII_"pt32_37"_Literal will be placed at 80252FB4 (length = 8 bytes)
$ASCII_"pt_15"_Literal will be placed at 80252FBC (length = 8 bytes)
$ASCII_"pt11_16"_Literal will be placed at 80252FC4 (length = 8 bytes)
$ASCII_"pt_00"_Literal will be placed at 80252FCC (length = 8 bytes)
$ASCII_"pt74_79"_Literal will be placed at 80252FD4 (length = 8 bytes)
$ASCII_"pt_25"_Literal will be placed at 80252FDC (length = 8 bytes)
$ASCII_"pt_35"_Literal will be placed at 80252FE4 (length = 8 bytes)
$ASCII_"pt71_76"_Literal will be placed at 80252FEC (length = 8 bytes)
$ASCII_"pt42_47"_Literal will be placed at 80252FF4 (length = 8 bytes)
$ASCII_"pt13_18"_Literal will be placed at 80252FFC (length = 8 bytes)
$ASCII_"pt_05"_Literal will be placed at 80253004 (length = 8 bytes)
$ASCII_"pt93_98"_Literal will be placed at 8025300C (length = 8 bytes)
$ConstDouble_802471E0 will be placed at 80253018 (length = 8 bytes)
$ASCII_"pt43_48"_Literal will be placed at 80253020 (length = 8 bytes)
$ASCII_"pt51_56"_Literal will be placed at 80253028 (length = 8 bytes)
$ASCII_"pt_55"_Literal will be placed at 80253030 (length = 8 bytes)
$ASCII_"pt2_7"_Literal will be placed at 80253038 (length = 8 bytes)
$ASCII_"pt12_17"_Literal will be placed at 80253040 (length = 8 bytes)
$ASCII_"pt3_8"_Literal will be placed at 80253048 (length = 8 bytes)
$ASCII_"pt_10"_Literal will be placed at 80253050 (length = 8 bytes)
$ASCII_"tik_tex"_Literal will be placed at 80253058 (length = 8 bytes)
$ASCII_"pt31_36"_Literal will be placed at 80253060 (length = 8 bytes)
$ASCII_"pt63_68"_Literal will be placed at 80253068 (length = 8 bytes)
$ASCII_"pt94_99"_Literal will be placed at 80253070 (length = 8 bytes)
$ASCII_"pt82_87"_Literal will be placed at 80253078 (length = 8 bytes)
$ASCII_"pt_45"_Literal will be placed at 80253080 (length = 8 bytes)
$ASCII_"pt24_29"_Literal will be placed at 80253088 (length = 8 bytes)
$MoverCancel will be placed at 80253014 (length = 4 bytes)
$BanditMoverCancel will be placed at 80253090 (length = 4 bytes)
$CloseDialogBubble will be placed at 80253094 (length = 4 bytes)
Executing patch: pt4_9.mpat
Creating struct: $DeepestLevel
Creating struct: $TotalLevels_Sign
Creating struct: $TotalLevels_CurrentPlaythrough
Creating struct: $LoadHighscores
Creating struct: $FallingDownPipe
Creating struct: $Function_GetPos
Creating struct: $Function2
Creating struct: $SetSpawns
Creating struct: $Script_Set_Formation
Creating struct: $Function_OverwriteBattleID
Creating struct: $Script_SetMover
Creating struct: $Script_MapID_Converter
Creating struct: $Script_LoadOdds
Creating struct: $Script_LoadMoverType
Creating struct: $Script_SpawnMover
Creating struct: $Script_SetNPCPos
Creating struct: $Function_Load_MapID
Creating struct: $SwitchPath
Creating struct: $VectorList_SwitchPath
Creating struct: $GetPos
Creating struct: $DispawnPartner
Creating struct: $RespawnPartner
Creating struct: $LoadMap
Creating struct: $GetFloor
Creating struct: $LoadMapBandit
Creating struct: $GetFloorBandit
Creating struct: $SetSpawnsSpecial
Creating struct: $Script_SetMover_Special
Creating struct: $Script_SpawnMover_Special
Creating struct: $Script_Set_SpecialFormation
Creating struct: $Function_LoadCoinsInToVar1
Creating struct: $Script_SetSpawnPosition
Creating struct: $Script_Init_EnemyNPC
Creating struct: $Script_Init_Lakitu
Creating struct: $Script_TrackOutcome
Creating struct: $Script_LakituOutcome
Creating struct: $Script_FloorEnemy_Idle
Creating struct: $Script_Rogue_GiveTotalCoins
Creating struct: $Script_SetEnemyIdle
Creating struct: $Script_AddCoins
Creating struct: $NPC_Settings_Sack
Creating struct: $Script_Init_Bag
Creating struct: $Script_Init_Bag_HitBox
Creating struct: $Script_NPC_SackHit_Init
Creating struct: $Script_NPC_Sack_FX
Creating struct: $NPC_Sack_AnimationStart
Creating struct: $NPC_Sack_AnimationEnd
Creating struct: $Script_SackAnimation_SackAppears_100
Creating struct: $Script_SackAnimation_Start_GoToTheRight
Creating struct: $Script_SackAnimation_Start_GoToTheLeft
Creating struct: $Script_SackAnimation_End_Right
Creating struct: $Script_SackAnimation_End_Left
Creating struct: $Function_LoadMarioCoins
Creating struct: $Function_LoadCoinsLosted
Creating struct: $Function_SaveCoinsLosted
Creating struct: $Function_ResetCoinsLosted
Creating struct: $Function_LoadGainedCoins
Creating struct: $Function_RevivePlayer
Creating struct: $AISettings_MoneySack
Creating struct: $Script_NpcAI_MoneySack
Creating struct: $JumpTable_80242448
Creating struct: $Function_NpcAI_MoneySack
Creating struct: $Function_80240260
Creating struct: $Function_80240844
Creating struct: $Function_802409A8
Creating struct: $Script_TrackPlayer
Creating struct: $Script_PipeAnimation
Creating struct: $Function_SetAnimation
Creating struct: $Function_GetColliderPos
Creating struct: $Function_TrackInput
Creating struct: $GoToNextLevel
Creating struct: $GetFloorSign
Creating struct: $GetFloorSign_Rogue
Creating struct: $Function_GetTattle1
Creating struct: $Function_GetTattle2
Creating struct: $Script_ReadSign
Creating struct: $NpcSettings_Blank
Creating struct: $NpcGroup_Spring1
Creating struct: $NpcGroup_Spring2
Creating struct: $NpcGroup_Spring3
Creating struct: $NpcGroup_Spring4
Creating struct: $NpcGroup_Spring5
Creating struct: $NpcGroup_Spring6
Creating struct: $NpcGroup_Spring7
Creating struct: $NpcGroup_Spring8
Creating struct: $NpcGroup_Spring9
Creating struct: $NpcGroup_Spring10
Creating struct: $Header
Creating struct: $Script_Main2_Wait
Creating struct: $Script_Main2_Exec
Creating struct: $Script_TrackEvents
Creating struct: $Script_Cutscene_Event
Creating struct: $SkipCutscene_Event
Creating struct: $Script_ZoomIn_Camera_X
Creating struct: $Script_Cutscene_Ruby_Init
Creating struct: $Script_Cutscene_Ruby2
Creating struct: $NpcGroupList_RubyCS
Creating struct: $NpcGroup_RubyCS
Creating struct: $NpcSettings_Generic
Creating struct: $Script_null
Creating struct: $Script_SpawnNPCs
Creating struct: $Function_ResetEnemiesFlag
Creating struct: $EntryList
Creating struct: $Function_Init
Creating struct: $NpcGroup_Mover
Creating struct: $BlankSettings
Creating struct: $Script_Init_Mover
Creating struct: $Interact_Mover
Creating struct: $Script_MoverWarpAnimation
Creating struct: $SkipCutscene_MoverWarpAnimation
Creating struct: $NpcGroup_BanditMover
Creating struct: $Script_Init_BanditMover
Creating struct: $Script_Bandit_StartBattle
Creating struct: $Interact_BanditMover
Creating struct: $Script_Warning_Mario
Creating struct: $Script_NoThanks_Bandit
Creating struct: $Script_ZoomIn_Camera
Creating struct: $Script_ZoomIn_Camera_2
Creating struct: $Script_ZoomIn_Camera_3
Creating struct: $NpcGroup_MoneyBag
Creating struct: $Script_SetPipesPosition
Creating struct: $Script_DisableNumbers
Creating struct: $Script_SetFloorNumbers
Creating struct: $Script_CheckBanditStatus1
Creating struct: $Script_Cutscene_BanditStatus1
Creating struct: $Script_CheckBanditStatus2
Creating struct: $Script_TrackOutcome_Bandit
Creating struct: $Script_Cutscene_BanditDefeated
Creating struct: $SkipCutscene_BanditDefeated
Creating struct: $Script_AddCoins_Bandit
Creating struct: $Function_LoadPath
Creating struct: $Script_ClosePartnerDialog
Creating struct: $PipeSpawning
Creating struct: $EnablePipeCollider
Creating struct: $Script_MakeEntities
Creating struct: $CommingDownPipe
Creating struct: $Function_TimerCurrentFloor
Creating struct: $Script_MakeExits
Creating struct: $Script_Exit0
Creating struct: $Script_Main
Creating struct: $NpcGroups
Creating struct: $NpcGroup1
Creating struct: $NpcGroup7
Creating struct: $NpcGroup_Enemy1
Creating struct: $NpcSettings_Enemy1
Creating struct: $Script_EnemyAI
Creating struct: $AISettings_Enemy
Creating struct: $ConstDouble_802471E0
Creating struct: $JumpTable_802471E8
Creating struct: $Function_802406A4
Creating struct: $Function_80240310
Creating struct: $Function_8024038C
Creating struct: $Function_802404C0
Creating struct: $Function_80240624
Creating struct: $Script_DisableEnemyAI
Creating struct: $AISettings_DisableEnemy
Merged 1 regions to 1
$Script_SetFloorNumbers will be placed at 80240000 (length = 128C bytes)
$NpcGroup_RubyCS will be placed at 8024128C (length = 1170 bytes)
$LoadMap will be placed at 802423FC (length = C04 bytes)
$LoadMapBandit will be placed at 80243000 (length = B80 bytes)
$GoToNextLevel will be placed at 80243B80 (length = B10 bytes)
$Script_Cutscene_BanditDefeated will be placed at 80244690 (length = B08 bytes)
$Script_SetEnemyIdle will be placed at 80245198 (length = 674 bytes)
$Script_MapID_Converter will be placed at 8024580C (length = 60C bytes)
$Script_Warning_Mario will be placed at 80245E18 (length = 608 bytes)
$Function_80240260 will be placed at 80246420 (length = 5E4 bytes)
$Script_SetNPCPos will be placed at 80246A04 (length = 4D0 bytes)
$Script_Cutscene_Ruby_Init will be placed at 80246ED4 (length = 490 bytes)
$Function_802406A4 will be placed at 80247364 (length = 440 bytes)
$FallingDownPipe will be placed at 802477A4 (length = 418 bytes)
$Script_TrackEvents will be placed at 80247BBC (length = 410 bytes)
$NpcGroup_MoneyBag will be placed at 80247FCC (length = 3E0 bytes)
$Interact_BanditMover will be placed at 802483AC (length = 3D8 bytes)
$Script_CheckBanditStatus2 will be placed at 80248784 (length = 3D8 bytes)
$SkipCutscene_BanditDefeated will be placed at 80248B5C (length = 3D8 bytes)
$Interact_Mover will be placed at 80248F34 (length = 3CC bytes)
$Script_Set_SpecialFormation will be placed at 80249300 (length = 3B4 bytes)
$Script_FloorEnemy_Idle will be placed at 802496B4 (length = 388 bytes)
$Script_TrackOutcome_Bandit will be placed at 80249A3C (length = 330 bytes)
$Script_LakituOutcome will be placed at 80249D6C (length = 30C bytes)
$Script_Rogue_GiveTotalCoins will be placed at 8024A078 (length = 2FC bytes)
$Script_Set_Formation will be placed at 8024A374 (length = 2D4 bytes)
$PipeSpawning will be placed at 8024A648 (length = 2A0 bytes)
$Script_TrackOutcome will be placed at 8024A8E8 (length = 288 bytes)
$Script_Cutscene_Ruby2 will be placed at 8024AB70 (length = 258 bytes)
$Function_NpcAI_MoneySack will be placed at 8024ADC8 (length = 238 bytes)
$Script_SackAnimation_Start_GoToTheRight will be placed at 8024B000 (length = 230 bytes)
$Script_SetSpawnPosition will be placed at 8024B230 (length = 228 bytes)
$Script_Main2_Exec will be placed at 8024B458 (length = 228 bytes)
$Script_Cutscene_BanditStatus1 will be placed at 8024B680 (length = 21C bytes)
$Script_LoadMoverType will be placed at 8024B89C (length = 214 bytes)
$Script_NoThanks_Bandit will be placed at 8024BAB0 (length = 210 bytes)
$Script_SackAnimation_Start_GoToTheLeft will be placed at 8024BCC0 (length = 1F8 bytes)
$NpcGroup_Spring10 will be placed at 8024BEB8 (length = 1F0 bytes)
$NpcGroup_Enemy1 will be placed at 8024C0A8 (length = 1F0 bytes)
$NpcGroup_Spring1 will be placed at 8024C298 (length = 1F0 bytes)
$NpcGroup_Spring2 will be placed at 8024C488 (length = 1F0 bytes)
$NpcGroup_Spring3 will be placed at 8024C678 (length = 1F0 bytes)
$NpcGroup_Spring4 will be placed at 8024C868 (length = 1F0 bytes)
$NpcGroup_Spring5 will be placed at 8024CA58 (length = 1F0 bytes)
$NpcGroup_Spring6 will be placed at 8024CC48 (length = 1F0 bytes)
$NpcGroup_Spring7 will be placed at 8024CE38 (length = 1F0 bytes)
$NpcGroup_Spring8 will be placed at 8024D028 (length = 1F0 bytes)
$NpcGroup_Spring9 will be placed at 8024D218 (length = 1F0 bytes)
$NpcGroup_Mover will be placed at 8024D408 (length = 1F0 bytes)
$NpcGroup_BanditMover will be placed at 8024D5F8 (length = 1F0 bytes)
$Script_PipeAnimation will be placed at 8024D7E8 (length = 1C4 bytes)
$Script_Cutscene_Event will be placed at 8024D9AC (length = 198 bytes)
$Script_NPC_SackHit_Init will be placed at 8024DB44 (length = 198 bytes)
$Script_ClosePartnerDialog will be placed at 8024DCDC (length = 194 bytes)
$JumpTable_80242448 will be placed at 8024DE70 (length = 190 bytes)
$SkipCutscene_Event will be placed at 8024E000 (length = 188 bytes)
$Script_SpawnNPCs will be placed at 8024E188 (length = 174 bytes)
$NPC_Sack_AnimationStart will be placed at 8024E2FC (length = 168 bytes)
$Function_80240844 will be placed at 8024E464 (length = 164 bytes)
$Function_802404C0 will be placed at 8024E5C8 (length = 164 bytes)
$Script_SackAnimation_End_Right will be placed at 8024E72C (length = 158 bytes)
$Script_SackAnimation_End_Left will be placed at 8024E884 (length = 150 bytes)
$Script_TrackPlayer will be placed at 8024E9D4 (length = 144 bytes)
$Script_CheckBanditStatus1 will be placed at 8024EB18 (length = 13C bytes)
$MapTattle5 will be placed at 8024EC54 (length = 13C bytes)
$Function_8024038C will be placed at 8024ED90 (length = 134 bytes)
$MapTattle4 will be placed at 8024EEC4 (length = 130 bytes)
$BanditMover_Tattle will be placed at 8024EFF4 (length = 11C bytes)
$Function_LoadPath will be placed at 8024F110 (length = 114 bytes)
$Script_SackAnimation_SackAppears_100 will be placed at 8024F224 (length = 100 bytes)
$String_Partner_Event_1 will be placed at 8024F324 (length = FC bytes)
$Script_Main2_Wait will be placed at 8024F420 (length = F4 bytes)
$String_Warning2 will be placed at 8024F514 (length = F0 bytes)
$Script_SetMover_Special will be placed at 8024F604 (length = EC bytes)
$SetSpawnsSpecial will be placed at 8024F6F0 (length = E8 bytes)
$SetSpawns will be placed at 8024F7D8 (length = E8 bytes)
$String_Warning1 will be placed at 8024F8C0 (length = E8 bytes)
$DeepestLevel will be placed at 8024F9A8 (length = E4 bytes)
$Function_GetColliderPos will be placed at 8024FA8C (length = E0 bytes)
$Function_GetPos will be placed at 8024FB6C (length = E0 bytes)
$TotalLevels_Sign will be placed at 8024FC4C (length = DC bytes)
$Script_SpawnMover_Special will be placed at 8024FD28 (length = DC bytes)
$GetFloor will be placed at 8024FE04 (length = DC bytes)
$Script_DisableNumbers will be placed at 8024FEE0 (length = D8 bytes)
$MapTattle2 will be placed at 8024FFB8 (length = D4 bytes)
$NPC_Sack_AnimationEnd will be placed at 8025008C (length = D4 bytes)
$Script_SetMover will be placed at 80250160 (length = D0 bytes)
$GetFloorBandit will be placed at 80250230 (length = D0 bytes)
$Script_AddCoins_Bandit will be placed at 80250300 (length = C8 bytes)
$GetPos will be placed at 802503C8 (length = C8 bytes)
$SkipCutscene_MoverWarpAnimation will be placed at 80250490 (length = C4 bytes)
$Function_Init will be placed at 80250554 (length = C4 bytes)
$MoverStart will be placed at 80250618 (length = C0 bytes)
$String_Warning3 will be placed at 802506D8 (length = C0 bytes)
$Script_ZoomIn_Camera_3 will be placed at 80250798 (length = BC bytes)
$Script_ZoomIn_Camera_2 will be placed at 80250854 (length = BC bytes)
$Script_ZoomIn_Camera will be placed at 80250910 (length = BC bytes)
$Function_TrackInput will be placed at 802509CC (length = BC bytes)
$String_Bandit_Defeated4 will be placed at 80250A88 (length = B8 bytes)
$Script_MoverWarpAnimation will be placed at 80250B40 (length = B8 bytes)
$Script_NpcAI_MoneySack will be placed at 80250BF8 (length = B8 bytes)
$NpcGroups will be placed at 80250CB0 (length = B4 bytes)
$Script_SpawnMover will be placed at 80250D64 (length = B4 bytes)
$BanditMoverStart will be placed at 80250E18 (length = B4 bytes)
$MapTattle3 will be placed at 80250ECC (length = B0 bytes)
$Script_LoadOdds will be placed at 80250F7C (length = B0 bytes)
$Script_SetPipesPosition will be placed at 8025102C (length = B0 bytes)
$LoadHighscores will be placed at 802510DC (length = B0 bytes)
$MapTattle1 will be placed at 8025118C (length = A8 bytes)
$Script_AddCoins will be placed at 80251234 (length = A8 bytes)
$SwitchPath will be placed at 802512DC (length = A4 bytes)
$Script_NPC_Sack_FX will be placed at 80251380 (length = A4 bytes)
$Tattle_Springkeeper will be placed at 80251424 (length = A4 bytes)
$Script_ReadSign will be placed at 802514C8 (length = A0 bytes)
$Script_ZoomIn_Camera_X will be placed at 80251568 (length = A0 bytes)
$String_Bandit_Defeated9 will be placed at 80251608 (length = 9C bytes)
$Script_Bandit_StartBattle will be placed at 802516A4 (length = 9C bytes)
$Script_Main will be placed at 80251740 (length = 9C bytes)
$Mover_Tattle will be placed at 802517DC (length = 94 bytes)
$String_Bandit_Defeated3 will be placed at 80251870 (length = 90 bytes)
$String_Bandit_Defeated8 will be placed at 80251900 (length = 8C bytes)
$BanditMover_Options2 will be placed at 8025198C (length = 84 bytes)
$BanditMover_Options will be placed at 80251A10 (length = 84 bytes)
$Function_80240624 will be placed at 80251A94 (length = 80 bytes)
$String_Okay will be placed at 80251B14 (length = 80 bytes)
$Function_TimerCurrentFloor will be placed at 80251B94 (length = 7C bytes)
$SignStringBug will be placed at 80251C10 (length = 7C bytes)
$Function_80240310 will be placed at 80251C8C (length = 7C bytes)
$String_Rogue_CoinsGained_Success will be placed at 80251D08 (length = 78 bytes)
$Mover_Options will be placed at 80251D80 (length = 78 bytes)
$Script_EnemyAI will be placed at 80251DF8 (length = 70 bytes)
$Function2 will be placed at 80251E68 (length = 6C bytes)
$Function_SetAnimation will be placed at 80251ED4 (length = 6C bytes)
$String_Bandit_Defeated1 will be placed at 80251F40 (length = 68 bytes)
$CommingDownPipe will be placed at 80251FA8 (length = 68 bytes)
$MoverEnd will be placed at 80252010 (length = 68 bytes)
$BanditMoverEnd will be placed at 80252078 (length = 68 bytes)
$String_Bandit_Defeated_Partner3 will be placed at 802520E0 (length = 64 bytes)
$String_Bandit_Defeated_Partner2 will be placed at 80252144 (length = 64 bytes)
$Function_GetTattle1 will be placed at 802521A8 (length = 60 bytes)
$Function_OverwriteBattleID will be placed at 80252208 (length = 60 bytes)
$String_Bandit_Confrontation1 will be placed at 80252268 (length = 5C bytes)
$BanditMoverNoCoins will be placed at 802522C4 (length = 58 bytes)
$MoverNoCoins will be placed at 8025231C (length = 58 bytes)
$JumpTable_802471E8 will be placed at 80252374 (length = 54 bytes)
$String_Bandit_Defeated7 will be placed at 802523C8 (length = 50 bytes)
$String_Bandit_Defeated_Partner4 will be placed at 80252418 (length = 50 bytes)
$EntryList will be placed at 80252468 (length = 50 bytes)
$String_NoThanks will be placed at 802524B8 (length = 50 bytes)
$Script_Init_BanditMover will be placed at 80252508 (length = 4C bytes)
$GetFloorSign will be placed at 80252554 (length = 48 bytes)
$Function_Load_MapID will be placed at 8025259C (length = 48 bytes)
$GetFloorSign_Rogue will be placed at 802525E4 (length = 48 bytes)
$Script_MakeEntities will be placed at 8025262C (length = 44 bytes)
$Function_802409A8 will be placed at 80252670 (length = 44 bytes)
$Function_LoadCoinsInToVar1 will be placed at 802526B4 (length = 44 bytes)
$String_Bandit_Defeated_Partner1 will be placed at 802526F8 (length = 40 bytes)
$Header will be placed at 80252738 (length = 40 bytes)
$Function_LoadCoinsLosted will be placed at 80252778 (length = 40 bytes)
$Function_LoadMarioCoins will be placed at 802527B8 (length = 40 bytes)
$Function_LoadGainedCoins will be placed at 802527F8 (length = 40 bytes)
$Function_GetTattle2 will be placed at 80252838 (length = 3C bytes)
$Script_Exit0 will be placed at 80252874 (length = 3C bytes)
$Script_Init_Bag will be placed at 802528B0 (length = 38 bytes)
$Script_Init_Bag_HitBox will be placed at 802528E8 (length = 38 bytes)
$String_Bandit_Confrotation_Bye will be placed at 80252920 (length = 34 bytes)
$DispawnPartner will be placed at 80252954 (length = 34 bytes)
$String_Whatever will be placed at 80252988 (length = 30 bytes)
$EnablePipeCollider will be placed at 802529B8 (length = 30 bytes)
$AISettings_MoneySack will be placed at 802529E8 (length = 30 bytes)
$String_Bandit_Defeated2 will be placed at 80252A18 (length = 30 bytes)
$AISettings_Enemy will be placed at 80252A48 (length = 30 bytes)
$RespawnPartner will be placed at 80252A78 (length = 30 bytes)
$AISettings_DisableEnemy will be placed at 80252AA8 (length = 30 bytes)
$NPC_Settings_Sack will be placed at 80252AD8 (length = 2C bytes)
$NpcSettings_Generic will be placed at 80252B04 (length = 2C bytes)
$NpcSettings_Enemy1 will be placed at 80252B30 (length = 2C bytes)
$Function_RevivePlayer will be placed at 80252B5C (length = 2C bytes)
$NpcSettings_Blank will be placed at 80252B88 (length = 2C bytes)
$BlankSettings will be placed at 80252BB4 (length = 2C bytes)
$Script_MakeExits will be placed at 80252BE0 (length = 2C bytes)
$Function_ResetEnemiesFlag will be placed at 80252C0C (length = 2C bytes)
$String_List_NoYes will be placed at 80252C38 (length = 28 bytes)
$Function_SaveCoinsLosted will be placed at 80252C60 (length = 28 bytes)
$String_List_YesNo will be placed at 80252C88 (length = 28 bytes)
$Script_Init_EnemyNPC will be placed at 80252CB0 (length = 24 bytes)
$VectorList_SwitchPath will be placed at 80252CD4 (length = 24 bytes)
$Script_Init_Lakitu will be placed at 80252CF8 (length = 24 bytes)
$Script_Init_Mover will be placed at 80252D1C (length = 24 bytes)
$String_CoinsGained will be placed at 80252D40 (length = 24 bytes)
$String_Bandit_Defeated10 will be placed at 80252D64 (length = 24 bytes)
$String_Bandit_Defeated6 will be placed at 80252D88 (length = 20 bytes)
$String_Bandit_Defeated5 will be placed at 80252DA8 (length = 20 bytes)
$Script_DisableEnemyAI will be placed at 80252DC8 (length = 20 bytes)
$TotalLevels_CurrentPlaythrough will be placed at 80252DE8 (length = 1C bytes)
$NpcGroupList_RubyCS will be placed at 80252E04 (length = 18 bytes)
$SignString will be placed at 80252E1C (length = 18 bytes)
$String_Psst will be placed at 80252E34 (length = 10 bytes)
$Script_null will be placed at 80252E44 (length = 10 bytes)
$ASCII_"pt81_86_shape"_Literal will be placed at 80252E54 (length = 10 bytes)
$Function_ResetCoinsLosted will be placed at 80252E64 (length = 10 bytes)
$ASCII_"pt51_56_shape"_Literal will be placed at 80252E74 (length = 10 bytes)
$ASCII_"pt1_6_hit"_Literal will be placed at 80252E84 (length = C bytes)
$NpcGroup7 will be placed at 80252E90 (length = C bytes)
$NpcGroup1 will be placed at 80252E9C (length = C bytes)
$ASCII_"pt_100"_Literal will be placed at 80252EA8 (length = C bytes)
$ASCII_"dmo_00"_Literal will be placed at 80252EB4 (length = C bytes)
$ASCII_"pt1_6_shape"_Literal will be placed at 80252EC0 (length = C bytes)
$ASCII_"pt_85"_Literal will be placed at 80252ECC (length = 8 bytes)
$ASCII_"pt91_96"_Literal will be placed at 80252ED4 (length = 8 bytes)
$ASCII_"pt62_67"_Literal will be placed at 80252EDC (length = 8 bytes)
$ASCII_"pt33_38"_Literal will be placed at 80252EE4 (length = 8 bytes)
$ASCII_"pt1_6"_Literal will be placed at 80252EEC (length = 8 bytes)
$ASCII_"pt_95"_Literal will be placed at 80252EF4 (length = 8 bytes)
$ASCII_"pt4_9"_Literal will be placed at 80252EFC (length = 8 bytes)
$ASCII_"pt_65"_Literal will be placed at 80252F04 (length = 8 bytes)
$ASCII_"pt44_49"_Literal will be placed at 80252F0C (length = 8 bytes)
$ASCII_"pt81_86"_Literal will be placed at 80252F14 (length = 8 bytes)
$ASCII_"pt_80"_Literal will be placed at 80252F1C (length = 8 bytes)
$ASCII_"pt52_57"_Literal will be placed at 80252F24 (length = 8 bytes)
$ASCII_"pt23_28"_Literal will be placed at 80252F2C (length = 8 bytes)
$ASCII_"pt_50"_Literal will be placed at 80252F34 (length = 8 bytes)
$ASCII_"pt83_88"_Literal will be placed at 80252F3C (length = 8 bytes)
$ASCII_"pt54_59"_Literal will be placed at 80252F44 (length = 8 bytes)
$ASCII_"pt64_69"_Literal will be placed at 80252F4C (length = 8 bytes)
$ASCII_"pt72_77"_Literal will be placed at 80252F54 (length = 8 bytes)
$ASCII_"pt14_19"_Literal will be placed at 80252F5C (length = 8 bytes)
$ASCII_"pt34_39"_Literal will be placed at 80252F64 (length = 8 bytes)
$ASCII_"pt22_27"_Literal will be placed at 80252F6C (length = 8 bytes)
$ASCII_"pt21_26"_Literal will be placed at 80252F74 (length = 8 bytes)
$ASCII_"pt73_78"_Literal will be placed at 80252F7C (length = 8 bytes)
$ASCII_"pt84_89"_Literal will be placed at 80252F84 (length = 8 bytes)
$ASCII_"pt92_97"_Literal will be placed at 80252F8C (length = 8 bytes)
$ASCII_"pt_75"_Literal will be placed at 80252F94 (length = 8 bytes)
$ASCII_"pt53_58"_Literal will be placed at 80252F9C (length = 8 bytes)
$ASCII_"pt41_46"_Literal will be placed at 80252FA4 (length = 8 bytes)
$ASCII_"pt61_66"_Literal will be placed at 80252FAC (length = 8 bytes)
$ASCII_"pt32_37"_Literal will be placed at 80252FB4 (length = 8 bytes)
$ASCII_"pt_15"_Literal will be placed at 80252FBC (length = 8 bytes)
$ASCII_"pt11_16"_Literal will be placed at 80252FC4 (length = 8 bytes)
$ASCII_"pt_00"_Literal will be placed at 80252FCC (length = 8 bytes)
$ASCII_"pt74_79"_Literal will be placed at 80252FD4 (length = 8 bytes)
$ASCII_"pt_25"_Literal will be placed at 80252FDC (length = 8 bytes)
$ASCII_"pt_35"_Literal will be placed at 80252FE4 (length = 8 bytes)
$ASCII_"pt71_76"_Literal will be placed at 80252FEC (length = 8 bytes)
$ASCII_"pt42_47"_Literal will be placed at 80252FF4 (length = 8 bytes)
$ASCII_"pt13_18"_Literal will be placed at 80252FFC (length = 8 bytes)
$ASCII_"pt_05"_Literal will be placed at 80253004 (length = 8 bytes)
$ASCII_"pt93_98"_Literal will be placed at 8025300C (length = 8 bytes)
$ConstDouble_802471E0 will be placed at 80253018 (length = 8 bytes)
$ASCII_"pt43_48"_Literal will be placed at 80253020 (length = 8 bytes)
$ASCII_"pt51_56"_Literal will be placed at 80253028 (length = 8 bytes)
$ASCII_"pt_55"_Literal will be placed at 80253030 (length = 8 bytes)
$ASCII_"pt2_7"_Literal will be placed at 80253038 (length = 8 bytes)
$ASCII_"pt12_17"_Literal will be placed at 80253040 (length = 8 bytes)
$ASCII_"pt3_8"_Literal will be placed at 80253048 (length = 8 bytes)
$ASCII_"pt_10"_Literal will be placed at 80253050 (length = 8 bytes)
$ASCII_"tik_tex"_Literal will be placed at 80253058 (length = 8 bytes)
$ASCII_"pt31_36"_Literal will be placed at 80253060 (length = 8 bytes)
$ASCII_"pt63_68"_Literal will be placed at 80253068 (length = 8 bytes)
$ASCII_"pt94_99"_Literal will be placed at 80253070 (length = 8 bytes)
$ASCII_"pt82_87"_Literal will be placed at 80253078 (length = 8 bytes)
$ASCII_"pt_45"_Literal will be placed at 80253080 (length = 8 bytes)
$ASCII_"pt24_29"_Literal will be placed at 80253088 (length = 8 bytes)
$MoverCancel will be placed at 80253014 (length = 4 bytes)
$BanditMoverCancel will be placed at 80253090 (length = 4 bytes)
$CloseDialogBubble will be placed at 80253094 (length = 4 bytes)
Executing patch: pt51_56.mpat
Creating struct: $DeepestLevel
Creating struct: $TotalLevels_Sign
Creating struct: $TotalLevels_CurrentPlaythrough
Creating struct: $LoadHighscores
Creating struct: $FallingDownPipe
Creating struct: $Function_GetPos
Creating struct: $Function2
Creating struct: $SetSpawns
Creating struct: $Script_Set_Formation
Creating struct: $Function_OverwriteBattleID
Creating struct: $Script_SetMover
Creating struct: $Script_MapID_Converter
Creating struct: $Script_LoadOdds
Creating struct: $Script_LoadMoverType
Creating struct: $Script_SpawnMover
Creating struct: $Script_SetNPCPos
Creating struct: $Function_Load_MapID
Creating struct: $SwitchPath
Creating struct: $VectorList_SwitchPath
Creating struct: $GetPos
Creating struct: $DispawnPartner
Creating struct: $RespawnPartner
Creating struct: $LoadMap
Creating struct: $GetFloor
Creating struct: $LoadMapBandit
Creating struct: $GetFloorBandit
Creating struct: $SetSpawnsSpecial
Creating struct: $Script_SetMover_Special
Creating struct: $Script_SpawnMover_Special
Creating struct: $Script_Set_SpecialFormation
Creating struct: $Function_LoadCoinsInToVar1
Creating struct: $Script_SetSpawnPosition
Creating struct: $Script_Init_EnemyNPC
Creating struct: $Script_Init_Lakitu
Creating struct: $Script_TrackOutcome
Creating struct: $Script_LakituOutcome
Creating struct: $Script_FloorEnemy_Idle
Creating struct: $Script_Rogue_GiveTotalCoins
Creating struct: $Script_SetEnemyIdle
Creating struct: $Script_AddCoins
Creating struct: $NPC_Settings_Sack
Creating struct: $Script_Init_Bag
Creating struct: $Script_Init_Bag_HitBox
Creating struct: $Script_NPC_SackHit_Init
Creating struct: $Script_NPC_Sack_FX
Creating struct: $NPC_Sack_AnimationStart
Creating struct: $NPC_Sack_AnimationEnd
Creating struct: $Script_SackAnimation_SackAppears_100
Creating struct: $Script_SackAnimation_Start_GoToTheRight
Creating struct: $Script_SackAnimation_Start_GoToTheLeft
Creating struct: $Script_SackAnimation_End_Right
Creating struct: $Script_SackAnimation_End_Left
Creating struct: $Function_LoadMarioCoins
Creating struct: $Function_LoadCoinsLosted
Creating struct: $Function_SaveCoinsLosted
Creating struct: $Function_ResetCoinsLosted
Creating struct: $Function_LoadGainedCoins
Creating struct: $Function_RevivePlayer
Creating struct: $AISettings_MoneySack
Creating struct: $Script_NpcAI_MoneySack
Creating struct: $JumpTable_80242448
Creating struct: $Function_NpcAI_MoneySack
Creating struct: $Function_80240260
Creating struct: $Function_80240844
Creating struct: $Function_802409A8
Creating struct: $Script_TrackPlayer
Creating struct: $Script_PipeAnimation
Creating struct: $Function_SetAnimation
Creating struct: $Function_GetColliderPos
Creating struct: $Function_TrackInput
Creating struct: $GoToNextLevel
Creating struct: $GetFloorSign
Creating struct: $GetFloorSign_Rogue
Creating struct: $Function_GetTattle1
Creating struct: $Function_GetTattle2
Creating struct: $Script_ReadSign
Creating struct: $NpcSettings_Blank
Creating struct: $NpcGroup_Spring1
Creating struct: $NpcGroup_Spring2
Creating struct: $NpcGroup_Spring3
Creating struct: $NpcGroup_Spring4
Creating struct: $NpcGroup_Spring5
Creating struct: $NpcGroup_Spring6
Creating struct: $NpcGroup_Spring7
Creating struct: $NpcGroup_Spring8
Creating struct: $NpcGroup_Spring9
Creating struct: $NpcGroup_Spring10
Creating struct: $Header
Creating struct: $Script_Main2_Wait
Creating struct: $Script_Main2_Exec
Creating struct: $Script_TrackEvents
Creating struct: $Script_Cutscene_Event
Creating struct: $SkipCutscene_Event
Creating struct: $Script_ZoomIn_Camera_X
Creating struct: $Script_Cutscene_Ruby_Init
Creating struct: $Script_Cutscene_Ruby2
Creating struct: $NpcGroupList_RubyCS
Creating struct: $NpcGroup_RubyCS
Creating struct: $NpcSettings_Generic
Creating struct: $Script_null
Creating struct: $Script_SpawnNPCs
Creating struct: $Function_ResetEnemiesFlag
Creating struct: $EntryList
Creating struct: $Function_Init
Creating struct: $NpcGroup_Mover
Creating struct: $BlankSettings
Creating struct: $Script_Init_Mover
Creating struct: $Interact_Mover
Creating struct: $Script_MoverWarpAnimation
Creating struct: $SkipCutscene_MoverWarpAnimation
Creating struct: $NpcGroup_BanditMover
Creating struct: $Script_Init_BanditMover
Creating struct: $Script_Bandit_StartBattle
Creating struct: $Interact_BanditMover
Creating struct: $Script_Warning_Mario
Creating struct: $Script_NoThanks_Bandit
Creating struct: $Script_ZoomIn_Camera
Creating struct: $Script_ZoomIn_Camera_2
Creating struct: $Script_ZoomIn_Camera_3
Creating struct: $NpcGroup_MoneyBag
Creating struct: $Script_SetPipesPosition
Creating struct: $Script_DisableNumbers
Creating struct: $Script_SetFloorNumbers
Creating struct: $Script_CheckBanditStatus1
Creating struct: $Script_Cutscene_BanditStatus1
Creating struct: $Script_CheckBanditStatus2
Creating struct: $Script_TrackOutcome_Bandit
Creating struct: $Script_Cutscene_BanditDefeated
Creating struct: $SkipCutscene_BanditDefeated
Creating struct: $Script_AddCoins_Bandit
Creating struct: $Function_LoadPath
Creating struct: $Script_ClosePartnerDialog
Creating struct: $PipeSpawning
Creating struct: $EnablePipeCollider
Creating struct: $Script_MakeEntities
Creating struct: $CommingDownPipe
Creating struct: $Function_TimerCurrentFloor
Creating struct: $Script_MakeExits
Creating struct: $Script_Exit0
Creating struct: $Script_Main
Creating struct: $NpcGroups
Creating struct: $NpcGroup1
Creating struct: $NpcGroup7
Creating struct: $NpcGroup_Enemy1
Creating struct: $NpcSettings_Enemy1
Creating struct: $Script_EnemyAI
Creating struct: $AISettings_Enemy
Creating struct: $ConstDouble_80246500
Creating struct: $ConstDouble_80246508
Creating struct: $ConstDouble_80246510
Creating struct: $ConstDouble_80246558
Creating struct: $JumpTable_80246560
Creating struct: $FloatTable_80244900
Creating struct: $Function_80241DE4
Creating struct: $Function_802416C8
Creating struct: $Function_802404E0
Creating struct: $Function_80240690
Creating struct: $Function_80240CB8
Creating struct: $Function_80240D78
Creating struct: $Function_802410BC
Creating struct: $Function_80241134
Creating struct: $Function_802419D8
Creating struct: $Function_80241B08
Creating struct: $Function_80241D88
Creating struct: $Script_DisableEnemyAI
Creating struct: $AISettings_DisableEnemy
Merged 1 regions to 1
$Script_SetFloorNumbers will be placed at 80240000 (length = 128C bytes)
$NpcGroup_RubyCS will be placed at 8024128C (length = 1170 bytes)
$LoadMap will be placed at 802423FC (length = C04 bytes)
$LoadMapBandit will be placed at 80243000 (length = B80 bytes)
$GoToNextLevel will be placed at 80243B80 (length = B10 bytes)
$Script_Cutscene_BanditDefeated will be placed at 80244690 (length = B08 bytes)
$Script_SetEnemyIdle will be placed at 80245198 (length = 674 bytes)
$Function_80240690 will be placed at 8024580C (length = 624 bytes)
$Script_MapID_Converter will be placed at 80245E30 (length = 60C bytes)
$Script_Warning_Mario will be placed at 8024643C (length = 608 bytes)
$Function_80240260 will be placed at 80246A44 (length = 5E4 bytes)
$Script_SetNPCPos will be placed at 80247028 (length = 4D0 bytes)
$Script_Cutscene_Ruby_Init will be placed at 802474F8 (length = 490 bytes)
$FallingDownPipe will be placed at 80247988 (length = 418 bytes)
$Script_TrackEvents will be placed at 80247DA0 (length = 410 bytes)
$NpcGroup_MoneyBag will be placed at 802481B0 (length = 3E0 bytes)
$Interact_BanditMover will be placed at 80248590 (length = 3D8 bytes)
$Script_CheckBanditStatus2 will be placed at 80248968 (length = 3D8 bytes)
$SkipCutscene_BanditDefeated will be placed at 80248D40 (length = 3D8 bytes)
$Interact_Mover will be placed at 80249118 (length = 3CC bytes)
$Script_Set_SpecialFormation will be placed at 802494E4 (length = 3B4 bytes)
$Script_FloorEnemy_Idle will be placed at 80249898 (length = 388 bytes)
$Function_80240D78 will be placed at 80249C20 (length = 344 bytes)
$Script_TrackOutcome_Bandit will be placed at 80249F64 (length = 330 bytes)
$Script_LakituOutcome will be placed at 8024A294 (length = 30C bytes)
$Script_Rogue_GiveTotalCoins will be placed at 8024A5A0 (length = 2FC bytes)
$Script_Set_Formation will be placed at 8024A89C (length = 2D4 bytes)
$PipeSpawning will be placed at 8024AB70 (length = 2A0 bytes)
$Script_TrackOutcome will be placed at 8024AE10 (length = 288 bytes)
$Function_80241B08 will be placed at 8024B098 (length = 280 bytes)
$Script_Cutscene_Ruby2 will be placed at 8024B318 (length = 258 bytes)
$Function_NpcAI_MoneySack will be placed at 8024B570 (length = 238 bytes)
$Script_SackAnimation_Start_GoToTheRight will be placed at 8024B7A8 (length = 230 bytes)
$Script_SetSpawnPosition will be placed at 8024B9D8 (length = 228 bytes)
$Script_Main2_Exec will be placed at 8024BC00 (length = 228 bytes)
$Script_Cutscene_BanditStatus1 will be placed at 8024BE28 (length = 21C bytes)
$Script_LoadMoverType will be placed at 8024C044 (length = 214 bytes)
$Script_NoThanks_Bandit will be placed at 8024C258 (length = 210 bytes)
$Script_SackAnimation_Start_GoToTheLeft will be placed at 8024C468 (length = 1F8 bytes)
$NpcGroup_Spring10 will be placed at 8024C660 (length = 1F0 bytes)
$NpcGroup_Enemy1 will be placed at 8024C850 (length = 1F0 bytes)
$NpcGroup_Spring1 will be placed at 8024CA40 (length = 1F0 bytes)
$NpcGroup_Spring2 will be placed at 8024CC30 (length = 1F0 bytes)
$NpcGroup_Spring3 will be placed at 8024CE20 (length = 1F0 bytes)
$NpcGroup_Spring4 will be placed at 8024D010 (length = 1F0 bytes)
$NpcGroup_Spring5 will be placed at 8024D200 (length = 1F0 bytes)
$NpcGroup_Spring6 will be placed at 8024D3F0 (length = 1F0 bytes)
$NpcGroup_Spring7 will be placed at 8024D5E0 (length = 1F0 bytes)
$NpcGroup_Spring8 will be placed at 8024D7D0 (length = 1F0 bytes)
$NpcGroup_Spring9 will be placed at 8024D9C0 (length = 1F0 bytes)
$NpcGroup_Mover will be placed at 8024DBB0 (length = 1F0 bytes)
$NpcGroup_BanditMover will be placed at 8024DDA0 (length = 1F0 bytes)
$Function_80241DE4 will be placed at 8024DF90 (length = 1E8 bytes)
$Script_PipeAnimation will be placed at 8024E178 (length = 1C4 bytes)
$Function_802404E0 will be placed at 8024E33C (length = 1B0 bytes)
$Script_Cutscene_Event will be placed at 8024E4EC (length = 198 bytes)
$Script_NPC_SackHit_Init will be placed at 8024E684 (length = 198 bytes)
$Script_ClosePartnerDialog will be placed at 8024E81C (length = 194 bytes)
$JumpTable_80242448 will be placed at 8024E9B0 (length = 190 bytes)
$SkipCutscene_Event will be placed at 8024EB40 (length = 188 bytes)
$Script_SpawnNPCs will be placed at 8024ECC8 (length = 174 bytes)
$NPC_Sack_AnimationStart will be placed at 8024EE3C (length = 168 bytes)
$Function_80240844 will be placed at 8024EFA4 (length = 164 bytes)
$Script_SackAnimation_End_Right will be placed at 8024F108 (length = 158 bytes)
$Script_SackAnimation_End_Left will be placed at 8024F260 (length = 150 bytes)
$Script_TrackPlayer will be placed at 8024F3B0 (length = 144 bytes)
$Script_CheckBanditStatus1 will be placed at 8024F4F4 (length = 13C bytes)
$MapTattle5 will be placed at 8024F630 (length = 13C bytes)
$Function_802419D8 will be placed at 8024F76C (length = 130 bytes)
$MapTattle4 will be placed at 8024F89C (length = 130 bytes)
$Function_802416C8 will be placed at 8024F9CC (length = 124 bytes)
$BanditMover_Tattle will be placed at 8024FAF0 (length = 11C bytes)
$Function_LoadPath will be placed at 8024FC0C (length = 114 bytes)
$Script_SackAnimation_SackAppears_100 will be placed at 8024FD20 (length = 100 bytes)
$String_Partner_Event_1 will be placed at 8024FE20 (length = FC bytes)
$Script_Main2_Wait will be placed at 8024FF1C (length = F4 bytes)
$String_Warning2 will be placed at 80250010 (length = F0 bytes)
$Script_SetMover_Special will be placed at 80250100 (length = EC bytes)
$SetSpawnsSpecial will be placed at 802501EC (length = E8 bytes)
$SetSpawns will be placed at 802502D4 (length = E8 bytes)
$String_Warning1 will be placed at 802503BC (length = E8 bytes)
$DeepestLevel will be placed at 802504A4 (length = E4 bytes)
$Function_GetColliderPos will be placed at 80250588 (length = E0 bytes)
$Function_GetPos will be placed at 80250668 (length = E0 bytes)
$TotalLevels_Sign will be placed at 80250748 (length = DC bytes)
$Script_SpawnMover_Special will be placed at 80250824 (length = DC bytes)
$GetFloor will be placed at 80250900 (length = DC bytes)
$Script_DisableNumbers will be placed at 802509DC (length = D8 bytes)
$MapTattle2 will be placed at 80250AB4 (length = D4 bytes)
$NPC_Sack_AnimationEnd will be placed at 80250B88 (length = D4 bytes)
$Script_SetMover will be placed at 80250C5C (length = D0 bytes)
$GetFloorBandit will be placed at 80250D2C (length = D0 bytes)
$Script_AddCoins_Bandit will be placed at 80250DFC (length = C8 bytes)
$GetPos will be placed at 80250EC4 (length = C8 bytes)
$SkipCutscene_MoverWarpAnimation will be placed at 80250F8C (length = C4 bytes)
$Function_Init will be placed at 80251050 (length = C4 bytes)
$MoverStart will be placed at 80251114 (length = C0 bytes)
$Function_80240CB8 will be placed at 802511D4 (length = C0 bytes)
$String_Warning3 will be placed at 80251294 (length = C0 bytes)
$Script_ZoomIn_Camera_3 will be placed at 80251354 (length = BC bytes)
$Script_ZoomIn_Camera_2 will be placed at 80251410 (length = BC bytes)
$Script_ZoomIn_Camera will be placed at 802514CC (length = BC bytes)
$Function_TrackInput will be placed at 80251588 (length = BC bytes)
$String_Bandit_Defeated4 will be placed at 80251644 (length = B8 bytes)
$Script_MoverWarpAnimation will be placed at 802516FC (length = B8 bytes)
$Script_NpcAI_MoneySack will be placed at 802517B4 (length = B8 bytes)
$NpcGroups will be placed at 8025186C (length = B4 bytes)
$Script_SpawnMover will be placed at 80251920 (length = B4 bytes)
$BanditMoverStart will be placed at 802519D4 (length = B4 bytes)
$MapTattle3 will be placed at 80251A88 (length = B0 bytes)
$Script_LoadOdds will be placed at 80251B38 (length = B0 bytes)
$Script_SetPipesPosition will be placed at 80251BE8 (length = B0 bytes)
$LoadHighscores will be placed at 80251C98 (length = B0 bytes)
$MapTattle1 will be placed at 80251D48 (length = A8 bytes)
$Script_AddCoins will be placed at 80251DF0 (length = A8 bytes)
$SwitchPath will be placed at 80251E98 (length = A4 bytes)
$Script_NPC_Sack_FX will be placed at 80251F3C (length = A4 bytes)
$Tattle_Springkeeper will be placed at 80251FE0 (length = A4 bytes)
$Script_ReadSign will be placed at 80252084 (length = A0 bytes)
$Script_ZoomIn_Camera_X will be placed at 80252124 (length = A0 bytes)
$String_Bandit_Defeated9 will be placed at 802521C4 (length = 9C bytes)
$Script_Bandit_StartBattle will be placed at 80252260 (length = 9C bytes)
$Script_Main will be placed at 802522FC (length = 9C bytes)
$Mover_Tattle will be placed at 80252398 (length = 94 bytes)
$String_Bandit_Defeated3 will be placed at 8025242C (length = 90 bytes)
$String_Bandit_Defeated8 will be placed at 802524BC (length = 8C bytes)
$BanditMover_Options2 will be placed at 80252548 (length = 84 bytes)
$BanditMover_Options will be placed at 802525CC (length = 84 bytes)
$String_Okay will be placed at 80252650 (length = 80 bytes)
$Function_TimerCurrentFloor will be placed at 802526D0 (length = 7C bytes)
$SignStringBug will be placed at 8025274C (length = 7C bytes)
$String_Rogue_CoinsGained_Success will be placed at 802527C8 (length = 78 bytes)
$Function_802410BC will be placed at 80252840 (length = 78 bytes)
$Mover_Options will be placed at 802528B8 (length = 78 bytes)
$Script_EnemyAI will be placed at 80252930 (length = 70 bytes)
$Function_80241134 will be placed at 802529A0 (length = 6C bytes)
$Function2 will be placed at 80252A0C (length = 6C bytes)
$Function_SetAnimation will be placed at 80252A78 (length = 6C bytes)
$String_Bandit_Defeated1 will be placed at 80252AE4 (length = 68 bytes)
$CommingDownPipe will be placed at 80252B4C (length = 68 bytes)
$MoverEnd will be placed at 80252BB4 (length = 68 bytes)
$BanditMoverEnd will be placed at 80252C1C (length = 68 bytes)
$String_Bandit_Defeated_Partner3 will be placed at 80252C84 (length = 64 bytes)
$String_Bandit_Defeated_Partner2 will be placed at 80252CE8 (length = 64 bytes)
$Function_GetTattle1 will be placed at 80252D4C (length = 60 bytes)
$Function_OverwriteBattleID will be placed at 80252DAC (length = 60 bytes)
$String_Bandit_Confrontation1 will be placed at 80252E0C (length = 5C bytes)
$Function_80241D88 will be placed at 80252E68 (length = 5C bytes)
$BanditMoverNoCoins will be placed at 80252EC4 (length = 58 bytes)
$MoverNoCoins will be placed at 80252F1C (length = 58 bytes)
$JumpTable_80246560 will be placed at 80252F74 (length = 54 bytes)
$String_Bandit_Defeated7 will be placed at 80252FC8 (length = 50 bytes)
$String_Bandit_Defeated_Partner4 will be placed at 80253018 (length = 50 bytes)
$EntryList will be placed at 80253068 (length = 50 bytes)
$String_NoThanks will be placed at 802530B8 (length = 50 bytes)
$Script_Init_BanditMover will be placed at 80253108 (length = 4C bytes)
$GetFloorSign will be placed at 80253154 (length = 48 bytes)
$Function_Load_MapID will be placed at 8025319C (length = 48 bytes)
$GetFloorSign_Rogue will be placed at 802531E4 (length = 48 bytes)
$Script_MakeEntities will be placed at 8025322C (length = 44 bytes)
$Function_802409A8 will be placed at 80253270 (length = 44 bytes)
$Function_LoadCoinsInToVar1 will be placed at 802532B4 (length = 44 bytes)
$String_Bandit_Defeated_Partner1 will be placed at 802532F8 (length = 40 bytes)
$Header will be placed at 80253338 (length = 40 bytes)
$Function_LoadCoinsLosted will be placed at 80253378 (length = 40 bytes)
$Function_LoadMarioCoins will be placed at 802533B8 (length = 40 bytes)
$Function_LoadGainedCoins will be placed at 802533F8 (length = 40 bytes)
$Function_GetTattle2 will be placed at 80253438 (length = 3C bytes)
$Script_Exit0 will be placed at 80253474 (length = 3C bytes)
$Script_Init_Bag will be placed at 802534B0 (length = 38 bytes)
$Script_Init_Bag_HitBox will be placed at 802534E8 (length = 38 bytes)
$String_Bandit_Confrotation_Bye will be placed at 80253520 (length = 34 bytes)
$DispawnPartner will be placed at 80253554 (length = 34 bytes)
$String_Whatever will be placed at 80253588 (length = 30 bytes)
$EnablePipeCollider will be placed at 802535B8 (length = 30 bytes)
$AISettings_MoneySack will be placed at 802535E8 (length = 30 bytes)
$String_Bandit_Defeated2 will be placed at 80253618 (length = 30 bytes)
$AISettings_Enemy will be placed at 80253648 (length = 30 bytes)
$RespawnPartner will be placed at 80253678 (length = 30 bytes)
$AISettings_DisableEnemy will be placed at 802536A8 (length = 30 bytes)
$NPC_Settings_Sack will be placed at 802536D8 (length = 2C bytes)
$NpcSettings_Generic will be placed at 80253704 (length = 2C bytes)
$NpcSettings_Enemy1 will be placed at 80253730 (length = 2C bytes)
$Function_RevivePlayer will be placed at 8025375C (length = 2C bytes)
$NpcSettings_Blank will be placed at 80253788 (length = 2C bytes)
$BlankSettings will be placed at 802537B4 (length = 2C bytes)
$Script_MakeExits will be placed at 802537E0 (length = 2C bytes)
$Function_ResetEnemiesFlag will be placed at 8025380C (length = 2C bytes)
$String_List_NoYes will be placed at 80253838 (length = 28 bytes)
$Function_SaveCoinsLosted will be placed at 80253860 (length = 28 bytes)
$String_List_YesNo will be placed at 80253888 (length = 28 bytes)
$Script_Init_EnemyNPC will be placed at 802538B0 (length = 24 bytes)
$VectorList_SwitchPath will be placed at 802538D4 (length = 24 bytes)
$Script_Init_Lakitu will be placed at 802538F8 (length = 24 bytes)
$Script_Init_Mover will be placed at 8025391C (length = 24 bytes)
$String_CoinsGained will be placed at 80253940 (length = 24 bytes)
$String_Bandit_Defeated10 will be placed at 80253964 (length = 24 bytes)
$String_Bandit_Defeated6 will be placed at 80253988 (length = 20 bytes)
$String_Bandit_Defeated5 will be placed at 802539A8 (length = 20 bytes)
$Script_DisableEnemyAI will be placed at 802539C8 (length = 20 bytes)
$TotalLevels_CurrentPlaythrough will be placed at 802539E8 (length = 1C bytes)
$NpcGroupList_RubyCS will be placed at 80253A04 (length = 18 bytes)
$FloatTable_80244900 will be placed at 80253A1C (length = 18 bytes)
$SignString will be placed at 80253A34 (length = 18 bytes)
$String_Psst will be placed at 80253A4C (length = 10 bytes)
$Script_null will be placed at 80253A5C (length = 10 bytes)
$ASCII_"pt81_86_shape"_Literal will be placed at 80253A6C (length = 10 bytes)
$Function_ResetCoinsLosted will be placed at 80253A7C (length = 10 bytes)
$ASCII_"pt51_56_shape"_Literal will be placed at 80253A8C (length = 10 bytes)
$ASCII_"pt1_6_hit"_Literal will be placed at 80253A9C (length = C bytes)
$NpcGroup7 will be placed at 80253AA8 (length = C bytes)
$NpcGroup1 will be placed at 80253AB4 (length = C bytes)
$ASCII_"pt_100"_Literal will be placed at 80253AC0 (length = C bytes)
$ASCII_"dmo_00"_Literal will be placed at 80253ACC (length = C bytes)
$ASCII_"pt1_6_shape"_Literal will be placed at 80253AD8 (length = C bytes)
$ASCII_"pt_85"_Literal will be placed at 80253AE4 (length = 8 bytes)
$ASCII_"pt91_96"_Literal will be placed at 80253AEC (length = 8 bytes)
$ASCII_"pt62_67"_Literal will be placed at 80253AF4 (length = 8 bytes)
$ASCII_"pt33_38"_Literal will be placed at 80253AFC (length = 8 bytes)
$ASCII_"pt1_6"_Literal will be placed at 80253B04 (length = 8 bytes)
$ASCII_"pt_95"_Literal will be placed at 80253B0C (length = 8 bytes)
$ASCII_"pt4_9"_Literal will be placed at 80253B14 (length = 8 bytes)
$ASCII_"pt_65"_Literal will be placed at 80253B1C (length = 8 bytes)
$ASCII_"pt44_49"_Literal will be placed at 80253B24 (length = 8 bytes)
$ASCII_"pt81_86"_Literal will be placed at 80253B2C (length = 8 bytes)
$ASCII_"pt_80"_Literal will be placed at 80253B34 (length = 8 bytes)
$ASCII_"pt52_57"_Literal will be placed at 80253B3C (length = 8 bytes)
$ASCII_"pt23_28"_Literal will be placed at 80253B44 (length = 8 bytes)
$ASCII_"pt_50"_Literal will be placed at 80253B4C (length = 8 bytes)
$ASCII_"pt83_88"_Literal will be placed at 80253B54 (length = 8 bytes)
$ASCII_"pt54_59"_Literal will be placed at 80253B5C (length = 8 bytes)
$ASCII_"pt64_69"_Literal will be placed at 80253B64 (length = 8 bytes)
$ASCII_"pt72_77"_Literal will be placed at 80253B6C (length = 8 bytes)
$ASCII_"pt14_19"_Literal will be placed at 80253B74 (length = 8 bytes)
$ASCII_"pt34_39"_Literal will be placed at 80253B7C (length = 8 bytes)
$ASCII_"pt22_27"_Literal will be placed at 80253B84 (length = 8 bytes)
$ASCII_"pt21_26"_Literal will be placed at 80253B8C (length = 8 bytes)
$ASCII_"pt73_78"_Literal will be placed at 80253B94 (length = 8 bytes)
$ASCII_"pt84_89"_Literal will be placed at 80253B9C (length = 8 bytes)
$ASCII_"pt92_97"_Literal will be placed at 80253BA4 (length = 8 bytes)
$ASCII_"pt_75"_Literal will be placed at 80253BAC (length = 8 bytes)
$ASCII_"pt53_58"_Literal will be placed at 80253BB4 (length = 8 bytes)
$ASCII_"pt41_46"_Literal will be placed at 80253BBC (length = 8 bytes)
$ASCII_"pt61_66"_Literal will be placed at 80253BC4 (length = 8 bytes)
$ASCII_"pt32_37"_Literal will be placed at 80253BCC (length = 8 bytes)
$ASCII_"pt_15"_Literal will be placed at 80253BD4 (length = 8 bytes)
$ASCII_"pt11_16"_Literal will be placed at 80253BDC (length = 8 bytes)
$ASCII_"pt_00"_Literal will be placed at 80253BE4 (length = 8 bytes)
$ASCII_"pt74_79"_Literal will be placed at 80253BEC (length = 8 bytes)
$ASCII_"pt_25"_Literal will be placed at 80253BF4 (length = 8 bytes)
$ConstDouble_80246558 will be placed at 80253C00 (length = 8 bytes)
$ASCII_"pt_35"_Literal will be placed at 80253C08 (length = 8 bytes)
$ASCII_"pt71_76"_Literal will be placed at 80253C10 (length = 8 bytes)
$ASCII_"pt42_47"_Literal will be placed at 80253C18 (length = 8 bytes)
$ASCII_"pt13_18"_Literal will be placed at 80253C20 (length = 8 bytes)
$ASCII_"pt_05"_Literal will be placed at 80253C28 (length = 8 bytes)
$ASCII_"pt93_98"_Literal will be placed at 80253C30 (length = 8 bytes)
$ASCII_"pt43_48"_Literal will be placed at 80253C38 (length = 8 bytes)
$ASCII_"pt51_56"_Literal will be placed at 80253C40 (length = 8 bytes)
$ASCII_"pt_55"_Literal will be placed at 80253C48 (length = 8 bytes)
$ASCII_"pt2_7"_Literal will be placed at 80253C50 (length = 8 bytes)
$ASCII_"pt12_17"_Literal will be placed at 80253C58 (length = 8 bytes)
$ASCII_"pt3_8"_Literal will be placed at 80253C60 (length = 8 bytes)
$ASCII_"pt_10"_Literal will be placed at 80253C68 (length = 8 bytes)
$ASCII_"tik_tex"_Literal will be placed at 80253C70 (length = 8 bytes)
$ASCII_"pt31_36"_Literal will be placed at 80253C78 (length = 8 bytes)
$ConstDouble_80246510 will be placed at 80253C80 (length = 8 bytes)
$ASCII_"pt63_68"_Literal will be placed at 80253C88 (length = 8 bytes)
$ConstDouble_80246508 will be placed at 80253C90 (length = 8 bytes)
$ConstDouble_80246500 will be placed at 80253C98 (length = 8 bytes)
$ASCII_"pt94_99"_Literal will be placed at 80253CA0 (length = 8 bytes)
$ASCII_"pt82_87"_Literal will be placed at 80253CA8 (length = 8 bytes)
$ASCII_"pt_45"_Literal will be placed at 80253CB0 (length = 8 bytes)
$ASCII_"pt24_29"_Literal will be placed at 80253CB8 (length = 8 bytes)
$MoverCancel will be placed at 80253BFC (length = 4 bytes)
$BanditMoverCancel will be placed at 80253CC0 (length = 4 bytes)
$CloseDialogBubble will be placed at 80253CC4 (length = 4 bytes)
Executing patch: pt52_57.mpat
Creating struct: $DeepestLevel
Creating struct: $TotalLevels_Sign
Creating struct: $TotalLevels_CurrentPlaythrough
Creating struct: $LoadHighscores
Creating struct: $FallingDownPipe
Creating struct: $Function_GetPos
Creating struct: $Function2
Creating struct: $SetSpawns
Creating struct: $Script_Set_Formation
Creating struct: $Function_OverwriteBattleID
Creating struct: $Script_SetMover
Creating struct: $Script_MapID_Converter
Creating struct: $Script_LoadOdds
Creating struct: $Script_LoadMoverType
Creating struct: $Script_SpawnMover
Creating struct: $Script_SetNPCPos
Creating struct: $Function_Load_MapID
Creating struct: $SwitchPath
Creating struct: $VectorList_SwitchPath
Creating struct: $GetPos
Creating struct: $DispawnPartner
Creating struct: $RespawnPartner
Creating struct: $LoadMap
Creating struct: $GetFloor
Creating struct: $LoadMapBandit
Creating struct: $GetFloorBandit
Creating struct: $SetSpawnsSpecial
Creating struct: $Script_SetMover_Special
Creating struct: $Script_SpawnMover_Special
Creating struct: $Script_Set_SpecialFormation
Creating struct: $Function_LoadCoinsInToVar1
Creating struct: $Script_SetSpawnPosition
Creating struct: $Script_Init_EnemyNPC
Creating struct: $Script_Init_Lakitu
Creating struct: $Script_TrackOutcome
Creating struct: $Script_LakituOutcome
Creating struct: $Script_FloorEnemy_Idle
Creating struct: $Script_Rogue_GiveTotalCoins
Creating struct: $Script_SetEnemyIdle
Creating struct: $Script_AddCoins
Creating struct: $NPC_Settings_Sack
Creating struct: $Script_Init_Bag
Creating struct: $Script_Init_Bag_HitBox
Creating struct: $Script_NPC_SackHit_Init
Creating struct: $Script_NPC_Sack_FX
Creating struct: $NPC_Sack_AnimationStart
Creating struct: $NPC_Sack_AnimationEnd
Creating struct: $Script_SackAnimation_SackAppears_100
Creating struct: $Script_SackAnimation_Start_GoToTheRight
Creating struct: $Script_SackAnimation_Start_GoToTheLeft
Creating struct: $Script_SackAnimation_End_Right
Creating struct: $Script_SackAnimation_End_Left
Creating struct: $Function_LoadMarioCoins
Creating struct: $Function_LoadCoinsLosted
Creating struct: $Function_SaveCoinsLosted
Creating struct: $Function_ResetCoinsLosted
Creating struct: $Function_LoadGainedCoins
Creating struct: $Function_RevivePlayer
Creating struct: $AISettings_MoneySack
Creating struct: $Script_NpcAI_MoneySack
Creating struct: $JumpTable_80242448
Creating struct: $Function_NpcAI_MoneySack
Creating struct: $Function_80240260
Creating struct: $Function_80240844
Creating struct: $Function_802409A8
Creating struct: $Script_TrackPlayer
Creating struct: $Script_PipeAnimation
Creating struct: $Function_SetAnimation
Creating struct: $Function_GetColliderPos
Creating struct: $Function_TrackInput
Creating struct: $GoToNextLevel
Creating struct: $GetFloorSign
Creating struct: $GetFloorSign_Rogue
Creating struct: $Function_GetTattle1
Creating struct: $Function_GetTattle2
Creating struct: $Script_ReadSign
Creating struct: $NpcSettings_Blank
Creating struct: $NpcGroup_Spring1
Creating struct: $NpcGroup_Spring2
Creating struct: $NpcGroup_Spring3
Creating struct: $NpcGroup_Spring4
Creating struct: $NpcGroup_Spring5
Creating struct: $NpcGroup_Spring6
Creating struct: $NpcGroup_Spring7
Creating struct: $NpcGroup_Spring8
Creating struct: $NpcGroup_Spring9
Creating struct: $NpcGroup_Spring10
Creating struct: $Header
Creating struct: $Script_Main2_Wait
Creating struct: $Script_Main2_Exec
Creating struct: $Script_TrackEvents
Creating struct: $Script_Cutscene_Event
Creating struct: $SkipCutscene_Event
Creating struct: $Script_ZoomIn_Camera_X
Creating struct: $Script_Cutscene_Ruby_Init
Creating struct: $Script_Cutscene_Ruby2
Creating struct: $NpcGroupList_RubyCS
Creating struct: $NpcGroup_RubyCS
Creating struct: $NpcSettings_Generic
Creating struct: $Script_null
Creating struct: $Script_SpawnNPCs
Creating struct: $Function_ResetEnemiesFlag
Creating struct: $EntryList
Creating struct: $Function_Init
Creating struct: $NpcGroup_Mover
Creating struct: $BlankSettings
Creating struct: $Script_Init_Mover
Creating struct: $Interact_Mover
Creating struct: $Script_MoverWarpAnimation
Creating struct: $SkipCutscene_MoverWarpAnimation
Creating struct: $NpcGroup_BanditMover
Creating struct: $Script_Init_BanditMover
Creating struct: $Script_Bandit_StartBattle
Creating struct: $Interact_BanditMover
Creating struct: $Script_Warning_Mario
Creating struct: $Script_NoThanks_Bandit
Creating struct: $Script_ZoomIn_Camera
Creating struct: $Script_ZoomIn_Camera_2
Creating struct: $Script_ZoomIn_Camera_3
Creating struct: $NpcGroup_MoneyBag
Creating struct: $Script_SetPipesPosition
Creating struct: $Script_DisableNumbers
Creating struct: $Script_SetFloorNumbers
Creating struct: $Script_CheckBanditStatus1
Creating struct: $Script_Cutscene_BanditStatus1
Creating struct: $Script_CheckBanditStatus2
Creating struct: $Script_TrackOutcome_Bandit
Creating struct: $Script_Cutscene_BanditDefeated
Creating struct: $SkipCutscene_BanditDefeated
Creating struct: $Script_AddCoins_Bandit
Creating struct: $Function_LoadPath
Creating struct: $Script_ClosePartnerDialog
Creating struct: $PipeSpawning
Creating struct: $EnablePipeCollider
Creating struct: $Script_MakeEntities
Creating struct: $CommingDownPipe
Creating struct: $Function_TimerCurrentFloor
Creating struct: $Script_MakeExits
Creating struct: $Script_Exit0
Creating struct: $Script_Main
Creating struct: $NpcGroup1
Creating struct: $NpcGroup7
Creating struct: $NpcGroups
Creating struct: $NpcGroup_Enemy1
Creating struct: $ConstDouble_802473D8
Creating struct: $ConstDouble_802473E0
Creating struct: $ConstDouble_802473E8
Creating struct: $ConstDouble_802473F0
Creating struct: $ConstDouble_802473F8
Creating struct: $ConstDouble_80247400
Creating struct: $NpcSettings_Enemy1
Creating struct: $NpcSettings_Enemy1B
Creating struct: $Script_EnemyAI
Creating struct: $Script_EnemyAIB
Creating struct: $AISettings_Enemy
Creating struct: $Function_80240FB4
Creating struct: $Function_8024234C
Creating struct: $Function_802414C8
Creating struct: $Function_80241534
Creating struct: $Function_80241630
Creating struct: $Function_80242070
Creating struct: $Function_80242100
Creating struct: $Function_80242200
Creating struct: $Function_80242260
Creating struct: $Script_DisableEnemyAI
Creating struct: $AISettings_DisableEnemy
Merged 1 regions to 1
$Script_SetFloorNumbers will be placed at 80240000 (length = 128C bytes)
$NpcGroup_RubyCS will be placed at 8024128C (length = 1170 bytes)
$LoadMap will be placed at 802423FC (length = C04 bytes)
$LoadMapBandit will be placed at 80243000 (length = B80 bytes)
$GoToNextLevel will be placed at 80243B80 (length = B10 bytes)
$Script_Cutscene_BanditDefeated will be placed at 80244690 (length = B08 bytes)
$Function_80241630 will be placed at 80245198 (length = A40 bytes)
$Script_SetEnemyIdle will be placed at 80245BD8 (length = 674 bytes)
$Script_MapID_Converter will be placed at 8024624C (length = 60C bytes)
$Script_Warning_Mario will be placed at 80246858 (length = 608 bytes)
$Function_80240260 will be placed at 80246E60 (length = 5E4 bytes)
$Script_SetNPCPos will be placed at 80247444 (length = 4D0 bytes)
$Script_Cutscene_Ruby_Init will be placed at 80247914 (length = 490 bytes)
$FallingDownPipe will be placed at 80247DA4 (length = 418 bytes)
$Script_TrackEvents will be placed at 802481BC (length = 410 bytes)
$NpcGroup_MoneyBag will be placed at 802485CC (length = 3E0 bytes)
$NpcGroup_Enemy1 will be placed at 802489AC (length = 3E0 bytes)
$Interact_BanditMover will be placed at 80248D8C (length = 3D8 bytes)
$Script_CheckBanditStatus2 will be placed at 80249164 (length = 3D8 bytes)
$SkipCutscene_BanditDefeated will be placed at 8024953C (length = 3D8 bytes)
$Interact_Mover will be placed at 80249914 (length = 3CC bytes)
$Script_Set_SpecialFormation will be placed at 80249CE0 (length = 3B4 bytes)
$Script_FloorEnemy_Idle will be placed at 8024A094 (length = 388 bytes)
$Script_TrackOutcome_Bandit will be placed at 8024A41C (length = 330 bytes)
$Script_LakituOutcome will be placed at 8024A74C (length = 30C bytes)
$Script_Rogue_GiveTotalCoins will be placed at 8024AA58 (length = 2FC bytes)
$Script_Set_Formation will be placed at 8024AD54 (length = 2D4 bytes)
$PipeSpawning will be placed at 8024B028 (length = 2A0 bytes)
$Script_TrackOutcome will be placed at 8024B2C8 (length = 288 bytes)
$Function_80240FB4 will be placed at 8024B550 (length = 260 bytes)
$Script_Cutscene_Ruby2 will be placed at 8024B7B0 (length = 258 bytes)
$Function_8024234C will be placed at 8024BA08 (length = 250 bytes)
$Function_NpcAI_MoneySack will be placed at 8024BC58 (length = 238 bytes)
$Script_SackAnimation_Start_GoToTheRight will be placed at 8024BE90 (length = 230 bytes)
$Script_SetSpawnPosition will be placed at 8024C0C0 (length = 228 bytes)
$Script_Main2_Exec will be placed at 8024C2E8 (length = 228 bytes)
$Script_Cutscene_BanditStatus1 will be placed at 8024C510 (length = 21C bytes)
$Script_LoadMoverType will be placed at 8024C72C (length = 214 bytes)
$Script_NoThanks_Bandit will be placed at 8024C940 (length = 210 bytes)
$Script_SackAnimation_Start_GoToTheLeft will be placed at 8024CB50 (length = 1F8 bytes)
$NpcGroup_Spring10 will be placed at 8024CD48 (length = 1F0 bytes)
$NpcGroup_Spring1 will be placed at 8024CF38 (length = 1F0 bytes)
$NpcGroup_Spring2 will be placed at 8024D128 (length = 1F0 bytes)
$NpcGroup_Spring3 will be placed at 8024D318 (length = 1F0 bytes)
$NpcGroup_Spring4 will be placed at 8024D508 (length = 1F0 bytes)
$NpcGroup_Spring5 will be placed at 8024D6F8 (length = 1F0 bytes)
$NpcGroup_Spring6 will be placed at 8024D8E8 (length = 1F0 bytes)
$NpcGroup_Spring7 will be placed at 8024DAD8 (length = 1F0 bytes)
$NpcGroup_Spring8 will be placed at 8024DCC8 (length = 1F0 bytes)
$NpcGroup_Spring9 will be placed at 8024DEB8 (length = 1F0 bytes)
$NpcGroup_Mover will be placed at 8024E0A8 (length = 1F0 bytes)
$NpcGroup_BanditMover will be placed at 8024E298 (length = 1F0 bytes)
$Script_PipeAnimation will be placed at 8024E488 (length = 1C4 bytes)
$Script_Cutscene_Event will be placed at 8024E64C (length = 198 bytes)
$Script_NPC_SackHit_Init will be placed at 8024E7E4 (length = 198 bytes)
$Script_ClosePartnerDialog will be placed at 8024E97C (length = 194 bytes)
$JumpTable_80242448 will be placed at 8024EB10 (length = 190 bytes)
$SkipCutscene_Event will be placed at 8024ECA0 (length = 188 bytes)
$Script_SpawnNPCs will be placed at 8024EE28 (length = 174 bytes)
$NPC_Sack_AnimationStart will be placed at 8024EF9C (length = 168 bytes)
$Function_80240844 will be placed at 8024F104 (length = 164 bytes)
$Script_SackAnimation_End_Right will be placed at 8024F268 (length = 158 bytes)
$Script_SackAnimation_End_Left will be placed at 8024F3C0 (length = 150 bytes)
$Script_TrackPlayer will be placed at 8024F510 (length = 144 bytes)
$Script_CheckBanditStatus1 will be placed at 8024F654 (length = 13C bytes)
$MapTattle5 will be placed at 8024F790 (length = 13C bytes)
$MapTattle4 will be placed at 8024F8CC (length = 130 bytes)
$BanditMover_Tattle will be placed at 8024F9FC (length = 11C bytes)
$Function_LoadPath will be placed at 8024FB18 (length = 114 bytes)
$Function_80242100 will be placed at 8024FC2C (length = 100 bytes)
$Script_SackAnimation_SackAppears_100 will be placed at 8024FD2C (length = 100 bytes)
$String_Partner_Event_1 will be placed at 8024FE2C (length = FC bytes)
$Function_80241534 will be placed at 8024FF28 (length = FC bytes)
$Script_Main2_Wait will be placed at 80250024 (length = F4 bytes)
$String_Warning2 will be placed at 80250118 (length = F0 bytes)
$Function_80242260 will be placed at 80250208 (length = EC bytes)
$Script_SetMover_Special will be placed at 802502F4 (length = EC bytes)
$SetSpawnsSpecial will be placed at 802503E0 (length = E8 bytes)
$SetSpawns will be placed at 802504C8 (length = E8 bytes)
$String_Warning1 will be placed at 802505B0 (length = E8 bytes)
$DeepestLevel will be placed at 80250698 (length = E4 bytes)
$Function_GetColliderPos will be placed at 8025077C (length = E0 bytes)
$Function_GetPos will be placed at 8025085C (length = E0 bytes)
$TotalLevels_Sign will be placed at 8025093C (length = DC bytes)
$Script_SpawnMover_Special will be placed at 80250A18 (length = DC bytes)
$GetFloor will be placed at 80250AF4 (length = DC bytes)
$Script_DisableNumbers will be placed at 80250BD0 (length = D8 bytes)
$MapTattle2 will be placed at 80250CA8 (length = D4 bytes)
$NPC_Sack_AnimationEnd will be placed at 80250D7C (length = D4 bytes)
$Script_EnemyAI will be placed at 80250E50 (length = D4 bytes)
$Script_SetMover will be placed at 80250F24 (length = D0 bytes)
$GetFloorBandit will be placed at 80250FF4 (length = D0 bytes)
$Script_AddCoins_Bandit will be placed at 802510C4 (length = C8 bytes)
$GetPos will be placed at 8025118C (length = C8 bytes)
$SkipCutscene_MoverWarpAnimation will be placed at 80251254 (length = C4 bytes)
$Function_Init will be placed at 80251318 (length = C4 bytes)
$MoverStart will be placed at 802513DC (length = C0 bytes)
$String_Warning3 will be placed at 8025149C (length = C0 bytes)
$Script_ZoomIn_Camera_3 will be placed at 8025155C (length = BC bytes)
$Script_ZoomIn_Camera_2 will be placed at 80251618 (length = BC bytes)
$Script_ZoomIn_Camera will be placed at 802516D4 (length = BC bytes)
$Function_TrackInput will be placed at 80251790 (length = BC bytes)
$String_Bandit_Defeated4 will be placed at 8025184C (length = B8 bytes)
$Script_MoverWarpAnimation will be placed at 80251904 (length = B8 bytes)
$Script_NpcAI_MoneySack will be placed at 802519BC (length = B8 bytes)
$NpcGroups will be placed at 80251A74 (length = B4 bytes)
$Script_SpawnMover will be placed at 80251B28 (length = B4 bytes)
$BanditMoverStart will be placed at 80251BDC (length = B4 bytes)
$MapTattle3 will be placed at 80251C90 (length = B0 bytes)
$Script_LoadOdds will be placed at 80251D40 (length = B0 bytes)
$Script_SetPipesPosition will be placed at 80251DF0 (length = B0 bytes)
$LoadHighscores will be placed at 80251EA0 (length = B0 bytes)
$NpcGroup7 will be placed at 80251F50 (length = A8 bytes)
$MapTattle1 will be placed at 80251FF8 (length = A8 bytes)
$Script_AddCoins will be placed at 802520A0 (length = A8 bytes)
$SwitchPath will be placed at 80252148 (length = A4 bytes)
$Script_NPC_Sack_FX will be placed at 802521EC (length = A4 bytes)
$Tattle_Springkeeper will be placed at 80252290 (length = A4 bytes)
$Script_ReadSign will be placed at 80252334 (length = A0 bytes)
$Script_ZoomIn_Camera_X will be placed at 802523D4 (length = A0 bytes)
$String_Bandit_Defeated9 will be placed at 80252474 (length = 9C bytes)
$NpcGroup1 will be placed at 80252510 (length = 9C bytes)
$Script_Bandit_StartBattle will be placed at 802525AC (length = 9C bytes)
$Script_Main will be placed at 80252648 (length = 9C bytes)
$Mover_Tattle will be placed at 802526E4 (length = 94 bytes)
$String_Bandit_Defeated3 will be placed at 80252778 (length = 90 bytes)
$Function_80242070 will be placed at 80252808 (length = 90 bytes)
$String_Bandit_Defeated8 will be placed at 80252898 (length = 8C bytes)
$BanditMover_Options2 will be placed at 80252924 (length = 84 bytes)
$BanditMover_Options will be placed at 802529A8 (length = 84 bytes)
$Script_EnemyAIB will be placed at 80252A2C (length = 80 bytes)
$String_Okay will be placed at 80252AAC (length = 80 bytes)
$Function_TimerCurrentFloor will be placed at 80252B2C (length = 7C bytes)
$SignStringBug will be placed at 80252BA8 (length = 7C bytes)
$String_Rogue_CoinsGained_Success will be placed at 80252C24 (length = 78 bytes)
$Mover_Options will be placed at 80252C9C (length = 78 bytes)
$Function2 will be placed at 80252D14 (length = 6C bytes)
$Function_802414C8 will be placed at 80252D80 (length = 6C bytes)
$Function_SetAnimation will be placed at 80252DEC (length = 6C bytes)
$String_Bandit_Defeated1 will be placed at 80252E58 (length = 68 bytes)
$CommingDownPipe will be placed at 80252EC0 (length = 68 bytes)
$MoverEnd will be placed at 80252F28 (length = 68 bytes)
$BanditMoverEnd will be placed at 80252F90 (length = 68 bytes)
$String_Bandit_Defeated_Partner3 will be placed at 80252FF8 (length = 64 bytes)
$String_Bandit_Defeated_Partner2 will be placed at 8025305C (length = 64 bytes)
$Function_GetTattle1 will be placed at 802530C0 (length = 60 bytes)
$Function_OverwriteBattleID will be placed at 80253120 (length = 60 bytes)
$Function_80242200 will be placed at 80253180 (length = 60 bytes)
$String_Bandit_Confrontation1 will be placed at 802531E0 (length = 5C bytes)
$BanditMoverNoCoins will be placed at 8025323C (length = 58 bytes)
$MoverNoCoins will be placed at 80253294 (length = 58 bytes)
$String_Bandit_Defeated7 will be placed at 802532EC (length = 50 bytes)
$String_Bandit_Defeated_Partner4 will be placed at 8025333C (length = 50 bytes)
$EntryList will be placed at 8025338C (length = 50 bytes)
$String_NoThanks will be placed at 802533DC (length = 50 bytes)
$Script_Init_BanditMover will be placed at 8025342C (length = 4C bytes)
$GetFloorSign will be placed at 80253478 (length = 48 bytes)
$Function_Load_MapID will be placed at 802534C0 (length = 48 bytes)
$GetFloorSign_Rogue will be placed at 80253508 (length = 48 bytes)
$Script_MakeEntities will be placed at 80253550 (length = 44 bytes)
$Function_802409A8 will be placed at 80253594 (length = 44 bytes)
$Function_LoadCoinsInToVar1 will be placed at 802535D8 (length = 44 bytes)
$String_Bandit_Defeated_Partner1 will be placed at 8025361C (length = 40 bytes)
$Header will be placed at 8025365C (length = 40 bytes)
$Function_LoadCoinsLosted will be placed at 8025369C (length = 40 bytes)
$Function_LoadMarioCoins will be placed at 802536DC (length = 40 bytes)
$Function_LoadGainedCoins will be placed at 8025371C (length = 40 bytes)
$Function_GetTattle2 will be placed at 8025375C (length = 3C bytes)
$Script_Exit0 will be placed at 80253798 (length = 3C bytes)
$Script_Init_Bag will be placed at 802537D4 (length = 38 bytes)
$Script_Init_Bag_HitBox will be placed at 8025380C (length = 38 bytes)
$String_Bandit_Confrotation_Bye will be placed at 80253844 (length = 34 bytes)
$DispawnPartner will be placed at 80253878 (length = 34 bytes)
$String_Whatever will be placed at 802538AC (length = 30 bytes)
$EnablePipeCollider will be placed at 802538DC (length = 30 bytes)
$AISettings_MoneySack will be placed at 8025390C (length = 30 bytes)
$String_Bandit_Defeated2 will be placed at 8025393C (length = 30 bytes)
$AISettings_Enemy will be placed at 8025396C (length = 30 bytes)
$RespawnPartner will be placed at 8025399C (length = 30 bytes)
$AISettings_DisableEnemy will be placed at 802539CC (length = 30 bytes)
$NPC_Settings_Sack will be placed at 802539FC (length = 2C bytes)
$NpcSettings_Generic will be placed at 80253A28 (length = 2C bytes)
$NpcSettings_Enemy1 will be placed at 80253A54 (length = 2C bytes)
$Function_RevivePlayer will be placed at 80253A80 (length = 2C bytes)
$NpcSettings_Blank will be placed at 80253AAC (length = 2C bytes)
$BlankSettings will be placed at 80253AD8 (length = 2C bytes)
$NpcSettings_Enemy1B will be placed at 80253B04 (length = 2C bytes)
$Script_MakeExits will be placed at 80253B30 (length = 2C bytes)
$Function_ResetEnemiesFlag will be placed at 80253B5C (length = 2C bytes)
$String_List_NoYes will be placed at 80253B88 (length = 28 bytes)
$Function_SaveCoinsLosted will be placed at 80253BB0 (length = 28 bytes)
$String_List_YesNo will be placed at 80253BD8 (length = 28 bytes)
$Script_Init_EnemyNPC will be placed at 80253C00 (length = 24 bytes)
$VectorList_SwitchPath will be placed at 80253C24 (length = 24 bytes)
$Script_Init_Lakitu will be placed at 80253C48 (length = 24 bytes)
$Script_Init_Mover will be placed at 80253C6C (length = 24 bytes)
$String_CoinsGained will be placed at 80253C90 (length = 24 bytes)
$String_Bandit_Defeated10 will be placed at 80253CB4 (length = 24 bytes)
$String_Bandit_Defeated6 will be placed at 80253CD8 (length = 20 bytes)
$String_Bandit_Defeated5 will be placed at 80253CF8 (length = 20 bytes)
$Script_DisableEnemyAI will be placed at 80253D18 (length = 20 bytes)
$TotalLevels_CurrentPlaythrough will be placed at 80253D38 (length = 1C bytes)
$NpcGroupList_RubyCS will be placed at 80253D54 (length = 18 bytes)
$SignString will be placed at 80253D6C (length = 18 bytes)
$String_Psst will be placed at 80253D84 (length = 10 bytes)
$Script_null will be placed at 80253D94 (length = 10 bytes)
$ASCII_"pt81_86_shape"_Literal will be placed at 80253DA4 (length = 10 bytes)
$Function_ResetCoinsLosted will be placed at 80253DB4 (length = 10 bytes)
$ASCII_"pt51_56_shape"_Literal will be placed at 80253DC4 (length = 10 bytes)
$ASCII_"pt1_6_hit"_Literal will be placed at 80253DD4 (length = C bytes)
$ASCII_"pt_100"_Literal will be placed at 80253DE0 (length = C bytes)
$ASCII_"dmo_00"_Literal will be placed at 80253DEC (length = C bytes)
$ASCII_"pt1_6_shape"_Literal will be placed at 80253DF8 (length = C bytes)
$ConstDouble_802473E8 will be placed at 80253E08 (length = 8 bytes)
$ConstDouble_802473E0 will be placed at 80253E10 (length = 8 bytes)
$ASCII_"pt_85"_Literal will be placed at 80253E18 (length = 8 bytes)
$ConstDouble_802473D8 will be placed at 80253E20 (length = 8 bytes)
$ASCII_"pt91_96"_Literal will be placed at 80253E28 (length = 8 bytes)
$ASCII_"pt62_67"_Literal will be placed at 80253E30 (length = 8 bytes)
$ASCII_"pt33_38"_Literal will be placed at 80253E38 (length = 8 bytes)
$ASCII_"pt1_6"_Literal will be placed at 80253E40 (length = 8 bytes)
$ASCII_"pt_95"_Literal will be placed at 80253E48 (length = 8 bytes)
$ASCII_"pt4_9"_Literal will be placed at 80253E50 (length = 8 bytes)
$ASCII_"pt_65"_Literal will be placed at 80253E58 (length = 8 bytes)
$ASCII_"pt44_49"_Literal will be placed at 80253E60 (length = 8 bytes)
$ASCII_"pt81_86"_Literal will be placed at 80253E68 (length = 8 bytes)
$ASCII_"pt_80"_Literal will be placed at 80253E70 (length = 8 bytes)
$ASCII_"pt52_57"_Literal will be placed at 80253E78 (length = 8 bytes)
$ASCII_"pt23_28"_Literal will be placed at 80253E80 (length = 8 bytes)
$ASCII_"pt_50"_Literal will be placed at 80253E88 (length = 8 bytes)
$ASCII_"pt83_88"_Literal will be placed at 80253E90 (length = 8 bytes)
$ASCII_"pt54_59"_Literal will be placed at 80253E98 (length = 8 bytes)
$ConstDouble_802473F8 will be placed at 80253EA0 (length = 8 bytes)
$ConstDouble_802473F0 will be placed at 80253EA8 (length = 8 bytes)
$ASCII_"pt64_69"_Literal will be placed at 80253EB0 (length = 8 bytes)
$ASCII_"pt72_77"_Literal will be placed at 80253EB8 (length = 8 bytes)
$ASCII_"pt14_19"_Literal will be placed at 80253EC0 (length = 8 bytes)
$ASCII_"pt34_39"_Literal will be placed at 80253EC8 (length = 8 bytes)
$ASCII_"pt22_27"_Literal will be placed at 80253ED0 (length = 8 bytes)
$ASCII_"pt21_26"_Literal will be placed at 80253ED8 (length = 8 bytes)
$ASCII_"pt73_78"_Literal will be placed at 80253EE0 (length = 8 bytes)
$ASCII_"pt84_89"_Literal will be placed at 80253EE8 (length = 8 bytes)
$ASCII_"pt92_97"_Literal will be placed at 80253EF0 (length = 8 bytes)
$ASCII_"pt_75"_Literal will be placed at 80253EF8 (length = 8 bytes)
$ASCII_"pt53_58"_Literal will be placed at 80253F00 (length = 8 bytes)
$ASCII_"pt41_46"_Literal will be placed at 80253F08 (length = 8 bytes)
$ASCII_"pt61_66"_Literal will be placed at 80253F10 (length = 8 bytes)
$ASCII_"pt32_37"_Literal will be placed at 80253F18 (length = 8 bytes)
$ASCII_"pt_15"_Literal will be placed at 80253F20 (length = 8 bytes)
$ASCII_"pt11_16"_Literal will be placed at 80253F28 (length = 8 bytes)
$ASCII_"pt_00"_Literal will be placed at 80253F30 (length = 8 bytes)
$ASCII_"pt74_79"_Literal will be placed at 80253F38 (length = 8 bytes)
$ASCII_"pt_25"_Literal will be placed at 80253F40 (length = 8 bytes)
$ConstDouble_80247400 will be placed at 80253F48 (length = 8 bytes)
$ASCII_"pt_35"_Literal will be placed at 80253F50 (length = 8 bytes)
$ASCII_"pt71_76"_Literal will be placed at 80253F58 (length = 8 bytes)
$ASCII_"pt42_47"_Literal will be placed at 80253F60 (length = 8 bytes)
$ASCII_"pt13_18"_Literal will be placed at 80253F68 (length = 8 bytes)
$ASCII_"pt_05"_Literal will be placed at 80253F70 (length = 8 bytes)
$ASCII_"pt93_98"_Literal will be placed at 80253F78 (length = 8 bytes)
$ASCII_"pt43_48"_Literal will be placed at 80253F80 (length = 8 bytes)
$ASCII_"pt51_56"_Literal will be placed at 80253F88 (length = 8 bytes)
$ASCII_"pt_55"_Literal will be placed at 80253F90 (length = 8 bytes)
$ASCII_"pt2_7"_Literal will be placed at 80253F98 (length = 8 bytes)
$ASCII_"pt12_17"_Literal will be placed at 80253FA0 (length = 8 bytes)
$ASCII_"pt3_8"_Literal will be placed at 80253FA8 (length = 8 bytes)
$ASCII_"pt_10"_Literal will be placed at 80253FB0 (length = 8 bytes)
$ASCII_"tik_tex"_Literal will be placed at 80253FB8 (length = 8 bytes)
$ASCII_"pt31_36"_Literal will be placed at 80253FC0 (length = 8 bytes)
$ASCII_"pt63_68"_Literal will be placed at 80253FC8 (length = 8 bytes)
$ASCII_"pt94_99"_Literal will be placed at 80253FD0 (length = 8 bytes)
$ASCII_"pt82_87"_Literal will be placed at 80253FD8 (length = 8 bytes)
$ASCII_"pt_45"_Literal will be placed at 80253FE0 (length = 8 bytes)
$ASCII_"pt24_29"_Literal will be placed at 80253FE8 (length = 8 bytes)
$MoverCancel will be placed at 80253E04 (length = 4 bytes)
$BanditMoverCancel will be placed at 80253FF0 (length = 4 bytes)
$CloseDialogBubble will be placed at 80253FF4 (length = 4 bytes)
Executing patch: pt53_58.mpat
Creating struct: $DeepestLevel
Creating struct: $TotalLevels_Sign
Creating struct: $TotalLevels_CurrentPlaythrough
Creating struct: $LoadHighscores
Creating struct: $FallingDownPipe
Creating struct: $Function_GetPos
Creating struct: $Function2
Creating struct: $SetSpawns
Creating struct: $Script_Set_Formation
Creating struct: $Function_OverwriteBattleID
Creating struct: $Script_SetMover
Creating struct: $Script_MapID_Converter
Creating struct: $Script_LoadOdds
Creating struct: $Script_LoadMoverType
Creating struct: $Script_SpawnMover
Creating struct: $Script_SetNPCPos
Creating struct: $Function_Load_MapID
Creating struct: $SwitchPath
Creating struct: $VectorList_SwitchPath
Creating struct: $GetPos
Creating struct: $DispawnPartner
Creating struct: $RespawnPartner
Creating struct: $LoadMap
Creating struct: $GetFloor
Creating struct: $LoadMapBandit
Creating struct: $GetFloorBandit
Creating struct: $SetSpawnsSpecial
Creating struct: $Script_SetMover_Special
Creating struct: $Script_SpawnMover_Special
Creating struct: $Script_Set_SpecialFormation
Creating struct: $Function_LoadCoinsInToVar1
Creating struct: $Script_SetSpawnPosition
Creating struct: $Script_Init_EnemyNPC
Creating struct: $Script_Init_Lakitu
Creating struct: $Script_TrackOutcome
Creating struct: $Script_LakituOutcome
Creating struct: $Script_FloorEnemy_Idle
Creating struct: $Script_Rogue_GiveTotalCoins
Creating struct: $Script_SetEnemyIdle
Creating struct: $Script_AddCoins
Creating struct: $NPC_Settings_Sack
Creating struct: $Script_Init_Bag
Creating struct: $Script_Init_Bag_HitBox
Creating struct: $Script_NPC_SackHit_Init
Creating struct: $Script_NPC_Sack_FX
Creating struct: $NPC_Sack_AnimationStart
Creating struct: $NPC_Sack_AnimationEnd
Creating struct: $Script_SackAnimation_SackAppears_100
Creating struct: $Script_SackAnimation_Start_GoToTheRight
Creating struct: $Script_SackAnimation_Start_GoToTheLeft
Creating struct: $Script_SackAnimation_End_Right
Creating struct: $Script_SackAnimation_End_Left
Creating struct: $Function_LoadMarioCoins
Creating struct: $Function_LoadCoinsLosted
Creating struct: $Function_SaveCoinsLosted
Creating struct: $Function_ResetCoinsLosted
Creating struct: $Function_LoadGainedCoins
Creating struct: $Function_RevivePlayer
Creating struct: $AISettings_MoneySack
Creating struct: $Script_NpcAI_MoneySack
Creating struct: $JumpTable_80242448
Creating struct: $Function_NpcAI_MoneySack
Creating struct: $Function_80240260
Creating struct: $Function_80240844
Creating struct: $Function_802409A8
Creating struct: $Script_TrackPlayer
Creating struct: $Script_PipeAnimation
Creating struct: $Function_SetAnimation
Creating struct: $Function_GetColliderPos
Creating struct: $Function_TrackInput
Creating struct: $GoToNextLevel
Creating struct: $GetFloorSign
Creating struct: $GetFloorSign_Rogue
Creating struct: $Function_GetTattle1
Creating struct: $Function_GetTattle2
Creating struct: $Script_ReadSign
Creating struct: $NpcSettings_Blank
Creating struct: $NpcGroup_Spring1
Creating struct: $NpcGroup_Spring2
Creating struct: $NpcGroup_Spring3
Creating struct: $NpcGroup_Spring4
Creating struct: $NpcGroup_Spring5
Creating struct: $NpcGroup_Spring6
Creating struct: $NpcGroup_Spring7
Creating struct: $NpcGroup_Spring8
Creating struct: $NpcGroup_Spring9
Creating struct: $NpcGroup_Spring10
Creating struct: $Header
Creating struct: $Script_Main2_Wait
Creating struct: $Script_Main2_Exec
Creating struct: $Script_TrackEvents
Creating struct: $Script_Cutscene_Event
Creating struct: $SkipCutscene_Event
Creating struct: $Script_ZoomIn_Camera_X
Creating struct: $Script_Cutscene_Ruby_Init
Creating struct: $Script_Cutscene_Ruby2
Creating struct: $NpcGroupList_RubyCS
Creating struct: $NpcGroup_RubyCS
Creating struct: $NpcSettings_Generic
Creating struct: $Script_null
Creating struct: $Script_SpawnNPCs
Creating struct: $Function_ResetEnemiesFlag
Creating struct: $EntryList
Creating struct: $Function_Init
Creating struct: $NpcGroup_Mover
Creating struct: $BlankSettings
Creating struct: $Script_Init_Mover
Creating struct: $Interact_Mover
Creating struct: $Script_MoverWarpAnimation
Creating struct: $SkipCutscene_MoverWarpAnimation
Creating struct: $NpcGroup_BanditMover
Creating struct: $Script_Init_BanditMover
Creating struct: $Script_Bandit_StartBattle
Creating struct: $Interact_BanditMover
Creating struct: $Script_Warning_Mario
Creating struct: $Script_NoThanks_Bandit
Creating struct: $Script_ZoomIn_Camera
Creating struct: $Script_ZoomIn_Camera_2
Creating struct: $Script_ZoomIn_Camera_3
Creating struct: $NpcGroup_MoneyBag
Creating struct: $Script_SetPipesPosition
Creating struct: $Script_DisableNumbers
Creating struct: $Script_SetFloorNumbers
Creating struct: $Script_CheckBanditStatus1
Creating struct: $Script_Cutscene_BanditStatus1
Creating struct: $Script_CheckBanditStatus2
Creating struct: $Script_TrackOutcome_Bandit
Creating struct: $Script_Cutscene_BanditDefeated
Creating struct: $SkipCutscene_BanditDefeated
Creating struct: $Script_AddCoins_Bandit
Creating struct: $Function_LoadPath
Creating struct: $Script_ClosePartnerDialog
Creating struct: $PipeSpawning
Creating struct: $EnablePipeCollider
Creating struct: $Script_MakeEntities
Creating struct: $CommingDownPipe
Creating struct: $Function_TimerCurrentFloor
Creating struct: $Script_MakeExits
Creating struct: $Script_Exit0
Creating struct: $Script_Main
Creating struct: $NpcGroup1
Creating struct: $NpcGroup7
Creating struct: $NpcGroups
Creating struct: $NpcGroup_Enemy1
Creating struct: $NpcSettings_Enemy1
Creating struct: $Script_EnemyAI
Creating struct: $AISettings_Enemy
Creating struct: $ConstDouble_802441A0
Creating struct: $ConstDouble_802441A8
Creating struct: $ConstDouble_802441B0
Creating struct: $FloatTable_8024362C
Creating struct: $JumpTable_802441B8
Creating struct: $Function_8024162C
Creating struct: $Function_80241508
Creating struct: $Function_80240320
Creating struct: $Function_802404D0
Creating struct: $Function_80240AF8
Creating struct: $Function_80240BB8
Creating struct: $Function_80240EFC
Creating struct: $Function_80240F74
Creating struct: $Function_80240FE0
Creating struct: $Function_80241114
Creating struct: $Function_80241178
Creating struct: $Script_DisableEnemyAI
Creating struct: $AISettings_DisableEnemy
Merged 1 regions to 1
$Script_SetFloorNumbers will be placed at 80240000 (length = 128C bytes)
$NpcGroup_RubyCS will be placed at 8024128C (length = 1170 bytes)
$LoadMap will be placed at 802423FC (length = C04 bytes)
$LoadMapBandit will be placed at 80243000 (length = B80 bytes)
$GoToNextLevel will be placed at 80243B80 (length = B10 bytes)
$Script_Cutscene_BanditDefeated will be placed at 80244690 (length = B08 bytes)
$Script_SetEnemyIdle will be placed at 80245198 (length = 674 bytes)
$Function_802404D0 will be placed at 8024580C (length = 628 bytes)
$Script_MapID_Converter will be placed at 80245E34 (length = 60C bytes)
$Script_Warning_Mario will be placed at 80246440 (length = 608 bytes)
$Function_80240260 will be placed at 80246A48 (length = 5E4 bytes)
$Script_SetNPCPos will be placed at 8024702C (length = 4D0 bytes)
$Script_Cutscene_Ruby_Init will be placed at 802474FC (length = 490 bytes)
$FallingDownPipe will be placed at 8024798C (length = 418 bytes)
$Script_TrackEvents will be placed at 80247DA4 (length = 410 bytes)
$NpcGroup_MoneyBag will be placed at 802481B4 (length = 3E0 bytes)
$Interact_BanditMover will be placed at 80248594 (length = 3D8 bytes)
$Script_CheckBanditStatus2 will be placed at 8024896C (length = 3D8 bytes)
$SkipCutscene_BanditDefeated will be placed at 80248D44 (length = 3D8 bytes)
$Interact_Mover will be placed at 8024911C (length = 3CC bytes)
$Script_Set_SpecialFormation will be placed at 802494E8 (length = 3B4 bytes)
$Function_80241178 will be placed at 8024989C (length = 390 bytes)
$Script_FloorEnemy_Idle will be placed at 80249C2C (length = 388 bytes)
$Function_80240BB8 will be placed at 80249FB4 (length = 344 bytes)
$Script_TrackOutcome_Bandit will be placed at 8024A2F8 (length = 330 bytes)
$Script_LakituOutcome will be placed at 8024A628 (length = 30C bytes)
$Script_Rogue_GiveTotalCoins will be placed at 8024A934 (length = 2FC bytes)
$Script_Set_Formation will be placed at 8024AC30 (length = 2D4 bytes)
$PipeSpawning will be placed at 8024AF04 (length = 2A0 bytes)
$Script_TrackOutcome will be placed at 8024B1A4 (length = 288 bytes)
$Script_Cutscene_Ruby2 will be placed at 8024B42C (length = 258 bytes)
$Function_NpcAI_MoneySack will be placed at 8024B684 (length = 238 bytes)
$Script_SackAnimation_Start_GoToTheRight will be placed at 8024B8BC (length = 230 bytes)
$Script_SetSpawnPosition will be placed at 8024BAEC (length = 228 bytes)
$Script_Main2_Exec will be placed at 8024BD14 (length = 228 bytes)
$Script_Cutscene_BanditStatus1 will be placed at 8024BF3C (length = 21C bytes)
$Script_LoadMoverType will be placed at 8024C158 (length = 214 bytes)
$Script_NoThanks_Bandit will be placed at 8024C36C (length = 210 bytes)
$Script_SackAnimation_Start_GoToTheLeft will be placed at 8024C57C (length = 1F8 bytes)
$NpcGroup_Spring10 will be placed at 8024C774 (length = 1F0 bytes)
$NpcGroup_Enemy1 will be placed at 8024C964 (length = 1F0 bytes)
$NpcGroup_Spring1 will be placed at 8024CB54 (length = 1F0 bytes)
$NpcGroup_Spring2 will be placed at 8024CD44 (length = 1F0 bytes)
$NpcGroup_Spring3 will be placed at 8024CF34 (length = 1F0 bytes)
$NpcGroup_Spring4 will be placed at 8024D124 (length = 1F0 bytes)
$NpcGroup_Spring5 will be placed at 8024D314 (length = 1F0 bytes)
$NpcGroup_Spring6 will be placed at 8024D504 (length = 1F0 bytes)
$NpcGroup_Spring7 will be placed at 8024D6F4 (length = 1F0 bytes)
$NpcGroup_Spring8 will be placed at 8024D8E4 (length = 1F0 bytes)
$NpcGroup_Spring9 will be placed at 8024DAD4 (length = 1F0 bytes)
$NpcGroup_Mover will be placed at 8024DCC4 (length = 1F0 bytes)
$NpcGroup_BanditMover will be placed at 8024DEB4 (length = 1F0 bytes)
$Function_8024162C will be placed at 8024E0A4 (length = 1EC bytes)
$Script_PipeAnimation will be placed at 8024E290 (length = 1C4 bytes)
$Function_80240320 will be placed at 8024E454 (length = 1B0 bytes)
$Script_Cutscene_Event will be placed at 8024E604 (length = 198 bytes)
$Script_NPC_SackHit_Init will be placed at 8024E79C (length = 198 bytes)
$Script_ClosePartnerDialog will be placed at 8024E934 (length = 194 bytes)
$JumpTable_80242448 will be placed at 8024EAC8 (length = 190 bytes)
$SkipCutscene_Event will be placed at 8024EC58 (length = 188 bytes)
$Script_SpawnNPCs will be placed at 8024EDE0 (length = 174 bytes)
$NPC_Sack_AnimationStart will be placed at 8024EF54 (length = 168 bytes)
$Function_80240844 will be placed at 8024F0BC (length = 164 bytes)
$Script_SackAnimation_End_Right will be placed at 8024F220 (length = 158 bytes)
$Script_SackAnimation_End_Left will be placed at 8024F378 (length = 150 bytes)
$Script_TrackPlayer will be placed at 8024F4C8 (length = 144 bytes)
$Script_CheckBanditStatus1 will be placed at 8024F60C (length = 13C bytes)
$MapTattle5 will be placed at 8024F748 (length = 13C bytes)
$Function_80240FE0 will be placed at 8024F884 (length = 134 bytes)
$MapTattle4 will be placed at 8024F9B8 (length = 130 bytes)
$Function_80241508 will be placed at 8024FAE8 (length = 124 bytes)
$BanditMover_Tattle will be placed at 8024FC0C (length = 11C bytes)
$Function_LoadPath will be placed at 8024FD28 (length = 114 bytes)
$Script_SackAnimation_SackAppears_100 will be placed at 8024FE3C (length = 100 bytes)
$String_Partner_Event_1 will be placed at 8024FF3C (length = FC bytes)
$Script_Main2_Wait will be placed at 80250038 (length = F4 bytes)
$String_Warning2 will be placed at 8025012C (length = F0 bytes)
$Script_SetMover_Special will be placed at 8025021C (length = EC bytes)
$SetSpawnsSpecial will be placed at 80250308 (length = E8 bytes)
$SetSpawns will be placed at 802503F0 (length = E8 bytes)
$String_Warning1 will be placed at 802504D8 (length = E8 bytes)
$DeepestLevel will be placed at 802505C0 (length = E4 bytes)
$Function_GetColliderPos will be placed at 802506A4 (length = E0 bytes)
$Function_GetPos will be placed at 80250784 (length = E0 bytes)
$TotalLevels_Sign will be placed at 80250864 (length = DC bytes)
$Script_SpawnMover_Special will be placed at 80250940 (length = DC bytes)
$GetFloor will be placed at 80250A1C (length = DC bytes)
$Script_DisableNumbers will be placed at 80250AF8 (length = D8 bytes)
$MapTattle2 will be placed at 80250BD0 (length = D4 bytes)
$NPC_Sack_AnimationEnd will be placed at 80250CA4 (length = D4 bytes)
$Script_SetMover will be placed at 80250D78 (length = D0 bytes)
$GetFloorBandit will be placed at 80250E48 (length = D0 bytes)
$Script_AddCoins_Bandit will be placed at 80250F18 (length = C8 bytes)
$GetPos will be placed at 80250FE0 (length = C8 bytes)
$SkipCutscene_MoverWarpAnimation will be placed at 802510A8 (length = C4 bytes)
$Function_Init will be placed at 8025116C (length = C4 bytes)
$Function_80240AF8 will be placed at 80251230 (length = C0 bytes)
$MoverStart will be placed at 802512F0 (length = C0 bytes)
$String_Warning3 will be placed at 802513B0 (length = C0 bytes)
$Script_ZoomIn_Camera_3 will be placed at 80251470 (length = BC bytes)
$Script_ZoomIn_Camera_2 will be placed at 8025152C (length = BC bytes)
$Script_ZoomIn_Camera will be placed at 802515E8 (length = BC bytes)
$Function_TrackInput will be placed at 802516A4 (length = BC bytes)
$String_Bandit_Defeated4 will be placed at 80251760 (length = B8 bytes)
$Script_MoverWarpAnimation will be placed at 80251818 (length = B8 bytes)
$Script_NpcAI_MoneySack will be placed at 802518D0 (length = B8 bytes)
$NpcGroups will be placed at 80251988 (length = B4 bytes)
$Script_SpawnMover will be placed at 80251A3C (length = B4 bytes)
$BanditMoverStart will be placed at 80251AF0 (length = B4 bytes)
$MapTattle3 will be placed at 80251BA4 (length = B0 bytes)
$Script_LoadOdds will be placed at 80251C54 (length = B0 bytes)
$Script_SetPipesPosition will be placed at 80251D04 (length = B0 bytes)
$LoadHighscores will be placed at 80251DB4 (length = B0 bytes)
$NpcGroup7 will be placed at 80251E64 (length = A8 bytes)
$MapTattle1 will be placed at 80251F0C (length = A8 bytes)
$Script_AddCoins will be placed at 80251FB4 (length = A8 bytes)
$SwitchPath will be placed at 8025205C (length = A4 bytes)
$Script_NPC_Sack_FX will be placed at 80252100 (length = A4 bytes)
$Tattle_Springkeeper will be placed at 802521A4 (length = A4 bytes)
$Script_ReadSign will be placed at 80252248 (length = A0 bytes)
$Script_ZoomIn_Camera_X will be placed at 802522E8 (length = A0 bytes)
$String_Bandit_Defeated9 will be placed at 80252388 (length = 9C bytes)
$NpcGroup1 will be placed at 80252424 (length = 9C bytes)
$Script_Bandit_StartBattle will be placed at 802524C0 (length = 9C bytes)
$Script_Main will be placed at 8025255C (length = 9C bytes)
$Mover_Tattle will be placed at 802525F8 (length = 94 bytes)
$String_Bandit_Defeated3 will be placed at 8025268C (length = 90 bytes)
$String_Bandit_Defeated8 will be placed at 8025271C (length = 8C bytes)
$BanditMover_Options2 will be placed at 802527A8 (length = 84 bytes)
$BanditMover_Options will be placed at 8025282C (length = 84 bytes)
$String_Okay will be placed at 802528B0 (length = 80 bytes)
$Function_TimerCurrentFloor will be placed at 80252930 (length = 7C bytes)
$SignStringBug will be placed at 802529AC (length = 7C bytes)
$String_Rogue_CoinsGained_Success will be placed at 80252A28 (length = 78 bytes)
$Function_80240EFC will be placed at 80252AA0 (length = 78 bytes)
$Mover_Options will be placed at 80252B18 (length = 78 bytes)
$Script_EnemyAI will be placed at 80252B90 (length = 70 bytes)
$Function2 will be placed at 80252C00 (length = 6C bytes)
$Function_80240F74 will be placed at 80252C6C (length = 6C bytes)
$Function_SetAnimation will be placed at 80252CD8 (length = 6C bytes)
$String_Bandit_Defeated1 will be placed at 80252D44 (length = 68 bytes)
$CommingDownPipe will be placed at 80252DAC (length = 68 bytes)
$MoverEnd will be placed at 80252E14 (length = 68 bytes)
$BanditMoverEnd will be placed at 80252E7C (length = 68 bytes)
$String_Bandit_Defeated_Partner3 will be placed at 80252EE4 (length = 64 bytes)
$String_Bandit_Defeated_Partner2 will be placed at 80252F48 (length = 64 bytes)
$Function_80241114 will be placed at 80252FAC (length = 64 bytes)
$Function_GetTattle1 will be placed at 80253010 (length = 60 bytes)
$Function_OverwriteBattleID will be placed at 80253070 (length = 60 bytes)
$String_Bandit_Confrontation1 will be placed at 802530D0 (length = 5C bytes)
$BanditMoverNoCoins will be placed at 8025312C (length = 58 bytes)
$MoverNoCoins will be placed at 80253184 (length = 58 bytes)
$String_Bandit_Defeated7 will be placed at 802531DC (length = 50 bytes)
$String_Bandit_Defeated_Partner4 will be placed at 8025322C (length = 50 bytes)
$EntryList will be placed at 8025327C (length = 50 bytes)
$String_NoThanks will be placed at 802532CC (length = 50 bytes)
$Script_Init_BanditMover will be placed at 8025331C (length = 4C bytes)
$GetFloorSign will be placed at 80253368 (length = 48 bytes)
$Function_Load_MapID will be placed at 802533B0 (length = 48 bytes)
$GetFloorSign_Rogue will be placed at 802533F8 (length = 48 bytes)
$Script_MakeEntities will be placed at 80253440 (length = 44 bytes)
$Function_802409A8 will be placed at 80253484 (length = 44 bytes)
$Function_LoadCoinsInToVar1 will be placed at 802534C8 (length = 44 bytes)
$String_Bandit_Defeated_Partner1 will be placed at 8025350C (length = 40 bytes)
$Header will be placed at 8025354C (length = 40 bytes)
$Function_LoadCoinsLosted will be placed at 8025358C (length = 40 bytes)
$Function_LoadMarioCoins will be placed at 802535CC (length = 40 bytes)
$Function_LoadGainedCoins will be placed at 8025360C (length = 40 bytes)
$Function_GetTattle2 will be placed at 8025364C (length = 3C bytes)
$JumpTable_802441B8 will be placed at 80253688 (length = 3C bytes)
$Script_Exit0 will be placed at 802536C4 (length = 3C bytes)
$Script_Init_Bag will be placed at 80253700 (length = 38 bytes)
$Script_Init_Bag_HitBox will be placed at 80253738 (length = 38 bytes)
$String_Bandit_Confrotation_Bye will be placed at 80253770 (length = 34 bytes)
$DispawnPartner will be placed at 802537A4 (length = 34 bytes)
$String_Whatever will be placed at 802537D8 (length = 30 bytes)
$EnablePipeCollider will be placed at 80253808 (length = 30 bytes)
$AISettings_MoneySack will be placed at 80253838 (length = 30 bytes)
$String_Bandit_Defeated2 will be placed at 80253868 (length = 30 bytes)
$AISettings_Enemy will be placed at 80253898 (length = 30 bytes)
$RespawnPartner will be placed at 802538C8 (length = 30 bytes)
$AISettings_DisableEnemy will be placed at 802538F8 (length = 30 bytes)
$NPC_Settings_Sack will be placed at 80253928 (length = 2C bytes)
$NpcSettings_Generic will be placed at 80253954 (length = 2C bytes)
$NpcSettings_Enemy1 will be placed at 80253980 (length = 2C bytes)
$Function_RevivePlayer will be placed at 802539AC (length = 2C bytes)
$NpcSettings_Blank will be placed at 802539D8 (length = 2C bytes)
$BlankSettings will be placed at 80253A04 (length = 2C bytes)
$Script_MakeExits will be placed at 80253A30 (length = 2C bytes)
$Function_ResetEnemiesFlag will be placed at 80253A5C (length = 2C bytes)
$String_List_NoYes will be placed at 80253A88 (length = 28 bytes)
$Function_SaveCoinsLosted will be placed at 80253AB0 (length = 28 bytes)
$String_List_YesNo will be placed at 80253AD8 (length = 28 bytes)
$Script_Init_EnemyNPC will be placed at 80253B00 (length = 24 bytes)
$VectorList_SwitchPath will be placed at 80253B24 (length = 24 bytes)
$Script_Init_Lakitu will be placed at 80253B48 (length = 24 bytes)
$Script_Init_Mover will be placed at 80253B6C (length = 24 bytes)
$String_CoinsGained will be placed at 80253B90 (length = 24 bytes)
$String_Bandit_Defeated10 will be placed at 80253BB4 (length = 24 bytes)
$String_Bandit_Defeated6 will be placed at 80253BD8 (length = 20 bytes)
$String_Bandit_Defeated5 will be placed at 80253BF8 (length = 20 bytes)
$Script_DisableEnemyAI will be placed at 80253C18 (length = 20 bytes)
$TotalLevels_CurrentPlaythrough will be placed at 80253C38 (length = 1C bytes)
$FloatTable_8024362C will be placed at 80253C54 (length = 18 bytes)
$NpcGroupList_RubyCS will be placed at 80253C6C (length = 18 bytes)
$SignString will be placed at 80253C84 (length = 18 bytes)
$String_Psst will be placed at 80253C9C (length = 10 bytes)
$Script_null will be placed at 80253CAC (length = 10 bytes)
$ASCII_"pt81_86_shape"_Literal will be placed at 80253CBC (length = 10 bytes)
$Function_ResetCoinsLosted will be placed at 80253CCC (length = 10 bytes)
$ASCII_"pt51_56_shape"_Literal will be placed at 80253CDC (length = 10 bytes)
$ASCII_"pt1_6_hit"_Literal will be placed at 80253CEC (length = C bytes)
$ASCII_"pt_100"_Literal will be placed at 80253CF8 (length = C bytes)
$ASCII_"dmo_00"_Literal will be placed at 80253D04 (length = C bytes)
$ASCII_"pt1_6_shape"_Literal will be placed at 80253D10 (length = C bytes)
$ASCII_"pt_85"_Literal will be placed at 80253D1C (length = 8 bytes)
$ASCII_"pt91_96"_Literal will be placed at 80253D24 (length = 8 bytes)
$ASCII_"pt62_67"_Literal will be placed at 80253D2C (length = 8 bytes)
$ASCII_"pt33_38"_Literal will be placed at 80253D34 (length = 8 bytes)
$ASCII_"pt1_6"_Literal will be placed at 80253D3C (length = 8 bytes)
$ASCII_"pt_95"_Literal will be placed at 80253D44 (length = 8 bytes)
$ASCII_"pt4_9"_Literal will be placed at 80253D4C (length = 8 bytes)
$ASCII_"pt_65"_Literal will be placed at 80253D54 (length = 8 bytes)
$ASCII_"pt44_49"_Literal will be placed at 80253D5C (length = 8 bytes)
$ASCII_"pt81_86"_Literal will be placed at 80253D64 (length = 8 bytes)
$ASCII_"pt_80"_Literal will be placed at 80253D6C (length = 8 bytes)
$ASCII_"pt52_57"_Literal will be placed at 80253D74 (length = 8 bytes)
$ASCII_"pt23_28"_Literal will be placed at 80253D7C (length = 8 bytes)
$ASCII_"pt_50"_Literal will be placed at 80253D84 (length = 8 bytes)
$ASCII_"pt83_88"_Literal will be placed at 80253D8C (length = 8 bytes)
$ASCII_"pt54_59"_Literal will be placed at 80253D94 (length = 8 bytes)
$ASCII_"pt64_69"_Literal will be placed at 80253D9C (length = 8 bytes)
$ASCII_"pt72_77"_Literal will be placed at 80253DA4 (length = 8 bytes)
$ASCII_"pt14_19"_Literal will be placed at 80253DAC (length = 8 bytes)
$ASCII_"pt34_39"_Literal will be placed at 80253DB4 (length = 8 bytes)
$ASCII_"pt22_27"_Literal will be placed at 80253DBC (length = 8 bytes)
$ASCII_"pt21_26"_Literal will be placed at 80253DC4 (length = 8 bytes)
$ASCII_"pt73_78"_Literal will be placed at 80253DCC (length = 8 bytes)
$ASCII_"pt84_89"_Literal will be placed at 80253DD4 (length = 8 bytes)
$ASCII_"pt92_97"_Literal will be placed at 80253DDC (length = 8 bytes)
$ASCII_"pt_75"_Literal will be placed at 80253DE4 (length = 8 bytes)
$ASCII_"pt53_58"_Literal will be placed at 80253DEC (length = 8 bytes)
$ASCII_"pt41_46"_Literal will be placed at 80253DF4 (length = 8 bytes)
$ASCII_"pt61_66"_Literal will be placed at 80253DFC (length = 8 bytes)
$ASCII_"pt32_37"_Literal will be placed at 80253E04 (length = 8 bytes)
$ConstDouble_802441B0 will be placed at 80253E10 (length = 8 bytes)
$ASCII_"pt_15"_Literal will be placed at 80253E18 (length = 8 bytes)
$ASCII_"pt11_16"_Literal will be placed at 80253E20 (length = 8 bytes)
$ASCII_"pt_00"_Literal will be placed at 80253E28 (length = 8 bytes)
$ConstDouble_802441A8 will be placed at 80253E30 (length = 8 bytes)
$ASCII_"pt74_79"_Literal will be placed at 80253E38 (length = 8 bytes)
$ConstDouble_802441A0 will be placed at 80253E40 (length = 8 bytes)
$ASCII_"pt_25"_Literal will be placed at 80253E48 (length = 8 bytes)
$ASCII_"pt_35"_Literal will be placed at 80253E50 (length = 8 bytes)
$ASCII_"pt71_76"_Literal will be placed at 80253E58 (length = 8 bytes)
$ASCII_"pt42_47"_Literal will be placed at 80253E60 (length = 8 bytes)
$ASCII_"pt13_18"_Literal will be placed at 80253E68 (length = 8 bytes)
$ASCII_"pt_05"_Literal will be placed at 80253E70 (length = 8 bytes)
$ASCII_"pt93_98"_Literal will be placed at 80253E78 (length = 8 bytes)
$ASCII_"pt43_48"_Literal will be placed at 80253E80 (length = 8 bytes)
$ASCII_"pt51_56"_Literal will be placed at 80253E88 (length = 8 bytes)
$ASCII_"pt_55"_Literal will be placed at 80253E90 (length = 8 bytes)
$ASCII_"pt2_7"_Literal will be placed at 80253E98 (length = 8 bytes)
$ASCII_"pt12_17"_Literal will be placed at 80253EA0 (length = 8 bytes)
$ASCII_"pt3_8"_Literal will be placed at 80253EA8 (length = 8 bytes)
$ASCII_"pt_10"_Literal will be placed at 80253EB0 (length = 8 bytes)
$ASCII_"tik_tex"_Literal will be placed at 80253EB8 (length = 8 bytes)
$ASCII_"pt31_36"_Literal will be placed at 80253EC0 (length = 8 bytes)
$ASCII_"pt63_68"_Literal will be placed at 80253EC8 (length = 8 bytes)
$ASCII_"pt94_99"_Literal will be placed at 80253ED0 (length = 8 bytes)
$ASCII_"pt82_87"_Literal will be placed at 80253ED8 (length = 8 bytes)
$ASCII_"pt_45"_Literal will be placed at 80253EE0 (length = 8 bytes)
$ASCII_"pt24_29"_Literal will be placed at 80253EE8 (length = 8 bytes)
$MoverCancel will be placed at 80253E0C (length = 4 bytes)
$BanditMoverCancel will be placed at 80253EF0 (length = 4 bytes)
$CloseDialogBubble will be placed at 80253EF4 (length = 4 bytes)
Executing patch: pt54_59.mpat
Creating struct: $DeepestLevel
Creating struct: $TotalLevels_Sign
Creating struct: $TotalLevels_CurrentPlaythrough
Creating struct: $LoadHighscores
Creating struct: $FallingDownPipe
Creating struct: $Function_GetPos
Creating struct: $Function2
Creating struct: $SetSpawns
Creating struct: $Script_Set_Formation
Creating struct: $Function_OverwriteBattleID
Creating struct: $Script_SetMover
Creating struct: $Script_MapID_Converter
Creating struct: $Script_LoadOdds
Creating struct: $Script_LoadMoverType
Creating struct: $Script_SpawnMover
Creating struct: $Script_SetNPCPos
Creating struct: $Function_Load_MapID
Creating struct: $SwitchPath
Creating struct: $VectorList_SwitchPath
Creating struct: $GetPos
Creating struct: $DispawnPartner
Creating struct: $RespawnPartner
Creating struct: $LoadMap
Creating struct: $GetFloor
Creating struct: $LoadMapBandit
Creating struct: $GetFloorBandit
Creating struct: $SetSpawnsSpecial
Creating struct: $Script_SetMover_Special
Creating struct: $Script_SpawnMover_Special
Creating struct: $Script_Set_SpecialFormation
Creating struct: $Function_LoadCoinsInToVar1
Creating struct: $Script_SetSpawnPosition
Creating struct: $Script_Init_EnemyNPC
Creating struct: $Script_Init_Lakitu
Creating struct: $Script_TrackOutcome
Creating struct: $Script_LakituOutcome
Creating struct: $Script_FloorEnemy_Idle
Creating struct: $Script_Rogue_GiveTotalCoins
Creating struct: $Script_SetEnemyIdle
Creating struct: $Script_AddCoins
Creating struct: $NPC_Settings_Sack
Creating struct: $Script_Init_Bag
Creating struct: $Script_Init_Bag_HitBox
Creating struct: $Script_NPC_SackHit_Init
Creating struct: $Script_NPC_Sack_FX
Creating struct: $NPC_Sack_AnimationStart
Creating struct: $NPC_Sack_AnimationEnd
Creating struct: $Script_SackAnimation_SackAppears_100
Creating struct: $Script_SackAnimation_Start_GoToTheRight
Creating struct: $Script_SackAnimation_Start_GoToTheLeft
Creating struct: $Script_SackAnimation_End_Right
Creating struct: $Script_SackAnimation_End_Left
Creating struct: $Function_LoadMarioCoins
Creating struct: $Function_LoadCoinsLosted
Creating struct: $Function_SaveCoinsLosted
Creating struct: $Function_ResetCoinsLosted
Creating struct: $Function_LoadGainedCoins
Creating struct: $Function_RevivePlayer
Creating struct: $AISettings_MoneySack
Creating struct: $Script_NpcAI_MoneySack
Creating struct: $JumpTable_80242448
Creating struct: $Function_NpcAI_MoneySack
Creating struct: $Function_80240260
Creating struct: $Function_80240844
Creating struct: $Function_802409A8
Creating struct: $Script_TrackPlayer
Creating struct: $Script_PipeAnimation
Creating struct: $Function_SetAnimation
Creating struct: $Function_GetColliderPos
Creating struct: $Function_TrackInput
Creating struct: $GoToNextLevel
Creating struct: $GetFloorSign
Creating struct: $GetFloorSign_Rogue
Creating struct: $Function_GetTattle1
Creating struct: $Function_GetTattle2
Creating struct: $Script_ReadSign
Creating struct: $NpcSettings_Blank
Creating struct: $NpcGroup_Spring1
Creating struct: $NpcGroup_Spring2
Creating struct: $NpcGroup_Spring3
Creating struct: $NpcGroup_Spring4
Creating struct: $NpcGroup_Spring5
Creating struct: $NpcGroup_Spring6
Creating struct: $NpcGroup_Spring7
Creating struct: $NpcGroup_Spring8
Creating struct: $NpcGroup_Spring9
Creating struct: $NpcGroup_Spring10
Creating struct: $Header
Creating struct: $Script_Main2_Wait
Creating struct: $Script_Main2_Exec
Creating struct: $Script_TrackEvents
Creating struct: $Script_Cutscene_Event
Creating struct: $SkipCutscene_Event
Creating struct: $Script_ZoomIn_Camera_X
Creating struct: $Script_Cutscene_Ruby_Init
Creating struct: $Script_Cutscene_Ruby2
Creating struct: $NpcGroupList_RubyCS
Creating struct: $NpcGroup_RubyCS
Creating struct: $NpcSettings_Generic
Creating struct: $Script_null
Creating struct: $Script_SpawnNPCs
Creating struct: $Function_ResetEnemiesFlag
Creating struct: $EntryList
Creating struct: $Function_Init
Creating struct: $NpcGroup_Mover
Creating struct: $BlankSettings
Creating struct: $Script_Init_Mover
Creating struct: $Interact_Mover
Creating struct: $Script_MoverWarpAnimation
Creating struct: $SkipCutscene_MoverWarpAnimation
Creating struct: $NpcGroup_BanditMover
Creating struct: $Script_Init_BanditMover
Creating struct: $Script_Bandit_StartBattle
Creating struct: $Interact_BanditMover
Creating struct: $Script_Warning_Mario
Creating struct: $Script_NoThanks_Bandit
Creating struct: $Script_ZoomIn_Camera
Creating struct: $Script_ZoomIn_Camera_2
Creating struct: $Script_ZoomIn_Camera_3
Creating struct: $NpcGroup_MoneyBag
Creating struct: $Script_SetPipesPosition
Creating struct: $Script_DisableNumbers
Creating struct: $Script_SetFloorNumbers
Creating struct: $Script_CheckBanditStatus1
Creating struct: $Script_Cutscene_BanditStatus1
Creating struct: $Script_CheckBanditStatus2
Creating struct: $Script_TrackOutcome_Bandit
Creating struct: $Script_Cutscene_BanditDefeated
Creating struct: $SkipCutscene_BanditDefeated
Creating struct: $Script_AddCoins_Bandit
Creating struct: $Function_LoadPath
Creating struct: $Script_ClosePartnerDialog
Creating struct: $PipeSpawning
Creating struct: $EnablePipeCollider
Creating struct: $Script_MakeEntities
Creating struct: $CommingDownPipe
Creating struct: $Function_TimerCurrentFloor
Creating struct: $Script_MakeExits
Creating struct: $Script_Exit0
Creating struct: $Script_Main
Creating struct: $NpcGroups
Creating struct: $NpcGroup1
Creating struct: $NpcGroup7
Creating struct: $NpcGroup_Enemy1
Creating struct: $NpcSettings_Enemy1
Creating struct: $Script_EnemyAI
Creating struct: $AISettings_Enemy
Merged 1 regions to 1
$Script_SetFloorNumbers will be placed at 80240000 (length = 128C bytes)
$NpcGroup_RubyCS will be placed at 8024128C (length = 1170 bytes)
$LoadMap will be placed at 802423FC (length = C04 bytes)
$LoadMapBandit will be placed at 80243000 (length = B80 bytes)
$GoToNextLevel will be placed at 80243B80 (length = B10 bytes)
$Script_Cutscene_BanditDefeated will be placed at 80244690 (length = B08 bytes)
$Script_SetEnemyIdle will be placed at 80245198 (length = 674 bytes)
$Script_MapID_Converter will be placed at 8024580C (length = 60C bytes)
$Script_Warning_Mario will be placed at 80245E18 (length = 608 bytes)
$Function_80240260 will be placed at 80246420 (length = 5E4 bytes)
$Script_SetNPCPos will be placed at 80246A04 (length = 4D0 bytes)
$Script_Cutscene_Ruby_Init will be placed at 80246ED4 (length = 490 bytes)
$FallingDownPipe will be placed at 80247364 (length = 418 bytes)
$Script_TrackEvents will be placed at 8024777C (length = 410 bytes)
$NpcGroup_MoneyBag will be placed at 80247B8C (length = 3E0 bytes)
$Interact_BanditMover will be placed at 80247F6C (length = 3D8 bytes)
$Script_CheckBanditStatus2 will be placed at 80248344 (length = 3D8 bytes)
$SkipCutscene_BanditDefeated will be placed at 8024871C (length = 3D8 bytes)
$Interact_Mover will be placed at 80248AF4 (length = 3CC bytes)
$Script_Set_SpecialFormation will be placed at 80248EC0 (length = 3B4 bytes)
$Script_FloorEnemy_Idle will be placed at 80249274 (length = 388 bytes)
$Script_TrackOutcome_Bandit will be placed at 802495FC (length = 330 bytes)
$Script_LakituOutcome will be placed at 8024992C (length = 30C bytes)
$Script_Rogue_GiveTotalCoins will be placed at 80249C38 (length = 2FC bytes)
$Script_Set_Formation will be placed at 80249F34 (length = 2D4 bytes)
$PipeSpawning will be placed at 8024A208 (length = 2A0 bytes)
$Script_TrackOutcome will be placed at 8024A4A8 (length = 288 bytes)
$Script_Cutscene_Ruby2 will be placed at 8024A730 (length = 258 bytes)
$Function_NpcAI_MoneySack will be placed at 8024A988 (length = 238 bytes)
$Script_SackAnimation_Start_GoToTheRight will be placed at 8024ABC0 (length = 230 bytes)
$Script_SetSpawnPosition will be placed at 8024ADF0 (length = 228 bytes)
$Script_Main2_Exec will be placed at 8024B018 (length = 228 bytes)
$Script_Cutscene_BanditStatus1 will be placed at 8024B240 (length = 21C bytes)
$Script_LoadMoverType will be placed at 8024B45C (length = 214 bytes)
$Script_NoThanks_Bandit will be placed at 8024B670 (length = 210 bytes)
$Script_SackAnimation_Start_GoToTheLeft will be placed at 8024B880 (length = 1F8 bytes)
$NpcGroup_Spring10 will be placed at 8024BA78 (length = 1F0 bytes)
$NpcGroup_Enemy1 will be placed at 8024BC68 (length = 1F0 bytes)
$NpcGroup_Spring1 will be placed at 8024BE58 (length = 1F0 bytes)
$NpcGroup_Spring2 will be placed at 8024C048 (length = 1F0 bytes)
$NpcGroup_Spring3 will be placed at 8024C238 (length = 1F0 bytes)
$NpcGroup_Spring4 will be placed at 8024C428 (length = 1F0 bytes)
$NpcGroup_Spring5 will be placed at 8024C618 (length = 1F0 bytes)
$NpcGroup_Spring6 will be placed at 8024C808 (length = 1F0 bytes)
$NpcGroup_Spring7 will be placed at 8024C9F8 (length = 1F0 bytes)
$NpcGroup_Spring8 will be placed at 8024CBE8 (length = 1F0 bytes)
$NpcGroup_Spring9 will be placed at 8024CDD8 (length = 1F0 bytes)
$NpcGroup_Mover will be placed at 8024CFC8 (length = 1F0 bytes)
$NpcGroup_BanditMover will be placed at 8024D1B8 (length = 1F0 bytes)
$Script_PipeAnimation will be placed at 8024D3A8 (length = 1C4 bytes)
$Script_Cutscene_Event will be placed at 8024D56C (length = 198 bytes)
$Script_NPC_SackHit_Init will be placed at 8024D704 (length = 198 bytes)
$Script_ClosePartnerDialog will be placed at 8024D89C (length = 194 bytes)
$JumpTable_80242448 will be placed at 8024DA30 (length = 190 bytes)
$SkipCutscene_Event will be placed at 8024DBC0 (length = 188 bytes)
$Script_SpawnNPCs will be placed at 8024DD48 (length = 174 bytes)
$NPC_Sack_AnimationStart will be placed at 8024DEBC (length = 168 bytes)
$Function_80240844 will be placed at 8024E024 (length = 164 bytes)
$Script_SackAnimation_End_Right will be placed at 8024E188 (length = 158 bytes)
$Script_SackAnimation_End_Left will be placed at 8024E2E0 (length = 150 bytes)
$Script_TrackPlayer will be placed at 8024E430 (length = 144 bytes)
$Script_CheckBanditStatus1 will be placed at 8024E574 (length = 13C bytes)
$MapTattle5 will be placed at 8024E6B0 (length = 13C bytes)
$MapTattle4 will be placed at 8024E7EC (length = 130 bytes)
$BanditMover_Tattle will be placed at 8024E91C (length = 11C bytes)
$Function_LoadPath will be placed at 8024EA38 (length = 114 bytes)
$Script_SackAnimation_SackAppears_100 will be placed at 8024EB4C (length = 100 bytes)
$String_Partner_Event_1 will be placed at 8024EC4C (length = FC bytes)
$Script_Main2_Wait will be placed at 8024ED48 (length = F4 bytes)
$String_Warning2 will be placed at 8024EE3C (length = F0 bytes)
$Script_SetMover_Special will be placed at 8024EF2C (length = EC bytes)
$SetSpawnsSpecial will be placed at 8024F018 (length = E8 bytes)
$SetSpawns will be placed at 8024F100 (length = E8 bytes)
$String_Warning1 will be placed at 8024F1E8 (length = E8 bytes)
$DeepestLevel will be placed at 8024F2D0 (length = E4 bytes)
$Function_GetColliderPos will be placed at 8024F3B4 (length = E0 bytes)
$Function_GetPos will be placed at 8024F494 (length = E0 bytes)
$TotalLevels_Sign will be placed at 8024F574 (length = DC bytes)
$Script_SpawnMover_Special will be placed at 8024F650 (length = DC bytes)
$GetFloor will be placed at 8024F72C (length = DC bytes)
$Script_DisableNumbers will be placed at 8024F808 (length = D8 bytes)
$MapTattle2 will be placed at 8024F8E0 (length = D4 bytes)
$NPC_Sack_AnimationEnd will be placed at 8024F9B4 (length = D4 bytes)
$Script_SetMover will be placed at 8024FA88 (length = D0 bytes)
$GetFloorBandit will be placed at 8024FB58 (length = D0 bytes)
$Script_AddCoins_Bandit will be placed at 8024FC28 (length = C8 bytes)
$GetPos will be placed at 8024FCF0 (length = C8 bytes)
$SkipCutscene_MoverWarpAnimation will be placed at 8024FDB8 (length = C4 bytes)
$Function_Init will be placed at 8024FE7C (length = C4 bytes)
$MoverStart will be placed at 8024FF40 (length = C0 bytes)
$String_Warning3 will be placed at 80250000 (length = C0 bytes)
$Script_ZoomIn_Camera_3 will be placed at 802500C0 (length = BC bytes)
$Script_ZoomIn_Camera_2 will be placed at 8025017C (length = BC bytes)
$Script_ZoomIn_Camera will be placed at 80250238 (length = BC bytes)
$Function_TrackInput will be placed at 802502F4 (length = BC bytes)
$String_Bandit_Defeated4 will be placed at 802503B0 (length = B8 bytes)
$Script_MoverWarpAnimation will be placed at 80250468 (length = B8 bytes)
$Script_NpcAI_MoneySack will be placed at 80250520 (length = B8 bytes)
$NpcGroups will be placed at 802505D8 (length = B4 bytes)
$Script_SpawnMover will be placed at 8025068C (length = B4 bytes)
$BanditMoverStart will be placed at 80250740 (length = B4 bytes)
$MapTattle3 will be placed at 802507F4 (length = B0 bytes)
$Script_LoadOdds will be placed at 802508A4 (length = B0 bytes)
$Script_SetPipesPosition will be placed at 80250954 (length = B0 bytes)
$LoadHighscores will be placed at 80250A04 (length = B0 bytes)
$MapTattle1 will be placed at 80250AB4 (length = A8 bytes)
$Script_AddCoins will be placed at 80250B5C (length = A8 bytes)
$SwitchPath will be placed at 80250C04 (length = A4 bytes)
$Script_NPC_Sack_FX will be placed at 80250CA8 (length = A4 bytes)
$Tattle_Springkeeper will be placed at 80250D4C (length = A4 bytes)
$Script_ReadSign will be placed at 80250DF0 (length = A0 bytes)
$Script_ZoomIn_Camera_X will be placed at 80250E90 (length = A0 bytes)
$String_Bandit_Defeated9 will be placed at 80250F30 (length = 9C bytes)
$Script_Bandit_StartBattle will be placed at 80250FCC (length = 9C bytes)
$Script_Main will be placed at 80251068 (length = 9C bytes)
$Mover_Tattle will be placed at 80251104 (length = 94 bytes)
$String_Bandit_Defeated3 will be placed at 80251198 (length = 90 bytes)
$String_Bandit_Defeated8 will be placed at 80251228 (length = 8C bytes)
$BanditMover_Options2 will be placed at 802512B4 (length = 84 bytes)
$BanditMover_Options will be placed at 80251338 (length = 84 bytes)
$String_Okay will be placed at 802513BC (length = 80 bytes)
$Function_TimerCurrentFloor will be placed at 8025143C (length = 7C bytes)
$SignStringBug will be placed at 802514B8 (length = 7C bytes)
$String_Rogue_CoinsGained_Success will be placed at 80251534 (length = 78 bytes)
$Mover_Options will be placed at 802515AC (length = 78 bytes)
$Function2 will be placed at 80251624 (length = 6C bytes)
$Function_SetAnimation will be placed at 80251690 (length = 6C bytes)
$String_Bandit_Defeated1 will be placed at 802516FC (length = 68 bytes)
$CommingDownPipe will be placed at 80251764 (length = 68 bytes)
$MoverEnd will be placed at 802517CC (length = 68 bytes)
$BanditMoverEnd will be placed at 80251834 (length = 68 bytes)
$String_Bandit_Defeated_Partner3 will be placed at 8025189C (length = 64 bytes)
$String_Bandit_Defeated_Partner2 will be placed at 80251900 (length = 64 bytes)
$Function_GetTattle1 will be placed at 80251964 (length = 60 bytes)
$Function_OverwriteBattleID will be placed at 802519C4 (length = 60 bytes)
$String_Bandit_Confrontation1 will be placed at 80251A24 (length = 5C bytes)
$BanditMoverNoCoins will be placed at 80251A80 (length = 58 bytes)
$MoverNoCoins will be placed at 80251AD8 (length = 58 bytes)
$String_Bandit_Defeated7 will be placed at 80251B30 (length = 50 bytes)
$String_Bandit_Defeated_Partner4 will be placed at 80251B80 (length = 50 bytes)
$EntryList will be placed at 80251BD0 (length = 50 bytes)
$String_NoThanks will be placed at 80251C20 (length = 50 bytes)
$Script_Init_BanditMover will be placed at 80251C70 (length = 4C bytes)
$GetFloorSign will be placed at 80251CBC (length = 48 bytes)
$Function_Load_MapID will be placed at 80251D04 (length = 48 bytes)
$GetFloorSign_Rogue will be placed at 80251D4C (length = 48 bytes)
$Script_MakeEntities will be placed at 80251D94 (length = 44 bytes)
$Function_802409A8 will be placed at 80251DD8 (length = 44 bytes)
$Function_LoadCoinsInToVar1 will be placed at 80251E1C (length = 44 bytes)
$String_Bandit_Defeated_Partner1 will be placed at 80251E60 (length = 40 bytes)
$Header will be placed at 80251EA0 (length = 40 bytes)
$Function_LoadCoinsLosted will be placed at 80251EE0 (length = 40 bytes)
$Function_LoadMarioCoins will be placed at 80251F20 (length = 40 bytes)
$Function_LoadGainedCoins will be placed at 80251F60 (length = 40 bytes)
$Function_GetTattle2 will be placed at 80251FA0 (length = 3C bytes)
$Script_Exit0 will be placed at 80251FDC (length = 3C bytes)
$Script_Init_Bag will be placed at 80252018 (length = 38 bytes)
$Script_Init_Bag_HitBox will be placed at 80252050 (length = 38 bytes)
$String_Bandit_Confrotation_Bye will be placed at 80252088 (length = 34 bytes)
$DispawnPartner will be placed at 802520BC (length = 34 bytes)
$String_Whatever will be placed at 802520F0 (length = 30 bytes)
$EnablePipeCollider will be placed at 80252120 (length = 30 bytes)
$AISettings_MoneySack will be placed at 80252150 (length = 30 bytes)
$String_Bandit_Defeated2 will be placed at 80252180 (length = 30 bytes)
$AISettings_Enemy will be placed at 802521B0 (length = 30 bytes)
$RespawnPartner will be placed at 802521E0 (length = 30 bytes)
$NPC_Settings_Sack will be placed at 80252210 (length = 2C bytes)
$NpcSettings_Generic will be placed at 8025223C (length = 2C bytes)
$Function_RevivePlayer will be placed at 80252268 (length = 2C bytes)
$NpcSettings_Blank will be placed at 80252294 (length = 2C bytes)
$BlankSettings will be placed at 802522C0 (length = 2C bytes)
$Script_MakeExits will be placed at 802522EC (length = 2C bytes)
$Function_ResetEnemiesFlag will be placed at 80252318 (length = 2C bytes)
$String_List_NoYes will be placed at 80252344 (length = 28 bytes)
$Function_SaveCoinsLosted will be placed at 8025236C (length = 28 bytes)
$String_List_YesNo will be placed at 80252394 (length = 28 bytes)
$Script_Init_EnemyNPC will be placed at 802523BC (length = 24 bytes)
$VectorList_SwitchPath will be placed at 802523E0 (length = 24 bytes)
$NpcSettings_Enemy1 will be placed at 80252404 (length = 24 bytes)
$Script_Init_Lakitu will be placed at 80252428 (length = 24 bytes)
$Script_Init_Mover will be placed at 8025244C (length = 24 bytes)
$String_CoinsGained will be placed at 80252470 (length = 24 bytes)
$String_Bandit_Defeated10 will be placed at 80252494 (length = 24 bytes)
$String_Bandit_Defeated6 will be placed at 802524B8 (length = 20 bytes)
$String_Bandit_Defeated5 will be placed at 802524D8 (length = 20 bytes)
$Script_EnemyAI will be placed at 802524F8 (length = 20 bytes)
$TotalLevels_CurrentPlaythrough will be placed at 80252518 (length = 1C bytes)
$NpcGroupList_RubyCS will be placed at 80252534 (length = 18 bytes)
$SignString will be placed at 8025254C (length = 18 bytes)
$String_Psst will be placed at 80252564 (length = 10 bytes)
$Script_null will be placed at 80252574 (length = 10 bytes)
$ASCII_"pt81_86_shape"_Literal will be placed at 80252584 (length = 10 bytes)
$Function_ResetCoinsLosted will be placed at 80252594 (length = 10 bytes)
$ASCII_"pt51_56_shape"_Literal will be placed at 802525A4 (length = 10 bytes)
$ASCII_"pt1_6_hit"_Literal will be placed at 802525B4 (length = C bytes)
$NpcGroup7 will be placed at 802525C0 (length = C bytes)
$NpcGroup1 will be placed at 802525CC (length = C bytes)
$ASCII_"pt_100"_Literal will be placed at 802525D8 (length = C bytes)
$ASCII_"dmo_00"_Literal will be placed at 802525E4 (length = C bytes)
$ASCII_"pt1_6_shape"_Literal will be placed at 802525F0 (length = C bytes)
$ASCII_"pt_85"_Literal will be placed at 802525FC (length = 8 bytes)
$ASCII_"pt91_96"_Literal will be placed at 80252604 (length = 8 bytes)
$ASCII_"pt62_67"_Literal will be placed at 8025260C (length = 8 bytes)
$ASCII_"pt33_38"_Literal will be placed at 80252614 (length = 8 bytes)
$ASCII_"pt1_6"_Literal will be placed at 8025261C (length = 8 bytes)
$ASCII_"pt_95"_Literal will be placed at 80252624 (length = 8 bytes)
$ASCII_"pt4_9"_Literal will be placed at 8025262C (length = 8 bytes)
$ASCII_"pt_65"_Literal will be placed at 80252634 (length = 8 bytes)
$ASCII_"pt44_49"_Literal will be placed at 8025263C (length = 8 bytes)
$ASCII_"pt81_86"_Literal will be placed at 80252644 (length = 8 bytes)
$ASCII_"pt_80"_Literal will be placed at 8025264C (length = 8 bytes)
$ASCII_"pt52_57"_Literal will be placed at 80252654 (length = 8 bytes)
$ASCII_"pt23_28"_Literal will be placed at 8025265C (length = 8 bytes)
$ASCII_"pt_50"_Literal will be placed at 80252664 (length = 8 bytes)
$ASCII_"pt83_88"_Literal will be placed at 8025266C (length = 8 bytes)
$ASCII_"pt54_59"_Literal will be placed at 80252674 (length = 8 bytes)
$ASCII_"pt64_69"_Literal will be placed at 8025267C (length = 8 bytes)
$ASCII_"pt72_77"_Literal will be placed at 80252684 (length = 8 bytes)
$ASCII_"pt14_19"_Literal will be placed at 8025268C (length = 8 bytes)
$ASCII_"pt34_39"_Literal will be placed at 80252694 (length = 8 bytes)
$ASCII_"pt22_27"_Literal will be placed at 8025269C (length = 8 bytes)
$ASCII_"pt21_26"_Literal will be placed at 802526A4 (length = 8 bytes)
$ASCII_"pt73_78"_Literal will be placed at 802526AC (length = 8 bytes)
$ASCII_"pt84_89"_Literal will be placed at 802526B4 (length = 8 bytes)
$ASCII_"pt92_97"_Literal will be placed at 802526BC (length = 8 bytes)
$ASCII_"pt_75"_Literal will be placed at 802526C4 (length = 8 bytes)
$ASCII_"pt53_58"_Literal will be placed at 802526CC (length = 8 bytes)
$ASCII_"pt41_46"_Literal will be placed at 802526D4 (length = 8 bytes)
$ASCII_"pt61_66"_Literal will be placed at 802526DC (length = 8 bytes)
$ASCII_"pt32_37"_Literal will be placed at 802526E4 (length = 8 bytes)
$ASCII_"pt_15"_Literal will be placed at 802526EC (length = 8 bytes)
$ASCII_"pt11_16"_Literal will be placed at 802526F4 (length = 8 bytes)
$ASCII_"pt_00"_Literal will be placed at 802526FC (length = 8 bytes)
$ASCII_"pt74_79"_Literal will be placed at 80252704 (length = 8 bytes)
$ASCII_"pt_25"_Literal will be placed at 8025270C (length = 8 bytes)
$ASCII_"pt_35"_Literal will be placed at 80252714 (length = 8 bytes)
$ASCII_"pt71_76"_Literal will be placed at 8025271C (length = 8 bytes)
$ASCII_"pt42_47"_Literal will be placed at 80252724 (length = 8 bytes)
$ASCII_"pt13_18"_Literal will be placed at 8025272C (length = 8 bytes)
$ASCII_"pt_05"_Literal will be placed at 80252734 (length = 8 bytes)
$ASCII_"pt93_98"_Literal will be placed at 8025273C (length = 8 bytes)
$ASCII_"pt43_48"_Literal will be placed at 80252744 (length = 8 bytes)
$ASCII_"pt51_56"_Literal will be placed at 8025274C (length = 8 bytes)
$ASCII_"pt_55"_Literal will be placed at 80252754 (length = 8 bytes)
$ASCII_"pt2_7"_Literal will be placed at 8025275C (length = 8 bytes)
$ASCII_"pt12_17"_Literal will be placed at 80252764 (length = 8 bytes)
$ASCII_"pt3_8"_Literal will be placed at 8025276C (length = 8 bytes)
$ASCII_"pt_10"_Literal will be placed at 80252774 (length = 8 bytes)
$ASCII_"tik_tex"_Literal will be placed at 8025277C (length = 8 bytes)
$ASCII_"pt31_36"_Literal will be placed at 80252784 (length = 8 bytes)
$ASCII_"pt63_68"_Literal will be placed at 8025278C (length = 8 bytes)
$ASCII_"pt94_99"_Literal will be placed at 80252794 (length = 8 bytes)
$ASCII_"pt82_87"_Literal will be placed at 8025279C (length = 8 bytes)
$ASCII_"pt_45"_Literal will be placed at 802527A4 (length = 8 bytes)
$ASCII_"pt24_29"_Literal will be placed at 802527AC (length = 8 bytes)
$MoverCancel will be placed at 802527B4 (length = 4 bytes)
$BanditMoverCancel will be placed at 802527B8 (length = 4 bytes)
$CloseDialogBubble will be placed at 802527BC (length = 4 bytes)
Executing patch: pt61_66.mpat
Creating struct: $DeepestLevel
Creating struct: $TotalLevels_Sign
Creating struct: $TotalLevels_CurrentPlaythrough
Creating struct: $LoadHighscores
Creating struct: $FallingDownPipe
Creating struct: $Function_GetPos
Creating struct: $Function2
Creating struct: $SetSpawns
Creating struct: $Script_Set_Formation
Creating struct: $Function_OverwriteBattleID
Creating struct: $Script_SetMover
Creating struct: $Script_MapID_Converter
Creating struct: $Script_LoadOdds
Creating struct: $Script_LoadMoverType
Creating struct: $Script_SpawnMover
Creating struct: $Script_SetNPCPos
Creating struct: $Function_Load_MapID
Creating struct: $SwitchPath
Creating struct: $VectorList_SwitchPath
Creating struct: $GetPos
Creating struct: $DispawnPartner
Creating struct: $RespawnPartner
Creating struct: $LoadMap
Creating struct: $GetFloor
Creating struct: $LoadMapBandit
Creating struct: $GetFloorBandit
Creating struct: $SetSpawnsSpecial
Creating struct: $Script_SetMover_Special
Creating struct: $Script_SpawnMover_Special
Creating struct: $Script_Set_SpecialFormation
Creating struct: $Function_LoadCoinsInToVar1
Creating struct: $Script_SetSpawnPosition
Creating struct: $Script_Init_EnemyNPC
Creating struct: $Script_Init_Lakitu
Creating struct: $Script_TrackOutcome
Creating struct: $Script_LakituOutcome
Creating struct: $Script_FloorEnemy_Idle
Creating struct: $Script_Rogue_GiveTotalCoins
Creating struct: $Script_SetEnemyIdle
Creating struct: $Script_AddCoins
Creating struct: $NPC_Settings_Sack
Creating struct: $Script_Init_Bag
Creating struct: $Script_Init_Bag_HitBox
Creating struct: $Script_NPC_SackHit_Init
Creating struct: $Script_NPC_Sack_FX
Creating struct: $NPC_Sack_AnimationStart
Creating struct: $NPC_Sack_AnimationEnd
Creating struct: $Script_SackAnimation_SackAppears_100
Creating struct: $Script_SackAnimation_Start_GoToTheRight
Creating struct: $Script_SackAnimation_Start_GoToTheLeft
Creating struct: $Script_SackAnimation_End_Right
Creating struct: $Script_SackAnimation_End_Left
Creating struct: $Function_LoadMarioCoins
Creating struct: $Function_LoadCoinsLosted
Creating struct: $Function_SaveCoinsLosted
Creating struct: $Function_ResetCoinsLosted
Creating struct: $Function_LoadGainedCoins
Creating struct: $Function_RevivePlayer
Creating struct: $AISettings_MoneySack
Creating struct: $Script_NpcAI_MoneySack
Creating struct: $JumpTable_80242448
Creating struct: $Function_NpcAI_MoneySack
Creating struct: $Function_80240260
Creating struct: $Function_80240844
Creating struct: $Function_802409A8
Creating struct: $Script_TrackPlayer
Creating struct: $Script_PipeAnimation
Creating struct: $Function_SetAnimation
Creating struct: $Function_GetColliderPos
Creating struct: $Function_TrackInput
Creating struct: $GoToNextLevel
Creating struct: $GetFloorSign
Creating struct: $GetFloorSign_Rogue
Creating struct: $Function_GetTattle1
Creating struct: $Function_GetTattle2
Creating struct: $Script_ReadSign
Creating struct: $NpcSettings_Blank
Creating struct: $NpcGroup_Spring1
Creating struct: $NpcGroup_Spring2
Creating struct: $NpcGroup_Spring3
Creating struct: $NpcGroup_Spring4
Creating struct: $NpcGroup_Spring5
Creating struct: $NpcGroup_Spring6
Creating struct: $NpcGroup_Spring7
Creating struct: $NpcGroup_Spring8
Creating struct: $NpcGroup_Spring9
Creating struct: $NpcGroup_Spring10
Creating struct: $Header
Creating struct: $Script_Main2_Wait
Creating struct: $Script_Main2_Exec
Creating struct: $Script_TrackEvents
Creating struct: $Script_Cutscene_Event
Creating struct: $SkipCutscene_Event
Creating struct: $Script_ZoomIn_Camera_X
Creating struct: $Script_Cutscene_Ruby_Init
Creating struct: $Script_Cutscene_Ruby2
Creating struct: $NpcGroupList_RubyCS
Creating struct: $NpcGroup_RubyCS
Creating struct: $NpcSettings_Generic
Creating struct: $Script_null
Creating struct: $Script_SpawnNPCs
Creating struct: $Function_ResetEnemiesFlag
Creating struct: $EntryList
Creating struct: $Function_Init
Creating struct: $NpcGroup_Mover
Creating struct: $BlankSettings
Creating struct: $Script_Init_Mover
Creating struct: $Interact_Mover
Creating struct: $Script_MoverWarpAnimation
Creating struct: $SkipCutscene_MoverWarpAnimation
Creating struct: $NpcGroup_BanditMover
Creating struct: $Script_Init_BanditMover
Creating struct: $Script_Bandit_StartBattle
Creating struct: $Interact_BanditMover
Creating struct: $Script_Warning_Mario
Creating struct: $Script_NoThanks_Bandit
Creating struct: $Script_ZoomIn_Camera
Creating struct: $Script_ZoomIn_Camera_2
Creating struct: $Script_ZoomIn_Camera_3
Creating struct: $NpcGroup_MoneyBag
Creating struct: $Script_SetPipesPosition
Creating struct: $Script_DisableNumbers
Creating struct: $Script_SetFloorNumbers
Creating struct: $Script_CheckBanditStatus1
Creating struct: $Script_Cutscene_BanditStatus1
Creating struct: $Script_CheckBanditStatus2
Creating struct: $Script_TrackOutcome_Bandit
Creating struct: $Script_Cutscene_BanditDefeated
Creating struct: $SkipCutscene_BanditDefeated
Creating struct: $Script_AddCoins_Bandit
Creating struct: $Function_LoadPath
Creating struct: $Script_ClosePartnerDialog
Creating struct: $PipeSpawning
Creating struct: $EnablePipeCollider
Creating struct: $Script_MakeEntities
Creating struct: $CommingDownPipe
Creating struct: $Function_TimerCurrentFloor
Creating struct: $Script_MakeExits
Creating struct: $Script_Exit0
Creating struct: $Script_Main
Creating struct: $NpcGroup1
Creating struct: $NpcGroup7
Creating struct: $NpcGroups
Creating struct: $NpcGroup_SpinyA
Creating struct: $NpcGroup_SpinyB
Creating struct: $NpcGroup_SpinyC
Creating struct: $NpcGroup_SpinyD
Creating struct: $NpcGroup_Enemy1
Creating struct: $NpcSettings_Enemy1
Creating struct: $NpcSettings_Spiny
Creating struct: $Script_SpinyOutcome
Creating struct: $Script_SpinyAI
Creating struct: $AISettings_Spiny
Creating struct: $Function_80242918
Creating struct: $Function_80242144
Creating struct: $Function_802421C0
Creating struct: $Function_802422F4
Creating struct: $Function_80242458
Creating struct: $Script_EnemyAI
Creating struct: $ConstDouble_802453B8
Creating struct: $ConstDouble_80245358
Creating struct: $ConstDouble_80245300
Creating struct: $AISettings_Enemy
Creating struct: $Function_80241C64
Creating struct: $Function_80241258
Creating struct: $Function_80240070
Creating struct: $Function_80240848
Creating struct: $Function_802415B0
Creating struct: $Function_80241A14
Creating struct: $Function_80241568
Creating struct: $Function_80240D30
Creating struct: $Function_80240E64
Creating struct: $Function_80240EC8
Creating struct: $Script_DisableEnemyAI
Creating struct: $AISettings_DisableEnemy
Merged 1 regions to 1
$Script_SetFloorNumbers will be placed at 80240000 (length = 128C bytes)
$NpcGroup_RubyCS will be placed at 8024128C (length = 1170 bytes)
$LoadMap will be placed at 802423FC (length = C04 bytes)
$LoadMapBandit will be placed at 80243000 (length = B80 bytes)
$GoToNextLevel will be placed at 80243B80 (length = B10 bytes)
$Script_Cutscene_BanditDefeated will be placed at 80244690 (length = B08 bytes)
$Function_80242918 will be placed at 80245198 (length = 8FC bytes)
$Script_SetEnemyIdle will be placed at 80245A94 (length = 674 bytes)
$Script_MapID_Converter will be placed at 80246108 (length = 60C bytes)
$Script_Warning_Mario will be placed at 80246714 (length = 608 bytes)
$Function_80240260 will be placed at 80246D1C (length = 5E4 bytes)
$Function_80241C64 will be placed at 80247300 (length = 4E0 bytes)
$Script_SetNPCPos will be placed at 802477E0 (length = 4D0 bytes)
$Script_Cutscene_Ruby_Init will be placed at 80247CB0 (length = 490 bytes)
$Function_802415B0 will be placed at 80248140 (length = 464 bytes)
$FallingDownPipe will be placed at 802485A4 (length = 418 bytes)
$Script_TrackEvents will be placed at 802489BC (length = 410 bytes)
$NpcGroup_MoneyBag will be placed at 80248DCC (length = 3E0 bytes)
$Interact_BanditMover will be placed at 802491AC (length = 3D8 bytes)
$Script_CheckBanditStatus2 will be placed at 80249584 (length = 3D8 bytes)
$SkipCutscene_BanditDefeated will be placed at 8024995C (length = 3D8 bytes)
$Interact_Mover will be placed at 80249D34 (length = 3CC bytes)
$Script_Set_SpecialFormation will be placed at 8024A100 (length = 3B4 bytes)
$Function_80240EC8 will be placed at 8024A4B4 (length = 390 bytes)
$Script_FloorEnemy_Idle will be placed at 8024A844 (length = 388 bytes)
$Script_TrackOutcome_Bandit will be placed at 8024ABCC (length = 330 bytes)
$Script_LakituOutcome will be placed at 8024AEFC (length = 30C bytes)
$Script_Rogue_GiveTotalCoins will be placed at 8024B208 (length = 2FC bytes)
$Script_Set_Formation will be placed at 8024B504 (length = 2D4 bytes)
$PipeSpawning will be placed at 8024B7D8 (length = 2A0 bytes)
$Script_TrackOutcome will be placed at 8024BA78 (length = 288 bytes)
$Script_Cutscene_Ruby2 will be placed at 8024BD00 (length = 258 bytes)
$Function_80241A14 will be placed at 8024BF58 (length = 250 bytes)
$Function_NpcAI_MoneySack will be placed at 8024C1A8 (length = 238 bytes)
$Script_SackAnimation_Start_GoToTheRight will be placed at 8024C3E0 (length = 230 bytes)
$Script_SetSpawnPosition will be placed at 8024C610 (length = 228 bytes)
$Script_Main2_Exec will be placed at 8024C838 (length = 228 bytes)
$Script_Cutscene_BanditStatus1 will be placed at 8024CA60 (length = 21C bytes)
$Script_LoadMoverType will be placed at 8024CC7C (length = 214 bytes)
$Script_NoThanks_Bandit will be placed at 8024CE90 (length = 210 bytes)
$Script_SackAnimation_Start_GoToTheLeft will be placed at 8024D0A0 (length = 1F8 bytes)
$NpcGroup_Spring10 will be placed at 8024D298 (length = 1F0 bytes)
$NpcGroup_Enemy1 will be placed at 8024D488 (length = 1F0 bytes)
$NpcGroup_Spring1 will be placed at 8024D678 (length = 1F0 bytes)
$NpcGroup_Spring2 will be placed at 8024D868 (length = 1F0 bytes)
$NpcGroup_Spring3 will be placed at 8024DA58 (length = 1F0 bytes)
$NpcGroup_Spring4 will be placed at 8024DC48 (length = 1F0 bytes)
$NpcGroup_Spring5 will be placed at 8024DE38 (length = 1F0 bytes)
$NpcGroup_Spring6 will be placed at 8024E028 (length = 1F0 bytes)
$NpcGroup_Spring7 will be placed at 8024E218 (length = 1F0 bytes)
$NpcGroup_Spring8 will be placed at 8024E408 (length = 1F0 bytes)
$NpcGroup_Spring9 will be placed at 8024E5F8 (length = 1F0 bytes)
$NpcGroup_Mover will be placed at 8024E7E8 (length = 1F0 bytes)
$NpcGroup_SpinyD will be placed at 8024E9D8 (length = 1F0 bytes)
$NpcGroup_SpinyB will be placed at 8024EBC8 (length = 1F0 bytes)
$NpcGroup_SpinyC will be placed at 8024EDB8 (length = 1F0 bytes)
$NpcGroup_SpinyA will be placed at 8024EFA8 (length = 1F0 bytes)
$NpcGroup_BanditMover will be placed at 8024F198 (length = 1F0 bytes)
$Script_SpinyOutcome will be placed at 8024F388 (length = 1E4 bytes)
$Script_PipeAnimation will be placed at 8024F56C (length = 1C4 bytes)
$Function_80240070 will be placed at 8024F730 (length = 1B0 bytes)
$Script_Cutscene_Event will be placed at 8024F8E0 (length = 198 bytes)
$Script_NPC_SackHit_Init will be placed at 8024FA78 (length = 198 bytes)
$Script_ClosePartnerDialog will be placed at 8024FC10 (length = 194 bytes)
$JumpTable_80242448 will be placed at 8024FDA4 (length = 190 bytes)
$SkipCutscene_Event will be placed at 8024FF34 (length = 188 bytes)
$Script_SpawnNPCs will be placed at 802500BC (length = 174 bytes)
$NPC_Sack_AnimationStart will be placed at 80250230 (length = 168 bytes)
$Function_80240844 will be placed at 80250398 (length = 164 bytes)
$Function_802422F4 will be placed at 802504FC (length = 164 bytes)
$Script_SackAnimation_End_Right will be placed at 80250660 (length = 158 bytes)
$Script_SackAnimation_End_Left will be placed at 802507B8 (length = 150 bytes)
$Script_TrackPlayer will be placed at 80250908 (length = 144 bytes)
$Script_CheckBanditStatus1 will be placed at 80250A4C (length = 13C bytes)
$MapTattle5 will be placed at 80250B88 (length = 13C bytes)
$Function_802421C0 will be placed at 80250CC4 (length = 134 bytes)
$Function_80240D30 will be placed at 80250DF8 (length = 134 bytes)
$MapTattle4 will be placed at 80250F2C (length = 130 bytes)
$Function_80241258 will be placed at 8025105C (length = 12C bytes)
$BanditMover_Tattle will be placed at 80251188 (length = 11C bytes)
$Function_LoadPath will be placed at 802512A4 (length = 114 bytes)
$Script_SackAnimation_SackAppears_100 will be placed at 802513B8 (length = 100 bytes)
$String_Partner_Event_1 will be placed at 802514B8 (length = FC bytes)
$Script_Main2_Wait will be placed at 802515B4 (length = F4 bytes)
$String_Warning2 will be placed at 802516A8 (length = F0 bytes)
$Script_SetMover_Special will be placed at 80251798 (length = EC bytes)
$SetSpawnsSpecial will be placed at 80251884 (length = E8 bytes)
$SetSpawns will be placed at 8025196C (length = E8 bytes)
$String_Warning1 will be placed at 80251A54 (length = E8 bytes)
$NpcGroups will be placed at 80251B3C (length = E4 bytes)
$DeepestLevel will be placed at 80251C20 (length = E4 bytes)
$Function_GetColliderPos will be placed at 80251D04 (length = E0 bytes)
$Function_GetPos will be placed at 80251DE4 (length = E0 bytes)
$TotalLevels_Sign will be placed at 80251EC4 (length = DC bytes)
$Script_SpawnMover_Special will be placed at 80251FA0 (length = DC bytes)
$GetFloor will be placed at 8025207C (length = DC bytes)
$Script_DisableNumbers will be placed at 80252158 (length = D8 bytes)
$MapTattle2 will be placed at 80252230 (length = D4 bytes)
$NPC_Sack_AnimationEnd will be placed at 80252304 (length = D4 bytes)
$Script_SetMover will be placed at 802523D8 (length = D0 bytes)
$GetFloorBandit will be placed at 802524A8 (length = D0 bytes)
$NpcGroup1 will be placed at 80252578 (length = CC bytes)
$Script_AddCoins_Bandit will be placed at 80252644 (length = C8 bytes)
$GetPos will be placed at 8025270C (length = C8 bytes)
$SkipCutscene_MoverWarpAnimation will be placed at 802527D4 (length = C4 bytes)
$Function_Init will be placed at 80252898 (length = C4 bytes)
$Function_80240848 will be placed at 8025295C (length = C0 bytes)
$MoverStart will be placed at 80252A1C (length = C0 bytes)
$String_Warning3 will be placed at 80252ADC (length = C0 bytes)
$Script_ZoomIn_Camera_3 will be placed at 80252B9C (length = BC bytes)
$Script_ZoomIn_Camera_2 will be placed at 80252C58 (length = BC bytes)
$Script_ZoomIn_Camera will be placed at 80252D14 (length = BC bytes)
$Function_TrackInput will be placed at 80252DD0 (length = BC bytes)
$String_Bandit_Defeated4 will be placed at 80252E8C (length = B8 bytes)
$Script_MoverWarpAnimation will be placed at 80252F44 (length = B8 bytes)
$Script_NpcAI_MoneySack will be placed at 80252FFC (length = B8 bytes)
$Script_SpawnMover will be placed at 802530B4 (length = B4 bytes)
$BanditMoverStart will be placed at 80253168 (length = B4 bytes)
$MapTattle3 will be placed at 8025321C (length = B0 bytes)
$Script_LoadOdds will be placed at 802532CC (length = B0 bytes)
$Script_SetPipesPosition will be placed at 8025337C (length = B0 bytes)
$LoadHighscores will be placed at 8025342C (length = B0 bytes)
$NpcGroup7 will be placed at 802534DC (length = A8 bytes)
$MapTattle1 will be placed at 80253584 (length = A8 bytes)
$Script_AddCoins will be placed at 8025362C (length = A8 bytes)
$SwitchPath will be placed at 802536D4 (length = A4 bytes)
$Script_NPC_Sack_FX will be placed at 80253778 (length = A4 bytes)
$Tattle_Springkeeper will be placed at 8025381C (length = A4 bytes)
$Script_ReadSign will be placed at 802538C0 (length = A0 bytes)
$Script_ZoomIn_Camera_X will be placed at 80253960 (length = A0 bytes)
$String_Bandit_Defeated9 will be placed at 80253A00 (length = 9C bytes)
$Script_Bandit_StartBattle will be placed at 80253A9C (length = 9C bytes)
$Script_Main will be placed at 80253B38 (length = 9C bytes)
$Mover_Tattle will be placed at 80253BD4 (length = 94 bytes)
$String_Bandit_Defeated3 will be placed at 80253C68 (length = 90 bytes)
$String_Bandit_Defeated8 will be placed at 80253CF8 (length = 8C bytes)
$BanditMover_Options2 will be placed at 80253D84 (length = 84 bytes)
$BanditMover_Options will be placed at 80253E08 (length = 84 bytes)
$Function_80242458 will be placed at 80253E8C (length = 80 bytes)
$String_Okay will be placed at 80253F0C (length = 80 bytes)
$Function_TimerCurrentFloor will be placed at 80253F8C (length = 7C bytes)
$Function_80242144 will be placed at 80254008 (length = 7C bytes)
$SignStringBug will be placed at 80254084 (length = 7C bytes)
$String_Rogue_CoinsGained_Success will be placed at 80254100 (length = 78 bytes)
$Mover_Options will be placed at 80254178 (length = 78 bytes)
$Script_SpinyAI will be placed at 802541F0 (length = 70 bytes)
$Script_EnemyAI will be placed at 80254260 (length = 70 bytes)
$Function2 will be placed at 802542D0 (length = 6C bytes)
$Function_SetAnimation will be placed at 8025433C (length = 6C bytes)
$String_Bandit_Defeated1 will be placed at 802543A8 (length = 68 bytes)
$CommingDownPipe will be placed at 80254410 (length = 68 bytes)
$MoverEnd will be placed at 80254478 (length = 68 bytes)
$BanditMoverEnd will be placed at 802544E0 (length = 68 bytes)
$String_Bandit_Defeated_Partner3 will be placed at 80254548 (length = 64 bytes)
$String_Bandit_Defeated_Partner2 will be placed at 802545AC (length = 64 bytes)
$Function_80240E64 will be placed at 80254610 (length = 64 bytes)
$Function_GetTattle1 will be placed at 80254674 (length = 60 bytes)
$Function_OverwriteBattleID will be placed at 802546D4 (length = 60 bytes)
$String_Bandit_Confrontation1 will be placed at 80254734 (length = 5C bytes)
$BanditMoverNoCoins will be placed at 80254790 (length = 58 bytes)
$MoverNoCoins will be placed at 802547E8 (length = 58 bytes)
$String_Bandit_Defeated7 will be placed at 80254840 (length = 50 bytes)
$String_Bandit_Defeated_Partner4 will be placed at 80254890 (length = 50 bytes)
$EntryList will be placed at 802548E0 (length = 50 bytes)
$String_NoThanks will be placed at 80254930 (length = 50 bytes)
$Script_Init_BanditMover will be placed at 80254980 (length = 4C bytes)
$GetFloorSign will be placed at 802549CC (length = 48 bytes)
$Function_Load_MapID will be placed at 80254A14 (length = 48 bytes)
$Function_80241568 will be placed at 80254A5C (length = 48 bytes)
$GetFloorSign_Rogue will be placed at 80254AA4 (length = 48 bytes)
$Script_MakeEntities will be placed at 80254AEC (length = 44 bytes)
$Function_802409A8 will be placed at 80254B30 (length = 44 bytes)
$Function_LoadCoinsInToVar1 will be placed at 80254B74 (length = 44 bytes)
$String_Bandit_Defeated_Partner1 will be placed at 80254BB8 (length = 40 bytes)
$Header will be placed at 80254BF8 (length = 40 bytes)
$Function_LoadCoinsLosted will be placed at 80254C38 (length = 40 bytes)
$Function_LoadMarioCoins will be placed at 80254C78 (length = 40 bytes)
$Function_LoadGainedCoins will be placed at 80254CB8 (length = 40 bytes)
$Function_GetTattle2 will be placed at 80254CF8 (length = 3C bytes)
$Script_Exit0 will be placed at 80254D34 (length = 3C bytes)
$Script_Init_Bag will be placed at 80254D70 (length = 38 bytes)
$Script_Init_Bag_HitBox will be placed at 80254DA8 (length = 38 bytes)
$String_Bandit_Confrotation_Bye will be placed at 80254DE0 (length = 34 bytes)
$DispawnPartner will be placed at 80254E14 (length = 34 bytes)
$AISettings_Spiny will be placed at 80254E48 (length = 30 bytes)
$String_Whatever will be placed at 80254E78 (length = 30 bytes)
$EnablePipeCollider will be placed at 80254EA8 (length = 30 bytes)
$AISettings_MoneySack will be placed at 80254ED8 (length = 30 bytes)
$String_Bandit_Defeated2 will be placed at 80254F08 (length = 30 bytes)
$AISettings_Enemy will be placed at 80254F38 (length = 30 bytes)
$RespawnPartner will be placed at 80254F68 (length = 30 bytes)
$AISettings_DisableEnemy will be placed at 80254F98 (length = 30 bytes)
$NPC_Settings_Sack will be placed at 80254FC8 (length = 2C bytes)
$NpcSettings_Generic will be placed at 80254FF4 (length = 2C bytes)
$NpcSettings_Enemy1 will be placed at 80255020 (length = 2C bytes)
$Function_RevivePlayer will be placed at 8025504C (length = 2C bytes)
$NpcSettings_Spiny will be placed at 80255078 (length = 2C bytes)
$NpcSettings_Blank will be placed at 802550A4 (length = 2C bytes)
$BlankSettings will be placed at 802550D0 (length = 2C bytes)
$Script_MakeExits will be placed at 802550FC (length = 2C bytes)
$Function_ResetEnemiesFlag will be placed at 80255128 (length = 2C bytes)
$String_List_NoYes will be placed at 80255154 (length = 28 bytes)
$Function_SaveCoinsLosted will be placed at 8025517C (length = 28 bytes)
$String_List_YesNo will be placed at 802551A4 (length = 28 bytes)
$Script_Init_EnemyNPC will be placed at 802551CC (length = 24 bytes)
$VectorList_SwitchPath will be placed at 802551F0 (length = 24 bytes)
$Script_Init_Lakitu will be placed at 80255214 (length = 24 bytes)
$Script_Init_Mover will be placed at 80255238 (length = 24 bytes)
$String_CoinsGained will be placed at 8025525C (length = 24 bytes)
$String_Bandit_Defeated10 will be placed at 80255280 (length = 24 bytes)
$String_Bandit_Defeated6 will be placed at 802552A4 (length = 20 bytes)
$String_Bandit_Defeated5 will be placed at 802552C4 (length = 20 bytes)
$Script_DisableEnemyAI will be placed at 802552E4 (length = 20 bytes)
$TotalLevels_CurrentPlaythrough will be placed at 80255304 (length = 1C bytes)
$NpcGroupList_RubyCS will be placed at 80255320 (length = 18 bytes)
$SignString will be placed at 80255338 (length = 18 bytes)
$String_Psst will be placed at 80255350 (length = 10 bytes)
$Script_null will be placed at 80255360 (length = 10 bytes)
$ASCII_"pt81_86_shape"_Literal will be placed at 80255370 (length = 10 bytes)
$Function_ResetCoinsLosted will be placed at 80255380 (length = 10 bytes)
$ASCII_"pt51_56_shape"_Literal will be placed at 80255390 (length = 10 bytes)
$ASCII_"pt1_6_hit"_Literal will be placed at 802553A0 (length = C bytes)
$ASCII_"pt_100"_Literal will be placed at 802553AC (length = C bytes)
$ASCII_"dmo_00"_Literal will be placed at 802553B8 (length = C bytes)
$ASCII_"pt1_6_shape"_Literal will be placed at 802553C4 (length = C bytes)
$ASCII_"pt_85"_Literal will be placed at 802553D0 (length = 8 bytes)
$ASCII_"pt91_96"_Literal will be placed at 802553D8 (length = 8 bytes)
$ASCII_"pt62_67"_Literal will be placed at 802553E0 (length = 8 bytes)
$ASCII_"pt33_38"_Literal will be placed at 802553E8 (length = 8 bytes)
$ASCII_"pt1_6"_Literal will be placed at 802553F0 (length = 8 bytes)
$ASCII_"pt_95"_Literal will be placed at 802553F8 (length = 8 bytes)
$ASCII_"pt4_9"_Literal will be placed at 80255400 (length = 8 bytes)
$ASCII_"pt_65"_Literal will be placed at 80255408 (length = 8 bytes)
$ASCII_"pt44_49"_Literal will be placed at 80255410 (length = 8 bytes)
$ASCII_"pt81_86"_Literal will be placed at 80255418 (length = 8 bytes)
$ASCII_"pt_80"_Literal will be placed at 80255420 (length = 8 bytes)
$ASCII_"pt52_57"_Literal will be placed at 80255428 (length = 8 bytes)
$ASCII_"pt23_28"_Literal will be placed at 80255430 (length = 8 bytes)
$ASCII_"pt_50"_Literal will be placed at 80255438 (length = 8 bytes)
$ASCII_"pt83_88"_Literal will be placed at 80255440 (length = 8 bytes)
$ASCII_"pt54_59"_Literal will be placed at 80255448 (length = 8 bytes)
$ASCII_"pt64_69"_Literal will be placed at 80255450 (length = 8 bytes)
$ASCII_"pt72_77"_Literal will be placed at 80255458 (length = 8 bytes)
$ASCII_"pt14_19"_Literal will be placed at 80255460 (length = 8 bytes)
$ASCII_"pt34_39"_Literal will be placed at 80255468 (length = 8 bytes)
$ASCII_"pt22_27"_Literal will be placed at 80255470 (length = 8 bytes)
$ConstDouble_80245358 will be placed at 80255478 (length = 8 bytes)
$ASCII_"pt21_26"_Literal will be placed at 80255480 (length = 8 bytes)
$ASCII_"pt73_78"_Literal will be placed at 80255488 (length = 8 bytes)
$ASCII_"pt84_89"_Literal will be placed at 80255490 (length = 8 bytes)
$ASCII_"pt92_97"_Literal will be placed at 80255498 (length = 8 bytes)
$ASCII_"pt_75"_Literal will be placed at 802554A0 (length = 8 bytes)
$ASCII_"pt53_58"_Literal will be placed at 802554A8 (length = 8 bytes)
$ASCII_"pt41_46"_Literal will be placed at 802554B0 (length = 8 bytes)
$ASCII_"pt61_66"_Literal will be placed at 802554B8 (length = 8 bytes)
$ASCII_"pt32_37"_Literal will be placed at 802554C0 (length = 8 bytes)
$ASCII_"pt_15"_Literal will be placed at 802554C8 (length = 8 bytes)
$ASCII_"pt11_16"_Literal will be placed at 802554D0 (length = 8 bytes)
$ASCII_"pt_00"_Literal will be placed at 802554D8 (length = 8 bytes)
$ConstDouble_802453B8 will be placed at 802554E0 (length = 8 bytes)
$ASCII_"pt74_79"_Literal will be placed at 802554E8 (length = 8 bytes)
$ASCII_"pt_25"_Literal will be placed at 802554F0 (length = 8 bytes)
$ASCII_"pt_35"_Literal will be placed at 802554F8 (length = 8 bytes)
$ASCII_"pt71_76"_Literal will be placed at 80255500 (length = 8 bytes)
$ASCII_"pt42_47"_Literal will be placed at 80255508 (length = 8 bytes)
$ASCII_"pt13_18"_Literal will be placed at 80255510 (length = 8 bytes)
$ASCII_"pt_05"_Literal will be placed at 80255518 (length = 8 bytes)
$ASCII_"pt93_98"_Literal will be placed at 80255520 (length = 8 bytes)
$ASCII_"pt43_48"_Literal will be placed at 80255528 (length = 8 bytes)
$ASCII_"pt51_56"_Literal will be placed at 80255530 (length = 8 bytes)
$ASCII_"pt_55"_Literal will be placed at 80255538 (length = 8 bytes)
$ASCII_"pt2_7"_Literal will be placed at 80255540 (length = 8 bytes)
$ASCII_"pt12_17"_Literal will be placed at 80255548 (length = 8 bytes)
$ASCII_"pt3_8"_Literal will be placed at 80255550 (length = 8 bytes)
$ASCII_"pt_10"_Literal will be placed at 80255558 (length = 8 bytes)
$ASCII_"tik_tex"_Literal will be placed at 80255560 (length = 8 bytes)
$ASCII_"pt31_36"_Literal will be placed at 80255568 (length = 8 bytes)
$ConstDouble_80245300 will be placed at 80255570 (length = 8 bytes)
$ASCII_"pt63_68"_Literal will be placed at 80255578 (length = 8 bytes)
$ASCII_"pt94_99"_Literal will be placed at 80255580 (length = 8 bytes)
$ASCII_"pt82_87"_Literal will be placed at 80255588 (length = 8 bytes)
$ASCII_"pt_45"_Literal will be placed at 80255590 (length = 8 bytes)
$ASCII_"pt24_29"_Literal will be placed at 80255598 (length = 8 bytes)
$MoverCancel will be placed at 802555A0 (length = 4 bytes)
$BanditMoverCancel will be placed at 802555A4 (length = 4 bytes)
$CloseDialogBubble will be placed at 802555A8 (length = 4 bytes)
Executing patch: pt62_67.mpat
Creating struct: $DeepestLevel
Creating struct: $TotalLevels_Sign
Creating struct: $TotalLevels_CurrentPlaythrough
Creating struct: $LoadHighscores
Creating struct: $FallingDownPipe
Creating struct: $Function_GetPos
Creating struct: $Function2
Creating struct: $SetSpawns
Creating struct: $Script_Set_Formation
Creating struct: $Function_OverwriteBattleID
Creating struct: $Script_SetMover
Creating struct: $Script_MapID_Converter
Creating struct: $Script_LoadOdds
Creating struct: $Script_LoadMoverType
Creating struct: $Script_SpawnMover
Creating struct: $Script_SetNPCPos
Creating struct: $Function_Load_MapID
Creating struct: $SwitchPath
Creating struct: $VectorList_SwitchPath
Creating struct: $GetPos
Creating struct: $DispawnPartner
Creating struct: $RespawnPartner
Creating struct: $LoadMap
Creating struct: $GetFloor
Creating struct: $LoadMapBandit
Creating struct: $GetFloorBandit
Creating struct: $SetSpawnsSpecial
Creating struct: $Script_SetMover_Special
Creating struct: $Script_SpawnMover_Special
Creating struct: $Script_Set_SpecialFormation
Creating struct: $Function_LoadCoinsInToVar1
Creating struct: $Script_SetSpawnPosition
Creating struct: $Script_Init_EnemyNPC
Creating struct: $Script_Init_Lakitu
Creating struct: $Script_TrackOutcome
Creating struct: $Script_LakituOutcome
Creating struct: $Script_FloorEnemy_Idle
Creating struct: $Script_Rogue_GiveTotalCoins
Creating struct: $Script_SetEnemyIdle
Creating struct: $Script_AddCoins
Creating struct: $NPC_Settings_Sack
Creating struct: $Script_Init_Bag
Creating struct: $Script_Init_Bag_HitBox
Creating struct: $Script_NPC_SackHit_Init
Creating struct: $Script_NPC_Sack_FX
Creating struct: $NPC_Sack_AnimationStart
Creating struct: $NPC_Sack_AnimationEnd
Creating struct: $Script_SackAnimation_SackAppears_100
Creating struct: $Script_SackAnimation_Start_GoToTheRight
Creating struct: $Script_SackAnimation_Start_GoToTheLeft
Creating struct: $Script_SackAnimation_End_Right
Creating struct: $Script_SackAnimation_End_Left
Creating struct: $Function_LoadMarioCoins
Creating struct: $Function_LoadCoinsLosted
Creating struct: $Function_SaveCoinsLosted
Creating struct: $Function_ResetCoinsLosted
Creating struct: $Function_LoadGainedCoins
Creating struct: $Function_RevivePlayer
Creating struct: $AISettings_MoneySack
Creating struct: $Script_NpcAI_MoneySack
Creating struct: $JumpTable_80242448
Creating struct: $Function_NpcAI_MoneySack
Creating struct: $Function_80240260
Creating struct: $Function_80240844
Creating struct: $Function_802409A8
Creating struct: $Script_TrackPlayer
Creating struct: $Script_PipeAnimation
Creating struct: $Function_SetAnimation
Creating struct: $Function_GetColliderPos
Creating struct: $Function_TrackInput
Creating struct: $GoToNextLevel
Creating struct: $GetFloorSign
Creating struct: $GetFloorSign_Rogue
Creating struct: $Function_GetTattle1
Creating struct: $Function_GetTattle2
Creating struct: $Script_ReadSign
Creating struct: $NpcSettings_Blank
Creating struct: $NpcGroup_Spring1
Creating struct: $NpcGroup_Spring2
Creating struct: $NpcGroup_Spring3
Creating struct: $NpcGroup_Spring4
Creating struct: $NpcGroup_Spring5
Creating struct: $NpcGroup_Spring6
Creating struct: $NpcGroup_Spring7
Creating struct: $NpcGroup_Spring8
Creating struct: $NpcGroup_Spring9
Creating struct: $NpcGroup_Spring10
Creating struct: $Header
Creating struct: $Script_Main2_Wait
Creating struct: $Script_Main2_Exec
Creating struct: $Script_TrackEvents
Creating struct: $Script_Cutscene_Event
Creating struct: $SkipCutscene_Event
Creating struct: $Script_ZoomIn_Camera_X
Creating struct: $Script_Cutscene_Ruby_Init
Creating struct: $Script_Cutscene_Ruby2
Creating struct: $NpcGroupList_RubyCS
Creating struct: $NpcGroup_RubyCS
Creating struct: $NpcSettings_Generic
Creating struct: $Script_null
Creating struct: $Script_SpawnNPCs
Creating struct: $Function_ResetEnemiesFlag
Creating struct: $EntryList
Creating struct: $Function_Init
Creating struct: $NpcGroup_Mover
Creating struct: $BlankSettings
Creating struct: $Script_Init_Mover
Creating struct: $Interact_Mover
Creating struct: $Script_MoverWarpAnimation
Creating struct: $SkipCutscene_MoverWarpAnimation
Creating struct: $NpcGroup_BanditMover
Creating struct: $Script_Init_BanditMover
Creating struct: $Script_Bandit_StartBattle
Creating struct: $Interact_BanditMover
Creating struct: $Script_Warning_Mario
Creating struct: $Script_NoThanks_Bandit
Creating struct: $Script_ZoomIn_Camera
Creating struct: $Script_ZoomIn_Camera_2
Creating struct: $Script_ZoomIn_Camera_3
Creating struct: $NpcGroup_MoneyBag
Creating struct: $Script_SetPipesPosition
Creating struct: $Script_DisableNumbers
Creating struct: $Script_SetFloorNumbers
Creating struct: $Script_CheckBanditStatus1
Creating struct: $Script_Cutscene_BanditStatus1
Creating struct: $Script_CheckBanditStatus2
Creating struct: $Script_TrackOutcome_Bandit
Creating struct: $Script_Cutscene_BanditDefeated
Creating struct: $SkipCutscene_BanditDefeated
Creating struct: $Script_AddCoins_Bandit
Creating struct: $Function_LoadPath
Creating struct: $Script_ClosePartnerDialog
Creating struct: $PipeSpawning
Creating struct: $EnablePipeCollider
Creating struct: $Script_MakeEntities
Creating struct: $CommingDownPipe
Creating struct: $Function_TimerCurrentFloor
Creating struct: $Script_MakeExits
Creating struct: $Script_Exit0
Creating struct: $Script_Main
Creating struct: $NpcGroups
Creating struct: $NpcGroup1
Creating struct: $NpcGroup7
Creating struct: $NpcGroup_Enemy1
Creating struct: $NpcSettings_Enemy1
Creating struct: $Script_EnemyAI
Creating struct: $AISettings_Enemy
Creating struct: $ConstDouble_802471E0
Creating struct: $JumpTable_802471E8
Creating struct: $Function_802406A4
Creating struct: $Function_80240310
Creating struct: $Function_8024038C
Creating struct: $Function_802404C0
Creating struct: $Function_80240624
Creating struct: $Script_DisableEnemyAI
Creating struct: $AISettings_DisableEnemy
Merged 1 regions to 1
$Script_SetFloorNumbers will be placed at 80240000 (length = 128C bytes)
$NpcGroup_RubyCS will be placed at 8024128C (length = 1170 bytes)
$LoadMap will be placed at 802423FC (length = C04 bytes)
$LoadMapBandit will be placed at 80243000 (length = B80 bytes)
$GoToNextLevel will be placed at 80243B80 (length = B10 bytes)
$Script_Cutscene_BanditDefeated will be placed at 80244690 (length = B08 bytes)
$Script_SetEnemyIdle will be placed at 80245198 (length = 674 bytes)
$Script_MapID_Converter will be placed at 8024580C (length = 60C bytes)
$Script_Warning_Mario will be placed at 80245E18 (length = 608 bytes)
$Function_80240260 will be placed at 80246420 (length = 5E4 bytes)
$Script_SetNPCPos will be placed at 80246A04 (length = 4D0 bytes)
$Script_Cutscene_Ruby_Init will be placed at 80246ED4 (length = 490 bytes)
$Function_802406A4 will be placed at 80247364 (length = 440 bytes)
$FallingDownPipe will be placed at 802477A4 (length = 418 bytes)
$Script_TrackEvents will be placed at 80247BBC (length = 410 bytes)
$NpcGroup_MoneyBag will be placed at 80247FCC (length = 3E0 bytes)
$Interact_BanditMover will be placed at 802483AC (length = 3D8 bytes)
$Script_CheckBanditStatus2 will be placed at 80248784 (length = 3D8 bytes)
$SkipCutscene_BanditDefeated will be placed at 80248B5C (length = 3D8 bytes)
$Interact_Mover will be placed at 80248F34 (length = 3CC bytes)
$Script_Set_SpecialFormation will be placed at 80249300 (length = 3B4 bytes)
$Script_FloorEnemy_Idle will be placed at 802496B4 (length = 388 bytes)
$Script_TrackOutcome_Bandit will be placed at 80249A3C (length = 330 bytes)
$Script_LakituOutcome will be placed at 80249D6C (length = 30C bytes)
$Script_Rogue_GiveTotalCoins will be placed at 8024A078 (length = 2FC bytes)
$Script_Set_Formation will be placed at 8024A374 (length = 2D4 bytes)
$PipeSpawning will be placed at 8024A648 (length = 2A0 bytes)
$Script_TrackOutcome will be placed at 8024A8E8 (length = 288 bytes)
$Script_Cutscene_Ruby2 will be placed at 8024AB70 (length = 258 bytes)
$Function_NpcAI_MoneySack will be placed at 8024ADC8 (length = 238 bytes)
$Script_SackAnimation_Start_GoToTheRight will be placed at 8024B000 (length = 230 bytes)
$Script_SetSpawnPosition will be placed at 8024B230 (length = 228 bytes)
$Script_Main2_Exec will be placed at 8024B458 (length = 228 bytes)
$Script_Cutscene_BanditStatus1 will be placed at 8024B680 (length = 21C bytes)
$Script_LoadMoverType will be placed at 8024B89C (length = 214 bytes)
$Script_NoThanks_Bandit will be placed at 8024BAB0 (length = 210 bytes)
$Script_SackAnimation_Start_GoToTheLeft will be placed at 8024BCC0 (length = 1F8 bytes)
$NpcGroup_Spring10 will be placed at 8024BEB8 (length = 1F0 bytes)
$NpcGroup_Enemy1 will be placed at 8024C0A8 (length = 1F0 bytes)
$NpcGroup_Spring1 will be placed at 8024C298 (length = 1F0 bytes)
$NpcGroup_Spring2 will be placed at 8024C488 (length = 1F0 bytes)
$NpcGroup_Spring3 will be placed at 8024C678 (length = 1F0 bytes)
$NpcGroup_Spring4 will be placed at 8024C868 (length = 1F0 bytes)
$NpcGroup_Spring5 will be placed at 8024CA58 (length = 1F0 bytes)
$NpcGroup_Spring6 will be placed at 8024CC48 (length = 1F0 bytes)
$NpcGroup_Spring7 will be placed at 8024CE38 (length = 1F0 bytes)
$NpcGroup_Spring8 will be placed at 8024D028 (length = 1F0 bytes)
$NpcGroup_Spring9 will be placed at 8024D218 (length = 1F0 bytes)
$NpcGroup_Mover will be placed at 8024D408 (length = 1F0 bytes)
$NpcGroup_BanditMover will be placed at 8024D5F8 (length = 1F0 bytes)
$Script_PipeAnimation will be placed at 8024D7E8 (length = 1C4 bytes)
$Script_Cutscene_Event will be placed at 8024D9AC (length = 198 bytes)
$Script_NPC_SackHit_Init will be placed at 8024DB44 (length = 198 bytes)
$Script_ClosePartnerDialog will be placed at 8024DCDC (length = 194 bytes)
$JumpTable_80242448 will be placed at 8024DE70 (length = 190 bytes)
$SkipCutscene_Event will be placed at 8024E000 (length = 188 bytes)
$Script_SpawnNPCs will be placed at 8024E188 (length = 174 bytes)
$NPC_Sack_AnimationStart will be placed at 8024E2FC (length = 168 bytes)
$Function_80240844 will be placed at 8024E464 (length = 164 bytes)
$Function_802404C0 will be placed at 8024E5C8 (length = 164 bytes)
$Script_SackAnimation_End_Right will be placed at 8024E72C (length = 158 bytes)
$Script_SackAnimation_End_Left will be placed at 8024E884 (length = 150 bytes)
$Script_TrackPlayer will be placed at 8024E9D4 (length = 144 bytes)
$Script_CheckBanditStatus1 will be placed at 8024EB18 (length = 13C bytes)
$MapTattle5 will be placed at 8024EC54 (length = 13C bytes)
$Function_8024038C will be placed at 8024ED90 (length = 134 bytes)
$MapTattle4 will be placed at 8024EEC4 (length = 130 bytes)
$BanditMover_Tattle will be placed at 8024EFF4 (length = 11C bytes)
$Function_LoadPath will be placed at 8024F110 (length = 114 bytes)
$Script_SackAnimation_SackAppears_100 will be placed at 8024F224 (length = 100 bytes)
$String_Partner_Event_1 will be placed at 8024F324 (length = FC bytes)
$Script_Main2_Wait will be placed at 8024F420 (length = F4 bytes)
$String_Warning2 will be placed at 8024F514 (length = F0 bytes)
$Script_SetMover_Special will be placed at 8024F604 (length = EC bytes)
$SetSpawnsSpecial will be placed at 8024F6F0 (length = E8 bytes)
$SetSpawns will be placed at 8024F7D8 (length = E8 bytes)
$String_Warning1 will be placed at 8024F8C0 (length = E8 bytes)
$DeepestLevel will be placed at 8024F9A8 (length = E4 bytes)
$Function_GetColliderPos will be placed at 8024FA8C (length = E0 bytes)
$Function_GetPos will be placed at 8024FB6C (length = E0 bytes)
$TotalLevels_Sign will be placed at 8024FC4C (length = DC bytes)
$Script_SpawnMover_Special will be placed at 8024FD28 (length = DC bytes)
$GetFloor will be placed at 8024FE04 (length = DC bytes)
$Script_DisableNumbers will be placed at 8024FEE0 (length = D8 bytes)
$MapTattle2 will be placed at 8024FFB8 (length = D4 bytes)
$NPC_Sack_AnimationEnd will be placed at 8025008C (length = D4 bytes)
$Script_SetMover will be placed at 80250160 (length = D0 bytes)
$GetFloorBandit will be placed at 80250230 (length = D0 bytes)
$Script_AddCoins_Bandit will be placed at 80250300 (length = C8 bytes)
$GetPos will be placed at 802503C8 (length = C8 bytes)
$SkipCutscene_MoverWarpAnimation will be placed at 80250490 (length = C4 bytes)
$Function_Init will be placed at 80250554 (length = C4 bytes)
$MoverStart will be placed at 80250618 (length = C0 bytes)
$String_Warning3 will be placed at 802506D8 (length = C0 bytes)
$Script_ZoomIn_Camera_3 will be placed at 80250798 (length = BC bytes)
$Script_ZoomIn_Camera_2 will be placed at 80250854 (length = BC bytes)
$Script_ZoomIn_Camera will be placed at 80250910 (length = BC bytes)
$Function_TrackInput will be placed at 802509CC (length = BC bytes)
$String_Bandit_Defeated4 will be placed at 80250A88 (length = B8 bytes)
$Script_MoverWarpAnimation will be placed at 80250B40 (length = B8 bytes)
$Script_NpcAI_MoneySack will be placed at 80250BF8 (length = B8 bytes)
$NpcGroups will be placed at 80250CB0 (length = B4 bytes)
$Script_SpawnMover will be placed at 80250D64 (length = B4 bytes)
$BanditMoverStart will be placed at 80250E18 (length = B4 bytes)
$MapTattle3 will be placed at 80250ECC (length = B0 bytes)
$Script_LoadOdds will be placed at 80250F7C (length = B0 bytes)
$Script_SetPipesPosition will be placed at 8025102C (length = B0 bytes)
$LoadHighscores will be placed at 802510DC (length = B0 bytes)
$MapTattle1 will be placed at 8025118C (length = A8 bytes)
$Script_AddCoins will be placed at 80251234 (length = A8 bytes)
$SwitchPath will be placed at 802512DC (length = A4 bytes)
$Script_NPC_Sack_FX will be placed at 80251380 (length = A4 bytes)
$Tattle_Springkeeper will be placed at 80251424 (length = A4 bytes)
$Script_ReadSign will be placed at 802514C8 (length = A0 bytes)
$Script_ZoomIn_Camera_X will be placed at 80251568 (length = A0 bytes)
$String_Bandit_Defeated9 will be placed at 80251608 (length = 9C bytes)
$Script_Bandit_StartBattle will be placed at 802516A4 (length = 9C bytes)
$Script_Main will be placed at 80251740 (length = 9C bytes)
$Mover_Tattle will be placed at 802517DC (length = 94 bytes)
$String_Bandit_Defeated3 will be placed at 80251870 (length = 90 bytes)
$String_Bandit_Defeated8 will be placed at 80251900 (length = 8C bytes)
$BanditMover_Options2 will be placed at 8025198C (length = 84 bytes)
$BanditMover_Options will be placed at 80251A10 (length = 84 bytes)
$Function_80240624 will be placed at 80251A94 (length = 80 bytes)
$String_Okay will be placed at 80251B14 (length = 80 bytes)
$Function_TimerCurrentFloor will be placed at 80251B94 (length = 7C bytes)
$SignStringBug will be placed at 80251C10 (length = 7C bytes)
$Function_80240310 will be placed at 80251C8C (length = 7C bytes)
$String_Rogue_CoinsGained_Success will be placed at 80251D08 (length = 78 bytes)
$Mover_Options will be placed at 80251D80 (length = 78 bytes)
$Script_EnemyAI will be placed at 80251DF8 (length = 70 bytes)
$Function2 will be placed at 80251E68 (length = 6C bytes)
$Function_SetAnimation will be placed at 80251ED4 (length = 6C bytes)
$String_Bandit_Defeated1 will be placed at 80251F40 (length = 68 bytes)
$CommingDownPipe will be placed at 80251FA8 (length = 68 bytes)
$MoverEnd will be placed at 80252010 (length = 68 bytes)
$BanditMoverEnd will be placed at 80252078 (length = 68 bytes)
$String_Bandit_Defeated_Partner3 will be placed at 802520E0 (length = 64 bytes)
$String_Bandit_Defeated_Partner2 will be placed at 80252144 (length = 64 bytes)
$Function_GetTattle1 will be placed at 802521A8 (length = 60 bytes)
$Function_OverwriteBattleID will be placed at 80252208 (length = 60 bytes)
$String_Bandit_Confrontation1 will be placed at 80252268 (length = 5C bytes)
$BanditMoverNoCoins will be placed at 802522C4 (length = 58 bytes)
$MoverNoCoins will be placed at 8025231C (length = 58 bytes)
$JumpTable_802471E8 will be placed at 80252374 (length = 54 bytes)
$String_Bandit_Defeated7 will be placed at 802523C8 (length = 50 bytes)
$String_Bandit_Defeated_Partner4 will be placed at 80252418 (length = 50 bytes)
$EntryList will be placed at 80252468 (length = 50 bytes)
$String_NoThanks will be placed at 802524B8 (length = 50 bytes)
$Script_Init_BanditMover will be placed at 80252508 (length = 4C bytes)
$GetFloorSign will be placed at 80252554 (length = 48 bytes)
$Function_Load_MapID will be placed at 8025259C (length = 48 bytes)
$GetFloorSign_Rogue will be placed at 802525E4 (length = 48 bytes)
$Script_MakeEntities will be placed at 8025262C (length = 44 bytes)
$Function_802409A8 will be placed at 80252670 (length = 44 bytes)
$Function_LoadCoinsInToVar1 will be placed at 802526B4 (length = 44 bytes)
$String_Bandit_Defeated_Partner1 will be placed at 802526F8 (length = 40 bytes)
$Header will be placed at 80252738 (length = 40 bytes)
$Function_LoadCoinsLosted will be placed at 80252778 (length = 40 bytes)
$Function_LoadMarioCoins will be placed at 802527B8 (length = 40 bytes)
$Function_LoadGainedCoins will be placed at 802527F8 (length = 40 bytes)
$Function_GetTattle2 will be placed at 80252838 (length = 3C bytes)
$Script_Exit0 will be placed at 80252874 (length = 3C bytes)
$Script_Init_Bag will be placed at 802528B0 (length = 38 bytes)
$Script_Init_Bag_HitBox will be placed at 802528E8 (length = 38 bytes)
$String_Bandit_Confrotation_Bye will be placed at 80252920 (length = 34 bytes)
$DispawnPartner will be placed at 80252954 (length = 34 bytes)
$String_Whatever will be placed at 80252988 (length = 30 bytes)
$EnablePipeCollider will be placed at 802529B8 (length = 30 bytes)
$AISettings_MoneySack will be placed at 802529E8 (length = 30 bytes)
$String_Bandit_Defeated2 will be placed at 80252A18 (length = 30 bytes)
$AISettings_Enemy will be placed at 80252A48 (length = 30 bytes)
$RespawnPartner will be placed at 80252A78 (length = 30 bytes)
$AISettings_DisableEnemy will be placed at 80252AA8 (length = 30 bytes)
$NPC_Settings_Sack will be placed at 80252AD8 (length = 2C bytes)
$NpcSettings_Generic will be placed at 80252B04 (length = 2C bytes)
$NpcSettings_Enemy1 will be placed at 80252B30 (length = 2C bytes)
$Function_RevivePlayer will be placed at 80252B5C (length = 2C bytes)
$NpcSettings_Blank will be placed at 80252B88 (length = 2C bytes)
$BlankSettings will be placed at 80252BB4 (length = 2C bytes)
$Script_MakeExits will be placed at 80252BE0 (length = 2C bytes)
$Function_ResetEnemiesFlag will be placed at 80252C0C (length = 2C bytes)
$String_List_NoYes will be placed at 80252C38 (length = 28 bytes)
$Function_SaveCoinsLosted will be placed at 80252C60 (length = 28 bytes)
$String_List_YesNo will be placed at 80252C88 (length = 28 bytes)
$Script_Init_EnemyNPC will be placed at 80252CB0 (length = 24 bytes)
$VectorList_SwitchPath will be placed at 80252CD4 (length = 24 bytes)
$Script_Init_Lakitu will be placed at 80252CF8 (length = 24 bytes)
$Script_Init_Mover will be placed at 80252D1C (length = 24 bytes)
$String_CoinsGained will be placed at 80252D40 (length = 24 bytes)
$String_Bandit_Defeated10 will be placed at 80252D64 (length = 24 bytes)
$String_Bandit_Defeated6 will be placed at 80252D88 (length = 20 bytes)
$String_Bandit_Defeated5 will be placed at 80252DA8 (length = 20 bytes)
$Script_DisableEnemyAI will be placed at 80252DC8 (length = 20 bytes)
$TotalLevels_CurrentPlaythrough will be placed at 80252DE8 (length = 1C bytes)
$NpcGroupList_RubyCS will be placed at 80252E04 (length = 18 bytes)
$SignString will be placed at 80252E1C (length = 18 bytes)
$String_Psst will be placed at 80252E34 (length = 10 bytes)
$Script_null will be placed at 80252E44 (length = 10 bytes)
$ASCII_"pt81_86_shape"_Literal will be placed at 80252E54 (length = 10 bytes)
$Function_ResetCoinsLosted will be placed at 80252E64 (length = 10 bytes)
$ASCII_"pt51_56_shape"_Literal will be placed at 80252E74 (length = 10 bytes)
$ASCII_"pt1_6_hit"_Literal will be placed at 80252E84 (length = C bytes)
$NpcGroup7 will be placed at 80252E90 (length = C bytes)
$NpcGroup1 will be placed at 80252E9C (length = C bytes)
$ASCII_"pt_100"_Literal will be placed at 80252EA8 (length = C bytes)
$ASCII_"dmo_00"_Literal will be placed at 80252EB4 (length = C bytes)
$ASCII_"pt1_6_shape"_Literal will be placed at 80252EC0 (length = C bytes)
$ASCII_"pt_85"_Literal will be placed at 80252ECC (length = 8 bytes)
$ASCII_"pt91_96"_Literal will be placed at 80252ED4 (length = 8 bytes)
$ASCII_"pt62_67"_Literal will be placed at 80252EDC (length = 8 bytes)
$ASCII_"pt33_38"_Literal will be placed at 80252EE4 (length = 8 bytes)
$ASCII_"pt1_6"_Literal will be placed at 80252EEC (length = 8 bytes)
$ASCII_"pt_95"_Literal will be placed at 80252EF4 (length = 8 bytes)
$ASCII_"pt4_9"_Literal will be placed at 80252EFC (length = 8 bytes)
$ASCII_"pt_65"_Literal will be placed at 80252F04 (length = 8 bytes)
$ASCII_"pt44_49"_Literal will be placed at 80252F0C (length = 8 bytes)
$ASCII_"pt81_86"_Literal will be placed at 80252F14 (length = 8 bytes)
$ASCII_"pt_80"_Literal will be placed at 80252F1C (length = 8 bytes)
$ASCII_"pt52_57"_Literal will be placed at 80252F24 (length = 8 bytes)
$ASCII_"pt23_28"_Literal will be placed at 80252F2C (length = 8 bytes)
$ASCII_"pt_50"_Literal will be placed at 80252F34 (length = 8 bytes)
$ASCII_"pt83_88"_Literal will be placed at 80252F3C (length = 8 bytes)
$ASCII_"pt54_59"_Literal will be placed at 80252F44 (length = 8 bytes)
$ASCII_"pt64_69"_Literal will be placed at 80252F4C (length = 8 bytes)
$ASCII_"pt72_77"_Literal will be placed at 80252F54 (length = 8 bytes)
$ASCII_"pt14_19"_Literal will be placed at 80252F5C (length = 8 bytes)
$ASCII_"pt34_39"_Literal will be placed at 80252F64 (length = 8 bytes)
$ASCII_"pt22_27"_Literal will be placed at 80252F6C (length = 8 bytes)
$ASCII_"pt21_26"_Literal will be placed at 80252F74 (length = 8 bytes)
$ASCII_"pt73_78"_Literal will be placed at 80252F7C (length = 8 bytes)
$ASCII_"pt84_89"_Literal will be placed at 80252F84 (length = 8 bytes)
$ASCII_"pt92_97"_Literal will be placed at 80252F8C (length = 8 bytes)
$ASCII_"pt_75"_Literal will be placed at 80252F94 (length = 8 bytes)
$ASCII_"pt53_58"_Literal will be placed at 80252F9C (length = 8 bytes)
$ASCII_"pt41_46"_Literal will be placed at 80252FA4 (length = 8 bytes)
$ASCII_"pt61_66"_Literal will be placed at 80252FAC (length = 8 bytes)
$ASCII_"pt32_37"_Literal will be placed at 80252FB4 (length = 8 bytes)
$ASCII_"pt_15"_Literal will be placed at 80252FBC (length = 8 bytes)
$ASCII_"pt11_16"_Literal will be placed at 80252FC4 (length = 8 bytes)
$ASCII_"pt_00"_Literal will be placed at 80252FCC (length = 8 bytes)
$ASCII_"pt74_79"_Literal will be placed at 80252FD4 (length = 8 bytes)
$ASCII_"pt_25"_Literal will be placed at 80252FDC (length = 8 bytes)
$ASCII_"pt_35"_Literal will be placed at 80252FE4 (length = 8 bytes)
$ASCII_"pt71_76"_Literal will be placed at 80252FEC (length = 8 bytes)
$ASCII_"pt42_47"_Literal will be placed at 80252FF4 (length = 8 bytes)
$ASCII_"pt13_18"_Literal will be placed at 80252FFC (length = 8 bytes)
$ASCII_"pt_05"_Literal will be placed at 80253004 (length = 8 bytes)
$ASCII_"pt93_98"_Literal will be placed at 8025300C (length = 8 bytes)
$ConstDouble_802471E0 will be placed at 80253018 (length = 8 bytes)
$ASCII_"pt43_48"_Literal will be placed at 80253020 (length = 8 bytes)
$ASCII_"pt51_56"_Literal will be placed at 80253028 (length = 8 bytes)
$ASCII_"pt_55"_Literal will be placed at 80253030 (length = 8 bytes)
$ASCII_"pt2_7"_Literal will be placed at 80253038 (length = 8 bytes)
$ASCII_"pt12_17"_Literal will be placed at 80253040 (length = 8 bytes)
$ASCII_"pt3_8"_Literal will be placed at 80253048 (length = 8 bytes)
$ASCII_"pt_10"_Literal will be placed at 80253050 (length = 8 bytes)
$ASCII_"tik_tex"_Literal will be placed at 80253058 (length = 8 bytes)
$ASCII_"pt31_36"_Literal will be placed at 80253060 (length = 8 bytes)
$ASCII_"pt63_68"_Literal will be placed at 80253068 (length = 8 bytes)
$ASCII_"pt94_99"_Literal will be placed at 80253070 (length = 8 bytes)
$ASCII_"pt82_87"_Literal will be placed at 80253078 (length = 8 bytes)
$ASCII_"pt_45"_Literal will be placed at 80253080 (length = 8 bytes)
$ASCII_"pt24_29"_Literal will be placed at 80253088 (length = 8 bytes)
$MoverCancel will be placed at 80253014 (length = 4 bytes)
$BanditMoverCancel will be placed at 80253090 (length = 4 bytes)
$CloseDialogBubble will be placed at 80253094 (length = 4 bytes)
Executing patch: pt63_68.mpat
Creating struct: $DeepestLevel
Creating struct: $TotalLevels_Sign
Creating struct: $TotalLevels_CurrentPlaythrough
Creating struct: $LoadHighscores
Creating struct: $FallingDownPipe
Creating struct: $Function_GetPos
Creating struct: $Function2
Creating struct: $SetSpawns
Creating struct: $Script_Set_Formation
Creating struct: $Function_OverwriteBattleID
Creating struct: $Script_SetMover
Creating struct: $Script_MapID_Converter
Creating struct: $Script_LoadOdds
Creating struct: $Script_LoadMoverType
Creating struct: $Script_SpawnMover
Creating struct: $Script_SetNPCPos
Creating struct: $Function_Load_MapID
Creating struct: $SwitchPath
Creating struct: $VectorList_SwitchPath
Creating struct: $GetPos
Creating struct: $DispawnPartner
Creating struct: $RespawnPartner
Creating struct: $LoadMap
Creating struct: $GetFloor
Creating struct: $LoadMapBandit
Creating struct: $GetFloorBandit
Creating struct: $SetSpawnsSpecial
Creating struct: $Script_SetMover_Special
Creating struct: $Script_SpawnMover_Special
Creating struct: $Script_Set_SpecialFormation
Creating struct: $Function_LoadCoinsInToVar1
Creating struct: $Script_SetSpawnPosition
Creating struct: $Script_Init_EnemyNPC
Creating struct: $Script_Init_Lakitu
Creating struct: $Script_TrackOutcome
Creating struct: $Script_LakituOutcome
Creating struct: $Script_FloorEnemy_Idle
Creating struct: $Script_Rogue_GiveTotalCoins
Creating struct: $Script_SetEnemyIdle
Creating struct: $Script_AddCoins
Creating struct: $NPC_Settings_Sack
Creating struct: $Script_Init_Bag
Creating struct: $Script_Init_Bag_HitBox
Creating struct: $Script_NPC_SackHit_Init
Creating struct: $Script_NPC_Sack_FX
Creating struct: $NPC_Sack_AnimationStart
Creating struct: $NPC_Sack_AnimationEnd
Creating struct: $Script_SackAnimation_SackAppears_100
Creating struct: $Script_SackAnimation_Start_GoToTheRight
Creating struct: $Script_SackAnimation_Start_GoToTheLeft
Creating struct: $Script_SackAnimation_End_Right
Creating struct: $Script_SackAnimation_End_Left
Creating struct: $Function_LoadMarioCoins
Creating struct: $Function_LoadCoinsLosted
Creating struct: $Function_SaveCoinsLosted
Creating struct: $Function_ResetCoinsLosted
Creating struct: $Function_LoadGainedCoins
Creating struct: $Function_RevivePlayer
Creating struct: $AISettings_MoneySack
Creating struct: $Script_NpcAI_MoneySack
Creating struct: $JumpTable_80242448
Creating struct: $Function_NpcAI_MoneySack
Creating struct: $Function_80240260
Creating struct: $Function_80240844
Creating struct: $Function_802409A8
Creating struct: $Script_TrackPlayer
Creating struct: $Script_PipeAnimation
Creating struct: $Function_SetAnimation
Creating struct: $Function_GetColliderPos
Creating struct: $Function_TrackInput
Creating struct: $GoToNextLevel
Creating struct: $GetFloorSign
Creating struct: $GetFloorSign_Rogue
Creating struct: $Function_GetTattle1
Creating struct: $Function_GetTattle2
Creating struct: $Script_ReadSign
Creating struct: $NpcSettings_Blank
Creating struct: $NpcGroup_Spring1
Creating struct: $NpcGroup_Spring2
Creating struct: $NpcGroup_Spring3
Creating struct: $NpcGroup_Spring4
Creating struct: $NpcGroup_Spring5
Creating struct: $NpcGroup_Spring6
Creating struct: $NpcGroup_Spring7
Creating struct: $NpcGroup_Spring8
Creating struct: $NpcGroup_Spring9
Creating struct: $NpcGroup_Spring10
Creating struct: $Header
Creating struct: $Script_Main2_Wait
Creating struct: $Script_Main2_Exec
Creating struct: $Script_TrackEvents
Creating struct: $Script_Cutscene_Event
Creating struct: $SkipCutscene_Event
Creating struct: $Script_ZoomIn_Camera_X
Creating struct: $Script_Cutscene_Ruby_Init
Creating struct: $Script_Cutscene_Ruby2
Creating struct: $NpcGroupList_RubyCS
Creating struct: $NpcGroup_RubyCS
Creating struct: $NpcSettings_Generic
Creating struct: $Script_null
Creating struct: $Script_SpawnNPCs
Creating struct: $Function_ResetEnemiesFlag
Creating struct: $EntryList
Creating struct: $Function_Init
Creating struct: $NpcGroup_Mover
Creating struct: $BlankSettings
Creating struct: $Script_Init_Mover
Creating struct: $Interact_Mover
Creating struct: $Script_MoverWarpAnimation
Creating struct: $SkipCutscene_MoverWarpAnimation
Creating struct: $NpcGroup_BanditMover
Creating struct: $Script_Init_BanditMover
Creating struct: $Script_Bandit_StartBattle
Creating struct: $Interact_BanditMover
Creating struct: $Script_Warning_Mario
Creating struct: $Script_NoThanks_Bandit
Creating struct: $Script_ZoomIn_Camera
Creating struct: $Script_ZoomIn_Camera_2
Creating struct: $Script_ZoomIn_Camera_3
Creating struct: $NpcGroup_MoneyBag
Creating struct: $Script_SetPipesPosition
Creating struct: $Script_DisableNumbers
Creating struct: $Script_SetFloorNumbers
Creating struct: $Script_CheckBanditStatus1
Creating struct: $Script_Cutscene_BanditStatus1
Creating struct: $Script_CheckBanditStatus2
Creating struct: $Script_TrackOutcome_Bandit
Creating struct: $Script_Cutscene_BanditDefeated
Creating struct: $SkipCutscene_BanditDefeated
Creating struct: $Script_AddCoins_Bandit
Creating struct: $Function_LoadPath
Creating struct: $Script_ClosePartnerDialog
Creating struct: $PipeSpawning
Creating struct: $EnablePipeCollider
Creating struct: $Script_MakeEntities
Creating struct: $CommingDownPipe
Creating struct: $Function_TimerCurrentFloor
Creating struct: $Script_MakeExits
Creating struct: $Script_Exit0
Creating struct: $Script_Main
Creating struct: $NpcGroups
Creating struct: $NpcGroup1
Creating struct: $NpcGroup7
Creating struct: $NpcGroup_Enemy1
Creating struct: $NpcSettings_Enemy1
Creating struct: $Script_EnemyAI
Creating struct: $AISettings_Enemy
Creating struct: $ConstDouble_80246500
Creating struct: $ConstDouble_80246508
Creating struct: $ConstDouble_80246510
Creating struct: $ConstDouble_80246558
Creating struct: $JumpTable_80246560
Creating struct: $FloatTable_80244900
Creating struct: $Function_80241DE4
Creating struct: $Function_802416C8
Creating struct: $Function_802404E0
Creating struct: $Function_80240690
Creating struct: $Function_80240CB8
Creating struct: $Function_80240D78
Creating struct: $Function_802410BC
Creating struct: $Function_80241134
Creating struct: $Function_802419D8
Creating struct: $Function_80241B08
Creating struct: $Function_80241D88
Creating struct: $Script_DisableEnemyAI
Creating struct: $AISettings_DisableEnemy
Merged 1 regions to 1
$Script_SetFloorNumbers will be placed at 80240000 (length = 128C bytes)
$NpcGroup_RubyCS will be placed at 8024128C (length = 1170 bytes)
$LoadMap will be placed at 802423FC (length = C04 bytes)
$LoadMapBandit will be placed at 80243000 (length = B80 bytes)
$GoToNextLevel will be placed at 80243B80 (length = B10 bytes)
$Script_Cutscene_BanditDefeated will be placed at 80244690 (length = B08 bytes)
$Script_SetEnemyIdle will be placed at 80245198 (length = 674 bytes)
$Function_80240690 will be placed at 8024580C (length = 624 bytes)
$Script_MapID_Converter will be placed at 80245E30 (length = 60C bytes)
$Script_Warning_Mario will be placed at 8024643C (length = 608 bytes)
$Function_80240260 will be placed at 80246A44 (length = 5E4 bytes)
$Script_SetNPCPos will be placed at 80247028 (length = 4D0 bytes)
$Script_Cutscene_Ruby_Init will be placed at 802474F8 (length = 490 bytes)
$FallingDownPipe will be placed at 80247988 (length = 418 bytes)
$Script_TrackEvents will be placed at 80247DA0 (length = 410 bytes)
$NpcGroup_MoneyBag will be placed at 802481B0 (length = 3E0 bytes)
$Interact_BanditMover will be placed at 80248590 (length = 3D8 bytes)
$Script_CheckBanditStatus2 will be placed at 80248968 (length = 3D8 bytes)
$SkipCutscene_BanditDefeated will be placed at 80248D40 (length = 3D8 bytes)
$Interact_Mover will be placed at 80249118 (length = 3CC bytes)
$Script_Set_SpecialFormation will be placed at 802494E4 (length = 3B4 bytes)
$Script_FloorEnemy_Idle will be placed at 80249898 (length = 388 bytes)
$Function_80240D78 will be placed at 80249C20 (length = 344 bytes)
$Script_TrackOutcome_Bandit will be placed at 80249F64 (length = 330 bytes)
$Script_LakituOutcome will be placed at 8024A294 (length = 30C bytes)
$Script_Rogue_GiveTotalCoins will be placed at 8024A5A0 (length = 2FC bytes)
$Script_Set_Formation will be placed at 8024A89C (length = 2D4 bytes)
$PipeSpawning will be placed at 8024AB70 (length = 2A0 bytes)
$Script_TrackOutcome will be placed at 8024AE10 (length = 288 bytes)
$Function_80241B08 will be placed at 8024B098 (length = 280 bytes)
$Script_Cutscene_Ruby2 will be placed at 8024B318 (length = 258 bytes)
$Function_NpcAI_MoneySack will be placed at 8024B570 (length = 238 bytes)
$Script_SackAnimation_Start_GoToTheRight will be placed at 8024B7A8 (length = 230 bytes)
$Script_SetSpawnPosition will be placed at 8024B9D8 (length = 228 bytes)
$Script_Main2_Exec will be placed at 8024BC00 (length = 228 bytes)
$Script_Cutscene_BanditStatus1 will be placed at 8024BE28 (length = 21C bytes)
$Script_LoadMoverType will be placed at 8024C044 (length = 214 bytes)
$Script_NoThanks_Bandit will be placed at 8024C258 (length = 210 bytes)
$Script_SackAnimation_Start_GoToTheLeft will be placed at 8024C468 (length = 1F8 bytes)
$NpcGroup_Spring10 will be placed at 8024C660 (length = 1F0 bytes)
$NpcGroup_Enemy1 will be placed at 8024C850 (length = 1F0 bytes)
$NpcGroup_Spring1 will be placed at 8024CA40 (length = 1F0 bytes)
$NpcGroup_Spring2 will be placed at 8024CC30 (length = 1F0 bytes)
$NpcGroup_Spring3 will be placed at 8024CE20 (length = 1F0 bytes)
$NpcGroup_Spring4 will be placed at 8024D010 (length = 1F0 bytes)
$NpcGroup_Spring5 will be placed at 8024D200 (length = 1F0 bytes)
$NpcGroup_Spring6 will be placed at 8024D3F0 (length = 1F0 bytes)
$NpcGroup_Spring7 will be placed at 8024D5E0 (length = 1F0 bytes)
$NpcGroup_Spring8 will be placed at 8024D7D0 (length = 1F0 bytes)
$NpcGroup_Spring9 will be placed at 8024D9C0 (length = 1F0 bytes)
$NpcGroup_Mover will be placed at 8024DBB0 (length = 1F0 bytes)
$NpcGroup_BanditMover will be placed at 8024DDA0 (length = 1F0 bytes)
$Function_80241DE4 will be placed at 8024DF90 (length = 1E8 bytes)
$Script_PipeAnimation will be placed at 8024E178 (length = 1C4 bytes)
$Function_802404E0 will be placed at 8024E33C (length = 1B0 bytes)
$Script_Cutscene_Event will be placed at 8024E4EC (length = 198 bytes)
$Script_NPC_SackHit_Init will be placed at 8024E684 (length = 198 bytes)
$Script_ClosePartnerDialog will be placed at 8024E81C (length = 194 bytes)
$JumpTable_80242448 will be placed at 8024E9B0 (length = 190 bytes)
$SkipCutscene_Event will be placed at 8024EB40 (length = 188 bytes)
$Script_SpawnNPCs will be placed at 8024ECC8 (length = 174 bytes)
$NPC_Sack_AnimationStart will be placed at 8024EE3C (length = 168 bytes)
$Function_80240844 will be placed at 8024EFA4 (length = 164 bytes)
$Script_SackAnimation_End_Right will be placed at 8024F108 (length = 158 bytes)
$Script_SackAnimation_End_Left will be placed at 8024F260 (length = 150 bytes)
$Script_TrackPlayer will be placed at 8024F3B0 (length = 144 bytes)
$Script_CheckBanditStatus1 will be placed at 8024F4F4 (length = 13C bytes)
$MapTattle5 will be placed at 8024F630 (length = 13C bytes)
$Function_802419D8 will be placed at 8024F76C (length = 130 bytes)
$MapTattle4 will be placed at 8024F89C (length = 130 bytes)
$Function_802416C8 will be placed at 8024F9CC (length = 124 bytes)
$BanditMover_Tattle will be placed at 8024FAF0 (length = 11C bytes)
$Function_LoadPath will be placed at 8024FC0C (length = 114 bytes)
$Script_SackAnimation_SackAppears_100 will be placed at 8024FD20 (length = 100 bytes)
$String_Partner_Event_1 will be placed at 8024FE20 (length = FC bytes)
$Script_Main2_Wait will be placed at 8024FF1C (length = F4 bytes)
$String_Warning2 will be placed at 80250010 (length = F0 bytes)
$Script_SetMover_Special will be placed at 80250100 (length = EC bytes)
$SetSpawnsSpecial will be placed at 802501EC (length = E8 bytes)
$SetSpawns will be placed at 802502D4 (length = E8 bytes)
$String_Warning1 will be placed at 802503BC (length = E8 bytes)
$DeepestLevel will be placed at 802504A4 (length = E4 bytes)
$Function_GetColliderPos will be placed at 80250588 (length = E0 bytes)
$Function_GetPos will be placed at 80250668 (length = E0 bytes)
$TotalLevels_Sign will be placed at 80250748 (length = DC bytes)
$Script_SpawnMover_Special will be placed at 80250824 (length = DC bytes)
$GetFloor will be placed at 80250900 (length = DC bytes)
$Script_DisableNumbers will be placed at 802509DC (length = D8 bytes)
$MapTattle2 will be placed at 80250AB4 (length = D4 bytes)
$NPC_Sack_AnimationEnd will be placed at 80250B88 (length = D4 bytes)
$Script_SetMover will be placed at 80250C5C (length = D0 bytes)
$GetFloorBandit will be placed at 80250D2C (length = D0 bytes)
$Script_AddCoins_Bandit will be placed at 80250DFC (length = C8 bytes)
$GetPos will be placed at 80250EC4 (length = C8 bytes)
$SkipCutscene_MoverWarpAnimation will be placed at 80250F8C (length = C4 bytes)
$Function_Init will be placed at 80251050 (length = C4 bytes)
$MoverStart will be placed at 80251114 (length = C0 bytes)
$Function_80240CB8 will be placed at 802511D4 (length = C0 bytes)
$String_Warning3 will be placed at 80251294 (length = C0 bytes)
$Script_ZoomIn_Camera_3 will be placed at 80251354 (length = BC bytes)
$Script_ZoomIn_Camera_2 will be placed at 80251410 (length = BC bytes)
$Script_ZoomIn_Camera will be placed at 802514CC (length = BC bytes)
$Function_TrackInput will be placed at 80251588 (length = BC bytes)
$String_Bandit_Defeated4 will be placed at 80251644 (length = B8 bytes)
$Script_MoverWarpAnimation will be placed at 802516FC (length = B8 bytes)
$Script_NpcAI_MoneySack will be placed at 802517B4 (length = B8 bytes)
$NpcGroups will be placed at 8025186C (length = B4 bytes)
$Script_SpawnMover will be placed at 80251920 (length = B4 bytes)
$BanditMoverStart will be placed at 802519D4 (length = B4 bytes)
$MapTattle3 will be placed at 80251A88 (length = B0 bytes)
$Script_LoadOdds will be placed at 80251B38 (length = B0 bytes)
$Script_SetPipesPosition will be placed at 80251BE8 (length = B0 bytes)
$LoadHighscores will be placed at 80251C98 (length = B0 bytes)
$MapTattle1 will be placed at 80251D48 (length = A8 bytes)
$Script_AddCoins will be placed at 80251DF0 (length = A8 bytes)
$SwitchPath will be placed at 80251E98 (length = A4 bytes)
$Script_NPC_Sack_FX will be placed at 80251F3C (length = A4 bytes)
$Tattle_Springkeeper will be placed at 80251FE0 (length = A4 bytes)
$Script_ReadSign will be placed at 80252084 (length = A0 bytes)
$Script_ZoomIn_Camera_X will be placed at 80252124 (length = A0 bytes)
$String_Bandit_Defeated9 will be placed at 802521C4 (length = 9C bytes)
$Script_Bandit_StartBattle will be placed at 80252260 (length = 9C bytes)
$Script_Main will be placed at 802522FC (length = 9C bytes)
$Mover_Tattle will be placed at 80252398 (length = 94 bytes)
$String_Bandit_Defeated3 will be placed at 8025242C (length = 90 bytes)
$String_Bandit_Defeated8 will be placed at 802524BC (length = 8C bytes)
$BanditMover_Options2 will be placed at 80252548 (length = 84 bytes)
$BanditMover_Options will be placed at 802525CC (length = 84 bytes)
$String_Okay will be placed at 80252650 (length = 80 bytes)
$Function_TimerCurrentFloor will be placed at 802526D0 (length = 7C bytes)
$SignStringBug will be placed at 8025274C (length = 7C bytes)
$String_Rogue_CoinsGained_Success will be placed at 802527C8 (length = 78 bytes)
$Function_802410BC will be placed at 80252840 (length = 78 bytes)
$Mover_Options will be placed at 802528B8 (length = 78 bytes)
$Script_EnemyAI will be placed at 80252930 (length = 70 bytes)
$Function_80241134 will be placed at 802529A0 (length = 6C bytes)
$Function2 will be placed at 80252A0C (length = 6C bytes)
$Function_SetAnimation will be placed at 80252A78 (length = 6C bytes)
$String_Bandit_Defeated1 will be placed at 80252AE4 (length = 68 bytes)
$CommingDownPipe will be placed at 80252B4C (length = 68 bytes)
$MoverEnd will be placed at 80252BB4 (length = 68 bytes)
$BanditMoverEnd will be placed at 80252C1C (length = 68 bytes)
$String_Bandit_Defeated_Partner3 will be placed at 80252C84 (length = 64 bytes)
$String_Bandit_Defeated_Partner2 will be placed at 80252CE8 (length = 64 bytes)
$Function_GetTattle1 will be placed at 80252D4C (length = 60 bytes)
$Function_OverwriteBattleID will be placed at 80252DAC (length = 60 bytes)
$String_Bandit_Confrontation1 will be placed at 80252E0C (length = 5C bytes)
$Function_80241D88 will be placed at 80252E68 (length = 5C bytes)
$BanditMoverNoCoins will be placed at 80252EC4 (length = 58 bytes)
$MoverNoCoins will be placed at 80252F1C (length = 58 bytes)
$JumpTable_80246560 will be placed at 80252F74 (length = 54 bytes)
$String_Bandit_Defeated7 will be placed at 80252FC8 (length = 50 bytes)
$String_Bandit_Defeated_Partner4 will be placed at 80253018 (length = 50 bytes)
$EntryList will be placed at 80253068 (length = 50 bytes)
$String_NoThanks will be placed at 802530B8 (length = 50 bytes)
$Script_Init_BanditMover will be placed at 80253108 (length = 4C bytes)
$GetFloorSign will be placed at 80253154 (length = 48 bytes)
$Function_Load_MapID will be placed at 8025319C (length = 48 bytes)
$GetFloorSign_Rogue will be placed at 802531E4 (length = 48 bytes)
$Script_MakeEntities will be placed at 8025322C (length = 44 bytes)
$Function_802409A8 will be placed at 80253270 (length = 44 bytes)
$Function_LoadCoinsInToVar1 will be placed at 802532B4 (length = 44 bytes)
$String_Bandit_Defeated_Partner1 will be placed at 802532F8 (length = 40 bytes)
$Header will be placed at 80253338 (length = 40 bytes)
$Function_LoadCoinsLosted will be placed at 80253378 (length = 40 bytes)
$Function_LoadMarioCoins will be placed at 802533B8 (length = 40 bytes)
$Function_LoadGainedCoins will be placed at 802533F8 (length = 40 bytes)
$Function_GetTattle2 will be placed at 80253438 (length = 3C bytes)
$Script_Exit0 will be placed at 80253474 (length = 3C bytes)
$Script_Init_Bag will be placed at 802534B0 (length = 38 bytes)
$Script_Init_Bag_HitBox will be placed at 802534E8 (length = 38 bytes)
$String_Bandit_Confrotation_Bye will be placed at 80253520 (length = 34 bytes)
$DispawnPartner will be placed at 80253554 (length = 34 bytes)
$String_Whatever will be placed at 80253588 (length = 30 bytes)
$EnablePipeCollider will be placed at 802535B8 (length = 30 bytes)
$AISettings_MoneySack will be placed at 802535E8 (length = 30 bytes)
$String_Bandit_Defeated2 will be placed at 80253618 (length = 30 bytes)
$AISettings_Enemy will be placed at 80253648 (length = 30 bytes)
$RespawnPartner will be placed at 80253678 (length = 30 bytes)
$AISettings_DisableEnemy will be placed at 802536A8 (length = 30 bytes)
$NPC_Settings_Sack will be placed at 802536D8 (length = 2C bytes)
$NpcSettings_Generic will be placed at 80253704 (length = 2C bytes)
$NpcSettings_Enemy1 will be placed at 80253730 (length = 2C bytes)
$Function_RevivePlayer will be placed at 8025375C (length = 2C bytes)
$NpcSettings_Blank will be placed at 80253788 (length = 2C bytes)
$BlankSettings will be placed at 802537B4 (length = 2C bytes)
$Script_MakeExits will be placed at 802537E0 (length = 2C bytes)
$Function_ResetEnemiesFlag will be placed at 8025380C (length = 2C bytes)
$String_List_NoYes will be placed at 80253838 (length = 28 bytes)
$Function_SaveCoinsLosted will be placed at 80253860 (length = 28 bytes)
$String_List_YesNo will be placed at 80253888 (length = 28 bytes)
$Script_Init_EnemyNPC will be placed at 802538B0 (length = 24 bytes)
$VectorList_SwitchPath will be placed at 802538D4 (length = 24 bytes)
$Script_Init_Lakitu will be placed at 802538F8 (length = 24 bytes)
$Script_Init_Mover will be placed at 8025391C (length = 24 bytes)
$String_CoinsGained will be placed at 80253940 (length = 24 bytes)
$String_Bandit_Defeated10 will be placed at 80253964 (length = 24 bytes)
$String_Bandit_Defeated6 will be placed at 80253988 (length = 20 bytes)
$String_Bandit_Defeated5 will be placed at 802539A8 (length = 20 bytes)
$Script_DisableEnemyAI will be placed at 802539C8 (length = 20 bytes)
$TotalLevels_CurrentPlaythrough will be placed at 802539E8 (length = 1C bytes)
$NpcGroupList_RubyCS will be placed at 80253A04 (length = 18 bytes)
$FloatTable_80244900 will be placed at 80253A1C (length = 18 bytes)
$SignString will be placed at 80253A34 (length = 18 bytes)
$String_Psst will be placed at 80253A4C (length = 10 bytes)
$Script_null will be placed at 80253A5C (length = 10 bytes)
$ASCII_"pt81_86_shape"_Literal will be placed at 80253A6C (length = 10 bytes)
$Function_ResetCoinsLosted will be placed at 80253A7C (length = 10 bytes)
$ASCII_"pt51_56_shape"_Literal will be placed at 80253A8C (length = 10 bytes)
$ASCII_"pt1_6_hit"_Literal will be placed at 80253A9C (length = C bytes)
$NpcGroup7 will be placed at 80253AA8 (length = C bytes)
$NpcGroup1 will be placed at 80253AB4 (length = C bytes)
$ASCII_"pt_100"_Literal will be placed at 80253AC0 (length = C bytes)
$ASCII_"dmo_00"_Literal will be placed at 80253ACC (length = C bytes)
$ASCII_"pt1_6_shape"_Literal will be placed at 80253AD8 (length = C bytes)
$ASCII_"pt_85"_Literal will be placed at 80253AE4 (length = 8 bytes)
$ASCII_"pt91_96"_Literal will be placed at 80253AEC (length = 8 bytes)
$ASCII_"pt62_67"_Literal will be placed at 80253AF4 (length = 8 bytes)
$ASCII_"pt33_38"_Literal will be placed at 80253AFC (length = 8 bytes)
$ASCII_"pt1_6"_Literal will be placed at 80253B04 (length = 8 bytes)
$ASCII_"pt_95"_Literal will be placed at 80253B0C (length = 8 bytes)
$ASCII_"pt4_9"_Literal will be placed at 80253B14 (length = 8 bytes)
$ASCII_"pt_65"_Literal will be placed at 80253B1C (length = 8 bytes)
$ASCII_"pt44_49"_Literal will be placed at 80253B24 (length = 8 bytes)
$ASCII_"pt81_86"_Literal will be placed at 80253B2C (length = 8 bytes)
$ASCII_"pt_80"_Literal will be placed at 80253B34 (length = 8 bytes)
$ASCII_"pt52_57"_Literal will be placed at 80253B3C (length = 8 bytes)
$ASCII_"pt23_28"_Literal will be placed at 80253B44 (length = 8 bytes)
$ASCII_"pt_50"_Literal will be placed at 80253B4C (length = 8 bytes)
$ASCII_"pt83_88"_Literal will be placed at 80253B54 (length = 8 bytes)
$ASCII_"pt54_59"_Literal will be placed at 80253B5C (length = 8 bytes)
$ASCII_"pt64_69"_Literal will be placed at 80253B64 (length = 8 bytes)
$ASCII_"pt72_77"_Literal will be placed at 80253B6C (length = 8 bytes)
$ASCII_"pt14_19"_Literal will be placed at 80253B74 (length = 8 bytes)
$ASCII_"pt34_39"_Literal will be placed at 80253B7C (length = 8 bytes)
$ASCII_"pt22_27"_Literal will be placed at 80253B84 (length = 8 bytes)
$ASCII_"pt21_26"_Literal will be placed at 80253B8C (length = 8 bytes)
$ASCII_"pt73_78"_Literal will be placed at 80253B94 (length = 8 bytes)
$ASCII_"pt84_89"_Literal will be placed at 80253B9C (length = 8 bytes)
$ASCII_"pt92_97"_Literal will be placed at 80253BA4 (length = 8 bytes)
$ASCII_"pt_75"_Literal will be placed at 80253BAC (length = 8 bytes)
$ASCII_"pt53_58"_Literal will be placed at 80253BB4 (length = 8 bytes)
$ASCII_"pt41_46"_Literal will be placed at 80253BBC (length = 8 bytes)
$ASCII_"pt61_66"_Literal will be placed at 80253BC4 (length = 8 bytes)
$ASCII_"pt32_37"_Literal will be placed at 80253BCC (length = 8 bytes)
$ASCII_"pt_15"_Literal will be placed at 80253BD4 (length = 8 bytes)
$ASCII_"pt11_16"_Literal will be placed at 80253BDC (length = 8 bytes)
$ASCII_"pt_00"_Literal will be placed at 80253BE4 (length = 8 bytes)
$ASCII_"pt74_79"_Literal will be placed at 80253BEC (length = 8 bytes)
$ASCII_"pt_25"_Literal will be placed at 80253BF4 (length = 8 bytes)
$ConstDouble_80246558 will be placed at 80253C00 (length = 8 bytes)
$ASCII_"pt_35"_Literal will be placed at 80253C08 (length = 8 bytes)
$ASCII_"pt71_76"_Literal will be placed at 80253C10 (length = 8 bytes)
$ASCII_"pt42_47"_Literal will be placed at 80253C18 (length = 8 bytes)
$ASCII_"pt13_18"_Literal will be placed at 80253C20 (length = 8 bytes)
$ASCII_"pt_05"_Literal will be placed at 80253C28 (length = 8 bytes)
$ASCII_"pt93_98"_Literal will be placed at 80253C30 (length = 8 bytes)
$ASCII_"pt43_48"_Literal will be placed at 80253C38 (length = 8 bytes)
$ASCII_"pt51_56"_Literal will be placed at 80253C40 (length = 8 bytes)
$ASCII_"pt_55"_Literal will be placed at 80253C48 (length = 8 bytes)
$ASCII_"pt2_7"_Literal will be placed at 80253C50 (length = 8 bytes)
$ASCII_"pt12_17"_Literal will be placed at 80253C58 (length = 8 bytes)
$ASCII_"pt3_8"_Literal will be placed at 80253C60 (length = 8 bytes)
$ASCII_"pt_10"_Literal will be placed at 80253C68 (length = 8 bytes)
$ASCII_"tik_tex"_Literal will be placed at 80253C70 (length = 8 bytes)
$ASCII_"pt31_36"_Literal will be placed at 80253C78 (length = 8 bytes)
$ConstDouble_80246510 will be placed at 80253C80 (length = 8 bytes)
$ASCII_"pt63_68"_Literal will be placed at 80253C88 (length = 8 bytes)
$ConstDouble_80246508 will be placed at 80253C90 (length = 8 bytes)
$ConstDouble_80246500 will be placed at 80253C98 (length = 8 bytes)
$ASCII_"pt94_99"_Literal will be placed at 80253CA0 (length = 8 bytes)
$ASCII_"pt82_87"_Literal will be placed at 80253CA8 (length = 8 bytes)
$ASCII_"pt_45"_Literal will be placed at 80253CB0 (length = 8 bytes)
$ASCII_"pt24_29"_Literal will be placed at 80253CB8 (length = 8 bytes)
$MoverCancel will be placed at 80253BFC (length = 4 bytes)
$BanditMoverCancel will be placed at 80253CC0 (length = 4 bytes)
$CloseDialogBubble will be placed at 80253CC4 (length = 4 bytes)
Executing patch: pt64_69.mpat
Creating struct: $DeepestLevel
Creating struct: $TotalLevels_Sign
Creating struct: $TotalLevels_CurrentPlaythrough
Creating struct: $LoadHighscores
Creating struct: $FallingDownPipe
Creating struct: $Function_GetPos
Creating struct: $Function2
Creating struct: $SetSpawns
Creating struct: $Script_Set_Formation
Creating struct: $Function_OverwriteBattleID
Creating struct: $Script_SetMover
Creating struct: $Script_MapID_Converter
Creating struct: $Script_LoadOdds
Creating struct: $Script_LoadMoverType
Creating struct: $Script_SpawnMover
Creating struct: $Script_SetNPCPos
Creating struct: $Function_Load_MapID
Creating struct: $SwitchPath
Creating struct: $VectorList_SwitchPath
Creating struct: $GetPos
Creating struct: $DispawnPartner
Creating struct: $RespawnPartner
Creating struct: $LoadMap
Creating struct: $GetFloor
Creating struct: $LoadMapBandit
Creating struct: $GetFloorBandit
Creating struct: $SetSpawnsSpecial
Creating struct: $Script_SetMover_Special
Creating struct: $Script_SpawnMover_Special
Creating struct: $Script_Set_SpecialFormation
Creating struct: $Function_LoadCoinsInToVar1
Creating struct: $Script_SetSpawnPosition
Creating struct: $Script_Init_EnemyNPC
Creating struct: $Script_Init_Lakitu
Creating struct: $Script_TrackOutcome
Creating struct: $Script_LakituOutcome
Creating struct: $Script_FloorEnemy_Idle
Creating struct: $Script_Rogue_GiveTotalCoins
Creating struct: $Script_SetEnemyIdle
Creating struct: $Script_AddCoins
Creating struct: $NPC_Settings_Sack
Creating struct: $Script_Init_Bag
Creating struct: $Script_Init_Bag_HitBox
Creating struct: $Script_NPC_SackHit_Init
Creating struct: $Script_NPC_Sack_FX
Creating struct: $NPC_Sack_AnimationStart
Creating struct: $NPC_Sack_AnimationEnd
Creating struct: $Script_SackAnimation_SackAppears_100
Creating struct: $Script_SackAnimation_Start_GoToTheRight
Creating struct: $Script_SackAnimation_Start_GoToTheLeft
Creating struct: $Script_SackAnimation_End_Right
Creating struct: $Script_SackAnimation_End_Left
Creating struct: $Function_LoadMarioCoins
Creating struct: $Function_LoadCoinsLosted
Creating struct: $Function_SaveCoinsLosted
Creating struct: $Function_ResetCoinsLosted
Creating struct: $Function_LoadGainedCoins
Creating struct: $Function_RevivePlayer
Creating struct: $AISettings_MoneySack
Creating struct: $Script_NpcAI_MoneySack
Creating struct: $JumpTable_80242448
Creating struct: $Function_NpcAI_MoneySack
Creating struct: $Function_80240260
Creating struct: $Function_80240844
Creating struct: $Function_802409A8
Creating struct: $Script_TrackPlayer
Creating struct: $Script_PipeAnimation
Creating struct: $Function_SetAnimation
Creating struct: $Function_GetColliderPos
Creating struct: $Function_TrackInput
Creating struct: $GoToNextLevel
Creating struct: $GetFloorSign
Creating struct: $GetFloorSign_Rogue
Creating struct: $Function_GetTattle1
Creating struct: $Function_GetTattle2
Creating struct: $Script_ReadSign
Creating struct: $NpcSettings_Blank
Creating struct: $NpcGroup_Spring1
Creating struct: $NpcGroup_Spring2
Creating struct: $NpcGroup_Spring3
Creating struct: $NpcGroup_Spring4
Creating struct: $NpcGroup_Spring5
Creating struct: $NpcGroup_Spring6
Creating struct: $NpcGroup_Spring7
Creating struct: $NpcGroup_Spring8
Creating struct: $NpcGroup_Spring9
Creating struct: $NpcGroup_Spring10
Creating struct: $Header
Creating struct: $Script_Main2_Wait
Creating struct: $Script_Main2_Exec
Creating struct: $Script_TrackEvents
Creating struct: $Script_Cutscene_Event
Creating struct: $SkipCutscene_Event
Creating struct: $Script_ZoomIn_Camera_X
Creating struct: $Script_Cutscene_Ruby_Init
Creating struct: $Script_Cutscene_Ruby2
Creating struct: $NpcGroupList_RubyCS
Creating struct: $NpcGroup_RubyCS
Creating struct: $NpcSettings_Generic
Creating struct: $Script_null
Creating struct: $Script_SpawnNPCs
Creating struct: $Function_ResetEnemiesFlag
Creating struct: $EntryList
Creating struct: $Function_Init
Creating struct: $NpcGroup_Mover
Creating struct: $BlankSettings
Creating struct: $Script_Init_Mover
Creating struct: $Interact_Mover
Creating struct: $Script_MoverWarpAnimation
Creating struct: $SkipCutscene_MoverWarpAnimation
Creating struct: $NpcGroup_BanditMover
Creating struct: $Script_Init_BanditMover
Creating struct: $Script_Bandit_StartBattle
Creating struct: $Interact_BanditMover
Creating struct: $Script_Warning_Mario
Creating struct: $Script_NoThanks_Bandit
Creating struct: $Script_ZoomIn_Camera
Creating struct: $Script_ZoomIn_Camera_2
Creating struct: $Script_ZoomIn_Camera_3
Creating struct: $NpcGroup_MoneyBag
Creating struct: $Script_SetPipesPosition
Creating struct: $Script_DisableNumbers
Creating struct: $Script_SetFloorNumbers
Creating struct: $Script_CheckBanditStatus1
Creating struct: $Script_Cutscene_BanditStatus1
Creating struct: $Script_CheckBanditStatus2
Creating struct: $Script_TrackOutcome_Bandit
Creating struct: $Script_Cutscene_BanditDefeated
Creating struct: $SkipCutscene_BanditDefeated
Creating struct: $Script_AddCoins_Bandit
Creating struct: $Function_LoadPath
Creating struct: $Script_ClosePartnerDialog
Creating struct: $PipeSpawning
Creating struct: $EnablePipeCollider
Creating struct: $Script_MakeEntities
Creating struct: $CommingDownPipe
Creating struct: $Function_TimerCurrentFloor
Creating struct: $Script_MakeExits
Creating struct: $Script_Exit0
Creating struct: $Script_Main
Creating struct: $NpcGroup1
Creating struct: $NpcGroup7
Creating struct: $NpcGroups
Creating struct: $NpcGroup_Enemy1
Creating struct: $ConstDouble_802473D8
Creating struct: $ConstDouble_802473E0
Creating struct: $ConstDouble_802473E8
Creating struct: $ConstDouble_802473F0
Creating struct: $ConstDouble_802473F8
Creating struct: $ConstDouble_80247400
Creating struct: $NpcSettings_Enemy1
Creating struct: $NpcSettings_Enemy1B
Creating struct: $Script_EnemyAI
Creating struct: $Script_EnemyAIB
Creating struct: $AISettings_Enemy
Creating struct: $Function_80240FB4
Creating struct: $Function_8024234C
Creating struct: $Function_802414C8
Creating struct: $Function_80241534
Creating struct: $Function_80241630
Creating struct: $Function_80242070
Creating struct: $Function_80242100
Creating struct: $Function_80242200
Creating struct: $Function_80242260
Creating struct: $Script_DisableEnemyAI
Creating struct: $AISettings_DisableEnemy
Merged 1 regions to 1
$Script_SetFloorNumbers will be placed at 80240000 (length = 128C bytes)
$NpcGroup_RubyCS will be placed at 8024128C (length = 1170 bytes)
$LoadMap will be placed at 802423FC (length = C04 bytes)
$LoadMapBandit will be placed at 80243000 (length = B80 bytes)
$GoToNextLevel will be placed at 80243B80 (length = B10 bytes)
$Script_Cutscene_BanditDefeated will be placed at 80244690 (length = B08 bytes)
$Function_80241630 will be placed at 80245198 (length = A40 bytes)
$Script_SetEnemyIdle will be placed at 80245BD8 (length = 674 bytes)
$Script_MapID_Converter will be placed at 8024624C (length = 60C bytes)
$Script_Warning_Mario will be placed at 80246858 (length = 608 bytes)
$Function_80240260 will be placed at 80246E60 (length = 5E4 bytes)
$Script_SetNPCPos will be placed at 80247444 (length = 4D0 bytes)
$Script_Cutscene_Ruby_Init will be placed at 80247914 (length = 490 bytes)
$FallingDownPipe will be placed at 80247DA4 (length = 418 bytes)
$Script_TrackEvents will be placed at 802481BC (length = 410 bytes)
$NpcGroup_MoneyBag will be placed at 802485CC (length = 3E0 bytes)
$NpcGroup_Enemy1 will be placed at 802489AC (length = 3E0 bytes)
$Interact_BanditMover will be placed at 80248D8C (length = 3D8 bytes)
$Script_CheckBanditStatus2 will be placed at 80249164 (length = 3D8 bytes)
$SkipCutscene_BanditDefeated will be placed at 8024953C (length = 3D8 bytes)
$Interact_Mover will be placed at 80249914 (length = 3CC bytes)
$Script_Set_SpecialFormation will be placed at 80249CE0 (length = 3B4 bytes)
$Script_FloorEnemy_Idle will be placed at 8024A094 (length = 388 bytes)
$Script_TrackOutcome_Bandit will be placed at 8024A41C (length = 330 bytes)
$Script_LakituOutcome will be placed at 8024A74C (length = 30C bytes)
$Script_Rogue_GiveTotalCoins will be placed at 8024AA58 (length = 2FC bytes)
$Script_Set_Formation will be placed at 8024AD54 (length = 2D4 bytes)
$PipeSpawning will be placed at 8024B028 (length = 2A0 bytes)
$Script_TrackOutcome will be placed at 8024B2C8 (length = 288 bytes)
$Function_80240FB4 will be placed at 8024B550 (length = 260 bytes)
$Script_Cutscene_Ruby2 will be placed at 8024B7B0 (length = 258 bytes)
$Function_8024234C will be placed at 8024BA08 (length = 250 bytes)
$Function_NpcAI_MoneySack will be placed at 8024BC58 (length = 238 bytes)
$Script_SackAnimation_Start_GoToTheRight will be placed at 8024BE90 (length = 230 bytes)
$Script_SetSpawnPosition will be placed at 8024C0C0 (length = 228 bytes)
$Script_Main2_Exec will be placed at 8024C2E8 (length = 228 bytes)
$Script_Cutscene_BanditStatus1 will be placed at 8024C510 (length = 21C bytes)
$Script_LoadMoverType will be placed at 8024C72C (length = 214 bytes)
$Script_NoThanks_Bandit will be placed at 8024C940 (length = 210 bytes)
$Script_SackAnimation_Start_GoToTheLeft will be placed at 8024CB50 (length = 1F8 bytes)
$NpcGroup_Spring10 will be placed at 8024CD48 (length = 1F0 bytes)
$NpcGroup_Spring1 will be placed at 8024CF38 (length = 1F0 bytes)
$NpcGroup_Spring2 will be placed at 8024D128 (length = 1F0 bytes)
$NpcGroup_Spring3 will be placed at 8024D318 (length = 1F0 bytes)
$NpcGroup_Spring4 will be placed at 8024D508 (length = 1F0 bytes)
$NpcGroup_Spring5 will be placed at 8024D6F8 (length = 1F0 bytes)
$NpcGroup_Spring6 will be placed at 8024D8E8 (length = 1F0 bytes)
$NpcGroup_Spring7 will be placed at 8024DAD8 (length = 1F0 bytes)
$NpcGroup_Spring8 will be placed at 8024DCC8 (length = 1F0 bytes)
$NpcGroup_Spring9 will be placed at 8024DEB8 (length = 1F0 bytes)
$NpcGroup_Mover will be placed at 8024E0A8 (length = 1F0 bytes)
$NpcGroup_BanditMover will be placed at 8024E298 (length = 1F0 bytes)
$Script_PipeAnimation will be placed at 8024E488 (length = 1C4 bytes)
$Script_Cutscene_Event will be placed at 8024E64C (length = 198 bytes)
$Script_NPC_SackHit_Init will be placed at 8024E7E4 (length = 198 bytes)
$Script_ClosePartnerDialog will be placed at 8024E97C (length = 194 bytes)
$JumpTable_80242448 will be placed at 8024EB10 (length = 190 bytes)
$SkipCutscene_Event will be placed at 8024ECA0 (length = 188 bytes)
$Script_SpawnNPCs will be placed at 8024EE28 (length = 174 bytes)
$NPC_Sack_AnimationStart will be placed at 8024EF9C (length = 168 bytes)
$Function_80240844 will be placed at 8024F104 (length = 164 bytes)
$Script_SackAnimation_End_Right will be placed at 8024F268 (length = 158 bytes)
$Script_SackAnimation_End_Left will be placed at 8024F3C0 (length = 150 bytes)
$Script_TrackPlayer will be placed at 8024F510 (length = 144 bytes)
$Script_CheckBanditStatus1 will be placed at 8024F654 (length = 13C bytes)
$MapTattle5 will be placed at 8024F790 (length = 13C bytes)
$MapTattle4 will be placed at 8024F8CC (length = 130 bytes)
$BanditMover_Tattle will be placed at 8024F9FC (length = 11C bytes)
$Function_LoadPath will be placed at 8024FB18 (length = 114 bytes)
$Function_80242100 will be placed at 8024FC2C (length = 100 bytes)
$Script_SackAnimation_SackAppears_100 will be placed at 8024FD2C (length = 100 bytes)
$String_Partner_Event_1 will be placed at 8024FE2C (length = FC bytes)
$Function_80241534 will be placed at 8024FF28 (length = FC bytes)
$Script_Main2_Wait will be placed at 80250024 (length = F4 bytes)
$String_Warning2 will be placed at 80250118 (length = F0 bytes)
$Function_80242260 will be placed at 80250208 (length = EC bytes)
$Script_SetMover_Special will be placed at 802502F4 (length = EC bytes)
$SetSpawnsSpecial will be placed at 802503E0 (length = E8 bytes)
$SetSpawns will be placed at 802504C8 (length = E8 bytes)
$String_Warning1 will be placed at 802505B0 (length = E8 bytes)
$DeepestLevel will be placed at 80250698 (length = E4 bytes)
$Function_GetColliderPos will be placed at 8025077C (length = E0 bytes)
$Function_GetPos will be placed at 8025085C (length = E0 bytes)
$TotalLevels_Sign will be placed at 8025093C (length = DC bytes)
$Script_SpawnMover_Special will be placed at 80250A18 (length = DC bytes)
$GetFloor will be placed at 80250AF4 (length = DC bytes)
$Script_DisableNumbers will be placed at 80250BD0 (length = D8 bytes)
$MapTattle2 will be placed at 80250CA8 (length = D4 bytes)
$NPC_Sack_AnimationEnd will be placed at 80250D7C (length = D4 bytes)
$Script_EnemyAI will be placed at 80250E50 (length = D4 bytes)
$Script_SetMover will be placed at 80250F24 (length = D0 bytes)
$GetFloorBandit will be placed at 80250FF4 (length = D0 bytes)
$Script_AddCoins_Bandit will be placed at 802510C4 (length = C8 bytes)
$GetPos will be placed at 8025118C (length = C8 bytes)
$SkipCutscene_MoverWarpAnimation will be placed at 80251254 (length = C4 bytes)
$Function_Init will be placed at 80251318 (length = C4 bytes)
$MoverStart will be placed at 802513DC (length = C0 bytes)
$String_Warning3 will be placed at 8025149C (length = C0 bytes)
$Script_ZoomIn_Camera_3 will be placed at 8025155C (length = BC bytes)
$Script_ZoomIn_Camera_2 will be placed at 80251618 (length = BC bytes)
$Script_ZoomIn_Camera will be placed at 802516D4 (length = BC bytes)
$Function_TrackInput will be placed at 80251790 (length = BC bytes)
$String_Bandit_Defeated4 will be placed at 8025184C (length = B8 bytes)
$Script_MoverWarpAnimation will be placed at 80251904 (length = B8 bytes)
$Script_NpcAI_MoneySack will be placed at 802519BC (length = B8 bytes)
$NpcGroups will be placed at 80251A74 (length = B4 bytes)
$Script_SpawnMover will be placed at 80251B28 (length = B4 bytes)
$BanditMoverStart will be placed at 80251BDC (length = B4 bytes)
$MapTattle3 will be placed at 80251C90 (length = B0 bytes)
$Script_LoadOdds will be placed at 80251D40 (length = B0 bytes)
$Script_SetPipesPosition will be placed at 80251DF0 (length = B0 bytes)
$LoadHighscores will be placed at 80251EA0 (length = B0 bytes)
$NpcGroup7 will be placed at 80251F50 (length = A8 bytes)
$MapTattle1 will be placed at 80251FF8 (length = A8 bytes)
$Script_AddCoins will be placed at 802520A0 (length = A8 bytes)
$SwitchPath will be placed at 80252148 (length = A4 bytes)
$Script_NPC_Sack_FX will be placed at 802521EC (length = A4 bytes)
$Tattle_Springkeeper will be placed at 80252290 (length = A4 bytes)
$Script_ReadSign will be placed at 80252334 (length = A0 bytes)
$Script_ZoomIn_Camera_X will be placed at 802523D4 (length = A0 bytes)
$String_Bandit_Defeated9 will be placed at 80252474 (length = 9C bytes)
$NpcGroup1 will be placed at 80252510 (length = 9C bytes)
$Script_Bandit_StartBattle will be placed at 802525AC (length = 9C bytes)
$Script_Main will be placed at 80252648 (length = 9C bytes)
$Mover_Tattle will be placed at 802526E4 (length = 94 bytes)
$String_Bandit_Defeated3 will be placed at 80252778 (length = 90 bytes)
$Function_80242070 will be placed at 80252808 (length = 90 bytes)
$String_Bandit_Defeated8 will be placed at 80252898 (length = 8C bytes)
$BanditMover_Options2 will be placed at 80252924 (length = 84 bytes)
$BanditMover_Options will be placed at 802529A8 (length = 84 bytes)
$Script_EnemyAIB will be placed at 80252A2C (length = 80 bytes)
$String_Okay will be placed at 80252AAC (length = 80 bytes)
$Function_TimerCurrentFloor will be placed at 80252B2C (length = 7C bytes)
$SignStringBug will be placed at 80252BA8 (length = 7C bytes)
$String_Rogue_CoinsGained_Success will be placed at 80252C24 (length = 78 bytes)
$Mover_Options will be placed at 80252C9C (length = 78 bytes)
$Function2 will be placed at 80252D14 (length = 6C bytes)
$Function_802414C8 will be placed at 80252D80 (length = 6C bytes)
$Function_SetAnimation will be placed at 80252DEC (length = 6C bytes)
$String_Bandit_Defeated1 will be placed at 80252E58 (length = 68 bytes)
$CommingDownPipe will be placed at 80252EC0 (length = 68 bytes)
$MoverEnd will be placed at 80252F28 (length = 68 bytes)
$BanditMoverEnd will be placed at 80252F90 (length = 68 bytes)
$String_Bandit_Defeated_Partner3 will be placed at 80252FF8 (length = 64 bytes)
$String_Bandit_Defeated_Partner2 will be placed at 8025305C (length = 64 bytes)
$Function_GetTattle1 will be placed at 802530C0 (length = 60 bytes)
$Function_OverwriteBattleID will be placed at 80253120 (length = 60 bytes)
$Function_80242200 will be placed at 80253180 (length = 60 bytes)
$String_Bandit_Confrontation1 will be placed at 802531E0 (length = 5C bytes)
$BanditMoverNoCoins will be placed at 8025323C (length = 58 bytes)
$MoverNoCoins will be placed at 80253294 (length = 58 bytes)
$String_Bandit_Defeated7 will be placed at 802532EC (length = 50 bytes)
$String_Bandit_Defeated_Partner4 will be placed at 8025333C (length = 50 bytes)
$EntryList will be placed at 8025338C (length = 50 bytes)
$String_NoThanks will be placed at 802533DC (length = 50 bytes)
$Script_Init_BanditMover will be placed at 8025342C (length = 4C bytes)
$GetFloorSign will be placed at 80253478 (length = 48 bytes)
$Function_Load_MapID will be placed at 802534C0 (length = 48 bytes)
$GetFloorSign_Rogue will be placed at 80253508 (length = 48 bytes)
$Script_MakeEntities will be placed at 80253550 (length = 44 bytes)
$Function_802409A8 will be placed at 80253594 (length = 44 bytes)
$Function_LoadCoinsInToVar1 will be placed at 802535D8 (length = 44 bytes)
$String_Bandit_Defeated_Partner1 will be placed at 8025361C (length = 40 bytes)
$Header will be placed at 8025365C (length = 40 bytes)
$Function_LoadCoinsLosted will be placed at 8025369C (length = 40 bytes)
$Function_LoadMarioCoins will be placed at 802536DC (length = 40 bytes)
$Function_LoadGainedCoins will be placed at 8025371C (length = 40 bytes)
$Function_GetTattle2 will be placed at 8025375C (length = 3C bytes)
$Script_Exit0 will be placed at 80253798 (length = 3C bytes)
$Script_Init_Bag will be placed at 802537D4 (length = 38 bytes)
$Script_Init_Bag_HitBox will be placed at 8025380C (length = 38 bytes)
$String_Bandit_Confrotation_Bye will be placed at 80253844 (length = 34 bytes)
$DispawnPartner will be placed at 80253878 (length = 34 bytes)
$String_Whatever will be placed at 802538AC (length = 30 bytes)
$EnablePipeCollider will be placed at 802538DC (length = 30 bytes)
$AISettings_MoneySack will be placed at 8025390C (length = 30 bytes)
$String_Bandit_Defeated2 will be placed at 8025393C (length = 30 bytes)
$AISettings_Enemy will be placed at 8025396C (length = 30 bytes)
$RespawnPartner will be placed at 8025399C (length = 30 bytes)
$AISettings_DisableEnemy will be placed at 802539CC (length = 30 bytes)
$NPC_Settings_Sack will be placed at 802539FC (length = 2C bytes)
$NpcSettings_Generic will be placed at 80253A28 (length = 2C bytes)
$NpcSettings_Enemy1 will be placed at 80253A54 (length = 2C bytes)
$Function_RevivePlayer will be placed at 80253A80 (length = 2C bytes)
$NpcSettings_Blank will be placed at 80253AAC (length = 2C bytes)
$BlankSettings will be placed at 80253AD8 (length = 2C bytes)
$NpcSettings_Enemy1B will be placed at 80253B04 (length = 2C bytes)
$Script_MakeExits will be placed at 80253B30 (length = 2C bytes)
$Function_ResetEnemiesFlag will be placed at 80253B5C (length = 2C bytes)
$String_List_NoYes will be placed at 80253B88 (length = 28 bytes)
$Function_SaveCoinsLosted will be placed at 80253BB0 (length = 28 bytes)
$String_List_YesNo will be placed at 80253BD8 (length = 28 bytes)
$Script_Init_EnemyNPC will be placed at 80253C00 (length = 24 bytes)
$VectorList_SwitchPath will be placed at 80253C24 (length = 24 bytes)
$Script_Init_Lakitu will be placed at 80253C48 (length = 24 bytes)
$Script_Init_Mover will be placed at 80253C6C (length = 24 bytes)
$String_CoinsGained will be placed at 80253C90 (length = 24 bytes)
$String_Bandit_Defeated10 will be placed at 80253CB4 (length = 24 bytes)
$String_Bandit_Defeated6 will be placed at 80253CD8 (length = 20 bytes)
$String_Bandit_Defeated5 will be placed at 80253CF8 (length = 20 bytes)
$Script_DisableEnemyAI will be placed at 80253D18 (length = 20 bytes)
$TotalLevels_CurrentPlaythrough will be placed at 80253D38 (length = 1C bytes)
$NpcGroupList_RubyCS will be placed at 80253D54 (length = 18 bytes)
$SignString will be placed at 80253D6C (length = 18 bytes)
$String_Psst will be placed at 80253D84 (length = 10 bytes)
$Script_null will be placed at 80253D94 (length = 10 bytes)
$ASCII_"pt81_86_shape"_Literal will be placed at 80253DA4 (length = 10 bytes)
$Function_ResetCoinsLosted will be placed at 80253DB4 (length = 10 bytes)
$ASCII_"pt51_56_shape"_Literal will be placed at 80253DC4 (length = 10 bytes)
$ASCII_"pt1_6_hit"_Literal will be placed at 80253DD4 (length = C bytes)
$ASCII_"pt_100"_Literal will be placed at 80253DE0 (length = C bytes)
$ASCII_"dmo_00"_Literal will be placed at 80253DEC (length = C bytes)
$ASCII_"pt1_6_shape"_Literal will be placed at 80253DF8 (length = C bytes)
$ConstDouble_802473E8 will be placed at 80253E08 (length = 8 bytes)
$ConstDouble_802473E0 will be placed at 80253E10 (length = 8 bytes)
$ASCII_"pt_85"_Literal will be placed at 80253E18 (length = 8 bytes)
$ConstDouble_802473D8 will be placed at 80253E20 (length = 8 bytes)
$ASCII_"pt91_96"_Literal will be placed at 80253E28 (length = 8 bytes)
$ASCII_"pt62_67"_Literal will be placed at 80253E30 (length = 8 bytes)
$ASCII_"pt33_38"_Literal will be placed at 80253E38 (length = 8 bytes)
$ASCII_"pt1_6"_Literal will be placed at 80253E40 (length = 8 bytes)
$ASCII_"pt_95"_Literal will be placed at 80253E48 (length = 8 bytes)
$ASCII_"pt4_9"_Literal will be placed at 80253E50 (length = 8 bytes)
$ASCII_"pt_65"_Literal will be placed at 80253E58 (length = 8 bytes)
$ASCII_"pt44_49"_Literal will be placed at 80253E60 (length = 8 bytes)
$ASCII_"pt81_86"_Literal will be placed at 80253E68 (length = 8 bytes)
$ASCII_"pt_80"_Literal will be placed at 80253E70 (length = 8 bytes)
$ASCII_"pt52_57"_Literal will be placed at 80253E78 (length = 8 bytes)
$ASCII_"pt23_28"_Literal will be placed at 80253E80 (length = 8 bytes)
$ASCII_"pt_50"_Literal will be placed at 80253E88 (length = 8 bytes)
$ASCII_"pt83_88"_Literal will be placed at 80253E90 (length = 8 bytes)
$ASCII_"pt54_59"_Literal will be placed at 80253E98 (length = 8 bytes)
$ConstDouble_802473F8 will be placed at 80253EA0 (length = 8 bytes)
$ConstDouble_802473F0 will be placed at 80253EA8 (length = 8 bytes)
$ASCII_"pt64_69"_Literal will be placed at 80253EB0 (length = 8 bytes)
$ASCII_"pt72_77"_Literal will be placed at 80253EB8 (length = 8 bytes)
$ASCII_"pt14_19"_Literal will be placed at 80253EC0 (length = 8 bytes)
$ASCII_"pt34_39"_Literal will be placed at 80253EC8 (length = 8 bytes)
$ASCII_"pt22_27"_Literal will be placed at 80253ED0 (length = 8 bytes)
$ASCII_"pt21_26"_Literal will be placed at 80253ED8 (length = 8 bytes)
$ASCII_"pt73_78"_Literal will be placed at 80253EE0 (length = 8 bytes)
$ASCII_"pt84_89"_Literal will be placed at 80253EE8 (length = 8 bytes)
$ASCII_"pt92_97"_Literal will be placed at 80253EF0 (length = 8 bytes)
$ASCII_"pt_75"_Literal will be placed at 80253EF8 (length = 8 bytes)
$ASCII_"pt53_58"_Literal will be placed at 80253F00 (length = 8 bytes)
$ASCII_"pt41_46"_Literal will be placed at 80253F08 (length = 8 bytes)
$ASCII_"pt61_66"_Literal will be placed at 80253F10 (length = 8 bytes)
$ASCII_"pt32_37"_Literal will be placed at 80253F18 (length = 8 bytes)
$ASCII_"pt_15"_Literal will be placed at 80253F20 (length = 8 bytes)
$ASCII_"pt11_16"_Literal will be placed at 80253F28 (length = 8 bytes)
$ASCII_"pt_00"_Literal will be placed at 80253F30 (length = 8 bytes)
$ASCII_"pt74_79"_Literal will be placed at 80253F38 (length = 8 bytes)
$ASCII_"pt_25"_Literal will be placed at 80253F40 (length = 8 bytes)
$ConstDouble_80247400 will be placed at 80253F48 (length = 8 bytes)
$ASCII_"pt_35"_Literal will be placed at 80253F50 (length = 8 bytes)
$ASCII_"pt71_76"_Literal will be placed at 80253F58 (length = 8 bytes)
$ASCII_"pt42_47"_Literal will be placed at 80253F60 (length = 8 bytes)
$ASCII_"pt13_18"_Literal will be placed at 80253F68 (length = 8 bytes)
$ASCII_"pt_05"_Literal will be placed at 80253F70 (length = 8 bytes)
$ASCII_"pt93_98"_Literal will be placed at 80253F78 (length = 8 bytes)
$ASCII_"pt43_48"_Literal will be placed at 80253F80 (length = 8 bytes)
$ASCII_"pt51_56"_Literal will be placed at 80253F88 (length = 8 bytes)
$ASCII_"pt_55"_Literal will be placed at 80253F90 (length = 8 bytes)
$ASCII_"pt2_7"_Literal will be placed at 80253F98 (length = 8 bytes)
$ASCII_"pt12_17"_Literal will be placed at 80253FA0 (length = 8 bytes)
$ASCII_"pt3_8"_Literal will be placed at 80253FA8 (length = 8 bytes)
$ASCII_"pt_10"_Literal will be placed at 80253FB0 (length = 8 bytes)
$ASCII_"tik_tex"_Literal will be placed at 80253FB8 (length = 8 bytes)
$ASCII_"pt31_36"_Literal will be placed at 80253FC0 (length = 8 bytes)
$ASCII_"pt63_68"_Literal will be placed at 80253FC8 (length = 8 bytes)
$ASCII_"pt94_99"_Literal will be placed at 80253FD0 (length = 8 bytes)
$ASCII_"pt82_87"_Literal will be placed at 80253FD8 (length = 8 bytes)
$ASCII_"pt_45"_Literal will be placed at 80253FE0 (length = 8 bytes)
$ASCII_"pt24_29"_Literal will be placed at 80253FE8 (length = 8 bytes)
$MoverCancel will be placed at 80253E04 (length = 4 bytes)
$BanditMoverCancel will be placed at 80253FF0 (length = 4 bytes)
$CloseDialogBubble will be placed at 80253FF4 (length = 4 bytes)
Executing patch: pt71_76.mpat
Creating struct: $DeepestLevel
Creating struct: $TotalLevels_Sign
Creating struct: $TotalLevels_CurrentPlaythrough
Creating struct: $LoadHighscores
Creating struct: $FallingDownPipe
Creating struct: $Function_GetPos
Creating struct: $Function2
Creating struct: $SetSpawns
Creating struct: $Script_Set_Formation
Creating struct: $Function_OverwriteBattleID
Creating struct: $Script_SetMover
Creating struct: $Script_MapID_Converter
Creating struct: $Script_LoadOdds
Creating struct: $Script_LoadMoverType
Creating struct: $Script_SpawnMover
Creating struct: $Script_SetNPCPos
Creating struct: $Function_Load_MapID
Creating struct: $SwitchPath
Creating struct: $VectorList_SwitchPath
Creating struct: $GetPos
Creating struct: $DispawnPartner
Creating struct: $RespawnPartner
Creating struct: $LoadMap
Creating struct: $GetFloor
Creating struct: $LoadMapBandit
Creating struct: $GetFloorBandit
Creating struct: $SetSpawnsSpecial
Creating struct: $Script_SetMover_Special
Creating struct: $Script_SpawnMover_Special
Creating struct: $Script_Set_SpecialFormation
Creating struct: $Function_LoadCoinsInToVar1
Creating struct: $Script_SetSpawnPosition
Creating struct: $Script_Init_EnemyNPC
Creating struct: $Script_Init_Lakitu
Creating struct: $Script_TrackOutcome
Creating struct: $Script_LakituOutcome
Creating struct: $Script_FloorEnemy_Idle
Creating struct: $Script_Rogue_GiveTotalCoins
Creating struct: $Script_SetEnemyIdle
Creating struct: $Script_AddCoins
Creating struct: $NPC_Settings_Sack
Creating struct: $Script_Init_Bag
Creating struct: $Script_Init_Bag_HitBox
Creating struct: $Script_NPC_SackHit_Init
Creating struct: $Script_NPC_Sack_FX
Creating struct: $NPC_Sack_AnimationStart
Creating struct: $NPC_Sack_AnimationEnd
Creating struct: $Script_SackAnimation_SackAppears_100
Creating struct: $Script_SackAnimation_Start_GoToTheRight
Creating struct: $Script_SackAnimation_Start_GoToTheLeft
Creating struct: $Script_SackAnimation_End_Right
Creating struct: $Script_SackAnimation_End_Left
Creating struct: $Function_LoadMarioCoins
Creating struct: $Function_LoadCoinsLosted
Creating struct: $Function_SaveCoinsLosted
Creating struct: $Function_ResetCoinsLosted
Creating struct: $Function_LoadGainedCoins
Creating struct: $Function_RevivePlayer
Creating struct: $AISettings_MoneySack
Creating struct: $Script_NpcAI_MoneySack
Creating struct: $JumpTable_80242448
Creating struct: $Function_NpcAI_MoneySack
Creating struct: $Function_80240260
Creating struct: $Function_80240844
Creating struct: $Function_802409A8
Creating struct: $Script_TrackPlayer
Creating struct: $Script_PipeAnimation
Creating struct: $Function_SetAnimation
Creating struct: $Function_GetColliderPos
Creating struct: $Function_TrackInput
Creating struct: $GoToNextLevel
Creating struct: $GetFloorSign
Creating struct: $GetFloorSign_Rogue
Creating struct: $Function_GetTattle1
Creating struct: $Function_GetTattle2
Creating struct: $Script_ReadSign
Creating struct: $NpcSettings_Blank
Creating struct: $NpcGroup_Spring1
Creating struct: $NpcGroup_Spring2
Creating struct: $NpcGroup_Spring3
Creating struct: $NpcGroup_Spring4
Creating struct: $NpcGroup_Spring5
Creating struct: $NpcGroup_Spring6
Creating struct: $NpcGroup_Spring7
Creating struct: $NpcGroup_Spring8
Creating struct: $NpcGroup_Spring9
Creating struct: $NpcGroup_Spring10
Creating struct: $Header
Creating struct: $Script_Main2_Wait
Creating struct: $Script_Main2_Exec
Creating struct: $Script_TrackEvents
Creating struct: $Script_Cutscene_Event
Creating struct: $SkipCutscene_Event
Creating struct: $Script_ZoomIn_Camera_X
Creating struct: $Script_Cutscene_Ruby_Init
Creating struct: $Script_Cutscene_Ruby2
Creating struct: $NpcGroupList_RubyCS
Creating struct: $NpcGroup_RubyCS
Creating struct: $NpcSettings_Generic
Creating struct: $Script_null
Creating struct: $Script_SpawnNPCs
Creating struct: $Function_ResetEnemiesFlag
Creating struct: $EntryList
Creating struct: $Function_Init
Creating struct: $NpcGroup_Mover
Creating struct: $BlankSettings
Creating struct: $Script_Init_Mover
Creating struct: $Interact_Mover
Creating struct: $Script_MoverWarpAnimation
Creating struct: $SkipCutscene_MoverWarpAnimation
Creating struct: $NpcGroup_BanditMover
Creating struct: $Script_Init_BanditMover
Creating struct: $Script_Bandit_StartBattle
Creating struct: $Interact_BanditMover
Creating struct: $Script_Warning_Mario
Creating struct: $Script_NoThanks_Bandit
Creating struct: $Script_ZoomIn_Camera
Creating struct: $Script_ZoomIn_Camera_2
Creating struct: $Script_ZoomIn_Camera_3
Creating struct: $NpcGroup_MoneyBag
Creating struct: $Script_SetPipesPosition
Creating struct: $Script_DisableNumbers
Creating struct: $Script_SetFloorNumbers
Creating struct: $Script_CheckBanditStatus1
Creating struct: $Script_Cutscene_BanditStatus1
Creating struct: $Script_CheckBanditStatus2
Creating struct: $Script_TrackOutcome_Bandit
Creating struct: $Script_Cutscene_BanditDefeated
Creating struct: $SkipCutscene_BanditDefeated
Creating struct: $Script_AddCoins_Bandit
Creating struct: $Function_LoadPath
Creating struct: $Script_ClosePartnerDialog
Creating struct: $PipeSpawning
Creating struct: $EnablePipeCollider
Creating struct: $Script_MakeEntities
Creating struct: $CommingDownPipe
Creating struct: $Function_TimerCurrentFloor
Creating struct: $Script_MakeExits
Creating struct: $Script_Exit0
Creating struct: $Script_Main
Creating struct: $NpcGroup1
Creating struct: $NpcGroup7
Creating struct: $NpcGroups
Creating struct: $ExtraAnimationList_802418AC
Creating struct: $ExtraAnimationList_Gulpit
Creating struct: $NpcGroup_Enemy1
Creating struct: $NpcSettings_Enemy1
Creating struct: $NpcSettings_Enemy1B
Creating struct: $Script_EnemyAI
Creating struct: $Script_EnemyBAI
Creating struct: $AISettings_Enemy
Creating struct: $Function_8024130C
Creating struct: $ConstDouble_80242510
Creating struct: $JumpTable_80242518
Creating struct: $Function_8024156C
Creating struct: $Function_80241158
Creating struct: $Function_80240F50
Creating struct: $Function_80240FBC
Creating struct: $Function_8024102C
Creating struct: $Function_80241104
Creating struct: $Script_DisableEnemyAI
Creating struct: $AISettings_DisableEnemy
Merged 1 regions to 1
$Script_SetFloorNumbers will be placed at 80240000 (length = 128C bytes)
$NpcGroup_RubyCS will be placed at 8024128C (length = 1170 bytes)
$LoadMap will be placed at 802423FC (length = C04 bytes)
$LoadMapBandit will be placed at 80243000 (length = B80 bytes)
$GoToNextLevel will be placed at 80243B80 (length = B10 bytes)
$Script_Cutscene_BanditDefeated will be placed at 80244690 (length = B08 bytes)
$Script_SetEnemyIdle will be placed at 80245198 (length = 674 bytes)
$Script_MapID_Converter will be placed at 8024580C (length = 60C bytes)
$Script_Warning_Mario will be placed at 80245E18 (length = 608 bytes)
$Function_80240260 will be placed at 80246420 (length = 5E4 bytes)
$Script_SetNPCPos will be placed at 80246A04 (length = 4D0 bytes)
$Script_Cutscene_Ruby_Init will be placed at 80246ED4 (length = 490 bytes)
$FallingDownPipe will be placed at 80247364 (length = 418 bytes)
$Script_TrackEvents will be placed at 8024777C (length = 410 bytes)
$NpcGroup_MoneyBag will be placed at 80247B8C (length = 3E0 bytes)
$NpcGroup_Enemy1 will be placed at 80247F6C (length = 3E0 bytes)
$Interact_BanditMover will be placed at 8024834C (length = 3D8 bytes)
$Script_CheckBanditStatus2 will be placed at 80248724 (length = 3D8 bytes)
$SkipCutscene_BanditDefeated will be placed at 80248AFC (length = 3D8 bytes)
$Interact_Mover will be placed at 80248ED4 (length = 3CC bytes)
$Script_Set_SpecialFormation will be placed at 802492A0 (length = 3B4 bytes)
$Script_FloorEnemy_Idle will be placed at 80249654 (length = 388 bytes)
$Script_TrackOutcome_Bandit will be placed at 802499DC (length = 330 bytes)
$Script_LakituOutcome will be placed at 80249D0C (length = 30C bytes)
$Script_Rogue_GiveTotalCoins will be placed at 8024A018 (length = 2FC bytes)
$Script_Set_Formation will be placed at 8024A314 (length = 2D4 bytes)
$Function_8024156C will be placed at 8024A5E8 (length = 2B4 bytes)
$PipeSpawning will be placed at 8024A89C (length = 2A0 bytes)
$Script_TrackOutcome will be placed at 8024AB3C (length = 288 bytes)
$Function_8024130C will be placed at 8024ADC4 (length = 260 bytes)
$Script_Cutscene_Ruby2 will be placed at 8024B024 (length = 258 bytes)
$Function_NpcAI_MoneySack will be placed at 8024B27C (length = 238 bytes)
$Script_SackAnimation_Start_GoToTheRight will be placed at 8024B4B4 (length = 230 bytes)
$Script_SetSpawnPosition will be placed at 8024B6E4 (length = 228 bytes)
$Script_Main2_Exec will be placed at 8024B90C (length = 228 bytes)
$Script_Cutscene_BanditStatus1 will be placed at 8024BB34 (length = 21C bytes)
$Script_LoadMoverType will be placed at 8024BD50 (length = 214 bytes)
$Script_NoThanks_Bandit will be placed at 8024BF64 (length = 210 bytes)
$Script_SackAnimation_Start_GoToTheLeft will be placed at 8024C174 (length = 1F8 bytes)
$NpcGroup_Spring10 will be placed at 8024C36C (length = 1F0 bytes)
$NpcGroup_Spring1 will be placed at 8024C55C (length = 1F0 bytes)
$NpcGroup_Spring2 will be placed at 8024C74C (length = 1F0 bytes)
$NpcGroup_Spring3 will be placed at 8024C93C (length = 1F0 bytes)
$NpcGroup_Spring4 will be placed at 8024CB2C (length = 1F0 bytes)
$NpcGroup_Spring5 will be placed at 8024CD1C (length = 1F0 bytes)
$NpcGroup_Spring6 will be placed at 8024CF0C (length = 1F0 bytes)
$NpcGroup_Spring7 will be placed at 8024D0FC (length = 1F0 bytes)
$NpcGroup_Spring8 will be placed at 8024D2EC (length = 1F0 bytes)
$NpcGroup_Spring9 will be placed at 8024D4DC (length = 1F0 bytes)
$NpcGroup_Mover will be placed at 8024D6CC (length = 1F0 bytes)
$NpcGroup_BanditMover will be placed at 8024D8BC (length = 1F0 bytes)
$Script_PipeAnimation will be placed at 8024DAAC (length = 1C4 bytes)
$Function_80241158 will be placed at 8024DC70 (length = 1B4 bytes)
$Script_Cutscene_Event will be placed at 8024DE24 (length = 198 bytes)
$Script_NPC_SackHit_Init will be placed at 8024DFBC (length = 198 bytes)
$Script_ClosePartnerDialog will be placed at 8024E154 (length = 194 bytes)
$JumpTable_80242448 will be placed at 8024E2E8 (length = 190 bytes)
$JumpTable_80242518 will be placed at 8024E478 (length = 190 bytes)
$SkipCutscene_Event will be placed at 8024E608 (length = 188 bytes)
$Script_SpawnNPCs will be placed at 8024E790 (length = 174 bytes)
$NPC_Sack_AnimationStart will be placed at 8024E904 (length = 168 bytes)
$Function_80240844 will be placed at 8024EA6C (length = 164 bytes)
$Script_SackAnimation_End_Right will be placed at 8024EBD0 (length = 158 bytes)
$Script_SackAnimation_End_Left will be placed at 8024ED28 (length = 150 bytes)
$Script_TrackPlayer will be placed at 8024EE78 (length = 144 bytes)
$Script_CheckBanditStatus1 will be placed at 8024EFBC (length = 13C bytes)
$MapTattle5 will be placed at 8024F0F8 (length = 13C bytes)
$MapTattle4 will be placed at 8024F234 (length = 130 bytes)
$BanditMover_Tattle will be placed at 8024F364 (length = 11C bytes)
$Function_LoadPath will be placed at 8024F480 (length = 114 bytes)
$Script_SackAnimation_SackAppears_100 will be placed at 8024F594 (length = 100 bytes)
$String_Partner_Event_1 will be placed at 8024F694 (length = FC bytes)
$Script_Main2_Wait will be placed at 8024F790 (length = F4 bytes)
$String_Warning2 will be placed at 8024F884 (length = F0 bytes)
$Script_SetMover_Special will be placed at 8024F974 (length = EC bytes)
$SetSpawnsSpecial will be placed at 8024FA60 (length = E8 bytes)
$SetSpawns will be placed at 8024FB48 (length = E8 bytes)
$String_Warning1 will be placed at 8024FC30 (length = E8 bytes)
$DeepestLevel will be placed at 8024FD18 (length = E4 bytes)
$Function_GetColliderPos will be placed at 8024FDFC (length = E0 bytes)
$Function_GetPos will be placed at 8024FEDC (length = E0 bytes)
$TotalLevels_Sign will be placed at 8024FFBC (length = DC bytes)
$Script_SpawnMover_Special will be placed at 80250098 (length = DC bytes)
$GetFloor will be placed at 80250174 (length = DC bytes)
$Function_8024102C will be placed at 80250250 (length = D8 bytes)
$Script_DisableNumbers will be placed at 80250328 (length = D8 bytes)
$MapTattle2 will be placed at 80250400 (length = D4 bytes)
$NPC_Sack_AnimationEnd will be placed at 802504D4 (length = D4 bytes)
$Script_SetMover will be placed at 802505A8 (length = D0 bytes)
$GetFloorBandit will be placed at 80250678 (length = D0 bytes)
$Script_AddCoins_Bandit will be placed at 80250748 (length = C8 bytes)
$GetPos will be placed at 80250810 (length = C8 bytes)
$SkipCutscene_MoverWarpAnimation will be placed at 802508D8 (length = C4 bytes)
$Function_Init will be placed at 8025099C (length = C4 bytes)
$MoverStart will be placed at 80250A60 (length = C0 bytes)
$String_Warning3 will be placed at 80250B20 (length = C0 bytes)
$Script_ZoomIn_Camera_3 will be placed at 80250BE0 (length = BC bytes)
$Script_ZoomIn_Camera_2 will be placed at 80250C9C (length = BC bytes)
$Script_ZoomIn_Camera will be placed at 80250D58 (length = BC bytes)
$Function_TrackInput will be placed at 80250E14 (length = BC bytes)
$String_Bandit_Defeated4 will be placed at 80250ED0 (length = B8 bytes)
$Script_MoverWarpAnimation will be placed at 80250F88 (length = B8 bytes)
$Script_NpcAI_MoneySack will be placed at 80251040 (length = B8 bytes)
$NpcGroups will be placed at 802510F8 (length = B4 bytes)
$Script_SpawnMover will be placed at 802511AC (length = B4 bytes)
$BanditMoverStart will be placed at 80251260 (length = B4 bytes)
$MapTattle3 will be placed at 80251314 (length = B0 bytes)
$Script_LoadOdds will be placed at 802513C4 (length = B0 bytes)
$Script_SetPipesPosition will be placed at 80251474 (length = B0 bytes)
$LoadHighscores will be placed at 80251524 (length = B0 bytes)
$Script_EnemyBAI will be placed at 802515D4 (length = A8 bytes)
$NpcGroup7 will be placed at 8025167C (length = A8 bytes)
$MapTattle1 will be placed at 80251724 (length = A8 bytes)
$Script_AddCoins will be placed at 802517CC (length = A8 bytes)
$SwitchPath will be placed at 80251874 (length = A4 bytes)
$Script_NPC_Sack_FX will be placed at 80251918 (length = A4 bytes)
$Tattle_Springkeeper will be placed at 802519BC (length = A4 bytes)
$Script_ReadSign will be placed at 80251A60 (length = A0 bytes)
$Script_ZoomIn_Camera_X will be placed at 80251B00 (length = A0 bytes)
$String_Bandit_Defeated9 will be placed at 80251BA0 (length = 9C bytes)
$NpcGroup1 will be placed at 80251C3C (length = 9C bytes)
$Script_Bandit_StartBattle will be placed at 80251CD8 (length = 9C bytes)
$Script_Main will be placed at 80251D74 (length = 9C bytes)
$Mover_Tattle will be placed at 80251E10 (length = 94 bytes)
$String_Bandit_Defeated3 will be placed at 80251EA4 (length = 90 bytes)
$String_Bandit_Defeated8 will be placed at 80251F34 (length = 8C bytes)
$BanditMover_Options2 will be placed at 80251FC0 (length = 84 bytes)
$BanditMover_Options will be placed at 80252044 (length = 84 bytes)
$String_Okay will be placed at 802520C8 (length = 80 bytes)
$Function_TimerCurrentFloor will be placed at 80252148 (length = 7C bytes)
$SignStringBug will be placed at 802521C4 (length = 7C bytes)
$String_Rogue_CoinsGained_Success will be placed at 80252240 (length = 78 bytes)
$Mover_Options will be placed at 802522B8 (length = 78 bytes)
$Function_80240FBC will be placed at 80252330 (length = 70 bytes)
$Script_EnemyAI will be placed at 802523A0 (length = 70 bytes)
$Function2 will be placed at 80252410 (length = 6C bytes)
$Function_80240F50 will be placed at 8025247C (length = 6C bytes)
$Function_SetAnimation will be placed at 802524E8 (length = 6C bytes)
$String_Bandit_Defeated1 will be placed at 80252554 (length = 68 bytes)
$CommingDownPipe will be placed at 802525BC (length = 68 bytes)
$MoverEnd will be placed at 80252624 (length = 68 bytes)
$BanditMoverEnd will be placed at 8025268C (length = 68 bytes)
$String_Bandit_Defeated_Partner3 will be placed at 802526F4 (length = 64 bytes)
$String_Bandit_Defeated_Partner2 will be placed at 80252758 (length = 64 bytes)
$Function_GetTattle1 will be placed at 802527BC (length = 60 bytes)
$Function_OverwriteBattleID will be placed at 8025281C (length = 60 bytes)
$String_Bandit_Confrontation1 will be placed at 8025287C (length = 5C bytes)
$BanditMoverNoCoins will be placed at 802528D8 (length = 58 bytes)
$MoverNoCoins will be placed at 80252930 (length = 58 bytes)
$Function_80241104 will be placed at 80252988 (length = 54 bytes)
$String_Bandit_Defeated7 will be placed at 802529DC (length = 50 bytes)
$String_Bandit_Defeated_Partner4 will be placed at 80252A2C (length = 50 bytes)
$EntryList will be placed at 80252A7C (length = 50 bytes)
$String_NoThanks will be placed at 80252ACC (length = 50 bytes)
$Script_Init_BanditMover will be placed at 80252B1C (length = 4C bytes)
$GetFloorSign will be placed at 80252B68 (length = 48 bytes)
$Function_Load_MapID will be placed at 80252BB0 (length = 48 bytes)
$GetFloorSign_Rogue will be placed at 80252BF8 (length = 48 bytes)
$Script_MakeEntities will be placed at 80252C40 (length = 44 bytes)
$Function_802409A8 will be placed at 80252C84 (length = 44 bytes)
$Function_LoadCoinsInToVar1 will be placed at 80252CC8 (length = 44 bytes)
$String_Bandit_Defeated_Partner1 will be placed at 80252D0C (length = 40 bytes)
$Header will be placed at 80252D4C (length = 40 bytes)
$Function_LoadCoinsLosted will be placed at 80252D8C (length = 40 bytes)
$Function_LoadMarioCoins will be placed at 80252DCC (length = 40 bytes)
$Function_LoadGainedCoins will be placed at 80252E0C (length = 40 bytes)
$Function_GetTattle2 will be placed at 80252E4C (length = 3C bytes)
$Script_Exit0 will be placed at 80252E88 (length = 3C bytes)
$Script_Init_Bag will be placed at 80252EC4 (length = 38 bytes)
$Script_Init_Bag_HitBox will be placed at 80252EFC (length = 38 bytes)
$String_Bandit_Confrotation_Bye will be placed at 80252F34 (length = 34 bytes)
$DispawnPartner will be placed at 80252F68 (length = 34 bytes)
$String_Whatever will be placed at 80252F9C (length = 30 bytes)
$EnablePipeCollider will be placed at 80252FCC (length = 30 bytes)
$AISettings_MoneySack will be placed at 80252FFC (length = 30 bytes)
$String_Bandit_Defeated2 will be placed at 8025302C (length = 30 bytes)
$AISettings_Enemy will be placed at 8025305C (length = 30 bytes)
$RespawnPartner will be placed at 8025308C (length = 30 bytes)
$AISettings_DisableEnemy will be placed at 802530BC (length = 30 bytes)
$NPC_Settings_Sack will be placed at 802530EC (length = 2C bytes)
$NpcSettings_Generic will be placed at 80253118 (length = 2C bytes)
$NpcSettings_Enemy1 will be placed at 80253144 (length = 2C bytes)
$Function_RevivePlayer will be placed at 80253170 (length = 2C bytes)
$NpcSettings_Blank will be placed at 8025319C (length = 2C bytes)
$BlankSettings will be placed at 802531C8 (length = 2C bytes)
$NpcSettings_Enemy1B will be placed at 802531F4 (length = 2C bytes)
$Script_MakeExits will be placed at 80253220 (length = 2C bytes)
$Function_ResetEnemiesFlag will be placed at 8025324C (length = 2C bytes)
$String_List_NoYes will be placed at 80253278 (length = 28 bytes)
$ExtraAnimationList_802418AC will be placed at 802532A0 (length = 28 bytes)
$Function_SaveCoinsLosted will be placed at 802532C8 (length = 28 bytes)
$String_List_YesNo will be placed at 802532F0 (length = 28 bytes)
$Script_Init_EnemyNPC will be placed at 80253318 (length = 24 bytes)
$VectorList_SwitchPath will be placed at 8025333C (length = 24 bytes)
$Script_Init_Lakitu will be placed at 80253360 (length = 24 bytes)
$Script_Init_Mover will be placed at 80253384 (length = 24 bytes)
$String_CoinsGained will be placed at 802533A8 (length = 24 bytes)
$String_Bandit_Defeated10 will be placed at 802533CC (length = 24 bytes)
$String_Bandit_Defeated6 will be placed at 802533F0 (length = 20 bytes)
$String_Bandit_Defeated5 will be placed at 80253410 (length = 20 bytes)
$Script_DisableEnemyAI will be placed at 80253430 (length = 20 bytes)
$TotalLevels_CurrentPlaythrough will be placed at 80253450 (length = 1C bytes)
$NpcGroupList_RubyCS will be placed at 8025346C (length = 18 bytes)
$SignString will be placed at 80253484 (length = 18 bytes)
$String_Psst will be placed at 8025349C (length = 10 bytes)
$Script_null will be placed at 802534AC (length = 10 bytes)
$ASCII_"pt81_86_shape"_Literal will be placed at 802534BC (length = 10 bytes)
$Function_ResetCoinsLosted will be placed at 802534CC (length = 10 bytes)
$ASCII_"pt51_56_shape"_Literal will be placed at 802534DC (length = 10 bytes)
$ASCII_"pt1_6_hit"_Literal will be placed at 802534EC (length = C bytes)
$ASCII_"pt_100"_Literal will be placed at 802534F8 (length = C bytes)
$ASCII_"dmo_00"_Literal will be placed at 80253504 (length = C bytes)
$ASCII_"pt1_6_shape"_Literal will be placed at 80253510 (length = C bytes)
$ASCII_"pt_85"_Literal will be placed at 8025351C (length = 8 bytes)
$ASCII_"pt91_96"_Literal will be placed at 80253524 (length = 8 bytes)
$ASCII_"pt62_67"_Literal will be placed at 8025352C (length = 8 bytes)
$ASCII_"pt33_38"_Literal will be placed at 80253534 (length = 8 bytes)
$ASCII_"pt1_6"_Literal will be placed at 8025353C (length = 8 bytes)
$ASCII_"pt_95"_Literal will be placed at 80253544 (length = 8 bytes)
$ASCII_"pt4_9"_Literal will be placed at 8025354C (length = 8 bytes)
$ASCII_"pt_65"_Literal will be placed at 80253554 (length = 8 bytes)
$ASCII_"pt44_49"_Literal will be placed at 8025355C (length = 8 bytes)
$ASCII_"pt81_86"_Literal will be placed at 80253564 (length = 8 bytes)
$ASCII_"pt_80"_Literal will be placed at 8025356C (length = 8 bytes)
$ASCII_"pt52_57"_Literal will be placed at 80253574 (length = 8 bytes)
$ASCII_"pt23_28"_Literal will be placed at 8025357C (length = 8 bytes)
$ExtraAnimationList_Gulpit will be placed at 80253584 (length = 8 bytes)
$ASCII_"pt_50"_Literal will be placed at 8025358C (length = 8 bytes)
$ASCII_"pt83_88"_Literal will be placed at 80253594 (length = 8 bytes)
$ASCII_"pt54_59"_Literal will be placed at 8025359C (length = 8 bytes)
$ASCII_"pt64_69"_Literal will be placed at 802535A4 (length = 8 bytes)
$ASCII_"pt72_77"_Literal will be placed at 802535AC (length = 8 bytes)
$ASCII_"pt14_19"_Literal will be placed at 802535B4 (length = 8 bytes)
$ASCII_"pt34_39"_Literal will be placed at 802535BC (length = 8 bytes)
$ASCII_"pt22_27"_Literal will be placed at 802535C4 (length = 8 bytes)
$ASCII_"pt21_26"_Literal will be placed at 802535CC (length = 8 bytes)
$ASCII_"pt73_78"_Literal will be placed at 802535D4 (length = 8 bytes)
$ASCII_"pt84_89"_Literal will be placed at 802535DC (length = 8 bytes)
$ASCII_"pt92_97"_Literal will be placed at 802535E4 (length = 8 bytes)
$ASCII_"pt_75"_Literal will be placed at 802535EC (length = 8 bytes)
$ASCII_"pt53_58"_Literal will be placed at 802535F4 (length = 8 bytes)
$ASCII_"pt41_46"_Literal will be placed at 802535FC (length = 8 bytes)
$ASCII_"pt61_66"_Literal will be placed at 80253604 (length = 8 bytes)
$ASCII_"pt32_37"_Literal will be placed at 8025360C (length = 8 bytes)
$ASCII_"pt_15"_Literal will be placed at 80253614 (length = 8 bytes)
$ASCII_"pt11_16"_Literal will be placed at 8025361C (length = 8 bytes)
$ASCII_"pt_00"_Literal will be placed at 80253624 (length = 8 bytes)
$ASCII_"pt74_79"_Literal will be placed at 8025362C (length = 8 bytes)
$ASCII_"pt_25"_Literal will be placed at 80253634 (length = 8 bytes)
$ConstDouble_80242510 will be placed at 80253640 (length = 8 bytes)
$ASCII_"pt_35"_Literal will be placed at 80253648 (length = 8 bytes)
$ASCII_"pt71_76"_Literal will be placed at 80253650 (length = 8 bytes)
$ASCII_"pt42_47"_Literal will be placed at 80253658 (length = 8 bytes)
$ASCII_"pt13_18"_Literal will be placed at 80253660 (length = 8 bytes)
$ASCII_"pt_05"_Literal will be placed at 80253668 (length = 8 bytes)
$ASCII_"pt93_98"_Literal will be placed at 80253670 (length = 8 bytes)
$ASCII_"pt43_48"_Literal will be placed at 80253678 (length = 8 bytes)
$ASCII_"pt51_56"_Literal will be placed at 80253680 (length = 8 bytes)
$ASCII_"pt_55"_Literal will be placed at 80253688 (length = 8 bytes)
$ASCII_"pt2_7"_Literal will be placed at 80253690 (length = 8 bytes)
$ASCII_"pt12_17"_Literal will be placed at 80253698 (length = 8 bytes)
$ASCII_"pt3_8"_Literal will be placed at 802536A0 (length = 8 bytes)
$ASCII_"pt_10"_Literal will be placed at 802536A8 (length = 8 bytes)
$ASCII_"tik_tex"_Literal will be placed at 802536B0 (length = 8 bytes)
$ASCII_"pt31_36"_Literal will be placed at 802536B8 (length = 8 bytes)
$ASCII_"pt63_68"_Literal will be placed at 802536C0 (length = 8 bytes)
$ASCII_"pt94_99"_Literal will be placed at 802536C8 (length = 8 bytes)
$ASCII_"pt82_87"_Literal will be placed at 802536D0 (length = 8 bytes)
$ASCII_"pt_45"_Literal will be placed at 802536D8 (length = 8 bytes)
$ASCII_"pt24_29"_Literal will be placed at 802536E0 (length = 8 bytes)
$MoverCancel will be placed at 8025363C (length = 4 bytes)
$BanditMoverCancel will be placed at 802536E8 (length = 4 bytes)
$CloseDialogBubble will be placed at 802536EC (length = 4 bytes)
Executing patch: pt72_77.mpat
Creating struct: $DeepestLevel
Creating struct: $TotalLevels_Sign
Creating struct: $TotalLevels_CurrentPlaythrough
Creating struct: $LoadHighscores
Creating struct: $FallingDownPipe
Creating struct: $Function_GetPos
Creating struct: $Function2
Creating struct: $SetSpawns
Creating struct: $Script_Set_Formation
Creating struct: $Function_OverwriteBattleID
Creating struct: $Script_SetMover
Creating struct: $Script_MapID_Converter
Creating struct: $Script_LoadOdds
Creating struct: $Script_LoadMoverType
Creating struct: $Script_SpawnMover
Creating struct: $Script_SetNPCPos
Creating struct: $Function_Load_MapID
Creating struct: $SwitchPath
Creating struct: $VectorList_SwitchPath
Creating struct: $GetPos
Creating struct: $DispawnPartner
Creating struct: $RespawnPartner
Creating struct: $LoadMap
Creating struct: $GetFloor
Creating struct: $LoadMapBandit
Creating struct: $GetFloorBandit
Creating struct: $SetSpawnsSpecial
Creating struct: $Script_SetMover_Special
Creating struct: $Script_SpawnMover_Special
Creating struct: $Script_Set_SpecialFormation
Creating struct: $Function_LoadCoinsInToVar1
Creating struct: $Script_SetSpawnPosition
Creating struct: $Script_Init_EnemyNPC
Creating struct: $Script_Init_Lakitu
Creating struct: $Script_TrackOutcome
Creating struct: $Script_LakituOutcome
Creating struct: $Script_FloorEnemy_Idle
Creating struct: $Script_Rogue_GiveTotalCoins
Creating struct: $Script_SetEnemyIdle
Creating struct: $Script_AddCoins
Creating struct: $NPC_Settings_Sack
Creating struct: $Script_Init_Bag
Creating struct: $Script_Init_Bag_HitBox
Creating struct: $Script_NPC_SackHit_Init
Creating struct: $Script_NPC_Sack_FX
Creating struct: $NPC_Sack_AnimationStart
Creating struct: $NPC_Sack_AnimationEnd
Creating struct: $Script_SackAnimation_SackAppears_100
Creating struct: $Script_SackAnimation_Start_GoToTheRight
Creating struct: $Script_SackAnimation_Start_GoToTheLeft
Creating struct: $Script_SackAnimation_End_Right
Creating struct: $Script_SackAnimation_End_Left
Creating struct: $Function_LoadMarioCoins
Creating struct: $Function_LoadCoinsLosted
Creating struct: $Function_SaveCoinsLosted
Creating struct: $Function_ResetCoinsLosted
Creating struct: $Function_LoadGainedCoins
Creating struct: $Function_RevivePlayer
Creating struct: $AISettings_MoneySack
Creating struct: $Script_NpcAI_MoneySack
Creating struct: $JumpTable_80242448
Creating struct: $Function_NpcAI_MoneySack
Creating struct: $Function_80240260
Creating struct: $Function_80240844
Creating struct: $Function_802409A8
Creating struct: $Script_TrackPlayer
Creating struct: $Script_PipeAnimation
Creating struct: $Function_SetAnimation
Creating struct: $Function_GetColliderPos
Creating struct: $Function_TrackInput
Creating struct: $GoToNextLevel
Creating struct: $GetFloorSign
Creating struct: $GetFloorSign_Rogue
Creating struct: $Function_GetTattle1
Creating struct: $Function_GetTattle2
Creating struct: $Script_ReadSign
Creating struct: $NpcSettings_Blank
Creating struct: $NpcGroup_Spring1
Creating struct: $NpcGroup_Spring2
Creating struct: $NpcGroup_Spring3
Creating struct: $NpcGroup_Spring4
Creating struct: $NpcGroup_Spring5
Creating struct: $NpcGroup_Spring6
Creating struct: $NpcGroup_Spring7
Creating struct: $NpcGroup_Spring8
Creating struct: $NpcGroup_Spring9
Creating struct: $NpcGroup_Spring10
Creating struct: $Header
Creating struct: $Script_Main2_Wait
Creating struct: $Script_Main2_Exec
Creating struct: $Script_TrackEvents
Creating struct: $Script_Cutscene_Event
Creating struct: $SkipCutscene_Event
Creating struct: $Script_ZoomIn_Camera_X
Creating struct: $Script_Cutscene_Ruby_Init
Creating struct: $Script_Cutscene_Ruby2
Creating struct: $NpcGroupList_RubyCS
Creating struct: $NpcGroup_RubyCS
Creating struct: $NpcSettings_Generic
Creating struct: $Script_null
Creating struct: $Script_SpawnNPCs
Creating struct: $Function_ResetEnemiesFlag
Creating struct: $EntryList
Creating struct: $Function_Init
Creating struct: $NpcGroup_Mover
Creating struct: $BlankSettings
Creating struct: $Script_Init_Mover
Creating struct: $Interact_Mover
Creating struct: $Script_MoverWarpAnimation
Creating struct: $SkipCutscene_MoverWarpAnimation
Creating struct: $NpcGroup_BanditMover
Creating struct: $Script_Init_BanditMover
Creating struct: $Script_Bandit_StartBattle
Creating struct: $Interact_BanditMover
Creating struct: $Script_Warning_Mario
Creating struct: $Script_NoThanks_Bandit
Creating struct: $Script_ZoomIn_Camera
Creating struct: $Script_ZoomIn_Camera_2
Creating struct: $Script_ZoomIn_Camera_3
Creating struct: $NpcGroup_MoneyBag
Creating struct: $Script_SetPipesPosition
Creating struct: $Script_DisableNumbers
Creating struct: $Script_SetFloorNumbers
Creating struct: $Script_CheckBanditStatus1
Creating struct: $Script_Cutscene_BanditStatus1
Creating struct: $Script_CheckBanditStatus2
Creating struct: $Script_TrackOutcome_Bandit
Creating struct: $Script_Cutscene_BanditDefeated
Creating struct: $SkipCutscene_BanditDefeated
Creating struct: $Script_AddCoins_Bandit
Creating struct: $Function_LoadPath
Creating struct: $Script_ClosePartnerDialog
Creating struct: $PipeSpawning
Creating struct: $EnablePipeCollider
Creating struct: $Script_MakeEntities
Creating struct: $CommingDownPipe
Creating struct: $Function_TimerCurrentFloor
Creating struct: $Script_MakeExits
Creating struct: $Script_Exit0
Creating struct: $Script_Main
Creating struct: $NpcGroups
Creating struct: $NpcGroup1
Creating struct: $NpcGroup7
Creating struct: $NpcGroup_Enemy1
Creating struct: $NpcSettings_Enemy1
Creating struct: $Script_EnemyAI
Creating struct: $AISettings_Enemy
Merged 1 regions to 1
$Script_SetFloorNumbers will be placed at 80240000 (length = 128C bytes)
$NpcGroup_RubyCS will be placed at 8024128C (length = 1170 bytes)
$LoadMap will be placed at 802423FC (length = C04 bytes)
$LoadMapBandit will be placed at 80243000 (length = B80 bytes)
$GoToNextLevel will be placed at 80243B80 (length = B10 bytes)
$Script_Cutscene_BanditDefeated will be placed at 80244690 (length = B08 bytes)
$Script_SetEnemyIdle will be placed at 80245198 (length = 674 bytes)
$Script_MapID_Converter will be placed at 8024580C (length = 60C bytes)
$Script_Warning_Mario will be placed at 80245E18 (length = 608 bytes)
$Function_80240260 will be placed at 80246420 (length = 5E4 bytes)
$Script_SetNPCPos will be placed at 80246A04 (length = 4D0 bytes)
$Script_Cutscene_Ruby_Init will be placed at 80246ED4 (length = 490 bytes)
$FallingDownPipe will be placed at 80247364 (length = 418 bytes)
$Script_TrackEvents will be placed at 8024777C (length = 410 bytes)
$NpcGroup_MoneyBag will be placed at 80247B8C (length = 3E0 bytes)
$Interact_BanditMover will be placed at 80247F6C (length = 3D8 bytes)
$Script_CheckBanditStatus2 will be placed at 80248344 (length = 3D8 bytes)
$SkipCutscene_BanditDefeated will be placed at 8024871C (length = 3D8 bytes)
$Interact_Mover will be placed at 80248AF4 (length = 3CC bytes)
$Script_Set_SpecialFormation will be placed at 80248EC0 (length = 3B4 bytes)
$Script_FloorEnemy_Idle will be placed at 80249274 (length = 388 bytes)
$Script_TrackOutcome_Bandit will be placed at 802495FC (length = 330 bytes)
$Script_LakituOutcome will be placed at 8024992C (length = 30C bytes)
$Script_Rogue_GiveTotalCoins will be placed at 80249C38 (length = 2FC bytes)
$Script_Set_Formation will be placed at 80249F34 (length = 2D4 bytes)
$PipeSpawning will be placed at 8024A208 (length = 2A0 bytes)
$Script_TrackOutcome will be placed at 8024A4A8 (length = 288 bytes)
$Script_Cutscene_Ruby2 will be placed at 8024A730 (length = 258 bytes)
$Function_NpcAI_MoneySack will be placed at 8024A988 (length = 238 bytes)
$Script_SackAnimation_Start_GoToTheRight will be placed at 8024ABC0 (length = 230 bytes)
$Script_SetSpawnPosition will be placed at 8024ADF0 (length = 228 bytes)
$Script_Main2_Exec will be placed at 8024B018 (length = 228 bytes)
$Script_Cutscene_BanditStatus1 will be placed at 8024B240 (length = 21C bytes)
$Script_LoadMoverType will be placed at 8024B45C (length = 214 bytes)
$Script_NoThanks_Bandit will be placed at 8024B670 (length = 210 bytes)
$Script_SackAnimation_Start_GoToTheLeft will be placed at 8024B880 (length = 1F8 bytes)
$NpcGroup_Spring10 will be placed at 8024BA78 (length = 1F0 bytes)
$NpcGroup_Enemy1 will be placed at 8024BC68 (length = 1F0 bytes)
$NpcGroup_Spring1 will be placed at 8024BE58 (length = 1F0 bytes)
$NpcGroup_Spring2 will be placed at 8024C048 (length = 1F0 bytes)
$NpcGroup_Spring3 will be placed at 8024C238 (length = 1F0 bytes)
$NpcGroup_Spring4 will be placed at 8024C428 (length = 1F0 bytes)
$NpcGroup_Spring5 will be placed at 8024C618 (length = 1F0 bytes)
$NpcGroup_Spring6 will be placed at 8024C808 (length = 1F0 bytes)
$NpcGroup_Spring7 will be placed at 8024C9F8 (length = 1F0 bytes)
$NpcGroup_Spring8 will be placed at 8024CBE8 (length = 1F0 bytes)
$NpcGroup_Spring9 will be placed at 8024CDD8 (length = 1F0 bytes)
$NpcGroup_Mover will be placed at 8024CFC8 (length = 1F0 bytes)
$NpcGroup_BanditMover will be placed at 8024D1B8 (length = 1F0 bytes)
$Script_PipeAnimation will be placed at 8024D3A8 (length = 1C4 bytes)
$Script_Cutscene_Event will be placed at 8024D56C (length = 198 bytes)
$Script_NPC_SackHit_Init will be placed at 8024D704 (length = 198 bytes)
$Script_ClosePartnerDialog will be placed at 8024D89C (length = 194 bytes)
$JumpTable_80242448 will be placed at 8024DA30 (length = 190 bytes)
$SkipCutscene_Event will be placed at 8024DBC0 (length = 188 bytes)
$Script_SpawnNPCs will be placed at 8024DD48 (length = 174 bytes)
$NPC_Sack_AnimationStart will be placed at 8024DEBC (length = 168 bytes)
$Function_80240844 will be placed at 8024E024 (length = 164 bytes)
$Script_SackAnimation_End_Right will be placed at 8024E188 (length = 158 bytes)
$Script_SackAnimation_End_Left will be placed at 8024E2E0 (length = 150 bytes)
$Script_TrackPlayer will be placed at 8024E430 (length = 144 bytes)
$Script_CheckBanditStatus1 will be placed at 8024E574 (length = 13C bytes)
$MapTattle5 will be placed at 8024E6B0 (length = 13C bytes)
$MapTattle4 will be placed at 8024E7EC (length = 130 bytes)
$BanditMover_Tattle will be placed at 8024E91C (length = 11C bytes)
$Function_LoadPath will be placed at 8024EA38 (length = 114 bytes)
$Script_SackAnimation_SackAppears_100 will be placed at 8024EB4C (length = 100 bytes)
$String_Partner_Event_1 will be placed at 8024EC4C (length = FC bytes)
$Script_Main2_Wait will be placed at 8024ED48 (length = F4 bytes)
$String_Warning2 will be placed at 8024EE3C (length = F0 bytes)
$Script_SetMover_Special will be placed at 8024EF2C (length = EC bytes)
$SetSpawnsSpecial will be placed at 8024F018 (length = E8 bytes)
$SetSpawns will be placed at 8024F100 (length = E8 bytes)
$String_Warning1 will be placed at 8024F1E8 (length = E8 bytes)
$DeepestLevel will be placed at 8024F2D0 (length = E4 bytes)
$Function_GetColliderPos will be placed at 8024F3B4 (length = E0 bytes)
$Function_GetPos will be placed at 8024F494 (length = E0 bytes)
$TotalLevels_Sign will be placed at 8024F574 (length = DC bytes)
$Script_SpawnMover_Special will be placed at 8024F650 (length = DC bytes)
$GetFloor will be placed at 8024F72C (length = DC bytes)
$Script_DisableNumbers will be placed at 8024F808 (length = D8 bytes)
$MapTattle2 will be placed at 8024F8E0 (length = D4 bytes)
$NPC_Sack_AnimationEnd will be placed at 8024F9B4 (length = D4 bytes)
$Script_SetMover will be placed at 8024FA88 (length = D0 bytes)
$GetFloorBandit will be placed at 8024FB58 (length = D0 bytes)
$Script_AddCoins_Bandit will be placed at 8024FC28 (length = C8 bytes)
$GetPos will be placed at 8024FCF0 (length = C8 bytes)
$SkipCutscene_MoverWarpAnimation will be placed at 8024FDB8 (length = C4 bytes)
$Function_Init will be placed at 8024FE7C (length = C4 bytes)
$MoverStart will be placed at 8024FF40 (length = C0 bytes)
$String_Warning3 will be placed at 80250000 (length = C0 bytes)
$Script_ZoomIn_Camera_3 will be placed at 802500C0 (length = BC bytes)
$Script_ZoomIn_Camera_2 will be placed at 8025017C (length = BC bytes)
$Script_ZoomIn_Camera will be placed at 80250238 (length = BC bytes)
$Function_TrackInput will be placed at 802502F4 (length = BC bytes)
$String_Bandit_Defeated4 will be placed at 802503B0 (length = B8 bytes)
$Script_MoverWarpAnimation will be placed at 80250468 (length = B8 bytes)
$Script_NpcAI_MoneySack will be placed at 80250520 (length = B8 bytes)
$NpcGroups will be placed at 802505D8 (length = B4 bytes)
$Script_SpawnMover will be placed at 8025068C (length = B4 bytes)
$BanditMoverStart will be placed at 80250740 (length = B4 bytes)
$MapTattle3 will be placed at 802507F4 (length = B0 bytes)
$Script_LoadOdds will be placed at 802508A4 (length = B0 bytes)
$Script_SetPipesPosition will be placed at 80250954 (length = B0 bytes)
$LoadHighscores will be placed at 80250A04 (length = B0 bytes)
$MapTattle1 will be placed at 80250AB4 (length = A8 bytes)
$Script_AddCoins will be placed at 80250B5C (length = A8 bytes)
$SwitchPath will be placed at 80250C04 (length = A4 bytes)
$Script_NPC_Sack_FX will be placed at 80250CA8 (length = A4 bytes)
$Tattle_Springkeeper will be placed at 80250D4C (length = A4 bytes)
$Script_ReadSign will be placed at 80250DF0 (length = A0 bytes)
$Script_ZoomIn_Camera_X will be placed at 80250E90 (length = A0 bytes)
$String_Bandit_Defeated9 will be placed at 80250F30 (length = 9C bytes)
$Script_Bandit_StartBattle will be placed at 80250FCC (length = 9C bytes)
$Script_Main will be placed at 80251068 (length = 9C bytes)
$Mover_Tattle will be placed at 80251104 (length = 94 bytes)
$String_Bandit_Defeated3 will be placed at 80251198 (length = 90 bytes)
$String_Bandit_Defeated8 will be placed at 80251228 (length = 8C bytes)
$BanditMover_Options2 will be placed at 802512B4 (length = 84 bytes)
$BanditMover_Options will be placed at 80251338 (length = 84 bytes)
$String_Okay will be placed at 802513BC (length = 80 bytes)
$Function_TimerCurrentFloor will be placed at 8025143C (length = 7C bytes)
$SignStringBug will be placed at 802514B8 (length = 7C bytes)
$String_Rogue_CoinsGained_Success will be placed at 80251534 (length = 78 bytes)
$Mover_Options will be placed at 802515AC (length = 78 bytes)
$Function2 will be placed at 80251624 (length = 6C bytes)
$Function_SetAnimation will be placed at 80251690 (length = 6C bytes)
$String_Bandit_Defeated1 will be placed at 802516FC (length = 68 bytes)
$CommingDownPipe will be placed at 80251764 (length = 68 bytes)
$MoverEnd will be placed at 802517CC (length = 68 bytes)
$BanditMoverEnd will be placed at 80251834 (length = 68 bytes)
$String_Bandit_Defeated_Partner3 will be placed at 8025189C (length = 64 bytes)
$String_Bandit_Defeated_Partner2 will be placed at 80251900 (length = 64 bytes)
$Function_GetTattle1 will be placed at 80251964 (length = 60 bytes)
$Function_OverwriteBattleID will be placed at 802519C4 (length = 60 bytes)
$String_Bandit_Confrontation1 will be placed at 80251A24 (length = 5C bytes)
$BanditMoverNoCoins will be placed at 80251A80 (length = 58 bytes)
$MoverNoCoins will be placed at 80251AD8 (length = 58 bytes)
$String_Bandit_Defeated7 will be placed at 80251B30 (length = 50 bytes)
$String_Bandit_Defeated_Partner4 will be placed at 80251B80 (length = 50 bytes)
$EntryList will be placed at 80251BD0 (length = 50 bytes)
$String_NoThanks will be placed at 80251C20 (length = 50 bytes)
$Script_Init_BanditMover will be placed at 80251C70 (length = 4C bytes)
$GetFloorSign will be placed at 80251CBC (length = 48 bytes)
$Function_Load_MapID will be placed at 80251D04 (length = 48 bytes)
$GetFloorSign_Rogue will be placed at 80251D4C (length = 48 bytes)
$Script_MakeEntities will be placed at 80251D94 (length = 44 bytes)
$Function_802409A8 will be placed at 80251DD8 (length = 44 bytes)
$Function_LoadCoinsInToVar1 will be placed at 80251E1C (length = 44 bytes)
$String_Bandit_Defeated_Partner1 will be placed at 80251E60 (length = 40 bytes)
$Header will be placed at 80251EA0 (length = 40 bytes)
$Function_LoadCoinsLosted will be placed at 80251EE0 (length = 40 bytes)
$Function_LoadMarioCoins will be placed at 80251F20 (length = 40 bytes)
$Function_LoadGainedCoins will be placed at 80251F60 (length = 40 bytes)
$Function_GetTattle2 will be placed at 80251FA0 (length = 3C bytes)
$Script_Exit0 will be placed at 80251FDC (length = 3C bytes)
$Script_Init_Bag will be placed at 80252018 (length = 38 bytes)
$Script_Init_Bag_HitBox will be placed at 80252050 (length = 38 bytes)
$String_Bandit_Confrotation_Bye will be placed at 80252088 (length = 34 bytes)
$DispawnPartner will be placed at 802520BC (length = 34 bytes)
$String_Whatever will be placed at 802520F0 (length = 30 bytes)
$EnablePipeCollider will be placed at 80252120 (length = 30 bytes)
$AISettings_MoneySack will be placed at 80252150 (length = 30 bytes)
$String_Bandit_Defeated2 will be placed at 80252180 (length = 30 bytes)
$AISettings_Enemy will be placed at 802521B0 (length = 30 bytes)
$RespawnPartner will be placed at 802521E0 (length = 30 bytes)
$NPC_Settings_Sack will be placed at 80252210 (length = 2C bytes)
$NpcSettings_Generic will be placed at 8025223C (length = 2C bytes)
$Function_RevivePlayer will be placed at 80252268 (length = 2C bytes)
$NpcSettings_Blank will be placed at 80252294 (length = 2C bytes)
$BlankSettings will be placed at 802522C0 (length = 2C bytes)
$Script_MakeExits will be placed at 802522EC (length = 2C bytes)
$Function_ResetEnemiesFlag will be placed at 80252318 (length = 2C bytes)
$String_List_NoYes will be placed at 80252344 (length = 28 bytes)
$Function_SaveCoinsLosted will be placed at 8025236C (length = 28 bytes)
$String_List_YesNo will be placed at 80252394 (length = 28 bytes)
$Script_Init_EnemyNPC will be placed at 802523BC (length = 24 bytes)
$VectorList_SwitchPath will be placed at 802523E0 (length = 24 bytes)
$NpcSettings_Enemy1 will be placed at 80252404 (length = 24 bytes)
$Script_Init_Lakitu will be placed at 80252428 (length = 24 bytes)
$Script_Init_Mover will be placed at 8025244C (length = 24 bytes)
$String_CoinsGained will be placed at 80252470 (length = 24 bytes)
$String_Bandit_Defeated10 will be placed at 80252494 (length = 24 bytes)
$String_Bandit_Defeated6 will be placed at 802524B8 (length = 20 bytes)
$String_Bandit_Defeated5 will be placed at 802524D8 (length = 20 bytes)
$Script_EnemyAI will be placed at 802524F8 (length = 20 bytes)
$TotalLevels_CurrentPlaythrough will be placed at 80252518 (length = 1C bytes)
$NpcGroupList_RubyCS will be placed at 80252534 (length = 18 bytes)
$SignString will be placed at 8025254C (length = 18 bytes)
$String_Psst will be placed at 80252564 (length = 10 bytes)
$Script_null will be placed at 80252574 (length = 10 bytes)
$ASCII_"pt81_86_shape"_Literal will be placed at 80252584 (length = 10 bytes)
$Function_ResetCoinsLosted will be placed at 80252594 (length = 10 bytes)
$ASCII_"pt51_56_shape"_Literal will be placed at 802525A4 (length = 10 bytes)
$ASCII_"pt1_6_hit"_Literal will be placed at 802525B4 (length = C bytes)
$NpcGroup7 will be placed at 802525C0 (length = C bytes)
$NpcGroup1 will be placed at 802525CC (length = C bytes)
$ASCII_"pt_100"_Literal will be placed at 802525D8 (length = C bytes)
$ASCII_"dmo_00"_Literal will be placed at 802525E4 (length = C bytes)
$ASCII_"pt1_6_shape"_Literal will be placed at 802525F0 (length = C bytes)
$ASCII_"pt_85"_Literal will be placed at 802525FC (length = 8 bytes)
$ASCII_"pt91_96"_Literal will be placed at 80252604 (length = 8 bytes)
$ASCII_"pt62_67"_Literal will be placed at 8025260C (length = 8 bytes)
$ASCII_"pt33_38"_Literal will be placed at 80252614 (length = 8 bytes)
$ASCII_"pt1_6"_Literal will be placed at 8025261C (length = 8 bytes)
$ASCII_"pt_95"_Literal will be placed at 80252624 (length = 8 bytes)
$ASCII_"pt4_9"_Literal will be placed at 8025262C (length = 8 bytes)
$ASCII_"pt_65"_Literal will be placed at 80252634 (length = 8 bytes)
$ASCII_"pt44_49"_Literal will be placed at 8025263C (length = 8 bytes)
$ASCII_"pt81_86"_Literal will be placed at 80252644 (length = 8 bytes)
$ASCII_"pt_80"_Literal will be placed at 8025264C (length = 8 bytes)
$ASCII_"pt52_57"_Literal will be placed at 80252654 (length = 8 bytes)
$ASCII_"pt23_28"_Literal will be placed at 8025265C (length = 8 bytes)
$ASCII_"pt_50"_Literal will be placed at 80252664 (length = 8 bytes)
$ASCII_"pt83_88"_Literal will be placed at 8025266C (length = 8 bytes)
$ASCII_"pt54_59"_Literal will be placed at 80252674 (length = 8 bytes)
$ASCII_"pt64_69"_Literal will be placed at 8025267C (length = 8 bytes)
$ASCII_"pt72_77"_Literal will be placed at 80252684 (length = 8 bytes)
$ASCII_"pt14_19"_Literal will be placed at 8025268C (length = 8 bytes)
$ASCII_"pt34_39"_Literal will be placed at 80252694 (length = 8 bytes)
$ASCII_"pt22_27"_Literal will be placed at 8025269C (length = 8 bytes)
$ASCII_"pt21_26"_Literal will be placed at 802526A4 (length = 8 bytes)
$ASCII_"pt73_78"_Literal will be placed at 802526AC (length = 8 bytes)
$ASCII_"pt84_89"_Literal will be placed at 802526B4 (length = 8 bytes)
$ASCII_"pt92_97"_Literal will be placed at 802526BC (length = 8 bytes)
$ASCII_"pt_75"_Literal will be placed at 802526C4 (length = 8 bytes)
$ASCII_"pt53_58"_Literal will be placed at 802526CC (length = 8 bytes)
$ASCII_"pt41_46"_Literal will be placed at 802526D4 (length = 8 bytes)
$ASCII_"pt61_66"_Literal will be placed at 802526DC (length = 8 bytes)
$ASCII_"pt32_37"_Literal will be placed at 802526E4 (length = 8 bytes)
$ASCII_"pt_15"_Literal will be placed at 802526EC (length = 8 bytes)
$ASCII_"pt11_16"_Literal will be placed at 802526F4 (length = 8 bytes)
$ASCII_"pt_00"_Literal will be placed at 802526FC (length = 8 bytes)
$ASCII_"pt74_79"_Literal will be placed at 80252704 (length = 8 bytes)
$ASCII_"pt_25"_Literal will be placed at 8025270C (length = 8 bytes)
$ASCII_"pt_35"_Literal will be placed at 80252714 (length = 8 bytes)
$ASCII_"pt71_76"_Literal will be placed at 8025271C (length = 8 bytes)
$ASCII_"pt42_47"_Literal will be placed at 80252724 (length = 8 bytes)
$ASCII_"pt13_18"_Literal will be placed at 8025272C (length = 8 bytes)
$ASCII_"pt_05"_Literal will be placed at 80252734 (length = 8 bytes)
$ASCII_"pt93_98"_Literal will be placed at 8025273C (length = 8 bytes)
$ASCII_"pt43_48"_Literal will be placed at 80252744 (length = 8 bytes)
$ASCII_"pt51_56"_Literal will be placed at 8025274C (length = 8 bytes)
$ASCII_"pt_55"_Literal will be placed at 80252754 (length = 8 bytes)
$ASCII_"pt2_7"_Literal will be placed at 8025275C (length = 8 bytes)
$ASCII_"pt12_17"_Literal will be placed at 80252764 (length = 8 bytes)
$ASCII_"pt3_8"_Literal will be placed at 8025276C (length = 8 bytes)
$ASCII_"pt_10"_Literal will be placed at 80252774 (length = 8 bytes)
$ASCII_"tik_tex"_Literal will be placed at 8025277C (length = 8 bytes)
$ASCII_"pt31_36"_Literal will be placed at 80252784 (length = 8 bytes)
$ASCII_"pt63_68"_Literal will be placed at 8025278C (length = 8 bytes)
$ASCII_"pt94_99"_Literal will be placed at 80252794 (length = 8 bytes)
$ASCII_"pt82_87"_Literal will be placed at 8025279C (length = 8 bytes)
$ASCII_"pt_45"_Literal will be placed at 802527A4 (length = 8 bytes)
$ASCII_"pt24_29"_Literal will be placed at 802527AC (length = 8 bytes)
$MoverCancel will be placed at 802527B4 (length = 4 bytes)
$BanditMoverCancel will be placed at 802527B8 (length = 4 bytes)
$CloseDialogBubble will be placed at 802527BC (length = 4 bytes)
Executing patch: pt73_78.mpat
Creating struct: $DeepestLevel
Creating struct: $TotalLevels_Sign
Creating struct: $TotalLevels_CurrentPlaythrough
Creating struct: $LoadHighscores
Creating struct: $FallingDownPipe
Creating struct: $Function_GetPos
Creating struct: $Function2
Creating struct: $SetSpawns
Creating struct: $Script_Set_Formation
Creating struct: $Function_OverwriteBattleID
Creating struct: $Script_SetMover
Creating struct: $Script_MapID_Converter
Creating struct: $Script_LoadOdds
Creating struct: $Script_LoadMoverType
Creating struct: $Script_SpawnMover
Creating struct: $Script_SetNPCPos
Creating struct: $Function_Load_MapID
Creating struct: $SwitchPath
Creating struct: $VectorList_SwitchPath
Creating struct: $GetPos
Creating struct: $DispawnPartner
Creating struct: $RespawnPartner
Creating struct: $LoadMap
Creating struct: $GetFloor
Creating struct: $LoadMapBandit
Creating struct: $GetFloorBandit
Creating struct: $SetSpawnsSpecial
Creating struct: $Script_SetMover_Special
Creating struct: $Script_SpawnMover_Special
Creating struct: $Script_Set_SpecialFormation
Creating struct: $Function_LoadCoinsInToVar1
Creating struct: $Script_SetSpawnPosition
Creating struct: $Script_Init_EnemyNPC
Creating struct: $Script_Init_Lakitu
Creating struct: $Script_TrackOutcome
Creating struct: $Script_LakituOutcome
Creating struct: $Script_FloorEnemy_Idle
Creating struct: $Script_Rogue_GiveTotalCoins
Creating struct: $Script_SetEnemyIdle
Creating struct: $Script_AddCoins
Creating struct: $NPC_Settings_Sack
Creating struct: $Script_Init_Bag
Creating struct: $Script_Init_Bag_HitBox
Creating struct: $Script_NPC_SackHit_Init
Creating struct: $Script_NPC_Sack_FX
Creating struct: $NPC_Sack_AnimationStart
Creating struct: $NPC_Sack_AnimationEnd
Creating struct: $Script_SackAnimation_SackAppears_100
Creating struct: $Script_SackAnimation_Start_GoToTheRight
Creating struct: $Script_SackAnimation_Start_GoToTheLeft
Creating struct: $Script_SackAnimation_End_Right
Creating struct: $Script_SackAnimation_End_Left
Creating struct: $Function_LoadMarioCoins
Creating struct: $Function_LoadCoinsLosted
Creating struct: $Function_SaveCoinsLosted
Creating struct: $Function_ResetCoinsLosted
Creating struct: $Function_LoadGainedCoins
Creating struct: $Function_RevivePlayer
Creating struct: $AISettings_MoneySack
Creating struct: $Script_NpcAI_MoneySack
Creating struct: $JumpTable_80242448
Creating struct: $Function_NpcAI_MoneySack
Creating struct: $Function_80240260
Creating struct: $Function_80240844
Creating struct: $Function_802409A8
Creating struct: $Script_TrackPlayer
Creating struct: $Script_PipeAnimation
Creating struct: $Function_SetAnimation
Creating struct: $Function_GetColliderPos
Creating struct: $Function_TrackInput
Creating struct: $GoToNextLevel
Creating struct: $GetFloorSign
Creating struct: $GetFloorSign_Rogue
Creating struct: $Function_GetTattle1
Creating struct: $Function_GetTattle2
Creating struct: $Script_ReadSign
Creating struct: $NpcSettings_Blank
Creating struct: $NpcGroup_Spring1
Creating struct: $NpcGroup_Spring2
Creating struct: $NpcGroup_Spring3
Creating struct: $NpcGroup_Spring4
Creating struct: $NpcGroup_Spring5
Creating struct: $NpcGroup_Spring6
Creating struct: $NpcGroup_Spring7
Creating struct: $NpcGroup_Spring8
Creating struct: $NpcGroup_Spring9
Creating struct: $NpcGroup_Spring10
Creating struct: $Header
Creating struct: $Script_Main2_Wait
Creating struct: $Script_Main2_Exec
Creating struct: $Script_TrackEvents
Creating struct: $Script_Cutscene_Event
Creating struct: $SkipCutscene_Event
Creating struct: $Script_ZoomIn_Camera_X
Creating struct: $Script_Cutscene_Ruby_Init
Creating struct: $Script_Cutscene_Ruby2
Creating struct: $NpcGroupList_RubyCS
Creating struct: $NpcGroup_RubyCS
Creating struct: $NpcSettings_Generic
Creating struct: $Script_null
Creating struct: $Script_SpawnNPCs
Creating struct: $Function_ResetEnemiesFlag
Creating struct: $EntryList
Creating struct: $Function_Init
Creating struct: $NpcGroup_Mover
Creating struct: $BlankSettings
Creating struct: $Script_Init_Mover
Creating struct: $Interact_Mover
Creating struct: $Script_MoverWarpAnimation
Creating struct: $SkipCutscene_MoverWarpAnimation
Creating struct: $NpcGroup_BanditMover
Creating struct: $Script_Init_BanditMover
Creating struct: $Script_Bandit_StartBattle
Creating struct: $Interact_BanditMover
Creating struct: $Script_Warning_Mario
Creating struct: $Script_NoThanks_Bandit
Creating struct: $Script_ZoomIn_Camera
Creating struct: $Script_ZoomIn_Camera_2
Creating struct: $Script_ZoomIn_Camera_3
Creating struct: $NpcGroup_MoneyBag
Creating struct: $Script_SetPipesPosition
Creating struct: $Script_DisableNumbers
Creating struct: $Script_SetFloorNumbers
Creating struct: $Script_CheckBanditStatus1
Creating struct: $Script_Cutscene_BanditStatus1
Creating struct: $Script_CheckBanditStatus2
Creating struct: $Script_TrackOutcome_Bandit
Creating struct: $Script_Cutscene_BanditDefeated
Creating struct: $SkipCutscene_BanditDefeated
Creating struct: $Script_AddCoins_Bandit
Creating struct: $Function_LoadPath
Creating struct: $Script_ClosePartnerDialog
Creating struct: $PipeSpawning
Creating struct: $EnablePipeCollider
Creating struct: $Script_MakeEntities
Creating struct: $CommingDownPipe
Creating struct: $Function_TimerCurrentFloor
Creating struct: $Script_MakeExits
Creating struct: $Script_Exit0
Creating struct: $Script_Main
Creating struct: $NpcGroups
Creating struct: $NpcGroup1
Creating struct: $NpcGroup7
Creating struct: $NpcGroup_Enemy1
Creating struct: $NpcSettings_Enemy1
Creating struct: $Script_EnemyAI
Creating struct: $AISettings_Enemy
Creating struct: $ConstDouble_80244CB0
Creating struct: $ConstDouble_80244CB8
Creating struct: $ConstDouble_80244CC0
Creating struct: $FloatTable_80242EF0
Creating struct: $JumpTable_80244CC8
Creating struct: $Function_802416AC
Creating struct: $Function_80241588
Creating struct: $Function_802403A0
Creating struct: $Function_80240550
Creating struct: $Function_80240B78
Creating struct: $Function_80240C38
Creating struct: $Function_80240F7C
Creating struct: $Function_80240FF4
Creating struct: $Function_80241060
Creating struct: $Function_80241194
Creating struct: $Function_802411F8
Creating struct: $Script_DisableEnemyAI
Creating struct: $AISettings_DisableEnemy
Merged 1 regions to 1
$Script_SetFloorNumbers will be placed at 80240000 (length = 128C bytes)
$NpcGroup_RubyCS will be placed at 8024128C (length = 1170 bytes)
$LoadMap will be placed at 802423FC (length = C04 bytes)
$LoadMapBandit will be placed at 80243000 (length = B80 bytes)
$GoToNextLevel will be placed at 80243B80 (length = B10 bytes)
$Script_Cutscene_BanditDefeated will be placed at 80244690 (length = B08 bytes)
$Script_SetEnemyIdle will be placed at 80245198 (length = 674 bytes)
$Function_80240550 will be placed at 8024580C (length = 624 bytes)
$Script_MapID_Converter will be placed at 80245E30 (length = 60C bytes)
$Script_Warning_Mario will be placed at 8024643C (length = 608 bytes)
$Function_80240260 will be placed at 80246A44 (length = 5E4 bytes)
$Script_SetNPCPos will be placed at 80247028 (length = 4D0 bytes)
$Script_Cutscene_Ruby_Init will be placed at 802474F8 (length = 490 bytes)
$FallingDownPipe will be placed at 80247988 (length = 418 bytes)
$Script_TrackEvents will be placed at 80247DA0 (length = 410 bytes)
$NpcGroup_MoneyBag will be placed at 802481B0 (length = 3E0 bytes)
$Interact_BanditMover will be placed at 80248590 (length = 3D8 bytes)
$Script_CheckBanditStatus2 will be placed at 80248968 (length = 3D8 bytes)
$SkipCutscene_BanditDefeated will be placed at 80248D40 (length = 3D8 bytes)
$Interact_Mover will be placed at 80249118 (length = 3CC bytes)
$Script_Set_SpecialFormation will be placed at 802494E4 (length = 3B4 bytes)
$Function_802411F8 will be placed at 80249898 (length = 390 bytes)
$Script_FloorEnemy_Idle will be placed at 80249C28 (length = 388 bytes)
$Function_80240C38 will be placed at 80249FB0 (length = 344 bytes)
$Script_TrackOutcome_Bandit will be placed at 8024A2F4 (length = 330 bytes)
$Script_LakituOutcome will be placed at 8024A624 (length = 30C bytes)
$Script_Rogue_GiveTotalCoins will be placed at 8024A930 (length = 2FC bytes)
$Script_Set_Formation will be placed at 8024AC2C (length = 2D4 bytes)
$PipeSpawning will be placed at 8024AF00 (length = 2A0 bytes)
$Script_TrackOutcome will be placed at 8024B1A0 (length = 288 bytes)
$Script_Cutscene_Ruby2 will be placed at 8024B428 (length = 258 bytes)
$Function_NpcAI_MoneySack will be placed at 8024B680 (length = 238 bytes)
$Script_SackAnimation_Start_GoToTheRight will be placed at 8024B8B8 (length = 230 bytes)
$Script_SetSpawnPosition will be placed at 8024BAE8 (length = 228 bytes)
$Script_Main2_Exec will be placed at 8024BD10 (length = 228 bytes)
$Script_Cutscene_BanditStatus1 will be placed at 8024BF38 (length = 21C bytes)
$Script_LoadMoverType will be placed at 8024C154 (length = 214 bytes)
$Script_NoThanks_Bandit will be placed at 8024C368 (length = 210 bytes)
$Script_SackAnimation_Start_GoToTheLeft will be placed at 8024C578 (length = 1F8 bytes)
$NpcGroup_Spring10 will be placed at 8024C770 (length = 1F0 bytes)
$NpcGroup_Enemy1 will be placed at 8024C960 (length = 1F0 bytes)
$NpcGroup_Spring1 will be placed at 8024CB50 (length = 1F0 bytes)
$NpcGroup_Spring2 will be placed at 8024CD40 (length = 1F0 bytes)
$NpcGroup_Spring3 will be placed at 8024CF30 (length = 1F0 bytes)
$NpcGroup_Spring4 will be placed at 8024D120 (length = 1F0 bytes)
$NpcGroup_Spring5 will be placed at 8024D310 (length = 1F0 bytes)
$NpcGroup_Spring6 will be placed at 8024D500 (length = 1F0 bytes)
$NpcGroup_Spring7 will be placed at 8024D6F0 (length = 1F0 bytes)
$NpcGroup_Spring8 will be placed at 8024D8E0 (length = 1F0 bytes)
$NpcGroup_Spring9 will be placed at 8024DAD0 (length = 1F0 bytes)
$NpcGroup_Mover will be placed at 8024DCC0 (length = 1F0 bytes)
$NpcGroup_BanditMover will be placed at 8024DEB0 (length = 1F0 bytes)
$Function_802416AC will be placed at 8024E0A0 (length = 1EC bytes)
$Script_PipeAnimation will be placed at 8024E28C (length = 1C4 bytes)
$Function_802403A0 will be placed at 8024E450 (length = 1B0 bytes)
$Script_Cutscene_Event will be placed at 8024E600 (length = 198 bytes)
$Script_NPC_SackHit_Init will be placed at 8024E798 (length = 198 bytes)
$Script_ClosePartnerDialog will be placed at 8024E930 (length = 194 bytes)
$JumpTable_80242448 will be placed at 8024EAC4 (length = 190 bytes)
$SkipCutscene_Event will be placed at 8024EC54 (length = 188 bytes)
$Script_SpawnNPCs will be placed at 8024EDDC (length = 174 bytes)
$NPC_Sack_AnimationStart will be placed at 8024EF50 (length = 168 bytes)
$Function_80240844 will be placed at 8024F0B8 (length = 164 bytes)
$Script_SackAnimation_End_Right will be placed at 8024F21C (length = 158 bytes)
$Script_SackAnimation_End_Left will be placed at 8024F374 (length = 150 bytes)
$Script_TrackPlayer will be placed at 8024F4C4 (length = 144 bytes)
$Script_CheckBanditStatus1 will be placed at 8024F608 (length = 13C bytes)
$MapTattle5 will be placed at 8024F744 (length = 13C bytes)
$Function_80241060 will be placed at 8024F880 (length = 134 bytes)
$MapTattle4 will be placed at 8024F9B4 (length = 130 bytes)
$Function_80241588 will be placed at 8024FAE4 (length = 124 bytes)
$BanditMover_Tattle will be placed at 8024FC08 (length = 11C bytes)
$Function_LoadPath will be placed at 8024FD24 (length = 114 bytes)
$Script_SackAnimation_SackAppears_100 will be placed at 8024FE38 (length = 100 bytes)
$String_Partner_Event_1 will be placed at 8024FF38 (length = FC bytes)
$Script_Main2_Wait will be placed at 80250034 (length = F4 bytes)
$String_Warning2 will be placed at 80250128 (length = F0 bytes)
$Script_SetMover_Special will be placed at 80250218 (length = EC bytes)
$SetSpawnsSpecial will be placed at 80250304 (length = E8 bytes)
$SetSpawns will be placed at 802503EC (length = E8 bytes)
$String_Warning1 will be placed at 802504D4 (length = E8 bytes)
$DeepestLevel will be placed at 802505BC (length = E4 bytes)
$Function_GetColliderPos will be placed at 802506A0 (length = E0 bytes)
$Function_GetPos will be placed at 80250780 (length = E0 bytes)
$TotalLevels_Sign will be placed at 80250860 (length = DC bytes)
$Script_SpawnMover_Special will be placed at 8025093C (length = DC bytes)
$GetFloor will be placed at 80250A18 (length = DC bytes)
$Script_DisableNumbers will be placed at 80250AF4 (length = D8 bytes)
$MapTattle2 will be placed at 80250BCC (length = D4 bytes)
$NPC_Sack_AnimationEnd will be placed at 80250CA0 (length = D4 bytes)
$Script_SetMover will be placed at 80250D74 (length = D0 bytes)
$GetFloorBandit will be placed at 80250E44 (length = D0 bytes)
$Script_AddCoins_Bandit will be placed at 80250F14 (length = C8 bytes)
$GetPos will be placed at 80250FDC (length = C8 bytes)
$SkipCutscene_MoverWarpAnimation will be placed at 802510A4 (length = C4 bytes)
$Function_Init will be placed at 80251168 (length = C4 bytes)
$MoverStart will be placed at 8025122C (length = C0 bytes)
$Function_80240B78 will be placed at 802512EC (length = C0 bytes)
$String_Warning3 will be placed at 802513AC (length = C0 bytes)
$Script_ZoomIn_Camera_3 will be placed at 8025146C (length = BC bytes)
$Script_ZoomIn_Camera_2 will be placed at 80251528 (length = BC bytes)
$Script_ZoomIn_Camera will be placed at 802515E4 (length = BC bytes)
$Function_TrackInput will be placed at 802516A0 (length = BC bytes)
$String_Bandit_Defeated4 will be placed at 8025175C (length = B8 bytes)
$Script_MoverWarpAnimation will be placed at 80251814 (length = B8 bytes)
$Script_NpcAI_MoneySack will be placed at 802518CC (length = B8 bytes)
$NpcGroups will be placed at 80251984 (length = B4 bytes)
$Script_SpawnMover will be placed at 80251A38 (length = B4 bytes)
$BanditMoverStart will be placed at 80251AEC (length = B4 bytes)
$MapTattle3 will be placed at 80251BA0 (length = B0 bytes)
$Script_LoadOdds will be placed at 80251C50 (length = B0 bytes)
$Script_SetPipesPosition will be placed at 80251D00 (length = B0 bytes)
$LoadHighscores will be placed at 80251DB0 (length = B0 bytes)
$MapTattle1 will be placed at 80251E60 (length = A8 bytes)
$Script_AddCoins will be placed at 80251F08 (length = A8 bytes)
$SwitchPath will be placed at 80251FB0 (length = A4 bytes)
$Script_NPC_Sack_FX will be placed at 80252054 (length = A4 bytes)
$Tattle_Springkeeper will be placed at 802520F8 (length = A4 bytes)
$Script_ReadSign will be placed at 8025219C (length = A0 bytes)
$Script_ZoomIn_Camera_X will be placed at 8025223C (length = A0 bytes)
$String_Bandit_Defeated9 will be placed at 802522DC (length = 9C bytes)
$Script_Bandit_StartBattle will be placed at 80252378 (length = 9C bytes)
$Script_Main will be placed at 80252414 (length = 9C bytes)
$Mover_Tattle will be placed at 802524B0 (length = 94 bytes)
$String_Bandit_Defeated3 will be placed at 80252544 (length = 90 bytes)
$String_Bandit_Defeated8 will be placed at 802525D4 (length = 8C bytes)
$BanditMover_Options2 will be placed at 80252660 (length = 84 bytes)
$BanditMover_Options will be placed at 802526E4 (length = 84 bytes)
$String_Okay will be placed at 80252768 (length = 80 bytes)
$Function_TimerCurrentFloor will be placed at 802527E8 (length = 7C bytes)
$SignStringBug will be placed at 80252864 (length = 7C bytes)
$String_Rogue_CoinsGained_Success will be placed at 802528E0 (length = 78 bytes)
$Function_80240F7C will be placed at 80252958 (length = 78 bytes)
$Mover_Options will be placed at 802529D0 (length = 78 bytes)
$Script_EnemyAI will be placed at 80252A48 (length = 70 bytes)
$Function2 will be placed at 80252AB8 (length = 6C bytes)
$Function_SetAnimation will be placed at 80252B24 (length = 6C bytes)
$Function_80240FF4 will be placed at 80252B90 (length = 6C bytes)
$String_Bandit_Defeated1 will be placed at 80252BFC (length = 68 bytes)
$CommingDownPipe will be placed at 80252C64 (length = 68 bytes)
$MoverEnd will be placed at 80252CCC (length = 68 bytes)
$BanditMoverEnd will be placed at 80252D34 (length = 68 bytes)
$String_Bandit_Defeated_Partner3 will be placed at 80252D9C (length = 64 bytes)
$String_Bandit_Defeated_Partner2 will be placed at 80252E00 (length = 64 bytes)
$Function_80241194 will be placed at 80252E64 (length = 64 bytes)
$Function_GetTattle1 will be placed at 80252EC8 (length = 60 bytes)
$Function_OverwriteBattleID will be placed at 80252F28 (length = 60 bytes)
$String_Bandit_Confrontation1 will be placed at 80252F88 (length = 5C bytes)
$BanditMoverNoCoins will be placed at 80252FE4 (length = 58 bytes)
$MoverNoCoins will be placed at 8025303C (length = 58 bytes)
$String_Bandit_Defeated7 will be placed at 80253094 (length = 50 bytes)
$String_Bandit_Defeated_Partner4 will be placed at 802530E4 (length = 50 bytes)
$EntryList will be placed at 80253134 (length = 50 bytes)
$String_NoThanks will be placed at 80253184 (length = 50 bytes)
$Script_Init_BanditMover will be placed at 802531D4 (length = 4C bytes)
$GetFloorSign will be placed at 80253220 (length = 48 bytes)
$Function_Load_MapID will be placed at 80253268 (length = 48 bytes)
$GetFloorSign_Rogue will be placed at 802532B0 (length = 48 bytes)
$Script_MakeEntities will be placed at 802532F8 (length = 44 bytes)
$Function_802409A8 will be placed at 8025333C (length = 44 bytes)
$Function_LoadCoinsInToVar1 will be placed at 80253380 (length = 44 bytes)
$String_Bandit_Defeated_Partner1 will be placed at 802533C4 (length = 40 bytes)
$Header will be placed at 80253404 (length = 40 bytes)
$Function_LoadCoinsLosted will be placed at 80253444 (length = 40 bytes)
$Function_LoadMarioCoins will be placed at 80253484 (length = 40 bytes)
$Function_LoadGainedCoins will be placed at 802534C4 (length = 40 bytes)
$Function_GetTattle2 will be placed at 80253504 (length = 3C bytes)
$JumpTable_80244CC8 will be placed at 80253540 (length = 3C bytes)
$Script_Exit0 will be placed at 8025357C (length = 3C bytes)
$Script_Init_Bag will be placed at 802535B8 (length = 38 bytes)
$Script_Init_Bag_HitBox will be placed at 802535F0 (length = 38 bytes)
$String_Bandit_Confrotation_Bye will be placed at 80253628 (length = 34 bytes)
$DispawnPartner will be placed at 8025365C (length = 34 bytes)
$String_Whatever will be placed at 80253690 (length = 30 bytes)
$EnablePipeCollider will be placed at 802536C0 (length = 30 bytes)
$AISettings_MoneySack will be placed at 802536F0 (length = 30 bytes)
$String_Bandit_Defeated2 will be placed at 80253720 (length = 30 bytes)
$AISettings_Enemy will be placed at 80253750 (length = 30 bytes)
$RespawnPartner will be placed at 80253780 (length = 30 bytes)
$AISettings_DisableEnemy will be placed at 802537B0 (length = 30 bytes)
$NPC_Settings_Sack will be placed at 802537E0 (length = 2C bytes)
$NpcSettings_Generic will be placed at 8025380C (length = 2C bytes)
$NpcSettings_Enemy1 will be placed at 80253838 (length = 2C bytes)
$Function_RevivePlayer will be placed at 80253864 (length = 2C bytes)
$NpcSettings_Blank will be placed at 80253890 (length = 2C bytes)
$BlankSettings will be placed at 802538BC (length = 2C bytes)
$Script_MakeExits will be placed at 802538E8 (length = 2C bytes)
$Function_ResetEnemiesFlag will be placed at 80253914 (length = 2C bytes)
$String_List_NoYes will be placed at 80253940 (length = 28 bytes)
$Function_SaveCoinsLosted will be placed at 80253968 (length = 28 bytes)
$String_List_YesNo will be placed at 80253990 (length = 28 bytes)
$Script_Init_EnemyNPC will be placed at 802539B8 (length = 24 bytes)
$VectorList_SwitchPath will be placed at 802539DC (length = 24 bytes)
$Script_Init_Lakitu will be placed at 80253A00 (length = 24 bytes)
$Script_Init_Mover will be placed at 80253A24 (length = 24 bytes)
$String_CoinsGained will be placed at 80253A48 (length = 24 bytes)
$String_Bandit_Defeated10 will be placed at 80253A6C (length = 24 bytes)
$String_Bandit_Defeated6 will be placed at 80253A90 (length = 20 bytes)
$String_Bandit_Defeated5 will be placed at 80253AB0 (length = 20 bytes)
$Script_DisableEnemyAI will be placed at 80253AD0 (length = 20 bytes)
$TotalLevels_CurrentPlaythrough will be placed at 80253AF0 (length = 1C bytes)
$NpcGroupList_RubyCS will be placed at 80253B0C (length = 18 bytes)
$FloatTable_80242EF0 will be placed at 80253B24 (length = 18 bytes)
$SignString will be placed at 80253B3C (length = 18 bytes)
$String_Psst will be placed at 80253B54 (length = 10 bytes)
$Script_null will be placed at 80253B64 (length = 10 bytes)
$ASCII_"pt81_86_shape"_Literal will be placed at 80253B74 (length = 10 bytes)
$Function_ResetCoinsLosted will be placed at 80253B84 (length = 10 bytes)
$ASCII_"pt51_56_shape"_Literal will be placed at 80253B94 (length = 10 bytes)
$ASCII_"pt1_6_hit"_Literal will be placed at 80253BA4 (length = C bytes)
$NpcGroup7 will be placed at 80253BB0 (length = C bytes)
$NpcGroup1 will be placed at 80253BBC (length = C bytes)
$ASCII_"pt_100"_Literal will be placed at 80253BC8 (length = C bytes)
$ASCII_"dmo_00"_Literal will be placed at 80253BD4 (length = C bytes)
$ASCII_"pt1_6_shape"_Literal will be placed at 80253BE0 (length = C bytes)
$ASCII_"pt_85"_Literal will be placed at 80253BEC (length = 8 bytes)
$ASCII_"pt91_96"_Literal will be placed at 80253BF4 (length = 8 bytes)
$ASCII_"pt62_67"_Literal will be placed at 80253BFC (length = 8 bytes)
$ASCII_"pt33_38"_Literal will be placed at 80253C04 (length = 8 bytes)
$ASCII_"pt1_6"_Literal will be placed at 80253C0C (length = 8 bytes)
$ASCII_"pt_95"_Literal will be placed at 80253C14 (length = 8 bytes)
$ASCII_"pt4_9"_Literal will be placed at 80253C1C (length = 8 bytes)
$ASCII_"pt_65"_Literal will be placed at 80253C24 (length = 8 bytes)
$ASCII_"pt44_49"_Literal will be placed at 80253C2C (length = 8 bytes)
$ASCII_"pt81_86"_Literal will be placed at 80253C34 (length = 8 bytes)
$ASCII_"pt_80"_Literal will be placed at 80253C3C (length = 8 bytes)
$ASCII_"pt52_57"_Literal will be placed at 80253C44 (length = 8 bytes)
$ASCII_"pt23_28"_Literal will be placed at 80253C4C (length = 8 bytes)
$ASCII_"pt_50"_Literal will be placed at 80253C54 (length = 8 bytes)
$ASCII_"pt83_88"_Literal will be placed at 80253C5C (length = 8 bytes)
$ASCII_"pt54_59"_Literal will be placed at 80253C64 (length = 8 bytes)
$ASCII_"pt64_69"_Literal will be placed at 80253C6C (length = 8 bytes)
$ASCII_"pt72_77"_Literal will be placed at 80253C74 (length = 8 bytes)
$ASCII_"pt14_19"_Literal will be placed at 80253C7C (length = 8 bytes)
$ASCII_"pt34_39"_Literal will be placed at 80253C84 (length = 8 bytes)
$ASCII_"pt22_27"_Literal will be placed at 80253C8C (length = 8 bytes)
$ASCII_"pt21_26"_Literal will be placed at 80253C94 (length = 8 bytes)
$ASCII_"pt73_78"_Literal will be placed at 80253C9C (length = 8 bytes)
$ASCII_"pt84_89"_Literal will be placed at 80253CA4 (length = 8 bytes)
$ASCII_"pt92_97"_Literal will be placed at 80253CAC (length = 8 bytes)
$ASCII_"pt_75"_Literal will be placed at 80253CB4 (length = 8 bytes)
$ASCII_"pt53_58"_Literal will be placed at 80253CBC (length = 8 bytes)
$ASCII_"pt41_46"_Literal will be placed at 80253CC4 (length = 8 bytes)
$ASCII_"pt61_66"_Literal will be placed at 80253CCC (length = 8 bytes)
$ASCII_"pt32_37"_Literal will be placed at 80253CD4 (length = 8 bytes)
$ASCII_"pt_15"_Literal will be placed at 80253CDC (length = 8 bytes)
$ASCII_"pt11_16"_Literal will be placed at 80253CE4 (length = 8 bytes)
$ASCII_"pt_00"_Literal will be placed at 80253CEC (length = 8 bytes)
$ASCII_"pt74_79"_Literal will be placed at 80253CF4 (length = 8 bytes)
$ASCII_"pt_25"_Literal will be placed at 80253CFC (length = 8 bytes)
$ASCII_"pt_35"_Literal will be placed at 80253D04 (length = 8 bytes)
$ASCII_"pt71_76"_Literal will be placed at 80253D0C (length = 8 bytes)
$ASCII_"pt42_47"_Literal will be placed at 80253D14 (length = 8 bytes)
$ASCII_"pt13_18"_Literal will be placed at 80253D1C (length = 8 bytes)
$ASCII_"pt_05"_Literal will be placed at 80253D24 (length = 8 bytes)
$ASCII_"pt93_98"_Literal will be placed at 80253D2C (length = 8 bytes)
$ASCII_"pt43_48"_Literal will be placed at 80253D34 (length = 8 bytes)
$ASCII_"pt51_56"_Literal will be placed at 80253D3C (length = 8 bytes)
$ASCII_"pt_55"_Literal will be placed at 80253D44 (length = 8 bytes)
$ASCII_"pt2_7"_Literal will be placed at 80253D4C (length = 8 bytes)
$ASCII_"pt12_17"_Literal will be placed at 80253D54 (length = 8 bytes)
$ASCII_"pt3_8"_Literal will be placed at 80253D5C (length = 8 bytes)
$ASCII_"pt_10"_Literal will be placed at 80253D64 (length = 8 bytes)
$ASCII_"tik_tex"_Literal will be placed at 80253D6C (length = 8 bytes)
$ASCII_"pt31_36"_Literal will be placed at 80253D74 (length = 8 bytes)
$ConstDouble_80244CC0 will be placed at 80253D80 (length = 8 bytes)
$ASCII_"pt63_68"_Literal will be placed at 80253D88 (length = 8 bytes)
$ASCII_"pt94_99"_Literal will be placed at 80253D90 (length = 8 bytes)
$ASCII_"pt82_87"_Literal will be placed at 80253D98 (length = 8 bytes)
$ConstDouble_80244CB8 will be placed at 80253DA0 (length = 8 bytes)
$ASCII_"pt_45"_Literal will be placed at 80253DA8 (length = 8 bytes)
$ASCII_"pt24_29"_Literal will be placed at 80253DB0 (length = 8 bytes)
$ConstDouble_80244CB0 will be placed at 80253DB8 (length = 8 bytes)
$MoverCancel will be placed at 80253D7C (length = 4 bytes)
$BanditMoverCancel will be placed at 80253DC0 (length = 4 bytes)
$CloseDialogBubble will be placed at 80253DC4 (length = 4 bytes)
Executing patch: pt74_79.mpat
Creating struct: $DeepestLevel
Creating struct: $TotalLevels_Sign
Creating struct: $TotalLevels_CurrentPlaythrough
Creating struct: $LoadHighscores
Creating struct: $FallingDownPipe
Creating struct: $Function_GetPos
Creating struct: $Function2
Creating struct: $SetSpawns
Creating struct: $Script_Set_Formation
Creating struct: $Function_OverwriteBattleID
Creating struct: $Script_SetMover
Creating struct: $Script_MapID_Converter
Creating struct: $Script_LoadOdds
Creating struct: $Script_LoadMoverType
Creating struct: $Script_SpawnMover
Creating struct: $Script_SetNPCPos
Creating struct: $Function_Load_MapID
Creating struct: $SwitchPath
Creating struct: $VectorList_SwitchPath
Creating struct: $GetPos
Creating struct: $DispawnPartner
Creating struct: $RespawnPartner
Creating struct: $LoadMap
Creating struct: $GetFloor
Creating struct: $LoadMapBandit
Creating struct: $GetFloorBandit
Creating struct: $SetSpawnsSpecial
Creating struct: $Script_SetMover_Special
Creating struct: $Script_SpawnMover_Special
Creating struct: $Script_Set_SpecialFormation
Creating struct: $Function_LoadCoinsInToVar1
Creating struct: $Script_SetSpawnPosition
Creating struct: $Script_Init_EnemyNPC
Creating struct: $Script_Init_Lakitu
Creating struct: $Script_TrackOutcome
Creating struct: $Script_LakituOutcome
Creating struct: $Script_FloorEnemy_Idle
Creating struct: $Script_Rogue_GiveTotalCoins
Creating struct: $Script_SetEnemyIdle
Creating struct: $Script_AddCoins
Creating struct: $NPC_Settings_Sack
Creating struct: $Script_Init_Bag
Creating struct: $Script_Init_Bag_HitBox
Creating struct: $Script_NPC_SackHit_Init
Creating struct: $Script_NPC_Sack_FX
Creating struct: $NPC_Sack_AnimationStart
Creating struct: $NPC_Sack_AnimationEnd
Creating struct: $Script_SackAnimation_SackAppears_100
Creating struct: $Script_SackAnimation_Start_GoToTheRight
Creating struct: $Script_SackAnimation_Start_GoToTheLeft
Creating struct: $Script_SackAnimation_End_Right
Creating struct: $Script_SackAnimation_End_Left
Creating struct: $Function_LoadMarioCoins
Creating struct: $Function_LoadCoinsLosted
Creating struct: $Function_SaveCoinsLosted
Creating struct: $Function_ResetCoinsLosted
Creating struct: $Function_LoadGainedCoins
Creating struct: $Function_RevivePlayer
Creating struct: $AISettings_MoneySack
Creating struct: $Script_NpcAI_MoneySack
Creating struct: $JumpTable_80242448
Creating struct: $Function_NpcAI_MoneySack
Creating struct: $Function_80240260
Creating struct: $Function_80240844
Creating struct: $Function_802409A8
Creating struct: $Script_TrackPlayer
Creating struct: $Script_PipeAnimation
Creating struct: $Function_SetAnimation
Creating struct: $Function_GetColliderPos
Creating struct: $Function_TrackInput
Creating struct: $GoToNextLevel
Creating struct: $GetFloorSign
Creating struct: $GetFloorSign_Rogue
Creating struct: $Function_GetTattle1
Creating struct: $Function_GetTattle2
Creating struct: $Script_ReadSign
Creating struct: $NpcSettings_Blank
Creating struct: $NpcGroup_Spring1
Creating struct: $NpcGroup_Spring2
Creating struct: $NpcGroup_Spring3
Creating struct: $NpcGroup_Spring4
Creating struct: $NpcGroup_Spring5
Creating struct: $NpcGroup_Spring6
Creating struct: $NpcGroup_Spring7
Creating struct: $NpcGroup_Spring8
Creating struct: $NpcGroup_Spring9
Creating struct: $NpcGroup_Spring10
Creating struct: $Header
Creating struct: $Script_Main2_Wait
Creating struct: $Script_Main2_Exec
Creating struct: $Script_TrackEvents
Creating struct: $Script_Cutscene_Event
Creating struct: $SkipCutscene_Event
Creating struct: $Script_ZoomIn_Camera_X
Creating struct: $Script_Cutscene_Ruby_Init
Creating struct: $Script_Cutscene_Ruby2
Creating struct: $NpcGroupList_RubyCS
Creating struct: $NpcGroup_RubyCS
Creating struct: $NpcSettings_Generic
Creating struct: $Script_null
Creating struct: $Script_SpawnNPCs
Creating struct: $Function_ResetEnemiesFlag
Creating struct: $EntryList
Creating struct: $Function_Init
Creating struct: $NpcGroup_Mover
Creating struct: $BlankSettings
Creating struct: $Script_Init_Mover
Creating struct: $Interact_Mover
Creating struct: $Script_MoverWarpAnimation
Creating struct: $SkipCutscene_MoverWarpAnimation
Creating struct: $NpcGroup_BanditMover
Creating struct: $Script_Init_BanditMover
Creating struct: $Script_Bandit_StartBattle
Creating struct: $Interact_BanditMover
Creating struct: $Script_Warning_Mario
Creating struct: $Script_NoThanks_Bandit
Creating struct: $Script_ZoomIn_Camera
Creating struct: $Script_ZoomIn_Camera_2
Creating struct: $Script_ZoomIn_Camera_3
Creating struct: $NpcGroup_MoneyBag
Creating struct: $Script_SetPipesPosition
Creating struct: $Script_DisableNumbers
Creating struct: $Script_SetFloorNumbers
Creating struct: $Script_CheckBanditStatus1
Creating struct: $Script_Cutscene_BanditStatus1
Creating struct: $Script_CheckBanditStatus2
Creating struct: $Script_TrackOutcome_Bandit
Creating struct: $Script_Cutscene_BanditDefeated
Creating struct: $SkipCutscene_BanditDefeated
Creating struct: $Script_AddCoins_Bandit
Creating struct: $Function_LoadPath
Creating struct: $Script_ClosePartnerDialog
Creating struct: $PipeSpawning
Creating struct: $EnablePipeCollider
Creating struct: $Script_MakeEntities
Creating struct: $CommingDownPipe
Creating struct: $Function_TimerCurrentFloor
Creating struct: $Script_MakeExits
Creating struct: $Script_Exit0
Creating struct: $Script_Main
Creating struct: $NpcGroup1
Creating struct: $NpcGroup7
Creating struct: $NpcGroups
Creating struct: $ExtraAnimationList_802418AC
Creating struct: $ExtraAnimationList_802418D4
Creating struct: $NpcGroup_Enemy1
Creating struct: $NpcSettings_Enemy1
Creating struct: $NpcSettings_Enemy1B
Creating struct: $Script_EnemyAI
Creating struct: $Script_EnemyBAI
Creating struct: $AISettings_Enemy
Creating struct: $Function_8024130C
Creating struct: $ConstDouble_80242510
Creating struct: $JumpTable_80242518
Creating struct: $Function_8024156C
Creating struct: $Function_80241158
Creating struct: $Function_80240F50
Creating struct: $Function_80240FBC
Creating struct: $Function_8024102C
Creating struct: $Function_80241104
Creating struct: $Script_DisableEnemyAI
Creating struct: $AISettings_DisableEnemy
Merged 1 regions to 1
$Script_SetFloorNumbers will be placed at 80240000 (length = 128C bytes)
$NpcGroup_RubyCS will be placed at 8024128C (length = 1170 bytes)
$LoadMap will be placed at 802423FC (length = C04 bytes)
$LoadMapBandit will be placed at 80243000 (length = B80 bytes)
$GoToNextLevel will be placed at 80243B80 (length = B10 bytes)
$Script_Cutscene_BanditDefeated will be placed at 80244690 (length = B08 bytes)
$Script_SetEnemyIdle will be placed at 80245198 (length = 674 bytes)
$Script_MapID_Converter will be placed at 8024580C (length = 60C bytes)
$Script_Warning_Mario will be placed at 80245E18 (length = 608 bytes)
$Function_80240260 will be placed at 80246420 (length = 5E4 bytes)
$Script_SetNPCPos will be placed at 80246A04 (length = 4D0 bytes)
$Script_Cutscene_Ruby_Init will be placed at 80246ED4 (length = 490 bytes)
$FallingDownPipe will be placed at 80247364 (length = 418 bytes)
$Script_TrackEvents will be placed at 8024777C (length = 410 bytes)
$NpcGroup_MoneyBag will be placed at 80247B8C (length = 3E0 bytes)
$NpcGroup_Enemy1 will be placed at 80247F6C (length = 3E0 bytes)
$Interact_BanditMover will be placed at 8024834C (length = 3D8 bytes)
$Script_CheckBanditStatus2 will be placed at 80248724 (length = 3D8 bytes)
$SkipCutscene_BanditDefeated will be placed at 80248AFC (length = 3D8 bytes)
$Interact_Mover will be placed at 80248ED4 (length = 3CC bytes)
$Script_Set_SpecialFormation will be placed at 802492A0 (length = 3B4 bytes)
$Script_FloorEnemy_Idle will be placed at 80249654 (length = 388 bytes)
$Script_TrackOutcome_Bandit will be placed at 802499DC (length = 330 bytes)
$Script_LakituOutcome will be placed at 80249D0C (length = 30C bytes)
$Script_Rogue_GiveTotalCoins will be placed at 8024A018 (length = 2FC bytes)
$Script_Set_Formation will be placed at 8024A314 (length = 2D4 bytes)
$Function_8024156C will be placed at 8024A5E8 (length = 2B4 bytes)
$PipeSpawning will be placed at 8024A89C (length = 2A0 bytes)
$Script_TrackOutcome will be placed at 8024AB3C (length = 288 bytes)
$Function_8024130C will be placed at 8024ADC4 (length = 260 bytes)
$Script_Cutscene_Ruby2 will be placed at 8024B024 (length = 258 bytes)
$Function_NpcAI_MoneySack will be placed at 8024B27C (length = 238 bytes)
$Script_SackAnimation_Start_GoToTheRight will be placed at 8024B4B4 (length = 230 bytes)
$Script_SetSpawnPosition will be placed at 8024B6E4 (length = 228 bytes)
$Script_Main2_Exec will be placed at 8024B90C (length = 228 bytes)
$Script_Cutscene_BanditStatus1 will be placed at 8024BB34 (length = 21C bytes)
$Script_LoadMoverType will be placed at 8024BD50 (length = 214 bytes)
$Script_NoThanks_Bandit will be placed at 8024BF64 (length = 210 bytes)
$Script_SackAnimation_Start_GoToTheLeft will be placed at 8024C174 (length = 1F8 bytes)
$NpcGroup_Spring10 will be placed at 8024C36C (length = 1F0 bytes)
$NpcGroup_Spring1 will be placed at 8024C55C (length = 1F0 bytes)
$NpcGroup_Spring2 will be placed at 8024C74C (length = 1F0 bytes)
$NpcGroup_Spring3 will be placed at 8024C93C (length = 1F0 bytes)
$NpcGroup_Spring4 will be placed at 8024CB2C (length = 1F0 bytes)
$NpcGroup_Spring5 will be placed at 8024CD1C (length = 1F0 bytes)
$NpcGroup_Spring6 will be placed at 8024CF0C (length = 1F0 bytes)
$NpcGroup_Spring7 will be placed at 8024D0FC (length = 1F0 bytes)
$NpcGroup_Spring8 will be placed at 8024D2EC (length = 1F0 bytes)
$NpcGroup_Spring9 will be placed at 8024D4DC (length = 1F0 bytes)
$NpcGroup_Mover will be placed at 8024D6CC (length = 1F0 bytes)
$NpcGroup_BanditMover will be placed at 8024D8BC (length = 1F0 bytes)
$Script_PipeAnimation will be placed at 8024DAAC (length = 1C4 bytes)
$Function_80241158 will be placed at 8024DC70 (length = 1B4 bytes)
$Script_Cutscene_Event will be placed at 8024DE24 (length = 198 bytes)
$Script_NPC_SackHit_Init will be placed at 8024DFBC (length = 198 bytes)
$Script_ClosePartnerDialog will be placed at 8024E154 (length = 194 bytes)
$JumpTable_80242448 will be placed at 8024E2E8 (length = 190 bytes)
$JumpTable_80242518 will be placed at 8024E478 (length = 190 bytes)
$SkipCutscene_Event will be placed at 8024E608 (length = 188 bytes)
$Script_SpawnNPCs will be placed at 8024E790 (length = 174 bytes)
$NPC_Sack_AnimationStart will be placed at 8024E904 (length = 168 bytes)
$Function_80240844 will be placed at 8024EA6C (length = 164 bytes)
$Script_SackAnimation_End_Right will be placed at 8024EBD0 (length = 158 bytes)
$Script_SackAnimation_End_Left will be placed at 8024ED28 (length = 150 bytes)
$Script_TrackPlayer will be placed at 8024EE78 (length = 144 bytes)
$Script_CheckBanditStatus1 will be placed at 8024EFBC (length = 13C bytes)
$MapTattle5 will be placed at 8024F0F8 (length = 13C bytes)
$MapTattle4 will be placed at 8024F234 (length = 130 bytes)
$BanditMover_Tattle will be placed at 8024F364 (length = 11C bytes)
$Function_LoadPath will be placed at 8024F480 (length = 114 bytes)
$Script_SackAnimation_SackAppears_100 will be placed at 8024F594 (length = 100 bytes)
$String_Partner_Event_1 will be placed at 8024F694 (length = FC bytes)
$Script_Main2_Wait will be placed at 8024F790 (length = F4 bytes)
$String_Warning2 will be placed at 8024F884 (length = F0 bytes)
$Script_SetMover_Special will be placed at 8024F974 (length = EC bytes)
$SetSpawnsSpecial will be placed at 8024FA60 (length = E8 bytes)
$SetSpawns will be placed at 8024FB48 (length = E8 bytes)
$String_Warning1 will be placed at 8024FC30 (length = E8 bytes)
$DeepestLevel will be placed at 8024FD18 (length = E4 bytes)
$Function_GetColliderPos will be placed at 8024FDFC (length = E0 bytes)
$Function_GetPos will be placed at 8024FEDC (length = E0 bytes)
$TotalLevels_Sign will be placed at 8024FFBC (length = DC bytes)
$Script_SpawnMover_Special will be placed at 80250098 (length = DC bytes)
$GetFloor will be placed at 80250174 (length = DC bytes)
$Function_8024102C will be placed at 80250250 (length = D8 bytes)
$Script_DisableNumbers will be placed at 80250328 (length = D8 bytes)
$MapTattle2 will be placed at 80250400 (length = D4 bytes)
$NPC_Sack_AnimationEnd will be placed at 802504D4 (length = D4 bytes)
$Script_SetMover will be placed at 802505A8 (length = D0 bytes)
$GetFloorBandit will be placed at 80250678 (length = D0 bytes)
$Script_AddCoins_Bandit will be placed at 80250748 (length = C8 bytes)
$GetPos will be placed at 80250810 (length = C8 bytes)
$SkipCutscene_MoverWarpAnimation will be placed at 802508D8 (length = C4 bytes)
$Function_Init will be placed at 8025099C (length = C4 bytes)
$MoverStart will be placed at 80250A60 (length = C0 bytes)
$String_Warning3 will be placed at 80250B20 (length = C0 bytes)
$Script_ZoomIn_Camera_3 will be placed at 80250BE0 (length = BC bytes)
$Script_ZoomIn_Camera_2 will be placed at 80250C9C (length = BC bytes)
$Script_ZoomIn_Camera will be placed at 80250D58 (length = BC bytes)
$Function_TrackInput will be placed at 80250E14 (length = BC bytes)
$String_Bandit_Defeated4 will be placed at 80250ED0 (length = B8 bytes)
$Script_MoverWarpAnimation will be placed at 80250F88 (length = B8 bytes)
$Script_NpcAI_MoneySack will be placed at 80251040 (length = B8 bytes)
$NpcGroups will be placed at 802510F8 (length = B4 bytes)
$Script_SpawnMover will be placed at 802511AC (length = B4 bytes)
$BanditMoverStart will be placed at 80251260 (length = B4 bytes)
$MapTattle3 will be placed at 80251314 (length = B0 bytes)
$Script_LoadOdds will be placed at 802513C4 (length = B0 bytes)
$Script_SetPipesPosition will be placed at 80251474 (length = B0 bytes)
$LoadHighscores will be placed at 80251524 (length = B0 bytes)
$Script_EnemyBAI will be placed at 802515D4 (length = A8 bytes)
$NpcGroup7 will be placed at 8025167C (length = A8 bytes)
$MapTattle1 will be placed at 80251724 (length = A8 bytes)
$Script_AddCoins will be placed at 802517CC (length = A8 bytes)
$SwitchPath will be placed at 80251874 (length = A4 bytes)
$Script_NPC_Sack_FX will be placed at 80251918 (length = A4 bytes)
$Tattle_Springkeeper will be placed at 802519BC (length = A4 bytes)
$Script_ReadSign will be placed at 80251A60 (length = A0 bytes)
$Script_ZoomIn_Camera_X will be placed at 80251B00 (length = A0 bytes)
$String_Bandit_Defeated9 will be placed at 80251BA0 (length = 9C bytes)
$NpcGroup1 will be placed at 80251C3C (length = 9C bytes)
$Script_Bandit_StartBattle will be placed at 80251CD8 (length = 9C bytes)
$Script_Main will be placed at 80251D74 (length = 9C bytes)
$Mover_Tattle will be placed at 80251E10 (length = 94 bytes)
$String_Bandit_Defeated3 will be placed at 80251EA4 (length = 90 bytes)
$String_Bandit_Defeated8 will be placed at 80251F34 (length = 8C bytes)
$BanditMover_Options2 will be placed at 80251FC0 (length = 84 bytes)
$BanditMover_Options will be placed at 80252044 (length = 84 bytes)
$String_Okay will be placed at 802520C8 (length = 80 bytes)
$Function_TimerCurrentFloor will be placed at 80252148 (length = 7C bytes)
$SignStringBug will be placed at 802521C4 (length = 7C bytes)
$String_Rogue_CoinsGained_Success will be placed at 80252240 (length = 78 bytes)
$Mover_Options will be placed at 802522B8 (length = 78 bytes)
$Function_80240FBC will be placed at 80252330 (length = 70 bytes)
$Script_EnemyAI will be placed at 802523A0 (length = 70 bytes)
$Function2 will be placed at 80252410 (length = 6C bytes)
$Function_80240F50 will be placed at 8025247C (length = 6C bytes)
$Function_SetAnimation will be placed at 802524E8 (length = 6C bytes)
$String_Bandit_Defeated1 will be placed at 80252554 (length = 68 bytes)
$CommingDownPipe will be placed at 802525BC (length = 68 bytes)
$MoverEnd will be placed at 80252624 (length = 68 bytes)
$BanditMoverEnd will be placed at 8025268C (length = 68 bytes)
$String_Bandit_Defeated_Partner3 will be placed at 802526F4 (length = 64 bytes)
$String_Bandit_Defeated_Partner2 will be placed at 80252758 (length = 64 bytes)
$Function_GetTattle1 will be placed at 802527BC (length = 60 bytes)
$Function_OverwriteBattleID will be placed at 8025281C (length = 60 bytes)
$String_Bandit_Confrontation1 will be placed at 8025287C (length = 5C bytes)
$BanditMoverNoCoins will be placed at 802528D8 (length = 58 bytes)
$MoverNoCoins will be placed at 80252930 (length = 58 bytes)
$Function_80241104 will be placed at 80252988 (length = 54 bytes)
$String_Bandit_Defeated7 will be placed at 802529DC (length = 50 bytes)
$String_Bandit_Defeated_Partner4 will be placed at 80252A2C (length = 50 bytes)
$EntryList will be placed at 80252A7C (length = 50 bytes)
$String_NoThanks will be placed at 80252ACC (length = 50 bytes)
$Script_Init_BanditMover will be placed at 80252B1C (length = 4C bytes)
$GetFloorSign will be placed at 80252B68 (length = 48 bytes)
$Function_Load_MapID will be placed at 80252BB0 (length = 48 bytes)
$GetFloorSign_Rogue will be placed at 80252BF8 (length = 48 bytes)
$Script_MakeEntities will be placed at 80252C40 (length = 44 bytes)
$Function_802409A8 will be placed at 80252C84 (length = 44 bytes)
$Function_LoadCoinsInToVar1 will be placed at 80252CC8 (length = 44 bytes)
$String_Bandit_Defeated_Partner1 will be placed at 80252D0C (length = 40 bytes)
$Header will be placed at 80252D4C (length = 40 bytes)
$Function_LoadCoinsLosted will be placed at 80252D8C (length = 40 bytes)
$Function_LoadMarioCoins will be placed at 80252DCC (length = 40 bytes)
$Function_LoadGainedCoins will be placed at 80252E0C (length = 40 bytes)
$Function_GetTattle2 will be placed at 80252E4C (length = 3C bytes)
$Script_Exit0 will be placed at 80252E88 (length = 3C bytes)
$Script_Init_Bag will be placed at 80252EC4 (length = 38 bytes)
$Script_Init_Bag_HitBox will be placed at 80252EFC (length = 38 bytes)
$String_Bandit_Confrotation_Bye will be placed at 80252F34 (length = 34 bytes)
$DispawnPartner will be placed at 80252F68 (length = 34 bytes)
$String_Whatever will be placed at 80252F9C (length = 30 bytes)
$EnablePipeCollider will be placed at 80252FCC (length = 30 bytes)
$AISettings_MoneySack will be placed at 80252FFC (length = 30 bytes)
$String_Bandit_Defeated2 will be placed at 8025302C (length = 30 bytes)
$AISettings_Enemy will be placed at 8025305C (length = 30 bytes)
$RespawnPartner will be placed at 8025308C (length = 30 bytes)
$AISettings_DisableEnemy will be placed at 802530BC (length = 30 bytes)
$NPC_Settings_Sack will be placed at 802530EC (length = 2C bytes)
$NpcSettings_Generic will be placed at 80253118 (length = 2C bytes)
$NpcSettings_Enemy1 will be placed at 80253144 (length = 2C bytes)
$Function_RevivePlayer will be placed at 80253170 (length = 2C bytes)
$NpcSettings_Blank will be placed at 8025319C (length = 2C bytes)
$BlankSettings will be placed at 802531C8 (length = 2C bytes)
$NpcSettings_Enemy1B will be placed at 802531F4 (length = 2C bytes)
$Script_MakeExits will be placed at 80253220 (length = 2C bytes)
$Function_ResetEnemiesFlag will be placed at 8025324C (length = 2C bytes)
$String_List_NoYes will be placed at 80253278 (length = 28 bytes)
$ExtraAnimationList_802418AC will be placed at 802532A0 (length = 28 bytes)
$Function_SaveCoinsLosted will be placed at 802532C8 (length = 28 bytes)
$String_List_YesNo will be placed at 802532F0 (length = 28 bytes)
$Script_Init_EnemyNPC will be placed at 80253318 (length = 24 bytes)
$VectorList_SwitchPath will be placed at 8025333C (length = 24 bytes)
$Script_Init_Lakitu will be placed at 80253360 (length = 24 bytes)
$Script_Init_Mover will be placed at 80253384 (length = 24 bytes)
$String_CoinsGained will be placed at 802533A8 (length = 24 bytes)
$String_Bandit_Defeated10 will be placed at 802533CC (length = 24 bytes)
$String_Bandit_Defeated6 will be placed at 802533F0 (length = 20 bytes)
$String_Bandit_Defeated5 will be placed at 80253410 (length = 20 bytes)
$Script_DisableEnemyAI will be placed at 80253430 (length = 20 bytes)
$TotalLevels_CurrentPlaythrough will be placed at 80253450 (length = 1C bytes)
$NpcGroupList_RubyCS will be placed at 8025346C (length = 18 bytes)
$SignString will be placed at 80253484 (length = 18 bytes)
$String_Psst will be placed at 8025349C (length = 10 bytes)
$Script_null will be placed at 802534AC (length = 10 bytes)
$ASCII_"pt81_86_shape"_Literal will be placed at 802534BC (length = 10 bytes)
$Function_ResetCoinsLosted will be placed at 802534CC (length = 10 bytes)
$ASCII_"pt51_56_shape"_Literal will be placed at 802534DC (length = 10 bytes)
$ASCII_"pt1_6_hit"_Literal will be placed at 802534EC (length = C bytes)
$ASCII_"pt_100"_Literal will be placed at 802534F8 (length = C bytes)
$ASCII_"dmo_00"_Literal will be placed at 80253504 (length = C bytes)
$ASCII_"pt1_6_shape"_Literal will be placed at 80253510 (length = C bytes)
$ASCII_"pt_85"_Literal will be placed at 8025351C (length = 8 bytes)
$ASCII_"pt91_96"_Literal will be placed at 80253524 (length = 8 bytes)
$ASCII_"pt62_67"_Literal will be placed at 8025352C (length = 8 bytes)
$ASCII_"pt33_38"_Literal will be placed at 80253534 (length = 8 bytes)
$ASCII_"pt1_6"_Literal will be placed at 8025353C (length = 8 bytes)
$ASCII_"pt_95"_Literal will be placed at 80253544 (length = 8 bytes)
$ASCII_"pt4_9"_Literal will be placed at 8025354C (length = 8 bytes)
$ASCII_"pt_65"_Literal will be placed at 80253554 (length = 8 bytes)
$ASCII_"pt44_49"_Literal will be placed at 8025355C (length = 8 bytes)
$ASCII_"pt81_86"_Literal will be placed at 80253564 (length = 8 bytes)
$ASCII_"pt_80"_Literal will be placed at 8025356C (length = 8 bytes)
$ASCII_"pt52_57"_Literal will be placed at 80253574 (length = 8 bytes)
$ASCII_"pt23_28"_Literal will be placed at 8025357C (length = 8 bytes)
$ASCII_"pt_50"_Literal will be placed at 80253584 (length = 8 bytes)
$ASCII_"pt83_88"_Literal will be placed at 8025358C (length = 8 bytes)
$ASCII_"pt54_59"_Literal will be placed at 80253594 (length = 8 bytes)
$ASCII_"pt64_69"_Literal will be placed at 8025359C (length = 8 bytes)
$ASCII_"pt72_77"_Literal will be placed at 802535A4 (length = 8 bytes)
$ASCII_"pt14_19"_Literal will be placed at 802535AC (length = 8 bytes)
$ExtraAnimationList_802418D4 will be placed at 802535B4 (length = 8 bytes)
$ASCII_"pt34_39"_Literal will be placed at 802535BC (length = 8 bytes)
$ASCII_"pt22_27"_Literal will be placed at 802535C4 (length = 8 bytes)
$ASCII_"pt21_26"_Literal will be placed at 802535CC (length = 8 bytes)
$ASCII_"pt73_78"_Literal will be placed at 802535D4 (length = 8 bytes)
$ASCII_"pt84_89"_Literal will be placed at 802535DC (length = 8 bytes)
$ASCII_"pt92_97"_Literal will be placed at 802535E4 (length = 8 bytes)
$ASCII_"pt_75"_Literal will be placed at 802535EC (length = 8 bytes)
$ASCII_"pt53_58"_Literal will be placed at 802535F4 (length = 8 bytes)
$ASCII_"pt41_46"_Literal will be placed at 802535FC (length = 8 bytes)
$ASCII_"pt61_66"_Literal will be placed at 80253604 (length = 8 bytes)
$ASCII_"pt32_37"_Literal will be placed at 8025360C (length = 8 bytes)
$ASCII_"pt_15"_Literal will be placed at 80253614 (length = 8 bytes)
$ASCII_"pt11_16"_Literal will be placed at 8025361C (length = 8 bytes)
$ASCII_"pt_00"_Literal will be placed at 80253624 (length = 8 bytes)
$ASCII_"pt74_79"_Literal will be placed at 8025362C (length = 8 bytes)
$ASCII_"pt_25"_Literal will be placed at 80253634 (length = 8 bytes)
$ConstDouble_80242510 will be placed at 80253640 (length = 8 bytes)
$ASCII_"pt_35"_Literal will be placed at 80253648 (length = 8 bytes)
$ASCII_"pt71_76"_Literal will be placed at 80253650 (length = 8 bytes)
$ASCII_"pt42_47"_Literal will be placed at 80253658 (length = 8 bytes)
$ASCII_"pt13_18"_Literal will be placed at 80253660 (length = 8 bytes)
$ASCII_"pt_05"_Literal will be placed at 80253668 (length = 8 bytes)
$ASCII_"pt93_98"_Literal will be placed at 80253670 (length = 8 bytes)
$ASCII_"pt43_48"_Literal will be placed at 80253678 (length = 8 bytes)
$ASCII_"pt51_56"_Literal will be placed at 80253680 (length = 8 bytes)
$ASCII_"pt_55"_Literal will be placed at 80253688 (length = 8 bytes)
$ASCII_"pt2_7"_Literal will be placed at 80253690 (length = 8 bytes)
$ASCII_"pt12_17"_Literal will be placed at 80253698 (length = 8 bytes)
$ASCII_"pt3_8"_Literal will be placed at 802536A0 (length = 8 bytes)
$ASCII_"pt_10"_Literal will be placed at 802536A8 (length = 8 bytes)
$ASCII_"tik_tex"_Literal will be placed at 802536B0 (length = 8 bytes)
$ASCII_"pt31_36"_Literal will be placed at 802536B8 (length = 8 bytes)
$ASCII_"pt63_68"_Literal will be placed at 802536C0 (length = 8 bytes)
$ASCII_"pt94_99"_Literal will be placed at 802536C8 (length = 8 bytes)
$ASCII_"pt82_87"_Literal will be placed at 802536D0 (length = 8 bytes)
$ASCII_"pt_45"_Literal will be placed at 802536D8 (length = 8 bytes)
$ASCII_"pt24_29"_Literal will be placed at 802536E0 (length = 8 bytes)
$MoverCancel will be placed at 8025363C (length = 4 bytes)
$BanditMoverCancel will be placed at 802536E8 (length = 4 bytes)
$CloseDialogBubble will be placed at 802536EC (length = 4 bytes)
Executing patch: pt81_86.mpat
Creating struct: $DeepestLevel
Creating struct: $TotalLevels_Sign
Creating struct: $TotalLevels_CurrentPlaythrough
Creating struct: $LoadHighscores
Creating struct: $FallingDownPipe
Creating struct: $Function_GetPos
Creating struct: $Function2
Creating struct: $SetSpawns
Creating struct: $Script_Set_Formation
Creating struct: $Function_OverwriteBattleID
Creating struct: $Script_SetMover
Creating struct: $Script_MapID_Converter
Creating struct: $Script_LoadOdds
Creating struct: $Script_LoadMoverType
Creating struct: $Script_SpawnMover
Creating struct: $Script_SetNPCPos
Creating struct: $Function_Load_MapID
Creating struct: $SwitchPath
Creating struct: $VectorList_SwitchPath
Creating struct: $GetPos
Creating struct: $DispawnPartner
Creating struct: $RespawnPartner
Creating struct: $LoadMap
Creating struct: $GetFloor
Creating struct: $LoadMapBandit
Creating struct: $GetFloorBandit
Creating struct: $SetSpawnsSpecial
Creating struct: $Script_SetMover_Special
Creating struct: $Script_SpawnMover_Special
Creating struct: $Script_Set_SpecialFormation
Creating struct: $Function_LoadCoinsInToVar1
Creating struct: $Script_SetSpawnPosition
Creating struct: $Script_Init_EnemyNPC
Creating struct: $Script_Init_Lakitu
Creating struct: $Script_TrackOutcome
Creating struct: $Script_LakituOutcome
Creating struct: $Script_FloorEnemy_Idle
Creating struct: $Script_Rogue_GiveTotalCoins
Creating struct: $Script_SetEnemyIdle
Creating struct: $Script_AddCoins
Creating struct: $NPC_Settings_Sack
Creating struct: $Script_Init_Bag
Creating struct: $Script_Init_Bag_HitBox
Creating struct: $Script_NPC_SackHit_Init
Creating struct: $Script_NPC_Sack_FX
Creating struct: $NPC_Sack_AnimationStart
Creating struct: $NPC_Sack_AnimationEnd
Creating struct: $Script_SackAnimation_SackAppears_100
Creating struct: $Script_SackAnimation_Start_GoToTheRight
Creating struct: $Script_SackAnimation_Start_GoToTheLeft
Creating struct: $Script_SackAnimation_End_Right
Creating struct: $Script_SackAnimation_End_Left
Creating struct: $Function_LoadMarioCoins
Creating struct: $Function_LoadCoinsLosted
Creating struct: $Function_SaveCoinsLosted
Creating struct: $Function_ResetCoinsLosted
Creating struct: $Function_LoadGainedCoins
Creating struct: $Function_RevivePlayer
Creating struct: $AISettings_MoneySack
Creating struct: $Script_NpcAI_MoneySack
Creating struct: $JumpTable_80242448
Creating struct: $Function_NpcAI_MoneySack
Creating struct: $Function_80240260
Creating struct: $Function_80240844
Creating struct: $Function_802409A8
Creating struct: $Script_TrackPlayer
Creating struct: $Script_PipeAnimation
Creating struct: $Function_SetAnimation
Creating struct: $Function_GetColliderPos
Creating struct: $Function_TrackInput
Creating struct: $GoToNextLevel
Creating struct: $GetFloorSign
Creating struct: $GetFloorSign_Rogue
Creating struct: $Function_GetTattle1
Creating struct: $Function_GetTattle2
Creating struct: $Script_ReadSign
Creating struct: $NpcSettings_Blank
Creating struct: $NpcGroup_Spring1
Creating struct: $NpcGroup_Spring2
Creating struct: $NpcGroup_Spring3
Creating struct: $NpcGroup_Spring4
Creating struct: $NpcGroup_Spring5
Creating struct: $NpcGroup_Spring6
Creating struct: $NpcGroup_Spring7
Creating struct: $NpcGroup_Spring8
Creating struct: $NpcGroup_Spring9
Creating struct: $NpcGroup_Spring10
Creating struct: $Header
Creating struct: $Script_Main2_Wait
Creating struct: $Script_Main2_Exec
Creating struct: $Script_TrackEvents
Creating struct: $Script_Cutscene_Event
Creating struct: $SkipCutscene_Event
Creating struct: $Script_ZoomIn_Camera_X
Creating struct: $Script_Cutscene_Ruby_Init
Creating struct: $Script_Cutscene_Ruby2
Creating struct: $NpcGroupList_RubyCS
Creating struct: $NpcGroup_RubyCS
Creating struct: $NpcSettings_Generic
Creating struct: $Script_null
Creating struct: $Script_SpawnNPCs
Creating struct: $Function_ResetEnemiesFlag
Creating struct: $EntryList
Creating struct: $Function_Init
Creating struct: $NpcGroup_Mover
Creating struct: $BlankSettings
Creating struct: $Script_Init_Mover
Creating struct: $Interact_Mover
Creating struct: $Script_MoverWarpAnimation
Creating struct: $SkipCutscene_MoverWarpAnimation
Creating struct: $NpcGroup_BanditMover
Creating struct: $Script_Init_BanditMover
Creating struct: $Script_Bandit_StartBattle
Creating struct: $Interact_BanditMover
Creating struct: $Script_Warning_Mario
Creating struct: $Script_NoThanks_Bandit
Creating struct: $Script_ZoomIn_Camera
Creating struct: $Script_ZoomIn_Camera_2
Creating struct: $Script_ZoomIn_Camera_3
Creating struct: $NpcGroup_MoneyBag
Creating struct: $Script_SetPipesPosition
Creating struct: $Script_DisableNumbers
Creating struct: $Script_SetFloorNumbers
Creating struct: $Script_CheckBanditStatus1
Creating struct: $Script_Cutscene_BanditStatus1
Creating struct: $Script_CheckBanditStatus2
Creating struct: $Script_TrackOutcome_Bandit
Creating struct: $Script_Cutscene_BanditDefeated
Creating struct: $SkipCutscene_BanditDefeated
Creating struct: $Script_AddCoins_Bandit
Creating struct: $Function_LoadPath
Creating struct: $Script_ClosePartnerDialog
Creating struct: $PipeSpawning
Creating struct: $EnablePipeCollider
Creating struct: $Script_MakeEntities
Creating struct: $CommingDownPipe
Creating struct: $Function_TimerCurrentFloor
Creating struct: $Script_MakeExits
Creating struct: $Script_Exit0
Creating struct: $Script_Main
Creating struct: $NpcGroups
Creating struct: $NpcGroup1
Creating struct: $NpcGroup7
Creating struct: $NpcGroup_Enemy1
Creating struct: $NpcSettings_Enemy1
Creating struct: $Script_EnemyAI
Creating struct: $AISettings_Enemy
Creating struct: $ConstDouble_802471E0
Creating struct: $JumpTable_802471E8
Creating struct: $Function_802406A4
Creating struct: $Function_80240310
Creating struct: $Function_8024038C
Creating struct: $Function_802404C0
Creating struct: $Function_80240624
Creating struct: $Script_DisableEnemyAI
Creating struct: $AISettings_DisableEnemy
Merged 1 regions to 1
$Script_SetFloorNumbers will be placed at 80240000 (length = 128C bytes)
$NpcGroup_RubyCS will be placed at 8024128C (length = 1170 bytes)
$LoadMap will be placed at 802423FC (length = C04 bytes)
$LoadMapBandit will be placed at 80243000 (length = B80 bytes)
$GoToNextLevel will be placed at 80243B80 (length = B10 bytes)
$Script_Cutscene_BanditDefeated will be placed at 80244690 (length = B08 bytes)
$Script_SetEnemyIdle will be placed at 80245198 (length = 674 bytes)
$Script_MapID_Converter will be placed at 8024580C (length = 60C bytes)
$Script_Warning_Mario will be placed at 80245E18 (length = 608 bytes)
$Function_80240260 will be placed at 80246420 (length = 5E4 bytes)
$Script_SetNPCPos will be placed at 80246A04 (length = 4D0 bytes)
$Script_Cutscene_Ruby_Init will be placed at 80246ED4 (length = 490 bytes)
$Function_802406A4 will be placed at 80247364 (length = 440 bytes)
$FallingDownPipe will be placed at 802477A4 (length = 418 bytes)
$Script_TrackEvents will be placed at 80247BBC (length = 410 bytes)
$NpcGroup_MoneyBag will be placed at 80247FCC (length = 3E0 bytes)
$Interact_BanditMover will be placed at 802483AC (length = 3D8 bytes)
$Script_CheckBanditStatus2 will be placed at 80248784 (length = 3D8 bytes)
$SkipCutscene_BanditDefeated will be placed at 80248B5C (length = 3D8 bytes)
$Interact_Mover will be placed at 80248F34 (length = 3CC bytes)
$Script_Set_SpecialFormation will be placed at 80249300 (length = 3B4 bytes)
$Script_FloorEnemy_Idle will be placed at 802496B4 (length = 388 bytes)
$Script_TrackOutcome_Bandit will be placed at 80249A3C (length = 330 bytes)
$Script_LakituOutcome will be placed at 80249D6C (length = 30C bytes)
$Script_Rogue_GiveTotalCoins will be placed at 8024A078 (length = 2FC bytes)
$Script_Set_Formation will be placed at 8024A374 (length = 2D4 bytes)
$PipeSpawning will be placed at 8024A648 (length = 2A0 bytes)
$Script_TrackOutcome will be placed at 8024A8E8 (length = 288 bytes)
$Script_Cutscene_Ruby2 will be placed at 8024AB70 (length = 258 bytes)
$Function_NpcAI_MoneySack will be placed at 8024ADC8 (length = 238 bytes)
$Script_SackAnimation_Start_GoToTheRight will be placed at 8024B000 (length = 230 bytes)
$Script_SetSpawnPosition will be placed at 8024B230 (length = 228 bytes)
$Script_Main2_Exec will be placed at 8024B458 (length = 228 bytes)
$Script_Cutscene_BanditStatus1 will be placed at 8024B680 (length = 21C bytes)
$Script_LoadMoverType will be placed at 8024B89C (length = 214 bytes)
$Script_NoThanks_Bandit will be placed at 8024BAB0 (length = 210 bytes)
$Script_SackAnimation_Start_GoToTheLeft will be placed at 8024BCC0 (length = 1F8 bytes)
$NpcGroup_Spring10 will be placed at 8024BEB8 (length = 1F0 bytes)
$NpcGroup_Enemy1 will be placed at 8024C0A8 (length = 1F0 bytes)
$NpcGroup_Spring1 will be placed at 8024C298 (length = 1F0 bytes)
$NpcGroup_Spring2 will be placed at 8024C488 (length = 1F0 bytes)
$NpcGroup_Spring3 will be placed at 8024C678 (length = 1F0 bytes)
$NpcGroup_Spring4 will be placed at 8024C868 (length = 1F0 bytes)
$NpcGroup_Spring5 will be placed at 8024CA58 (length = 1F0 bytes)
$NpcGroup_Spring6 will be placed at 8024CC48 (length = 1F0 bytes)
$NpcGroup_Spring7 will be placed at 8024CE38 (length = 1F0 bytes)
$NpcGroup_Spring8 will be placed at 8024D028 (length = 1F0 bytes)
$NpcGroup_Spring9 will be placed at 8024D218 (length = 1F0 bytes)
$NpcGroup_Mover will be placed at 8024D408 (length = 1F0 bytes)
$NpcGroup_BanditMover will be placed at 8024D5F8 (length = 1F0 bytes)
$Script_PipeAnimation will be placed at 8024D7E8 (length = 1C4 bytes)
$Script_Cutscene_Event will be placed at 8024D9AC (length = 198 bytes)
$Script_NPC_SackHit_Init will be placed at 8024DB44 (length = 198 bytes)
$Script_ClosePartnerDialog will be placed at 8024DCDC (length = 194 bytes)
$JumpTable_80242448 will be placed at 8024DE70 (length = 190 bytes)
$SkipCutscene_Event will be placed at 8024E000 (length = 188 bytes)
$Script_SpawnNPCs will be placed at 8024E188 (length = 174 bytes)
$NPC_Sack_AnimationStart will be placed at 8024E2FC (length = 168 bytes)
$Function_80240844 will be placed at 8024E464 (length = 164 bytes)
$Function_802404C0 will be placed at 8024E5C8 (length = 164 bytes)
$Script_SackAnimation_End_Right will be placed at 8024E72C (length = 158 bytes)
$Script_SackAnimation_End_Left will be placed at 8024E884 (length = 150 bytes)
$Script_TrackPlayer will be placed at 8024E9D4 (length = 144 bytes)
$Script_CheckBanditStatus1 will be placed at 8024EB18 (length = 13C bytes)
$MapTattle5 will be placed at 8024EC54 (length = 13C bytes)
$Function_8024038C will be placed at 8024ED90 (length = 134 bytes)
$MapTattle4 will be placed at 8024EEC4 (length = 130 bytes)
$BanditMover_Tattle will be placed at 8024EFF4 (length = 11C bytes)
$Function_LoadPath will be placed at 8024F110 (length = 114 bytes)
$Script_SackAnimation_SackAppears_100 will be placed at 8024F224 (length = 100 bytes)
$String_Partner_Event_1 will be placed at 8024F324 (length = FC bytes)
$Script_Main2_Wait will be placed at 8024F420 (length = F4 bytes)
$String_Warning2 will be placed at 8024F514 (length = F0 bytes)
$Script_SetMover_Special will be placed at 8024F604 (length = EC bytes)
$SetSpawnsSpecial will be placed at 8024F6F0 (length = E8 bytes)
$SetSpawns will be placed at 8024F7D8 (length = E8 bytes)
$String_Warning1 will be placed at 8024F8C0 (length = E8 bytes)
$DeepestLevel will be placed at 8024F9A8 (length = E4 bytes)
$Function_GetColliderPos will be placed at 8024FA8C (length = E0 bytes)
$Function_GetPos will be placed at 8024FB6C (length = E0 bytes)
$TotalLevels_Sign will be placed at 8024FC4C (length = DC bytes)
$Script_SpawnMover_Special will be placed at 8024FD28 (length = DC bytes)
$GetFloor will be placed at 8024FE04 (length = DC bytes)
$Script_DisableNumbers will be placed at 8024FEE0 (length = D8 bytes)
$MapTattle2 will be placed at 8024FFB8 (length = D4 bytes)
$NPC_Sack_AnimationEnd will be placed at 8025008C (length = D4 bytes)
$Script_SetMover will be placed at 80250160 (length = D0 bytes)
$GetFloorBandit will be placed at 80250230 (length = D0 bytes)
$Script_AddCoins_Bandit will be placed at 80250300 (length = C8 bytes)
$GetPos will be placed at 802503C8 (length = C8 bytes)
$SkipCutscene_MoverWarpAnimation will be placed at 80250490 (length = C4 bytes)
$Function_Init will be placed at 80250554 (length = C4 bytes)
$MoverStart will be placed at 80250618 (length = C0 bytes)
$String_Warning3 will be placed at 802506D8 (length = C0 bytes)
$Script_ZoomIn_Camera_3 will be placed at 80250798 (length = BC bytes)
$Script_ZoomIn_Camera_2 will be placed at 80250854 (length = BC bytes)
$Script_ZoomIn_Camera will be placed at 80250910 (length = BC bytes)
$Function_TrackInput will be placed at 802509CC (length = BC bytes)
$String_Bandit_Defeated4 will be placed at 80250A88 (length = B8 bytes)
$Script_MoverWarpAnimation will be placed at 80250B40 (length = B8 bytes)
$Script_NpcAI_MoneySack will be placed at 80250BF8 (length = B8 bytes)
$NpcGroups will be placed at 80250CB0 (length = B4 bytes)
$Script_SpawnMover will be placed at 80250D64 (length = B4 bytes)
$BanditMoverStart will be placed at 80250E18 (length = B4 bytes)
$MapTattle3 will be placed at 80250ECC (length = B0 bytes)
$Script_LoadOdds will be placed at 80250F7C (length = B0 bytes)
$Script_SetPipesPosition will be placed at 8025102C (length = B0 bytes)
$LoadHighscores will be placed at 802510DC (length = B0 bytes)
$MapTattle1 will be placed at 8025118C (length = A8 bytes)
$Script_AddCoins will be placed at 80251234 (length = A8 bytes)
$SwitchPath will be placed at 802512DC (length = A4 bytes)
$Script_NPC_Sack_FX will be placed at 80251380 (length = A4 bytes)
$Tattle_Springkeeper will be placed at 80251424 (length = A4 bytes)
$Script_ReadSign will be placed at 802514C8 (length = A0 bytes)
$Script_ZoomIn_Camera_X will be placed at 80251568 (length = A0 bytes)
$String_Bandit_Defeated9 will be placed at 80251608 (length = 9C bytes)
$Script_Bandit_StartBattle will be placed at 802516A4 (length = 9C bytes)
$Script_Main will be placed at 80251740 (length = 9C bytes)
$Mover_Tattle will be placed at 802517DC (length = 94 bytes)
$String_Bandit_Defeated3 will be placed at 80251870 (length = 90 bytes)
$String_Bandit_Defeated8 will be placed at 80251900 (length = 8C bytes)
$BanditMover_Options2 will be placed at 8025198C (length = 84 bytes)
$BanditMover_Options will be placed at 80251A10 (length = 84 bytes)
$Function_80240624 will be placed at 80251A94 (length = 80 bytes)
$String_Okay will be placed at 80251B14 (length = 80 bytes)
$Function_TimerCurrentFloor will be placed at 80251B94 (length = 7C bytes)
$SignStringBug will be placed at 80251C10 (length = 7C bytes)
$Function_80240310 will be placed at 80251C8C (length = 7C bytes)
$String_Rogue_CoinsGained_Success will be placed at 80251D08 (length = 78 bytes)
$Mover_Options will be placed at 80251D80 (length = 78 bytes)
$Script_EnemyAI will be placed at 80251DF8 (length = 70 bytes)
$Function2 will be placed at 80251E68 (length = 6C bytes)
$Function_SetAnimation will be placed at 80251ED4 (length = 6C bytes)
$String_Bandit_Defeated1 will be placed at 80251F40 (length = 68 bytes)
$CommingDownPipe will be placed at 80251FA8 (length = 68 bytes)
$MoverEnd will be placed at 80252010 (length = 68 bytes)
$BanditMoverEnd will be placed at 80252078 (length = 68 bytes)
$String_Bandit_Defeated_Partner3 will be placed at 802520E0 (length = 64 bytes)
$String_Bandit_Defeated_Partner2 will be placed at 80252144 (length = 64 bytes)
$Function_GetTattle1 will be placed at 802521A8 (length = 60 bytes)
$Function_OverwriteBattleID will be placed at 80252208 (length = 60 bytes)
$String_Bandit_Confrontation1 will be placed at 80252268 (length = 5C bytes)
$BanditMoverNoCoins will be placed at 802522C4 (length = 58 bytes)
$MoverNoCoins will be placed at 8025231C (length = 58 bytes)
$JumpTable_802471E8 will be placed at 80252374 (length = 54 bytes)
$String_Bandit_Defeated7 will be placed at 802523C8 (length = 50 bytes)
$String_Bandit_Defeated_Partner4 will be placed at 80252418 (length = 50 bytes)
$EntryList will be placed at 80252468 (length = 50 bytes)
$String_NoThanks will be placed at 802524B8 (length = 50 bytes)
$Script_Init_BanditMover will be placed at 80252508 (length = 4C bytes)
$GetFloorSign will be placed at 80252554 (length = 48 bytes)
$Function_Load_MapID will be placed at 8025259C (length = 48 bytes)
$GetFloorSign_Rogue will be placed at 802525E4 (length = 48 bytes)
$Script_MakeEntities will be placed at 8025262C (length = 44 bytes)
$Function_802409A8 will be placed at 80252670 (length = 44 bytes)
$Function_LoadCoinsInToVar1 will be placed at 802526B4 (length = 44 bytes)
$String_Bandit_Defeated_Partner1 will be placed at 802526F8 (length = 40 bytes)
$Header will be placed at 80252738 (length = 40 bytes)
$Function_LoadCoinsLosted will be placed at 80252778 (length = 40 bytes)
$Function_LoadMarioCoins will be placed at 802527B8 (length = 40 bytes)
$Function_LoadGainedCoins will be placed at 802527F8 (length = 40 bytes)
$Function_GetTattle2 will be placed at 80252838 (length = 3C bytes)
$Script_Exit0 will be placed at 80252874 (length = 3C bytes)
$Script_Init_Bag will be placed at 802528B0 (length = 38 bytes)
$Script_Init_Bag_HitBox will be placed at 802528E8 (length = 38 bytes)
$String_Bandit_Confrotation_Bye will be placed at 80252920 (length = 34 bytes)
$DispawnPartner will be placed at 80252954 (length = 34 bytes)
$String_Whatever will be placed at 80252988 (length = 30 bytes)
$EnablePipeCollider will be placed at 802529B8 (length = 30 bytes)
$AISettings_MoneySack will be placed at 802529E8 (length = 30 bytes)
$String_Bandit_Defeated2 will be placed at 80252A18 (length = 30 bytes)
$AISettings_Enemy will be placed at 80252A48 (length = 30 bytes)
$RespawnPartner will be placed at 80252A78 (length = 30 bytes)
$AISettings_DisableEnemy will be placed at 80252AA8 (length = 30 bytes)
$NPC_Settings_Sack will be placed at 80252AD8 (length = 2C bytes)
$NpcSettings_Generic will be placed at 80252B04 (length = 2C bytes)
$NpcSettings_Enemy1 will be placed at 80252B30 (length = 2C bytes)
$Function_RevivePlayer will be placed at 80252B5C (length = 2C bytes)
$NpcSettings_Blank will be placed at 80252B88 (length = 2C bytes)
$BlankSettings will be placed at 80252BB4 (length = 2C bytes)
$Script_MakeExits will be placed at 80252BE0 (length = 2C bytes)
$Function_ResetEnemiesFlag will be placed at 80252C0C (length = 2C bytes)
$String_List_NoYes will be placed at 80252C38 (length = 28 bytes)
$Function_SaveCoinsLosted will be placed at 80252C60 (length = 28 bytes)
$String_List_YesNo will be placed at 80252C88 (length = 28 bytes)
$Script_Init_EnemyNPC will be placed at 80252CB0 (length = 24 bytes)
$VectorList_SwitchPath will be placed at 80252CD4 (length = 24 bytes)
$Script_Init_Lakitu will be placed at 80252CF8 (length = 24 bytes)
$Script_Init_Mover will be placed at 80252D1C (length = 24 bytes)
$String_CoinsGained will be placed at 80252D40 (length = 24 bytes)
$String_Bandit_Defeated10 will be placed at 80252D64 (length = 24 bytes)
$String_Bandit_Defeated6 will be placed at 80252D88 (length = 20 bytes)
$String_Bandit_Defeated5 will be placed at 80252DA8 (length = 20 bytes)
$Script_DisableEnemyAI will be placed at 80252DC8 (length = 20 bytes)
$TotalLevels_CurrentPlaythrough will be placed at 80252DE8 (length = 1C bytes)
$NpcGroupList_RubyCS will be placed at 80252E04 (length = 18 bytes)
$SignString will be placed at 80252E1C (length = 18 bytes)
$String_Psst will be placed at 80252E34 (length = 10 bytes)
$Script_null will be placed at 80252E44 (length = 10 bytes)
$ASCII_"pt81_86_shape"_Literal will be placed at 80252E54 (length = 10 bytes)
$Function_ResetCoinsLosted will be placed at 80252E64 (length = 10 bytes)
$ASCII_"pt51_56_shape"_Literal will be placed at 80252E74 (length = 10 bytes)
$ASCII_"pt1_6_hit"_Literal will be placed at 80252E84 (length = C bytes)
$NpcGroup7 will be placed at 80252E90 (length = C bytes)
$NpcGroup1 will be placed at 80252E9C (length = C bytes)
$ASCII_"pt_100"_Literal will be placed at 80252EA8 (length = C bytes)
$ASCII_"dmo_00"_Literal will be placed at 80252EB4 (length = C bytes)
$ASCII_"pt1_6_shape"_Literal will be placed at 80252EC0 (length = C bytes)
$ASCII_"pt_85"_Literal will be placed at 80252ECC (length = 8 bytes)
$ASCII_"pt91_96"_Literal will be placed at 80252ED4 (length = 8 bytes)
$ASCII_"pt62_67"_Literal will be placed at 80252EDC (length = 8 bytes)
$ASCII_"pt33_38"_Literal will be placed at 80252EE4 (length = 8 bytes)
$ASCII_"pt1_6"_Literal will be placed at 80252EEC (length = 8 bytes)
$ASCII_"pt_95"_Literal will be placed at 80252EF4 (length = 8 bytes)
$ASCII_"pt4_9"_Literal will be placed at 80252EFC (length = 8 bytes)
$ASCII_"pt_65"_Literal will be placed at 80252F04 (length = 8 bytes)
$ASCII_"pt44_49"_Literal will be placed at 80252F0C (length = 8 bytes)
$ASCII_"pt81_86"_Literal will be placed at 80252F14 (length = 8 bytes)
$ASCII_"pt_80"_Literal will be placed at 80252F1C (length = 8 bytes)
$ASCII_"pt52_57"_Literal will be placed at 80252F24 (length = 8 bytes)
$ASCII_"pt23_28"_Literal will be placed at 80252F2C (length = 8 bytes)
$ASCII_"pt_50"_Literal will be placed at 80252F34 (length = 8 bytes)
$ASCII_"pt83_88"_Literal will be placed at 80252F3C (length = 8 bytes)
$ASCII_"pt54_59"_Literal will be placed at 80252F44 (length = 8 bytes)
$ASCII_"pt64_69"_Literal will be placed at 80252F4C (length = 8 bytes)
$ASCII_"pt72_77"_Literal will be placed at 80252F54 (length = 8 bytes)
$ASCII_"pt14_19"_Literal will be placed at 80252F5C (length = 8 bytes)
$ASCII_"pt34_39"_Literal will be placed at 80252F64 (length = 8 bytes)
$ASCII_"pt22_27"_Literal will be placed at 80252F6C (length = 8 bytes)
$ASCII_"pt21_26"_Literal will be placed at 80252F74 (length = 8 bytes)
$ASCII_"pt73_78"_Literal will be placed at 80252F7C (length = 8 bytes)
$ASCII_"pt84_89"_Literal will be placed at 80252F84 (length = 8 bytes)
$ASCII_"pt92_97"_Literal will be placed at 80252F8C (length = 8 bytes)
$ASCII_"pt_75"_Literal will be placed at 80252F94 (length = 8 bytes)
$ASCII_"pt53_58"_Literal will be placed at 80252F9C (length = 8 bytes)
$ASCII_"pt41_46"_Literal will be placed at 80252FA4 (length = 8 bytes)
$ASCII_"pt61_66"_Literal will be placed at 80252FAC (length = 8 bytes)
$ASCII_"pt32_37"_Literal will be placed at 80252FB4 (length = 8 bytes)
$ASCII_"pt_15"_Literal will be placed at 80252FBC (length = 8 bytes)
$ASCII_"pt11_16"_Literal will be placed at 80252FC4 (length = 8 bytes)
$ASCII_"pt_00"_Literal will be placed at 80252FCC (length = 8 bytes)
$ASCII_"pt74_79"_Literal will be placed at 80252FD4 (length = 8 bytes)
$ASCII_"pt_25"_Literal will be placed at 80252FDC (length = 8 bytes)
$ASCII_"pt_35"_Literal will be placed at 80252FE4 (length = 8 bytes)
$ASCII_"pt71_76"_Literal will be placed at 80252FEC (length = 8 bytes)
$ASCII_"pt42_47"_Literal will be placed at 80252FF4 (length = 8 bytes)
$ASCII_"pt13_18"_Literal will be placed at 80252FFC (length = 8 bytes)
$ASCII_"pt_05"_Literal will be placed at 80253004 (length = 8 bytes)
$ASCII_"pt93_98"_Literal will be placed at 8025300C (length = 8 bytes)
$ConstDouble_802471E0 will be placed at 80253018 (length = 8 bytes)
$ASCII_"pt43_48"_Literal will be placed at 80253020 (length = 8 bytes)
$ASCII_"pt51_56"_Literal will be placed at 80253028 (length = 8 bytes)
$ASCII_"pt_55"_Literal will be placed at 80253030 (length = 8 bytes)
$ASCII_"pt2_7"_Literal will be placed at 80253038 (length = 8 bytes)
$ASCII_"pt12_17"_Literal will be placed at 80253040 (length = 8 bytes)
$ASCII_"pt3_8"_Literal will be placed at 80253048 (length = 8 bytes)
$ASCII_"pt_10"_Literal will be placed at 80253050 (length = 8 bytes)
$ASCII_"tik_tex"_Literal will be placed at 80253058 (length = 8 bytes)
$ASCII_"pt31_36"_Literal will be placed at 80253060 (length = 8 bytes)
$ASCII_"pt63_68"_Literal will be placed at 80253068 (length = 8 bytes)
$ASCII_"pt94_99"_Literal will be placed at 80253070 (length = 8 bytes)
$ASCII_"pt82_87"_Literal will be placed at 80253078 (length = 8 bytes)
$ASCII_"pt_45"_Literal will be placed at 80253080 (length = 8 bytes)
$ASCII_"pt24_29"_Literal will be placed at 80253088 (length = 8 bytes)
$MoverCancel will be placed at 80253014 (length = 4 bytes)
$BanditMoverCancel will be placed at 80253090 (length = 4 bytes)
$CloseDialogBubble will be placed at 80253094 (length = 4 bytes)
Executing patch: pt82_87.mpat
Creating struct: $DeepestLevel
Creating struct: $TotalLevels_Sign
Creating struct: $TotalLevels_CurrentPlaythrough
Creating struct: $LoadHighscores
Creating struct: $FallingDownPipe
Creating struct: $Function_GetPos
Creating struct: $Function2
Creating struct: $SetSpawns
Creating struct: $Script_Set_Formation
Creating struct: $Function_OverwriteBattleID
Creating struct: $Script_SetMover
Creating struct: $Script_MapID_Converter
Creating struct: $Script_LoadOdds
Creating struct: $Script_LoadMoverType
Creating struct: $Script_SpawnMover
Creating struct: $Script_SetNPCPos
Creating struct: $Function_Load_MapID
Creating struct: $SwitchPath
Creating struct: $VectorList_SwitchPath
Creating struct: $GetPos
Creating struct: $DispawnPartner
Creating struct: $RespawnPartner
Creating struct: $LoadMap
Creating struct: $GetFloor
Creating struct: $LoadMapBandit
Creating struct: $GetFloorBandit
Creating struct: $SetSpawnsSpecial
Creating struct: $Script_SetMover_Special
Creating struct: $Script_SpawnMover_Special
Creating struct: $Script_Set_SpecialFormation
Creating struct: $Function_LoadCoinsInToVar1
Creating struct: $Script_SetSpawnPosition
Creating struct: $Script_Init_EnemyNPC
Creating struct: $Script_Init_Lakitu
Creating struct: $Script_TrackOutcome
Creating struct: $Script_LakituOutcome
Creating struct: $Script_FloorEnemy_Idle
Creating struct: $Script_Rogue_GiveTotalCoins
Creating struct: $Script_SetEnemyIdle
Creating struct: $Script_AddCoins
Creating struct: $NPC_Settings_Sack
Creating struct: $Script_Init_Bag
Creating struct: $Script_Init_Bag_HitBox
Creating struct: $Script_NPC_SackHit_Init
Creating struct: $Script_NPC_Sack_FX
Creating struct: $NPC_Sack_AnimationStart
Creating struct: $NPC_Sack_AnimationEnd
Creating struct: $Script_SackAnimation_SackAppears_100
Creating struct: $Script_SackAnimation_Start_GoToTheRight
Creating struct: $Script_SackAnimation_Start_GoToTheLeft
Creating struct: $Script_SackAnimation_End_Right
Creating struct: $Script_SackAnimation_End_Left
Creating struct: $Function_LoadMarioCoins
Creating struct: $Function_LoadCoinsLosted
Creating struct: $Function_SaveCoinsLosted
Creating struct: $Function_ResetCoinsLosted
Creating struct: $Function_LoadGainedCoins
Creating struct: $Function_RevivePlayer
Creating struct: $AISettings_MoneySack
Creating struct: $Script_NpcAI_MoneySack
Creating struct: $JumpTable_80242448
Creating struct: $Function_NpcAI_MoneySack
Creating struct: $Function_80240260
Creating struct: $Function_80240844
Creating struct: $Function_802409A8
Creating struct: $Script_TrackPlayer
Creating struct: $Script_PipeAnimation
Creating struct: $Function_SetAnimation
Creating struct: $Function_GetColliderPos
Creating struct: $Function_TrackInput
Creating struct: $GoToNextLevel
Creating struct: $GetFloorSign
Creating struct: $GetFloorSign_Rogue
Creating struct: $Function_GetTattle1
Creating struct: $Function_GetTattle2
Creating struct: $Script_ReadSign
Creating struct: $NpcSettings_Blank
Creating struct: $NpcGroup_Spring1
Creating struct: $NpcGroup_Spring2
Creating struct: $NpcGroup_Spring3
Creating struct: $NpcGroup_Spring4
Creating struct: $NpcGroup_Spring5
Creating struct: $NpcGroup_Spring6
Creating struct: $NpcGroup_Spring7
Creating struct: $NpcGroup_Spring8
Creating struct: $NpcGroup_Spring9
Creating struct: $NpcGroup_Spring10
Creating struct: $Header
Creating struct: $Script_Main2_Wait
Creating struct: $Script_Main2_Exec
Creating struct: $Script_TrackEvents
Creating struct: $Script_Cutscene_Event
Creating struct: $SkipCutscene_Event
Creating struct: $Script_ZoomIn_Camera_X
Creating struct: $Script_Cutscene_Ruby_Init
Creating struct: $Script_Cutscene_Ruby2
Creating struct: $NpcGroupList_RubyCS
Creating struct: $NpcGroup_RubyCS
Creating struct: $NpcSettings_Generic
Creating struct: $Script_null
Creating struct: $Script_SpawnNPCs
Creating struct: $Function_ResetEnemiesFlag
Creating struct: $EntryList
Creating struct: $Function_Init
Creating struct: $NpcGroup_Mover
Creating struct: $BlankSettings
Creating struct: $Script_Init_Mover
Creating struct: $Interact_Mover
Creating struct: $Script_MoverWarpAnimation
Creating struct: $SkipCutscene_MoverWarpAnimation
Creating struct: $NpcGroup_BanditMover
Creating struct: $Script_Init_BanditMover
Creating struct: $Script_Bandit_StartBattle
Creating struct: $Interact_BanditMover
Creating struct: $Script_Warning_Mario
Creating struct: $Script_NoThanks_Bandit
Creating struct: $Script_ZoomIn_Camera
Creating struct: $Script_ZoomIn_Camera_2
Creating struct: $Script_ZoomIn_Camera_3
Creating struct: $NpcGroup_MoneyBag
Creating struct: $Script_SetPipesPosition
Creating struct: $Script_DisableNumbers
Creating struct: $Script_SetFloorNumbers
Creating struct: $Script_CheckBanditStatus1
Creating struct: $Script_Cutscene_BanditStatus1
Creating struct: $Script_CheckBanditStatus2
Creating struct: $Script_TrackOutcome_Bandit
Creating struct: $Script_Cutscene_BanditDefeated
Creating struct: $SkipCutscene_BanditDefeated
Creating struct: $Script_AddCoins_Bandit
Creating struct: $Function_LoadPath
Creating struct: $Script_ClosePartnerDialog
Creating struct: $PipeSpawning
Creating struct: $EnablePipeCollider
Creating struct: $Script_MakeEntities
Creating struct: $CommingDownPipe
Creating struct: $Function_TimerCurrentFloor
Creating struct: $Script_MakeExits
Creating struct: $Script_Exit0
Creating struct: $Script_Main
Creating struct: $NpcGroup1
Creating struct: $NpcGroup7
Creating struct: $NpcGroups
Creating struct: $ExtraAnimationList_8024437C
Creating struct: $NpcGroup_Enemy1
Creating struct: $NpcSettings_Enemy1
Creating struct: $NpcSettings_Hammer
Creating struct: $Script_EnemyAI
Creating struct: $Script_HammerAI
Creating struct: $AISettings_Enemy
Creating struct: $AISettings_Hammer
Creating struct: $Script_80244188
Creating struct: $Script_80244178
Creating struct: $Function_8024086C
Creating struct: $Function_80241524
Creating struct: $Function_80240DA8
Creating struct: $ConstDouble_80245B20
Creating struct: $ConstDouble_80245B28
Creating struct: $ConstDouble_80245B30
Creating struct: $ConstDouble_80245B38
Creating struct: $ConstDouble_80245B40
Creating struct: $JumpTable_80245B48
Creating struct: $Function_80241204
Creating struct: $Function_80240500
Creating struct: $Function_80240310
Creating struct: $Function_80240644
Creating struct: $Function_80240744
Creating struct: $Function_80240788
Creating struct: $Function_80240828
Creating struct: $Script_DisableEnemyAI
Creating struct: $AISettings_DisableEnemy
Merged 1 regions to 1
$Script_SetFloorNumbers will be placed at 80240000 (length = 128C bytes)
$NpcGroup_RubyCS will be placed at 8024128C (length = 1170 bytes)
$NpcGroup_Enemy1 will be placed at 802423FC (length = D90 bytes)
$LoadMap will be placed at 8024318C (length = C04 bytes)
$LoadMapBandit will be placed at 80243D90 (length = B80 bytes)
$GoToNextLevel will be placed at 80244910 (length = B10 bytes)
$Script_Cutscene_BanditDefeated will be placed at 80245420 (length = B08 bytes)
$Script_SetEnemyIdle will be placed at 80245F28 (length = 674 bytes)
$Script_MapID_Converter will be placed at 8024659C (length = 60C bytes)
$Script_Warning_Mario will be placed at 80246BA8 (length = 608 bytes)
$Function_80240260 will be placed at 802471B0 (length = 5E4 bytes)
$Function_8024086C will be placed at 80247794 (length = 53C bytes)
$Script_SetNPCPos will be placed at 80247CD0 (length = 4D0 bytes)
$Script_Cutscene_Ruby_Init will be placed at 802481A0 (length = 490 bytes)
$Function_80240DA8 will be placed at 80248630 (length = 45C bytes)
$FallingDownPipe will be placed at 80248A8C (length = 418 bytes)
$Script_TrackEvents will be placed at 80248EA4 (length = 410 bytes)
$NpcGroup_MoneyBag will be placed at 802492B4 (length = 3E0 bytes)
$Interact_BanditMover will be placed at 80249694 (length = 3D8 bytes)
$Script_CheckBanditStatus2 will be placed at 80249A6C (length = 3D8 bytes)
$SkipCutscene_BanditDefeated will be placed at 80249E44 (length = 3D8 bytes)
$Interact_Mover will be placed at 8024A21C (length = 3CC bytes)
$Script_Set_SpecialFormation will be placed at 8024A5E8 (length = 3B4 bytes)
$Script_FloorEnemy_Idle will be placed at 8024A99C (length = 388 bytes)
$Script_TrackOutcome_Bandit will be placed at 8024AD24 (length = 330 bytes)
$Function_80241204 will be placed at 8024B054 (length = 320 bytes)
$Script_LakituOutcome will be placed at 8024B374 (length = 30C bytes)
$Script_Rogue_GiveTotalCoins will be placed at 8024B680 (length = 2FC bytes)
$Script_Set_Formation will be placed at 8024B97C (length = 2D4 bytes)
$PipeSpawning will be placed at 8024BC50 (length = 2A0 bytes)
$Script_TrackOutcome will be placed at 8024BEF0 (length = 288 bytes)
$Script_Cutscene_Ruby2 will be placed at 8024C178 (length = 258 bytes)
$Function_NpcAI_MoneySack will be placed at 8024C3D0 (length = 238 bytes)
$Script_SackAnimation_Start_GoToTheRight will be placed at 8024C608 (length = 230 bytes)
$Script_SetSpawnPosition will be placed at 8024C838 (length = 228 bytes)
$Script_Main2_Exec will be placed at 8024CA60 (length = 228 bytes)
$Script_Cutscene_BanditStatus1 will be placed at 8024CC88 (length = 21C bytes)
$Script_LoadMoverType will be placed at 8024CEA4 (length = 214 bytes)
$Script_NoThanks_Bandit will be placed at 8024D0B8 (length = 210 bytes)
$Script_SackAnimation_Start_GoToTheLeft will be placed at 8024D2C8 (length = 1F8 bytes)
$NpcGroup_Spring10 will be placed at 8024D4C0 (length = 1F0 bytes)
$NpcGroup_Spring1 will be placed at 8024D6B0 (length = 1F0 bytes)
$NpcGroup_Spring2 will be placed at 8024D8A0 (length = 1F0 bytes)
$NpcGroup_Spring3 will be placed at 8024DA90 (length = 1F0 bytes)
$NpcGroup_Spring4 will be placed at 8024DC80 (length = 1F0 bytes)
$NpcGroup_Spring5 will be placed at 8024DE70 (length = 1F0 bytes)
$NpcGroup_Spring6 will be placed at 8024E060 (length = 1F0 bytes)
$NpcGroup_Spring7 will be placed at 8024E250 (length = 1F0 bytes)
$NpcGroup_Spring8 will be placed at 8024E440 (length = 1F0 bytes)
$NpcGroup_Spring9 will be placed at 8024E630 (length = 1F0 bytes)
$NpcGroup_Mover will be placed at 8024E820 (length = 1F0 bytes)
$NpcGroup_BanditMover will be placed at 8024EA10 (length = 1F0 bytes)
$Function_80240310 will be placed at 8024EC00 (length = 1F0 bytes)
$Script_80244188 will be placed at 8024EDF0 (length = 1C8 bytes)
$Script_PipeAnimation will be placed at 8024EFB8 (length = 1C4 bytes)
$Script_Cutscene_Event will be placed at 8024F17C (length = 198 bytes)
$Script_NPC_SackHit_Init will be placed at 8024F314 (length = 198 bytes)
$Script_ClosePartnerDialog will be placed at 8024F4AC (length = 194 bytes)
$JumpTable_80242448 will be placed at 8024F640 (length = 190 bytes)
$JumpTable_80245B48 will be placed at 8024F7D0 (length = 190 bytes)
$SkipCutscene_Event will be placed at 8024F960 (length = 188 bytes)
$Script_SpawnNPCs will be placed at 8024FAE8 (length = 174 bytes)
$NPC_Sack_AnimationStart will be placed at 8024FC5C (length = 168 bytes)
$Function_80240844 will be placed at 8024FDC4 (length = 164 bytes)
$Script_SackAnimation_End_Right will be placed at 8024FF28 (length = 158 bytes)
$Script_SackAnimation_End_Left will be placed at 80250080 (length = 150 bytes)
$Function_80240500 will be placed at 802501D0 (length = 144 bytes)
$Script_TrackPlayer will be placed at 80250314 (length = 144 bytes)
$Script_CheckBanditStatus1 will be placed at 80250458 (length = 13C bytes)
$MapTattle5 will be placed at 80250594 (length = 13C bytes)
$MapTattle4 will be placed at 802506D0 (length = 130 bytes)
$BanditMover_Tattle will be placed at 80250800 (length = 11C bytes)
$Function_LoadPath will be placed at 8025091C (length = 114 bytes)
$Script_SackAnimation_SackAppears_100 will be placed at 80250A30 (length = 100 bytes)
$Function_80240644 will be placed at 80250B30 (length = 100 bytes)
$String_Partner_Event_1 will be placed at 80250C30 (length = FC bytes)
$Script_Main2_Wait will be placed at 80250D2C (length = F4 bytes)
$String_Warning2 will be placed at 80250E20 (length = F0 bytes)
$Script_SetMover_Special will be placed at 80250F10 (length = EC bytes)
$SetSpawnsSpecial will be placed at 80250FFC (length = E8 bytes)
$SetSpawns will be placed at 802510E4 (length = E8 bytes)
$String_Warning1 will be placed at 802511CC (length = E8 bytes)
$DeepestLevel will be placed at 802512B4 (length = E4 bytes)
$Function_GetColliderPos will be placed at 80251398 (length = E0 bytes)
$Function_GetPos will be placed at 80251478 (length = E0 bytes)
$TotalLevels_Sign will be placed at 80251558 (length = DC bytes)
$Script_SpawnMover_Special will be placed at 80251634 (length = DC bytes)
$GetFloor will be placed at 80251710 (length = DC bytes)
$Script_DisableNumbers will be placed at 802517EC (length = D8 bytes)
$MapTattle2 will be placed at 802518C4 (length = D4 bytes)
$NPC_Sack_AnimationEnd will be placed at 80251998 (length = D4 bytes)
$Script_SetMover will be placed at 80251A6C (length = D0 bytes)
$GetFloorBandit will be placed at 80251B3C (length = D0 bytes)
$Script_AddCoins_Bandit will be placed at 80251C0C (length = C8 bytes)
$GetPos will be placed at 80251CD4 (length = C8 bytes)
$SkipCutscene_MoverWarpAnimation will be placed at 80251D9C (length = C4 bytes)
$Function_Init will be placed at 80251E60 (length = C4 bytes)
$MoverStart will be placed at 80251F24 (length = C0 bytes)
$String_Warning3 will be placed at 80251FE4 (length = C0 bytes)
$Script_ZoomIn_Camera_3 will be placed at 802520A4 (length = BC bytes)
$Script_ZoomIn_Camera_2 will be placed at 80252160 (length = BC bytes)
$Script_ZoomIn_Camera will be placed at 8025221C (length = BC bytes)
$Function_TrackInput will be placed at 802522D8 (length = BC bytes)
$String_Bandit_Defeated4 will be placed at 80252394 (length = B8 bytes)
$Script_MoverWarpAnimation will be placed at 8025244C (length = B8 bytes)
$Script_NpcAI_MoneySack will be placed at 80252504 (length = B8 bytes)
$NpcGroups will be placed at 802525BC (length = B4 bytes)
$Script_SpawnMover will be placed at 80252670 (length = B4 bytes)
$BanditMoverStart will be placed at 80252724 (length = B4 bytes)
$MapTattle3 will be placed at 802527D8 (length = B0 bytes)
$Script_LoadOdds will be placed at 80252888 (length = B0 bytes)
$Script_SetPipesPosition will be placed at 80252938 (length = B0 bytes)
$LoadHighscores will be placed at 802529E8 (length = B0 bytes)
$NpcGroup7 will be placed at 80252A98 (length = A8 bytes)
$MapTattle1 will be placed at 80252B40 (length = A8 bytes)
$Script_AddCoins will be placed at 80252BE8 (length = A8 bytes)
$SwitchPath will be placed at 80252C90 (length = A4 bytes)
$Script_NPC_Sack_FX will be placed at 80252D34 (length = A4 bytes)
$Tattle_Springkeeper will be placed at 80252DD8 (length = A4 bytes)
$Script_ReadSign will be placed at 80252E7C (length = A0 bytes)
$Script_ZoomIn_Camera_X will be placed at 80252F1C (length = A0 bytes)
$Function_80240788 will be placed at 80252FBC (length = A0 bytes)
$String_Bandit_Defeated9 will be placed at 8025305C (length = 9C bytes)
$NpcGroup1 will be placed at 802530F8 (length = 9C bytes)
$Script_Bandit_StartBattle will be placed at 80253194 (length = 9C bytes)
$Script_Main will be placed at 80253230 (length = 9C bytes)
$Mover_Tattle will be placed at 802532CC (length = 94 bytes)
$String_Bandit_Defeated3 will be placed at 80253360 (length = 90 bytes)
$String_Bandit_Defeated8 will be placed at 802533F0 (length = 8C bytes)
$BanditMover_Options2 will be placed at 8025347C (length = 84 bytes)
$BanditMover_Options will be placed at 80253500 (length = 84 bytes)
$String_Okay will be placed at 80253584 (length = 80 bytes)
$Function_TimerCurrentFloor will be placed at 80253604 (length = 7C bytes)
$SignStringBug will be placed at 80253680 (length = 7C bytes)
$String_Rogue_CoinsGained_Success will be placed at 802536FC (length = 78 bytes)
$Mover_Options will be placed at 80253774 (length = 78 bytes)
$Script_EnemyAI will be placed at 802537EC (length = 70 bytes)
$Function2 will be placed at 8025385C (length = 6C bytes)
$Function_SetAnimation will be placed at 802538C8 (length = 6C bytes)
$String_Bandit_Defeated1 will be placed at 80253934 (length = 68 bytes)
$CommingDownPipe will be placed at 8025399C (length = 68 bytes)
$MoverEnd will be placed at 80253A04 (length = 68 bytes)
$BanditMoverEnd will be placed at 80253A6C (length = 68 bytes)
$String_Bandit_Defeated_Partner3 will be placed at 80253AD4 (length = 64 bytes)
$String_Bandit_Defeated_Partner2 will be placed at 80253B38 (length = 64 bytes)
$Function_GetTattle1 will be placed at 80253B9C (length = 60 bytes)
$Function_OverwriteBattleID will be placed at 80253BFC (length = 60 bytes)
$String_Bandit_Confrontation1 will be placed at 80253C5C (length = 5C bytes)
$Script_HammerAI will be placed at 80253CB8 (length = 5C bytes)
$BanditMoverNoCoins will be placed at 80253D14 (length = 58 bytes)
$MoverNoCoins will be placed at 80253D6C (length = 58 bytes)
$String_Bandit_Defeated7 will be placed at 80253DC4 (length = 50 bytes)
$String_Bandit_Defeated_Partner4 will be placed at 80253E14 (length = 50 bytes)
$EntryList will be placed at 80253E64 (length = 50 bytes)
$String_NoThanks will be placed at 80253EB4 (length = 50 bytes)
$Script_Init_BanditMover will be placed at 80253F04 (length = 4C bytes)
$GetFloorSign will be placed at 80253F50 (length = 48 bytes)
$Function_Load_MapID will be placed at 80253F98 (length = 48 bytes)
$GetFloorSign_Rogue will be placed at 80253FE0 (length = 48 bytes)
$Script_MakeEntities will be placed at 80254028 (length = 44 bytes)
$Function_80240744 will be placed at 8025406C (length = 44 bytes)
$Function_80240828 will be placed at 802540B0 (length = 44 bytes)
$Function_802409A8 will be placed at 802540F4 (length = 44 bytes)
$Function_LoadCoinsInToVar1 will be placed at 80254138 (length = 44 bytes)
$String_Bandit_Defeated_Partner1 will be placed at 8025417C (length = 40 bytes)
$Header will be placed at 802541BC (length = 40 bytes)
$Function_LoadCoinsLosted will be placed at 802541FC (length = 40 bytes)
$Function_LoadMarioCoins will be placed at 8025423C (length = 40 bytes)
$Function_LoadGainedCoins will be placed at 8025427C (length = 40 bytes)
$Function_GetTattle2 will be placed at 802542BC (length = 3C bytes)
$Script_Exit0 will be placed at 802542F8 (length = 3C bytes)
$Script_Init_Bag will be placed at 80254334 (length = 38 bytes)
$Script_Init_Bag_HitBox will be placed at 8025436C (length = 38 bytes)
$Function_80241524 will be placed at 802543A4 (length = 38 bytes)
$String_Bandit_Confrotation_Bye will be placed at 802543DC (length = 34 bytes)
$DispawnPartner will be placed at 80254410 (length = 34 bytes)
$String_Whatever will be placed at 80254444 (length = 30 bytes)
$AISettings_Hammer will be placed at 80254474 (length = 30 bytes)
$EnablePipeCollider will be placed at 802544A4 (length = 30 bytes)
$AISettings_MoneySack will be placed at 802544D4 (length = 30 bytes)
$String_Bandit_Defeated2 will be placed at 80254504 (length = 30 bytes)
$AISettings_Enemy will be placed at 80254534 (length = 30 bytes)
$RespawnPartner will be placed at 80254564 (length = 30 bytes)
$AISettings_DisableEnemy will be placed at 80254594 (length = 30 bytes)
$NPC_Settings_Sack will be placed at 802545C4 (length = 2C bytes)
$NpcSettings_Generic will be placed at 802545F0 (length = 2C bytes)
$NpcSettings_Enemy1 will be placed at 8025461C (length = 2C bytes)
$Function_RevivePlayer will be placed at 80254648 (length = 2C bytes)
$NpcSettings_Blank will be placed at 80254674 (length = 2C bytes)
$NpcSettings_Hammer will be placed at 802546A0 (length = 2C bytes)
$BlankSettings will be placed at 802546CC (length = 2C bytes)
$Script_MakeExits will be placed at 802546F8 (length = 2C bytes)
$Function_ResetEnemiesFlag will be placed at 80254724 (length = 2C bytes)
$String_List_NoYes will be placed at 80254750 (length = 28 bytes)
$Function_SaveCoinsLosted will be placed at 80254778 (length = 28 bytes)
$String_List_YesNo will be placed at 802547A0 (length = 28 bytes)
$Script_Init_EnemyNPC will be placed at 802547C8 (length = 24 bytes)
$VectorList_SwitchPath will be placed at 802547EC (length = 24 bytes)
$Script_Init_Lakitu will be placed at 80254810 (length = 24 bytes)
$Script_Init_Mover will be placed at 80254834 (length = 24 bytes)
$String_CoinsGained will be placed at 80254858 (length = 24 bytes)
$String_Bandit_Defeated10 will be placed at 8025487C (length = 24 bytes)
$String_Bandit_Defeated6 will be placed at 802548A0 (length = 20 bytes)
$String_Bandit_Defeated5 will be placed at 802548C0 (length = 20 bytes)
$Script_DisableEnemyAI will be placed at 802548E0 (length = 20 bytes)
$TotalLevels_CurrentPlaythrough will be placed at 80254900 (length = 1C bytes)
$NpcGroupList_RubyCS will be placed at 8025491C (length = 18 bytes)
$SignString will be placed at 80254934 (length = 18 bytes)
$String_Psst will be placed at 8025494C (length = 10 bytes)
$Script_null will be placed at 8025495C (length = 10 bytes)
$ASCII_"pt81_86_shape"_Literal will be placed at 8025496C (length = 10 bytes)
$Script_80244178 will be placed at 8025497C (length = 10 bytes)
$Function_ResetCoinsLosted will be placed at 8025498C (length = 10 bytes)
$ASCII_"pt51_56_shape"_Literal will be placed at 8025499C (length = 10 bytes)
$ASCII_"pt1_6_hit"_Literal will be placed at 802549AC (length = C bytes)
$ASCII_"pt_100"_Literal will be placed at 802549B8 (length = C bytes)
$ASCII_"dmo_00"_Literal will be placed at 802549C4 (length = C bytes)
$ASCII_"pt1_6_shape"_Literal will be placed at 802549D0 (length = C bytes)
$ASCII_"pt_85"_Literal will be placed at 802549DC (length = 8 bytes)
$ASCII_"pt91_96"_Literal will be placed at 802549E4 (length = 8 bytes)
$ASCII_"pt62_67"_Literal will be placed at 802549EC (length = 8 bytes)
$ASCII_"pt33_38"_Literal will be placed at 802549F4 (length = 8 bytes)
$ASCII_"pt1_6"_Literal will be placed at 802549FC (length = 8 bytes)
$ASCII_"pt_95"_Literal will be placed at 80254A04 (length = 8 bytes)
$ASCII_"pt4_9"_Literal will be placed at 80254A0C (length = 8 bytes)
$ASCII_"pt_65"_Literal will be placed at 80254A14 (length = 8 bytes)
$ASCII_"pt44_49"_Literal will be placed at 80254A1C (length = 8 bytes)
$ASCII_"pt81_86"_Literal will be placed at 80254A24 (length = 8 bytes)
$ASCII_"pt_80"_Literal will be placed at 80254A2C (length = 8 bytes)
$ASCII_"pt52_57"_Literal will be placed at 80254A34 (length = 8 bytes)
$ASCII_"pt23_28"_Literal will be placed at 80254A3C (length = 8 bytes)
$ASCII_"pt_50"_Literal will be placed at 80254A44 (length = 8 bytes)
$ASCII_"pt83_88"_Literal will be placed at 80254A4C (length = 8 bytes)
$ASCII_"pt54_59"_Literal will be placed at 80254A54 (length = 8 bytes)
$ASCII_"pt64_69"_Literal will be placed at 80254A5C (length = 8 bytes)
$ConstDouble_80245B40 will be placed at 80254A68 (length = 8 bytes)
$ASCII_"pt72_77"_Literal will be placed at 80254A70 (length = 8 bytes)
$ASCII_"pt14_19"_Literal will be placed at 80254A78 (length = 8 bytes)
$ConstDouble_80245B38 will be placed at 80254A80 (length = 8 bytes)
$ASCII_"pt34_39"_Literal will be placed at 80254A88 (length = 8 bytes)
$ASCII_"pt22_27"_Literal will be placed at 80254A90 (length = 8 bytes)
$ConstDouble_80245B30 will be placed at 80254A98 (length = 8 bytes)
$ASCII_"pt21_26"_Literal will be placed at 80254AA0 (length = 8 bytes)
$ASCII_"pt73_78"_Literal will be placed at 80254AA8 (length = 8 bytes)
$ASCII_"pt84_89"_Literal will be placed at 80254AB0 (length = 8 bytes)
$ASCII_"pt92_97"_Literal will be placed at 80254AB8 (length = 8 bytes)
$ASCII_"pt_75"_Literal will be placed at 80254AC0 (length = 8 bytes)
$ASCII_"pt53_58"_Literal will be placed at 80254AC8 (length = 8 bytes)
$ASCII_"pt41_46"_Literal will be placed at 80254AD0 (length = 8 bytes)
$ASCII_"pt61_66"_Literal will be placed at 80254AD8 (length = 8 bytes)
$ASCII_"pt32_37"_Literal will be placed at 80254AE0 (length = 8 bytes)
$ASCII_"pt_15"_Literal will be placed at 80254AE8 (length = 8 bytes)
$ASCII_"pt11_16"_Literal will be placed at 80254AF0 (length = 8 bytes)
$ASCII_"pt_00"_Literal will be placed at 80254AF8 (length = 8 bytes)
$ASCII_"pt74_79"_Literal will be placed at 80254B00 (length = 8 bytes)
$ASCII_"pt_25"_Literal will be placed at 80254B08 (length = 8 bytes)
$ConstDouble_80245B28 will be placed at 80254B10 (length = 8 bytes)
$ConstDouble_80245B20 will be placed at 80254B18 (length = 8 bytes)
$ASCII_"pt_35"_Literal will be placed at 80254B20 (length = 8 bytes)
$ASCII_"pt71_76"_Literal will be placed at 80254B28 (length = 8 bytes)
$ASCII_"pt42_47"_Literal will be placed at 80254B30 (length = 8 bytes)
$ASCII_"pt13_18"_Literal will be placed at 80254B38 (length = 8 bytes)
$ASCII_"pt_05"_Literal will be placed at 80254B40 (length = 8 bytes)
$ASCII_"pt93_98"_Literal will be placed at 80254B48 (length = 8 bytes)
$ASCII_"pt43_48"_Literal will be placed at 80254B50 (length = 8 bytes)
$ASCII_"pt51_56"_Literal will be placed at 80254B58 (length = 8 bytes)
$ASCII_"pt_55"_Literal will be placed at 80254B60 (length = 8 bytes)
$ASCII_"pt2_7"_Literal will be placed at 80254B68 (length = 8 bytes)
$ASCII_"pt12_17"_Literal will be placed at 80254B70 (length = 8 bytes)
$ASCII_"pt3_8"_Literal will be placed at 80254B78 (length = 8 bytes)
$ASCII_"pt_10"_Literal will be placed at 80254B80 (length = 8 bytes)
$ExtraAnimationList_8024437C will be placed at 80254B88 (length = 8 bytes)
$ASCII_"tik_tex"_Literal will be placed at 80254B90 (length = 8 bytes)
$ASCII_"pt31_36"_Literal will be placed at 80254B98 (length = 8 bytes)
$ASCII_"pt63_68"_Literal will be placed at 80254BA0 (length = 8 bytes)
$ASCII_"pt94_99"_Literal will be placed at 80254BA8 (length = 8 bytes)
$ASCII_"pt82_87"_Literal will be placed at 80254BB0 (length = 8 bytes)
$ASCII_"pt_45"_Literal will be placed at 80254BB8 (length = 8 bytes)
$ASCII_"pt24_29"_Literal will be placed at 80254BC0 (length = 8 bytes)
$MoverCancel will be placed at 80254A64 (length = 4 bytes)
$BanditMoverCancel will be placed at 80254BC8 (length = 4 bytes)
$CloseDialogBubble will be placed at 80254BCC (length = 4 bytes)
Executing patch: pt83_88.mpat
Creating struct: $DeepestLevel
Creating struct: $TotalLevels_Sign
Creating struct: $TotalLevels_CurrentPlaythrough
Creating struct: $LoadHighscores
Creating struct: $FallingDownPipe
Creating struct: $Function_GetPos
Creating struct: $Function2
Creating struct: $SetSpawns
Creating struct: $Script_Set_Formation
Creating struct: $Function_OverwriteBattleID
Creating struct: $Script_SetMover
Creating struct: $Script_MapID_Converter
Creating struct: $Script_LoadOdds
Creating struct: $Script_LoadMoverType
Creating struct: $Script_SpawnMover
Creating struct: $Script_SetNPCPos
Creating struct: $Function_Load_MapID
Creating struct: $SwitchPath
Creating struct: $VectorList_SwitchPath
Creating struct: $GetPos
Creating struct: $DispawnPartner
Creating struct: $RespawnPartner
Creating struct: $LoadMap
Creating struct: $GetFloor
Creating struct: $LoadMapBandit
Creating struct: $GetFloorBandit
Creating struct: $SetSpawnsSpecial
Creating struct: $Script_SetMover_Special
Creating struct: $Script_SpawnMover_Special
Creating struct: $Script_Set_SpecialFormation
Creating struct: $Function_LoadCoinsInToVar1
Creating struct: $Script_SetSpawnPosition
Creating struct: $Script_Init_EnemyNPC
Creating struct: $Script_Init_Lakitu
Creating struct: $Script_TrackOutcome
Creating struct: $Script_LakituOutcome
Creating struct: $Script_FloorEnemy_Idle
Creating struct: $Script_Rogue_GiveTotalCoins
Creating struct: $Script_SetEnemyIdle
Creating struct: $Script_AddCoins
Creating struct: $NPC_Settings_Sack
Creating struct: $Script_Init_Bag
Creating struct: $Script_Init_Bag_HitBox
Creating struct: $Script_NPC_SackHit_Init
Creating struct: $Script_NPC_Sack_FX
Creating struct: $NPC_Sack_AnimationStart
Creating struct: $NPC_Sack_AnimationEnd
Creating struct: $Script_SackAnimation_SackAppears_100
Creating struct: $Script_SackAnimation_Start_GoToTheRight
Creating struct: $Script_SackAnimation_Start_GoToTheLeft
Creating struct: $Script_SackAnimation_End_Right
Creating struct: $Script_SackAnimation_End_Left
Creating struct: $Function_LoadMarioCoins
Creating struct: $Function_LoadCoinsLosted
Creating struct: $Function_SaveCoinsLosted
Creating struct: $Function_ResetCoinsLosted
Creating struct: $Function_LoadGainedCoins
Creating struct: $Function_RevivePlayer
Creating struct: $AISettings_MoneySack
Creating struct: $Script_NpcAI_MoneySack
Creating struct: $JumpTable_80242448
Creating struct: $Function_NpcAI_MoneySack
Creating struct: $Function_80240260
Creating struct: $Function_80240844
Creating struct: $Function_802409A8
Creating struct: $Script_TrackPlayer
Creating struct: $Script_PipeAnimation
Creating struct: $Function_SetAnimation
Creating struct: $Function_GetColliderPos
Creating struct: $Function_TrackInput
Creating struct: $GoToNextLevel
Creating struct: $GetFloorSign
Creating struct: $GetFloorSign_Rogue
Creating struct: $Function_GetTattle1
Creating struct: $Function_GetTattle2
Creating struct: $Script_ReadSign
Creating struct: $NpcSettings_Blank
Creating struct: $NpcGroup_Spring1
Creating struct: $NpcGroup_Spring2
Creating struct: $NpcGroup_Spring3
Creating struct: $NpcGroup_Spring4
Creating struct: $NpcGroup_Spring5
Creating struct: $NpcGroup_Spring6
Creating struct: $NpcGroup_Spring7
Creating struct: $NpcGroup_Spring8
Creating struct: $NpcGroup_Spring9
Creating struct: $NpcGroup_Spring10
Creating struct: $Header
Creating struct: $Script_Main2_Wait
Creating struct: $Script_Main2_Exec
Creating struct: $Script_TrackEvents
Creating struct: $Script_Cutscene_Event
Creating struct: $SkipCutscene_Event
Creating struct: $Script_ZoomIn_Camera_X
Creating struct: $Script_Cutscene_Ruby_Init
Creating struct: $Script_Cutscene_Ruby2
Creating struct: $NpcGroupList_RubyCS
Creating struct: $NpcGroup_RubyCS
Creating struct: $NpcSettings_Generic
Creating struct: $Script_null
Creating struct: $Script_SpawnNPCs
Creating struct: $Function_ResetEnemiesFlag
Creating struct: $EntryList
Creating struct: $Function_Init
Creating struct: $NpcGroup_Mover
Creating struct: $BlankSettings
Creating struct: $Script_Init_Mover
Creating struct: $Interact_Mover
Creating struct: $Script_MoverWarpAnimation
Creating struct: $SkipCutscene_MoverWarpAnimation
Creating struct: $NpcGroup_BanditMover
Creating struct: $Script_Init_BanditMover
Creating struct: $Script_Bandit_StartBattle
Creating struct: $Interact_BanditMover
Creating struct: $Script_Warning_Mario
Creating struct: $Script_NoThanks_Bandit
Creating struct: $Script_ZoomIn_Camera
Creating struct: $Script_ZoomIn_Camera_2
Creating struct: $Script_ZoomIn_Camera_3
Creating struct: $NpcGroup_MoneyBag
Creating struct: $Script_SetPipesPosition
Creating struct: $Script_DisableNumbers
Creating struct: $Script_SetFloorNumbers
Creating struct: $Script_CheckBanditStatus1
Creating struct: $Script_Cutscene_BanditStatus1
Creating struct: $Script_CheckBanditStatus2
Creating struct: $Script_TrackOutcome_Bandit
Creating struct: $Script_Cutscene_BanditDefeated
Creating struct: $SkipCutscene_BanditDefeated
Creating struct: $Script_AddCoins_Bandit
Creating struct: $Function_LoadPath
Creating struct: $Script_ClosePartnerDialog
Creating struct: $PipeSpawning
Creating struct: $EnablePipeCollider
Creating struct: $Script_MakeEntities
Creating struct: $CommingDownPipe
Creating struct: $Function_TimerCurrentFloor
Creating struct: $Script_MakeExits
Creating struct: $Script_Exit0
Creating struct: $Script_Main
Creating struct: $NpcGroups
Creating struct: $NpcGroup1
Creating struct: $NpcGroup7
Creating struct: $NpcGroup_Enemy1
Creating struct: $NpcSettings_Enemy1
Creating struct: $Script_EnemyAI
Creating struct: $AISettings_Enemy
Creating struct: $ConstDouble_802471E0
Creating struct: $JumpTable_802471E8
Creating struct: $Function_802406A4
Creating struct: $Function_80240310
Creating struct: $Function_8024038C
Creating struct: $Function_802404C0
Creating struct: $Function_80240624
Creating struct: $Script_DisableEnemyAI
Creating struct: $AISettings_DisableEnemy
Merged 1 regions to 1
$Script_SetFloorNumbers will be placed at 80240000 (length = 128C bytes)
$NpcGroup_RubyCS will be placed at 8024128C (length = 1170 bytes)
$LoadMap will be placed at 802423FC (length = C04 bytes)
$LoadMapBandit will be placed at 80243000 (length = B80 bytes)
$GoToNextLevel will be placed at 80243B80 (length = B10 bytes)
$Script_Cutscene_BanditDefeated will be placed at 80244690 (length = B08 bytes)
$Script_SetEnemyIdle will be placed at 80245198 (length = 674 bytes)
$Script_MapID_Converter will be placed at 8024580C (length = 60C bytes)
$Script_Warning_Mario will be placed at 80245E18 (length = 608 bytes)
$Function_80240260 will be placed at 80246420 (length = 5E4 bytes)
$Script_SetNPCPos will be placed at 80246A04 (length = 4D0 bytes)
$Script_Cutscene_Ruby_Init will be placed at 80246ED4 (length = 490 bytes)
$Function_802406A4 will be placed at 80247364 (length = 440 bytes)
$FallingDownPipe will be placed at 802477A4 (length = 418 bytes)
$Script_TrackEvents will be placed at 80247BBC (length = 410 bytes)
$NpcGroup_MoneyBag will be placed at 80247FCC (length = 3E0 bytes)
$Interact_BanditMover will be placed at 802483AC (length = 3D8 bytes)
$Script_CheckBanditStatus2 will be placed at 80248784 (length = 3D8 bytes)
$SkipCutscene_BanditDefeated will be placed at 80248B5C (length = 3D8 bytes)
$Interact_Mover will be placed at 80248F34 (length = 3CC bytes)
$Script_Set_SpecialFormation will be placed at 80249300 (length = 3B4 bytes)
$Script_FloorEnemy_Idle will be placed at 802496B4 (length = 388 bytes)
$Script_TrackOutcome_Bandit will be placed at 80249A3C (length = 330 bytes)
$Script_LakituOutcome will be placed at 80249D6C (length = 30C bytes)
$Script_Rogue_GiveTotalCoins will be placed at 8024A078 (length = 2FC bytes)
$Script_Set_Formation will be placed at 8024A374 (length = 2D4 bytes)
$PipeSpawning will be placed at 8024A648 (length = 2A0 bytes)
$Script_TrackOutcome will be placed at 8024A8E8 (length = 288 bytes)
$Script_Cutscene_Ruby2 will be placed at 8024AB70 (length = 258 bytes)
$Function_NpcAI_MoneySack will be placed at 8024ADC8 (length = 238 bytes)
$Script_SackAnimation_Start_GoToTheRight will be placed at 8024B000 (length = 230 bytes)
$Script_SetSpawnPosition will be placed at 8024B230 (length = 228 bytes)
$Script_Main2_Exec will be placed at 8024B458 (length = 228 bytes)
$Script_Cutscene_BanditStatus1 will be placed at 8024B680 (length = 21C bytes)
$Script_LoadMoverType will be placed at 8024B89C (length = 214 bytes)
$Script_NoThanks_Bandit will be placed at 8024BAB0 (length = 210 bytes)
$Script_SackAnimation_Start_GoToTheLeft will be placed at 8024BCC0 (length = 1F8 bytes)
$NpcGroup_Spring10 will be placed at 8024BEB8 (length = 1F0 bytes)
$NpcGroup_Enemy1 will be placed at 8024C0A8 (length = 1F0 bytes)
$NpcGroup_Spring1 will be placed at 8024C298 (length = 1F0 bytes)
$NpcGroup_Spring2 will be placed at 8024C488 (length = 1F0 bytes)
$NpcGroup_Spring3 will be placed at 8024C678 (length = 1F0 bytes)
$NpcGroup_Spring4 will be placed at 8024C868 (length = 1F0 bytes)
$NpcGroup_Spring5 will be placed at 8024CA58 (length = 1F0 bytes)
$NpcGroup_Spring6 will be placed at 8024CC48 (length = 1F0 bytes)
$NpcGroup_Spring7 will be placed at 8024CE38 (length = 1F0 bytes)
$NpcGroup_Spring8 will be placed at 8024D028 (length = 1F0 bytes)
$NpcGroup_Spring9 will be placed at 8024D218 (length = 1F0 bytes)
$NpcGroup_Mover will be placed at 8024D408 (length = 1F0 bytes)
$NpcGroup_BanditMover will be placed at 8024D5F8 (length = 1F0 bytes)
$Script_PipeAnimation will be placed at 8024D7E8 (length = 1C4 bytes)
$Script_Cutscene_Event will be placed at 8024D9AC (length = 198 bytes)
$Script_NPC_SackHit_Init will be placed at 8024DB44 (length = 198 bytes)
$Script_ClosePartnerDialog will be placed at 8024DCDC (length = 194 bytes)
$JumpTable_80242448 will be placed at 8024DE70 (length = 190 bytes)
$SkipCutscene_Event will be placed at 8024E000 (length = 188 bytes)
$Script_SpawnNPCs will be placed at 8024E188 (length = 174 bytes)
$NPC_Sack_AnimationStart will be placed at 8024E2FC (length = 168 bytes)
$Function_80240844 will be placed at 8024E464 (length = 164 bytes)
$Function_802404C0 will be placed at 8024E5C8 (length = 164 bytes)
$Script_SackAnimation_End_Right will be placed at 8024E72C (length = 158 bytes)
$Script_SackAnimation_End_Left will be placed at 8024E884 (length = 150 bytes)
$Script_TrackPlayer will be placed at 8024E9D4 (length = 144 bytes)
$Script_CheckBanditStatus1 will be placed at 8024EB18 (length = 13C bytes)
$MapTattle5 will be placed at 8024EC54 (length = 13C bytes)
$Function_8024038C will be placed at 8024ED90 (length = 134 bytes)
$MapTattle4 will be placed at 8024EEC4 (length = 130 bytes)
$BanditMover_Tattle will be placed at 8024EFF4 (length = 11C bytes)
$Function_LoadPath will be placed at 8024F110 (length = 114 bytes)
$Script_SackAnimation_SackAppears_100 will be placed at 8024F224 (length = 100 bytes)
$String_Partner_Event_1 will be placed at 8024F324 (length = FC bytes)
$Script_Main2_Wait will be placed at 8024F420 (length = F4 bytes)
$String_Warning2 will be placed at 8024F514 (length = F0 bytes)
$Script_SetMover_Special will be placed at 8024F604 (length = EC bytes)
$SetSpawnsSpecial will be placed at 8024F6F0 (length = E8 bytes)
$SetSpawns will be placed at 8024F7D8 (length = E8 bytes)
$String_Warning1 will be placed at 8024F8C0 (length = E8 bytes)
$DeepestLevel will be placed at 8024F9A8 (length = E4 bytes)
$Function_GetColliderPos will be placed at 8024FA8C (length = E0 bytes)
$Function_GetPos will be placed at 8024FB6C (length = E0 bytes)
$TotalLevels_Sign will be placed at 8024FC4C (length = DC bytes)
$Script_SpawnMover_Special will be placed at 8024FD28 (length = DC bytes)
$GetFloor will be placed at 8024FE04 (length = DC bytes)
$Script_DisableNumbers will be placed at 8024FEE0 (length = D8 bytes)
$MapTattle2 will be placed at 8024FFB8 (length = D4 bytes)
$NPC_Sack_AnimationEnd will be placed at 8025008C (length = D4 bytes)
$Script_SetMover will be placed at 80250160 (length = D0 bytes)
$GetFloorBandit will be placed at 80250230 (length = D0 bytes)
$Script_AddCoins_Bandit will be placed at 80250300 (length = C8 bytes)
$GetPos will be placed at 802503C8 (length = C8 bytes)
$SkipCutscene_MoverWarpAnimation will be placed at 80250490 (length = C4 bytes)
$Function_Init will be placed at 80250554 (length = C4 bytes)
$MoverStart will be placed at 80250618 (length = C0 bytes)
$String_Warning3 will be placed at 802506D8 (length = C0 bytes)
$Script_ZoomIn_Camera_3 will be placed at 80250798 (length = BC bytes)
$Script_ZoomIn_Camera_2 will be placed at 80250854 (length = BC bytes)
$Script_ZoomIn_Camera will be placed at 80250910 (length = BC bytes)
$Function_TrackInput will be placed at 802509CC (length = BC bytes)
$String_Bandit_Defeated4 will be placed at 80250A88 (length = B8 bytes)
$Script_MoverWarpAnimation will be placed at 80250B40 (length = B8 bytes)
$Script_NpcAI_MoneySack will be placed at 80250BF8 (length = B8 bytes)
$NpcGroups will be placed at 80250CB0 (length = B4 bytes)
$Script_SpawnMover will be placed at 80250D64 (length = B4 bytes)
$BanditMoverStart will be placed at 80250E18 (length = B4 bytes)
$MapTattle3 will be placed at 80250ECC (length = B0 bytes)
$Script_LoadOdds will be placed at 80250F7C (length = B0 bytes)
$Script_SetPipesPosition will be placed at 8025102C (length = B0 bytes)
$LoadHighscores will be placed at 802510DC (length = B0 bytes)
$MapTattle1 will be placed at 8025118C (length = A8 bytes)
$Script_AddCoins will be placed at 80251234 (length = A8 bytes)
$SwitchPath will be placed at 802512DC (length = A4 bytes)
$Script_NPC_Sack_FX will be placed at 80251380 (length = A4 bytes)
$Tattle_Springkeeper will be placed at 80251424 (length = A4 bytes)
$Script_ReadSign will be placed at 802514C8 (length = A0 bytes)
$Script_ZoomIn_Camera_X will be placed at 80251568 (length = A0 bytes)
$String_Bandit_Defeated9 will be placed at 80251608 (length = 9C bytes)
$Script_Bandit_StartBattle will be placed at 802516A4 (length = 9C bytes)
$Script_Main will be placed at 80251740 (length = 9C bytes)
$Mover_Tattle will be placed at 802517DC (length = 94 bytes)
$String_Bandit_Defeated3 will be placed at 80251870 (length = 90 bytes)
$String_Bandit_Defeated8 will be placed at 80251900 (length = 8C bytes)
$BanditMover_Options2 will be placed at 8025198C (length = 84 bytes)
$BanditMover_Options will be placed at 80251A10 (length = 84 bytes)
$Function_80240624 will be placed at 80251A94 (length = 80 bytes)
$String_Okay will be placed at 80251B14 (length = 80 bytes)
$Function_TimerCurrentFloor will be placed at 80251B94 (length = 7C bytes)
$SignStringBug will be placed at 80251C10 (length = 7C bytes)
$Function_80240310 will be placed at 80251C8C (length = 7C bytes)
$String_Rogue_CoinsGained_Success will be placed at 80251D08 (length = 78 bytes)
$Mover_Options will be placed at 80251D80 (length = 78 bytes)
$Script_EnemyAI will be placed at 80251DF8 (length = 70 bytes)
$Function2 will be placed at 80251E68 (length = 6C bytes)
$Function_SetAnimation will be placed at 80251ED4 (length = 6C bytes)
$String_Bandit_Defeated1 will be placed at 80251F40 (length = 68 bytes)
$CommingDownPipe will be placed at 80251FA8 (length = 68 bytes)
$MoverEnd will be placed at 80252010 (length = 68 bytes)
$BanditMoverEnd will be placed at 80252078 (length = 68 bytes)
$String_Bandit_Defeated_Partner3 will be placed at 802520E0 (length = 64 bytes)
$String_Bandit_Defeated_Partner2 will be placed at 80252144 (length = 64 bytes)
$Function_GetTattle1 will be placed at 802521A8 (length = 60 bytes)
$Function_OverwriteBattleID will be placed at 80252208 (length = 60 bytes)
$String_Bandit_Confrontation1 will be placed at 80252268 (length = 5C bytes)
$BanditMoverNoCoins will be placed at 802522C4 (length = 58 bytes)
$MoverNoCoins will be placed at 8025231C (length = 58 bytes)
$JumpTable_802471E8 will be placed at 80252374 (length = 54 bytes)
$String_Bandit_Defeated7 will be placed at 802523C8 (length = 50 bytes)
$String_Bandit_Defeated_Partner4 will be placed at 80252418 (length = 50 bytes)
$EntryList will be placed at 80252468 (length = 50 bytes)
$String_NoThanks will be placed at 802524B8 (length = 50 bytes)
$Script_Init_BanditMover will be placed at 80252508 (length = 4C bytes)
$GetFloorSign will be placed at 80252554 (length = 48 bytes)
$Function_Load_MapID will be placed at 8025259C (length = 48 bytes)
$GetFloorSign_Rogue will be placed at 802525E4 (length = 48 bytes)
$Script_MakeEntities will be placed at 8025262C (length = 44 bytes)
$Function_802409A8 will be placed at 80252670 (length = 44 bytes)
$Function_LoadCoinsInToVar1 will be placed at 802526B4 (length = 44 bytes)
$String_Bandit_Defeated_Partner1 will be placed at 802526F8 (length = 40 bytes)
$Header will be placed at 80252738 (length = 40 bytes)
$Function_LoadCoinsLosted will be placed at 80252778 (length = 40 bytes)
$Function_LoadMarioCoins will be placed at 802527B8 (length = 40 bytes)
$Function_LoadGainedCoins will be placed at 802527F8 (length = 40 bytes)
$Function_GetTattle2 will be placed at 80252838 (length = 3C bytes)
$Script_Exit0 will be placed at 80252874 (length = 3C bytes)
$Script_Init_Bag will be placed at 802528B0 (length = 38 bytes)
$Script_Init_Bag_HitBox will be placed at 802528E8 (length = 38 bytes)
$String_Bandit_Confrotation_Bye will be placed at 80252920 (length = 34 bytes)
$DispawnPartner will be placed at 80252954 (length = 34 bytes)
$String_Whatever will be placed at 80252988 (length = 30 bytes)
$EnablePipeCollider will be placed at 802529B8 (length = 30 bytes)
$AISettings_MoneySack will be placed at 802529E8 (length = 30 bytes)
$String_Bandit_Defeated2 will be placed at 80252A18 (length = 30 bytes)
$AISettings_Enemy will be placed at 80252A48 (length = 30 bytes)
$RespawnPartner will be placed at 80252A78 (length = 30 bytes)
$AISettings_DisableEnemy will be placed at 80252AA8 (length = 30 bytes)
$NPC_Settings_Sack will be placed at 80252AD8 (length = 2C bytes)
$NpcSettings_Generic will be placed at 80252B04 (length = 2C bytes)
$NpcSettings_Enemy1 will be placed at 80252B30 (length = 2C bytes)
$Function_RevivePlayer will be placed at 80252B5C (length = 2C bytes)
$NpcSettings_Blank will be placed at 80252B88 (length = 2C bytes)
$BlankSettings will be placed at 80252BB4 (length = 2C bytes)
$Script_MakeExits will be placed at 80252BE0 (length = 2C bytes)
$Function_ResetEnemiesFlag will be placed at 80252C0C (length = 2C bytes)
$String_List_NoYes will be placed at 80252C38 (length = 28 bytes)
$Function_SaveCoinsLosted will be placed at 80252C60 (length = 28 bytes)
$String_List_YesNo will be placed at 80252C88 (length = 28 bytes)
$Script_Init_EnemyNPC will be placed at 80252CB0 (length = 24 bytes)
$VectorList_SwitchPath will be placed at 80252CD4 (length = 24 bytes)
$Script_Init_Lakitu will be placed at 80252CF8 (length = 24 bytes)
$Script_Init_Mover will be placed at 80252D1C (length = 24 bytes)
$String_CoinsGained will be placed at 80252D40 (length = 24 bytes)
$String_Bandit_Defeated10 will be placed at 80252D64 (length = 24 bytes)
$String_Bandit_Defeated6 will be placed at 80252D88 (length = 20 bytes)
$String_Bandit_Defeated5 will be placed at 80252DA8 (length = 20 bytes)
$Script_DisableEnemyAI will be placed at 80252DC8 (length = 20 bytes)
$TotalLevels_CurrentPlaythrough will be placed at 80252DE8 (length = 1C bytes)
$NpcGroupList_RubyCS will be placed at 80252E04 (length = 18 bytes)
$SignString will be placed at 80252E1C (length = 18 bytes)
$String_Psst will be placed at 80252E34 (length = 10 bytes)
$Script_null will be placed at 80252E44 (length = 10 bytes)
$ASCII_"pt81_86_shape"_Literal will be placed at 80252E54 (length = 10 bytes)
$Function_ResetCoinsLosted will be placed at 80252E64 (length = 10 bytes)
$ASCII_"pt51_56_shape"_Literal will be placed at 80252E74 (length = 10 bytes)
$ASCII_"pt1_6_hit"_Literal will be placed at 80252E84 (length = C bytes)
$NpcGroup7 will be placed at 80252E90 (length = C bytes)
$NpcGroup1 will be placed at 80252E9C (length = C bytes)
$ASCII_"pt_100"_Literal will be placed at 80252EA8 (length = C bytes)
$ASCII_"dmo_00"_Literal will be placed at 80252EB4 (length = C bytes)
$ASCII_"pt1_6_shape"_Literal will be placed at 80252EC0 (length = C bytes)
$ASCII_"pt_85"_Literal will be placed at 80252ECC (length = 8 bytes)
$ASCII_"pt91_96"_Literal will be placed at 80252ED4 (length = 8 bytes)
$ASCII_"pt62_67"_Literal will be placed at 80252EDC (length = 8 bytes)
$ASCII_"pt33_38"_Literal will be placed at 80252EE4 (length = 8 bytes)
$ASCII_"pt1_6"_Literal will be placed at 80252EEC (length = 8 bytes)
$ASCII_"pt_95"_Literal will be placed at 80252EF4 (length = 8 bytes)
$ASCII_"pt4_9"_Literal will be placed at 80252EFC (length = 8 bytes)
$ASCII_"pt_65"_Literal will be placed at 80252F04 (length = 8 bytes)
$ASCII_"pt44_49"_Literal will be placed at 80252F0C (length = 8 bytes)
$ASCII_"pt81_86"_Literal will be placed at 80252F14 (length = 8 bytes)
$ASCII_"pt_80"_Literal will be placed at 80252F1C (length = 8 bytes)
$ASCII_"pt52_57"_Literal will be placed at 80252F24 (length = 8 bytes)
$ASCII_"pt23_28"_Literal will be placed at 80252F2C (length = 8 bytes)
$ASCII_"pt_50"_Literal will be placed at 80252F34 (length = 8 bytes)
$ASCII_"pt83_88"_Literal will be placed at 80252F3C (length = 8 bytes)
$ASCII_"pt54_59"_Literal will be placed at 80252F44 (length = 8 bytes)
$ASCII_"pt64_69"_Literal will be placed at 80252F4C (length = 8 bytes)
$ASCII_"pt72_77"_Literal will be placed at 80252F54 (length = 8 bytes)
$ASCII_"pt14_19"_Literal will be placed at 80252F5C (length = 8 bytes)
$ASCII_"pt34_39"_Literal will be placed at 80252F64 (length = 8 bytes)
$ASCII_"pt22_27"_Literal will be placed at 80252F6C (length = 8 bytes)
$ASCII_"pt21_26"_Literal will be placed at 80252F74 (length = 8 bytes)
$ASCII_"pt73_78"_Literal will be placed at 80252F7C (length = 8 bytes)
$ASCII_"pt84_89"_Literal will be placed at 80252F84 (length = 8 bytes)
$ASCII_"pt92_97"_Literal will be placed at 80252F8C (length = 8 bytes)
$ASCII_"pt_75"_Literal will be placed at 80252F94 (length = 8 bytes)
$ASCII_"pt53_58"_Literal will be placed at 80252F9C (length = 8 bytes)
$ASCII_"pt41_46"_Literal will be placed at 80252FA4 (length = 8 bytes)
$ASCII_"pt61_66"_Literal will be placed at 80252FAC (length = 8 bytes)
$ASCII_"pt32_37"_Literal will be placed at 80252FB4 (length = 8 bytes)
$ASCII_"pt_15"_Literal will be placed at 80252FBC (length = 8 bytes)
$ASCII_"pt11_16"_Literal will be placed at 80252FC4 (length = 8 bytes)
$ASCII_"pt_00"_Literal will be placed at 80252FCC (length = 8 bytes)
$ASCII_"pt74_79"_Literal will be placed at 80252FD4 (length = 8 bytes)
$ASCII_"pt_25"_Literal will be placed at 80252FDC (length = 8 bytes)
$ASCII_"pt_35"_Literal will be placed at 80252FE4 (length = 8 bytes)
$ASCII_"pt71_76"_Literal will be placed at 80252FEC (length = 8 bytes)
$ASCII_"pt42_47"_Literal will be placed at 80252FF4 (length = 8 bytes)
$ASCII_"pt13_18"_Literal will be placed at 80252FFC (length = 8 bytes)
$ASCII_"pt_05"_Literal will be placed at 80253004 (length = 8 bytes)
$ASCII_"pt93_98"_Literal will be placed at 8025300C (length = 8 bytes)
$ConstDouble_802471E0 will be placed at 80253018 (length = 8 bytes)
$ASCII_"pt43_48"_Literal will be placed at 80253020 (length = 8 bytes)
$ASCII_"pt51_56"_Literal will be placed at 80253028 (length = 8 bytes)
$ASCII_"pt_55"_Literal will be placed at 80253030 (length = 8 bytes)
$ASCII_"pt2_7"_Literal will be placed at 80253038 (length = 8 bytes)
$ASCII_"pt12_17"_Literal will be placed at 80253040 (length = 8 bytes)
$ASCII_"pt3_8"_Literal will be placed at 80253048 (length = 8 bytes)
$ASCII_"pt_10"_Literal will be placed at 80253050 (length = 8 bytes)
$ASCII_"tik_tex"_Literal will be placed at 80253058 (length = 8 bytes)
$ASCII_"pt31_36"_Literal will be placed at 80253060 (length = 8 bytes)
$ASCII_"pt63_68"_Literal will be placed at 80253068 (length = 8 bytes)
$ASCII_"pt94_99"_Literal will be placed at 80253070 (length = 8 bytes)
$ASCII_"pt82_87"_Literal will be placed at 80253078 (length = 8 bytes)
$ASCII_"pt_45"_Literal will be placed at 80253080 (length = 8 bytes)
$ASCII_"pt24_29"_Literal will be placed at 80253088 (length = 8 bytes)
$MoverCancel will be placed at 80253014 (length = 4 bytes)
$BanditMoverCancel will be placed at 80253090 (length = 4 bytes)
$CloseDialogBubble will be placed at 80253094 (length = 4 bytes)
Executing patch: pt84_89.mpat
Creating struct: $DeepestLevel
Creating struct: $TotalLevels_Sign
Creating struct: $TotalLevels_CurrentPlaythrough
Creating struct: $LoadHighscores
Creating struct: $FallingDownPipe
Creating struct: $Function_GetPos
Creating struct: $Function2
Creating struct: $SetSpawns
Creating struct: $Script_Set_Formation
Creating struct: $Function_OverwriteBattleID
Creating struct: $Script_SetMover
Creating struct: $Script_MapID_Converter
Creating struct: $Script_LoadOdds
Creating struct: $Script_LoadMoverType
Creating struct: $Script_SpawnMover
Creating struct: $Script_SetNPCPos
Creating struct: $Function_Load_MapID
Creating struct: $SwitchPath
Creating struct: $VectorList_SwitchPath
Creating struct: $GetPos
Creating struct: $DispawnPartner
Creating struct: $RespawnPartner
Creating struct: $LoadMap
Creating struct: $GetFloor
Creating struct: $LoadMapBandit
Creating struct: $GetFloorBandit
Creating struct: $SetSpawnsSpecial
Creating struct: $Script_SetMover_Special
Creating struct: $Script_SpawnMover_Special
Creating struct: $Script_Set_SpecialFormation
Creating struct: $Function_LoadCoinsInToVar1
Creating struct: $Script_SetSpawnPosition
Creating struct: $Script_Init_EnemyNPC
Creating struct: $Script_Init_Lakitu
Creating struct: $Script_TrackOutcome
Creating struct: $Script_LakituOutcome
Creating struct: $Script_FloorEnemy_Idle
Creating struct: $Script_Rogue_GiveTotalCoins
Creating struct: $Script_SetEnemyIdle
Creating struct: $Script_AddCoins
Creating struct: $NPC_Settings_Sack
Creating struct: $Script_Init_Bag
Creating struct: $Script_Init_Bag_HitBox
Creating struct: $Script_NPC_SackHit_Init
Creating struct: $Script_NPC_Sack_FX
Creating struct: $NPC_Sack_AnimationStart
Creating struct: $NPC_Sack_AnimationEnd
Creating struct: $Script_SackAnimation_SackAppears_100
Creating struct: $Script_SackAnimation_Start_GoToTheRight
Creating struct: $Script_SackAnimation_Start_GoToTheLeft
Creating struct: $Script_SackAnimation_End_Right
Creating struct: $Script_SackAnimation_End_Left
Creating struct: $Function_LoadMarioCoins
Creating struct: $Function_LoadCoinsLosted
Creating struct: $Function_SaveCoinsLosted
Creating struct: $Function_ResetCoinsLosted
Creating struct: $Function_LoadGainedCoins
Creating struct: $Function_RevivePlayer
Creating struct: $AISettings_MoneySack
Creating struct: $Script_NpcAI_MoneySack
Creating struct: $JumpTable_80242448
Creating struct: $Function_NpcAI_MoneySack
Creating struct: $Function_80240260
Creating struct: $Function_80240844
Creating struct: $Function_802409A8
Creating struct: $Script_TrackPlayer
Creating struct: $Script_PipeAnimation
Creating struct: $Function_SetAnimation
Creating struct: $Function_GetColliderPos
Creating struct: $Function_TrackInput
Creating struct: $GoToNextLevel
Creating struct: $GetFloorSign
Creating struct: $GetFloorSign_Rogue
Creating struct: $Function_GetTattle1
Creating struct: $Function_GetTattle2
Creating struct: $Script_ReadSign
Creating struct: $NpcSettings_Blank
Creating struct: $NpcGroup_Spring1
Creating struct: $NpcGroup_Spring2
Creating struct: $NpcGroup_Spring3
Creating struct: $NpcGroup_Spring4
Creating struct: $NpcGroup_Spring5
Creating struct: $NpcGroup_Spring6
Creating struct: $NpcGroup_Spring7
Creating struct: $NpcGroup_Spring8
Creating struct: $NpcGroup_Spring9
Creating struct: $NpcGroup_Spring10
Creating struct: $Header
Creating struct: $Script_Main2_Wait
Creating struct: $Script_Main2_Exec
Creating struct: $Script_TrackEvents
Creating struct: $Script_Cutscene_Event
Creating struct: $SkipCutscene_Event
Creating struct: $Script_ZoomIn_Camera_X
Creating struct: $Script_Cutscene_Ruby_Init
Creating struct: $Script_Cutscene_Ruby2
Creating struct: $NpcGroupList_RubyCS
Creating struct: $NpcGroup_RubyCS
Creating struct: $NpcSettings_Generic
Creating struct: $Script_null
Creating struct: $Script_SpawnNPCs
Creating struct: $Function_ResetEnemiesFlag
Creating struct: $EntryList
Creating struct: $Function_Init
Creating struct: $NpcGroup_Mover
Creating struct: $BlankSettings
Creating struct: $Script_Init_Mover
Creating struct: $Interact_Mover
Creating struct: $Script_MoverWarpAnimation
Creating struct: $SkipCutscene_MoverWarpAnimation
Creating struct: $NpcGroup_BanditMover
Creating struct: $Script_Init_BanditMover
Creating struct: $Script_Bandit_StartBattle
Creating struct: $Interact_BanditMover
Creating struct: $Script_Warning_Mario
Creating struct: $Script_NoThanks_Bandit
Creating struct: $Script_ZoomIn_Camera
Creating struct: $Script_ZoomIn_Camera_2
Creating struct: $Script_ZoomIn_Camera_3
Creating struct: $NpcGroup_MoneyBag
Creating struct: $Script_SetPipesPosition
Creating struct: $Script_DisableNumbers
Creating struct: $Script_SetFloorNumbers
Creating struct: $Script_CheckBanditStatus1
Creating struct: $Script_Cutscene_BanditStatus1
Creating struct: $Script_CheckBanditStatus2
Creating struct: $Script_TrackOutcome_Bandit
Creating struct: $Script_Cutscene_BanditDefeated
Creating struct: $SkipCutscene_BanditDefeated
Creating struct: $Script_AddCoins_Bandit
Creating struct: $Function_LoadPath
Creating struct: $Script_ClosePartnerDialog
Creating struct: $PipeSpawning
Creating struct: $EnablePipeCollider
Creating struct: $Script_MakeEntities
Creating struct: $CommingDownPipe
Creating struct: $Function_TimerCurrentFloor
Creating struct: $Script_MakeExits
Creating struct: $Script_Exit0
Creating struct: $Script_Main
Creating struct: $NpcGroup1
Creating struct: $NpcGroup7
Creating struct: $NpcGroups
Creating struct: $NpcGroup_Enemy1
Creating struct: $NpcSettings_Enemy1
Creating struct: $NpcSettings_Projectile
Creating struct: $Script_EnemyAI
Creating struct: $Script_ProjectileAI
Creating struct: $AISettings_Enemy
Creating struct: $AISettings_Projectile
Creating struct: $Script_80241DDC
Creating struct: $Script_EndScript
Creating struct: $Function_802412B4
Creating struct: $Function_80240B38
Creating struct: $Function_802405FC
Creating struct: $ConstDouble_802427C0
Creating struct: $ConstDouble_802427C8
Creating struct: $ConstDouble_802427D0
Creating struct: $ConstDouble_802427D8
Creating struct: $ConstDouble_802427E0
Creating struct: $JumpTable_802427E8
Creating struct: $Function_80240F94
Creating struct: $Function_80240290
Creating struct: $Function_802403D4
Creating struct: $Function_802400A0
Creating struct: $Function_802404D4
Creating struct: $Function_80240518
Creating struct: $Function_802405B8
Creating struct: $Script_DisableEnemyAI
Creating struct: $AISettings_DisableEnemy
Merged 1 regions to 1
$Script_SetFloorNumbers will be placed at 80240000 (length = 128C bytes)
$NpcGroup_RubyCS will be placed at 8024128C (length = 1170 bytes)
$LoadMap will be placed at 802423FC (length = C04 bytes)
$LoadMapBandit will be placed at 80243000 (length = B80 bytes)
$GoToNextLevel will be placed at 80243B80 (length = B10 bytes)
$Script_Cutscene_BanditDefeated will be placed at 80244690 (length = B08 bytes)
$NpcGroup_Enemy1 will be placed at 80245198 (length = 7C0 bytes)
$Script_SetEnemyIdle will be placed at 80245958 (length = 674 bytes)
$Script_MapID_Converter will be placed at 80245FCC (length = 60C bytes)
$Script_Warning_Mario will be placed at 802465D8 (length = 608 bytes)
$Function_80240260 will be placed at 80246BE0 (length = 5E4 bytes)
$Function_802405FC will be placed at 802471C4 (length = 53C bytes)
$Script_SetNPCPos will be placed at 80247700 (length = 4D0 bytes)
$Script_Cutscene_Ruby_Init will be placed at 80247BD0 (length = 490 bytes)
$Function_80240B38 will be placed at 80248060 (length = 45C bytes)
$FallingDownPipe will be placed at 802484BC (length = 418 bytes)
$Script_TrackEvents will be placed at 802488D4 (length = 410 bytes)
$NpcGroup_MoneyBag will be placed at 80248CE4 (length = 3E0 bytes)
$Interact_BanditMover will be placed at 802490C4 (length = 3D8 bytes)
$Script_CheckBanditStatus2 will be placed at 8024949C (length = 3D8 bytes)
$SkipCutscene_BanditDefeated will be placed at 80249874 (length = 3D8 bytes)
$Interact_Mover will be placed at 80249C4C (length = 3CC bytes)
$Script_Set_SpecialFormation will be placed at 8024A018 (length = 3B4 bytes)
$Script_FloorEnemy_Idle will be placed at 8024A3CC (length = 388 bytes)
$Script_TrackOutcome_Bandit will be placed at 8024A754 (length = 330 bytes)
$Function_80240F94 will be placed at 8024AA84 (length = 320 bytes)
$Script_LakituOutcome will be placed at 8024ADA4 (length = 30C bytes)
$Script_Rogue_GiveTotalCoins will be placed at 8024B0B0 (length = 2FC bytes)
$Script_Set_Formation will be placed at 8024B3AC (length = 2D4 bytes)
$PipeSpawning will be placed at 8024B680 (length = 2A0 bytes)
$Script_TrackOutcome will be placed at 8024B920 (length = 288 bytes)
$Script_Cutscene_Ruby2 will be placed at 8024BBA8 (length = 258 bytes)
$Function_NpcAI_MoneySack will be placed at 8024BE00 (length = 238 bytes)
$Script_SackAnimation_Start_GoToTheRight will be placed at 8024C038 (length = 230 bytes)
$Script_SetSpawnPosition will be placed at 8024C268 (length = 228 bytes)
$Script_Main2_Exec will be placed at 8024C490 (length = 228 bytes)
$Script_Cutscene_BanditStatus1 will be placed at 8024C6B8 (length = 21C bytes)
$Script_LoadMoverType will be placed at 8024C8D4 (length = 214 bytes)
$Script_NoThanks_Bandit will be placed at 8024CAE8 (length = 210 bytes)
$Script_SackAnimation_Start_GoToTheLeft will be placed at 8024CCF8 (length = 1F8 bytes)
$NpcGroup_Spring10 will be placed at 8024CEF0 (length = 1F0 bytes)
$Function_802400A0 will be placed at 8024D0E0 (length = 1F0 bytes)
$NpcGroup_Spring1 will be placed at 8024D2D0 (length = 1F0 bytes)
$NpcGroup_Spring2 will be placed at 8024D4C0 (length = 1F0 bytes)
$NpcGroup_Spring3 will be placed at 8024D6B0 (length = 1F0 bytes)
$NpcGroup_Spring4 will be placed at 8024D8A0 (length = 1F0 bytes)
$NpcGroup_Spring5 will be placed at 8024DA90 (length = 1F0 bytes)
$NpcGroup_Spring6 will be placed at 8024DC80 (length = 1F0 bytes)
$NpcGroup_Spring7 will be placed at 8024DE70 (length = 1F0 bytes)
$NpcGroup_Spring8 will be placed at 8024E060 (length = 1F0 bytes)
$NpcGroup_Spring9 will be placed at 8024E250 (length = 1F0 bytes)
$NpcGroup_Mover will be placed at 8024E440 (length = 1F0 bytes)
$NpcGroup_BanditMover will be placed at 8024E630 (length = 1F0 bytes)
$Script_80241DDC will be placed at 8024E820 (length = 1C8 bytes)
$Script_PipeAnimation will be placed at 8024E9E8 (length = 1C4 bytes)
$Script_Cutscene_Event will be placed at 8024EBAC (length = 198 bytes)
$Script_NPC_SackHit_Init will be placed at 8024ED44 (length = 198 bytes)
$Script_ClosePartnerDialog will be placed at 8024EEDC (length = 194 bytes)
$JumpTable_80242448 will be placed at 8024F070 (length = 190 bytes)
$JumpTable_802427E8 will be placed at 8024F200 (length = 190 bytes)
$SkipCutscene_Event will be placed at 8024F390 (length = 188 bytes)
$Script_SpawnNPCs will be placed at 8024F518 (length = 174 bytes)
$NPC_Sack_AnimationStart will be placed at 8024F68C (length = 168 bytes)
$Function_80240844 will be placed at 8024F7F4 (length = 164 bytes)
$Script_SackAnimation_End_Right will be placed at 8024F958 (length = 158 bytes)
$Script_SackAnimation_End_Left will be placed at 8024FAB0 (length = 150 bytes)
$Function_80240290 will be placed at 8024FC00 (length = 144 bytes)
$Script_TrackPlayer will be placed at 8024FD44 (length = 144 bytes)
$Script_CheckBanditStatus1 will be placed at 8024FE88 (length = 13C bytes)
$MapTattle5 will be placed at 8024FFC4 (length = 13C bytes)
$MapTattle4 will be placed at 80250100 (length = 130 bytes)
$BanditMover_Tattle will be placed at 80250230 (length = 11C bytes)
$Function_LoadPath will be placed at 8025034C (length = 114 bytes)
$Function_802403D4 will be placed at 80250460 (length = 100 bytes)
$Script_SackAnimation_SackAppears_100 will be placed at 80250560 (length = 100 bytes)
$String_Partner_Event_1 will be placed at 80250660 (length = FC bytes)
$Script_Main2_Wait will be placed at 8025075C (length = F4 bytes)
$String_Warning2 will be placed at 80250850 (length = F0 bytes)
$Script_SetMover_Special will be placed at 80250940 (length = EC bytes)
$SetSpawnsSpecial will be placed at 80250A2C (length = E8 bytes)
$SetSpawns will be placed at 80250B14 (length = E8 bytes)
$String_Warning1 will be placed at 80250BFC (length = E8 bytes)
$DeepestLevel will be placed at 80250CE4 (length = E4 bytes)
$Function_GetColliderPos will be placed at 80250DC8 (length = E0 bytes)
$Function_GetPos will be placed at 80250EA8 (length = E0 bytes)
$TotalLevels_Sign will be placed at 80250F88 (length = DC bytes)
$Script_SpawnMover_Special will be placed at 80251064 (length = DC bytes)
$GetFloor will be placed at 80251140 (length = DC bytes)
$Script_DisableNumbers will be placed at 8025121C (length = D8 bytes)
$MapTattle2 will be placed at 802512F4 (length = D4 bytes)
$NPC_Sack_AnimationEnd will be placed at 802513C8 (length = D4 bytes)
$Script_SetMover will be placed at 8025149C (length = D0 bytes)
$GetFloorBandit will be placed at 8025156C (length = D0 bytes)
$Script_AddCoins_Bandit will be placed at 8025163C (length = C8 bytes)
$GetPos will be placed at 80251704 (length = C8 bytes)
$SkipCutscene_MoverWarpAnimation will be placed at 802517CC (length = C4 bytes)
$Function_Init will be placed at 80251890 (length = C4 bytes)
$MoverStart will be placed at 80251954 (length = C0 bytes)
$String_Warning3 will be placed at 80251A14 (length = C0 bytes)
$Script_ZoomIn_Camera_3 will be placed at 80251AD4 (length = BC bytes)
$Script_ZoomIn_Camera_2 will be placed at 80251B90 (length = BC bytes)
$Script_ZoomIn_Camera will be placed at 80251C4C (length = BC bytes)
$Function_TrackInput will be placed at 80251D08 (length = BC bytes)
$String_Bandit_Defeated4 will be placed at 80251DC4 (length = B8 bytes)
$Script_MoverWarpAnimation will be placed at 80251E7C (length = B8 bytes)
$Script_NpcAI_MoneySack will be placed at 80251F34 (length = B8 bytes)
$NpcGroups will be placed at 80251FEC (length = B4 bytes)
$Script_SpawnMover will be placed at 802520A0 (length = B4 bytes)
$BanditMoverStart will be placed at 80252154 (length = B4 bytes)
$MapTattle3 will be placed at 80252208 (length = B0 bytes)
$Script_LoadOdds will be placed at 802522B8 (length = B0 bytes)
$Script_SetPipesPosition will be placed at 80252368 (length = B0 bytes)
$LoadHighscores will be placed at 80252418 (length = B0 bytes)
$NpcGroup7 will be placed at 802524C8 (length = A8 bytes)
$MapTattle1 will be placed at 80252570 (length = A8 bytes)
$Script_AddCoins will be placed at 80252618 (length = A8 bytes)
$SwitchPath will be placed at 802526C0 (length = A4 bytes)
$Script_NPC_Sack_FX will be placed at 80252764 (length = A4 bytes)
$Tattle_Springkeeper will be placed at 80252808 (length = A4 bytes)
$Script_ReadSign will be placed at 802528AC (length = A0 bytes)
$Function_80240518 will be placed at 8025294C (length = A0 bytes)
$Script_ZoomIn_Camera_X will be placed at 802529EC (length = A0 bytes)
$String_Bandit_Defeated9 will be placed at 80252A8C (length = 9C bytes)
$NpcGroup1 will be placed at 80252B28 (length = 9C bytes)
$Script_Bandit_StartBattle will be placed at 80252BC4 (length = 9C bytes)
$Script_Main will be placed at 80252C60 (length = 9C bytes)
$Mover_Tattle will be placed at 80252CFC (length = 94 bytes)
$String_Bandit_Defeated3 will be placed at 80252D90 (length = 90 bytes)
$String_Bandit_Defeated8 will be placed at 80252E20 (length = 8C bytes)
$BanditMover_Options2 will be placed at 80252EAC (length = 84 bytes)
$BanditMover_Options will be placed at 80252F30 (length = 84 bytes)
$String_Okay will be placed at 80252FB4 (length = 80 bytes)
$Function_TimerCurrentFloor will be placed at 80253034 (length = 7C bytes)
$SignStringBug will be placed at 802530B0 (length = 7C bytes)
$String_Rogue_CoinsGained_Success will be placed at 8025312C (length = 78 bytes)
$Mover_Options will be placed at 802531A4 (length = 78 bytes)
$Script_ProjectileAI will be placed at 8025321C (length = 70 bytes)
$Script_EnemyAI will be placed at 8025328C (length = 70 bytes)
$Function2 will be placed at 802532FC (length = 6C bytes)
$Function_SetAnimation will be placed at 80253368 (length = 6C bytes)
$String_Bandit_Defeated1 will be placed at 802533D4 (length = 68 bytes)
$CommingDownPipe will be placed at 8025343C (length = 68 bytes)
$MoverEnd will be placed at 802534A4 (length = 68 bytes)
$BanditMoverEnd will be placed at 8025350C (length = 68 bytes)
$String_Bandit_Defeated_Partner3 will be placed at 80253574 (length = 64 bytes)
$String_Bandit_Defeated_Partner2 will be placed at 802535D8 (length = 64 bytes)
$Function_GetTattle1 will be placed at 8025363C (length = 60 bytes)
$Function_OverwriteBattleID will be placed at 8025369C (length = 60 bytes)
$String_Bandit_Confrontation1 will be placed at 802536FC (length = 5C bytes)
$BanditMoverNoCoins will be placed at 80253758 (length = 58 bytes)
$MoverNoCoins will be placed at 802537B0 (length = 58 bytes)
$String_Bandit_Defeated7 will be placed at 80253808 (length = 50 bytes)
$String_Bandit_Defeated_Partner4 will be placed at 80253858 (length = 50 bytes)
$EntryList will be placed at 802538A8 (length = 50 bytes)
$String_NoThanks will be placed at 802538F8 (length = 50 bytes)
$Script_Init_BanditMover will be placed at 80253948 (length = 4C bytes)
$GetFloorSign will be placed at 80253994 (length = 48 bytes)
$Function_Load_MapID will be placed at 802539DC (length = 48 bytes)
$GetFloorSign_Rogue will be placed at 80253A24 (length = 48 bytes)
$Function_802405B8 will be placed at 80253A6C (length = 44 bytes)
$Script_MakeEntities will be placed at 80253AB0 (length = 44 bytes)
$Function_802409A8 will be placed at 80253AF4 (length = 44 bytes)
$Function_802404D4 will be placed at 80253B38 (length = 44 bytes)
$Function_LoadCoinsInToVar1 will be placed at 80253B7C (length = 44 bytes)
$String_Bandit_Defeated_Partner1 will be placed at 80253BC0 (length = 40 bytes)
$Header will be placed at 80253C00 (length = 40 bytes)
$Function_LoadCoinsLosted will be placed at 80253C40 (length = 40 bytes)
$Function_LoadMarioCoins will be placed at 80253C80 (length = 40 bytes)
$Function_LoadGainedCoins will be placed at 80253CC0 (length = 40 bytes)
$Function_GetTattle2 will be placed at 80253D00 (length = 3C bytes)
$Script_Exit0 will be placed at 80253D3C (length = 3C bytes)
$Function_802412B4 will be placed at 80253D78 (length = 38 bytes)
$Script_Init_Bag will be placed at 80253DB0 (length = 38 bytes)
$Script_Init_Bag_HitBox will be placed at 80253DE8 (length = 38 bytes)
$String_Bandit_Confrotation_Bye will be placed at 80253E20 (length = 34 bytes)
$DispawnPartner will be placed at 80253E54 (length = 34 bytes)
$String_Whatever will be placed at 80253E88 (length = 30 bytes)
$EnablePipeCollider will be placed at 80253EB8 (length = 30 bytes)
$AISettings_MoneySack will be placed at 80253EE8 (length = 30 bytes)
$String_Bandit_Defeated2 will be placed at 80253F18 (length = 30 bytes)
$AISettings_Enemy will be placed at 80253F48 (length = 30 bytes)
$AISettings_Projectile will be placed at 80253F78 (length = 30 bytes)
$RespawnPartner will be placed at 80253FA8 (length = 30 bytes)
$AISettings_DisableEnemy will be placed at 80253FD8 (length = 30 bytes)
$NPC_Settings_Sack will be placed at 80254008 (length = 2C bytes)
$NpcSettings_Generic will be placed at 80254034 (length = 2C bytes)
$NpcSettings_Enemy1 will be placed at 80254060 (length = 2C bytes)
$Function_RevivePlayer will be placed at 8025408C (length = 2C bytes)
$NpcSettings_Blank will be placed at 802540B8 (length = 2C bytes)
$NpcSettings_Projectile will be placed at 802540E4 (length = 2C bytes)
$BlankSettings will be placed at 80254110 (length = 2C bytes)
$Script_MakeExits will be placed at 8025413C (length = 2C bytes)
$Function_ResetEnemiesFlag will be placed at 80254168 (length = 2C bytes)
$String_List_NoYes will be placed at 80254194 (length = 28 bytes)
$Function_SaveCoinsLosted will be placed at 802541BC (length = 28 bytes)
$String_List_YesNo will be placed at 802541E4 (length = 28 bytes)
$Script_Init_EnemyNPC will be placed at 8025420C (length = 24 bytes)
$VectorList_SwitchPath will be placed at 80254230 (length = 24 bytes)
$Script_Init_Lakitu will be placed at 80254254 (length = 24 bytes)
$Script_Init_Mover will be placed at 80254278 (length = 24 bytes)
$String_CoinsGained will be placed at 8025429C (length = 24 bytes)
$String_Bandit_Defeated10 will be placed at 802542C0 (length = 24 bytes)
$String_Bandit_Defeated6 will be placed at 802542E4 (length = 20 bytes)
$String_Bandit_Defeated5 will be placed at 80254304 (length = 20 bytes)
$Script_DisableEnemyAI will be placed at 80254324 (length = 20 bytes)
$TotalLevels_CurrentPlaythrough will be placed at 80254344 (length = 1C bytes)
$NpcGroupList_RubyCS will be placed at 80254360 (length = 18 bytes)
$SignString will be placed at 80254378 (length = 18 bytes)
$String_Psst will be placed at 80254390 (length = 10 bytes)
$Script_EndScript will be placed at 802543A0 (length = 10 bytes)
$Script_null will be placed at 802543B0 (length = 10 bytes)
$ASCII_"pt81_86_shape"_Literal will be placed at 802543C0 (length = 10 bytes)
$Function_ResetCoinsLosted will be placed at 802543D0 (length = 10 bytes)
$ASCII_"pt51_56_shape"_Literal will be placed at 802543E0 (length = 10 bytes)
$ASCII_"pt1_6_hit"_Literal will be placed at 802543F0 (length = C bytes)
$ASCII_"pt_100"_Literal will be placed at 802543FC (length = C bytes)
$ASCII_"dmo_00"_Literal will be placed at 80254408 (length = C bytes)
$ASCII_"pt1_6_shape"_Literal will be placed at 80254414 (length = C bytes)
$ASCII_"pt_85"_Literal will be placed at 80254420 (length = 8 bytes)
$ASCII_"pt91_96"_Literal will be placed at 80254428 (length = 8 bytes)
$ASCII_"pt62_67"_Literal will be placed at 80254430 (length = 8 bytes)
$ASCII_"pt33_38"_Literal will be placed at 80254438 (length = 8 bytes)
$ASCII_"pt1_6"_Literal will be placed at 80254440 (length = 8 bytes)
$ASCII_"pt_95"_Literal will be placed at 80254448 (length = 8 bytes)
$ASCII_"pt4_9"_Literal will be placed at 80254450 (length = 8 bytes)
$ASCII_"pt_65"_Literal will be placed at 80254458 (length = 8 bytes)
$ASCII_"pt44_49"_Literal will be placed at 80254460 (length = 8 bytes)
$ASCII_"pt81_86"_Literal will be placed at 80254468 (length = 8 bytes)
$ASCII_"pt_80"_Literal will be placed at 80254470 (length = 8 bytes)
$ASCII_"pt52_57"_Literal will be placed at 80254478 (length = 8 bytes)
$ASCII_"pt23_28"_Literal will be placed at 80254480 (length = 8 bytes)
$ASCII_"pt_50"_Literal will be placed at 80254488 (length = 8 bytes)
$ASCII_"pt83_88"_Literal will be placed at 80254490 (length = 8 bytes)
$ASCII_"pt54_59"_Literal will be placed at 80254498 (length = 8 bytes)
$ASCII_"pt64_69"_Literal will be placed at 802544A0 (length = 8 bytes)
$ASCII_"pt72_77"_Literal will be placed at 802544A8 (length = 8 bytes)
$ASCII_"pt14_19"_Literal will be placed at 802544B0 (length = 8 bytes)
$ASCII_"pt34_39"_Literal will be placed at 802544B8 (length = 8 bytes)
$ASCII_"pt22_27"_Literal will be placed at 802544C0 (length = 8 bytes)
$ASCII_"pt21_26"_Literal will be placed at 802544C8 (length = 8 bytes)
$ASCII_"pt73_78"_Literal will be placed at 802544D0 (length = 8 bytes)
$ASCII_"pt84_89"_Literal will be placed at 802544D8 (length = 8 bytes)
$ASCII_"pt92_97"_Literal will be placed at 802544E0 (length = 8 bytes)
$ASCII_"pt_75"_Literal will be placed at 802544E8 (length = 8 bytes)
$ASCII_"pt53_58"_Literal will be placed at 802544F0 (length = 8 bytes)
$ASCII_"pt41_46"_Literal will be placed at 802544F8 (length = 8 bytes)
$ASCII_"pt61_66"_Literal will be placed at 80254500 (length = 8 bytes)
$ConstDouble_802427D0 will be placed at 80254508 (length = 8 bytes)
$ASCII_"pt32_37"_Literal will be placed at 80254510 (length = 8 bytes)
$ASCII_"pt_15"_Literal will be placed at 80254518 (length = 8 bytes)
$ASCII_"pt11_16"_Literal will be placed at 80254520 (length = 8 bytes)
$ASCII_"pt_00"_Literal will be placed at 80254528 (length = 8 bytes)
$ConstDouble_802427C8 will be placed at 80254530 (length = 8 bytes)
$ConstDouble_802427C0 will be placed at 80254538 (length = 8 bytes)
$ASCII_"pt74_79"_Literal will be placed at 80254540 (length = 8 bytes)
$ASCII_"pt_25"_Literal will be placed at 80254548 (length = 8 bytes)
$ASCII_"pt_35"_Literal will be placed at 80254550 (length = 8 bytes)
$ConstDouble_802427E0 will be placed at 80254558 (length = 8 bytes)
$ASCII_"pt71_76"_Literal will be placed at 80254560 (length = 8 bytes)
$ASCII_"pt42_47"_Literal will be placed at 80254568 (length = 8 bytes)
$ASCII_"pt13_18"_Literal will be placed at 80254570 (length = 8 bytes)
$ASCII_"pt_05"_Literal will be placed at 80254578 (length = 8 bytes)
$ConstDouble_802427D8 will be placed at 80254580 (length = 8 bytes)
$ASCII_"pt93_98"_Literal will be placed at 80254588 (length = 8 bytes)
$ASCII_"pt43_48"_Literal will be placed at 80254590 (length = 8 bytes)
$ASCII_"pt51_56"_Literal will be placed at 80254598 (length = 8 bytes)
$ASCII_"pt_55"_Literal will be placed at 802545A0 (length = 8 bytes)
$ASCII_"pt2_7"_Literal will be placed at 802545A8 (length = 8 bytes)
$ASCII_"pt12_17"_Literal will be placed at 802545B0 (length = 8 bytes)
$ASCII_"pt3_8"_Literal will be placed at 802545B8 (length = 8 bytes)
$ASCII_"pt_10"_Literal will be placed at 802545C0 (length = 8 bytes)
$ASCII_"tik_tex"_Literal will be placed at 802545C8 (length = 8 bytes)
$ASCII_"pt31_36"_Literal will be placed at 802545D0 (length = 8 bytes)
$ASCII_"pt63_68"_Literal will be placed at 802545D8 (length = 8 bytes)
$ASCII_"pt94_99"_Literal will be placed at 802545E0 (length = 8 bytes)
$ASCII_"pt82_87"_Literal will be placed at 802545E8 (length = 8 bytes)
$ASCII_"pt_45"_Literal will be placed at 802545F0 (length = 8 bytes)
$ASCII_"pt24_29"_Literal will be placed at 802545F8 (length = 8 bytes)
$MoverCancel will be placed at 80254600 (length = 4 bytes)
$BanditMoverCancel will be placed at 80254604 (length = 4 bytes)
$CloseDialogBubble will be placed at 80254608 (length = 4 bytes)
Executing patch: pt91_96.mpat
Creating struct: $DeepestLevel
Creating struct: $TotalLevels_Sign
Creating struct: $TotalLevels_CurrentPlaythrough
Creating struct: $LoadHighscores
Creating struct: $FallingDownPipe
Creating struct: $Function_GetPos
Creating struct: $Function2
Creating struct: $SetSpawns
Creating struct: $Script_Set_Formation
Creating struct: $Function_OverwriteBattleID
Creating struct: $Script_SetMover
Creating struct: $Script_MapID_Converter
Creating struct: $Script_LoadOdds
Creating struct: $Script_LoadMoverType
Creating struct: $Script_SpawnMover
Creating struct: $Script_SetNPCPos
Creating struct: $Function_Load_MapID
Creating struct: $SwitchPath
Creating struct: $VectorList_SwitchPath
Creating struct: $GetPos
Creating struct: $DispawnPartner
Creating struct: $RespawnPartner
Creating struct: $LoadMap
Creating struct: $GetFloor
Creating struct: $LoadMapBandit
Creating struct: $GetFloorBandit
Creating struct: $SetSpawnsSpecial
Creating struct: $Script_SetMover_Special
Creating struct: $Script_SpawnMover_Special
Creating struct: $Script_Set_SpecialFormation
Creating struct: $Function_LoadCoinsInToVar1
Creating struct: $Script_SetSpawnPosition
Creating struct: $Script_Init_EnemyNPC
Creating struct: $Script_Init_Lakitu
Creating struct: $Script_TrackOutcome
Creating struct: $Script_LakituOutcome
Creating struct: $Script_FloorEnemy_Idle
Creating struct: $Script_Rogue_GiveTotalCoins
Creating struct: $Script_SetEnemyIdle
Creating struct: $Script_AddCoins
Creating struct: $NPC_Settings_Sack
Creating struct: $Script_Init_Bag
Creating struct: $Script_Init_Bag_HitBox
Creating struct: $Script_NPC_SackHit_Init
Creating struct: $Script_NPC_Sack_FX
Creating struct: $NPC_Sack_AnimationStart
Creating struct: $NPC_Sack_AnimationEnd
Creating struct: $Script_SackAnimation_SackAppears_100
Creating struct: $Script_SackAnimation_Start_GoToTheRight
Creating struct: $Script_SackAnimation_Start_GoToTheLeft
Creating struct: $Script_SackAnimation_End_Right
Creating struct: $Script_SackAnimation_End_Left
Creating struct: $Function_LoadMarioCoins
Creating struct: $Function_LoadCoinsLosted
Creating struct: $Function_SaveCoinsLosted
Creating struct: $Function_ResetCoinsLosted
Creating struct: $Function_LoadGainedCoins
Creating struct: $Function_RevivePlayer
Creating struct: $AISettings_MoneySack
Creating struct: $Script_NpcAI_MoneySack
Creating struct: $JumpTable_80242448
Creating struct: $Function_NpcAI_MoneySack
Creating struct: $Function_80240260
Creating struct: $Function_80240844
Creating struct: $Function_802409A8
Creating struct: $Script_TrackPlayer
Creating struct: $Script_PipeAnimation
Creating struct: $Function_SetAnimation
Creating struct: $Function_GetColliderPos
Creating struct: $Function_TrackInput
Creating struct: $GoToNextLevel
Creating struct: $GetFloorSign
Creating struct: $GetFloorSign_Rogue
Creating struct: $Function_GetTattle1
Creating struct: $Function_GetTattle2
Creating struct: $Script_ReadSign
Creating struct: $NpcSettings_Blank
Creating struct: $NpcGroup_Spring1
Creating struct: $NpcGroup_Spring2
Creating struct: $NpcGroup_Spring3
Creating struct: $NpcGroup_Spring4
Creating struct: $NpcGroup_Spring5
Creating struct: $NpcGroup_Spring6
Creating struct: $NpcGroup_Spring7
Creating struct: $NpcGroup_Spring8
Creating struct: $NpcGroup_Spring9
Creating struct: $NpcGroup_Spring10
Creating struct: $Header
Creating struct: $Script_Main2_Wait
Creating struct: $Script_Main2_Exec
Creating struct: $Script_TrackEvents
Creating struct: $Script_Cutscene_Event
Creating struct: $SkipCutscene_Event
Creating struct: $Script_ZoomIn_Camera_X
Creating struct: $Script_Cutscene_Ruby_Init
Creating struct: $Script_Cutscene_Ruby2
Creating struct: $NpcGroupList_RubyCS
Creating struct: $NpcGroup_RubyCS
Creating struct: $NpcSettings_Generic
Creating struct: $Script_null
Creating struct: $Script_SpawnNPCs
Creating struct: $Function_ResetEnemiesFlag
Creating struct: $EntryList
Creating struct: $Function_Init
Creating struct: $NpcGroup_Mover
Creating struct: $BlankSettings
Creating struct: $Script_Init_Mover
Creating struct: $Interact_Mover
Creating struct: $Script_MoverWarpAnimation
Creating struct: $SkipCutscene_MoverWarpAnimation
Creating struct: $NpcGroup_BanditMover
Creating struct: $Script_Init_BanditMover
Creating struct: $Script_Bandit_StartBattle
Creating struct: $Interact_BanditMover
Creating struct: $Script_Warning_Mario
Creating struct: $Script_NoThanks_Bandit
Creating struct: $Script_ZoomIn_Camera
Creating struct: $Script_ZoomIn_Camera_2
Creating struct: $Script_ZoomIn_Camera_3
Creating struct: $NpcGroup_MoneyBag
Creating struct: $Script_SetPipesPosition
Creating struct: $Script_DisableNumbers
Creating struct: $Script_SetFloorNumbers
Creating struct: $Script_CheckBanditStatus1
Creating struct: $Script_Cutscene_BanditStatus1
Creating struct: $Script_CheckBanditStatus2
Creating struct: $Script_TrackOutcome_Bandit
Creating struct: $Script_Cutscene_BanditDefeated
Creating struct: $SkipCutscene_BanditDefeated
Creating struct: $Script_AddCoins_Bandit
Creating struct: $Function_LoadPath
Creating struct: $Script_ClosePartnerDialog
Creating struct: $PipeSpawning
Creating struct: $EnablePipeCollider
Creating struct: $Script_MakeEntities
Creating struct: $CommingDownPipe
Creating struct: $Function_TimerCurrentFloor
Creating struct: $Script_MakeExits
Creating struct: $Script_Exit0
Creating struct: $Script_Main
Creating struct: $NpcGroups
Creating struct: $NpcGroup1
Creating struct: $NpcGroup7
Creating struct: $NpcGroup_Enemy1
Creating struct: $ExtraAnimationList_Enemy1
Creating struct: $NpcSettings_Enemy1
Creating struct: $Script_EnemyAI
Creating struct: $AISettings_Enemy
Creating struct: $ConstDouble_80246CB0
Creating struct: $JumpTable_80246CB8
Creating struct: $Function_80241330
Creating struct: $Function_80240740
Creating struct: $Function_80240970
Creating struct: $Function_80240CA8
Creating struct: $Function_80240D68
Creating struct: $Function_80240F0C
Creating struct: $Function_80240FEC
Creating struct: $Function_802412EC
Creating struct: $Script_DisableEnemyAI
Creating struct: $AISettings_DisableEnemy
Merged 1 regions to 1
$Script_SetFloorNumbers will be placed at 80240000 (length = 128C bytes)
$NpcGroup_RubyCS will be placed at 8024128C (length = 1170 bytes)
$LoadMap will be placed at 802423FC (length = C04 bytes)
$LoadMapBandit will be placed at 80243000 (length = B80 bytes)
$GoToNextLevel will be placed at 80243B80 (length = B10 bytes)
$Script_Cutscene_BanditDefeated will be placed at 80244690 (length = B08 bytes)
$Script_SetEnemyIdle will be placed at 80245198 (length = 674 bytes)
$Script_MapID_Converter will be placed at 8024580C (length = 60C bytes)
$Script_Warning_Mario will be placed at 80245E18 (length = 608 bytes)
$Function_80240260 will be placed at 80246420 (length = 5E4 bytes)
$Script_SetNPCPos will be placed at 80246A04 (length = 4D0 bytes)
$Script_Cutscene_Ruby_Init will be placed at 80246ED4 (length = 490 bytes)
$FallingDownPipe will be placed at 80247364 (length = 418 bytes)
$Script_TrackEvents will be placed at 8024777C (length = 410 bytes)
$NpcGroup_MoneyBag will be placed at 80247B8C (length = 3E0 bytes)
$Interact_BanditMover will be placed at 80247F6C (length = 3D8 bytes)
$Script_CheckBanditStatus2 will be placed at 80248344 (length = 3D8 bytes)
$SkipCutscene_BanditDefeated will be placed at 8024871C (length = 3D8 bytes)
$Interact_Mover will be placed at 80248AF4 (length = 3CC bytes)
$Script_Set_SpecialFormation will be placed at 80248EC0 (length = 3B4 bytes)
$Script_FloorEnemy_Idle will be placed at 80249274 (length = 388 bytes)
$Function_80240970 will be placed at 802495FC (length = 338 bytes)
$Script_TrackOutcome_Bandit will be placed at 80249934 (length = 330 bytes)
$Script_LakituOutcome will be placed at 80249C64 (length = 30C bytes)
$Function_80240FEC will be placed at 80249F70 (length = 300 bytes)
$Script_Rogue_GiveTotalCoins will be placed at 8024A270 (length = 2FC bytes)
$Script_Set_Formation will be placed at 8024A56C (length = 2D4 bytes)
$PipeSpawning will be placed at 8024A840 (length = 2A0 bytes)
$Script_TrackOutcome will be placed at 8024AAE0 (length = 288 bytes)
$Script_Cutscene_Ruby2 will be placed at 8024AD68 (length = 258 bytes)
$Function_NpcAI_MoneySack will be placed at 8024AFC0 (length = 238 bytes)
$Function_80240740 will be placed at 8024B1F8 (length = 230 bytes)
$Script_SackAnimation_Start_GoToTheRight will be placed at 8024B428 (length = 230 bytes)
$Script_SetSpawnPosition will be placed at 8024B658 (length = 228 bytes)
$Script_Main2_Exec will be placed at 8024B880 (length = 228 bytes)
$Function_80241330 will be placed at 8024BAA8 (length = 224 bytes)
$Script_Cutscene_BanditStatus1 will be placed at 8024BCCC (length = 21C bytes)
$Script_LoadMoverType will be placed at 8024BEE8 (length = 214 bytes)
$Script_NoThanks_Bandit will be placed at 8024C0FC (length = 210 bytes)
$Script_SackAnimation_Start_GoToTheLeft will be placed at 8024C30C (length = 1F8 bytes)
$NpcGroup_Spring10 will be placed at 8024C504 (length = 1F0 bytes)
$NpcGroup_Enemy1 will be placed at 8024C6F4 (length = 1F0 bytes)
$NpcGroup_Spring1 will be placed at 8024C8E4 (length = 1F0 bytes)
$NpcGroup_Spring2 will be placed at 8024CAD4 (length = 1F0 bytes)
$NpcGroup_Spring3 will be placed at 8024CCC4 (length = 1F0 bytes)
$NpcGroup_Spring4 will be placed at 8024CEB4 (length = 1F0 bytes)
$NpcGroup_Spring5 will be placed at 8024D0A4 (length = 1F0 bytes)
$NpcGroup_Spring6 will be placed at 8024D294 (length = 1F0 bytes)
$NpcGroup_Spring7 will be placed at 8024D484 (length = 1F0 bytes)
$NpcGroup_Spring8 will be placed at 8024D674 (length = 1F0 bytes)
$NpcGroup_Spring9 will be placed at 8024D864 (length = 1F0 bytes)
$NpcGroup_Mover will be placed at 8024DA54 (length = 1F0 bytes)
$NpcGroup_BanditMover will be placed at 8024DC44 (length = 1F0 bytes)
$Script_PipeAnimation will be placed at 8024DE34 (length = 1C4 bytes)
$Function_80240D68 will be placed at 8024DFF8 (length = 1A4 bytes)
$Script_Cutscene_Event will be placed at 8024E19C (length = 198 bytes)
$Script_NPC_SackHit_Init will be placed at 8024E334 (length = 198 bytes)
$Script_ClosePartnerDialog will be placed at 8024E4CC (length = 194 bytes)
$JumpTable_80242448 will be placed at 8024E660 (length = 190 bytes)
$SkipCutscene_Event will be placed at 8024E7F0 (length = 188 bytes)
$Script_SpawnNPCs will be placed at 8024E978 (length = 174 bytes)
$NPC_Sack_AnimationStart will be placed at 8024EAEC (length = 168 bytes)
$Function_80240844 will be placed at 8024EC54 (length = 164 bytes)
$Script_SackAnimation_End_Right will be placed at 8024EDB8 (length = 158 bytes)
$Script_SackAnimation_End_Left will be placed at 8024EF10 (length = 150 bytes)
$Script_TrackPlayer will be placed at 8024F060 (length = 144 bytes)
$Script_CheckBanditStatus1 will be placed at 8024F1A4 (length = 13C bytes)
$MapTattle5 will be placed at 8024F2E0 (length = 13C bytes)
$MapTattle4 will be placed at 8024F41C (length = 130 bytes)
$BanditMover_Tattle will be placed at 8024F54C (length = 11C bytes)
$Function_LoadPath will be placed at 8024F668 (length = 114 bytes)
$Script_SackAnimation_SackAppears_100 will be placed at 8024F77C (length = 100 bytes)
$String_Partner_Event_1 will be placed at 8024F87C (length = FC bytes)
$Script_Main2_Wait will be placed at 8024F978 (length = F4 bytes)
$String_Warning2 will be placed at 8024FA6C (length = F0 bytes)
$Script_SetMover_Special will be placed at 8024FB5C (length = EC bytes)
$SetSpawnsSpecial will be placed at 8024FC48 (length = E8 bytes)
$SetSpawns will be placed at 8024FD30 (length = E8 bytes)
$String_Warning1 will be placed at 8024FE18 (length = E8 bytes)
$DeepestLevel will be placed at 8024FF00 (length = E4 bytes)
$Function_80240F0C will be placed at 8024FFE4 (length = E0 bytes)
$Function_GetColliderPos will be placed at 802500C4 (length = E0 bytes)
$Function_GetPos will be placed at 802501A4 (length = E0 bytes)
$TotalLevels_Sign will be placed at 80250284 (length = DC bytes)
$Script_SpawnMover_Special will be placed at 80250360 (length = DC bytes)
$GetFloor will be placed at 8025043C (length = DC bytes)
$Script_DisableNumbers will be placed at 80250518 (length = D8 bytes)
$MapTattle2 will be placed at 802505F0 (length = D4 bytes)
$NPC_Sack_AnimationEnd will be placed at 802506C4 (length = D4 bytes)
$Script_SetMover will be placed at 80250798 (length = D0 bytes)
$GetFloorBandit will be placed at 80250868 (length = D0 bytes)
$Script_AddCoins_Bandit will be placed at 80250938 (length = C8 bytes)
$GetPos will be placed at 80250A00 (length = C8 bytes)
$SkipCutscene_MoverWarpAnimation will be placed at 80250AC8 (length = C4 bytes)
$Function_Init will be placed at 80250B8C (length = C4 bytes)
$MoverStart will be placed at 80250C50 (length = C0 bytes)
$Function_80240CA8 will be placed at 80250D10 (length = C0 bytes)
$String_Warning3 will be placed at 80250DD0 (length = C0 bytes)
$Script_ZoomIn_Camera_3 will be placed at 80250E90 (length = BC bytes)
$Script_ZoomIn_Camera_2 will be placed at 80250F4C (length = BC bytes)
$Script_ZoomIn_Camera will be placed at 80251008 (length = BC bytes)
$Function_TrackInput will be placed at 802510C4 (length = BC bytes)
$String_Bandit_Defeated4 will be placed at 80251180 (length = B8 bytes)
$Script_MoverWarpAnimation will be placed at 80251238 (length = B8 bytes)
$Script_NpcAI_MoneySack will be placed at 802512F0 (length = B8 bytes)
$NpcGroups will be placed at 802513A8 (length = B4 bytes)
$Script_SpawnMover will be placed at 8025145C (length = B4 bytes)
$BanditMoverStart will be placed at 80251510 (length = B4 bytes)
$MapTattle3 will be placed at 802515C4 (length = B0 bytes)
$Script_LoadOdds will be placed at 80251674 (length = B0 bytes)
$Script_SetPipesPosition will be placed at 80251724 (length = B0 bytes)
$LoadHighscores will be placed at 802517D4 (length = B0 bytes)
$MapTattle1 will be placed at 80251884 (length = A8 bytes)
$Script_AddCoins will be placed at 8025192C (length = A8 bytes)
$SwitchPath will be placed at 802519D4 (length = A4 bytes)
$Script_NPC_Sack_FX will be placed at 80251A78 (length = A4 bytes)
$Tattle_Springkeeper will be placed at 80251B1C (length = A4 bytes)
$Script_ReadSign will be placed at 80251BC0 (length = A0 bytes)
$Script_ZoomIn_Camera_X will be placed at 80251C60 (length = A0 bytes)
$String_Bandit_Defeated9 will be placed at 80251D00 (length = 9C bytes)
$Script_Bandit_StartBattle will be placed at 80251D9C (length = 9C bytes)
$Script_Main will be placed at 80251E38 (length = 9C bytes)
$Mover_Tattle will be placed at 80251ED4 (length = 94 bytes)
$String_Bandit_Defeated3 will be placed at 80251F68 (length = 90 bytes)
$String_Bandit_Defeated8 will be placed at 80251FF8 (length = 8C bytes)
$BanditMover_Options2 will be placed at 80252084 (length = 84 bytes)
$BanditMover_Options will be placed at 80252108 (length = 84 bytes)
$String_Okay will be placed at 8025218C (length = 80 bytes)
$Function_TimerCurrentFloor will be placed at 8025220C (length = 7C bytes)
$SignStringBug will be placed at 80252288 (length = 7C bytes)
$String_Rogue_CoinsGained_Success will be placed at 80252304 (length = 78 bytes)
$Mover_Options will be placed at 8025237C (length = 78 bytes)
$Function2 will be placed at 802523F4 (length = 6C bytes)
$Function_SetAnimation will be placed at 80252460 (length = 6C bytes)
$String_Bandit_Defeated1 will be placed at 802524CC (length = 68 bytes)
$CommingDownPipe will be placed at 80252534 (length = 68 bytes)
$MoverEnd will be placed at 8025259C (length = 68 bytes)
$BanditMoverEnd will be placed at 80252604 (length = 68 bytes)
$String_Bandit_Defeated_Partner3 will be placed at 8025266C (length = 64 bytes)
$String_Bandit_Defeated_Partner2 will be placed at 802526D0 (length = 64 bytes)
$Function_GetTattle1 will be placed at 80252734 (length = 60 bytes)
$Function_OverwriteBattleID will be placed at 80252794 (length = 60 bytes)
$String_Bandit_Confrontation1 will be placed at 802527F4 (length = 5C bytes)
$BanditMoverNoCoins will be placed at 80252850 (length = 58 bytes)
$MoverNoCoins will be placed at 802528A8 (length = 58 bytes)
$String_Bandit_Defeated7 will be placed at 80252900 (length = 50 bytes)
$String_Bandit_Defeated_Partner4 will be placed at 80252950 (length = 50 bytes)
$EntryList will be placed at 802529A0 (length = 50 bytes)
$String_NoThanks will be placed at 802529F0 (length = 50 bytes)
$Script_Init_BanditMover will be placed at 80252A40 (length = 4C bytes)
$GetFloorSign will be placed at 80252A8C (length = 48 bytes)
$Function_Load_MapID will be placed at 80252AD4 (length = 48 bytes)
$GetFloorSign_Rogue will be placed at 80252B1C (length = 48 bytes)
$Script_MakeEntities will be placed at 80252B64 (length = 44 bytes)
$Function_802412EC will be placed at 80252BA8 (length = 44 bytes)
$Function_802409A8 will be placed at 80252BEC (length = 44 bytes)
$Function_LoadCoinsInToVar1 will be placed at 80252C30 (length = 44 bytes)
$String_Bandit_Defeated_Partner1 will be placed at 80252C74 (length = 40 bytes)
$Header will be placed at 80252CB4 (length = 40 bytes)
$Function_LoadCoinsLosted will be placed at 80252CF4 (length = 40 bytes)
$Function_LoadMarioCoins will be placed at 80252D34 (length = 40 bytes)
$Function_LoadGainedCoins will be placed at 80252D74 (length = 40 bytes)
$Function_GetTattle2 will be placed at 80252DB4 (length = 3C bytes)
$JumpTable_80246CB8 will be placed at 80252DF0 (length = 3C bytes)
$Script_Exit0 will be placed at 80252E2C (length = 3C bytes)
$Script_EnemyAI will be placed at 80252E68 (length = 3C bytes)
$Script_Init_Bag will be placed at 80252EA4 (length = 38 bytes)
$Script_Init_Bag_HitBox will be placed at 80252EDC (length = 38 bytes)
$String_Bandit_Confrotation_Bye will be placed at 80252F14 (length = 34 bytes)
$DispawnPartner will be placed at 80252F48 (length = 34 bytes)
$String_Whatever will be placed at 80252F7C (length = 30 bytes)
$EnablePipeCollider will be placed at 80252FAC (length = 30 bytes)
$AISettings_MoneySack will be placed at 80252FDC (length = 30 bytes)
$String_Bandit_Defeated2 will be placed at 8025300C (length = 30 bytes)
$AISettings_Enemy will be placed at 8025303C (length = 30 bytes)
$RespawnPartner will be placed at 8025306C (length = 30 bytes)
$AISettings_DisableEnemy will be placed at 8025309C (length = 30 bytes)
$NPC_Settings_Sack will be placed at 802530CC (length = 2C bytes)
$NpcSettings_Generic will be placed at 802530F8 (length = 2C bytes)
$NpcSettings_Enemy1 will be placed at 80253124 (length = 2C bytes)
$Function_RevivePlayer will be placed at 80253150 (length = 2C bytes)
$NpcSettings_Blank will be placed at 8025317C (length = 2C bytes)
$BlankSettings will be placed at 802531A8 (length = 2C bytes)
$Script_MakeExits will be placed at 802531D4 (length = 2C bytes)
$Function_ResetEnemiesFlag will be placed at 80253200 (length = 2C bytes)
$String_List_NoYes will be placed at 8025322C (length = 28 bytes)
$Function_SaveCoinsLosted will be placed at 80253254 (length = 28 bytes)
$String_List_YesNo will be placed at 8025327C (length = 28 bytes)
$Script_Init_EnemyNPC will be placed at 802532A4 (length = 24 bytes)
$VectorList_SwitchPath will be placed at 802532C8 (length = 24 bytes)
$Script_Init_Lakitu will be placed at 802532EC (length = 24 bytes)
$Script_Init_Mover will be placed at 80253310 (length = 24 bytes)
$String_CoinsGained will be placed at 80253334 (length = 24 bytes)
$String_Bandit_Defeated10 will be placed at 80253358 (length = 24 bytes)
$String_Bandit_Defeated6 will be placed at 8025337C (length = 20 bytes)
$String_Bandit_Defeated5 will be placed at 8025339C (length = 20 bytes)
$Script_DisableEnemyAI will be placed at 802533BC (length = 20 bytes)
$TotalLevels_CurrentPlaythrough will be placed at 802533DC (length = 1C bytes)
$NpcGroupList_RubyCS will be placed at 802533F8 (length = 18 bytes)
$SignString will be placed at 80253410 (length = 18 bytes)
$ExtraAnimationList_Enemy1 will be placed at 80253428 (length = 14 bytes)
$String_Psst will be placed at 8025343C (length = 10 bytes)
$Script_null will be placed at 8025344C (length = 10 bytes)
$ASCII_"pt81_86_shape"_Literal will be placed at 8025345C (length = 10 bytes)
$Function_ResetCoinsLosted will be placed at 8025346C (length = 10 bytes)
$ASCII_"pt51_56_shape"_Literal will be placed at 8025347C (length = 10 bytes)
$ASCII_"pt1_6_hit"_Literal will be placed at 8025348C (length = C bytes)
$NpcGroup7 will be placed at 80253498 (length = C bytes)
$NpcGroup1 will be placed at 802534A4 (length = C bytes)
$ASCII_"pt_100"_Literal will be placed at 802534B0 (length = C bytes)
$ASCII_"dmo_00"_Literal will be placed at 802534BC (length = C bytes)
$ASCII_"pt1_6_shape"_Literal will be placed at 802534C8 (length = C bytes)
$ASCII_"pt_85"_Literal will be placed at 802534D4 (length = 8 bytes)
$ASCII_"pt91_96"_Literal will be placed at 802534DC (length = 8 bytes)
$ASCII_"pt62_67"_Literal will be placed at 802534E4 (length = 8 bytes)
$ASCII_"pt33_38"_Literal will be placed at 802534EC (length = 8 bytes)
$ASCII_"pt1_6"_Literal will be placed at 802534F4 (length = 8 bytes)
$ASCII_"pt_95"_Literal will be placed at 802534FC (length = 8 bytes)
$ASCII_"pt4_9"_Literal will be placed at 80253504 (length = 8 bytes)
$ASCII_"pt_65"_Literal will be placed at 8025350C (length = 8 bytes)
$ASCII_"pt44_49"_Literal will be placed at 80253514 (length = 8 bytes)
$ASCII_"pt81_86"_Literal will be placed at 8025351C (length = 8 bytes)
$ASCII_"pt_80"_Literal will be placed at 80253524 (length = 8 bytes)
$ASCII_"pt52_57"_Literal will be placed at 8025352C (length = 8 bytes)
$ASCII_"pt23_28"_Literal will be placed at 80253534 (length = 8 bytes)
$ASCII_"pt_50"_Literal will be placed at 8025353C (length = 8 bytes)
$ASCII_"pt83_88"_Literal will be placed at 80253544 (length = 8 bytes)
$ASCII_"pt54_59"_Literal will be placed at 8025354C (length = 8 bytes)
$ASCII_"pt64_69"_Literal will be placed at 80253554 (length = 8 bytes)
$ASCII_"pt72_77"_Literal will be placed at 8025355C (length = 8 bytes)
$ASCII_"pt14_19"_Literal will be placed at 80253564 (length = 8 bytes)
$ASCII_"pt34_39"_Literal will be placed at 8025356C (length = 8 bytes)
$ASCII_"pt22_27"_Literal will be placed at 80253574 (length = 8 bytes)
$ASCII_"pt21_26"_Literal will be placed at 8025357C (length = 8 bytes)
$ASCII_"pt73_78"_Literal will be placed at 80253584 (length = 8 bytes)
$ConstDouble_80246CB0 will be placed at 80253590 (length = 8 bytes)
$ASCII_"pt84_89"_Literal will be placed at 80253598 (length = 8 bytes)
$ASCII_"pt92_97"_Literal will be placed at 802535A0 (length = 8 bytes)
$ASCII_"pt_75"_Literal will be placed at 802535A8 (length = 8 bytes)
$ASCII_"pt53_58"_Literal will be placed at 802535B0 (length = 8 bytes)
$ASCII_"pt41_46"_Literal will be placed at 802535B8 (length = 8 bytes)
$ASCII_"pt61_66"_Literal will be placed at 802535C0 (length = 8 bytes)
$ASCII_"pt32_37"_Literal will be placed at 802535C8 (length = 8 bytes)
$ASCII_"pt_15"_Literal will be placed at 802535D0 (length = 8 bytes)
$ASCII_"pt11_16"_Literal will be placed at 802535D8 (length = 8 bytes)
$ASCII_"pt_00"_Literal will be placed at 802535E0 (length = 8 bytes)
$ASCII_"pt74_79"_Literal will be placed at 802535E8 (length = 8 bytes)
$ASCII_"pt_25"_Literal will be placed at 802535F0 (length = 8 bytes)
$ASCII_"pt_35"_Literal will be placed at 802535F8 (length = 8 bytes)
$ASCII_"pt71_76"_Literal will be placed at 80253600 (length = 8 bytes)
$ASCII_"pt42_47"_Literal will be placed at 80253608 (length = 8 bytes)
$ASCII_"pt13_18"_Literal will be placed at 80253610 (length = 8 bytes)
$ASCII_"pt_05"_Literal will be placed at 80253618 (length = 8 bytes)
$ASCII_"pt93_98"_Literal will be placed at 80253620 (length = 8 bytes)
$ASCII_"pt43_48"_Literal will be placed at 80253628 (length = 8 bytes)
$ASCII_"pt51_56"_Literal will be placed at 80253630 (length = 8 bytes)
$ASCII_"pt_55"_Literal will be placed at 80253638 (length = 8 bytes)
$ASCII_"pt2_7"_Literal will be placed at 80253640 (length = 8 bytes)
$ASCII_"pt12_17"_Literal will be placed at 80253648 (length = 8 bytes)
$ASCII_"pt3_8"_Literal will be placed at 80253650 (length = 8 bytes)
$ASCII_"pt_10"_Literal will be placed at 80253658 (length = 8 bytes)
$ASCII_"tik_tex"_Literal will be placed at 80253660 (length = 8 bytes)
$ASCII_"pt31_36"_Literal will be placed at 80253668 (length = 8 bytes)
$ASCII_"pt63_68"_Literal will be placed at 80253670 (length = 8 bytes)
$ASCII_"pt94_99"_Literal will be placed at 80253678 (length = 8 bytes)
$ASCII_"pt82_87"_Literal will be placed at 80253680 (length = 8 bytes)
$ASCII_"pt_45"_Literal will be placed at 80253688 (length = 8 bytes)
$ASCII_"pt24_29"_Literal will be placed at 80253690 (length = 8 bytes)
$MoverCancel will be placed at 8025358C (length = 4 bytes)
$BanditMoverCancel will be placed at 80253698 (length = 4 bytes)
$CloseDialogBubble will be placed at 8025369C (length = 4 bytes)
Executing patch: pt92_97.mpat
Creating struct: $DeepestLevel
Creating struct: $TotalLevels_Sign
Creating struct: $TotalLevels_CurrentPlaythrough
Creating struct: $LoadHighscores
Creating struct: $FallingDownPipe
Creating struct: $Function_GetPos
Creating struct: $Function2
Creating struct: $SetSpawns
Creating struct: $Script_Set_Formation
Creating struct: $Function_OverwriteBattleID
Creating struct: $Script_SetMover
Creating struct: $Script_MapID_Converter
Creating struct: $Script_LoadOdds
Creating struct: $Script_LoadMoverType
Creating struct: $Script_SpawnMover
Creating struct: $Script_SetNPCPos
Creating struct: $Function_Load_MapID
Creating struct: $SwitchPath
Creating struct: $VectorList_SwitchPath
Creating struct: $GetPos
Creating struct: $DispawnPartner
Creating struct: $RespawnPartner
Creating struct: $LoadMap
Creating struct: $GetFloor
Creating struct: $LoadMapBandit
Creating struct: $GetFloorBandit
Creating struct: $SetSpawnsSpecial
Creating struct: $Script_SetMover_Special
Creating struct: $Script_SpawnMover_Special
Creating struct: $Script_Set_SpecialFormation
Creating struct: $Function_LoadCoinsInToVar1
Creating struct: $Script_SetSpawnPosition
Creating struct: $Script_Init_EnemyNPC
Creating struct: $Script_Init_Lakitu
Creating struct: $Script_TrackOutcome
Creating struct: $Script_LakituOutcome
Creating struct: $Script_FloorEnemy_Idle
Creating struct: $Script_Rogue_GiveTotalCoins
Creating struct: $Script_SetEnemyIdle
Creating struct: $Script_AddCoins
Creating struct: $NPC_Settings_Sack
Creating struct: $Script_Init_Bag
Creating struct: $Script_Init_Bag_HitBox
Creating struct: $Script_NPC_SackHit_Init
Creating struct: $Script_NPC_Sack_FX
Creating struct: $NPC_Sack_AnimationStart
Creating struct: $NPC_Sack_AnimationEnd
Creating struct: $Script_SackAnimation_SackAppears_100
Creating struct: $Script_SackAnimation_Start_GoToTheRight
Creating struct: $Script_SackAnimation_Start_GoToTheLeft
Creating struct: $Script_SackAnimation_End_Right
Creating struct: $Script_SackAnimation_End_Left
Creating struct: $Function_LoadMarioCoins
Creating struct: $Function_LoadCoinsLosted
Creating struct: $Function_SaveCoinsLosted
Creating struct: $Function_ResetCoinsLosted
Creating struct: $Function_LoadGainedCoins
Creating struct: $Function_RevivePlayer
Creating struct: $AISettings_MoneySack
Creating struct: $Script_NpcAI_MoneySack
Creating struct: $JumpTable_80242448
Creating struct: $Function_NpcAI_MoneySack
Creating struct: $Function_80240260
Creating struct: $Function_80240844
Creating struct: $Function_802409A8
Creating struct: $Script_TrackPlayer
Creating struct: $Script_PipeAnimation
Creating struct: $Function_SetAnimation
Creating struct: $Function_GetColliderPos
Creating struct: $Function_TrackInput
Creating struct: $GoToNextLevel
Creating struct: $GetFloorSign
Creating struct: $GetFloorSign_Rogue
Creating struct: $Function_GetTattle1
Creating struct: $Function_GetTattle2
Creating struct: $Script_ReadSign
Creating struct: $NpcSettings_Blank
Creating struct: $NpcGroup_Spring1
Creating struct: $NpcGroup_Spring2
Creating struct: $NpcGroup_Spring3
Creating struct: $NpcGroup_Spring4
Creating struct: $NpcGroup_Spring5
Creating struct: $NpcGroup_Spring6
Creating struct: $NpcGroup_Spring7
Creating struct: $NpcGroup_Spring8
Creating struct: $NpcGroup_Spring9
Creating struct: $NpcGroup_Spring10
Creating struct: $Header
Creating struct: $Script_Main2_Wait
Creating struct: $Script_Main2_Exec
Creating struct: $Script_TrackEvents
Creating struct: $Script_Cutscene_Event
Creating struct: $SkipCutscene_Event
Creating struct: $Script_ZoomIn_Camera_X
Creating struct: $Script_Cutscene_Ruby_Init
Creating struct: $Script_Cutscene_Ruby2
Creating struct: $NpcGroupList_RubyCS
Creating struct: $NpcGroup_RubyCS
Creating struct: $NpcSettings_Generic
Creating struct: $Script_null
Creating struct: $Script_SpawnNPCs
Creating struct: $Function_ResetEnemiesFlag
Creating struct: $EntryList
Creating struct: $Function_Init
Creating struct: $NpcGroup_Mover
Creating struct: $BlankSettings
Creating struct: $Script_Init_Mover
Creating struct: $Interact_Mover
Creating struct: $Script_MoverWarpAnimation
Creating struct: $SkipCutscene_MoverWarpAnimation
Creating struct: $NpcGroup_BanditMover
Creating struct: $Script_Init_BanditMover
Creating struct: $Script_Bandit_StartBattle
Creating struct: $Interact_BanditMover
Creating struct: $Script_Warning_Mario
Creating struct: $Script_NoThanks_Bandit
Creating struct: $Script_ZoomIn_Camera
Creating struct: $Script_ZoomIn_Camera_2
Creating struct: $Script_ZoomIn_Camera_3
Creating struct: $NpcGroup_MoneyBag
Creating struct: $Script_SetPipesPosition
Creating struct: $Script_DisableNumbers
Creating struct: $Script_SetFloorNumbers
Creating struct: $Script_CheckBanditStatus1
Creating struct: $Script_Cutscene_BanditStatus1
Creating struct: $Script_CheckBanditStatus2
Creating struct: $Script_TrackOutcome_Bandit
Creating struct: $Script_Cutscene_BanditDefeated
Creating struct: $SkipCutscene_BanditDefeated
Creating struct: $Script_AddCoins_Bandit
Creating struct: $Function_LoadPath
Creating struct: $Script_ClosePartnerDialog
Creating struct: $PipeSpawning
Creating struct: $EnablePipeCollider
Creating struct: $Script_MakeEntities
Creating struct: $CommingDownPipe
Creating struct: $Function_TimerCurrentFloor
Creating struct: $Script_MakeExits
Creating struct: $Script_Exit0
Creating struct: $Script_Main
Creating struct: $NpcGroups
Creating struct: $NpcGroup1
Creating struct: $NpcGroup7
Creating struct: $NpcGroup_Enemy1
Creating struct: $NpcSettings_Enemy1
Creating struct: $Script_EnemyAI
Creating struct: $AISettings_Enemy
Creating struct: $ConstDouble_80246500
Creating struct: $ConstDouble_80246508
Creating struct: $ConstDouble_80246510
Creating struct: $ConstDouble_80246558
Creating struct: $JumpTable_80246560
Creating struct: $FloatTable_80244900
Creating struct: $Function_80241DE4
Creating struct: $Function_802416C8
Creating struct: $Function_802404E0
Creating struct: $Function_80240690
Creating struct: $Function_80240CB8
Creating struct: $Function_80240D78
Creating struct: $Function_802410BC
Creating struct: $Function_80241134
Creating struct: $Function_802419D8
Creating struct: $Function_80241B08
Creating struct: $Function_80241D88
Creating struct: $Script_DisableEnemyAI
Creating struct: $AISettings_DisableEnemy
Merged 1 regions to 1
$Script_SetFloorNumbers will be placed at 80240000 (length = 128C bytes)
$NpcGroup_RubyCS will be placed at 8024128C (length = 1170 bytes)
$LoadMap will be placed at 802423FC (length = C04 bytes)
$LoadMapBandit will be placed at 80243000 (length = B80 bytes)
$GoToNextLevel will be placed at 80243B80 (length = B10 bytes)
$Script_Cutscene_BanditDefeated will be placed at 80244690 (length = B08 bytes)
$Script_SetEnemyIdle will be placed at 80245198 (length = 674 bytes)
$Function_80240690 will be placed at 8024580C (length = 624 bytes)
$Script_MapID_Converter will be placed at 80245E30 (length = 60C bytes)
$Script_Warning_Mario will be placed at 8024643C (length = 608 bytes)
$Function_80240260 will be placed at 80246A44 (length = 5E4 bytes)
$Script_SetNPCPos will be placed at 80247028 (length = 4D0 bytes)
$Script_Cutscene_Ruby_Init will be placed at 802474F8 (length = 490 bytes)
$FallingDownPipe will be placed at 80247988 (length = 418 bytes)
$Script_TrackEvents will be placed at 80247DA0 (length = 410 bytes)
$NpcGroup_MoneyBag will be placed at 802481B0 (length = 3E0 bytes)
$Interact_BanditMover will be placed at 80248590 (length = 3D8 bytes)
$Script_CheckBanditStatus2 will be placed at 80248968 (length = 3D8 bytes)
$SkipCutscene_BanditDefeated will be placed at 80248D40 (length = 3D8 bytes)
$Interact_Mover will be placed at 80249118 (length = 3CC bytes)
$Script_Set_SpecialFormation will be placed at 802494E4 (length = 3B4 bytes)
$Script_FloorEnemy_Idle will be placed at 80249898 (length = 388 bytes)
$Function_80240D78 will be placed at 80249C20 (length = 344 bytes)
$Script_TrackOutcome_Bandit will be placed at 80249F64 (length = 330 bytes)
$Script_LakituOutcome will be placed at 8024A294 (length = 30C bytes)
$Script_Rogue_GiveTotalCoins will be placed at 8024A5A0 (length = 2FC bytes)
$Script_Set_Formation will be placed at 8024A89C (length = 2D4 bytes)
$PipeSpawning will be placed at 8024AB70 (length = 2A0 bytes)
$Script_TrackOutcome will be placed at 8024AE10 (length = 288 bytes)
$Function_80241B08 will be placed at 8024B098 (length = 280 bytes)
$Script_Cutscene_Ruby2 will be placed at 8024B318 (length = 258 bytes)
$Function_NpcAI_MoneySack will be placed at 8024B570 (length = 238 bytes)
$Script_SackAnimation_Start_GoToTheRight will be placed at 8024B7A8 (length = 230 bytes)
$Script_SetSpawnPosition will be placed at 8024B9D8 (length = 228 bytes)
$Script_Main2_Exec will be placed at 8024BC00 (length = 228 bytes)
$Script_Cutscene_BanditStatus1 will be placed at 8024BE28 (length = 21C bytes)
$Script_LoadMoverType will be placed at 8024C044 (length = 214 bytes)
$Script_NoThanks_Bandit will be placed at 8024C258 (length = 210 bytes)
$Script_SackAnimation_Start_GoToTheLeft will be placed at 8024C468 (length = 1F8 bytes)
$NpcGroup_Spring10 will be placed at 8024C660 (length = 1F0 bytes)
$NpcGroup_Enemy1 will be placed at 8024C850 (length = 1F0 bytes)
$NpcGroup_Spring1 will be placed at 8024CA40 (length = 1F0 bytes)
$NpcGroup_Spring2 will be placed at 8024CC30 (length = 1F0 bytes)
$NpcGroup_Spring3 will be placed at 8024CE20 (length = 1F0 bytes)
$NpcGroup_Spring4 will be placed at 8024D010 (length = 1F0 bytes)
$NpcGroup_Spring5 will be placed at 8024D200 (length = 1F0 bytes)
$NpcGroup_Spring6 will be placed at 8024D3F0 (length = 1F0 bytes)
$NpcGroup_Spring7 will be placed at 8024D5E0 (length = 1F0 bytes)
$NpcGroup_Spring8 will be placed at 8024D7D0 (length = 1F0 bytes)
$NpcGroup_Spring9 will be placed at 8024D9C0 (length = 1F0 bytes)
$NpcGroup_Mover will be placed at 8024DBB0 (length = 1F0 bytes)
$NpcGroup_BanditMover will be placed at 8024DDA0 (length = 1F0 bytes)
$Function_80241DE4 will be placed at 8024DF90 (length = 1E8 bytes)
$Script_PipeAnimation will be placed at 8024E178 (length = 1C4 bytes)
$Function_802404E0 will be placed at 8024E33C (length = 1B0 bytes)
$Script_Cutscene_Event will be placed at 8024E4EC (length = 198 bytes)
$Script_NPC_SackHit_Init will be placed at 8024E684 (length = 198 bytes)
$Script_ClosePartnerDialog will be placed at 8024E81C (length = 194 bytes)
$JumpTable_80242448 will be placed at 8024E9B0 (length = 190 bytes)
$SkipCutscene_Event will be placed at 8024EB40 (length = 188 bytes)
$Script_SpawnNPCs will be placed at 8024ECC8 (length = 174 bytes)
$NPC_Sack_AnimationStart will be placed at 8024EE3C (length = 168 bytes)
$Function_80240844 will be placed at 8024EFA4 (length = 164 bytes)
$Script_SackAnimation_End_Right will be placed at 8024F108 (length = 158 bytes)
$Script_SackAnimation_End_Left will be placed at 8024F260 (length = 150 bytes)
$Script_TrackPlayer will be placed at 8024F3B0 (length = 144 bytes)
$Script_CheckBanditStatus1 will be placed at 8024F4F4 (length = 13C bytes)
$MapTattle5 will be placed at 8024F630 (length = 13C bytes)
$Function_802419D8 will be placed at 8024F76C (length = 130 bytes)
$MapTattle4 will be placed at 8024F89C (length = 130 bytes)
$Function_802416C8 will be placed at 8024F9CC (length = 124 bytes)
$BanditMover_Tattle will be placed at 8024FAF0 (length = 11C bytes)
$Function_LoadPath will be placed at 8024FC0C (length = 114 bytes)
$Script_SackAnimation_SackAppears_100 will be placed at 8024FD20 (length = 100 bytes)
$String_Partner_Event_1 will be placed at 8024FE20 (length = FC bytes)
$Script_Main2_Wait will be placed at 8024FF1C (length = F4 bytes)
$String_Warning2 will be placed at 80250010 (length = F0 bytes)
$Script_SetMover_Special will be placed at 80250100 (length = EC bytes)
$SetSpawnsSpecial will be placed at 802501EC (length = E8 bytes)
$SetSpawns will be placed at 802502D4 (length = E8 bytes)
$String_Warning1 will be placed at 802503BC (length = E8 bytes)
$DeepestLevel will be placed at 802504A4 (length = E4 bytes)
$Function_GetColliderPos will be placed at 80250588 (length = E0 bytes)
$Function_GetPos will be placed at 80250668 (length = E0 bytes)
$TotalLevels_Sign will be placed at 80250748 (length = DC bytes)
$Script_SpawnMover_Special will be placed at 80250824 (length = DC bytes)
$GetFloor will be placed at 80250900 (length = DC bytes)
$Script_DisableNumbers will be placed at 802509DC (length = D8 bytes)
$MapTattle2 will be placed at 80250AB4 (length = D4 bytes)
$NPC_Sack_AnimationEnd will be placed at 80250B88 (length = D4 bytes)
$Script_SetMover will be placed at 80250C5C (length = D0 bytes)
$GetFloorBandit will be placed at 80250D2C (length = D0 bytes)
$Script_AddCoins_Bandit will be placed at 80250DFC (length = C8 bytes)
$GetPos will be placed at 80250EC4 (length = C8 bytes)
$SkipCutscene_MoverWarpAnimation will be placed at 80250F8C (length = C4 bytes)
$Function_Init will be placed at 80251050 (length = C4 bytes)
$MoverStart will be placed at 80251114 (length = C0 bytes)
$Function_80240CB8 will be placed at 802511D4 (length = C0 bytes)
$String_Warning3 will be placed at 80251294 (length = C0 bytes)
$Script_ZoomIn_Camera_3 will be placed at 80251354 (length = BC bytes)
$Script_ZoomIn_Camera_2 will be placed at 80251410 (length = BC bytes)
$Script_ZoomIn_Camera will be placed at 802514CC (length = BC bytes)
$Function_TrackInput will be placed at 80251588 (length = BC bytes)
$String_Bandit_Defeated4 will be placed at 80251644 (length = B8 bytes)
$Script_MoverWarpAnimation will be placed at 802516FC (length = B8 bytes)
$Script_NpcAI_MoneySack will be placed at 802517B4 (length = B8 bytes)
$NpcGroups will be placed at 8025186C (length = B4 bytes)
$Script_SpawnMover will be placed at 80251920 (length = B4 bytes)
$BanditMoverStart will be placed at 802519D4 (length = B4 bytes)
$MapTattle3 will be placed at 80251A88 (length = B0 bytes)
$Script_LoadOdds will be placed at 80251B38 (length = B0 bytes)
$Script_SetPipesPosition will be placed at 80251BE8 (length = B0 bytes)
$LoadHighscores will be placed at 80251C98 (length = B0 bytes)
$MapTattle1 will be placed at 80251D48 (length = A8 bytes)
$Script_AddCoins will be placed at 80251DF0 (length = A8 bytes)
$SwitchPath will be placed at 80251E98 (length = A4 bytes)
$Script_NPC_Sack_FX will be placed at 80251F3C (length = A4 bytes)
$Tattle_Springkeeper will be placed at 80251FE0 (length = A4 bytes)
$Script_ReadSign will be placed at 80252084 (length = A0 bytes)
$Script_ZoomIn_Camera_X will be placed at 80252124 (length = A0 bytes)
$String_Bandit_Defeated9 will be placed at 802521C4 (length = 9C bytes)
$Script_Bandit_StartBattle will be placed at 80252260 (length = 9C bytes)
$Script_Main will be placed at 802522FC (length = 9C bytes)
$Mover_Tattle will be placed at 80252398 (length = 94 bytes)
$String_Bandit_Defeated3 will be placed at 8025242C (length = 90 bytes)
$String_Bandit_Defeated8 will be placed at 802524BC (length = 8C bytes)
$BanditMover_Options2 will be placed at 80252548 (length = 84 bytes)
$BanditMover_Options will be placed at 802525CC (length = 84 bytes)
$String_Okay will be placed at 80252650 (length = 80 bytes)
$Function_TimerCurrentFloor will be placed at 802526D0 (length = 7C bytes)
$SignStringBug will be placed at 8025274C (length = 7C bytes)
$String_Rogue_CoinsGained_Success will be placed at 802527C8 (length = 78 bytes)
$Function_802410BC will be placed at 80252840 (length = 78 bytes)
$Mover_Options will be placed at 802528B8 (length = 78 bytes)
$Script_EnemyAI will be placed at 80252930 (length = 70 bytes)
$Function_80241134 will be placed at 802529A0 (length = 6C bytes)
$Function2 will be placed at 80252A0C (length = 6C bytes)
$Function_SetAnimation will be placed at 80252A78 (length = 6C bytes)
$String_Bandit_Defeated1 will be placed at 80252AE4 (length = 68 bytes)
$CommingDownPipe will be placed at 80252B4C (length = 68 bytes)
$MoverEnd will be placed at 80252BB4 (length = 68 bytes)
$BanditMoverEnd will be placed at 80252C1C (length = 68 bytes)
$String_Bandit_Defeated_Partner3 will be placed at 80252C84 (length = 64 bytes)
$String_Bandit_Defeated_Partner2 will be placed at 80252CE8 (length = 64 bytes)
$Function_GetTattle1 will be placed at 80252D4C (length = 60 bytes)
$Function_OverwriteBattleID will be placed at 80252DAC (length = 60 bytes)
$String_Bandit_Confrontation1 will be placed at 80252E0C (length = 5C bytes)
$Function_80241D88 will be placed at 80252E68 (length = 5C bytes)
$BanditMoverNoCoins will be placed at 80252EC4 (length = 58 bytes)
$MoverNoCoins will be placed at 80252F1C (length = 58 bytes)
$JumpTable_80246560 will be placed at 80252F74 (length = 54 bytes)
$String_Bandit_Defeated7 will be placed at 80252FC8 (length = 50 bytes)
$String_Bandit_Defeated_Partner4 will be placed at 80253018 (length = 50 bytes)
$EntryList will be placed at 80253068 (length = 50 bytes)
$String_NoThanks will be placed at 802530B8 (length = 50 bytes)
$Script_Init_BanditMover will be placed at 80253108 (length = 4C bytes)
$GetFloorSign will be placed at 80253154 (length = 48 bytes)
$Function_Load_MapID will be placed at 8025319C (length = 48 bytes)
$GetFloorSign_Rogue will be placed at 802531E4 (length = 48 bytes)
$Script_MakeEntities will be placed at 8025322C (length = 44 bytes)
$Function_802409A8 will be placed at 80253270 (length = 44 bytes)
$Function_LoadCoinsInToVar1 will be placed at 802532B4 (length = 44 bytes)
$String_Bandit_Defeated_Partner1 will be placed at 802532F8 (length = 40 bytes)
$Header will be placed at 80253338 (length = 40 bytes)
$Function_LoadCoinsLosted will be placed at 80253378 (length = 40 bytes)
$Function_LoadMarioCoins will be placed at 802533B8 (length = 40 bytes)
$Function_LoadGainedCoins will be placed at 802533F8 (length = 40 bytes)
$Function_GetTattle2 will be placed at 80253438 (length = 3C bytes)
$Script_Exit0 will be placed at 80253474 (length = 3C bytes)
$Script_Init_Bag will be placed at 802534B0 (length = 38 bytes)
$Script_Init_Bag_HitBox will be placed at 802534E8 (length = 38 bytes)
$String_Bandit_Confrotation_Bye will be placed at 80253520 (length = 34 bytes)
$DispawnPartner will be placed at 80253554 (length = 34 bytes)
$String_Whatever will be placed at 80253588 (length = 30 bytes)
$EnablePipeCollider will be placed at 802535B8 (length = 30 bytes)
$AISettings_MoneySack will be placed at 802535E8 (length = 30 bytes)
$String_Bandit_Defeated2 will be placed at 80253618 (length = 30 bytes)
$AISettings_Enemy will be placed at 80253648 (length = 30 bytes)
$RespawnPartner will be placed at 80253678 (length = 30 bytes)
$AISettings_DisableEnemy will be placed at 802536A8 (length = 30 bytes)
$NPC_Settings_Sack will be placed at 802536D8 (length = 2C bytes)
$NpcSettings_Generic will be placed at 80253704 (length = 2C bytes)
$NpcSettings_Enemy1 will be placed at 80253730 (length = 2C bytes)
$Function_RevivePlayer will be placed at 8025375C (length = 2C bytes)
$NpcSettings_Blank will be placed at 80253788 (length = 2C bytes)
$BlankSettings will be placed at 802537B4 (length = 2C bytes)
$Script_MakeExits will be placed at 802537E0 (length = 2C bytes)
$Function_ResetEnemiesFlag will be placed at 8025380C (length = 2C bytes)
$String_List_NoYes will be placed at 80253838 (length = 28 bytes)
$Function_SaveCoinsLosted will be placed at 80253860 (length = 28 bytes)
$String_List_YesNo will be placed at 80253888 (length = 28 bytes)
$Script_Init_EnemyNPC will be placed at 802538B0 (length = 24 bytes)
$VectorList_SwitchPath will be placed at 802538D4 (length = 24 bytes)
$Script_Init_Lakitu will be placed at 802538F8 (length = 24 bytes)
$Script_Init_Mover will be placed at 8025391C (length = 24 bytes)
$String_CoinsGained will be placed at 80253940 (length = 24 bytes)
$String_Bandit_Defeated10 will be placed at 80253964 (length = 24 bytes)
$String_Bandit_Defeated6 will be placed at 80253988 (length = 20 bytes)
$String_Bandit_Defeated5 will be placed at 802539A8 (length = 20 bytes)
$Script_DisableEnemyAI will be placed at 802539C8 (length = 20 bytes)
$TotalLevels_CurrentPlaythrough will be placed at 802539E8 (length = 1C bytes)
$NpcGroupList_RubyCS will be placed at 80253A04 (length = 18 bytes)
$FloatTable_80244900 will be placed at 80253A1C (length = 18 bytes)
$SignString will be placed at 80253A34 (length = 18 bytes)
$String_Psst will be placed at 80253A4C (length = 10 bytes)
$Script_null will be placed at 80253A5C (length = 10 bytes)
$ASCII_"pt81_86_shape"_Literal will be placed at 80253A6C (length = 10 bytes)
$Function_ResetCoinsLosted will be placed at 80253A7C (length = 10 bytes)
$ASCII_"pt51_56_shape"_Literal will be placed at 80253A8C (length = 10 bytes)
$ASCII_"pt1_6_hit"_Literal will be placed at 80253A9C (length = C bytes)
$NpcGroup7 will be placed at 80253AA8 (length = C bytes)
$NpcGroup1 will be placed at 80253AB4 (length = C bytes)
$ASCII_"pt_100"_Literal will be placed at 80253AC0 (length = C bytes)
$ASCII_"dmo_00"_Literal will be placed at 80253ACC (length = C bytes)
$ASCII_"pt1_6_shape"_Literal will be placed at 80253AD8 (length = C bytes)
$ASCII_"pt_85"_Literal will be placed at 80253AE4 (length = 8 bytes)
$ASCII_"pt91_96"_Literal will be placed at 80253AEC (length = 8 bytes)
$ASCII_"pt62_67"_Literal will be placed at 80253AF4 (length = 8 bytes)
$ASCII_"pt33_38"_Literal will be placed at 80253AFC (length = 8 bytes)
$ASCII_"pt1_6"_Literal will be placed at 80253B04 (length = 8 bytes)
$ASCII_"pt_95"_Literal will be placed at 80253B0C (length = 8 bytes)
$ASCII_"pt4_9"_Literal will be placed at 80253B14 (length = 8 bytes)
$ASCII_"pt_65"_Literal will be placed at 80253B1C (length = 8 bytes)
$ASCII_"pt44_49"_Literal will be placed at 80253B24 (length = 8 bytes)
$ASCII_"pt81_86"_Literal will be placed at 80253B2C (length = 8 bytes)
$ASCII_"pt_80"_Literal will be placed at 80253B34 (length = 8 bytes)
$ASCII_"pt52_57"_Literal will be placed at 80253B3C (length = 8 bytes)
$ASCII_"pt23_28"_Literal will be placed at 80253B44 (length = 8 bytes)
$ASCII_"pt_50"_Literal will be placed at 80253B4C (length = 8 bytes)
$ASCII_"pt83_88"_Literal will be placed at 80253B54 (length = 8 bytes)
$ASCII_"pt54_59"_Literal will be placed at 80253B5C (length = 8 bytes)
$ASCII_"pt64_69"_Literal will be placed at 80253B64 (length = 8 bytes)
$ASCII_"pt72_77"_Literal will be placed at 80253B6C (length = 8 bytes)
$ASCII_"pt14_19"_Literal will be placed at 80253B74 (length = 8 bytes)
$ASCII_"pt34_39"_Literal will be placed at 80253B7C (length = 8 bytes)
$ASCII_"pt22_27"_Literal will be placed at 80253B84 (length = 8 bytes)
$ASCII_"pt21_26"_Literal will be placed at 80253B8C (length = 8 bytes)
$ASCII_"pt73_78"_Literal will be placed at 80253B94 (length = 8 bytes)
$ASCII_"pt84_89"_Literal will be placed at 80253B9C (length = 8 bytes)
$ASCII_"pt92_97"_Literal will be placed at 80253BA4 (length = 8 bytes)
$ASCII_"pt_75"_Literal will be placed at 80253BAC (length = 8 bytes)
$ASCII_"pt53_58"_Literal will be placed at 80253BB4 (length = 8 bytes)
$ASCII_"pt41_46"_Literal will be placed at 80253BBC (length = 8 bytes)
$ASCII_"pt61_66"_Literal will be placed at 80253BC4 (length = 8 bytes)
$ASCII_"pt32_37"_Literal will be placed at 80253BCC (length = 8 bytes)
$ASCII_"pt_15"_Literal will be placed at 80253BD4 (length = 8 bytes)
$ASCII_"pt11_16"_Literal will be placed at 80253BDC (length = 8 bytes)
$ASCII_"pt_00"_Literal will be placed at 80253BE4 (length = 8 bytes)
$ASCII_"pt74_79"_Literal will be placed at 80253BEC (length = 8 bytes)
$ASCII_"pt_25"_Literal will be placed at 80253BF4 (length = 8 bytes)
$ConstDouble_80246558 will be placed at 80253C00 (length = 8 bytes)
$ASCII_"pt_35"_Literal will be placed at 80253C08 (length = 8 bytes)
$ASCII_"pt71_76"_Literal will be placed at 80253C10 (length = 8 bytes)
$ASCII_"pt42_47"_Literal will be placed at 80253C18 (length = 8 bytes)
$ASCII_"pt13_18"_Literal will be placed at 80253C20 (length = 8 bytes)
$ASCII_"pt_05"_Literal will be placed at 80253C28 (length = 8 bytes)
$ASCII_"pt93_98"_Literal will be placed at 80253C30 (length = 8 bytes)
$ASCII_"pt43_48"_Literal will be placed at 80253C38 (length = 8 bytes)
$ASCII_"pt51_56"_Literal will be placed at 80253C40 (length = 8 bytes)
$ASCII_"pt_55"_Literal will be placed at 80253C48 (length = 8 bytes)
$ASCII_"pt2_7"_Literal will be placed at 80253C50 (length = 8 bytes)
$ASCII_"pt12_17"_Literal will be placed at 80253C58 (length = 8 bytes)
$ASCII_"pt3_8"_Literal will be placed at 80253C60 (length = 8 bytes)
$ASCII_"pt_10"_Literal will be placed at 80253C68 (length = 8 bytes)
$ASCII_"tik_tex"_Literal will be placed at 80253C70 (length = 8 bytes)
$ASCII_"pt31_36"_Literal will be placed at 80253C78 (length = 8 bytes)
$ConstDouble_80246510 will be placed at 80253C80 (length = 8 bytes)
$ASCII_"pt63_68"_Literal will be placed at 80253C88 (length = 8 bytes)
$ConstDouble_80246508 will be placed at 80253C90 (length = 8 bytes)
$ConstDouble_80246500 will be placed at 80253C98 (length = 8 bytes)
$ASCII_"pt94_99"_Literal will be placed at 80253CA0 (length = 8 bytes)
$ASCII_"pt82_87"_Literal will be placed at 80253CA8 (length = 8 bytes)
$ASCII_"pt_45"_Literal will be placed at 80253CB0 (length = 8 bytes)
$ASCII_"pt24_29"_Literal will be placed at 80253CB8 (length = 8 bytes)
$MoverCancel will be placed at 80253BFC (length = 4 bytes)
$BanditMoverCancel will be placed at 80253CC0 (length = 4 bytes)
$CloseDialogBubble will be placed at 80253CC4 (length = 4 bytes)
Executing patch: pt93_98.mpat
Creating struct: $DeepestLevel
Creating struct: $TotalLevels_Sign
Creating struct: $TotalLevels_CurrentPlaythrough
Creating struct: $LoadHighscores
Creating struct: $FallingDownPipe
Creating struct: $Function_GetPos
Creating struct: $Function2
Creating struct: $SetSpawns
Creating struct: $Script_Set_Formation
Creating struct: $Function_OverwriteBattleID
Creating struct: $Script_SetMover
Creating struct: $Script_MapID_Converter
Creating struct: $Script_LoadOdds
Creating struct: $Script_LoadMoverType
Creating struct: $Script_SpawnMover
Creating struct: $Script_SetNPCPos
Creating struct: $Function_Load_MapID
Creating struct: $SwitchPath
Creating struct: $VectorList_SwitchPath
Creating struct: $GetPos
Creating struct: $DispawnPartner
Creating struct: $RespawnPartner
Creating struct: $LoadMap
Creating struct: $GetFloor
Creating struct: $LoadMapBandit
Creating struct: $GetFloorBandit
Creating struct: $SetSpawnsSpecial
Creating struct: $Script_SetMover_Special
Creating struct: $Script_SpawnMover_Special
Creating struct: $Script_Set_SpecialFormation
Creating struct: $Function_LoadCoinsInToVar1
Creating struct: $Script_SetSpawnPosition
Creating struct: $Script_Init_EnemyNPC
Creating struct: $Script_Init_Lakitu
Creating struct: $Script_TrackOutcome
Creating struct: $Script_LakituOutcome
Creating struct: $Script_FloorEnemy_Idle
Creating struct: $Script_Rogue_GiveTotalCoins
Creating struct: $Script_SetEnemyIdle
Creating struct: $Script_AddCoins
Creating struct: $NPC_Settings_Sack
Creating struct: $Script_Init_Bag
Creating struct: $Script_Init_Bag_HitBox
Creating struct: $Script_NPC_SackHit_Init
Creating struct: $Script_NPC_Sack_FX
Creating struct: $NPC_Sack_AnimationStart
Creating struct: $NPC_Sack_AnimationEnd
Creating struct: $Script_SackAnimation_SackAppears_100
Creating struct: $Script_SackAnimation_Start_GoToTheRight
Creating struct: $Script_SackAnimation_Start_GoToTheLeft
Creating struct: $Script_SackAnimation_End_Right
Creating struct: $Script_SackAnimation_End_Left
Creating struct: $Function_LoadMarioCoins
Creating struct: $Function_LoadCoinsLosted
Creating struct: $Function_SaveCoinsLosted
Creating struct: $Function_ResetCoinsLosted
Creating struct: $Function_LoadGainedCoins
Creating struct: $Function_RevivePlayer
Creating struct: $AISettings_MoneySack
Creating struct: $Script_NpcAI_MoneySack
Creating struct: $JumpTable_80242448
Creating struct: $Function_NpcAI_MoneySack
Creating struct: $Function_80240260
Creating struct: $Function_80240844
Creating struct: $Function_802409A8
Creating struct: $Script_TrackPlayer
Creating struct: $Script_PipeAnimation
Creating struct: $Function_SetAnimation
Creating struct: $Function_GetColliderPos
Creating struct: $Function_TrackInput
Creating struct: $GoToNextLevel
Creating struct: $GetFloorSign
Creating struct: $GetFloorSign_Rogue
Creating struct: $Function_GetTattle1
Creating struct: $Function_GetTattle2
Creating struct: $Script_ReadSign
Creating struct: $NpcSettings_Blank
Creating struct: $NpcGroup_Spring1
Creating struct: $NpcGroup_Spring2
Creating struct: $NpcGroup_Spring3
Creating struct: $NpcGroup_Spring4
Creating struct: $NpcGroup_Spring5
Creating struct: $NpcGroup_Spring6
Creating struct: $NpcGroup_Spring7
Creating struct: $NpcGroup_Spring8
Creating struct: $NpcGroup_Spring9
Creating struct: $NpcGroup_Spring10
Creating struct: $Header
Creating struct: $Script_Main2_Wait
Creating struct: $Script_Main2_Exec
Creating struct: $Script_TrackEvents
Creating struct: $Script_Cutscene_Event
Creating struct: $SkipCutscene_Event
Creating struct: $Script_ZoomIn_Camera_X
Creating struct: $Script_Cutscene_Ruby_Init
Creating struct: $Script_Cutscene_Ruby2
Creating struct: $NpcGroupList_RubyCS
Creating struct: $NpcGroup_RubyCS
Creating struct: $NpcSettings_Generic
Creating struct: $Script_null
Creating struct: $Script_SpawnNPCs
Creating struct: $Function_ResetEnemiesFlag
Creating struct: $EntryList
Creating struct: $Function_Init
Creating struct: $NpcGroup_Mover
Creating struct: $BlankSettings
Creating struct: $Script_Init_Mover
Creating struct: $Interact_Mover
Creating struct: $Script_MoverWarpAnimation
Creating struct: $SkipCutscene_MoverWarpAnimation
Creating struct: $NpcGroup_BanditMover
Creating struct: $Script_Init_BanditMover
Creating struct: $Script_Bandit_StartBattle
Creating struct: $Interact_BanditMover
Creating struct: $Script_Warning_Mario
Creating struct: $Script_NoThanks_Bandit
Creating struct: $Script_ZoomIn_Camera
Creating struct: $Script_ZoomIn_Camera_2
Creating struct: $Script_ZoomIn_Camera_3
Creating struct: $NpcGroup_MoneyBag
Creating struct: $Script_SetPipesPosition
Creating struct: $Script_DisableNumbers
Creating struct: $Script_SetFloorNumbers
Creating struct: $Script_CheckBanditStatus1
Creating struct: $Script_Cutscene_BanditStatus1
Creating struct: $Script_CheckBanditStatus2
Creating struct: $Script_TrackOutcome_Bandit
Creating struct: $Script_Cutscene_BanditDefeated
Creating struct: $SkipCutscene_BanditDefeated
Creating struct: $Script_AddCoins_Bandit
Creating struct: $Function_LoadPath
Creating struct: $Script_ClosePartnerDialog
Creating struct: $PipeSpawning
Creating struct: $EnablePipeCollider
Creating struct: $Script_MakeEntities
Creating struct: $CommingDownPipe
Creating struct: $Function_TimerCurrentFloor
Creating struct: $Script_MakeExits
Creating struct: $Script_Exit0
Creating struct: $Script_Main
Creating struct: $NpcGroups
Creating struct: $NpcGroup1
Creating struct: $NpcGroup7
Creating struct: $NpcGroup_Enemy1
Creating struct: $NpcSettings_Enemy1
Creating struct: $Script_EnemyAI
Creating struct: $AISettings_Enemy
Merged 1 regions to 1
$Script_SetFloorNumbers will be placed at 80240000 (length = 128C bytes)
$NpcGroup_RubyCS will be placed at 8024128C (length = 1170 bytes)
$LoadMap will be placed at 802423FC (length = C04 bytes)
$LoadMapBandit will be placed at 80243000 (length = B80 bytes)
$GoToNextLevel will be placed at 80243B80 (length = B10 bytes)
$Script_Cutscene_BanditDefeated will be placed at 80244690 (length = B08 bytes)
$Script_SetEnemyIdle will be placed at 80245198 (length = 674 bytes)
$Script_MapID_Converter will be placed at 8024580C (length = 60C bytes)
$Script_Warning_Mario will be placed at 80245E18 (length = 608 bytes)
$Function_80240260 will be placed at 80246420 (length = 5E4 bytes)
$Script_SetNPCPos will be placed at 80246A04 (length = 4D0 bytes)
$Script_Cutscene_Ruby_Init will be placed at 80246ED4 (length = 490 bytes)
$FallingDownPipe will be placed at 80247364 (length = 418 bytes)
$Script_TrackEvents will be placed at 8024777C (length = 410 bytes)
$NpcGroup_MoneyBag will be placed at 80247B8C (length = 3E0 bytes)
$Interact_BanditMover will be placed at 80247F6C (length = 3D8 bytes)
$Script_CheckBanditStatus2 will be placed at 80248344 (length = 3D8 bytes)
$SkipCutscene_BanditDefeated will be placed at 8024871C (length = 3D8 bytes)
$Interact_Mover will be placed at 80248AF4 (length = 3CC bytes)
$Script_Set_SpecialFormation will be placed at 80248EC0 (length = 3B4 bytes)
$Script_FloorEnemy_Idle will be placed at 80249274 (length = 388 bytes)
$Script_TrackOutcome_Bandit will be placed at 802495FC (length = 330 bytes)
$Script_LakituOutcome will be placed at 8024992C (length = 30C bytes)
$Script_Rogue_GiveTotalCoins will be placed at 80249C38 (length = 2FC bytes)
$Script_Set_Formation will be placed at 80249F34 (length = 2D4 bytes)
$PipeSpawning will be placed at 8024A208 (length = 2A0 bytes)
$Script_TrackOutcome will be placed at 8024A4A8 (length = 288 bytes)
$Script_Cutscene_Ruby2 will be placed at 8024A730 (length = 258 bytes)
$Function_NpcAI_MoneySack will be placed at 8024A988 (length = 238 bytes)
$Script_SackAnimation_Start_GoToTheRight will be placed at 8024ABC0 (length = 230 bytes)
$Script_SetSpawnPosition will be placed at 8024ADF0 (length = 228 bytes)
$Script_Main2_Exec will be placed at 8024B018 (length = 228 bytes)
$Script_Cutscene_BanditStatus1 will be placed at 8024B240 (length = 21C bytes)
$Script_LoadMoverType will be placed at 8024B45C (length = 214 bytes)
$Script_NoThanks_Bandit will be placed at 8024B670 (length = 210 bytes)
$Script_SackAnimation_Start_GoToTheLeft will be placed at 8024B880 (length = 1F8 bytes)
$NpcGroup_Spring10 will be placed at 8024BA78 (length = 1F0 bytes)
$NpcGroup_Enemy1 will be placed at 8024BC68 (length = 1F0 bytes)
$NpcGroup_Spring1 will be placed at 8024BE58 (length = 1F0 bytes)
$NpcGroup_Spring2 will be placed at 8024C048 (length = 1F0 bytes)
$NpcGroup_Spring3 will be placed at 8024C238 (length = 1F0 bytes)
$NpcGroup_Spring4 will be placed at 8024C428 (length = 1F0 bytes)
$NpcGroup_Spring5 will be placed at 8024C618 (length = 1F0 bytes)
$NpcGroup_Spring6 will be placed at 8024C808 (length = 1F0 bytes)
$NpcGroup_Spring7 will be placed at 8024C9F8 (length = 1F0 bytes)
$NpcGroup_Spring8 will be placed at 8024CBE8 (length = 1F0 bytes)
$NpcGroup_Spring9 will be placed at 8024CDD8 (length = 1F0 bytes)
$NpcGroup_Mover will be placed at 8024CFC8 (length = 1F0 bytes)
$NpcGroup_BanditMover will be placed at 8024D1B8 (length = 1F0 bytes)
$Script_PipeAnimation will be placed at 8024D3A8 (length = 1C4 bytes)
$Script_Cutscene_Event will be placed at 8024D56C (length = 198 bytes)
$Script_NPC_SackHit_Init will be placed at 8024D704 (length = 198 bytes)
$Script_ClosePartnerDialog will be placed at 8024D89C (length = 194 bytes)
$JumpTable_80242448 will be placed at 8024DA30 (length = 190 bytes)
$SkipCutscene_Event will be placed at 8024DBC0 (length = 188 bytes)
$Script_SpawnNPCs will be placed at 8024DD48 (length = 174 bytes)
$NPC_Sack_AnimationStart will be placed at 8024DEBC (length = 168 bytes)
$Function_80240844 will be placed at 8024E024 (length = 164 bytes)
$Script_SackAnimation_End_Right will be placed at 8024E188 (length = 158 bytes)
$Script_SackAnimation_End_Left will be placed at 8024E2E0 (length = 150 bytes)
$Script_TrackPlayer will be placed at 8024E430 (length = 144 bytes)
$Script_CheckBanditStatus1 will be placed at 8024E574 (length = 13C bytes)
$MapTattle5 will be placed at 8024E6B0 (length = 13C bytes)
$MapTattle4 will be placed at 8024E7EC (length = 130 bytes)
$BanditMover_Tattle will be placed at 8024E91C (length = 11C bytes)
$Function_LoadPath will be placed at 8024EA38 (length = 114 bytes)
$Script_SackAnimation_SackAppears_100 will be placed at 8024EB4C (length = 100 bytes)
$String_Partner_Event_1 will be placed at 8024EC4C (length = FC bytes)
$Script_Main2_Wait will be placed at 8024ED48 (length = F4 bytes)
$String_Warning2 will be placed at 8024EE3C (length = F0 bytes)
$Script_SetMover_Special will be placed at 8024EF2C (length = EC bytes)
$SetSpawnsSpecial will be placed at 8024F018 (length = E8 bytes)
$SetSpawns will be placed at 8024F100 (length = E8 bytes)
$String_Warning1 will be placed at 8024F1E8 (length = E8 bytes)
$DeepestLevel will be placed at 8024F2D0 (length = E4 bytes)
$Function_GetColliderPos will be placed at 8024F3B4 (length = E0 bytes)
$Function_GetPos will be placed at 8024F494 (length = E0 bytes)
$TotalLevels_Sign will be placed at 8024F574 (length = DC bytes)
$Script_SpawnMover_Special will be placed at 8024F650 (length = DC bytes)
$GetFloor will be placed at 8024F72C (length = DC bytes)
$Script_DisableNumbers will be placed at 8024F808 (length = D8 bytes)
$MapTattle2 will be placed at 8024F8E0 (length = D4 bytes)
$NPC_Sack_AnimationEnd will be placed at 8024F9B4 (length = D4 bytes)
$Script_SetMover will be placed at 8024FA88 (length = D0 bytes)
$GetFloorBandit will be placed at 8024FB58 (length = D0 bytes)
$Script_AddCoins_Bandit will be placed at 8024FC28 (length = C8 bytes)
$GetPos will be placed at 8024FCF0 (length = C8 bytes)
$SkipCutscene_MoverWarpAnimation will be placed at 8024FDB8 (length = C4 bytes)
$Function_Init will be placed at 8024FE7C (length = C4 bytes)
$MoverStart will be placed at 8024FF40 (length = C0 bytes)
$String_Warning3 will be placed at 80250000 (length = C0 bytes)
$Script_ZoomIn_Camera_3 will be placed at 802500C0 (length = BC bytes)
$Script_ZoomIn_Camera_2 will be placed at 8025017C (length = BC bytes)
$Script_ZoomIn_Camera will be placed at 80250238 (length = BC bytes)
$Function_TrackInput will be placed at 802502F4 (length = BC bytes)
$String_Bandit_Defeated4 will be placed at 802503B0 (length = B8 bytes)
$Script_MoverWarpAnimation will be placed at 80250468 (length = B8 bytes)
$Script_NpcAI_MoneySack will be placed at 80250520 (length = B8 bytes)
$NpcGroups will be placed at 802505D8 (length = B4 bytes)
$Script_SpawnMover will be placed at 8025068C (length = B4 bytes)
$BanditMoverStart will be placed at 80250740 (length = B4 bytes)
$MapTattle3 will be placed at 802507F4 (length = B0 bytes)
$Script_LoadOdds will be placed at 802508A4 (length = B0 bytes)
$Script_SetPipesPosition will be placed at 80250954 (length = B0 bytes)
$LoadHighscores will be placed at 80250A04 (length = B0 bytes)
$MapTattle1 will be placed at 80250AB4 (length = A8 bytes)
$Script_AddCoins will be placed at 80250B5C (length = A8 bytes)
$SwitchPath will be placed at 80250C04 (length = A4 bytes)
$Script_NPC_Sack_FX will be placed at 80250CA8 (length = A4 bytes)
$Tattle_Springkeeper will be placed at 80250D4C (length = A4 bytes)
$Script_ReadSign will be placed at 80250DF0 (length = A0 bytes)
$Script_ZoomIn_Camera_X will be placed at 80250E90 (length = A0 bytes)
$String_Bandit_Defeated9 will be placed at 80250F30 (length = 9C bytes)
$Script_Bandit_StartBattle will be placed at 80250FCC (length = 9C bytes)
$Script_Main will be placed at 80251068 (length = 9C bytes)
$Mover_Tattle will be placed at 80251104 (length = 94 bytes)
$String_Bandit_Defeated3 will be placed at 80251198 (length = 90 bytes)
$String_Bandit_Defeated8 will be placed at 80251228 (length = 8C bytes)
$BanditMover_Options2 will be placed at 802512B4 (length = 84 bytes)
$BanditMover_Options will be placed at 80251338 (length = 84 bytes)
$String_Okay will be placed at 802513BC (length = 80 bytes)
$Function_TimerCurrentFloor will be placed at 8025143C (length = 7C bytes)
$SignStringBug will be placed at 802514B8 (length = 7C bytes)
$String_Rogue_CoinsGained_Success will be placed at 80251534 (length = 78 bytes)
$Mover_Options will be placed at 802515AC (length = 78 bytes)
$Function2 will be placed at 80251624 (length = 6C bytes)
$Function_SetAnimation will be placed at 80251690 (length = 6C bytes)
$String_Bandit_Defeated1 will be placed at 802516FC (length = 68 bytes)
$CommingDownPipe will be placed at 80251764 (length = 68 bytes)
$MoverEnd will be placed at 802517CC (length = 68 bytes)
$BanditMoverEnd will be placed at 80251834 (length = 68 bytes)
$String_Bandit_Defeated_Partner3 will be placed at 8025189C (length = 64 bytes)
$String_Bandit_Defeated_Partner2 will be placed at 80251900 (length = 64 bytes)
$Function_GetTattle1 will be placed at 80251964 (length = 60 bytes)
$Function_OverwriteBattleID will be placed at 802519C4 (length = 60 bytes)
$String_Bandit_Confrontation1 will be placed at 80251A24 (length = 5C bytes)
$BanditMoverNoCoins will be placed at 80251A80 (length = 58 bytes)
$MoverNoCoins will be placed at 80251AD8 (length = 58 bytes)
$String_Bandit_Defeated7 will be placed at 80251B30 (length = 50 bytes)
$String_Bandit_Defeated_Partner4 will be placed at 80251B80 (length = 50 bytes)
$EntryList will be placed at 80251BD0 (length = 50 bytes)
$String_NoThanks will be placed at 80251C20 (length = 50 bytes)
$Script_Init_BanditMover will be placed at 80251C70 (length = 4C bytes)
$GetFloorSign will be placed at 80251CBC (length = 48 bytes)
$Function_Load_MapID will be placed at 80251D04 (length = 48 bytes)
$GetFloorSign_Rogue will be placed at 80251D4C (length = 48 bytes)
$Script_MakeEntities will be placed at 80251D94 (length = 44 bytes)
$Function_802409A8 will be placed at 80251DD8 (length = 44 bytes)
$Function_LoadCoinsInToVar1 will be placed at 80251E1C (length = 44 bytes)
$String_Bandit_Defeated_Partner1 will be placed at 80251E60 (length = 40 bytes)
$Header will be placed at 80251EA0 (length = 40 bytes)
$Function_LoadCoinsLosted will be placed at 80251EE0 (length = 40 bytes)
$Function_LoadMarioCoins will be placed at 80251F20 (length = 40 bytes)
$Function_LoadGainedCoins will be placed at 80251F60 (length = 40 bytes)
$Function_GetTattle2 will be placed at 80251FA0 (length = 3C bytes)
$Script_Exit0 will be placed at 80251FDC (length = 3C bytes)
$Script_Init_Bag will be placed at 80252018 (length = 38 bytes)
$Script_Init_Bag_HitBox will be placed at 80252050 (length = 38 bytes)
$String_Bandit_Confrotation_Bye will be placed at 80252088 (length = 34 bytes)
$DispawnPartner will be placed at 802520BC (length = 34 bytes)
$String_Whatever will be placed at 802520F0 (length = 30 bytes)
$EnablePipeCollider will be placed at 80252120 (length = 30 bytes)
$AISettings_MoneySack will be placed at 80252150 (length = 30 bytes)
$String_Bandit_Defeated2 will be placed at 80252180 (length = 30 bytes)
$AISettings_Enemy will be placed at 802521B0 (length = 30 bytes)
$RespawnPartner will be placed at 802521E0 (length = 30 bytes)
$NPC_Settings_Sack will be placed at 80252210 (length = 2C bytes)
$NpcSettings_Generic will be placed at 8025223C (length = 2C bytes)
$Function_RevivePlayer will be placed at 80252268 (length = 2C bytes)
$NpcSettings_Blank will be placed at 80252294 (length = 2C bytes)
$BlankSettings will be placed at 802522C0 (length = 2C bytes)
$Script_MakeExits will be placed at 802522EC (length = 2C bytes)
$Function_ResetEnemiesFlag will be placed at 80252318 (length = 2C bytes)
$String_List_NoYes will be placed at 80252344 (length = 28 bytes)
$Function_SaveCoinsLosted will be placed at 8025236C (length = 28 bytes)
$String_List_YesNo will be placed at 80252394 (length = 28 bytes)
$Script_Init_EnemyNPC will be placed at 802523BC (length = 24 bytes)
$VectorList_SwitchPath will be placed at 802523E0 (length = 24 bytes)
$NpcSettings_Enemy1 will be placed at 80252404 (length = 24 bytes)
$Script_Init_Lakitu will be placed at 80252428 (length = 24 bytes)
$Script_Init_Mover will be placed at 8025244C (length = 24 bytes)
$String_CoinsGained will be placed at 80252470 (length = 24 bytes)
$String_Bandit_Defeated10 will be placed at 80252494 (length = 24 bytes)
$String_Bandit_Defeated6 will be placed at 802524B8 (length = 20 bytes)
$String_Bandit_Defeated5 will be placed at 802524D8 (length = 20 bytes)
$Script_EnemyAI will be placed at 802524F8 (length = 20 bytes)
$TotalLevels_CurrentPlaythrough will be placed at 80252518 (length = 1C bytes)
$NpcGroupList_RubyCS will be placed at 80252534 (length = 18 bytes)
$SignString will be placed at 8025254C (length = 18 bytes)
$String_Psst will be placed at 80252564 (length = 10 bytes)
$Script_null will be placed at 80252574 (length = 10 bytes)
$ASCII_"pt81_86_shape"_Literal will be placed at 80252584 (length = 10 bytes)
$Function_ResetCoinsLosted will be placed at 80252594 (length = 10 bytes)
$ASCII_"pt51_56_shape"_Literal will be placed at 802525A4 (length = 10 bytes)
$ASCII_"pt1_6_hit"_Literal will be placed at 802525B4 (length = C bytes)
$NpcGroup7 will be placed at 802525C0 (length = C bytes)
$NpcGroup1 will be placed at 802525CC (length = C bytes)
$ASCII_"pt_100"_Literal will be placed at 802525D8 (length = C bytes)
$ASCII_"dmo_00"_Literal will be placed at 802525E4 (length = C bytes)
$ASCII_"pt1_6_shape"_Literal will be placed at 802525F0 (length = C bytes)
$ASCII_"pt_85"_Literal will be placed at 802525FC (length = 8 bytes)
$ASCII_"pt91_96"_Literal will be placed at 80252604 (length = 8 bytes)
$ASCII_"pt62_67"_Literal will be placed at 8025260C (length = 8 bytes)
$ASCII_"pt33_38"_Literal will be placed at 80252614 (length = 8 bytes)
$ASCII_"pt1_6"_Literal will be placed at 8025261C (length = 8 bytes)
$ASCII_"pt_95"_Literal will be placed at 80252624 (length = 8 bytes)
$ASCII_"pt4_9"_Literal will be placed at 8025262C (length = 8 bytes)
$ASCII_"pt_65"_Literal will be placed at 80252634 (length = 8 bytes)
$ASCII_"pt44_49"_Literal will be placed at 8025263C (length = 8 bytes)
$ASCII_"pt81_86"_Literal will be placed at 80252644 (length = 8 bytes)
$ASCII_"pt_80"_Literal will be placed at 8025264C (length = 8 bytes)
$ASCII_"pt52_57"_Literal will be placed at 80252654 (length = 8 bytes)
$ASCII_"pt23_28"_Literal will be placed at 8025265C (length = 8 bytes)
$ASCII_"pt_50"_Literal will be placed at 80252664 (length = 8 bytes)
$ASCII_"pt83_88"_Literal will be placed at 8025266C (length = 8 bytes)
$ASCII_"pt54_59"_Literal will be placed at 80252674 (length = 8 bytes)
$ASCII_"pt64_69"_Literal will be placed at 8025267C (length = 8 bytes)
$ASCII_"pt72_77"_Literal will be placed at 80252684 (length = 8 bytes)
$ASCII_"pt14_19"_Literal will be placed at 8025268C (length = 8 bytes)
$ASCII_"pt34_39"_Literal will be placed at 80252694 (length = 8 bytes)
$ASCII_"pt22_27"_Literal will be placed at 8025269C (length = 8 bytes)
$ASCII_"pt21_26"_Literal will be placed at 802526A4 (length = 8 bytes)
$ASCII_"pt73_78"_Literal will be placed at 802526AC (length = 8 bytes)
$ASCII_"pt84_89"_Literal will be placed at 802526B4 (length = 8 bytes)
$ASCII_"pt92_97"_Literal will be placed at 802526BC (length = 8 bytes)
$ASCII_"pt_75"_Literal will be placed at 802526C4 (length = 8 bytes)
$ASCII_"pt53_58"_Literal will be placed at 802526CC (length = 8 bytes)
$ASCII_"pt41_46"_Literal will be placed at 802526D4 (length = 8 bytes)
$ASCII_"pt61_66"_Literal will be placed at 802526DC (length = 8 bytes)
$ASCII_"pt32_37"_Literal will be placed at 802526E4 (length = 8 bytes)
$ASCII_"pt_15"_Literal will be placed at 802526EC (length = 8 bytes)
$ASCII_"pt11_16"_Literal will be placed at 802526F4 (length = 8 bytes)
$ASCII_"pt_00"_Literal will be placed at 802526FC (length = 8 bytes)
$ASCII_"pt74_79"_Literal will be placed at 80252704 (length = 8 bytes)
$ASCII_"pt_25"_Literal will be placed at 8025270C (length = 8 bytes)
$ASCII_"pt_35"_Literal will be placed at 80252714 (length = 8 bytes)
$ASCII_"pt71_76"_Literal will be placed at 8025271C (length = 8 bytes)
$ASCII_"pt42_47"_Literal will be placed at 80252724 (length = 8 bytes)
$ASCII_"pt13_18"_Literal will be placed at 8025272C (length = 8 bytes)
$ASCII_"pt_05"_Literal will be placed at 80252734 (length = 8 bytes)
$ASCII_"pt93_98"_Literal will be placed at 8025273C (length = 8 bytes)
$ASCII_"pt43_48"_Literal will be placed at 80252744 (length = 8 bytes)
$ASCII_"pt51_56"_Literal will be placed at 8025274C (length = 8 bytes)
$ASCII_"pt_55"_Literal will be placed at 80252754 (length = 8 bytes)
$ASCII_"pt2_7"_Literal will be placed at 8025275C (length = 8 bytes)
$ASCII_"pt12_17"_Literal will be placed at 80252764 (length = 8 bytes)
$ASCII_"pt3_8"_Literal will be placed at 8025276C (length = 8 bytes)
$ASCII_"pt_10"_Literal will be placed at 80252774 (length = 8 bytes)
$ASCII_"tik_tex"_Literal will be placed at 8025277C (length = 8 bytes)
$ASCII_"pt31_36"_Literal will be placed at 80252784 (length = 8 bytes)
$ASCII_"pt63_68"_Literal will be placed at 8025278C (length = 8 bytes)
$ASCII_"pt94_99"_Literal will be placed at 80252794 (length = 8 bytes)
$ASCII_"pt82_87"_Literal will be placed at 8025279C (length = 8 bytes)
$ASCII_"pt_45"_Literal will be placed at 802527A4 (length = 8 bytes)
$ASCII_"pt24_29"_Literal will be placed at 802527AC (length = 8 bytes)
$MoverCancel will be placed at 802527B4 (length = 4 bytes)
$BanditMoverCancel will be placed at 802527B8 (length = 4 bytes)
$CloseDialogBubble will be placed at 802527BC (length = 4 bytes)
Executing patch: pt94_99.mpat
Creating struct: $DeepestLevel
Creating struct: $TotalLevels_Sign
Creating struct: $TotalLevels_CurrentPlaythrough
Creating struct: $LoadHighscores
Creating struct: $FallingDownPipe
Creating struct: $Function_GetPos
Creating struct: $Function2
Creating struct: $SetSpawns
Creating struct: $Script_Set_Formation
Creating struct: $Function_OverwriteBattleID
Creating struct: $Script_SetMover
Creating struct: $Script_MapID_Converter
Creating struct: $Script_LoadOdds
Creating struct: $Script_LoadMoverType
Creating struct: $Script_SpawnMover
Creating struct: $Script_SetNPCPos
Creating struct: $Function_Load_MapID
Creating struct: $SwitchPath
Creating struct: $VectorList_SwitchPath
Creating struct: $GetPos
Creating struct: $DispawnPartner
Creating struct: $RespawnPartner
Creating struct: $LoadMap
Creating struct: $GetFloor
Creating struct: $LoadMapBandit
Creating struct: $GetFloorBandit
Creating struct: $SetSpawnsSpecial
Creating struct: $Script_SetMover_Special
Creating struct: $Script_SpawnMover_Special
Creating struct: $Script_Set_SpecialFormation
Creating struct: $Function_LoadCoinsInToVar1
Creating struct: $Script_SetSpawnPosition
Creating struct: $Script_Init_EnemyNPC
Creating struct: $Script_Init_Lakitu
Creating struct: $Script_TrackOutcome
Creating struct: $Script_LakituOutcome
Creating struct: $Script_FloorEnemy_Idle
Creating struct: $Script_Rogue_GiveTotalCoins
Creating struct: $Script_SetEnemyIdle
Creating struct: $Script_AddCoins
Creating struct: $NPC_Settings_Sack
Creating struct: $Script_Init_Bag
Creating struct: $Script_Init_Bag_HitBox
Creating struct: $Script_NPC_SackHit_Init
Creating struct: $Script_NPC_Sack_FX
Creating struct: $NPC_Sack_AnimationStart
Creating struct: $NPC_Sack_AnimationEnd
Creating struct: $Script_SackAnimation_SackAppears_100
Creating struct: $Script_SackAnimation_Start_GoToTheRight
Creating struct: $Script_SackAnimation_Start_GoToTheLeft
Creating struct: $Script_SackAnimation_End_Right
Creating struct: $Script_SackAnimation_End_Left
Creating struct: $Function_LoadMarioCoins
Creating struct: $Function_LoadCoinsLosted
Creating struct: $Function_SaveCoinsLosted
Creating struct: $Function_ResetCoinsLosted
Creating struct: $Function_LoadGainedCoins
Creating struct: $Function_RevivePlayer
Creating struct: $AISettings_MoneySack
Creating struct: $Script_NpcAI_MoneySack
Creating struct: $JumpTable_80242448
Creating struct: $Function_NpcAI_MoneySack
Creating struct: $Function_80240260
Creating struct: $Function_80240844
Creating struct: $Function_802409A8
Creating struct: $Script_TrackPlayer
Creating struct: $Script_PipeAnimation
Creating struct: $Function_SetAnimation
Creating struct: $Function_GetColliderPos
Creating struct: $Function_TrackInput
Creating struct: $GoToNextLevel
Creating struct: $GetFloorSign
Creating struct: $GetFloorSign_Rogue
Creating struct: $Function_GetTattle1
Creating struct: $Function_GetTattle2
Creating struct: $Script_ReadSign
Creating struct: $NpcSettings_Blank
Creating struct: $NpcGroup_Spring1
Creating struct: $NpcGroup_Spring2
Creating struct: $NpcGroup_Spring3
Creating struct: $NpcGroup_Spring4
Creating struct: $NpcGroup_Spring5
Creating struct: $NpcGroup_Spring6
Creating struct: $NpcGroup_Spring7
Creating struct: $NpcGroup_Spring8
Creating struct: $NpcGroup_Spring9
Creating struct: $NpcGroup_Spring10
Creating struct: $Header
Creating struct: $Script_Main2_Wait
Creating struct: $Script_Main2_Exec
Creating struct: $Script_TrackEvents
Creating struct: $Script_Cutscene_Event
Creating struct: $SkipCutscene_Event
Creating struct: $Script_ZoomIn_Camera_X
Creating struct: $Script_Cutscene_Ruby_Init
Creating struct: $Script_Cutscene_Ruby2
Creating struct: $NpcGroupList_RubyCS
Creating struct: $NpcGroup_RubyCS
Creating struct: $NpcSettings_Generic
Creating struct: $Script_null
Creating struct: $Script_SpawnNPCs
Creating struct: $Function_ResetEnemiesFlag
Creating struct: $EntryList
Creating struct: $Function_Init
Creating struct: $NpcGroup_Mover
Creating struct: $BlankSettings
Creating struct: $Script_Init_Mover
Creating struct: $Interact_Mover
Creating struct: $Script_MoverWarpAnimation
Creating struct: $SkipCutscene_MoverWarpAnimation
Creating struct: $NpcGroup_BanditMover
Creating struct: $Script_Init_BanditMover
Creating struct: $Script_Bandit_StartBattle
Creating struct: $Interact_BanditMover
Creating struct: $Script_Warning_Mario
Creating struct: $Script_NoThanks_Bandit
Creating struct: $Script_ZoomIn_Camera
Creating struct: $Script_ZoomIn_Camera_2
Creating struct: $Script_ZoomIn_Camera_3
Creating struct: $NpcGroup_MoneyBag
Creating struct: $Script_SetPipesPosition
Creating struct: $Script_DisableNumbers
Creating struct: $Script_SetFloorNumbers
Creating struct: $Script_CheckBanditStatus1
Creating struct: $Script_Cutscene_BanditStatus1
Creating struct: $Script_CheckBanditStatus2
Creating struct: $Script_TrackOutcome_Bandit
Creating struct: $Script_Cutscene_BanditDefeated
Creating struct: $SkipCutscene_BanditDefeated
Creating struct: $Script_AddCoins_Bandit
Creating struct: $Function_LoadPath
Creating struct: $Script_ClosePartnerDialog
Creating struct: $PipeSpawning
Creating struct: $EnablePipeCollider
Creating struct: $Script_MakeEntities
Creating struct: $CommingDownPipe
Creating struct: $Function_TimerCurrentFloor
Creating struct: $Script_MakeExits
Creating struct: $Script_Exit0
Creating struct: $Script_Main
Creating struct: $NpcGroups
Creating struct: $NpcGroup1
Creating struct: $NpcGroup7
Creating struct: $NpcGroup_Enemy1
Creating struct: $NpcSettings_Enemy1
Creating struct: $Script_EnemyAI
Creating struct: $AISettings_Enemy
Merged 1 regions to 1
$Script_SetFloorNumbers will be placed at 80240000 (length = 128C bytes)
$NpcGroup_RubyCS will be placed at 8024128C (length = 1170 bytes)
$LoadMap will be placed at 802423FC (length = C04 bytes)
$LoadMapBandit will be placed at 80243000 (length = B80 bytes)
$GoToNextLevel will be placed at 80243B80 (length = B10 bytes)
$Script_Cutscene_BanditDefeated will be placed at 80244690 (length = B08 bytes)
$Script_SetEnemyIdle will be placed at 80245198 (length = 674 bytes)
$Script_MapID_Converter will be placed at 8024580C (length = 60C bytes)
$Script_Warning_Mario will be placed at 80245E18 (length = 608 bytes)
$Function_80240260 will be placed at 80246420 (length = 5E4 bytes)
$Script_SetNPCPos will be placed at 80246A04 (length = 4D0 bytes)
$Script_Cutscene_Ruby_Init will be placed at 80246ED4 (length = 490 bytes)
$FallingDownPipe will be placed at 80247364 (length = 418 bytes)
$Script_TrackEvents will be placed at 8024777C (length = 410 bytes)
$NpcGroup_MoneyBag will be placed at 80247B8C (length = 3E0 bytes)
$Interact_BanditMover will be placed at 80247F6C (length = 3D8 bytes)
$Script_CheckBanditStatus2 will be placed at 80248344 (length = 3D8 bytes)
$SkipCutscene_BanditDefeated will be placed at 8024871C (length = 3D8 bytes)
$Interact_Mover will be placed at 80248AF4 (length = 3CC bytes)
$Script_Set_SpecialFormation will be placed at 80248EC0 (length = 3B4 bytes)
$Script_FloorEnemy_Idle will be placed at 80249274 (length = 388 bytes)
$Script_TrackOutcome_Bandit will be placed at 802495FC (length = 330 bytes)
$Script_LakituOutcome will be placed at 8024992C (length = 30C bytes)
$Script_Rogue_GiveTotalCoins will be placed at 80249C38 (length = 2FC bytes)
$Script_Set_Formation will be placed at 80249F34 (length = 2D4 bytes)
$PipeSpawning will be placed at 8024A208 (length = 2A0 bytes)
$Script_TrackOutcome will be placed at 8024A4A8 (length = 288 bytes)
$Script_Cutscene_Ruby2 will be placed at 8024A730 (length = 258 bytes)
$Function_NpcAI_MoneySack will be placed at 8024A988 (length = 238 bytes)
$Script_SackAnimation_Start_GoToTheRight will be placed at 8024ABC0 (length = 230 bytes)
$Script_SetSpawnPosition will be placed at 8024ADF0 (length = 228 bytes)
$Script_Main2_Exec will be placed at 8024B018 (length = 228 bytes)
$Script_Cutscene_BanditStatus1 will be placed at 8024B240 (length = 21C bytes)
$Script_LoadMoverType will be placed at 8024B45C (length = 214 bytes)
$Script_NoThanks_Bandit will be placed at 8024B670 (length = 210 bytes)
$Script_SackAnimation_Start_GoToTheLeft will be placed at 8024B880 (length = 1F8 bytes)
$NpcGroup_Spring10 will be placed at 8024BA78 (length = 1F0 bytes)
$NpcGroup_Enemy1 will be placed at 8024BC68 (length = 1F0 bytes)
$NpcGroup_Spring1 will be placed at 8024BE58 (length = 1F0 bytes)
$NpcGroup_Spring2 will be placed at 8024C048 (length = 1F0 bytes)
$NpcGroup_Spring3 will be placed at 8024C238 (length = 1F0 bytes)
$NpcGroup_Spring4 will be placed at 8024C428 (length = 1F0 bytes)
$NpcGroup_Spring5 will be placed at 8024C618 (length = 1F0 bytes)
$NpcGroup_Spring6 will be placed at 8024C808 (length = 1F0 bytes)
$NpcGroup_Spring7 will be placed at 8024C9F8 (length = 1F0 bytes)
$NpcGroup_Spring8 will be placed at 8024CBE8 (length = 1F0 bytes)
$NpcGroup_Spring9 will be placed at 8024CDD8 (length = 1F0 bytes)
$NpcGroup_Mover will be placed at 8024CFC8 (length = 1F0 bytes)
$NpcGroup_BanditMover will be placed at 8024D1B8 (length = 1F0 bytes)
$Script_PipeAnimation will be placed at 8024D3A8 (length = 1C4 bytes)
$Script_Cutscene_Event will be placed at 8024D56C (length = 198 bytes)
$Script_NPC_SackHit_Init will be placed at 8024D704 (length = 198 bytes)
$Script_ClosePartnerDialog will be placed at 8024D89C (length = 194 bytes)
$JumpTable_80242448 will be placed at 8024DA30 (length = 190 bytes)
$SkipCutscene_Event will be placed at 8024DBC0 (length = 188 bytes)
$Script_SpawnNPCs will be placed at 8024DD48 (length = 174 bytes)
$NPC_Sack_AnimationStart will be placed at 8024DEBC (length = 168 bytes)
$Function_80240844 will be placed at 8024E024 (length = 164 bytes)
$Script_SackAnimation_End_Right will be placed at 8024E188 (length = 158 bytes)
$Script_SackAnimation_End_Left will be placed at 8024E2E0 (length = 150 bytes)
$Script_TrackPlayer will be placed at 8024E430 (length = 144 bytes)
$Script_CheckBanditStatus1 will be placed at 8024E574 (length = 13C bytes)
$MapTattle5 will be placed at 8024E6B0 (length = 13C bytes)
$MapTattle4 will be placed at 8024E7EC (length = 130 bytes)
$BanditMover_Tattle will be placed at 8024E91C (length = 11C bytes)
$Function_LoadPath will be placed at 8024EA38 (length = 114 bytes)
$Script_SackAnimation_SackAppears_100 will be placed at 8024EB4C (length = 100 bytes)
$String_Partner_Event_1 will be placed at 8024EC4C (length = FC bytes)
$Script_Main2_Wait will be placed at 8024ED48 (length = F4 bytes)
$String_Warning2 will be placed at 8024EE3C (length = F0 bytes)
$Script_SetMover_Special will be placed at 8024EF2C (length = EC bytes)
$SetSpawnsSpecial will be placed at 8024F018 (length = E8 bytes)
$SetSpawns will be placed at 8024F100 (length = E8 bytes)
$String_Warning1 will be placed at 8024F1E8 (length = E8 bytes)
$DeepestLevel will be placed at 8024F2D0 (length = E4 bytes)
$Function_GetColliderPos will be placed at 8024F3B4 (length = E0 bytes)
$Function_GetPos will be placed at 8024F494 (length = E0 bytes)
$TotalLevels_Sign will be placed at 8024F574 (length = DC bytes)
$Script_SpawnMover_Special will be placed at 8024F650 (length = DC bytes)
$GetFloor will be placed at 8024F72C (length = DC bytes)
$Script_DisableNumbers will be placed at 8024F808 (length = D8 bytes)
$MapTattle2 will be placed at 8024F8E0 (length = D4 bytes)
$NPC_Sack_AnimationEnd will be placed at 8024F9B4 (length = D4 bytes)
$Script_SetMover will be placed at 8024FA88 (length = D0 bytes)
$GetFloorBandit will be placed at 8024FB58 (length = D0 bytes)
$Script_AddCoins_Bandit will be placed at 8024FC28 (length = C8 bytes)
$GetPos will be placed at 8024FCF0 (length = C8 bytes)
$SkipCutscene_MoverWarpAnimation will be placed at 8024FDB8 (length = C4 bytes)
$Function_Init will be placed at 8024FE7C (length = C4 bytes)
$MoverStart will be placed at 8024FF40 (length = C0 bytes)
$String_Warning3 will be placed at 80250000 (length = C0 bytes)
$Script_ZoomIn_Camera_3 will be placed at 802500C0 (length = BC bytes)
$Script_ZoomIn_Camera_2 will be placed at 8025017C (length = BC bytes)
$Script_ZoomIn_Camera will be placed at 80250238 (length = BC bytes)
$Function_TrackInput will be placed at 802502F4 (length = BC bytes)
$String_Bandit_Defeated4 will be placed at 802503B0 (length = B8 bytes)
$Script_MoverWarpAnimation will be placed at 80250468 (length = B8 bytes)
$Script_NpcAI_MoneySack will be placed at 80250520 (length = B8 bytes)
$NpcGroups will be placed at 802505D8 (length = B4 bytes)
$Script_SpawnMover will be placed at 8025068C (length = B4 bytes)
$BanditMoverStart will be placed at 80250740 (length = B4 bytes)
$MapTattle3 will be placed at 802507F4 (length = B0 bytes)
$Script_LoadOdds will be placed at 802508A4 (length = B0 bytes)
$Script_SetPipesPosition will be placed at 80250954 (length = B0 bytes)
$LoadHighscores will be placed at 80250A04 (length = B0 bytes)
$MapTattle1 will be placed at 80250AB4 (length = A8 bytes)
$Script_AddCoins will be placed at 80250B5C (length = A8 bytes)
$SwitchPath will be placed at 80250C04 (length = A4 bytes)
$Script_NPC_Sack_FX will be placed at 80250CA8 (length = A4 bytes)
$Tattle_Springkeeper will be placed at 80250D4C (length = A4 bytes)
$Script_ReadSign will be placed at 80250DF0 (length = A0 bytes)
$Script_ZoomIn_Camera_X will be placed at 80250E90 (length = A0 bytes)
$String_Bandit_Defeated9 will be placed at 80250F30 (length = 9C bytes)
$Script_Bandit_StartBattle will be placed at 80250FCC (length = 9C bytes)
$Script_Main will be placed at 80251068 (length = 9C bytes)
$Mover_Tattle will be placed at 80251104 (length = 94 bytes)
$String_Bandit_Defeated3 will be placed at 80251198 (length = 90 bytes)
$String_Bandit_Defeated8 will be placed at 80251228 (length = 8C bytes)
$BanditMover_Options2 will be placed at 802512B4 (length = 84 bytes)
$BanditMover_Options will be placed at 80251338 (length = 84 bytes)
$String_Okay will be placed at 802513BC (length = 80 bytes)
$Function_TimerCurrentFloor will be placed at 8025143C (length = 7C bytes)
$SignStringBug will be placed at 802514B8 (length = 7C bytes)
$String_Rogue_CoinsGained_Success will be placed at 80251534 (length = 78 bytes)
$Mover_Options will be placed at 802515AC (length = 78 bytes)
$Function2 will be placed at 80251624 (length = 6C bytes)
$Function_SetAnimation will be placed at 80251690 (length = 6C bytes)
$String_Bandit_Defeated1 will be placed at 802516FC (length = 68 bytes)
$CommingDownPipe will be placed at 80251764 (length = 68 bytes)
$MoverEnd will be placed at 802517CC (length = 68 bytes)
$BanditMoverEnd will be placed at 80251834 (length = 68 bytes)
$String_Bandit_Defeated_Partner3 will be placed at 8025189C (length = 64 bytes)
$String_Bandit_Defeated_Partner2 will be placed at 80251900 (length = 64 bytes)
$Function_GetTattle1 will be placed at 80251964 (length = 60 bytes)
$Function_OverwriteBattleID will be placed at 802519C4 (length = 60 bytes)
$String_Bandit_Confrontation1 will be placed at 80251A24 (length = 5C bytes)
$BanditMoverNoCoins will be placed at 80251A80 (length = 58 bytes)
$MoverNoCoins will be placed at 80251AD8 (length = 58 bytes)
$String_Bandit_Defeated7 will be placed at 80251B30 (length = 50 bytes)
$String_Bandit_Defeated_Partner4 will be placed at 80251B80 (length = 50 bytes)
$EntryList will be placed at 80251BD0 (length = 50 bytes)
$String_NoThanks will be placed at 80251C20 (length = 50 bytes)
$Script_Init_BanditMover will be placed at 80251C70 (length = 4C bytes)
$GetFloorSign will be placed at 80251CBC (length = 48 bytes)
$Function_Load_MapID will be placed at 80251D04 (length = 48 bytes)
$GetFloorSign_Rogue will be placed at 80251D4C (length = 48 bytes)
$Script_MakeEntities will be placed at 80251D94 (length = 44 bytes)
$Function_802409A8 will be placed at 80251DD8 (length = 44 bytes)
$Function_LoadCoinsInToVar1 will be placed at 80251E1C (length = 44 bytes)
$String_Bandit_Defeated_Partner1 will be placed at 80251E60 (length = 40 bytes)
$Header will be placed at 80251EA0 (length = 40 bytes)
$Function_LoadCoinsLosted will be placed at 80251EE0 (length = 40 bytes)
$Function_LoadMarioCoins will be placed at 80251F20 (length = 40 bytes)
$Function_LoadGainedCoins will be placed at 80251F60 (length = 40 bytes)
$Function_GetTattle2 will be placed at 80251FA0 (length = 3C bytes)
$Script_Exit0 will be placed at 80251FDC (length = 3C bytes)
$Script_Init_Bag will be placed at 80252018 (length = 38 bytes)
$Script_Init_Bag_HitBox will be placed at 80252050 (length = 38 bytes)
$String_Bandit_Confrotation_Bye will be placed at 80252088 (length = 34 bytes)
$DispawnPartner will be placed at 802520BC (length = 34 bytes)
$String_Whatever will be placed at 802520F0 (length = 30 bytes)
$EnablePipeCollider will be placed at 80252120 (length = 30 bytes)
$AISettings_MoneySack will be placed at 80252150 (length = 30 bytes)
$String_Bandit_Defeated2 will be placed at 80252180 (length = 30 bytes)
$AISettings_Enemy will be placed at 802521B0 (length = 30 bytes)
$RespawnPartner will be placed at 802521E0 (length = 30 bytes)
$NPC_Settings_Sack will be placed at 80252210 (length = 2C bytes)
$NpcSettings_Generic will be placed at 8025223C (length = 2C bytes)
$Function_RevivePlayer will be placed at 80252268 (length = 2C bytes)
$NpcSettings_Blank will be placed at 80252294 (length = 2C bytes)
$BlankSettings will be placed at 802522C0 (length = 2C bytes)
$Script_MakeExits will be placed at 802522EC (length = 2C bytes)
$Function_ResetEnemiesFlag will be placed at 80252318 (length = 2C bytes)
$String_List_NoYes will be placed at 80252344 (length = 28 bytes)
$Function_SaveCoinsLosted will be placed at 8025236C (length = 28 bytes)
$String_List_YesNo will be placed at 80252394 (length = 28 bytes)
$Script_Init_EnemyNPC will be placed at 802523BC (length = 24 bytes)
$VectorList_SwitchPath will be placed at 802523E0 (length = 24 bytes)
$NpcSettings_Enemy1 will be placed at 80252404 (length = 24 bytes)
$Script_Init_Lakitu will be placed at 80252428 (length = 24 bytes)
$Script_Init_Mover will be placed at 8025244C (length = 24 bytes)
$String_CoinsGained will be placed at 80252470 (length = 24 bytes)
$String_Bandit_Defeated10 will be placed at 80252494 (length = 24 bytes)
$String_Bandit_Defeated6 will be placed at 802524B8 (length = 20 bytes)
$String_Bandit_Defeated5 will be placed at 802524D8 (length = 20 bytes)
$Script_EnemyAI will be placed at 802524F8 (length = 20 bytes)
$TotalLevels_CurrentPlaythrough will be placed at 80252518 (length = 1C bytes)
$NpcGroupList_RubyCS will be placed at 80252534 (length = 18 bytes)
$SignString will be placed at 8025254C (length = 18 bytes)
$String_Psst will be placed at 80252564 (length = 10 bytes)
$Script_null will be placed at 80252574 (length = 10 bytes)
$ASCII_"pt81_86_shape"_Literal will be placed at 80252584 (length = 10 bytes)
$Function_ResetCoinsLosted will be placed at 80252594 (length = 10 bytes)
$ASCII_"pt51_56_shape"_Literal will be placed at 802525A4 (length = 10 bytes)
$ASCII_"pt1_6_hit"_Literal will be placed at 802525B4 (length = C bytes)
$NpcGroup7 will be placed at 802525C0 (length = C bytes)
$NpcGroup1 will be placed at 802525CC (length = C bytes)
$ASCII_"pt_100"_Literal will be placed at 802525D8 (length = C bytes)
$ASCII_"dmo_00"_Literal will be placed at 802525E4 (length = C bytes)
$ASCII_"pt1_6_shape"_Literal will be placed at 802525F0 (length = C bytes)
$ASCII_"pt_85"_Literal will be placed at 802525FC (length = 8 bytes)
$ASCII_"pt91_96"_Literal will be placed at 80252604 (length = 8 bytes)
$ASCII_"pt62_67"_Literal will be placed at 8025260C (length = 8 bytes)
$ASCII_"pt33_38"_Literal will be placed at 80252614 (length = 8 bytes)
$ASCII_"pt1_6"_Literal will be placed at 8025261C (length = 8 bytes)
$ASCII_"pt_95"_Literal will be placed at 80252624 (length = 8 bytes)
$ASCII_"pt4_9"_Literal will be placed at 8025262C (length = 8 bytes)
$ASCII_"pt_65"_Literal will be placed at 80252634 (length = 8 bytes)
$ASCII_"pt44_49"_Literal will be placed at 8025263C (length = 8 bytes)
$ASCII_"pt81_86"_Literal will be placed at 80252644 (length = 8 bytes)
$ASCII_"pt_80"_Literal will be placed at 8025264C (length = 8 bytes)
$ASCII_"pt52_57"_Literal will be placed at 80252654 (length = 8 bytes)
$ASCII_"pt23_28"_Literal will be placed at 8025265C (length = 8 bytes)
$ASCII_"pt_50"_Literal will be placed at 80252664 (length = 8 bytes)
$ASCII_"pt83_88"_Literal will be placed at 8025266C (length = 8 bytes)
$ASCII_"pt54_59"_Literal will be placed at 80252674 (length = 8 bytes)
$ASCII_"pt64_69"_Literal will be placed at 8025267C (length = 8 bytes)
$ASCII_"pt72_77"_Literal will be placed at 80252684 (length = 8 bytes)
$ASCII_"pt14_19"_Literal will be placed at 8025268C (length = 8 bytes)
$ASCII_"pt34_39"_Literal will be placed at 80252694 (length = 8 bytes)
$ASCII_"pt22_27"_Literal will be placed at 8025269C (length = 8 bytes)
$ASCII_"pt21_26"_Literal will be placed at 802526A4 (length = 8 bytes)
$ASCII_"pt73_78"_Literal will be placed at 802526AC (length = 8 bytes)
$ASCII_"pt84_89"_Literal will be placed at 802526B4 (length = 8 bytes)
$ASCII_"pt92_97"_Literal will be placed at 802526BC (length = 8 bytes)
$ASCII_"pt_75"_Literal will be placed at 802526C4 (length = 8 bytes)
$ASCII_"pt53_58"_Literal will be placed at 802526CC (length = 8 bytes)
$ASCII_"pt41_46"_Literal will be placed at 802526D4 (length = 8 bytes)
$ASCII_"pt61_66"_Literal will be placed at 802526DC (length = 8 bytes)
$ASCII_"pt32_37"_Literal will be placed at 802526E4 (length = 8 bytes)
$ASCII_"pt_15"_Literal will be placed at 802526EC (length = 8 bytes)
$ASCII_"pt11_16"_Literal will be placed at 802526F4 (length = 8 bytes)
$ASCII_"pt_00"_Literal will be placed at 802526FC (length = 8 bytes)
$ASCII_"pt74_79"_Literal will be placed at 80252704 (length = 8 bytes)
$ASCII_"pt_25"_Literal will be placed at 8025270C (length = 8 bytes)
$ASCII_"pt_35"_Literal will be placed at 80252714 (length = 8 bytes)
$ASCII_"pt71_76"_Literal will be placed at 8025271C (length = 8 bytes)
$ASCII_"pt42_47"_Literal will be placed at 80252724 (length = 8 bytes)
$ASCII_"pt13_18"_Literal will be placed at 8025272C (length = 8 bytes)
$ASCII_"pt_05"_Literal will be placed at 80252734 (length = 8 bytes)
$ASCII_"pt93_98"_Literal will be placed at 8025273C (length = 8 bytes)
$ASCII_"pt43_48"_Literal will be placed at 80252744 (length = 8 bytes)
$ASCII_"pt51_56"_Literal will be placed at 8025274C (length = 8 bytes)
$ASCII_"pt_55"_Literal will be placed at 80252754 (length = 8 bytes)
$ASCII_"pt2_7"_Literal will be placed at 8025275C (length = 8 bytes)
$ASCII_"pt12_17"_Literal will be placed at 80252764 (length = 8 bytes)
$ASCII_"pt3_8"_Literal will be placed at 8025276C (length = 8 bytes)
$ASCII_"pt_10"_Literal will be placed at 80252774 (length = 8 bytes)
$ASCII_"tik_tex"_Literal will be placed at 8025277C (length = 8 bytes)
$ASCII_"pt31_36"_Literal will be placed at 80252784 (length = 8 bytes)
$ASCII_"pt63_68"_Literal will be placed at 8025278C (length = 8 bytes)
$ASCII_"pt94_99"_Literal will be placed at 80252794 (length = 8 bytes)
$ASCII_"pt82_87"_Literal will be placed at 8025279C (length = 8 bytes)
$ASCII_"pt_45"_Literal will be placed at 802527A4 (length = 8 bytes)
$ASCII_"pt24_29"_Literal will be placed at 802527AC (length = 8 bytes)
$MoverCancel will be placed at 802527B4 (length = 4 bytes)
$BanditMoverCancel will be placed at 802527B8 (length = 4 bytes)
$CloseDialogBubble will be placed at 802527BC (length = 4 bytes)
Executing patch: pt_00.mpat
Creating struct: $DeepestLevel
Creating struct: $TotalLevels_Sign
Creating struct: $TotalLevels_CurrentPlaythrough
Creating struct: $LoadHighscores
Creating struct: $FallingDownPipe
Creating struct: $Function_GetPos
Creating struct: $Function2
Creating struct: $Script_TrackPlayer
Creating struct: $Script_PipeAnimation
Creating struct: $Function_SetAnimation
Creating struct: $Function_GetColliderPos
Creating struct: $Function_TrackInput
Creating struct: $GoToNextLevel
Creating struct: $GetFloorSign
Creating struct: $GetFloorSign_Rogue
Creating struct: $Function_GetTattle1
Creating struct: $Function_GetTattle2
Creating struct: $Script_ReadSign
Creating struct: $Header
Creating struct: $EntryList
Creating struct: $Function_Init
Creating struct: $Script_Main
Creating struct: $Script_AskWarpToFloor100
Creating struct: $Script_EnableTexPanning
Creating struct: $Script_PanTex1
Creating struct: $Script_PanTex2
Creating struct: $Script_PanTexEX
Creating struct: $Script_FurnitureAnim_Ship
Creating struct: $VectorList_cs1
Creating struct: $VectorList_cs2
Creating struct: $VectorList_cs3
Creating struct: $VectorList_cs4
Creating struct: $VectorList_cs5
Creating struct: $VectorList_cs6
Creating struct: $VectorList_cs7
Creating struct: $Script_FurnitureAnim_CrystalStars
Creating struct: $Script_FurnitureAnim_CrystalStar1
Creating struct: $Script_FurnitureAnim_CrystalStar2
Creating struct: $Script_FurnitureAnim_CrystalStar3
Creating struct: $Script_FurnitureAnim_CrystalStar4
Creating struct: $Script_FurnitureAnim_CrystalStar5
Creating struct: $Script_FurnitureAnim_CrystalStar6
Creating struct: $Script_FurnitureAnim_CrystalStar7
Creating struct: $Script_FurnitureAnim_N64
Creating struct: $Script_SetAllFurniture
Creating struct: $Script_FasterCam
Creating struct: $Script_ShowFurniture_CantBeBuyed
Creating struct: $Script_ShowFurniture_CanBeBuyed
Creating struct: $Script_SetCurrentPipe
Creating struct: $Script_SetSkull
Creating struct: $Function_ResetGainedCoins
Creating struct: $Script_SetEvents
Creating struct: $Script_StarShrine_LightAnim
Creating struct: $Script_CheckStarShrine
Creating struct: $Script_MakeEntities
Creating struct: $BedTrigger
Creating struct: $WakeUp
Creating struct: $SetTrack
Creating struct: $Script_BedAnimation
Creating struct: $BedTrack
Creating struct: $LoadLastPartner
Creating struct: $P1Trigger
Creating struct: $Classic_AllChestsOpened
Creating struct: $Function_MiscHooksHP
Creating struct: $NpcGroups
Creating struct: $NpcGroup_OnlyCheato
Creating struct: $NpcGroup_Ruby
Creating struct: $NpcGroup_StarRod
Creating struct: $Script_Init_SR
Creating struct: $Script_Init_Sticker
Creating struct: $Script_StickerFX
Creating struct: $NpcGroup_Cheato
Creating struct: $Cheato_Settings
Creating struct: $BlankSettings
Creating struct: $Script_SetPipeFX
Creating struct: $Script_Init_Cheato
Creating struct: $Script_Interact
Creating struct: $Script_Cheato_Meeting1
Creating struct: $SkipCutscene_Cheato_Meeting1
Creating struct: $Function_LoadLostedCoins
Creating struct: $Script_ZoomIn_Camera
Creating struct: $Script_LearnMore
Creating struct: $NpcGroup_Merlee
Creating struct: $Script_Init_Merlee
Creating struct: $ScriptMerlee_Interact
Creating struct: $Script_CastAnimation
Creating struct: $ByteTable_802475DC
Creating struct: $ByteTable_MerleePrices
Creating struct: $Function_SetSpell
Creating struct: $NpcGroup_Fishmael
Creating struct: $Fishmael_Settings
Creating struct: $Script_Init_Fishmael
Creating struct: $Script_Initialize_Numbers
Creating struct: $Script_Interact_Fishmael
Creating struct: $Script_MeetingFish_1
Creating struct: $SkipCutscene_MeetingFish_1
Creating struct: $Script_MeetingFish_2
Creating struct: $SkipCutscene_MeetingFish_2
Creating struct: $Function_BankCoins_Close
Creating struct: $Function_BankCoins_UseLastFrame
Creating struct: $Script_Fishmael_Deposit
Creating struct: $Script_LoadNumbers
Creating struct: $SetArrowPosition
Creating struct: $Function_TrackInputs
Creating struct: $Function_LoadMarioCoins
Creating struct: $Script_SetNumber1
Creating struct: $Script_SetNumber2
Creating struct: $Script_SetNumber3
Creating struct: $Script_SetNumber4
Creating struct: $Script_CleanNumbers1
Creating struct: $Script_CleanNumbers2
Creating struct: $Script_CleanNumbers3
Creating struct: $Script_CleanNumbers4
Creating struct: $Script_FormatNumbers
Creating struct: $Script_DepositCoins_All
Creating struct: $Script_DepositCoins
Creating struct: $Script_FishmaelRewards
Creating struct: $Function_SaveCoinsInToAccount
Creating struct: $Script_Fishmael_Withdraw
Creating struct: $Script_WithdrawCoins
Creating struct: $Script_WithdrawCoins_All
Creating struct: $Script_CleanAllNumbers
Creating struct: $Function_LoadBankCoins
Creating struct: $Function_SubCoinsFromAccount
Creating struct: $NpcGroup_Oaklie
Creating struct: $Script_Init_Chuck
Creating struct: $Script_Interact_Chuck
Creating struct: $Script_MeetingChuck
Creating struct: $SkipCutscene_MeetingChuck
Creating struct: $Function_ShowList_Furniture
Creating struct: $Function_OakChuck_802405BC
Creating struct: $Function_ShowList_Skins1
Creating struct: $IconScript_MarioHead
Creating struct: $Function_OakChuck_802405BC_Skins
Creating struct: $Script_Chuck_Skins
Creating struct: $Script_Chuck_Furniture
Creating struct: $NpcGroup_Chuck
Creating struct: $Script_MakeExits
Creating struct: $Script_Exit1
Creating struct: $Script_TrackPlayer_Rogue
Creating struct: $Function_SaveCurrentPartners
Creating struct: $Function_SavePartnersRanks
Creating struct: $SaveCurrentPartner
Creating struct: $Function_SaveMariosStats
Creating struct: $Function_SaveItems
Creating struct: $Function_DisablePartnersAndRanks
Creating struct: $Function_SetMariosStats
Creating struct: $Function_ResetItems
Creating struct: $RestorePartnersRanks
Creating struct: $RestoreMariosStats
Creating struct: $RestoreItems
Creating struct: $ResetKeyStarPiecesBox
Creating struct: $Script_TrackPlayer_Main
Creating struct: $TrackEntry
Creating struct: $Script_RestoreData_Roguelike
Creating struct: $Script_Cutscene_Intro1
Creating struct: $SkipCutscene_Cutscene_Intro1
Creating struct: $Script_Cutscene_Intro2
Creating struct: $SkipCutscene_Cutscene_Intro2
Creating struct: $Script_PipeAnimation0
Creating struct: $Script_SaveAndQuit
Creating struct: $Function_Save
Creating struct: $ASCII_pt_255
Creating struct: $Script_GoToMainMenu
Creating struct: $SkipCutscene_Script_1stDead
Creating struct: $Script_SaveAmountOfThingsAboutToBeTeached
Creating struct: $Script_Mario_WakeUpfromDeath
Creating struct: $Script_Check_TeachStuff
Creating struct: $SkipCutscene_Teaching
Creating struct: $Script_FadeToBlack
Creating struct: $Script_FadeFromBlack
Creating struct: $Script_Cheato_Teach_QuickSwapping
Creating struct: $Script_Cheato_Teach_Belts
Creating struct: $Script_Cutscene_Intro0
Creating struct: $Script_Cutscene_Intro
Creating struct: $SkipCutscene_Cutscene_Intro
Creating struct: $SkipCutscene_Cutscene_MeetingOaklieFish
Creating struct: $ActivateHammer
Creating struct: $Script_Cutscene_MeetingOaklieFish
Creating struct: $Script_Cutscene_1stDead
Creating struct: $Script_Cutscene_WalkOffBed
Creating struct: $Function_SaveActivatedBadges
Creating struct: $RestoreBadges
Creating struct: $RestoreBadgesFlags
Creating struct: $Function_ResetHighscores
Creating struct: $ComingDownPipe
Creating struct: $Script_Exit0
Creating struct: $Script_Exit2
Creating struct: $Function_BedAnimation
Creating struct: $RespawnPartner
Creating struct: $RespawnPartner_PartnerBeforeEnteringRoguelike
Creating struct: $DespawnPartner
Creating struct: $Function_GetTattle
Merged 1 regions to 1
$Script_Chuck_Furniture will be placed at 80240000 (length = 1D78 bytes)
$Script_Chuck_Skins will be placed at 80241D78 (length = 18B0 bytes)
$TrackEntry will be placed at 80243628 (length = F7C bytes)
$Script_Interact will be placed at 802445A4 (length = F40 bytes)
$GoToNextLevel will be placed at 802454E4 (length = B10 bytes)
$Script_LoadNumbers will be placed at 80245FF4 (length = 930 bytes)
$Script_Interact_Fishmael will be placed at 80246924 (length = 788 bytes)
$Script_Check_TeachStuff will be placed at 802470AC (length = 61C bytes)
$Script_ShowFurniture_CanBeBuyed will be placed at 802476C8 (length = 5E8 bytes)
$NpcGroup_StarRod will be placed at 80247CB0 (length = 5D0 bytes)
$Script_ShowFurniture_CantBeBuyed will be placed at 80248280 (length = 530 bytes)
$Script_SetAllFurniture will be placed at 802487B0 (length = 4E0 bytes)
$Script_Cutscene_Intro2 will be placed at 80248C90 (length = 4D8 bytes)
$Script_Main will be placed at 80249168 (length = 4CC bytes)
$Function_ShowList_Skins1 will be placed at 80249634 (length = 4A0 bytes)
$Script_Cutscene_Intro will be placed at 80249AD4 (length = 4A0 bytes)
$RestoreBadgesFlags will be placed at 80249F74 (length = 480 bytes)
$Function_ShowList_Furniture will be placed at 8024A3F4 (length = 450 bytes)
$Script_TrackPlayer_Rogue will be placed at 8024A844 (length = 444 bytes)
$FallingDownPipe will be placed at 8024AC88 (length = 418 bytes)
$Classic_AllChestsOpened will be placed at 8024B0A0 (length = 400 bytes)
$Script_LearnMore will be placed at 8024B4A0 (length = 3DC bytes)
$String_Cheato_Belts_1 will be placed at 8024B87C (length = 3CC bytes)
$Script_RestoreData_Roguelike will be placed at 8024BC48 (length = 3A8 bytes)
$Script_CastAnimation will be placed at 8024BFF0 (length = 344 bytes)
$ScriptMerlee_Interact will be placed at 8024C334 (length = 32C bytes)
$MapTattle will be placed at 8024C660 (length = 328 bytes)
$Script_FishmaelRewards will be placed at 8024C988 (length = 310 bytes)
$BedTrigger will be placed at 8024CC98 (length = 2F0 bytes)
$Script_Cutscene_Intro1 will be placed at 8024CF88 (length = 2D8 bytes)
$Script_TrackPlayer_Main will be placed at 8024D260 (length = 2D0 bytes)
$SkipCutscene_Script_1stDead will be placed at 8024D530 (length = 288 bytes)
$SkipCutscene_Cutscene_Intro will be placed at 8024D7B8 (length = 288 bytes)
$Script_Interact_Chuck will be placed at 8024DA40 (length = 26C bytes)
$Script_Initialize_Numbers will be placed at 8024DCAC (length = 268 bytes)
$Script_Fishmael_Withdraw will be placed at 8024DF14 (length = 22C bytes)
$Script_Fishmael_Deposit will be placed at 8024E140 (length = 22C bytes)
$String_Cheato_Meeting_7 will be placed at 8024E36C (length = 22C bytes)
$String_Cheato_Quickswap_1 will be placed at 8024E598 (length = 228 bytes)
$Tattle_Fishmael will be placed at 8024E7C0 (length = 224 bytes)
$SkipCutscene_Cutscene_Intro2 will be placed at 8024E9E4 (length = 224 bytes)
$SkipCutscene_Cutscene_Intro1 will be placed at 8024EC08 (length = 218 bytes)
$RestoreItems will be placed at 8024EE20 (length = 210 bytes)
$Function_SaveItems will be placed at 8024F030 (length = 20C bytes)
$SkipCutscene_Cutscene_MeetingOaklieFish will be placed at 8024F23C (length = 204 bytes)
$RestoreBadges will be placed at 8024F440 (length = 1F8 bytes)
$String_RogueAbout2 will be placed at 8024F638 (length = 1F8 bytes)
$Function_SaveActivatedBadges will be placed at 8024F830 (length = 1F8 bytes)
$NpcGroup_Cheato will be placed at 8024FA28 (length = 1F0 bytes)
$NpcGroup_Oaklie will be placed at 8024FC18 (length = 1F0 bytes)
$NpcGroup_Chuck will be placed at 8024FE08 (length = 1F0 bytes)
$NpcGroup_Ruby will be placed at 8024FFF8 (length = 1F0 bytes)
$NpcGroup_Merlee will be placed at 802501E8 (length = 1F0 bytes)
$NpcGroup_Fishmael will be placed at 802503D8 (length = 1F0 bytes)
$Script_CheckStarShrine will be placed at 802505C8 (length = 1EC bytes)
$Script_Cutscene_MeetingOaklieFish will be placed at 802507B4 (length = 1EC bytes)
$Script_PanTex2 will be placed at 802509A0 (length = 1E8 bytes)
$Script_BedAnimation will be placed at 80250B88 (length = 1D4 bytes)
$String_RogueAbout will be placed at 80250D5C (length = 1CC bytes)
$Script_WithdrawCoins_All will be placed at 80250F28 (length = 1C8 bytes)
$Script_PipeAnimation will be placed at 802510F0 (length = 1C4 bytes)
$SkipCutscene_Cheato_Meeting1 will be placed at 802512B4 (length = 1C4 bytes)
$SkipCutscene_MeetingFish_1 will be placed at 80251478 (length = 1C4 bytes)
$SkipCutscene_MeetingFish_2 will be placed at 8025163C (length = 1C4 bytes)
$SkipCutscene_MeetingChuck will be placed at 80251800 (length = 1C4 bytes)
$Script_PipeAnimation0 will be placed at 802519C4 (length = 1B8 bytes)
$String_Cheato_Intro_8 will be placed at 80251B7C (length = 1B0 bytes)
$RestorePartnersRanks will be placed at 80251D2C (length = 1B0 bytes)
$P1Trigger will be placed at 80251EDC (length = 1AC bytes)
$SkipCutscene_Teaching will be placed at 80252088 (length = 19C bytes)
$Script_Cutscene_1stDead will be placed at 80252224 (length = 188 bytes)
$String_Cheato_1stTimeDead_3 will be placed at 802523AC (length = 188 bytes)
$Script_DepositCoins_All will be placed at 80252534 (length = 168 bytes)
$String_Fishmael_Meeting_3 will be placed at 8025269C (length = 164 bytes)
$Script_DepositCoins will be placed at 80252800 (length = 160 bytes)
$String_ClassicAbout will be placed at 80252960 (length = 150 bytes)
$String_Fishmael_CardLosted will be placed at 80252AB0 (length = 144 bytes)
$Script_SaveAndQuit will be placed at 80252BF4 (length = 144 bytes)
$Script_TrackPlayer will be placed at 80252D38 (length = 144 bytes)
$Script_WithdrawCoins will be placed at 80252E7C (length = 140 bytes)
$String_Chuck_Meeting_2 will be placed at 80252FBC (length = 140 bytes)
$Script_MeetingFish_1 will be placed at 802530FC (length = 13C bytes)
$Script_FurnitureAnim_Ship will be placed at 80253238 (length = 13C bytes)
$MapTattle5 will be placed at 80253374 (length = 13C bytes)
$Script_SetNumber4 will be placed at 802534B0 (length = 13C bytes)
$Script_SetNumber3 will be placed at 802535EC (length = 13C bytes)
$Script_SetNumber2 will be placed at 80253728 (length = 13C bytes)
$Script_SetNumber1 will be placed at 80253864 (length = 13C bytes)
$Function_SetSpell will be placed at 802539A0 (length = 134 bytes)
$MapTattle4 will be placed at 80253AD4 (length = 130 bytes)
$String_Cheato_Suggestion1 will be placed at 80253C04 (length = 12C bytes)
$Script_StarShrine_LightAnim will be placed at 80253D30 (length = 12C bytes)
$Script_CleanNumbers1 will be placed at 80253E5C (length = 128 bytes)
$Script_CleanNumbers2 will be placed at 80253F84 (length = 128 bytes)
$Script_CleanNumbers3 will be placed at 802540AC (length = 128 bytes)
$Script_CleanNumbers4 will be placed at 802541D4 (length = 128 bytes)
$String_Chuck_Meeting_3 will be placed at 802542FC (length = 128 bytes)
$Script_EnableTexPanning will be placed at 80254424 (length = 124 bytes)
$Script_PanTexEX will be placed at 80254548 (length = 124 bytes)
$Script_Cutscene_WalkOffBed will be placed at 8025466C (length = 11C bytes)
$String_Fishmael_Rewards3 will be placed at 80254788 (length = 118 bytes)
$Script_MeetingChuck will be placed at 802548A0 (length = 110 bytes)
$Tattle_Chuck will be placed at 802549B0 (length = 110 bytes)
$Script_FadeFromBlack will be placed at 80254AC0 (length = 110 bytes)
$String_Fishmael_Meeting_1 will be placed at 80254BD0 (length = 10C bytes)
$Script_AskWarpToFloor100 will be placed at 80254CDC (length = 108 bytes)
$Script_StickerFX will be placed at 80254DE4 (length = 100 bytes)
$Function_OakChuck_802405BC will be placed at 80254EE4 (length = 100 bytes)
$Function_OakChuck_802405BC_Skins will be placed at 80254FE4 (length = 100 bytes)
$Tattle_Cheato will be placed at 802550E4 (length = FC bytes)
$RestoreMariosStats will be placed at 802551E0 (length = F8 bytes)
$Script_FadeToBlack will be placed at 802552D8 (length = F0 bytes)
$String_Cheato_Belts_2 will be placed at 802553C8 (length = F0 bytes)
$EntryList will be placed at 802554B8 (length = F0 bytes)
$String_Cheato_Meeting_8 will be placed at 802555A8 (length = F0 bytes)
$Tattle_Oaklie will be placed at 80255698 (length = EC bytes)
$String_Fishmael_TimingTutor will be placed at 80255784 (length = EC bytes)
$Function_SaveCurrentPartners will be placed at 80255870 (length = EC bytes)
$Function_SavePartnersRanks will be placed at 8025595C (length = EC bytes)
$DeepestLevel will be placed at 80255A48 (length = E4 bytes)
$String_Cheato_Meeting_6 will be placed at 80255B2C (length = E4 bytes)
$String_Fishmael_LostCoins_1stTime will be placed at 80255C10 (length = E0 bytes)
$Function_GetColliderPos will be placed at 80255CF0 (length = E0 bytes)
$Script_Cheato_Meeting1 will be placed at 80255DD0 (length = E0 bytes)
$String_AfterPit_Cutscene2_0 will be placed at 80255EB0 (length = E0 bytes)
$Script_SetCurrentPipe will be placed at 80255F90 (length = E0 bytes)
$Function_GetPos will be placed at 80256070 (length = E0 bytes)
$Script_FormatNumbers will be placed at 80256150 (length = E0 bytes)
$TotalLevels_Sign will be placed at 80256230 (length = DC bytes)
$Function_TrackInputs will be placed at 8025630C (length = D4 bytes)
$MapTattle2 will be placed at 802563E0 (length = D4 bytes)
$Function_SaveMariosStats will be placed at 802564B4 (length = D4 bytes)
$Script_SaveAmountOfThingsAboutToBeTeached will be placed at 80256588 (length = CC bytes)
$String_AfterPit_Cutscene2_3 will be placed at 80256654 (length = C8 bytes)
$Script_FurnitureAnim_CrystalStar6 will be placed at 8025671C (length = C4 bytes)
$Script_FurnitureAnim_CrystalStar7 will be placed at 802567E0 (length = C4 bytes)
$Script_FurnitureAnim_CrystalStar4 will be placed at 802568A4 (length = C4 bytes)
$Script_FurnitureAnim_CrystalStar5 will be placed at 80256968 (length = C4 bytes)
$Script_FurnitureAnim_CrystalStar2 will be placed at 80256A2C (length = C4 bytes)
$Script_FurnitureAnim_CrystalStar3 will be placed at 80256AF0 (length = C4 bytes)
$Script_FurnitureAnim_CrystalStar1 will be placed at 80256BB4 (length = C4 bytes)
$Script_SetSkull will be placed at 80256C78 (length = C0 bytes)
$String_Cheato_Meeting_3 will be placed at 80256D38 (length = C0 bytes)
$Script_SetEvents will be placed at 80256DF8 (length = BC bytes)
$Script_ZoomIn_Camera will be placed at 80256EB4 (length = BC bytes)
$Function_TrackInput will be placed at 80256F70 (length = BC bytes)
$String_AfterPit_Cutscene2_1 will be placed at 8025702C (length = B4 bytes)
$String_Cheato_1stTimeDead_2 will be placed at 802570E0 (length = B4 bytes)
$MapTattle3 will be placed at 80257194 (length = B0 bytes)
$LoadHighscores will be placed at 80257244 (length = B0 bytes)
$SetArrowPosition will be placed at 802572F4 (length = AC bytes)
$Script_FurnitureAnim_N64 will be placed at 802573A0 (length = A8 bytes)
$MapTattle1 will be placed at 80257448 (length = A8 bytes)
$Script_Cheato_Teach_Belts will be placed at 802574F0 (length = A8 bytes)
$Script_ReadSign will be placed at 80257598 (length = A0 bytes)
$Script_SetPipeFX will be placed at 80257638 (length = 9C bytes)
$Script_PanTex1 will be placed at 802576D4 (length = 9C bytes)
$Script_MeetingFish_2 will be placed at 80257770 (length = 98 bytes)
$String_AfterPit_Cutscene1_0 will be placed at 80257808 (length = 98 bytes)
$Function_Save will be placed at 802578A0 (length = 98 bytes)
$String_Cheato_1stTimeDead_1 will be placed at 80257938 (length = 98 bytes)
$String_Cheato_Intro_1 will be placed at 802579D0 (length = 94 bytes)
$String_EndlessAbout will be placed at 80257A64 (length = 94 bytes)
$VectorList_cs1 will be placed at 80257AF8 (length = 90 bytes)
$VectorList_cs7 will be placed at 80257B88 (length = 90 bytes)
$VectorList_cs6 will be placed at 80257C18 (length = 90 bytes)
$VectorList_cs5 will be placed at 80257CA8 (length = 90 bytes)
$VectorList_cs4 will be placed at 80257D38 (length = 90 bytes)
$VectorList_cs3 will be placed at 80257DC8 (length = 90 bytes)
$VectorList_cs2 will be placed at 80257E58 (length = 90 bytes)
$Script_MakeEntities will be placed at 80257EE8 (length = 8C bytes)
$String_Welcome1-CoinsLosted will be placed at 80257F74 (length = 8C bytes)
$String_Cheato_Intro_9 will be placed at 80258000 (length = 88 bytes)
$String_Fishmael_Welcome_Cancel will be placed at 80258088 (length = 88 bytes)
$String_Fishmael_CreatingAccount_3 will be placed at 80258110 (length = 88 bytes)
$String_Fishmael_Rewards1 will be placed at 80258198 (length = 84 bytes)
$String_Fishmael_Meeting_2 will be placed at 8025821C (length = 80 bytes)
$String_Warp1 will be placed at 8025829C (length = 80 bytes)
$Function_BedAnimation will be placed at 8025831C (length = 7C bytes)
$String_Fishmael_Rewards4 will be placed at 80258398 (length = 7C bytes)
$SignStringBug will be placed at 80258414 (length = 7C bytes)
$Choice_Merlee will be placed at 80258490 (length = 7C bytes)
$String_Cheato_Intro_7 will be placed at 8025850C (length = 78 bytes)
$String_Cheato_Intro_5 will be placed at 80258584 (length = 74 bytes)
$String_Warp2 will be placed at 802585F8 (length = 74 bytes)
$ChoiceClassicActive will be placed at 8025866C (length = 70 bytes)
$ChoiceRogueActive will be placed at 802586DC (length = 70 bytes)
$Function2 will be placed at 8025874C (length = 6C bytes)
$Function_SetAnimation will be placed at 802587B8 (length = 6C bytes)
$String_Cheato_Intro_2 will be placed at 80258824 (length = 68 bytes)
$Script_Cheato_Teach_QuickSwapping will be placed at 8025888C (length = 68 bytes)
$Script_Exit1 will be placed at 802588F4 (length = 68 bytes)
$String_Cheato_Intro_6 will be placed at 8025895C (length = 64 bytes)
$Script_GoToMainMenu will be placed at 802589C0 (length = 64 bytes)
$String_Welcome1 will be placed at 80258A24 (length = 64 bytes)
$Script_FurnitureAnim_CrystalStars will be placed at 80258A88 (length = 64 bytes)
$Script_MakeExits will be placed at 80258AEC (length = 64 bytes)
$NpcGroups will be placed at 80258B50 (length = 60 bytes)
$Function_GetTattle1 will be placed at 80258BB0 (length = 60 bytes)
$Function_SetMariosStats will be placed at 80258C10 (length = 60 bytes)
$WakeUp will be placed at 80258C70 (length = 60 bytes)
$String_AfterPit_Cutscene2_2 will be placed at 80258CD0 (length = 5C bytes)
$Function_ResetItems will be placed at 80258D2C (length = 58 bytes)
$Script_Mario_WakeUpfromDeath will be placed at 80258D84 (length = 58 bytes)
$String_BuyFurniture_NotEnoughCoins will be placed at 80258DDC (length = 54 bytes)
$String_Cheato_Meeting_5 will be placed at 80258E30 (length = 54 bytes)
$String_Cheato_Intro_GL_LostCoins will be placed at 80258E84 (length = 50 bytes)
$Choice_Withdraw will be placed at 80258ED4 (length = 50 bytes)
$Script_Exit0 will be placed at 80258F24 (length = 50 bytes)
$Script_Exit2 will be placed at 80258F74 (length = 50 bytes)
$String_Fishmael_LostCoins will be placed at 80258FC4 (length = 50 bytes)
$String_BuySkin_NotEnoughCoins will be placed at 80259014 (length = 4C bytes)
$Function_ResetHighscores will be placed at 80259060 (length = 48 bytes)
$GetFloorSign will be placed at 802590A8 (length = 48 bytes)
$RespawnPartner_PartnerBeforeEnteringRoguelike will be placed at 802590F0 (length = 48 bytes)
$Function_DisablePartnersAndRanks will be placed at 80259138 (length = 48 bytes)
$String_Fishmael_CreatingAccount_2 will be placed at 80259180 (length = 48 bytes)
$String_Fishmael_CreatingAccount_1 will be placed at 802591C8 (length = 48 bytes)
$Choice_Deposit will be placed at 80259210 (length = 48 bytes)
$GetFloorSign_Rogue will be placed at 80259258 (length = 48 bytes)
$String_Cheato_Intro_4 will be placed at 802592A0 (length = 44 bytes)
$TauntString will be placed at 802592E4 (length = 44 bytes)
$Function_LoadBankCoins will be placed at 80259328 (length = 44 bytes)
$String_Fishmael_Rewards2 will be placed at 8025936C (length = 44 bytes)
$SaveCurrentPartner will be placed at 802593B0 (length = 44 bytes)
$String_Cheato_Meeting_4 will be placed at 802593F4 (length = 44 bytes)
$Function_LoadMarioCoins will be placed at 80259438 (length = 44 bytes)
$String_Fishmael_Confirmation will be placed at 8025947C (length = 40 bytes)
$String_Fishmael_WithdrawDeposit_Welcome will be placed at 802594BC (length = 40 bytes)
$Function_LoadLostedCoins will be placed at 802594FC (length = 40 bytes)
$Header will be placed at 8025953C (length = 40 bytes)
$Script_CleanAllNumbers will be placed at 8025957C (length = 40 bytes)
$LoadLastPartner will be placed at 802595BC (length = 40 bytes)
$String_Rogue_Defenseless will be placed at 802595FC (length = 40 bytes)
$String_Cheato_Meeting_9 will be placed at 8025963C (length = 40 bytes)
$Function_GetTattle2 will be placed at 8025967C (length = 3C bytes)
$Function_Init will be placed at 802596B8 (length = 3C bytes)
$ComingDownPipe will be placed at 802596F4 (length = 3C bytes)
$String_Cheato_Meeting_2 will be placed at 80259730 (length = 3C bytes)
$String_Cheato_Meeting_1 will be placed at 8025976C (length = 3C bytes)
$DifficultyList_2 will be placed at 802597A8 (length = 3C bytes)
$Script_Init_Sticker will be placed at 802597E4 (length = 38 bytes)
$String_BuySkin_Confirmation will be placed at 8025981C (length = 38 bytes)
$String_Welcome3 will be placed at 80259854 (length = 34 bytes)
$ModesList will be placed at 80259888 (length = 34 bytes)
$String_Cheato_Meeting_AskActivateRogue will be placed at 802598BC (length = 34 bytes)
$Choice_Banking will be placed at 802598F0 (length = 34 bytes)
$String_Cheato_Suggestion2_No will be placed at 80259924 (length = 34 bytes)
$String_BuyFurniture_Confirmation will be placed at 80259958 (length = 34 bytes)
$String_Cheato_Meeting_AskHearRules will be placed at 8025998C (length = 34 bytes)
$Choice_Banking_OnlyDeposit will be placed at 802599C0 (length = 34 bytes)
$String_Chuck_Meeting_1 will be placed at 802599F4 (length = 34 bytes)
$DespawnPartner will be placed at 80259A28 (length = 34 bytes)
$Choice_Banking_OnlyWithdraw will be placed at 80259A5C (length = 34 bytes)
$String_Fishmael_Welcome will be placed at 80259A90 (length = 30 bytes)
$String_Welcome2 will be placed at 80259AC0 (length = 30 bytes)
$String_Welcome4 will be placed at 80259AF0 (length = 30 bytes)
$String_DontSave1 will be placed at 80259B20 (length = 30 bytes)
$Choice_Chuck will be placed at 80259B50 (length = 30 bytes)
$Script_Init_Fishmael will be placed at 80259B80 (length = 30 bytes)
$RespawnPartner will be placed at 80259BB0 (length = 30 bytes)
$Fishmael_Settings will be placed at 80259BE0 (length = 2C bytes)
$BedTrack will be placed at 80259C0C (length = 2C bytes)
$String_Chuck_Welcome will be placed at 80259C38 (length = 2C bytes)
$Function_MiscHooksHP will be placed at 80259C64 (length = 2C bytes)
$Cheato_Settings will be placed at 80259C90 (length = 2C bytes)
$SetTrack will be placed at 80259CBC (length = 2C bytes)
$BlankSettings will be placed at 80259CE8 (length = 2C bytes)
$DifficultyList_1 will be placed at 80259D14 (length = 2C bytes)
$String_Fishmael_HowMuch will be placed at 80259D40 (length = 2C bytes)
$IconScript_MarioHead will be placed at 80259D6C (length = 28 bytes)
$String_Cheato_Intro_GL will be placed at 80259D94 (length = 28 bytes)
$String_BuySkin_Confirmation2 will be placed at 80259DBC (length = 28 bytes)
$BedString will be placed at 80259DE4 (length = 28 bytes)
$Choice_YesNo will be placed at 80259E0C (length = 28 bytes)
$Function_ResetGainedCoins will be placed at 80259E34 (length = 24 bytes)
$Script_Init_Chuck will be placed at 80259E58 (length = 24 bytes)
$Script_Init_Merlee will be placed at 80259E7C (length = 24 bytes)
$Script_Init_Cheato will be placed at 80259EA0 (length = 24 bytes)
$Script_FasterCam will be placed at 80259EC4 (length = 24 bytes)
$Script_Init_SR will be placed at 80259EE8 (length = 24 bytes)
$Function_SubCoinsFromAccount will be placed at 80259F0C (length = 20 bytes)
$String_GlMario will be placed at 80259F2C (length = 20 bytes)
$String_Cheato_Meeting_10 will be placed at 80259F4C (length = 20 bytes)
$String_Cheato_Intro_3 will be placed at 80259F6C (length = 1C bytes)
$Function_SaveCoinsInToAccount will be placed at 80259F88 (length = 1C bytes)
$TotalLevels_CurrentPlaythrough will be placed at 80259FA4 (length = 1C bytes)
$Script_Cutscene_Intro0 will be placed at 80259FC0 (length = 1C bytes)
$String_Fishmael_Cancel will be placed at 80259FDC (length = 1C bytes)
$String_DaysLater will be placed at 80259FF8 (length = 18 bytes)
$SignString will be placed at 8025A010 (length = 18 bytes)
$ResetKeyStarPiecesBox will be placed at 8025A028 (length = 18 bytes)
$NpcGroup_OnlyCheato will be placed at 8025A040 (length = 18 bytes)
$Function_BankCoins_Close will be placed at 8025A058 (length = 14 bytes)
$Var_Roguelike will be placed at 8025A06C (length = 14 bytes)
$Function_BankCoins_UseLastFrame will be placed at 8025A080 (length = 14 bytes)
$Var_Classic will be placed at 8025A094 (length = 10 bytes)
$String_Chuck_Bye will be placed at 8025A0A4 (length = 10 bytes)
$ASCII_"pt_255"_Literal will be placed at 8025A0B4 (length = C bytes)
$String_value_withdraw will be placed at 8025A0C0 (length = C bytes)
$ASCII_"mze_00"_Literal will be placed at 8025A0CC (length = C bytes)
$ASCII_"pt_100"_Literal will be placed at 8025A0D8 (length = C bytes)
$ActivateHammer will be placed at 8025A0E4 (length = C bytes)
$Var_Veryhard will be placed at 8025A0F0 (length = C bytes)
$ASCII_pt_255 will be placed at 8025A0FC (length = C bytes)
$ASCII_"pre_03"_Literal will be placed at 8025A108 (length = C bytes)
$Function_GetTattle will be placed at 8025A114 (length = C bytes)
$ASCII_"pt_85"_Literal will be placed at 8025A120 (length = 8 bytes)
$ASCII_"pt91_96"_Literal will be placed at 8025A128 (length = 8 bytes)
$ASCII_"pt62_67"_Literal will be placed at 8025A130 (length = 8 bytes)
$ASCII_"pt33_38"_Literal will be placed at 8025A138 (length = 8 bytes)
$ASCII_"pt1_6"_Literal will be placed at 8025A140 (length = 8 bytes)
$ASCII_"pt_95"_Literal will be placed at 8025A148 (length = 8 bytes)
$ASCII_"pt4_9"_Literal will be placed at 8025A150 (length = 8 bytes)
$ASCII_"pt_65"_Literal will be placed at 8025A158 (length = 8 bytes)
$ASCII_"pt44_49"_Literal will be placed at 8025A160 (length = 8 bytes)
$ASCII_"pt81_86"_Literal will be placed at 8025A168 (length = 8 bytes)
$ASCII_"pt_80"_Literal will be placed at 8025A170 (length = 8 bytes)
$ASCII_"pt52_57"_Literal will be placed at 8025A178 (length = 8 bytes)
$ASCII_"pt23_28"_Literal will be placed at 8025A180 (length = 8 bytes)
$ASCII_"pt_50"_Literal will be placed at 8025A188 (length = 8 bytes)
$ASCII_"pt83_88"_Literal will be placed at 8025A190 (length = 8 bytes)
$ASCII_"pt54_59"_Literal will be placed at 8025A198 (length = 8 bytes)
$test will be placed at 8025A1A0 (length = 8 bytes)
$ASCII_"pt64_69"_Literal will be placed at 8025A1A8 (length = 8 bytes)
$ASCII_"pt72_77"_Literal will be placed at 8025A1B0 (length = 8 bytes)
$ASCII_"pt14_19"_Literal will be placed at 8025A1B8 (length = 8 bytes)
$ASCII_"pt34_39"_Literal will be placed at 8025A1C0 (length = 8 bytes)
$ASCII_"pt22_27"_Literal will be placed at 8025A1C8 (length = 8 bytes)
$ASCII_"pt21_26"_Literal will be placed at 8025A1D0 (length = 8 bytes)
$ASCII_"pt73_78"_Literal will be placed at 8025A1D8 (length = 8 bytes)
$ByteTable_MerleePrices will be placed at 8025A1E0 (length = 8 bytes)
$ASCII_"pt84_89"_Literal will be placed at 8025A1E8 (length = 8 bytes)
$ASCII_"pt92_97"_Literal will be placed at 8025A1F0 (length = 8 bytes)
$Var_Endless will be placed at 8025A1F8 (length = 8 bytes)
$ASCII_"pt_75"_Literal will be placed at 8025A200 (length = 8 bytes)
$ASCII_"pt53_58"_Literal will be placed at 8025A208 (length = 8 bytes)
$ASCII_"pt41_46"_Literal will be placed at 8025A210 (length = 8 bytes)
$Var_Hard will be placed at 8025A218 (length = 8 bytes)
$ASCII_"pt61_66"_Literal will be placed at 8025A220 (length = 8 bytes)
$ASCII_"pt32_37"_Literal will be placed at 8025A228 (length = 8 bytes)
$ASCII_"pt_15"_Literal will be placed at 8025A230 (length = 8 bytes)
$ASCII_"pt11_16"_Literal will be placed at 8025A238 (length = 8 bytes)
$ASCII_"pt_00"_Literal will be placed at 8025A240 (length = 8 bytes)
$ASCII_"pt74_79"_Literal will be placed at 8025A248 (length = 8 bytes)
$ASCII_"pt_25"_Literal will be placed at 8025A250 (length = 8 bytes)
$ASCII_"pt_35"_Literal will be placed at 8025A258 (length = 8 bytes)
$ASCII_"pt71_76"_Literal will be placed at 8025A260 (length = 8 bytes)
$ASCII_"pt42_47"_Literal will be placed at 8025A268 (length = 8 bytes)
$String_value_deposit will be placed at 8025A270 (length = 8 bytes)
$ASCII_"pt13_18"_Literal will be placed at 8025A278 (length = 8 bytes)
$ASCII_"pt_05"_Literal will be placed at 8025A280 (length = 8 bytes)
$ASCII_"pt93_98"_Literal will be placed at 8025A288 (length = 8 bytes)
$Var_Normal will be placed at 8025A290 (length = 8 bytes)
$ASCII_"pt43_48"_Literal will be placed at 8025A298 (length = 8 bytes)
$ASCII_"pt51_56"_Literal will be placed at 8025A2A0 (length = 8 bytes)
$ASCII_"pt_55"_Literal will be placed at 8025A2A8 (length = 8 bytes)
$ASCII_"pt2_7"_Literal will be placed at 8025A2B0 (length = 8 bytes)
$ASCII_"pt12_17"_Literal will be placed at 8025A2B8 (length = 8 bytes)
$ASCII_"pt3_8"_Literal will be placed at 8025A2C0 (length = 8 bytes)
$ASCII_"pt_10"_Literal will be placed at 8025A2C8 (length = 8 bytes)
$ASCII_"tik_tex"_Literal will be placed at 8025A2D0 (length = 8 bytes)
$ASCII_"pt31_36"_Literal will be placed at 8025A2D8 (length = 8 bytes)
$ASCII_"pt63_68"_Literal will be placed at 8025A2E0 (length = 8 bytes)
$ASCII_"pt94_99"_Literal will be placed at 8025A2E8 (length = 8 bytes)
$ASCII_"pt82_87"_Literal will be placed at 8025A2F0 (length = 8 bytes)
$ASCII_"pt_45"_Literal will be placed at 8025A2F8 (length = 8 bytes)
$ASCII_"pt24_29"_Literal will be placed at 8025A300 (length = 8 bytes)
$ByteTable_802475DC will be placed at 8025A308 (length = 4 bytes)
$CloseDialogBubble will be placed at 8025A30C (length = 4 bytes)
Executing patch: pt_05.mpat
Creating struct: $DeepestLevel
Creating struct: $TotalLevels_Sign
Creating struct: $TotalLevels_CurrentPlaythrough
Creating struct: $LoadHighscores
Creating struct: $FallingDownPipe
Creating struct: $Function_GetPos
Creating struct: $Function2
Creating struct: $SetSpawns
Creating struct: $Script_Set_Formation
Creating struct: $Function_OverwriteBattleID
Creating struct: $Script_SetMover
Creating struct: $Script_MapID_Converter
Creating struct: $Script_LoadOdds
Creating struct: $Script_LoadMoverType
Creating struct: $Script_SpawnMover
Creating struct: $Script_SetNPCPos
Creating struct: $Function_Load_MapID
Creating struct: $SwitchPath
Creating struct: $VectorList_SwitchPath
Creating struct: $GetPos
Creating struct: $DispawnPartner
Creating struct: $RespawnPartner
Creating struct: $LoadMap
Creating struct: $GetFloor
Creating struct: $LoadMapBandit
Creating struct: $GetFloorBandit
Creating struct: $SetSpawnsSpecial
Creating struct: $Script_SetMover_Special
Creating struct: $Script_SpawnMover_Special
Creating struct: $Script_Set_SpecialFormation
Creating struct: $Function_LoadCoinsInToVar1
Creating struct: $Script_SetSpawnPosition
Creating struct: $Script_Init_EnemyNPC
Creating struct: $Script_Init_Lakitu
Creating struct: $Script_TrackOutcome
Creating struct: $Script_LakituOutcome
Creating struct: $Script_FloorEnemy_Idle
Creating struct: $Script_Rogue_GiveTotalCoins
Creating struct: $Script_SetEnemyIdle
Creating struct: $Script_AddCoins
Creating struct: $NPC_Settings_Sack
Creating struct: $Script_Init_Bag
Creating struct: $Script_Init_Bag_HitBox
Creating struct: $Script_NPC_SackHit_Init
Creating struct: $Script_NPC_Sack_FX
Creating struct: $NPC_Sack_AnimationStart
Creating struct: $NPC_Sack_AnimationEnd
Creating struct: $Script_SackAnimation_SackAppears_100
Creating struct: $Script_SackAnimation_Start_GoToTheRight
Creating struct: $Script_SackAnimation_Start_GoToTheLeft
Creating struct: $Script_SackAnimation_End_Right
Creating struct: $Script_SackAnimation_End_Left
Creating struct: $Function_LoadMarioCoins
Creating struct: $Function_LoadCoinsLosted
Creating struct: $Function_SaveCoinsLosted
Creating struct: $Function_ResetCoinsLosted
Creating struct: $Function_LoadGainedCoins
Creating struct: $Function_RevivePlayer
Creating struct: $AISettings_MoneySack
Creating struct: $Script_NpcAI_MoneySack
Creating struct: $JumpTable_80242448
Creating struct: $Function_NpcAI_MoneySack
Creating struct: $Function_80240260
Creating struct: $Function_80240844
Creating struct: $Function_802409A8
Creating struct: $Script_TrackPlayer
Creating struct: $Script_PipeAnimation
Creating struct: $Function_SetAnimation
Creating struct: $Function_GetColliderPos
Creating struct: $Function_TrackInput
Creating struct: $GoToNextLevel
Creating struct: $GetFloorSign
Creating struct: $GetFloorSign_Rogue
Creating struct: $Function_GetTattle1
Creating struct: $Function_GetTattle2
Creating struct: $Script_ReadSign
Creating struct: $NpcSettings_Blank
Creating struct: $NpcGroup_Spring1
Creating struct: $NpcGroup_Spring2
Creating struct: $NpcGroup_Spring3
Creating struct: $NpcGroup_Spring4
Creating struct: $NpcGroup_Spring5
Creating struct: $NpcGroup_Spring6
Creating struct: $NpcGroup_Spring7
Creating struct: $NpcGroup_Spring8
Creating struct: $NpcGroup_Spring9
Creating struct: $NpcGroup_Spring10
Creating struct: $Header
Creating struct: $Script_Main2_Wait
Creating struct: $Script_Main2_Exec
Creating struct: $Script_TrackEvents
Creating struct: $Script_Cutscene_Event
Creating struct: $SkipCutscene_Event
Creating struct: $Script_ZoomIn_Camera_X
Creating struct: $Script_Cutscene_Ruby_Init
Creating struct: $Script_Cutscene_Ruby2
Creating struct: $NpcGroupList_RubyCS
Creating struct: $NpcGroup_RubyCS
Creating struct: $NpcSettings_Generic
Creating struct: $Script_null
Creating struct: $Script_SpawnNPCs
Creating struct: $Function_ResetEnemiesFlag
Creating struct: $EntryList
Creating struct: $Function_Init
Creating struct: $NpcGroup_Mover
Creating struct: $BlankSettings
Creating struct: $Script_Init_Mover
Creating struct: $Interact_Mover
Creating struct: $Script_MoverWarpAnimation
Creating struct: $SkipCutscene_MoverWarpAnimation
Creating struct: $NpcGroup_BanditMover
Creating struct: $Script_Init_BanditMover
Creating struct: $Script_Bandit_StartBattle
Creating struct: $Interact_BanditMover
Creating struct: $Script_Warning_Mario
Creating struct: $Script_NoThanks_Bandit
Creating struct: $Script_ZoomIn_Camera
Creating struct: $Script_ZoomIn_Camera_2
Creating struct: $Script_ZoomIn_Camera_3
Creating struct: $NpcGroup_MoneyBag
Creating struct: $Script_SetPipesPosition
Creating struct: $Script_DisableNumbers
Creating struct: $Script_SetFloorNumbers
Creating struct: $Script_CheckBanditStatus1
Creating struct: $Script_Cutscene_BanditStatus1
Creating struct: $Script_CheckBanditStatus2
Creating struct: $Script_TrackOutcome_Bandit
Creating struct: $Script_Cutscene_BanditDefeated
Creating struct: $SkipCutscene_BanditDefeated
Creating struct: $Script_AddCoins_Bandit
Creating struct: $Function_LoadPath
Creating struct: $Script_ClosePartnerDialog
Creating struct: $PipeSpawning
Creating struct: $EnablePipeCollider
Creating struct: $Script_MakeEntities
Creating struct: $CommingDownPipe
Creating struct: $Function_TimerCurrentFloor
Creating struct: $Script_MakeExits
Creating struct: $Script_Exit0
Creating struct: $Script_Main
Creating struct: $NpcGroup1
Creating struct: $NpcGroup7
Creating struct: $NpcGroups
Creating struct: $NpcGroup_Enemy1
Creating struct: $NpcSettings_Enemy1
Creating struct: $Script_EnemyAI
Creating struct: $AISettings_Enemy
Creating struct: $JumpTable_802448D8
Creating struct: $ConstDouble_80244880
Creating struct: $ConstDouble_80244888
Creating struct: $ConstDouble_80244890
Creating struct: $FloatTable_80242EAC
Creating struct: $Function_8024231C
Creating struct: $Function_80242104
Creating struct: $Function_802421C0
Creating struct: $Function_802422D8
Creating struct: $Function_80241FDC
Creating struct: $Function_SetPos2
Creating struct: $Function_802416C0
Creating struct: $Function_80241738
Creating struct: $Function_802412BC
Creating struct: $Function_SetPos1
Creating struct: $Function_80240AE4
Creating struct: $Function_80241CCC
Creating struct: $Script_DisableEnemyAI
Creating struct: $AISettings_DisableEnemy
Merged 1 regions to 1
$Script_SetFloorNumbers will be placed at 80240000 (length = 128C bytes)
$NpcGroup_RubyCS will be placed at 8024128C (length = 1170 bytes)
$LoadMap will be placed at 802423FC (length = C04 bytes)
$LoadMapBandit will be placed at 80243000 (length = B80 bytes)
$GoToNextLevel will be placed at 80243B80 (length = B10 bytes)
$Script_Cutscene_BanditDefeated will be placed at 80244690 (length = B08 bytes)
$Script_SetEnemyIdle will be placed at 80245198 (length = 674 bytes)
$Function_SetPos1 will be placed at 8024580C (length = 628 bytes)
$Script_MapID_Converter will be placed at 80245E34 (length = 60C bytes)
$Script_Warning_Mario will be placed at 80246440 (length = 608 bytes)
$Function_80240260 will be placed at 80246A48 (length = 5E4 bytes)
$Script_SetNPCPos will be placed at 8024702C (length = 4D0 bytes)
$Script_Cutscene_Ruby_Init will be placed at 802474FC (length = 490 bytes)
$FallingDownPipe will be placed at 8024798C (length = 418 bytes)
$Script_TrackEvents will be placed at 80247DA4 (length = 410 bytes)
$NpcGroup_MoneyBag will be placed at 802481B4 (length = 3E0 bytes)
$Interact_BanditMover will be placed at 80248594 (length = 3D8 bytes)
$Script_CheckBanditStatus2 will be placed at 8024896C (length = 3D8 bytes)
$SkipCutscene_BanditDefeated will be placed at 80248D44 (length = 3D8 bytes)
$Interact_Mover will be placed at 8024911C (length = 3CC bytes)
$Script_Set_SpecialFormation will be placed at 802494E8 (length = 3B4 bytes)
$Script_FloorEnemy_Idle will be placed at 8024989C (length = 388 bytes)
$Function_SetPos2 will be placed at 80249C24 (length = 344 bytes)
$Script_TrackOutcome_Bandit will be placed at 80249F68 (length = 330 bytes)
$Script_LakituOutcome will be placed at 8024A298 (length = 30C bytes)
$Script_Rogue_GiveTotalCoins will be placed at 8024A5A4 (length = 2FC bytes)
$Script_Set_Formation will be placed at 8024A8A0 (length = 2D4 bytes)
$PipeSpawning will be placed at 8024AB74 (length = 2A0 bytes)
$Script_TrackOutcome will be placed at 8024AE14 (length = 288 bytes)
$Script_Cutscene_Ruby2 will be placed at 8024B09C (length = 258 bytes)
$Function_8024231C will be placed at 8024B2F4 (length = 250 bytes)
$Function_NpcAI_MoneySack will be placed at 8024B544 (length = 238 bytes)
$Script_SackAnimation_Start_GoToTheRight will be placed at 8024B77C (length = 230 bytes)
$Script_SetSpawnPosition will be placed at 8024B9AC (length = 228 bytes)
$Script_Main2_Exec will be placed at 8024BBD4 (length = 228 bytes)
$Script_Cutscene_BanditStatus1 will be placed at 8024BDFC (length = 21C bytes)
$Script_LoadMoverType will be placed at 8024C018 (length = 214 bytes)
$Script_NoThanks_Bandit will be placed at 8024C22C (length = 210 bytes)
$Script_SackAnimation_Start_GoToTheLeft will be placed at 8024C43C (length = 1F8 bytes)
$NpcGroup_Spring10 will be placed at 8024C634 (length = 1F0 bytes)
$NpcGroup_Enemy1 will be placed at 8024C824 (length = 1F0 bytes)
$NpcGroup_Spring1 will be placed at 8024CA14 (length = 1F0 bytes)
$NpcGroup_Spring2 will be placed at 8024CC04 (length = 1F0 bytes)
$NpcGroup_Spring3 will be placed at 8024CDF4 (length = 1F0 bytes)
$NpcGroup_Spring4 will be placed at 8024CFE4 (length = 1F0 bytes)
$NpcGroup_Spring5 will be placed at 8024D1D4 (length = 1F0 bytes)
$NpcGroup_Spring6 will be placed at 8024D3C4 (length = 1F0 bytes)
$NpcGroup_Spring7 will be placed at 8024D5B4 (length = 1F0 bytes)
$NpcGroup_Spring8 will be placed at 8024D7A4 (length = 1F0 bytes)
$NpcGroup_Spring9 will be placed at 8024D994 (length = 1F0 bytes)
$NpcGroup_Mover will be placed at 8024DB84 (length = 1F0 bytes)
$NpcGroup_BanditMover will be placed at 8024DD74 (length = 1F0 bytes)
$Script_PipeAnimation will be placed at 8024DF64 (length = 1C4 bytes)
$Function_80240AE4 will be placed at 8024E128 (length = 1B0 bytes)
$Script_Cutscene_Event will be placed at 8024E2D8 (length = 198 bytes)
$Script_NPC_SackHit_Init will be placed at 8024E470 (length = 198 bytes)
$Script_ClosePartnerDialog will be placed at 8024E608 (length = 194 bytes)
$JumpTable_80242448 will be placed at 8024E79C (length = 190 bytes)
$SkipCutscene_Event will be placed at 8024E92C (length = 188 bytes)
$Script_SpawnNPCs will be placed at 8024EAB4 (length = 174 bytes)
$NPC_Sack_AnimationStart will be placed at 8024EC28 (length = 168 bytes)
$Function_80240844 will be placed at 8024ED90 (length = 164 bytes)
$Script_SackAnimation_End_Right will be placed at 8024EEF4 (length = 158 bytes)
$Script_SackAnimation_End_Left will be placed at 8024F04C (length = 150 bytes)
$Script_TrackPlayer will be placed at 8024F19C (length = 144 bytes)
$Script_CheckBanditStatus1 will be placed at 8024F2E0 (length = 13C bytes)
$MapTattle5 will be placed at 8024F41C (length = 13C bytes)
$MapTattle4 will be placed at 8024F558 (length = 130 bytes)
$Function_80241FDC will be placed at 8024F688 (length = 128 bytes)
$Function_80241CCC will be placed at 8024F7B0 (length = 124 bytes)
$BanditMover_Tattle will be placed at 8024F8D4 (length = 11C bytes)
$Function_802421C0 will be placed at 8024F9F0 (length = 118 bytes)
$Function_LoadPath will be placed at 8024FB08 (length = 114 bytes)
$Script_SackAnimation_SackAppears_100 will be placed at 8024FC1C (length = 100 bytes)
$String_Partner_Event_1 will be placed at 8024FD1C (length = FC bytes)
$Script_Main2_Wait will be placed at 8024FE18 (length = F4 bytes)
$String_Warning2 will be placed at 8024FF0C (length = F0 bytes)
$Script_SetMover_Special will be placed at 8024FFFC (length = EC bytes)
$SetSpawnsSpecial will be placed at 802500E8 (length = E8 bytes)
$SetSpawns will be placed at 802501D0 (length = E8 bytes)
$String_Warning1 will be placed at 802502B8 (length = E8 bytes)
$DeepestLevel will be placed at 802503A0 (length = E4 bytes)
$Function_GetColliderPos will be placed at 80250484 (length = E0 bytes)
$Function_GetPos will be placed at 80250564 (length = E0 bytes)
$TotalLevels_Sign will be placed at 80250644 (length = DC bytes)
$Script_SpawnMover_Special will be placed at 80250720 (length = DC bytes)
$GetFloor will be placed at 802507FC (length = DC bytes)
$Script_DisableNumbers will be placed at 802508D8 (length = D8 bytes)
$MapTattle2 will be placed at 802509B0 (length = D4 bytes)
$NPC_Sack_AnimationEnd will be placed at 80250A84 (length = D4 bytes)
$Script_SetMover will be placed at 80250B58 (length = D0 bytes)
$GetFloorBandit will be placed at 80250C28 (length = D0 bytes)
$Script_AddCoins_Bandit will be placed at 80250CF8 (length = C8 bytes)
$GetPos will be placed at 80250DC0 (length = C8 bytes)
$SkipCutscene_MoverWarpAnimation will be placed at 80250E88 (length = C4 bytes)
$Function_Init will be placed at 80250F4C (length = C4 bytes)
$Function_802412BC will be placed at 80251010 (length = C0 bytes)
$MoverStart will be placed at 802510D0 (length = C0 bytes)
$String_Warning3 will be placed at 80251190 (length = C0 bytes)
$Function_80242104 will be placed at 80251250 (length = BC bytes)
$Script_ZoomIn_Camera_3 will be placed at 8025130C (length = BC bytes)
$Script_ZoomIn_Camera_2 will be placed at 802513C8 (length = BC bytes)
$Script_ZoomIn_Camera will be placed at 80251484 (length = BC bytes)
$Function_TrackInput will be placed at 80251540 (length = BC bytes)
$String_Bandit_Defeated4 will be placed at 802515FC (length = B8 bytes)
$Script_MoverWarpAnimation will be placed at 802516B4 (length = B8 bytes)
$Script_NpcAI_MoneySack will be placed at 8025176C (length = B8 bytes)
$NpcGroups will be placed at 80251824 (length = B4 bytes)
$Script_SpawnMover will be placed at 802518D8 (length = B4 bytes)
$BanditMoverStart will be placed at 8025198C (length = B4 bytes)
$MapTattle3 will be placed at 80251A40 (length = B0 bytes)
$Script_LoadOdds will be placed at 80251AF0 (length = B0 bytes)
$Script_SetPipesPosition will be placed at 80251BA0 (length = B0 bytes)
$LoadHighscores will be placed at 80251C50 (length = B0 bytes)
$NpcGroup7 will be placed at 80251D00 (length = A8 bytes)
$MapTattle1 will be placed at 80251DA8 (length = A8 bytes)
$Script_AddCoins will be placed at 80251E50 (length = A8 bytes)
$SwitchPath will be placed at 80251EF8 (length = A4 bytes)
$Script_NPC_Sack_FX will be placed at 80251F9C (length = A4 bytes)
$Tattle_Springkeeper will be placed at 80252040 (length = A4 bytes)
$Script_ReadSign will be placed at 802520E4 (length = A0 bytes)
$Script_ZoomIn_Camera_X will be placed at 80252184 (length = A0 bytes)
$String_Bandit_Defeated9 will be placed at 80252224 (length = 9C bytes)
$NpcGroup1 will be placed at 802522C0 (length = 9C bytes)
$Script_Bandit_StartBattle will be placed at 8025235C (length = 9C bytes)
$Script_Main will be placed at 802523F8 (length = 9C bytes)
$Mover_Tattle will be placed at 80252494 (length = 94 bytes)
$String_Bandit_Defeated3 will be placed at 80252528 (length = 90 bytes)
$String_Bandit_Defeated8 will be placed at 802525B8 (length = 8C bytes)
$BanditMover_Options2 will be placed at 80252644 (length = 84 bytes)
$BanditMover_Options will be placed at 802526C8 (length = 84 bytes)
$String_Okay will be placed at 8025274C (length = 80 bytes)
$Function_TimerCurrentFloor will be placed at 802527CC (length = 7C bytes)
$SignStringBug will be placed at 80252848 (length = 7C bytes)
$String_Rogue_CoinsGained_Success will be placed at 802528C4 (length = 78 bytes)
$Function_802416C0 will be placed at 8025293C (length = 78 bytes)
$Mover_Options will be placed at 802529B4 (length = 78 bytes)
$Script_EnemyAI will be placed at 80252A2C (length = 70 bytes)
$Function2 will be placed at 80252A9C (length = 6C bytes)
$Function_80241738 will be placed at 80252B08 (length = 6C bytes)
$Function_SetAnimation will be placed at 80252B74 (length = 6C bytes)
$String_Bandit_Defeated1 will be placed at 80252BE0 (length = 68 bytes)
$CommingDownPipe will be placed at 80252C48 (length = 68 bytes)
$MoverEnd will be placed at 80252CB0 (length = 68 bytes)
$BanditMoverEnd will be placed at 80252D18 (length = 68 bytes)
$String_Bandit_Defeated_Partner3 will be placed at 80252D80 (length = 64 bytes)
$String_Bandit_Defeated_Partner2 will be placed at 80252DE4 (length = 64 bytes)
$Function_GetTattle1 will be placed at 80252E48 (length = 60 bytes)
$Function_OverwriteBattleID will be placed at 80252EA8 (length = 60 bytes)
$String_Bandit_Confrontation1 will be placed at 80252F08 (length = 5C bytes)
$BanditMoverNoCoins will be placed at 80252F64 (length = 58 bytes)
$MoverNoCoins will be placed at 80252FBC (length = 58 bytes)
$String_Bandit_Defeated7 will be placed at 80253014 (length = 50 bytes)
$String_Bandit_Defeated_Partner4 will be placed at 80253064 (length = 50 bytes)
$EntryList will be placed at 802530B4 (length = 50 bytes)
$String_NoThanks will be placed at 80253104 (length = 50 bytes)
$Script_Init_BanditMover will be placed at 80253154 (length = 4C bytes)
$GetFloorSign will be placed at 802531A0 (length = 48 bytes)
$Function_Load_MapID will be placed at 802531E8 (length = 48 bytes)
$GetFloorSign_Rogue will be placed at 80253230 (length = 48 bytes)
$Function_802422D8 will be placed at 80253278 (length = 44 bytes)
$Script_MakeEntities will be placed at 802532BC (length = 44 bytes)
$Function_802409A8 will be placed at 80253300 (length = 44 bytes)
$Function_LoadCoinsInToVar1 will be placed at 80253344 (length = 44 bytes)
$JumpTable_802448D8 will be placed at 80253388 (length = 40 bytes)
$String_Bandit_Defeated_Partner1 will be placed at 802533C8 (length = 40 bytes)
$Header will be placed at 80253408 (length = 40 bytes)
$Function_LoadCoinsLosted will be placed at 80253448 (length = 40 bytes)
$Function_LoadMarioCoins will be placed at 80253488 (length = 40 bytes)
$Function_LoadGainedCoins will be placed at 802534C8 (length = 40 bytes)
$Function_GetTattle2 will be placed at 80253508 (length = 3C bytes)
$Script_Exit0 will be placed at 80253544 (length = 3C bytes)
$Script_Init_Bag will be placed at 80253580 (length = 38 bytes)
$Script_Init_Bag_HitBox will be placed at 802535B8 (length = 38 bytes)
$String_Bandit_Confrotation_Bye will be placed at 802535F0 (length = 34 bytes)
$DispawnPartner will be placed at 80253624 (length = 34 bytes)
$String_Whatever will be placed at 80253658 (length = 30 bytes)
$EnablePipeCollider will be placed at 80253688 (length = 30 bytes)
$AISettings_MoneySack will be placed at 802536B8 (length = 30 bytes)
$String_Bandit_Defeated2 will be placed at 802536E8 (length = 30 bytes)
$AISettings_Enemy will be placed at 80253718 (length = 30 bytes)
$RespawnPartner will be placed at 80253748 (length = 30 bytes)
$AISettings_DisableEnemy will be placed at 80253778 (length = 30 bytes)
$NPC_Settings_Sack will be placed at 802537A8 (length = 2C bytes)
$NpcSettings_Generic will be placed at 802537D4 (length = 2C bytes)
$NpcSettings_Enemy1 will be placed at 80253800 (length = 2C bytes)
$Function_RevivePlayer will be placed at 8025382C (length = 2C bytes)
$NpcSettings_Blank will be placed at 80253858 (length = 2C bytes)
$BlankSettings will be placed at 80253884 (length = 2C bytes)
$Script_MakeExits will be placed at 802538B0 (length = 2C bytes)
$Function_ResetEnemiesFlag will be placed at 802538DC (length = 2C bytes)
$String_List_NoYes will be placed at 80253908 (length = 28 bytes)
$Function_SaveCoinsLosted will be placed at 80253930 (length = 28 bytes)
$String_List_YesNo will be placed at 80253958 (length = 28 bytes)
$Script_Init_EnemyNPC will be placed at 80253980 (length = 24 bytes)
$VectorList_SwitchPath will be placed at 802539A4 (length = 24 bytes)
$Script_Init_Lakitu will be placed at 802539C8 (length = 24 bytes)
$Script_Init_Mover will be placed at 802539EC (length = 24 bytes)
$String_CoinsGained will be placed at 80253A10 (length = 24 bytes)
$String_Bandit_Defeated10 will be placed at 80253A34 (length = 24 bytes)
$String_Bandit_Defeated6 will be placed at 80253A58 (length = 20 bytes)
$String_Bandit_Defeated5 will be placed at 80253A78 (length = 20 bytes)
$Script_DisableEnemyAI will be placed at 80253A98 (length = 20 bytes)
$TotalLevels_CurrentPlaythrough will be placed at 80253AB8 (length = 1C bytes)
$NpcGroupList_RubyCS will be placed at 80253AD4 (length = 18 bytes)
$SignString will be placed at 80253AEC (length = 18 bytes)
$FloatTable_80242EAC will be placed at 80253B04 (length = 18 bytes)
$String_Psst will be placed at 80253B1C (length = 10 bytes)
$Script_null will be placed at 80253B2C (length = 10 bytes)
$ASCII_"pt81_86_shape"_Literal will be placed at 80253B3C (length = 10 bytes)
$Function_ResetCoinsLosted will be placed at 80253B4C (length = 10 bytes)
$ASCII_"pt51_56_shape"_Literal will be placed at 80253B5C (length = 10 bytes)
$ASCII_"pt1_6_hit"_Literal will be placed at 80253B6C (length = C bytes)
$ASCII_"pt_100"_Literal will be placed at 80253B78 (length = C bytes)
$ASCII_"dmo_00"_Literal will be placed at 80253B84 (length = C bytes)
$ASCII_"pt1_6_shape"_Literal will be placed at 80253B90 (length = C bytes)
$ASCII_"pt_85"_Literal will be placed at 80253B9C (length = 8 bytes)
$ASCII_"pt91_96"_Literal will be placed at 80253BA4 (length = 8 bytes)
$ASCII_"pt62_67"_Literal will be placed at 80253BAC (length = 8 bytes)
$ASCII_"pt33_38"_Literal will be placed at 80253BB4 (length = 8 bytes)
$ASCII_"pt1_6"_Literal will be placed at 80253BBC (length = 8 bytes)
$ASCII_"pt_95"_Literal will be placed at 80253BC4 (length = 8 bytes)
$ASCII_"pt4_9"_Literal will be placed at 80253BCC (length = 8 bytes)
$ASCII_"pt_65"_Literal will be placed at 80253BD4 (length = 8 bytes)
$ASCII_"pt44_49"_Literal will be placed at 80253BDC (length = 8 bytes)
$ASCII_"pt81_86"_Literal will be placed at 80253BE4 (length = 8 bytes)
$ASCII_"pt_80"_Literal will be placed at 80253BEC (length = 8 bytes)
$ASCII_"pt52_57"_Literal will be placed at 80253BF4 (length = 8 bytes)
$ASCII_"pt23_28"_Literal will be placed at 80253BFC (length = 8 bytes)
$ASCII_"pt_50"_Literal will be placed at 80253C04 (length = 8 bytes)
$ConstDouble_80244890 will be placed at 80253C10 (length = 8 bytes)
$ASCII_"pt83_88"_Literal will be placed at 80253C18 (length = 8 bytes)
$ASCII_"pt54_59"_Literal will be placed at 80253C20 (length = 8 bytes)
$ConstDouble_80244888 will be placed at 80253C28 (length = 8 bytes)
$ConstDouble_80244880 will be placed at 80253C30 (length = 8 bytes)
$ASCII_"pt64_69"_Literal will be placed at 80253C38 (length = 8 bytes)
$ASCII_"pt72_77"_Literal will be placed at 80253C40 (length = 8 bytes)
$ASCII_"pt14_19"_Literal will be placed at 80253C48 (length = 8 bytes)
$ASCII_"pt34_39"_Literal will be placed at 80253C50 (length = 8 bytes)
$ASCII_"pt22_27"_Literal will be placed at 80253C58 (length = 8 bytes)
$ASCII_"pt21_26"_Literal will be placed at 80253C60 (length = 8 bytes)
$ASCII_"pt73_78"_Literal will be placed at 80253C68 (length = 8 bytes)
$ASCII_"pt84_89"_Literal will be placed at 80253C70 (length = 8 bytes)
$ASCII_"pt92_97"_Literal will be placed at 80253C78 (length = 8 bytes)
$ASCII_"pt_75"_Literal will be placed at 80253C80 (length = 8 bytes)
$ASCII_"pt53_58"_Literal will be placed at 80253C88 (length = 8 bytes)
$ASCII_"pt41_46"_Literal will be placed at 80253C90 (length = 8 bytes)
$ASCII_"pt61_66"_Literal will be placed at 80253C98 (length = 8 bytes)
$ASCII_"pt32_37"_Literal will be placed at 80253CA0 (length = 8 bytes)
$ASCII_"pt_15"_Literal will be placed at 80253CA8 (length = 8 bytes)
$ASCII_"pt11_16"_Literal will be placed at 80253CB0 (length = 8 bytes)
$ASCII_"pt_00"_Literal will be placed at 80253CB8 (length = 8 bytes)
$ASCII_"pt74_79"_Literal will be placed at 80253CC0 (length = 8 bytes)
$ASCII_"pt_25"_Literal will be placed at 80253CC8 (length = 8 bytes)
$ASCII_"pt_35"_Literal will be placed at 80253CD0 (length = 8 bytes)
$ASCII_"pt71_76"_Literal will be placed at 80253CD8 (length = 8 bytes)
$ASCII_"pt42_47"_Literal will be placed at 80253CE0 (length = 8 bytes)
$ASCII_"pt13_18"_Literal will be placed at 80253CE8 (length = 8 bytes)
$ASCII_"pt_05"_Literal will be placed at 80253CF0 (length = 8 bytes)
$ASCII_"pt93_98"_Literal will be placed at 80253CF8 (length = 8 bytes)
$ASCII_"pt43_48"_Literal will be placed at 80253D00 (length = 8 bytes)
$ASCII_"pt51_56"_Literal will be placed at 80253D08 (length = 8 bytes)
$ASCII_"pt_55"_Literal will be placed at 80253D10 (length = 8 bytes)
$ASCII_"pt2_7"_Literal will be placed at 80253D18 (length = 8 bytes)
$ASCII_"pt12_17"_Literal will be placed at 80253D20 (length = 8 bytes)
$ASCII_"pt3_8"_Literal will be placed at 80253D28 (length = 8 bytes)
$ASCII_"pt_10"_Literal will be placed at 80253D30 (length = 8 bytes)
$ASCII_"tik_tex"_Literal will be placed at 80253D38 (length = 8 bytes)
$ASCII_"pt31_36"_Literal will be placed at 80253D40 (length = 8 bytes)
$ASCII_"pt63_68"_Literal will be placed at 80253D48 (length = 8 bytes)
$ASCII_"pt94_99"_Literal will be placed at 80253D50 (length = 8 bytes)
$ASCII_"pt82_87"_Literal will be placed at 80253D58 (length = 8 bytes)
$ASCII_"pt_45"_Literal will be placed at 80253D60 (length = 8 bytes)
$ASCII_"pt24_29"_Literal will be placed at 80253D68 (length = 8 bytes)
$MoverCancel will be placed at 80253C0C (length = 4 bytes)
$BanditMoverCancel will be placed at 80253D70 (length = 4 bytes)
$CloseDialogBubble will be placed at 80253D74 (length = 4 bytes)
Executing patch: pt_10.mpat
Creating struct: $DeepestLevel
Creating struct: $TotalLevels_Sign
Creating struct: $TotalLevels_CurrentPlaythrough
Creating struct: $LoadHighscores
Creating struct: $FallingDownPipe
Creating struct: $Function_GetPos
Creating struct: $Function2
Creating struct: $Script_TrackPlayer
Creating struct: $Script_PipeAnimation
Creating struct: $Function_SetAnimation
Creating struct: $Function_GetColliderPos
Creating struct: $Function_TrackInput
Creating struct: $GoToNextLevel
Creating struct: $GetFloorSign
Creating struct: $GetFloorSign_Rogue
Creating struct: $Function_GetTattle1
Creating struct: $Function_GetTattle2
Creating struct: $Script_ReadSign
Creating struct: $BadgeListRogue
Creating struct: $Function_SaveFlag
Creating struct: $BadgeList
Creating struct: $GetBadge
Creating struct: $CoinChest
Creating struct: $LoadChestFloor
Creating struct: $ShopperInteraction
Creating struct: $Script_Interact_Rowf_FloorZero
Creating struct: $Script_SetInventoryPrices
Creating struct: $InventoryAvailability
Creating struct: $LoadCoins
Creating struct: $LoadInventory
Creating struct: $Partner_Settings
Creating struct: $Init_NPC
Creating struct: $Script_CloseChest
Creating struct: $NPC_Cutscene1
Creating struct: $Script_GoombarioCS1
Creating struct: $SkipCutscene_GoombarioCS1
Creating struct: $NPC_Cutscene2
Creating struct: $Script_KooperCS1
Creating struct: $SkipCutscene_KooperCS1
Creating struct: $NPC_Cutscene3
Creating struct: $SkipCutscene_BombetteCS1
Creating struct: $Script_BombetteCS1
Creating struct: $NPC_Cutscene4
Creating struct: $Script_ParakarryCS1
Creating struct: $SkipCutscene_ParakarryCS1
Creating struct: $NPC_Cutscene5
Creating struct: $Script_BowCS1
Creating struct: $SkipCutscene_BowCS1
Creating struct: $Script_MarioAnimation0
Creating struct: $Script_MarioAnimation0_1
Creating struct: $Script_MarioAnimation0_2
Creating struct: $Script_MarioAnimation1
Creating struct: $NPC_Cutscene6
Creating struct: $Script_WattCS1
Creating struct: $SkipCutscene_WattCS1
Creating struct: $Script_WattThunder
Creating struct: $NPC_Cutscene7
Creating struct: $Script_SushieCS1
Creating struct: $SkipCutscene_SushieCS1
Creating struct: $NPC_Cutscene8
Creating struct: $Script_LakilesterCS1
Creating struct: $SkipCutscene_LakilesterCS1
Creating struct: $VectorList_Path_Lakilester
Creating struct: $Function_LoadPath
Creating struct: $Script_SetNPC
Creating struct: $Script_PlayPartnerMusic
Creating struct: $Script_StopPartnerMusic
Creating struct: $Explotion
Creating struct: $JoinedYourParty
Creating struct: $SetNPCtoPartner
Creating struct: $Header
Creating struct: $EntryList
Creating struct: $Function_Init
Creating struct: $Script_Main
Creating struct: $Script_RoguelikeHard_FloorZero_1stTime
Creating struct: $Script_CheckHPFPCap
Creating struct: $Function_GetPartnersUnlocked
Creating struct: $Function_GetPartnersUpgrades
Creating struct: $Script_EnableWaterTexture
Creating struct: $Script_80244A70
Creating struct: $Function_80240404
Creating struct: $Function_802402E0
Creating struct: $Script_SetPipesPosition
Creating struct: $Script_MakeEntities
Creating struct: $Script_MakeEntities_SaveFileLoaded
Creating struct: $Trigger_SaveBlock_Instructions
Creating struct: $Script_ChestAnimation
Creating struct: $Script_StretchChest
Creating struct: $Script_RotateChest
Creating struct: $Function_GetChestState
Creating struct: $Script_MoveChest
Creating struct: $Script_MakeEntities_Demo
Creating struct: $Script_EndDemo
Creating struct: $Function_SaveBetterTotalTime
Creating struct: $Script_ReadSignExit
Creating struct: $Script_ReadSignExit_Demo
Creating struct: $Script_UseChest
Creating struct: $SetSackFlag
Creating struct: $Script_OpenChest
Creating struct: $Script_GetItem
Creating struct: $CommingDownPipe
Creating struct: $PipeSpawning
Creating struct: $Script_MakeExits
Creating struct: $Script_Exit1
Creating struct: $Script_Exit0
Creating struct: $Script_Rogue_GiveTotalCoins
Creating struct: $PipeAnimationX
Creating struct: $Function_802400F0
Creating struct: $Function_80240000
Creating struct: $NpcGroups_FloorZero
Creating struct: $NpcGroups
Creating struct: $NpcGroup_Partners
Creating struct: $NpcGroup_Rowf
Creating struct: $Rowf_Settings
Creating struct: $Script_AI_Rowf
Creating struct: $InitShopper
Creating struct: $GotItem
Creating struct: $NpcGroup_Oaklie
Creating struct: $BlankSettings
Creating struct: $Script_Init_Oaklie_ChestFloor
Creating struct: $NpcGroup_Rippo
Creating struct: $Script_Init_Rippo
Creating struct: $NpcGroup_Dupli
Creating struct: $Script_Init_Dupli
Creating struct: $NpcGroup_Toad
Creating struct: $EnableInputs
Merged 1 regions to 1
$BadgeList will be placed at 80240000 (length = 2028 bytes)
$BadgeListRogue will be placed at 80242028 (length = 1350 bytes)
$GetBadge will be placed at 80243378 (length = 1244 bytes)
$NpcGroup_Partners will be placed at 802445BC (length = F80 bytes)
$Script_BowCS1 will be placed at 8024553C (length = E94 bytes)
$Script_MakeEntities will be placed at 802463D0 (length = CD4 bytes)
$GoToNextLevel will be placed at 802470A4 (length = B10 bytes)
$Script_Main will be placed at 80247BB4 (length = 978 bytes)
$Script_SetNPC will be placed at 8024852C (length = 864 bytes)
$NPC_Cutscene4 will be placed at 80248D90 (length = 780 bytes)
$Script_UseChest will be placed at 80249510 (length = 614 bytes)
$ShopperInteraction will be placed at 80249B24 (length = 4F8 bytes)
$Script_KooperCS1 will be placed at 8024A01C (length = 4D8 bytes)
$Script_SetInventoryPrices will be placed at 8024A4F4 (length = 4B0 bytes)
$PipeAnimationX will be placed at 8024A9A4 (length = 428 bytes)
$Script_BombetteCS1 will be placed at 8024ADCC (length = 424 bytes)
$FallingDownPipe will be placed at 8024B1F0 (length = 418 bytes)
$CoinChest will be placed at 8024B608 (length = 400 bytes)
$Script_GoombarioCS1 will be placed at 8024BA08 (length = 3F8 bytes)
$LoadChestFloor will be placed at 8024BE00 (length = 3E0 bytes)
$Script_SushieCS1 will be placed at 8024C1E0 (length = 3AC bytes)
$Script_Interact_Rowf_FloorZero will be placed at 8024C58C (length = 360 bytes)
$Script_WattCS1 will be placed at 8024C8EC (length = 334 bytes)
$Script_Rogue_GiveTotalCoins will be placed at 8024CC20 (length = 2FC bytes)
$Script_StretchChest will be placed at 8024CF1C (length = 2A8 bytes)
$Script_LakilesterCS1 will be placed at 8024D1C4 (length = 29C bytes)
$LoadInventory will be placed at 8024D460 (length = 254 bytes)
$Script_OpenChest will be placed at 8024D6B4 (length = 24C bytes)
$Script_RotateChest will be placed at 8024D900 (length = 21C bytes)
$SkipCutscene_BowCS1 will be placed at 8024DB1C (length = 1F4 bytes)
$NpcGroup_Rippo will be placed at 8024DD10 (length = 1F0 bytes)
$NpcGroup_Dupli will be placed at 8024DF00 (length = 1F0 bytes)
$NpcGroup_Oaklie will be placed at 8024E0F0 (length = 1F0 bytes)
$NpcGroup_Toad will be placed at 8024E2E0 (length = 1F0 bytes)
$NpcGroup_Rowf will be placed at 8024E4D0 (length = 1F0 bytes)
$Function_80240404 will be placed at 8024E6C0 (length = 1E8 bytes)
$SkipCutscene_KooperCS1 will be placed at 8024E8A8 (length = 1E4 bytes)
$SkipCutscene_WattCS1 will be placed at 8024EA8C (length = 1E4 bytes)
$SkipCutscene_BombetteCS1 will be placed at 8024EC70 (length = 1E4 bytes)
$SkipCutscene_LakilesterCS1 will be placed at 8024EE54 (length = 1E4 bytes)
$SkipCutscene_SushieCS1 will be placed at 8024F038 (length = 1E4 bytes)
$SkipCutscene_GoombarioCS1 will be placed at 8024F21C (length = 1E4 bytes)
$SkipCutscene_ParakarryCS1 will be placed at 8024F400 (length = 1C8 bytes)
$Script_PipeAnimation will be placed at 8024F5C8 (length = 1C4 bytes)
$PipeSpawning will be placed at 8024F78C (length = 1B8 bytes)
$String_SaveBlock1 will be placed at 8024F944 (length = 194 bytes)
$SetNPCtoPartner will be placed at 8024FAD8 (length = 184 bytes)
$JoinedYourParty will be placed at 8024FC5C (length = 17C bytes)
$Script_MoveChest will be placed at 8024FDD8 (length = 164 bytes)
$Init_NPC will be placed at 8024FF3C (length = 148 bytes)
$Script_ParakarryCS1 will be placed at 80250084 (length = 144 bytes)
$Script_TrackPlayer will be placed at 802501C8 (length = 144 bytes)
$String_Bombette_2 will be placed at 8025030C (length = 13C bytes)
$MapTattle5 will be placed at 80250448 (length = 13C bytes)
$Tattle_Dupli will be placed at 80250584 (length = 138 bytes)
$NPC_Cutscene3 will be placed at 802506BC (length = 138 bytes)
$MapTattle4 will be placed at 802507F4 (length = 130 bytes)
$String_FloorZero_FirsTime will be placed at 80250924 (length = 128 bytes)
$Function_SaveBetterTotalTime will be placed at 80250A4C (length = 128 bytes)
$NPC_Cutscene1 will be placed at 80250B74 (length = 128 bytes)
$NPC_Cutscene2 will be placed at 80250C9C (length = 128 bytes)
$NPC_Cutscene5 will be placed at 80250DC4 (length = 128 bytes)
$NPC_Cutscene7 will be placed at 80250EEC (length = 128 bytes)
$NPC_Cutscene8 will be placed at 80251014 (length = 128 bytes)
$Script_WattThunder will be placed at 8025113C (length = 124 bytes)
$Script_EnableWaterTexture will be placed at 80251260 (length = 124 bytes)
$Function_802402E0 will be placed at 80251384 (length = 124 bytes)
$Script_AI_Rowf will be placed at 802514A8 (length = 120 bytes)
$Script_MarioAnimation0_2 will be placed at 802515C8 (length = 120 bytes)
$String_Lakilester_3 will be placed at 802516E8 (length = 120 bytes)
$NPC_Cutscene6 will be placed at 80251808 (length = 118 bytes)
$SignStringExit_Demo will be placed at 80251920 (length = 114 bytes)
$Function_LoadPath will be placed at 80251A34 (length = 114 bytes)
$Script_MakeEntities_SaveFileLoaded will be placed at 80251B48 (length = FC bytes)
$ShopperTattle will be placed at 80251C44 (length = E8 bytes)
$DeepestLevel will be placed at 80251D2C (length = E4 bytes)
$Function_802400F0 will be placed at 80251E10 (length = E0 bytes)
$Function_GetColliderPos will be placed at 80251EF0 (length = E0 bytes)
$Function_GetPos will be placed at 80251FD0 (length = E0 bytes)
$TotalLevels_Sign will be placed at 802520B0 (length = DC bytes)
$MapTattle2 will be placed at 8025218C (length = D4 bytes)
$String_Goombario_3 will be placed at 80252260 (length = D0 bytes)
$String_Bow_2 will be placed at 80252330 (length = D0 bytes)
$Script_MarioAnimation0_1 will be placed at 80252400 (length = CC bytes)
$String_Watt_1 will be placed at 802524CC (length = C4 bytes)
$Script_MarioAnimation1 will be placed at 80252590 (length = C0 bytes)
$Script_CheckHPFPCap will be placed at 80252650 (length = C0 bytes)
$ShopperBye1 will be placed at 80252710 (length = C0 bytes)
$ShopperBye2 will be placed at 802527D0 (length = C0 bytes)
$Explotion will be placed at 80252890 (length = BC bytes)
$Function_TrackInput will be placed at 8025294C (length = BC bytes)
$Tattle_Oaklie will be placed at 80252A08 (length = B8 bytes)
$ShopperWelcome will be placed at 80252AC0 (length = B4 bytes)
$String_Bow_3 will be placed at 80252B74 (length = B4 bytes)
$MapTattle3 will be placed at 80252C28 (length = B0 bytes)
$Script_SetPipesPosition will be placed at 80252CD8 (length = B0 bytes)
$LoadHighscores will be placed at 80252D88 (length = B0 bytes)
$Script_MakeEntities_Demo will be placed at 80252E38 (length = AC bytes)
$MapTattle1 will be placed at 80252EE4 (length = A8 bytes)
$Function_GetPartnersUnlocked will be placed at 80252F8C (length = A4 bytes)
$String_Kooper_2 will be placed at 80253030 (length = A4 bytes)
$Function_GetPartnersUpgrades will be placed at 802530D4 (length = A4 bytes)
$Script_ReadSign will be placed at 80253178 (length = A0 bytes)
$String_Goombario_1 will be placed at 80253218 (length = A0 bytes)
$Script_80244A70 will be placed at 802532B8 (length = 9C bytes)
$String_Lakilester_1 will be placed at 80253354 (length = 98 bytes)
$CoinsString will be placed at 802533EC (length = 94 bytes)
$String_Parakarry_2 will be placed at 80253480 (length = 94 bytes)
$ShopperBuying will be placed at 80253514 (length = 94 bytes)
$String_Goombario_4 will be placed at 802535A8 (length = 88 bytes)
$String_Sushie_2 will be placed at 80253630 (length = 80 bytes)
$SignStringBug will be placed at 802536B0 (length = 7C bytes)
$String_Rogue_CoinsGained_Success2 will be placed at 8025372C (length = 78 bytes)
$Trigger_SaveBlock_Instructions will be placed at 802537A4 (length = 78 bytes)
$Function_GetChestState will be placed at 8025381C (length = 74 bytes)
$String_BlastRocks will be placed at 80253890 (length = 74 bytes)
$Tattle_Rippo will be placed at 80253904 (length = 74 bytes)
$Script_ChestAnimation will be placed at 80253978 (length = 74 bytes)
$String_Kooper_3 will be placed at 802539EC (length = 70 bytes)
$String_Sushie_3 will be placed at 80253A5C (length = 70 bytes)
$Rowf_NoSpace will be placed at 80253ACC (length = 6C bytes)
$Function2 will be placed at 80253B38 (length = 6C bytes)
$Function_SetAnimation will be placed at 80253BA4 (length = 6C bytes)
$AfterBuying will be placed at 80253C10 (length = 68 bytes)
$String_Bow_5 will be placed at 80253C78 (length = 68 bytes)
$Script_RoguelikeHard_FloorZero_1stTime will be placed at 80253CE0 (length = 64 bytes)
$Function_GetTattle1 will be placed at 80253D44 (length = 60 bytes)
$String_Lakilester_2 will be placed at 80253DA4 (length = 60 bytes)
$Script_EndDemo will be placed at 80253E04 (length = 5C bytes)
$String_Sushie_4 will be placed at 80253E60 (length = 5C bytes)
$String_Bow_4 will be placed at 80253EBC (length = 5C bytes)
$NpcGroups will be placed at 80253F18 (length = 54 bytes)
$Script_GetItem will be placed at 80253F6C (length = 54 bytes)
$String_GoBack will be placed at 80253FC0 (length = 54 bytes)
$String_Watt_2 will be placed at 80254014 (length = 4C bytes)
$Script_MarioAnimation0 will be placed at 80254060 (length = 48 bytes)
$CommingDownPipe will be placed at 802540A8 (length = 48 bytes)
$GetFloorSign will be placed at 802540F0 (length = 48 bytes)
$Script_ReadSignExit_Demo will be placed at 80254138 (length = 48 bytes)
$String_Parakarry_3 will be placed at 80254180 (length = 48 bytes)
$StrangeSackBadge will be placed at 802541C8 (length = 48 bytes)
$String_Kooper_1 will be placed at 80254210 (length = 48 bytes)
$Script_ReadSignExit will be placed at 80254258 (length = 48 bytes)
$Script_Exit1 will be placed at 802542A0 (length = 48 bytes)
$Script_Exit0 will be placed at 802542E8 (length = 48 bytes)
$Script_MakeExits will be placed at 80254330 (length = 48 bytes)
$GetFloorSign_Rogue will be placed at 80254378 (length = 48 bytes)
$Function_SaveFlag will be placed at 802543C0 (length = 44 bytes)
$String_Watt_3 will be placed at 80254404 (length = 44 bytes)
$NoCoins will be placed at 80254448 (length = 44 bytes)
$Function_Init will be placed at 8025448C (length = 40 bytes)
$ShopperCancel will be placed at 802544CC (length = 40 bytes)
$Header will be placed at 8025450C (length = 40 bytes)
$EntryList will be placed at 8025454C (length = 40 bytes)
$String_Goombario_2 will be placed at 8025458C (length = 40 bytes)
$Function_GetTattle2 will be placed at 802545CC (length = 3C bytes)
$VectorList_Path_Lakilester will be placed at 80254608 (length = 3C bytes)
$Script_StopPartnerMusic will be placed at 80254644 (length = 3C bytes)
$String_Bombette_1 will be placed at 80254680 (length = 34 bytes)
$Script_PlayPartnerMusic will be placed at 802546B4 (length = 34 bytes)
$String_Bombette_3 will be placed at 802546E8 (length = 30 bytes)
$Rowf_Settings will be placed at 80254718 (length = 2C bytes)
$InventoryAvailability will be placed at 80254744 (length = 2C bytes)
$BlankSettings will be placed at 80254770 (length = 2C bytes)
$EnableInputs will be placed at 8025479C (length = 2C bytes)
$Partner_Settings will be placed at 802547C8 (length = 2C bytes)
$LoadCoins will be placed at 802547F4 (length = 2C bytes)
$String_Parakarry_1 will be placed at 80254820 (length = 28 bytes)
$GotItem will be placed at 80254848 (length = 28 bytes)
$InitShopper will be placed at 80254870 (length = 24 bytes)
$Script_Init_Dupli will be placed at 80254894 (length = 24 bytes)
$Script_Init_Rippo will be placed at 802548B8 (length = 24 bytes)
$NpcGroups_FloorZero will be placed at 802548DC (length = 24 bytes)
$SignStringExit will be placed at 80254900 (length = 20 bytes)
$Function_80240000 will be placed at 80254920 (length = 20 bytes)
$TotalLevels_CurrentPlaythrough will be placed at 80254940 (length = 1C bytes)
$Script_CloseChest will be placed at 8025495C (length = 1C bytes)
$SignString will be placed at 80254978 (length = 18 bytes)
$String_Sushie_1 will be placed at 80254990 (length = 18 bytes)
$SetSackFlag will be placed at 802549A8 (length = 14 bytes)
$ShopperAccepted will be placed at 802549BC (length = 14 bytes)
$String_Goombario_0 will be placed at 802549D0 (length = 14 bytes)
$ASCII_"party_resa"_Literal will be placed at 802549E4 (length = 10 bytes)
$ASCII_"party_pokopi"_Literal will be placed at 802549F4 (length = 10 bytes)
$ASCII_"party_kameki"_Literal will be placed at 80254A04 (length = 10 bytes)
$Script_Init_Oaklie_ChestFloor will be placed at 80254A14 (length = 10 bytes)
$ASCII_"party_pareta"_Literal will be placed at 80254A24 (length = 10 bytes)
$ASCII_"party_kurio"_Literal will be placed at 80254A34 (length = C bytes)
$ASCII_"pt_100"_Literal will be placed at 80254A40 (length = C bytes)
$ASCII_"party_pinki"_Literal will be placed at 80254A4C (length = C bytes)
$ASCII_"dmo_00"_Literal will be placed at 80254A58 (length = C bytes)
$ASCII_"party_opuku"_Literal will be placed at 80254A64 (length = C bytes)
$String_Bow_1 will be placed at 80254A70 (length = C bytes)
$ASCII_"party_akari"_Literal will be placed at 80254A7C (length = C bytes)
$ASCII_"pt_85"_Literal will be placed at 80254A88 (length = 8 bytes)
$ASCII_"pt91_96"_Literal will be placed at 80254A90 (length = 8 bytes)
$ASCII_"pt62_67"_Literal will be placed at 80254A98 (length = 8 bytes)
$ASCII_"pt33_38"_Literal will be placed at 80254AA0 (length = 8 bytes)
$ASCII_"pt1_6"_Literal will be placed at 80254AA8 (length = 8 bytes)
$ASCII_"pt_95"_Literal will be placed at 80254AB0 (length = 8 bytes)
$ASCII_"pt4_9"_Literal will be placed at 80254AB8 (length = 8 bytes)
$ASCII_"pt_65"_Literal will be placed at 80254AC0 (length = 8 bytes)
$ASCII_"pt44_49"_Literal will be placed at 80254AC8 (length = 8 bytes)
$ASCII_"pt81_86"_Literal will be placed at 80254AD0 (length = 8 bytes)
$ASCII_"pt_80"_Literal will be placed at 80254AD8 (length = 8 bytes)
$ASCII_"pt52_57"_Literal will be placed at 80254AE0 (length = 8 bytes)
$ASCII_"pt23_28"_Literal will be placed at 80254AE8 (length = 8 bytes)
$ASCII_"pt_50"_Literal will be placed at 80254AF0 (length = 8 bytes)
$ASCII_"pt83_88"_Literal will be placed at 80254AF8 (length = 8 bytes)
$ASCII_"pt54_59"_Literal will be placed at 80254B00 (length = 8 bytes)
$ASCII_"pt64_69"_Literal will be placed at 80254B08 (length = 8 bytes)
$ASCII_"pt72_77"_Literal will be placed at 80254B10 (length = 8 bytes)
$ASCII_"pt14_19"_Literal will be placed at 80254B18 (length = 8 bytes)
$ASCII_"pt34_39"_Literal will be placed at 80254B20 (length = 8 bytes)
$ASCII_"pt22_27"_Literal will be placed at 80254B28 (length = 8 bytes)
$ASCII_"pt21_26"_Literal will be placed at 80254B30 (length = 8 bytes)
$ASCII_"pt73_78"_Literal will be placed at 80254B38 (length = 8 bytes)
$ASCII_"pt84_89"_Literal will be placed at 80254B40 (length = 8 bytes)
$ASCII_"pt92_97"_Literal will be placed at 80254B48 (length = 8 bytes)
$ASCII_"pt_75"_Literal will be placed at 80254B50 (length = 8 bytes)
$ASCII_"pt53_58"_Literal will be placed at 80254B58 (length = 8 bytes)
$ASCII_"pt41_46"_Literal will be placed at 80254B60 (length = 8 bytes)
$ASCII_"pt61_66"_Literal will be placed at 80254B68 (length = 8 bytes)
$ASCII_"pt32_37"_Literal will be placed at 80254B70 (length = 8 bytes)
$ASCII_"pt_15"_Literal will be placed at 80254B78 (length = 8 bytes)
$ASCII_"pt11_16"_Literal will be placed at 80254B80 (length = 8 bytes)
$ASCII_"pt_00"_Literal will be placed at 80254B88 (length = 8 bytes)
$ASCII_"pt74_79"_Literal will be placed at 80254B90 (length = 8 bytes)
$ASCII_"pt_25"_Literal will be placed at 80254B98 (length = 8 bytes)
$ASCII_"pt_35"_Literal will be placed at 80254BA0 (length = 8 bytes)
$ASCII_"pt71_76"_Literal will be placed at 80254BA8 (length = 8 bytes)
$ASCII_"pt42_47"_Literal will be placed at 80254BB0 (length = 8 bytes)
$ASCII_"pt13_18"_Literal will be placed at 80254BB8 (length = 8 bytes)
$ASCII_"pt_05"_Literal will be placed at 80254BC0 (length = 8 bytes)
$ASCII_"pt93_98"_Literal will be placed at 80254BC8 (length = 8 bytes)
$ASCII_"pt43_48"_Literal will be placed at 80254BD0 (length = 8 bytes)
$ASCII_"pt51_56"_Literal will be placed at 80254BD8 (length = 8 bytes)
$ASCII_"pt_55"_Literal will be placed at 80254BE0 (length = 8 bytes)
$ASCII_"pt2_7"_Literal will be placed at 80254BE8 (length = 8 bytes)
$ASCII_"pt12_17"_Literal will be placed at 80254BF0 (length = 8 bytes)
$ASCII_"pt3_8"_Literal will be placed at 80254BF8 (length = 8 bytes)
$ASCII_"pt_10"_Literal will be placed at 80254C00 (length = 8 bytes)
$ASCII_"tik_tex"_Literal will be placed at 80254C08 (length = 8 bytes)
$ASCII_"pt31_36"_Literal will be placed at 80254C10 (length = 8 bytes)
$ASCII_"pt63_68"_Literal will be placed at 80254C18 (length = 8 bytes)
$ASCII_"pt94_99"_Literal will be placed at 80254C20 (length = 8 bytes)
$ASCII_"pt82_87"_Literal will be placed at 80254C28 (length = 8 bytes)
$ASCII_"pt_45"_Literal will be placed at 80254C30 (length = 8 bytes)
$ASCII_"pt24_29"_Literal will be placed at 80254C38 (length = 8 bytes)
$CloseDialogBubble will be placed at 80254C40 (length = 4 bytes)
Executing patch: pt_100.mpat
Creating struct: $DeepestLevel
Creating struct: $TotalLevels_Sign
Creating struct: $TotalLevels_CurrentPlaythrough
Creating struct: $LoadHighscores
Creating struct: $FallingDownPipe
Creating struct: $Function_GetPos
Creating struct: $Function2
Creating struct: $Script_Init_EnemyNPC
Creating struct: $Script_Init_Lakitu
Creating struct: $Script_TrackOutcome
Creating struct: $Script_LakituOutcome
Creating struct: $Script_FloorEnemy_Idle
Creating struct: $Script_Rogue_GiveTotalCoins
Creating struct: $Script_SetEnemyIdle
Creating struct: $Script_AddCoins
Creating struct: $NPC_Settings_Sack
Creating struct: $Script_Init_Bag
Creating struct: $Script_Init_Bag_HitBox
Creating struct: $Script_NPC_SackHit_Init
Creating struct: $Script_NPC_Sack_FX
Creating struct: $NPC_Sack_AnimationStart
Creating struct: $NPC_Sack_AnimationEnd
Creating struct: $Script_SackAnimation_SackAppears_100
Creating struct: $Script_SackAnimation_Start_GoToTheRight
Creating struct: $Script_SackAnimation_Start_GoToTheLeft
Creating struct: $Script_SackAnimation_End_Right
Creating struct: $Script_SackAnimation_End_Left
Creating struct: $Function_LoadMarioCoins
Creating struct: $Function_LoadCoinsLosted
Creating struct: $Function_SaveCoinsLosted
Creating struct: $Function_ResetCoinsLosted
Creating struct: $Function_LoadGainedCoins
Creating struct: $Function_RevivePlayer
Creating struct: $AISettings_MoneySack
Creating struct: $Script_NpcAI_MoneySack
Creating struct: $JumpTable_80242448
Creating struct: $Function_NpcAI_MoneySack
Creating struct: $Function_80240260
Creating struct: $Function_80240844
Creating struct: $Function_802409A8
Creating struct: $GetFloorSign
Creating struct: $GetFloorSign_Rogue
Creating struct: $Function_GetTattle1
Creating struct: $Function_GetTattle2
Creating struct: $Script_ReadSign
Creating struct: $BadgeListRogue
Creating struct: $Function_SaveFlag
Creating struct: $BadgeList
Creating struct: $GetBadge
Creating struct: $CoinChest
Creating struct: $LoadChestFloor
Creating struct: $Header
Creating struct: $EntryList
Creating struct: $Function_Init
Creating struct: $Function_GetTattle
Creating struct: $Script_Main
Creating struct: $Script_SetPipesPosition
Creating struct: $NpcGroups_Bonetail
Creating struct: $NpcGroups_RubyKing
Creating struct: $NpcGroup_Bonetail
Creating struct: $NpcGroup_RubyKing
Creating struct: $NpcGroup_Mistar
Creating struct: $Script_Init_Mistar
Creating struct: $NpcGroup_MoneyBag
Creating struct: $NpcSettings_Bonetail
Creating struct: $Script_Init_Bonetail
Creating struct: $Script_Bonetail_Idle
Creating struct: $Script_Cutscene_Bonetail
Creating struct: $Script_Cutscene_Bonetail2
Creating struct: $Script_Partner_Dialog1
Creating struct: $SkipCutscene_Bonetail
Creating struct: $SkipCutscene_Bonetail2
Creating struct: $Script_TrackOutcome_Boss
Creating struct: $Function_SaveBetterTotalTime_Rogue
Creating struct: $Function_SaveBetterTotalTime_Classic
Creating struct: $Script_Init_RubyKing
Creating struct: $Script_RubyKing_Idle
Creating struct: $Script_Cutscene_Ruby
Creating struct: $Script_Cutscene_Ruby2
Creating struct: $SkipCutscene_Ruby
Creating struct: $SkipCutscene_Ruby2
Creating struct: $PipeSpawning
Creating struct: $Script_MakeEntities
Creating struct: $VectorList_ChestPath
Creating struct: $ChestPath
Creating struct: $Script_UseChest
Creating struct: $Script_OpenChest
Creating struct: $Script_Cutscene_PitBeated1
Creating struct: $SkipCutscene_PitBeated1
Creating struct: $Script_EverythingBeated
Creating struct: $Script_Cutscene_Mistar1
Creating struct: $SkipCutscene_Mistar1
Creating struct: $Script_GetItem
Creating struct: $Script_MakeExits
Creating struct: $CommingDownPipe
Creating struct: $Script_Exit0
Creating struct: $PipeAnimationX
Creating struct: $Function_802400F0
Creating struct: $Function_8024023C
Creating struct: $Function_80240000
Creating struct: $EnableInputs
Creating struct: $GetPos
Creating struct: $Function_80241204
Merged 1 regions to 1
$BadgeList will be placed at 80240000 (length = 2028 bytes)
$BadgeListRogue will be placed at 80242028 (length = 1350 bytes)
$GetBadge will be placed at 80243378 (length = 1244 bytes)
$Script_Cutscene_Mistar1 will be placed at 802445BC (length = B24 bytes)
$Script_MakeEntities will be placed at 802450E0 (length = A18 bytes)
$Script_TrackOutcome_Boss will be placed at 80245AF8 (length = 94C bytes)
$Script_OpenChest will be placed at 80246444 (length = 840 bytes)
$Script_EverythingBeated will be placed at 80246C84 (length = 698 bytes)
$Script_SetEnemyIdle will be placed at 8024731C (length = 674 bytes)
$Function_80240260 will be placed at 80247990 (length = 5E4 bytes)
$FallingDownPipe will be placed at 80247F74 (length = 418 bytes)
$CoinChest will be placed at 8024838C (length = 400 bytes)
$LoadChestFloor will be placed at 8024878C (length = 3E0 bytes)
$Script_Cutscene_Bonetail will be placed at 80248B6C (length = 3E0 bytes)
$NpcGroup_MoneyBag will be placed at 80248F4C (length = 3E0 bytes)
$Script_Cutscene_Ruby will be placed at 8024932C (length = 3B8 bytes)
$Script_FloorEnemy_Idle will be placed at 802496E4 (length = 388 bytes)
$PipeAnimationX will be placed at 80249A6C (length = 368 bytes)
$Script_LakituOutcome will be placed at 80249DD4 (length = 30C bytes)
$SkipCutscene_Ruby will be placed at 8024A0E0 (length = 300 bytes)
$SkipCutscene_Ruby2 will be placed at 8024A3E0 (length = 300 bytes)
$Script_Rogue_GiveTotalCoins will be placed at 8024A6E0 (length = 2FC bytes)
$SkipCutscene_Bonetail will be placed at 8024A9DC (length = 2D4 bytes)
$SkipCutscene_Bonetail2 will be placed at 8024ACB0 (length = 2C4 bytes)
$Script_Main will be placed at 8024AF74 (length = 2B4 bytes)
$Script_TrackOutcome will be placed at 8024B228 (length = 288 bytes)
$SkipCutscene_Mistar1 will be placed at 8024B4B0 (length = 25C bytes)
$Function_NpcAI_MoneySack will be placed at 8024B70C (length = 238 bytes)
$Script_SackAnimation_Start_GoToTheRight will be placed at 8024B944 (length = 230 bytes)
$Script_Cutscene_Ruby2 will be placed at 8024BB74 (length = 204 bytes)
$Script_SackAnimation_Start_GoToTheLeft will be placed at 8024BD78 (length = 1F8 bytes)
$NpcGroup_Mistar will be placed at 8024BF70 (length = 1F0 bytes)
$NpcGroup_Bonetail will be placed at 8024C160 (length = 1F0 bytes)
$NpcGroup_RubyKing will be placed at 8024C350 (length = 1F0 bytes)
$ChestPath will be placed at 8024C540 (length = 1BC bytes)
$SkipCutscene_PitBeated1 will be placed at 8024C6FC (length = 1BC bytes)
$Script_Bonetail_Idle will be placed at 8024C8B8 (length = 1B4 bytes)
$Script_RubyKing_Idle will be placed at 8024CA6C (length = 1B4 bytes)
$Script_UseChest will be placed at 8024CC20 (length = 1A4 bytes)
$Script_NPC_SackHit_Init will be placed at 8024CDC4 (length = 198 bytes)
$Script_Partner_Dialog1 will be placed at 8024CF5C (length = 194 bytes)
$String_Mistar_16 will be placed at 8024D0F0 (length = 190 bytes)
$JumpTable_80242448 will be placed at 8024D280 (length = 190 bytes)
$NPC_Sack_AnimationStart will be placed at 8024D410 (length = 168 bytes)
$Function_80240844 will be placed at 8024D578 (length = 164 bytes)
$Script_SackAnimation_End_Right will be placed at 8024D6DC (length = 158 bytes)
$Script_SackAnimation_End_Left will be placed at 8024D834 (length = 150 bytes)
$String_Mistar_19_Beta will be placed at 8024D984 (length = 140 bytes)
$MapTattle5 will be placed at 8024DAC4 (length = 13C bytes)
$MapTattle4 will be placed at 8024DC00 (length = 130 bytes)
$Function_SaveBetterTotalTime_Rogue will be placed at 8024DD30 (length = 128 bytes)
$Function_SaveBetterTotalTime_Classic will be placed at 8024DE58 (length = 128 bytes)
$String_Mistar_12 will be placed at 8024DF80 (length = 100 bytes)
$Script_SackAnimation_SackAppears_100 will be placed at 8024E080 (length = 100 bytes)
$String_Mistar_9 will be placed at 8024E180 (length = F8 bytes)
$Script_Cutscene_Bonetail2 will be placed at 8024E278 (length = E8 bytes)
$MapTattle will be placed at 8024E360 (length = E8 bytes)
$String_Mistar_18 will be placed at 8024E448 (length = E4 bytes)
$DeepestLevel will be placed at 8024E52C (length = E4 bytes)
$Function_802400F0 will be placed at 8024E610 (length = E0 bytes)
$Function_GetPos will be placed at 8024E6F0 (length = E0 bytes)
$TotalLevels_Sign will be placed at 8024E7D0 (length = DC bytes)
$String_Mistar_15 will be placed at 8024E8AC (length = D8 bytes)
$MapTattle2 will be placed at 8024E984 (length = D4 bytes)
$NPC_Sack_AnimationEnd will be placed at 8024EA58 (length = D4 bytes)
$String_Mistar_10 will be placed at 8024EB2C (length = B8 bytes)
$Script_NpcAI_MoneySack will be placed at 8024EBE4 (length = B8 bytes)
$MapTattle3 will be placed at 8024EC9C (length = B0 bytes)
$String_Mistar_17 will be placed at 8024ED4C (length = B0 bytes)
$LoadHighscores will be placed at 8024EDFC (length = B0 bytes)
$MapTattle1 will be placed at 8024EEAC (length = A8 bytes)
$Script_AddCoins will be placed at 8024EF54 (length = A8 bytes)
$Function_8024023C will be placed at 8024EFFC (length = A4 bytes)
$String_Mistar_8 will be placed at 8024F0A0 (length = A4 bytes)
$Script_NPC_Sack_FX will be placed at 8024F144 (length = A4 bytes)
$Script_ReadSign will be placed at 8024F1E8 (length = A0 bytes)
$GetPos will be placed at 8024F288 (length = 9C bytes)
$String_Mario_PitBeated_1stTime will be placed at 8024F324 (length = 9C bytes)
$Function_80241204 will be placed at 8024F3C0 (length = 94 bytes)
$CoinsString will be placed at 8024F454 (length = 94 bytes)
$String_Mistar_11 will be placed at 8024F4E8 (length = 80 bytes)
$String_Mistar_13 will be placed at 8024F568 (length = 80 bytes)
$String_Mistar_5 will be placed at 8024F5E8 (length = 80 bytes)
$SignStringBug will be placed at 8024F668 (length = 7C bytes)
$String_Rogue_CoinsGained_Success will be placed at 8024F6E4 (length = 78 bytes)
$Function2 will be placed at 8024F75C (length = 6C bytes)
$Script_Cutscene_PitBeated1 will be placed at 8024F7C8 (length = 68 bytes)
$CommingDownPipe will be placed at 8024F830 (length = 64 bytes)
$Function_GetTattle1 will be placed at 8024F894 (length = 60 bytes)
$Script_SetPipesPosition will be placed at 8024F8F4 (length = 58 bytes)
$Script_Init_Bonetail will be placed at 8024F94C (length = 54 bytes)
$Script_GetItem will be placed at 8024F9A0 (length = 54 bytes)
$String_Mistar_14 will be placed at 8024F9F4 (length = 4C bytes)
$String_Mistar_3 will be placed at 8024FA40 (length = 4C bytes)
$String_Mistar_7 will be placed at 8024FA8C (length = 4C bytes)
$GetFloorSign will be placed at 8024FAD8 (length = 48 bytes)
$GetFloorSign_Rogue will be placed at 8024FB20 (length = 48 bytes)
$Function_SaveFlag will be placed at 8024FB68 (length = 44 bytes)
$Function_802409A8 will be placed at 8024FBAC (length = 44 bytes)
$String_Mistar_6 will be placed at 8024FBF0 (length = 44 bytes)
$String_Mistar_19 will be placed at 8024FC34 (length = 40 bytes)
$Header will be placed at 8024FC74 (length = 40 bytes)
$Function_LoadCoinsLosted will be placed at 8024FCB4 (length = 40 bytes)
$String_Mistar_2 will be placed at 8024FCF4 (length = 40 bytes)
$Function_LoadMarioCoins will be placed at 8024FD34 (length = 40 bytes)
$Function_LoadGainedCoins will be placed at 8024FD74 (length = 40 bytes)
$Function_GetTattle2 will be placed at 8024FDB4 (length = 3C bytes)
$Function_Init will be placed at 8024FDF0 (length = 3C bytes)
$String_Partner_Start will be placed at 8024FE2C (length = 3C bytes)
$Script_Exit0 will be placed at 8024FE68 (length = 3C bytes)
$Script_Init_RubyKing will be placed at 8024FEA4 (length = 38 bytes)
$Script_Init_Bag will be placed at 8024FEDC (length = 38 bytes)
$Script_Init_Bag_HitBox will be placed at 8024FF14 (length = 38 bytes)
$String_Mistar_4 will be placed at 8024FF4C (length = 34 bytes)
$EntryList will be placed at 8024FF80 (length = 30 bytes)
$AISettings_MoneySack will be placed at 8024FFB0 (length = 30 bytes)
$NpcGroups_RubyKing will be placed at 8024FFE0 (length = 30 bytes)
$NpcGroups_Bonetail will be placed at 80250010 (length = 30 bytes)
$NPC_Settings_Sack will be placed at 80250040 (length = 2C bytes)
$NpcSettings_Bonetail will be placed at 8025006C (length = 2C bytes)
$Function_RevivePlayer will be placed at 80250098 (length = 2C bytes)
$EnableInputs will be placed at 802500C4 (length = 2C bytes)
$Script_MakeExits will be placed at 802500F0 (length = 2C bytes)
$Function_SaveCoinsLosted will be placed at 8025011C (length = 28 bytes)
$VectorList_ChestPath will be placed at 80250144 (length = 24 bytes)
$Script_Init_EnemyNPC will be placed at 80250168 (length = 24 bytes)
$String_CoinsGained will be placed at 8025018C (length = 24 bytes)
$String_Mistar_1 will be placed at 802501B0 (length = 24 bytes)
$Script_Init_Lakitu will be placed at 802501D4 (length = 24 bytes)
$Function_80240000 will be placed at 802501F8 (length = 20 bytes)
$TotalLevels_CurrentPlaythrough will be placed at 80250218 (length = 1C bytes)
$SignString will be placed at 80250234 (length = 18 bytes)
$Script_Init_Mistar will be placed at 8025024C (length = 10 bytes)
$PipeSpawning will be placed at 8025025C (length = 10 bytes)
$Function_ResetCoinsLosted will be placed at 8025026C (length = 10 bytes)
$ASCII_"pre_03"_Literal will be placed at 8025027C (length = C bytes)
$ASCII_"dmo_00"_Literal will be placed at 80250288 (length = C bytes)
$Function_GetTattle will be placed at 80250294 (length = C bytes)
$ASCII_"pt_00"_Literal will be placed at 802502A0 (length = 8 bytes)
$ASCII_"bp_00"_Literal will be placed at 802502A8 (length = 8 bytes)
$ASCII_"tik_tex"_Literal will be placed at 802502B0 (length = 8 bytes)
Executing patch: pt_15.mpat
Creating struct: $DeepestLevel
Creating struct: $TotalLevels_Sign
Creating struct: $TotalLevels_CurrentPlaythrough
Creating struct: $LoadHighscores
Creating struct: $FallingDownPipe
Creating struct: $Function_GetPos
Creating struct: $Function2
Creating struct: $SetSpawns
Creating struct: $Script_Set_Formation
Creating struct: $Function_OverwriteBattleID
Creating struct: $Script_SetMover
Creating struct: $Script_MapID_Converter
Creating struct: $Script_LoadOdds
Creating struct: $Script_LoadMoverType
Creating struct: $Script_SpawnMover
Creating struct: $Script_SetNPCPos
Creating struct: $Function_Load_MapID
Creating struct: $SwitchPath
Creating struct: $VectorList_SwitchPath
Creating struct: $GetPos
Creating struct: $DispawnPartner
Creating struct: $RespawnPartner
Creating struct: $LoadMap
Creating struct: $GetFloor
Creating struct: $LoadMapBandit
Creating struct: $GetFloorBandit
Creating struct: $SetSpawnsSpecial
Creating struct: $Script_SetMover_Special
Creating struct: $Script_SpawnMover_Special
Creating struct: $Script_Set_SpecialFormation
Creating struct: $Function_LoadCoinsInToVar1
Creating struct: $Script_SetSpawnPosition
Creating struct: $Script_Init_EnemyNPC
Creating struct: $Script_Init_Lakitu
Creating struct: $Script_TrackOutcome
Creating struct: $Script_LakituOutcome
Creating struct: $Script_FloorEnemy_Idle
Creating struct: $Script_Rogue_GiveTotalCoins
Creating struct: $Script_SetEnemyIdle
Creating struct: $Script_AddCoins
Creating struct: $NPC_Settings_Sack
Creating struct: $Script_Init_Bag
Creating struct: $Script_Init_Bag_HitBox
Creating struct: $Script_NPC_SackHit_Init
Creating struct: $Script_NPC_Sack_FX
Creating struct: $NPC_Sack_AnimationStart
Creating struct: $NPC_Sack_AnimationEnd
Creating struct: $Script_SackAnimation_SackAppears_100
Creating struct: $Script_SackAnimation_Start_GoToTheRight
Creating struct: $Script_SackAnimation_Start_GoToTheLeft
Creating struct: $Script_SackAnimation_End_Right
Creating struct: $Script_SackAnimation_End_Left
Creating struct: $Function_LoadMarioCoins
Creating struct: $Function_LoadCoinsLosted
Creating struct: $Function_SaveCoinsLosted
Creating struct: $Function_ResetCoinsLosted
Creating struct: $Function_LoadGainedCoins
Creating struct: $Function_RevivePlayer
Creating struct: $AISettings_MoneySack
Creating struct: $Script_NpcAI_MoneySack
Creating struct: $JumpTable_80242448
Creating struct: $Function_NpcAI_MoneySack
Creating struct: $Function_80240260
Creating struct: $Function_80240844
Creating struct: $Function_802409A8
Creating struct: $Script_TrackPlayer
Creating struct: $Script_PipeAnimation
Creating struct: $Function_SetAnimation
Creating struct: $Function_GetColliderPos
Creating struct: $Function_TrackInput
Creating struct: $GoToNextLevel
Creating struct: $GetFloorSign
Creating struct: $GetFloorSign_Rogue
Creating struct: $Function_GetTattle1
Creating struct: $Function_GetTattle2
Creating struct: $Script_ReadSign
Creating struct: $NpcSettings_Blank
Creating struct: $NpcGroup_Spring1
Creating struct: $NpcGroup_Spring2
Creating struct: $NpcGroup_Spring3
Creating struct: $NpcGroup_Spring4
Creating struct: $NpcGroup_Spring5
Creating struct: $NpcGroup_Spring6
Creating struct: $NpcGroup_Spring7
Creating struct: $NpcGroup_Spring8
Creating struct: $NpcGroup_Spring9
Creating struct: $NpcGroup_Spring10
Creating struct: $Header
Creating struct: $Script_Main2_Wait
Creating struct: $Script_Main2_Exec
Creating struct: $Script_TrackEvents
Creating struct: $Script_Cutscene_Event
Creating struct: $SkipCutscene_Event
Creating struct: $Script_ZoomIn_Camera_X
Creating struct: $Script_Cutscene_Ruby_Init
Creating struct: $Script_Cutscene_Ruby2
Creating struct: $NpcGroupList_RubyCS
Creating struct: $NpcGroup_RubyCS
Creating struct: $NpcSettings_Generic
Creating struct: $Script_null
Creating struct: $Script_SpawnNPCs
Creating struct: $Function_ResetEnemiesFlag
Creating struct: $EntryList
Creating struct: $Function_Init
Creating struct: $NpcGroup_Mover
Creating struct: $BlankSettings
Creating struct: $Script_Init_Mover
Creating struct: $Interact_Mover
Creating struct: $Script_MoverWarpAnimation
Creating struct: $SkipCutscene_MoverWarpAnimation
Creating struct: $NpcGroup_BanditMover
Creating struct: $Script_Init_BanditMover
Creating struct: $Script_Bandit_StartBattle
Creating struct: $Interact_BanditMover
Creating struct: $Script_Warning_Mario
Creating struct: $Script_NoThanks_Bandit
Creating struct: $Script_ZoomIn_Camera
Creating struct: $Script_ZoomIn_Camera_2
Creating struct: $Script_ZoomIn_Camera_3
Creating struct: $NpcGroup_MoneyBag
Creating struct: $Script_SetPipesPosition
Creating struct: $Script_DisableNumbers
Creating struct: $Script_SetFloorNumbers
Creating struct: $Script_CheckBanditStatus1
Creating struct: $Script_Cutscene_BanditStatus1
Creating struct: $Script_CheckBanditStatus2
Creating struct: $Script_TrackOutcome_Bandit
Creating struct: $Script_Cutscene_BanditDefeated
Creating struct: $SkipCutscene_BanditDefeated
Creating struct: $Script_AddCoins_Bandit
Creating struct: $Function_LoadPath
Creating struct: $Script_ClosePartnerDialog
Creating struct: $PipeSpawning
Creating struct: $EnablePipeCollider
Creating struct: $Script_MakeEntities
Creating struct: $CommingDownPipe
Creating struct: $Function_TimerCurrentFloor
Creating struct: $Script_MakeExits
Creating struct: $Script_Exit0
Creating struct: $Script_Main
Creating struct: $NpcGroups
Creating struct: $NpcGroup1
Creating struct: $NpcGroup7
Creating struct: $NpcGroup_Enemy1
Creating struct: $ExtraAnimationList_Enemy1
Creating struct: $NpcSettings_Enemy1
Creating struct: $Script_EnemyAI
Creating struct: $AISettings_Enemy
Creating struct: $ConstDouble_80246CB0
Creating struct: $JumpTable_80246CB8
Creating struct: $Function_80241330
Creating struct: $Function_80240740
Creating struct: $Function_80240970
Creating struct: $Function_80240CA8
Creating struct: $Function_80240D68
Creating struct: $Function_80240F0C
Creating struct: $Function_80240FEC
Creating struct: $Function_802412EC
Creating struct: $Script_DisableEnemyAI
Creating struct: $AISettings_DisableEnemy
Merged 1 regions to 1
$Script_SetFloorNumbers will be placed at 80240000 (length = 128C bytes)
$NpcGroup_RubyCS will be placed at 8024128C (length = 1170 bytes)
$LoadMap will be placed at 802423FC (length = C04 bytes)
$LoadMapBandit will be placed at 80243000 (length = B80 bytes)
$GoToNextLevel will be placed at 80243B80 (length = B10 bytes)
$Script_Cutscene_BanditDefeated will be placed at 80244690 (length = B08 bytes)
$Script_SetEnemyIdle will be placed at 80245198 (length = 674 bytes)
$Script_MapID_Converter will be placed at 8024580C (length = 60C bytes)
$Script_Warning_Mario will be placed at 80245E18 (length = 608 bytes)
$Function_80240260 will be placed at 80246420 (length = 5E4 bytes)
$Script_SetNPCPos will be placed at 80246A04 (length = 4D0 bytes)
$Script_Cutscene_Ruby_Init will be placed at 80246ED4 (length = 490 bytes)
$FallingDownPipe will be placed at 80247364 (length = 418 bytes)
$Script_TrackEvents will be placed at 8024777C (length = 410 bytes)
$NpcGroup_MoneyBag will be placed at 80247B8C (length = 3E0 bytes)
$Interact_BanditMover will be placed at 80247F6C (length = 3D8 bytes)
$Script_CheckBanditStatus2 will be placed at 80248344 (length = 3D8 bytes)
$SkipCutscene_BanditDefeated will be placed at 8024871C (length = 3D8 bytes)
$Interact_Mover will be placed at 80248AF4 (length = 3CC bytes)
$Script_Set_SpecialFormation will be placed at 80248EC0 (length = 3B4 bytes)
$Script_FloorEnemy_Idle will be placed at 80249274 (length = 388 bytes)
$Function_80240970 will be placed at 802495FC (length = 338 bytes)
$Script_TrackOutcome_Bandit will be placed at 80249934 (length = 330 bytes)
$Script_LakituOutcome will be placed at 80249C64 (length = 30C bytes)
$Function_80240FEC will be placed at 80249F70 (length = 300 bytes)
$Script_Rogue_GiveTotalCoins will be placed at 8024A270 (length = 2FC bytes)
$Script_Set_Formation will be placed at 8024A56C (length = 2D4 bytes)
$PipeSpawning will be placed at 8024A840 (length = 2A0 bytes)
$Script_TrackOutcome will be placed at 8024AAE0 (length = 288 bytes)
$Script_Cutscene_Ruby2 will be placed at 8024AD68 (length = 258 bytes)
$Function_NpcAI_MoneySack will be placed at 8024AFC0 (length = 238 bytes)
$Function_80240740 will be placed at 8024B1F8 (length = 230 bytes)
$Script_SackAnimation_Start_GoToTheRight will be placed at 8024B428 (length = 230 bytes)
$Script_SetSpawnPosition will be placed at 8024B658 (length = 228 bytes)
$Script_Main2_Exec will be placed at 8024B880 (length = 228 bytes)
$Function_80241330 will be placed at 8024BAA8 (length = 224 bytes)
$Script_Cutscene_BanditStatus1 will be placed at 8024BCCC (length = 21C bytes)
$Script_LoadMoverType will be placed at 8024BEE8 (length = 214 bytes)
$Script_NoThanks_Bandit will be placed at 8024C0FC (length = 210 bytes)
$Script_SackAnimation_Start_GoToTheLeft will be placed at 8024C30C (length = 1F8 bytes)
$NpcGroup_Spring10 will be placed at 8024C504 (length = 1F0 bytes)
$NpcGroup_Enemy1 will be placed at 8024C6F4 (length = 1F0 bytes)
$NpcGroup_Spring1 will be placed at 8024C8E4 (length = 1F0 bytes)
$NpcGroup_Spring2 will be placed at 8024CAD4 (length = 1F0 bytes)
$NpcGroup_Spring3 will be placed at 8024CCC4 (length = 1F0 bytes)
$NpcGroup_Spring4 will be placed at 8024CEB4 (length = 1F0 bytes)
$NpcGroup_Spring5 will be placed at 8024D0A4 (length = 1F0 bytes)
$NpcGroup_Spring6 will be placed at 8024D294 (length = 1F0 bytes)
$NpcGroup_Spring7 will be placed at 8024D484 (length = 1F0 bytes)
$NpcGroup_Spring8 will be placed at 8024D674 (length = 1F0 bytes)
$NpcGroup_Spring9 will be placed at 8024D864 (length = 1F0 bytes)
$NpcGroup_Mover will be placed at 8024DA54 (length = 1F0 bytes)
$NpcGroup_BanditMover will be placed at 8024DC44 (length = 1F0 bytes)
$Script_PipeAnimation will be placed at 8024DE34 (length = 1C4 bytes)
$Function_80240D68 will be placed at 8024DFF8 (length = 1A4 bytes)
$Script_Cutscene_Event will be placed at 8024E19C (length = 198 bytes)
$Script_NPC_SackHit_Init will be placed at 8024E334 (length = 198 bytes)
$Script_ClosePartnerDialog will be placed at 8024E4CC (length = 194 bytes)
$JumpTable_80242448 will be placed at 8024E660 (length = 190 bytes)
$SkipCutscene_Event will be placed at 8024E7F0 (length = 188 bytes)
$Script_SpawnNPCs will be placed at 8024E978 (length = 174 bytes)
$NPC_Sack_AnimationStart will be placed at 8024EAEC (length = 168 bytes)
$Function_80240844 will be placed at 8024EC54 (length = 164 bytes)
$Script_SackAnimation_End_Right will be placed at 8024EDB8 (length = 158 bytes)
$Script_SackAnimation_End_Left will be placed at 8024EF10 (length = 150 bytes)
$Script_TrackPlayer will be placed at 8024F060 (length = 144 bytes)
$Script_CheckBanditStatus1 will be placed at 8024F1A4 (length = 13C bytes)
$MapTattle5 will be placed at 8024F2E0 (length = 13C bytes)
$MapTattle4 will be placed at 8024F41C (length = 130 bytes)
$BanditMover_Tattle will be placed at 8024F54C (length = 11C bytes)
$Function_LoadPath will be placed at 8024F668 (length = 114 bytes)
$Script_SackAnimation_SackAppears_100 will be placed at 8024F77C (length = 100 bytes)
$String_Partner_Event_1 will be placed at 8024F87C (length = FC bytes)
$Script_Main2_Wait will be placed at 8024F978 (length = F4 bytes)
$String_Warning2 will be placed at 8024FA6C (length = F0 bytes)
$Script_SetMover_Special will be placed at 8024FB5C (length = EC bytes)
$SetSpawnsSpecial will be placed at 8024FC48 (length = E8 bytes)
$SetSpawns will be placed at 8024FD30 (length = E8 bytes)
$String_Warning1 will be placed at 8024FE18 (length = E8 bytes)
$DeepestLevel will be placed at 8024FF00 (length = E4 bytes)
$Function_80240F0C will be placed at 8024FFE4 (length = E0 bytes)
$Function_GetColliderPos will be placed at 802500C4 (length = E0 bytes)
$Function_GetPos will be placed at 802501A4 (length = E0 bytes)
$TotalLevels_Sign will be placed at 80250284 (length = DC bytes)
$Script_SpawnMover_Special will be placed at 80250360 (length = DC bytes)
$GetFloor will be placed at 8025043C (length = DC bytes)
$Script_DisableNumbers will be placed at 80250518 (length = D8 bytes)
$MapTattle2 will be placed at 802505F0 (length = D4 bytes)
$NPC_Sack_AnimationEnd will be placed at 802506C4 (length = D4 bytes)
$Script_SetMover will be placed at 80250798 (length = D0 bytes)
$GetFloorBandit will be placed at 80250868 (length = D0 bytes)
$Script_AddCoins_Bandit will be placed at 80250938 (length = C8 bytes)
$GetPos will be placed at 80250A00 (length = C8 bytes)
$SkipCutscene_MoverWarpAnimation will be placed at 80250AC8 (length = C4 bytes)
$Function_Init will be placed at 80250B8C (length = C4 bytes)
$MoverStart will be placed at 80250C50 (length = C0 bytes)
$Function_80240CA8 will be placed at 80250D10 (length = C0 bytes)
$String_Warning3 will be placed at 80250DD0 (length = C0 bytes)
$Script_ZoomIn_Camera_3 will be placed at 80250E90 (length = BC bytes)
$Script_ZoomIn_Camera_2 will be placed at 80250F4C (length = BC bytes)
$Script_ZoomIn_Camera will be placed at 80251008 (length = BC bytes)
$Function_TrackInput will be placed at 802510C4 (length = BC bytes)
$String_Bandit_Defeated4 will be placed at 80251180 (length = B8 bytes)
$Script_MoverWarpAnimation will be placed at 80251238 (length = B8 bytes)
$Script_NpcAI_MoneySack will be placed at 802512F0 (length = B8 bytes)
$NpcGroups will be placed at 802513A8 (length = B4 bytes)
$Script_SpawnMover will be placed at 8025145C (length = B4 bytes)
$BanditMoverStart will be placed at 80251510 (length = B4 bytes)
$MapTattle3 will be placed at 802515C4 (length = B0 bytes)
$Script_LoadOdds will be placed at 80251674 (length = B0 bytes)
$Script_SetPipesPosition will be placed at 80251724 (length = B0 bytes)
$LoadHighscores will be placed at 802517D4 (length = B0 bytes)
$MapTattle1 will be placed at 80251884 (length = A8 bytes)
$Script_AddCoins will be placed at 8025192C (length = A8 bytes)
$SwitchPath will be placed at 802519D4 (length = A4 bytes)
$Script_NPC_Sack_FX will be placed at 80251A78 (length = A4 bytes)
$Tattle_Springkeeper will be placed at 80251B1C (length = A4 bytes)
$Script_ReadSign will be placed at 80251BC0 (length = A0 bytes)
$Script_ZoomIn_Camera_X will be placed at 80251C60 (length = A0 bytes)
$String_Bandit_Defeated9 will be placed at 80251D00 (length = 9C bytes)
$Script_Bandit_StartBattle will be placed at 80251D9C (length = 9C bytes)
$Script_Main will be placed at 80251E38 (length = 9C bytes)
$Mover_Tattle will be placed at 80251ED4 (length = 94 bytes)
$String_Bandit_Defeated3 will be placed at 80251F68 (length = 90 bytes)
$String_Bandit_Defeated8 will be placed at 80251FF8 (length = 8C bytes)
$BanditMover_Options2 will be placed at 80252084 (length = 84 bytes)
$BanditMover_Options will be placed at 80252108 (length = 84 bytes)
$String_Okay will be placed at 8025218C (length = 80 bytes)
$Function_TimerCurrentFloor will be placed at 8025220C (length = 7C bytes)
$SignStringBug will be placed at 80252288 (length = 7C bytes)
$String_Rogue_CoinsGained_Success will be placed at 80252304 (length = 78 bytes)
$Mover_Options will be placed at 8025237C (length = 78 bytes)
$Function2 will be placed at 802523F4 (length = 6C bytes)
$Function_SetAnimation will be placed at 80252460 (length = 6C bytes)
$String_Bandit_Defeated1 will be placed at 802524CC (length = 68 bytes)
$CommingDownPipe will be placed at 80252534 (length = 68 bytes)
$MoverEnd will be placed at 8025259C (length = 68 bytes)
$BanditMoverEnd will be placed at 80252604 (length = 68 bytes)
$String_Bandit_Defeated_Partner3 will be placed at 8025266C (length = 64 bytes)
$String_Bandit_Defeated_Partner2 will be placed at 802526D0 (length = 64 bytes)
$Function_GetTattle1 will be placed at 80252734 (length = 60 bytes)
$Function_OverwriteBattleID will be placed at 80252794 (length = 60 bytes)
$String_Bandit_Confrontation1 will be placed at 802527F4 (length = 5C bytes)
$BanditMoverNoCoins will be placed at 80252850 (length = 58 bytes)
$MoverNoCoins will be placed at 802528A8 (length = 58 bytes)
$String_Bandit_Defeated7 will be placed at 80252900 (length = 50 bytes)
$String_Bandit_Defeated_Partner4 will be placed at 80252950 (length = 50 bytes)
$EntryList will be placed at 802529A0 (length = 50 bytes)
$String_NoThanks will be placed at 802529F0 (length = 50 bytes)
$Script_Init_BanditMover will be placed at 80252A40 (length = 4C bytes)
$GetFloorSign will be placed at 80252A8C (length = 48 bytes)
$Function_Load_MapID will be placed at 80252AD4 (length = 48 bytes)
$GetFloorSign_Rogue will be placed at 80252B1C (length = 48 bytes)
$Script_MakeEntities will be placed at 80252B64 (length = 44 bytes)
$Function_802412EC will be placed at 80252BA8 (length = 44 bytes)
$Function_802409A8 will be placed at 80252BEC (length = 44 bytes)
$Function_LoadCoinsInToVar1 will be placed at 80252C30 (length = 44 bytes)
$String_Bandit_Defeated_Partner1 will be placed at 80252C74 (length = 40 bytes)
$Header will be placed at 80252CB4 (length = 40 bytes)
$Function_LoadCoinsLosted will be placed at 80252CF4 (length = 40 bytes)
$Function_LoadMarioCoins will be placed at 80252D34 (length = 40 bytes)
$Function_LoadGainedCoins will be placed at 80252D74 (length = 40 bytes)
$Function_GetTattle2 will be placed at 80252DB4 (length = 3C bytes)
$JumpTable_80246CB8 will be placed at 80252DF0 (length = 3C bytes)
$Script_Exit0 will be placed at 80252E2C (length = 3C bytes)
$Script_EnemyAI will be placed at 80252E68 (length = 3C bytes)
$Script_Init_Bag will be placed at 80252EA4 (length = 38 bytes)
$Script_Init_Bag_HitBox will be placed at 80252EDC (length = 38 bytes)
$String_Bandit_Confrotation_Bye will be placed at 80252F14 (length = 34 bytes)
$DispawnPartner will be placed at 80252F48 (length = 34 bytes)
$String_Whatever will be placed at 80252F7C (length = 30 bytes)
$EnablePipeCollider will be placed at 80252FAC (length = 30 bytes)
$AISettings_MoneySack will be placed at 80252FDC (length = 30 bytes)
$String_Bandit_Defeated2 will be placed at 8025300C (length = 30 bytes)
$AISettings_Enemy will be placed at 8025303C (length = 30 bytes)
$RespawnPartner will be placed at 8025306C (length = 30 bytes)
$AISettings_DisableEnemy will be placed at 8025309C (length = 30 bytes)
$NPC_Settings_Sack will be placed at 802530CC (length = 2C bytes)
$NpcSettings_Generic will be placed at 802530F8 (length = 2C bytes)
$NpcSettings_Enemy1 will be placed at 80253124 (length = 2C bytes)
$Function_RevivePlayer will be placed at 80253150 (length = 2C bytes)
$NpcSettings_Blank will be placed at 8025317C (length = 2C bytes)
$BlankSettings will be placed at 802531A8 (length = 2C bytes)
$Script_MakeExits will be placed at 802531D4 (length = 2C bytes)
$Function_ResetEnemiesFlag will be placed at 80253200 (length = 2C bytes)
$String_List_NoYes will be placed at 8025322C (length = 28 bytes)
$Function_SaveCoinsLosted will be placed at 80253254 (length = 28 bytes)
$String_List_YesNo will be placed at 8025327C (length = 28 bytes)
$Script_Init_EnemyNPC will be placed at 802532A4 (length = 24 bytes)
$VectorList_SwitchPath will be placed at 802532C8 (length = 24 bytes)
$Script_Init_Lakitu will be placed at 802532EC (length = 24 bytes)
$Script_Init_Mover will be placed at 80253310 (length = 24 bytes)
$String_CoinsGained will be placed at 80253334 (length = 24 bytes)
$String_Bandit_Defeated10 will be placed at 80253358 (length = 24 bytes)
$String_Bandit_Defeated6 will be placed at 8025337C (length = 20 bytes)
$String_Bandit_Defeated5 will be placed at 8025339C (length = 20 bytes)
$Script_DisableEnemyAI will be placed at 802533BC (length = 20 bytes)
$TotalLevels_CurrentPlaythrough will be placed at 802533DC (length = 1C bytes)
$NpcGroupList_RubyCS will be placed at 802533F8 (length = 18 bytes)
$SignString will be placed at 80253410 (length = 18 bytes)
$ExtraAnimationList_Enemy1 will be placed at 80253428 (length = 14 bytes)
$String_Psst will be placed at 8025343C (length = 10 bytes)
$Script_null will be placed at 8025344C (length = 10 bytes)
$ASCII_"pt81_86_shape"_Literal will be placed at 8025345C (length = 10 bytes)
$Function_ResetCoinsLosted will be placed at 8025346C (length = 10 bytes)
$ASCII_"pt51_56_shape"_Literal will be placed at 8025347C (length = 10 bytes)
$ASCII_"pt1_6_hit"_Literal will be placed at 8025348C (length = C bytes)
$NpcGroup7 will be placed at 80253498 (length = C bytes)
$NpcGroup1 will be placed at 802534A4 (length = C bytes)
$ASCII_"pt_100"_Literal will be placed at 802534B0 (length = C bytes)
$ASCII_"dmo_00"_Literal will be placed at 802534BC (length = C bytes)
$ASCII_"pt1_6_shape"_Literal will be placed at 802534C8 (length = C bytes)
$ASCII_"pt_85"_Literal will be placed at 802534D4 (length = 8 bytes)
$ASCII_"pt91_96"_Literal will be placed at 802534DC (length = 8 bytes)
$ASCII_"pt62_67"_Literal will be placed at 802534E4 (length = 8 bytes)
$ASCII_"pt33_38"_Literal will be placed at 802534EC (length = 8 bytes)
$ASCII_"pt1_6"_Literal will be placed at 802534F4 (length = 8 bytes)
$ASCII_"pt_95"_Literal will be placed at 802534FC (length = 8 bytes)
$ASCII_"pt4_9"_Literal will be placed at 80253504 (length = 8 bytes)
$ASCII_"pt_65"_Literal will be placed at 8025350C (length = 8 bytes)
$ASCII_"pt44_49"_Literal will be placed at 80253514 (length = 8 bytes)
$ASCII_"pt81_86"_Literal will be placed at 8025351C (length = 8 bytes)
$ASCII_"pt_80"_Literal will be placed at 80253524 (length = 8 bytes)
$ASCII_"pt52_57"_Literal will be placed at 8025352C (length = 8 bytes)
$ASCII_"pt23_28"_Literal will be placed at 80253534 (length = 8 bytes)
$ASCII_"pt_50"_Literal will be placed at 8025353C (length = 8 bytes)
$ASCII_"pt83_88"_Literal will be placed at 80253544 (length = 8 bytes)
$ASCII_"pt54_59"_Literal will be placed at 8025354C (length = 8 bytes)
$ASCII_"pt64_69"_Literal will be placed at 80253554 (length = 8 bytes)
$ASCII_"pt72_77"_Literal will be placed at 8025355C (length = 8 bytes)
$ASCII_"pt14_19"_Literal will be placed at 80253564 (length = 8 bytes)
$ASCII_"pt34_39"_Literal will be placed at 8025356C (length = 8 bytes)
$ASCII_"pt22_27"_Literal will be placed at 80253574 (length = 8 bytes)
$ASCII_"pt21_26"_Literal will be placed at 8025357C (length = 8 bytes)
$ASCII_"pt73_78"_Literal will be placed at 80253584 (length = 8 bytes)
$ConstDouble_80246CB0 will be placed at 80253590 (length = 8 bytes)
$ASCII_"pt84_89"_Literal will be placed at 80253598 (length = 8 bytes)
$ASCII_"pt92_97"_Literal will be placed at 802535A0 (length = 8 bytes)
$ASCII_"pt_75"_Literal will be placed at 802535A8 (length = 8 bytes)
$ASCII_"pt53_58"_Literal will be placed at 802535B0 (length = 8 bytes)
$ASCII_"pt41_46"_Literal will be placed at 802535B8 (length = 8 bytes)
$ASCII_"pt61_66"_Literal will be placed at 802535C0 (length = 8 bytes)
$ASCII_"pt32_37"_Literal will be placed at 802535C8 (length = 8 bytes)
$ASCII_"pt_15"_Literal will be placed at 802535D0 (length = 8 bytes)
$ASCII_"pt11_16"_Literal will be placed at 802535D8 (length = 8 bytes)
$ASCII_"pt_00"_Literal will be placed at 802535E0 (length = 8 bytes)
$ASCII_"pt74_79"_Literal will be placed at 802535E8 (length = 8 bytes)
$ASCII_"pt_25"_Literal will be placed at 802535F0 (length = 8 bytes)
$ASCII_"pt_35"_Literal will be placed at 802535F8 (length = 8 bytes)
$ASCII_"pt71_76"_Literal will be placed at 80253600 (length = 8 bytes)
$ASCII_"pt42_47"_Literal will be placed at 80253608 (length = 8 bytes)
$ASCII_"pt13_18"_Literal will be placed at 80253610 (length = 8 bytes)
$ASCII_"pt_05"_Literal will be placed at 80253618 (length = 8 bytes)
$ASCII_"pt93_98"_Literal will be placed at 80253620 (length = 8 bytes)
$ASCII_"pt43_48"_Literal will be placed at 80253628 (length = 8 bytes)
$ASCII_"pt51_56"_Literal will be placed at 80253630 (length = 8 bytes)
$ASCII_"pt_55"_Literal will be placed at 80253638 (length = 8 bytes)
$ASCII_"pt2_7"_Literal will be placed at 80253640 (length = 8 bytes)
$ASCII_"pt12_17"_Literal will be placed at 80253648 (length = 8 bytes)
$ASCII_"pt3_8"_Literal will be placed at 80253650 (length = 8 bytes)
$ASCII_"pt_10"_Literal will be placed at 80253658 (length = 8 bytes)
$ASCII_"tik_tex"_Literal will be placed at 80253660 (length = 8 bytes)
$ASCII_"pt31_36"_Literal will be placed at 80253668 (length = 8 bytes)
$ASCII_"pt63_68"_Literal will be placed at 80253670 (length = 8 bytes)
$ASCII_"pt94_99"_Literal will be placed at 80253678 (length = 8 bytes)
$ASCII_"pt82_87"_Literal will be placed at 80253680 (length = 8 bytes)
$ASCII_"pt_45"_Literal will be placed at 80253688 (length = 8 bytes)
$ASCII_"pt24_29"_Literal will be placed at 80253690 (length = 8 bytes)
$MoverCancel will be placed at 8025358C (length = 4 bytes)
$BanditMoverCancel will be placed at 80253698 (length = 4 bytes)
$CloseDialogBubble will be placed at 8025369C (length = 4 bytes)
Executing patch: pt_25.mpat
Creating struct: $DeepestLevel
Creating struct: $TotalLevels_Sign
Creating struct: $TotalLevels_CurrentPlaythrough
Creating struct: $LoadHighscores
Creating struct: $FallingDownPipe
Creating struct: $Function_GetPos
Creating struct: $Function2
Creating struct: $SetSpawns
Creating struct: $Script_Set_Formation
Creating struct: $Function_OverwriteBattleID
Creating struct: $Script_SetMover
Creating struct: $Script_MapID_Converter
Creating struct: $Script_LoadOdds
Creating struct: $Script_LoadMoverType
Creating struct: $Script_SpawnMover
Creating struct: $Script_SetNPCPos
Creating struct: $Function_Load_MapID
Creating struct: $SwitchPath
Creating struct: $VectorList_SwitchPath
Creating struct: $GetPos
Creating struct: $DispawnPartner
Creating struct: $RespawnPartner
Creating struct: $LoadMap
Creating struct: $GetFloor
Creating struct: $LoadMapBandit
Creating struct: $GetFloorBandit
Creating struct: $SetSpawnsSpecial
Creating struct: $Script_SetMover_Special
Creating struct: $Script_SpawnMover_Special
Creating struct: $Script_Set_SpecialFormation
Creating struct: $Function_LoadCoinsInToVar1
Creating struct: $Script_SetSpawnPosition
Creating struct: $Script_Init_EnemyNPC
Creating struct: $Script_Init_Lakitu
Creating struct: $Script_TrackOutcome
Creating struct: $Script_LakituOutcome
Creating struct: $Script_FloorEnemy_Idle
Creating struct: $Script_Rogue_GiveTotalCoins
Creating struct: $Script_SetEnemyIdle
Creating struct: $Script_AddCoins
Creating struct: $NPC_Settings_Sack
Creating struct: $Script_Init_Bag
Creating struct: $Script_Init_Bag_HitBox
Creating struct: $Script_NPC_SackHit_Init
Creating struct: $Script_NPC_Sack_FX
Creating struct: $NPC_Sack_AnimationStart
Creating struct: $NPC_Sack_AnimationEnd
Creating struct: $Script_SackAnimation_SackAppears_100
Creating struct: $Script_SackAnimation_Start_GoToTheRight
Creating struct: $Script_SackAnimation_Start_GoToTheLeft
Creating struct: $Script_SackAnimation_End_Right
Creating struct: $Script_SackAnimation_End_Left
Creating struct: $Function_LoadMarioCoins
Creating struct: $Function_LoadCoinsLosted
Creating struct: $Function_SaveCoinsLosted
Creating struct: $Function_ResetCoinsLosted
Creating struct: $Function_LoadGainedCoins
Creating struct: $Function_RevivePlayer
Creating struct: $AISettings_MoneySack
Creating struct: $Script_NpcAI_MoneySack
Creating struct: $JumpTable_80242448
Creating struct: $Function_NpcAI_MoneySack
Creating struct: $Function_80240260
Creating struct: $Function_80240844
Creating struct: $Function_802409A8
Creating struct: $Script_TrackPlayer
Creating struct: $Script_PipeAnimation
Creating struct: $Function_SetAnimation
Creating struct: $Function_GetColliderPos
Creating struct: $Function_TrackInput
Creating struct: $GoToNextLevel
Creating struct: $GetFloorSign
Creating struct: $GetFloorSign_Rogue
Creating struct: $Function_GetTattle1
Creating struct: $Function_GetTattle2
Creating struct: $Script_ReadSign
Creating struct: $NpcSettings_Blank
Creating struct: $NpcGroup_Spring1
Creating struct: $NpcGroup_Spring2
Creating struct: $NpcGroup_Spring3
Creating struct: $NpcGroup_Spring4
Creating struct: $NpcGroup_Spring5
Creating struct: $NpcGroup_Spring6
Creating struct: $NpcGroup_Spring7
Creating struct: $NpcGroup_Spring8
Creating struct: $NpcGroup_Spring9
Creating struct: $NpcGroup_Spring10
Creating struct: $Header
Creating struct: $Script_Main2_Wait
Creating struct: $Script_Main2_Exec
Creating struct: $Script_TrackEvents
Creating struct: $Script_Cutscene_Event
Creating struct: $SkipCutscene_Event
Creating struct: $Script_ZoomIn_Camera_X
Creating struct: $Script_Cutscene_Ruby_Init
Creating struct: $Script_Cutscene_Ruby2
Creating struct: $NpcGroupList_RubyCS
Creating struct: $NpcGroup_RubyCS
Creating struct: $NpcSettings_Generic
Creating struct: $Script_null
Creating struct: $Script_SpawnNPCs
Creating struct: $Function_ResetEnemiesFlag
Creating struct: $EntryList
Creating struct: $Function_Init
Creating struct: $NpcGroup_Mover
Creating struct: $BlankSettings
Creating struct: $Script_Init_Mover
Creating struct: $Interact_Mover
Creating struct: $Script_MoverWarpAnimation
Creating struct: $SkipCutscene_MoverWarpAnimation
Creating struct: $NpcGroup_BanditMover
Creating struct: $Script_Init_BanditMover
Creating struct: $Script_Bandit_StartBattle
Creating struct: $Interact_BanditMover
Creating struct: $Script_Warning_Mario
Creating struct: $Script_NoThanks_Bandit
Creating struct: $Script_ZoomIn_Camera
Creating struct: $Script_ZoomIn_Camera_2
Creating struct: $Script_ZoomIn_Camera_3
Creating struct: $NpcGroup_MoneyBag
Creating struct: $Script_SetPipesPosition
Creating struct: $Script_DisableNumbers
Creating struct: $Script_SetFloorNumbers
Creating struct: $Script_CheckBanditStatus1
Creating struct: $Script_Cutscene_BanditStatus1
Creating struct: $Script_CheckBanditStatus2
Creating struct: $Script_TrackOutcome_Bandit
Creating struct: $Script_Cutscene_BanditDefeated
Creating struct: $SkipCutscene_BanditDefeated
Creating struct: $Script_AddCoins_Bandit
Creating struct: $Function_LoadPath
Creating struct: $Script_ClosePartnerDialog
Creating struct: $PipeSpawning
Creating struct: $EnablePipeCollider
Creating struct: $Script_MakeEntities
Creating struct: $CommingDownPipe
Creating struct: $Function_TimerCurrentFloor
Creating struct: $Script_MakeExits
Creating struct: $Script_Exit0
Creating struct: $Script_Main
Creating struct: $NpcGroup1
Creating struct: $NpcGroup7
Creating struct: $NpcGroups
Creating struct: $ExtraAnimationList_802418AC
Creating struct: $ExtraAnimationList_802418D4
Creating struct: $NpcGroup_Enemy1
Creating struct: $NpcSettings_Enemy1
Creating struct: $NpcSettings_Enemy1B
Creating struct: $Script_EnemyAI
Creating struct: $Script_EnemyBAI
Creating struct: $AISettings_Enemy
Creating struct: $ConstDouble_80241E90
Creating struct: $ConstDouble_80241E98
Creating struct: $JumpTable_80241EA0
Creating struct: $Function_80240E20
Creating struct: $Function_80240000
Creating struct: $Function_8024006C
Creating struct: $Function_802400DC
Creating struct: $Function_802401B4
Creating struct: $Function_80240208
Creating struct: $Function_802403BC
Creating struct: $Function_8024061C
Creating struct: $Function_802406A4
Creating struct: $Function_8024095C
Creating struct: $Function_802409C0
Creating struct: $Function_80240A68
Creating struct: $Function_80240BA0
Creating struct: $Function_80240C4C
Creating struct: $Function_80240DC4
Creating struct: $Script_DisableEnemyAI
Creating struct: $AISettings_DisableEnemy
Merged 1 regions to 1
$Script_SetFloorNumbers will be placed at 80240000 (length = 128C bytes)
$NpcGroup_RubyCS will be placed at 8024128C (length = 1170 bytes)
$LoadMap will be placed at 802423FC (length = C04 bytes)
$LoadMapBandit will be placed at 80243000 (length = B80 bytes)
$GoToNextLevel will be placed at 80243B80 (length = B10 bytes)
$Script_Cutscene_BanditDefeated will be placed at 80244690 (length = B08 bytes)
$Script_SetEnemyIdle will be placed at 80245198 (length = 674 bytes)
$Script_MapID_Converter will be placed at 8024580C (length = 60C bytes)
$Script_Warning_Mario will be placed at 80245E18 (length = 608 bytes)
$Function_80240260 will be placed at 80246420 (length = 5E4 bytes)
$Script_SetNPCPos will be placed at 80246A04 (length = 4D0 bytes)
$Script_Cutscene_Ruby_Init will be placed at 80246ED4 (length = 490 bytes)
$FallingDownPipe will be placed at 80247364 (length = 418 bytes)
$Script_TrackEvents will be placed at 8024777C (length = 410 bytes)
$NpcGroup_MoneyBag will be placed at 80247B8C (length = 3E0 bytes)
$NpcGroup_Enemy1 will be placed at 80247F6C (length = 3E0 bytes)
$Interact_BanditMover will be placed at 8024834C (length = 3D8 bytes)
$Script_CheckBanditStatus2 will be placed at 80248724 (length = 3D8 bytes)
$SkipCutscene_BanditDefeated will be placed at 80248AFC (length = 3D8 bytes)
$Interact_Mover will be placed at 80248ED4 (length = 3CC bytes)
$Script_Set_SpecialFormation will be placed at 802492A0 (length = 3B4 bytes)
$Script_FloorEnemy_Idle will be placed at 80249654 (length = 388 bytes)
$Function_80240E20 will be placed at 802499DC (length = 350 bytes)
$Script_TrackOutcome_Bandit will be placed at 80249D2C (length = 330 bytes)
$Script_LakituOutcome will be placed at 8024A05C (length = 30C bytes)
$Script_Rogue_GiveTotalCoins will be placed at 8024A368 (length = 2FC bytes)
$Script_Set_Formation will be placed at 8024A664 (length = 2D4 bytes)
$Function_802406A4 will be placed at 8024A938 (length = 2B8 bytes)
$PipeSpawning will be placed at 8024ABF0 (length = 2A0 bytes)
$Script_TrackOutcome will be placed at 8024AE90 (length = 288 bytes)
$Function_802403BC will be placed at 8024B118 (length = 260 bytes)
$Script_Cutscene_Ruby2 will be placed at 8024B378 (length = 258 bytes)
$Function_NpcAI_MoneySack will be placed at 8024B5D0 (length = 238 bytes)
$Script_SackAnimation_Start_GoToTheRight will be placed at 8024B808 (length = 230 bytes)
$Script_SetSpawnPosition will be placed at 8024BA38 (length = 228 bytes)
$Script_Main2_Exec will be placed at 8024BC60 (length = 228 bytes)
$Script_Cutscene_BanditStatus1 will be placed at 8024BE88 (length = 21C bytes)
$Script_LoadMoverType will be placed at 8024C0A4 (length = 214 bytes)
$Script_NoThanks_Bandit will be placed at 8024C2B8 (length = 210 bytes)
$Script_SackAnimation_Start_GoToTheLeft will be placed at 8024C4C8 (length = 1F8 bytes)
$NpcGroup_Spring10 will be placed at 8024C6C0 (length = 1F0 bytes)
$NpcGroup_Spring1 will be placed at 8024C8B0 (length = 1F0 bytes)
$NpcGroup_Spring2 will be placed at 8024CAA0 (length = 1F0 bytes)
$NpcGroup_Spring3 will be placed at 8024CC90 (length = 1F0 bytes)
$NpcGroup_Spring4 will be placed at 8024CE80 (length = 1F0 bytes)
$NpcGroup_Spring5 will be placed at 8024D070 (length = 1F0 bytes)
$NpcGroup_Spring6 will be placed at 8024D260 (length = 1F0 bytes)
$NpcGroup_Spring7 will be placed at 8024D450 (length = 1F0 bytes)
$NpcGroup_Spring8 will be placed at 8024D640 (length = 1F0 bytes)
$NpcGroup_Spring9 will be placed at 8024D830 (length = 1F0 bytes)
$NpcGroup_Mover will be placed at 8024DA20 (length = 1F0 bytes)
$NpcGroup_BanditMover will be placed at 8024DC10 (length = 1F0 bytes)
$Script_PipeAnimation will be placed at 8024DE00 (length = 1C4 bytes)
$Function_80240208 will be placed at 8024DFC4 (length = 1B4 bytes)
$Script_Cutscene_Event will be placed at 8024E178 (length = 198 bytes)
$Script_NPC_SackHit_Init will be placed at 8024E310 (length = 198 bytes)
$Script_ClosePartnerDialog will be placed at 8024E4A8 (length = 194 bytes)
$JumpTable_80242448 will be placed at 8024E63C (length = 190 bytes)
$JumpTable_80241EA0 will be placed at 8024E7CC (length = 190 bytes)
$SkipCutscene_Event will be placed at 8024E95C (length = 188 bytes)
$Function_80240C4C will be placed at 8024EAE4 (length = 178 bytes)
$Script_SpawnNPCs will be placed at 8024EC5C (length = 174 bytes)
$NPC_Sack_AnimationStart will be placed at 8024EDD0 (length = 168 bytes)
$Function_80240844 will be placed at 8024EF38 (length = 164 bytes)
$Script_SackAnimation_End_Right will be placed at 8024F09C (length = 158 bytes)
$Script_SackAnimation_End_Left will be placed at 8024F1F4 (length = 150 bytes)
$Script_TrackPlayer will be placed at 8024F344 (length = 144 bytes)
$Script_CheckBanditStatus1 will be placed at 8024F488 (length = 13C bytes)
$MapTattle5 will be placed at 8024F5C4 (length = 13C bytes)
$Function_80240A68 will be placed at 8024F700 (length = 138 bytes)
$MapTattle4 will be placed at 8024F838 (length = 130 bytes)
$BanditMover_Tattle will be placed at 8024F968 (length = 11C bytes)
$Function_LoadPath will be placed at 8024FA84 (length = 114 bytes)
$Script_SackAnimation_SackAppears_100 will be placed at 8024FB98 (length = 100 bytes)
$String_Partner_Event_1 will be placed at 8024FC98 (length = FC bytes)
$Script_Main2_Wait will be placed at 8024FD94 (length = F4 bytes)
$String_Warning2 will be placed at 8024FE88 (length = F0 bytes)
$Script_SetMover_Special will be placed at 8024FF78 (length = EC bytes)
$SetSpawnsSpecial will be placed at 80250064 (length = E8 bytes)
$SetSpawns will be placed at 8025014C (length = E8 bytes)
$String_Warning1 will be placed at 80250234 (length = E8 bytes)
$DeepestLevel will be placed at 8025031C (length = E4 bytes)
$Function_GetColliderPos will be placed at 80250400 (length = E0 bytes)
$Function_GetPos will be placed at 802504E0 (length = E0 bytes)
$TotalLevels_Sign will be placed at 802505C0 (length = DC bytes)
$Script_SpawnMover_Special will be placed at 8025069C (length = DC bytes)
$GetFloor will be placed at 80250778 (length = DC bytes)
$Function_802400DC will be placed at 80250854 (length = D8 bytes)
$Script_DisableNumbers will be placed at 8025092C (length = D8 bytes)
$MapTattle2 will be placed at 80250A04 (length = D4 bytes)
$NPC_Sack_AnimationEnd will be placed at 80250AD8 (length = D4 bytes)
$Script_SetMover will be placed at 80250BAC (length = D0 bytes)
$GetFloorBandit will be placed at 80250C7C (length = D0 bytes)
$Script_AddCoins_Bandit will be placed at 80250D4C (length = C8 bytes)
$GetPos will be placed at 80250E14 (length = C8 bytes)
$SkipCutscene_MoverWarpAnimation will be placed at 80250EDC (length = C4 bytes)
$Function_Init will be placed at 80250FA0 (length = C4 bytes)
$MoverStart will be placed at 80251064 (length = C0 bytes)
$String_Warning3 will be placed at 80251124 (length = C0 bytes)
$Script_ZoomIn_Camera_3 will be placed at 802511E4 (length = BC bytes)
$Script_ZoomIn_Camera_2 will be placed at 802512A0 (length = BC bytes)
$Script_ZoomIn_Camera will be placed at 8025135C (length = BC bytes)
$Function_TrackInput will be placed at 80251418 (length = BC bytes)
$String_Bandit_Defeated4 will be placed at 802514D4 (length = B8 bytes)
$Script_MoverWarpAnimation will be placed at 8025158C (length = B8 bytes)
$Script_NpcAI_MoneySack will be placed at 80251644 (length = B8 bytes)
$Script_SpawnMover will be placed at 802516FC (length = B4 bytes)
$BanditMoverStart will be placed at 802517B0 (length = B4 bytes)
$MapTattle3 will be placed at 80251864 (length = B0 bytes)
$Script_LoadOdds will be placed at 80251914 (length = B0 bytes)
$Script_SetPipesPosition will be placed at 802519C4 (length = B0 bytes)
$LoadHighscores will be placed at 80251A74 (length = B0 bytes)
$Function_80240BA0 will be placed at 80251B24 (length = AC bytes)
$Script_EnemyBAI will be placed at 80251BD0 (length = A8 bytes)
$NpcGroup7 will be placed at 80251C78 (length = A8 bytes)
$Function_802409C0 will be placed at 80251D20 (length = A8 bytes)
$MapTattle1 will be placed at 80251DC8 (length = A8 bytes)
$Script_AddCoins will be placed at 80251E70 (length = A8 bytes)
$SwitchPath will be placed at 80251F18 (length = A4 bytes)
$Script_NPC_Sack_FX will be placed at 80251FBC (length = A4 bytes)
$Tattle_Springkeeper will be placed at 80252060 (length = A4 bytes)
$Script_ReadSign will be placed at 80252104 (length = A0 bytes)
$Script_ZoomIn_Camera_X will be placed at 802521A4 (length = A0 bytes)
$String_Bandit_Defeated9 will be placed at 80252244 (length = 9C bytes)
$NpcGroup1 will be placed at 802522E0 (length = 9C bytes)
$Script_Bandit_StartBattle will be placed at 8025237C (length = 9C bytes)
$Script_Main will be placed at 80252418 (length = 9C bytes)
$Mover_Tattle will be placed at 802524B4 (length = 94 bytes)
$String_Bandit_Defeated3 will be placed at 80252548 (length = 90 bytes)
$String_Bandit_Defeated8 will be placed at 802525D8 (length = 8C bytes)
$Function_8024061C will be placed at 80252664 (length = 88 bytes)
$BanditMover_Options2 will be placed at 802526EC (length = 84 bytes)
$BanditMover_Options will be placed at 80252770 (length = 84 bytes)
$String_Okay will be placed at 802527F4 (length = 80 bytes)
$Function_TimerCurrentFloor will be placed at 80252874 (length = 7C bytes)
$SignStringBug will be placed at 802528F0 (length = 7C bytes)
$String_Rogue_CoinsGained_Success will be placed at 8025296C (length = 78 bytes)
$Mover_Options will be placed at 802529E4 (length = 78 bytes)
$Function_8024006C will be placed at 80252A5C (length = 70 bytes)
$Script_EnemyAI will be placed at 80252ACC (length = 70 bytes)
$Function2 will be placed at 80252B3C (length = 6C bytes)
$Function_80240000 will be placed at 80252BA8 (length = 6C bytes)
$Function_SetAnimation will be placed at 80252C14 (length = 6C bytes)
$String_Bandit_Defeated1 will be placed at 80252C80 (length = 68 bytes)
$CommingDownPipe will be placed at 80252CE8 (length = 68 bytes)
$MoverEnd will be placed at 80252D50 (length = 68 bytes)
$BanditMoverEnd will be placed at 80252DB8 (length = 68 bytes)
$String_Bandit_Defeated_Partner3 will be placed at 80252E20 (length = 64 bytes)
$String_Bandit_Defeated_Partner2 will be placed at 80252E84 (length = 64 bytes)
$Function_8024095C will be placed at 80252EE8 (length = 64 bytes)
$Function_GetTattle1 will be placed at 80252F4C (length = 60 bytes)
$Function_OverwriteBattleID will be placed at 80252FAC (length = 60 bytes)
$String_Bandit_Confrontation1 will be placed at 8025300C (length = 5C bytes)
$Function_80240DC4 will be placed at 80253068 (length = 5C bytes)
$BanditMoverNoCoins will be placed at 802530C4 (length = 58 bytes)
$MoverNoCoins will be placed at 8025311C (length = 58 bytes)
$Function_802401B4 will be placed at 80253174 (length = 54 bytes)
$String_Bandit_Defeated7 will be placed at 802531C8 (length = 50 bytes)
$String_Bandit_Defeated_Partner4 will be placed at 80253218 (length = 50 bytes)
$EntryList will be placed at 80253268 (length = 50 bytes)
$String_NoThanks will be placed at 802532B8 (length = 50 bytes)
$Script_Init_BanditMover will be placed at 80253308 (length = 4C bytes)
$GetFloorSign will be placed at 80253354 (length = 48 bytes)
$Function_Load_MapID will be placed at 8025339C (length = 48 bytes)
$GetFloorSign_Rogue will be placed at 802533E4 (length = 48 bytes)
$Script_MakeEntities will be placed at 8025342C (length = 44 bytes)
$Function_802409A8 will be placed at 80253470 (length = 44 bytes)
$Function_LoadCoinsInToVar1 will be placed at 802534B4 (length = 44 bytes)
$String_Bandit_Defeated_Partner1 will be placed at 802534F8 (length = 40 bytes)
$Header will be placed at 80253538 (length = 40 bytes)
$Function_LoadCoinsLosted will be placed at 80253578 (length = 40 bytes)
$Function_LoadMarioCoins will be placed at 802535B8 (length = 40 bytes)
$Function_LoadGainedCoins will be placed at 802535F8 (length = 40 bytes)
$Function_GetTattle2 will be placed at 80253638 (length = 3C bytes)
$Script_Exit0 will be placed at 80253674 (length = 3C bytes)
$Script_Init_Bag will be placed at 802536B0 (length = 38 bytes)
$Script_Init_Bag_HitBox will be placed at 802536E8 (length = 38 bytes)
$String_Bandit_Confrotation_Bye will be placed at 80253720 (length = 34 bytes)
$DispawnPartner will be placed at 80253754 (length = 34 bytes)
$String_Whatever will be placed at 80253788 (length = 30 bytes)
$EnablePipeCollider will be placed at 802537B8 (length = 30 bytes)
$AISettings_MoneySack will be placed at 802537E8 (length = 30 bytes)
$String_Bandit_Defeated2 will be placed at 80253818 (length = 30 bytes)
$AISettings_Enemy will be placed at 80253848 (length = 30 bytes)
$RespawnPartner will be placed at 80253878 (length = 30 bytes)
$AISettings_DisableEnemy will be placed at 802538A8 (length = 30 bytes)
$NPC_Settings_Sack will be placed at 802538D8 (length = 2C bytes)
$NpcSettings_Generic will be placed at 80253904 (length = 2C bytes)
$NpcSettings_Enemy1 will be placed at 80253930 (length = 2C bytes)
$Function_RevivePlayer will be placed at 8025395C (length = 2C bytes)
$NpcSettings_Blank will be placed at 80253988 (length = 2C bytes)
$BlankSettings will be placed at 802539B4 (length = 2C bytes)
$NpcSettings_Enemy1B will be placed at 802539E0 (length = 2C bytes)
$Script_MakeExits will be placed at 80253A0C (length = 2C bytes)
$Function_ResetEnemiesFlag will be placed at 80253A38 (length = 2C bytes)
$String_List_NoYes will be placed at 80253A64 (length = 28 bytes)
$ExtraAnimationList_802418AC will be placed at 80253A8C (length = 28 bytes)
$Function_SaveCoinsLosted will be placed at 80253AB4 (length = 28 bytes)
$String_List_YesNo will be placed at 80253ADC (length = 28 bytes)
$Script_Init_EnemyNPC will be placed at 80253B04 (length = 24 bytes)
$VectorList_SwitchPath will be placed at 80253B28 (length = 24 bytes)
$Script_Init_Lakitu will be placed at 80253B4C (length = 24 bytes)
$Script_Init_Mover will be placed at 80253B70 (length = 24 bytes)
$String_CoinsGained will be placed at 80253B94 (length = 24 bytes)
$String_Bandit_Defeated10 will be placed at 80253BB8 (length = 24 bytes)
$String_Bandit_Defeated6 will be placed at 80253BDC (length = 20 bytes)
$String_Bandit_Defeated5 will be placed at 80253BFC (length = 20 bytes)
$Script_DisableEnemyAI will be placed at 80253C1C (length = 20 bytes)
$TotalLevels_CurrentPlaythrough will be placed at 80253C3C (length = 1C bytes)
$NpcGroupList_RubyCS will be placed at 80253C58 (length = 18 bytes)
$NpcGroups will be placed at 80253C70 (length = 18 bytes)
$SignString will be placed at 80253C88 (length = 18 bytes)
$String_Psst will be placed at 80253CA0 (length = 10 bytes)
$Script_null will be placed at 80253CB0 (length = 10 bytes)
$ASCII_"pt81_86_shape"_Literal will be placed at 80253CC0 (length = 10 bytes)
$Function_ResetCoinsLosted will be placed at 80253CD0 (length = 10 bytes)
$ASCII_"pt51_56_shape"_Literal will be placed at 80253CE0 (length = 10 bytes)
$ASCII_"pt1_6_hit"_Literal will be placed at 80253CF0 (length = C bytes)
$ASCII_"pt_100"_Literal will be placed at 80253CFC (length = C bytes)
$ASCII_"dmo_00"_Literal will be placed at 80253D08 (length = C bytes)
$ASCII_"pt1_6_shape"_Literal will be placed at 80253D14 (length = C bytes)
$ASCII_"pt_85"_Literal will be placed at 80253D20 (length = 8 bytes)
$ConstDouble_80241E90 will be placed at 80253D28 (length = 8 bytes)
$ASCII_"pt91_96"_Literal will be placed at 80253D30 (length = 8 bytes)
$ConstDouble_80241E98 will be placed at 80253D38 (length = 8 bytes)
$ASCII_"pt62_67"_Literal will be placed at 80253D40 (length = 8 bytes)
$ASCII_"pt33_38"_Literal will be placed at 80253D48 (length = 8 bytes)
$ASCII_"pt1_6"_Literal will be placed at 80253D50 (length = 8 bytes)
$ASCII_"pt_95"_Literal will be placed at 80253D58 (length = 8 bytes)
$ASCII_"pt4_9"_Literal will be placed at 80253D60 (length = 8 bytes)
$ASCII_"pt_65"_Literal will be placed at 80253D68 (length = 8 bytes)
$ASCII_"pt44_49"_Literal will be placed at 80253D70 (length = 8 bytes)
$ASCII_"pt81_86"_Literal will be placed at 80253D78 (length = 8 bytes)
$ASCII_"pt_80"_Literal will be placed at 80253D80 (length = 8 bytes)
$ASCII_"pt52_57"_Literal will be placed at 80253D88 (length = 8 bytes)
$ASCII_"pt23_28"_Literal will be placed at 80253D90 (length = 8 bytes)
$ASCII_"pt_50"_Literal will be placed at 80253D98 (length = 8 bytes)
$ASCII_"pt83_88"_Literal will be placed at 80253DA0 (length = 8 bytes)
$ASCII_"pt54_59"_Literal will be placed at 80253DA8 (length = 8 bytes)
$ASCII_"pt64_69"_Literal will be placed at 80253DB0 (length = 8 bytes)
$ASCII_"pt72_77"_Literal will be placed at 80253DB8 (length = 8 bytes)
$ASCII_"pt14_19"_Literal will be placed at 80253DC0 (length = 8 bytes)
$ExtraAnimationList_802418D4 will be placed at 80253DC8 (length = 8 bytes)
$ASCII_"pt34_39"_Literal will be placed at 80253DD0 (length = 8 bytes)
$ASCII_"pt22_27"_Literal will be placed at 80253DD8 (length = 8 bytes)
$ASCII_"pt21_26"_Literal will be placed at 80253DE0 (length = 8 bytes)
$ASCII_"pt73_78"_Literal will be placed at 80253DE8 (length = 8 bytes)
$ASCII_"pt84_89"_Literal will be placed at 80253DF0 (length = 8 bytes)
$ASCII_"pt92_97"_Literal will be placed at 80253DF8 (length = 8 bytes)
$ASCII_"pt_75"_Literal will be placed at 80253E00 (length = 8 bytes)
$ASCII_"pt53_58"_Literal will be placed at 80253E08 (length = 8 bytes)
$ASCII_"pt41_46"_Literal will be placed at 80253E10 (length = 8 bytes)
$ASCII_"pt61_66"_Literal will be placed at 80253E18 (length = 8 bytes)
$ASCII_"pt32_37"_Literal will be placed at 80253E20 (length = 8 bytes)
$ASCII_"pt_15"_Literal will be placed at 80253E28 (length = 8 bytes)
$ASCII_"pt11_16"_Literal will be placed at 80253E30 (length = 8 bytes)
$ASCII_"pt_00"_Literal will be placed at 80253E38 (length = 8 bytes)
$ASCII_"pt74_79"_Literal will be placed at 80253E40 (length = 8 bytes)
$ASCII_"pt_25"_Literal will be placed at 80253E48 (length = 8 bytes)
$ASCII_"pt_35"_Literal will be placed at 80253E50 (length = 8 bytes)
$ASCII_"pt71_76"_Literal will be placed at 80253E58 (length = 8 bytes)
$ASCII_"pt42_47"_Literal will be placed at 80253E60 (length = 8 bytes)
$ASCII_"pt13_18"_Literal will be placed at 80253E68 (length = 8 bytes)
$ASCII_"pt_05"_Literal will be placed at 80253E70 (length = 8 bytes)
$ASCII_"pt93_98"_Literal will be placed at 80253E78 (length = 8 bytes)
$ASCII_"pt43_48"_Literal will be placed at 80253E80 (length = 8 bytes)
$ASCII_"pt51_56"_Literal will be placed at 80253E88 (length = 8 bytes)
$ASCII_"pt_55"_Literal will be placed at 80253E90 (length = 8 bytes)
$ASCII_"pt2_7"_Literal will be placed at 80253E98 (length = 8 bytes)
$ASCII_"pt12_17"_Literal will be placed at 80253EA0 (length = 8 bytes)
$ASCII_"pt3_8"_Literal will be placed at 80253EA8 (length = 8 bytes)
$ASCII_"pt_10"_Literal will be placed at 80253EB0 (length = 8 bytes)
$ASCII_"tik_tex"_Literal will be placed at 80253EB8 (length = 8 bytes)
$ASCII_"pt31_36"_Literal will be placed at 80253EC0 (length = 8 bytes)
$ASCII_"pt63_68"_Literal will be placed at 80253EC8 (length = 8 bytes)
$ASCII_"pt94_99"_Literal will be placed at 80253ED0 (length = 8 bytes)
$ASCII_"pt82_87"_Literal will be placed at 80253ED8 (length = 8 bytes)
$ASCII_"pt_45"_Literal will be placed at 80253EE0 (length = 8 bytes)
$ASCII_"pt24_29"_Literal will be placed at 80253EE8 (length = 8 bytes)
$MoverCancel will be placed at 80253EF0 (length = 4 bytes)
$BanditMoverCancel will be placed at 80253EF4 (length = 4 bytes)
$CloseDialogBubble will be placed at 80253EF8 (length = 4 bytes)
Executing patch: pt_255.mpat
Creating struct: $Header
Creating struct: $EntryList
Creating struct: $Function_Init
Creating struct: $Script_Main
Creating struct: $DespawnPartner
Creating struct: $RespawnPartner
Creating struct: $Script_Animation_Mario_Falling0
Creating struct: $Script_Animation_Mario_Falling1
Creating struct: $Script_MarioFalling_RespawnPartner
Creating struct: $Script_Animation_Mario_Falling2
Creating struct: $Script_Animation_Mario_Falling3
Creating struct: $SkipCutscene_Animation_Mario_Falling0
Creating struct: $SkipCutscene_Animation_Mario_Falling1
Creating struct: $SkipCutscene_Animation_Mario_Falling2
Creating struct: $SkipCutscene_Animation_Mario_Falling3
Creating struct: $TriggerCoord_BombPosition
Creating struct: $Script_BlastBombette_Exit3
Creating struct: $Script_StarShrine_LightAnim
Creating struct: $Script_CheckStarShrine
Creating struct: $Function_LoadStarPoints
Creating struct: $NpcGroups
Creating struct: $Npc_Cheato
Creating struct: $BlankSettings
Creating struct: $Script_Init_Blank
Creating struct: $TrackEntry
Creating struct: $Script_PipeSpawns
Creating struct: $Enter_HorizontalPipe
Creating struct: $Leave_HorizontalPipe
Creating struct: $Function_GetColliderPos
Creating struct: $Function_SetAnimation
Creating struct: $Script_MakeExits
Creating struct: $Script_Exit1
Creating struct: $Script_DisableAllPartners
Creating struct: $Script_RestorePartners
Creating struct: $Script_Exit3
Creating struct: $Script_Exit4
Creating struct: $Script_TopPipe_TrackJoystick
Creating struct: $Function_TrackJoystick
Creating struct: $Function_GetTattle
Merged 1 regions to 1
$Script_Animation_Mario_Falling0 will be placed at 80240000 (length = 6E8 bytes)
$Script_Main will be placed at 802406E8 (length = 3FC bytes)
$Script_PipeSpawns will be placed at 80240AE4 (length = 3F4 bytes)
$Script_Animation_Mario_Falling1 will be placed at 80240ED8 (length = 3A8 bytes)
$Enter_HorizontalPipe will be placed at 80241280 (length = 304 bytes)
$SkipCutscene_Animation_Mario_Falling2 will be placed at 80241584 (length = 2B0 bytes)
$Script_Animation_Mario_Falling2 will be placed at 80241834 (length = 29C bytes)
$SkipCutscene_Animation_Mario_Falling3 will be placed at 80241AD0 (length = 240 bytes)
$Npc_Cheato will be placed at 80241D10 (length = 1F0 bytes)
$Script_CheckStarShrine will be placed at 80241F00 (length = 1EC bytes)
$Script_RestorePartners will be placed at 802420EC (length = 1D0 bytes)
$Leave_HorizontalPipe will be placed at 802422BC (length = 1BC bytes)
$Script_Animation_Mario_Falling3 will be placed at 80242478 (length = 1A8 bytes)
$Script_Exit1 will be placed at 80242620 (length = 178 bytes)
$SkipCutscene_Animation_Mario_Falling1 will be placed at 80242798 (length = 16C bytes)
$SkipCutscene_Animation_Mario_Falling0 will be placed at 80242904 (length = 148 bytes)
$Script_StarShrine_LightAnim will be placed at 80242A4C (length = 12C bytes)
$Script_TopPipe_TrackJoystick will be placed at 80242B78 (length = 118 bytes)
$Script_DisableAllPartners will be placed at 80242C90 (length = 110 bytes)
$TrackEntry will be placed at 80242DA0 (length = E0 bytes)
$Function_GetColliderPos will be placed at 80242E80 (length = E0 bytes)
$Function_TrackJoystick will be placed at 80242F60 (length = BC bytes)
$Script_BlastBombette_Exit3 will be placed at 8024301C (length = 90 bytes)
$Script_MakeExits will be placed at 802430AC (length = 8C bytes)
$MapTattle will be placed at 80243138 (length = 7C bytes)
$Function_SetAnimation will be placed at 802431B4 (length = 6C bytes)
$EntryList will be placed at 80243220 (length = 50 bytes)
$Script_Exit3 will be placed at 80243270 (length = 50 bytes)
$Function_LoadStarPoints will be placed at 802432C0 (length = 50 bytes)
$Header will be placed at 80243310 (length = 40 bytes)
$Function_Init will be placed at 80243350 (length = 3C bytes)
$Script_Exit4 will be placed at 8024338C (length = 3C bytes)
$DespawnPartner will be placed at 802433C8 (length = 34 bytes)
$RespawnPartner will be placed at 802433FC (length = 30 bytes)
$Script_MarioFalling_RespawnPartner will be placed at 8024342C (length = 2C bytes)
$BlankSettings will be placed at 80243458 (length = 2C bytes)
$String_Cheato_Hey will be placed at 80243484 (length = 28 bytes)
$NpcGroups will be placed at 802434AC (length = 18 bytes)
$Script_Init_Blank will be placed at 802434C4 (length = 10 bytes)
$TriggerCoord_BombPosition will be placed at 802434D4 (length = 10 bytes)
$Function_GetTattle will be placed at 802434E4 (length = C bytes)
$ASCII_"pre_01"_Literal will be placed at 802434F0 (length = C bytes)
$ASCII_"pre_03"_Literal will be placed at 802434FC (length = C bytes)
$ASCII_"tik_tex"_Literal will be placed at 80243508 (length = 8 bytes)
$ASCII_"pt_00"_Literal will be placed at 80243510 (length = 8 bytes)
$ASCII_"bp_00"_Literal will be placed at 80243518 (length = 8 bytes)
Executing patch: pt_35.mpat
Creating struct: $DeepestLevel
Creating struct: $TotalLevels_Sign
Creating struct: $TotalLevels_CurrentPlaythrough
Creating struct: $LoadHighscores
Creating struct: $FallingDownPipe
Creating struct: $Function_GetPos
Creating struct: $Function2
Creating struct: $SetSpawns
Creating struct: $Script_Set_Formation
Creating struct: $Function_OverwriteBattleID
Creating struct: $Script_SetMover
Creating struct: $Script_MapID_Converter
Creating struct: $Script_LoadOdds
Creating struct: $Script_LoadMoverType
Creating struct: $Script_SpawnMover
Creating struct: $Script_SetNPCPos
Creating struct: $Function_Load_MapID
Creating struct: $SwitchPath
Creating struct: $VectorList_SwitchPath
Creating struct: $GetPos
Creating struct: $DispawnPartner
Creating struct: $RespawnPartner
Creating struct: $LoadMap
Creating struct: $GetFloor
Creating struct: $LoadMapBandit
Creating struct: $GetFloorBandit
Creating struct: $SetSpawnsSpecial
Creating struct: $Script_SetMover_Special
Creating struct: $Script_SpawnMover_Special
Creating struct: $Script_Set_SpecialFormation
Creating struct: $Function_LoadCoinsInToVar1
Creating struct: $Script_SetSpawnPosition
Creating struct: $Script_Init_EnemyNPC
Creating struct: $Script_Init_Lakitu
Creating struct: $Script_TrackOutcome
Creating struct: $Script_LakituOutcome
Creating struct: $Script_FloorEnemy_Idle
Creating struct: $Script_Rogue_GiveTotalCoins
Creating struct: $Script_SetEnemyIdle
Creating struct: $Script_AddCoins
Creating struct: $NPC_Settings_Sack
Creating struct: $Script_Init_Bag
Creating struct: $Script_Init_Bag_HitBox
Creating struct: $Script_NPC_SackHit_Init
Creating struct: $Script_NPC_Sack_FX
Creating struct: $NPC_Sack_AnimationStart
Creating struct: $NPC_Sack_AnimationEnd
Creating struct: $Script_SackAnimation_SackAppears_100
Creating struct: $Script_SackAnimation_Start_GoToTheRight
Creating struct: $Script_SackAnimation_Start_GoToTheLeft
Creating struct: $Script_SackAnimation_End_Right
Creating struct: $Script_SackAnimation_End_Left
Creating struct: $Function_LoadMarioCoins
Creating struct: $Function_LoadCoinsLosted
Creating struct: $Function_SaveCoinsLosted
Creating struct: $Function_ResetCoinsLosted
Creating struct: $Function_LoadGainedCoins
Creating struct: $Function_RevivePlayer
Creating struct: $AISettings_MoneySack
Creating struct: $Script_NpcAI_MoneySack
Creating struct: $JumpTable_80242448
Creating struct: $Function_NpcAI_MoneySack
Creating struct: $Function_80240260
Creating struct: $Function_80240844
Creating struct: $Function_802409A8
Creating struct: $Script_TrackPlayer
Creating struct: $Script_PipeAnimation
Creating struct: $Function_SetAnimation
Creating struct: $Function_GetColliderPos
Creating struct: $Function_TrackInput
Creating struct: $GoToNextLevel
Creating struct: $GetFloorSign
Creating struct: $GetFloorSign_Rogue
Creating struct: $Function_GetTattle1
Creating struct: $Function_GetTattle2
Creating struct: $Script_ReadSign
Creating struct: $NpcSettings_Blank
Creating struct: $NpcGroup_Spring1
Creating struct: $NpcGroup_Spring2
Creating struct: $NpcGroup_Spring3
Creating struct: $NpcGroup_Spring4
Creating struct: $NpcGroup_Spring5
Creating struct: $NpcGroup_Spring6
Creating struct: $NpcGroup_Spring7
Creating struct: $NpcGroup_Spring8
Creating struct: $NpcGroup_Spring9
Creating struct: $NpcGroup_Spring10
Creating struct: $Header
Creating struct: $Script_Main2_Wait
Creating struct: $Script_Main2_Exec
Creating struct: $Script_TrackEvents
Creating struct: $Script_Cutscene_Event
Creating struct: $SkipCutscene_Event
Creating struct: $Script_ZoomIn_Camera_X
Creating struct: $Script_Cutscene_Ruby_Init
Creating struct: $Script_Cutscene_Ruby2
Creating struct: $NpcGroupList_RubyCS
Creating struct: $NpcGroup_RubyCS
Creating struct: $NpcSettings_Generic
Creating struct: $Script_null
Creating struct: $Script_SpawnNPCs
Creating struct: $Function_ResetEnemiesFlag
Creating struct: $EntryList
Creating struct: $Function_Init
Creating struct: $NpcGroup_Mover
Creating struct: $BlankSettings
Creating struct: $Script_Init_Mover
Creating struct: $Interact_Mover
Creating struct: $Script_MoverWarpAnimation
Creating struct: $SkipCutscene_MoverWarpAnimation
Creating struct: $NpcGroup_BanditMover
Creating struct: $Script_Init_BanditMover
Creating struct: $Script_Bandit_StartBattle
Creating struct: $Interact_BanditMover
Creating struct: $Script_Warning_Mario
Creating struct: $Script_NoThanks_Bandit
Creating struct: $Script_ZoomIn_Camera
Creating struct: $Script_ZoomIn_Camera_2
Creating struct: $Script_ZoomIn_Camera_3
Creating struct: $NpcGroup_MoneyBag
Creating struct: $Script_SetPipesPosition
Creating struct: $Script_DisableNumbers
Creating struct: $Script_SetFloorNumbers
Creating struct: $Script_CheckBanditStatus1
Creating struct: $Script_Cutscene_BanditStatus1
Creating struct: $Script_CheckBanditStatus2
Creating struct: $Script_TrackOutcome_Bandit
Creating struct: $Script_Cutscene_BanditDefeated
Creating struct: $SkipCutscene_BanditDefeated
Creating struct: $Script_AddCoins_Bandit
Creating struct: $Function_LoadPath
Creating struct: $Script_ClosePartnerDialog
Creating struct: $PipeSpawning
Creating struct: $EnablePipeCollider
Creating struct: $Script_MakeEntities
Creating struct: $CommingDownPipe
Creating struct: $Function_TimerCurrentFloor
Creating struct: $Script_MakeExits
Creating struct: $Script_Exit0
Creating struct: $Script_Main
Creating struct: $NpcGroup1
Creating struct: $NpcGroup7
Creating struct: $NpcGroups
Creating struct: $NpcGroup_Enemy1
Creating struct: $NpcSettings_Enemy1
Creating struct: $NpcSettings_Enemy1B
Creating struct: $Script_EnemyAI
Creating struct: $Script_EnemyBAI
Creating struct: $AISettings_Enemy
Creating struct: $AISettings_EnemyB
Creating struct: $Function_80242B5C
Creating struct: $ConstDouble_80247BB8
Creating struct: $ConstDouble_80247BC0
Creating struct: $ConstDouble_80247BC8
Creating struct: $ConstDouble_80247BD0
Creating struct: $ConstDouble_80247BD8
Creating struct: $JumpTable_80247BE0
Creating struct: $Function_8024283C
Creating struct: $Function_80241B38
Creating struct: $Function_80241948
Creating struct: $Function_80241C7C
Creating struct: $Function_80241D7C
Creating struct: $Function_80241DC0
Creating struct: $Function_80241E60
Creating struct: $Function_80241EA4
Creating struct: $Script_80244B70
Creating struct: $Function_80242B70
Creating struct: $Script_80244B60
Creating struct: $Function_802423E0
Merged 1 regions to 1
$Script_SetFloorNumbers will be placed at 80240000 (length = 128C bytes)
$NpcGroup_RubyCS will be placed at 8024128C (length = 1170 bytes)
$LoadMap will be placed at 802423FC (length = C04 bytes)
$LoadMapBandit will be placed at 80243000 (length = B80 bytes)
$GoToNextLevel will be placed at 80243B80 (length = B10 bytes)
$Script_Cutscene_BanditDefeated will be placed at 80244690 (length = B08 bytes)
$Script_SetEnemyIdle will be placed at 80245198 (length = 674 bytes)
$Script_MapID_Converter will be placed at 8024580C (length = 60C bytes)
$Script_Warning_Mario will be placed at 80245E18 (length = 608 bytes)
$Function_80240260 will be placed at 80246420 (length = 5E4 bytes)
$NpcGroup_Enemy1 will be placed at 80246A04 (length = 5D0 bytes)
$Function_80241EA4 will be placed at 80246FD4 (length = 53C bytes)
$Script_SetNPCPos will be placed at 80247510 (length = 4D0 bytes)
$Script_Cutscene_Ruby_Init will be placed at 802479E0 (length = 490 bytes)
$Function_802423E0 will be placed at 80247E70 (length = 45C bytes)
$FallingDownPipe will be placed at 802482CC (length = 418 bytes)
$Script_TrackEvents will be placed at 802486E4 (length = 410 bytes)
$NpcGroup_MoneyBag will be placed at 80248AF4 (length = 3E0 bytes)
$Interact_BanditMover will be placed at 80248ED4 (length = 3D8 bytes)
$Script_CheckBanditStatus2 will be placed at 802492AC (length = 3D8 bytes)
$SkipCutscene_BanditDefeated will be placed at 80249684 (length = 3D8 bytes)
$Interact_Mover will be placed at 80249A5C (length = 3CC bytes)
$Script_Set_SpecialFormation will be placed at 80249E28 (length = 3B4 bytes)
$Script_FloorEnemy_Idle will be placed at 8024A1DC (length = 388 bytes)
$Script_TrackOutcome_Bandit will be placed at 8024A564 (length = 330 bytes)
$Function_8024283C will be placed at 8024A894 (length = 320 bytes)
$Script_LakituOutcome will be placed at 8024ABB4 (length = 30C bytes)
$Script_Rogue_GiveTotalCoins will be placed at 8024AEC0 (length = 2FC bytes)
$Script_Set_Formation will be placed at 8024B1BC (length = 2D4 bytes)
$PipeSpawning will be placed at 8024B490 (length = 2A0 bytes)
$Script_TrackOutcome will be placed at 8024B730 (length = 288 bytes)
$Script_Cutscene_Ruby2 will be placed at 8024B9B8 (length = 258 bytes)
$Function_NpcAI_MoneySack will be placed at 8024BC10 (length = 238 bytes)
$Script_SackAnimation_Start_GoToTheRight will be placed at 8024BE48 (length = 230 bytes)
$Script_SetSpawnPosition will be placed at 8024C078 (length = 228 bytes)
$Script_Main2_Exec will be placed at 8024C2A0 (length = 228 bytes)
$Script_Cutscene_BanditStatus1 will be placed at 8024C4C8 (length = 21C bytes)
$Script_LoadMoverType will be placed at 8024C6E4 (length = 214 bytes)
$Script_NoThanks_Bandit will be placed at 8024C8F8 (length = 210 bytes)
$Script_SackAnimation_Start_GoToTheLeft will be placed at 8024CB08 (length = 1F8 bytes)
$Function_80241948 will be placed at 8024CD00 (length = 1F0 bytes)
$NpcGroup_Spring10 will be placed at 8024CEF0 (length = 1F0 bytes)
$NpcGroup_Spring1 will be placed at 8024D0E0 (length = 1F0 bytes)
$NpcGroup_Spring2 will be placed at 8024D2D0 (length = 1F0 bytes)
$NpcGroup_Spring3 will be placed at 8024D4C0 (length = 1F0 bytes)
$NpcGroup_Spring4 will be placed at 8024D6B0 (length = 1F0 bytes)
$NpcGroup_Spring5 will be placed at 8024D8A0 (length = 1F0 bytes)
$NpcGroup_Spring6 will be placed at 8024DA90 (length = 1F0 bytes)
$NpcGroup_Spring7 will be placed at 8024DC80 (length = 1F0 bytes)
$NpcGroup_Spring8 will be placed at 8024DE70 (length = 1F0 bytes)
$NpcGroup_Spring9 will be placed at 8024E060 (length = 1F0 bytes)
$NpcGroup_Mover will be placed at 8024E250 (length = 1F0 bytes)
$NpcGroup_BanditMover will be placed at 8024E440 (length = 1F0 bytes)
$Script_80244B70 will be placed at 8024E630 (length = 1C8 bytes)
$Script_PipeAnimation will be placed at 8024E7F8 (length = 1C4 bytes)
$Script_Cutscene_Event will be placed at 8024E9BC (length = 198 bytes)
$Script_NPC_SackHit_Init will be placed at 8024EB54 (length = 198 bytes)
$Script_ClosePartnerDialog will be placed at 8024ECEC (length = 194 bytes)
$JumpTable_80242448 will be placed at 8024EE80 (length = 190 bytes)
$JumpTable_80247BE0 will be placed at 8024F010 (length = 190 bytes)
$SkipCutscene_Event will be placed at 8024F1A0 (length = 188 bytes)
$Script_SpawnNPCs will be placed at 8024F328 (length = 174 bytes)
$NPC_Sack_AnimationStart will be placed at 8024F49C (length = 168 bytes)
$Function_80240844 will be placed at 8024F604 (length = 164 bytes)
$Script_SackAnimation_End_Right will be placed at 8024F768 (length = 158 bytes)
$Script_SackAnimation_End_Left will be placed at 8024F8C0 (length = 150 bytes)
$Function_80241B38 will be placed at 8024FA10 (length = 144 bytes)
$Script_TrackPlayer will be placed at 8024FB54 (length = 144 bytes)
$Script_CheckBanditStatus1 will be placed at 8024FC98 (length = 13C bytes)
$MapTattle5 will be placed at 8024FDD4 (length = 13C bytes)
$MapTattle4 will be placed at 8024FF10 (length = 130 bytes)
$BanditMover_Tattle will be placed at 80250040 (length = 11C bytes)
$Function_LoadPath will be placed at 8025015C (length = 114 bytes)
$Function_80241C7C will be placed at 80250270 (length = 100 bytes)
$Script_SackAnimation_SackAppears_100 will be placed at 80250370 (length = 100 bytes)
$String_Partner_Event_1 will be placed at 80250470 (length = FC bytes)
$Script_Main2_Wait will be placed at 8025056C (length = F4 bytes)
$String_Warning2 will be placed at 80250660 (length = F0 bytes)
$Script_SetMover_Special will be placed at 80250750 (length = EC bytes)
$SetSpawnsSpecial will be placed at 8025083C (length = E8 bytes)
$SetSpawns will be placed at 80250924 (length = E8 bytes)
$String_Warning1 will be placed at 80250A0C (length = E8 bytes)
$DeepestLevel will be placed at 80250AF4 (length = E4 bytes)
$Function_GetColliderPos will be placed at 80250BD8 (length = E0 bytes)
$Function_GetPos will be placed at 80250CB8 (length = E0 bytes)
$TotalLevels_Sign will be placed at 80250D98 (length = DC bytes)
$Script_SpawnMover_Special will be placed at 80250E74 (length = DC bytes)
$GetFloor will be placed at 80250F50 (length = DC bytes)
$Script_DisableNumbers will be placed at 8025102C (length = D8 bytes)
$MapTattle2 will be placed at 80251104 (length = D4 bytes)
$NPC_Sack_AnimationEnd will be placed at 802511D8 (length = D4 bytes)
$Script_SetMover will be placed at 802512AC (length = D0 bytes)
$GetFloorBandit will be placed at 8025137C (length = D0 bytes)
$Script_AddCoins_Bandit will be placed at 8025144C (length = C8 bytes)
$GetPos will be placed at 80251514 (length = C8 bytes)
$SkipCutscene_MoverWarpAnimation will be placed at 802515DC (length = C4 bytes)
$Function_Init will be placed at 802516A0 (length = C4 bytes)
$MoverStart will be placed at 80251764 (length = C0 bytes)
$String_Warning3 will be placed at 80251824 (length = C0 bytes)
$Script_ZoomIn_Camera_3 will be placed at 802518E4 (length = BC bytes)
$Script_ZoomIn_Camera_2 will be placed at 802519A0 (length = BC bytes)
$Script_ZoomIn_Camera will be placed at 80251A5C (length = BC bytes)
$Function_TrackInput will be placed at 80251B18 (length = BC bytes)
$String_Bandit_Defeated4 will be placed at 80251BD4 (length = B8 bytes)
$Script_MoverWarpAnimation will be placed at 80251C8C (length = B8 bytes)
$Script_NpcAI_MoneySack will be placed at 80251D44 (length = B8 bytes)
$Script_SpawnMover will be placed at 80251DFC (length = B4 bytes)
$BanditMoverStart will be placed at 80251EB0 (length = B4 bytes)
$MapTattle3 will be placed at 80251F64 (length = B0 bytes)
$Script_LoadOdds will be placed at 80252014 (length = B0 bytes)
$Script_SetPipesPosition will be placed at 802520C4 (length = B0 bytes)
$LoadHighscores will be placed at 80252174 (length = B0 bytes)
$NpcGroup7 will be placed at 80252224 (length = A8 bytes)
$MapTattle1 will be placed at 802522CC (length = A8 bytes)
$Script_AddCoins will be placed at 80252374 (length = A8 bytes)
$SwitchPath will be placed at 8025241C (length = A4 bytes)
$Script_NPC_Sack_FX will be placed at 802524C0 (length = A4 bytes)
$Tattle_Springkeeper will be placed at 80252564 (length = A4 bytes)
$Script_ReadSign will be placed at 80252608 (length = A0 bytes)
$Script_ZoomIn_Camera_X will be placed at 802526A8 (length = A0 bytes)
$Function_80241DC0 will be placed at 80252748 (length = A0 bytes)
$String_Bandit_Defeated9 will be placed at 802527E8 (length = 9C bytes)
$NpcGroup1 will be placed at 80252884 (length = 9C bytes)
$Script_Bandit_StartBattle will be placed at 80252920 (length = 9C bytes)
$Script_Main will be placed at 802529BC (length = 9C bytes)
$Mover_Tattle will be placed at 80252A58 (length = 94 bytes)
$String_Bandit_Defeated3 will be placed at 80252AEC (length = 90 bytes)
$String_Bandit_Defeated8 will be placed at 80252B7C (length = 8C bytes)
$BanditMover_Options2 will be placed at 80252C08 (length = 84 bytes)
$BanditMover_Options will be placed at 80252C8C (length = 84 bytes)
$String_Okay will be placed at 80252D10 (length = 80 bytes)
$Function_TimerCurrentFloor will be placed at 80252D90 (length = 7C bytes)
$SignStringBug will be placed at 80252E0C (length = 7C bytes)
$Script_EnemyAI will be placed at 80252E88 (length = 7C bytes)
$String_Rogue_CoinsGained_Success will be placed at 80252F04 (length = 78 bytes)
$Mover_Options will be placed at 80252F7C (length = 78 bytes)
$Script_EnemyBAI will be placed at 80252FF4 (length = 70 bytes)
$Function2 will be placed at 80253064 (length = 6C bytes)
$Function_SetAnimation will be placed at 802530D0 (length = 6C bytes)
$String_Bandit_Defeated1 will be placed at 8025313C (length = 68 bytes)
$CommingDownPipe will be placed at 802531A4 (length = 68 bytes)
$MoverEnd will be placed at 8025320C (length = 68 bytes)
$BanditMoverEnd will be placed at 80253274 (length = 68 bytes)
$String_Bandit_Defeated_Partner3 will be placed at 802532DC (length = 64 bytes)
$String_Bandit_Defeated_Partner2 will be placed at 80253340 (length = 64 bytes)
$Function_GetTattle1 will be placed at 802533A4 (length = 60 bytes)
$Function_OverwriteBattleID will be placed at 80253404 (length = 60 bytes)
$String_Bandit_Confrontation1 will be placed at 80253464 (length = 5C bytes)
$BanditMoverNoCoins will be placed at 802534C0 (length = 58 bytes)
$MoverNoCoins will be placed at 80253518 (length = 58 bytes)
$String_Bandit_Defeated7 will be placed at 80253570 (length = 50 bytes)
$String_Bandit_Defeated_Partner4 will be placed at 802535C0 (length = 50 bytes)
$EntryList will be placed at 80253610 (length = 50 bytes)
$String_NoThanks will be placed at 80253660 (length = 50 bytes)
$Script_Init_BanditMover will be placed at 802536B0 (length = 4C bytes)
$GetFloorSign will be placed at 802536FC (length = 48 bytes)
$Function_Load_MapID will be placed at 80253744 (length = 48 bytes)
$GetFloorSign_Rogue will be placed at 8025378C (length = 48 bytes)
$Script_MakeEntities will be placed at 802537D4 (length = 44 bytes)
$Function_80241D7C will be placed at 80253818 (length = 44 bytes)
$Function_80241E60 will be placed at 8025385C (length = 44 bytes)
$Function_802409A8 will be placed at 802538A0 (length = 44 bytes)
$Function_LoadCoinsInToVar1 will be placed at 802538E4 (length = 44 bytes)
$String_Bandit_Defeated_Partner1 will be placed at 80253928 (length = 40 bytes)
$Header will be placed at 80253968 (length = 40 bytes)
$Function_LoadCoinsLosted will be placed at 802539A8 (length = 40 bytes)
$Function_LoadMarioCoins will be placed at 802539E8 (length = 40 bytes)
$Function_LoadGainedCoins will be placed at 80253A28 (length = 40 bytes)
$Function_GetTattle2 will be placed at 80253A68 (length = 3C bytes)
$Script_Exit0 will be placed at 80253AA4 (length = 3C bytes)
$Script_Init_Bag will be placed at 80253AE0 (length = 38 bytes)
$Script_Init_Bag_HitBox will be placed at 80253B18 (length = 38 bytes)
$Function_80242B70 will be placed at 80253B50 (length = 38 bytes)
$String_Bandit_Confrotation_Bye will be placed at 80253B88 (length = 34 bytes)
$DispawnPartner will be placed at 80253BBC (length = 34 bytes)
$String_Whatever will be placed at 80253BF0 (length = 30 bytes)
$EnablePipeCollider will be placed at 80253C20 (length = 30 bytes)
$AISettings_MoneySack will be placed at 80253C50 (length = 30 bytes)
$String_Bandit_Defeated2 will be placed at 80253C80 (length = 30 bytes)
$AISettings_Enemy will be placed at 80253CB0 (length = 30 bytes)
$RespawnPartner will be placed at 80253CE0 (length = 30 bytes)
$AISettings_EnemyB will be placed at 80253D10 (length = 30 bytes)
$NPC_Settings_Sack will be placed at 80253D40 (length = 2C bytes)
$NpcSettings_Generic will be placed at 80253D6C (length = 2C bytes)
$NpcSettings_Enemy1 will be placed at 80253D98 (length = 2C bytes)
$Function_RevivePlayer will be placed at 80253DC4 (length = 2C bytes)
$NpcSettings_Blank will be placed at 80253DF0 (length = 2C bytes)
$BlankSettings will be placed at 80253E1C (length = 2C bytes)
$NpcSettings_Enemy1B will be placed at 80253E48 (length = 2C bytes)
$Script_MakeExits will be placed at 80253E74 (length = 2C bytes)
$Function_ResetEnemiesFlag will be placed at 80253EA0 (length = 2C bytes)
$String_List_NoYes will be placed at 80253ECC (length = 28 bytes)
$Function_SaveCoinsLosted will be placed at 80253EF4 (length = 28 bytes)
$String_List_YesNo will be placed at 80253F1C (length = 28 bytes)
$Script_Init_EnemyNPC will be placed at 80253F44 (length = 24 bytes)
$VectorList_SwitchPath will be placed at 80253F68 (length = 24 bytes)
$Script_Init_Lakitu will be placed at 80253F8C (length = 24 bytes)
$Script_Init_Mover will be placed at 80253FB0 (length = 24 bytes)
$String_CoinsGained will be placed at 80253FD4 (length = 24 bytes)
$String_Bandit_Defeated10 will be placed at 80253FF8 (length = 24 bytes)
$String_Bandit_Defeated6 will be placed at 8025401C (length = 20 bytes)
$String_Bandit_Defeated5 will be placed at 8025403C (length = 20 bytes)
$TotalLevels_CurrentPlaythrough will be placed at 8025405C (length = 1C bytes)
$NpcGroupList_RubyCS will be placed at 80254078 (length = 18 bytes)
$NpcGroups will be placed at 80254090 (length = 18 bytes)
$SignString will be placed at 802540A8 (length = 18 bytes)
$Function_80242B5C will be placed at 802540C0 (length = 14 bytes)
$String_Psst will be placed at 802540D4 (length = 10 bytes)
$Script_null will be placed at 802540E4 (length = 10 bytes)
$Script_80244B60 will be placed at 802540F4 (length = 10 bytes)
$ASCII_"pt81_86_shape"_Literal will be placed at 80254104 (length = 10 bytes)
$Function_ResetCoinsLosted will be placed at 80254114 (length = 10 bytes)
$ASCII_"pt51_56_shape"_Literal will be placed at 80254124 (length = 10 bytes)
$ASCII_"pt1_6_hit"_Literal will be placed at 80254134 (length = C bytes)
$ASCII_"pt_100"_Literal will be placed at 80254140 (length = C bytes)
$ASCII_"dmo_00"_Literal will be placed at 8025414C (length = C bytes)
$ASCII_"pt1_6_shape"_Literal will be placed at 80254158 (length = C bytes)
$ConstDouble_80247BB8 will be placed at 80254168 (length = 8 bytes)
$ASCII_"pt_85"_Literal will be placed at 80254170 (length = 8 bytes)
$ASCII_"pt91_96"_Literal will be placed at 80254178 (length = 8 bytes)
$ASCII_"pt62_67"_Literal will be placed at 80254180 (length = 8 bytes)
$ASCII_"pt33_38"_Literal will be placed at 80254188 (length = 8 bytes)
$ASCII_"pt1_6"_Literal will be placed at 80254190 (length = 8 bytes)
$ASCII_"pt_95"_Literal will be placed at 80254198 (length = 8 bytes)
$ASCII_"pt4_9"_Literal will be placed at 802541A0 (length = 8 bytes)
$ASCII_"pt_65"_Literal will be placed at 802541A8 (length = 8 bytes)
$ASCII_"pt44_49"_Literal will be placed at 802541B0 (length = 8 bytes)
$ASCII_"pt81_86"_Literal will be placed at 802541B8 (length = 8 bytes)
$ASCII_"pt_80"_Literal will be placed at 802541C0 (length = 8 bytes)
$ASCII_"pt52_57"_Literal will be placed at 802541C8 (length = 8 bytes)
$ASCII_"pt23_28"_Literal will be placed at 802541D0 (length = 8 bytes)
$ConstDouble_80247BD8 will be placed at 802541D8 (length = 8 bytes)
$ASCII_"pt_50"_Literal will be placed at 802541E0 (length = 8 bytes)
$ConstDouble_80247BD0 will be placed at 802541E8 (length = 8 bytes)
$ASCII_"pt83_88"_Literal will be placed at 802541F0 (length = 8 bytes)
$ASCII_"pt54_59"_Literal will be placed at 802541F8 (length = 8 bytes)
$ConstDouble_80247BC8 will be placed at 80254200 (length = 8 bytes)
$ConstDouble_80247BC0 will be placed at 80254208 (length = 8 bytes)
$ASCII_"pt64_69"_Literal will be placed at 80254210 (length = 8 bytes)
$ASCII_"pt72_77"_Literal will be placed at 80254218 (length = 8 bytes)
$ASCII_"pt14_19"_Literal will be placed at 80254220 (length = 8 bytes)
$ASCII_"pt34_39"_Literal will be placed at 80254228 (length = 8 bytes)
$ASCII_"pt22_27"_Literal will be placed at 80254230 (length = 8 bytes)
$ASCII_"pt21_26"_Literal will be placed at 80254238 (length = 8 bytes)
$ASCII_"pt73_78"_Literal will be placed at 80254240 (length = 8 bytes)
$ASCII_"pt84_89"_Literal will be placed at 80254248 (length = 8 bytes)
$ASCII_"pt92_97"_Literal will be placed at 80254250 (length = 8 bytes)
$ASCII_"pt_75"_Literal will be placed at 80254258 (length = 8 bytes)
$ASCII_"pt53_58"_Literal will be placed at 80254260 (length = 8 bytes)
$ASCII_"pt41_46"_Literal will be placed at 80254268 (length = 8 bytes)
$ASCII_"pt61_66"_Literal will be placed at 80254270 (length = 8 bytes)
$ASCII_"pt32_37"_Literal will be placed at 80254278 (length = 8 bytes)
$ASCII_"pt_15"_Literal will be placed at 80254280 (length = 8 bytes)
$ASCII_"pt11_16"_Literal will be placed at 80254288 (length = 8 bytes)
$ASCII_"pt_00"_Literal will be placed at 80254290 (length = 8 bytes)
$ASCII_"pt74_79"_Literal will be placed at 80254298 (length = 8 bytes)
$ASCII_"pt_25"_Literal will be placed at 802542A0 (length = 8 bytes)
$ASCII_"pt_35"_Literal will be placed at 802542A8 (length = 8 bytes)
$ASCII_"pt71_76"_Literal will be placed at 802542B0 (length = 8 bytes)
$ASCII_"pt42_47"_Literal will be placed at 802542B8 (length = 8 bytes)
$ASCII_"pt13_18"_Literal will be placed at 802542C0 (length = 8 bytes)
$ASCII_"pt_05"_Literal will be placed at 802542C8 (length = 8 bytes)
$ASCII_"pt93_98"_Literal will be placed at 802542D0 (length = 8 bytes)
$ASCII_"pt43_48"_Literal will be placed at 802542D8 (length = 8 bytes)
$ASCII_"pt51_56"_Literal will be placed at 802542E0 (length = 8 bytes)
$ASCII_"pt_55"_Literal will be placed at 802542E8 (length = 8 bytes)
$ASCII_"pt2_7"_Literal will be placed at 802542F0 (length = 8 bytes)
$ASCII_"pt12_17"_Literal will be placed at 802542F8 (length = 8 bytes)
$ASCII_"pt3_8"_Literal will be placed at 80254300 (length = 8 bytes)
$ASCII_"pt_10"_Literal will be placed at 80254308 (length = 8 bytes)
$ASCII_"tik_tex"_Literal will be placed at 80254310 (length = 8 bytes)
$ASCII_"pt31_36"_Literal will be placed at 80254318 (length = 8 bytes)
$ASCII_"pt63_68"_Literal will be placed at 80254320 (length = 8 bytes)
$ASCII_"pt94_99"_Literal will be placed at 80254328 (length = 8 bytes)
$ASCII_"pt82_87"_Literal will be placed at 80254330 (length = 8 bytes)
$ASCII_"pt_45"_Literal will be placed at 80254338 (length = 8 bytes)
$ASCII_"pt24_29"_Literal will be placed at 80254340 (length = 8 bytes)
$MoverCancel will be placed at 80254164 (length = 4 bytes)
$BanditMoverCancel will be placed at 80254348 (length = 4 bytes)
$CloseDialogBubble will be placed at 8025434C (length = 4 bytes)
Executing patch: pt_45.mpat
Creating struct: $DeepestLevel
Creating struct: $TotalLevels_Sign
Creating struct: $TotalLevels_CurrentPlaythrough
Creating struct: $LoadHighscores
Creating struct: $FallingDownPipe
Creating struct: $Function_GetPos
Creating struct: $Function2
Creating struct: $SetSpawns
Creating struct: $Script_Set_Formation
Creating struct: $Function_OverwriteBattleID
Creating struct: $Script_SetMover
Creating struct: $Script_MapID_Converter
Creating struct: $Script_LoadOdds
Creating struct: $Script_LoadMoverType
Creating struct: $Script_SpawnMover
Creating struct: $Script_SetNPCPos
Creating struct: $Function_Load_MapID
Creating struct: $SwitchPath
Creating struct: $VectorList_SwitchPath
Creating struct: $GetPos
Creating struct: $DispawnPartner
Creating struct: $RespawnPartner
Creating struct: $LoadMap
Creating struct: $GetFloor
Creating struct: $LoadMapBandit
Creating struct: $GetFloorBandit
Creating struct: $SetSpawnsSpecial
Creating struct: $Script_SetMover_Special
Creating struct: $Script_SpawnMover_Special
Creating struct: $Script_Set_SpecialFormation
Creating struct: $Function_LoadCoinsInToVar1
Creating struct: $Script_SetSpawnPosition
Creating struct: $Script_Init_EnemyNPC
Creating struct: $Script_Init_Lakitu
Creating struct: $Script_TrackOutcome
Creating struct: $Script_LakituOutcome
Creating struct: $Script_FloorEnemy_Idle
Creating struct: $Script_Rogue_GiveTotalCoins
Creating struct: $Script_SetEnemyIdle
Creating struct: $Script_AddCoins
Creating struct: $NPC_Settings_Sack
Creating struct: $Script_Init_Bag
Creating struct: $Script_Init_Bag_HitBox
Creating struct: $Script_NPC_SackHit_Init
Creating struct: $Script_NPC_Sack_FX
Creating struct: $NPC_Sack_AnimationStart
Creating struct: $NPC_Sack_AnimationEnd
Creating struct: $Script_SackAnimation_SackAppears_100
Creating struct: $Script_SackAnimation_Start_GoToTheRight
Creating struct: $Script_SackAnimation_Start_GoToTheLeft
Creating struct: $Script_SackAnimation_End_Right
Creating struct: $Script_SackAnimation_End_Left
Creating struct: $Function_LoadMarioCoins
Creating struct: $Function_LoadCoinsLosted
Creating struct: $Function_SaveCoinsLosted
Creating struct: $Function_ResetCoinsLosted
Creating struct: $Function_LoadGainedCoins
Creating struct: $Function_RevivePlayer
Creating struct: $AISettings_MoneySack
Creating struct: $Script_NpcAI_MoneySack
Creating struct: $JumpTable_80242448
Creating struct: $Function_NpcAI_MoneySack
Creating struct: $Function_80240260
Creating struct: $Function_80240844
Creating struct: $Function_802409A8
Creating struct: $Script_TrackPlayer
Creating struct: $Script_PipeAnimation
Creating struct: $Function_SetAnimation
Creating struct: $Function_GetColliderPos
Creating struct: $Function_TrackInput
Creating struct: $GoToNextLevel
Creating struct: $GetFloorSign
Creating struct: $GetFloorSign_Rogue
Creating struct: $Function_GetTattle1
Creating struct: $Function_GetTattle2
Creating struct: $Script_ReadSign
Creating struct: $NpcSettings_Blank
Creating struct: $NpcGroup_Spring1
Creating struct: $NpcGroup_Spring2
Creating struct: $NpcGroup_Spring3
Creating struct: $NpcGroup_Spring4
Creating struct: $NpcGroup_Spring5
Creating struct: $NpcGroup_Spring6
Creating struct: $NpcGroup_Spring7
Creating struct: $NpcGroup_Spring8
Creating struct: $NpcGroup_Spring9
Creating struct: $NpcGroup_Spring10
Creating struct: $Header
Creating struct: $Script_Main2_Wait
Creating struct: $Script_Main2_Exec
Creating struct: $Script_TrackEvents
Creating struct: $Script_Cutscene_Event
Creating struct: $SkipCutscene_Event
Creating struct: $Script_ZoomIn_Camera_X
Creating struct: $Script_Cutscene_Ruby_Init
Creating struct: $Script_Cutscene_Ruby2
Creating struct: $NpcGroupList_RubyCS
Creating struct: $NpcGroup_RubyCS
Creating struct: $NpcSettings_Generic
Creating struct: $Script_null
Creating struct: $Script_SpawnNPCs
Creating struct: $Function_ResetEnemiesFlag
Creating struct: $EntryList
Creating struct: $Function_Init
Creating struct: $NpcGroup_Mover
Creating struct: $BlankSettings
Creating struct: $Script_Init_Mover
Creating struct: $Interact_Mover
Creating struct: $Script_MoverWarpAnimation
Creating struct: $SkipCutscene_MoverWarpAnimation
Creating struct: $NpcGroup_BanditMover
Creating struct: $Script_Init_BanditMover
Creating struct: $Script_Bandit_StartBattle
Creating struct: $Interact_BanditMover
Creating struct: $Script_Warning_Mario
Creating struct: $Script_NoThanks_Bandit
Creating struct: $Script_ZoomIn_Camera
Creating struct: $Script_ZoomIn_Camera_2
Creating struct: $Script_ZoomIn_Camera_3
Creating struct: $NpcGroup_MoneyBag
Creating struct: $Script_SetPipesPosition
Creating struct: $Script_DisableNumbers
Creating struct: $Script_SetFloorNumbers
Creating struct: $Script_CheckBanditStatus1
Creating struct: $Script_Cutscene_BanditStatus1
Creating struct: $Script_CheckBanditStatus2
Creating struct: $Script_TrackOutcome_Bandit
Creating struct: $Script_Cutscene_BanditDefeated
Creating struct: $SkipCutscene_BanditDefeated
Creating struct: $Script_AddCoins_Bandit
Creating struct: $Function_LoadPath
Creating struct: $Script_ClosePartnerDialog
Creating struct: $PipeSpawning
Creating struct: $EnablePipeCollider
Creating struct: $Script_MakeEntities
Creating struct: $CommingDownPipe
Creating struct: $Function_TimerCurrentFloor
Creating struct: $Script_MakeExits
Creating struct: $Script_Exit0
Creating struct: $Script_Main
Creating struct: $NpcGroups
Creating struct: $NpcGroup1
Creating struct: $NpcGroup7
Creating struct: $NpcGroup_Enemy1
Creating struct: $ExtraAnimationList_Enemy1
Creating struct: $NpcSettings_Enemy1
Creating struct: $Script_EnemyAI
Creating struct: $AISettings_Enemy
Creating struct: $ConstDouble_80246CB0
Creating struct: $JumpTable_80246CB8
Creating struct: $Function_80241330
Creating struct: $Function_80240740
Creating struct: $Function_80240970
Creating struct: $Function_80240CA8
Creating struct: $Function_80240D68
Creating struct: $Function_80240F0C
Creating struct: $Function_80240FEC
Creating struct: $Function_802412EC
Creating struct: $Script_DisableEnemyAI
Creating struct: $AISettings_DisableEnemy
Merged 1 regions to 1
$Script_SetFloorNumbers will be placed at 80240000 (length = 128C bytes)
$NpcGroup_RubyCS will be placed at 8024128C (length = 1170 bytes)
$LoadMap will be placed at 802423FC (length = C04 bytes)
$LoadMapBandit will be placed at 80243000 (length = B80 bytes)
$GoToNextLevel will be placed at 80243B80 (length = B10 bytes)
$Script_Cutscene_BanditDefeated will be placed at 80244690 (length = B08 bytes)
$Script_SetEnemyIdle will be placed at 80245198 (length = 674 bytes)
$Script_MapID_Converter will be placed at 8024580C (length = 60C bytes)
$Script_Warning_Mario will be placed at 80245E18 (length = 608 bytes)
$Function_80240260 will be placed at 80246420 (length = 5E4 bytes)
$Script_SetNPCPos will be placed at 80246A04 (length = 4D0 bytes)
$Script_Cutscene_Ruby_Init will be placed at 80246ED4 (length = 490 bytes)
$FallingDownPipe will be placed at 80247364 (length = 418 bytes)
$Script_TrackEvents will be placed at 8024777C (length = 410 bytes)
$NpcGroup_MoneyBag will be placed at 80247B8C (length = 3E0 bytes)
$Interact_BanditMover will be placed at 80247F6C (length = 3D8 bytes)
$Script_CheckBanditStatus2 will be placed at 80248344 (length = 3D8 bytes)
$SkipCutscene_BanditDefeated will be placed at 8024871C (length = 3D8 bytes)
$Interact_Mover will be placed at 80248AF4 (length = 3CC bytes)
$Script_Set_SpecialFormation will be placed at 80248EC0 (length = 3B4 bytes)
$Script_FloorEnemy_Idle will be placed at 80249274 (length = 388 bytes)
$Function_80240970 will be placed at 802495FC (length = 338 bytes)
$Script_TrackOutcome_Bandit will be placed at 80249934 (length = 330 bytes)
$Script_LakituOutcome will be placed at 80249C64 (length = 30C bytes)
$Function_80240FEC will be placed at 80249F70 (length = 300 bytes)
$Script_Rogue_GiveTotalCoins will be placed at 8024A270 (length = 2FC bytes)
$Script_Set_Formation will be placed at 8024A56C (length = 2D4 bytes)
$PipeSpawning will be placed at 8024A840 (length = 2A0 bytes)
$Script_TrackOutcome will be placed at 8024AAE0 (length = 288 bytes)
$Script_Cutscene_Ruby2 will be placed at 8024AD68 (length = 258 bytes)
$Function_NpcAI_MoneySack will be placed at 8024AFC0 (length = 238 bytes)
$Function_80240740 will be placed at 8024B1F8 (length = 230 bytes)
$Script_SackAnimation_Start_GoToTheRight will be placed at 8024B428 (length = 230 bytes)
$Script_SetSpawnPosition will be placed at 8024B658 (length = 228 bytes)
$Script_Main2_Exec will be placed at 8024B880 (length = 228 bytes)
$Function_80241330 will be placed at 8024BAA8 (length = 224 bytes)
$Script_Cutscene_BanditStatus1 will be placed at 8024BCCC (length = 21C bytes)
$Script_LoadMoverType will be placed at 8024BEE8 (length = 214 bytes)
$Script_NoThanks_Bandit will be placed at 8024C0FC (length = 210 bytes)
$Script_SackAnimation_Start_GoToTheLeft will be placed at 8024C30C (length = 1F8 bytes)
$NpcGroup_Spring10 will be placed at 8024C504 (length = 1F0 bytes)
$NpcGroup_Enemy1 will be placed at 8024C6F4 (length = 1F0 bytes)
$NpcGroup_Spring1 will be placed at 8024C8E4 (length = 1F0 bytes)
$NpcGroup_Spring2 will be placed at 8024CAD4 (length = 1F0 bytes)
$NpcGroup_Spring3 will be placed at 8024CCC4 (length = 1F0 bytes)
$NpcGroup_Spring4 will be placed at 8024CEB4 (length = 1F0 bytes)
$NpcGroup_Spring5 will be placed at 8024D0A4 (length = 1F0 bytes)
$NpcGroup_Spring6 will be placed at 8024D294 (length = 1F0 bytes)
$NpcGroup_Spring7 will be placed at 8024D484 (length = 1F0 bytes)
$NpcGroup_Spring8 will be placed at 8024D674 (length = 1F0 bytes)
$NpcGroup_Spring9 will be placed at 8024D864 (length = 1F0 bytes)
$NpcGroup_Mover will be placed at 8024DA54 (length = 1F0 bytes)
$NpcGroup_BanditMover will be placed at 8024DC44 (length = 1F0 bytes)
$Script_PipeAnimation will be placed at 8024DE34 (length = 1C4 bytes)
$Function_80240D68 will be placed at 8024DFF8 (length = 1A4 bytes)
$Script_Cutscene_Event will be placed at 8024E19C (length = 198 bytes)
$Script_NPC_SackHit_Init will be placed at 8024E334 (length = 198 bytes)
$Script_ClosePartnerDialog will be placed at 8024E4CC (length = 194 bytes)
$JumpTable_80242448 will be placed at 8024E660 (length = 190 bytes)
$SkipCutscene_Event will be placed at 8024E7F0 (length = 188 bytes)
$Script_SpawnNPCs will be placed at 8024E978 (length = 174 bytes)
$NPC_Sack_AnimationStart will be placed at 8024EAEC (length = 168 bytes)
$Function_80240844 will be placed at 8024EC54 (length = 164 bytes)
$Script_SackAnimation_End_Right will be placed at 8024EDB8 (length = 158 bytes)
$Script_SackAnimation_End_Left will be placed at 8024EF10 (length = 150 bytes)
$Script_TrackPlayer will be placed at 8024F060 (length = 144 bytes)
$Script_CheckBanditStatus1 will be placed at 8024F1A4 (length = 13C bytes)
$MapTattle5 will be placed at 8024F2E0 (length = 13C bytes)
$MapTattle4 will be placed at 8024F41C (length = 130 bytes)
$BanditMover_Tattle will be placed at 8024F54C (length = 11C bytes)
$Function_LoadPath will be placed at 8024F668 (length = 114 bytes)
$Script_SackAnimation_SackAppears_100 will be placed at 8024F77C (length = 100 bytes)
$String_Partner_Event_1 will be placed at 8024F87C (length = FC bytes)
$Script_Main2_Wait will be placed at 8024F978 (length = F4 bytes)
$String_Warning2 will be placed at 8024FA6C (length = F0 bytes)
$Script_SetMover_Special will be placed at 8024FB5C (length = EC bytes)
$SetSpawnsSpecial will be placed at 8024FC48 (length = E8 bytes)
$SetSpawns will be placed at 8024FD30 (length = E8 bytes)
$String_Warning1 will be placed at 8024FE18 (length = E8 bytes)
$DeepestLevel will be placed at 8024FF00 (length = E4 bytes)
$Function_80240F0C will be placed at 8024FFE4 (length = E0 bytes)
$Function_GetColliderPos will be placed at 802500C4 (length = E0 bytes)
$Function_GetPos will be placed at 802501A4 (length = E0 bytes)
$TotalLevels_Sign will be placed at 80250284 (length = DC bytes)
$Script_SpawnMover_Special will be placed at 80250360 (length = DC bytes)
$GetFloor will be placed at 8025043C (length = DC bytes)
$Script_DisableNumbers will be placed at 80250518 (length = D8 bytes)
$MapTattle2 will be placed at 802505F0 (length = D4 bytes)
$NPC_Sack_AnimationEnd will be placed at 802506C4 (length = D4 bytes)
$Script_SetMover will be placed at 80250798 (length = D0 bytes)
$GetFloorBandit will be placed at 80250868 (length = D0 bytes)
$Script_AddCoins_Bandit will be placed at 80250938 (length = C8 bytes)
$GetPos will be placed at 80250A00 (length = C8 bytes)
$SkipCutscene_MoverWarpAnimation will be placed at 80250AC8 (length = C4 bytes)
$Function_Init will be placed at 80250B8C (length = C4 bytes)
$MoverStart will be placed at 80250C50 (length = C0 bytes)
$Function_80240CA8 will be placed at 80250D10 (length = C0 bytes)
$String_Warning3 will be placed at 80250DD0 (length = C0 bytes)
$Script_ZoomIn_Camera_3 will be placed at 80250E90 (length = BC bytes)
$Script_ZoomIn_Camera_2 will be placed at 80250F4C (length = BC bytes)
$Script_ZoomIn_Camera will be placed at 80251008 (length = BC bytes)
$Function_TrackInput will be placed at 802510C4 (length = BC bytes)
$String_Bandit_Defeated4 will be placed at 80251180 (length = B8 bytes)
$Script_MoverWarpAnimation will be placed at 80251238 (length = B8 bytes)
$Script_NpcAI_MoneySack will be placed at 802512F0 (length = B8 bytes)
$NpcGroups will be placed at 802513A8 (length = B4 bytes)
$Script_SpawnMover will be placed at 8025145C (length = B4 bytes)
$BanditMoverStart will be placed at 80251510 (length = B4 bytes)
$MapTattle3 will be placed at 802515C4 (length = B0 bytes)
$Script_LoadOdds will be placed at 80251674 (length = B0 bytes)
$Script_SetPipesPosition will be placed at 80251724 (length = B0 bytes)
$LoadHighscores will be placed at 802517D4 (length = B0 bytes)
$MapTattle1 will be placed at 80251884 (length = A8 bytes)
$Script_AddCoins will be placed at 8025192C (length = A8 bytes)
$SwitchPath will be placed at 802519D4 (length = A4 bytes)
$Script_NPC_Sack_FX will be placed at 80251A78 (length = A4 bytes)
$Tattle_Springkeeper will be placed at 80251B1C (length = A4 bytes)
$Script_ReadSign will be placed at 80251BC0 (length = A0 bytes)
$Script_ZoomIn_Camera_X will be placed at 80251C60 (length = A0 bytes)
$String_Bandit_Defeated9 will be placed at 80251D00 (length = 9C bytes)
$Script_Bandit_StartBattle will be placed at 80251D9C (length = 9C bytes)
$Script_Main will be placed at 80251E38 (length = 9C bytes)
$Mover_Tattle will be placed at 80251ED4 (length = 94 bytes)
$String_Bandit_Defeated3 will be placed at 80251F68 (length = 90 bytes)
$String_Bandit_Defeated8 will be placed at 80251FF8 (length = 8C bytes)
$BanditMover_Options2 will be placed at 80252084 (length = 84 bytes)
$BanditMover_Options will be placed at 80252108 (length = 84 bytes)
$String_Okay will be placed at 8025218C (length = 80 bytes)
$Function_TimerCurrentFloor will be placed at 8025220C (length = 7C bytes)
$SignStringBug will be placed at 80252288 (length = 7C bytes)
$String_Rogue_CoinsGained_Success will be placed at 80252304 (length = 78 bytes)
$Mover_Options will be placed at 8025237C (length = 78 bytes)
$Function2 will be placed at 802523F4 (length = 6C bytes)
$Function_SetAnimation will be placed at 80252460 (length = 6C bytes)
$String_Bandit_Defeated1 will be placed at 802524CC (length = 68 bytes)
$CommingDownPipe will be placed at 80252534 (length = 68 bytes)
$MoverEnd will be placed at 8025259C (length = 68 bytes)
$BanditMoverEnd will be placed at 80252604 (length = 68 bytes)
$String_Bandit_Defeated_Partner3 will be placed at 8025266C (length = 64 bytes)
$String_Bandit_Defeated_Partner2 will be placed at 802526D0 (length = 64 bytes)
$Function_GetTattle1 will be placed at 80252734 (length = 60 bytes)
$Function_OverwriteBattleID will be placed at 80252794 (length = 60 bytes)
$String_Bandit_Confrontation1 will be placed at 802527F4 (length = 5C bytes)
$BanditMoverNoCoins will be placed at 80252850 (length = 58 bytes)
$MoverNoCoins will be placed at 802528A8 (length = 58 bytes)
$String_Bandit_Defeated7 will be placed at 80252900 (length = 50 bytes)
$String_Bandit_Defeated_Partner4 will be placed at 80252950 (length = 50 bytes)
$EntryList will be placed at 802529A0 (length = 50 bytes)
$String_NoThanks will be placed at 802529F0 (length = 50 bytes)
$Script_Init_BanditMover will be placed at 80252A40 (length = 4C bytes)
$GetFloorSign will be placed at 80252A8C (length = 48 bytes)
$Function_Load_MapID will be placed at 80252AD4 (length = 48 bytes)
$GetFloorSign_Rogue will be placed at 80252B1C (length = 48 bytes)
$Script_MakeEntities will be placed at 80252B64 (length = 44 bytes)
$Function_802412EC will be placed at 80252BA8 (length = 44 bytes)
$Function_802409A8 will be placed at 80252BEC (length = 44 bytes)
$Function_LoadCoinsInToVar1 will be placed at 80252C30 (length = 44 bytes)
$String_Bandit_Defeated_Partner1 will be placed at 80252C74 (length = 40 bytes)
$Header will be placed at 80252CB4 (length = 40 bytes)
$Function_LoadCoinsLosted will be placed at 80252CF4 (length = 40 bytes)
$Function_LoadMarioCoins will be placed at 80252D34 (length = 40 bytes)
$Function_LoadGainedCoins will be placed at 80252D74 (length = 40 bytes)
$Function_GetTattle2 will be placed at 80252DB4 (length = 3C bytes)
$JumpTable_80246CB8 will be placed at 80252DF0 (length = 3C bytes)
$Script_Exit0 will be placed at 80252E2C (length = 3C bytes)
$Script_EnemyAI will be placed at 80252E68 (length = 3C bytes)
$Script_Init_Bag will be placed at 80252EA4 (length = 38 bytes)
$Script_Init_Bag_HitBox will be placed at 80252EDC (length = 38 bytes)
$String_Bandit_Confrotation_Bye will be placed at 80252F14 (length = 34 bytes)
$DispawnPartner will be placed at 80252F48 (length = 34 bytes)
$String_Whatever will be placed at 80252F7C (length = 30 bytes)
$EnablePipeCollider will be placed at 80252FAC (length = 30 bytes)
$AISettings_MoneySack will be placed at 80252FDC (length = 30 bytes)
$String_Bandit_Defeated2 will be placed at 8025300C (length = 30 bytes)
$AISettings_Enemy will be placed at 8025303C (length = 30 bytes)
$RespawnPartner will be placed at 8025306C (length = 30 bytes)
$AISettings_DisableEnemy will be placed at 8025309C (length = 30 bytes)
$NPC_Settings_Sack will be placed at 802530CC (length = 2C bytes)
$NpcSettings_Generic will be placed at 802530F8 (length = 2C bytes)
$NpcSettings_Enemy1 will be placed at 80253124 (length = 2C bytes)
$Function_RevivePlayer will be placed at 80253150 (length = 2C bytes)
$NpcSettings_Blank will be placed at 8025317C (length = 2C bytes)
$BlankSettings will be placed at 802531A8 (length = 2C bytes)
$Script_MakeExits will be placed at 802531D4 (length = 2C bytes)
$Function_ResetEnemiesFlag will be placed at 80253200 (length = 2C bytes)
$String_List_NoYes will be placed at 8025322C (length = 28 bytes)
$Function_SaveCoinsLosted will be placed at 80253254 (length = 28 bytes)
$String_List_YesNo will be placed at 8025327C (length = 28 bytes)
$Script_Init_EnemyNPC will be placed at 802532A4 (length = 24 bytes)
$VectorList_SwitchPath will be placed at 802532C8 (length = 24 bytes)
$Script_Init_Lakitu will be placed at 802532EC (length = 24 bytes)
$Script_Init_Mover will be placed at 80253310 (length = 24 bytes)
$String_CoinsGained will be placed at 80253334 (length = 24 bytes)
$String_Bandit_Defeated10 will be placed at 80253358 (length = 24 bytes)
$String_Bandit_Defeated6 will be placed at 8025337C (length = 20 bytes)
$String_Bandit_Defeated5 will be placed at 8025339C (length = 20 bytes)
$Script_DisableEnemyAI will be placed at 802533BC (length = 20 bytes)
$TotalLevels_CurrentPlaythrough will be placed at 802533DC (length = 1C bytes)
$NpcGroupList_RubyCS will be placed at 802533F8 (length = 18 bytes)
$SignString will be placed at 80253410 (length = 18 bytes)
$ExtraAnimationList_Enemy1 will be placed at 80253428 (length = 14 bytes)
$String_Psst will be placed at 8025343C (length = 10 bytes)
$Script_null will be placed at 8025344C (length = 10 bytes)
$ASCII_"pt81_86_shape"_Literal will be placed at 8025345C (length = 10 bytes)
$Function_ResetCoinsLosted will be placed at 8025346C (length = 10 bytes)
$ASCII_"pt51_56_shape"_Literal will be placed at 8025347C (length = 10 bytes)
$ASCII_"pt1_6_hit"_Literal will be placed at 8025348C (length = C bytes)
$NpcGroup7 will be placed at 80253498 (length = C bytes)
$NpcGroup1 will be placed at 802534A4 (length = C bytes)
$ASCII_"pt_100"_Literal will be placed at 802534B0 (length = C bytes)
$ASCII_"dmo_00"_Literal will be placed at 802534BC (length = C bytes)
$ASCII_"pt1_6_shape"_Literal will be placed at 802534C8 (length = C bytes)
$ASCII_"pt_85"_Literal will be placed at 802534D4 (length = 8 bytes)
$ASCII_"pt91_96"_Literal will be placed at 802534DC (length = 8 bytes)
$ASCII_"pt62_67"_Literal will be placed at 802534E4 (length = 8 bytes)
$ASCII_"pt33_38"_Literal will be placed at 802534EC (length = 8 bytes)
$ASCII_"pt1_6"_Literal will be placed at 802534F4 (length = 8 bytes)
$ASCII_"pt_95"_Literal will be placed at 802534FC (length = 8 bytes)
$ASCII_"pt4_9"_Literal will be placed at 80253504 (length = 8 bytes)
$ASCII_"pt_65"_Literal will be placed at 8025350C (length = 8 bytes)
$ASCII_"pt44_49"_Literal will be placed at 80253514 (length = 8 bytes)
$ASCII_"pt81_86"_Literal will be placed at 8025351C (length = 8 bytes)
$ASCII_"pt_80"_Literal will be placed at 80253524 (length = 8 bytes)
$ASCII_"pt52_57"_Literal will be placed at 8025352C (length = 8 bytes)
$ASCII_"pt23_28"_Literal will be placed at 80253534 (length = 8 bytes)
$ASCII_"pt_50"_Literal will be placed at 8025353C (length = 8 bytes)
$ASCII_"pt83_88"_Literal will be placed at 80253544 (length = 8 bytes)
$ASCII_"pt54_59"_Literal will be placed at 8025354C (length = 8 bytes)
$ASCII_"pt64_69"_Literal will be placed at 80253554 (length = 8 bytes)
$ASCII_"pt72_77"_Literal will be placed at 8025355C (length = 8 bytes)
$ASCII_"pt14_19"_Literal will be placed at 80253564 (length = 8 bytes)
$ASCII_"pt34_39"_Literal will be placed at 8025356C (length = 8 bytes)
$ASCII_"pt22_27"_Literal will be placed at 80253574 (length = 8 bytes)
$ASCII_"pt21_26"_Literal will be placed at 8025357C (length = 8 bytes)
$ASCII_"pt73_78"_Literal will be placed at 80253584 (length = 8 bytes)
$ConstDouble_80246CB0 will be placed at 80253590 (length = 8 bytes)
$ASCII_"pt84_89"_Literal will be placed at 80253598 (length = 8 bytes)
$ASCII_"pt92_97"_Literal will be placed at 802535A0 (length = 8 bytes)
$ASCII_"pt_75"_Literal will be placed at 802535A8 (length = 8 bytes)
$ASCII_"pt53_58"_Literal will be placed at 802535B0 (length = 8 bytes)
$ASCII_"pt41_46"_Literal will be placed at 802535B8 (length = 8 bytes)
$ASCII_"pt61_66"_Literal will be placed at 802535C0 (length = 8 bytes)
$ASCII_"pt32_37"_Literal will be placed at 802535C8 (length = 8 bytes)
$ASCII_"pt_15"_Literal will be placed at 802535D0 (length = 8 bytes)
$ASCII_"pt11_16"_Literal will be placed at 802535D8 (length = 8 bytes)
$ASCII_"pt_00"_Literal will be placed at 802535E0 (length = 8 bytes)
$ASCII_"pt74_79"_Literal will be placed at 802535E8 (length = 8 bytes)
$ASCII_"pt_25"_Literal will be placed at 802535F0 (length = 8 bytes)
$ASCII_"pt_35"_Literal will be placed at 802535F8 (length = 8 bytes)
$ASCII_"pt71_76"_Literal will be placed at 80253600 (length = 8 bytes)
$ASCII_"pt42_47"_Literal will be placed at 80253608 (length = 8 bytes)
$ASCII_"pt13_18"_Literal will be placed at 80253610 (length = 8 bytes)
$ASCII_"pt_05"_Literal will be placed at 80253618 (length = 8 bytes)
$ASCII_"pt93_98"_Literal will be placed at 80253620 (length = 8 bytes)
$ASCII_"pt43_48"_Literal will be placed at 80253628 (length = 8 bytes)
$ASCII_"pt51_56"_Literal will be placed at 80253630 (length = 8 bytes)
$ASCII_"pt_55"_Literal will be placed at 80253638 (length = 8 bytes)
$ASCII_"pt2_7"_Literal will be placed at 80253640 (length = 8 bytes)
$ASCII_"pt12_17"_Literal will be placed at 80253648 (length = 8 bytes)
$ASCII_"pt3_8"_Literal will be placed at 80253650 (length = 8 bytes)
$ASCII_"pt_10"_Literal will be placed at 80253658 (length = 8 bytes)
$ASCII_"tik_tex"_Literal will be placed at 80253660 (length = 8 bytes)
$ASCII_"pt31_36"_Literal will be placed at 80253668 (length = 8 bytes)
$ASCII_"pt63_68"_Literal will be placed at 80253670 (length = 8 bytes)
$ASCII_"pt94_99"_Literal will be placed at 80253678 (length = 8 bytes)
$ASCII_"pt82_87"_Literal will be placed at 80253680 (length = 8 bytes)
$ASCII_"pt_45"_Literal will be placed at 80253688 (length = 8 bytes)
$ASCII_"pt24_29"_Literal will be placed at 80253690 (length = 8 bytes)
$MoverCancel will be placed at 8025358C (length = 4 bytes)
$BanditMoverCancel will be placed at 80253698 (length = 4 bytes)
$CloseDialogBubble will be placed at 8025369C (length = 4 bytes)
Executing patch: pt_50.mpat
Creating struct: $DeepestLevel
Creating struct: $TotalLevels_Sign
Creating struct: $TotalLevels_CurrentPlaythrough
Creating struct: $LoadHighscores
Creating struct: $FallingDownPipe
Creating struct: $Function_GetPos
Creating struct: $Function2
Creating struct: $Script_TrackPlayer
Creating struct: $Script_PipeAnimation
Creating struct: $Function_SetAnimation
Creating struct: $Function_GetColliderPos
Creating struct: $Function_TrackInput
Creating struct: $GoToNextLevel
Creating struct: $GetFloorSign
Creating struct: $GetFloorSign_Rogue
Creating struct: $Function_GetTattle1
Creating struct: $Function_GetTattle2
Creating struct: $Script_ReadSign
Creating struct: $BadgeListRogue
Creating struct: $Function_SaveFlag
Creating struct: $BadgeList
Creating struct: $GetBadge
Creating struct: $CoinChest
Creating struct: $LoadChestFloor
Creating struct: $ShopperInteraction
Creating struct: $Script_Interact_Rowf_FloorZero
Creating struct: $Script_SetInventoryPrices
Creating struct: $InventoryAvailability
Creating struct: $LoadCoins
Creating struct: $LoadInventory
Creating struct: $Partner_Settings
Creating struct: $Init_NPC
Creating struct: $Script_CloseChest
Creating struct: $NPC_Cutscene1
Creating struct: $Script_GoombarioCS1
Creating struct: $SkipCutscene_GoombarioCS1
Creating struct: $NPC_Cutscene2
Creating struct: $Script_KooperCS1
Creating struct: $SkipCutscene_KooperCS1
Creating struct: $NPC_Cutscene3
Creating struct: $SkipCutscene_BombetteCS1
Creating struct: $Script_BombetteCS1
Creating struct: $NPC_Cutscene4
Creating struct: $Script_ParakarryCS1
Creating struct: $SkipCutscene_ParakarryCS1
Creating struct: $NPC_Cutscene5
Creating struct: $Script_BowCS1
Creating struct: $SkipCutscene_BowCS1
Creating struct: $Script_MarioAnimation0
Creating struct: $Script_MarioAnimation0_1
Creating struct: $Script_MarioAnimation0_2
Creating struct: $Script_MarioAnimation1
Creating struct: $NPC_Cutscene6
Creating struct: $Script_WattCS1
Creating struct: $SkipCutscene_WattCS1
Creating struct: $Script_WattThunder
Creating struct: $NPC_Cutscene7
Creating struct: $Script_SushieCS1
Creating struct: $SkipCutscene_SushieCS1
Creating struct: $NPC_Cutscene8
Creating struct: $Script_LakilesterCS1
Creating struct: $SkipCutscene_LakilesterCS1
Creating struct: $VectorList_Path_Lakilester
Creating struct: $Function_LoadPath
Creating struct: $Script_SetNPC
Creating struct: $Script_PlayPartnerMusic
Creating struct: $Script_StopPartnerMusic
Creating struct: $Explotion
Creating struct: $JoinedYourParty
Creating struct: $SetNPCtoPartner
Creating struct: $Header
Creating struct: $EntryList
Creating struct: $Function_Init
Creating struct: $Script_Main
Creating struct: $Script_RoguelikeHard_FloorZero_1stTime
Creating struct: $Script_CheckHPFPCap
Creating struct: $Function_GetPartnersUnlocked
Creating struct: $Function_GetPartnersUpgrades
Creating struct: $Script_EnableWaterTexture
Creating struct: $Script_80244A70
Creating struct: $Function_80240404
Creating struct: $Function_802402E0
Creating struct: $Script_SetPipesPosition
Creating struct: $Script_MakeEntities
Creating struct: $Script_MakeEntities_SaveFileLoaded
Creating struct: $Trigger_SaveBlock_Instructions
Creating struct: $Script_ChestAnimation
Creating struct: $Script_StretchChest
Creating struct: $Script_RotateChest
Creating struct: $Function_GetChestState
Creating struct: $Script_MoveChest
Creating struct: $Script_MakeEntities_Demo
Creating struct: $Script_EndDemo
Creating struct: $Function_SaveBetterTotalTime
Creating struct: $Script_ReadSignExit
Creating struct: $Script_ReadSignExit_Demo
Creating struct: $Script_UseChest
Creating struct: $SetSackFlag
Creating struct: $Script_OpenChest
Creating struct: $Script_GetItem
Creating struct: $CommingDownPipe
Creating struct: $PipeSpawning
Creating struct: $Script_MakeExits
Creating struct: $Script_Exit1
Creating struct: $Script_Exit0
Creating struct: $Script_Rogue_GiveTotalCoins
Creating struct: $PipeAnimationX
Creating struct: $Function_802400F0
Creating struct: $Function_80240000
Creating struct: $NpcGroups_FloorZero
Creating struct: $NpcGroups
Creating struct: $NpcGroup_Partners
Creating struct: $NpcGroup_Rowf
Creating struct: $Rowf_Settings
Creating struct: $Script_AI_Rowf
Creating struct: $InitShopper
Creating struct: $GotItem
Creating struct: $NpcGroup_Oaklie
Creating struct: $BlankSettings
Creating struct: $Script_Init_Oaklie_ChestFloor
Creating struct: $NpcGroup_Rippo
Creating struct: $Script_Init_Rippo
Creating struct: $NpcGroup_Dupli
Creating struct: $Script_Init_Dupli
Creating struct: $NpcGroup_Toad
Creating struct: $EnableInputs
Merged 1 regions to 1
$BadgeList will be placed at 80240000 (length = 2028 bytes)
$BadgeListRogue will be placed at 80242028 (length = 1350 bytes)
$GetBadge will be placed at 80243378 (length = 1244 bytes)
$NpcGroup_Partners will be placed at 802445BC (length = F80 bytes)
$Script_BowCS1 will be placed at 8024553C (length = E94 bytes)
$Script_MakeEntities will be placed at 802463D0 (length = CD4 bytes)
$GoToNextLevel will be placed at 802470A4 (length = B10 bytes)
$Script_Main will be placed at 80247BB4 (length = 978 bytes)
$Script_SetNPC will be placed at 8024852C (length = 864 bytes)
$NPC_Cutscene4 will be placed at 80248D90 (length = 780 bytes)
$Script_UseChest will be placed at 80249510 (length = 614 bytes)
$ShopperInteraction will be placed at 80249B24 (length = 4F8 bytes)
$Script_KooperCS1 will be placed at 8024A01C (length = 4D8 bytes)
$Script_SetInventoryPrices will be placed at 8024A4F4 (length = 4B0 bytes)
$PipeAnimationX will be placed at 8024A9A4 (length = 428 bytes)
$Script_BombetteCS1 will be placed at 8024ADCC (length = 424 bytes)
$FallingDownPipe will be placed at 8024B1F0 (length = 418 bytes)
$CoinChest will be placed at 8024B608 (length = 400 bytes)
$Script_GoombarioCS1 will be placed at 8024BA08 (length = 3F8 bytes)
$LoadChestFloor will be placed at 8024BE00 (length = 3E0 bytes)
$Script_SushieCS1 will be placed at 8024C1E0 (length = 3AC bytes)
$Script_Interact_Rowf_FloorZero will be placed at 8024C58C (length = 360 bytes)
$Script_WattCS1 will be placed at 8024C8EC (length = 334 bytes)
$Script_Rogue_GiveTotalCoins will be placed at 8024CC20 (length = 2FC bytes)
$Script_StretchChest will be placed at 8024CF1C (length = 2A8 bytes)
$Script_LakilesterCS1 will be placed at 8024D1C4 (length = 29C bytes)
$LoadInventory will be placed at 8024D460 (length = 254 bytes)
$Script_OpenChest will be placed at 8024D6B4 (length = 24C bytes)
$Script_RotateChest will be placed at 8024D900 (length = 21C bytes)
$SkipCutscene_BowCS1 will be placed at 8024DB1C (length = 1F4 bytes)
$NpcGroup_Rippo will be placed at 8024DD10 (length = 1F0 bytes)
$NpcGroup_Dupli will be placed at 8024DF00 (length = 1F0 bytes)
$NpcGroup_Oaklie will be placed at 8024E0F0 (length = 1F0 bytes)
$NpcGroup_Toad will be placed at 8024E2E0 (length = 1F0 bytes)
$NpcGroup_Rowf will be placed at 8024E4D0 (length = 1F0 bytes)
$Function_80240404 will be placed at 8024E6C0 (length = 1E8 bytes)
$SkipCutscene_KooperCS1 will be placed at 8024E8A8 (length = 1E4 bytes)
$SkipCutscene_WattCS1 will be placed at 8024EA8C (length = 1E4 bytes)
$SkipCutscene_BombetteCS1 will be placed at 8024EC70 (length = 1E4 bytes)
$SkipCutscene_LakilesterCS1 will be placed at 8024EE54 (length = 1E4 bytes)
$SkipCutscene_SushieCS1 will be placed at 8024F038 (length = 1E4 bytes)
$SkipCutscene_GoombarioCS1 will be placed at 8024F21C (length = 1E4 bytes)
$SkipCutscene_ParakarryCS1 will be placed at 8024F400 (length = 1C8 bytes)
$Script_PipeAnimation will be placed at 8024F5C8 (length = 1C4 bytes)
$PipeSpawning will be placed at 8024F78C (length = 1B8 bytes)
$String_SaveBlock1 will be placed at 8024F944 (length = 194 bytes)
$SetNPCtoPartner will be placed at 8024FAD8 (length = 184 bytes)
$JoinedYourParty will be placed at 8024FC5C (length = 17C bytes)
$Script_MoveChest will be placed at 8024FDD8 (length = 164 bytes)
$Init_NPC will be placed at 8024FF3C (length = 148 bytes)
$Script_ParakarryCS1 will be placed at 80250084 (length = 144 bytes)
$Script_TrackPlayer will be placed at 802501C8 (length = 144 bytes)
$String_Bombette_2 will be placed at 8025030C (length = 13C bytes)
$MapTattle5 will be placed at 80250448 (length = 13C bytes)
$Tattle_Dupli will be placed at 80250584 (length = 138 bytes)
$NPC_Cutscene3 will be placed at 802506BC (length = 138 bytes)
$MapTattle4 will be placed at 802507F4 (length = 130 bytes)
$String_FloorZero_FirsTime will be placed at 80250924 (length = 128 bytes)
$Function_SaveBetterTotalTime will be placed at 80250A4C (length = 128 bytes)
$NPC_Cutscene1 will be placed at 80250B74 (length = 128 bytes)
$NPC_Cutscene2 will be placed at 80250C9C (length = 128 bytes)
$NPC_Cutscene5 will be placed at 80250DC4 (length = 128 bytes)
$NPC_Cutscene7 will be placed at 80250EEC (length = 128 bytes)
$NPC_Cutscene8 will be placed at 80251014 (length = 128 bytes)
$Script_WattThunder will be placed at 8025113C (length = 124 bytes)
$Script_EnableWaterTexture will be placed at 80251260 (length = 124 bytes)
$Function_802402E0 will be placed at 80251384 (length = 124 bytes)
$Script_AI_Rowf will be placed at 802514A8 (length = 120 bytes)
$Script_MarioAnimation0_2 will be placed at 802515C8 (length = 120 bytes)
$String_Lakilester_3 will be placed at 802516E8 (length = 120 bytes)
$NPC_Cutscene6 will be placed at 80251808 (length = 118 bytes)
$SignStringExit_Demo will be placed at 80251920 (length = 114 bytes)
$Function_LoadPath will be placed at 80251A34 (length = 114 bytes)
$Script_MakeEntities_SaveFileLoaded will be placed at 80251B48 (length = FC bytes)
$ShopperTattle will be placed at 80251C44 (length = E8 bytes)
$DeepestLevel will be placed at 80251D2C (length = E4 bytes)
$Function_802400F0 will be placed at 80251E10 (length = E0 bytes)
$Function_GetColliderPos will be placed at 80251EF0 (length = E0 bytes)
$Function_GetPos will be placed at 80251FD0 (length = E0 bytes)
$TotalLevels_Sign will be placed at 802520B0 (length = DC bytes)
$MapTattle2 will be placed at 8025218C (length = D4 bytes)
$String_Goombario_3 will be placed at 80252260 (length = D0 bytes)
$String_Bow_2 will be placed at 80252330 (length = D0 bytes)
$Script_MarioAnimation0_1 will be placed at 80252400 (length = CC bytes)
$String_Watt_1 will be placed at 802524CC (length = C4 bytes)
$Script_MarioAnimation1 will be placed at 80252590 (length = C0 bytes)
$Script_CheckHPFPCap will be placed at 80252650 (length = C0 bytes)
$ShopperBye1 will be placed at 80252710 (length = C0 bytes)
$ShopperBye2 will be placed at 802527D0 (length = C0 bytes)
$Explotion will be placed at 80252890 (length = BC bytes)
$Function_TrackInput will be placed at 8025294C (length = BC bytes)
$Tattle_Oaklie will be placed at 80252A08 (length = B8 bytes)
$ShopperWelcome will be placed at 80252AC0 (length = B4 bytes)
$String_Bow_3 will be placed at 80252B74 (length = B4 bytes)
$MapTattle3 will be placed at 80252C28 (length = B0 bytes)
$Script_SetPipesPosition will be placed at 80252CD8 (length = B0 bytes)
$LoadHighscores will be placed at 80252D88 (length = B0 bytes)
$Script_MakeEntities_Demo will be placed at 80252E38 (length = AC bytes)
$MapTattle1 will be placed at 80252EE4 (length = A8 bytes)
$Function_GetPartnersUnlocked will be placed at 80252F8C (length = A4 bytes)
$String_Kooper_2 will be placed at 80253030 (length = A4 bytes)
$Function_GetPartnersUpgrades will be placed at 802530D4 (length = A4 bytes)
$Script_ReadSign will be placed at 80253178 (length = A0 bytes)
$String_Goombario_1 will be placed at 80253218 (length = A0 bytes)
$Script_80244A70 will be placed at 802532B8 (length = 9C bytes)
$String_Lakilester_1 will be placed at 80253354 (length = 98 bytes)
$CoinsString will be placed at 802533EC (length = 94 bytes)
$String_Parakarry_2 will be placed at 80253480 (length = 94 bytes)
$ShopperBuying will be placed at 80253514 (length = 94 bytes)
$String_Goombario_4 will be placed at 802535A8 (length = 88 bytes)
$String_Sushie_2 will be placed at 80253630 (length = 80 bytes)
$SignStringBug will be placed at 802536B0 (length = 7C bytes)
$String_Rogue_CoinsGained_Success2 will be placed at 8025372C (length = 78 bytes)
$Trigger_SaveBlock_Instructions will be placed at 802537A4 (length = 78 bytes)
$Function_GetChestState will be placed at 8025381C (length = 74 bytes)
$String_BlastRocks will be placed at 80253890 (length = 74 bytes)
$Tattle_Rippo will be placed at 80253904 (length = 74 bytes)
$Script_ChestAnimation will be placed at 80253978 (length = 74 bytes)
$String_Kooper_3 will be placed at 802539EC (length = 70 bytes)
$String_Sushie_3 will be placed at 80253A5C (length = 70 bytes)
$Rowf_NoSpace will be placed at 80253ACC (length = 6C bytes)
$Function2 will be placed at 80253B38 (length = 6C bytes)
$Function_SetAnimation will be placed at 80253BA4 (length = 6C bytes)
$AfterBuying will be placed at 80253C10 (length = 68 bytes)
$String_Bow_5 will be placed at 80253C78 (length = 68 bytes)
$Script_RoguelikeHard_FloorZero_1stTime will be placed at 80253CE0 (length = 64 bytes)
$Function_GetTattle1 will be placed at 80253D44 (length = 60 bytes)
$String_Lakilester_2 will be placed at 80253DA4 (length = 60 bytes)
$Script_EndDemo will be placed at 80253E04 (length = 5C bytes)
$String_Sushie_4 will be placed at 80253E60 (length = 5C bytes)
$String_Bow_4 will be placed at 80253EBC (length = 5C bytes)
$NpcGroups will be placed at 80253F18 (length = 54 bytes)
$Script_GetItem will be placed at 80253F6C (length = 54 bytes)
$String_GoBack will be placed at 80253FC0 (length = 54 bytes)
$String_Watt_2 will be placed at 80254014 (length = 4C bytes)
$Script_MarioAnimation0 will be placed at 80254060 (length = 48 bytes)
$CommingDownPipe will be placed at 802540A8 (length = 48 bytes)
$GetFloorSign will be placed at 802540F0 (length = 48 bytes)
$Script_ReadSignExit_Demo will be placed at 80254138 (length = 48 bytes)
$String_Parakarry_3 will be placed at 80254180 (length = 48 bytes)
$StrangeSackBadge will be placed at 802541C8 (length = 48 bytes)
$String_Kooper_1 will be placed at 80254210 (length = 48 bytes)
$Script_ReadSignExit will be placed at 80254258 (length = 48 bytes)
$Script_Exit1 will be placed at 802542A0 (length = 48 bytes)
$Script_Exit0 will be placed at 802542E8 (length = 48 bytes)
$Script_MakeExits will be placed at 80254330 (length = 48 bytes)
$GetFloorSign_Rogue will be placed at 80254378 (length = 48 bytes)
$Function_SaveFlag will be placed at 802543C0 (length = 44 bytes)
$String_Watt_3 will be placed at 80254404 (length = 44 bytes)
$NoCoins will be placed at 80254448 (length = 44 bytes)
$Function_Init will be placed at 8025448C (length = 40 bytes)
$ShopperCancel will be placed at 802544CC (length = 40 bytes)
$Header will be placed at 8025450C (length = 40 bytes)
$EntryList will be placed at 8025454C (length = 40 bytes)
$String_Goombario_2 will be placed at 8025458C (length = 40 bytes)
$Function_GetTattle2 will be placed at 802545CC (length = 3C bytes)
$VectorList_Path_Lakilester will be placed at 80254608 (length = 3C bytes)
$Script_StopPartnerMusic will be placed at 80254644 (length = 3C bytes)
$String_Bombette_1 will be placed at 80254680 (length = 34 bytes)
$Script_PlayPartnerMusic will be placed at 802546B4 (length = 34 bytes)
$String_Bombette_3 will be placed at 802546E8 (length = 30 bytes)
$Rowf_Settings will be placed at 80254718 (length = 2C bytes)
$InventoryAvailability will be placed at 80254744 (length = 2C bytes)
$BlankSettings will be placed at 80254770 (length = 2C bytes)
$EnableInputs will be placed at 8025479C (length = 2C bytes)
$Partner_Settings will be placed at 802547C8 (length = 2C bytes)
$LoadCoins will be placed at 802547F4 (length = 2C bytes)
$String_Parakarry_1 will be placed at 80254820 (length = 28 bytes)
$GotItem will be placed at 80254848 (length = 28 bytes)
$InitShopper will be placed at 80254870 (length = 24 bytes)
$Script_Init_Dupli will be placed at 80254894 (length = 24 bytes)
$Script_Init_Rippo will be placed at 802548B8 (length = 24 bytes)
$NpcGroups_FloorZero will be placed at 802548DC (length = 24 bytes)
$SignStringExit will be placed at 80254900 (length = 20 bytes)
$Function_80240000 will be placed at 80254920 (length = 20 bytes)
$TotalLevels_CurrentPlaythrough will be placed at 80254940 (length = 1C bytes)
$Script_CloseChest will be placed at 8025495C (length = 1C bytes)
$SignString will be placed at 80254978 (length = 18 bytes)
$String_Sushie_1 will be placed at 80254990 (length = 18 bytes)
$SetSackFlag will be placed at 802549A8 (length = 14 bytes)
$ShopperAccepted will be placed at 802549BC (length = 14 bytes)
$String_Goombario_0 will be placed at 802549D0 (length = 14 bytes)
$ASCII_"party_resa"_Literal will be placed at 802549E4 (length = 10 bytes)
$ASCII_"party_pokopi"_Literal will be placed at 802549F4 (length = 10 bytes)
$ASCII_"party_kameki"_Literal will be placed at 80254A04 (length = 10 bytes)
$Script_Init_Oaklie_ChestFloor will be placed at 80254A14 (length = 10 bytes)
$ASCII_"party_pareta"_Literal will be placed at 80254A24 (length = 10 bytes)
$ASCII_"party_kurio"_Literal will be placed at 80254A34 (length = C bytes)
$ASCII_"pt_100"_Literal will be placed at 80254A40 (length = C bytes)
$ASCII_"party_pinki"_Literal will be placed at 80254A4C (length = C bytes)
$ASCII_"dmo_00"_Literal will be placed at 80254A58 (length = C bytes)
$ASCII_"party_opuku"_Literal will be placed at 80254A64 (length = C bytes)
$String_Bow_1 will be placed at 80254A70 (length = C bytes)
$ASCII_"party_akari"_Literal will be placed at 80254A7C (length = C bytes)
$ASCII_"pt_85"_Literal will be placed at 80254A88 (length = 8 bytes)
$ASCII_"pt91_96"_Literal will be placed at 80254A90 (length = 8 bytes)
$ASCII_"pt62_67"_Literal will be placed at 80254A98 (length = 8 bytes)
$ASCII_"pt33_38"_Literal will be placed at 80254AA0 (length = 8 bytes)
$ASCII_"pt1_6"_Literal will be placed at 80254AA8 (length = 8 bytes)
$ASCII_"pt_95"_Literal will be placed at 80254AB0 (length = 8 bytes)
$ASCII_"pt4_9"_Literal will be placed at 80254AB8 (length = 8 bytes)
$ASCII_"pt_65"_Literal will be placed at 80254AC0 (length = 8 bytes)
$ASCII_"pt44_49"_Literal will be placed at 80254AC8 (length = 8 bytes)
$ASCII_"pt81_86"_Literal will be placed at 80254AD0 (length = 8 bytes)
$ASCII_"pt_80"_Literal will be placed at 80254AD8 (length = 8 bytes)
$ASCII_"pt52_57"_Literal will be placed at 80254AE0 (length = 8 bytes)
$ASCII_"pt23_28"_Literal will be placed at 80254AE8 (length = 8 bytes)
$ASCII_"pt_50"_Literal will be placed at 80254AF0 (length = 8 bytes)
$ASCII_"pt83_88"_Literal will be placed at 80254AF8 (length = 8 bytes)
$ASCII_"pt54_59"_Literal will be placed at 80254B00 (length = 8 bytes)
$ASCII_"pt64_69"_Literal will be placed at 80254B08 (length = 8 bytes)
$ASCII_"pt72_77"_Literal will be placed at 80254B10 (length = 8 bytes)
$ASCII_"pt14_19"_Literal will be placed at 80254B18 (length = 8 bytes)
$ASCII_"pt34_39"_Literal will be placed at 80254B20 (length = 8 bytes)
$ASCII_"pt22_27"_Literal will be placed at 80254B28 (length = 8 bytes)
$ASCII_"pt21_26"_Literal will be placed at 80254B30 (length = 8 bytes)
$ASCII_"pt73_78"_Literal will be placed at 80254B38 (length = 8 bytes)
$ASCII_"pt84_89"_Literal will be placed at 80254B40 (length = 8 bytes)
$ASCII_"pt92_97"_Literal will be placed at 80254B48 (length = 8 bytes)
$ASCII_"pt_75"_Literal will be placed at 80254B50 (length = 8 bytes)
$ASCII_"pt53_58"_Literal will be placed at 80254B58 (length = 8 bytes)
$ASCII_"pt41_46"_Literal will be placed at 80254B60 (length = 8 bytes)
$ASCII_"pt61_66"_Literal will be placed at 80254B68 (length = 8 bytes)
$ASCII_"pt32_37"_Literal will be placed at 80254B70 (length = 8 bytes)
$ASCII_"pt_15"_Literal will be placed at 80254B78 (length = 8 bytes)
$ASCII_"pt11_16"_Literal will be placed at 80254B80 (length = 8 bytes)
$ASCII_"pt_00"_Literal will be placed at 80254B88 (length = 8 bytes)
$ASCII_"pt74_79"_Literal will be placed at 80254B90 (length = 8 bytes)
$ASCII_"pt_25"_Literal will be placed at 80254B98 (length = 8 bytes)
$ASCII_"pt_35"_Literal will be placed at 80254BA0 (length = 8 bytes)
$ASCII_"pt71_76"_Literal will be placed at 80254BA8 (length = 8 bytes)
$ASCII_"pt42_47"_Literal will be placed at 80254BB0 (length = 8 bytes)
$ASCII_"pt13_18"_Literal will be placed at 80254BB8 (length = 8 bytes)
$ASCII_"pt_05"_Literal will be placed at 80254BC0 (length = 8 bytes)
$ASCII_"pt93_98"_Literal will be placed at 80254BC8 (length = 8 bytes)
$ASCII_"pt43_48"_Literal will be placed at 80254BD0 (length = 8 bytes)
$ASCII_"pt51_56"_Literal will be placed at 80254BD8 (length = 8 bytes)
$ASCII_"pt_55"_Literal will be placed at 80254BE0 (length = 8 bytes)
$ASCII_"pt2_7"_Literal will be placed at 80254BE8 (length = 8 bytes)
$ASCII_"pt12_17"_Literal will be placed at 80254BF0 (length = 8 bytes)
$ASCII_"pt3_8"_Literal will be placed at 80254BF8 (length = 8 bytes)
$ASCII_"pt_10"_Literal will be placed at 80254C00 (length = 8 bytes)
$ASCII_"tik_tex"_Literal will be placed at 80254C08 (length = 8 bytes)
$ASCII_"pt31_36"_Literal will be placed at 80254C10 (length = 8 bytes)
$ASCII_"pt63_68"_Literal will be placed at 80254C18 (length = 8 bytes)
$ASCII_"pt94_99"_Literal will be placed at 80254C20 (length = 8 bytes)
$ASCII_"pt82_87"_Literal will be placed at 80254C28 (length = 8 bytes)
$ASCII_"pt_45"_Literal will be placed at 80254C30 (length = 8 bytes)
$ASCII_"pt24_29"_Literal will be placed at 80254C38 (length = 8 bytes)
$CloseDialogBubble will be placed at 80254C40 (length = 4 bytes)
Executing patch: pt_55.mpat
Creating struct: $DeepestLevel
Creating struct: $TotalLevels_Sign
Creating struct: $TotalLevels_CurrentPlaythrough
Creating struct: $LoadHighscores
Creating struct: $FallingDownPipe
Creating struct: $Function_GetPos
Creating struct: $Function2
Creating struct: $SetSpawns
Creating struct: $Script_Set_Formation
Creating struct: $Function_OverwriteBattleID
Creating struct: $Script_SetMover
Creating struct: $Script_MapID_Converter
Creating struct: $Script_LoadOdds
Creating struct: $Script_LoadMoverType
Creating struct: $Script_SpawnMover
Creating struct: $Script_SetNPCPos
Creating struct: $Function_Load_MapID
Creating struct: $SwitchPath
Creating struct: $VectorList_SwitchPath
Creating struct: $GetPos
Creating struct: $DispawnPartner
Creating struct: $RespawnPartner
Creating struct: $LoadMap
Creating struct: $GetFloor
Creating struct: $LoadMapBandit
Creating struct: $GetFloorBandit
Creating struct: $SetSpawnsSpecial
Creating struct: $Script_SetMover_Special
Creating struct: $Script_SpawnMover_Special
Creating struct: $Script_Set_SpecialFormation
Creating struct: $Function_LoadCoinsInToVar1
Creating struct: $Script_SetSpawnPosition
Creating struct: $Script_Init_EnemyNPC
Creating struct: $Script_Init_Lakitu
Creating struct: $Script_TrackOutcome
Creating struct: $Script_LakituOutcome
Creating struct: $Script_FloorEnemy_Idle
Creating struct: $Script_Rogue_GiveTotalCoins
Creating struct: $Script_SetEnemyIdle
Creating struct: $Script_AddCoins
Creating struct: $NPC_Settings_Sack
Creating struct: $Script_Init_Bag
Creating struct: $Script_Init_Bag_HitBox
Creating struct: $Script_NPC_SackHit_Init
Creating struct: $Script_NPC_Sack_FX
Creating struct: $NPC_Sack_AnimationStart
Creating struct: $NPC_Sack_AnimationEnd
Creating struct: $Script_SackAnimation_SackAppears_100
Creating struct: $Script_SackAnimation_Start_GoToTheRight
Creating struct: $Script_SackAnimation_Start_GoToTheLeft
Creating struct: $Script_SackAnimation_End_Right
Creating struct: $Script_SackAnimation_End_Left
Creating struct: $Function_LoadMarioCoins
Creating struct: $Function_LoadCoinsLosted
Creating struct: $Function_SaveCoinsLosted
Creating struct: $Function_ResetCoinsLosted
Creating struct: $Function_LoadGainedCoins
Creating struct: $Function_RevivePlayer
Creating struct: $AISettings_MoneySack
Creating struct: $Script_NpcAI_MoneySack
Creating struct: $JumpTable_80242448
Creating struct: $Function_NpcAI_MoneySack
Creating struct: $Function_80240260
Creating struct: $Function_80240844
Creating struct: $Function_802409A8
Creating struct: $Script_TrackPlayer
Creating struct: $Script_PipeAnimation
Creating struct: $Function_SetAnimation
Creating struct: $Function_GetColliderPos
Creating struct: $Function_TrackInput
Creating struct: $GoToNextLevel
Creating struct: $GetFloorSign
Creating struct: $GetFloorSign_Rogue
Creating struct: $Function_GetTattle1
Creating struct: $Function_GetTattle2
Creating struct: $Script_ReadSign
Creating struct: $NpcSettings_Blank
Creating struct: $NpcGroup_Spring1
Creating struct: $NpcGroup_Spring2
Creating struct: $NpcGroup_Spring3
Creating struct: $NpcGroup_Spring4
Creating struct: $NpcGroup_Spring5
Creating struct: $NpcGroup_Spring6
Creating struct: $NpcGroup_Spring7
Creating struct: $NpcGroup_Spring8
Creating struct: $NpcGroup_Spring9
Creating struct: $NpcGroup_Spring10
Creating struct: $Header
Creating struct: $Script_Main2_Wait
Creating struct: $Script_Main2_Exec
Creating struct: $Script_TrackEvents
Creating struct: $Script_Cutscene_Event
Creating struct: $SkipCutscene_Event
Creating struct: $Script_ZoomIn_Camera_X
Creating struct: $Script_Cutscene_Ruby_Init
Creating struct: $Script_Cutscene_Ruby2
Creating struct: $NpcGroupList_RubyCS
Creating struct: $NpcGroup_RubyCS
Creating struct: $NpcSettings_Generic
Creating struct: $Script_null
Creating struct: $Script_SpawnNPCs
Creating struct: $Function_ResetEnemiesFlag
Creating struct: $EntryList
Creating struct: $Function_Init
Creating struct: $NpcGroup_Mover
Creating struct: $BlankSettings
Creating struct: $Script_Init_Mover
Creating struct: $Interact_Mover
Creating struct: $Script_MoverWarpAnimation
Creating struct: $SkipCutscene_MoverWarpAnimation
Creating struct: $NpcGroup_BanditMover
Creating struct: $Script_Init_BanditMover
Creating struct: $Script_Bandit_StartBattle
Creating struct: $Interact_BanditMover
Creating struct: $Script_Warning_Mario
Creating struct: $Script_NoThanks_Bandit
Creating struct: $Script_ZoomIn_Camera
Creating struct: $Script_ZoomIn_Camera_2
Creating struct: $Script_ZoomIn_Camera_3
Creating struct: $NpcGroup_MoneyBag
Creating struct: $Script_SetPipesPosition
Creating struct: $Script_DisableNumbers
Creating struct: $Script_SetFloorNumbers
Creating struct: $Script_CheckBanditStatus1
Creating struct: $Script_Cutscene_BanditStatus1
Creating struct: $Script_CheckBanditStatus2
Creating struct: $Script_TrackOutcome_Bandit
Creating struct: $Script_Cutscene_BanditDefeated
Creating struct: $SkipCutscene_BanditDefeated
Creating struct: $Script_AddCoins_Bandit
Creating struct: $Function_LoadPath
Creating struct: $Script_ClosePartnerDialog
Creating struct: $PipeSpawning
Creating struct: $EnablePipeCollider
Creating struct: $Script_MakeEntities
Creating struct: $CommingDownPipe
Creating struct: $Function_TimerCurrentFloor
Creating struct: $Script_MakeExits
Creating struct: $Script_Exit0
Creating struct: $Script_Main
Creating struct: $NpcGroups
Creating struct: $NpcGroup1
Creating struct: $NpcGroup7
Creating struct: $NpcGroup_Enemy1
Creating struct: $NpcSettings_Enemy1
Creating struct: $Script_EnemyAI
Creating struct: $AISettings_Enemy
Creating struct: $Script_DisableEnemyAI
Creating struct: $AISettings_DisableEnemy
Merged 1 regions to 1
$Script_SetFloorNumbers will be placed at 80240000 (length = 128C bytes)
$NpcGroup_RubyCS will be placed at 8024128C (length = 1170 bytes)
$LoadMap will be placed at 802423FC (length = C04 bytes)
$LoadMapBandit will be placed at 80243000 (length = B80 bytes)
$GoToNextLevel will be placed at 80243B80 (length = B10 bytes)
$Script_Cutscene_BanditDefeated will be placed at 80244690 (length = B08 bytes)
$Script_SetEnemyIdle will be placed at 80245198 (length = 674 bytes)
$Script_MapID_Converter will be placed at 8024580C (length = 60C bytes)
$Script_Warning_Mario will be placed at 80245E18 (length = 608 bytes)
$Function_80240260 will be placed at 80246420 (length = 5E4 bytes)
$Script_SetNPCPos will be placed at 80246A04 (length = 4D0 bytes)
$Script_Cutscene_Ruby_Init will be placed at 80246ED4 (length = 490 bytes)
$FallingDownPipe will be placed at 80247364 (length = 418 bytes)
$Script_TrackEvents will be placed at 8024777C (length = 410 bytes)
$NpcGroup_MoneyBag will be placed at 80247B8C (length = 3E0 bytes)
$Interact_BanditMover will be placed at 80247F6C (length = 3D8 bytes)
$Script_CheckBanditStatus2 will be placed at 80248344 (length = 3D8 bytes)
$SkipCutscene_BanditDefeated will be placed at 8024871C (length = 3D8 bytes)
$Interact_Mover will be placed at 80248AF4 (length = 3CC bytes)
$Script_Set_SpecialFormation will be placed at 80248EC0 (length = 3B4 bytes)
$Script_FloorEnemy_Idle will be placed at 80249274 (length = 388 bytes)
$Script_TrackOutcome_Bandit will be placed at 802495FC (length = 330 bytes)
$Script_LakituOutcome will be placed at 8024992C (length = 30C bytes)
$Script_Rogue_GiveTotalCoins will be placed at 80249C38 (length = 2FC bytes)
$Script_Set_Formation will be placed at 80249F34 (length = 2D4 bytes)
$PipeSpawning will be placed at 8024A208 (length = 2A0 bytes)
$Script_TrackOutcome will be placed at 8024A4A8 (length = 288 bytes)
$Script_Cutscene_Ruby2 will be placed at 8024A730 (length = 258 bytes)
$Function_NpcAI_MoneySack will be placed at 8024A988 (length = 238 bytes)
$Script_SackAnimation_Start_GoToTheRight will be placed at 8024ABC0 (length = 230 bytes)
$Script_SetSpawnPosition will be placed at 8024ADF0 (length = 228 bytes)
$Script_Main2_Exec will be placed at 8024B018 (length = 228 bytes)
$Script_Cutscene_BanditStatus1 will be placed at 8024B240 (length = 21C bytes)
$Script_LoadMoverType will be placed at 8024B45C (length = 214 bytes)
$Script_NoThanks_Bandit will be placed at 8024B670 (length = 210 bytes)
$Script_SackAnimation_Start_GoToTheLeft will be placed at 8024B880 (length = 1F8 bytes)
$NpcGroup_Spring10 will be placed at 8024BA78 (length = 1F0 bytes)
$NpcGroup_Enemy1 will be placed at 8024BC68 (length = 1F0 bytes)
$NpcGroup_Spring1 will be placed at 8024BE58 (length = 1F0 bytes)
$NpcGroup_Spring2 will be placed at 8024C048 (length = 1F0 bytes)
$NpcGroup_Spring3 will be placed at 8024C238 (length = 1F0 bytes)
$NpcGroup_Spring4 will be placed at 8024C428 (length = 1F0 bytes)
$NpcGroup_Spring5 will be placed at 8024C618 (length = 1F0 bytes)
$NpcGroup_Spring6 will be placed at 8024C808 (length = 1F0 bytes)
$NpcGroup_Spring7 will be placed at 8024C9F8 (length = 1F0 bytes)
$NpcGroup_Spring8 will be placed at 8024CBE8 (length = 1F0 bytes)
$NpcGroup_Spring9 will be placed at 8024CDD8 (length = 1F0 bytes)
$NpcGroup_Mover will be placed at 8024CFC8 (length = 1F0 bytes)
$NpcGroup_BanditMover will be placed at 8024D1B8 (length = 1F0 bytes)
$Script_PipeAnimation will be placed at 8024D3A8 (length = 1C4 bytes)
$Script_Cutscene_Event will be placed at 8024D56C (length = 198 bytes)
$Script_NPC_SackHit_Init will be placed at 8024D704 (length = 198 bytes)
$Script_ClosePartnerDialog will be placed at 8024D89C (length = 194 bytes)
$JumpTable_80242448 will be placed at 8024DA30 (length = 190 bytes)
$SkipCutscene_Event will be placed at 8024DBC0 (length = 188 bytes)
$Script_SpawnNPCs will be placed at 8024DD48 (length = 174 bytes)
$NPC_Sack_AnimationStart will be placed at 8024DEBC (length = 168 bytes)
$Function_80240844 will be placed at 8024E024 (length = 164 bytes)
$Script_SackAnimation_End_Right will be placed at 8024E188 (length = 158 bytes)
$Script_SackAnimation_End_Left will be placed at 8024E2E0 (length = 150 bytes)
$Script_TrackPlayer will be placed at 8024E430 (length = 144 bytes)
$Script_CheckBanditStatus1 will be placed at 8024E574 (length = 13C bytes)
$MapTattle5 will be placed at 8024E6B0 (length = 13C bytes)
$MapTattle4 will be placed at 8024E7EC (length = 130 bytes)
$BanditMover_Tattle will be placed at 8024E91C (length = 11C bytes)
$Function_LoadPath will be placed at 8024EA38 (length = 114 bytes)
$Script_SackAnimation_SackAppears_100 will be placed at 8024EB4C (length = 100 bytes)
$String_Partner_Event_1 will be placed at 8024EC4C (length = FC bytes)
$Script_Main2_Wait will be placed at 8024ED48 (length = F4 bytes)
$String_Warning2 will be placed at 8024EE3C (length = F0 bytes)
$Script_SetMover_Special will be placed at 8024EF2C (length = EC bytes)
$SetSpawnsSpecial will be placed at 8024F018 (length = E8 bytes)
$SetSpawns will be placed at 8024F100 (length = E8 bytes)
$String_Warning1 will be placed at 8024F1E8 (length = E8 bytes)
$DeepestLevel will be placed at 8024F2D0 (length = E4 bytes)
$Function_GetColliderPos will be placed at 8024F3B4 (length = E0 bytes)
$Function_GetPos will be placed at 8024F494 (length = E0 bytes)
$TotalLevels_Sign will be placed at 8024F574 (length = DC bytes)
$Script_SpawnMover_Special will be placed at 8024F650 (length = DC bytes)
$GetFloor will be placed at 8024F72C (length = DC bytes)
$Script_DisableNumbers will be placed at 8024F808 (length = D8 bytes)
$MapTattle2 will be placed at 8024F8E0 (length = D4 bytes)
$NPC_Sack_AnimationEnd will be placed at 8024F9B4 (length = D4 bytes)
$Script_SetMover will be placed at 8024FA88 (length = D0 bytes)
$GetFloorBandit will be placed at 8024FB58 (length = D0 bytes)
$Script_AddCoins_Bandit will be placed at 8024FC28 (length = C8 bytes)
$GetPos will be placed at 8024FCF0 (length = C8 bytes)
$SkipCutscene_MoverWarpAnimation will be placed at 8024FDB8 (length = C4 bytes)
$Function_Init will be placed at 8024FE7C (length = C4 bytes)
$MoverStart will be placed at 8024FF40 (length = C0 bytes)
$String_Warning3 will be placed at 80250000 (length = C0 bytes)
$Script_ZoomIn_Camera_3 will be placed at 802500C0 (length = BC bytes)
$Script_ZoomIn_Camera_2 will be placed at 8025017C (length = BC bytes)
$Script_ZoomIn_Camera will be placed at 80250238 (length = BC bytes)
$Function_TrackInput will be placed at 802502F4 (length = BC bytes)
$String_Bandit_Defeated4 will be placed at 802503B0 (length = B8 bytes)
$Script_MoverWarpAnimation will be placed at 80250468 (length = B8 bytes)
$Script_NpcAI_MoneySack will be placed at 80250520 (length = B8 bytes)
$NpcGroups will be placed at 802505D8 (length = B4 bytes)
$Script_SpawnMover will be placed at 8025068C (length = B4 bytes)
$BanditMoverStart will be placed at 80250740 (length = B4 bytes)
$MapTattle3 will be placed at 802507F4 (length = B0 bytes)
$Script_LoadOdds will be placed at 802508A4 (length = B0 bytes)
$Script_SetPipesPosition will be placed at 80250954 (length = B0 bytes)
$LoadHighscores will be placed at 80250A04 (length = B0 bytes)
$MapTattle1 will be placed at 80250AB4 (length = A8 bytes)
$Script_AddCoins will be placed at 80250B5C (length = A8 bytes)
$SwitchPath will be placed at 80250C04 (length = A4 bytes)
$Script_NPC_Sack_FX will be placed at 80250CA8 (length = A4 bytes)
$Tattle_Springkeeper will be placed at 80250D4C (length = A4 bytes)
$Script_ReadSign will be placed at 80250DF0 (length = A0 bytes)
$Script_ZoomIn_Camera_X will be placed at 80250E90 (length = A0 bytes)
$String_Bandit_Defeated9 will be placed at 80250F30 (length = 9C bytes)
$Script_Bandit_StartBattle will be placed at 80250FCC (length = 9C bytes)
$Script_Main will be placed at 80251068 (length = 9C bytes)
$Mover_Tattle will be placed at 80251104 (length = 94 bytes)
$String_Bandit_Defeated3 will be placed at 80251198 (length = 90 bytes)
$String_Bandit_Defeated8 will be placed at 80251228 (length = 8C bytes)
$BanditMover_Options2 will be placed at 802512B4 (length = 84 bytes)
$BanditMover_Options will be placed at 80251338 (length = 84 bytes)
$String_Okay will be placed at 802513BC (length = 80 bytes)
$Function_TimerCurrentFloor will be placed at 8025143C (length = 7C bytes)
$SignStringBug will be placed at 802514B8 (length = 7C bytes)
$String_Rogue_CoinsGained_Success will be placed at 80251534 (length = 78 bytes)
$Mover_Options will be placed at 802515AC (length = 78 bytes)
$Function2 will be placed at 80251624 (length = 6C bytes)
$Function_SetAnimation will be placed at 80251690 (length = 6C bytes)
$String_Bandit_Defeated1 will be placed at 802516FC (length = 68 bytes)
$CommingDownPipe will be placed at 80251764 (length = 68 bytes)
$MoverEnd will be placed at 802517CC (length = 68 bytes)
$BanditMoverEnd will be placed at 80251834 (length = 68 bytes)
$String_Bandit_Defeated_Partner3 will be placed at 8025189C (length = 64 bytes)
$String_Bandit_Defeated_Partner2 will be placed at 80251900 (length = 64 bytes)
$Function_GetTattle1 will be placed at 80251964 (length = 60 bytes)
$Function_OverwriteBattleID will be placed at 802519C4 (length = 60 bytes)
$String_Bandit_Confrontation1 will be placed at 80251A24 (length = 5C bytes)
$BanditMoverNoCoins will be placed at 80251A80 (length = 58 bytes)
$MoverNoCoins will be placed at 80251AD8 (length = 58 bytes)
$String_Bandit_Defeated7 will be placed at 80251B30 (length = 50 bytes)
$String_Bandit_Defeated_Partner4 will be placed at 80251B80 (length = 50 bytes)
$EntryList will be placed at 80251BD0 (length = 50 bytes)
$String_NoThanks will be placed at 80251C20 (length = 50 bytes)
$Script_Init_BanditMover will be placed at 80251C70 (length = 4C bytes)
$GetFloorSign will be placed at 80251CBC (length = 48 bytes)
$Function_Load_MapID will be placed at 80251D04 (length = 48 bytes)
$GetFloorSign_Rogue will be placed at 80251D4C (length = 48 bytes)
$Script_MakeEntities will be placed at 80251D94 (length = 44 bytes)
$Function_802409A8 will be placed at 80251DD8 (length = 44 bytes)
$Function_LoadCoinsInToVar1 will be placed at 80251E1C (length = 44 bytes)
$String_Bandit_Defeated_Partner1 will be placed at 80251E60 (length = 40 bytes)
$Header will be placed at 80251EA0 (length = 40 bytes)
$Function_LoadCoinsLosted will be placed at 80251EE0 (length = 40 bytes)
$Function_LoadMarioCoins will be placed at 80251F20 (length = 40 bytes)
$Function_LoadGainedCoins will be placed at 80251F60 (length = 40 bytes)
$Function_GetTattle2 will be placed at 80251FA0 (length = 3C bytes)
$Script_Exit0 will be placed at 80251FDC (length = 3C bytes)
$Script_Init_Bag will be placed at 80252018 (length = 38 bytes)
$Script_Init_Bag_HitBox will be placed at 80252050 (length = 38 bytes)
$String_Bandit_Confrotation_Bye will be placed at 80252088 (length = 34 bytes)
$DispawnPartner will be placed at 802520BC (length = 34 bytes)
$String_Whatever will be placed at 802520F0 (length = 30 bytes)
$EnablePipeCollider will be placed at 80252120 (length = 30 bytes)
$AISettings_MoneySack will be placed at 80252150 (length = 30 bytes)
$String_Bandit_Defeated2 will be placed at 80252180 (length = 30 bytes)
$AISettings_Enemy will be placed at 802521B0 (length = 30 bytes)
$RespawnPartner will be placed at 802521E0 (length = 30 bytes)
$AISettings_DisableEnemy will be placed at 80252210 (length = 30 bytes)
$NPC_Settings_Sack will be placed at 80252240 (length = 2C bytes)
$NpcSettings_Generic will be placed at 8025226C (length = 2C bytes)
$Function_RevivePlayer will be placed at 80252298 (length = 2C bytes)
$NpcSettings_Blank will be placed at 802522C4 (length = 2C bytes)
$BlankSettings will be placed at 802522F0 (length = 2C bytes)
$Script_MakeExits will be placed at 8025231C (length = 2C bytes)
$Function_ResetEnemiesFlag will be placed at 80252348 (length = 2C bytes)
$String_List_NoYes will be placed at 80252374 (length = 28 bytes)
$Function_SaveCoinsLosted will be placed at 8025239C (length = 28 bytes)
$String_List_YesNo will be placed at 802523C4 (length = 28 bytes)
$Script_Init_EnemyNPC will be placed at 802523EC (length = 24 bytes)
$VectorList_SwitchPath will be placed at 80252410 (length = 24 bytes)
$NpcSettings_Enemy1 will be placed at 80252434 (length = 24 bytes)
$Script_Init_Lakitu will be placed at 80252458 (length = 24 bytes)
$Script_Init_Mover will be placed at 8025247C (length = 24 bytes)
$String_CoinsGained will be placed at 802524A0 (length = 24 bytes)
$String_Bandit_Defeated10 will be placed at 802524C4 (length = 24 bytes)
$String_Bandit_Defeated6 will be placed at 802524E8 (length = 20 bytes)
$String_Bandit_Defeated5 will be placed at 80252508 (length = 20 bytes)
$Script_DisableEnemyAI will be placed at 80252528 (length = 20 bytes)
$Script_EnemyAI will be placed at 80252548 (length = 20 bytes)
$TotalLevels_CurrentPlaythrough will be placed at 80252568 (length = 1C bytes)
$NpcGroupList_RubyCS will be placed at 80252584 (length = 18 bytes)
$SignString will be placed at 8025259C (length = 18 bytes)
$String_Psst will be placed at 802525B4 (length = 10 bytes)
$Script_null will be placed at 802525C4 (length = 10 bytes)
$ASCII_"pt81_86_shape"_Literal will be placed at 802525D4 (length = 10 bytes)
$Function_ResetCoinsLosted will be placed at 802525E4 (length = 10 bytes)
$ASCII_"pt51_56_shape"_Literal will be placed at 802525F4 (length = 10 bytes)
$ASCII_"pt1_6_hit"_Literal will be placed at 80252604 (length = C bytes)
$NpcGroup7 will be placed at 80252610 (length = C bytes)
$NpcGroup1 will be placed at 8025261C (length = C bytes)
$ASCII_"pt_100"_Literal will be placed at 80252628 (length = C bytes)
$ASCII_"dmo_00"_Literal will be placed at 80252634 (length = C bytes)
$ASCII_"pt1_6_shape"_Literal will be placed at 80252640 (length = C bytes)
$ASCII_"pt_85"_Literal will be placed at 8025264C (length = 8 bytes)
$ASCII_"pt91_96"_Literal will be placed at 80252654 (length = 8 bytes)
$ASCII_"pt62_67"_Literal will be placed at 8025265C (length = 8 bytes)
$ASCII_"pt33_38"_Literal will be placed at 80252664 (length = 8 bytes)
$ASCII_"pt1_6"_Literal will be placed at 8025266C (length = 8 bytes)
$ASCII_"pt_95"_Literal will be placed at 80252674 (length = 8 bytes)
$ASCII_"pt4_9"_Literal will be placed at 8025267C (length = 8 bytes)
$ASCII_"pt_65"_Literal will be placed at 80252684 (length = 8 bytes)
$ASCII_"pt44_49"_Literal will be placed at 8025268C (length = 8 bytes)
$ASCII_"pt81_86"_Literal will be placed at 80252694 (length = 8 bytes)
$ASCII_"pt_80"_Literal will be placed at 8025269C (length = 8 bytes)
$ASCII_"pt52_57"_Literal will be placed at 802526A4 (length = 8 bytes)
$ASCII_"pt23_28"_Literal will be placed at 802526AC (length = 8 bytes)
$ASCII_"pt_50"_Literal will be placed at 802526B4 (length = 8 bytes)
$ASCII_"pt83_88"_Literal will be placed at 802526BC (length = 8 bytes)
$ASCII_"pt54_59"_Literal will be placed at 802526C4 (length = 8 bytes)
$ASCII_"pt64_69"_Literal will be placed at 802526CC (length = 8 bytes)
$ASCII_"pt72_77"_Literal will be placed at 802526D4 (length = 8 bytes)
$ASCII_"pt14_19"_Literal will be placed at 802526DC (length = 8 bytes)
$ASCII_"pt34_39"_Literal will be placed at 802526E4 (length = 8 bytes)
$ASCII_"pt22_27"_Literal will be placed at 802526EC (length = 8 bytes)
$ASCII_"pt21_26"_Literal will be placed at 802526F4 (length = 8 bytes)
$ASCII_"pt73_78"_Literal will be placed at 802526FC (length = 8 bytes)
$ASCII_"pt84_89"_Literal will be placed at 80252704 (length = 8 bytes)
$ASCII_"pt92_97"_Literal will be placed at 8025270C (length = 8 bytes)
$ASCII_"pt_75"_Literal will be placed at 80252714 (length = 8 bytes)
$ASCII_"pt53_58"_Literal will be placed at 8025271C (length = 8 bytes)
$ASCII_"pt41_46"_Literal will be placed at 80252724 (length = 8 bytes)
$ASCII_"pt61_66"_Literal will be placed at 8025272C (length = 8 bytes)
$ASCII_"pt32_37"_Literal will be placed at 80252734 (length = 8 bytes)
$ASCII_"pt_15"_Literal will be placed at 8025273C (length = 8 bytes)
$ASCII_"pt11_16"_Literal will be placed at 80252744 (length = 8 bytes)
$ASCII_"pt_00"_Literal will be placed at 8025274C (length = 8 bytes)
$ASCII_"pt74_79"_Literal will be placed at 80252754 (length = 8 bytes)
$ASCII_"pt_25"_Literal will be placed at 8025275C (length = 8 bytes)
$ASCII_"pt_35"_Literal will be placed at 80252764 (length = 8 bytes)
$ASCII_"pt71_76"_Literal will be placed at 8025276C (length = 8 bytes)
$ASCII_"pt42_47"_Literal will be placed at 80252774 (length = 8 bytes)
$ASCII_"pt13_18"_Literal will be placed at 8025277C (length = 8 bytes)
$ASCII_"pt_05"_Literal will be placed at 80252784 (length = 8 bytes)
$ASCII_"pt93_98"_Literal will be placed at 8025278C (length = 8 bytes)
$ASCII_"pt43_48"_Literal will be placed at 80252794 (length = 8 bytes)
$ASCII_"pt51_56"_Literal will be placed at 8025279C (length = 8 bytes)
$ASCII_"pt_55"_Literal will be placed at 802527A4 (length = 8 bytes)
$ASCII_"pt2_7"_Literal will be placed at 802527AC (length = 8 bytes)
$ASCII_"pt12_17"_Literal will be placed at 802527B4 (length = 8 bytes)
$ASCII_"pt3_8"_Literal will be placed at 802527BC (length = 8 bytes)
$ASCII_"pt_10"_Literal will be placed at 802527C4 (length = 8 bytes)
$ASCII_"tik_tex"_Literal will be placed at 802527CC (length = 8 bytes)
$ASCII_"pt31_36"_Literal will be placed at 802527D4 (length = 8 bytes)
$ASCII_"pt63_68"_Literal will be placed at 802527DC (length = 8 bytes)
$ASCII_"pt94_99"_Literal will be placed at 802527E4 (length = 8 bytes)
$ASCII_"pt82_87"_Literal will be placed at 802527EC (length = 8 bytes)
$ASCII_"pt_45"_Literal will be placed at 802527F4 (length = 8 bytes)
$ASCII_"pt24_29"_Literal will be placed at 802527FC (length = 8 bytes)
$MoverCancel will be placed at 80252804 (length = 4 bytes)
$BanditMoverCancel will be placed at 80252808 (length = 4 bytes)
$CloseDialogBubble will be placed at 8025280C (length = 4 bytes)
Executing patch: pt_65.mpat
Creating struct: $DeepestLevel
Creating struct: $TotalLevels_Sign
Creating struct: $TotalLevels_CurrentPlaythrough
Creating struct: $LoadHighscores
Creating struct: $FallingDownPipe
Creating struct: $Function_GetPos
Creating struct: $Function2
Creating struct: $SetSpawns
Creating struct: $Script_Set_Formation
Creating struct: $Function_OverwriteBattleID
Creating struct: $Script_SetMover
Creating struct: $Script_MapID_Converter
Creating struct: $Script_LoadOdds
Creating struct: $Script_LoadMoverType
Creating struct: $Script_SpawnMover
Creating struct: $Script_SetNPCPos
Creating struct: $Function_Load_MapID
Creating struct: $SwitchPath
Creating struct: $VectorList_SwitchPath
Creating struct: $GetPos
Creating struct: $DispawnPartner
Creating struct: $RespawnPartner
Creating struct: $LoadMap
Creating struct: $GetFloor
Creating struct: $LoadMapBandit
Creating struct: $GetFloorBandit
Creating struct: $SetSpawnsSpecial
Creating struct: $Script_SetMover_Special
Creating struct: $Script_SpawnMover_Special
Creating struct: $Script_Set_SpecialFormation
Creating struct: $Function_LoadCoinsInToVar1
Creating struct: $Script_SetSpawnPosition
Creating struct: $Script_Init_EnemyNPC
Creating struct: $Script_Init_Lakitu
Creating struct: $Script_TrackOutcome
Creating struct: $Script_LakituOutcome
Creating struct: $Script_FloorEnemy_Idle
Creating struct: $Script_Rogue_GiveTotalCoins
Creating struct: $Script_SetEnemyIdle
Creating struct: $Script_AddCoins
Creating struct: $NPC_Settings_Sack
Creating struct: $Script_Init_Bag
Creating struct: $Script_Init_Bag_HitBox
Creating struct: $Script_NPC_SackHit_Init
Creating struct: $Script_NPC_Sack_FX
Creating struct: $NPC_Sack_AnimationStart
Creating struct: $NPC_Sack_AnimationEnd
Creating struct: $Script_SackAnimation_SackAppears_100
Creating struct: $Script_SackAnimation_Start_GoToTheRight
Creating struct: $Script_SackAnimation_Start_GoToTheLeft
Creating struct: $Script_SackAnimation_End_Right
Creating struct: $Script_SackAnimation_End_Left
Creating struct: $Function_LoadMarioCoins
Creating struct: $Function_LoadCoinsLosted
Creating struct: $Function_SaveCoinsLosted
Creating struct: $Function_ResetCoinsLosted
Creating struct: $Function_LoadGainedCoins
Creating struct: $Function_RevivePlayer
Creating struct: $AISettings_MoneySack
Creating struct: $Script_NpcAI_MoneySack
Creating struct: $JumpTable_80242448
Creating struct: $Function_NpcAI_MoneySack
Creating struct: $Function_80240260
Creating struct: $Function_80240844
Creating struct: $Function_802409A8
Creating struct: $Script_TrackPlayer
Creating struct: $Script_PipeAnimation
Creating struct: $Function_SetAnimation
Creating struct: $Function_GetColliderPos
Creating struct: $Function_TrackInput
Creating struct: $GoToNextLevel
Creating struct: $GetFloorSign
Creating struct: $GetFloorSign_Rogue
Creating struct: $Function_GetTattle1
Creating struct: $Function_GetTattle2
Creating struct: $Script_ReadSign
Creating struct: $NpcSettings_Blank
Creating struct: $NpcGroup_Spring1
Creating struct: $NpcGroup_Spring2
Creating struct: $NpcGroup_Spring3
Creating struct: $NpcGroup_Spring4
Creating struct: $NpcGroup_Spring5
Creating struct: $NpcGroup_Spring6
Creating struct: $NpcGroup_Spring7
Creating struct: $NpcGroup_Spring8
Creating struct: $NpcGroup_Spring9
Creating struct: $NpcGroup_Spring10
Creating struct: $Header
Creating struct: $Script_Main2_Wait
Creating struct: $Script_Main2_Exec
Creating struct: $Script_TrackEvents
Creating struct: $Script_Cutscene_Event
Creating struct: $SkipCutscene_Event
Creating struct: $Script_ZoomIn_Camera_X
Creating struct: $Script_Cutscene_Ruby_Init
Creating struct: $Script_Cutscene_Ruby2
Creating struct: $NpcGroupList_RubyCS
Creating struct: $NpcGroup_RubyCS
Creating struct: $NpcSettings_Generic
Creating struct: $Script_null
Creating struct: $Script_SpawnNPCs
Creating struct: $Function_ResetEnemiesFlag
Creating struct: $EntryList
Creating struct: $Function_Init
Creating struct: $NpcGroup_Mover
Creating struct: $BlankSettings
Creating struct: $Script_Init_Mover
Creating struct: $Interact_Mover
Creating struct: $Script_MoverWarpAnimation
Creating struct: $SkipCutscene_MoverWarpAnimation
Creating struct: $NpcGroup_BanditMover
Creating struct: $Script_Init_BanditMover
Creating struct: $Script_Bandit_StartBattle
Creating struct: $Interact_BanditMover
Creating struct: $Script_Warning_Mario
Creating struct: $Script_NoThanks_Bandit
Creating struct: $Script_ZoomIn_Camera
Creating struct: $Script_ZoomIn_Camera_2
Creating struct: $Script_ZoomIn_Camera_3
Creating struct: $NpcGroup_MoneyBag
Creating struct: $Script_SetPipesPosition
Creating struct: $Script_DisableNumbers
Creating struct: $Script_SetFloorNumbers
Creating struct: $Script_CheckBanditStatus1
Creating struct: $Script_Cutscene_BanditStatus1
Creating struct: $Script_CheckBanditStatus2
Creating struct: $Script_TrackOutcome_Bandit
Creating struct: $Script_Cutscene_BanditDefeated
Creating struct: $SkipCutscene_BanditDefeated
Creating struct: $Script_AddCoins_Bandit
Creating struct: $Function_LoadPath
Creating struct: $Script_ClosePartnerDialog
Creating struct: $PipeSpawning
Creating struct: $EnablePipeCollider
Creating struct: $Script_MakeEntities
Creating struct: $CommingDownPipe
Creating struct: $Function_TimerCurrentFloor
Creating struct: $Script_MakeExits
Creating struct: $Script_Exit0
Creating struct: $Script_Main
Creating struct: $NpcGroups
Creating struct: $NpcGroup1
Creating struct: $NpcGroup7
Creating struct: $NpcGroup_Enemy1
Creating struct: $NpcSettings_Enemy1
Creating struct: $Script_EnemyAI
Creating struct: $AISettings_Enemy
Creating struct: $Script_DisableEnemyAI
Creating struct: $AISettings_DisableEnemy
Merged 1 regions to 1
$Script_SetFloorNumbers will be placed at 80240000 (length = 128C bytes)
$NpcGroup_RubyCS will be placed at 8024128C (length = 1170 bytes)
$LoadMap will be placed at 802423FC (length = C04 bytes)
$LoadMapBandit will be placed at 80243000 (length = B80 bytes)
$GoToNextLevel will be placed at 80243B80 (length = B10 bytes)
$Script_Cutscene_BanditDefeated will be placed at 80244690 (length = B08 bytes)
$Script_SetEnemyIdle will be placed at 80245198 (length = 674 bytes)
$Script_MapID_Converter will be placed at 8024580C (length = 60C bytes)
$Script_Warning_Mario will be placed at 80245E18 (length = 608 bytes)
$Function_80240260 will be placed at 80246420 (length = 5E4 bytes)
$Script_SetNPCPos will be placed at 80246A04 (length = 4D0 bytes)
$Script_Cutscene_Ruby_Init will be placed at 80246ED4 (length = 490 bytes)
$FallingDownPipe will be placed at 80247364 (length = 418 bytes)
$Script_TrackEvents will be placed at 8024777C (length = 410 bytes)
$NpcGroup_MoneyBag will be placed at 80247B8C (length = 3E0 bytes)
$Interact_BanditMover will be placed at 80247F6C (length = 3D8 bytes)
$Script_CheckBanditStatus2 will be placed at 80248344 (length = 3D8 bytes)
$SkipCutscene_BanditDefeated will be placed at 8024871C (length = 3D8 bytes)
$Interact_Mover will be placed at 80248AF4 (length = 3CC bytes)
$Script_Set_SpecialFormation will be placed at 80248EC0 (length = 3B4 bytes)
$Script_FloorEnemy_Idle will be placed at 80249274 (length = 388 bytes)
$Script_TrackOutcome_Bandit will be placed at 802495FC (length = 330 bytes)
$Script_LakituOutcome will be placed at 8024992C (length = 30C bytes)
$Script_Rogue_GiveTotalCoins will be placed at 80249C38 (length = 2FC bytes)
$Script_Set_Formation will be placed at 80249F34 (length = 2D4 bytes)
$PipeSpawning will be placed at 8024A208 (length = 2A0 bytes)
$Script_TrackOutcome will be placed at 8024A4A8 (length = 288 bytes)
$Script_Cutscene_Ruby2 will be placed at 8024A730 (length = 258 bytes)
$Function_NpcAI_MoneySack will be placed at 8024A988 (length = 238 bytes)
$Script_SackAnimation_Start_GoToTheRight will be placed at 8024ABC0 (length = 230 bytes)
$Script_SetSpawnPosition will be placed at 8024ADF0 (length = 228 bytes)
$Script_Main2_Exec will be placed at 8024B018 (length = 228 bytes)
$Script_Cutscene_BanditStatus1 will be placed at 8024B240 (length = 21C bytes)
$Script_LoadMoverType will be placed at 8024B45C (length = 214 bytes)
$Script_NoThanks_Bandit will be placed at 8024B670 (length = 210 bytes)
$Script_SackAnimation_Start_GoToTheLeft will be placed at 8024B880 (length = 1F8 bytes)
$NpcGroup_Spring10 will be placed at 8024BA78 (length = 1F0 bytes)
$NpcGroup_Enemy1 will be placed at 8024BC68 (length = 1F0 bytes)
$NpcGroup_Spring1 will be placed at 8024BE58 (length = 1F0 bytes)
$NpcGroup_Spring2 will be placed at 8024C048 (length = 1F0 bytes)
$NpcGroup_Spring3 will be placed at 8024C238 (length = 1F0 bytes)
$NpcGroup_Spring4 will be placed at 8024C428 (length = 1F0 bytes)
$NpcGroup_Spring5 will be placed at 8024C618 (length = 1F0 bytes)
$NpcGroup_Spring6 will be placed at 8024C808 (length = 1F0 bytes)
$NpcGroup_Spring7 will be placed at 8024C9F8 (length = 1F0 bytes)
$NpcGroup_Spring8 will be placed at 8024CBE8 (length = 1F0 bytes)
$NpcGroup_Spring9 will be placed at 8024CDD8 (length = 1F0 bytes)
$NpcGroup_Mover will be placed at 8024CFC8 (length = 1F0 bytes)
$NpcGroup_BanditMover will be placed at 8024D1B8 (length = 1F0 bytes)
$Script_PipeAnimation will be placed at 8024D3A8 (length = 1C4 bytes)
$Script_Cutscene_Event will be placed at 8024D56C (length = 198 bytes)
$Script_NPC_SackHit_Init will be placed at 8024D704 (length = 198 bytes)
$Script_ClosePartnerDialog will be placed at 8024D89C (length = 194 bytes)
$JumpTable_80242448 will be placed at 8024DA30 (length = 190 bytes)
$SkipCutscene_Event will be placed at 8024DBC0 (length = 188 bytes)
$Script_SpawnNPCs will be placed at 8024DD48 (length = 174 bytes)
$NPC_Sack_AnimationStart will be placed at 8024DEBC (length = 168 bytes)
$Function_80240844 will be placed at 8024E024 (length = 164 bytes)
$Script_SackAnimation_End_Right will be placed at 8024E188 (length = 158 bytes)
$Script_SackAnimation_End_Left will be placed at 8024E2E0 (length = 150 bytes)
$Script_TrackPlayer will be placed at 8024E430 (length = 144 bytes)
$Script_CheckBanditStatus1 will be placed at 8024E574 (length = 13C bytes)
$MapTattle5 will be placed at 8024E6B0 (length = 13C bytes)
$MapTattle4 will be placed at 8024E7EC (length = 130 bytes)
$BanditMover_Tattle will be placed at 8024E91C (length = 11C bytes)
$Function_LoadPath will be placed at 8024EA38 (length = 114 bytes)
$Script_SackAnimation_SackAppears_100 will be placed at 8024EB4C (length = 100 bytes)
$String_Partner_Event_1 will be placed at 8024EC4C (length = FC bytes)
$Script_Main2_Wait will be placed at 8024ED48 (length = F4 bytes)
$String_Warning2 will be placed at 8024EE3C (length = F0 bytes)
$Script_SetMover_Special will be placed at 8024EF2C (length = EC bytes)
$SetSpawnsSpecial will be placed at 8024F018 (length = E8 bytes)
$SetSpawns will be placed at 8024F100 (length = E8 bytes)
$String_Warning1 will be placed at 8024F1E8 (length = E8 bytes)
$DeepestLevel will be placed at 8024F2D0 (length = E4 bytes)
$Function_GetColliderPos will be placed at 8024F3B4 (length = E0 bytes)
$Function_GetPos will be placed at 8024F494 (length = E0 bytes)
$TotalLevels_Sign will be placed at 8024F574 (length = DC bytes)
$Script_SpawnMover_Special will be placed at 8024F650 (length = DC bytes)
$GetFloor will be placed at 8024F72C (length = DC bytes)
$Script_DisableNumbers will be placed at 8024F808 (length = D8 bytes)
$MapTattle2 will be placed at 8024F8E0 (length = D4 bytes)
$NPC_Sack_AnimationEnd will be placed at 8024F9B4 (length = D4 bytes)
$Script_SetMover will be placed at 8024FA88 (length = D0 bytes)
$GetFloorBandit will be placed at 8024FB58 (length = D0 bytes)
$Script_AddCoins_Bandit will be placed at 8024FC28 (length = C8 bytes)
$GetPos will be placed at 8024FCF0 (length = C8 bytes)
$SkipCutscene_MoverWarpAnimation will be placed at 8024FDB8 (length = C4 bytes)
$Function_Init will be placed at 8024FE7C (length = C4 bytes)
$MoverStart will be placed at 8024FF40 (length = C0 bytes)
$String_Warning3 will be placed at 80250000 (length = C0 bytes)
$Script_ZoomIn_Camera_3 will be placed at 802500C0 (length = BC bytes)
$Script_ZoomIn_Camera_2 will be placed at 8025017C (length = BC bytes)
$Script_ZoomIn_Camera will be placed at 80250238 (length = BC bytes)
$Function_TrackInput will be placed at 802502F4 (length = BC bytes)
$String_Bandit_Defeated4 will be placed at 802503B0 (length = B8 bytes)
$Script_MoverWarpAnimation will be placed at 80250468 (length = B8 bytes)
$Script_NpcAI_MoneySack will be placed at 80250520 (length = B8 bytes)
$NpcGroups will be placed at 802505D8 (length = B4 bytes)
$Script_SpawnMover will be placed at 8025068C (length = B4 bytes)
$BanditMoverStart will be placed at 80250740 (length = B4 bytes)
$MapTattle3 will be placed at 802507F4 (length = B0 bytes)
$Script_LoadOdds will be placed at 802508A4 (length = B0 bytes)
$Script_SetPipesPosition will be placed at 80250954 (length = B0 bytes)
$LoadHighscores will be placed at 80250A04 (length = B0 bytes)
$MapTattle1 will be placed at 80250AB4 (length = A8 bytes)
$Script_AddCoins will be placed at 80250B5C (length = A8 bytes)
$SwitchPath will be placed at 80250C04 (length = A4 bytes)
$Script_NPC_Sack_FX will be placed at 80250CA8 (length = A4 bytes)
$Tattle_Springkeeper will be placed at 80250D4C (length = A4 bytes)
$Script_ReadSign will be placed at 80250DF0 (length = A0 bytes)
$Script_ZoomIn_Camera_X will be placed at 80250E90 (length = A0 bytes)
$String_Bandit_Defeated9 will be placed at 80250F30 (length = 9C bytes)
$Script_Bandit_StartBattle will be placed at 80250FCC (length = 9C bytes)
$Script_Main will be placed at 80251068 (length = 9C bytes)
$Mover_Tattle will be placed at 80251104 (length = 94 bytes)
$String_Bandit_Defeated3 will be placed at 80251198 (length = 90 bytes)
$String_Bandit_Defeated8 will be placed at 80251228 (length = 8C bytes)
$BanditMover_Options2 will be placed at 802512B4 (length = 84 bytes)
$BanditMover_Options will be placed at 80251338 (length = 84 bytes)
$String_Okay will be placed at 802513BC (length = 80 bytes)
$Function_TimerCurrentFloor will be placed at 8025143C (length = 7C bytes)
$SignStringBug will be placed at 802514B8 (length = 7C bytes)
$String_Rogue_CoinsGained_Success will be placed at 80251534 (length = 78 bytes)
$Mover_Options will be placed at 802515AC (length = 78 bytes)
$Function2 will be placed at 80251624 (length = 6C bytes)
$Function_SetAnimation will be placed at 80251690 (length = 6C bytes)
$String_Bandit_Defeated1 will be placed at 802516FC (length = 68 bytes)
$CommingDownPipe will be placed at 80251764 (length = 68 bytes)
$MoverEnd will be placed at 802517CC (length = 68 bytes)
$BanditMoverEnd will be placed at 80251834 (length = 68 bytes)
$String_Bandit_Defeated_Partner3 will be placed at 8025189C (length = 64 bytes)
$String_Bandit_Defeated_Partner2 will be placed at 80251900 (length = 64 bytes)
$Function_GetTattle1 will be placed at 80251964 (length = 60 bytes)
$Function_OverwriteBattleID will be placed at 802519C4 (length = 60 bytes)
$String_Bandit_Confrontation1 will be placed at 80251A24 (length = 5C bytes)
$BanditMoverNoCoins will be placed at 80251A80 (length = 58 bytes)
$MoverNoCoins will be placed at 80251AD8 (length = 58 bytes)
$String_Bandit_Defeated7 will be placed at 80251B30 (length = 50 bytes)
$String_Bandit_Defeated_Partner4 will be placed at 80251B80 (length = 50 bytes)
$EntryList will be placed at 80251BD0 (length = 50 bytes)
$String_NoThanks will be placed at 80251C20 (length = 50 bytes)
$Script_Init_BanditMover will be placed at 80251C70 (length = 4C bytes)
$GetFloorSign will be placed at 80251CBC (length = 48 bytes)
$Function_Load_MapID will be placed at 80251D04 (length = 48 bytes)
$GetFloorSign_Rogue will be placed at 80251D4C (length = 48 bytes)
$Script_MakeEntities will be placed at 80251D94 (length = 44 bytes)
$Function_802409A8 will be placed at 80251DD8 (length = 44 bytes)
$Function_LoadCoinsInToVar1 will be placed at 80251E1C (length = 44 bytes)
$String_Bandit_Defeated_Partner1 will be placed at 80251E60 (length = 40 bytes)
$Header will be placed at 80251EA0 (length = 40 bytes)
$Function_LoadCoinsLosted will be placed at 80251EE0 (length = 40 bytes)
$Function_LoadMarioCoins will be placed at 80251F20 (length = 40 bytes)
$Function_LoadGainedCoins will be placed at 80251F60 (length = 40 bytes)
$Function_GetTattle2 will be placed at 80251FA0 (length = 3C bytes)
$Script_Exit0 will be placed at 80251FDC (length = 3C bytes)
$Script_Init_Bag will be placed at 80252018 (length = 38 bytes)
$Script_Init_Bag_HitBox will be placed at 80252050 (length = 38 bytes)
$String_Bandit_Confrotation_Bye will be placed at 80252088 (length = 34 bytes)
$DispawnPartner will be placed at 802520BC (length = 34 bytes)
$String_Whatever will be placed at 802520F0 (length = 30 bytes)
$EnablePipeCollider will be placed at 80252120 (length = 30 bytes)
$AISettings_MoneySack will be placed at 80252150 (length = 30 bytes)
$String_Bandit_Defeated2 will be placed at 80252180 (length = 30 bytes)
$AISettings_Enemy will be placed at 802521B0 (length = 30 bytes)
$RespawnPartner will be placed at 802521E0 (length = 30 bytes)
$AISettings_DisableEnemy will be placed at 80252210 (length = 30 bytes)
$NPC_Settings_Sack will be placed at 80252240 (length = 2C bytes)
$NpcSettings_Generic will be placed at 8025226C (length = 2C bytes)
$Function_RevivePlayer will be placed at 80252298 (length = 2C bytes)
$NpcSettings_Blank will be placed at 802522C4 (length = 2C bytes)
$BlankSettings will be placed at 802522F0 (length = 2C bytes)
$Script_MakeExits will be placed at 8025231C (length = 2C bytes)
$Function_ResetEnemiesFlag will be placed at 80252348 (length = 2C bytes)
$String_List_NoYes will be placed at 80252374 (length = 28 bytes)
$Function_SaveCoinsLosted will be placed at 8025239C (length = 28 bytes)
$String_List_YesNo will be placed at 802523C4 (length = 28 bytes)
$Script_Init_EnemyNPC will be placed at 802523EC (length = 24 bytes)
$VectorList_SwitchPath will be placed at 80252410 (length = 24 bytes)
$NpcSettings_Enemy1 will be placed at 80252434 (length = 24 bytes)
$Script_Init_Lakitu will be placed at 80252458 (length = 24 bytes)
$Script_Init_Mover will be placed at 8025247C (length = 24 bytes)
$String_CoinsGained will be placed at 802524A0 (length = 24 bytes)
$String_Bandit_Defeated10 will be placed at 802524C4 (length = 24 bytes)
$String_Bandit_Defeated6 will be placed at 802524E8 (length = 20 bytes)
$String_Bandit_Defeated5 will be placed at 80252508 (length = 20 bytes)
$Script_DisableEnemyAI will be placed at 80252528 (length = 20 bytes)
$Script_EnemyAI will be placed at 80252548 (length = 20 bytes)
$TotalLevels_CurrentPlaythrough will be placed at 80252568 (length = 1C bytes)
$NpcGroupList_RubyCS will be placed at 80252584 (length = 18 bytes)
$SignString will be placed at 8025259C (length = 18 bytes)
$String_Psst will be placed at 802525B4 (length = 10 bytes)
$Script_null will be placed at 802525C4 (length = 10 bytes)
$ASCII_"pt81_86_shape"_Literal will be placed at 802525D4 (length = 10 bytes)
$Function_ResetCoinsLosted will be placed at 802525E4 (length = 10 bytes)
$ASCII_"pt51_56_shape"_Literal will be placed at 802525F4 (length = 10 bytes)
$ASCII_"pt1_6_hit"_Literal will be placed at 80252604 (length = C bytes)
$NpcGroup7 will be placed at 80252610 (length = C bytes)
$NpcGroup1 will be placed at 8025261C (length = C bytes)
$ASCII_"pt_100"_Literal will be placed at 80252628 (length = C bytes)
$ASCII_"dmo_00"_Literal will be placed at 80252634 (length = C bytes)
$ASCII_"pt1_6_shape"_Literal will be placed at 80252640 (length = C bytes)
$ASCII_"pt_85"_Literal will be placed at 8025264C (length = 8 bytes)
$ASCII_"pt91_96"_Literal will be placed at 80252654 (length = 8 bytes)
$ASCII_"pt62_67"_Literal will be placed at 8025265C (length = 8 bytes)
$ASCII_"pt33_38"_Literal will be placed at 80252664 (length = 8 bytes)
$ASCII_"pt1_6"_Literal will be placed at 8025266C (length = 8 bytes)
$ASCII_"pt_95"_Literal will be placed at 80252674 (length = 8 bytes)
$ASCII_"pt4_9"_Literal will be placed at 8025267C (length = 8 bytes)
$ASCII_"pt_65"_Literal will be placed at 80252684 (length = 8 bytes)
$ASCII_"pt44_49"_Literal will be placed at 8025268C (length = 8 bytes)
$ASCII_"pt81_86"_Literal will be placed at 80252694 (length = 8 bytes)
$ASCII_"pt_80"_Literal will be placed at 8025269C (length = 8 bytes)
$ASCII_"pt52_57"_Literal will be placed at 802526A4 (length = 8 bytes)
$ASCII_"pt23_28"_Literal will be placed at 802526AC (length = 8 bytes)
$ASCII_"pt_50"_Literal will be placed at 802526B4 (length = 8 bytes)
$ASCII_"pt83_88"_Literal will be placed at 802526BC (length = 8 bytes)
$ASCII_"pt54_59"_Literal will be placed at 802526C4 (length = 8 bytes)
$ASCII_"pt64_69"_Literal will be placed at 802526CC (length = 8 bytes)
$ASCII_"pt72_77"_Literal will be placed at 802526D4 (length = 8 bytes)
$ASCII_"pt14_19"_Literal will be placed at 802526DC (length = 8 bytes)
$ASCII_"pt34_39"_Literal will be placed at 802526E4 (length = 8 bytes)
$ASCII_"pt22_27"_Literal will be placed at 802526EC (length = 8 bytes)
$ASCII_"pt21_26"_Literal will be placed at 802526F4 (length = 8 bytes)
$ASCII_"pt73_78"_Literal will be placed at 802526FC (length = 8 bytes)
$ASCII_"pt84_89"_Literal will be placed at 80252704 (length = 8 bytes)
$ASCII_"pt92_97"_Literal will be placed at 8025270C (length = 8 bytes)
$ASCII_"pt_75"_Literal will be placed at 80252714 (length = 8 bytes)
$ASCII_"pt53_58"_Literal will be placed at 8025271C (length = 8 bytes)
$ASCII_"pt41_46"_Literal will be placed at 80252724 (length = 8 bytes)
$ASCII_"pt61_66"_Literal will be placed at 8025272C (length = 8 bytes)
$ASCII_"pt32_37"_Literal will be placed at 80252734 (length = 8 bytes)
$ASCII_"pt_15"_Literal will be placed at 8025273C (length = 8 bytes)
$ASCII_"pt11_16"_Literal will be placed at 80252744 (length = 8 bytes)
$ASCII_"pt_00"_Literal will be placed at 8025274C (length = 8 bytes)
$ASCII_"pt74_79"_Literal will be placed at 80252754 (length = 8 bytes)
$ASCII_"pt_25"_Literal will be placed at 8025275C (length = 8 bytes)
$ASCII_"pt_35"_Literal will be placed at 80252764 (length = 8 bytes)
$ASCII_"pt71_76"_Literal will be placed at 8025276C (length = 8 bytes)
$ASCII_"pt42_47"_Literal will be placed at 80252774 (length = 8 bytes)
$ASCII_"pt13_18"_Literal will be placed at 8025277C (length = 8 bytes)
$ASCII_"pt_05"_Literal will be placed at 80252784 (length = 8 bytes)
$ASCII_"pt93_98"_Literal will be placed at 8025278C (length = 8 bytes)
$ASCII_"pt43_48"_Literal will be placed at 80252794 (length = 8 bytes)
$ASCII_"pt51_56"_Literal will be placed at 8025279C (length = 8 bytes)
$ASCII_"pt_55"_Literal will be placed at 802527A4 (length = 8 bytes)
$ASCII_"pt2_7"_Literal will be placed at 802527AC (length = 8 bytes)
$ASCII_"pt12_17"_Literal will be placed at 802527B4 (length = 8 bytes)
$ASCII_"pt3_8"_Literal will be placed at 802527BC (length = 8 bytes)
$ASCII_"pt_10"_Literal will be placed at 802527C4 (length = 8 bytes)
$ASCII_"tik_tex"_Literal will be placed at 802527CC (length = 8 bytes)
$ASCII_"pt31_36"_Literal will be placed at 802527D4 (length = 8 bytes)
$ASCII_"pt63_68"_Literal will be placed at 802527DC (length = 8 bytes)
$ASCII_"pt94_99"_Literal will be placed at 802527E4 (length = 8 bytes)
$ASCII_"pt82_87"_Literal will be placed at 802527EC (length = 8 bytes)
$ASCII_"pt_45"_Literal will be placed at 802527F4 (length = 8 bytes)
$ASCII_"pt24_29"_Literal will be placed at 802527FC (length = 8 bytes)
$MoverCancel will be placed at 80252804 (length = 4 bytes)
$BanditMoverCancel will be placed at 80252808 (length = 4 bytes)
$CloseDialogBubble will be placed at 8025280C (length = 4 bytes)
Executing patch: pt_75.mpat
Creating struct: $DeepestLevel
Creating struct: $TotalLevels_Sign
Creating struct: $TotalLevels_CurrentPlaythrough
Creating struct: $LoadHighscores
Creating struct: $FallingDownPipe
Creating struct: $Function_GetPos
Creating struct: $Function2
Creating struct: $SetSpawns
Creating struct: $Script_Set_Formation
Creating struct: $Function_OverwriteBattleID
Creating struct: $Script_SetMover
Creating struct: $Script_MapID_Converter
Creating struct: $Script_LoadOdds
Creating struct: $Script_LoadMoverType
Creating struct: $Script_SpawnMover
Creating struct: $Script_SetNPCPos
Creating struct: $Function_Load_MapID
Creating struct: $SwitchPath
Creating struct: $VectorList_SwitchPath
Creating struct: $GetPos
Creating struct: $DispawnPartner
Creating struct: $RespawnPartner
Creating struct: $LoadMap
Creating struct: $GetFloor
Creating struct: $LoadMapBandit
Creating struct: $GetFloorBandit
Creating struct: $SetSpawnsSpecial
Creating struct: $Script_SetMover_Special
Creating struct: $Script_SpawnMover_Special
Creating struct: $Script_Set_SpecialFormation
Creating struct: $Function_LoadCoinsInToVar1
Creating struct: $Script_SetSpawnPosition
Creating struct: $Script_Init_EnemyNPC
Creating struct: $Script_Init_Lakitu
Creating struct: $Script_TrackOutcome
Creating struct: $Script_LakituOutcome
Creating struct: $Script_FloorEnemy_Idle
Creating struct: $Script_Rogue_GiveTotalCoins
Creating struct: $Script_SetEnemyIdle
Creating struct: $Script_AddCoins
Creating struct: $NPC_Settings_Sack
Creating struct: $Script_Init_Bag
Creating struct: $Script_Init_Bag_HitBox
Creating struct: $Script_NPC_SackHit_Init
Creating struct: $Script_NPC_Sack_FX
Creating struct: $NPC_Sack_AnimationStart
Creating struct: $NPC_Sack_AnimationEnd
Creating struct: $Script_SackAnimation_SackAppears_100
Creating struct: $Script_SackAnimation_Start_GoToTheRight
Creating struct: $Script_SackAnimation_Start_GoToTheLeft
Creating struct: $Script_SackAnimation_End_Right
Creating struct: $Script_SackAnimation_End_Left
Creating struct: $Function_LoadMarioCoins
Creating struct: $Function_LoadCoinsLosted
Creating struct: $Function_SaveCoinsLosted
Creating struct: $Function_ResetCoinsLosted
Creating struct: $Function_LoadGainedCoins
Creating struct: $Function_RevivePlayer
Creating struct: $AISettings_MoneySack
Creating struct: $Script_NpcAI_MoneySack
Creating struct: $JumpTable_80242448
Creating struct: $Function_NpcAI_MoneySack
Creating struct: $Function_80240260
Creating struct: $Function_80240844
Creating struct: $Function_802409A8
Creating struct: $Script_TrackPlayer
Creating struct: $Script_PipeAnimation
Creating struct: $Function_SetAnimation
Creating struct: $Function_GetColliderPos
Creating struct: $Function_TrackInput
Creating struct: $GoToNextLevel
Creating struct: $GetFloorSign
Creating struct: $GetFloorSign_Rogue
Creating struct: $Function_GetTattle1
Creating struct: $Function_GetTattle2
Creating struct: $Script_ReadSign
Creating struct: $NpcSettings_Blank
Creating struct: $NpcGroup_Spring1
Creating struct: $NpcGroup_Spring2
Creating struct: $NpcGroup_Spring3
Creating struct: $NpcGroup_Spring4
Creating struct: $NpcGroup_Spring5
Creating struct: $NpcGroup_Spring6
Creating struct: $NpcGroup_Spring7
Creating struct: $NpcGroup_Spring8
Creating struct: $NpcGroup_Spring9
Creating struct: $NpcGroup_Spring10
Creating struct: $Header
Creating struct: $Script_Main2_Wait
Creating struct: $Script_Main2_Exec
Creating struct: $Script_TrackEvents
Creating struct: $Script_Cutscene_Event
Creating struct: $SkipCutscene_Event
Creating struct: $Script_ZoomIn_Camera_X
Creating struct: $Script_Cutscene_Ruby_Init
Creating struct: $Script_Cutscene_Ruby2
Creating struct: $NpcGroupList_RubyCS
Creating struct: $NpcGroup_RubyCS
Creating struct: $NpcSettings_Generic
Creating struct: $Script_null
Creating struct: $Script_SpawnNPCs
Creating struct: $Function_ResetEnemiesFlag
Creating struct: $EntryList
Creating struct: $Function_Init
Creating struct: $NpcGroup_Mover
Creating struct: $BlankSettings
Creating struct: $Script_Init_Mover
Creating struct: $Interact_Mover
Creating struct: $Script_MoverWarpAnimation
Creating struct: $SkipCutscene_MoverWarpAnimation
Creating struct: $NpcGroup_BanditMover
Creating struct: $Script_Init_BanditMover
Creating struct: $Script_Bandit_StartBattle
Creating struct: $Interact_BanditMover
Creating struct: $Script_Warning_Mario
Creating struct: $Script_NoThanks_Bandit
Creating struct: $Script_ZoomIn_Camera
Creating struct: $Script_ZoomIn_Camera_2
Creating struct: $Script_ZoomIn_Camera_3
Creating struct: $NpcGroup_MoneyBag
Creating struct: $Script_SetPipesPosition
Creating struct: $Script_DisableNumbers
Creating struct: $Script_SetFloorNumbers
Creating struct: $Script_CheckBanditStatus1
Creating struct: $Script_Cutscene_BanditStatus1
Creating struct: $Script_CheckBanditStatus2
Creating struct: $Script_TrackOutcome_Bandit
Creating struct: $Script_Cutscene_BanditDefeated
Creating struct: $SkipCutscene_BanditDefeated
Creating struct: $Script_AddCoins_Bandit
Creating struct: $Function_LoadPath
Creating struct: $Script_ClosePartnerDialog
Creating struct: $PipeSpawning
Creating struct: $EnablePipeCollider
Creating struct: $Script_MakeEntities
Creating struct: $CommingDownPipe
Creating struct: $Function_TimerCurrentFloor
Creating struct: $Script_MakeExits
Creating struct: $Script_Exit0
Creating struct: $Script_Main
Creating struct: $NpcGroups
Creating struct: $NpcGroup1
Creating struct: $NpcGroup7
Creating struct: $NpcGroup_Enemy1
Creating struct: $NpcSettings_Enemy1
Creating struct: $Script_EnemyAI
Creating struct: $AISettings_Enemy
Creating struct: $ConstDouble_80246500
Creating struct: $ConstDouble_80246508
Creating struct: $ConstDouble_80246510
Creating struct: $ConstDouble_80246558
Creating struct: $JumpTable_80246560
Creating struct: $FloatTable_80244900
Creating struct: $Function_80241DE4
Creating struct: $Function_802416C8
Creating struct: $Function_802404E0
Creating struct: $Function_80240690
Creating struct: $Function_80240CB8
Creating struct: $Function_80240D78
Creating struct: $Function_802410BC
Creating struct: $Function_80241134
Creating struct: $Function_802419D8
Creating struct: $Function_80241B08
Creating struct: $Function_80241D88
Creating struct: $Script_DisableEnemyAI
Creating struct: $AISettings_DisableEnemy
Merged 1 regions to 1
$Script_SetFloorNumbers will be placed at 80240000 (length = 128C bytes)
$NpcGroup_RubyCS will be placed at 8024128C (length = 1170 bytes)
$LoadMap will be placed at 802423FC (length = C04 bytes)
$LoadMapBandit will be placed at 80243000 (length = B80 bytes)
$GoToNextLevel will be placed at 80243B80 (length = B10 bytes)
$Script_Cutscene_BanditDefeated will be placed at 80244690 (length = B08 bytes)
$Script_SetEnemyIdle will be placed at 80245198 (length = 674 bytes)
$Function_80240690 will be placed at 8024580C (length = 624 bytes)
$Script_MapID_Converter will be placed at 80245E30 (length = 60C bytes)
$Script_Warning_Mario will be placed at 8024643C (length = 608 bytes)
$Function_80240260 will be placed at 80246A44 (length = 5E4 bytes)
$Script_SetNPCPos will be placed at 80247028 (length = 4D0 bytes)
$Script_Cutscene_Ruby_Init will be placed at 802474F8 (length = 490 bytes)
$FallingDownPipe will be placed at 80247988 (length = 418 bytes)
$Script_TrackEvents will be placed at 80247DA0 (length = 410 bytes)
$NpcGroup_MoneyBag will be placed at 802481B0 (length = 3E0 bytes)
$Interact_BanditMover will be placed at 80248590 (length = 3D8 bytes)
$Script_CheckBanditStatus2 will be placed at 80248968 (length = 3D8 bytes)
$SkipCutscene_BanditDefeated will be placed at 80248D40 (length = 3D8 bytes)
$Interact_Mover will be placed at 80249118 (length = 3CC bytes)
$Script_Set_SpecialFormation will be placed at 802494E4 (length = 3B4 bytes)
$Script_FloorEnemy_Idle will be placed at 80249898 (length = 388 bytes)
$Function_80240D78 will be placed at 80249C20 (length = 344 bytes)
$Script_TrackOutcome_Bandit will be placed at 80249F64 (length = 330 bytes)
$Script_LakituOutcome will be placed at 8024A294 (length = 30C bytes)
$Script_Rogue_GiveTotalCoins will be placed at 8024A5A0 (length = 2FC bytes)
$Script_Set_Formation will be placed at 8024A89C (length = 2D4 bytes)
$PipeSpawning will be placed at 8024AB70 (length = 2A0 bytes)
$Script_TrackOutcome will be placed at 8024AE10 (length = 288 bytes)
$Function_80241B08 will be placed at 8024B098 (length = 280 bytes)
$Script_Cutscene_Ruby2 will be placed at 8024B318 (length = 258 bytes)
$Function_NpcAI_MoneySack will be placed at 8024B570 (length = 238 bytes)
$Script_SackAnimation_Start_GoToTheRight will be placed at 8024B7A8 (length = 230 bytes)
$Script_SetSpawnPosition will be placed at 8024B9D8 (length = 228 bytes)
$Script_Main2_Exec will be placed at 8024BC00 (length = 228 bytes)
$Script_Cutscene_BanditStatus1 will be placed at 8024BE28 (length = 21C bytes)
$Script_LoadMoverType will be placed at 8024C044 (length = 214 bytes)
$Script_NoThanks_Bandit will be placed at 8024C258 (length = 210 bytes)
$Script_SackAnimation_Start_GoToTheLeft will be placed at 8024C468 (length = 1F8 bytes)
$NpcGroup_Spring10 will be placed at 8024C660 (length = 1F0 bytes)
$NpcGroup_Enemy1 will be placed at 8024C850 (length = 1F0 bytes)
$NpcGroup_Spring1 will be placed at 8024CA40 (length = 1F0 bytes)
$NpcGroup_Spring2 will be placed at 8024CC30 (length = 1F0 bytes)
$NpcGroup_Spring3 will be placed at 8024CE20 (length = 1F0 bytes)
$NpcGroup_Spring4 will be placed at 8024D010 (length = 1F0 bytes)
$NpcGroup_Spring5 will be placed at 8024D200 (length = 1F0 bytes)
$NpcGroup_Spring6 will be placed at 8024D3F0 (length = 1F0 bytes)
$NpcGroup_Spring7 will be placed at 8024D5E0 (length = 1F0 bytes)
$NpcGroup_Spring8 will be placed at 8024D7D0 (length = 1F0 bytes)
$NpcGroup_Spring9 will be placed at 8024D9C0 (length = 1F0 bytes)
$NpcGroup_Mover will be placed at 8024DBB0 (length = 1F0 bytes)
$NpcGroup_BanditMover will be placed at 8024DDA0 (length = 1F0 bytes)
$Function_80241DE4 will be placed at 8024DF90 (length = 1E8 bytes)
$Script_PipeAnimation will be placed at 8024E178 (length = 1C4 bytes)
$Function_802404E0 will be placed at 8024E33C (length = 1B0 bytes)
$Script_Cutscene_Event will be placed at 8024E4EC (length = 198 bytes)
$Script_NPC_SackHit_Init will be placed at 8024E684 (length = 198 bytes)
$Script_ClosePartnerDialog will be placed at 8024E81C (length = 194 bytes)
$JumpTable_80242448 will be placed at 8024E9B0 (length = 190 bytes)
$SkipCutscene_Event will be placed at 8024EB40 (length = 188 bytes)
$Script_SpawnNPCs will be placed at 8024ECC8 (length = 174 bytes)
$NPC_Sack_AnimationStart will be placed at 8024EE3C (length = 168 bytes)
$Function_80240844 will be placed at 8024EFA4 (length = 164 bytes)
$Script_SackAnimation_End_Right will be placed at 8024F108 (length = 158 bytes)
$Script_SackAnimation_End_Left will be placed at 8024F260 (length = 150 bytes)
$Script_TrackPlayer will be placed at 8024F3B0 (length = 144 bytes)
$Script_CheckBanditStatus1 will be placed at 8024F4F4 (length = 13C bytes)
$MapTattle5 will be placed at 8024F630 (length = 13C bytes)
$Function_802419D8 will be placed at 8024F76C (length = 130 bytes)
$MapTattle4 will be placed at 8024F89C (length = 130 bytes)
$Function_802416C8 will be placed at 8024F9CC (length = 124 bytes)
$BanditMover_Tattle will be placed at 8024FAF0 (length = 11C bytes)
$Function_LoadPath will be placed at 8024FC0C (length = 114 bytes)
$Script_SackAnimation_SackAppears_100 will be placed at 8024FD20 (length = 100 bytes)
$String_Partner_Event_1 will be placed at 8024FE20 (length = FC bytes)
$Script_Main2_Wait will be placed at 8024FF1C (length = F4 bytes)
$String_Warning2 will be placed at 80250010 (length = F0 bytes)
$Script_SetMover_Special will be placed at 80250100 (length = EC bytes)
$SetSpawnsSpecial will be placed at 802501EC (length = E8 bytes)
$SetSpawns will be placed at 802502D4 (length = E8 bytes)
$String_Warning1 will be placed at 802503BC (length = E8 bytes)
$DeepestLevel will be placed at 802504A4 (length = E4 bytes)
$Function_GetColliderPos will be placed at 80250588 (length = E0 bytes)
$Function_GetPos will be placed at 80250668 (length = E0 bytes)
$TotalLevels_Sign will be placed at 80250748 (length = DC bytes)
$Script_SpawnMover_Special will be placed at 80250824 (length = DC bytes)
$GetFloor will be placed at 80250900 (length = DC bytes)
$Script_DisableNumbers will be placed at 802509DC (length = D8 bytes)
$MapTattle2 will be placed at 80250AB4 (length = D4 bytes)
$NPC_Sack_AnimationEnd will be placed at 80250B88 (length = D4 bytes)
$Script_SetMover will be placed at 80250C5C (length = D0 bytes)
$GetFloorBandit will be placed at 80250D2C (length = D0 bytes)
$Script_AddCoins_Bandit will be placed at 80250DFC (length = C8 bytes)
$GetPos will be placed at 80250EC4 (length = C8 bytes)
$SkipCutscene_MoverWarpAnimation will be placed at 80250F8C (length = C4 bytes)
$Function_Init will be placed at 80251050 (length = C4 bytes)
$MoverStart will be placed at 80251114 (length = C0 bytes)
$Function_80240CB8 will be placed at 802511D4 (length = C0 bytes)
$String_Warning3 will be placed at 80251294 (length = C0 bytes)
$Script_ZoomIn_Camera_3 will be placed at 80251354 (length = BC bytes)
$Script_ZoomIn_Camera_2 will be placed at 80251410 (length = BC bytes)
$Script_ZoomIn_Camera will be placed at 802514CC (length = BC bytes)
$Function_TrackInput will be placed at 80251588 (length = BC bytes)
$String_Bandit_Defeated4 will be placed at 80251644 (length = B8 bytes)
$Script_MoverWarpAnimation will be placed at 802516FC (length = B8 bytes)
$Script_NpcAI_MoneySack will be placed at 802517B4 (length = B8 bytes)
$NpcGroups will be placed at 8025186C (length = B4 bytes)
$Script_SpawnMover will be placed at 80251920 (length = B4 bytes)
$BanditMoverStart will be placed at 802519D4 (length = B4 bytes)
$MapTattle3 will be placed at 80251A88 (length = B0 bytes)
$Script_LoadOdds will be placed at 80251B38 (length = B0 bytes)
$Script_SetPipesPosition will be placed at 80251BE8 (length = B0 bytes)
$LoadHighscores will be placed at 80251C98 (length = B0 bytes)
$MapTattle1 will be placed at 80251D48 (length = A8 bytes)
$Script_AddCoins will be placed at 80251DF0 (length = A8 bytes)
$SwitchPath will be placed at 80251E98 (length = A4 bytes)
$Script_NPC_Sack_FX will be placed at 80251F3C (length = A4 bytes)
$Tattle_Springkeeper will be placed at 80251FE0 (length = A4 bytes)
$Script_ReadSign will be placed at 80252084 (length = A0 bytes)
$Script_ZoomIn_Camera_X will be placed at 80252124 (length = A0 bytes)
$String_Bandit_Defeated9 will be placed at 802521C4 (length = 9C bytes)
$Script_Bandit_StartBattle will be placed at 80252260 (length = 9C bytes)
$Script_Main will be placed at 802522FC (length = 9C bytes)
$Mover_Tattle will be placed at 80252398 (length = 94 bytes)
$String_Bandit_Defeated3 will be placed at 8025242C (length = 90 bytes)
$String_Bandit_Defeated8 will be placed at 802524BC (length = 8C bytes)
$BanditMover_Options2 will be placed at 80252548 (length = 84 bytes)
$BanditMover_Options will be placed at 802525CC (length = 84 bytes)
$String_Okay will be placed at 80252650 (length = 80 bytes)
$Function_TimerCurrentFloor will be placed at 802526D0 (length = 7C bytes)
$SignStringBug will be placed at 8025274C (length = 7C bytes)
$String_Rogue_CoinsGained_Success will be placed at 802527C8 (length = 78 bytes)
$Function_802410BC will be placed at 80252840 (length = 78 bytes)
$Mover_Options will be placed at 802528B8 (length = 78 bytes)
$Script_EnemyAI will be placed at 80252930 (length = 70 bytes)
$Function_80241134 will be placed at 802529A0 (length = 6C bytes)
$Function2 will be placed at 80252A0C (length = 6C bytes)
$Function_SetAnimation will be placed at 80252A78 (length = 6C bytes)
$String_Bandit_Defeated1 will be placed at 80252AE4 (length = 68 bytes)
$CommingDownPipe will be placed at 80252B4C (length = 68 bytes)
$MoverEnd will be placed at 80252BB4 (length = 68 bytes)
$BanditMoverEnd will be placed at 80252C1C (length = 68 bytes)
$String_Bandit_Defeated_Partner3 will be placed at 80252C84 (length = 64 bytes)
$String_Bandit_Defeated_Partner2 will be placed at 80252CE8 (length = 64 bytes)
$Function_GetTattle1 will be placed at 80252D4C (length = 60 bytes)
$Function_OverwriteBattleID will be placed at 80252DAC (length = 60 bytes)
$String_Bandit_Confrontation1 will be placed at 80252E0C (length = 5C bytes)
$Function_80241D88 will be placed at 80252E68 (length = 5C bytes)
$BanditMoverNoCoins will be placed at 80252EC4 (length = 58 bytes)
$MoverNoCoins will be placed at 80252F1C (length = 58 bytes)
$JumpTable_80246560 will be placed at 80252F74 (length = 54 bytes)
$String_Bandit_Defeated7 will be placed at 80252FC8 (length = 50 bytes)
$String_Bandit_Defeated_Partner4 will be placed at 80253018 (length = 50 bytes)
$EntryList will be placed at 80253068 (length = 50 bytes)
$String_NoThanks will be placed at 802530B8 (length = 50 bytes)
$Script_Init_BanditMover will be placed at 80253108 (length = 4C bytes)
$GetFloorSign will be placed at 80253154 (length = 48 bytes)
$Function_Load_MapID will be placed at 8025319C (length = 48 bytes)
$GetFloorSign_Rogue will be placed at 802531E4 (length = 48 bytes)
$Script_MakeEntities will be placed at 8025322C (length = 44 bytes)
$Function_802409A8 will be placed at 80253270 (length = 44 bytes)
$Function_LoadCoinsInToVar1 will be placed at 802532B4 (length = 44 bytes)
$String_Bandit_Defeated_Partner1 will be placed at 802532F8 (length = 40 bytes)
$Header will be placed at 80253338 (length = 40 bytes)
$Function_LoadCoinsLosted will be placed at 80253378 (length = 40 bytes)
$Function_LoadMarioCoins will be placed at 802533B8 (length = 40 bytes)
$Function_LoadGainedCoins will be placed at 802533F8 (length = 40 bytes)
$Function_GetTattle2 will be placed at 80253438 (length = 3C bytes)
$Script_Exit0 will be placed at 80253474 (length = 3C bytes)
$Script_Init_Bag will be placed at 802534B0 (length = 38 bytes)
$Script_Init_Bag_HitBox will be placed at 802534E8 (length = 38 bytes)
$String_Bandit_Confrotation_Bye will be placed at 80253520 (length = 34 bytes)
$DispawnPartner will be placed at 80253554 (length = 34 bytes)
$String_Whatever will be placed at 80253588 (length = 30 bytes)
$EnablePipeCollider will be placed at 802535B8 (length = 30 bytes)
$AISettings_MoneySack will be placed at 802535E8 (length = 30 bytes)
$String_Bandit_Defeated2 will be placed at 80253618 (length = 30 bytes)
$AISettings_Enemy will be placed at 80253648 (length = 30 bytes)
$RespawnPartner will be placed at 80253678 (length = 30 bytes)
$AISettings_DisableEnemy will be placed at 802536A8 (length = 30 bytes)
$NPC_Settings_Sack will be placed at 802536D8 (length = 2C bytes)
$NpcSettings_Generic will be placed at 80253704 (length = 2C bytes)
$NpcSettings_Enemy1 will be placed at 80253730 (length = 2C bytes)
$Function_RevivePlayer will be placed at 8025375C (length = 2C bytes)
$NpcSettings_Blank will be placed at 80253788 (length = 2C bytes)
$BlankSettings will be placed at 802537B4 (length = 2C bytes)
$Script_MakeExits will be placed at 802537E0 (length = 2C bytes)
$Function_ResetEnemiesFlag will be placed at 8025380C (length = 2C bytes)
$String_List_NoYes will be placed at 80253838 (length = 28 bytes)
$Function_SaveCoinsLosted will be placed at 80253860 (length = 28 bytes)
$String_List_YesNo will be placed at 80253888 (length = 28 bytes)
$Script_Init_EnemyNPC will be placed at 802538B0 (length = 24 bytes)
$VectorList_SwitchPath will be placed at 802538D4 (length = 24 bytes)
$Script_Init_Lakitu will be placed at 802538F8 (length = 24 bytes)
$Script_Init_Mover will be placed at 8025391C (length = 24 bytes)
$String_CoinsGained will be placed at 80253940 (length = 24 bytes)
$String_Bandit_Defeated10 will be placed at 80253964 (length = 24 bytes)
$String_Bandit_Defeated6 will be placed at 80253988 (length = 20 bytes)
$String_Bandit_Defeated5 will be placed at 802539A8 (length = 20 bytes)
$Script_DisableEnemyAI will be placed at 802539C8 (length = 20 bytes)
$TotalLevels_CurrentPlaythrough will be placed at 802539E8 (length = 1C bytes)
$NpcGroupList_RubyCS will be placed at 80253A04 (length = 18 bytes)
$FloatTable_80244900 will be placed at 80253A1C (length = 18 bytes)
$SignString will be placed at 80253A34 (length = 18 bytes)
$String_Psst will be placed at 80253A4C (length = 10 bytes)
$Script_null will be placed at 80253A5C (length = 10 bytes)
$ASCII_"pt81_86_shape"_Literal will be placed at 80253A6C (length = 10 bytes)
$Function_ResetCoinsLosted will be placed at 80253A7C (length = 10 bytes)
$ASCII_"pt51_56_shape"_Literal will be placed at 80253A8C (length = 10 bytes)
$ASCII_"pt1_6_hit"_Literal will be placed at 80253A9C (length = C bytes)
$NpcGroup7 will be placed at 80253AA8 (length = C bytes)
$NpcGroup1 will be placed at 80253AB4 (length = C bytes)
$ASCII_"pt_100"_Literal will be placed at 80253AC0 (length = C bytes)
$ASCII_"dmo_00"_Literal will be placed at 80253ACC (length = C bytes)
$ASCII_"pt1_6_shape"_Literal will be placed at 80253AD8 (length = C bytes)
$ASCII_"pt_85"_Literal will be placed at 80253AE4 (length = 8 bytes)
$ASCII_"pt91_96"_Literal will be placed at 80253AEC (length = 8 bytes)
$ASCII_"pt62_67"_Literal will be placed at 80253AF4 (length = 8 bytes)
$ASCII_"pt33_38"_Literal will be placed at 80253AFC (length = 8 bytes)
$ASCII_"pt1_6"_Literal will be placed at 80253B04 (length = 8 bytes)
$ASCII_"pt_95"_Literal will be placed at 80253B0C (length = 8 bytes)
$ASCII_"pt4_9"_Literal will be placed at 80253B14 (length = 8 bytes)
$ASCII_"pt_65"_Literal will be placed at 80253B1C (length = 8 bytes)
$ASCII_"pt44_49"_Literal will be placed at 80253B24 (length = 8 bytes)
$ASCII_"pt81_86"_Literal will be placed at 80253B2C (length = 8 bytes)
$ASCII_"pt_80"_Literal will be placed at 80253B34 (length = 8 bytes)
$ASCII_"pt52_57"_Literal will be placed at 80253B3C (length = 8 bytes)
$ASCII_"pt23_28"_Literal will be placed at 80253B44 (length = 8 bytes)
$ASCII_"pt_50"_Literal will be placed at 80253B4C (length = 8 bytes)
$ASCII_"pt83_88"_Literal will be placed at 80253B54 (length = 8 bytes)
$ASCII_"pt54_59"_Literal will be placed at 80253B5C (length = 8 bytes)
$ASCII_"pt64_69"_Literal will be placed at 80253B64 (length = 8 bytes)
$ASCII_"pt72_77"_Literal will be placed at 80253B6C (length = 8 bytes)
$ASCII_"pt14_19"_Literal will be placed at 80253B74 (length = 8 bytes)
$ASCII_"pt34_39"_Literal will be placed at 80253B7C (length = 8 bytes)
$ASCII_"pt22_27"_Literal will be placed at 80253B84 (length = 8 bytes)
$ASCII_"pt21_26"_Literal will be placed at 80253B8C (length = 8 bytes)
$ASCII_"pt73_78"_Literal will be placed at 80253B94 (length = 8 bytes)
$ASCII_"pt84_89"_Literal will be placed at 80253B9C (length = 8 bytes)
$ASCII_"pt92_97"_Literal will be placed at 80253BA4 (length = 8 bytes)
$ASCII_"pt_75"_Literal will be placed at 80253BAC (length = 8 bytes)
$ASCII_"pt53_58"_Literal will be placed at 80253BB4 (length = 8 bytes)
$ASCII_"pt41_46"_Literal will be placed at 80253BBC (length = 8 bytes)
$ASCII_"pt61_66"_Literal will be placed at 80253BC4 (length = 8 bytes)
$ASCII_"pt32_37"_Literal will be placed at 80253BCC (length = 8 bytes)
$ASCII_"pt_15"_Literal will be placed at 80253BD4 (length = 8 bytes)
$ASCII_"pt11_16"_Literal will be placed at 80253BDC (length = 8 bytes)
$ASCII_"pt_00"_Literal will be placed at 80253BE4 (length = 8 bytes)
$ASCII_"pt74_79"_Literal will be placed at 80253BEC (length = 8 bytes)
$ASCII_"pt_25"_Literal will be placed at 80253BF4 (length = 8 bytes)
$ConstDouble_80246558 will be placed at 80253C00 (length = 8 bytes)
$ASCII_"pt_35"_Literal will be placed at 80253C08 (length = 8 bytes)
$ASCII_"pt71_76"_Literal will be placed at 80253C10 (length = 8 bytes)
$ASCII_"pt42_47"_Literal will be placed at 80253C18 (length = 8 bytes)
$ASCII_"pt13_18"_Literal will be placed at 80253C20 (length = 8 bytes)
$ASCII_"pt_05"_Literal will be placed at 80253C28 (length = 8 bytes)
$ASCII_"pt93_98"_Literal will be placed at 80253C30 (length = 8 bytes)
$ASCII_"pt43_48"_Literal will be placed at 80253C38 (length = 8 bytes)
$ASCII_"pt51_56"_Literal will be placed at 80253C40 (length = 8 bytes)
$ASCII_"pt_55"_Literal will be placed at 80253C48 (length = 8 bytes)
$ASCII_"pt2_7"_Literal will be placed at 80253C50 (length = 8 bytes)
$ASCII_"pt12_17"_Literal will be placed at 80253C58 (length = 8 bytes)
$ASCII_"pt3_8"_Literal will be placed at 80253C60 (length = 8 bytes)
$ASCII_"pt_10"_Literal will be placed at 80253C68 (length = 8 bytes)
$ASCII_"tik_tex"_Literal will be placed at 80253C70 (length = 8 bytes)
$ASCII_"pt31_36"_Literal will be placed at 80253C78 (length = 8 bytes)
$ConstDouble_80246510 will be placed at 80253C80 (length = 8 bytes)
$ASCII_"pt63_68"_Literal will be placed at 80253C88 (length = 8 bytes)
$ConstDouble_80246508 will be placed at 80253C90 (length = 8 bytes)
$ConstDouble_80246500 will be placed at 80253C98 (length = 8 bytes)
$ASCII_"pt94_99"_Literal will be placed at 80253CA0 (length = 8 bytes)
$ASCII_"pt82_87"_Literal will be placed at 80253CA8 (length = 8 bytes)
$ASCII_"pt_45"_Literal will be placed at 80253CB0 (length = 8 bytes)
$ASCII_"pt24_29"_Literal will be placed at 80253CB8 (length = 8 bytes)
$MoverCancel will be placed at 80253BFC (length = 4 bytes)
$BanditMoverCancel will be placed at 80253CC0 (length = 4 bytes)
$CloseDialogBubble will be placed at 80253CC4 (length = 4 bytes)
Executing patch: pt_80.mpat
Creating struct: $DeepestLevel
Creating struct: $TotalLevels_Sign
Creating struct: $TotalLevels_CurrentPlaythrough
Creating struct: $LoadHighscores
Creating struct: $FallingDownPipe
Creating struct: $Function_GetPos
Creating struct: $Function2
Creating struct: $Script_TrackPlayer
Creating struct: $Script_PipeAnimation
Creating struct: $Function_SetAnimation
Creating struct: $Function_GetColliderPos
Creating struct: $Function_TrackInput
Creating struct: $GoToNextLevel
Creating struct: $GetFloorSign
Creating struct: $GetFloorSign_Rogue
Creating struct: $Function_GetTattle1
Creating struct: $Function_GetTattle2
Creating struct: $Script_ReadSign
Creating struct: $BadgeListRogue
Creating struct: $Function_SaveFlag
Creating struct: $BadgeList
Creating struct: $GetBadge
Creating struct: $CoinChest
Creating struct: $LoadChestFloor
Creating struct: $ShopperInteraction
Creating struct: $Script_Interact_Rowf_FloorZero
Creating struct: $Script_SetInventoryPrices
Creating struct: $InventoryAvailability
Creating struct: $LoadCoins
Creating struct: $LoadInventory
Creating struct: $Partner_Settings
Creating struct: $Init_NPC
Creating struct: $Script_CloseChest
Creating struct: $NPC_Cutscene1
Creating struct: $Script_GoombarioCS1
Creating struct: $SkipCutscene_GoombarioCS1
Creating struct: $NPC_Cutscene2
Creating struct: $Script_KooperCS1
Creating struct: $SkipCutscene_KooperCS1
Creating struct: $NPC_Cutscene3
Creating struct: $SkipCutscene_BombetteCS1
Creating struct: $Script_BombetteCS1
Creating struct: $NPC_Cutscene4
Creating struct: $Script_ParakarryCS1
Creating struct: $SkipCutscene_ParakarryCS1
Creating struct: $NPC_Cutscene5
Creating struct: $Script_BowCS1
Creating struct: $SkipCutscene_BowCS1
Creating struct: $Script_MarioAnimation0
Creating struct: $Script_MarioAnimation0_1
Creating struct: $Script_MarioAnimation0_2
Creating struct: $Script_MarioAnimation1
Creating struct: $NPC_Cutscene6
Creating struct: $Script_WattCS1
Creating struct: $SkipCutscene_WattCS1
Creating struct: $Script_WattThunder
Creating struct: $NPC_Cutscene7
Creating struct: $Script_SushieCS1
Creating struct: $SkipCutscene_SushieCS1
Creating struct: $NPC_Cutscene8
Creating struct: $Script_LakilesterCS1
Creating struct: $SkipCutscene_LakilesterCS1
Creating struct: $VectorList_Path_Lakilester
Creating struct: $Function_LoadPath
Creating struct: $Script_SetNPC
Creating struct: $Script_PlayPartnerMusic
Creating struct: $Script_StopPartnerMusic
Creating struct: $Explotion
Creating struct: $JoinedYourParty
Creating struct: $SetNPCtoPartner
Creating struct: $Header
Creating struct: $EntryList
Creating struct: $Function_Init
Creating struct: $Script_Main
Creating struct: $Script_RoguelikeHard_FloorZero_1stTime
Creating struct: $Script_CheckHPFPCap
Creating struct: $Function_GetPartnersUnlocked
Creating struct: $Function_GetPartnersUpgrades
Creating struct: $Script_EnableWaterTexture
Creating struct: $Script_80244A70
Creating struct: $Function_80240404
Creating struct: $Function_802402E0
Creating struct: $Script_SetPipesPosition
Creating struct: $Script_MakeEntities
Creating struct: $Script_MakeEntities_SaveFileLoaded
Creating struct: $Trigger_SaveBlock_Instructions
Creating struct: $Script_ChestAnimation
Creating struct: $Script_StretchChest
Creating struct: $Script_RotateChest
Creating struct: $Function_GetChestState
Creating struct: $Script_MoveChest
Creating struct: $Script_MakeEntities_Demo
Creating struct: $Script_EndDemo
Creating struct: $Function_SaveBetterTotalTime
Creating struct: $Script_ReadSignExit
Creating struct: $Script_ReadSignExit_Demo
Creating struct: $Script_UseChest
Creating struct: $SetSackFlag
Creating struct: $Script_OpenChest
Creating struct: $Script_GetItem
Creating struct: $CommingDownPipe
Creating struct: $PipeSpawning
Creating struct: $Script_MakeExits
Creating struct: $Script_Exit1
Creating struct: $Script_Exit0
Creating struct: $Script_Rogue_GiveTotalCoins
Creating struct: $PipeAnimationX
Creating struct: $Function_802400F0
Creating struct: $Function_80240000
Creating struct: $NpcGroups_FloorZero
Creating struct: $NpcGroups
Creating struct: $NpcGroup_Partners
Creating struct: $NpcGroup_Rowf
Creating struct: $Rowf_Settings
Creating struct: $Script_AI_Rowf
Creating struct: $InitShopper
Creating struct: $GotItem
Creating struct: $NpcGroup_Oaklie
Creating struct: $BlankSettings
Creating struct: $Script_Init_Oaklie_ChestFloor
Creating struct: $NpcGroup_Rippo
Creating struct: $Script_Init_Rippo
Creating struct: $NpcGroup_Dupli
Creating struct: $Script_Init_Dupli
Creating struct: $NpcGroup_Toad
Creating struct: $EnableInputs
Merged 1 regions to 1
$BadgeList will be placed at 80240000 (length = 2028 bytes)
$BadgeListRogue will be placed at 80242028 (length = 1350 bytes)
$GetBadge will be placed at 80243378 (length = 1244 bytes)
$NpcGroup_Partners will be placed at 802445BC (length = F80 bytes)
$Script_BowCS1 will be placed at 8024553C (length = E94 bytes)
$Script_MakeEntities will be placed at 802463D0 (length = CD4 bytes)
$GoToNextLevel will be placed at 802470A4 (length = B10 bytes)
$Script_Main will be placed at 80247BB4 (length = 978 bytes)
$Script_SetNPC will be placed at 8024852C (length = 864 bytes)
$NPC_Cutscene4 will be placed at 80248D90 (length = 780 bytes)
$Script_UseChest will be placed at 80249510 (length = 614 bytes)
$ShopperInteraction will be placed at 80249B24 (length = 4F8 bytes)
$Script_KooperCS1 will be placed at 8024A01C (length = 4D8 bytes)
$Script_SetInventoryPrices will be placed at 8024A4F4 (length = 4B0 bytes)
$PipeAnimationX will be placed at 8024A9A4 (length = 428 bytes)
$Script_BombetteCS1 will be placed at 8024ADCC (length = 424 bytes)
$FallingDownPipe will be placed at 8024B1F0 (length = 418 bytes)
$CoinChest will be placed at 8024B608 (length = 400 bytes)
$Script_GoombarioCS1 will be placed at 8024BA08 (length = 3F8 bytes)
$LoadChestFloor will be placed at 8024BE00 (length = 3E0 bytes)
$Script_SushieCS1 will be placed at 8024C1E0 (length = 3AC bytes)
$Script_Interact_Rowf_FloorZero will be placed at 8024C58C (length = 360 bytes)
$Script_WattCS1 will be placed at 8024C8EC (length = 334 bytes)
$Script_Rogue_GiveTotalCoins will be placed at 8024CC20 (length = 2FC bytes)
$Script_StretchChest will be placed at 8024CF1C (length = 2A8 bytes)
$Script_LakilesterCS1 will be placed at 8024D1C4 (length = 29C bytes)
$LoadInventory will be placed at 8024D460 (length = 254 bytes)
$Script_OpenChest will be placed at 8024D6B4 (length = 24C bytes)
$Script_RotateChest will be placed at 8024D900 (length = 21C bytes)
$SkipCutscene_BowCS1 will be placed at 8024DB1C (length = 1F4 bytes)
$NpcGroup_Rippo will be placed at 8024DD10 (length = 1F0 bytes)
$NpcGroup_Dupli will be placed at 8024DF00 (length = 1F0 bytes)
$NpcGroup_Oaklie will be placed at 8024E0F0 (length = 1F0 bytes)
$NpcGroup_Toad will be placed at 8024E2E0 (length = 1F0 bytes)
$NpcGroup_Rowf will be placed at 8024E4D0 (length = 1F0 bytes)
$Function_80240404 will be placed at 8024E6C0 (length = 1E8 bytes)
$SkipCutscene_KooperCS1 will be placed at 8024E8A8 (length = 1E4 bytes)
$SkipCutscene_WattCS1 will be placed at 8024EA8C (length = 1E4 bytes)
$SkipCutscene_BombetteCS1 will be placed at 8024EC70 (length = 1E4 bytes)
$SkipCutscene_LakilesterCS1 will be placed at 8024EE54 (length = 1E4 bytes)
$SkipCutscene_SushieCS1 will be placed at 8024F038 (length = 1E4 bytes)
$SkipCutscene_GoombarioCS1 will be placed at 8024F21C (length = 1E4 bytes)
$SkipCutscene_ParakarryCS1 will be placed at 8024F400 (length = 1C8 bytes)
$Script_PipeAnimation will be placed at 8024F5C8 (length = 1C4 bytes)
$PipeSpawning will be placed at 8024F78C (length = 1B8 bytes)
$String_SaveBlock1 will be placed at 8024F944 (length = 194 bytes)
$SetNPCtoPartner will be placed at 8024FAD8 (length = 184 bytes)
$JoinedYourParty will be placed at 8024FC5C (length = 17C bytes)
$Script_MoveChest will be placed at 8024FDD8 (length = 164 bytes)
$Init_NPC will be placed at 8024FF3C (length = 148 bytes)
$Script_ParakarryCS1 will be placed at 80250084 (length = 144 bytes)
$Script_TrackPlayer will be placed at 802501C8 (length = 144 bytes)
$String_Bombette_2 will be placed at 8025030C (length = 13C bytes)
$MapTattle5 will be placed at 80250448 (length = 13C bytes)
$Tattle_Dupli will be placed at 80250584 (length = 138 bytes)
$NPC_Cutscene3 will be placed at 802506BC (length = 138 bytes)
$MapTattle4 will be placed at 802507F4 (length = 130 bytes)
$String_FloorZero_FirsTime will be placed at 80250924 (length = 128 bytes)
$Function_SaveBetterTotalTime will be placed at 80250A4C (length = 128 bytes)
$NPC_Cutscene1 will be placed at 80250B74 (length = 128 bytes)
$NPC_Cutscene2 will be placed at 80250C9C (length = 128 bytes)
$NPC_Cutscene5 will be placed at 80250DC4 (length = 128 bytes)
$NPC_Cutscene7 will be placed at 80250EEC (length = 128 bytes)
$NPC_Cutscene8 will be placed at 80251014 (length = 128 bytes)
$Script_WattThunder will be placed at 8025113C (length = 124 bytes)
$Script_EnableWaterTexture will be placed at 80251260 (length = 124 bytes)
$Function_802402E0 will be placed at 80251384 (length = 124 bytes)
$Script_AI_Rowf will be placed at 802514A8 (length = 120 bytes)
$Script_MarioAnimation0_2 will be placed at 802515C8 (length = 120 bytes)
$String_Lakilester_3 will be placed at 802516E8 (length = 120 bytes)
$NPC_Cutscene6 will be placed at 80251808 (length = 118 bytes)
$SignStringExit_Demo will be placed at 80251920 (length = 114 bytes)
$Function_LoadPath will be placed at 80251A34 (length = 114 bytes)
$Script_MakeEntities_SaveFileLoaded will be placed at 80251B48 (length = FC bytes)
$ShopperTattle will be placed at 80251C44 (length = E8 bytes)
$DeepestLevel will be placed at 80251D2C (length = E4 bytes)
$Function_802400F0 will be placed at 80251E10 (length = E0 bytes)
$Function_GetColliderPos will be placed at 80251EF0 (length = E0 bytes)
$Function_GetPos will be placed at 80251FD0 (length = E0 bytes)
$TotalLevels_Sign will be placed at 802520B0 (length = DC bytes)
$MapTattle2 will be placed at 8025218C (length = D4 bytes)
$String_Goombario_3 will be placed at 80252260 (length = D0 bytes)
$String_Bow_2 will be placed at 80252330 (length = D0 bytes)
$Script_MarioAnimation0_1 will be placed at 80252400 (length = CC bytes)
$String_Watt_1 will be placed at 802524CC (length = C4 bytes)
$Script_MarioAnimation1 will be placed at 80252590 (length = C0 bytes)
$Script_CheckHPFPCap will be placed at 80252650 (length = C0 bytes)
$ShopperBye1 will be placed at 80252710 (length = C0 bytes)
$ShopperBye2 will be placed at 802527D0 (length = C0 bytes)
$Explotion will be placed at 80252890 (length = BC bytes)
$Function_TrackInput will be placed at 8025294C (length = BC bytes)
$Tattle_Oaklie will be placed at 80252A08 (length = B8 bytes)
$ShopperWelcome will be placed at 80252AC0 (length = B4 bytes)
$String_Bow_3 will be placed at 80252B74 (length = B4 bytes)
$MapTattle3 will be placed at 80252C28 (length = B0 bytes)
$Script_SetPipesPosition will be placed at 80252CD8 (length = B0 bytes)
$LoadHighscores will be placed at 80252D88 (length = B0 bytes)
$Script_MakeEntities_Demo will be placed at 80252E38 (length = AC bytes)
$MapTattle1 will be placed at 80252EE4 (length = A8 bytes)
$Function_GetPartnersUnlocked will be placed at 80252F8C (length = A4 bytes)
$String_Kooper_2 will be placed at 80253030 (length = A4 bytes)
$Function_GetPartnersUpgrades will be placed at 802530D4 (length = A4 bytes)
$Script_ReadSign will be placed at 80253178 (length = A0 bytes)
$String_Goombario_1 will be placed at 80253218 (length = A0 bytes)
$Script_80244A70 will be placed at 802532B8 (length = 9C bytes)
$String_Lakilester_1 will be placed at 80253354 (length = 98 bytes)
$CoinsString will be placed at 802533EC (length = 94 bytes)
$String_Parakarry_2 will be placed at 80253480 (length = 94 bytes)
$ShopperBuying will be placed at 80253514 (length = 94 bytes)
$String_Goombario_4 will be placed at 802535A8 (length = 88 bytes)
$String_Sushie_2 will be placed at 80253630 (length = 80 bytes)
$SignStringBug will be placed at 802536B0 (length = 7C bytes)
$String_Rogue_CoinsGained_Success2 will be placed at 8025372C (length = 78 bytes)
$Trigger_SaveBlock_Instructions will be placed at 802537A4 (length = 78 bytes)
$Function_GetChestState will be placed at 8025381C (length = 74 bytes)
$String_BlastRocks will be placed at 80253890 (length = 74 bytes)
$Tattle_Rippo will be placed at 80253904 (length = 74 bytes)
$Script_ChestAnimation will be placed at 80253978 (length = 74 bytes)
$String_Kooper_3 will be placed at 802539EC (length = 70 bytes)
$String_Sushie_3 will be placed at 80253A5C (length = 70 bytes)
$Rowf_NoSpace will be placed at 80253ACC (length = 6C bytes)
$Function2 will be placed at 80253B38 (length = 6C bytes)
$Function_SetAnimation will be placed at 80253BA4 (length = 6C bytes)
$AfterBuying will be placed at 80253C10 (length = 68 bytes)
$String_Bow_5 will be placed at 80253C78 (length = 68 bytes)
$Script_RoguelikeHard_FloorZero_1stTime will be placed at 80253CE0 (length = 64 bytes)
$Function_GetTattle1 will be placed at 80253D44 (length = 60 bytes)
$String_Lakilester_2 will be placed at 80253DA4 (length = 60 bytes)
$Script_EndDemo will be placed at 80253E04 (length = 5C bytes)
$String_Sushie_4 will be placed at 80253E60 (length = 5C bytes)
$String_Bow_4 will be placed at 80253EBC (length = 5C bytes)
$NpcGroups will be placed at 80253F18 (length = 54 bytes)
$Script_GetItem will be placed at 80253F6C (length = 54 bytes)
$String_GoBack will be placed at 80253FC0 (length = 54 bytes)
$String_Watt_2 will be placed at 80254014 (length = 4C bytes)
$Script_MarioAnimation0 will be placed at 80254060 (length = 48 bytes)
$CommingDownPipe will be placed at 802540A8 (length = 48 bytes)
$GetFloorSign will be placed at 802540F0 (length = 48 bytes)
$Script_ReadSignExit_Demo will be placed at 80254138 (length = 48 bytes)
$String_Parakarry_3 will be placed at 80254180 (length = 48 bytes)
$StrangeSackBadge will be placed at 802541C8 (length = 48 bytes)
$String_Kooper_1 will be placed at 80254210 (length = 48 bytes)
$Script_ReadSignExit will be placed at 80254258 (length = 48 bytes)
$Script_Exit1 will be placed at 802542A0 (length = 48 bytes)
$Script_Exit0 will be placed at 802542E8 (length = 48 bytes)
$Script_MakeExits will be placed at 80254330 (length = 48 bytes)
$GetFloorSign_Rogue will be placed at 80254378 (length = 48 bytes)
$Function_SaveFlag will be placed at 802543C0 (length = 44 bytes)
$String_Watt_3 will be placed at 80254404 (length = 44 bytes)
$NoCoins will be placed at 80254448 (length = 44 bytes)
$Function_Init will be placed at 8025448C (length = 40 bytes)
$ShopperCancel will be placed at 802544CC (length = 40 bytes)
$Header will be placed at 8025450C (length = 40 bytes)
$EntryList will be placed at 8025454C (length = 40 bytes)
$String_Goombario_2 will be placed at 8025458C (length = 40 bytes)
$Function_GetTattle2 will be placed at 802545CC (length = 3C bytes)
$VectorList_Path_Lakilester will be placed at 80254608 (length = 3C bytes)
$Script_StopPartnerMusic will be placed at 80254644 (length = 3C bytes)
$String_Bombette_1 will be placed at 80254680 (length = 34 bytes)
$Script_PlayPartnerMusic will be placed at 802546B4 (length = 34 bytes)
$String_Bombette_3 will be placed at 802546E8 (length = 30 bytes)
$Rowf_Settings will be placed at 80254718 (length = 2C bytes)
$InventoryAvailability will be placed at 80254744 (length = 2C bytes)
$BlankSettings will be placed at 80254770 (length = 2C bytes)
$EnableInputs will be placed at 8025479C (length = 2C bytes)
$Partner_Settings will be placed at 802547C8 (length = 2C bytes)
$LoadCoins will be placed at 802547F4 (length = 2C bytes)
$String_Parakarry_1 will be placed at 80254820 (length = 28 bytes)
$GotItem will be placed at 80254848 (length = 28 bytes)
$InitShopper will be placed at 80254870 (length = 24 bytes)
$Script_Init_Dupli will be placed at 80254894 (length = 24 bytes)
$Script_Init_Rippo will be placed at 802548B8 (length = 24 bytes)
$NpcGroups_FloorZero will be placed at 802548DC (length = 24 bytes)
$SignStringExit will be placed at 80254900 (length = 20 bytes)
$Function_80240000 will be placed at 80254920 (length = 20 bytes)
$TotalLevels_CurrentPlaythrough will be placed at 80254940 (length = 1C bytes)
$Script_CloseChest will be placed at 8025495C (length = 1C bytes)
$SignString will be placed at 80254978 (length = 18 bytes)
$String_Sushie_1 will be placed at 80254990 (length = 18 bytes)
$SetSackFlag will be placed at 802549A8 (length = 14 bytes)
$ShopperAccepted will be placed at 802549BC (length = 14 bytes)
$String_Goombario_0 will be placed at 802549D0 (length = 14 bytes)
$ASCII_"party_resa"_Literal will be placed at 802549E4 (length = 10 bytes)
$ASCII_"party_pokopi"_Literal will be placed at 802549F4 (length = 10 bytes)
$ASCII_"party_kameki"_Literal will be placed at 80254A04 (length = 10 bytes)
$Script_Init_Oaklie_ChestFloor will be placed at 80254A14 (length = 10 bytes)
$ASCII_"party_pareta"_Literal will be placed at 80254A24 (length = 10 bytes)
$ASCII_"party_kurio"_Literal will be placed at 80254A34 (length = C bytes)
$ASCII_"pt_100"_Literal will be placed at 80254A40 (length = C bytes)
$ASCII_"party_pinki"_Literal will be placed at 80254A4C (length = C bytes)
$ASCII_"dmo_00"_Literal will be placed at 80254A58 (length = C bytes)
$ASCII_"party_opuku"_Literal will be placed at 80254A64 (length = C bytes)
$String_Bow_1 will be placed at 80254A70 (length = C bytes)
$ASCII_"party_akari"_Literal will be placed at 80254A7C (length = C bytes)
$ASCII_"pt_85"_Literal will be placed at 80254A88 (length = 8 bytes)
$ASCII_"pt91_96"_Literal will be placed at 80254A90 (length = 8 bytes)
$ASCII_"pt62_67"_Literal will be placed at 80254A98 (length = 8 bytes)
$ASCII_"pt33_38"_Literal will be placed at 80254AA0 (length = 8 bytes)
$ASCII_"pt1_6"_Literal will be placed at 80254AA8 (length = 8 bytes)
$ASCII_"pt_95"_Literal will be placed at 80254AB0 (length = 8 bytes)
$ASCII_"pt4_9"_Literal will be placed at 80254AB8 (length = 8 bytes)
$ASCII_"pt_65"_Literal will be placed at 80254AC0 (length = 8 bytes)
$ASCII_"pt44_49"_Literal will be placed at 80254AC8 (length = 8 bytes)
$ASCII_"pt81_86"_Literal will be placed at 80254AD0 (length = 8 bytes)
$ASCII_"pt_80"_Literal will be placed at 80254AD8 (length = 8 bytes)
$ASCII_"pt52_57"_Literal will be placed at 80254AE0 (length = 8 bytes)
$ASCII_"pt23_28"_Literal will be placed at 80254AE8 (length = 8 bytes)
$ASCII_"pt_50"_Literal will be placed at 80254AF0 (length = 8 bytes)
$ASCII_"pt83_88"_Literal will be placed at 80254AF8 (length = 8 bytes)
$ASCII_"pt54_59"_Literal will be placed at 80254B00 (length = 8 bytes)
$ASCII_"pt64_69"_Literal will be placed at 80254B08 (length = 8 bytes)
$ASCII_"pt72_77"_Literal will be placed at 80254B10 (length = 8 bytes)
$ASCII_"pt14_19"_Literal will be placed at 80254B18 (length = 8 bytes)
$ASCII_"pt34_39"_Literal will be placed at 80254B20 (length = 8 bytes)
$ASCII_"pt22_27"_Literal will be placed at 80254B28 (length = 8 bytes)
$ASCII_"pt21_26"_Literal will be placed at 80254B30 (length = 8 bytes)
$ASCII_"pt73_78"_Literal will be placed at 80254B38 (length = 8 bytes)
$ASCII_"pt84_89"_Literal will be placed at 80254B40 (length = 8 bytes)
$ASCII_"pt92_97"_Literal will be placed at 80254B48 (length = 8 bytes)
$ASCII_"pt_75"_Literal will be placed at 80254B50 (length = 8 bytes)
$ASCII_"pt53_58"_Literal will be placed at 80254B58 (length = 8 bytes)
$ASCII_"pt41_46"_Literal will be placed at 80254B60 (length = 8 bytes)
$ASCII_"pt61_66"_Literal will be placed at 80254B68 (length = 8 bytes)
$ASCII_"pt32_37"_Literal will be placed at 80254B70 (length = 8 bytes)
$ASCII_"pt_15"_Literal will be placed at 80254B78 (length = 8 bytes)
$ASCII_"pt11_16"_Literal will be placed at 80254B80 (length = 8 bytes)
$ASCII_"pt_00"_Literal will be placed at 80254B88 (length = 8 bytes)
$ASCII_"pt74_79"_Literal will be placed at 80254B90 (length = 8 bytes)
$ASCII_"pt_25"_Literal will be placed at 80254B98 (length = 8 bytes)
$ASCII_"pt_35"_Literal will be placed at 80254BA0 (length = 8 bytes)
$ASCII_"pt71_76"_Literal will be placed at 80254BA8 (length = 8 bytes)
$ASCII_"pt42_47"_Literal will be placed at 80254BB0 (length = 8 bytes)
$ASCII_"pt13_18"_Literal will be placed at 80254BB8 (length = 8 bytes)
$ASCII_"pt_05"_Literal will be placed at 80254BC0 (length = 8 bytes)
$ASCII_"pt93_98"_Literal will be placed at 80254BC8 (length = 8 bytes)
$ASCII_"pt43_48"_Literal will be placed at 80254BD0 (length = 8 bytes)
$ASCII_"pt51_56"_Literal will be placed at 80254BD8 (length = 8 bytes)
$ASCII_"pt_55"_Literal will be placed at 80254BE0 (length = 8 bytes)
$ASCII_"pt2_7"_Literal will be placed at 80254BE8 (length = 8 bytes)
$ASCII_"pt12_17"_Literal will be placed at 80254BF0 (length = 8 bytes)
$ASCII_"pt3_8"_Literal will be placed at 80254BF8 (length = 8 bytes)
$ASCII_"pt_10"_Literal will be placed at 80254C00 (length = 8 bytes)
$ASCII_"tik_tex"_Literal will be placed at 80254C08 (length = 8 bytes)
$ASCII_"pt31_36"_Literal will be placed at 80254C10 (length = 8 bytes)
$ASCII_"pt63_68"_Literal will be placed at 80254C18 (length = 8 bytes)
$ASCII_"pt94_99"_Literal will be placed at 80254C20 (length = 8 bytes)
$ASCII_"pt82_87"_Literal will be placed at 80254C28 (length = 8 bytes)
$ASCII_"pt_45"_Literal will be placed at 80254C30 (length = 8 bytes)
$ASCII_"pt24_29"_Literal will be placed at 80254C38 (length = 8 bytes)
$CloseDialogBubble will be placed at 80254C40 (length = 4 bytes)
Executing patch: pt_85.mpat
Creating struct: $DeepestLevel
Creating struct: $TotalLevels_Sign
Creating struct: $TotalLevels_CurrentPlaythrough
Creating struct: $LoadHighscores
Creating struct: $FallingDownPipe
Creating struct: $Function_GetPos
Creating struct: $Function2
Creating struct: $SetSpawns
Creating struct: $Script_Set_Formation
Creating struct: $Function_OverwriteBattleID
Creating struct: $Script_SetMover
Creating struct: $Script_MapID_Converter
Creating struct: $Script_LoadOdds
Creating struct: $Script_LoadMoverType
Creating struct: $Script_SpawnMover
Creating struct: $Script_SetNPCPos
Creating struct: $Function_Load_MapID
Creating struct: $SwitchPath
Creating struct: $VectorList_SwitchPath
Creating struct: $GetPos
Creating struct: $DispawnPartner
Creating struct: $RespawnPartner
Creating struct: $LoadMap
Creating struct: $GetFloor
Creating struct: $LoadMapBandit
Creating struct: $GetFloorBandit
Creating struct: $SetSpawnsSpecial
Creating struct: $Script_SetMover_Special
Creating struct: $Script_SpawnMover_Special
Creating struct: $Script_Set_SpecialFormation
Creating struct: $Function_LoadCoinsInToVar1
Creating struct: $Script_SetSpawnPosition
Creating struct: $Script_Init_EnemyNPC
Creating struct: $Script_Init_Lakitu
Creating struct: $Script_TrackOutcome
Creating struct: $Script_LakituOutcome
Creating struct: $Script_FloorEnemy_Idle
Creating struct: $Script_Rogue_GiveTotalCoins
Creating struct: $Script_SetEnemyIdle
Creating struct: $Script_AddCoins
Creating struct: $NPC_Settings_Sack
Creating struct: $Script_Init_Bag
Creating struct: $Script_Init_Bag_HitBox
Creating struct: $Script_NPC_SackHit_Init
Creating struct: $Script_NPC_Sack_FX
Creating struct: $NPC_Sack_AnimationStart
Creating struct: $NPC_Sack_AnimationEnd
Creating struct: $Script_SackAnimation_SackAppears_100
Creating struct: $Script_SackAnimation_Start_GoToTheRight
Creating struct: $Script_SackAnimation_Start_GoToTheLeft
Creating struct: $Script_SackAnimation_End_Right
Creating struct: $Script_SackAnimation_End_Left
Creating struct: $Function_LoadMarioCoins
Creating struct: $Function_LoadCoinsLosted
Creating struct: $Function_SaveCoinsLosted
Creating struct: $Function_ResetCoinsLosted
Creating struct: $Function_LoadGainedCoins
Creating struct: $Function_RevivePlayer
Creating struct: $AISettings_MoneySack
Creating struct: $Script_NpcAI_MoneySack
Creating struct: $JumpTable_80242448
Creating struct: $Function_NpcAI_MoneySack
Creating struct: $Function_80240260
Creating struct: $Function_80240844
Creating struct: $Function_802409A8
Creating struct: $Script_TrackPlayer
Creating struct: $Script_PipeAnimation
Creating struct: $Function_SetAnimation
Creating struct: $Function_GetColliderPos
Creating struct: $Function_TrackInput
Creating struct: $GoToNextLevel
Creating struct: $GetFloorSign
Creating struct: $GetFloorSign_Rogue
Creating struct: $Function_GetTattle1
Creating struct: $Function_GetTattle2
Creating struct: $Script_ReadSign
Creating struct: $NpcSettings_Blank
Creating struct: $NpcGroup_Spring1
Creating struct: $NpcGroup_Spring2
Creating struct: $NpcGroup_Spring3
Creating struct: $NpcGroup_Spring4
Creating struct: $NpcGroup_Spring5
Creating struct: $NpcGroup_Spring6
Creating struct: $NpcGroup_Spring7
Creating struct: $NpcGroup_Spring8
Creating struct: $NpcGroup_Spring9
Creating struct: $NpcGroup_Spring10
Creating struct: $Header
Creating struct: $Script_Main2_Wait
Creating struct: $Script_Main2_Exec
Creating struct: $Script_TrackEvents
Creating struct: $Script_Cutscene_Event
Creating struct: $SkipCutscene_Event
Creating struct: $Script_ZoomIn_Camera_X
Creating struct: $Script_Cutscene_Ruby_Init
Creating struct: $Script_Cutscene_Ruby2
Creating struct: $NpcGroupList_RubyCS
Creating struct: $NpcGroup_RubyCS
Creating struct: $NpcSettings_Generic
Creating struct: $Script_null
Creating struct: $Script_SpawnNPCs
Creating struct: $Function_ResetEnemiesFlag
Creating struct: $EntryList
Creating struct: $Function_Init
Creating struct: $NpcGroup_Mover
Creating struct: $BlankSettings
Creating struct: $Script_Init_Mover
Creating struct: $Interact_Mover
Creating struct: $Script_MoverWarpAnimation
Creating struct: $SkipCutscene_MoverWarpAnimation
Creating struct: $NpcGroup_BanditMover
Creating struct: $Script_Init_BanditMover
Creating struct: $Script_Bandit_StartBattle
Creating struct: $Interact_BanditMover
Creating struct: $Script_Warning_Mario
Creating struct: $Script_NoThanks_Bandit
Creating struct: $Script_ZoomIn_Camera
Creating struct: $Script_ZoomIn_Camera_2
Creating struct: $Script_ZoomIn_Camera_3
Creating struct: $NpcGroup_MoneyBag
Creating struct: $Script_SetPipesPosition
Creating struct: $Script_DisableNumbers
Creating struct: $Script_SetFloorNumbers
Creating struct: $Script_CheckBanditStatus1
Creating struct: $Script_Cutscene_BanditStatus1
Creating struct: $Script_CheckBanditStatus2
Creating struct: $Script_TrackOutcome_Bandit
Creating struct: $Script_Cutscene_BanditDefeated
Creating struct: $SkipCutscene_BanditDefeated
Creating struct: $Script_AddCoins_Bandit
Creating struct: $Function_LoadPath
Creating struct: $Script_ClosePartnerDialog
Creating struct: $PipeSpawning
Creating struct: $EnablePipeCollider
Creating struct: $Script_MakeEntities
Creating struct: $CommingDownPipe
Creating struct: $Function_TimerCurrentFloor
Creating struct: $Script_MakeExits
Creating struct: $Script_Exit0
Creating struct: $Script_Main
Creating struct: $NpcGroups
Creating struct: $NpcGroup1
Creating struct: $NpcGroup7
Creating struct: $NpcGroup_Enemy1
Creating struct: $NpcSettings_Enemy1
Creating struct: $Script_EnemyAI
Creating struct: $AISettings_Enemy
Creating struct: $ConstDouble_802471E0
Creating struct: $JumpTable_802471E8
Creating struct: $Function_802406A4
Creating struct: $Function_80240310
Creating struct: $Function_8024038C
Creating struct: $Function_802404C0
Creating struct: $Function_80240624
Creating struct: $Script_DisableEnemyAI
Creating struct: $AISettings_DisableEnemy
Merged 1 regions to 1
$Script_SetFloorNumbers will be placed at 80240000 (length = 128C bytes)
$NpcGroup_RubyCS will be placed at 8024128C (length = 1170 bytes)
$LoadMap will be placed at 802423FC (length = C04 bytes)
$LoadMapBandit will be placed at 80243000 (length = B80 bytes)
$GoToNextLevel will be placed at 80243B80 (length = B10 bytes)
$Script_Cutscene_BanditDefeated will be placed at 80244690 (length = B08 bytes)
$Script_SetEnemyIdle will be placed at 80245198 (length = 674 bytes)
$Script_MapID_Converter will be placed at 8024580C (length = 60C bytes)
$Script_Warning_Mario will be placed at 80245E18 (length = 608 bytes)
$Function_80240260 will be placed at 80246420 (length = 5E4 bytes)
$Script_SetNPCPos will be placed at 80246A04 (length = 4D0 bytes)
$Script_Cutscene_Ruby_Init will be placed at 80246ED4 (length = 490 bytes)
$Function_802406A4 will be placed at 80247364 (length = 440 bytes)
$FallingDownPipe will be placed at 802477A4 (length = 418 bytes)
$Script_TrackEvents will be placed at 80247BBC (length = 410 bytes)
$NpcGroup_MoneyBag will be placed at 80247FCC (length = 3E0 bytes)
$Interact_BanditMover will be placed at 802483AC (length = 3D8 bytes)
$Script_CheckBanditStatus2 will be placed at 80248784 (length = 3D8 bytes)
$SkipCutscene_BanditDefeated will be placed at 80248B5C (length = 3D8 bytes)
$Interact_Mover will be placed at 80248F34 (length = 3CC bytes)
$Script_Set_SpecialFormation will be placed at 80249300 (length = 3B4 bytes)
$Script_FloorEnemy_Idle will be placed at 802496B4 (length = 388 bytes)
$Script_TrackOutcome_Bandit will be placed at 80249A3C (length = 330 bytes)
$Script_LakituOutcome will be placed at 80249D6C (length = 30C bytes)
$Script_Rogue_GiveTotalCoins will be placed at 8024A078 (length = 2FC bytes)
$Script_Set_Formation will be placed at 8024A374 (length = 2D4 bytes)
$PipeSpawning will be placed at 8024A648 (length = 2A0 bytes)
$Script_TrackOutcome will be placed at 8024A8E8 (length = 288 bytes)
$Script_Cutscene_Ruby2 will be placed at 8024AB70 (length = 258 bytes)
$Function_NpcAI_MoneySack will be placed at 8024ADC8 (length = 238 bytes)
$Script_SackAnimation_Start_GoToTheRight will be placed at 8024B000 (length = 230 bytes)
$Script_SetSpawnPosition will be placed at 8024B230 (length = 228 bytes)
$Script_Main2_Exec will be placed at 8024B458 (length = 228 bytes)
$Script_Cutscene_BanditStatus1 will be placed at 8024B680 (length = 21C bytes)
$Script_LoadMoverType will be placed at 8024B89C (length = 214 bytes)
$Script_NoThanks_Bandit will be placed at 8024BAB0 (length = 210 bytes)
$Script_SackAnimation_Start_GoToTheLeft will be placed at 8024BCC0 (length = 1F8 bytes)
$NpcGroup_Spring10 will be placed at 8024BEB8 (length = 1F0 bytes)
$NpcGroup_Enemy1 will be placed at 8024C0A8 (length = 1F0 bytes)
$NpcGroup_Spring1 will be placed at 8024C298 (length = 1F0 bytes)
$NpcGroup_Spring2 will be placed at 8024C488 (length = 1F0 bytes)
$NpcGroup_Spring3 will be placed at 8024C678 (length = 1F0 bytes)
$NpcGroup_Spring4 will be placed at 8024C868 (length = 1F0 bytes)
$NpcGroup_Spring5 will be placed at 8024CA58 (length = 1F0 bytes)
$NpcGroup_Spring6 will be placed at 8024CC48 (length = 1F0 bytes)
$NpcGroup_Spring7 will be placed at 8024CE38 (length = 1F0 bytes)
$NpcGroup_Spring8 will be placed at 8024D028 (length = 1F0 bytes)
$NpcGroup_Spring9 will be placed at 8024D218 (length = 1F0 bytes)
$NpcGroup_Mover will be placed at 8024D408 (length = 1F0 bytes)
$NpcGroup_BanditMover will be placed at 8024D5F8 (length = 1F0 bytes)
$Script_PipeAnimation will be placed at 8024D7E8 (length = 1C4 bytes)
$Script_Cutscene_Event will be placed at 8024D9AC (length = 198 bytes)
$Script_NPC_SackHit_Init will be placed at 8024DB44 (length = 198 bytes)
$Script_ClosePartnerDialog will be placed at 8024DCDC (length = 194 bytes)
$JumpTable_80242448 will be placed at 8024DE70 (length = 190 bytes)
$SkipCutscene_Event will be placed at 8024E000 (length = 188 bytes)
$Script_SpawnNPCs will be placed at 8024E188 (length = 174 bytes)
$NPC_Sack_AnimationStart will be placed at 8024E2FC (length = 168 bytes)
$Function_80240844 will be placed at 8024E464 (length = 164 bytes)
$Function_802404C0 will be placed at 8024E5C8 (length = 164 bytes)
$Script_SackAnimation_End_Right will be placed at 8024E72C (length = 158 bytes)
$Script_SackAnimation_End_Left will be placed at 8024E884 (length = 150 bytes)
$Script_TrackPlayer will be placed at 8024E9D4 (length = 144 bytes)
$Script_CheckBanditStatus1 will be placed at 8024EB18 (length = 13C bytes)
$MapTattle5 will be placed at 8024EC54 (length = 13C bytes)
$Function_8024038C will be placed at 8024ED90 (length = 134 bytes)
$MapTattle4 will be placed at 8024EEC4 (length = 130 bytes)
$BanditMover_Tattle will be placed at 8024EFF4 (length = 11C bytes)
$Function_LoadPath will be placed at 8024F110 (length = 114 bytes)
$Script_SackAnimation_SackAppears_100 will be placed at 8024F224 (length = 100 bytes)
$String_Partner_Event_1 will be placed at 8024F324 (length = FC bytes)
$Script_Main2_Wait will be placed at 8024F420 (length = F4 bytes)
$String_Warning2 will be placed at 8024F514 (length = F0 bytes)
$Script_SetMover_Special will be placed at 8024F604 (length = EC bytes)
$SetSpawnsSpecial will be placed at 8024F6F0 (length = E8 bytes)
$SetSpawns will be placed at 8024F7D8 (length = E8 bytes)
$String_Warning1 will be placed at 8024F8C0 (length = E8 bytes)
$DeepestLevel will be placed at 8024F9A8 (length = E4 bytes)
$Function_GetColliderPos will be placed at 8024FA8C (length = E0 bytes)
$Function_GetPos will be placed at 8024FB6C (length = E0 bytes)
$TotalLevels_Sign will be placed at 8024FC4C (length = DC bytes)
$Script_SpawnMover_Special will be placed at 8024FD28 (length = DC bytes)
$GetFloor will be placed at 8024FE04 (length = DC bytes)
$Script_DisableNumbers will be placed at 8024FEE0 (length = D8 bytes)
$MapTattle2 will be placed at 8024FFB8 (length = D4 bytes)
$NPC_Sack_AnimationEnd will be placed at 8025008C (length = D4 bytes)
$Script_SetMover will be placed at 80250160 (length = D0 bytes)
$GetFloorBandit will be placed at 80250230 (length = D0 bytes)
$Script_AddCoins_Bandit will be placed at 80250300 (length = C8 bytes)
$GetPos will be placed at 802503C8 (length = C8 bytes)
$SkipCutscene_MoverWarpAnimation will be placed at 80250490 (length = C4 bytes)
$Function_Init will be placed at 80250554 (length = C4 bytes)
$MoverStart will be placed at 80250618 (length = C0 bytes)
$String_Warning3 will be placed at 802506D8 (length = C0 bytes)
$Script_ZoomIn_Camera_3 will be placed at 80250798 (length = BC bytes)
$Script_ZoomIn_Camera_2 will be placed at 80250854 (length = BC bytes)
$Script_ZoomIn_Camera will be placed at 80250910 (length = BC bytes)
$Function_TrackInput will be placed at 802509CC (length = BC bytes)
$String_Bandit_Defeated4 will be placed at 80250A88 (length = B8 bytes)
$Script_MoverWarpAnimation will be placed at 80250B40 (length = B8 bytes)
$Script_NpcAI_MoneySack will be placed at 80250BF8 (length = B8 bytes)
$NpcGroups will be placed at 80250CB0 (length = B4 bytes)
$Script_SpawnMover will be placed at 80250D64 (length = B4 bytes)
$BanditMoverStart will be placed at 80250E18 (length = B4 bytes)
$MapTattle3 will be placed at 80250ECC (length = B0 bytes)
$Script_LoadOdds will be placed at 80250F7C (length = B0 bytes)
$Script_SetPipesPosition will be placed at 8025102C (length = B0 bytes)
$LoadHighscores will be placed at 802510DC (length = B0 bytes)
$MapTattle1 will be placed at 8025118C (length = A8 bytes)
$Script_AddCoins will be placed at 80251234 (length = A8 bytes)
$SwitchPath will be placed at 802512DC (length = A4 bytes)
$Script_NPC_Sack_FX will be placed at 80251380 (length = A4 bytes)
$Tattle_Springkeeper will be placed at 80251424 (length = A4 bytes)
$Script_ReadSign will be placed at 802514C8 (length = A0 bytes)
$Script_ZoomIn_Camera_X will be placed at 80251568 (length = A0 bytes)
$String_Bandit_Defeated9 will be placed at 80251608 (length = 9C bytes)
$Script_Bandit_StartBattle will be placed at 802516A4 (length = 9C bytes)
$Script_Main will be placed at 80251740 (length = 9C bytes)
$Mover_Tattle will be placed at 802517DC (length = 94 bytes)
$String_Bandit_Defeated3 will be placed at 80251870 (length = 90 bytes)
$String_Bandit_Defeated8 will be placed at 80251900 (length = 8C bytes)
$BanditMover_Options2 will be placed at 8025198C (length = 84 bytes)
$BanditMover_Options will be placed at 80251A10 (length = 84 bytes)
$Function_80240624 will be placed at 80251A94 (length = 80 bytes)
$String_Okay will be placed at 80251B14 (length = 80 bytes)
$Function_TimerCurrentFloor will be placed at 80251B94 (length = 7C bytes)
$SignStringBug will be placed at 80251C10 (length = 7C bytes)
$Function_80240310 will be placed at 80251C8C (length = 7C bytes)
$String_Rogue_CoinsGained_Success will be placed at 80251D08 (length = 78 bytes)
$Mover_Options will be placed at 80251D80 (length = 78 bytes)
$Script_EnemyAI will be placed at 80251DF8 (length = 70 bytes)
$Function2 will be placed at 80251E68 (length = 6C bytes)
$Function_SetAnimation will be placed at 80251ED4 (length = 6C bytes)
$String_Bandit_Defeated1 will be placed at 80251F40 (length = 68 bytes)
$CommingDownPipe will be placed at 80251FA8 (length = 68 bytes)
$MoverEnd will be placed at 80252010 (length = 68 bytes)
$BanditMoverEnd will be placed at 80252078 (length = 68 bytes)
$String_Bandit_Defeated_Partner3 will be placed at 802520E0 (length = 64 bytes)
$String_Bandit_Defeated_Partner2 will be placed at 80252144 (length = 64 bytes)
$Function_GetTattle1 will be placed at 802521A8 (length = 60 bytes)
$Function_OverwriteBattleID will be placed at 80252208 (length = 60 bytes)
$String_Bandit_Confrontation1 will be placed at 80252268 (length = 5C bytes)
$BanditMoverNoCoins will be placed at 802522C4 (length = 58 bytes)
$MoverNoCoins will be placed at 8025231C (length = 58 bytes)
$JumpTable_802471E8 will be placed at 80252374 (length = 54 bytes)
$String_Bandit_Defeated7 will be placed at 802523C8 (length = 50 bytes)
$String_Bandit_Defeated_Partner4 will be placed at 80252418 (length = 50 bytes)
$EntryList will be placed at 80252468 (length = 50 bytes)
$String_NoThanks will be placed at 802524B8 (length = 50 bytes)
$Script_Init_BanditMover will be placed at 80252508 (length = 4C bytes)
$GetFloorSign will be placed at 80252554 (length = 48 bytes)
$Function_Load_MapID will be placed at 8025259C (length = 48 bytes)
$GetFloorSign_Rogue will be placed at 802525E4 (length = 48 bytes)
$Script_MakeEntities will be placed at 8025262C (length = 44 bytes)
$Function_802409A8 will be placed at 80252670 (length = 44 bytes)
$Function_LoadCoinsInToVar1 will be placed at 802526B4 (length = 44 bytes)
$String_Bandit_Defeated_Partner1 will be placed at 802526F8 (length = 40 bytes)
$Header will be placed at 80252738 (length = 40 bytes)
$Function_LoadCoinsLosted will be placed at 80252778 (length = 40 bytes)
$Function_LoadMarioCoins will be placed at 802527B8 (length = 40 bytes)
$Function_LoadGainedCoins will be placed at 802527F8 (length = 40 bytes)
$Function_GetTattle2 will be placed at 80252838 (length = 3C bytes)
$Script_Exit0 will be placed at 80252874 (length = 3C bytes)
$Script_Init_Bag will be placed at 802528B0 (length = 38 bytes)
$Script_Init_Bag_HitBox will be placed at 802528E8 (length = 38 bytes)
$String_Bandit_Confrotation_Bye will be placed at 80252920 (length = 34 bytes)
$DispawnPartner will be placed at 80252954 (length = 34 bytes)
$String_Whatever will be placed at 80252988 (length = 30 bytes)
$EnablePipeCollider will be placed at 802529B8 (length = 30 bytes)
$AISettings_MoneySack will be placed at 802529E8 (length = 30 bytes)
$String_Bandit_Defeated2 will be placed at 80252A18 (length = 30 bytes)
$AISettings_Enemy will be placed at 80252A48 (length = 30 bytes)
$RespawnPartner will be placed at 80252A78 (length = 30 bytes)
$AISettings_DisableEnemy will be placed at 80252AA8 (length = 30 bytes)
$NPC_Settings_Sack will be placed at 80252AD8 (length = 2C bytes)
$NpcSettings_Generic will be placed at 80252B04 (length = 2C bytes)
$NpcSettings_Enemy1 will be placed at 80252B30 (length = 2C bytes)
$Function_RevivePlayer will be placed at 80252B5C (length = 2C bytes)
$NpcSettings_Blank will be placed at 80252B88 (length = 2C bytes)
$BlankSettings will be placed at 80252BB4 (length = 2C bytes)
$Script_MakeExits will be placed at 80252BE0 (length = 2C bytes)
$Function_ResetEnemiesFlag will be placed at 80252C0C (length = 2C bytes)
$String_List_NoYes will be placed at 80252C38 (length = 28 bytes)
$Function_SaveCoinsLosted will be placed at 80252C60 (length = 28 bytes)
$String_List_YesNo will be placed at 80252C88 (length = 28 bytes)
$Script_Init_EnemyNPC will be placed at 80252CB0 (length = 24 bytes)
$VectorList_SwitchPath will be placed at 80252CD4 (length = 24 bytes)
$Script_Init_Lakitu will be placed at 80252CF8 (length = 24 bytes)
$Script_Init_Mover will be placed at 80252D1C (length = 24 bytes)
$String_CoinsGained will be placed at 80252D40 (length = 24 bytes)
$String_Bandit_Defeated10 will be placed at 80252D64 (length = 24 bytes)
$String_Bandit_Defeated6 will be placed at 80252D88 (length = 20 bytes)
$String_Bandit_Defeated5 will be placed at 80252DA8 (length = 20 bytes)
$Script_DisableEnemyAI will be placed at 80252DC8 (length = 20 bytes)
$TotalLevels_CurrentPlaythrough will be placed at 80252DE8 (length = 1C bytes)
$NpcGroupList_RubyCS will be placed at 80252E04 (length = 18 bytes)
$SignString will be placed at 80252E1C (length = 18 bytes)
$String_Psst will be placed at 80252E34 (length = 10 bytes)
$Script_null will be placed at 80252E44 (length = 10 bytes)
$ASCII_"pt81_86_shape"_Literal will be placed at 80252E54 (length = 10 bytes)
$Function_ResetCoinsLosted will be placed at 80252E64 (length = 10 bytes)
$ASCII_"pt51_56_shape"_Literal will be placed at 80252E74 (length = 10 bytes)
$ASCII_"pt1_6_hit"_Literal will be placed at 80252E84 (length = C bytes)
$NpcGroup7 will be placed at 80252E90 (length = C bytes)
$NpcGroup1 will be placed at 80252E9C (length = C bytes)
$ASCII_"pt_100"_Literal will be placed at 80252EA8 (length = C bytes)
$ASCII_"dmo_00"_Literal will be placed at 80252EB4 (length = C bytes)
$ASCII_"pt1_6_shape"_Literal will be placed at 80252EC0 (length = C bytes)
$ASCII_"pt_85"_Literal will be placed at 80252ECC (length = 8 bytes)
$ASCII_"pt91_96"_Literal will be placed at 80252ED4 (length = 8 bytes)
$ASCII_"pt62_67"_Literal will be placed at 80252EDC (length = 8 bytes)
$ASCII_"pt33_38"_Literal will be placed at 80252EE4 (length = 8 bytes)
$ASCII_"pt1_6"_Literal will be placed at 80252EEC (length = 8 bytes)
$ASCII_"pt_95"_Literal will be placed at 80252EF4 (length = 8 bytes)
$ASCII_"pt4_9"_Literal will be placed at 80252EFC (length = 8 bytes)
$ASCII_"pt_65"_Literal will be placed at 80252F04 (length = 8 bytes)
$ASCII_"pt44_49"_Literal will be placed at 80252F0C (length = 8 bytes)
$ASCII_"pt81_86"_Literal will be placed at 80252F14 (length = 8 bytes)
$ASCII_"pt_80"_Literal will be placed at 80252F1C (length = 8 bytes)
$ASCII_"pt52_57"_Literal will be placed at 80252F24 (length = 8 bytes)
$ASCII_"pt23_28"_Literal will be placed at 80252F2C (length = 8 bytes)
$ASCII_"pt_50"_Literal will be placed at 80252F34 (length = 8 bytes)
$ASCII_"pt83_88"_Literal will be placed at 80252F3C (length = 8 bytes)
$ASCII_"pt54_59"_Literal will be placed at 80252F44 (length = 8 bytes)
$ASCII_"pt64_69"_Literal will be placed at 80252F4C (length = 8 bytes)
$ASCII_"pt72_77"_Literal will be placed at 80252F54 (length = 8 bytes)
$ASCII_"pt14_19"_Literal will be placed at 80252F5C (length = 8 bytes)
$ASCII_"pt34_39"_Literal will be placed at 80252F64 (length = 8 bytes)
$ASCII_"pt22_27"_Literal will be placed at 80252F6C (length = 8 bytes)
$ASCII_"pt21_26"_Literal will be placed at 80252F74 (length = 8 bytes)
$ASCII_"pt73_78"_Literal will be placed at 80252F7C (length = 8 bytes)
$ASCII_"pt84_89"_Literal will be placed at 80252F84 (length = 8 bytes)
$ASCII_"pt92_97"_Literal will be placed at 80252F8C (length = 8 bytes)
$ASCII_"pt_75"_Literal will be placed at 80252F94 (length = 8 bytes)
$ASCII_"pt53_58"_Literal will be placed at 80252F9C (length = 8 bytes)
$ASCII_"pt41_46"_Literal will be placed at 80252FA4 (length = 8 bytes)
$ASCII_"pt61_66"_Literal will be placed at 80252FAC (length = 8 bytes)
$ASCII_"pt32_37"_Literal will be placed at 80252FB4 (length = 8 bytes)
$ASCII_"pt_15"_Literal will be placed at 80252FBC (length = 8 bytes)
$ASCII_"pt11_16"_Literal will be placed at 80252FC4 (length = 8 bytes)
$ASCII_"pt_00"_Literal will be placed at 80252FCC (length = 8 bytes)
$ASCII_"pt74_79"_Literal will be placed at 80252FD4 (length = 8 bytes)
$ASCII_"pt_25"_Literal will be placed at 80252FDC (length = 8 bytes)
$ASCII_"pt_35"_Literal will be placed at 80252FE4 (length = 8 bytes)
$ASCII_"pt71_76"_Literal will be placed at 80252FEC (length = 8 bytes)
$ASCII_"pt42_47"_Literal will be placed at 80252FF4 (length = 8 bytes)
$ASCII_"pt13_18"_Literal will be placed at 80252FFC (length = 8 bytes)
$ASCII_"pt_05"_Literal will be placed at 80253004 (length = 8 bytes)
$ASCII_"pt93_98"_Literal will be placed at 8025300C (length = 8 bytes)
$ConstDouble_802471E0 will be placed at 80253018 (length = 8 bytes)
$ASCII_"pt43_48"_Literal will be placed at 80253020 (length = 8 bytes)
$ASCII_"pt51_56"_Literal will be placed at 80253028 (length = 8 bytes)
$ASCII_"pt_55"_Literal will be placed at 80253030 (length = 8 bytes)
$ASCII_"pt2_7"_Literal will be placed at 80253038 (length = 8 bytes)
$ASCII_"pt12_17"_Literal will be placed at 80253040 (length = 8 bytes)
$ASCII_"pt3_8"_Literal will be placed at 80253048 (length = 8 bytes)
$ASCII_"pt_10"_Literal will be placed at 80253050 (length = 8 bytes)
$ASCII_"tik_tex"_Literal will be placed at 80253058 (length = 8 bytes)
$ASCII_"pt31_36"_Literal will be placed at 80253060 (length = 8 bytes)
$ASCII_"pt63_68"_Literal will be placed at 80253068 (length = 8 bytes)
$ASCII_"pt94_99"_Literal will be placed at 80253070 (length = 8 bytes)
$ASCII_"pt82_87"_Literal will be placed at 80253078 (length = 8 bytes)
$ASCII_"pt_45"_Literal will be placed at 80253080 (length = 8 bytes)
$ASCII_"pt24_29"_Literal will be placed at 80253088 (length = 8 bytes)
$MoverCancel will be placed at 80253014 (length = 4 bytes)
$BanditMoverCancel will be placed at 80253090 (length = 4 bytes)
$CloseDialogBubble will be placed at 80253094 (length = 4 bytes)
Executing patch: pt_95.mpat
Creating struct: $DeepestLevel
Creating struct: $TotalLevels_Sign
Creating struct: $TotalLevels_CurrentPlaythrough
Creating struct: $LoadHighscores
Creating struct: $FallingDownPipe
Creating struct: $Function_GetPos
Creating struct: $Function2
Creating struct: $SetSpawns
Creating struct: $Script_Set_Formation
Creating struct: $Function_OverwriteBattleID
Creating struct: $Script_SetMover
Creating struct: $Script_MapID_Converter
Creating struct: $Script_LoadOdds
Creating struct: $Script_LoadMoverType
Creating struct: $Script_SpawnMover
Creating struct: $Script_SetNPCPos
Creating struct: $Function_Load_MapID
Creating struct: $SwitchPath
Creating struct: $VectorList_SwitchPath
Creating struct: $GetPos
Creating struct: $DispawnPartner
Creating struct: $RespawnPartner
Creating struct: $LoadMap
Creating struct: $GetFloor
Creating struct: $LoadMapBandit
Creating struct: $GetFloorBandit
Creating struct: $SetSpawnsSpecial
Creating struct: $Script_SetMover_Special
Creating struct: $Script_SpawnMover_Special
Creating struct: $Script_Set_SpecialFormation
Creating struct: $Function_LoadCoinsInToVar1
Creating struct: $Script_SetSpawnPosition
Creating struct: $Script_Init_EnemyNPC
Creating struct: $Script_Init_Lakitu
Creating struct: $Script_TrackOutcome
Creating struct: $Script_LakituOutcome
Creating struct: $Script_FloorEnemy_Idle
Creating struct: $Script_Rogue_GiveTotalCoins
Creating struct: $Script_SetEnemyIdle
Creating struct: $Script_AddCoins
Creating struct: $NPC_Settings_Sack
Creating struct: $Script_Init_Bag
Creating struct: $Script_Init_Bag_HitBox
Creating struct: $Script_NPC_SackHit_Init
Creating struct: $Script_NPC_Sack_FX
Creating struct: $NPC_Sack_AnimationStart
Creating struct: $NPC_Sack_AnimationEnd
Creating struct: $Script_SackAnimation_SackAppears_100
Creating struct: $Script_SackAnimation_Start_GoToTheRight
Creating struct: $Script_SackAnimation_Start_GoToTheLeft
Creating struct: $Script_SackAnimation_End_Right
Creating struct: $Script_SackAnimation_End_Left
Creating struct: $Function_LoadMarioCoins
Creating struct: $Function_LoadCoinsLosted
Creating struct: $Function_SaveCoinsLosted
Creating struct: $Function_ResetCoinsLosted
Creating struct: $Function_LoadGainedCoins
Creating struct: $Function_RevivePlayer
Creating struct: $AISettings_MoneySack
Creating struct: $Script_NpcAI_MoneySack
Creating struct: $JumpTable_80242448
Creating struct: $Function_NpcAI_MoneySack
Creating struct: $Function_80240260
Creating struct: $Function_80240844
Creating struct: $Function_802409A8
Creating struct: $Script_TrackPlayer
Creating struct: $Script_PipeAnimation
Creating struct: $Function_SetAnimation
Creating struct: $Function_GetColliderPos
Creating struct: $Function_TrackInput
Creating struct: $GoToNextLevel
Creating struct: $GetFloorSign
Creating struct: $GetFloorSign_Rogue
Creating struct: $Function_GetTattle1
Creating struct: $Function_GetTattle2
Creating struct: $Script_ReadSign
Creating struct: $NpcSettings_Blank
Creating struct: $NpcGroup_Spring1
Creating struct: $NpcGroup_Spring2
Creating struct: $NpcGroup_Spring3
Creating struct: $NpcGroup_Spring4
Creating struct: $NpcGroup_Spring5
Creating struct: $NpcGroup_Spring6
Creating struct: $NpcGroup_Spring7
Creating struct: $NpcGroup_Spring8
Creating struct: $NpcGroup_Spring9
Creating struct: $NpcGroup_Spring10
Creating struct: $Header
Creating struct: $Script_Main2_Wait
Creating struct: $Script_Main2_Exec
Creating struct: $Script_TrackEvents
Creating struct: $Script_Cutscene_Event
Creating struct: $SkipCutscene_Event
Creating struct: $Script_ZoomIn_Camera_X
Creating struct: $Script_Cutscene_Ruby_Init
Creating struct: $Script_Cutscene_Ruby2
Creating struct: $NpcGroupList_RubyCS
Creating struct: $NpcGroup_RubyCS
Creating struct: $NpcSettings_Generic
Creating struct: $Script_null
Creating struct: $Script_SpawnNPCs
Creating struct: $Function_ResetEnemiesFlag
Creating struct: $EntryList
Creating struct: $Function_Init
Creating struct: $NpcGroup_Mover
Creating struct: $BlankSettings
Creating struct: $Script_Init_Mover
Creating struct: $Interact_Mover
Creating struct: $Script_MoverWarpAnimation
Creating struct: $SkipCutscene_MoverWarpAnimation
Creating struct: $NpcGroup_BanditMover
Creating struct: $Script_Init_BanditMover
Creating struct: $Script_Bandit_StartBattle
Creating struct: $Interact_BanditMover
Creating struct: $Script_Warning_Mario
Creating struct: $Script_NoThanks_Bandit
Creating struct: $Script_ZoomIn_Camera
Creating struct: $Script_ZoomIn_Camera_2
Creating struct: $Script_ZoomIn_Camera_3
Creating struct: $NpcGroup_MoneyBag
Creating struct: $Script_SetPipesPosition
Creating struct: $Script_DisableNumbers
Creating struct: $Script_SetFloorNumbers
Creating struct: $Script_CheckBanditStatus1
Creating struct: $Script_Cutscene_BanditStatus1
Creating struct: $Script_CheckBanditStatus2
Creating struct: $Script_TrackOutcome_Bandit
Creating struct: $Script_Cutscene_BanditDefeated
Creating struct: $SkipCutscene_BanditDefeated
Creating struct: $Script_AddCoins_Bandit
Creating struct: $Function_LoadPath
Creating struct: $Script_ClosePartnerDialog
Creating struct: $PipeSpawning
Creating struct: $EnablePipeCollider
Creating struct: $Script_MakeEntities
Creating struct: $CommingDownPipe
Creating struct: $Function_TimerCurrentFloor
Creating struct: $Script_MakeExits
Creating struct: $Script_Exit0
Creating struct: $Script_Main
Creating struct: $NpcGroups
Creating struct: $NpcGroup1
Creating struct: $NpcGroup7
Creating struct: $NpcGroup_Enemy1
Creating struct: $Script_Init_Chomp
Creating struct: $Script_ChompIdle
Creating struct: $Script_EnemyAI
Creating struct: $ConstDouble_80242EB0
Creating struct: $JumpTable_80242EF8
Creating struct: $NpcSettings_Enemy1
Creating struct: $AISettings_Enemy
Creating struct: $Function_80240F3C
Creating struct: $Function_80240E14
Creating struct: $Function_80240230
Creating struct: $Function_80240568
Creating struct: $Function_80240628
Creating struct: $Function_80240EA8
Creating struct: $Function_802408AC
Creating struct: $Function_80240BAC
Creating struct: $Script_DisableEnemyAI
Creating struct: $AISettings_DisableEnemy
Merged 1 regions to 1
$Script_SetFloorNumbers will be placed at 80240000 (length = 128C bytes)
$NpcGroup_RubyCS will be placed at 8024128C (length = 1170 bytes)
$LoadMap will be placed at 802423FC (length = C04 bytes)
$LoadMapBandit will be placed at 80243000 (length = B80 bytes)
$GoToNextLevel will be placed at 80243B80 (length = B10 bytes)
$Script_Cutscene_BanditDefeated will be placed at 80244690 (length = B08 bytes)
$Script_SetEnemyIdle will be placed at 80245198 (length = 674 bytes)
$Script_MapID_Converter will be placed at 8024580C (length = 60C bytes)
$Script_Warning_Mario will be placed at 80245E18 (length = 608 bytes)
$Function_80240260 will be placed at 80246420 (length = 5E4 bytes)
$Script_SetNPCPos will be placed at 80246A04 (length = 4D0 bytes)
$Script_Cutscene_Ruby_Init will be placed at 80246ED4 (length = 490 bytes)
$FallingDownPipe will be placed at 80247364 (length = 418 bytes)
$Script_TrackEvents will be placed at 8024777C (length = 410 bytes)
$NpcGroup_MoneyBag will be placed at 80247B8C (length = 3E0 bytes)
$Interact_BanditMover will be placed at 80247F6C (length = 3D8 bytes)
$Script_CheckBanditStatus2 will be placed at 80248344 (length = 3D8 bytes)
$SkipCutscene_BanditDefeated will be placed at 8024871C (length = 3D8 bytes)
$Interact_Mover will be placed at 80248AF4 (length = 3CC bytes)
$Script_Set_SpecialFormation will be placed at 80248EC0 (length = 3B4 bytes)
$Script_FloorEnemy_Idle will be placed at 80249274 (length = 388 bytes)
$Function_80240230 will be placed at 802495FC (length = 338 bytes)
$Script_TrackOutcome_Bandit will be placed at 80249934 (length = 330 bytes)
$Script_LakituOutcome will be placed at 80249C64 (length = 30C bytes)
$Function_802408AC will be placed at 80249F70 (length = 300 bytes)
$Script_Rogue_GiveTotalCoins will be placed at 8024A270 (length = 2FC bytes)
$Script_Set_Formation will be placed at 8024A56C (length = 2D4 bytes)
$PipeSpawning will be placed at 8024A840 (length = 2A0 bytes)
$Script_TrackOutcome will be placed at 8024AAE0 (length = 288 bytes)
$Script_Cutscene_Ruby2 will be placed at 8024AD68 (length = 258 bytes)
$Function_NpcAI_MoneySack will be placed at 8024AFC0 (length = 238 bytes)
$Script_SackAnimation_Start_GoToTheRight will be placed at 8024B1F8 (length = 230 bytes)
$Script_SetSpawnPosition will be placed at 8024B428 (length = 228 bytes)
$Script_Main2_Exec will be placed at 8024B650 (length = 228 bytes)
$Script_Cutscene_BanditStatus1 will be placed at 8024B878 (length = 21C bytes)
$Script_LoadMoverType will be placed at 8024BA94 (length = 214 bytes)
$Script_NoThanks_Bandit will be placed at 8024BCA8 (length = 210 bytes)
$Script_SackAnimation_Start_GoToTheLeft will be placed at 8024BEB8 (length = 1F8 bytes)
$NpcGroup_Spring10 will be placed at 8024C0B0 (length = 1F0 bytes)
$NpcGroup_Enemy1 will be placed at 8024C2A0 (length = 1F0 bytes)
$NpcGroup_Spring1 will be placed at 8024C490 (length = 1F0 bytes)
$NpcGroup_Spring2 will be placed at 8024C680 (length = 1F0 bytes)
$NpcGroup_Spring3 will be placed at 8024C870 (length = 1F0 bytes)
$NpcGroup_Spring4 will be placed at 8024CA60 (length = 1F0 bytes)
$NpcGroup_Spring5 will be placed at 8024CC50 (length = 1F0 bytes)
$NpcGroup_Spring6 will be placed at 8024CE40 (length = 1F0 bytes)
$NpcGroup_Spring7 will be placed at 8024D030 (length = 1F0 bytes)
$NpcGroup_Spring8 will be placed at 8024D220 (length = 1F0 bytes)
$NpcGroup_Spring9 will be placed at 8024D410 (length = 1F0 bytes)
$NpcGroup_Mover will be placed at 8024D600 (length = 1F0 bytes)
$NpcGroup_BanditMover will be placed at 8024D7F0 (length = 1F0 bytes)
$Function_80240F3C will be placed at 8024D9E0 (length = 1CC bytes)
$Script_PipeAnimation will be placed at 8024DBAC (length = 1C4 bytes)
$Function_80240628 will be placed at 8024DD70 (length = 1A4 bytes)
$Script_Cutscene_Event will be placed at 8024DF14 (length = 198 bytes)
$Script_NPC_SackHit_Init will be placed at 8024E0AC (length = 198 bytes)
$Script_ClosePartnerDialog will be placed at 8024E244 (length = 194 bytes)
$JumpTable_80242448 will be placed at 8024E3D8 (length = 190 bytes)
$SkipCutscene_Event will be placed at 8024E568 (length = 188 bytes)
$Script_SpawnNPCs will be placed at 8024E6F0 (length = 174 bytes)
$NPC_Sack_AnimationStart will be placed at 8024E864 (length = 168 bytes)
$Function_80240844 will be placed at 8024E9CC (length = 164 bytes)
$Script_SackAnimation_End_Right will be placed at 8024EB30 (length = 158 bytes)
$Script_SackAnimation_End_Left will be placed at 8024EC88 (length = 150 bytes)
$Script_TrackPlayer will be placed at 8024EDD8 (length = 144 bytes)
$Script_CheckBanditStatus1 will be placed at 8024EF1C (length = 13C bytes)
$MapTattle5 will be placed at 8024F058 (length = 13C bytes)
$MapTattle4 will be placed at 8024F194 (length = 130 bytes)
$BanditMover_Tattle will be placed at 8024F2C4 (length = 11C bytes)
$Function_LoadPath will be placed at 8024F3E0 (length = 114 bytes)
$Script_SackAnimation_SackAppears_100 will be placed at 8024F4F4 (length = 100 bytes)
$String_Partner_Event_1 will be placed at 8024F5F4 (length = FC bytes)
$Script_Main2_Wait will be placed at 8024F6F0 (length = F4 bytes)
$String_Warning2 will be placed at 8024F7E4 (length = F0 bytes)
$Script_SetMover_Special will be placed at 8024F8D4 (length = EC bytes)
$SetSpawnsSpecial will be placed at 8024F9C0 (length = E8 bytes)
$SetSpawns will be placed at 8024FAA8 (length = E8 bytes)
$String_Warning1 will be placed at 8024FB90 (length = E8 bytes)
$DeepestLevel will be placed at 8024FC78 (length = E4 bytes)
$Function_GetColliderPos will be placed at 8024FD5C (length = E0 bytes)
$Function_GetPos will be placed at 8024FE3C (length = E0 bytes)
$TotalLevels_Sign will be placed at 8024FF1C (length = DC bytes)
$Script_SpawnMover_Special will be placed at 8024FFF8 (length = DC bytes)
$GetFloor will be placed at 802500D4 (length = DC bytes)
$Script_DisableNumbers will be placed at 802501B0 (length = D8 bytes)
$MapTattle2 will be placed at 80250288 (length = D4 bytes)
$NPC_Sack_AnimationEnd will be placed at 8025035C (length = D4 bytes)
$Script_SetMover will be placed at 80250430 (length = D0 bytes)
$GetFloorBandit will be placed at 80250500 (length = D0 bytes)
$Script_AddCoins_Bandit will be placed at 802505D0 (length = C8 bytes)
$GetPos will be placed at 80250698 (length = C8 bytes)
$SkipCutscene_MoverWarpAnimation will be placed at 80250760 (length = C4 bytes)
$Function_Init will be placed at 80250824 (length = C4 bytes)
$MoverStart will be placed at 802508E8 (length = C0 bytes)
$Function_80240568 will be placed at 802509A8 (length = C0 bytes)
$String_Warning3 will be placed at 80250A68 (length = C0 bytes)
$Script_ZoomIn_Camera_3 will be placed at 80250B28 (length = BC bytes)
$Script_ZoomIn_Camera_2 will be placed at 80250BE4 (length = BC bytes)
$Script_ZoomIn_Camera will be placed at 80250CA0 (length = BC bytes)
$Function_TrackInput will be placed at 80250D5C (length = BC bytes)
$String_Bandit_Defeated4 will be placed at 80250E18 (length = B8 bytes)
$Script_MoverWarpAnimation will be placed at 80250ED0 (length = B8 bytes)
$Script_NpcAI_MoneySack will be placed at 80250F88 (length = B8 bytes)
$NpcGroups will be placed at 80251040 (length = B4 bytes)
$Script_SpawnMover will be placed at 802510F4 (length = B4 bytes)
$BanditMoverStart will be placed at 802511A8 (length = B4 bytes)
$MapTattle3 will be placed at 8025125C (length = B0 bytes)
$Script_LoadOdds will be placed at 8025130C (length = B0 bytes)
$Script_SetPipesPosition will be placed at 802513BC (length = B0 bytes)
$LoadHighscores will be placed at 8025146C (length = B0 bytes)
$MapTattle1 will be placed at 8025151C (length = A8 bytes)
$Script_AddCoins will be placed at 802515C4 (length = A8 bytes)
$SwitchPath will be placed at 8025166C (length = A4 bytes)
$Script_NPC_Sack_FX will be placed at 80251710 (length = A4 bytes)
$Tattle_Springkeeper will be placed at 802517B4 (length = A4 bytes)
$Script_ReadSign will be placed at 80251858 (length = A0 bytes)
$Script_ZoomIn_Camera_X will be placed at 802518F8 (length = A0 bytes)
$String_Bandit_Defeated9 will be placed at 80251998 (length = 9C bytes)
$Script_Bandit_StartBattle will be placed at 80251A34 (length = 9C bytes)
$Script_Main will be placed at 80251AD0 (length = 9C bytes)
$Function_80240E14 will be placed at 80251B6C (length = 94 bytes)
$Function_80240EA8 will be placed at 80251C00 (length = 94 bytes)
$Mover_Tattle will be placed at 80251C94 (length = 94 bytes)
$String_Bandit_Defeated3 will be placed at 80251D28 (length = 90 bytes)
$String_Bandit_Defeated8 will be placed at 80251DB8 (length = 8C bytes)
$BanditMover_Options2 will be placed at 80251E44 (length = 84 bytes)
$BanditMover_Options will be placed at 80251EC8 (length = 84 bytes)
$String_Okay will be placed at 80251F4C (length = 80 bytes)
$Function_TimerCurrentFloor will be placed at 80251FCC (length = 7C bytes)
$SignStringBug will be placed at 80252048 (length = 7C bytes)
$String_Rogue_CoinsGained_Success will be placed at 802520C4 (length = 78 bytes)
$Mover_Options will be placed at 8025213C (length = 78 bytes)
$Function2 will be placed at 802521B4 (length = 6C bytes)
$Function_SetAnimation will be placed at 80252220 (length = 6C bytes)
$String_Bandit_Defeated1 will be placed at 8025228C (length = 68 bytes)
$CommingDownPipe will be placed at 802522F4 (length = 68 bytes)
$MoverEnd will be placed at 8025235C (length = 68 bytes)
$BanditMoverEnd will be placed at 802523C4 (length = 68 bytes)
$String_Bandit_Defeated_Partner3 will be placed at 8025242C (length = 64 bytes)
$String_Bandit_Defeated_Partner2 will be placed at 80252490 (length = 64 bytes)
$Function_GetTattle1 will be placed at 802524F4 (length = 60 bytes)
$Function_OverwriteBattleID will be placed at 80252554 (length = 60 bytes)
$String_Bandit_Confrontation1 will be placed at 802525B4 (length = 5C bytes)
$BanditMoverNoCoins will be placed at 80252610 (length = 58 bytes)
$MoverNoCoins will be placed at 80252668 (length = 58 bytes)
$String_Bandit_Defeated7 will be placed at 802526C0 (length = 50 bytes)
$String_Bandit_Defeated_Partner4 will be placed at 80252710 (length = 50 bytes)
$EntryList will be placed at 80252760 (length = 50 bytes)
$String_NoThanks will be placed at 802527B0 (length = 50 bytes)
$Script_Init_BanditMover will be placed at 80252800 (length = 4C bytes)
$GetFloorSign will be placed at 8025284C (length = 48 bytes)
$Function_Load_MapID will be placed at 80252894 (length = 48 bytes)
$GetFloorSign_Rogue will be placed at 802528DC (length = 48 bytes)
$Script_MakeEntities will be placed at 80252924 (length = 44 bytes)
$Function_80240BAC will be placed at 80252968 (length = 44 bytes)
$Function_802409A8 will be placed at 802529AC (length = 44 bytes)
$Function_LoadCoinsInToVar1 will be placed at 802529F0 (length = 44 bytes)
$String_Bandit_Defeated_Partner1 will be placed at 80252A34 (length = 40 bytes)
$Header will be placed at 80252A74 (length = 40 bytes)
$Function_LoadCoinsLosted will be placed at 80252AB4 (length = 40 bytes)
$Function_LoadMarioCoins will be placed at 80252AF4 (length = 40 bytes)
$Function_LoadGainedCoins will be placed at 80252B34 (length = 40 bytes)
$Function_GetTattle2 will be placed at 80252B74 (length = 3C bytes)
$JumpTable_80242EF8 will be placed at 80252BB0 (length = 3C bytes)
$Script_Exit0 will be placed at 80252BEC (length = 3C bytes)
$Script_Init_Bag will be placed at 80252C28 (length = 38 bytes)
$Script_Init_Bag_HitBox will be placed at 80252C60 (length = 38 bytes)
$Script_Init_Chomp will be placed at 80252C98 (length = 38 bytes)
$String_Bandit_Confrotation_Bye will be placed at 80252CD0 (length = 34 bytes)
$DispawnPartner will be placed at 80252D04 (length = 34 bytes)
$Script_EnemyAI will be placed at 80252D38 (length = 34 bytes)
$String_Whatever will be placed at 80252D6C (length = 30 bytes)
$EnablePipeCollider will be placed at 80252D9C (length = 30 bytes)
$AISettings_MoneySack will be placed at 80252DCC (length = 30 bytes)
$String_Bandit_Defeated2 will be placed at 80252DFC (length = 30 bytes)
$AISettings_Enemy will be placed at 80252E2C (length = 30 bytes)
$RespawnPartner will be placed at 80252E5C (length = 30 bytes)
$AISettings_DisableEnemy will be placed at 80252E8C (length = 30 bytes)
$NPC_Settings_Sack will be placed at 80252EBC (length = 2C bytes)
$NpcSettings_Generic will be placed at 80252EE8 (length = 2C bytes)
$NpcSettings_Enemy1 will be placed at 80252F14 (length = 2C bytes)
$Function_RevivePlayer will be placed at 80252F40 (length = 2C bytes)
$NpcSettings_Blank will be placed at 80252F6C (length = 2C bytes)
$BlankSettings will be placed at 80252F98 (length = 2C bytes)
$Script_MakeExits will be placed at 80252FC4 (length = 2C bytes)
$Function_ResetEnemiesFlag will be placed at 80252FF0 (length = 2C bytes)
$String_List_NoYes will be placed at 8025301C (length = 28 bytes)
$Function_SaveCoinsLosted will be placed at 80253044 (length = 28 bytes)
$String_List_YesNo will be placed at 8025306C (length = 28 bytes)
$Script_Init_EnemyNPC will be placed at 80253094 (length = 24 bytes)
$VectorList_SwitchPath will be placed at 802530B8 (length = 24 bytes)
$Script_ChompIdle will be placed at 802530DC (length = 24 bytes)
$Script_Init_Lakitu will be placed at 80253100 (length = 24 bytes)
$Script_Init_Mover will be placed at 80253124 (length = 24 bytes)
$String_CoinsGained will be placed at 80253148 (length = 24 bytes)
$String_Bandit_Defeated10 will be placed at 8025316C (length = 24 bytes)
$String_Bandit_Defeated6 will be placed at 80253190 (length = 20 bytes)
$String_Bandit_Defeated5 will be placed at 802531B0 (length = 20 bytes)
$Script_DisableEnemyAI will be placed at 802531D0 (length = 20 bytes)
$TotalLevels_CurrentPlaythrough will be placed at 802531F0 (length = 1C bytes)
$NpcGroupList_RubyCS will be placed at 8025320C (length = 18 bytes)
$SignString will be placed at 80253224 (length = 18 bytes)
$String_Psst will be placed at 8025323C (length = 10 bytes)
$Script_null will be placed at 8025324C (length = 10 bytes)
$ASCII_"pt81_86_shape"_Literal will be placed at 8025325C (length = 10 bytes)
$Function_ResetCoinsLosted will be placed at 8025326C (length = 10 bytes)
$ASCII_"pt51_56_shape"_Literal will be placed at 8025327C (length = 10 bytes)
$ASCII_"pt1_6_hit"_Literal will be placed at 8025328C (length = C bytes)
$NpcGroup7 will be placed at 80253298 (length = C bytes)
$NpcGroup1 will be placed at 802532A4 (length = C bytes)
$ASCII_"pt_100"_Literal will be placed at 802532B0 (length = C bytes)
$ASCII_"dmo_00"_Literal will be placed at 802532BC (length = C bytes)
$ASCII_"pt1_6_shape"_Literal will be placed at 802532C8 (length = C bytes)
$ASCII_"pt_85"_Literal will be placed at 802532D4 (length = 8 bytes)
$ASCII_"pt91_96"_Literal will be placed at 802532DC (length = 8 bytes)
$ASCII_"pt62_67"_Literal will be placed at 802532E4 (length = 8 bytes)
$ASCII_"pt33_38"_Literal will be placed at 802532EC (length = 8 bytes)
$ASCII_"pt1_6"_Literal will be placed at 802532F4 (length = 8 bytes)
$ASCII_"pt_95"_Literal will be placed at 802532FC (length = 8 bytes)
$ASCII_"pt4_9"_Literal will be placed at 80253304 (length = 8 bytes)
$ASCII_"pt_65"_Literal will be placed at 8025330C (length = 8 bytes)
$ASCII_"pt44_49"_Literal will be placed at 80253314 (length = 8 bytes)
$ASCII_"pt81_86"_Literal will be placed at 8025331C (length = 8 bytes)
$ASCII_"pt_80"_Literal will be placed at 80253324 (length = 8 bytes)
$ASCII_"pt52_57"_Literal will be placed at 8025332C (length = 8 bytes)
$ASCII_"pt23_28"_Literal will be placed at 80253334 (length = 8 bytes)
$ASCII_"pt_50"_Literal will be placed at 8025333C (length = 8 bytes)
$ASCII_"pt83_88"_Literal will be placed at 80253344 (length = 8 bytes)
$ASCII_"pt54_59"_Literal will be placed at 8025334C (length = 8 bytes)
$ASCII_"pt64_69"_Literal will be placed at 80253354 (length = 8 bytes)
$ASCII_"pt72_77"_Literal will be placed at 8025335C (length = 8 bytes)
$ASCII_"pt14_19"_Literal will be placed at 80253364 (length = 8 bytes)
$ASCII_"pt34_39"_Literal will be placed at 8025336C (length = 8 bytes)
$ASCII_"pt22_27"_Literal will be placed at 80253374 (length = 8 bytes)
$ConstDouble_80242EB0 will be placed at 80253380 (length = 8 bytes)
$ASCII_"pt21_26"_Literal will be placed at 80253388 (length = 8 bytes)
$ASCII_"pt73_78"_Literal will be placed at 80253390 (length = 8 bytes)
$ASCII_"pt84_89"_Literal will be placed at 80253398 (length = 8 bytes)
$ASCII_"pt92_97"_Literal will be placed at 802533A0 (length = 8 bytes)
$ASCII_"pt_75"_Literal will be placed at 802533A8 (length = 8 bytes)
$ASCII_"pt53_58"_Literal will be placed at 802533B0 (length = 8 bytes)
$ASCII_"pt41_46"_Literal will be placed at 802533B8 (length = 8 bytes)
$ASCII_"pt61_66"_Literal will be placed at 802533C0 (length = 8 bytes)
$ASCII_"pt32_37"_Literal will be placed at 802533C8 (length = 8 bytes)
$ASCII_"pt_15"_Literal will be placed at 802533D0 (length = 8 bytes)
$ASCII_"pt11_16"_Literal will be placed at 802533D8 (length = 8 bytes)
$ASCII_"pt_00"_Literal will be placed at 802533E0 (length = 8 bytes)
$ASCII_"pt74_79"_Literal will be placed at 802533E8 (length = 8 bytes)
$ASCII_"pt_25"_Literal will be placed at 802533F0 (length = 8 bytes)
$ASCII_"pt_35"_Literal will be placed at 802533F8 (length = 8 bytes)
$ASCII_"pt71_76"_Literal will be placed at 80253400 (length = 8 bytes)
$ASCII_"pt42_47"_Literal will be placed at 80253408 (length = 8 bytes)
$ASCII_"pt13_18"_Literal will be placed at 80253410 (length = 8 bytes)
$ASCII_"pt_05"_Literal will be placed at 80253418 (length = 8 bytes)
$ASCII_"pt93_98"_Literal will be placed at 80253420 (length = 8 bytes)
$ASCII_"pt43_48"_Literal will be placed at 80253428 (length = 8 bytes)
$ASCII_"pt51_56"_Literal will be placed at 80253430 (length = 8 bytes)
$ASCII_"pt_55"_Literal will be placed at 80253438 (length = 8 bytes)
$ASCII_"pt2_7"_Literal will be placed at 80253440 (length = 8 bytes)
$ASCII_"pt12_17"_Literal will be placed at 80253448 (length = 8 bytes)
$ASCII_"pt3_8"_Literal will be placed at 80253450 (length = 8 bytes)
$ASCII_"pt_10"_Literal will be placed at 80253458 (length = 8 bytes)
$ASCII_"tik_tex"_Literal will be placed at 80253460 (length = 8 bytes)
$ASCII_"pt31_36"_Literal will be placed at 80253468 (length = 8 bytes)
$ASCII_"pt63_68"_Literal will be placed at 80253470 (length = 8 bytes)
$ASCII_"pt94_99"_Literal will be placed at 80253478 (length = 8 bytes)
$ASCII_"pt82_87"_Literal will be placed at 80253480 (length = 8 bytes)
$ASCII_"pt_45"_Literal will be placed at 80253488 (length = 8 bytes)
$ASCII_"pt24_29"_Literal will be placed at 80253490 (length = 8 bytes)
$MoverCancel will be placed at 8025337C (length = 4 bytes)
$BanditMoverCancel will be placed at 80253498 (length = 4 bytes)
$CloseDialogBubble will be placed at 8025349C (length = 4 bytes)
Patching tables...
Patching world map...
Writing direct ROM patches...
Boot code written from 0x02854340 to 0x028546AC
Writing hook for DBA88 to 804546B0
Writing hook for DBC20 to 804546F0
Writing hook for DBC38 to 80454730
Writing hook for DBAE0 to 80454770
Writing hook for DBB50 to 80454810
Writing hook for DBBBC to 804548A0
Writing hook for 6554 to 80454930
Writing hook for 66D0 to 80454AB0
Writing hook for 6774 to 80454B70
Writing hook for EC700 to 80454C40
Writing hook for ECDAC to 80454C80
Writing hook for ECFCC to 80454CC0
Writing hook for ED204 to 80454D00
Writing hook for 83BFC to 80454D40
Writing hook for 83BD8 to 80454F10
Writing hook for 422C to 804551D0
Writing hook for 13BBFC to 80455310
Writing hook for 13BCD8 to 80455390
Writing hook for 13BDB4 to 80455420
Writing hook for 1419C8 to 80455480
Writing hook for 13B704 to 80455540
Writing hook for 142190 to 804557A0
Writing hook for 13B7C4 to 80455830
Writing hook for 16FF50 to 80455850
Writing hook for 416B4C to 804558E0
Writing hook for 41648C to 80455BB0
Writing hook for 415F28 to 80455D10
Writing hook for 41723C to 80455DA0
Writing hook for 7A34 to 804561B0
Writing hook for 13C4D4 to 80456230
Writing hook for 193DE8 to 804562D0
Writing hook for 1AB628 to 804563B0
Writing hook for 1AB2A8 to 804564E0
Writing hook for 194724 to 80456560
Writing hook for 41AE88 to 80456640
Writing hook for 41B0C0 to 80456730
Writing hook for 41B098 to 80456750
Writing hook for 191E94 to 804567A0
Writing hook for 41BA3C to 804567C0
Writing hook for 187174 to 80456810
Writing hook for 1870E0 to 80456880
Writing hook for 41B1B8 to 804568F0
Writing hook for 80338 to 80456900
Writing hook for 42CD34 to 80456930
Writing hook for F4F8 to 80456950
Writing hook for 16EA88 to 80456980
Writing hook for 173EAC to 80456A90
Writing hook for 18FB20 to 80456B80
Writing hook for 18FAF8 to 80456C40
Writing hook for 18FB3C to 80456D80
Writing hook for 325554 to 80456EC0
Writing hook for 73369C to 80456F10
Writing hook for 1417E8 to 80456F70
Writing hook for 141490 to 80456F80
Writing hook for DE070 to 80456FC0
Writing hook for DE04C to 80456FF0
Writing hook for 1410BC to 80457010
Writing hook for 141F40 to 80457030
Writing hook for FE94 to 80457060
Writing hook for 13778C to 804570A0
Writing hook for 136884 to 804577B0
Writing hook for 82758 to 80457810
Writing hook for 83BF4 to 804578B0
Writing hook for 192360 to 80457A00
Writing hook for E28000 to 80457AD0
Writing hook for DDF0C to 80457B50
Writing hook for 1007B4 to 80457B90
Writing hook for 188938 to 80457EC0
Writing hook for 108A84 to 80457EF0
Writing hook for A5F70 to 80457F90
Writing hook for 419304 to 80458000
Writing hook for 8BF30 to 80458120
Writing hook for 18B2B4 to 804581D0
Writing hook for 18B320 to 80458240
Writing hook for 18B3A0 to 804582B0
Writing hook for 18B404 to 80458320
Writing hook for CE488 to 80458390
Writing hook for 23CDC to 804583C0
Writing hook for 106848 to 804583E0
Writing hook for 81B60 to 80458400
Writing hook for 8E810 to 80458510
Writing hook for 81D38 to 804585A0
Writing hook for 81134 to 80458610
Writing hook for 16CC6C to 804586D0
Writing hook for 81E30 to 80458790
Writing hook for 83DF0 to 80458930
Writing hook for CC12C to 804589A0
Writing hook for CB934 to 80458B70
Writing hook for 16FCEC to 80458C30
Writing hook for 41D35C to 80458C90
Writing hook for CCEF4 to 80458D20
Writing hook for 16EEB8 to 80458D70
Writing hook for 18CD30 to 80458DA0
Writing hook for 80AE0 to 80458E40
Writing hook for 80A4C to 80458E90
Writing hook for 80B8C to 80458F00
Writing hook for FB500 to 80458F60
Writing hook for 80B48 to 80458FE0
Writing hook for 41BE38 to 80459070
Writing hook for 418DB8 to 80459160
Writing hook for 191C30 to 804591E0
Writing hook for 41BC0C to 80459280
Writing hook for 41C4BC to 804592B0
Writing hook for 80B94 to 804592E0
Writing hook for CC040 to 80459320
Writing hook for 80118 to 80459390
Writing hook for CC7B0 to 80459440
Writing hook for 80AB8 to 80459480
Writing hook for 13D854 to 804594C0
Writing hook for 13A3B4 to 80459520
Writing hook for 12454 to 80459560
Writing hook for 8E8B4 to 80459630
Writing hook for 18CBA4 to 80459780
Writing hook for 1A0CD4 to 804597F0
Writing hook for 1A7054 to 80459900
Writing hook for 180394 to 80459960
Writing hook for 1AD468 to 80459A80
Writing hook for 1A6444 to 80459BA0
Writing hook for 1A1B54 to 80459BF0
Writing hook for FB70C to 80459C40
Writing hook for 1B78 to 80459C90
Writing hook for 1AF27C to 80459E10
Writing hook for 175500 to 80459E90
Writing hook for 182724 to 80459F10
Writing hook for 1826B0 to 80459FA0
Writing hook for 170EC0 to 8045A030
Version information will be stored at 0x8045A060
Writing strings...
Writing string section 00 to 1B830C0 (99 strings)
Writing string section 01 to 1B83250 (111 strings)
Writing string section 02 to 1B83410 (288 strings)
Writing string section 03 to 1B83894 (234 strings)
Writing string section 04 to 1B83C40 (148 strings)
Writing string section 05 to 1B83E94 (103 strings)
Writing string section 06 to 1B84034 (212 strings)
Writing string section 07 to 1B84388 (198 strings)
Writing string section 08 to 1B846A4 (73 strings)
Writing string section 09 to 1B847CC (20 strings)
Writing string section 0A to 1B84820 (113 strings)
Writing string section 0B to 1B849E8 (265 strings)
Writing string section 0C to 1B84E10 (311 strings)
Writing string section 0D to 1B852F0 (245 strings)
Writing string section 0E to 1B856C8 (260 strings)
Writing string section 0F to 1B85ADC (118 strings)
Writing string section 10 to 1B85CB8 (280 strings)
Writing string section 11 to 1B8611C (223 strings)
Writing string section 12 to 1B8649C (368 strings)
Writing string section 13 to 1B86A60 (178 strings)
Writing string section 14 to 1B86D2C (409 strings)
Writing string section 15 to 1B87394 (61 strings)
Writing string section 16 to 1B8748C (36 strings)
Writing string section 17 to 1B87520 (26 strings)
Writing string section 18 to 1B8758C (26 strings)
Writing string section 19 to 1B875F8 (393 strings)
Writing string section 1A to 1B87C20 (290 strings)
Writing string section 1B to 1B880AC (38 strings)
Writing string section 1C to 1B88148 (150 strings)
Writing string section 1D to 1B883A4 (428 strings)
Writing string section 1E to 1B88A58 (80 strings)
Writing string section 1F to 1B88B9C (53 strings)
Writing string section 20 to 1B88C74 (93 strings)
Writing string section 21 to 1B88DEC (79 strings)
Writing string section 22 to 1B88F2C (158 strings)
Writing string section 23 to 1B891A8 (268 strings)
Writing string section 24 to 1B895DC (268 strings)
Writing string section 25 to 1B89A10 (268 strings)
Writing string section 26 to 1B89E44 (269 strings)
Writing string section 27 to 1B8A27C (211 strings)
Writing string section 28 to 1B8A5CC (104 strings)
Writing string section 29 to 1B8A770 (131 strings)
Writing string section 2A to 1B8A980 (27 strings)
Writing string section 2B to 1B8A9F0 (32 strings)
Writing string section 2C to 1B8AA74 (64 strings)
Writing string section 2D to 1B8AB78 (64 strings)
Writing string section 2E to 1B8AC7C (136 strings)
Writing string section 2F to 1B8AEA0 (229 strings)
Writing config tables...
Wrote battle section table to 0x285A0E0
Wrote move script table to 0x1C2760
Wrote partner script table.
Wrote star powers script table.
In-game RAM usage: 5ADF0 bytes (35.50% of available)
Boot process hooked.
Writing theater/floor to ROM.
Writing theater/curtain to ROM.
Writing theater/wall to ROM.
Writing world_map to ROM.
Writing spirits_bg to ROM.
Writing peach_letter to ROM.
Writing text_action_rating to ROM.
Writing text_chapter to ROM.
Writing text_star_point to ROM.
Writing text_star_points to ROM.
Writing map to ROM.
Writing 1FDB30 to ROM.
Writing logo-N64 to ROM.
Writing logo-IS to ROM.
Writing logo-nintendo to ROM.
Writing intro_tape to ROM.
Writing intro_silhouette to ROM.
Writing 10A9F0 to ROM.
Writing 10AA70 to ROM.
Writing 10AB70 to ROM.
Writing 10AD70 to ROM.
Writing ui/message/10CEB0 to ROM.
Writing ui/message/10D2B0 to ROM.
Writing ui/message/10D3B0 to ROM.
Writing ui/message/10D7B0 to ROM.
Writing ui/message/10D830 to ROM.
Writing ui/message/10D850 to ROM.
Writing ui/message/10D870 to ROM.
Writing ui/message/10D890 to ROM.
Writing ui/message/10D8B0 to ROM.
Writing ui/message/10D8D0 to ROM.
Writing ui/message/10D8F0 to ROM.
Writing ui/message/10D910 to ROM.
Writing ui/message/10D930 to ROM.
Writing ui/message/10D950 to ROM.
Writing ui/message/10D970 to ROM.
Writing ui/message/10D990 to ROM.
Writing ui/message/10D9B0 to ROM.
Writing ui/message/10D9D0 to ROM.
Writing ui/message/10D9F0 to ROM.
Writing ui/message/10DA10 to ROM.
Writing ui/message/10DA30 to ROM.
Writing ui/message/10DA50 to ROM.
Writing ui/message/10DA70 to ROM.
Writing ui/message/10DA90 to ROM.
Writing ui/message/10DAB0 to ROM.
Writing ui/message/10DAD0 to ROM.
Writing ui/message/10DAF0 to ROM.
Writing ui/message/10DB10 to ROM.
Writing ui/message/10DB30 to ROM.
Writing ui/message/10DB50 to ROM.
Writing ui/message/10DB70 to ROM.
Writing ui/message/10DB90 to ROM.
Writing ui/message/10DBB0 to ROM.
Writing ui/message/10DBD0 to ROM.
Writing ui/message/10DBF0 to ROM.
Writing ui/message/10DC10 to ROM.
Writing ui/message/10DE30 to ROM.
Writing ui/message/10DEB0 to ROM.
Writing ui/message/10DF30 to ROM.
Writing ui/message/10DFB0 to ROM.
Writing ui/message/10E030 to ROM.
Writing ui/message/10E0B0 to ROM.
Writing ui/message/10E130 to ROM.
Writing ui/message/10E1B0 to ROM.
Writing ui/message/10E2F0 to ROM.
Writing ui/message/10E430 to ROM.
Writing ui/message/10E530 to ROM.
Writing ui/message/10E590 to ROM.
Writing ui/message/10ED90 to ROM.
Writing ui/message/10EED0 to ROM.
Writing ui/message/10F110 to ROM.
Writing ui/919B0_91D70 to ROM.
Writing ui/91D90_92150 to ROM.
Writing ui/92170_92370 to ROM.
Writing ui/92390_92610 to ROM.
Writing ui/92630_92830 to ROM.
Writing ui/92850_92AD0 to ROM.
Writing ui/92AF0_92CF0 to ROM.
Writing ui/92D10_92F10 to ROM.
Writing ui/92F30_93130 to ROM.
Writing ui/93150_93390 to ROM.
Writing ui/933B0_93470 to ROM.
Writing ui/93490_93850 to ROM.
Writing ui/93870_93C30 to ROM.
Writing ui/93C50_93CB0 to ROM.
Writing ui/93CD0_93ED0 to ROM.
Writing ui/93CD0_93EF0 to ROM.
Writing ui/93F10_94110 to ROM.
Writing ui/93F10_94130 to ROM.
Writing ui/94150_94350 to ROM.
Writing ui/94150_94370 to ROM.
Writing ui/94390_94590 to ROM.
Writing ui/94390_945B0 to ROM.
Writing ui/945D0_947D0 to ROM.
Writing ui/945D0_947F0 to ROM.
Writing ui/94810_94A10 to ROM.
Writing ui/94810_94A30 to ROM.
Writing ui/94A50_94C50 to ROM.
Writing ui/94A50_94C70 to ROM.
Writing ui/94C90_94E90 to ROM.
Writing ui/94C90_94EB0 to ROM.
Writing ui/94ED0_94F50 to ROM.
Writing ui/94F70_94FF0 to ROM.
Writing ui/95010_95090 to ROM.
Writing ui/950B0_950D0 to ROM.
Writing ui/950F0_95110 to ROM.
Writing ui/95130_95150 to ROM.
Writing ui/95170_95190 to ROM.
Writing ui/951B0_951D0 to ROM.
Writing ui/951F0_95210 to ROM.
Writing ui/95230_95250 to ROM.
Writing ui/95270_95290 to ROM.
Writing ui/952B0_952D0 to ROM.
Writing ui/bubble to ROM.
Writing ui/95530_955B0 to ROM.
Writing ui/955D0_95650 to ROM.
Writing ui/95670_956F0 to ROM.
Writing ui/95710_95730 to ROM.
Writing ui/95750_95790 to ROM.
Writing ui/95750_957B0 to ROM.
Writing ui/95750_957D0 to ROM.
Writing ui/95750_957F0 to ROM.
Writing ui/95810_95850 to ROM.
Writing ui/95810_95870 to ROM.
Writing ui/95810_95890 to ROM.
Writing ui/95810_958B0 to ROM.
Writing ui/958D0_95910 to ROM.
Writing ui/95930_95970 to ROM.
Writing ui/95990_95C30 to ROM.
Writing ui/95C50_95CD0 to ROM.
Writing ui/95CF0_95D70 to ROM.
Writing ui/95D90_95E10 to ROM.
Writing ui/95E30_95FF0 to ROM.
Writing ui/96010_961D0 to ROM.
Writing ui/961F0_96390 to ROM.
Writing ui/963B0_965B0 to ROM.
Writing ui/963B0_965D0 to ROM.
Writing ui/965F0_967F0 to ROM.
Writing ui/965F0_96810 to ROM.
Writing ui/96830_96A30 to ROM.
Writing ui/96830_96A50 to ROM.
Writing ui/96A70_96C70 to ROM.
Writing ui/96A70_96C90 to ROM.
Writing ui/96CB0_96EB0 to ROM.
Writing ui/96CB0_96ED0 to ROM.
Writing ui/96EF0_970F0 to ROM.
Writing ui/96EF0_97110 to ROM.
Writing ui/97130_97330 to ROM.
Writing ui/97130_97350 to ROM.
Writing ui/97370_97570 to ROM.
Writing ui/97370_97590 to ROM.
Writing ui/975B0_977B0 to ROM.
Writing ui/975B0_977D0 to ROM.
Writing ui/977F0_97870 to ROM.
Writing ui/97890_97A90 to ROM.
Writing ui/97890_97AB0 to ROM.
Writing ui/97AD0_97CD0 to ROM.
Writing ui/97AD0_97CF0 to ROM.
Writing ui/97D10_97F10 to ROM.
Writing ui/97D10_97F30 to ROM.
Writing ui/97F50_98150 to ROM.
Writing ui/97F50_98170 to ROM.
Writing ui/98190_98390 to ROM.
Writing ui/98190_983B0 to ROM.
Writing ui/983D0_985D0 to ROM.
Writing ui/983D0_985F0 to ROM.
Writing ui/98610_98810 to ROM.
Writing ui/98610_98830 to ROM.
Writing ui/98850_98A50 to ROM.
Writing ui/98850_98A70 to ROM.
Writing ui/98A90_98C90 to ROM.
Writing ui/98A90_98CB0 to ROM.
Writing ui/98CD0_98ED0 to ROM.
Writing ui/98CD0_98EF0 to ROM.
Writing ui/98F10_99110 to ROM.
Writing ui/98F10_99130 to ROM.
Writing ui/99150_99350 to ROM.
Writing ui/99150_99370 to ROM.
Writing ui/99390_993B0 to ROM.
Writing ui/993D0_99410 to ROM.
Writing ui/99430_994B0 to ROM.
Writing ui/994D0_99550 to ROM.
Writing ui/99570_995F0 to ROM.
Writing ui/99610_99690 to ROM.
Writing ui/996B0_99730 to ROM.
Writing ui/99750_997D0 to ROM.
Writing ui/997F0_99870 to ROM.
Writing ui/99890_99910 to ROM.
Writing ui/99930_999B0 to ROM.
Writing ui/999D0_99A50 to ROM.
Writing ui/99A70_99AF0 to ROM.
Writing ui/99B10_99B90 to ROM.
Writing ui/99BB0_99BD0 to ROM.
Writing ui/99BF0_99C10 to ROM.
Writing ui/99C30_99C50 to ROM.
Writing ui/99C70_99C90 to ROM.
Writing ui/99CB0_99CD0 to ROM.
Writing ui/99CF0_99D10 to ROM.
Writing ui/99D30_99D50 to ROM.
Writing ui/99D70_99D90 to ROM.
Writing ui/99DB0_99DD0 to ROM.
Writing ui/99DF0_99E10 to ROM.
Writing ui/99E30_99E50 to ROM.
Writing ui/99E70_99E90 to ROM.
Writing ui/99EB0_99ED0 to ROM.
Writing ui/99EF0_99F10 to ROM.
Writing ui/99F30_99F50 to ROM.
Writing ui/99F70_99F90 to ROM.
Writing ui/99FB0_9A030 to ROM.
Writing ui/9A050_9A0D0 to ROM.
Writing ui/9A0F0_9A170 to ROM.
Writing ui/9A190_9A210 to ROM.
Writing ui/9A230_9A2B0 to ROM.
Writing ui/9A2D0_9A350 to ROM.
Writing ui/9A370_9A3F0 to ROM.
Writing ui/9A410_9A490 to ROM.
Writing ui/9A4B0_9A530 to ROM.
Writing ui/9A550_9A5D0 to ROM.
Writing ui/9A5F0_9A670 to ROM.
Writing ui/9A690_9A710 to ROM.
Writing ui/9A730_9A7B0 to ROM.
Writing ui/9A7D0_9A850 to ROM.
Writing ui/9A870_9A8F0 to ROM.
Writing ui/9A910_9A990 to ROM.
Writing ui/9A9B0_9AA30 to ROM.
Writing ui/9AA50_9AAD0 to ROM.
Writing ui/9AAF0_9AB70 to ROM.
Writing ui/9AB90_9AC10 to ROM.
Writing ui/status_bonus_jump to ROM.
Writing ui/status_bonus_smash to ROM.
Writing ui/status_bonus_goombario to ROM.
Writing ui/status_bonus_general to ROM.
Writing ui/status_sleep_1 to ROM.
Writing ui/status_sleep_2 to ROM.
Writing ui/status_sleep_3 to ROM.
Writing ui/status_static_1 to ROM.
Writing ui/status_static_2 to ROM.
Writing ui/status_static_3 to ROM.
Writing ui/status_static_4 to ROM.
Writing ui/status_static_5 to ROM.
Writing ui/status_static_6 to ROM.
Writing ui/status_static_7 to ROM.
Writing ui/status_static_8 to ROM.
Writing ui/status_dizzy_1 to ROM.
Writing ui/status_dizzy_2 to ROM.
Writing ui/status_dizzy_3 to ROM.
Writing ui/status_dizzy_4 to ROM.
Writing ui/status_poison_1 to ROM.
Writing ui/status_poison_2 to ROM.
Writing ui/status_frozen_1 to ROM.
Writing ui/status_frozen_2 to ROM.
Writing ui/status_frozen_3 to ROM.
Writing ui/status_frozen_4 to ROM.
Writing ui/status_stop_1 to ROM.
Writing ui/status_stop_2 to ROM.
Writing ui/status_stop_3 to ROM.
Writing ui/status_stop_4 to ROM.
Writing ui/status_pdown_1 to ROM.
Writing ui/status_pdown_2 to ROM.
Writing ui/status_shrink_1 to ROM.
Writing ui/status_shrink_2 to ROM.
Writing ui/status_shrink_3 to ROM.
Writing ui/status_shrink_4 to ROM.
Writing ui/status_trans_1 to ROM.
Writing ui/status_trans_2 to ROM.
Writing ui/status_trans_3 to ROM.
Writing ui/status_trans_4 to ROM.
Writing ui/status_trans_5 to ROM.
Writing ui/status_trans_6 to ROM.
Writing ui/status_hp_peril to ROM.
Writing ui/status_hp_danger to ROM.
Writing ui/emote_refund to ROM.
Writing ui/emote_happy to ROM.
Writing ui/emote_hpdrain to ROM.
Writing ui/move_basic to ROM.
Writing ui/move_basic_disabled to ROM.
Writing ui/move_parter_1 to ROM.
Writing ui/move_parter_1_disabled to ROM.
Writing ui/move_parter_2 to ROM.
Writing ui/move_parter_2_disabled to ROM.
Writing ui/move_parter_3 to ROM.
Writing ui/move_parter_3_disabled to ROM.
Writing ui/stat_heart to ROM.
Writing ui/stat_flower to ROM.
Writing ui/box/A2960 to ROM.
Writing ui/box/A2E90 to ROM.
Writing ui/box/A2F90 to ROM.
Writing ui/box/A3090 to ROM.
Writing ui/box/A3190 to ROM.
Writing ui/box/A3290 to ROM.
Writing ui/box/A34D0 to ROM.
Writing ui/box/A3710 to ROM.
Writing ui/box/A3950 to ROM.
Writing ui/box/A3B90 to ROM.
Writing ui/box/A3C10 to ROM.
Writing ui/box/A3C90 to ROM.
Writing ui/box/A3D10 to ROM.
Writing ui/box/A3E10 to ROM.
Writing ui/box/A3E90 to ROM.
Writing ui/box/A3F10 to ROM.
Writing ui/box/A3F90 to ROM.
Writing ui/box/A4010 to ROM.
Writing ui/box/A4210 to ROM.
Writing ui/box/A4410 to ROM.
Writing ui/box/A4510 to ROM.
Writing ui/box/A4610 to ROM.
Writing ui/box/A4690 to ROM.
Writing ui/box/A4710 to ROM.
Writing ui/box/A4790 to ROM.
Writing ui/box/A4810 to ROM.
Writing ui/box/A4850 to ROM.
Writing ui/box/A4890 to ROM.
Writing ui/box/A48D0 to ROM.
Writing ui/box/A4910 to ROM.
Writing ui/box/A4950 to ROM.
Writing ui/box/A4990 to ROM.
Writing ui/box/A4A90 to ROM.
Writing ui/box/A4B90 to ROM.
Writing ui/box/A4C90 to ROM.
Writing ui/box/A4D90 to ROM.
Writing ui/box/A4E10 to ROM.
Writing ui/box/A4E90 to ROM.
Writing ui/box/A4F10 to ROM.
Building backgrounds...
Writing map assets...
Writing resource: kmr_20_shape
Writing resource: kmr_20_hit
Writing resource: kmr_bt03_shape
Writing resource: kmr_bt03_hit
Writing resource: kmr_bt04_shape
Writing resource: kmr_bt04_hit
Writing resource: kmr_bt05_shape
Writing resource: kmr_bt05_hit
Writing resource: kmr_bt06_shape
Writing resource: kmr_bt06_hit
Writing resource: mac_bt01_shape
Writing resource: mac_bt01_hit
Writing resource: mac_bt02_shape
Writing resource: mac_bt02_hit
Writing resource: tik_bt01_shape
Writing resource: tik_bt01_hit
Writing resource: tik_bt02_shape
Writing resource: tik_bt02_hit
Writing resource: tik_bt03_shape
Writing resource: tik_bt03_hit
Writing resource: tik_bt04_shape
Writing resource: tik_bt04_hit
Writing resource: tik_bt05_shape
Writing resource: tik_bt05_hit
Writing resource: kgr_bt01_shape
Writing resource: kgr_bt01_hit
Writing resource: kkj_bt01_shape
Writing resource: kkj_bt01_hit
Writing resource: kkj_bt02_shape
Writing resource: kkj_bt02_hit
Writing resource: hos_bt01_shape
Writing resource: hos_bt01_hit
Writing resource: hos_bt02_shape
Writing resource: hos_bt02_hit
Writing resource: nok_bt01_shape
Writing resource: nok_bt01_hit
Writing resource: nok_bt02_shape
Writing resource: nok_bt02_hit
Writing resource: nok_bt03_shape
Writing resource: nok_bt03_hit
Writing resource: nok_bt04_shape
Writing resource: nok_bt04_hit
Writing resource: trd_bt00_shape
Writing resource: trd_bt00_hit
Writing resource: trd_bt01_shape
Writing resource: trd_bt01_hit
Writing resource: trd_bt02_shape
Writing resource: trd_bt02_hit
Writing resource: trd_bt03_shape
Writing resource: trd_bt03_hit
Writing resource: trd_bt04_shape
Writing resource: trd_bt04_hit
Writing resource: trd_bt05_shape
Writing resource: trd_bt05_hit
Writing resource: iwa_bt01_shape
Writing resource: iwa_bt01_hit
Writing resource: iwa_bt02_shape
Writing resource: iwa_bt02_hit
Writing resource: sbk_bt02_shape
Writing resource: sbk_bt02_hit
Writing resource: isk_bt01_shape
Writing resource: isk_bt01_hit
Writing resource: isk_bt02_shape
Writing resource: isk_bt02_hit
Writing resource: isk_bt03_shape
Writing resource: isk_bt03_hit
Writing resource: isk_bt04_shape
Writing resource: isk_bt04_hit
Writing resource: isk_bt05_shape
Writing resource: isk_bt05_hit
Writing resource: isk_bt06_shape
Writing resource: isk_bt06_hit
Writing resource: isk_bt07_shape
Writing resource: isk_bt07_hit
Writing resource: isk_bt08_shape
Writing resource: isk_bt08_hit
Writing resource: mim_bt01_shape
Writing resource: mim_bt01_hit
Writing resource: arn_bt01_shape
Writing resource: arn_bt01_hit
Writing resource: arn_bt02_shape
Writing resource: arn_bt02_hit
Writing resource: arn_bt03_shape
Writing resource: arn_bt03_hit
Writing resource: arn_bt04_shape
Writing resource: arn_bt04_hit
Writing resource: arn_bt05_shape
Writing resource: arn_bt05_hit
Writing resource: arn_bt06_shape
Writing resource: arn_bt06_hit
Writing resource: dgb_bt01_shape
Writing resource: dgb_bt01_hit
Writing resource: dgb_bt02_shape
Writing resource: dgb_bt02_hit
Writing resource: dgb_bt03_shape
Writing resource: dgb_bt03_hit
Writing resource: dgb_bt04_shape
Writing resource: dgb_bt04_hit
Writing resource: dgb_bt05_shape
Writing resource: dgb_bt05_hit
Writing resource: omo_bt01_shape
Writing resource: omo_bt01_hit
Writing resource: omo_bt02_shape
Writing resource: omo_bt02_hit
Writing resource: omo_bt03_shape
Writing resource: omo_bt03_hit
Writing resource: omo_bt04_shape
Writing resource: omo_bt04_hit
Writing resource: omo_bt05_shape
Writing resource: omo_bt05_hit
Writing resource: omo_bt06_shape
Writing resource: omo_bt06_hit
Writing resource: omo_bt07_shape
Writing resource: omo_bt07_hit
Writing resource: jan_bt00_shape
Writing resource: jan_bt00_hit
Writing resource: jan_bt01_shape
Writing resource: jan_bt01_hit
Writing resource: jan_bt02_shape
Writing resource: jan_bt02_hit
Writing resource: jan_bt03_shape
Writing resource: jan_bt03_hit
Writing resource: jan_bt04_shape
Writing resource: jan_bt04_hit
Writing resource: kzn_bt01_shape
Writing resource: kzn_bt01_hit
Writing resource: kzn_bt02_shape
Writing resource: kzn_bt02_hit
Writing resource: kzn_bt04_shape
Writing resource: kzn_bt04_hit
Writing resource: kzn_bt05_shape
Writing resource: kzn_bt05_hit
Writing resource: flo_bt01_shape
Writing resource: flo_bt01_hit
Writing resource: flo_bt02_shape
Writing resource: flo_bt02_hit
Writing resource: flo_bt03_shape
Writing resource: flo_bt03_hit
Writing resource: flo_bt04_shape
Writing resource: flo_bt04_hit
Writing resource: flo_bt05_shape
Writing resource: flo_bt05_hit
Writing resource: flo_bt06_shape
Writing resource: flo_bt06_hit
Writing resource: sam_bt01_shape
Writing resource: sam_bt01_hit
Writing resource: sam_bt02_shape
Writing resource: sam_bt02_hit
Writing resource: sam_bt03_shape
Writing resource: sam_bt03_hit
Writing resource: sam_bt04_shape
Writing resource: sam_bt04_hit
Writing resource: pra_bt01_shape
Writing resource: pra_bt01_hit
Writing resource: pra_bt02_shape
Writing resource: pra_bt02_hit
Writing resource: pra_bt03_shape
Writing resource: pra_bt03_hit
Writing resource: pra_bt04_shape
Writing resource: pra_bt04_hit
Writing resource: kpa_bt01_shape
Writing resource: kpa_bt01_hit
Writing resource: kpa_bt02_shape
Writing resource: kpa_bt02_hit
Writing resource: kpa_bt03_shape
Writing resource: kpa_bt03_hit
Writing resource: kpa_bt04_shape
Writing resource: kpa_bt04_hit
Writing resource: kpa_bt05_shape
Writing resource: kpa_bt05_hit
Writing resource: kpa_bt07_shape
Writing resource: kpa_bt07_hit
Writing resource: kpa_bt08_shape
Writing resource: kpa_bt08_hit
Writing resource: kpa_bt09_shape
Writing resource: kpa_bt09_hit
Writing resource: kpa_bt11_shape
Writing resource: kpa_bt11_hit
Writing resource: kpa_bt13_shape
Writing resource: kpa_bt13_hit
Writing resource: kpa_bt14_shape
Writing resource: kpa_bt14_hit
Writing resource: gv_01_shape
Writing resource: gv_01_hit
Writing resource: ex_bt01_shape
Writing resource: ex_bt01_hit
Writing resource: ex_bt02_shape
Writing resource: ex_bt02_hit
Writing resource: pre_01_shape
Writing resource: pre_01_hit
Writing resource: pre_02_shape
Writing resource: pre_02_hit
Writing resource: pre_03_shape
Writing resource: pre_03_hit
Writing resource: pt_00_shape
Writing resource: pt_00_hit
Writing resource: pt1_6_shape
Writing resource: pt1_6_hit
Writing resource: pt51_56_shape
Writing resource: pt51_56_hit
Writing resource: pt81_86_shape
Writing resource: pt81_86_hit
Writing resource: pt_10_shape
Writing resource: pt_10_hit
Writing resource: pt_50_shape
Writing resource: pt_50_hit
Writing resource: pt_80_shape
Writing resource: pt_80_hit
Writing resource: pt_100_shape
Writing resource: pt_100_hit
Writing resource: pt_255_shape
Writing resource: pt_255_hit
Writing resource: pit_bt01_shape
Writing resource: pit_bt01_hit
Writing resource: pit_bt02_shape
Writing resource: pit_bt02_hit
Writing resource: pit_bt03_shape
Writing resource: pit_bt03_hit
Writing resource: pit_bt04_shape
Writing resource: pit_bt04_hit
Writing resource: mze_00_shape
Writing resource: mze_00_hit
Writing resource: mze_01_shape
Writing resource: mze_01_hit
Writing resource: mze_02_shape
Writing resource: mze_02_hit
Writing resource: mze_03_shape
Writing resource: mze_03_hit
Writing resource: mze_04_shape
Writing resource: mze_04_hit
Writing resource: mze_05_shape
Writing resource: mze_05_hit
Writing resource: mze_06_shape
Writing resource: mze_06_hit
Writing resource: mze_07_shape
Writing resource: mze_07_hit
Writing resource: mze_08_shape
Writing resource: mze_08_hit
Writing resource: mze_09_shape
Writing resource: mze_09_hit
Writing resource: mze_10_shape
Writing resource: mze_10_hit
Writing resource: mze_11_shape
Writing resource: mze_11_hit
Writing resource: mze_12_shape
Writing resource: mze_12_hit
Writing resource: mze_13_shape
Writing resource: mze_13_hit
Writing resource: mze_bt01_shape
Writing resource: mze_bt01_hit
Writing resource: mze_bt02_shape
Writing resource: mze_bt02_hit
Writing resource: bp_00_shape
Writing resource: bp_00_hit
Writing resource: bp_01_shape
Writing resource: bp_01_hit
Writing resource: bp_02_shape
Writing resource: bp_02_hit
Writing resource: bp_03_shape
Writing resource: bp_03_hit
Writing resource: bp_04_shape
Writing resource: bp_04_hit
Writing resource: bp_05_shape
Writing resource: bp_05_hit
Writing resource: bp_06_shape
Writing resource: bp_06_hit
Writing resource: bp_07_shape
Writing resource: bp_07_hit
Writing resource: bp_bt01_shape
Writing resource: bp_bt01_hit
Writing resource: bp_bt02_shape
Writing resource: bp_bt02_hit
Writing resource: bp_bt03_shape
Writing resource: bp_bt03_hit
Writing resource: bp_bt04_shape
Writing resource: bp_bt04_hit
Writing resource: dmo_00_shape
Writing resource: dmo_00_hit
Writing resource: mac_tex
Writing resource: tik_tex
Writing resource: kgr_tex
Writing resource: kmr_tex
Writing resource: iwa_tex
Writing resource: sbk_tex
Writing resource: dro_tex
Writing resource: isk_tex
Writing resource: trd_tex
Writing resource: nok_tex
Writing resource: hos_tex
Writing resource: kpa_tex
Writing resource: osr_tex
Writing resource: kkj_tex
Writing resource: tst_tex
Writing resource: jan_tex
Writing resource: mim_tex
Writing resource: obk_tex
Writing resource: arn_tex
Writing resource: dgb_tex
Writing resource: kzn_tex
Writing resource: flo_tex
Writing resource: sam_tex
Writing resource: pra_tex
Writing resource: omo_tex
Writing resource: end_tex
Writing resource: mgm_tex
Writing resource: gv__tex
Writing resource: kmr_bg
Writing resource: nok_bg
Writing resource: sbk_bg
Writing resource: sbk3_bg
Writing resource: iwa_bg
Writing resource: hos_bg
Writing resource: arn_bg
Writing resource: obk_bg
Writing resource: omo_bg
Writing resource: yos_bg
Writing resource: jan_bg
Writing resource: fla_bg
Writing resource: flb_bg
Writing resource: sra_bg
Writing resource: yki_bg
Writing resource: sam_bg
Writing resource: kpa_bg
Writing resource: title_bg
Writing resource: title_data
Writing resource: party_kurio
Writing resource: party_kameki
Writing resource: party_pinki
Writing resource: party_pareta
Writing resource: party_resa
Writing resource: party_akari
Writing resource: party_opuku
Writing resource: party_pokopi
Wrote kmr_20.bin to 285ADF0
Wrote ex_01.bin to 286DEC0
Wrote ex_02.bin to 286F7E0
Wrote ex_03.bin to 2870990
Wrote ex_04.bin to 2871650
Wrote pre_01.bin to 2872820
Wrote pre_02.bin to 2874D70
Wrote pre_03.bin to 2876580
Wrote pt_00.bin to 2879800
Wrote pt1_6.bin to 2893B10
Wrote pt2_7.bin to 28A62D0
Wrote pt3_8.bin to 28B8AE0
Wrote pt4_9.bin to 28CC8B0
Wrote pt_05.bin to 28DF950
Wrote pt11_16.bin to 28F36D0
Wrote pt12_17.bin to 2906770
Wrote pt13_18.bin to 2918F90
Wrote pt14_19.bin to 292B7D0
Wrote pt_15.bin to 293F5A0
Wrote pt21_26.bin to 2952C40
Wrote pt22_27.bin to 2966BA0
Wrote pt23_28.bin to 29793B0
Wrote pt24_29.bin to 298D180
Wrote pt_25.bin to 29A0A80
Wrote pt31_36.bin to 29B4980
Wrote pt32_37.bin to 29C7190
Wrote pt33_38.bin to 29DAF60
Wrote pt34_39.bin to 29EED30
Wrote pt_35.bin to 2A01540
Wrote pt41_46.bin to 2A15890
Wrote pt42_47.bin to 2A28050
Wrote pt43_48.bin to 2A3BF60
Wrote pt44_49.bin to 2A4E770
Wrote pt_45.bin to 2A61810
Wrote pt51_56.bin to 2A74EB0
Wrote pt52_57.bin to 2A88B80
Wrote pt53_58.bin to 2A9CB80
Wrote pt54_59.bin to 2AB0A80
Wrote pt_55.bin to 2AC3240
Wrote pt61_66.bin to 2AD5A50
Wrote pt62_67.bin to 2AEB000
Wrote pt63_68.bin to 2AFE0A0
Wrote pt64_69.bin to 2B11D70
Wrote pt_65.bin to 2B25D70
Wrote pt71_76.bin to 2B38580
Wrote pt72_77.bin to 2B4BC70
Wrote pt73_78.bin to 2B5E430
Wrote pt74_79.bin to 2B72200
Wrote pt_75.bin to 2B858F0
Wrote pt81_86.bin to 2B995C0
Wrote pt82_87.bin to 2BAC660
Wrote pt83_88.bin to 2BC1230
Wrote pt84_89.bin to 2BD42D0
Wrote pt_85.bin to 2BE88E0
Wrote pt91_96.bin to 2BFB980
Wrote pt92_97.bin to 2C0F020
Wrote pt93_98.bin to 2C22CF0
Wrote pt94_99.bin to 2C354B0
Wrote pt_95.bin to 2C47C70
Wrote pt_10.bin to 2C5B110
Wrote pt_50.bin to 2C6FD60
Wrote pt_80.bin to 2C849B0
Wrote pt_100.bin to 2C99600
Wrote pt_255.bin to 2CA98C0
Wrote mze_00.bin to 2CACDE0
Wrote mze_01.bin to 2CAF9E0
Wrote mze_02.bin to 2CB0160
Wrote mze_03.bin to 2CC4AC0
Wrote mze_04.bin to 2CD9240
Wrote mze_05.bin to 2CEDA10
Wrote mze_06.bin to 2D02190
Wrote mze_07.bin to 2D04250
Wrote mze_08.bin to 2D06310
Wrote mze_09.bin to 2D083D0
Wrote mze_10.bin to 2D16920
Wrote mze_11.bin to 2D2C920
Wrote mze_12.bin to 2D42950
Wrote mze_13.bin to 2D46670
Wrote bp_00.bin to 2D494A0
Wrote bp_01.bin to 2D4BD70
Wrote bp_02.bin to 2D4D360
Wrote bp_03.bin to 2D50100
Wrote bp_04.bin to 2D53BE0
Wrote bp_05.bin to 2D62920
Wrote bp_06.bin to 2D6BFF0
Wrote bp_07.bin to 2D6DB70
Wrote dmo_00.bin to 2D6F010
Writing battle data...
Wrote 00 Area KMR Part 1.bin to 4309A0
Wrote 01 Area KMR Part 2.bin to 439A90
Wrote 02 Area KMR Part 3.bin to 447440
Wrote 03 Area MAC.bin to 464490
Wrote 04 Area HOS.bin to 47F0B0
Wrote 05 Area NOK.bin to 48D1A0
Wrote 06 Area TRD Part 1.bin to 4A10A0
Wrote 07 Area TRD Part 2.bin to 4B11F0
Wrote 08 Area TRD Part 3.bin to 4CF1B0
Wrote 09 Area IWA.bin to 4D01F0
Wrote 0A Area SBK.bin to 4DA5E0
Wrote 0B Area ISK Part 1.bin to 4E2740
Wrote 0C Area ISK Part 2.bin to 4EF4A0
Wrote 0D Area MIM.bin to 4F7BE0
Wrote 0E Area ARN.bin to 4FEA50
Wrote 0F Area DGB.bin to 50F020
Wrote 10 Area OMO.bin to 5125D0
Wrote 11 Area OMO2.bin to 52B6A0
Wrote 12 Area OMO3.bin to 5573E0
Wrote 13 Area KGR.bin to 56E2A0
Wrote 14 Area JAN.bin to 573920
Wrote 15 Area JAN2.bin to 584940
Wrote 16 Area KZN.bin to 58C2F0
Wrote 17 Area KZN2.bin to 59E6E0
Wrote 18 Area FLO.bin to 5B14B0
Wrote 19 Area FLO2.bin to 5CE68C
Wrote 1A Area TIK.bin to 5EC484
Wrote 1B Area TIK2.bin to 608AA4
Wrote 1C Area TIK3.bin to 6186E4
Wrote 1D Area SAM.bin to 623B94
Wrote 1E Area SAM2.bin to 63D1D4
Wrote 1F Area PRA.bin to 648E04
Wrote 20 Area PRA2.bin to 660744
Wrote 21 Area PRA3.bin to 669D74
Wrote 22 Area KPA.bin to 684A24
Wrote 23 Area KPA2.bin to 69F1F4
Wrote 24 Area KPA3.bin to 6BBB84
Wrote 25 Area KPA4.bin to 6CC064
Wrote 26 Area KKJ.bin to 6DBD94
Wrote 27 Area DIG.bin to 6DDDB4
Wrote 29 Area OMO2_1.bin to 2D73E60
Wrote 2A Area OMO2_2.bin to 2D78CD0
Wrote 2B Area OMO2_3.bin to 2D7D560
Wrote 2C Area OMO2_4.bin to 2D82D30
Wrote 2D Area OMO2_5.bin to 2D834A0
Wrote 2E Area OMO2_6.bin to 2D87580
Wrote 2F Example Battles.bin to 2D87CD0
Wrote 30 Area PIT.bin to 2D8CB74
Wrote 31 Area PIT2.bin to 2DA7FC0
Wrote 32 Area PIT3.bin to 2DC0388
Wrote 33 Area PIT4.bin to 2DD82D8
Wrote 34 Area PIT5.bin to 2DE1094
Wrote 35 Area PIT6.bin to 2DF9E2C
Wrote 36 Area PIT7.bin to 2E0BBB0
Wrote 37 Area PIT8.bin to 2E1BE18
Wrote 38 Area MZE.bin to 2E33478
Wrote 39 Area MZE2.bin to 2E4184C
Wrote 3A Area MZE3.bin to 2E517F8
Wrote 3B Area MZE4.bin to 2E6B1E0
Wrote 3C Area BP.bin to 2E8414C
Wrote 3D Area BP2.bin to 2E9AF9C
Wrote 3E Area BP3.bin to 2EB2E04
Wrote 3F Area BP4.bin to 2EB7350
Wrote 40 Area BP5.bin to 2EC8564
Wrote 41 Area BP6.bin to 2EE0628
Wrote Move_Hammer.bin to 7345A0
Wrote Move_SpinSmash.bin to 738000
Wrote Move_QuakeHammer.bin to 73B97C
Wrote Move_D-DownPound.bin to 73E5F4
Wrote Move_HammerCharge0.bin to 741D80
Wrote Move_HammerThrow.bin to 7450A0
Wrote Move_MegaQuake.bin to 7493C8
Wrote Move_HammerCharge1.bin to 74C4B4
Wrote Move_HammerCharge2.bin to 74FEDC
Wrote Move_AutoSmash.bin to 7538A0
Wrote Move_PowerQuake.bin to 755F80
Wrote Move_PowerSmash.bin to 758DDC
Wrote Move_SuperSmash.bin to 75C2E8
Wrote Move_MegaSmash.bin to 75E878
Wrote Move_ShrinkSmash.bin to 761E1C
Wrote Move_ShellCrack.bin to 7644DC
Wrote Move_Jump.bin to 766BBC
Wrote Move_Multibounce.bin to 76A4FC
Wrote Move_PowerBounce.bin to 76D8FC
Wrote Move_SleepStomp.bin to 770C38
Wrote Move_DizzyStomp.bin to 7733CC
Wrote Move_JumpCharge0.bin to 775B60
Wrote Move_JumpCharge1.bin to 777720
Wrote Move_JumpCharge2.bin to 779964
Wrote Move_AutoJump.bin to 77BB94
Wrote Move_AutoMultibounce.bin to 77DCE8
Wrote Move_PowerJump.bin to 780C18
Wrote Move_SuperJump.bin to 782D1C
Wrote Move_MegaJump.bin to 78491C
Wrote Move_D-DownJump.bin to 786AC8
Wrote Move_ShrinkStomp.bin to 2EE8300
Wrote Move_EarthquakeJump.bin to 2EEAD64
Wrote 00 Goombario.bin to 6F0B30
Wrote 01 Kooper.bin to 6F6784
Wrote 02 Bombette.bin to 6FC614
Wrote 03 Parakarry.bin to 70256C
Wrote 04 Goompa.bin to 7076A4
Wrote 05 Watt.bin to 707C54
Wrote 06 Sushie.bin to 70CC58
Wrote 07 Lakilester.bin to 2EEE880
Wrote 08 Bow.bin to 2EF46E0
Wrote 0A Twink.bin to 2EF8F74
Wrote 00 Focus.bin to 789E60
Wrote 01 Refresh.bin to 78B720
Wrote 02 Lullaby.bin to 78D270
Wrote 03 StarStorm.bin to 78E8F0
Wrote 04 ChillOut.bin to 7901F0
Wrote 05 Smooch.bin to 792C48
Wrote 06 TimeOut.bin to 794BD8
Wrote 07 UpAndAway.bin to 796198
Wrote 08 StarBeam.bin to 797E78
Wrote 09 PeachBeam.bin to 79A668
Wrote 0A PeachFocus.bin to 79CE58
Wrote 0B PeachDash.bin to 2EF9AE0
Writing partner data...
Wrote 00 Goombario.bin to 317020
Wrote 01 Kooper.bin to 317E50
Wrote 02 Bombette.bin to 3199A0
Wrote 03 Parakarry.bin to 31B1C0
Wrote 04 Goompa.bin to 31CC70
Wrote 05 Watt.bin to 31D170
Wrote 06 Sushie.bin to 31E370
Wrote 07 Lakilester.bin to 321150
Wrote 08 Bow.bin to 323F50
Wrote 09 Goombaria.bin to 324F10
Wrote 0A Twink.bin to 325070
Patching sprite sheets...
Loading player sprites...
Writing player sprite 01 of 0D...
Wrote player sprite 00 to 19E0DA8
Writing player sprite 02 of 0D...
Wrote player sprite 01 to 19E1890
Writing player sprite 03 of 0D...
Wrote player sprite 02 to 19E1E8C
Writing player sprite 04 of 0D...
Wrote player sprite 03 to 19E2A4A
Writing player sprite 05 of 0D...
Wrote player sprite 04 to 19E3612
Writing player sprite 06 of 0D...
Wrote player sprite 05 to 19E3B48
Writing player sprite 07 of 0D...
Wrote player sprite 06 to 19E4606
Writing player sprite 08 of 0D...
Wrote player sprite 07 to 19E4B3A
Writing player sprite 09 of 0D...
Wrote player sprite 08 to 19E5498
Writing player sprite 0A of 0D...
Wrote player sprite 09 to 19E595E
Writing player sprite 0B of 0D...
Wrote player sprite 0A to 19E64DE
Writing player sprite 0C of 0D...
Wrote player sprite 0B to 19E66D6
Writing player sprite 0D of 0D...
Wrote player sprite 0C to 19E7032
Writing NPC sprite 01 of F3...
Wrote NPC sprite 01 to 19E7920
Writing NPC sprite 02 of F3...
Wrote NPC sprite 02 to 19E82E2
Writing NPC sprite 03 of F3...
Wrote NPC sprite 03 to 19EA4F4
Writing NPC sprite 04 of F3...
Wrote NPC sprite 04 to 19EBC5E
Writing NPC sprite 05 of F3...
Wrote NPC sprite 05 to 19ED1E6
Writing NPC sprite 06 of F3...
Wrote NPC sprite 06 to 19EEA10
Writing NPC sprite 07 of F3...
Wrote NPC sprite 07 to 19EF7E2
Writing NPC sprite 08 of F3...
Wrote NPC sprite 08 to 19F0D12
Writing NPC sprite 09 of F3...
Wrote NPC sprite 09 to 19F2224
Writing NPC sprite 0A of F3...
Wrote NPC sprite 0A to 19F334A
Writing NPC sprite 0B of F3...
Wrote NPC sprite 0B to 19F5FB6
Writing NPC sprite 0C of F3...
Wrote NPC sprite 0C to 19F7F3C
Writing NPC sprite 0D of F3...
Wrote NPC sprite 0D to 19FAC76
Writing NPC sprite 0E of F3...
Wrote NPC sprite 0E to 19FD5D0
Writing NPC sprite 0F of F3...
Wrote NPC sprite 0F to 19FF80E
Writing NPC sprite 10 of F3...
Wrote NPC sprite 10 to 1A013CE
Writing NPC sprite 11 of F3...
Wrote NPC sprite 11 to 1A0370A
Writing NPC sprite 12 of F3...
Wrote NPC sprite 12 to 1A04DDE
Writing NPC sprite 13 of F3...
Wrote NPC sprite 13 to 1A05F04
Writing NPC sprite 14 of F3...
Wrote NPC sprite 14 to 1A06D16
Writing NPC sprite 15 of F3...
Wrote NPC sprite 15 to 1A07908
Writing NPC sprite 16 of F3...
Wrote NPC sprite 16 to 1A084BE
Writing NPC sprite 17 of F3...
Wrote NPC sprite 17 to 1A0A98E
Writing NPC sprite 18 of F3...
Wrote NPC sprite 18 to 1A0B59A
Writing NPC sprite 19 of F3...
Wrote NPC sprite 19 to 1A0C03A
Writing NPC sprite 1A of F3...
Wrote NPC sprite 1A to 1A0C492
Writing NPC sprite 1B of F3...
Wrote NPC sprite 1B to 1A0C8A8
Writing NPC sprite 1C of F3...
Wrote NPC sprite 1C to 1A0CCDC
Writing NPC sprite 1D of F3...
Wrote NPC sprite 1D to 1A0D0F8
Writing NPC sprite 1E of F3...
Wrote NPC sprite 1E to 1A0DA68
Writing NPC sprite 1F of F3...
Wrote NPC sprite 1F to 1A0DE2A
Writing NPC sprite 20 of F3...
Wrote NPC sprite 20 to 1A0E1E6
Writing NPC sprite 21 of F3...
Wrote NPC sprite 21 to 1A0F766
Writing NPC sprite 22 of F3...
Wrote NPC sprite 22 to 1A140C2
Writing NPC sprite 23 of F3...
Wrote NPC sprite 23 to 1A15FB4
Writing NPC sprite 24 of F3...
Wrote NPC sprite 24 to 1A18AE8
Writing NPC sprite 25 of F3...
Wrote NPC sprite 25 to 1A1ACB0
Writing NPC sprite 26 of F3...
Wrote NPC sprite 26 to 1A1CC34
Writing NPC sprite 27 of F3...
Wrote NPC sprite 27 to 1A1DD0A
Writing NPC sprite 28 of F3...
Wrote NPC sprite 28 to 1A1EAA6
Writing NPC sprite 29 of F3...
Wrote NPC sprite 29 to 1A1F990
Writing NPC sprite 2A of F3...
Wrote NPC sprite 2A to 1A22C6C
Writing NPC sprite 2B of F3...
Wrote NPC sprite 2B to 1A24F40
Writing NPC sprite 2C of F3...
Wrote NPC sprite 2C to 1A263EA
Writing NPC sprite 2D of F3...
Wrote NPC sprite 2D to 1A28528
Writing NPC sprite 2E of F3...
Wrote NPC sprite 2E to 1A290F4
Writing NPC sprite 2F of F3...
Wrote NPC sprite 2F to 1A29B7E
Writing NPC sprite 30 of F3...
Wrote NPC sprite 30 to 1A2C126
Writing NPC sprite 31 of F3...
Wrote NPC sprite 31 to 1A2E57C
Writing NPC sprite 32 of F3...
Wrote NPC sprite 32 to 1A2F840
Writing NPC sprite 33 of F3...
Wrote NPC sprite 33 to 1A32138
Writing NPC sprite 34 of F3...
Wrote NPC sprite 34 to 1A33EBA
Writing NPC sprite 35 of F3...
Wrote NPC sprite 35 to 1A35F62
Writing NPC sprite 36 of F3...
Wrote NPC sprite 36 to 1A36D36
Writing NPC sprite 37 of F3...
Wrote NPC sprite 37 to 1A39910
Writing NPC sprite 38 of F3...
Wrote NPC sprite 38 to 1A3B2D0
Writing NPC sprite 39 of F3...
Wrote NPC sprite 39 to 1A3C5AA
Writing NPC sprite 3A of F3...
Wrote NPC sprite 3A to 1A3FEAE
Writing NPC sprite 3B of F3...
Wrote NPC sprite 3B to 1A42536
Writing NPC sprite 3C of F3...
Wrote NPC sprite 3C to 1A44AD4
Writing NPC sprite 3D of F3...
Wrote NPC sprite 3D to 1A46646
Writing NPC sprite 3E of F3...
Wrote NPC sprite 3E to 1A493A2
Writing NPC sprite 3F of F3...
Wrote NPC sprite 3F to 1A4ACC0
Writing NPC sprite 40 of F3...
Wrote NPC sprite 40 to 1A4D7C6
Writing NPC sprite 41 of F3...
Wrote NPC sprite 41 to 1A4DFF8
Writing NPC sprite 42 of F3...
Wrote NPC sprite 42 to 1A4F9CE
Writing NPC sprite 43 of F3...
Wrote NPC sprite 43 to 1A530DA
Writing NPC sprite 44 of F3...
Wrote NPC sprite 44 to 1A53C32
Writing NPC sprite 45 of F3...
Wrote NPC sprite 45 to 1A56AC8
Writing NPC sprite 46 of F3...
Wrote NPC sprite 46 to 1A58D36
Writing NPC sprite 47 of F3...
Wrote NPC sprite 47 to 1A5A336
Writing NPC sprite 48 of F3...
Wrote NPC sprite 48 to 1A62724
Writing NPC sprite 49 of F3...
Wrote NPC sprite 49 to 1A63DAE
Writing NPC sprite 4A of F3...
Wrote NPC sprite 4A to 1A66254
Writing NPC sprite 4B of F3...
Wrote NPC sprite 4B to 1A6839E
Writing NPC sprite 4C of F3...
Wrote NPC sprite 4C to 1A6C0D2
Writing NPC sprite 4D of F3...
Wrote NPC sprite 4D to 1A6D02E
Writing NPC sprite 4E of F3...
Wrote NPC sprite 4E to 1A6E9B6
Writing NPC sprite 4F of F3...
Wrote NPC sprite 4F to 1A709CA
Writing NPC sprite 50 of F3...
Wrote NPC sprite 50 to 1A74900
Writing NPC sprite 51 of F3...
Wrote NPC sprite 51 to 1A78338
Writing NPC sprite 52 of F3...
Wrote NPC sprite 52 to 1A79200
Writing NPC sprite 53 of F3...
Wrote NPC sprite 53 to 1A7CFB2
Writing NPC sprite 54 of F3...
Wrote NPC sprite 54 to 1A7E6B6
Writing NPC sprite 55 of F3...
Wrote NPC sprite 55 to 1A7E7EE
Writing NPC sprite 56 of F3...
Wrote NPC sprite 56 to 1A82BC2
Writing NPC sprite 57 of F3...
Wrote NPC sprite 57 to 1A8508E
Writing NPC sprite 58 of F3...
Wrote NPC sprite 58 to 1A87328
Writing NPC sprite 59 of F3...
Wrote NPC sprite 59 to 1A8B8CA
Writing NPC sprite 5A of F3...
Wrote NPC sprite 5A to 1A8F6D2
Writing NPC sprite 5B of F3...
Wrote NPC sprite 5B to 1A936B6
Writing NPC sprite 5C of F3...
Wrote NPC sprite 5C to 1A93996
Writing NPC sprite 5D of F3...
Wrote NPC sprite 5D to 1A93C8C
Writing NPC sprite 5E of F3...
Wrote NPC sprite 5E to 1A93EB0
Writing NPC sprite 5F of F3...
Wrote NPC sprite 5F to 1A94204
Writing NPC sprite 60 of F3...
Wrote NPC sprite 60 to 1A9445A
Writing NPC sprite 61 of F3...
Wrote NPC sprite 61 to 1A984CC
Writing NPC sprite 62 of F3...
Wrote NPC sprite 62 to 1A9B126
Writing NPC sprite 63 of F3...
Wrote NPC sprite 63 to 1A9D1E6
Writing NPC sprite 64 of F3...
Wrote NPC sprite 64 to 1A9F68A
Writing NPC sprite 65 of F3...
Wrote NPC sprite 65 to 1A9FCD2
Writing NPC sprite 66 of F3...
Wrote NPC sprite 66 to 1AA0634
Writing NPC sprite 67 of F3...
Wrote NPC sprite 67 to 1AA62A0
Writing NPC sprite 68 of F3...
Wrote NPC sprite 68 to 1AACA10
Writing NPC sprite 69 of F3...
Wrote NPC sprite 69 to 1AB0FBA
Writing NPC sprite 6A of F3...
Wrote NPC sprite 6A to 1AB1986
Writing NPC sprite 6B of F3...
Wrote NPC sprite 6B to 1AB96BE
Writing NPC sprite 6C of F3...
Wrote NPC sprite 6C to 1AC072C
Writing NPC sprite 6D of F3...
Wrote NPC sprite 6D to 1AC2B4E
Writing NPC sprite 6E of F3...
Wrote NPC sprite 6E to 1ACAD4A
Writing NPC sprite 6F of F3...
Wrote NPC sprite 6F to 1ACD0C2
Writing NPC sprite 70 of F3...
Wrote NPC sprite 70 to 1ACE93E
Writing NPC sprite 71 of F3...
Wrote NPC sprite 71 to 1ACF6EC
Writing NPC sprite 72 of F3...
Wrote NPC sprite 72 to 1ACFBA6
Writing NPC sprite 73 of F3...
Wrote NPC sprite 73 to 1AD0E88
Writing NPC sprite 74 of F3...
Wrote NPC sprite 74 to 1AD133E
Writing NPC sprite 75 of F3...
Wrote NPC sprite 75 to 1AD17E2
Writing NPC sprite 76 of F3...
Wrote NPC sprite 76 to 1AD1892
Writing NPC sprite 77 of F3...
Wrote NPC sprite 77 to 1AD34B4
Writing NPC sprite 78 of F3...
Wrote NPC sprite 78 to 1AD3716
Writing NPC sprite 79 of F3...
Wrote NPC sprite 79 to 1AD475E
Writing NPC sprite 7A of F3...
Wrote NPC sprite 7A to 1AD8BFA
Writing NPC sprite 7B of F3...
Wrote NPC sprite 7B to 1AD9344
Writing NPC sprite 7C of F3...
Wrote NPC sprite 7C to 1ADBDFA
Writing NPC sprite 7D of F3...
Wrote NPC sprite 7D to 1AE0E2A
Writing NPC sprite 7E of F3...
Wrote NPC sprite 7E to 1AE1B40
Writing NPC sprite 7F of F3...
Wrote NPC sprite 7F to 1AE55CA
Writing NPC sprite 80 of F3...
Wrote NPC sprite 80 to 1AEA24A
Writing NPC sprite 81 of F3...
Wrote NPC sprite 81 to 1AF32A2
Writing NPC sprite 82 of F3...
Wrote NPC sprite 82 to 1AFB2E6
Writing NPC sprite 83 of F3...
Wrote NPC sprite 83 to 1AFDEAA
Writing NPC sprite 84 of F3...
Wrote NPC sprite 84 to 1AFED90
Writing NPC sprite 85 of F3...
Wrote NPC sprite 85 to 1AFFACA
Writing NPC sprite 86 of F3...
Wrote NPC sprite 86 to 1B00336
Writing NPC sprite 87 of F3...
Wrote NPC sprite 87 to 1B00858
Writing NPC sprite 88 of F3...
Wrote NPC sprite 88 to 1B01094
Writing NPC sprite 89 of F3...
Wrote NPC sprite 89 to 1B01836
Writing NPC sprite 8A of F3...
Wrote NPC sprite 8A to 1B02324
Writing NPC sprite 8B of F3...
Wrote NPC sprite 8B to 1B02CD8
Writing NPC sprite 8C of F3...
Wrote NPC sprite 8C to 1B03694
Writing NPC sprite 8D of F3...
Wrote NPC sprite 8D to 1B04058
Writing NPC sprite 8E of F3...
Wrote NPC sprite 8E to 1B05320
Writing NPC sprite 8F of F3...
Wrote NPC sprite 8F to 1B062D0
Writing NPC sprite 90 of F3...
Wrote NPC sprite 90 to 1B07A94
Writing NPC sprite 91 of F3...
Wrote NPC sprite 91 to 1B098AA
Writing NPC sprite 92 of F3...
Wrote NPC sprite 92 to 1B09FAE
Writing NPC sprite 93 of F3...
Wrote NPC sprite 93 to 1B0AB3C
Writing NPC sprite 94 of F3...
Wrote NPC sprite 94 to 1B0B0AC
Writing NPC sprite 95 of F3...
Wrote NPC sprite 95 to 1B0B714
Writing NPC sprite 96 of F3...
Wrote NPC sprite 96 to 1B0D114
Writing NPC sprite 97 of F3...
Wrote NPC sprite 97 to 1B0F218
Writing NPC sprite 98 of F3...
Wrote NPC sprite 98 to 1B10EC0
Writing NPC sprite 99 of F3...
Wrote NPC sprite 99 to 1B11A2E
Writing NPC sprite 9A of F3...
Wrote NPC sprite 9A to 1B14884
Writing NPC sprite 9B of F3...
Wrote NPC sprite 9B to 1B15574
Writing NPC sprite 9C of F3...
Wrote NPC sprite 9C to 1B15C82
Writing NPC sprite 9D of F3...
Wrote NPC sprite 9D to 1B17724
Writing NPC sprite 9E of F3...
Wrote NPC sprite 9E to 1B18434
Writing NPC sprite 9F of F3...
Wrote NPC sprite 9F to 1B19CAC
Writing NPC sprite A0 of F3...
Wrote NPC sprite A0 to 1B1A066
Writing NPC sprite A1 of F3...
Wrote NPC sprite A1 to 1B1AB50
Writing NPC sprite A2 of F3...
Wrote NPC sprite A2 to 1B1B0D6
Writing NPC sprite A3 of F3...
Wrote NPC sprite A3 to 1B1FF28
Writing NPC sprite A4 of F3...
Wrote NPC sprite A4 to 1B21548
Writing NPC sprite A5 of F3...
Wrote NPC sprite A5 to 1B23628
Writing NPC sprite A6 of F3...
Wrote NPC sprite A6 to 1B24886
Writing NPC sprite A7 of F3...
Wrote NPC sprite A7 to 1B265BE
Writing NPC sprite A8 of F3...
Wrote NPC sprite A8 to 1B27DF0
Writing NPC sprite A9 of F3...
Wrote NPC sprite A9 to 1B2880A
Writing NPC sprite AA of F3...
Wrote NPC sprite AA to 1B29552
Writing NPC sprite AB of F3...
Wrote NPC sprite AB to 1B2AA2A
Writing NPC sprite AC of F3...
Wrote NPC sprite AC to 1B2B8EE
Writing NPC sprite AD of F3...
Wrote NPC sprite AD to 1B2C452
Writing NPC sprite AE of F3...
Wrote NPC sprite AE to 1B2CE7E
Writing NPC sprite AF of F3...
Wrote NPC sprite AF to 1B2DB1C
Writing NPC sprite B0 of F3...
Wrote NPC sprite B0 to 1B2FABE
Writing NPC sprite B1 of F3...
Wrote NPC sprite B1 to 1B31062
Writing NPC sprite B2 of F3...
Wrote NPC sprite B2 to 1B320D0
Writing NPC sprite B3 of F3...
Wrote NPC sprite B3 to 1B3294E
Writing NPC sprite B4 of F3...
Wrote NPC sprite B4 to 1B32C20
Writing NPC sprite B5 of F3...
Wrote NPC sprite B5 to 1B33492
Writing NPC sprite B6 of F3...
Wrote NPC sprite B6 to 1B34440
Writing NPC sprite B7 of F3...
Wrote NPC sprite B7 to 1B36716
Writing NPC sprite B8 of F3...
Wrote NPC sprite B8 to 1B37A4C
Writing NPC sprite B9 of F3...
Wrote NPC sprite B9 to 1B38284
Writing NPC sprite BA of F3...
Wrote NPC sprite BA to 1B387AE
Writing NPC sprite BB of F3...
Wrote NPC sprite BB to 1B3A3E6
Writing NPC sprite BC of F3...
Wrote NPC sprite BC to 1B3AA18
Writing NPC sprite BD of F3...
Wrote NPC sprite BD to 1B3AFE0
Writing NPC sprite BE of F3...
Wrote NPC sprite BE to 1B3B848
Writing NPC sprite BF of F3...
Wrote NPC sprite BF to 1B3CF50
Writing NPC sprite C0 of F3...
Wrote NPC sprite C0 to 1B3DF1E
Writing NPC sprite C1 of F3...
Wrote NPC sprite C1 to 1B3E5DA
Writing NPC sprite C2 of F3...
Wrote NPC sprite C2 to 1B47280
Writing NPC sprite C3 of F3...
Wrote NPC sprite C3 to 1B4A080
Writing NPC sprite C4 of F3...
Wrote NPC sprite C4 to 1B4BAE2
Writing NPC sprite C5 of F3...
Wrote NPC sprite C5 to 1B4D94C
Writing NPC sprite C6 of F3...
Wrote NPC sprite C6 to 1B4E864
Writing NPC sprite C7 of F3...
Wrote NPC sprite C7 to 1B4F652
Writing NPC sprite C8 of F3...
Wrote NPC sprite C8 to 1B51D0E
Writing NPC sprite C9 of F3...
Wrote NPC sprite C9 to 1B55A68
Writing NPC sprite CA of F3...
Wrote NPC sprite CA to 1B57B98
Writing NPC sprite CB of F3...
Wrote NPC sprite CB to 1B59482
Writing NPC sprite CC of F3...
Wrote NPC sprite CC to 1B5A576
Writing NPC sprite CD of F3...
Wrote NPC sprite CD to 1B5C20C
Writing NPC sprite CE of F3...
Wrote NPC sprite CE to 1B5C61C
Writing NPC sprite CF of F3...
Wrote NPC sprite CF to 1B5E102
Writing NPC sprite D0 of F3...
Wrote NPC sprite D0 to 1B5FDFC
Writing NPC sprite D1 of F3...
Wrote NPC sprite D1 to 1B60BA6
Writing NPC sprite D2 of F3...
Wrote NPC sprite D2 to 1B62024
Writing NPC sprite D3 of F3...
Wrote NPC sprite D3 to 1B62F70
Writing NPC sprite D4 of F3...
Wrote NPC sprite D4 to 1B63194
Writing NPC sprite D5 of F3...
Wrote NPC sprite D5 to 1B635CE
Writing NPC sprite D6 of F3...
Wrote NPC sprite D6 to 1B639B0
Writing NPC sprite D7 of F3...
Wrote NPC sprite D7 to 1B66C82
Writing NPC sprite D8 of F3...
Wrote NPC sprite D8 to 1B699E2
Writing NPC sprite D9 of F3...
Wrote NPC sprite D9 to 1B6B3FA
Writing NPC sprite DA of F3...
Wrote NPC sprite DA to 1B6C782
Writing NPC sprite DB of F3...
Wrote NPC sprite DB to 1B6EC32
Writing NPC sprite DC of F3...
Wrote NPC sprite DC to 1B6FE7E
Writing NPC sprite DD of F3...
Wrote NPC sprite DD to 1B710DE
Writing NPC sprite DE of F3...
Wrote NPC sprite DE to 1B71D62
Writing NPC sprite DF of F3...
Wrote NPC sprite DF to 1B743A6
Writing NPC sprite E0 of F3...
Wrote NPC sprite E0 to 1B76406
Writing NPC sprite E1 of F3...
Wrote NPC sprite E1 to 1B76F52
Writing NPC sprite E2 of F3...
Wrote NPC sprite E2 to 1B77432
Writing NPC sprite E3 of F3...
Wrote NPC sprite E3 to 1B77F1C
Writing NPC sprite E4 of F3...
Wrote NPC sprite E4 to 1B7850E
Writing NPC sprite E5 of F3...
Wrote NPC sprite E5 to 1B79026
Writing NPC sprite E6 of F3...
Wrote NPC sprite E6 to 1B7C0D2
Writing NPC sprite E7 of F3...
Wrote NPC sprite E7 to 1B7D4D2
Writing NPC sprite E8 of F3...
Wrote NPC sprite E8 to 1B7F3EA
Writing NPC sprite E9 of F3...
Wrote NPC sprite E9 to 1B7F5BA
Writing NPC sprite EA of F3...
Wrote NPC sprite EA to 1B7F762
Writing NPC sprite EB of F3...
Wrote NPC sprite EB to 1B813B4
Writing NPC sprite EC of F3...
Wrote NPC sprite EC to 2EFB180
Writing NPC sprite ED of F3...
Wrote NPC sprite ED to 2F00714
Writing NPC sprite EE of F3...
Wrote NPC sprite EE to 2F00B66
Writing NPC sprite EF of F3...
Wrote NPC sprite EF to 2F042E8
Writing NPC sprite F0 of F3...
Wrote NPC sprite F0 to 2F05332
Writing NPC sprite F1 of F3...
Wrote NPC sprite F1 to 2F07082
Writing NPC sprite F2 of F3...
Wrote NPC sprite F2 to 2F073D4
Writing NPC sprite F3 of F3...
Wrote NPC sprite F3 to 2F0BABA
Writing audio data...
Writing 00_117.bgm to F00EC0
Writing 01_118.bgm to F02860
Writing 02_191.bgm to F03E40
Writing 03_120.bgm to F04AF0
Writing 04_119.bgm to F07AC0
Writing 05_121.bgm to F09440
Writing 06_192.bgm to F09D00
Writing 07_193.bgm to F0AC50
Writing 08_194.bgm to F0C1E0
Writing 09_195.bgm to F0E5C0
Writing 0A_196.bgm to F10420
Writing 0B_122.bgm to F117D0
Writing 0C_328.bgm to F11DC0
Writing 0D_184.bgm to F12A20
Writing 0E_187.bgm to F14320
Writing 0F_306.bgm to F16640
Writing 10_135.bgm to F17680
Writing 11_134.bgm to F178D0
Writing 12_224.bgm to F17A70
Writing 13_814.bgm to F17C70
Writing 14_124.bgm to F19040
Writing 15_123.bgm to F19AD0
Writing 16_186.bgm to F1A2C0
Writing 17_125.bgm to F1ADF0
Writing 18_126.bgm to F1B2D0
Writing 19_127.bgm to F1CF10
Writing 1A_128.bgm to F1E2F0
Writing 1B_187.bgm to F1F9E0
Writing 1C_129.bgm to F216F0
Writing 1D_188.bgm to F21E80
Writing 1E_189.bgm to F23100
Writing 1F_190.bgm to F24100
Writing 20_309.bgm to F24F10
Writing 21_307.bgm to F25940
Writing 22_308.bgm to F26960
Writing 23_112.bgm to F27F40
Writing 24_108.bgm to F28520
Writing 25_198.bgm to F29520
Writing 26_210.bgm to F2A1C0
Writing 27_311.bgm to F2E830
Writing 28_312.bgm to F2F690
Writing 29_303.bgm to F30C90
Writing 2A_305.bgm to F31FB0
Writing 2B_304.bgm to F32920
Writing 2C_220.bgm to F33760
Writing 2D_301.bgm to F341A0
Writing 2E_302.bgm to F34610
Writing 2F_104.bgm to F35BE0
Writing 30_103.bgm to F365D0
Writing 31_105.bgm to F36D90
Writing 32_106.bgm to F380E0
Writing 33_107.bgm to F38C70
Writing 34_110.bgm to F39860
Writing 35_111.bgm to F3A7D0
Writing 36_827.bgm to F3AB50
Writing 37_202.bgm to F3B620
Writing 38_109.bgm to F3C830
Writing 39_113.bgm to F3D3C0
Writing 3A_114.bgm to F3E830
Writing 3B_141.bgm to F3FAE0
Writing 3C_203.bgm to F41600
Writing 3D_115.bgm to F43630
Writing 3E_116.bgm to F45C00
Writing 3F_838.bgm to F46CE0
Writing 40_205.bgm to F47BA0
Writing 41_291.bgm to F48510
Writing 42_144.bgm to F48B10
Writing 43_145.bgm to F4AF80
Writing 44_142.bgm to F4C300
Writing 45_143.bgm to F4ED90
Writing 46_148.bgm to F51100
Writing 47_146.bgm to F52C20
Writing 48_147.bgm to F56380
Writing 49_139.bgm to F595D0
Writing 4A_149.bgm to F599B0
Writing 4B_137.bgm to F5B6F0
Writing 4C_138.bgm to F5CFD0
Writing 4D_150.bgm to F5E640
Writing 4E_151.bgm to F5FC00
Writing 4F_208.bgm to F61E00
Writing 50_177.bgm to F63550
Writing 51_178.bgm to F64920
Writing 52_209.bgm to F653B0
Writing 53_207.bgm to F66230
Writing 54_179.bgm to F66D90
Writing 55_178.bgm to F67270
Writing 56_154.bgm to F68680
Writing 57_155.bgm to F69D40
Writing 58_157.bgm to F6A750
Writing 59_156.bgm to F6C970
Writing 5A_169.bgm to F6D5D0
Writing 5B_170.bgm to F6F540
Writing 5C_153.bgm to F73A90
Writing 5D_185.bgm to F758F0
Writing 5E_167.bgm to F760C0
Writing 5F_161.bgm to F77900
Writing 60_162.bgm to F77D80
Writing 61_158.bgm to F78D00
Writing 62_159.bgm to F79770
Writing 63_160.bgm to F7A7C0
Writing 64_163.bgm to F7B140
Writing 65_164.bgm to F7B490
Writing 66_166.bgm to F7C5A0
Writing 67_152.bgm to F7CE80
Writing 68_165.bgm to F7E300
Writing 69_175.bgm to F7E890
Writing 6A_176.bgm to F7F520
Writing 6B_174.bgm to F80930
Writing 6C_181.bgm to F81960
Writing 6D_183.bgm to F82B60
Writing 6E_001.bgm to F83400
Writing 6F_168.bgm to F844C0
Writing 70_171.bgm to F85C90
Writing 71_172.bgm to F867E0
Writing 72_182.bgm to F87700
Writing 73_199.bgm to F87D10
Writing 74_136.bgm to F89230
Writing 75_311.bgm to F89C70
Writing 76_310.bgm to F8B1F0
Writing 77_313.bgm to F8BF20
Writing 78_130.bgm to F8C490
Writing 79_132.bgm to F8CA60
Writing 7A_130.bgm to F8D810
Writing 7B_314.bgm to F8DAE0
Writing 7C_323.bgm to F90F80
Writing 7D_315.bgm to F93150
Writing 7E_322.bgm to F95C10
Writing 7F_316.bgm to F96980
Writing 80_319.bgm to F98C20
Writing 81_318.bgm to F99690
Writing 82_320.bgm to F9BF30
Writing 83_321.bgm to F9DAB0
Writing 84_317.bgm to F9DD90
Writing 85_327.bgm to F9F630
Writing 86_102.bgm to FA0130
Writing 87_101.bgm to FA0FA0
Writing 88_324.bgm to FA4360
Writing 89_325.bgm to FA8CF0
Writing 8A_326.bgm to FAC590
Writing 8B_221.bgm to FAD380
Writing 8C_222.bgm to FAD910
Writing 8D_223.bgm to FADFF0
Writing 8E_226.bgm to FAE570
Writing 8F_DAT1.sef to FAEF60
Writing 90_PS01.bk to FB3FA0
Writing 91_PS02.bk to FE8B80
Writing 92_PS03.bk to 100D380
Writing 93_PS04.bk to 1023B70
Writing 94_PS05.bk to 103B790
Writing 95_PS11.bk to 1063C00
Writing 96_GM01.bk to 10844F0
Writing 97_GM02.bk to 10AEAB0
Writing 98_GM03.bk to 10FD1A0
Writing 99_GM04.bk to 113FBC0
Writing 9A_GM05.bk to 1177680
Writing 9B_GM06.bk to 11D0200
Writing 9C_GM07.bk to 1224C30
Writing 9D_GM08.bk to 1290E80
Writing 9E_GM09.bk to 12D1110
Writing 9F_GM10.bk to 130FCB0
Writing A0_GM11.bk to 133A2F0
Writing A1_SPC0.bk to 1350D60
Writing A2_SPC1.bk to 13534E0
Writing A3_SPC2.bk to 1358400
Writing A4_SPC3.bk to 135B2B0
Writing A5_REC1.bk to 136C0D0
Writing A6_STG5.bk to 1382D50
Writing A7_STG8.bk to 13A03F0
Writing A8_CHO1.bk to 13A5230
Writing A9_SYS0.bk to 13A6120
Writing AA_SYS1.bk to 13B0A20
Writing AB_SYS2.bk to 13C2820
Writing AC_MAR0.bk to 13D1550
Writing AD_MAR1.bk to 13DE210
Writing AE_ENV0.bk to 13F1C10
Writing AF_PAR0.bk to 1427850
Writing B0_PAR1.bk to 1449E50
Writing B1_PAR2.bk to 14702B0
Writing B2_ETC0.bk to 1473370
Writing B3_ETC1.bk to 148A200
Writing B4_ETC2.bk to 14A1D60
Writing B5_ENE0.bk to 14B07A0
Writing B6_ENE1.bk to 14BDCB0
Writing B7_EVT0.bk to 14D7F00
Writing B8_EVT1.bk to 14F0890
Writing B9_EVT2.bk to 1521DB0
Writing BA_EVT3.bk to 154B4E0
Writing BB_EVT4.bk to 1562270
Writing BC_EVT5.bk to 157F7D0
Writing BD_EVT6.bk to 15B9570
Writing BE_EVT7.bk to 15DA9D0
Writing BF_EVT8.bk to 15FE2A0
Writing C0_MOB0.bk to 16259A0
Writing C1_PEA0.bk to 1638B30
Writing C2_MAR2.bk to 164CF80
Writing C3_MAR3.bk to 16662C0
Writing C4_MAR4.bk to 1683AC0
Writing C5_BTL0.bk to 16A41C0
Writing C6_BTL1.bk to 16C6B50
Writing C7_BTL2.bk to 1708520
Writing C8_BTL3.bk to 1731130
Writing C9_BT20.bk to 173E520
Writing CA_BT21.bk to 17550C0
Writing CB_BT22.bk to 17802F0
Writing CC_BT23.bk to 1799BB0
Writing CD_BT24.bk to 17B59F0
Writing CE_BT25.bk to 17D0B90
Writing CF_BT26.bk to 17EB340
Writing D0_BT27.bk to 180CEE0
Writing D1_BT28.bk to 1846550
Writing D2_BT29.bk to 1861D80
Writing D3_BT2A.bk to 1874570
Writing D4_BT2B.bk to 18821F0
Writing D5_BT2C.bk to 189E530
Writing D6_BT2D.bk to 18CFE40
Writing D7_PHR1.bk to 18D39C0
Writing D8_ENV1.bk to 18EA2E0
Writing D9_SET1.per to 1937CB0
Writing DA_SET1.prg to 1938020
Writing DB_501.mseq to 1938070
Writing DC_502.mseq to 19385B0
Writing DD_503.mseq to 1939490
Writing DE_504.mseq to 193A0A0
Writing DF_505.mseq to 193ACE0
Writing E0_506.mseq to 193B850
Writing E1_507.mseq to 193C3C0
Writing E2_508.mseq to 193CFA0
Writing E3_509.mseq to 193DFE0
Writing E4_510.mseq to 193E800
Writing E5_511.mseq to 193F3D0
Writing E6_512.mseq to 193FBE0
Writing E7_513.mseq to 1940380
Writing E8_521.mseq to 1940800
Writing E9_522.mseq to 19411F0
Writing EA_523.mseq to 1941AB0
Writing EB_521.mseq to 2F0BE10
Writing BlackBit_RubyKing.bgm to 2F0C800
Writing BlackPit_Bonetail.bgm to 2F0FE60
Writing BlackPit_Ending.bgm to 2F16C90
Writing BlackPit_FinalBattleTheme.bgm to 2F1A210
Writing BlackPit_Maze.bgm to 2F1E8C0
Writing BlackPit_MistarBattle.bgm to 2F1FA80
Writing BlackPits_Theme.bgm to 2F22C40
Writing Dimentios_BattleTheme.bgm to 2F28700
Writing Dimentios_Theme.bgm to 2F29290
Writing HeroesHealed.bgm to 2F2A4B0
Calculating new CRC values...
Wrote new CRCs to ROM (681A01FD 980C6446)
Empty region from 0006B450 to 0006EAC0 (3670 bytes)
Empty region from 00073DA0 to 00073E10 (70 bytes)
Empty region from 00073E2C to 00074EA0 (1074 bytes)
Empty region from 022181FE to 027FEE22 (5E6C24 bytes)
Empty region from 00543570 to 00543570 (0 bytes)
Empty region from 006F0B24 to 006F0B30 (C bytes)
Empty region from 00789828 to 00789E60 (638 bytes)
Empty region from 00712C04 to 00715850 (2C4C bytes)
Empty region from 0079E758 to 0079EF40 (7E8 bytes)
Empty region from 003251D0 to 003251D0 (0 bytes)
Empty region from 01B81DCE to 01B82208 (43A bytes)
Saved config: mod.cfg
Done editing C:\Users\fabia\OneDrive\Star Rod\mods\black pit\out\Paper Mario (U) [!].z64
Mod compilation took 33.06 seconds
Thu Aug 12 18:49:38 PDT 2021
